[2026-03-27T14:06:55.868+0900][0.009s][info][gc,init] CardTable entry size: 512
[2026-03-27T14:06:55.868+0900][0.009s][info][gc     ] Using G1
[2026-03-27T14:06:55.868+0900][0.010s][info][gc,init] Version: 18.0.2.1+1-1 (release)
[2026-03-27T14:06:55.868+0900][0.010s][info][gc,init] CPUs: 8 total, 8 available
[2026-03-27T14:06:55.868+0900][0.010s][info][gc,init] Memory: 16057M
[2026-03-27T14:06:55.868+0900][0.010s][info][gc,init] Large Page Support: Disabled
[2026-03-27T14:06:55.868+0900][0.010s][info][gc,init] NUMA Support: Disabled
[2026-03-27T14:06:55.868+0900][0.010s][info][gc,init] Compressed Oops: Enabled (32-bit)
[2026-03-27T14:06:55.868+0900][0.010s][info][gc,init] Heap Region Size: 1M
[2026-03-27T14:06:55.868+0900][0.010s][info][gc,init] Heap Min Capacity: 256M
[2026-03-27T14:06:55.889+0900][0.020s][info][gc,init] Heap Initial Capacity: 256M
[2026-03-27T14:06:55.889+0900][0.020s][info][gc,init] Heap Max Capacity: 512M
[2026-03-27T14:06:55.889+0900][0.020s][info][gc,init] Pre-touch: Disabled
[2026-03-27T14:06:55.889+0900][0.020s][info][gc,init] Parallel Workers: 8
[2026-03-27T14:06:55.889+0900][0.020s][info][gc,init] Concurrent Workers: 2
[2026-03-27T14:06:55.889+0900][0.020s][info][gc,init] Concurrent Refinement Workers: 8
[2026-03-27T14:06:55.889+0900][0.020s][info][gc,init] Periodic GC: Disabled
[2026-03-27T14:06:55.889+0900][0.021s][info][gc,metaspace] CDS archive(s) mapped at: [0x0000000800000000-0x0000000800ba0000-0x0000000800ba0000), size 12189696, SharedBaseAddress: 0x0000000800000000, ArchiveRelocationMode: 0.
[2026-03-27T14:06:55.889+0900][0.021s][info][gc,metaspace] Compressed class space mapped at: 0x0000000800c00000-0x0000000840c00000, reserved size: 1073741824
[2026-03-27T14:06:55.889+0900][0.021s][info][gc,metaspace] Narrow klass base: 0x0000000800000000, Narrow klass shift: 0, Narrow klass range: 0x100000000
[2026-03-27T14:07:00.915+0900][5.046s][info][gc,start    ] GC(0) Pause Young (Concurrent Start) (G1 Humongous Allocation)
[2026-03-27T14:07:00.915+0900][5.046s][info][gc,task     ] GC(0) Using 6 workers of 8 for evacuation
[2026-03-27T14:07:00.915+0900][5.047s][info][gc,phases   ] GC(0)   Pre Evacuate Collection Set: 0.1ms
[2026-03-27T14:07:00.915+0900][5.047s][info][gc,phases   ] GC(0)   Merge Heap Roots: 0.1ms
[2026-03-27T14:07:00.915+0900][5.047s][info][gc,phases   ] GC(0)   Evacuate Collection Set: 0.4ms
[2026-03-27T14:07:00.915+0900][5.047s][info][gc,phases   ] GC(0)   Post Evacuate Collection Set: 0.6ms
[2026-03-27T14:07:00.915+0900][5.047s][info][gc,phases   ] GC(0)   Other: 0.3ms
[2026-03-27T14:07:00.915+0900][5.047s][info][gc,heap     ] GC(0) Eden regions: 2->0(16)
[2026-03-27T14:07:00.915+0900][5.048s][info][gc,heap     ] GC(0) Survivor regions: 0->1(3)
[2026-03-27T14:07:00.915+0900][5.048s][info][gc,heap     ] GC(0) Old regions: 0->0
[2026-03-27T14:07:00.915+0900][5.048s][info][gc,heap     ] GC(0) Archive regions: 0->0
[2026-03-27T14:07:00.915+0900][5.048s][info][gc,heap     ] GC(0) Humongous regions: 115->34
[2026-03-27T14:07:00.915+0900][5.048s][info][gc,metaspace] GC(0) Metaspace: 166K(384K)->166K(384K) NonClass: 156K(256K)->156K(256K) Class: 9K(128K)->9K(128K)
[2026-03-27T14:07:00.915+0900][5.048s][info][gc          ] GC(0) Pause Young (Concurrent Start) (G1 Humongous Allocation) 116M->34M(256M) 1.777ms
[2026-03-27T14:07:00.915+0900][5.048s][info][gc,cpu      ] GC(0) User=0.00s Sys=0.00s Real=0.00s
[2026-03-27T14:07:00.915+0900][5.048s][info][gc          ] GC(1) Concurrent Undo Cycle
[2026-03-27T14:07:00.915+0900][5.048s][info][gc,marking  ] GC(1) Concurrent Cleanup for Next Mark
[2026-03-27T14:07:00.915+0900][5.048s][info][gc,marking  ] GC(1) Concurrent Cleanup for Next Mark 0.043ms
[2026-03-27T14:07:00.915+0900][5.048s][info][gc          ] GC(1) Concurrent Undo Cycle 0.121ms
[2026-03-27T14:07:04.669+0900][8.799s][info][gc,start    ] GC(2) Pause Young (Concurrent Start) (G1 Humongous Allocation)
[2026-03-27T14:07:04.669+0900][8.800s][info][gc,task     ] GC(2) Using 6 workers of 8 for evacuation
[2026-03-27T14:07:04.669+0900][8.801s][info][gc,phases   ] GC(2)   Pre Evacuate Collection Set: 0.2ms
[2026-03-27T14:07:04.669+0900][8.801s][info][gc,phases   ] GC(2)   Merge Heap Roots: 0.2ms
[2026-03-27T14:07:04.669+0900][8.801s][info][gc,phases   ] GC(2)   Evacuate Collection Set: 0.5ms
[2026-03-27T14:07:04.669+0900][8.801s][info][gc,phases   ] GC(2)   Post Evacuate Collection Set: 0.4ms
[2026-03-27T14:07:04.669+0900][8.801s][info][gc,phases   ] GC(2)   Other: 0.2ms
[2026-03-27T14:07:04.669+0900][8.801s][info][gc,heap     ] GC(2) Eden regions: 1->0(45)
[2026-03-27T14:07:04.669+0900][8.801s][info][gc,heap     ] GC(2) Survivor regions: 1->1(3)
[2026-03-27T14:07:04.669+0900][8.801s][info][gc,heap     ] GC(2) Old regions: 0->0
[2026-03-27T14:07:04.669+0900][8.801s][info][gc,heap     ] GC(2) Archive regions: 0->0
[2026-03-27T14:07:04.669+0900][8.801s][info][gc,heap     ] GC(2) Humongous regions: 115->56
[2026-03-27T14:07:04.669+0900][8.801s][info][gc,metaspace] GC(2) Metaspace: 166K(384K)->166K(384K) NonClass: 156K(256K)->156K(256K) Class: 9K(128K)->9K(128K)
[2026-03-27T14:07:04.669+0900][8.801s][info][gc          ] GC(2) Pause Young (Concurrent Start) (G1 Humongous Allocation) 116M->56M(256M) 1.886ms
[2026-03-27T14:07:04.669+0900][8.801s][info][gc,cpu      ] GC(2) User=0.00s Sys=0.00s Real=0.00s
[2026-03-27T14:07:04.669+0900][8.801s][info][gc          ] GC(3) Concurrent Undo Cycle
[2026-03-27T14:07:04.669+0900][8.801s][info][gc,marking  ] GC(3) Concurrent Cleanup for Next Mark
[2026-03-27T14:07:04.669+0900][8.802s][info][gc,marking  ] GC(3) Concurrent Cleanup for Next Mark 0.100ms
[2026-03-27T14:07:04.669+0900][8.802s][info][gc          ] GC(3) Concurrent Undo Cycle 0.195ms
[2026-03-27T14:07:07.227+0900][11.357s][info][gc,start    ] GC(4) Pause Young (Concurrent Start) (G1 Humongous Allocation)
[2026-03-27T14:07:07.227+0900][11.357s][info][gc,task     ] GC(4) Using 6 workers of 8 for evacuation
[2026-03-27T14:07:07.227+0900][11.358s][info][gc,phases   ] GC(4)   Pre Evacuate Collection Set: 0.1ms
[2026-03-27T14:07:07.227+0900][11.358s][info][gc,phases   ] GC(4)   Merge Heap Roots: 0.0ms
[2026-03-27T14:07:07.227+0900][11.358s][info][gc,phases   ] GC(4)   Evacuate Collection Set: 0.4ms
[2026-03-27T14:07:07.227+0900][11.358s][info][gc,phases   ] GC(4)   Post Evacuate Collection Set: 0.2ms
[2026-03-27T14:07:07.227+0900][11.358s][info][gc,phases   ] GC(4)   Other: 0.1ms
[2026-03-27T14:07:07.227+0900][11.358s][info][gc,heap     ] GC(4) Eden regions: 1->0(88)
[2026-03-27T14:07:07.227+0900][11.358s][info][gc,heap     ] GC(4) Survivor regions: 1->1(6)
[2026-03-27T14:07:07.227+0900][11.358s][info][gc,heap     ] GC(4) Old regions: 0->0
[2026-03-27T14:07:07.227+0900][11.358s][info][gc,heap     ] GC(4) Archive regions: 0->0
[2026-03-27T14:07:07.227+0900][11.358s][info][gc,heap     ] GC(4) Humongous regions: 115->74
[2026-03-27T14:07:07.227+0900][11.358s][info][gc,metaspace] GC(4) Metaspace: 166K(384K)->166K(384K) NonClass: 156K(256K)->156K(256K) Class: 9K(128K)->9K(128K)
[2026-03-27T14:07:07.227+0900][11.358s][info][gc          ] GC(4) Pause Young (Concurrent Start) (G1 Humongous Allocation) 116M->74M(256M) 1.121ms
[2026-03-27T14:07:07.227+0900][11.358s][info][gc,cpu      ] GC(4) User=0.00s Sys=0.00s Real=0.00s
[2026-03-27T14:07:07.227+0900][11.358s][info][gc          ] GC(5) Concurrent Undo Cycle
[2026-03-27T14:07:07.227+0900][11.358s][info][gc,marking  ] GC(5) Concurrent Cleanup for Next Mark
[2026-03-27T14:07:07.227+0900][11.358s][info][gc,marking  ] GC(5) Concurrent Cleanup for Next Mark 0.038ms
[2026-03-27T14:07:07.227+0900][11.358s][info][gc          ] GC(5) Concurrent Undo Cycle 0.211ms
[2026-03-27T14:07:09.117+0900][13.248s][info][gc,start    ] GC(6) Pause Young (Concurrent Start) (G1 Humongous Allocation)
[2026-03-27T14:07:09.117+0900][13.248s][info][gc,task     ] GC(6) Using 6 workers of 8 for evacuation
[2026-03-27T14:07:09.118+0900][13.249s][info][gc,phases   ] GC(6)   Pre Evacuate Collection Set: 0.1ms
[2026-03-27T14:07:09.118+0900][13.249s][info][gc,phases   ] GC(6)   Merge Heap Roots: 0.1ms
[2026-03-27T14:07:09.118+0900][13.249s][info][gc,phases   ] GC(6)   Evacuate Collection Set: 0.3ms
[2026-03-27T14:07:09.118+0900][13.249s][info][gc,phases   ] GC(6)   Post Evacuate Collection Set: 0.2ms
[2026-03-27T14:07:09.118+0900][13.249s][info][gc,phases   ] GC(6)   Other: 0.1ms
[2026-03-27T14:07:09.118+0900][13.249s][info][gc,heap     ] GC(6) Eden regions: 1->0(89)
[2026-03-27T14:07:09.118+0900][13.249s][info][gc,heap     ] GC(6) Survivor regions: 1->1(12)
[2026-03-27T14:07:09.118+0900][13.249s][info][gc,heap     ] GC(6) Old regions: 0->0
[2026-03-27T14:07:09.118+0900][13.249s][info][gc,heap     ] GC(6) Archive regions: 0->0
[2026-03-27T14:07:09.118+0900][13.249s][info][gc,heap     ] GC(6) Humongous regions: 116->86
[2026-03-27T14:07:09.118+0900][13.249s][info][gc,metaspace] GC(6) Metaspace: 166K(384K)->166K(384K) NonClass: 156K(256K)->156K(256K) Class: 9K(128K)->9K(128K)
[2026-03-27T14:07:09.118+0900][13.249s][info][gc          ] GC(6) Pause Young (Concurrent Start) (G1 Humongous Allocation) 117M->86M(256M) 1.195ms
[2026-03-27T14:07:09.118+0900][13.249s][info][gc,cpu      ] GC(6) User=0.00s Sys=0.00s Real=0.00s
[2026-03-27T14:07:09.118+0900][13.249s][info][gc          ] GC(7) Concurrent Undo Cycle
[2026-03-27T14:07:09.118+0900][13.249s][info][gc,marking  ] GC(7) Concurrent Cleanup for Next Mark
[2026-03-27T14:07:09.118+0900][13.249s][info][gc,marking  ] GC(7) Concurrent Cleanup for Next Mark 0.080ms
[2026-03-27T14:07:09.118+0900][13.249s][info][gc          ] GC(7) Concurrent Undo Cycle 0.187ms
[2026-03-27T14:07:10.435+0900][14.565s][info][gc,start    ] GC(8) Pause Young (Concurrent Start) (G1 Humongous Allocation)
[2026-03-27T14:07:10.444+0900][14.574s][info][gc,task     ] GC(8) Using 6 workers of 8 for evacuation
[2026-03-27T14:07:10.444+0900][14.576s][info][gc,phases   ] GC(8)   Pre Evacuate Collection Set: 0.2ms
[2026-03-27T14:07:10.444+0900][14.576s][info][gc,phases   ] GC(8)   Merge Heap Roots: 0.2ms
[2026-03-27T14:07:10.444+0900][14.576s][info][gc,phases   ] GC(8)   Evacuate Collection Set: 0.4ms
[2026-03-27T14:07:10.444+0900][14.576s][info][gc,phases   ] GC(8)   Post Evacuate Collection Set: 0.6ms
[2026-03-27T14:07:10.444+0900][14.576s][info][gc,phases   ] GC(8)   Other: 0.2ms
[2026-03-27T14:07:10.444+0900][14.576s][info][gc,heap     ] GC(8) Eden regions: 1->0(92)
[2026-03-27T14:07:10.444+0900][14.576s][info][gc,heap     ] GC(8) Survivor regions: 1->1(12)
[2026-03-27T14:07:10.444+0900][14.576s][info][gc,heap     ] GC(8) Old regions: 0->0
[2026-03-27T14:07:10.444+0900][14.576s][info][gc,heap     ] GC(8) Archive regions: 0->0
[2026-03-27T14:07:10.444+0900][14.576s][info][gc,heap     ] GC(8) Humongous regions: 115->94
[2026-03-27T14:07:10.444+0900][14.576s][info][gc,metaspace] GC(8) Metaspace: 166K(384K)->166K(384K) NonClass: 156K(256K)->156K(256K) Class: 9K(128K)->9K(128K)
[2026-03-27T14:07:10.444+0900][14.576s][info][gc          ] GC(8) Pause Young (Concurrent Start) (G1 Humongous Allocation) 116M->94M(256M) 10.987ms
[2026-03-27T14:07:10.444+0900][14.576s][info][gc,cpu      ] GC(8) User=0.00s Sys=0.00s Real=0.01s
[2026-03-27T14:07:10.444+0900][14.576s][info][gc          ] GC(9) Concurrent Undo Cycle
[2026-03-27T14:07:10.444+0900][14.576s][info][gc,marking  ] GC(9) Concurrent Cleanup for Next Mark
[2026-03-27T14:07:10.444+0900][14.576s][info][gc,marking  ] GC(9) Concurrent Cleanup for Next Mark 0.034ms
[2026-03-27T14:07:10.444+0900][14.576s][info][gc          ] GC(9) Concurrent Undo Cycle 0.133ms
[2026-03-27T14:07:11.391+0900][15.521s][info][gc,start    ] GC(10) Pause Young (Concurrent Start) (G1 Humongous Allocation)
[2026-03-27T14:07:11.391+0900][15.522s][info][gc,task     ] GC(10) Using 6 workers of 8 for evacuation
[2026-03-27T14:07:11.391+0900][15.524s][info][gc,phases   ] GC(10)   Pre Evacuate Collection Set: 0.2ms
[2026-03-27T14:07:11.391+0900][15.524s][info][gc,phases   ] GC(10)   Merge Heap Roots: 0.2ms
[2026-03-27T14:07:11.391+0900][15.525s][info][gc,phases   ] GC(10)   Evacuate Collection Set: 1.0ms
[2026-03-27T14:07:11.391+0900][15.525s][info][gc,phases   ] GC(10)   Post Evacuate Collection Set: 1.0ms
[2026-03-27T14:07:11.391+0900][15.525s][info][gc,phases   ] GC(10)   Other: 0.3ms
[2026-03-27T14:07:11.391+0900][15.525s][info][gc,heap     ] GC(10) Eden regions: 1->0(94)
[2026-03-27T14:07:11.391+0900][15.525s][info][gc,heap     ] GC(10) Survivor regions: 1->1(12)
[2026-03-27T14:07:11.391+0900][15.525s][info][gc,heap     ] GC(10) Old regions: 0->0
[2026-03-27T14:07:11.391+0900][15.525s][info][gc,heap     ] GC(10) Archive regions: 0->0
[2026-03-27T14:07:11.391+0900][15.525s][info][gc,heap     ] GC(10) Humongous regions: 115->100
[2026-03-27T14:07:11.391+0900][15.525s][info][gc,metaspace] GC(10) Metaspace: 166K(384K)->166K(384K) NonClass: 156K(256K)->156K(256K) Class: 9K(128K)->9K(128K)
[2026-03-27T14:07:11.391+0900][15.525s][info][gc          ] GC(10) Pause Young (Concurrent Start) (G1 Humongous Allocation) 116M->100M(256M) 3.458ms
[2026-03-27T14:07:11.391+0900][15.525s][info][gc,cpu      ] GC(10) User=0.00s Sys=0.00s Real=0.00s
[2026-03-27T14:07:11.391+0900][15.525s][info][gc          ] GC(11) Concurrent Undo Cycle
[2026-03-27T14:07:11.391+0900][15.525s][info][gc,marking  ] GC(11) Concurrent Cleanup for Next Mark
[2026-03-27T14:07:11.391+0900][15.525s][info][gc,marking  ] GC(11) Concurrent Cleanup for Next Mark 0.231ms
[2026-03-27T14:07:11.391+0900][15.526s][info][gc          ] GC(11) Concurrent Undo Cycle 0.463ms
[2026-03-27T14:07:12.097+0900][16.227s][info][gc,start    ] GC(12) Pause Young (Concurrent Start) (G1 Humongous Allocation)
[2026-03-27T14:07:12.097+0900][16.227s][info][gc,task     ] GC(12) Using 6 workers of 8 for evacuation
[2026-03-27T14:07:12.097+0900][16.228s][info][gc,phases   ] GC(12)   Pre Evacuate Collection Set: 0.1ms
[2026-03-27T14:07:12.097+0900][16.228s][info][gc,phases   ] GC(12)   Merge Heap Roots: 0.1ms
[2026-03-27T14:07:12.097+0900][16.228s][info][gc,phases   ] GC(12)   Evacuate Collection Set: 0.4ms
[2026-03-27T14:07:12.097+0900][16.228s][info][gc,phases   ] GC(12)   Post Evacuate Collection Set: 0.5ms
[2026-03-27T14:07:12.097+0900][16.228s][info][gc,phases   ] GC(12)   Other: 0.1ms
[2026-03-27T14:07:12.097+0900][16.228s][info][gc,heap     ] GC(12) Eden regions: 1->0(97)
[2026-03-27T14:07:12.097+0900][16.228s][info][gc,heap     ] GC(12) Survivor regions: 1->1(12)
[2026-03-27T14:07:12.097+0900][16.228s][info][gc,heap     ] GC(12) Old regions: 0->0
[2026-03-27T14:07:12.097+0900][16.228s][info][gc,heap     ] GC(12) Archive regions: 0->0
[2026-03-27T14:07:12.097+0900][16.228s][info][gc,heap     ] GC(12) Humongous regions: 115->104
[2026-03-27T14:07:12.097+0900][16.228s][info][gc,metaspace] GC(12) Metaspace: 166K(384K)->166K(384K) NonClass: 157K(256K)->157K(256K) Class: 9K(128K)->9K(128K)
[2026-03-27T14:07:12.097+0900][16.228s][info][gc          ] GC(12) Pause Young (Concurrent Start) (G1 Humongous Allocation) 116M->104M(256M) 1.626ms
[2026-03-27T14:07:12.097+0900][16.229s][info][gc,cpu      ] GC(12) User=0.08s Sys=0.00s Real=0.00s
[2026-03-27T14:07:12.097+0900][16.229s][info][gc          ] GC(13) Concurrent Undo Cycle
[2026-03-27T14:07:12.097+0900][16.229s][info][gc,marking  ] GC(13) Concurrent Cleanup for Next Mark
[2026-03-27T14:07:12.097+0900][16.229s][info][gc,marking  ] GC(13) Concurrent Cleanup for Next Mark 0.150ms
[2026-03-27T14:07:12.097+0900][16.229s][info][gc          ] GC(13) Concurrent Undo Cycle 0.303ms
[2026-03-27T14:07:12.609+0900][16.740s][info][gc,start    ] GC(14) Pause Young (Concurrent Start) (G1 Humongous Allocation)
[2026-03-27T14:07:12.609+0900][16.740s][info][gc,task     ] GC(14) Using 6 workers of 8 for evacuation
[2026-03-27T14:07:12.610+0900][16.741s][info][gc,phases   ] GC(14)   Pre Evacuate Collection Set: 0.1ms
[2026-03-27T14:07:12.610+0900][16.741s][info][gc,phases   ] GC(14)   Merge Heap Roots: 0.0ms
[2026-03-27T14:07:12.610+0900][16.741s][info][gc,phases   ] GC(14)   Evacuate Collection Set: 0.4ms
[2026-03-27T14:07:12.610+0900][16.741s][info][gc,phases   ] GC(14)   Post Evacuate Collection Set: 0.2ms
[2026-03-27T14:07:12.610+0900][16.741s][info][gc,phases   ] GC(14)   Other: 0.1ms
[2026-03-27T14:07:12.610+0900][16.741s][info][gc,heap     ] GC(14) Eden regions: 1->0(98)
[2026-03-27T14:07:12.610+0900][16.741s][info][gc,heap     ] GC(14) Survivor regions: 1->1(13)
[2026-03-27T14:07:12.610+0900][16.741s][info][gc,heap     ] GC(14) Old regions: 0->0
[2026-03-27T14:07:12.610+0900][16.741s][info][gc,heap     ] GC(14) Archive regions: 0->0
[2026-03-27T14:07:12.610+0900][16.741s][info][gc,heap     ] GC(14) Humongous regions: 116->108
[2026-03-27T14:07:12.610+0900][16.741s][info][gc,metaspace] GC(14) Metaspace: 166K(384K)->166K(384K) NonClass: 157K(256K)->157K(256K) Class: 9K(128K)->9K(128K)
[2026-03-27T14:07:12.610+0900][16.741s][info][gc          ] GC(14) Pause Young (Concurrent Start) (G1 Humongous Allocation) 117M->108M(256M) 1.243ms
[2026-03-27T14:07:12.610+0900][16.741s][info][gc,cpu      ] GC(14) User=0.00s Sys=0.00s Real=0.00s
[2026-03-27T14:07:12.610+0900][16.741s][info][gc          ] GC(15) Concurrent Undo Cycle
[2026-03-27T14:07:12.610+0900][16.741s][info][gc,marking  ] GC(15) Concurrent Cleanup for Next Mark
[2026-03-27T14:07:12.610+0900][16.741s][info][gc,marking  ] GC(15) Concurrent Cleanup for Next Mark 0.051ms
[2026-03-27T14:07:12.610+0900][16.741s][info][gc          ] GC(15) Concurrent Undo Cycle 0.148ms
[2026-03-27T14:07:12.929+0900][17.060s][info][gc,start    ] GC(16) Pause Young (Concurrent Start) (G1 Humongous Allocation)
[2026-03-27T14:07:12.929+0900][17.060s][info][gc,task     ] GC(16) Using 6 workers of 8 for evacuation
[2026-03-27T14:07:12.929+0900][17.061s][info][gc,phases   ] GC(16)   Pre Evacuate Collection Set: 0.1ms
[2026-03-27T14:07:12.929+0900][17.061s][info][gc,phases   ] GC(16)   Merge Heap Roots: 0.1ms
[2026-03-27T14:07:12.929+0900][17.061s][info][gc,phases   ] GC(16)   Evacuate Collection Set: 0.3ms
[2026-03-27T14:07:12.929+0900][17.061s][info][gc,phases   ] GC(16)   Post Evacuate Collection Set: 0.3ms
[2026-03-27T14:07:12.929+0900][17.061s][info][gc,phases   ] GC(16)   Other: 0.1ms
[2026-03-27T14:07:12.929+0900][17.061s][info][gc,heap     ] GC(16) Eden regions: 1->0(101)
[2026-03-27T14:07:12.929+0900][17.061s][info][gc,heap     ] GC(16) Survivor regions: 1->1(13)
[2026-03-27T14:07:12.929+0900][17.061s][info][gc,heap     ] GC(16) Old regions: 0->0
[2026-03-27T14:07:12.929+0900][17.061s][info][gc,heap     ] GC(16) Archive regions: 0->0
[2026-03-27T14:07:12.929+0900][17.061s][info][gc,heap     ] GC(16) Humongous regions: 115->110
[2026-03-27T14:07:12.929+0900][17.061s][info][gc,metaspace] GC(16) Metaspace: 166K(384K)->166K(384K) NonClass: 157K(256K)->157K(256K) Class: 9K(128K)->9K(128K)
[2026-03-27T14:07:12.929+0900][17.061s][info][gc          ] GC(16) Pause Young (Concurrent Start) (G1 Humongous Allocation) 116M->110M(256M) 1.210ms
[2026-03-27T14:07:12.929+0900][17.061s][info][gc,cpu      ] GC(16) User=0.00s Sys=0.00s Real=0.00s
[2026-03-27T14:07:12.929+0900][17.061s][info][gc          ] GC(17) Concurrent Undo Cycle
[2026-03-27T14:07:12.929+0900][17.061s][info][gc,marking  ] GC(17) Concurrent Cleanup for Next Mark
[2026-03-27T14:07:12.929+0900][17.061s][info][gc,marking  ] GC(17) Concurrent Cleanup for Next Mark 0.053ms
[2026-03-27T14:07:12.929+0900][17.061s][info][gc          ] GC(17) Concurrent Undo Cycle 0.190ms
[2026-03-27T14:07:13.184+0900][17.314s][info][gc,start    ] GC(18) Pause Young (Concurrent Start) (G1 Humongous Allocation)
[2026-03-27T14:07:13.184+0900][17.314s][info][gc,task     ] GC(18) Using 6 workers of 8 for evacuation
[2026-03-27T14:07:13.184+0900][17.315s][info][gc,phases   ] GC(18)   Pre Evacuate Collection Set: 0.1ms
[2026-03-27T14:07:13.184+0900][17.315s][info][gc,phases   ] GC(18)   Merge Heap Roots: 0.1ms
[2026-03-27T14:07:13.184+0900][17.315s][info][gc,phases   ] GC(18)   Evacuate Collection Set: 0.5ms
[2026-03-27T14:07:13.184+0900][17.315s][info][gc,phases   ] GC(18)   Post Evacuate Collection Set: 0.2ms
[2026-03-27T14:07:13.184+0900][17.315s][info][gc,phases   ] GC(18)   Other: 0.1ms
[2026-03-27T14:07:13.184+0900][17.315s][info][gc,heap     ] GC(18) Eden regions: 1->0(103)
[2026-03-27T14:07:13.184+0900][17.315s][info][gc,heap     ] GC(18) Survivor regions: 1->1(13)
[2026-03-27T14:07:13.184+0900][17.316s][info][gc,heap     ] GC(18) Old regions: 0->0
[2026-03-27T14:07:13.184+0900][17.316s][info][gc,heap     ] GC(18) Archive regions: 0->0
[2026-03-27T14:07:13.184+0900][17.316s][info][gc,heap     ] GC(18) Humongous regions: 115->111
[2026-03-27T14:07:13.184+0900][17.316s][info][gc,metaspace] GC(18) Metaspace: 166K(384K)->166K(384K) NonClass: 157K(256K)->157K(256K) Class: 9K(128K)->9K(128K)
[2026-03-27T14:07:13.184+0900][17.316s][info][gc          ] GC(18) Pause Young (Concurrent Start) (G1 Humongous Allocation) 116M->111M(256M) 1.377ms
[2026-03-27T14:07:13.184+0900][17.316s][info][gc,cpu      ] GC(18) User=0.00s Sys=0.00s Real=0.00s
[2026-03-27T14:07:13.184+0900][17.316s][info][gc          ] GC(19) Concurrent Undo Cycle
[2026-03-27T14:07:13.184+0900][17.316s][info][gc,marking  ] GC(19) Concurrent Cleanup for Next Mark
[2026-03-27T14:07:13.184+0900][17.316s][info][gc,marking  ] GC(19) Concurrent Cleanup for Next Mark 0.052ms
[2026-03-27T14:07:13.184+0900][17.316s][info][gc          ] GC(19) Concurrent Undo Cycle 0.139ms
[2026-03-27T14:07:13.376+0900][17.507s][info][gc,start    ] GC(20) Pause Young (Concurrent Start) (G1 Humongous Allocation)
[2026-03-27T14:07:13.376+0900][17.507s][info][gc,task     ] GC(20) Using 6 workers of 8 for evacuation
[2026-03-27T14:07:13.376+0900][17.509s][info][gc,phases   ] GC(20)   Pre Evacuate Collection Set: 0.2ms
[2026-03-27T14:07:13.376+0900][17.509s][info][gc,phases   ] GC(20)   Merge Heap Roots: 0.1ms
[2026-03-27T14:07:13.376+0900][17.509s][info][gc,phases   ] GC(20)   Evacuate Collection Set: 0.9ms
[2026-03-27T14:07:13.376+0900][17.509s][info][gc,phases   ] GC(20)   Post Evacuate Collection Set: 0.9ms
[2026-03-27T14:07:13.376+0900][17.509s][info][gc,phases   ] GC(20)   Other: 0.3ms
[2026-03-27T14:07:13.376+0900][17.509s][info][gc,heap     ] GC(20) Eden regions: 1->0(105)
[2026-03-27T14:07:13.376+0900][17.509s][info][gc,heap     ] GC(20) Survivor regions: 1->1(13)
[2026-03-27T14:07:13.376+0900][17.509s][info][gc,heap     ] GC(20) Old regions: 0->0
[2026-03-27T14:07:13.376+0900][17.510s][info][gc,heap     ] GC(20) Archive regions: 0->0
[2026-03-27T14:07:13.376+0900][17.510s][info][gc,heap     ] GC(20) Humongous regions: 115->112
[2026-03-27T14:07:13.376+0900][17.510s][info][gc,metaspace] GC(20) Metaspace: 166K(384K)->166K(384K) NonClass: 157K(256K)->157K(256K) Class: 9K(128K)->9K(128K)
[2026-03-27T14:07:13.376+0900][17.510s][info][gc          ] GC(20) Pause Young (Concurrent Start) (G1 Humongous Allocation) 116M->112M(256M) 3.127ms
[2026-03-27T14:07:13.376+0900][17.510s][info][gc,cpu      ] GC(20) User=0.02s Sys=0.00s Real=0.00s
[2026-03-27T14:07:13.376+0900][17.510s][info][gc          ] GC(21) Concurrent Undo Cycle
[2026-03-27T14:07:13.376+0900][17.510s][info][gc,marking  ] GC(21) Concurrent Cleanup for Next Mark
[2026-03-27T14:07:13.376+0900][17.510s][info][gc,marking  ] GC(21) Concurrent Cleanup for Next Mark 0.245ms
[2026-03-27T14:07:13.376+0900][17.510s][info][gc          ] GC(21) Concurrent Undo Cycle 0.513ms
[2026-03-27T14:07:13.504+0900][17.634s][info][gc,start    ] GC(22) Pause Young (Concurrent Start) (G1 Humongous Allocation)
[2026-03-27T14:07:13.504+0900][17.634s][info][gc,task     ] GC(22) Using 6 workers of 8 for evacuation
[2026-03-27T14:07:13.504+0900][17.636s][info][gc,phases   ] GC(22)   Pre Evacuate Collection Set: 0.2ms
[2026-03-27T14:07:13.504+0900][17.636s][info][gc,phases   ] GC(22)   Merge Heap Roots: 0.1ms
[2026-03-27T14:07:13.504+0900][17.636s][info][gc,phases   ] GC(22)   Evacuate Collection Set: 0.3ms
[2026-03-27T14:07:13.504+0900][17.636s][info][gc,phases   ] GC(22)   Post Evacuate Collection Set: 0.5ms
[2026-03-27T14:07:13.504+0900][17.636s][info][gc,phases   ] GC(22)   Other: 0.2ms
[2026-03-27T14:07:13.504+0900][17.636s][info][gc,heap     ] GC(22) Eden regions: 1->0(106)
[2026-03-27T14:07:13.504+0900][17.636s][info][gc,heap     ] GC(22) Survivor regions: 1->1(14)
[2026-03-27T14:07:13.504+0900][17.636s][info][gc,heap     ] GC(22) Old regions: 0->0
[2026-03-27T14:07:13.504+0900][17.636s][info][gc,heap     ] GC(22) Archive regions: 0->0
[2026-03-27T14:07:13.504+0900][17.636s][info][gc,heap     ] GC(22) Humongous regions: 115->113
[2026-03-27T14:07:13.504+0900][17.636s][info][gc,metaspace] GC(22) Metaspace: 166K(384K)->166K(384K) NonClass: 157K(256K)->157K(256K) Class: 9K(128K)->9K(128K)
[2026-03-27T14:07:13.504+0900][17.636s][info][gc          ] GC(22) Pause Young (Concurrent Start) (G1 Humongous Allocation) 116M->113M(256M) 1.633ms
[2026-03-27T14:07:13.504+0900][17.636s][info][gc,cpu      ] GC(22) User=0.00s Sys=0.00s Real=0.00s
[2026-03-27T14:07:13.504+0900][17.636s][info][gc          ] GC(23) Concurrent Undo Cycle
[2026-03-27T14:07:13.504+0900][17.636s][info][gc,marking  ] GC(23) Concurrent Cleanup for Next Mark
[2026-03-27T14:07:13.504+0900][17.636s][info][gc,marking  ] GC(23) Concurrent Cleanup for Next Mark 0.121ms
[2026-03-27T14:07:13.504+0900][17.636s][info][gc          ] GC(23) Concurrent Undo Cycle 0.229ms
[2026-03-27T14:07:13.567+0900][17.698s][info][gc,start    ] GC(24) Pause Young (Concurrent Start) (G1 Humongous Allocation)
[2026-03-27T14:07:13.567+0900][17.698s][info][gc,task     ] GC(24) Using 6 workers of 8 for evacuation
[2026-03-27T14:07:13.567+0900][17.698s][info][gc,phases   ] GC(24)   Pre Evacuate Collection Set: 0.1ms
[2026-03-27T14:07:13.567+0900][17.698s][info][gc,phases   ] GC(24)   Merge Heap Roots: 0.0ms
[2026-03-27T14:07:13.567+0900][17.698s][info][gc,phases   ] GC(24)   Evacuate Collection Set: 0.3ms
[2026-03-27T14:07:13.567+0900][17.698s][info][gc,phases   ] GC(24)   Post Evacuate Collection Set: 0.1ms
[2026-03-27T14:07:13.567+0900][17.698s][info][gc,phases   ] GC(24)   Other: 0.1ms
[2026-03-27T14:07:13.567+0900][17.698s][info][gc,heap     ] GC(24) Eden regions: 1->0(107)
[2026-03-27T14:07:13.567+0900][17.698s][info][gc,heap     ] GC(24) Survivor regions: 1->1(14)
[2026-03-27T14:07:13.567+0900][17.698s][info][gc,heap     ] GC(24) Old regions: 0->0
[2026-03-27T14:07:13.567+0900][17.698s][info][gc,heap     ] GC(24) Archive regions: 0->0
[2026-03-27T14:07:13.567+0900][17.698s][info][gc,heap     ] GC(24) Humongous regions: 115->114
[2026-03-27T14:07:13.567+0900][17.699s][info][gc,metaspace] GC(24) Metaspace: 166K(384K)->166K(384K) NonClass: 157K(256K)->157K(256K) Class: 9K(128K)->9K(128K)
[2026-03-27T14:07:13.567+0900][17.699s][info][gc          ] GC(24) Pause Young (Concurrent Start) (G1 Humongous Allocation) 116M->114M(256M) 0.859ms
[2026-03-27T14:07:13.567+0900][17.699s][info][gc,cpu      ] GC(24) User=0.00s Sys=0.00s Real=0.00s
[2026-03-27T14:07:13.567+0900][17.699s][info][gc          ] GC(25) Concurrent Undo Cycle
[2026-03-27T14:07:13.567+0900][17.699s][info][gc,marking  ] GC(25) Concurrent Cleanup for Next Mark
[2026-03-27T14:07:13.567+0900][17.699s][info][gc,marking  ] GC(25) Concurrent Cleanup for Next Mark 0.042ms
[2026-03-27T14:07:13.567+0900][17.699s][info][gc          ] GC(25) Concurrent Undo Cycle 0.154ms
[2026-03-27T14:07:13.631+0900][17.761s][info][gc,start    ] GC(26) Pause Young (Concurrent Start) (G1 Humongous Allocation)
[2026-03-27T14:07:13.631+0900][17.761s][info][gc,task     ] GC(26) Using 6 workers of 8 for evacuation
[2026-03-27T14:07:13.631+0900][17.762s][info][gc,phases   ] GC(26)   Pre Evacuate Collection Set: 0.1ms
[2026-03-27T14:07:13.631+0900][17.762s][info][gc,phases   ] GC(26)   Merge Heap Roots: 0.0ms
[2026-03-27T14:07:13.631+0900][17.762s][info][gc,phases   ] GC(26)   Evacuate Collection Set: 0.3ms
[2026-03-27T14:07:13.631+0900][17.762s][info][gc,phases   ] GC(26)   Post Evacuate Collection Set: 0.2ms
[2026-03-27T14:07:13.631+0900][17.762s][info][gc,phases   ] GC(26)   Other: 0.1ms
[2026-03-27T14:07:13.631+0900][17.762s][info][gc,heap     ] GC(26) Eden regions: 1->0(108)
[2026-03-27T14:07:13.631+0900][17.762s][info][gc,heap     ] GC(26) Survivor regions: 1->1(14)
[2026-03-27T14:07:13.631+0900][17.762s][info][gc,heap     ] GC(26) Old regions: 0->0
[2026-03-27T14:07:13.631+0900][17.762s][info][gc,heap     ] GC(26) Archive regions: 0->0
[2026-03-27T14:07:13.631+0900][17.762s][info][gc,heap     ] GC(26) Humongous regions: 115->114
[2026-03-27T14:07:13.631+0900][17.762s][info][gc,metaspace] GC(26) Metaspace: 166K(384K)->166K(384K) NonClass: 157K(256K)->157K(256K) Class: 9K(128K)->9K(128K)
[2026-03-27T14:07:13.631+0900][17.762s][info][gc          ] GC(26) Pause Young (Concurrent Start) (G1 Humongous Allocation) 116M->114M(256M) 0.966ms
[2026-03-27T14:07:13.631+0900][17.762s][info][gc,cpu      ] GC(26) User=0.00s Sys=0.00s Real=0.00s
[2026-03-27T14:07:13.631+0900][17.762s][info][gc          ] GC(27) Concurrent Undo Cycle
[2026-03-27T14:07:13.631+0900][17.762s][info][gc,marking  ] GC(27) Concurrent Cleanup for Next Mark
[2026-03-27T14:07:13.631+0900][17.762s][info][gc,marking  ] GC(27) Concurrent Cleanup for Next Mark 0.046ms
[2026-03-27T14:07:13.631+0900][17.762s][info][gc          ] GC(27) Concurrent Undo Cycle 0.136ms
[2026-03-27T14:07:13.694+0900][17.824s][info][gc,start    ] GC(28) Pause Young (Concurrent Start) (G1 Humongous Allocation)
[2026-03-27T14:07:13.694+0900][17.824s][info][gc,task     ] GC(28) Using 6 workers of 8 for evacuation
[2026-03-27T14:07:13.694+0900][17.825s][info][gc,phases   ] GC(28)   Pre Evacuate Collection Set: 0.1ms
[2026-03-27T14:07:13.694+0900][17.825s][info][gc,phases   ] GC(28)   Merge Heap Roots: 0.0ms
[2026-03-27T14:07:13.694+0900][17.825s][info][gc,phases   ] GC(28)   Evacuate Collection Set: 0.3ms
[2026-03-27T14:07:13.694+0900][17.825s][info][gc,phases   ] GC(28)   Post Evacuate Collection Set: 0.1ms
[2026-03-27T14:07:13.694+0900][17.825s][info][gc,phases   ] GC(28)   Other: 0.1ms
[2026-03-27T14:07:13.694+0900][17.825s][info][gc,heap     ] GC(28) Eden regions: 1->0(109)
[2026-03-27T14:07:13.694+0900][17.825s][info][gc,heap     ] GC(28) Survivor regions: 1->1(14)
[2026-03-27T14:07:13.694+0900][17.825s][info][gc,heap     ] GC(28) Old regions: 0->0
[2026-03-27T14:07:13.694+0900][17.825s][info][gc,heap     ] GC(28) Archive regions: 0->0
[2026-03-27T14:07:13.694+0900][17.825s][info][gc,heap     ] GC(28) Humongous regions: 115->114
[2026-03-27T14:07:13.694+0900][17.825s][info][gc,metaspace] GC(28) Metaspace: 166K(384K)->166K(384K) NonClass: 157K(256K)->157K(256K) Class: 9K(128K)->9K(128K)
[2026-03-27T14:07:13.694+0900][17.825s][info][gc          ] GC(28) Pause Young (Concurrent Start) (G1 Humongous Allocation) 116M->114M(256M) 0.907ms
[2026-03-27T14:07:13.694+0900][17.825s][info][gc,cpu      ] GC(28) User=0.00s Sys=0.00s Real=0.00s
[2026-03-27T14:07:13.694+0900][17.825s][info][gc          ] GC(29) Concurrent Undo Cycle
[2026-03-27T14:07:13.694+0900][17.825s][info][gc,marking  ] GC(29) Concurrent Cleanup for Next Mark
[2026-03-27T14:07:13.694+0900][17.825s][info][gc,marking  ] GC(29) Concurrent Cleanup for Next Mark 0.038ms
[2026-03-27T14:07:13.694+0900][17.825s][info][gc          ] GC(29) Concurrent Undo Cycle 0.125ms
[2026-03-27T14:07:13.758+0900][17.888s][info][gc,start    ] GC(30) Pause Young (Concurrent Start) (G1 Humongous Allocation)
[2026-03-27T14:07:13.758+0900][17.888s][info][gc,task     ] GC(30) Using 6 workers of 8 for evacuation
[2026-03-27T14:07:13.758+0900][17.890s][info][gc,phases   ] GC(30)   Pre Evacuate Collection Set: 0.1ms
[2026-03-27T14:07:13.758+0900][17.890s][info][gc,phases   ] GC(30)   Merge Heap Roots: 0.1ms
[2026-03-27T14:07:13.758+0900][17.890s][info][gc,phases   ] GC(30)   Evacuate Collection Set: 0.5ms
[2026-03-27T14:07:13.758+0900][17.890s][info][gc,phases   ] GC(30)   Post Evacuate Collection Set: 0.6ms
[2026-03-27T14:07:13.758+0900][17.890s][info][gc,phases   ] GC(30)   Other: 0.2ms
[2026-03-27T14:07:13.758+0900][17.890s][info][gc,heap     ] GC(30) Eden regions: 1->0(109)
[2026-03-27T14:07:13.758+0900][17.890s][info][gc,heap     ] GC(30) Survivor regions: 1->1(14)
[2026-03-27T14:07:13.758+0900][17.890s][info][gc,heap     ] GC(30) Old regions: 0->1
[2026-03-27T14:07:13.758+0900][17.890s][info][gc,heap     ] GC(30) Archive regions: 0->0
[2026-03-27T14:07:13.758+0900][17.890s][info][gc,heap     ] GC(30) Humongous regions: 115->114
[2026-03-27T14:07:13.758+0900][17.890s][info][gc,metaspace] GC(30) Metaspace: 166K(384K)->166K(384K) NonClass: 157K(256K)->157K(256K) Class: 9K(128K)->9K(128K)
[2026-03-27T14:07:13.758+0900][17.890s][info][gc          ] GC(30) Pause Young (Concurrent Start) (G1 Humongous Allocation) 116M->114M(256M) 1.936ms
[2026-03-27T14:07:13.758+0900][17.890s][info][gc,cpu      ] GC(30) User=0.00s Sys=0.00s Real=0.00s
[2026-03-27T14:07:13.758+0900][17.890s][info][gc          ] GC(31) Concurrent Undo Cycle
[2026-03-27T14:07:13.758+0900][17.890s][info][gc,marking  ] GC(31) Concurrent Cleanup for Next Mark
[2026-03-27T14:07:13.758+0900][17.890s][info][gc,marking  ] GC(31) Concurrent Cleanup for Next Mark 0.081ms
[2026-03-27T14:07:13.758+0900][17.890s][info][gc          ] GC(31) Concurrent Undo Cycle 0.223ms
[2026-03-27T14:07:13.822+0900][17.952s][info][gc,start    ] GC(32) Pause Young (Concurrent Start) (G1 Humongous Allocation)
[2026-03-27T14:07:13.822+0900][17.952s][info][gc,task     ] GC(32) Using 6 workers of 8 for evacuation
[2026-03-27T14:07:13.822+0900][17.953s][info][gc,phases   ] GC(32)   Pre Evacuate Collection Set: 0.1ms
[2026-03-27T14:07:13.822+0900][17.953s][info][gc,phases   ] GC(32)   Merge Heap Roots: 0.1ms
[2026-03-27T14:07:13.822+0900][17.953s][info][gc,phases   ] GC(32)   Evacuate Collection Set: 0.1ms
[2026-03-27T14:07:13.822+0900][17.953s][info][gc,phases   ] GC(32)   Post Evacuate Collection Set: 0.2ms
[2026-03-27T14:07:13.822+0900][17.953s][info][gc,phases   ] GC(32)   Other: 0.1ms
[2026-03-27T14:07:13.822+0900][17.953s][info][gc,heap     ] GC(32) Eden regions: 1->0(110)
[2026-03-27T14:07:13.822+0900][17.953s][info][gc,heap     ] GC(32) Survivor regions: 1->1(14)
[2026-03-27T14:07:13.822+0900][17.953s][info][gc,heap     ] GC(32) Old regions: 1->1
[2026-03-27T14:07:13.822+0900][17.953s][info][gc,heap     ] GC(32) Archive regions: 0->0
[2026-03-27T14:07:13.822+0900][17.953s][info][gc,heap     ] GC(32) Humongous regions: 115->114
[2026-03-27T14:07:13.822+0900][17.953s][info][gc,metaspace] GC(32) Metaspace: 166K(384K)->166K(384K) NonClass: 157K(256K)->157K(256K) Class: 9K(128K)->9K(128K)
[2026-03-27T14:07:13.822+0900][17.953s][info][gc          ] GC(32) Pause Young (Concurrent Start) (G1 Humongous Allocation) 116M->114M(256M) 0.936ms
[2026-03-27T14:07:13.822+0900][17.953s][info][gc,cpu      ] GC(32) User=0.00s Sys=0.00s Real=0.00s
[2026-03-27T14:07:13.822+0900][17.953s][info][gc          ] GC(33) Concurrent Undo Cycle
[2026-03-27T14:07:13.822+0900][17.953s][info][gc,marking  ] GC(33) Concurrent Cleanup for Next Mark
[2026-03-27T14:07:13.822+0900][17.953s][info][gc,marking  ] GC(33) Concurrent Cleanup for Next Mark 0.056ms
[2026-03-27T14:07:13.822+0900][17.953s][info][gc          ] GC(33) Concurrent Undo Cycle 0.162ms
[2026-03-27T14:07:13.887+0900][18.017s][info][gc,start    ] GC(34) Pause Young (Concurrent Start) (G1 Humongous Allocation)
[2026-03-27T14:07:13.887+0900][18.017s][info][gc,task     ] GC(34) Using 6 workers of 8 for evacuation
[2026-03-27T14:07:13.887+0900][18.017s][info][gc,phases   ] GC(34)   Pre Evacuate Collection Set: 0.1ms
[2026-03-27T14:07:13.887+0900][18.018s][info][gc,phases   ] GC(34)   Merge Heap Roots: 0.0ms
[2026-03-27T14:07:13.887+0900][18.018s][info][gc,phases   ] GC(34)   Evacuate Collection Set: 0.1ms
[2026-03-27T14:07:13.887+0900][18.018s][info][gc,phases   ] GC(34)   Post Evacuate Collection Set: 0.2ms
[2026-03-27T14:07:13.887+0900][18.018s][info][gc,phases   ] GC(34)   Other: 0.1ms
[2026-03-27T14:07:13.887+0900][18.018s][info][gc,heap     ] GC(34) Eden regions: 1->0(109)
[2026-03-27T14:07:13.887+0900][18.018s][info][gc,heap     ] GC(34) Survivor regions: 1->1(14)
[2026-03-27T14:07:13.887+0900][18.018s][info][gc,heap     ] GC(34) Old regions: 1->1
[2026-03-27T14:07:13.887+0900][18.018s][info][gc,heap     ] GC(34) Archive regions: 0->0
[2026-03-27T14:07:13.887+0900][18.018s][info][gc,heap     ] GC(34) Humongous regions: 117->116
[2026-03-27T14:07:13.887+0900][18.018s][info][gc,metaspace] GC(34) Metaspace: 166K(384K)->166K(384K) NonClass: 157K(256K)->157K(256K) Class: 9K(128K)->9K(128K)
[2026-03-27T14:07:13.887+0900][18.018s][info][gc          ] GC(34) Pause Young (Concurrent Start) (G1 Humongous Allocation) 118M->116M(256M) 0.811ms
[2026-03-27T14:07:13.887+0900][18.018s][info][gc,cpu      ] GC(34) User=0.00s Sys=0.00s Real=0.00s
[2026-03-27T14:07:13.887+0900][18.018s][info][gc          ] GC(35) Concurrent Mark Cycle
[2026-03-27T14:07:13.887+0900][18.018s][info][gc,marking  ] GC(35) Concurrent Clear Claimed Marks
[2026-03-27T14:07:13.887+0900][18.018s][info][gc,marking  ] GC(35) Concurrent Clear Claimed Marks 0.012ms
[2026-03-27T14:07:13.887+0900][18.018s][info][gc,marking  ] GC(35) Concurrent Scan Root Regions
[2026-03-27T14:07:13.887+0900][18.018s][info][gc,marking  ] GC(35) Concurrent Scan Root Regions 0.131ms
[2026-03-27T14:07:13.887+0900][18.018s][info][gc,marking  ] GC(35) Concurrent Mark
[2026-03-27T14:07:13.887+0900][18.018s][info][gc,marking  ] GC(35) Concurrent Mark From Roots
[2026-03-27T14:07:13.887+0900][18.018s][info][gc,task     ] GC(35) Using 2 workers of 2 for marking
[2026-03-27T14:07:13.887+0900][18.019s][info][gc,marking  ] GC(35) Concurrent Mark From Roots 0.703ms
[2026-03-27T14:07:13.887+0900][18.019s][info][gc,marking  ] GC(35) Concurrent Preclean
[2026-03-27T14:07:13.887+0900][18.019s][info][gc,marking  ] GC(35) Concurrent Preclean 0.014ms
[2026-03-27T14:07:13.887+0900][18.019s][info][gc,start    ] GC(35) Pause Remark
[2026-03-27T14:07:13.887+0900][18.019s][info][gc          ] GC(35) Pause Remark 117M->117M(256M) 0.399ms
[2026-03-27T14:07:13.887+0900][18.019s][info][gc,cpu      ] GC(35) User=0.00s Sys=0.00s Real=0.00s
[2026-03-27T14:07:13.887+0900][18.019s][info][gc,marking  ] GC(35) Concurrent Mark 1.480ms
[2026-03-27T14:07:13.887+0900][18.019s][info][gc,marking  ] GC(35) Concurrent Rebuild Remembered Sets
[2026-03-27T14:07:13.890+0900][18.020s][info][gc,marking  ] GC(35) Concurrent Rebuild Remembered Sets 0.489ms
[2026-03-27T14:07:13.890+0900][18.020s][info][gc,start    ] GC(35) Pause Cleanup
[2026-03-27T14:07:13.890+0900][18.020s][info][gc          ] GC(35) Pause Cleanup 117M->117M(256M) 0.077ms
[2026-03-27T14:07:13.890+0900][18.020s][info][gc,cpu      ] GC(35) User=0.00s Sys=0.00s Real=0.00s
[2026-03-27T14:07:13.890+0900][18.020s][info][gc,marking  ] GC(35) Concurrent Cleanup for Next Mark
[2026-03-27T14:07:13.890+0900][18.021s][info][gc,marking  ] GC(35) Concurrent Cleanup for Next Mark 0.726ms
[2026-03-27T14:07:13.890+0900][18.021s][info][gc          ] GC(35) Concurrent Mark Cycle 3.377ms
[2026-03-27T14:07:13.950+0900][18.081s][info][gc,start    ] GC(36) Pause Young (Concurrent Start) (G1 Humongous Allocation)
[2026-03-27T14:07:13.950+0900][18.081s][info][gc,task     ] GC(36) Using 6 workers of 8 for evacuation
[2026-03-27T14:07:13.950+0900][18.082s][info][gc,phases   ] GC(36)   Pre Evacuate Collection Set: 0.1ms
[2026-03-27T14:07:13.950+0900][18.082s][info][gc,phases   ] GC(36)   Merge Heap Roots: 0.1ms
[2026-03-27T14:07:13.950+0900][18.082s][info][gc,phases   ] GC(36)   Evacuate Collection Set: 0.1ms
[2026-03-27T14:07:13.950+0900][18.082s][info][gc,phases   ] GC(36)   Post Evacuate Collection Set: 0.5ms
[2026-03-27T14:07:13.950+0900][18.082s][info][gc,phases   ] GC(36)   Other: 0.2ms
[2026-03-27T14:07:13.950+0900][18.082s][info][gc,heap     ] GC(36) Eden regions: 1->0(109)
[2026-03-27T14:07:13.950+0900][18.082s][info][gc,heap     ] GC(36) Survivor regions: 1->1(14)
[2026-03-27T14:07:13.950+0900][18.082s][info][gc,heap     ] GC(36) Old regions: 1->1
[2026-03-27T14:07:13.950+0900][18.082s][info][gc,heap     ] GC(36) Archive regions: 0->0
[2026-03-27T14:07:13.950+0900][18.082s][info][gc,heap     ] GC(36) Humongous regions: 117->116
[2026-03-27T14:07:13.950+0900][18.082s][info][gc,metaspace] GC(36) Metaspace: 166K(384K)->166K(384K) NonClass: 157K(256K)->157K(256K) Class: 9K(128K)->9K(128K)
[2026-03-27T14:07:13.950+0900][18.082s][info][gc          ] GC(36) Pause Young (Concurrent Start) (G1 Humongous Allocation) 118M->116M(256M) 1.258ms
[2026-03-27T14:07:13.950+0900][18.082s][info][gc,cpu      ] GC(36) User=0.00s Sys=0.00s Real=0.00s
[2026-03-27T14:07:13.950+0900][18.082s][info][gc          ] GC(37) Concurrent Mark Cycle
[2026-03-27T14:07:13.950+0900][18.082s][info][gc,marking  ] GC(37) Concurrent Clear Claimed Marks
[2026-03-27T14:07:13.950+0900][18.082s][info][gc,marking  ] GC(37) Concurrent Clear Claimed Marks 0.017ms
[2026-03-27T14:07:13.950+0900][18.082s][info][gc,marking  ] GC(37) Concurrent Scan Root Regions
[2026-03-27T14:07:13.950+0900][18.082s][info][gc,marking  ] GC(37) Concurrent Scan Root Regions 0.074ms
[2026-03-27T14:07:13.950+0900][18.082s][info][gc,marking  ] GC(37) Concurrent Mark
[2026-03-27T14:07:13.950+0900][18.082s][info][gc,marking  ] GC(37) Concurrent Mark From Roots
[2026-03-27T14:07:13.950+0900][18.082s][info][gc,task     ] GC(37) Using 2 workers of 2 for marking
[2026-03-27T14:07:13.950+0900][18.083s][info][gc,marking  ] GC(37) Concurrent Mark From Roots 0.661ms
[2026-03-27T14:07:13.950+0900][18.083s][info][gc,marking  ] GC(37) Concurrent Preclean
[2026-03-27T14:07:13.950+0900][18.083s][info][gc,marking  ] GC(37) Concurrent Preclean 0.012ms
[2026-03-27T14:07:13.950+0900][18.083s][info][gc,start    ] GC(37) Pause Remark
[2026-03-27T14:07:13.950+0900][18.083s][info][gc          ] GC(37) Pause Remark 117M->117M(256M) 0.485ms
[2026-03-27T14:07:13.950+0900][18.083s][info][gc,cpu      ] GC(37) User=0.00s Sys=0.00s Real=0.00s
[2026-03-27T14:07:13.950+0900][18.083s][info][gc,marking  ] GC(37) Concurrent Mark 1.449ms
[2026-03-27T14:07:13.950+0900][18.083s][info][gc,marking  ] GC(37) Concurrent Rebuild Remembered Sets
[2026-03-27T14:07:13.950+0900][18.084s][info][gc,marking  ] GC(37) Concurrent Rebuild Remembered Sets 0.350ms
[2026-03-27T14:07:13.950+0900][18.084s][info][gc,start    ] GC(37) Pause Cleanup
[2026-03-27T14:07:13.950+0900][18.084s][info][gc          ] GC(37) Pause Cleanup 117M->117M(256M) 0.089ms
[2026-03-27T14:07:13.950+0900][18.084s][info][gc,cpu      ] GC(37) User=0.00s Sys=0.00s Real=0.00s
[2026-03-27T14:07:13.950+0900][18.084s][info][gc,marking  ] GC(37) Concurrent Cleanup for Next Mark
[2026-03-27T14:07:13.950+0900][18.085s][info][gc,marking  ] GC(37) Concurrent Cleanup for Next Mark 0.572ms
[2026-03-27T14:07:13.950+0900][18.085s][info][gc          ] GC(37) Concurrent Mark Cycle 2.972ms
[2026-03-27T14:07:14.003+0900][18.133s][info][gc,start    ] GC(38) Pause Young (Concurrent Start) (G1 Humongous Allocation)
[2026-03-27T14:07:14.003+0900][18.133s][info][gc,task     ] GC(38) Using 6 workers of 8 for evacuation
[2026-03-27T14:07:14.003+0900][18.134s][info][gc,phases   ] GC(38)   Pre Evacuate Collection Set: 0.1ms
[2026-03-27T14:07:14.003+0900][18.134s][info][gc,phases   ] GC(38)   Merge Heap Roots: 0.1ms
[2026-03-27T14:07:14.003+0900][18.134s][info][gc,phases   ] GC(38)   Evacuate Collection Set: 0.1ms
[2026-03-27T14:07:14.003+0900][18.134s][info][gc,phases   ] GC(38)   Post Evacuate Collection Set: 0.4ms
[2026-03-27T14:07:14.003+0900][18.134s][info][gc,phases   ] GC(38)   Other: 0.1ms
[2026-03-27T14:07:14.003+0900][18.134s][info][gc,heap     ] GC(38) Eden regions: 1->0(109)
[2026-03-27T14:07:14.003+0900][18.134s][info][gc,heap     ] GC(38) Survivor regions: 1->1(14)
[2026-03-27T14:07:14.003+0900][18.134s][info][gc,heap     ] GC(38) Old regions: 1->1
[2026-03-27T14:07:14.003+0900][18.134s][info][gc,heap     ] GC(38) Archive regions: 0->0
[2026-03-27T14:07:14.003+0900][18.134s][info][gc,heap     ] GC(38) Humongous regions: 117->116
[2026-03-27T14:07:14.003+0900][18.134s][info][gc,metaspace] GC(38) Metaspace: 166K(384K)->166K(384K) NonClass: 157K(256K)->157K(256K) Class: 9K(128K)->9K(128K)
[2026-03-27T14:07:14.003+0900][18.134s][info][gc          ] GC(38) Pause Young (Concurrent Start) (G1 Humongous Allocation) 118M->116M(256M) 1.082ms
[2026-03-27T14:07:14.003+0900][18.134s][info][gc,cpu      ] GC(38) User=0.00s Sys=0.00s Real=0.00s
[2026-03-27T14:07:14.003+0900][18.134s][info][gc          ] GC(39) Concurrent Mark Cycle
[2026-03-27T14:07:14.003+0900][18.134s][info][gc,marking  ] GC(39) Concurrent Clear Claimed Marks
[2026-03-27T14:07:14.003+0900][18.134s][info][gc,marking  ] GC(39) Concurrent Clear Claimed Marks 0.014ms
[2026-03-27T14:07:14.003+0900][18.134s][info][gc,marking  ] GC(39) Concurrent Scan Root Regions
[2026-03-27T14:07:14.003+0900][18.134s][info][gc,marking  ] GC(39) Concurrent Scan Root Regions 0.043ms
[2026-03-27T14:07:14.003+0900][18.134s][info][gc,marking  ] GC(39) Concurrent Mark
[2026-03-27T14:07:14.003+0900][18.134s][info][gc,marking  ] GC(39) Concurrent Mark From Roots
[2026-03-27T14:07:14.003+0900][18.134s][info][gc,task     ] GC(39) Using 2 workers of 2 for marking
[2026-03-27T14:07:14.003+0900][18.135s][info][gc,marking  ] GC(39) Concurrent Mark From Roots 0.684ms
[2026-03-27T14:07:14.003+0900][18.135s][info][gc,marking  ] GC(39) Concurrent Preclean
[2026-03-27T14:07:14.003+0900][18.135s][info][gc,marking  ] GC(39) Concurrent Preclean 0.014ms
[2026-03-27T14:07:14.003+0900][18.135s][info][gc,start    ] GC(39) Pause Remark
[2026-03-27T14:07:14.003+0900][18.136s][info][gc          ] GC(39) Pause Remark 117M->117M(256M) 0.477ms
[2026-03-27T14:07:14.003+0900][18.136s][info][gc,cpu      ] GC(39) User=0.00s Sys=0.00s Real=0.00s
[2026-03-27T14:07:14.003+0900][18.136s][info][gc,marking  ] GC(39) Concurrent Mark 1.383ms
[2026-03-27T14:07:14.003+0900][18.136s][info][gc,marking  ] GC(39) Concurrent Rebuild Remembered Sets
[2026-03-27T14:07:14.003+0900][18.136s][info][gc,marking  ] GC(39) Concurrent Rebuild Remembered Sets 0.405ms
[2026-03-27T14:07:14.003+0900][18.136s][info][gc,start    ] GC(39) Pause Cleanup
[2026-03-27T14:07:14.003+0900][18.136s][info][gc          ] GC(39) Pause Cleanup 117M->117M(256M) 0.060ms
[2026-03-27T14:07:14.003+0900][18.136s][info][gc,cpu      ] GC(39) User=0.00s Sys=0.00s Real=0.00s
[2026-03-27T14:07:14.003+0900][18.136s][info][gc,marking  ] GC(39) Concurrent Cleanup for Next Mark
[2026-03-27T14:07:14.003+0900][18.136s][info][gc,marking  ] GC(39) Concurrent Cleanup for Next Mark 0.103ms
[2026-03-27T14:07:14.003+0900][18.136s][info][gc          ] GC(39) Concurrent Mark Cycle 2.297ms
[2026-03-27T14:07:14.066+0900][18.196s][info][gc,start    ] GC(40) Pause Young (Concurrent Start) (G1 Humongous Allocation)
[2026-03-27T14:07:14.066+0900][18.196s][info][gc,task     ] GC(40) Using 6 workers of 8 for evacuation
[2026-03-27T14:07:14.066+0900][18.198s][info][gc,phases   ] GC(40)   Pre Evacuate Collection Set: 0.2ms
[2026-03-27T14:07:14.066+0900][18.198s][info][gc,phases   ] GC(40)   Merge Heap Roots: 0.2ms
[2026-03-27T14:07:14.066+0900][18.198s][info][gc,phases   ] GC(40)   Evacuate Collection Set: 0.3ms
[2026-03-27T14:07:14.066+0900][18.198s][info][gc,phases   ] GC(40)   Post Evacuate Collection Set: 0.7ms
[2026-03-27T14:07:14.066+0900][18.198s][info][gc,phases   ] GC(40)   Other: 0.2ms
[2026-03-27T14:07:14.066+0900][18.198s][info][gc,heap     ] GC(40) Eden regions: 1->0(110)
[2026-03-27T14:07:14.066+0900][18.198s][info][gc,heap     ] GC(40) Survivor regions: 1->1(14)
[2026-03-27T14:07:14.066+0900][18.198s][info][gc,heap     ] GC(40) Old regions: 1->1
[2026-03-27T14:07:14.066+0900][18.198s][info][gc,heap     ] GC(40) Archive regions: 0->0
[2026-03-27T14:07:14.066+0900][18.198s][info][gc,heap     ] GC(40) Humongous regions: 117->116
[2026-03-27T14:07:14.066+0900][18.198s][info][gc,metaspace] GC(40) Metaspace: 166K(384K)->166K(384K) NonClass: 157K(256K)->157K(256K) Class: 9K(128K)->9K(128K)
[2026-03-27T14:07:14.066+0900][18.198s][info][gc          ] GC(40) Pause Young (Concurrent Start) (G1 Humongous Allocation) 118M->116M(256M) 2.151ms
[2026-03-27T14:07:14.066+0900][18.198s][info][gc,cpu      ] GC(40) User=0.02s Sys=0.02s Real=0.00s
[2026-03-27T14:07:14.066+0900][18.198s][info][gc          ] GC(41) Concurrent Mark Cycle
[2026-03-27T14:07:14.066+0900][18.198s][info][gc,marking  ] GC(41) Concurrent Clear Claimed Marks
[2026-03-27T14:07:14.066+0900][18.198s][info][gc,marking  ] GC(41) Concurrent Clear Claimed Marks 0.034ms
[2026-03-27T14:07:14.066+0900][18.198s][info][gc,marking  ] GC(41) Concurrent Scan Root Regions
[2026-03-27T14:07:14.066+0900][18.199s][info][gc,marking  ] GC(41) Concurrent Scan Root Regions 0.167ms
[2026-03-27T14:07:14.066+0900][18.199s][info][gc,marking  ] GC(41) Concurrent Mark
[2026-03-27T14:07:14.066+0900][18.199s][info][gc,marking  ] GC(41) Concurrent Mark From Roots
[2026-03-27T14:07:14.066+0900][18.199s][info][gc,task     ] GC(41) Using 2 workers of 2 for marking
[2026-03-27T14:07:14.066+0900][18.200s][info][gc,marking  ] GC(41) Concurrent Mark From Roots 1.640ms
[2026-03-27T14:07:14.066+0900][18.201s][info][gc,marking  ] GC(41) Concurrent Preclean
[2026-03-27T14:07:14.066+0900][18.201s][info][gc,marking  ] GC(41) Concurrent Preclean 0.026ms
[2026-03-27T14:07:14.066+0900][18.201s][info][gc,start    ] GC(41) Pause Remark
[2026-03-27T14:07:14.066+0900][18.202s][info][gc          ] GC(41) Pause Remark 117M->117M(256M) 0.940ms
[2026-03-27T14:07:14.066+0900][18.202s][info][gc,cpu      ] GC(41) User=0.00s Sys=0.00s Real=0.00s
[2026-03-27T14:07:14.066+0900][18.202s][info][gc,marking  ] GC(41) Concurrent Mark 3.110ms
[2026-03-27T14:07:14.066+0900][18.202s][info][gc,marking  ] GC(41) Concurrent Rebuild Remembered Sets
[2026-03-27T14:07:14.066+0900][18.202s][info][gc,marking  ] GC(41) Concurrent Rebuild Remembered Sets 0.547ms
[2026-03-27T14:07:14.066+0900][18.203s][info][gc,start    ] GC(41) Pause Cleanup
[2026-03-27T14:07:14.066+0900][18.203s][info][gc          ] GC(41) Pause Cleanup 117M->117M(256M) 0.170ms
[2026-03-27T14:07:14.066+0900][18.203s][info][gc,cpu      ] GC(41) User=0.00s Sys=0.00s Real=0.00s
[2026-03-27T14:07:14.066+0900][18.203s][info][gc,marking  ] GC(41) Concurrent Cleanup for Next Mark
[2026-03-27T14:07:14.066+0900][18.203s][info][gc,marking  ] GC(41) Concurrent Cleanup for Next Mark 0.276ms
[2026-03-27T14:07:14.066+0900][18.203s][info][gc          ] GC(41) Concurrent Mark Cycle 5.019ms
[2026-03-27T14:07:14.131+0900][18.262s][info][gc,start    ] GC(42) Pause Young (Concurrent Start) (G1 Humongous Allocation)
[2026-03-27T14:07:14.131+0900][18.262s][info][gc,task     ] GC(42) Using 6 workers of 8 for evacuation
[2026-03-27T14:07:14.131+0900][18.264s][info][gc,phases   ] GC(42)   Pre Evacuate Collection Set: 0.2ms
[2026-03-27T14:07:14.131+0900][18.264s][info][gc,phases   ] GC(42)   Merge Heap Roots: 0.3ms
[2026-03-27T14:07:14.131+0900][18.264s][info][gc,phases   ] GC(42)   Evacuate Collection Set: 0.3ms
[2026-03-27T14:07:14.131+0900][18.264s][info][gc,phases   ] GC(42)   Post Evacuate Collection Set: 0.9ms
[2026-03-27T14:07:14.131+0900][18.264s][info][gc,phases   ] GC(42)   Other: 0.2ms
[2026-03-27T14:07:14.131+0900][18.264s][info][gc,heap     ] GC(42) Eden regions: 1->0(110)
[2026-03-27T14:07:14.131+0900][18.264s][info][gc,heap     ] GC(42) Survivor regions: 1->1(14)
[2026-03-27T14:07:14.131+0900][18.264s][info][gc,heap     ] GC(42) Old regions: 1->1
[2026-03-27T14:07:14.131+0900][18.264s][info][gc,heap     ] GC(42) Archive regions: 0->0
[2026-03-27T14:07:14.131+0900][18.264s][info][gc,heap     ] GC(42) Humongous regions: 117->116
[2026-03-27T14:07:14.131+0900][18.265s][info][gc,metaspace] GC(42) Metaspace: 166K(384K)->166K(384K) NonClass: 157K(256K)->157K(256K) Class: 9K(128K)->9K(128K)
[2026-03-27T14:07:14.131+0900][18.265s][info][gc          ] GC(42) Pause Young (Concurrent Start) (G1 Humongous Allocation) 118M->116M(256M) 2.594ms
[2026-03-27T14:07:14.131+0900][18.265s][info][gc,cpu      ] GC(42) User=0.00s Sys=0.00s Real=0.00s
[2026-03-27T14:07:14.131+0900][18.265s][info][gc          ] GC(43) Concurrent Mark Cycle
[2026-03-27T14:07:14.131+0900][18.265s][info][gc,marking  ] GC(43) Concurrent Clear Claimed Marks
[2026-03-27T14:07:14.131+0900][18.265s][info][gc,marking  ] GC(43) Concurrent Clear Claimed Marks 0.041ms
[2026-03-27T14:07:14.131+0900][18.265s][info][gc,marking  ] GC(43) Concurrent Scan Root Regions
[2026-03-27T14:07:14.131+0900][18.265s][info][gc,marking  ] GC(43) Concurrent Scan Root Regions 0.177ms
[2026-03-27T14:07:14.131+0900][18.265s][info][gc,marking  ] GC(43) Concurrent Mark
[2026-03-27T14:07:14.131+0900][18.265s][info][gc,marking  ] GC(43) Concurrent Mark From Roots
[2026-03-27T14:07:14.131+0900][18.265s][info][gc,task     ] GC(43) Using 2 workers of 2 for marking
[2026-03-27T14:07:14.131+0900][18.267s][info][gc,marking  ] GC(43) Concurrent Mark From Roots 1.999ms
[2026-03-27T14:07:14.131+0900][18.267s][info][gc,marking  ] GC(43) Concurrent Preclean
[2026-03-27T14:07:14.131+0900][18.267s][info][gc,marking  ] GC(43) Concurrent Preclean 0.051ms
[2026-03-27T14:07:14.131+0900][18.268s][info][gc,start    ] GC(43) Pause Remark
[2026-03-27T14:07:14.131+0900][18.269s][info][gc          ] GC(43) Pause Remark 119M->119M(256M) 1.468ms
[2026-03-27T14:07:14.131+0900][18.269s][info][gc,cpu      ] GC(43) User=0.00s Sys=0.00s Real=0.00s
[2026-03-27T14:07:14.131+0900][18.270s][info][gc,marking  ] GC(43) Concurrent Mark 4.403ms
[2026-03-27T14:07:14.131+0900][18.270s][info][gc,marking  ] GC(43) Concurrent Rebuild Remembered Sets
[2026-03-27T14:07:14.131+0900][18.271s][info][gc,marking  ] GC(43) Concurrent Rebuild Remembered Sets 1.149ms
[2026-03-27T14:07:14.131+0900][18.271s][info][gc,start    ] GC(43) Pause Cleanup
[2026-03-27T14:07:14.131+0900][18.272s][info][gc          ] GC(43) Pause Cleanup 119M->119M(256M) 0.386ms
[2026-03-27T14:07:14.131+0900][18.272s][info][gc,cpu      ] GC(43) User=0.00s Sys=0.00s Real=0.00s
[2026-03-27T14:07:14.131+0900][18.272s][info][gc,marking  ] GC(43) Concurrent Cleanup for Next Mark
[2026-03-27T14:07:14.131+0900][18.273s][info][gc,marking  ] GC(43) Concurrent Cleanup for Next Mark 0.527ms
[2026-03-27T14:07:14.131+0900][18.273s][info][gc          ] GC(43) Concurrent Mark Cycle 7.915ms
[2026-03-27T14:07:14.195+0900][18.326s][info][gc,start    ] GC(44) Pause Young (Concurrent Start) (G1 Humongous Allocation)
[2026-03-27T14:07:14.195+0900][18.326s][info][gc,task     ] GC(44) Using 6 workers of 8 for evacuation
[2026-03-27T14:07:14.195+0900][18.327s][info][gc,phases   ] GC(44)   Pre Evacuate Collection Set: 0.2ms
[2026-03-27T14:07:14.195+0900][18.327s][info][gc,phases   ] GC(44)   Merge Heap Roots: 0.1ms
[2026-03-27T14:07:14.195+0900][18.327s][info][gc,phases   ] GC(44)   Evacuate Collection Set: 0.2ms
[2026-03-27T14:07:14.195+0900][18.327s][info][gc,phases   ] GC(44)   Post Evacuate Collection Set: 0.2ms
[2026-03-27T14:07:14.195+0900][18.327s][info][gc,phases   ] GC(44)   Other: 0.1ms
[2026-03-27T14:07:14.195+0900][18.327s][info][gc,heap     ] GC(44) Eden regions: 1->0(108)
[2026-03-27T14:07:14.195+0900][18.327s][info][gc,heap     ] GC(44) Survivor regions: 1->1(14)
[2026-03-27T14:07:14.195+0900][18.327s][info][gc,heap     ] GC(44) Old regions: 1->1
[2026-03-27T14:07:14.195+0900][18.327s][info][gc,heap     ] GC(44) Archive regions: 0->0
[2026-03-27T14:07:14.195+0900][18.327s][info][gc,heap     ] GC(44) Humongous regions: 119->118
[2026-03-27T14:07:14.195+0900][18.327s][info][gc,metaspace] GC(44) Metaspace: 166K(384K)->166K(384K) NonClass: 157K(256K)->157K(256K) Class: 9K(128K)->9K(128K)
[2026-03-27T14:07:14.195+0900][18.327s][info][gc          ] GC(44) Pause Young (Concurrent Start) (G1 Humongous Allocation) 120M->118M(256M) 1.305ms
[2026-03-27T14:07:14.195+0900][18.327s][info][gc,cpu      ] GC(44) User=0.00s Sys=0.00s Real=0.00s
[2026-03-27T14:07:14.195+0900][18.327s][info][gc          ] GC(45) Concurrent Mark Cycle
[2026-03-27T14:07:14.195+0900][18.327s][info][gc,marking  ] GC(45) Concurrent Clear Claimed Marks
[2026-03-27T14:07:14.195+0900][18.327s][info][gc,marking  ] GC(45) Concurrent Clear Claimed Marks 0.020ms
[2026-03-27T14:07:14.195+0900][18.327s][info][gc,marking  ] GC(45) Concurrent Scan Root Regions
[2026-03-27T14:07:14.195+0900][18.327s][info][gc,marking  ] GC(45) Concurrent Scan Root Regions 0.163ms
[2026-03-27T14:07:14.195+0900][18.328s][info][gc,marking  ] GC(45) Concurrent Mark
[2026-03-27T14:07:14.195+0900][18.328s][info][gc,marking  ] GC(45) Concurrent Mark From Roots
[2026-03-27T14:07:14.195+0900][18.328s][info][gc,task     ] GC(45) Using 2 workers of 2 for marking
[2026-03-27T14:07:14.195+0900][18.329s][info][gc,marking  ] GC(45) Concurrent Mark From Roots 1.442ms
[2026-03-27T14:07:14.195+0900][18.329s][info][gc,marking  ] GC(45) Concurrent Preclean
[2026-03-27T14:07:14.195+0900][18.329s][info][gc,marking  ] GC(45) Concurrent Preclean 0.022ms
[2026-03-27T14:07:14.195+0900][18.329s][info][gc,start    ] GC(45) Pause Remark
[2026-03-27T14:07:14.195+0900][18.330s][info][gc          ] GC(45) Pause Remark 119M->119M(256M) 0.838ms
[2026-03-27T14:07:14.195+0900][18.330s][info][gc,cpu      ] GC(45) User=0.00s Sys=0.00s Real=0.00s
[2026-03-27T14:07:14.195+0900][18.330s][info][gc,marking  ] GC(45) Concurrent Mark 2.711ms
[2026-03-27T14:07:14.195+0900][18.330s][info][gc,marking  ] GC(45) Concurrent Rebuild Remembered Sets
[2026-03-27T14:07:14.195+0900][18.331s][info][gc,marking  ] GC(45) Concurrent Rebuild Remembered Sets 0.477ms
[2026-03-27T14:07:14.195+0900][18.331s][info][gc,start    ] GC(45) Pause Cleanup
[2026-03-27T14:07:14.195+0900][18.331s][info][gc          ] GC(45) Pause Cleanup 119M->119M(256M) 0.196ms
[2026-03-27T14:07:14.195+0900][18.331s][info][gc,cpu      ] GC(45) User=0.00s Sys=0.00s Real=0.00s
[2026-03-27T14:07:14.195+0900][18.331s][info][gc,marking  ] GC(45) Concurrent Cleanup for Next Mark
[2026-03-27T14:07:14.195+0900][18.332s][info][gc,marking  ] GC(45) Concurrent Cleanup for Next Mark 0.202ms
[2026-03-27T14:07:14.195+0900][18.332s][info][gc          ] GC(45) Concurrent Mark Cycle 4.401ms
[2026-03-27T14:07:14.259+0900][18.390s][info][gc,start    ] GC(46) Pause Young (Concurrent Start) (G1 Humongous Allocation)
[2026-03-27T14:07:14.259+0900][18.390s][info][gc,task     ] GC(46) Using 6 workers of 8 for evacuation
[2026-03-27T14:07:14.260+0900][18.392s][info][gc,phases   ] GC(46)   Pre Evacuate Collection Set: 0.3ms
[2026-03-27T14:07:14.260+0900][18.392s][info][gc,phases   ] GC(46)   Merge Heap Roots: 0.3ms
[2026-03-27T14:07:14.260+0900][18.392s][info][gc,phases   ] GC(46)   Evacuate Collection Set: 0.4ms
[2026-03-27T14:07:14.260+0900][18.393s][info][gc,phases   ] GC(46)   Post Evacuate Collection Set: 1.1ms
[2026-03-27T14:07:14.260+0900][18.393s][info][gc,phases   ] GC(46)   Other: 0.3ms
[2026-03-27T14:07:14.260+0900][18.393s][info][gc,heap     ] GC(46) Eden regions: 1->0(128)
[2026-03-27T14:07:14.260+0900][18.393s][info][gc,heap     ] GC(46) Survivor regions: 1->1(14)
[2026-03-27T14:07:14.260+0900][18.393s][info][gc,heap     ] GC(46) Old regions: 1->1
[2026-03-27T14:07:14.260+0900][18.393s][info][gc,heap     ] GC(46) Archive regions: 0->0
[2026-03-27T14:07:14.260+0900][18.393s][info][gc,heap     ] GC(46) Humongous regions: 119->118
[2026-03-27T14:07:14.260+0900][18.393s][info][gc,metaspace] GC(46) Metaspace: 166K(384K)->166K(384K) NonClass: 157K(256K)->157K(256K) Class: 9K(128K)->9K(128K)
[2026-03-27T14:07:14.260+0900][18.393s][info][gc          ] GC(46) Pause Young (Concurrent Start) (G1 Humongous Allocation) 120M->118M(278M) 3.098ms
[2026-03-27T14:07:14.260+0900][18.393s][info][gc,cpu      ] GC(46) User=0.00s Sys=0.00s Real=0.00s
[2026-03-27T14:07:14.260+0900][18.393s][info][gc          ] GC(47) Concurrent Undo Cycle
[2026-03-27T14:07:14.260+0900][18.393s][info][gc,marking  ] GC(47) Concurrent Cleanup for Next Mark
[2026-03-27T14:07:14.260+0900][18.393s][info][gc,marking  ] GC(47) Concurrent Cleanup for Next Mark 0.175ms
[2026-03-27T14:07:14.260+0900][18.393s][info][gc          ] GC(47) Concurrent Undo Cycle 0.411ms
[2026-03-27T14:07:14.516+0900][18.647s][info][gc,start    ] GC(48) Pause Young (Concurrent Start) (G1 Humongous Allocation)
[2026-03-27T14:07:14.526+0900][18.657s][info][gc,task     ] GC(48) Using 6 workers of 8 for evacuation
[2026-03-27T14:07:14.526+0900][18.659s][info][gc,phases   ] GC(48)   Pre Evacuate Collection Set: 0.4ms
[2026-03-27T14:07:14.526+0900][18.659s][info][gc,phases   ] GC(48)   Merge Heap Roots: 0.2ms
[2026-03-27T14:07:14.526+0900][18.659s][info][gc,phases   ] GC(48)   Evacuate Collection Set: 0.4ms
[2026-03-27T14:07:14.526+0900][18.659s][info][gc,phases   ] GC(48)   Post Evacuate Collection Set: 1.0ms
[2026-03-27T14:07:14.526+0900][18.659s][info][gc,phases   ] GC(48)   Other: 0.4ms
[2026-03-27T14:07:14.526+0900][18.659s][info][gc,heap     ] GC(48) Eden regions: 1->0(127)
[2026-03-27T14:07:14.526+0900][18.659s][info][gc,heap     ] GC(48) Survivor regions: 1->1(17)
[2026-03-27T14:07:14.526+0900][18.659s][info][gc,heap     ] GC(48) Old regions: 1->1
[2026-03-27T14:07:14.526+0900][18.659s][info][gc,heap     ] GC(48) Archive regions: 0->0
[2026-03-27T14:07:14.526+0900][18.659s][info][gc,heap     ] GC(48) Humongous regions: 124->120
[2026-03-27T14:07:14.526+0900][18.659s][info][gc,metaspace] GC(48) Metaspace: 166K(384K)->166K(384K) NonClass: 157K(256K)->157K(256K) Class: 9K(128K)->9K(128K)
[2026-03-27T14:07:14.526+0900][18.659s][info][gc          ] GC(48) Pause Young (Concurrent Start) (G1 Humongous Allocation) 125M->120M(278M) 12.700ms
[2026-03-27T14:07:14.526+0900][18.660s][info][gc,cpu      ] GC(48) User=0.00s Sys=0.00s Real=0.01s
[2026-03-27T14:07:14.526+0900][18.660s][info][gc          ] GC(49) Concurrent Undo Cycle
[2026-03-27T14:07:14.526+0900][18.660s][info][gc,marking  ] GC(49) Concurrent Cleanup for Next Mark
[2026-03-27T14:07:14.526+0900][18.660s][info][gc,marking  ] GC(49) Concurrent Cleanup for Next Mark 0.192ms
[2026-03-27T14:07:14.526+0900][18.660s][info][gc          ] GC(49) Concurrent Undo Cycle 0.426ms
[2026-03-27T14:07:14.772+0900][18.903s][info][gc,start    ] GC(50) Pause Young (Concurrent Start) (G1 Humongous Allocation)
[2026-03-27T14:07:14.772+0900][18.903s][info][gc,task     ] GC(50) Using 6 workers of 8 for evacuation
[2026-03-27T14:07:14.772+0900][18.905s][info][gc,phases   ] GC(50)   Pre Evacuate Collection Set: 0.2ms
[2026-03-27T14:07:14.772+0900][18.905s][info][gc,phases   ] GC(50)   Merge Heap Roots: 0.2ms
[2026-03-27T14:07:14.772+0900][18.905s][info][gc,phases   ] GC(50)   Evacuate Collection Set: 0.3ms
[2026-03-27T14:07:14.772+0900][18.905s][info][gc,phases   ] GC(50)   Post Evacuate Collection Set: 1.1ms
[2026-03-27T14:07:14.772+0900][18.905s][info][gc,phases   ] GC(50)   Other: 0.3ms
[2026-03-27T14:07:14.772+0900][18.905s][info][gc,heap     ] GC(50) Eden regions: 1->0(127)
[2026-03-27T14:07:14.772+0900][18.905s][info][gc,heap     ] GC(50) Survivor regions: 1->1(16)
[2026-03-27T14:07:14.772+0900][18.905s][info][gc,heap     ] GC(50) Old regions: 1->1
[2026-03-27T14:07:14.772+0900][18.905s][info][gc,heap     ] GC(50) Archive regions: 0->0
[2026-03-27T14:07:14.772+0900][18.906s][info][gc,heap     ] GC(50) Humongous regions: 124->120
[2026-03-27T14:07:14.772+0900][18.906s][info][gc,metaspace] GC(50) Metaspace: 166K(384K)->166K(384K) NonClass: 157K(256K)->157K(256K) Class: 9K(128K)->9K(128K)
[2026-03-27T14:07:14.772+0900][18.906s][info][gc          ] GC(50) Pause Young (Concurrent Start) (G1 Humongous Allocation) 125M->120M(278M) 2.679ms
[2026-03-27T14:07:14.772+0900][18.906s][info][gc,cpu      ] GC(50) User=0.00s Sys=0.00s Real=0.00s
[2026-03-27T14:07:14.772+0900][18.906s][info][gc          ] GC(51) Concurrent Undo Cycle
[2026-03-27T14:07:14.772+0900][18.906s][info][gc,marking  ] GC(51) Concurrent Cleanup for Next Mark
[2026-03-27T14:07:14.772+0900][18.906s][info][gc,marking  ] GC(51) Concurrent Cleanup for Next Mark 0.226ms
[2026-03-27T14:07:14.772+0900][18.906s][info][gc          ] GC(51) Concurrent Undo Cycle 0.460ms
[2026-03-27T14:07:14.901+0900][19.031s][info][gc,start    ] GC(52) Pause Young (Concurrent Start) (G1 Humongous Allocation)
[2026-03-27T14:07:14.901+0900][19.031s][info][gc,task     ] GC(52) Using 6 workers of 8 for evacuation
[2026-03-27T14:07:14.901+0900][19.032s][info][gc,phases   ] GC(52)   Pre Evacuate Collection Set: 0.1ms
[2026-03-27T14:07:14.901+0900][19.032s][info][gc,phases   ] GC(52)   Merge Heap Roots: 0.0ms
[2026-03-27T14:07:14.901+0900][19.032s][info][gc,phases   ] GC(52)   Evacuate Collection Set: 0.1ms
[2026-03-27T14:07:14.901+0900][19.032s][info][gc,phases   ] GC(52)   Post Evacuate Collection Set: 0.1ms
[2026-03-27T14:07:14.901+0900][19.032s][info][gc,phases   ] GC(52)   Other: 0.1ms
[2026-03-27T14:07:14.901+0900][19.032s][info][gc,heap     ] GC(52) Eden regions: 1->0(125)
[2026-03-27T14:07:14.901+0900][19.032s][info][gc,heap     ] GC(52) Survivor regions: 1->1(16)
[2026-03-27T14:07:14.901+0900][19.032s][info][gc,heap     ] GC(52) Old regions: 1->1
[2026-03-27T14:07:14.901+0900][19.032s][info][gc,heap     ] GC(52) Archive regions: 0->0
[2026-03-27T14:07:14.901+0900][19.032s][info][gc,heap     ] GC(52) Humongous regions: 124->122
[2026-03-27T14:07:14.901+0900][19.032s][info][gc,metaspace] GC(52) Metaspace: 166K(384K)->166K(384K) NonClass: 157K(256K)->157K(256K) Class: 9K(128K)->9K(128K)
[2026-03-27T14:07:14.901+0900][19.032s][info][gc          ] GC(52) Pause Young (Concurrent Start) (G1 Humongous Allocation) 125M->122M(278M) 0.827ms
[2026-03-27T14:07:14.901+0900][19.032s][info][gc,cpu      ] GC(52) User=0.00s Sys=0.00s Real=0.00s
[2026-03-27T14:07:14.901+0900][19.032s][info][gc          ] GC(53) Concurrent Undo Cycle
[2026-03-27T14:07:14.901+0900][19.032s][info][gc,marking  ] GC(53) Concurrent Cleanup for Next Mark
[2026-03-27T14:07:14.901+0900][19.032s][info][gc,marking  ] GC(53) Concurrent Cleanup for Next Mark 0.055ms
[2026-03-27T14:07:14.901+0900][19.032s][info][gc          ] GC(53) Concurrent Undo Cycle 0.153ms
[2026-03-27T14:07:15.029+0900][19.160s][info][gc,start    ] GC(54) Pause Young (Concurrent Start) (G1 Humongous Allocation)
[2026-03-27T14:07:15.029+0900][19.160s][info][gc,task     ] GC(54) Using 6 workers of 8 for evacuation
[2026-03-27T14:07:15.029+0900][19.161s][info][gc,phases   ] GC(54)   Pre Evacuate Collection Set: 0.1ms
[2026-03-27T14:07:15.029+0900][19.161s][info][gc,phases   ] GC(54)   Merge Heap Roots: 0.2ms
[2026-03-27T14:07:15.029+0900][19.161s][info][gc,phases   ] GC(54)   Evacuate Collection Set: 0.1ms
[2026-03-27T14:07:15.029+0900][19.161s][info][gc,phases   ] GC(54)   Post Evacuate Collection Set: 0.5ms
[2026-03-27T14:07:15.029+0900][19.161s][info][gc,phases   ] GC(54)   Other: 0.2ms
[2026-03-27T14:07:15.029+0900][19.161s][info][gc,heap     ] GC(54) Eden regions: 1->0(125)
[2026-03-27T14:07:15.029+0900][19.161s][info][gc,heap     ] GC(54) Survivor regions: 1->1(16)
[2026-03-27T14:07:15.029+0900][19.161s][info][gc,heap     ] GC(54) Old regions: 1->1
[2026-03-27T14:07:15.029+0900][19.161s][info][gc,heap     ] GC(54) Archive regions: 0->0
[2026-03-27T14:07:15.029+0900][19.161s][info][gc,heap     ] GC(54) Humongous regions: 124->122
[2026-03-27T14:07:15.029+0900][19.161s][info][gc,metaspace] GC(54) Metaspace: 166K(384K)->166K(384K) NonClass: 157K(256K)->157K(256K) Class: 9K(128K)->9K(128K)
[2026-03-27T14:07:15.029+0900][19.161s][info][gc          ] GC(54) Pause Young (Concurrent Start) (G1 Humongous Allocation) 125M->122M(278M) 1.387ms
[2026-03-27T14:07:15.029+0900][19.161s][info][gc,cpu      ] GC(54) User=0.00s Sys=0.00s Real=0.00s
[2026-03-27T14:07:15.029+0900][19.161s][info][gc          ] GC(55) Concurrent Undo Cycle
[2026-03-27T14:07:15.029+0900][19.161s][info][gc,marking  ] GC(55) Concurrent Cleanup for Next Mark
[2026-03-27T14:07:15.029+0900][19.161s][info][gc,marking  ] GC(55) Concurrent Cleanup for Next Mark 0.131ms
[2026-03-27T14:07:15.029+0900][19.161s][info][gc          ] GC(55) Concurrent Undo Cycle 0.217ms
[2026-03-27T14:07:15.093+0900][19.224s][info][gc,start    ] GC(56) Pause Young (Concurrent Start) (G1 Humongous Allocation)
[2026-03-27T14:07:15.093+0900][19.224s][info][gc,task     ] GC(56) Using 6 workers of 8 for evacuation
[2026-03-27T14:07:15.093+0900][19.226s][info][gc,phases   ] GC(56)   Pre Evacuate Collection Set: 0.2ms
[2026-03-27T14:07:15.093+0900][19.226s][info][gc,phases   ] GC(56)   Merge Heap Roots: 0.1ms
[2026-03-27T14:07:15.093+0900][19.226s][info][gc,phases   ] GC(56)   Evacuate Collection Set: 0.4ms
[2026-03-27T14:07:15.093+0900][19.226s][info][gc,phases   ] GC(56)   Post Evacuate Collection Set: 1.0ms
[2026-03-27T14:07:15.093+0900][19.226s][info][gc,phases   ] GC(56)   Other: 0.3ms
[2026-03-27T14:07:15.093+0900][19.226s][info][gc,heap     ] GC(56) Eden regions: 1->0(124)
[2026-03-27T14:07:15.093+0900][19.226s][info][gc,heap     ] GC(56) Survivor regions: 1->1(16)
[2026-03-27T14:07:15.093+0900][19.226s][info][gc,heap     ] GC(56) Old regions: 1->1
[2026-03-27T14:07:15.093+0900][19.226s][info][gc,heap     ] GC(56) Archive regions: 0->0
[2026-03-27T14:07:15.093+0900][19.226s][info][gc,heap     ] GC(56) Humongous regions: 124->123
[2026-03-27T14:07:15.093+0900][19.226s][info][gc,metaspace] GC(56) Metaspace: 166K(384K)->166K(384K) NonClass: 157K(256K)->157K(256K) Class: 9K(128K)->9K(128K)
[2026-03-27T14:07:15.093+0900][19.226s][info][gc          ] GC(56) Pause Young (Concurrent Start) (G1 Humongous Allocation) 125M->123M(278M) 2.716ms
[2026-03-27T14:07:15.093+0900][19.226s][info][gc,cpu      ] GC(56) User=0.00s Sys=0.00s Real=0.00s
[2026-03-27T14:07:15.093+0900][19.227s][info][gc          ] GC(57) Concurrent Undo Cycle
[2026-03-27T14:07:15.093+0900][19.227s][info][gc,marking  ] GC(57) Concurrent Cleanup for Next Mark
[2026-03-27T14:07:15.093+0900][19.227s][info][gc,marking  ] GC(57) Concurrent Cleanup for Next Mark 0.179ms
[2026-03-27T14:07:15.093+0900][19.227s][info][gc          ] GC(57) Concurrent Undo Cycle 0.370ms
[2026-03-27T14:07:15.158+0900][19.288s][info][gc,start    ] GC(58) Pause Young (Concurrent Start) (G1 Humongous Allocation)
[2026-03-27T14:07:15.158+0900][19.288s][info][gc,task     ] GC(58) Using 6 workers of 8 for evacuation
[2026-03-27T14:07:15.158+0900][19.290s][info][gc,phases   ] GC(58)   Pre Evacuate Collection Set: 0.2ms
[2026-03-27T14:07:15.158+0900][19.291s][info][gc,phases   ] GC(58)   Merge Heap Roots: 0.2ms
[2026-03-27T14:07:15.158+0900][19.291s][info][gc,phases   ] GC(58)   Evacuate Collection Set: 0.4ms
[2026-03-27T14:07:15.158+0900][19.291s][info][gc,phases   ] GC(58)   Post Evacuate Collection Set: 0.9ms
[2026-03-27T14:07:15.158+0900][19.291s][info][gc,phases   ] GC(58)   Other: 0.2ms
[2026-03-27T14:07:15.158+0900][19.291s][info][gc,heap     ] GC(58) Eden regions: 1->0(123)
[2026-03-27T14:07:15.158+0900][19.291s][info][gc,heap     ] GC(58) Survivor regions: 1->1(16)
[2026-03-27T14:07:15.158+0900][19.291s][info][gc,heap     ] GC(58) Old regions: 1->1
[2026-03-27T14:07:15.158+0900][19.291s][info][gc,heap     ] GC(58) Archive regions: 0->0
[2026-03-27T14:07:15.158+0900][19.291s][info][gc,heap     ] GC(58) Humongous regions: 125->124
[2026-03-27T14:07:15.158+0900][19.291s][info][gc,metaspace] GC(58) Metaspace: 166K(384K)->166K(384K) NonClass: 157K(256K)->157K(256K) Class: 9K(128K)->9K(128K)
[2026-03-27T14:07:15.158+0900][19.291s][info][gc          ] GC(58) Pause Young (Concurrent Start) (G1 Humongous Allocation) 126M->124M(278M) 2.728ms
[2026-03-27T14:07:15.158+0900][19.291s][info][gc,cpu      ] GC(58) User=0.02s Sys=0.00s Real=0.00s
[2026-03-27T14:07:15.158+0900][19.291s][info][gc          ] GC(59) Concurrent Undo Cycle
[2026-03-27T14:07:15.158+0900][19.291s][info][gc,marking  ] GC(59) Concurrent Cleanup for Next Mark
[2026-03-27T14:07:15.158+0900][19.291s][info][gc,marking  ] GC(59) Concurrent Cleanup for Next Mark 0.240ms
[2026-03-27T14:07:15.158+0900][19.292s][info][gc          ] GC(59) Concurrent Undo Cycle 0.471ms
[2026-03-27T14:07:15.222+0900][19.353s][info][gc,start    ] GC(60) Pause Young (Concurrent Start) (G1 Humongous Allocation)
[2026-03-27T14:07:15.222+0900][19.353s][info][gc,task     ] GC(60) Using 6 workers of 8 for evacuation
[2026-03-27T14:07:15.222+0900][19.354s][info][gc,phases   ] GC(60)   Pre Evacuate Collection Set: 0.1ms
[2026-03-27T14:07:15.222+0900][19.354s][info][gc,phases   ] GC(60)   Merge Heap Roots: 0.1ms
[2026-03-27T14:07:15.222+0900][19.354s][info][gc,phases   ] GC(60)   Evacuate Collection Set: 0.1ms
[2026-03-27T14:07:15.222+0900][19.354s][info][gc,phases   ] GC(60)   Post Evacuate Collection Set: 0.6ms
[2026-03-27T14:07:15.222+0900][19.354s][info][gc,phases   ] GC(60)   Other: 0.1ms
[2026-03-27T14:07:15.222+0900][19.354s][info][gc,heap     ] GC(60) Eden regions: 1->0(123)
[2026-03-27T14:07:15.222+0900][19.354s][info][gc,heap     ] GC(60) Survivor regions: 1->1(16)
[2026-03-27T14:07:15.222+0900][19.354s][info][gc,heap     ] GC(60) Old regions: 1->1
[2026-03-27T14:07:15.222+0900][19.354s][info][gc,heap     ] GC(60) Archive regions: 0->0
[2026-03-27T14:07:15.222+0900][19.354s][info][gc,heap     ] GC(60) Humongous regions: 125->124
[2026-03-27T14:07:15.222+0900][19.354s][info][gc,metaspace] GC(60) Metaspace: 166K(384K)->166K(384K) NonClass: 157K(256K)->157K(256K) Class: 9K(128K)->9K(128K)
[2026-03-27T14:07:15.222+0900][19.354s][info][gc          ] GC(60) Pause Young (Concurrent Start) (G1 Humongous Allocation) 126M->124M(278M) 1.385ms
[2026-03-27T14:07:15.222+0900][19.354s][info][gc,cpu      ] GC(60) User=0.00s Sys=0.02s Real=0.00s
[2026-03-27T14:07:15.222+0900][19.354s][info][gc          ] GC(61) Concurrent Undo Cycle
[2026-03-27T14:07:15.222+0900][19.354s][info][gc,marking  ] GC(61) Concurrent Cleanup for Next Mark
[2026-03-27T14:07:15.222+0900][19.354s][info][gc,marking  ] GC(61) Concurrent Cleanup for Next Mark 0.229ms
[2026-03-27T14:07:15.222+0900][19.355s][info][gc          ] GC(61) Concurrent Undo Cycle 0.372ms
[2026-03-27T14:07:15.286+0900][19.416s][info][gc,start    ] GC(62) Pause Young (Concurrent Start) (G1 Humongous Allocation)
[2026-03-27T14:07:15.286+0900][19.416s][info][gc,task     ] GC(62) Using 6 workers of 8 for evacuation
[2026-03-27T14:07:15.286+0900][19.418s][info][gc,phases   ] GC(62)   Pre Evacuate Collection Set: 0.2ms
[2026-03-27T14:07:15.286+0900][19.418s][info][gc,phases   ] GC(62)   Merge Heap Roots: 0.1ms
[2026-03-27T14:07:15.286+0900][19.418s][info][gc,phases   ] GC(62)   Evacuate Collection Set: 0.2ms
[2026-03-27T14:07:15.286+0900][19.418s][info][gc,phases   ] GC(62)   Post Evacuate Collection Set: 0.8ms
[2026-03-27T14:07:15.286+0900][19.418s][info][gc,phases   ] GC(62)   Other: 0.2ms
[2026-03-27T14:07:15.286+0900][19.418s][info][gc,heap     ] GC(62) Eden regions: 1->0(123)
[2026-03-27T14:07:15.286+0900][19.418s][info][gc,heap     ] GC(62) Survivor regions: 1->1(16)
[2026-03-27T14:07:15.286+0900][19.418s][info][gc,heap     ] GC(62) Old regions: 1->1
[2026-03-27T14:07:15.286+0900][19.418s][info][gc,heap     ] GC(62) Archive regions: 0->0
[2026-03-27T14:07:15.286+0900][19.418s][info][gc,heap     ] GC(62) Humongous regions: 125->124
[2026-03-27T14:07:15.286+0900][19.418s][info][gc,metaspace] GC(62) Metaspace: 166K(384K)->166K(384K) NonClass: 157K(256K)->157K(256K) Class: 9K(128K)->9K(128K)
[2026-03-27T14:07:15.286+0900][19.419s][info][gc          ] GC(62) Pause Young (Concurrent Start) (G1 Humongous Allocation) 126M->124M(278M) 2.257ms
[2026-03-27T14:07:15.286+0900][19.419s][info][gc,cpu      ] GC(62) User=0.00s Sys=0.00s Real=0.00s
[2026-03-27T14:07:15.286+0900][19.419s][info][gc          ] GC(63) Concurrent Undo Cycle
[2026-03-27T14:07:15.286+0900][19.419s][info][gc,marking  ] GC(63) Concurrent Cleanup for Next Mark
[2026-03-27T14:07:15.286+0900][19.419s][info][gc,marking  ] GC(63) Concurrent Cleanup for Next Mark 0.198ms
[2026-03-27T14:07:15.286+0900][19.419s][info][gc          ] GC(63) Concurrent Undo Cycle 0.416ms
[2026-03-27T14:07:15.350+0900][19.481s][info][gc,start    ] GC(64) Pause Young (Concurrent Start) (G1 Humongous Allocation)
[2026-03-27T14:07:15.350+0900][19.481s][info][gc,task     ] GC(64) Using 6 workers of 8 for evacuation
[2026-03-27T14:07:15.352+0900][19.482s][info][gc,phases   ] GC(64)   Pre Evacuate Collection Set: 0.2ms
[2026-03-27T14:07:15.352+0900][19.482s][info][gc,phases   ] GC(64)   Merge Heap Roots: 0.1ms
[2026-03-27T14:07:15.352+0900][19.482s][info][gc,phases   ] GC(64)   Evacuate Collection Set: 0.2ms
[2026-03-27T14:07:15.352+0900][19.482s][info][gc,phases   ] GC(64)   Post Evacuate Collection Set: 0.6ms
[2026-03-27T14:07:15.352+0900][19.482s][info][gc,phases   ] GC(64)   Other: 0.2ms
[2026-03-27T14:07:15.352+0900][19.482s][info][gc,heap     ] GC(64) Eden regions: 1->0(123)
[2026-03-27T14:07:15.352+0900][19.482s][info][gc,heap     ] GC(64) Survivor regions: 1->1(16)
[2026-03-27T14:07:15.352+0900][19.482s][info][gc,heap     ] GC(64) Old regions: 1->1
[2026-03-27T14:07:15.352+0900][19.482s][info][gc,heap     ] GC(64) Archive regions: 0->0
[2026-03-27T14:07:15.352+0900][19.483s][info][gc,heap     ] GC(64) Humongous regions: 125->124
[2026-03-27T14:07:15.352+0900][19.483s][info][gc,metaspace] GC(64) Metaspace: 166K(384K)->166K(384K) NonClass: 157K(256K)->157K(256K) Class: 9K(128K)->9K(128K)
[2026-03-27T14:07:15.352+0900][19.483s][info][gc          ] GC(64) Pause Young (Concurrent Start) (G1 Humongous Allocation) 126M->124M(278M) 2.075ms
[2026-03-27T14:07:15.352+0900][19.483s][info][gc,cpu      ] GC(64) User=0.00s Sys=0.00s Real=0.00s
[2026-03-27T14:07:15.352+0900][19.483s][info][gc          ] GC(65) Concurrent Undo Cycle
[2026-03-27T14:07:15.352+0900][19.483s][info][gc,marking  ] GC(65) Concurrent Cleanup for Next Mark
[2026-03-27T14:07:15.352+0900][19.483s][info][gc,marking  ] GC(65) Concurrent Cleanup for Next Mark 0.242ms
[2026-03-27T14:07:15.352+0900][19.483s][info][gc          ] GC(65) Concurrent Undo Cycle 0.559ms
[2026-03-27T14:07:15.414+0900][19.544s][info][gc,start    ] GC(66) Pause Young (Concurrent Start) (G1 Humongous Allocation)
[2026-03-27T14:07:15.414+0900][19.544s][info][gc,task     ] GC(66) Using 6 workers of 8 for evacuation
[2026-03-27T14:07:15.415+0900][19.546s][info][gc,phases   ] GC(66)   Pre Evacuate Collection Set: 0.2ms
[2026-03-27T14:07:15.415+0900][19.546s][info][gc,phases   ] GC(66)   Merge Heap Roots: 0.2ms
[2026-03-27T14:07:15.415+0900][19.546s][info][gc,phases   ] GC(66)   Evacuate Collection Set: 0.4ms
[2026-03-27T14:07:15.415+0900][19.546s][info][gc,phases   ] GC(66)   Post Evacuate Collection Set: 0.8ms
[2026-03-27T14:07:15.415+0900][19.546s][info][gc,phases   ] GC(66)   Other: 0.3ms
[2026-03-27T14:07:15.415+0900][19.547s][info][gc,heap     ] GC(66) Eden regions: 1->0(123)
[2026-03-27T14:07:15.415+0900][19.547s][info][gc,heap     ] GC(66) Survivor regions: 1->1(16)
[2026-03-27T14:07:15.415+0900][19.547s][info][gc,heap     ] GC(66) Old regions: 1->1
[2026-03-27T14:07:15.415+0900][19.547s][info][gc,heap     ] GC(66) Archive regions: 0->0
[2026-03-27T14:07:15.415+0900][19.547s][info][gc,heap     ] GC(66) Humongous regions: 125->124
[2026-03-27T14:07:15.415+0900][19.547s][info][gc,metaspace] GC(66) Metaspace: 166K(384K)->166K(384K) NonClass: 157K(256K)->157K(256K) Class: 9K(128K)->9K(128K)
[2026-03-27T14:07:15.415+0900][19.547s][info][gc          ] GC(66) Pause Young (Concurrent Start) (G1 Humongous Allocation) 126M->124M(278M) 2.671ms
[2026-03-27T14:07:15.415+0900][19.547s][info][gc,cpu      ] GC(66) User=0.00s Sys=0.00s Real=0.00s
[2026-03-27T14:07:15.415+0900][19.547s][info][gc          ] GC(67) Concurrent Undo Cycle
[2026-03-27T14:07:15.415+0900][19.547s][info][gc,marking  ] GC(67) Concurrent Cleanup for Next Mark
[2026-03-27T14:07:15.415+0900][19.547s][info][gc,marking  ] GC(67) Concurrent Cleanup for Next Mark 0.248ms
[2026-03-27T14:07:15.415+0900][19.547s][info][gc          ] GC(67) Concurrent Undo Cycle 0.512ms
[2026-03-27T14:07:15.478+0900][19.608s][info][gc,start    ] GC(68) Pause Young (Concurrent Start) (G1 Humongous Allocation)
[2026-03-27T14:07:15.478+0900][19.608s][info][gc,task     ] GC(68) Using 6 workers of 8 for evacuation
[2026-03-27T14:07:15.478+0900][19.610s][info][gc,phases   ] GC(68)   Pre Evacuate Collection Set: 0.2ms
[2026-03-27T14:07:15.478+0900][19.611s][info][gc,phases   ] GC(68)   Merge Heap Roots: 0.3ms
[2026-03-27T14:07:15.478+0900][19.611s][info][gc,phases   ] GC(68)   Evacuate Collection Set: 0.4ms
[2026-03-27T14:07:15.478+0900][19.611s][info][gc,phases   ] GC(68)   Post Evacuate Collection Set: 1.0ms
[2026-03-27T14:07:15.478+0900][19.611s][info][gc,phases   ] GC(68)   Other: 0.4ms
[2026-03-27T14:07:15.478+0900][19.611s][info][gc,heap     ] GC(68) Eden regions: 1->0(121)
[2026-03-27T14:07:15.478+0900][19.611s][info][gc,heap     ] GC(68) Survivor regions: 1->1(16)
[2026-03-27T14:07:15.478+0900][19.611s][info][gc,heap     ] GC(68) Old regions: 1->1
[2026-03-27T14:07:15.478+0900][19.611s][info][gc,heap     ] GC(68) Archive regions: 0->0
[2026-03-27T14:07:15.478+0900][19.611s][info][gc,heap     ] GC(68) Humongous regions: 127->126
[2026-03-27T14:07:15.478+0900][19.611s][info][gc,metaspace] GC(68) Metaspace: 166K(384K)->166K(384K) NonClass: 157K(256K)->157K(256K) Class: 9K(128K)->9K(128K)
[2026-03-27T14:07:15.478+0900][19.611s][info][gc          ] GC(68) Pause Young (Concurrent Start) (G1 Humongous Allocation) 128M->126M(278M) 2.990ms
[2026-03-27T14:07:15.478+0900][19.611s][info][gc,cpu      ] GC(68) User=0.00s Sys=0.00s Real=0.00s
[2026-03-27T14:07:15.478+0900][19.611s][info][gc          ] GC(69) Concurrent Mark Cycle
[2026-03-27T14:07:15.478+0900][19.611s][info][gc,marking  ] GC(69) Concurrent Clear Claimed Marks
[2026-03-27T14:07:15.478+0900][19.611s][info][gc,marking  ] GC(69) Concurrent Clear Claimed Marks 0.042ms
[2026-03-27T14:07:15.478+0900][19.611s][info][gc,marking  ] GC(69) Concurrent Scan Root Regions
[2026-03-27T14:07:15.478+0900][19.612s][info][gc,marking  ] GC(69) Concurrent Scan Root Regions 0.194ms
[2026-03-27T14:07:15.478+0900][19.612s][info][gc,marking  ] GC(69) Concurrent Mark
[2026-03-27T14:07:15.478+0900][19.612s][info][gc,marking  ] GC(69) Concurrent Mark From Roots
[2026-03-27T14:07:15.478+0900][19.612s][info][gc,task     ] GC(69) Using 2 workers of 2 for marking
[2026-03-27T14:07:15.478+0900][19.614s][info][gc,marking  ] GC(69) Concurrent Mark From Roots 1.963ms
[2026-03-27T14:07:15.478+0900][19.614s][info][gc,marking  ] GC(69) Concurrent Preclean
[2026-03-27T14:07:15.478+0900][19.614s][info][gc,marking  ] GC(69) Concurrent Preclean 0.045ms
[2026-03-27T14:07:15.478+0900][19.614s][info][gc,start    ] GC(69) Pause Remark
[2026-03-27T14:07:15.478+0900][19.616s][info][gc          ] GC(69) Pause Remark 127M->127M(278M) 1.488ms
[2026-03-27T14:07:15.478+0900][19.616s][info][gc,cpu      ] GC(69) User=0.00s Sys=0.00s Real=0.00s
[2026-03-27T14:07:15.478+0900][19.616s][info][gc,marking  ] GC(69) Concurrent Mark 4.286ms
[2026-03-27T14:07:15.478+0900][19.616s][info][gc,marking  ] GC(69) Concurrent Rebuild Remembered Sets
[2026-03-27T14:07:15.478+0900][19.617s][info][gc,marking  ] GC(69) Concurrent Rebuild Remembered Sets 1.140ms
[2026-03-27T14:07:15.478+0900][19.618s][info][gc,start    ] GC(69) Pause Cleanup
[2026-03-27T14:07:15.478+0900][19.618s][info][gc          ] GC(69) Pause Cleanup 127M->127M(278M) 0.371ms
[2026-03-27T14:07:15.478+0900][19.618s][info][gc,cpu      ] GC(69) User=0.00s Sys=0.00s Real=0.00s
[2026-03-27T14:07:15.478+0900][19.618s][info][gc,marking  ] GC(69) Concurrent Cleanup for Next Mark
[2026-03-27T14:07:15.478+0900][19.619s][info][gc,marking  ] GC(69) Concurrent Cleanup for Next Mark 0.737ms
[2026-03-27T14:07:15.478+0900][19.619s][info][gc          ] GC(69) Concurrent Mark Cycle 7.961ms
[2026-03-27T14:07:15.542+0900][19.672s][info][gc,start    ] GC(70) Pause Young (Concurrent Start) (G1 Humongous Allocation)
[2026-03-27T14:07:15.542+0900][19.673s][info][gc,task     ] GC(70) Using 6 workers of 8 for evacuation
[2026-03-27T14:07:15.542+0900][19.674s][info][gc,phases   ] GC(70)   Pre Evacuate Collection Set: 0.3ms
[2026-03-27T14:07:15.542+0900][19.674s][info][gc,phases   ] GC(70)   Merge Heap Roots: 0.2ms
[2026-03-27T14:07:15.542+0900][19.674s][info][gc,phases   ] GC(70)   Evacuate Collection Set: 0.3ms
[2026-03-27T14:07:15.542+0900][19.674s][info][gc,phases   ] GC(70)   Post Evacuate Collection Set: 0.4ms
[2026-03-27T14:07:15.542+0900][19.674s][info][gc,phases   ] GC(70)   Other: 0.3ms
[2026-03-27T14:07:15.542+0900][19.674s][info][gc,heap     ] GC(70) Eden regions: 1->0(121)
[2026-03-27T14:07:15.542+0900][19.674s][info][gc,heap     ] GC(70) Survivor regions: 1->1(16)
[2026-03-27T14:07:15.542+0900][19.674s][info][gc,heap     ] GC(70) Old regions: 1->1
[2026-03-27T14:07:15.542+0900][19.674s][info][gc,heap     ] GC(70) Archive regions: 0->0
[2026-03-27T14:07:15.542+0900][19.674s][info][gc,heap     ] GC(70) Humongous regions: 127->126
[2026-03-27T14:07:15.542+0900][19.675s][info][gc,metaspace] GC(70) Metaspace: 166K(384K)->166K(384K) NonClass: 157K(256K)->157K(256K) Class: 9K(128K)->9K(128K)
[2026-03-27T14:07:15.542+0900][19.675s][info][gc          ] GC(70) Pause Young (Concurrent Start) (G1 Humongous Allocation) 128M->126M(278M) 2.216ms
[2026-03-27T14:07:15.542+0900][19.675s][info][gc,cpu      ] GC(70) User=0.00s Sys=0.00s Real=0.00s
[2026-03-27T14:07:15.542+0900][19.675s][info][gc          ] GC(71) Concurrent Mark Cycle
[2026-03-27T14:07:15.542+0900][19.675s][info][gc,marking  ] GC(71) Concurrent Clear Claimed Marks
[2026-03-27T14:07:15.542+0900][19.675s][info][gc,marking  ] GC(71) Concurrent Clear Claimed Marks 0.057ms
[2026-03-27T14:07:15.542+0900][19.675s][info][gc,marking  ] GC(71) Concurrent Scan Root Regions
[2026-03-27T14:07:15.542+0900][19.675s][info][gc,marking  ] GC(71) Concurrent Scan Root Regions 0.224ms
[2026-03-27T14:07:15.542+0900][19.675s][info][gc,marking  ] GC(71) Concurrent Mark
[2026-03-27T14:07:15.542+0900][19.675s][info][gc,marking  ] GC(71) Concurrent Mark From Roots
[2026-03-27T14:07:15.542+0900][19.675s][info][gc,task     ] GC(71) Using 2 workers of 2 for marking
[2026-03-27T14:07:15.542+0900][19.677s][info][gc,marking  ] GC(71) Concurrent Mark From Roots 2.052ms
[2026-03-27T14:07:15.542+0900][19.677s][info][gc,marking  ] GC(71) Concurrent Preclean
[2026-03-27T14:07:15.542+0900][19.678s][info][gc,marking  ] GC(71) Concurrent Preclean 0.044ms
[2026-03-27T14:07:15.542+0900][19.678s][info][gc,start    ] GC(71) Pause Remark
[2026-03-27T14:07:15.542+0900][19.679s][info][gc          ] GC(71) Pause Remark 127M->127M(278M) 1.275ms
[2026-03-27T14:07:15.542+0900][19.679s][info][gc,cpu      ] GC(71) User=0.00s Sys=0.00s Real=0.00s
[2026-03-27T14:07:15.542+0900][19.680s][info][gc,marking  ] GC(71) Concurrent Mark 4.264ms
[2026-03-27T14:07:15.542+0900][19.680s][info][gc,marking  ] GC(71) Concurrent Rebuild Remembered Sets
[2026-03-27T14:07:15.542+0900][19.681s][info][gc,marking  ] GC(71) Concurrent Rebuild Remembered Sets 1.044ms
[2026-03-27T14:07:15.542+0900][19.681s][info][gc,start    ] GC(71) Pause Cleanup
[2026-03-27T14:07:15.542+0900][19.682s][info][gc          ] GC(71) Pause Cleanup 127M->127M(278M) 0.378ms
[2026-03-27T14:07:15.542+0900][19.682s][info][gc,cpu      ] GC(71) User=0.00s Sys=0.00s Real=0.00s
[2026-03-27T14:07:15.542+0900][19.682s][info][gc,marking  ] GC(71) Concurrent Cleanup for Next Mark
[2026-03-27T14:07:15.542+0900][19.682s][info][gc,marking  ] GC(71) Concurrent Cleanup for Next Mark 0.685ms
[2026-03-27T14:07:15.542+0900][19.683s][info][gc          ] GC(71) Concurrent Mark Cycle 7.803ms
[2026-03-27T14:07:15.606+0900][19.736s][info][gc,start    ] GC(72) Pause Young (Concurrent Start) (G1 Humongous Allocation)
[2026-03-27T14:07:15.606+0900][19.736s][info][gc,task     ] GC(72) Using 6 workers of 8 for evacuation
[2026-03-27T14:07:15.606+0900][19.738s][info][gc,phases   ] GC(72)   Pre Evacuate Collection Set: 0.2ms
[2026-03-27T14:07:15.606+0900][19.739s][info][gc,phases   ] GC(72)   Merge Heap Roots: 0.2ms
[2026-03-27T14:07:15.606+0900][19.739s][info][gc,phases   ] GC(72)   Evacuate Collection Set: 0.3ms
[2026-03-27T14:07:15.606+0900][19.739s][info][gc,phases   ] GC(72)   Post Evacuate Collection Set: 1.0ms
[2026-03-27T14:07:15.606+0900][19.739s][info][gc,phases   ] GC(72)   Other: 0.3ms
[2026-03-27T14:07:15.606+0900][19.739s][info][gc,heap     ] GC(72) Eden regions: 1->0(121)
[2026-03-27T14:07:15.606+0900][19.739s][info][gc,heap     ] GC(72) Survivor regions: 1->1(16)
[2026-03-27T14:07:15.606+0900][19.739s][info][gc,heap     ] GC(72) Old regions: 1->1
[2026-03-27T14:07:15.606+0900][19.739s][info][gc,heap     ] GC(72) Archive regions: 0->0
[2026-03-27T14:07:15.606+0900][19.739s][info][gc,heap     ] GC(72) Humongous regions: 127->126
[2026-03-27T14:07:15.606+0900][19.739s][info][gc,metaspace] GC(72) Metaspace: 166K(384K)->166K(384K) NonClass: 157K(256K)->157K(256K) Class: 9K(128K)->9K(128K)
[2026-03-27T14:07:15.606+0900][19.739s][info][gc          ] GC(72) Pause Young (Concurrent Start) (G1 Humongous Allocation) 128M->126M(278M) 2.645ms
[2026-03-27T14:07:15.606+0900][19.739s][info][gc,cpu      ] GC(72) User=0.00s Sys=0.00s Real=0.00s
[2026-03-27T14:07:15.606+0900][19.739s][info][gc          ] GC(73) Concurrent Mark Cycle
[2026-03-27T14:07:15.606+0900][19.739s][info][gc,marking  ] GC(73) Concurrent Clear Claimed Marks
[2026-03-27T14:07:15.606+0900][19.739s][info][gc,marking  ] GC(73) Concurrent Clear Claimed Marks 0.041ms
[2026-03-27T14:07:15.606+0900][19.739s][info][gc,marking  ] GC(73) Concurrent Scan Root Regions
[2026-03-27T14:07:15.606+0900][19.739s][info][gc,marking  ] GC(73) Concurrent Scan Root Regions 0.204ms
[2026-03-27T14:07:15.606+0900][19.740s][info][gc,marking  ] GC(73) Concurrent Mark
[2026-03-27T14:07:15.606+0900][19.740s][info][gc,marking  ] GC(73) Concurrent Mark From Roots
[2026-03-27T14:07:15.606+0900][19.740s][info][gc,task     ] GC(73) Using 2 workers of 2 for marking
[2026-03-27T14:07:15.606+0900][19.742s][info][gc,marking  ] GC(73) Concurrent Mark From Roots 1.988ms
[2026-03-27T14:07:15.606+0900][19.742s][info][gc,marking  ] GC(73) Concurrent Preclean
[2026-03-27T14:07:15.606+0900][19.742s][info][gc,marking  ] GC(73) Concurrent Preclean 0.044ms
[2026-03-27T14:07:15.606+0900][19.742s][info][gc,start    ] GC(73) Pause Remark
[2026-03-27T14:07:15.606+0900][19.744s][info][gc          ] GC(73) Pause Remark 127M->127M(278M) 1.430ms
[2026-03-27T14:07:15.606+0900][19.744s][info][gc,cpu      ] GC(73) User=0.02s Sys=0.00s Real=0.00s
[2026-03-27T14:07:15.606+0900][19.744s][info][gc,marking  ] GC(73) Concurrent Mark 4.319ms
[2026-03-27T14:07:15.606+0900][19.744s][info][gc,marking  ] GC(73) Concurrent Rebuild Remembered Sets
[2026-03-27T14:07:15.606+0900][19.745s][info][gc,marking  ] GC(73) Concurrent Rebuild Remembered Sets 1.103ms
[2026-03-27T14:07:15.615+0900][19.746s][info][gc,start    ] GC(73) Pause Cleanup
[2026-03-27T14:07:15.615+0900][19.746s][info][gc          ] GC(73) Pause Cleanup 127M->127M(278M) 0.359ms
[2026-03-27T14:07:15.615+0900][19.746s][info][gc,cpu      ] GC(73) User=0.00s Sys=0.00s Real=0.00s
[2026-03-27T14:07:15.615+0900][19.746s][info][gc,marking  ] GC(73) Concurrent Cleanup for Next Mark
[2026-03-27T14:07:15.615+0900][19.747s][info][gc,marking  ] GC(73) Concurrent Cleanup for Next Mark 0.557ms
[2026-03-27T14:07:15.615+0900][19.747s][info][gc          ] GC(73) Concurrent Mark Cycle 7.882ms
[2026-03-27T14:07:15.670+0900][19.801s][info][gc,start    ] GC(74) Pause Young (Concurrent Start) (G1 Humongous Allocation)
[2026-03-27T14:07:15.670+0900][19.801s][info][gc,task     ] GC(74) Using 6 workers of 8 for evacuation
[2026-03-27T14:07:15.670+0900][19.803s][info][gc,phases   ] GC(74)   Pre Evacuate Collection Set: 0.2ms
[2026-03-27T14:07:15.670+0900][19.803s][info][gc,phases   ] GC(74)   Merge Heap Roots: 0.3ms
[2026-03-27T14:07:15.670+0900][19.803s][info][gc,phases   ] GC(74)   Evacuate Collection Set: 0.3ms
[2026-03-27T14:07:15.670+0900][19.803s][info][gc,phases   ] GC(74)   Post Evacuate Collection Set: 1.0ms
[2026-03-27T14:07:15.670+0900][19.803s][info][gc,phases   ] GC(74)   Other: 0.3ms
[2026-03-27T14:07:15.670+0900][19.803s][info][gc,heap     ] GC(74) Eden regions: 1->0(121)
[2026-03-27T14:07:15.670+0900][19.803s][info][gc,heap     ] GC(74) Survivor regions: 1->1(16)
[2026-03-27T14:07:15.670+0900][19.803s][info][gc,heap     ] GC(74) Old regions: 1->1
[2026-03-27T14:07:15.670+0900][19.803s][info][gc,heap     ] GC(74) Archive regions: 0->0
[2026-03-27T14:07:15.670+0900][19.803s][info][gc,heap     ] GC(74) Humongous regions: 127->126
[2026-03-27T14:07:15.670+0900][19.803s][info][gc,metaspace] GC(74) Metaspace: 166K(384K)->166K(384K) NonClass: 157K(256K)->157K(256K) Class: 9K(128K)->9K(128K)
[2026-03-27T14:07:15.670+0900][19.803s][info][gc          ] GC(74) Pause Young (Concurrent Start) (G1 Humongous Allocation) 128M->126M(278M) 2.837ms
[2026-03-27T14:07:15.670+0900][19.804s][info][gc,cpu      ] GC(74) User=0.00s Sys=0.00s Real=0.00s
[2026-03-27T14:07:15.670+0900][19.804s][info][gc          ] GC(75) Concurrent Mark Cycle
[2026-03-27T14:07:15.670+0900][19.804s][info][gc,marking  ] GC(75) Concurrent Clear Claimed Marks
[2026-03-27T14:07:15.670+0900][19.804s][info][gc,marking  ] GC(75) Concurrent Clear Claimed Marks 0.042ms
[2026-03-27T14:07:15.670+0900][19.804s][info][gc,marking  ] GC(75) Concurrent Scan Root Regions
[2026-03-27T14:07:15.670+0900][19.804s][info][gc,marking  ] GC(75) Concurrent Scan Root Regions 0.198ms
[2026-03-27T14:07:15.670+0900][19.804s][info][gc,marking  ] GC(75) Concurrent Mark
[2026-03-27T14:07:15.670+0900][19.804s][info][gc,marking  ] GC(75) Concurrent Mark From Roots
[2026-03-27T14:07:15.670+0900][19.804s][info][gc,task     ] GC(75) Using 2 workers of 2 for marking
[2026-03-27T14:07:15.670+0900][19.806s][info][gc,marking  ] GC(75) Concurrent Mark From Roots 2.041ms
[2026-03-27T14:07:15.670+0900][19.806s][info][gc,marking  ] GC(75) Concurrent Preclean
[2026-03-27T14:07:15.670+0900][19.806s][info][gc,marking  ] GC(75) Concurrent Preclean 0.045ms
[2026-03-27T14:07:15.670+0900][19.807s][info][gc,start    ] GC(75) Pause Remark
[2026-03-27T14:07:15.670+0900][19.808s][info][gc          ] GC(75) Pause Remark 127M->127M(278M) 1.382ms
[2026-03-27T14:07:15.670+0900][19.808s][info][gc,cpu      ] GC(75) User=0.00s Sys=0.00s Real=0.00s
[2026-03-27T14:07:15.670+0900][19.808s][info][gc,marking  ] GC(75) Concurrent Mark 4.362ms
[2026-03-27T14:07:15.670+0900][19.809s][info][gc,marking  ] GC(75) Concurrent Rebuild Remembered Sets
[2026-03-27T14:07:15.670+0900][19.810s][info][gc,marking  ] GC(75) Concurrent Rebuild Remembered Sets 1.113ms
[2026-03-27T14:07:15.670+0900][19.810s][info][gc,start    ] GC(75) Pause Cleanup
[2026-03-27T14:07:15.670+0900][19.811s][info][gc          ] GC(75) Pause Cleanup 127M->127M(278M) 0.408ms
[2026-03-27T14:07:15.670+0900][19.811s][info][gc,cpu      ] GC(75) User=0.00s Sys=0.00s Real=0.00s
[2026-03-27T14:07:15.670+0900][19.811s][info][gc,marking  ] GC(75) Concurrent Cleanup for Next Mark
[2026-03-27T14:07:15.670+0900][19.811s][info][gc,marking  ] GC(75) Concurrent Cleanup for Next Mark 0.566ms
[2026-03-27T14:07:15.670+0900][19.812s][info][gc          ] GC(75) Concurrent Mark Cycle 7.907ms
[2026-03-27T14:07:15.734+0900][19.865s][info][gc,start    ] GC(76) Pause Young (Concurrent Start) (G1 Humongous Allocation)
[2026-03-27T14:07:15.734+0900][19.865s][info][gc,task     ] GC(76) Using 6 workers of 8 for evacuation
[2026-03-27T14:07:15.734+0900][19.867s][info][gc,phases   ] GC(76)   Pre Evacuate Collection Set: 0.2ms
[2026-03-27T14:07:15.734+0900][19.867s][info][gc,phases   ] GC(76)   Merge Heap Roots: 0.2ms
[2026-03-27T14:07:15.734+0900][19.867s][info][gc,phases   ] GC(76)   Evacuate Collection Set: 0.3ms
[2026-03-27T14:07:15.734+0900][19.867s][info][gc,phases   ] GC(76)   Post Evacuate Collection Set: 1.1ms
[2026-03-27T14:07:15.734+0900][19.867s][info][gc,phases   ] GC(76)   Other: 0.2ms
[2026-03-27T14:07:15.734+0900][19.867s][info][gc,heap     ] GC(76) Eden regions: 1->0(142)
[2026-03-27T14:07:15.734+0900][19.867s][info][gc,heap     ] GC(76) Survivor regions: 1->1(16)
[2026-03-27T14:07:15.734+0900][19.867s][info][gc,heap     ] GC(76) Old regions: 1->1
[2026-03-27T14:07:15.734+0900][19.867s][info][gc,heap     ] GC(76) Archive regions: 0->0
[2026-03-27T14:07:15.734+0900][19.867s][info][gc,heap     ] GC(76) Humongous regions: 127->126
[2026-03-27T14:07:15.734+0900][19.867s][info][gc,metaspace] GC(76) Metaspace: 166K(384K)->166K(384K) NonClass: 157K(256K)->157K(256K) Class: 9K(128K)->9K(128K)
[2026-03-27T14:07:15.734+0900][19.867s][info][gc          ] GC(76) Pause Young (Concurrent Start) (G1 Humongous Allocation) 128M->126M(302M) 2.751ms
[2026-03-27T14:07:15.734+0900][19.867s][info][gc,cpu      ] GC(76) User=0.00s Sys=0.00s Real=0.00s
[2026-03-27T14:07:15.734+0900][19.867s][info][gc          ] GC(77) Concurrent Undo Cycle
[2026-03-27T14:07:15.734+0900][19.868s][info][gc,marking  ] GC(77) Concurrent Cleanup for Next Mark
[2026-03-27T14:07:15.734+0900][19.868s][info][gc,marking  ] GC(77) Concurrent Cleanup for Next Mark 0.232ms
[2026-03-27T14:07:15.734+0900][19.868s][info][gc          ] GC(77) Concurrent Undo Cycle 0.452ms
[2026-03-27T14:07:16.053+0900][20.184s][info][gc,start    ] GC(78) Pause Young (Concurrent Start) (G1 Humongous Allocation)
[2026-03-27T14:07:16.053+0900][20.184s][info][gc,task     ] GC(78) Using 7 workers of 8 for evacuation
[2026-03-27T14:07:16.053+0900][20.186s][info][gc,phases   ] GC(78)   Pre Evacuate Collection Set: 0.2ms
[2026-03-27T14:07:16.053+0900][20.187s][info][gc,phases   ] GC(78)   Merge Heap Roots: 0.2ms
[2026-03-27T14:07:16.053+0900][20.187s][info][gc,phases   ] GC(78)   Evacuate Collection Set: 0.3ms
[2026-03-27T14:07:16.053+0900][20.187s][info][gc,phases   ] GC(78)   Post Evacuate Collection Set: 1.1ms
[2026-03-27T14:07:16.053+0900][20.187s][info][gc,phases   ] GC(78)   Other: 0.6ms
[2026-03-27T14:07:16.053+0900][20.187s][info][gc,heap     ] GC(78) Eden regions: 1->0(139)
[2026-03-27T14:07:16.053+0900][20.187s][info][gc,heap     ] GC(78) Survivor regions: 1->1(18)
[2026-03-27T14:07:16.053+0900][20.187s][info][gc,heap     ] GC(78) Old regions: 1->1
[2026-03-27T14:07:16.053+0900][20.187s][info][gc,heap     ] GC(78) Archive regions: 0->0
[2026-03-27T14:07:16.053+0900][20.187s][info][gc,heap     ] GC(78) Humongous regions: 134->129
[2026-03-27T14:07:16.053+0900][20.187s][info][gc,metaspace] GC(78) Metaspace: 166K(384K)->166K(384K) NonClass: 157K(256K)->157K(256K) Class: 9K(128K)->9K(128K)
[2026-03-27T14:07:16.053+0900][20.187s][info][gc          ] GC(78) Pause Young (Concurrent Start) (G1 Humongous Allocation) 135M->129M(302M) 3.127ms
[2026-03-27T14:07:16.053+0900][20.187s][info][gc,cpu      ] GC(78) User=0.00s Sys=0.00s Real=0.00s
[2026-03-27T14:07:16.053+0900][20.187s][info][gc          ] GC(79) Concurrent Undo Cycle
[2026-03-27T14:07:16.053+0900][20.187s][info][gc,marking  ] GC(79) Concurrent Cleanup for Next Mark
[2026-03-27T14:07:16.053+0900][20.188s][info][gc,marking  ] GC(79) Concurrent Cleanup for Next Mark 0.233ms
[2026-03-27T14:07:16.053+0900][20.188s][info][gc          ] GC(79) Concurrent Undo Cycle 0.464ms
[2026-03-27T14:07:16.374+0900][20.504s][info][gc,start    ] GC(80) Pause Young (Concurrent Start) (G1 Humongous Allocation)
[2026-03-27T14:07:16.374+0900][20.504s][info][gc,task     ] GC(80) Using 7 workers of 8 for evacuation
[2026-03-27T14:07:16.374+0900][20.506s][info][gc,phases   ] GC(80)   Pre Evacuate Collection Set: 0.2ms
[2026-03-27T14:07:16.374+0900][20.507s][info][gc,phases   ] GC(80)   Merge Heap Roots: 0.2ms
[2026-03-27T14:07:16.374+0900][20.507s][info][gc,phases   ] GC(80)   Evacuate Collection Set: 0.5ms
[2026-03-27T14:07:16.374+0900][20.507s][info][gc,phases   ] GC(80)   Post Evacuate Collection Set: 0.9ms
[2026-03-27T14:07:16.374+0900][20.507s][info][gc,phases   ] GC(80)   Other: 0.2ms
[2026-03-27T14:07:16.374+0900][20.507s][info][gc,heap     ] GC(80) Eden regions: 1->0(138)
[2026-03-27T14:07:16.374+0900][20.507s][info][gc,heap     ] GC(80) Survivor regions: 1->1(18)
[2026-03-27T14:07:16.374+0900][20.507s][info][gc,heap     ] GC(80) Old regions: 1->1
[2026-03-27T14:07:16.374+0900][20.507s][info][gc,heap     ] GC(80) Archive regions: 0->0
[2026-03-27T14:07:16.374+0900][20.507s][info][gc,heap     ] GC(80) Humongous regions: 135->130
[2026-03-27T14:07:16.374+0900][20.507s][info][gc,metaspace] GC(80) Metaspace: 166K(384K)->166K(384K) NonClass: 157K(256K)->157K(256K) Class: 9K(128K)->9K(128K)
[2026-03-27T14:07:16.374+0900][20.507s][info][gc          ] GC(80) Pause Young (Concurrent Start) (G1 Humongous Allocation) 136M->130M(302M) 2.723ms
[2026-03-27T14:07:16.374+0900][20.507s][info][gc,cpu      ] GC(80) User=0.00s Sys=0.00s Real=0.00s
[2026-03-27T14:07:16.374+0900][20.507s][info][gc          ] GC(81) Concurrent Undo Cycle
[2026-03-27T14:07:16.374+0900][20.507s][info][gc,marking  ] GC(81) Concurrent Cleanup for Next Mark
[2026-03-27T14:07:16.374+0900][20.507s][info][gc,marking  ] GC(81) Concurrent Cleanup for Next Mark 0.245ms
[2026-03-27T14:07:16.374+0900][20.508s][info][gc          ] GC(81) Concurrent Undo Cycle 0.478ms
[2026-03-27T14:07:16.555+0900][20.685s][info][gc,start    ] GC(82) Pause Young (Concurrent Start) (G1 Humongous Allocation)
[2026-03-27T14:07:16.555+0900][20.685s][info][gc,task     ] GC(82) Using 7 workers of 8 for evacuation
[2026-03-27T14:07:16.555+0900][20.686s][info][gc,phases   ] GC(82)   Pre Evacuate Collection Set: 0.1ms
[2026-03-27T14:07:16.555+0900][20.687s][info][gc,phases   ] GC(82)   Merge Heap Roots: 0.1ms
[2026-03-27T14:07:16.555+0900][20.687s][info][gc,phases   ] GC(82)   Evacuate Collection Set: 0.2ms
[2026-03-27T14:07:16.555+0900][20.687s][info][gc,phases   ] GC(82)   Post Evacuate Collection Set: 0.6ms
[2026-03-27T14:07:16.555+0900][20.687s][info][gc,phases   ] GC(82)   Other: 0.2ms
[2026-03-27T14:07:16.555+0900][20.687s][info][gc,heap     ] GC(82) Eden regions: 1->0(136)
[2026-03-27T14:07:16.555+0900][20.687s][info][gc,heap     ] GC(82) Survivor regions: 1->1(18)
[2026-03-27T14:07:16.555+0900][20.687s][info][gc,heap     ] GC(82) Old regions: 1->1
[2026-03-27T14:07:16.555+0900][20.687s][info][gc,heap     ] GC(82) Archive regions: 0->0
[2026-03-27T14:07:16.555+0900][20.687s][info][gc,heap     ] GC(82) Humongous regions: 135->132
[2026-03-27T14:07:16.555+0900][20.687s][info][gc,metaspace] GC(82) Metaspace: 166K(384K)->166K(384K) NonClass: 157K(256K)->157K(256K) Class: 9K(128K)->9K(128K)
[2026-03-27T14:07:16.555+0900][20.687s][info][gc          ] GC(82) Pause Young (Concurrent Start) (G1 Humongous Allocation) 136M->132M(302M) 1.615ms
[2026-03-27T14:07:16.555+0900][20.687s][info][gc,cpu      ] GC(82) User=0.00s Sys=0.00s Real=0.00s
[2026-03-27T14:07:16.555+0900][20.687s][info][gc          ] GC(83) Concurrent Undo Cycle
[2026-03-27T14:07:16.555+0900][20.687s][info][gc,marking  ] GC(83) Concurrent Cleanup for Next Mark
[2026-03-27T14:07:16.555+0900][20.687s][info][gc,marking  ] GC(83) Concurrent Cleanup for Next Mark 0.141ms
[2026-03-27T14:07:16.555+0900][20.687s][info][gc          ] GC(83) Concurrent Undo Cycle 0.258ms
[2026-03-27T14:07:16.681+0900][20.812s][info][gc,start    ] GC(84) Pause Young (Concurrent Start) (G1 Humongous Allocation)
[2026-03-27T14:07:16.681+0900][20.812s][info][gc,task     ] GC(84) Using 7 workers of 8 for evacuation
[2026-03-27T14:07:16.681+0900][20.814s][info][gc,phases   ] GC(84)   Pre Evacuate Collection Set: 0.3ms
[2026-03-27T14:07:16.681+0900][20.814s][info][gc,phases   ] GC(84)   Merge Heap Roots: 0.2ms
[2026-03-27T14:07:16.681+0900][20.814s][info][gc,phases   ] GC(84)   Evacuate Collection Set: 0.3ms
[2026-03-27T14:07:16.681+0900][20.814s][info][gc,phases   ] GC(84)   Post Evacuate Collection Set: 0.9ms
[2026-03-27T14:07:16.681+0900][20.814s][info][gc,phases   ] GC(84)   Other: 0.3ms
[2026-03-27T14:07:16.681+0900][20.814s][info][gc,heap     ] GC(84) Eden regions: 1->0(135)
[2026-03-27T14:07:16.681+0900][20.815s][info][gc,heap     ] GC(84) Survivor regions: 1->1(18)
[2026-03-27T14:07:16.681+0900][20.815s][info][gc,heap     ] GC(84) Old regions: 1->1
[2026-03-27T14:07:16.681+0900][20.815s][info][gc,heap     ] GC(84) Archive regions: 0->0
[2026-03-27T14:07:16.681+0900][20.815s][info][gc,heap     ] GC(84) Humongous regions: 135->133
[2026-03-27T14:07:16.681+0900][20.815s][info][gc,metaspace] GC(84) Metaspace: 166K(384K)->166K(384K) NonClass: 157K(256K)->157K(256K) Class: 9K(128K)->9K(128K)
[2026-03-27T14:07:16.681+0900][20.815s][info][gc          ] GC(84) Pause Young (Concurrent Start) (G1 Humongous Allocation) 136M->133M(302M) 2.701ms
[2026-03-27T14:07:16.681+0900][20.815s][info][gc,cpu      ] GC(84) User=0.00s Sys=0.00s Real=0.00s
[2026-03-27T14:07:16.681+0900][20.815s][info][gc          ] GC(85) Concurrent Undo Cycle
[2026-03-27T14:07:16.681+0900][20.815s][info][gc,marking  ] GC(85) Concurrent Cleanup for Next Mark
[2026-03-27T14:07:16.681+0900][20.815s][info][gc,marking  ] GC(85) Concurrent Cleanup for Next Mark 0.259ms
[2026-03-27T14:07:16.681+0900][20.815s][info][gc          ] GC(85) Concurrent Undo Cycle 0.492ms
[2026-03-27T14:07:16.745+0900][20.875s][info][gc,start    ] GC(86) Pause Young (Concurrent Start) (G1 Humongous Allocation)
[2026-03-27T14:07:16.745+0900][20.876s][info][gc,task     ] GC(86) Using 7 workers of 8 for evacuation
[2026-03-27T14:07:16.745+0900][20.876s][info][gc,phases   ] GC(86)   Pre Evacuate Collection Set: 0.2ms
[2026-03-27T14:07:16.745+0900][20.876s][info][gc,phases   ] GC(86)   Merge Heap Roots: 0.0ms
[2026-03-27T14:07:16.745+0900][20.876s][info][gc,phases   ] GC(86)   Evacuate Collection Set: 0.2ms
[2026-03-27T14:07:16.745+0900][20.876s][info][gc,phases   ] GC(86)   Post Evacuate Collection Set: 0.1ms
[2026-03-27T14:07:16.745+0900][20.876s][info][gc,phases   ] GC(86)   Other: 0.2ms
[2026-03-27T14:07:16.745+0900][20.876s][info][gc,heap     ] GC(86) Eden regions: 1->0(134)
[2026-03-27T14:07:16.745+0900][20.876s][info][gc,heap     ] GC(86) Survivor regions: 1->1(17)
[2026-03-27T14:07:16.745+0900][20.876s][info][gc,heap     ] GC(86) Old regions: 1->1
[2026-03-27T14:07:16.745+0900][20.876s][info][gc,heap     ] GC(86) Archive regions: 0->0
[2026-03-27T14:07:16.745+0900][20.876s][info][gc,heap     ] GC(86) Humongous regions: 135->134
[2026-03-27T14:07:16.745+0900][20.876s][info][gc,metaspace] GC(86) Metaspace: 166K(384K)->166K(384K) NonClass: 157K(256K)->157K(256K) Class: 9K(128K)->9K(128K)
[2026-03-27T14:07:16.745+0900][20.876s][info][gc          ] GC(86) Pause Young (Concurrent Start) (G1 Humongous Allocation) 136M->134M(302M) 1.103ms
[2026-03-27T14:07:16.745+0900][20.876s][info][gc,cpu      ] GC(86) User=0.00s Sys=0.00s Real=0.00s
[2026-03-27T14:07:16.745+0900][20.876s][info][gc          ] GC(87) Concurrent Undo Cycle
[2026-03-27T14:07:16.745+0900][20.877s][info][gc,marking  ] GC(87) Concurrent Cleanup for Next Mark
[2026-03-27T14:07:16.745+0900][20.877s][info][gc,marking  ] GC(87) Concurrent Cleanup for Next Mark 0.143ms
[2026-03-27T14:07:16.745+0900][20.877s][info][gc          ] GC(87) Concurrent Undo Cycle 0.292ms
[2026-03-27T14:07:16.808+0900][20.938s][info][gc,start    ] GC(88) Pause Young (Concurrent Start) (G1 Humongous Allocation)
[2026-03-27T14:07:16.808+0900][20.939s][info][gc,task     ] GC(88) Using 7 workers of 8 for evacuation
[2026-03-27T14:07:16.808+0900][20.939s][info][gc,phases   ] GC(88)   Pre Evacuate Collection Set: 0.1ms
[2026-03-27T14:07:16.808+0900][20.939s][info][gc,phases   ] GC(88)   Merge Heap Roots: 0.0ms
[2026-03-27T14:07:16.808+0900][20.939s][info][gc,phases   ] GC(88)   Evacuate Collection Set: 0.1ms
[2026-03-27T14:07:16.808+0900][20.939s][info][gc,phases   ] GC(88)   Post Evacuate Collection Set: 0.1ms
[2026-03-27T14:07:16.808+0900][20.939s][info][gc,phases   ] GC(88)   Other: 0.1ms
[2026-03-27T14:07:16.808+0900][20.939s][info][gc,heap     ] GC(88) Eden regions: 1->0(134)
[2026-03-27T14:07:16.808+0900][20.939s][info][gc,heap     ] GC(88) Survivor regions: 1->1(17)
[2026-03-27T14:07:16.808+0900][20.939s][info][gc,heap     ] GC(88) Old regions: 1->1
[2026-03-27T14:07:16.808+0900][20.939s][info][gc,heap     ] GC(88) Archive regions: 0->0
[2026-03-27T14:07:16.808+0900][20.939s][info][gc,heap     ] GC(88) Humongous regions: 135->134
[2026-03-27T14:07:16.808+0900][20.939s][info][gc,metaspace] GC(88) Metaspace: 166K(384K)->166K(384K) NonClass: 157K(256K)->157K(256K) Class: 9K(128K)->9K(128K)
[2026-03-27T14:07:16.808+0900][20.939s][info][gc          ] GC(88) Pause Young (Concurrent Start) (G1 Humongous Allocation) 136M->134M(302M) 0.604ms
[2026-03-27T14:07:16.808+0900][20.939s][info][gc,cpu      ] GC(88) User=0.00s Sys=0.00s Real=0.00s
[2026-03-27T14:07:16.808+0900][20.939s][info][gc          ] GC(89) Concurrent Undo Cycle
[2026-03-27T14:07:16.808+0900][20.939s][info][gc,marking  ] GC(89) Concurrent Cleanup for Next Mark
[2026-03-27T14:07:16.808+0900][20.939s][info][gc,marking  ] GC(89) Concurrent Cleanup for Next Mark 0.046ms
[2026-03-27T14:07:16.808+0900][20.939s][info][gc          ] GC(89) Concurrent Undo Cycle 0.141ms
[2026-03-27T14:07:16.872+0900][21.002s][info][gc,start    ] GC(90) Pause Young (Concurrent Start) (G1 Humongous Allocation)
[2026-03-27T14:07:16.872+0900][21.002s][info][gc,task     ] GC(90) Using 7 workers of 8 for evacuation
[2026-03-27T14:07:16.872+0900][21.002s][info][gc,phases   ] GC(90)   Pre Evacuate Collection Set: 0.1ms
[2026-03-27T14:07:16.872+0900][21.002s][info][gc,phases   ] GC(90)   Merge Heap Roots: 0.1ms
[2026-03-27T14:07:16.872+0900][21.002s][info][gc,phases   ] GC(90)   Evacuate Collection Set: 0.1ms
[2026-03-27T14:07:16.872+0900][21.002s][info][gc,phases   ] GC(90)   Post Evacuate Collection Set: 0.3ms
[2026-03-27T14:07:16.872+0900][21.002s][info][gc,phases   ] GC(90)   Other: 0.1ms
[2026-03-27T14:07:16.872+0900][21.002s][info][gc,heap     ] GC(90) Eden regions: 1->0(134)
[2026-03-27T14:07:16.872+0900][21.002s][info][gc,heap     ] GC(90) Survivor regions: 1->1(17)
[2026-03-27T14:07:16.872+0900][21.003s][info][gc,heap     ] GC(90) Old regions: 1->1
[2026-03-27T14:07:16.872+0900][21.003s][info][gc,heap     ] GC(90) Archive regions: 0->0
[2026-03-27T14:07:16.872+0900][21.003s][info][gc,heap     ] GC(90) Humongous regions: 135->134
[2026-03-27T14:07:16.872+0900][21.003s][info][gc,metaspace] GC(90) Metaspace: 166K(384K)->166K(384K) NonClass: 157K(256K)->157K(256K) Class: 9K(128K)->9K(128K)
[2026-03-27T14:07:16.872+0900][21.003s][info][gc          ] GC(90) Pause Young (Concurrent Start) (G1 Humongous Allocation) 136M->134M(302M) 0.949ms
[2026-03-27T14:07:16.872+0900][21.003s][info][gc,cpu      ] GC(90) User=0.00s Sys=0.00s Real=0.00s
[2026-03-27T14:07:16.872+0900][21.003s][info][gc          ] GC(91) Concurrent Undo Cycle
[2026-03-27T14:07:16.872+0900][21.003s][info][gc,marking  ] GC(91) Concurrent Cleanup for Next Mark
[2026-03-27T14:07:16.872+0900][21.003s][info][gc,marking  ] GC(91) Concurrent Cleanup for Next Mark 0.050ms
[2026-03-27T14:07:16.872+0900][21.003s][info][gc          ] GC(91) Concurrent Undo Cycle 0.160ms
[2026-03-27T14:07:16.935+0900][21.065s][info][gc,start    ] GC(92) Pause Young (Concurrent Start) (G1 Humongous Allocation)
[2026-03-27T14:07:16.935+0900][21.065s][info][gc,task     ] GC(92) Using 7 workers of 8 for evacuation
[2026-03-27T14:07:16.935+0900][21.065s][info][gc,phases   ] GC(92)   Pre Evacuate Collection Set: 0.1ms
[2026-03-27T14:07:16.935+0900][21.065s][info][gc,phases   ] GC(92)   Merge Heap Roots: 0.0ms
[2026-03-27T14:07:16.935+0900][21.065s][info][gc,phases   ] GC(92)   Evacuate Collection Set: 0.1ms
[2026-03-27T14:07:16.935+0900][21.065s][info][gc,phases   ] GC(92)   Post Evacuate Collection Set: 0.1ms
[2026-03-27T14:07:16.935+0900][21.066s][info][gc,phases   ] GC(92)   Other: 0.1ms
[2026-03-27T14:07:16.935+0900][21.066s][info][gc,heap     ] GC(92) Eden regions: 1->0(134)
[2026-03-27T14:07:16.935+0900][21.066s][info][gc,heap     ] GC(92) Survivor regions: 1->1(17)
[2026-03-27T14:07:16.935+0900][21.066s][info][gc,heap     ] GC(92) Old regions: 1->1
[2026-03-27T14:07:16.935+0900][21.066s][info][gc,heap     ] GC(92) Archive regions: 0->0
[2026-03-27T14:07:16.935+0900][21.066s][info][gc,heap     ] GC(92) Humongous regions: 135->134
[2026-03-27T14:07:16.935+0900][21.066s][info][gc,metaspace] GC(92) Metaspace: 166K(384K)->166K(384K) NonClass: 157K(256K)->157K(256K) Class: 9K(128K)->9K(128K)
[2026-03-27T14:07:16.935+0900][21.066s][info][gc          ] GC(92) Pause Young (Concurrent Start) (G1 Humongous Allocation) 136M->134M(302M) 0.599ms
[2026-03-27T14:07:16.935+0900][21.066s][info][gc,cpu      ] GC(92) User=0.00s Sys=0.00s Real=0.00s
[2026-03-27T14:07:16.935+0900][21.066s][info][gc          ] GC(93) Concurrent Undo Cycle
[2026-03-27T14:07:16.935+0900][21.066s][info][gc,marking  ] GC(93) Concurrent Cleanup for Next Mark
[2026-03-27T14:07:16.935+0900][21.066s][info][gc,marking  ] GC(93) Concurrent Cleanup for Next Mark 0.035ms
[2026-03-27T14:07:16.935+0900][21.066s][info][gc          ] GC(93) Concurrent Undo Cycle 0.113ms
[2026-03-27T14:07:16.999+0900][21.129s][info][gc,start    ] GC(94) Pause Young (Concurrent Start) (G1 Humongous Allocation)
[2026-03-27T14:07:16.999+0900][21.130s][info][gc,task     ] GC(94) Using 7 workers of 8 for evacuation
[2026-03-27T14:07:16.999+0900][21.131s][info][gc,phases   ] GC(94)   Pre Evacuate Collection Set: 0.2ms
[2026-03-27T14:07:16.999+0900][21.131s][info][gc,phases   ] GC(94)   Merge Heap Roots: 0.1ms
[2026-03-27T14:07:16.999+0900][21.131s][info][gc,phases   ] GC(94)   Evacuate Collection Set: 0.3ms
[2026-03-27T14:07:16.999+0900][21.131s][info][gc,phases   ] GC(94)   Post Evacuate Collection Set: 0.7ms
[2026-03-27T14:07:16.999+0900][21.131s][info][gc,phases   ] GC(94)   Other: 0.2ms
[2026-03-27T14:07:16.999+0900][21.131s][info][gc,heap     ] GC(94) Eden regions: 1->0(134)
[2026-03-27T14:07:16.999+0900][21.131s][info][gc,heap     ] GC(94) Survivor regions: 1->1(17)
[2026-03-27T14:07:16.999+0900][21.131s][info][gc,heap     ] GC(94) Old regions: 1->1
[2026-03-27T14:07:16.999+0900][21.131s][info][gc,heap     ] GC(94) Archive regions: 0->0
[2026-03-27T14:07:16.999+0900][21.131s][info][gc,heap     ] GC(94) Humongous regions: 135->134
[2026-03-27T14:07:16.999+0900][21.131s][info][gc,metaspace] GC(94) Metaspace: 166K(384K)->166K(384K) NonClass: 157K(256K)->157K(256K) Class: 9K(128K)->9K(128K)
[2026-03-27T14:07:16.999+0900][21.131s][info][gc          ] GC(94) Pause Young (Concurrent Start) (G1 Humongous Allocation) 136M->134M(302M) 2.086ms
[2026-03-27T14:07:16.999+0900][21.131s][info][gc,cpu      ] GC(94) User=0.00s Sys=0.00s Real=0.00s
[2026-03-27T14:07:16.999+0900][21.132s][info][gc          ] GC(95) Concurrent Undo Cycle
[2026-03-27T14:07:16.999+0900][21.132s][info][gc,marking  ] GC(95) Concurrent Cleanup for Next Mark
[2026-03-27T14:07:16.999+0900][21.132s][info][gc,marking  ] GC(95) Concurrent Cleanup for Next Mark 0.200ms
[2026-03-27T14:07:16.999+0900][21.132s][info][gc          ] GC(95) Concurrent Undo Cycle 0.404ms
[2026-03-27T14:07:17.063+0900][21.193s][info][gc,start    ] GC(96) Pause Young (Concurrent Start) (G1 Humongous Allocation)
[2026-03-27T14:07:17.063+0900][21.194s][info][gc,task     ] GC(96) Using 7 workers of 8 for evacuation
[2026-03-27T14:07:17.063+0900][21.195s][info][gc,phases   ] GC(96)   Pre Evacuate Collection Set: 0.2ms
[2026-03-27T14:07:17.063+0900][21.195s][info][gc,phases   ] GC(96)   Merge Heap Roots: 0.2ms
[2026-03-27T14:07:17.063+0900][21.195s][info][gc,phases   ] GC(96)   Evacuate Collection Set: 0.3ms
[2026-03-27T14:07:17.063+0900][21.195s][info][gc,phases   ] GC(96)   Post Evacuate Collection Set: 0.7ms
[2026-03-27T14:07:17.063+0900][21.195s][info][gc,phases   ] GC(96)   Other: 0.2ms
[2026-03-27T14:07:17.063+0900][21.195s][info][gc,heap     ] GC(96) Eden regions: 1->0(132)
[2026-03-27T14:07:17.063+0900][21.196s][info][gc,heap     ] GC(96) Survivor regions: 1->1(17)
[2026-03-27T14:07:17.063+0900][21.196s][info][gc,heap     ] GC(96) Old regions: 1->1
[2026-03-27T14:07:17.063+0900][21.196s][info][gc,heap     ] GC(96) Archive regions: 0->0
[2026-03-27T14:07:17.063+0900][21.196s][info][gc,heap     ] GC(96) Humongous regions: 137->136
[2026-03-27T14:07:17.063+0900][21.196s][info][gc,metaspace] GC(96) Metaspace: 166K(384K)->166K(384K) NonClass: 157K(256K)->157K(256K) Class: 9K(128K)->9K(128K)
[2026-03-27T14:07:17.063+0900][21.196s][info][gc          ] GC(96) Pause Young (Concurrent Start) (G1 Humongous Allocation) 138M->136M(302M) 2.367ms
[2026-03-27T14:07:17.063+0900][21.196s][info][gc,cpu      ] GC(96) User=0.00s Sys=0.00s Real=0.00s
[2026-03-27T14:07:17.063+0900][21.196s][info][gc          ] GC(97) Concurrent Mark Cycle
[2026-03-27T14:07:17.063+0900][21.196s][info][gc,marking  ] GC(97) Concurrent Clear Claimed Marks
[2026-03-27T14:07:17.063+0900][21.196s][info][gc,marking  ] GC(97) Concurrent Clear Claimed Marks 0.059ms
[2026-03-27T14:07:17.063+0900][21.196s][info][gc,marking  ] GC(97) Concurrent Scan Root Regions
[2026-03-27T14:07:17.063+0900][21.196s][info][gc,marking  ] GC(97) Concurrent Scan Root Regions 0.143ms
[2026-03-27T14:07:17.063+0900][21.196s][info][gc,marking  ] GC(97) Concurrent Mark
[2026-03-27T14:07:17.063+0900][21.196s][info][gc,marking  ] GC(97) Concurrent Mark From Roots
[2026-03-27T14:07:17.063+0900][21.196s][info][gc,task     ] GC(97) Using 2 workers of 2 for marking
[2026-03-27T14:07:17.067+0900][21.199s][info][gc,marking  ] GC(97) Concurrent Mark From Roots 2.848ms
[2026-03-27T14:07:17.067+0900][21.199s][info][gc,marking  ] GC(97) Concurrent Preclean
[2026-03-27T14:07:17.067+0900][21.199s][info][gc,marking  ] GC(97) Concurrent Preclean 0.055ms
[2026-03-27T14:07:17.067+0900][21.200s][info][gc,start    ] GC(97) Pause Remark
[2026-03-27T14:07:17.067+0900][21.201s][info][gc          ] GC(97) Pause Remark 137M->137M(302M) 0.958ms
[2026-03-27T14:07:17.067+0900][21.201s][info][gc,cpu      ] GC(97) User=0.00s Sys=0.00s Real=0.00s
[2026-03-27T14:07:17.067+0900][21.201s][info][gc,marking  ] GC(97) Concurrent Mark 4.381ms
[2026-03-27T14:07:17.067+0900][21.201s][info][gc,marking  ] GC(97) Concurrent Rebuild Remembered Sets
[2026-03-27T14:07:17.067+0900][21.202s][info][gc,marking  ] GC(97) Concurrent Rebuild Remembered Sets 0.779ms
[2026-03-27T14:07:17.067+0900][21.202s][info][gc,start    ] GC(97) Pause Cleanup
[2026-03-27T14:07:17.067+0900][21.202s][info][gc          ] GC(97) Pause Cleanup 137M->137M(302M) 0.218ms
[2026-03-27T14:07:17.067+0900][21.202s][info][gc,cpu      ] GC(97) User=0.00s Sys=0.00s Real=0.00s
[2026-03-27T14:07:17.067+0900][21.202s][info][gc,marking  ] GC(97) Concurrent Cleanup for Next Mark
[2026-03-27T14:07:17.067+0900][21.203s][info][gc,marking  ] GC(97) Concurrent Cleanup for Next Mark 0.472ms
[2026-03-27T14:07:17.067+0900][21.203s][info][gc          ] GC(97) Concurrent Mark Cycle 6.915ms
[2026-03-27T14:07:17.117+0900][21.247s][info][gc,start    ] GC(98) Pause Young (Concurrent Start) (G1 Humongous Allocation)
[2026-03-27T14:07:17.117+0900][21.247s][info][gc,task     ] GC(98) Using 7 workers of 8 for evacuation
[2026-03-27T14:07:17.119+0900][21.250s][info][gc,phases   ] GC(98)   Pre Evacuate Collection Set: 0.3ms
[2026-03-27T14:07:17.119+0900][21.250s][info][gc,phases   ] GC(98)   Merge Heap Roots: 0.2ms
[2026-03-27T14:07:17.119+0900][21.250s][info][gc,phases   ] GC(98)   Evacuate Collection Set: 0.4ms
[2026-03-27T14:07:17.119+0900][21.250s][info][gc,phases   ] GC(98)   Post Evacuate Collection Set: 0.8ms
[2026-03-27T14:07:17.119+0900][21.250s][info][gc,phases   ] GC(98)   Other: 0.3ms
[2026-03-27T14:07:17.119+0900][21.250s][info][gc,heap     ] GC(98) Eden regions: 1->0(132)
[2026-03-27T14:07:17.119+0900][21.250s][info][gc,heap     ] GC(98) Survivor regions: 1->1(17)
[2026-03-27T14:07:17.119+0900][21.250s][info][gc,heap     ] GC(98) Old regions: 1->1
[2026-03-27T14:07:17.119+0900][21.250s][info][gc,heap     ] GC(98) Archive regions: 0->0
[2026-03-27T14:07:17.119+0900][21.250s][info][gc,heap     ] GC(98) Humongous regions: 137->136
[2026-03-27T14:07:17.119+0900][21.250s][info][gc,metaspace] GC(98) Metaspace: 166K(384K)->166K(384K) NonClass: 157K(256K)->157K(256K) Class: 9K(128K)->9K(128K)
[2026-03-27T14:07:17.119+0900][21.250s][info][gc          ] GC(98) Pause Young (Concurrent Start) (G1 Humongous Allocation) 138M->136M(302M) 2.822ms
[2026-03-27T14:07:17.119+0900][21.250s][info][gc,cpu      ] GC(98) User=0.00s Sys=0.00s Real=0.00s
[2026-03-27T14:07:17.119+0900][21.250s][info][gc          ] GC(99) Concurrent Mark Cycle
[2026-03-27T14:07:17.119+0900][21.250s][info][gc,marking  ] GC(99) Concurrent Clear Claimed Marks
[2026-03-27T14:07:17.119+0900][21.250s][info][gc,marking  ] GC(99) Concurrent Clear Claimed Marks 0.044ms
[2026-03-27T14:07:17.119+0900][21.250s][info][gc,marking  ] GC(99) Concurrent Scan Root Regions
[2026-03-27T14:07:17.119+0900][21.251s][info][gc,marking  ] GC(99) Concurrent Scan Root Regions 0.265ms
[2026-03-27T14:07:17.119+0900][21.251s][info][gc,marking  ] GC(99) Concurrent Mark
[2026-03-27T14:07:17.119+0900][21.251s][info][gc,marking  ] GC(99) Concurrent Mark From Roots
[2026-03-27T14:07:17.119+0900][21.251s][info][gc,task     ] GC(99) Using 2 workers of 2 for marking
[2026-03-27T14:07:17.119+0900][21.253s][info][gc,marking  ] GC(99) Concurrent Mark From Roots 1.856ms
[2026-03-27T14:07:17.119+0900][21.253s][info][gc,marking  ] GC(99) Concurrent Preclean
[2026-03-27T14:07:17.119+0900][21.253s][info][gc,marking  ] GC(99) Concurrent Preclean 0.044ms
[2026-03-27T14:07:17.119+0900][21.253s][info][gc,start    ] GC(99) Pause Remark
[2026-03-27T14:07:17.119+0900][21.255s][info][gc          ] GC(99) Pause Remark 137M->137M(302M) 1.417ms
[2026-03-27T14:07:17.119+0900][21.255s][info][gc,cpu      ] GC(99) User=0.00s Sys=0.00s Real=0.00s
[2026-03-27T14:07:17.119+0900][21.255s][info][gc,marking  ] GC(99) Concurrent Mark 4.066ms
[2026-03-27T14:07:17.119+0900][21.255s][info][gc,marking  ] GC(99) Concurrent Rebuild Remembered Sets
[2026-03-27T14:07:17.119+0900][21.256s][info][gc,marking  ] GC(99) Concurrent Rebuild Remembered Sets 0.745ms
[2026-03-27T14:07:17.119+0900][21.256s][info][gc,start    ] GC(99) Pause Cleanup
[2026-03-27T14:07:17.119+0900][21.256s][info][gc          ] GC(99) Pause Cleanup 137M->137M(302M) 0.215ms
[2026-03-27T14:07:17.119+0900][21.256s][info][gc,cpu      ] GC(99) User=0.00s Sys=0.00s Real=0.00s
[2026-03-27T14:07:17.119+0900][21.256s][info][gc,marking  ] GC(99) Concurrent Cleanup for Next Mark
[2026-03-27T14:07:17.119+0900][21.257s][info][gc,marking  ] GC(99) Concurrent Cleanup for Next Mark 0.523ms
[2026-03-27T14:07:17.119+0900][21.257s][info][gc          ] GC(99) Concurrent Mark Cycle 6.819ms
[2026-03-27T14:07:17.182+0900][21.312s][info][gc,start    ] GC(100) Pause Young (Concurrent Start) (G1 Humongous Allocation)
[2026-03-27T14:07:17.182+0900][21.312s][info][gc,task     ] GC(100) Using 7 workers of 8 for evacuation
[2026-03-27T14:07:17.182+0900][21.314s][info][gc,phases   ] GC(100)   Pre Evacuate Collection Set: 0.2ms
[2026-03-27T14:07:17.182+0900][21.314s][info][gc,phases   ] GC(100)   Merge Heap Roots: 0.2ms
[2026-03-27T14:07:17.182+0900][21.314s][info][gc,phases   ] GC(100)   Evacuate Collection Set: 0.2ms
[2026-03-27T14:07:17.182+0900][21.314s][info][gc,phases   ] GC(100)   Post Evacuate Collection Set: 0.5ms
[2026-03-27T14:07:17.182+0900][21.314s][info][gc,phases   ] GC(100)   Other: 0.3ms
[2026-03-27T14:07:17.182+0900][21.314s][info][gc,heap     ] GC(100) Eden regions: 1->0(132)
[2026-03-27T14:07:17.182+0900][21.314s][info][gc,heap     ] GC(100) Survivor regions: 1->1(17)
[2026-03-27T14:07:17.182+0900][21.314s][info][gc,heap     ] GC(100) Old regions: 1->1
[2026-03-27T14:07:17.182+0900][21.314s][info][gc,heap     ] GC(100) Archive regions: 0->0
[2026-03-27T14:07:17.182+0900][21.314s][info][gc,heap     ] GC(100) Humongous regions: 137->136
[2026-03-27T14:07:17.182+0900][21.314s][info][gc,metaspace] GC(100) Metaspace: 166K(384K)->166K(384K) NonClass: 157K(256K)->157K(256K) Class: 9K(128K)->9K(128K)
[2026-03-27T14:07:17.182+0900][21.314s][info][gc          ] GC(100) Pause Young (Concurrent Start) (G1 Humongous Allocation) 138M->136M(302M) 2.184ms
[2026-03-27T14:07:17.182+0900][21.314s][info][gc,cpu      ] GC(100) User=0.00s Sys=0.00s Real=0.00s
[2026-03-27T14:07:17.182+0900][21.314s][info][gc          ] GC(101) Concurrent Mark Cycle
[2026-03-27T14:07:17.182+0900][21.314s][info][gc,marking  ] GC(101) Concurrent Clear Claimed Marks
[2026-03-27T14:07:17.182+0900][21.314s][info][gc,marking  ] GC(101) Concurrent Clear Claimed Marks 0.036ms
[2026-03-27T14:07:17.182+0900][21.314s][info][gc,marking  ] GC(101) Concurrent Scan Root Regions
[2026-03-27T14:07:17.182+0900][21.315s][info][gc,marking  ] GC(101) Concurrent Scan Root Regions 0.214ms
[2026-03-27T14:07:17.182+0900][21.315s][info][gc,marking  ] GC(101) Concurrent Mark
[2026-03-27T14:07:17.182+0900][21.315s][info][gc,marking  ] GC(101) Concurrent Mark From Roots
[2026-03-27T14:07:17.182+0900][21.315s][info][gc,task     ] GC(101) Using 2 workers of 2 for marking
[2026-03-27T14:07:17.182+0900][21.318s][info][gc,marking  ] GC(101) Concurrent Mark From Roots 2.965ms
[2026-03-27T14:07:17.182+0900][21.318s][info][gc,marking  ] GC(101) Concurrent Preclean
[2026-03-27T14:07:17.182+0900][21.318s][info][gc,marking  ] GC(101) Concurrent Preclean 0.050ms
[2026-03-27T14:07:17.182+0900][21.318s][info][gc,start    ] GC(101) Pause Remark
[2026-03-27T14:07:17.182+0900][21.320s][info][gc          ] GC(101) Pause Remark 137M->137M(302M) 1.114ms
[2026-03-27T14:07:17.182+0900][21.320s][info][gc,cpu      ] GC(101) User=0.00s Sys=0.00s Real=0.00s
[2026-03-27T14:07:17.182+0900][21.320s][info][gc,marking  ] GC(101) Concurrent Mark 4.965ms
[2026-03-27T14:07:17.182+0900][21.320s][info][gc,marking  ] GC(101) Concurrent Rebuild Remembered Sets
[2026-03-27T14:07:17.182+0900][21.321s][info][gc,marking  ] GC(101) Concurrent Rebuild Remembered Sets 0.974ms
[2026-03-27T14:07:17.182+0900][21.321s][info][gc,start    ] GC(101) Pause Cleanup
[2026-03-27T14:07:17.182+0900][21.322s][info][gc          ] GC(101) Pause Cleanup 137M->137M(302M) 0.306ms
[2026-03-27T14:07:17.182+0900][21.322s][info][gc,cpu      ] GC(101) User=0.02s Sys=0.02s Real=0.00s
[2026-03-27T14:07:17.182+0900][21.322s][info][gc,marking  ] GC(101) Concurrent Cleanup for Next Mark
[2026-03-27T14:07:17.182+0900][21.322s][info][gc,marking  ] GC(101) Concurrent Cleanup for Next Mark 0.430ms
[2026-03-27T14:07:17.182+0900][21.322s][info][gc          ] GC(101) Concurrent Mark Cycle 7.988ms
[2026-03-27T14:07:17.246+0900][21.376s][info][gc,start    ] GC(102) Pause Young (Concurrent Start) (G1 Humongous Allocation)
[2026-03-27T14:07:17.255+0900][21.386s][info][gc,task     ] GC(102) Using 7 workers of 8 for evacuation
[2026-03-27T14:07:17.255+0900][21.388s][info][gc,phases   ] GC(102)   Pre Evacuate Collection Set: 0.3ms
[2026-03-27T14:07:17.255+0900][21.388s][info][gc,phases   ] GC(102)   Merge Heap Roots: 0.2ms
[2026-03-27T14:07:17.255+0900][21.388s][info][gc,phases   ] GC(102)   Evacuate Collection Set: 0.2ms
[2026-03-27T14:07:17.255+0900][21.388s][info][gc,phases   ] GC(102)   Post Evacuate Collection Set: 0.8ms
[2026-03-27T14:07:17.255+0900][21.388s][info][gc,phases   ] GC(102)   Other: 0.4ms
[2026-03-27T14:07:17.255+0900][21.388s][info][gc,heap     ] GC(102) Eden regions: 1->0(132)
[2026-03-27T14:07:17.255+0900][21.388s][info][gc,heap     ] GC(102) Survivor regions: 1->1(17)
[2026-03-27T14:07:17.255+0900][21.388s][info][gc,heap     ] GC(102) Old regions: 1->1
[2026-03-27T14:07:17.255+0900][21.388s][info][gc,heap     ] GC(102) Archive regions: 0->0
[2026-03-27T14:07:17.255+0900][21.388s][info][gc,heap     ] GC(102) Humongous regions: 137->136
[2026-03-27T14:07:17.255+0900][21.388s][info][gc,metaspace] GC(102) Metaspace: 166K(384K)->166K(384K) NonClass: 157K(256K)->157K(256K) Class: 9K(128K)->9K(128K)
[2026-03-27T14:07:17.255+0900][21.388s][info][gc          ] GC(102) Pause Young (Concurrent Start) (G1 Humongous Allocation) 138M->136M(302M) 11.979ms
[2026-03-27T14:07:17.255+0900][21.388s][info][gc,cpu      ] GC(102) User=0.00s Sys=0.00s Real=0.01s
[2026-03-27T14:07:17.255+0900][21.388s][info][gc          ] GC(103) Concurrent Mark Cycle
[2026-03-27T14:07:17.255+0900][21.388s][info][gc,marking  ] GC(103) Concurrent Clear Claimed Marks
[2026-03-27T14:07:17.255+0900][21.388s][info][gc,marking  ] GC(103) Concurrent Clear Claimed Marks 0.033ms
[2026-03-27T14:07:17.255+0900][21.388s][info][gc,marking  ] GC(103) Concurrent Scan Root Regions
[2026-03-27T14:07:17.255+0900][21.388s][info][gc,marking  ] GC(103) Concurrent Scan Root Regions 0.153ms
[2026-03-27T14:07:17.255+0900][21.388s][info][gc,marking  ] GC(103) Concurrent Mark
[2026-03-27T14:07:17.255+0900][21.389s][info][gc,marking  ] GC(103) Concurrent Mark From Roots
[2026-03-27T14:07:17.255+0900][21.389s][info][gc,task     ] GC(103) Using 2 workers of 2 for marking
[2026-03-27T14:07:17.255+0900][21.390s][info][gc,marking  ] GC(103) Concurrent Mark From Roots 1.359ms
[2026-03-27T14:07:17.255+0900][21.390s][info][gc,marking  ] GC(103) Concurrent Preclean
[2026-03-27T14:07:17.255+0900][21.390s][info][gc,marking  ] GC(103) Concurrent Preclean 0.031ms
[2026-03-27T14:07:17.255+0900][21.390s][info][gc,start    ] GC(103) Pause Remark
[2026-03-27T14:07:17.255+0900][21.392s][info][gc          ] GC(103) Pause Remark 137M->137M(302M) 1.196ms
[2026-03-27T14:07:17.255+0900][21.392s][info][gc,cpu      ] GC(103) User=0.00s Sys=0.00s Real=0.00s
[2026-03-27T14:07:17.262+0900][21.392s][info][gc,marking  ] GC(103) Concurrent Mark 3.217ms
[2026-03-27T14:07:17.262+0900][21.392s][info][gc,marking  ] GC(103) Concurrent Rebuild Remembered Sets
[2026-03-27T14:07:17.262+0900][21.392s][info][gc,marking  ] GC(103) Concurrent Rebuild Remembered Sets 0.598ms
[2026-03-27T14:07:17.262+0900][21.393s][info][gc,start    ] GC(103) Pause Cleanup
[2026-03-27T14:07:17.262+0900][21.393s][info][gc          ] GC(103) Pause Cleanup 137M->137M(302M) 0.215ms
[2026-03-27T14:07:17.262+0900][21.393s][info][gc,cpu      ] GC(103) User=0.00s Sys=0.00s Real=0.00s
[2026-03-27T14:07:17.262+0900][21.393s][info][gc,marking  ] GC(103) Concurrent Cleanup for Next Mark
[2026-03-27T14:07:17.262+0900][21.393s][info][gc,marking  ] GC(103) Concurrent Cleanup for Next Mark 0.271ms
[2026-03-27T14:07:17.262+0900][21.393s][info][gc          ] GC(103) Concurrent Mark Cycle 5.260ms
[2026-03-27T14:07:17.310+0900][21.440s][info][gc,start    ] GC(104) Pause Young (Concurrent Start) (G1 Humongous Allocation)
[2026-03-27T14:07:17.310+0900][21.441s][info][gc,task     ] GC(104) Using 7 workers of 8 for evacuation
[2026-03-27T14:07:17.310+0900][21.443s][info][gc,phases   ] GC(104)   Pre Evacuate Collection Set: 0.2ms
[2026-03-27T14:07:17.310+0900][21.443s][info][gc,phases   ] GC(104)   Merge Heap Roots: 0.2ms
[2026-03-27T14:07:17.310+0900][21.443s][info][gc,phases   ] GC(104)   Evacuate Collection Set: 0.4ms
[2026-03-27T14:07:17.310+0900][21.443s][info][gc,phases   ] GC(104)   Post Evacuate Collection Set: 1.0ms
[2026-03-27T14:07:17.310+0900][21.443s][info][gc,phases   ] GC(104)   Other: 0.2ms
[2026-03-27T14:07:17.310+0900][21.443s][info][gc,heap     ] GC(104) Eden regions: 1->0(144)
[2026-03-27T14:07:17.310+0900][21.443s][info][gc,heap     ] GC(104) Survivor regions: 1->1(17)
[2026-03-27T14:07:17.310+0900][21.443s][info][gc,heap     ] GC(104) Old regions: 1->1
[2026-03-27T14:07:17.310+0900][21.443s][info][gc,heap     ] GC(104) Archive regions: 0->0
[2026-03-27T14:07:17.310+0900][21.443s][info][gc,heap     ] GC(104) Humongous regions: 137->136
[2026-03-27T14:07:17.310+0900][21.443s][info][gc,metaspace] GC(104) Metaspace: 166K(384K)->166K(384K) NonClass: 157K(256K)->157K(256K) Class: 9K(128K)->9K(128K)
[2026-03-27T14:07:17.310+0900][21.443s][info][gc          ] GC(104) Pause Young (Concurrent Start) (G1 Humongous Allocation) 138M->136M(315M) 2.668ms
[2026-03-27T14:07:17.310+0900][21.443s][info][gc,cpu      ] GC(104) User=0.00s Sys=0.00s Real=0.00s
[2026-03-27T14:07:17.310+0900][21.443s][info][gc          ] GC(105) Concurrent Undo Cycle
[2026-03-27T14:07:17.310+0900][21.443s][info][gc,marking  ] GC(105) Concurrent Cleanup for Next Mark
[2026-03-27T14:07:17.310+0900][21.444s][info][gc,marking  ] GC(105) Concurrent Cleanup for Next Mark 0.243ms
[2026-03-27T14:07:17.310+0900][21.444s][info][gc          ] GC(105) Concurrent Undo Cycle 0.481ms
[2026-03-27T14:07:17.503+0900][21.633s][info][gc,start    ] GC(106) Pause Young (Concurrent Start) (G1 Humongous Allocation)
[2026-03-27T14:07:17.503+0900][21.633s][info][gc,task     ] GC(106) Using 7 workers of 8 for evacuation
[2026-03-27T14:07:17.503+0900][21.635s][info][gc,phases   ] GC(106)   Pre Evacuate Collection Set: 0.1ms
[2026-03-27T14:07:17.505+0900][21.635s][info][gc,phases   ] GC(106)   Merge Heap Roots: 0.1ms
[2026-03-27T14:07:17.505+0900][21.635s][info][gc,phases   ] GC(106)   Evacuate Collection Set: 0.3ms
[2026-03-27T14:07:17.505+0900][21.635s][info][gc,phases   ] GC(106)   Post Evacuate Collection Set: 0.6ms
[2026-03-27T14:07:17.505+0900][21.635s][info][gc,phases   ] GC(106)   Other: 0.3ms
[2026-03-27T14:07:17.505+0900][21.635s][info][gc,heap     ] GC(106) Eden regions: 1->0(142)
[2026-03-27T14:07:17.505+0900][21.635s][info][gc,heap     ] GC(106) Survivor regions: 1->1(19)
[2026-03-27T14:07:17.505+0900][21.635s][info][gc,heap     ] GC(106) Old regions: 1->1
[2026-03-27T14:07:17.505+0900][21.635s][info][gc,heap     ] GC(106) Archive regions: 0->0
[2026-03-27T14:07:17.505+0900][21.635s][info][gc,heap     ] GC(106) Humongous regions: 141->138
[2026-03-27T14:07:17.505+0900][21.635s][info][gc,metaspace] GC(106) Metaspace: 166K(384K)->166K(384K) NonClass: 157K(256K)->157K(256K) Class: 9K(128K)->9K(128K)
[2026-03-27T14:07:17.505+0900][21.635s][info][gc          ] GC(106) Pause Young (Concurrent Start) (G1 Humongous Allocation) 142M->138M(315M) 1.789ms
[2026-03-27T14:07:17.505+0900][21.635s][info][gc,cpu      ] GC(106) User=0.00s Sys=0.00s Real=0.00s
[2026-03-27T14:07:17.505+0900][21.635s][info][gc          ] GC(107) Concurrent Undo Cycle
[2026-03-27T14:07:17.505+0900][21.635s][info][gc,marking  ] GC(107) Concurrent Cleanup for Next Mark
[2026-03-27T14:07:17.505+0900][21.635s][info][gc,marking  ] GC(107) Concurrent Cleanup for Next Mark 0.139ms
[2026-03-27T14:07:17.505+0900][21.635s][info][gc          ] GC(107) Concurrent Undo Cycle 0.237ms
[2026-03-27T14:07:17.618+0900][21.748s][info][gc,start    ] GC(108) Pause Young (Concurrent Start) (G1 Humongous Allocation)
[2026-03-27T14:07:17.618+0900][21.749s][info][gc,task     ] GC(108) Using 7 workers of 8 for evacuation
[2026-03-27T14:07:17.618+0900][21.750s][info][gc,phases   ] GC(108)   Pre Evacuate Collection Set: 0.2ms
[2026-03-27T14:07:17.621+0900][21.750s][info][gc,phases   ] GC(108)   Merge Heap Roots: 0.2ms
[2026-03-27T14:07:17.621+0900][21.751s][info][gc,phases   ] GC(108)   Evacuate Collection Set: 0.3ms
[2026-03-27T14:07:17.621+0900][21.751s][info][gc,phases   ] GC(108)   Post Evacuate Collection Set: 0.9ms
[2026-03-27T14:07:17.621+0900][21.751s][info][gc,phases   ] GC(108)   Other: 0.2ms
[2026-03-27T14:07:17.621+0900][21.751s][info][gc,heap     ] GC(108) Eden regions: 1->0(141)
[2026-03-27T14:07:17.621+0900][21.751s][info][gc,heap     ] GC(108) Survivor regions: 1->1(18)
[2026-03-27T14:07:17.621+0900][21.751s][info][gc,heap     ] GC(108) Old regions: 1->1
[2026-03-27T14:07:17.621+0900][21.751s][info][gc,heap     ] GC(108) Archive regions: 0->0
[2026-03-27T14:07:17.621+0900][21.751s][info][gc,heap     ] GC(108) Humongous regions: 141->139
[2026-03-27T14:07:17.621+0900][21.751s][info][gc,metaspace] GC(108) Metaspace: 166K(384K)->166K(384K) NonClass: 157K(256K)->157K(256K) Class: 9K(128K)->9K(128K)
[2026-03-27T14:07:17.621+0900][21.751s][info][gc          ] GC(108) Pause Young (Concurrent Start) (G1 Humongous Allocation) 142M->139M(315M) 2.631ms
[2026-03-27T14:07:17.621+0900][21.751s][info][gc,cpu      ] GC(108) User=0.00s Sys=0.00s Real=0.00s
[2026-03-27T14:07:17.621+0900][21.751s][info][gc          ] GC(109) Concurrent Undo Cycle
[2026-03-27T14:07:17.621+0900][21.751s][info][gc,marking  ] GC(109) Concurrent Cleanup for Next Mark
[2026-03-27T14:07:17.621+0900][21.751s][info][gc,marking  ] GC(109) Concurrent Cleanup for Next Mark 0.100ms
[2026-03-27T14:07:17.621+0900][21.751s][info][gc          ] GC(109) Concurrent Undo Cycle 0.259ms
[2026-03-27T14:07:17.681+0900][21.812s][info][gc,start    ] GC(110) Pause Young (Concurrent Start) (G1 Humongous Allocation)
[2026-03-27T14:07:17.681+0900][21.812s][info][gc,task     ] GC(110) Using 7 workers of 8 for evacuation
[2026-03-27T14:07:17.681+0900][21.814s][info][gc,phases   ] GC(110)   Pre Evacuate Collection Set: 0.2ms
[2026-03-27T14:07:17.681+0900][21.814s][info][gc,phases   ] GC(110)   Merge Heap Roots: 0.2ms
[2026-03-27T14:07:17.681+0900][21.814s][info][gc,phases   ] GC(110)   Evacuate Collection Set: 0.3ms
[2026-03-27T14:07:17.681+0900][21.814s][info][gc,phases   ] GC(110)   Post Evacuate Collection Set: 0.7ms
[2026-03-27T14:07:17.681+0900][21.814s][info][gc,phases   ] GC(110)   Other: 0.3ms
[2026-03-27T14:07:17.681+0900][21.814s][info][gc,heap     ] GC(110) Eden regions: 1->0(140)
[2026-03-27T14:07:17.681+0900][21.814s][info][gc,heap     ] GC(110) Survivor regions: 1->1(18)
[2026-03-27T14:07:17.681+0900][21.814s][info][gc,heap     ] GC(110) Old regions: 1->1
[2026-03-27T14:07:17.681+0900][21.814s][info][gc,heap     ] GC(110) Archive regions: 0->0
[2026-03-27T14:07:17.681+0900][21.814s][info][gc,heap     ] GC(110) Humongous regions: 141->140
[2026-03-27T14:07:17.681+0900][21.814s][info][gc,metaspace] GC(110) Metaspace: 166K(384K)->166K(384K) NonClass: 157K(256K)->157K(256K) Class: 9K(128K)->9K(128K)
[2026-03-27T14:07:17.681+0900][21.814s][info][gc          ] GC(110) Pause Young (Concurrent Start) (G1 Humongous Allocation) 142M->140M(315M) 2.225ms
[2026-03-27T14:07:17.681+0900][21.814s][info][gc,cpu      ] GC(110) User=0.00s Sys=0.00s Real=0.00s
[2026-03-27T14:07:17.681+0900][21.814s][info][gc          ] GC(111) Concurrent Undo Cycle
[2026-03-27T14:07:17.681+0900][21.814s][info][gc,marking  ] GC(111) Concurrent Cleanup for Next Mark
[2026-03-27T14:07:17.681+0900][21.814s][info][gc,marking  ] GC(111) Concurrent Cleanup for Next Mark 0.212ms
[2026-03-27T14:07:17.681+0900][21.814s][info][gc          ] GC(111) Concurrent Undo Cycle 0.400ms
[2026-03-27T14:07:17.745+0900][21.875s][info][gc,start    ] GC(112) Pause Young (Concurrent Start) (G1 Humongous Allocation)
[2026-03-27T14:07:17.745+0900][21.876s][info][gc,task     ] GC(112) Using 7 workers of 8 for evacuation
[2026-03-27T14:07:17.745+0900][21.877s][info][gc,phases   ] GC(112)   Pre Evacuate Collection Set: 0.2ms
[2026-03-27T14:07:17.745+0900][21.877s][info][gc,phases   ] GC(112)   Merge Heap Roots: 0.1ms
[2026-03-27T14:07:17.745+0900][21.877s][info][gc,phases   ] GC(112)   Evacuate Collection Set: 0.2ms
[2026-03-27T14:07:17.745+0900][21.877s][info][gc,phases   ] GC(112)   Post Evacuate Collection Set: 0.4ms
[2026-03-27T14:07:17.745+0900][21.877s][info][gc,phases   ] GC(112)   Other: 0.3ms
[2026-03-27T14:07:17.745+0900][21.877s][info][gc,heap     ] GC(112) Eden regions: 1->0(140)
[2026-03-27T14:07:17.745+0900][21.877s][info][gc,heap     ] GC(112) Survivor regions: 1->1(18)
[2026-03-27T14:07:17.745+0900][21.877s][info][gc,heap     ] GC(112) Old regions: 1->1
[2026-03-27T14:07:17.745+0900][21.877s][info][gc,heap     ] GC(112) Archive regions: 0->0
[2026-03-27T14:07:17.745+0900][21.877s][info][gc,heap     ] GC(112) Humongous regions: 141->140
[2026-03-27T14:07:17.745+0900][21.877s][info][gc,metaspace] GC(112) Metaspace: 166K(384K)->166K(384K) NonClass: 157K(256K)->157K(256K) Class: 9K(128K)->9K(128K)
[2026-03-27T14:07:17.745+0900][21.877s][info][gc          ] GC(112) Pause Young (Concurrent Start) (G1 Humongous Allocation) 142M->140M(315M) 1.937ms
[2026-03-27T14:07:17.745+0900][21.877s][info][gc,cpu      ] GC(112) User=0.00s Sys=0.00s Real=0.00s
[2026-03-27T14:07:17.745+0900][21.877s][info][gc          ] GC(113) Concurrent Undo Cycle
[2026-03-27T14:07:17.745+0900][21.878s][info][gc,marking  ] GC(113) Concurrent Cleanup for Next Mark
[2026-03-27T14:07:17.745+0900][21.878s][info][gc,marking  ] GC(113) Concurrent Cleanup for Next Mark 0.183ms
[2026-03-27T14:07:17.745+0900][21.878s][info][gc          ] GC(113) Concurrent Undo Cycle 0.389ms
[2026-03-27T14:07:17.809+0900][21.939s][info][gc,start    ] GC(114) Pause Young (Concurrent Start) (G1 Humongous Allocation)
[2026-03-27T14:07:17.809+0900][21.940s][info][gc,task     ] GC(114) Using 7 workers of 8 for evacuation
[2026-03-27T14:07:17.809+0900][21.942s][info][gc,phases   ] GC(114)   Pre Evacuate Collection Set: 0.2ms
[2026-03-27T14:07:17.809+0900][21.942s][info][gc,phases   ] GC(114)   Merge Heap Roots: 0.2ms
[2026-03-27T14:07:17.809+0900][21.942s][info][gc,phases   ] GC(114)   Evacuate Collection Set: 0.4ms
[2026-03-27T14:07:17.809+0900][21.942s][info][gc,phases   ] GC(114)   Post Evacuate Collection Set: 1.0ms
[2026-03-27T14:07:17.809+0900][21.942s][info][gc,phases   ] GC(114)   Other: 0.3ms
[2026-03-27T14:07:17.809+0900][21.942s][info][gc,heap     ] GC(114) Eden regions: 1->0(140)
[2026-03-27T14:07:17.809+0900][21.942s][info][gc,heap     ] GC(114) Survivor regions: 1->1(18)
[2026-03-27T14:07:17.809+0900][21.942s][info][gc,heap     ] GC(114) Old regions: 1->1
[2026-03-27T14:07:17.809+0900][21.942s][info][gc,heap     ] GC(114) Archive regions: 0->0
[2026-03-27T14:07:17.809+0900][21.942s][info][gc,heap     ] GC(114) Humongous regions: 141->140
[2026-03-27T14:07:17.809+0900][21.942s][info][gc,metaspace] GC(114) Metaspace: 166K(384K)->166K(384K) NonClass: 157K(256K)->157K(256K) Class: 9K(128K)->9K(128K)
[2026-03-27T14:07:17.809+0900][21.942s][info][gc          ] GC(114) Pause Young (Concurrent Start) (G1 Humongous Allocation) 142M->140M(315M) 2.835ms
[2026-03-27T14:07:17.809+0900][21.942s][info][gc,cpu      ] GC(114) User=0.00s Sys=0.00s Real=0.00s
[2026-03-27T14:07:17.809+0900][21.942s][info][gc          ] GC(115) Concurrent Undo Cycle
[2026-03-27T14:07:17.809+0900][21.943s][info][gc,marking  ] GC(115) Concurrent Cleanup for Next Mark
[2026-03-27T14:07:17.809+0900][21.943s][info][gc,marking  ] GC(115) Concurrent Cleanup for Next Mark 0.209ms
[2026-03-27T14:07:17.809+0900][21.943s][info][gc          ] GC(115) Concurrent Undo Cycle 0.447ms
[2026-03-27T14:07:17.873+0900][22.003s][info][gc,start    ] GC(116) Pause Young (Concurrent Start) (G1 Humongous Allocation)
[2026-03-27T14:07:17.873+0900][22.003s][info][gc,task     ] GC(116) Using 7 workers of 8 for evacuation
[2026-03-27T14:07:17.873+0900][22.004s][info][gc,phases   ] GC(116)   Pre Evacuate Collection Set: 0.1ms
[2026-03-27T14:07:17.873+0900][22.004s][info][gc,phases   ] GC(116)   Merge Heap Roots: 0.1ms
[2026-03-27T14:07:17.873+0900][22.004s][info][gc,phases   ] GC(116)   Evacuate Collection Set: 0.1ms
[2026-03-27T14:07:17.873+0900][22.004s][info][gc,phases   ] GC(116)   Post Evacuate Collection Set: 0.6ms
[2026-03-27T14:07:17.873+0900][22.004s][info][gc,phases   ] GC(116)   Other: 0.2ms
[2026-03-27T14:07:17.873+0900][22.004s][info][gc,heap     ] GC(116) Eden regions: 1->0(140)
[2026-03-27T14:07:17.873+0900][22.004s][info][gc,heap     ] GC(116) Survivor regions: 1->1(18)
[2026-03-27T14:07:17.873+0900][22.004s][info][gc,heap     ] GC(116) Old regions: 1->1
[2026-03-27T14:07:17.873+0900][22.004s][info][gc,heap     ] GC(116) Archive regions: 0->0
[2026-03-27T14:07:17.873+0900][22.004s][info][gc,heap     ] GC(116) Humongous regions: 141->140
[2026-03-27T14:07:17.873+0900][22.004s][info][gc,metaspace] GC(116) Metaspace: 166K(384K)->166K(384K) NonClass: 157K(256K)->157K(256K) Class: 9K(128K)->9K(128K)
[2026-03-27T14:07:17.873+0900][22.004s][info][gc          ] GC(116) Pause Young (Concurrent Start) (G1 Humongous Allocation) 142M->140M(315M) 1.481ms
[2026-03-27T14:07:17.873+0900][22.004s][info][gc,cpu      ] GC(116) User=0.00s Sys=0.00s Real=0.00s
[2026-03-27T14:07:17.873+0900][22.004s][info][gc          ] GC(117) Concurrent Undo Cycle
[2026-03-27T14:07:17.873+0900][22.004s][info][gc,marking  ] GC(117) Concurrent Cleanup for Next Mark
[2026-03-27T14:07:17.873+0900][22.005s][info][gc,marking  ] GC(117) Concurrent Cleanup for Next Mark 0.123ms
[2026-03-27T14:07:17.873+0900][22.005s][info][gc          ] GC(117) Concurrent Undo Cycle 0.245ms
[2026-03-27T14:07:17.937+0900][22.068s][info][gc,start    ] GC(118) Pause Young (Concurrent Start) (G1 Humongous Allocation)
[2026-03-27T14:07:17.937+0900][22.068s][info][gc,task     ] GC(118) Using 7 workers of 8 for evacuation
[2026-03-27T14:07:17.937+0900][22.069s][info][gc,phases   ] GC(118)   Pre Evacuate Collection Set: 0.2ms
[2026-03-27T14:07:17.937+0900][22.069s][info][gc,phases   ] GC(118)   Merge Heap Roots: 0.1ms
[2026-03-27T14:07:17.937+0900][22.069s][info][gc,phases   ] GC(118)   Evacuate Collection Set: 0.2ms
[2026-03-27T14:07:17.937+0900][22.069s][info][gc,phases   ] GC(118)   Post Evacuate Collection Set: 0.6ms
[2026-03-27T14:07:17.937+0900][22.069s][info][gc,phases   ] GC(118)   Other: 0.3ms
[2026-03-27T14:07:17.937+0900][22.069s][info][gc,heap     ] GC(118) Eden regions: 1->0(140)
[2026-03-27T14:07:17.937+0900][22.069s][info][gc,heap     ] GC(118) Survivor regions: 1->1(18)
[2026-03-27T14:07:17.937+0900][22.069s][info][gc,heap     ] GC(118) Old regions: 1->1
[2026-03-27T14:07:17.937+0900][22.070s][info][gc,heap     ] GC(118) Archive regions: 0->0
[2026-03-27T14:07:17.937+0900][22.070s][info][gc,heap     ] GC(118) Humongous regions: 141->140
[2026-03-27T14:07:17.937+0900][22.070s][info][gc,metaspace] GC(118) Metaspace: 166K(384K)->166K(384K) NonClass: 157K(256K)->157K(256K) Class: 9K(128K)->9K(128K)
[2026-03-27T14:07:17.937+0900][22.070s][info][gc          ] GC(118) Pause Young (Concurrent Start) (G1 Humongous Allocation) 142M->140M(315M) 1.968ms
[2026-03-27T14:07:17.937+0900][22.070s][info][gc,cpu      ] GC(118) User=0.00s Sys=0.00s Real=0.00s
[2026-03-27T14:07:17.937+0900][22.070s][info][gc          ] GC(119) Concurrent Undo Cycle
[2026-03-27T14:07:17.937+0900][22.070s][info][gc,marking  ] GC(119) Concurrent Cleanup for Next Mark
[2026-03-27T14:07:17.937+0900][22.070s][info][gc,marking  ] GC(119) Concurrent Cleanup for Next Mark 0.110ms
[2026-03-27T14:07:17.937+0900][22.070s][info][gc          ] GC(119) Concurrent Undo Cycle 0.225ms
[2026-03-27T14:07:18.001+0900][22.131s][info][gc,start    ] GC(120) Pause Young (Concurrent Start) (G1 Humongous Allocation)
[2026-03-27T14:07:18.001+0900][22.131s][info][gc,task     ] GC(120) Using 7 workers of 8 for evacuation
[2026-03-27T14:07:18.001+0900][22.133s][info][gc,phases   ] GC(120)   Pre Evacuate Collection Set: 0.2ms
[2026-03-27T14:07:18.001+0900][22.133s][info][gc,phases   ] GC(120)   Merge Heap Roots: 0.1ms
[2026-03-27T14:07:18.001+0900][22.133s][info][gc,phases   ] GC(120)   Evacuate Collection Set: 0.3ms
[2026-03-27T14:07:18.001+0900][22.133s][info][gc,phases   ] GC(120)   Post Evacuate Collection Set: 0.7ms
[2026-03-27T14:07:18.001+0900][22.133s][info][gc,phases   ] GC(120)   Other: 0.2ms
[2026-03-27T14:07:18.001+0900][22.133s][info][gc,heap     ] GC(120) Eden regions: 1->0(138)
[2026-03-27T14:07:18.001+0900][22.133s][info][gc,heap     ] GC(120) Survivor regions: 1->1(18)
[2026-03-27T14:07:18.001+0900][22.133s][info][gc,heap     ] GC(120) Old regions: 1->1
[2026-03-27T14:07:18.001+0900][22.133s][info][gc,heap     ] GC(120) Archive regions: 0->0
[2026-03-27T14:07:18.001+0900][22.133s][info][gc,heap     ] GC(120) Humongous regions: 143->142
[2026-03-27T14:07:18.001+0900][22.133s][info][gc,metaspace] GC(120) Metaspace: 166K(384K)->166K(384K) NonClass: 157K(256K)->157K(256K) Class: 9K(128K)->9K(128K)
[2026-03-27T14:07:18.001+0900][22.133s][info][gc          ] GC(120) Pause Young (Concurrent Start) (G1 Humongous Allocation) 144M->142M(315M) 2.126ms
[2026-03-27T14:07:18.001+0900][22.133s][info][gc,cpu      ] GC(120) User=0.00s Sys=0.00s Real=0.00s
[2026-03-27T14:07:18.001+0900][22.133s][info][gc          ] GC(121) Concurrent Mark Cycle
[2026-03-27T14:07:18.001+0900][22.133s][info][gc,marking  ] GC(121) Concurrent Clear Claimed Marks
[2026-03-27T14:07:18.001+0900][22.133s][info][gc,marking  ] GC(121) Concurrent Clear Claimed Marks 0.037ms
[2026-03-27T14:07:18.001+0900][22.133s][info][gc,marking  ] GC(121) Concurrent Scan Root Regions
[2026-03-27T14:07:18.001+0900][22.134s][info][gc,marking  ] GC(121) Concurrent Scan Root Regions 0.175ms
[2026-03-27T14:07:18.001+0900][22.134s][info][gc,marking  ] GC(121) Concurrent Mark
[2026-03-27T14:07:18.001+0900][22.134s][info][gc,marking  ] GC(121) Concurrent Mark From Roots
[2026-03-27T14:07:18.001+0900][22.134s][info][gc,task     ] GC(121) Using 2 workers of 2 for marking
[2026-03-27T14:07:18.001+0900][22.135s][info][gc,marking  ] GC(121) Concurrent Mark From Roots 1.550ms
[2026-03-27T14:07:18.001+0900][22.135s][info][gc,marking  ] GC(121) Concurrent Preclean
[2026-03-27T14:07:18.001+0900][22.135s][info][gc,marking  ] GC(121) Concurrent Preclean 0.022ms
[2026-03-27T14:07:18.001+0900][22.136s][info][gc,start    ] GC(121) Pause Remark
[2026-03-27T14:07:18.001+0900][22.136s][info][gc          ] GC(121) Pause Remark 143M->143M(315M) 0.790ms
[2026-03-27T14:07:18.001+0900][22.136s][info][gc,cpu      ] GC(121) User=0.00s Sys=0.00s Real=0.00s
[2026-03-27T14:07:18.001+0900][22.137s][info][gc,marking  ] GC(121) Concurrent Mark 2.829ms
[2026-03-27T14:07:18.001+0900][22.137s][info][gc,marking  ] GC(121) Concurrent Rebuild Remembered Sets
[2026-03-27T14:07:18.001+0900][22.137s][info][gc,marking  ] GC(121) Concurrent Rebuild Remembered Sets 0.617ms
[2026-03-27T14:07:18.001+0900][22.138s][info][gc,start    ] GC(121) Pause Cleanup
[2026-03-27T14:07:18.001+0900][22.138s][info][gc          ] GC(121) Pause Cleanup 143M->143M(315M) 0.192ms
[2026-03-27T14:07:18.001+0900][22.138s][info][gc,cpu      ] GC(121) User=0.00s Sys=0.00s Real=0.00s
[2026-03-27T14:07:18.001+0900][22.138s][info][gc,marking  ] GC(121) Concurrent Cleanup for Next Mark
[2026-03-27T14:07:18.001+0900][22.138s][info][gc,marking  ] GC(121) Concurrent Cleanup for Next Mark 0.309ms
[2026-03-27T14:07:18.001+0900][22.138s][info][gc          ] GC(121) Concurrent Mark Cycle 4.901ms
[2026-03-27T14:07:18.064+0900][22.195s][info][gc,start    ] GC(122) Pause Young (Concurrent Start) (G1 Humongous Allocation)
[2026-03-27T14:07:18.064+0900][22.195s][info][gc,task     ] GC(122) Using 7 workers of 8 for evacuation
[2026-03-27T14:07:18.064+0900][22.197s][info][gc,phases   ] GC(122)   Pre Evacuate Collection Set: 0.3ms
[2026-03-27T14:07:18.064+0900][22.197s][info][gc,phases   ] GC(122)   Merge Heap Roots: 0.3ms
[2026-03-27T14:07:18.064+0900][22.197s][info][gc,phases   ] GC(122)   Evacuate Collection Set: 0.3ms
[2026-03-27T14:07:18.064+0900][22.197s][info][gc,phases   ] GC(122)   Post Evacuate Collection Set: 0.8ms
[2026-03-27T14:07:18.064+0900][22.197s][info][gc,phases   ] GC(122)   Other: 0.3ms
[2026-03-27T14:07:18.064+0900][22.197s][info][gc,heap     ] GC(122) Eden regions: 1->0(138)
[2026-03-27T14:07:18.064+0900][22.197s][info][gc,heap     ] GC(122) Survivor regions: 1->1(18)
[2026-03-27T14:07:18.064+0900][22.197s][info][gc,heap     ] GC(122) Old regions: 1->1
[2026-03-27T14:07:18.064+0900][22.197s][info][gc,heap     ] GC(122) Archive regions: 0->0
[2026-03-27T14:07:18.064+0900][22.197s][info][gc,heap     ] GC(122) Humongous regions: 143->142
[2026-03-27T14:07:18.064+0900][22.198s][info][gc,metaspace] GC(122) Metaspace: 166K(384K)->166K(384K) NonClass: 157K(256K)->157K(256K) Class: 9K(128K)->9K(128K)
[2026-03-27T14:07:18.064+0900][22.198s][info][gc          ] GC(122) Pause Young (Concurrent Start) (G1 Humongous Allocation) 144M->142M(315M) 2.739ms
[2026-03-27T14:07:18.064+0900][22.198s][info][gc,cpu      ] GC(122) User=0.00s Sys=0.02s Real=0.00s
[2026-03-27T14:07:18.064+0900][22.198s][info][gc          ] GC(123) Concurrent Mark Cycle
[2026-03-27T14:07:18.064+0900][22.198s][info][gc,marking  ] GC(123) Concurrent Clear Claimed Marks
[2026-03-27T14:07:18.064+0900][22.198s][info][gc,marking  ] GC(123) Concurrent Clear Claimed Marks 0.045ms
[2026-03-27T14:07:18.064+0900][22.198s][info][gc,marking  ] GC(123) Concurrent Scan Root Regions
[2026-03-27T14:07:18.064+0900][22.198s][info][gc,marking  ] GC(123) Concurrent Scan Root Regions 0.178ms
[2026-03-27T14:07:18.064+0900][22.198s][info][gc,marking  ] GC(123) Concurrent Mark
[2026-03-27T14:07:18.064+0900][22.198s][info][gc,marking  ] GC(123) Concurrent Mark From Roots
[2026-03-27T14:07:18.064+0900][22.198s][info][gc,task     ] GC(123) Using 2 workers of 2 for marking
[2026-03-27T14:07:18.064+0900][22.201s][info][gc,marking  ] GC(123) Concurrent Mark From Roots 3.001ms
[2026-03-27T14:07:18.064+0900][22.201s][info][gc,marking  ] GC(123) Concurrent Preclean
[2026-03-27T14:07:18.064+0900][22.201s][info][gc,marking  ] GC(123) Concurrent Preclean 0.042ms
[2026-03-27T14:07:18.064+0900][22.202s][info][gc,start    ] GC(123) Pause Remark
[2026-03-27T14:07:18.064+0900][22.203s][info][gc          ] GC(123) Pause Remark 143M->143M(315M) 1.543ms
[2026-03-27T14:07:18.064+0900][22.204s][info][gc,cpu      ] GC(123) User=0.00s Sys=0.00s Real=0.00s
[2026-03-27T14:07:18.064+0900][22.204s][info][gc,marking  ] GC(123) Concurrent Mark 5.419ms
[2026-03-27T14:07:18.064+0900][22.204s][info][gc,marking  ] GC(123) Concurrent Rebuild Remembered Sets
[2026-03-27T14:07:18.064+0900][22.205s][info][gc,marking  ] GC(123) Concurrent Rebuild Remembered Sets 1.047ms
[2026-03-27T14:07:18.064+0900][22.205s][info][gc,start    ] GC(123) Pause Cleanup
[2026-03-27T14:07:18.064+0900][22.206s][info][gc          ] GC(123) Pause Cleanup 143M->143M(315M) 0.360ms
[2026-03-27T14:07:18.064+0900][22.206s][info][gc,cpu      ] GC(123) User=0.00s Sys=0.00s Real=0.00s
[2026-03-27T14:07:18.064+0900][22.206s][info][gc,marking  ] GC(123) Concurrent Cleanup for Next Mark
[2026-03-27T14:07:18.064+0900][22.207s][info][gc,marking  ] GC(123) Concurrent Cleanup for Next Mark 0.652ms
[2026-03-27T14:07:18.064+0900][22.207s][info][gc          ] GC(123) Concurrent Mark Cycle 8.870ms
[2026-03-27T14:07:18.119+0900][22.250s][info][gc,start    ] GC(124) Pause Young (Concurrent Start) (G1 Humongous Allocation)
[2026-03-27T14:07:18.119+0900][22.250s][info][gc,task     ] GC(124) Using 7 workers of 8 for evacuation
[2026-03-27T14:07:18.122+0900][22.252s][info][gc,phases   ] GC(124)   Pre Evacuate Collection Set: 0.3ms
[2026-03-27T14:07:18.122+0900][22.252s][info][gc,phases   ] GC(124)   Merge Heap Roots: 0.3ms
[2026-03-27T14:07:18.122+0900][22.252s][info][gc,phases   ] GC(124)   Evacuate Collection Set: 0.3ms
[2026-03-27T14:07:18.122+0900][22.252s][info][gc,phases   ] GC(124)   Post Evacuate Collection Set: 0.8ms
[2026-03-27T14:07:18.122+0900][22.252s][info][gc,phases   ] GC(124)   Other: 0.3ms
[2026-03-27T14:07:18.122+0900][22.252s][info][gc,heap     ] GC(124) Eden regions: 1->0(138)
[2026-03-27T14:07:18.122+0900][22.252s][info][gc,heap     ] GC(124) Survivor regions: 1->1(18)
[2026-03-27T14:07:18.122+0900][22.252s][info][gc,heap     ] GC(124) Old regions: 1->1
[2026-03-27T14:07:18.122+0900][22.253s][info][gc,heap     ] GC(124) Archive regions: 0->0
[2026-03-27T14:07:18.122+0900][22.253s][info][gc,heap     ] GC(124) Humongous regions: 143->142
[2026-03-27T14:07:18.122+0900][22.253s][info][gc,metaspace] GC(124) Metaspace: 166K(384K)->166K(384K) NonClass: 157K(256K)->157K(256K) Class: 9K(128K)->9K(128K)
[2026-03-27T14:07:18.122+0900][22.253s][info][gc          ] GC(124) Pause Young (Concurrent Start) (G1 Humongous Allocation) 144M->142M(315M) 2.642ms
[2026-03-27T14:07:18.122+0900][22.253s][info][gc,cpu      ] GC(124) User=0.00s Sys=0.00s Real=0.00s
[2026-03-27T14:07:18.122+0900][22.253s][info][gc          ] GC(125) Concurrent Mark Cycle
[2026-03-27T14:07:18.122+0900][22.253s][info][gc,marking  ] GC(125) Concurrent Clear Claimed Marks
[2026-03-27T14:07:18.122+0900][22.253s][info][gc,marking  ] GC(125) Concurrent Clear Claimed Marks 0.047ms
[2026-03-27T14:07:18.122+0900][22.253s][info][gc,marking  ] GC(125) Concurrent Scan Root Regions
[2026-03-27T14:07:18.122+0900][22.253s][info][gc,marking  ] GC(125) Concurrent Scan Root Regions 0.201ms
[2026-03-27T14:07:18.122+0900][22.253s][info][gc,marking  ] GC(125) Concurrent Mark
[2026-03-27T14:07:18.122+0900][22.253s][info][gc,marking  ] GC(125) Concurrent Mark From Roots
[2026-03-27T14:07:18.122+0900][22.253s][info][gc,task     ] GC(125) Using 2 workers of 2 for marking
[2026-03-27T14:07:18.124+0900][22.255s][info][gc,marking  ] GC(125) Concurrent Mark From Roots 1.556ms
[2026-03-27T14:07:18.124+0900][22.255s][info][gc,marking  ] GC(125) Concurrent Preclean
[2026-03-27T14:07:18.124+0900][22.255s][info][gc,marking  ] GC(125) Concurrent Preclean 0.038ms
[2026-03-27T14:07:18.124+0900][22.255s][info][gc,start    ] GC(125) Pause Remark
[2026-03-27T14:07:18.124+0900][22.256s][info][gc          ] GC(125) Pause Remark 143M->143M(315M) 0.691ms
[2026-03-27T14:07:18.124+0900][22.256s][info][gc,cpu      ] GC(125) User=0.00s Sys=0.00s Real=0.00s
[2026-03-27T14:07:18.124+0900][22.256s][info][gc,marking  ] GC(125) Concurrent Mark 2.745ms
[2026-03-27T14:07:18.124+0900][22.256s][info][gc,marking  ] GC(125) Concurrent Rebuild Remembered Sets
[2026-03-27T14:07:18.124+0900][22.257s][info][gc,marking  ] GC(125) Concurrent Rebuild Remembered Sets 0.587ms
[2026-03-27T14:07:18.124+0900][22.257s][info][gc,start    ] GC(125) Pause Cleanup
[2026-03-27T14:07:18.124+0900][22.257s][info][gc          ] GC(125) Pause Cleanup 143M->143M(315M) 0.154ms
[2026-03-27T14:07:18.124+0900][22.257s][info][gc,cpu      ] GC(125) User=0.00s Sys=0.00s Real=0.00s
[2026-03-27T14:07:18.124+0900][22.257s][info][gc,marking  ] GC(125) Concurrent Cleanup for Next Mark
[2026-03-27T14:07:18.124+0900][22.257s][info][gc,marking  ] GC(125) Concurrent Cleanup for Next Mark 0.212ms
[2026-03-27T14:07:18.124+0900][22.257s][info][gc          ] GC(125) Concurrent Mark Cycle 4.647ms
[2026-03-27T14:07:18.183+0900][22.313s][info][gc,start    ] GC(126) Pause Young (Concurrent Start) (G1 Humongous Allocation)
[2026-03-27T14:07:18.183+0900][22.314s][info][gc,task     ] GC(126) Using 7 workers of 8 for evacuation
[2026-03-27T14:07:18.184+0900][22.314s][info][gc,phases   ] GC(126)   Pre Evacuate Collection Set: 0.1ms
[2026-03-27T14:07:18.184+0900][22.314s][info][gc,phases   ] GC(126)   Merge Heap Roots: 0.1ms
[2026-03-27T14:07:18.184+0900][22.314s][info][gc,phases   ] GC(126)   Evacuate Collection Set: 0.1ms
[2026-03-27T14:07:18.184+0900][22.314s][info][gc,phases   ] GC(126)   Post Evacuate Collection Set: 0.3ms
[2026-03-27T14:07:18.184+0900][22.314s][info][gc,phases   ] GC(126)   Other: 0.1ms
[2026-03-27T14:07:18.184+0900][22.314s][info][gc,heap     ] GC(126) Eden regions: 1->0(138)
[2026-03-27T14:07:18.184+0900][22.314s][info][gc,heap     ] GC(126) Survivor regions: 1->1(18)
[2026-03-27T14:07:18.184+0900][22.315s][info][gc,heap     ] GC(126) Old regions: 1->1
[2026-03-27T14:07:18.184+0900][22.315s][info][gc,heap     ] GC(126) Archive regions: 0->0
[2026-03-27T14:07:18.184+0900][22.315s][info][gc,heap     ] GC(126) Humongous regions: 143->142
[2026-03-27T14:07:18.184+0900][22.315s][info][gc,metaspace] GC(126) Metaspace: 166K(384K)->166K(384K) NonClass: 157K(256K)->157K(256K) Class: 9K(128K)->9K(128K)
[2026-03-27T14:07:18.184+0900][22.315s][info][gc          ] GC(126) Pause Young (Concurrent Start) (G1 Humongous Allocation) 144M->142M(315M) 1.184ms
[2026-03-27T14:07:18.184+0900][22.315s][info][gc,cpu      ] GC(126) User=0.00s Sys=0.00s Real=0.00s
[2026-03-27T14:07:18.184+0900][22.315s][info][gc          ] GC(127) Concurrent Mark Cycle
[2026-03-27T14:07:18.184+0900][22.315s][info][gc,marking  ] GC(127) Concurrent Clear Claimed Marks
[2026-03-27T14:07:18.184+0900][22.315s][info][gc,marking  ] GC(127) Concurrent Clear Claimed Marks 0.019ms
[2026-03-27T14:07:18.184+0900][22.315s][info][gc,marking  ] GC(127) Concurrent Scan Root Regions
[2026-03-27T14:07:18.184+0900][22.315s][info][gc,marking  ] GC(127) Concurrent Scan Root Regions 0.050ms
[2026-03-27T14:07:18.184+0900][22.315s][info][gc,marking  ] GC(127) Concurrent Mark
[2026-03-27T14:07:18.184+0900][22.315s][info][gc,marking  ] GC(127) Concurrent Mark From Roots
[2026-03-27T14:07:18.184+0900][22.315s][info][gc,task     ] GC(127) Using 2 workers of 2 for marking
[2026-03-27T14:07:18.184+0900][22.316s][info][gc,marking  ] GC(127) Concurrent Mark From Roots 0.807ms
[2026-03-27T14:07:18.184+0900][22.316s][info][gc,marking  ] GC(127) Concurrent Preclean
[2026-03-27T14:07:18.184+0900][22.316s][info][gc,marking  ] GC(127) Concurrent Preclean 0.046ms
[2026-03-27T14:07:18.184+0900][22.316s][info][gc,start    ] GC(127) Pause Remark
[2026-03-27T14:07:18.184+0900][22.317s][info][gc          ] GC(127) Pause Remark 143M->143M(315M) 0.988ms
[2026-03-27T14:07:18.184+0900][22.317s][info][gc,cpu      ] GC(127) User=0.00s Sys=0.00s Real=0.00s
[2026-03-27T14:07:18.184+0900][22.317s][info][gc,marking  ] GC(127) Concurrent Mark 2.262ms
[2026-03-27T14:07:18.184+0900][22.317s][info][gc,marking  ] GC(127) Concurrent Rebuild Remembered Sets
[2026-03-27T14:07:18.184+0900][22.318s][info][gc,marking  ] GC(127) Concurrent Rebuild Remembered Sets 0.484ms
[2026-03-27T14:07:18.184+0900][22.318s][info][gc,start    ] GC(127) Pause Cleanup
[2026-03-27T14:07:18.184+0900][22.318s][info][gc          ] GC(127) Pause Cleanup 143M->143M(315M) 0.122ms
[2026-03-27T14:07:18.184+0900][22.318s][info][gc,cpu      ] GC(127) User=0.00s Sys=0.00s Real=0.00s
[2026-03-27T14:07:18.184+0900][22.318s][info][gc,marking  ] GC(127) Concurrent Cleanup for Next Mark
[2026-03-27T14:07:18.184+0900][22.318s][info][gc,marking  ] GC(127) Concurrent Cleanup for Next Mark 0.181ms
[2026-03-27T14:07:18.184+0900][22.318s][info][gc          ] GC(127) Concurrent Mark Cycle 3.562ms
[2026-03-27T14:07:18.249+0900][22.379s][info][gc,start    ] GC(128) Pause Young (Concurrent Start) (G1 Humongous Allocation)
[2026-03-27T14:07:18.249+0900][22.379s][info][gc,task     ] GC(128) Using 7 workers of 8 for evacuation
[2026-03-27T14:07:18.249+0900][22.380s][info][gc,phases   ] GC(128)   Pre Evacuate Collection Set: 0.2ms
[2026-03-27T14:07:18.249+0900][22.380s][info][gc,phases   ] GC(128)   Merge Heap Roots: 0.1ms
[2026-03-27T14:07:18.249+0900][22.380s][info][gc,phases   ] GC(128)   Evacuate Collection Set: 0.2ms
[2026-03-27T14:07:18.249+0900][22.380s][info][gc,phases   ] GC(128)   Post Evacuate Collection Set: 0.4ms
[2026-03-27T14:07:18.249+0900][22.380s][info][gc,phases   ] GC(128)   Other: 0.1ms
[2026-03-27T14:07:18.249+0900][22.380s][info][gc,heap     ] GC(128) Eden regions: 1->0(152)
[2026-03-27T14:07:18.249+0900][22.380s][info][gc,heap     ] GC(128) Survivor regions: 1->1(18)
[2026-03-27T14:07:18.249+0900][22.380s][info][gc,heap     ] GC(128) Old regions: 1->1
[2026-03-27T14:07:18.249+0900][22.380s][info][gc,heap     ] GC(128) Archive regions: 0->0
[2026-03-27T14:07:18.249+0900][22.380s][info][gc,heap     ] GC(128) Humongous regions: 143->142
[2026-03-27T14:07:18.249+0900][22.380s][info][gc,metaspace] GC(128) Metaspace: 166K(384K)->166K(384K) NonClass: 157K(256K)->157K(256K) Class: 9K(128K)->9K(128K)
[2026-03-27T14:07:18.249+0900][22.380s][info][gc          ] GC(128) Pause Young (Concurrent Start) (G1 Humongous Allocation) 144M->142M(330M) 1.285ms
[2026-03-27T14:07:18.249+0900][22.380s][info][gc,cpu      ] GC(128) User=0.00s Sys=0.00s Real=0.00s
[2026-03-27T14:07:18.249+0900][22.380s][info][gc          ] GC(129) Concurrent Undo Cycle
[2026-03-27T14:07:18.249+0900][22.380s][info][gc,marking  ] GC(129) Concurrent Cleanup for Next Mark
[2026-03-27T14:07:18.249+0900][22.381s][info][gc,marking  ] GC(129) Concurrent Cleanup for Next Mark 0.193ms
[2026-03-27T14:07:18.249+0900][22.381s][info][gc          ] GC(129) Concurrent Undo Cycle 0.300ms
[2026-03-27T14:07:18.442+0900][22.573s][info][gc,start    ] GC(130) Pause Young (Concurrent Start) (G1 Humongous Allocation)
[2026-03-27T14:07:18.442+0900][22.573s][info][gc,task     ] GC(130) Using 7 workers of 8 for evacuation
[2026-03-27T14:07:18.445+0900][22.575s][info][gc,phases   ] GC(130)   Pre Evacuate Collection Set: 0.3ms
[2026-03-27T14:07:18.445+0900][22.575s][info][gc,phases   ] GC(130)   Merge Heap Roots: 0.2ms
[2026-03-27T14:07:18.445+0900][22.575s][info][gc,phases   ] GC(130)   Evacuate Collection Set: 0.3ms
[2026-03-27T14:07:18.445+0900][22.575s][info][gc,phases   ] GC(130)   Post Evacuate Collection Set: 0.6ms
[2026-03-27T14:07:18.445+0900][22.575s][info][gc,phases   ] GC(130)   Other: 0.4ms
[2026-03-27T14:07:18.445+0900][22.575s][info][gc,heap     ] GC(130) Eden regions: 1->0(150)
[2026-03-27T14:07:18.445+0900][22.575s][info][gc,heap     ] GC(130) Survivor regions: 1->1(20)
[2026-03-27T14:07:18.445+0900][22.575s][info][gc,heap     ] GC(130) Old regions: 1->1
[2026-03-27T14:07:18.445+0900][22.575s][info][gc,heap     ] GC(130) Archive regions: 0->0
[2026-03-27T14:07:18.445+0900][22.575s][info][gc,heap     ] GC(130) Humongous regions: 147->144
[2026-03-27T14:07:18.445+0900][22.575s][info][gc,metaspace] GC(130) Metaspace: 166K(384K)->166K(384K) NonClass: 157K(256K)->157K(256K) Class: 9K(128K)->9K(128K)
[2026-03-27T14:07:18.445+0900][22.575s][info][gc          ] GC(130) Pause Young (Concurrent Start) (G1 Humongous Allocation) 148M->144M(330M) 2.544ms
[2026-03-27T14:07:18.445+0900][22.575s][info][gc,cpu      ] GC(130) User=0.00s Sys=0.00s Real=0.00s
[2026-03-27T14:07:18.445+0900][22.575s][info][gc          ] GC(131) Concurrent Undo Cycle
[2026-03-27T14:07:18.445+0900][22.576s][info][gc,marking  ] GC(131) Concurrent Cleanup for Next Mark
[2026-03-27T14:07:18.445+0900][22.576s][info][gc,marking  ] GC(131) Concurrent Cleanup for Next Mark 0.172ms
[2026-03-27T14:07:18.445+0900][22.576s][info][gc          ] GC(131) Concurrent Undo Cycle 0.540ms
[2026-03-27T14:07:18.572+0900][22.703s][info][gc,start    ] GC(132) Pause Young (Concurrent Start) (G1 Humongous Allocation)
[2026-03-27T14:07:18.572+0900][22.703s][info][gc,task     ] GC(132) Using 7 workers of 8 for evacuation
[2026-03-27T14:07:18.572+0900][22.704s][info][gc,phases   ] GC(132)   Pre Evacuate Collection Set: 0.1ms
[2026-03-27T14:07:18.572+0900][22.705s][info][gc,phases   ] GC(132)   Merge Heap Roots: 0.1ms
[2026-03-27T14:07:18.572+0900][22.705s][info][gc,phases   ] GC(132)   Evacuate Collection Set: 0.2ms
[2026-03-27T14:07:18.572+0900][22.705s][info][gc,phases   ] GC(132)   Post Evacuate Collection Set: 0.8ms
[2026-03-27T14:07:18.572+0900][22.705s][info][gc,phases   ] GC(132)   Other: 0.2ms
[2026-03-27T14:07:18.575+0900][22.705s][info][gc,heap     ] GC(132) Eden regions: 1->0(149)
[2026-03-27T14:07:18.575+0900][22.705s][info][gc,heap     ] GC(132) Survivor regions: 1->1(19)
[2026-03-27T14:07:18.575+0900][22.705s][info][gc,heap     ] GC(132) Old regions: 1->1
[2026-03-27T14:07:18.575+0900][22.705s][info][gc,heap     ] GC(132) Archive regions: 0->0
[2026-03-27T14:07:18.575+0900][22.705s][info][gc,heap     ] GC(132) Humongous regions: 147->145
[2026-03-27T14:07:18.575+0900][22.705s][info][gc,metaspace] GC(132) Metaspace: 166K(384K)->166K(384K) NonClass: 157K(256K)->157K(256K) Class: 9K(128K)->9K(128K)
[2026-03-27T14:07:18.575+0900][22.705s][info][gc          ] GC(132) Pause Young (Concurrent Start) (G1 Humongous Allocation) 148M->145M(330M) 2.079ms
[2026-03-27T14:07:18.575+0900][22.705s][info][gc,cpu      ] GC(132) User=0.00s Sys=0.00s Real=0.00s
[2026-03-27T14:07:18.575+0900][22.705s][info][gc          ] GC(133) Concurrent Undo Cycle
[2026-03-27T14:07:18.575+0900][22.705s][info][gc,marking  ] GC(133) Concurrent Cleanup for Next Mark
[2026-03-27T14:07:18.575+0900][22.706s][info][gc,marking  ] GC(133) Concurrent Cleanup for Next Mark 0.244ms
[2026-03-27T14:07:18.575+0900][22.706s][info][gc          ] GC(133) Concurrent Undo Cycle 0.480ms
[2026-03-27T14:07:18.640+0900][22.770s][info][gc,start    ] GC(134) Pause Young (Concurrent Start) (G1 Humongous Allocation)
[2026-03-27T14:07:18.640+0900][22.770s][info][gc,task     ] GC(134) Using 7 workers of 8 for evacuation
[2026-03-27T14:07:18.640+0900][22.772s][info][gc,phases   ] GC(134)   Pre Evacuate Collection Set: 0.1ms
[2026-03-27T14:07:18.640+0900][22.772s][info][gc,phases   ] GC(134)   Merge Heap Roots: 0.2ms
[2026-03-27T14:07:18.640+0900][22.772s][info][gc,phases   ] GC(134)   Evacuate Collection Set: 0.3ms
[2026-03-27T14:07:18.640+0900][22.772s][info][gc,phases   ] GC(134)   Post Evacuate Collection Set: 0.5ms
[2026-03-27T14:07:18.640+0900][22.772s][info][gc,phases   ] GC(134)   Other: 0.2ms
[2026-03-27T14:07:18.640+0900][22.772s][info][gc,heap     ] GC(134) Eden regions: 1->0(148)
[2026-03-27T14:07:18.640+0900][22.772s][info][gc,heap     ] GC(134) Survivor regions: 1->1(19)
[2026-03-27T14:07:18.640+0900][22.772s][info][gc,heap     ] GC(134) Old regions: 1->1
[2026-03-27T14:07:18.640+0900][22.772s][info][gc,heap     ] GC(134) Archive regions: 0->0
[2026-03-27T14:07:18.640+0900][22.772s][info][gc,heap     ] GC(134) Humongous regions: 147->146
[2026-03-27T14:07:18.640+0900][22.772s][info][gc,metaspace] GC(134) Metaspace: 166K(384K)->166K(384K) NonClass: 157K(256K)->157K(256K) Class: 9K(128K)->9K(128K)
[2026-03-27T14:07:18.640+0900][22.772s][info][gc          ] GC(134) Pause Young (Concurrent Start) (G1 Humongous Allocation) 148M->146M(330M) 1.711ms
[2026-03-27T14:07:18.640+0900][22.772s][info][gc,cpu      ] GC(134) User=0.00s Sys=0.00s Real=0.00s
[2026-03-27T14:07:18.640+0900][22.772s][info][gc          ] GC(135) Concurrent Undo Cycle
[2026-03-27T14:07:18.640+0900][22.772s][info][gc,marking  ] GC(135) Concurrent Cleanup for Next Mark
[2026-03-27T14:07:18.640+0900][22.772s][info][gc,marking  ] GC(135) Concurrent Cleanup for Next Mark 0.201ms
[2026-03-27T14:07:18.640+0900][22.772s][info][gc          ] GC(135) Concurrent Undo Cycle 0.318ms
[2026-03-27T14:07:18.705+0900][22.835s][info][gc,start    ] GC(136) Pause Young (Concurrent Start) (G1 Humongous Allocation)
[2026-03-27T14:07:18.705+0900][22.835s][info][gc,task     ] GC(136) Using 7 workers of 8 for evacuation
[2026-03-27T14:07:18.705+0900][22.837s][info][gc,phases   ] GC(136)   Pre Evacuate Collection Set: 0.2ms
[2026-03-27T14:07:18.705+0900][22.837s][info][gc,phases   ] GC(136)   Merge Heap Roots: 0.2ms
[2026-03-27T14:07:18.705+0900][22.837s][info][gc,phases   ] GC(136)   Evacuate Collection Set: 0.4ms
[2026-03-27T14:07:18.705+0900][22.837s][info][gc,phases   ] GC(136)   Post Evacuate Collection Set: 1.0ms
[2026-03-27T14:07:18.705+0900][22.837s][info][gc,phases   ] GC(136)   Other: 0.2ms
[2026-03-27T14:07:18.705+0900][22.837s][info][gc,heap     ] GC(136) Eden regions: 1->0(148)
[2026-03-27T14:07:18.705+0900][22.837s][info][gc,heap     ] GC(136) Survivor regions: 1->1(19)
[2026-03-27T14:07:18.705+0900][22.837s][info][gc,heap     ] GC(136) Old regions: 1->1
[2026-03-27T14:07:18.705+0900][22.837s][info][gc,heap     ] GC(136) Archive regions: 0->0
[2026-03-27T14:07:18.705+0900][22.837s][info][gc,heap     ] GC(136) Humongous regions: 147->146
[2026-03-27T14:07:18.705+0900][22.837s][info][gc,metaspace] GC(136) Metaspace: 166K(384K)->166K(384K) NonClass: 157K(256K)->157K(256K) Class: 9K(128K)->9K(128K)
[2026-03-27T14:07:18.705+0900][22.838s][info][gc          ] GC(136) Pause Young (Concurrent Start) (G1 Humongous Allocation) 148M->146M(330M) 2.718ms
[2026-03-27T14:07:18.705+0900][22.838s][info][gc,cpu      ] GC(136) User=0.00s Sys=0.00s Real=0.00s
[2026-03-27T14:07:18.705+0900][22.838s][info][gc          ] GC(137) Concurrent Undo Cycle
[2026-03-27T14:07:18.705+0900][22.838s][info][gc,marking  ] GC(137) Concurrent Cleanup for Next Mark
[2026-03-27T14:07:18.705+0900][22.838s][info][gc,marking  ] GC(137) Concurrent Cleanup for Next Mark 0.285ms
[2026-03-27T14:07:18.705+0900][22.838s][info][gc          ] GC(137) Concurrent Undo Cycle 0.525ms
[2026-03-27T14:07:18.769+0900][22.900s][info][gc,start    ] GC(138) Pause Young (Concurrent Start) (G1 Humongous Allocation)
[2026-03-27T14:07:18.769+0900][22.900s][info][gc,task     ] GC(138) Using 7 workers of 8 for evacuation
[2026-03-27T14:07:18.769+0900][22.902s][info][gc,phases   ] GC(138)   Pre Evacuate Collection Set: 0.2ms
[2026-03-27T14:07:18.769+0900][22.902s][info][gc,phases   ] GC(138)   Merge Heap Roots: 0.2ms
[2026-03-27T14:07:18.769+0900][22.902s][info][gc,phases   ] GC(138)   Evacuate Collection Set: 0.3ms
[2026-03-27T14:07:18.769+0900][22.902s][info][gc,phases   ] GC(138)   Post Evacuate Collection Set: 0.9ms
[2026-03-27T14:07:18.769+0900][22.902s][info][gc,phases   ] GC(138)   Other: 0.2ms
[2026-03-27T14:07:18.769+0900][22.902s][info][gc,heap     ] GC(138) Eden regions: 1->0(148)
[2026-03-27T14:07:18.769+0900][22.902s][info][gc,heap     ] GC(138) Survivor regions: 1->1(19)
[2026-03-27T14:07:18.769+0900][22.902s][info][gc,heap     ] GC(138) Old regions: 1->1
[2026-03-27T14:07:18.769+0900][22.902s][info][gc,heap     ] GC(138) Archive regions: 0->0
[2026-03-27T14:07:18.769+0900][22.902s][info][gc,heap     ] GC(138) Humongous regions: 147->146
[2026-03-27T14:07:18.769+0900][22.902s][info][gc,metaspace] GC(138) Metaspace: 166K(384K)->166K(384K) NonClass: 157K(256K)->157K(256K) Class: 9K(128K)->9K(128K)
[2026-03-27T14:07:18.769+0900][22.902s][info][gc          ] GC(138) Pause Young (Concurrent Start) (G1 Humongous Allocation) 148M->146M(330M) 2.452ms
[2026-03-27T14:07:18.769+0900][22.902s][info][gc,cpu      ] GC(138) User=0.00s Sys=0.02s Real=0.00s
[2026-03-27T14:07:18.769+0900][22.902s][info][gc          ] GC(139) Concurrent Undo Cycle
[2026-03-27T14:07:18.769+0900][22.902s][info][gc,marking  ] GC(139) Concurrent Cleanup for Next Mark
[2026-03-27T14:07:18.769+0900][22.903s][info][gc,marking  ] GC(139) Concurrent Cleanup for Next Mark 0.240ms
[2026-03-27T14:07:18.769+0900][22.903s][info][gc          ] GC(139) Concurrent Undo Cycle 0.471ms
[2026-03-27T14:07:18.833+0900][22.964s][info][gc,start    ] GC(140) Pause Young (Concurrent Start) (G1 Humongous Allocation)
[2026-03-27T14:07:18.833+0900][22.964s][info][gc,task     ] GC(140) Using 7 workers of 8 for evacuation
[2026-03-27T14:07:18.833+0900][22.966s][info][gc,phases   ] GC(140)   Pre Evacuate Collection Set: 0.3ms
[2026-03-27T14:07:18.833+0900][22.966s][info][gc,phases   ] GC(140)   Merge Heap Roots: 0.2ms
[2026-03-27T14:07:18.833+0900][22.966s][info][gc,phases   ] GC(140)   Evacuate Collection Set: 0.4ms
[2026-03-27T14:07:18.833+0900][22.966s][info][gc,phases   ] GC(140)   Post Evacuate Collection Set: 0.9ms
[2026-03-27T14:07:18.833+0900][22.966s][info][gc,phases   ] GC(140)   Other: 0.3ms
[2026-03-27T14:07:18.833+0900][22.966s][info][gc,heap     ] GC(140) Eden regions: 1->0(148)
[2026-03-27T14:07:18.833+0900][22.966s][info][gc,heap     ] GC(140) Survivor regions: 1->1(19)
[2026-03-27T14:07:18.833+0900][22.966s][info][gc,heap     ] GC(140) Old regions: 1->1
[2026-03-27T14:07:18.833+0900][22.966s][info][gc,heap     ] GC(140) Archive regions: 0->0
[2026-03-27T14:07:18.833+0900][22.966s][info][gc,heap     ] GC(140) Humongous regions: 147->146
[2026-03-27T14:07:18.833+0900][22.966s][info][gc,metaspace] GC(140) Metaspace: 166K(384K)->166K(384K) NonClass: 157K(256K)->157K(256K) Class: 9K(128K)->9K(128K)
[2026-03-27T14:07:18.833+0900][22.967s][info][gc          ] GC(140) Pause Young (Concurrent Start) (G1 Humongous Allocation) 148M->146M(330M) 2.884ms
[2026-03-27T14:07:18.833+0900][22.967s][info][gc,cpu      ] GC(140) User=0.00s Sys=0.00s Real=0.00s
[2026-03-27T14:07:18.833+0900][22.967s][info][gc          ] GC(141) Concurrent Undo Cycle
[2026-03-27T14:07:18.833+0900][22.967s][info][gc,marking  ] GC(141) Concurrent Cleanup for Next Mark
[2026-03-27T14:07:18.833+0900][22.967s][info][gc,marking  ] GC(141) Concurrent Cleanup for Next Mark 0.276ms
[2026-03-27T14:07:18.833+0900][22.967s][info][gc          ] GC(141) Concurrent Undo Cycle 0.504ms
[2026-03-27T14:07:18.897+0900][23.027s][info][gc,start    ] GC(142) Pause Young (Concurrent Start) (G1 Humongous Allocation)
[2026-03-27T14:07:18.897+0900][23.027s][info][gc,task     ] GC(142) Using 7 workers of 8 for evacuation
[2026-03-27T14:07:18.897+0900][23.029s][info][gc,phases   ] GC(142)   Pre Evacuate Collection Set: 0.3ms
[2026-03-27T14:07:18.897+0900][23.030s][info][gc,phases   ] GC(142)   Merge Heap Roots: 0.2ms
[2026-03-27T14:07:18.897+0900][23.030s][info][gc,phases   ] GC(142)   Evacuate Collection Set: 0.3ms
[2026-03-27T14:07:18.897+0900][23.030s][info][gc,phases   ] GC(142)   Post Evacuate Collection Set: 1.0ms
[2026-03-27T14:07:18.897+0900][23.030s][info][gc,phases   ] GC(142)   Other: 0.3ms
[2026-03-27T14:07:18.897+0900][23.030s][info][gc,heap     ] GC(142) Eden regions: 1->0(148)
[2026-03-27T14:07:18.897+0900][23.030s][info][gc,heap     ] GC(142) Survivor regions: 1->1(19)
[2026-03-27T14:07:18.897+0900][23.030s][info][gc,heap     ] GC(142) Old regions: 1->1
[2026-03-27T14:07:18.897+0900][23.030s][info][gc,heap     ] GC(142) Archive regions: 0->0
[2026-03-27T14:07:18.897+0900][23.030s][info][gc,heap     ] GC(142) Humongous regions: 147->146
[2026-03-27T14:07:18.897+0900][23.030s][info][gc,metaspace] GC(142) Metaspace: 166K(384K)->166K(384K) NonClass: 157K(256K)->157K(256K) Class: 9K(128K)->9K(128K)
[2026-03-27T14:07:18.897+0900][23.030s][info][gc          ] GC(142) Pause Young (Concurrent Start) (G1 Humongous Allocation) 148M->146M(330M) 2.714ms
[2026-03-27T14:07:18.897+0900][23.030s][info][gc,cpu      ] GC(142) User=0.00s Sys=0.00s Real=0.00s
[2026-03-27T14:07:18.897+0900][23.030s][info][gc          ] GC(143) Concurrent Undo Cycle
[2026-03-27T14:07:18.897+0900][23.030s][info][gc,marking  ] GC(143) Concurrent Cleanup for Next Mark
[2026-03-27T14:07:18.897+0900][23.030s][info][gc,marking  ] GC(143) Concurrent Cleanup for Next Mark 0.225ms
[2026-03-27T14:07:18.897+0900][23.031s][info][gc          ] GC(143) Concurrent Undo Cycle 0.496ms
[2026-03-27T14:07:18.961+0900][23.091s][info][gc,start    ] GC(144) Pause Young (Concurrent Start) (G1 Humongous Allocation)
[2026-03-27T14:07:18.961+0900][23.092s][info][gc,task     ] GC(144) Using 7 workers of 8 for evacuation
[2026-03-27T14:07:18.961+0900][23.093s][info][gc,phases   ] GC(144)   Pre Evacuate Collection Set: 0.2ms
[2026-03-27T14:07:18.961+0900][23.093s][info][gc,phases   ] GC(144)   Merge Heap Roots: 0.1ms
[2026-03-27T14:07:18.961+0900][23.093s][info][gc,phases   ] GC(144)   Evacuate Collection Set: 0.2ms
[2026-03-27T14:07:18.961+0900][23.093s][info][gc,phases   ] GC(144)   Post Evacuate Collection Set: 0.5ms
[2026-03-27T14:07:18.961+0900][23.093s][info][gc,phases   ] GC(144)   Other: 0.2ms
[2026-03-27T14:07:18.961+0900][23.093s][info][gc,heap     ] GC(144) Eden regions: 1->0(146)
[2026-03-27T14:07:18.961+0900][23.093s][info][gc,heap     ] GC(144) Survivor regions: 1->1(19)
[2026-03-27T14:07:18.961+0900][23.093s][info][gc,heap     ] GC(144) Old regions: 1->1
[2026-03-27T14:07:18.961+0900][23.093s][info][gc,heap     ] GC(144) Archive regions: 0->0
[2026-03-27T14:07:18.961+0900][23.093s][info][gc,heap     ] GC(144) Humongous regions: 149->148
[2026-03-27T14:07:18.961+0900][23.093s][info][gc,metaspace] GC(144) Metaspace: 166K(384K)->166K(384K) NonClass: 157K(256K)->157K(256K) Class: 9K(128K)->9K(128K)
[2026-03-27T14:07:18.961+0900][23.093s][info][gc          ] GC(144) Pause Young (Concurrent Start) (G1 Humongous Allocation) 150M->148M(330M) 1.678ms
[2026-03-27T14:07:18.961+0900][23.093s][info][gc,cpu      ] GC(144) User=0.00s Sys=0.00s Real=0.00s
[2026-03-27T14:07:18.961+0900][23.093s][info][gc          ] GC(145) Concurrent Mark Cycle
[2026-03-27T14:07:18.961+0900][23.093s][info][gc,marking  ] GC(145) Concurrent Clear Claimed Marks
[2026-03-27T14:07:18.961+0900][23.093s][info][gc,marking  ] GC(145) Concurrent Clear Claimed Marks 0.025ms
[2026-03-27T14:07:18.961+0900][23.093s][info][gc,marking  ] GC(145) Concurrent Scan Root Regions
[2026-03-27T14:07:18.961+0900][23.094s][info][gc,marking  ] GC(145) Concurrent Scan Root Regions 0.207ms
[2026-03-27T14:07:18.961+0900][23.094s][info][gc,marking  ] GC(145) Concurrent Mark
[2026-03-27T14:07:18.961+0900][23.094s][info][gc,marking  ] GC(145) Concurrent Mark From Roots
[2026-03-27T14:07:18.961+0900][23.094s][info][gc,task     ] GC(145) Using 2 workers of 2 for marking
[2026-03-27T14:07:18.961+0900][23.095s][info][gc,marking  ] GC(145) Concurrent Mark From Roots 1.523ms
[2026-03-27T14:07:18.961+0900][23.095s][info][gc,marking  ] GC(145) Concurrent Preclean
[2026-03-27T14:07:18.961+0900][23.095s][info][gc,marking  ] GC(145) Concurrent Preclean 0.026ms
[2026-03-27T14:07:18.961+0900][23.096s][info][gc,start    ] GC(145) Pause Remark
[2026-03-27T14:07:18.961+0900][23.096s][info][gc          ] GC(145) Pause Remark 149M->149M(330M) 0.829ms
[2026-03-27T14:07:18.961+0900][23.096s][info][gc,cpu      ] GC(145) User=0.00s Sys=0.00s Real=0.00s
[2026-03-27T14:07:18.961+0900][23.097s][info][gc,marking  ] GC(145) Concurrent Mark 2.886ms
[2026-03-27T14:07:18.961+0900][23.097s][info][gc,marking  ] GC(145) Concurrent Rebuild Remembered Sets
[2026-03-27T14:07:18.961+0900][23.097s][info][gc,marking  ] GC(145) Concurrent Rebuild Remembered Sets 0.663ms
[2026-03-27T14:07:18.961+0900][23.098s][info][gc,start    ] GC(145) Pause Cleanup
[2026-03-27T14:07:18.961+0900][23.098s][info][gc          ] GC(145) Pause Cleanup 149M->149M(330M) 0.123ms
[2026-03-27T14:07:18.961+0900][23.098s][info][gc,cpu      ] GC(145) User=0.00s Sys=0.00s Real=0.00s
[2026-03-27T14:07:18.961+0900][23.098s][info][gc,marking  ] GC(145) Concurrent Cleanup for Next Mark
[2026-03-27T14:07:18.961+0900][23.098s][info][gc,marking  ] GC(145) Concurrent Cleanup for Next Mark 0.264ms
[2026-03-27T14:07:18.961+0900][23.098s][info][gc          ] GC(145) Concurrent Mark Cycle 4.814ms
[2026-03-27T14:07:19.015+0900][23.145s][info][gc,start    ] GC(146) Pause Young (Concurrent Start) (G1 Humongous Allocation)
[2026-03-27T14:07:19.015+0900][23.145s][info][gc,task     ] GC(146) Using 7 workers of 8 for evacuation
[2026-03-27T14:07:19.015+0900][23.147s][info][gc,phases   ] GC(146)   Pre Evacuate Collection Set: 0.2ms
[2026-03-27T14:07:19.015+0900][23.147s][info][gc,phases   ] GC(146)   Merge Heap Roots: 0.2ms
[2026-03-27T14:07:19.015+0900][23.147s][info][gc,phases   ] GC(146)   Evacuate Collection Set: 0.3ms
[2026-03-27T14:07:19.015+0900][23.147s][info][gc,phases   ] GC(146)   Post Evacuate Collection Set: 0.5ms
[2026-03-27T14:07:19.015+0900][23.147s][info][gc,phases   ] GC(146)   Other: 0.2ms
[2026-03-27T14:07:19.015+0900][23.147s][info][gc,heap     ] GC(146) Eden regions: 1->0(146)
[2026-03-27T14:07:19.015+0900][23.147s][info][gc,heap     ] GC(146) Survivor regions: 1->1(19)
[2026-03-27T14:07:19.015+0900][23.147s][info][gc,heap     ] GC(146) Old regions: 1->1
[2026-03-27T14:07:19.015+0900][23.147s][info][gc,heap     ] GC(146) Archive regions: 0->0
[2026-03-27T14:07:19.015+0900][23.147s][info][gc,heap     ] GC(146) Humongous regions: 149->148
[2026-03-27T14:07:19.015+0900][23.147s][info][gc,metaspace] GC(146) Metaspace: 166K(384K)->166K(384K) NonClass: 157K(256K)->157K(256K) Class: 9K(128K)->9K(128K)
[2026-03-27T14:07:19.015+0900][23.147s][info][gc          ] GC(146) Pause Young (Concurrent Start) (G1 Humongous Allocation) 150M->148M(330M) 1.680ms
[2026-03-27T14:07:19.015+0900][23.147s][info][gc,cpu      ] GC(146) User=0.00s Sys=0.00s Real=0.00s
[2026-03-27T14:07:19.015+0900][23.147s][info][gc          ] GC(147) Concurrent Mark Cycle
[2026-03-27T14:07:19.015+0900][23.147s][info][gc,marking  ] GC(147) Concurrent Clear Claimed Marks
[2026-03-27T14:07:19.015+0900][23.147s][info][gc,marking  ] GC(147) Concurrent Clear Claimed Marks 0.021ms
[2026-03-27T14:07:19.015+0900][23.147s][info][gc,marking  ] GC(147) Concurrent Scan Root Regions
[2026-03-27T14:07:19.015+0900][23.147s][info][gc,marking  ] GC(147) Concurrent Scan Root Regions 0.126ms
[2026-03-27T14:07:19.015+0900][23.147s][info][gc,marking  ] GC(147) Concurrent Mark
[2026-03-27T14:07:19.015+0900][23.147s][info][gc,marking  ] GC(147) Concurrent Mark From Roots
[2026-03-27T14:07:19.015+0900][23.147s][info][gc,task     ] GC(147) Using 2 workers of 2 for marking
[2026-03-27T14:07:19.015+0900][23.148s][info][gc,marking  ] GC(147) Concurrent Mark From Roots 0.776ms
[2026-03-27T14:07:19.015+0900][23.148s][info][gc,marking  ] GC(147) Concurrent Preclean
[2026-03-27T14:07:19.015+0900][23.148s][info][gc,marking  ] GC(147) Concurrent Preclean 0.013ms
[2026-03-27T14:07:19.015+0900][23.148s][info][gc,start    ] GC(147) Pause Remark
[2026-03-27T14:07:19.015+0900][23.149s][info][gc          ] GC(147) Pause Remark 149M->149M(330M) 0.762ms
[2026-03-27T14:07:19.015+0900][23.149s][info][gc,cpu      ] GC(147) User=0.00s Sys=0.00s Real=0.00s
[2026-03-27T14:07:19.015+0900][23.149s][info][gc,marking  ] GC(147) Concurrent Mark 1.945ms
[2026-03-27T14:07:19.015+0900][23.149s][info][gc,marking  ] GC(147) Concurrent Rebuild Remembered Sets
[2026-03-27T14:07:19.015+0900][23.149s][info][gc,marking  ] GC(147) Concurrent Rebuild Remembered Sets 0.347ms
[2026-03-27T14:07:19.015+0900][23.150s][info][gc,start    ] GC(147) Pause Cleanup
[2026-03-27T14:07:19.015+0900][23.150s][info][gc          ] GC(147) Pause Cleanup 149M->149M(330M) 0.095ms
[2026-03-27T14:07:19.015+0900][23.150s][info][gc,cpu      ] GC(147) User=0.00s Sys=0.00s Real=0.00s
[2026-03-27T14:07:19.015+0900][23.150s][info][gc,marking  ] GC(147) Concurrent Cleanup for Next Mark
[2026-03-27T14:07:19.015+0900][23.150s][info][gc,marking  ] GC(147) Concurrent Cleanup for Next Mark 0.220ms
[2026-03-27T14:07:19.015+0900][23.150s][info][gc          ] GC(147) Concurrent Mark Cycle 3.241ms
[2026-03-27T14:07:19.080+0900][23.210s][info][gc,start    ] GC(148) Pause Young (Concurrent Start) (G1 Humongous Allocation)
[2026-03-27T14:07:19.080+0900][23.211s][info][gc,task     ] GC(148) Using 7 workers of 8 for evacuation
[2026-03-27T14:07:19.080+0900][23.213s][info][gc,phases   ] GC(148)   Pre Evacuate Collection Set: 0.2ms
[2026-03-27T14:07:19.080+0900][23.213s][info][gc,phases   ] GC(148)   Merge Heap Roots: 0.3ms
[2026-03-27T14:07:19.080+0900][23.213s][info][gc,phases   ] GC(148)   Evacuate Collection Set: 0.2ms
[2026-03-27T14:07:19.080+0900][23.213s][info][gc,phases   ] GC(148)   Post Evacuate Collection Set: 1.0ms
[2026-03-27T14:07:19.080+0900][23.213s][info][gc,phases   ] GC(148)   Other: 0.3ms
[2026-03-27T14:07:19.080+0900][23.213s][info][gc,heap     ] GC(148) Eden regions: 1->0(146)
[2026-03-27T14:07:19.080+0900][23.213s][info][gc,heap     ] GC(148) Survivor regions: 1->1(19)
[2026-03-27T14:07:19.080+0900][23.213s][info][gc,heap     ] GC(148) Old regions: 1->1
[2026-03-27T14:07:19.080+0900][23.213s][info][gc,heap     ] GC(148) Archive regions: 0->0
[2026-03-27T14:07:19.080+0900][23.213s][info][gc,heap     ] GC(148) Humongous regions: 149->148
[2026-03-27T14:07:19.080+0900][23.213s][info][gc,metaspace] GC(148) Metaspace: 166K(384K)->166K(384K) NonClass: 157K(256K)->157K(256K) Class: 9K(128K)->9K(128K)
[2026-03-27T14:07:19.080+0900][23.213s][info][gc          ] GC(148) Pause Young (Concurrent Start) (G1 Humongous Allocation) 150M->148M(330M) 2.714ms
[2026-03-27T14:07:19.080+0900][23.213s][info][gc,cpu      ] GC(148) User=0.00s Sys=0.02s Real=0.00s
[2026-03-27T14:07:19.080+0900][23.213s][info][gc          ] GC(149) Concurrent Mark Cycle
[2026-03-27T14:07:19.080+0900][23.213s][info][gc,marking  ] GC(149) Concurrent Clear Claimed Marks
[2026-03-27T14:07:19.080+0900][23.213s][info][gc,marking  ] GC(149) Concurrent Clear Claimed Marks 0.045ms
[2026-03-27T14:07:19.080+0900][23.213s][info][gc,marking  ] GC(149) Concurrent Scan Root Regions
[2026-03-27T14:07:19.080+0900][23.214s][info][gc,marking  ] GC(149) Concurrent Scan Root Regions 0.221ms
[2026-03-27T14:07:19.080+0900][23.214s][info][gc,marking  ] GC(149) Concurrent Mark
[2026-03-27T14:07:19.080+0900][23.214s][info][gc,marking  ] GC(149) Concurrent Mark From Roots
[2026-03-27T14:07:19.080+0900][23.214s][info][gc,task     ] GC(149) Using 2 workers of 2 for marking
[2026-03-27T14:07:19.080+0900][23.216s][info][gc,marking  ] GC(149) Concurrent Mark From Roots 2.004ms
[2026-03-27T14:07:19.080+0900][23.216s][info][gc,marking  ] GC(149) Concurrent Preclean
[2026-03-27T14:07:19.080+0900][23.216s][info][gc,marking  ] GC(149) Concurrent Preclean 0.044ms
[2026-03-27T14:07:19.080+0900][23.216s][info][gc,start    ] GC(149) Pause Remark
[2026-03-27T14:07:19.080+0900][23.218s][info][gc          ] GC(149) Pause Remark 149M->149M(330M) 1.544ms
[2026-03-27T14:07:19.080+0900][23.218s][info][gc,cpu      ] GC(149) User=0.00s Sys=0.00s Real=0.00s
[2026-03-27T14:07:19.080+0900][23.218s][info][gc,marking  ] GC(149) Concurrent Mark 4.430ms
[2026-03-27T14:07:19.080+0900][23.218s][info][gc,marking  ] GC(149) Concurrent Rebuild Remembered Sets
[2026-03-27T14:07:19.080+0900][23.219s][info][gc,marking  ] GC(149) Concurrent Rebuild Remembered Sets 1.097ms
[2026-03-27T14:07:19.080+0900][23.220s][info][gc,start    ] GC(149) Pause Cleanup
[2026-03-27T14:07:19.080+0900][23.220s][info][gc          ] GC(149) Pause Cleanup 149M->149M(330M) 0.386ms
[2026-03-27T14:07:19.080+0900][23.220s][info][gc,cpu      ] GC(149) User=0.00s Sys=0.00s Real=0.00s
[2026-03-27T14:07:19.080+0900][23.221s][info][gc,marking  ] GC(149) Concurrent Cleanup for Next Mark
[2026-03-27T14:07:19.080+0900][23.221s][info][gc,marking  ] GC(149) Concurrent Cleanup for Next Mark 0.601ms
[2026-03-27T14:07:19.080+0900][23.221s][info][gc          ] GC(149) Concurrent Mark Cycle 8.095ms
[2026-03-27T14:07:19.138+0900][23.268s][info][gc,start    ] GC(150) Pause Young (Concurrent Start) (G1 Humongous Allocation)
[2026-03-27T14:07:19.138+0900][23.269s][info][gc,task     ] GC(150) Using 7 workers of 8 for evacuation
[2026-03-27T14:07:19.138+0900][23.270s][info][gc,phases   ] GC(150)   Pre Evacuate Collection Set: 0.2ms
[2026-03-27T14:07:19.138+0900][23.270s][info][gc,phases   ] GC(150)   Merge Heap Roots: 0.2ms
[2026-03-27T14:07:19.138+0900][23.270s][info][gc,phases   ] GC(150)   Evacuate Collection Set: 0.2ms
[2026-03-27T14:07:19.138+0900][23.270s][info][gc,phases   ] GC(150)   Post Evacuate Collection Set: 0.7ms
[2026-03-27T14:07:19.138+0900][23.270s][info][gc,phases   ] GC(150)   Other: 0.2ms
[2026-03-27T14:07:19.138+0900][23.270s][info][gc,heap     ] GC(150) Eden regions: 1->0(146)
[2026-03-27T14:07:19.138+0900][23.270s][info][gc,heap     ] GC(150) Survivor regions: 1->1(19)
[2026-03-27T14:07:19.138+0900][23.270s][info][gc,heap     ] GC(150) Old regions: 1->1
[2026-03-27T14:07:19.138+0900][23.270s][info][gc,heap     ] GC(150) Archive regions: 0->0
[2026-03-27T14:07:19.138+0900][23.271s][info][gc,heap     ] GC(150) Humongous regions: 149->148
[2026-03-27T14:07:19.138+0900][23.271s][info][gc,metaspace] GC(150) Metaspace: 166K(384K)->166K(384K) NonClass: 157K(256K)->157K(256K) Class: 9K(128K)->9K(128K)
[2026-03-27T14:07:19.138+0900][23.271s][info][gc          ] GC(150) Pause Young (Concurrent Start) (G1 Humongous Allocation) 150M->148M(330M) 2.318ms
[2026-03-27T14:07:19.138+0900][23.271s][info][gc,cpu      ] GC(150) User=0.00s Sys=0.00s Real=0.00s
[2026-03-27T14:07:19.138+0900][23.271s][info][gc          ] GC(151) Concurrent Mark Cycle
[2026-03-27T14:07:19.138+0900][23.271s][info][gc,marking  ] GC(151) Concurrent Clear Claimed Marks
[2026-03-27T14:07:19.138+0900][23.271s][info][gc,marking  ] GC(151) Concurrent Clear Claimed Marks 0.034ms
[2026-03-27T14:07:19.138+0900][23.271s][info][gc,marking  ] GC(151) Concurrent Scan Root Regions
[2026-03-27T14:07:19.138+0900][23.271s][info][gc,marking  ] GC(151) Concurrent Scan Root Regions 0.144ms
[2026-03-27T14:07:19.138+0900][23.271s][info][gc,marking  ] GC(151) Concurrent Mark
[2026-03-27T14:07:19.138+0900][23.271s][info][gc,marking  ] GC(151) Concurrent Mark From Roots
[2026-03-27T14:07:19.138+0900][23.271s][info][gc,task     ] GC(151) Using 2 workers of 2 for marking
[2026-03-27T14:07:19.138+0900][23.273s][info][gc,marking  ] GC(151) Concurrent Mark From Roots 1.643ms
[2026-03-27T14:07:19.138+0900][23.273s][info][gc,marking  ] GC(151) Concurrent Preclean
[2026-03-27T14:07:19.138+0900][23.273s][info][gc,marking  ] GC(151) Concurrent Preclean 0.037ms
[2026-03-27T14:07:19.138+0900][23.273s][info][gc,start    ] GC(151) Pause Remark
[2026-03-27T14:07:19.138+0900][23.274s][info][gc          ] GC(151) Pause Remark 149M->149M(330M) 1.061ms
[2026-03-27T14:07:19.138+0900][23.274s][info][gc,cpu      ] GC(151) User=0.00s Sys=0.00s Real=0.00s
[2026-03-27T14:07:19.138+0900][23.275s][info][gc,marking  ] GC(151) Concurrent Mark 3.403ms
[2026-03-27T14:07:19.138+0900][23.275s][info][gc,marking  ] GC(151) Concurrent Rebuild Remembered Sets
[2026-03-27T14:07:19.138+0900][23.275s][info][gc,marking  ] GC(151) Concurrent Rebuild Remembered Sets 0.811ms
[2026-03-27T14:07:19.138+0900][23.276s][info][gc,start    ] GC(151) Pause Cleanup
[2026-03-27T14:07:19.138+0900][23.276s][info][gc          ] GC(151) Pause Cleanup 149M->149M(330M) 0.257ms
[2026-03-27T14:07:19.138+0900][23.276s][info][gc,cpu      ] GC(151) User=0.00s Sys=0.00s Real=0.00s
[2026-03-27T14:07:19.138+0900][23.276s][info][gc,marking  ] GC(151) Concurrent Cleanup for Next Mark
[2026-03-27T14:07:19.138+0900][23.277s][info][gc,marking  ] GC(151) Concurrent Cleanup for Next Mark 0.294ms
[2026-03-27T14:07:19.138+0900][23.277s][info][gc          ] GC(151) Concurrent Mark Cycle 5.844ms
[2026-03-27T14:07:19.202+0900][23.332s][info][gc,start    ] GC(152) Pause Young (Concurrent Start) (G1 Humongous Allocation)
[2026-03-27T14:07:19.202+0900][23.333s][info][gc,task     ] GC(152) Using 7 workers of 8 for evacuation
[2026-03-27T14:07:19.202+0900][23.334s][info][gc,phases   ] GC(152)   Pre Evacuate Collection Set: 0.2ms
[2026-03-27T14:07:19.202+0900][23.334s][info][gc,phases   ] GC(152)   Merge Heap Roots: 0.2ms
[2026-03-27T14:07:19.202+0900][23.334s][info][gc,phases   ] GC(152)   Evacuate Collection Set: 0.2ms
[2026-03-27T14:07:19.202+0900][23.334s][info][gc,phases   ] GC(152)   Post Evacuate Collection Set: 0.6ms
[2026-03-27T14:07:19.202+0900][23.334s][info][gc,phases   ] GC(152)   Other: 0.2ms
[2026-03-27T14:07:19.202+0900][23.334s][info][gc,heap     ] GC(152) Eden regions: 1->0(146)
[2026-03-27T14:07:19.202+0900][23.334s][info][gc,heap     ] GC(152) Survivor regions: 1->1(19)
[2026-03-27T14:07:19.202+0900][23.334s][info][gc,heap     ] GC(152) Old regions: 1->1
[2026-03-27T14:07:19.202+0900][23.334s][info][gc,heap     ] GC(152) Archive regions: 0->0
[2026-03-27T14:07:19.202+0900][23.334s][info][gc,heap     ] GC(152) Humongous regions: 149->148
[2026-03-27T14:07:19.202+0900][23.335s][info][gc,metaspace] GC(152) Metaspace: 166K(384K)->166K(384K) NonClass: 157K(256K)->157K(256K) Class: 9K(128K)->9K(128K)
[2026-03-27T14:07:19.202+0900][23.335s][info][gc          ] GC(152) Pause Young (Concurrent Start) (G1 Humongous Allocation) 150M->148M(330M) 2.270ms
[2026-03-27T14:07:19.202+0900][23.335s][info][gc,cpu      ] GC(152) User=0.00s Sys=0.00s Real=0.00s
[2026-03-27T14:07:19.202+0900][23.335s][info][gc          ] GC(153) Concurrent Mark Cycle
[2026-03-27T14:07:19.202+0900][23.335s][info][gc,marking  ] GC(153) Concurrent Clear Claimed Marks
[2026-03-27T14:07:19.202+0900][23.335s][info][gc,marking  ] GC(153) Concurrent Clear Claimed Marks 0.056ms
[2026-03-27T14:07:19.202+0900][23.335s][info][gc,marking  ] GC(153) Concurrent Scan Root Regions
[2026-03-27T14:07:19.202+0900][23.335s][info][gc,marking  ] GC(153) Concurrent Scan Root Regions 0.283ms
[2026-03-27T14:07:19.202+0900][23.335s][info][gc,marking  ] GC(153) Concurrent Mark
[2026-03-27T14:07:19.202+0900][23.335s][info][gc,marking  ] GC(153) Concurrent Mark From Roots
[2026-03-27T14:07:19.202+0900][23.335s][info][gc,task     ] GC(153) Using 2 workers of 2 for marking
[2026-03-27T14:07:19.202+0900][23.337s][info][gc,marking  ] GC(153) Concurrent Mark From Roots 1.341ms
[2026-03-27T14:07:19.202+0900][23.337s][info][gc,marking  ] GC(153) Concurrent Preclean
[2026-03-27T14:07:19.202+0900][23.337s][info][gc,marking  ] GC(153) Concurrent Preclean 0.036ms
[2026-03-27T14:07:19.202+0900][23.337s][info][gc,start    ] GC(153) Pause Remark
[2026-03-27T14:07:19.202+0900][23.338s][info][gc          ] GC(153) Pause Remark 151M->151M(330M) 1.007ms
[2026-03-27T14:07:19.202+0900][23.338s][info][gc,cpu      ] GC(153) User=0.00s Sys=0.00s Real=0.00s
[2026-03-27T14:07:19.202+0900][23.338s][info][gc,marking  ] GC(153) Concurrent Mark 3.001ms
[2026-03-27T14:07:19.202+0900][23.338s][info][gc,marking  ] GC(153) Concurrent Rebuild Remembered Sets
[2026-03-27T14:07:19.202+0900][23.339s][info][gc,marking  ] GC(153) Concurrent Rebuild Remembered Sets 0.771ms
[2026-03-27T14:07:19.202+0900][23.339s][info][gc,start    ] GC(153) Pause Cleanup
[2026-03-27T14:07:19.202+0900][23.340s][info][gc          ] GC(153) Pause Cleanup 151M->151M(330M) 0.169ms
[2026-03-27T14:07:19.202+0900][23.340s][info][gc,cpu      ] GC(153) User=0.00s Sys=0.00s Real=0.00s
[2026-03-27T14:07:19.202+0900][23.340s][info][gc,marking  ] GC(153) Concurrent Cleanup for Next Mark
[2026-03-27T14:07:19.202+0900][23.340s][info][gc,marking  ] GC(153) Concurrent Cleanup for Next Mark 0.291ms
[2026-03-27T14:07:19.202+0900][23.340s][info][gc          ] GC(153) Concurrent Mark Cycle 5.313ms
[2026-03-27T14:07:19.266+0900][23.396s][info][gc,start    ] GC(154) Pause Young (Concurrent Start) (G1 Humongous Allocation)
[2026-03-27T14:07:19.266+0900][23.396s][info][gc,task     ] GC(154) Using 7 workers of 8 for evacuation
[2026-03-27T14:07:19.266+0900][23.398s][info][gc,phases   ] GC(154)   Pre Evacuate Collection Set: 0.2ms
[2026-03-27T14:07:19.266+0900][23.398s][info][gc,phases   ] GC(154)   Merge Heap Roots: 0.3ms
[2026-03-27T14:07:19.266+0900][23.398s][info][gc,phases   ] GC(154)   Evacuate Collection Set: 0.3ms
[2026-03-27T14:07:19.266+0900][23.399s][info][gc,phases   ] GC(154)   Post Evacuate Collection Set: 1.2ms
[2026-03-27T14:07:19.266+0900][23.399s][info][gc,phases   ] GC(154)   Other: 0.3ms
[2026-03-27T14:07:19.266+0900][23.399s][info][gc,heap     ] GC(154) Eden regions: 1->0(156)
[2026-03-27T14:07:19.266+0900][23.399s][info][gc,heap     ] GC(154) Survivor regions: 1->1(19)
[2026-03-27T14:07:19.266+0900][23.399s][info][gc,heap     ] GC(154) Old regions: 1->1
[2026-03-27T14:07:19.266+0900][23.399s][info][gc,heap     ] GC(154) Archive regions: 0->0
[2026-03-27T14:07:19.266+0900][23.399s][info][gc,heap     ] GC(154) Humongous regions: 151->150
[2026-03-27T14:07:19.266+0900][23.399s][info][gc,metaspace] GC(154) Metaspace: 166K(384K)->166K(384K) NonClass: 157K(256K)->157K(256K) Class: 9K(128K)->9K(128K)
[2026-03-27T14:07:19.266+0900][23.399s][info][gc          ] GC(154) Pause Young (Concurrent Start) (G1 Humongous Allocation) 152M->150M(344M) 2.996ms
[2026-03-27T14:07:19.266+0900][23.399s][info][gc,cpu      ] GC(154) User=0.00s Sys=0.00s Real=0.00s
[2026-03-27T14:07:19.266+0900][23.399s][info][gc          ] GC(155) Concurrent Undo Cycle
[2026-03-27T14:07:19.266+0900][23.399s][info][gc,marking  ] GC(155) Concurrent Cleanup for Next Mark
[2026-03-27T14:07:19.266+0900][23.399s][info][gc,marking  ] GC(155) Concurrent Cleanup for Next Mark 0.280ms
[2026-03-27T14:07:19.266+0900][23.400s][info][gc          ] GC(155) Concurrent Undo Cycle 0.515ms
[2026-03-27T14:07:19.511+0900][23.642s][info][gc,start    ] GC(156) Pause Young (Concurrent Start) (G1 Humongous Allocation)
[2026-03-27T14:07:19.511+0900][23.642s][info][gc,task     ] GC(156) Using 8 workers of 8 for evacuation
[2026-03-27T14:07:19.511+0900][23.644s][info][gc,phases   ] GC(156)   Pre Evacuate Collection Set: 0.3ms
[2026-03-27T14:07:19.511+0900][23.644s][info][gc,phases   ] GC(156)   Merge Heap Roots: 0.1ms
[2026-03-27T14:07:19.511+0900][23.644s][info][gc,phases   ] GC(156)   Evacuate Collection Set: 0.3ms
[2026-03-27T14:07:19.511+0900][23.644s][info][gc,phases   ] GC(156)   Post Evacuate Collection Set: 0.9ms
[2026-03-27T14:07:19.511+0900][23.644s][info][gc,phases   ] GC(156)   Other: 0.4ms
[2026-03-27T14:07:19.511+0900][23.645s][info][gc,heap     ] GC(156) Eden regions: 1->0(156)
[2026-03-27T14:07:19.511+0900][23.645s][info][gc,heap     ] GC(156) Survivor regions: 1->1(20)
[2026-03-27T14:07:19.511+0900][23.645s][info][gc,heap     ] GC(156) Old regions: 1->1
[2026-03-27T14:07:19.511+0900][23.645s][info][gc,heap     ] GC(156) Archive regions: 0->0
[2026-03-27T14:07:19.511+0900][23.645s][info][gc,heap     ] GC(156) Humongous regions: 154->150
[2026-03-27T14:07:19.511+0900][23.645s][info][gc,metaspace] GC(156) Metaspace: 166K(384K)->166K(384K) NonClass: 157K(256K)->157K(256K) Class: 9K(128K)->9K(128K)
[2026-03-27T14:07:19.511+0900][23.645s][info][gc          ] GC(156) Pause Young (Concurrent Start) (G1 Humongous Allocation) 155M->150M(344M) 2.681ms
[2026-03-27T14:07:19.511+0900][23.645s][info][gc,cpu      ] GC(156) User=0.00s Sys=0.00s Real=0.00s
[2026-03-27T14:07:19.511+0900][23.645s][info][gc          ] GC(157) Concurrent Undo Cycle
[2026-03-27T14:07:19.511+0900][23.645s][info][gc,marking  ] GC(157) Concurrent Cleanup for Next Mark
[2026-03-27T14:07:19.511+0900][23.645s][info][gc,marking  ] GC(157) Concurrent Cleanup for Next Mark 0.223ms
[2026-03-27T14:07:19.511+0900][23.645s][info][gc          ] GC(157) Concurrent Undo Cycle 0.440ms
[2026-03-27T14:07:19.625+0900][23.756s][info][gc,start    ] GC(158) Pause Young (Concurrent Start) (G1 Humongous Allocation)
[2026-03-27T14:07:19.625+0900][23.756s][info][gc,task     ] GC(158) Using 8 workers of 8 for evacuation
[2026-03-27T14:07:19.625+0900][23.757s][info][gc,phases   ] GC(158)   Pre Evacuate Collection Set: 0.1ms
[2026-03-27T14:07:19.625+0900][23.757s][info][gc,phases   ] GC(158)   Merge Heap Roots: 0.1ms
[2026-03-27T14:07:19.625+0900][23.757s][info][gc,phases   ] GC(158)   Evacuate Collection Set: 0.3ms
[2026-03-27T14:07:19.625+0900][23.757s][info][gc,phases   ] GC(158)   Post Evacuate Collection Set: 0.6ms
[2026-03-27T14:07:19.625+0900][23.757s][info][gc,phases   ] GC(158)   Other: 0.2ms
[2026-03-27T14:07:19.625+0900][23.757s][info][gc,heap     ] GC(158) Eden regions: 1->0(154)
[2026-03-27T14:07:19.625+0900][23.757s][info][gc,heap     ] GC(158) Survivor regions: 1->1(20)
[2026-03-27T14:07:19.625+0900][23.757s][info][gc,heap     ] GC(158) Old regions: 1->1
[2026-03-27T14:07:19.625+0900][23.757s][info][gc,heap     ] GC(158) Archive regions: 0->0
[2026-03-27T14:07:19.625+0900][23.757s][info][gc,heap     ] GC(158) Humongous regions: 154->152
[2026-03-27T14:07:19.625+0900][23.757s][info][gc,metaspace] GC(158) Metaspace: 166K(384K)->166K(384K) NonClass: 157K(256K)->157K(256K) Class: 9K(128K)->9K(128K)
[2026-03-27T14:07:19.625+0900][23.757s][info][gc          ] GC(158) Pause Young (Concurrent Start) (G1 Humongous Allocation) 155M->152M(344M) 1.659ms
[2026-03-27T14:07:19.625+0900][23.758s][info][gc,cpu      ] GC(158) User=0.00s Sys=0.00s Real=0.00s
[2026-03-27T14:07:19.625+0900][23.758s][info][gc          ] GC(159) Concurrent Undo Cycle
[2026-03-27T14:07:19.625+0900][23.758s][info][gc,marking  ] GC(159) Concurrent Cleanup for Next Mark
[2026-03-27T14:07:19.625+0900][23.758s][info][gc,marking  ] GC(159) Concurrent Cleanup for Next Mark 0.118ms
[2026-03-27T14:07:19.625+0900][23.758s][info][gc          ] GC(159) Concurrent Undo Cycle 0.241ms
[2026-03-27T14:07:19.754+0900][23.885s][info][gc,start    ] GC(160) Pause Young (Concurrent Start) (G1 Humongous Allocation)
[2026-03-27T14:07:19.754+0900][23.885s][info][gc,task     ] GC(160) Using 8 workers of 8 for evacuation
[2026-03-27T14:07:19.754+0900][23.887s][info][gc,phases   ] GC(160)   Pre Evacuate Collection Set: 0.2ms
[2026-03-27T14:07:19.754+0900][23.887s][info][gc,phases   ] GC(160)   Merge Heap Roots: 0.2ms
[2026-03-27T14:07:19.754+0900][23.887s][info][gc,phases   ] GC(160)   Evacuate Collection Set: 0.3ms
[2026-03-27T14:07:19.754+0900][23.887s][info][gc,phases   ] GC(160)   Post Evacuate Collection Set: 0.9ms
[2026-03-27T14:07:19.754+0900][23.887s][info][gc,phases   ] GC(160)   Other: 0.3ms
[2026-03-27T14:07:19.754+0900][23.887s][info][gc,heap     ] GC(160) Eden regions: 1->0(154)
[2026-03-27T14:07:19.754+0900][23.887s][info][gc,heap     ] GC(160) Survivor regions: 1->1(20)
[2026-03-27T14:07:19.754+0900][23.887s][info][gc,heap     ] GC(160) Old regions: 1->1
[2026-03-27T14:07:19.754+0900][23.887s][info][gc,heap     ] GC(160) Archive regions: 0->0
[2026-03-27T14:07:19.754+0900][23.887s][info][gc,heap     ] GC(160) Humongous regions: 154->152
[2026-03-27T14:07:19.754+0900][23.887s][info][gc,metaspace] GC(160) Metaspace: 166K(384K)->166K(384K) NonClass: 157K(256K)->157K(256K) Class: 9K(128K)->9K(128K)
[2026-03-27T14:07:19.754+0900][23.887s][info][gc          ] GC(160) Pause Young (Concurrent Start) (G1 Humongous Allocation) 155M->152M(344M) 2.615ms
[2026-03-27T14:07:19.754+0900][23.887s][info][gc,cpu      ] GC(160) User=0.00s Sys=0.00s Real=0.00s
[2026-03-27T14:07:19.754+0900][23.887s][info][gc          ] GC(161) Concurrent Undo Cycle
[2026-03-27T14:07:19.754+0900][23.888s][info][gc,marking  ] GC(161) Concurrent Cleanup for Next Mark
[2026-03-27T14:07:19.754+0900][23.888s][info][gc,marking  ] GC(161) Concurrent Cleanup for Next Mark 0.193ms
[2026-03-27T14:07:19.754+0900][23.888s][info][gc          ] GC(161) Concurrent Undo Cycle 0.384ms
[2026-03-27T14:07:19.818+0900][23.949s][info][gc,start    ] GC(162) Pause Young (Concurrent Start) (G1 Humongous Allocation)
[2026-03-27T14:07:19.818+0900][23.949s][info][gc,task     ] GC(162) Using 8 workers of 8 for evacuation
[2026-03-27T14:07:19.818+0900][23.951s][info][gc,phases   ] GC(162)   Pre Evacuate Collection Set: 0.2ms
[2026-03-27T14:07:19.818+0900][23.951s][info][gc,phases   ] GC(162)   Merge Heap Roots: 0.3ms
[2026-03-27T14:07:19.818+0900][23.951s][info][gc,phases   ] GC(162)   Evacuate Collection Set: 0.3ms
[2026-03-27T14:07:19.818+0900][23.952s][info][gc,phases   ] GC(162)   Post Evacuate Collection Set: 1.0ms
[2026-03-27T14:07:19.818+0900][23.952s][info][gc,phases   ] GC(162)   Other: 0.4ms
[2026-03-27T14:07:19.818+0900][23.952s][info][gc,heap     ] GC(162) Eden regions: 1->0(153)
[2026-03-27T14:07:19.818+0900][23.952s][info][gc,heap     ] GC(162) Survivor regions: 1->1(20)
[2026-03-27T14:07:19.818+0900][23.952s][info][gc,heap     ] GC(162) Old regions: 1->1
[2026-03-27T14:07:19.818+0900][23.952s][info][gc,heap     ] GC(162) Archive regions: 0->0
[2026-03-27T14:07:19.818+0900][23.952s][info][gc,heap     ] GC(162) Humongous regions: 154->153
[2026-03-27T14:07:19.818+0900][23.952s][info][gc,metaspace] GC(162) Metaspace: 166K(384K)->166K(384K) NonClass: 157K(256K)->157K(256K) Class: 9K(128K)->9K(128K)
[2026-03-27T14:07:19.818+0900][23.952s][info][gc          ] GC(162) Pause Young (Concurrent Start) (G1 Humongous Allocation) 155M->153M(344M) 2.837ms
[2026-03-27T14:07:19.818+0900][23.952s][info][gc,cpu      ] GC(162) User=0.00s Sys=0.00s Real=0.00s
[2026-03-27T14:07:19.818+0900][23.952s][info][gc          ] GC(163) Concurrent Undo Cycle
[2026-03-27T14:07:19.818+0900][23.952s][info][gc,marking  ] GC(163) Concurrent Cleanup for Next Mark
[2026-03-27T14:07:19.818+0900][23.952s][info][gc,marking  ] GC(163) Concurrent Cleanup for Next Mark 0.255ms
[2026-03-27T14:07:19.818+0900][23.952s][info][gc          ] GC(163) Concurrent Undo Cycle 0.485ms
[2026-03-27T14:07:19.882+0900][24.013s][info][gc,start    ] GC(164) Pause Young (Concurrent Start) (G1 Humongous Allocation)
[2026-03-27T14:07:19.882+0900][24.013s][info][gc,task     ] GC(164) Using 8 workers of 8 for evacuation
[2026-03-27T14:07:19.882+0900][24.015s][info][gc,phases   ] GC(164)   Pre Evacuate Collection Set: 0.3ms
[2026-03-27T14:07:19.882+0900][24.015s][info][gc,phases   ] GC(164)   Merge Heap Roots: 0.2ms
[2026-03-27T14:07:19.882+0900][24.015s][info][gc,phases   ] GC(164)   Evacuate Collection Set: 0.2ms
[2026-03-27T14:07:19.882+0900][24.015s][info][gc,phases   ] GC(164)   Post Evacuate Collection Set: 0.8ms
[2026-03-27T14:07:19.882+0900][24.015s][info][gc,phases   ] GC(164)   Other: 0.3ms
[2026-03-27T14:07:19.882+0900][24.015s][info][gc,heap     ] GC(164) Eden regions: 1->0(152)
[2026-03-27T14:07:19.882+0900][24.015s][info][gc,heap     ] GC(164) Survivor regions: 1->1(20)
[2026-03-27T14:07:19.882+0900][24.015s][info][gc,heap     ] GC(164) Old regions: 1->1
[2026-03-27T14:07:19.882+0900][24.015s][info][gc,heap     ] GC(164) Archive regions: 0->0
[2026-03-27T14:07:19.882+0900][24.015s][info][gc,heap     ] GC(164) Humongous regions: 155->154
[2026-03-27T14:07:19.882+0900][24.015s][info][gc,metaspace] GC(164) Metaspace: 166K(384K)->166K(384K) NonClass: 157K(256K)->157K(256K) Class: 9K(128K)->9K(128K)
[2026-03-27T14:07:19.882+0900][24.015s][info][gc          ] GC(164) Pause Young (Concurrent Start) (G1 Humongous Allocation) 156M->154M(344M) 2.596ms
[2026-03-27T14:07:19.882+0900][24.015s][info][gc,cpu      ] GC(164) User=0.00s Sys=0.00s Real=0.00s
[2026-03-27T14:07:19.882+0900][24.015s][info][gc          ] GC(165) Concurrent Mark Cycle
[2026-03-27T14:07:19.882+0900][24.016s][info][gc,marking  ] GC(165) Concurrent Clear Claimed Marks
[2026-03-27T14:07:19.882+0900][24.016s][info][gc,marking  ] GC(165) Concurrent Clear Claimed Marks 0.048ms
[2026-03-27T14:07:19.882+0900][24.016s][info][gc,marking  ] GC(165) Concurrent Scan Root Regions
[2026-03-27T14:07:19.882+0900][24.016s][info][gc,marking  ] GC(165) Concurrent Scan Root Regions 0.275ms
[2026-03-27T14:07:19.882+0900][24.016s][info][gc,marking  ] GC(165) Concurrent Mark
[2026-03-27T14:07:19.882+0900][24.016s][info][gc,marking  ] GC(165) Concurrent Mark From Roots
[2026-03-27T14:07:19.882+0900][24.016s][info][gc,task     ] GC(165) Using 2 workers of 2 for marking
[2026-03-27T14:07:19.882+0900][24.018s][info][gc,marking  ] GC(165) Concurrent Mark From Roots 1.907ms
[2026-03-27T14:07:19.882+0900][24.018s][info][gc,marking  ] GC(165) Concurrent Preclean
[2026-03-27T14:07:19.882+0900][24.018s][info][gc,marking  ] GC(165) Concurrent Preclean 0.013ms
[2026-03-27T14:07:19.882+0900][24.018s][info][gc,start    ] GC(165) Pause Remark
[2026-03-27T14:07:19.882+0900][24.019s][info][gc          ] GC(165) Pause Remark 155M->155M(344M) 1.175ms
[2026-03-27T14:07:19.882+0900][24.020s][info][gc,cpu      ] GC(165) User=0.00s Sys=0.00s Real=0.00s
[2026-03-27T14:07:19.882+0900][24.020s][info][gc,marking  ] GC(165) Concurrent Mark 3.637ms
[2026-03-27T14:07:19.882+0900][24.020s][info][gc,marking  ] GC(165) Concurrent Rebuild Remembered Sets
[2026-03-27T14:07:19.882+0900][24.021s][info][gc,marking  ] GC(165) Concurrent Rebuild Remembered Sets 0.992ms
[2026-03-27T14:07:19.882+0900][24.021s][info][gc,start    ] GC(165) Pause Cleanup
[2026-03-27T14:07:19.882+0900][24.022s][info][gc          ] GC(165) Pause Cleanup 155M->155M(344M) 0.409ms
[2026-03-27T14:07:19.882+0900][24.022s][info][gc,cpu      ] GC(165) User=0.00s Sys=0.00s Real=0.00s
[2026-03-27T14:07:19.882+0900][24.022s][info][gc,marking  ] GC(165) Concurrent Cleanup for Next Mark
[2026-03-27T14:07:19.882+0900][24.022s][info][gc,marking  ] GC(165) Concurrent Cleanup for Next Mark 0.399ms
[2026-03-27T14:07:19.882+0900][24.022s][info][gc          ] GC(165) Concurrent Mark Cycle 6.843ms
[2026-03-27T14:07:19.946+0900][24.077s][info][gc,start    ] GC(166) Pause Young (Concurrent Start) (G1 Humongous Allocation)
[2026-03-27T14:07:19.946+0900][24.077s][info][gc,task     ] GC(166) Using 8 workers of 8 for evacuation
[2026-03-27T14:07:19.948+0900][24.078s][info][gc,phases   ] GC(166)   Pre Evacuate Collection Set: 0.1ms
[2026-03-27T14:07:19.948+0900][24.078s][info][gc,phases   ] GC(166)   Merge Heap Roots: 0.3ms
[2026-03-27T14:07:19.948+0900][24.078s][info][gc,phases   ] GC(166)   Evacuate Collection Set: 0.2ms
[2026-03-27T14:07:19.948+0900][24.078s][info][gc,phases   ] GC(166)   Post Evacuate Collection Set: 0.6ms
[2026-03-27T14:07:19.948+0900][24.078s][info][gc,phases   ] GC(166)   Other: 0.2ms
[2026-03-27T14:07:19.948+0900][24.078s][info][gc,heap     ] GC(166) Eden regions: 1->0(152)
[2026-03-27T14:07:19.948+0900][24.078s][info][gc,heap     ] GC(166) Survivor regions: 1->1(20)
[2026-03-27T14:07:19.948+0900][24.079s][info][gc,heap     ] GC(166) Old regions: 1->1
[2026-03-27T14:07:19.948+0900][24.079s][info][gc,heap     ] GC(166) Archive regions: 0->0
[2026-03-27T14:07:19.948+0900][24.079s][info][gc,heap     ] GC(166) Humongous regions: 155->154
[2026-03-27T14:07:19.948+0900][24.079s][info][gc,metaspace] GC(166) Metaspace: 166K(384K)->166K(384K) NonClass: 157K(256K)->157K(256K) Class: 9K(128K)->9K(128K)
[2026-03-27T14:07:19.948+0900][24.079s][info][gc          ] GC(166) Pause Young (Concurrent Start) (G1 Humongous Allocation) 156M->154M(344M) 1.925ms
[2026-03-27T14:07:19.948+0900][24.079s][info][gc,cpu      ] GC(166) User=0.00s Sys=0.00s Real=0.00s
[2026-03-27T14:07:19.948+0900][24.079s][info][gc          ] GC(167) Concurrent Mark Cycle
[2026-03-27T14:07:19.948+0900][24.079s][info][gc,marking  ] GC(167) Concurrent Clear Claimed Marks
[2026-03-27T14:07:19.948+0900][24.079s][info][gc,marking  ] GC(167) Concurrent Clear Claimed Marks 0.031ms
[2026-03-27T14:07:19.948+0900][24.079s][info][gc,marking  ] GC(167) Concurrent Scan Root Regions
[2026-03-27T14:07:19.948+0900][24.079s][info][gc,marking  ] GC(167) Concurrent Scan Root Regions 0.125ms
[2026-03-27T14:07:19.948+0900][24.079s][info][gc,marking  ] GC(167) Concurrent Mark
[2026-03-27T14:07:19.948+0900][24.079s][info][gc,marking  ] GC(167) Concurrent Mark From Roots
[2026-03-27T14:07:19.948+0900][24.079s][info][gc,task     ] GC(167) Using 2 workers of 2 for marking
[2026-03-27T14:07:19.948+0900][24.080s][info][gc,marking  ] GC(167) Concurrent Mark From Roots 1.109ms
[2026-03-27T14:07:19.948+0900][24.080s][info][gc,marking  ] GC(167) Concurrent Preclean
[2026-03-27T14:07:19.948+0900][24.080s][info][gc,marking  ] GC(167) Concurrent Preclean 0.019ms
[2026-03-27T14:07:19.948+0900][24.081s][info][gc,start    ] GC(167) Pause Remark
[2026-03-27T14:07:19.948+0900][24.081s][info][gc          ] GC(167) Pause Remark 155M->155M(344M) 0.782ms
[2026-03-27T14:07:19.948+0900][24.081s][info][gc,cpu      ] GC(167) User=0.00s Sys=0.00s Real=0.00s
[2026-03-27T14:07:19.948+0900][24.082s][info][gc,marking  ] GC(167) Concurrent Mark 2.411ms
[2026-03-27T14:07:19.948+0900][24.082s][info][gc,marking  ] GC(167) Concurrent Rebuild Remembered Sets
[2026-03-27T14:07:19.948+0900][24.082s][info][gc,marking  ] GC(167) Concurrent Rebuild Remembered Sets 0.582ms
[2026-03-27T14:07:19.948+0900][24.082s][info][gc,start    ] GC(167) Pause Cleanup
[2026-03-27T14:07:19.948+0900][24.083s][info][gc          ] GC(167) Pause Cleanup 155M->155M(344M) 0.230ms
[2026-03-27T14:07:19.948+0900][24.083s][info][gc,cpu      ] GC(167) User=0.00s Sys=0.00s Real=0.00s
[2026-03-27T14:07:19.948+0900][24.083s][info][gc,marking  ] GC(167) Concurrent Cleanup for Next Mark
[2026-03-27T14:07:19.948+0900][24.083s][info][gc,marking  ] GC(167) Concurrent Cleanup for Next Mark 0.409ms
[2026-03-27T14:07:19.948+0900][24.083s][info][gc          ] GC(167) Concurrent Mark Cycle 4.405ms
[2026-03-27T14:07:20.010+0900][24.140s][info][gc,start    ] GC(168) Pause Young (Concurrent Start) (G1 Humongous Allocation)
[2026-03-27T14:07:20.010+0900][24.140s][info][gc,task     ] GC(168) Using 8 workers of 8 for evacuation
[2026-03-27T14:07:20.010+0900][24.141s][info][gc,phases   ] GC(168)   Pre Evacuate Collection Set: 0.1ms
[2026-03-27T14:07:20.010+0900][24.141s][info][gc,phases   ] GC(168)   Merge Heap Roots: 0.1ms
[2026-03-27T14:07:20.010+0900][24.141s][info][gc,phases   ] GC(168)   Evacuate Collection Set: 0.1ms
[2026-03-27T14:07:20.010+0900][24.141s][info][gc,phases   ] GC(168)   Post Evacuate Collection Set: 0.1ms
[2026-03-27T14:07:20.010+0900][24.141s][info][gc,phases   ] GC(168)   Other: 0.1ms
[2026-03-27T14:07:20.010+0900][24.141s][info][gc,heap     ] GC(168) Eden regions: 1->0(152)
[2026-03-27T14:07:20.010+0900][24.141s][info][gc,heap     ] GC(168) Survivor regions: 1->1(20)
[2026-03-27T14:07:20.010+0900][24.141s][info][gc,heap     ] GC(168) Old regions: 1->1
[2026-03-27T14:07:20.010+0900][24.141s][info][gc,heap     ] GC(168) Archive regions: 0->0
[2026-03-27T14:07:20.010+0900][24.141s][info][gc,heap     ] GC(168) Humongous regions: 155->154
[2026-03-27T14:07:20.010+0900][24.141s][info][gc,metaspace] GC(168) Metaspace: 166K(384K)->166K(384K) NonClass: 157K(256K)->157K(256K) Class: 9K(128K)->9K(128K)
[2026-03-27T14:07:20.010+0900][24.141s][info][gc          ] GC(168) Pause Young (Concurrent Start) (G1 Humongous Allocation) 156M->154M(344M) 0.686ms
[2026-03-27T14:07:20.010+0900][24.141s][info][gc,cpu      ] GC(168) User=0.00s Sys=0.00s Real=0.00s
[2026-03-27T14:07:20.010+0900][24.141s][info][gc          ] GC(169) Concurrent Mark Cycle
[2026-03-27T14:07:20.010+0900][24.141s][info][gc,marking  ] GC(169) Concurrent Clear Claimed Marks
[2026-03-27T14:07:20.010+0900][24.141s][info][gc,marking  ] GC(169) Concurrent Clear Claimed Marks 0.016ms
[2026-03-27T14:07:20.010+0900][24.141s][info][gc,marking  ] GC(169) Concurrent Scan Root Regions
[2026-03-27T14:07:20.010+0900][24.141s][info][gc,marking  ] GC(169) Concurrent Scan Root Regions 0.038ms
[2026-03-27T14:07:20.010+0900][24.141s][info][gc,marking  ] GC(169) Concurrent Mark
[2026-03-27T14:07:20.010+0900][24.141s][info][gc,marking  ] GC(169) Concurrent Mark From Roots
[2026-03-27T14:07:20.010+0900][24.141s][info][gc,task     ] GC(169) Using 2 workers of 2 for marking
[2026-03-27T14:07:20.010+0900][24.142s][info][gc,marking  ] GC(169) Concurrent Mark From Roots 0.647ms
[2026-03-27T14:07:20.010+0900][24.142s][info][gc,marking  ] GC(169) Concurrent Preclean
[2026-03-27T14:07:20.010+0900][24.142s][info][gc,marking  ] GC(169) Concurrent Preclean 0.013ms
[2026-03-27T14:07:20.010+0900][24.142s][info][gc,start    ] GC(169) Pause Remark
[2026-03-27T14:07:20.010+0900][24.142s][info][gc          ] GC(169) Pause Remark 155M->155M(344M) 0.208ms
[2026-03-27T14:07:20.010+0900][24.142s][info][gc,cpu      ] GC(169) User=0.00s Sys=0.00s Real=0.00s
[2026-03-27T14:07:20.010+0900][24.142s][info][gc,marking  ] GC(169) Concurrent Mark 1.008ms
[2026-03-27T14:07:20.010+0900][24.142s][info][gc,marking  ] GC(169) Concurrent Rebuild Remembered Sets
[2026-03-27T14:07:20.010+0900][24.142s][info][gc,marking  ] GC(169) Concurrent Rebuild Remembered Sets 0.312ms
[2026-03-27T14:07:20.010+0900][24.142s][info][gc,start    ] GC(169) Pause Cleanup
[2026-03-27T14:07:20.010+0900][24.142s][info][gc          ] GC(169) Pause Cleanup 155M->155M(344M) 0.055ms
[2026-03-27T14:07:20.010+0900][24.142s][info][gc,cpu      ] GC(169) User=0.00s Sys=0.00s Real=0.00s
[2026-03-27T14:07:20.010+0900][24.142s][info][gc,marking  ] GC(169) Concurrent Cleanup for Next Mark
[2026-03-27T14:07:20.010+0900][24.143s][info][gc,marking  ] GC(169) Concurrent Cleanup for Next Mark 0.128ms
[2026-03-27T14:07:20.010+0900][24.143s][info][gc          ] GC(169) Concurrent Mark Cycle 1.797ms
[2026-03-27T14:07:20.074+0900][24.204s][info][gc,start    ] GC(170) Pause Young (Concurrent Start) (G1 Humongous Allocation)
[2026-03-27T14:07:20.074+0900][24.204s][info][gc,task     ] GC(170) Using 8 workers of 8 for evacuation
[2026-03-27T14:07:20.074+0900][24.205s][info][gc,phases   ] GC(170)   Pre Evacuate Collection Set: 0.2ms
[2026-03-27T14:07:20.074+0900][24.205s][info][gc,phases   ] GC(170)   Merge Heap Roots: 0.1ms
[2026-03-27T14:07:20.074+0900][24.205s][info][gc,phases   ] GC(170)   Evacuate Collection Set: 0.2ms
[2026-03-27T14:07:20.074+0900][24.205s][info][gc,phases   ] GC(170)   Post Evacuate Collection Set: 0.5ms
[2026-03-27T14:07:20.074+0900][24.205s][info][gc,phases   ] GC(170)   Other: 0.2ms
[2026-03-27T14:07:20.074+0900][24.205s][info][gc,heap     ] GC(170) Eden regions: 1->0(152)
[2026-03-27T14:07:20.074+0900][24.205s][info][gc,heap     ] GC(170) Survivor regions: 1->1(20)
[2026-03-27T14:07:20.074+0900][24.205s][info][gc,heap     ] GC(170) Old regions: 1->1
[2026-03-27T14:07:20.074+0900][24.205s][info][gc,heap     ] GC(170) Archive regions: 0->0
[2026-03-27T14:07:20.074+0900][24.205s][info][gc,heap     ] GC(170) Humongous regions: 155->154
[2026-03-27T14:07:20.074+0900][24.205s][info][gc,metaspace] GC(170) Metaspace: 166K(384K)->166K(384K) NonClass: 157K(256K)->157K(256K) Class: 9K(128K)->9K(128K)
[2026-03-27T14:07:20.074+0900][24.205s][info][gc          ] GC(170) Pause Young (Concurrent Start) (G1 Humongous Allocation) 156M->154M(344M) 1.522ms
[2026-03-27T14:07:20.074+0900][24.206s][info][gc,cpu      ] GC(170) User=0.00s Sys=0.00s Real=0.00s
[2026-03-27T14:07:20.074+0900][24.206s][info][gc          ] GC(171) Concurrent Mark Cycle
[2026-03-27T14:07:20.074+0900][24.206s][info][gc,marking  ] GC(171) Concurrent Clear Claimed Marks
[2026-03-27T14:07:20.074+0900][24.206s][info][gc,marking  ] GC(171) Concurrent Clear Claimed Marks 0.020ms
[2026-03-27T14:07:20.074+0900][24.206s][info][gc,marking  ] GC(171) Concurrent Scan Root Regions
[2026-03-27T14:07:20.074+0900][24.206s][info][gc,marking  ] GC(171) Concurrent Scan Root Regions 0.162ms
[2026-03-27T14:07:20.074+0900][24.206s][info][gc,marking  ] GC(171) Concurrent Mark
[2026-03-27T14:07:20.074+0900][24.206s][info][gc,marking  ] GC(171) Concurrent Mark From Roots
[2026-03-27T14:07:20.074+0900][24.206s][info][gc,task     ] GC(171) Using 2 workers of 2 for marking
[2026-03-27T14:07:20.074+0900][24.207s][info][gc,marking  ] GC(171) Concurrent Mark From Roots 0.769ms
[2026-03-27T14:07:20.074+0900][24.207s][info][gc,marking  ] GC(171) Concurrent Preclean
[2026-03-27T14:07:20.074+0900][24.207s][info][gc,marking  ] GC(171) Concurrent Preclean 0.013ms
[2026-03-27T14:07:20.074+0900][24.207s][info][gc,start    ] GC(171) Pause Remark
[2026-03-27T14:07:20.074+0900][24.208s][info][gc          ] GC(171) Pause Remark 155M->155M(344M) 0.854ms
[2026-03-27T14:07:20.074+0900][24.208s][info][gc,cpu      ] GC(171) User=0.00s Sys=0.00s Real=0.00s
[2026-03-27T14:07:20.074+0900][24.208s][info][gc,marking  ] GC(171) Concurrent Mark 2.020ms
[2026-03-27T14:07:20.074+0900][24.208s][info][gc,marking  ] GC(171) Concurrent Rebuild Remembered Sets
[2026-03-27T14:07:20.074+0900][24.208s][info][gc,marking  ] GC(171) Concurrent Rebuild Remembered Sets 0.403ms
[2026-03-27T14:07:20.074+0900][24.209s][info][gc,start    ] GC(171) Pause Cleanup
[2026-03-27T14:07:20.074+0900][24.209s][info][gc          ] GC(171) Pause Cleanup 155M->155M(344M) 0.129ms
[2026-03-27T14:07:20.074+0900][24.209s][info][gc,cpu      ] GC(171) User=0.00s Sys=0.00s Real=0.00s
[2026-03-27T14:07:20.074+0900][24.209s][info][gc,marking  ] GC(171) Concurrent Cleanup for Next Mark
[2026-03-27T14:07:20.074+0900][24.209s][info][gc,marking  ] GC(171) Concurrent Cleanup for Next Mark 0.198ms
[2026-03-27T14:07:20.074+0900][24.209s][info][gc          ] GC(171) Concurrent Mark Cycle 3.325ms
[2026-03-27T14:07:20.137+0900][24.267s][info][gc,start    ] GC(172) Pause Young (Concurrent Start) (G1 Humongous Allocation)
[2026-03-27T14:07:20.137+0900][24.268s][info][gc,task     ] GC(172) Using 8 workers of 8 for evacuation
[2026-03-27T14:07:20.137+0900][24.269s][info][gc,phases   ] GC(172)   Pre Evacuate Collection Set: 0.1ms
[2026-03-27T14:07:20.137+0900][24.269s][info][gc,phases   ] GC(172)   Merge Heap Roots: 0.1ms
[2026-03-27T14:07:20.137+0900][24.269s][info][gc,phases   ] GC(172)   Evacuate Collection Set: 0.1ms
[2026-03-27T14:07:20.137+0900][24.269s][info][gc,phases   ] GC(172)   Post Evacuate Collection Set: 0.6ms
[2026-03-27T14:07:20.137+0900][24.269s][info][gc,phases   ] GC(172)   Other: 0.2ms
[2026-03-27T14:07:20.137+0900][24.269s][info][gc,heap     ] GC(172) Eden regions: 1->0(152)
[2026-03-27T14:07:20.137+0900][24.269s][info][gc,heap     ] GC(172) Survivor regions: 1->1(20)
[2026-03-27T14:07:20.137+0900][24.269s][info][gc,heap     ] GC(172) Old regions: 1->1
[2026-03-27T14:07:20.137+0900][24.269s][info][gc,heap     ] GC(172) Archive regions: 0->0
[2026-03-27T14:07:20.137+0900][24.269s][info][gc,heap     ] GC(172) Humongous regions: 155->154
[2026-03-27T14:07:20.137+0900][24.269s][info][gc,metaspace] GC(172) Metaspace: 166K(384K)->166K(384K) NonClass: 157K(256K)->157K(256K) Class: 9K(128K)->9K(128K)
[2026-03-27T14:07:20.137+0900][24.269s][info][gc          ] GC(172) Pause Young (Concurrent Start) (G1 Humongous Allocation) 156M->154M(344M) 1.410ms
[2026-03-27T14:07:20.137+0900][24.269s][info][gc,cpu      ] GC(172) User=0.00s Sys=0.00s Real=0.00s
[2026-03-27T14:07:20.137+0900][24.269s][info][gc          ] GC(173) Concurrent Mark Cycle
[2026-03-27T14:07:20.137+0900][24.269s][info][gc,marking  ] GC(173) Concurrent Clear Claimed Marks
[2026-03-27T14:07:20.137+0900][24.269s][info][gc,marking  ] GC(173) Concurrent Clear Claimed Marks 0.015ms
[2026-03-27T14:07:20.137+0900][24.269s][info][gc,marking  ] GC(173) Concurrent Scan Root Regions
[2026-03-27T14:07:20.137+0900][24.269s][info][gc,marking  ] GC(173) Concurrent Scan Root Regions 0.116ms
[2026-03-27T14:07:20.137+0900][24.269s][info][gc,marking  ] GC(173) Concurrent Mark
[2026-03-27T14:07:20.137+0900][24.269s][info][gc,marking  ] GC(173) Concurrent Mark From Roots
[2026-03-27T14:07:20.137+0900][24.269s][info][gc,task     ] GC(173) Using 2 workers of 2 for marking
[2026-03-27T14:07:20.137+0900][24.270s][info][gc,marking  ] GC(173) Concurrent Mark From Roots 0.865ms
[2026-03-27T14:07:20.137+0900][24.270s][info][gc,marking  ] GC(173) Concurrent Preclean
[2026-03-27T14:07:20.137+0900][24.270s][info][gc,marking  ] GC(173) Concurrent Preclean 0.015ms
[2026-03-27T14:07:20.137+0900][24.270s][info][gc,start    ] GC(173) Pause Remark
[2026-03-27T14:07:20.137+0900][24.271s][info][gc          ] GC(173) Pause Remark 157M->157M(344M) 0.480ms
[2026-03-27T14:07:20.137+0900][24.271s][info][gc,cpu      ] GC(173) User=0.00s Sys=0.00s Real=0.00s
[2026-03-27T14:07:20.137+0900][24.271s][info][gc,marking  ] GC(173) Concurrent Mark 1.762ms
[2026-03-27T14:07:20.137+0900][24.271s][info][gc,marking  ] GC(173) Concurrent Rebuild Remembered Sets
[2026-03-27T14:07:20.137+0900][24.271s][info][gc,marking  ] GC(173) Concurrent Rebuild Remembered Sets 0.467ms
[2026-03-27T14:07:20.137+0900][24.272s][info][gc,start    ] GC(173) Pause Cleanup
[2026-03-27T14:07:20.137+0900][24.272s][info][gc          ] GC(173) Pause Cleanup 157M->157M(344M) 0.115ms
[2026-03-27T14:07:20.137+0900][24.272s][info][gc,cpu      ] GC(173) User=0.00s Sys=0.00s Real=0.00s
[2026-03-27T14:07:20.137+0900][24.272s][info][gc,marking  ] GC(173) Concurrent Cleanup for Next Mark
[2026-03-27T14:07:20.137+0900][24.272s][info][gc,marking  ] GC(173) Concurrent Cleanup for Next Mark 0.184ms
[2026-03-27T14:07:20.137+0900][24.272s][info][gc          ] GC(173) Concurrent Mark Cycle 3.093ms
[2026-03-27T14:07:20.201+0900][24.331s][info][gc,start    ] GC(174) Pause Young (Concurrent Start) (G1 Humongous Allocation)
[2026-03-27T14:07:20.201+0900][24.331s][info][gc,task     ] GC(174) Using 8 workers of 8 for evacuation
[2026-03-27T14:07:20.201+0900][24.333s][info][gc,phases   ] GC(174)   Pre Evacuate Collection Set: 0.1ms
[2026-03-27T14:07:20.201+0900][24.333s][info][gc,phases   ] GC(174)   Merge Heap Roots: 0.1ms
[2026-03-27T14:07:20.201+0900][24.333s][info][gc,phases   ] GC(174)   Evacuate Collection Set: 0.1ms
[2026-03-27T14:07:20.201+0900][24.333s][info][gc,phases   ] GC(174)   Post Evacuate Collection Set: 0.7ms
[2026-03-27T14:07:20.201+0900][24.333s][info][gc,phases   ] GC(174)   Other: 0.2ms
[2026-03-27T14:07:20.201+0900][24.333s][info][gc,heap     ] GC(174) Eden regions: 1->0(172)
[2026-03-27T14:07:20.201+0900][24.333s][info][gc,heap     ] GC(174) Survivor regions: 1->1(20)
[2026-03-27T14:07:20.201+0900][24.333s][info][gc,heap     ] GC(174) Old regions: 1->1
[2026-03-27T14:07:20.201+0900][24.333s][info][gc,heap     ] GC(174) Archive regions: 0->0
[2026-03-27T14:07:20.201+0900][24.333s][info][gc,heap     ] GC(174) Humongous regions: 157->156
[2026-03-27T14:07:20.201+0900][24.333s][info][gc,metaspace] GC(174) Metaspace: 166K(384K)->166K(384K) NonClass: 157K(256K)->157K(256K) Class: 9K(128K)->9K(128K)
[2026-03-27T14:07:20.201+0900][24.333s][info][gc          ] GC(174) Pause Young (Concurrent Start) (G1 Humongous Allocation) 158M->156M(368M) 1.538ms
[2026-03-27T14:07:20.201+0900][24.333s][info][gc,cpu      ] GC(174) User=0.00s Sys=0.00s Real=0.00s
[2026-03-27T14:07:20.201+0900][24.333s][info][gc          ] GC(175) Concurrent Undo Cycle
[2026-03-27T14:07:20.201+0900][24.333s][info][gc,marking  ] GC(175) Concurrent Cleanup for Next Mark
[2026-03-27T14:07:20.201+0900][24.333s][info][gc,marking  ] GC(175) Concurrent Cleanup for Next Mark 0.076ms
[2026-03-27T14:07:20.201+0900][24.333s][info][gc          ] GC(175) Concurrent Undo Cycle 0.157ms
[2026-03-27T14:07:20.634+0900][24.764s][info][gc,start    ] GC(176) Pause Young (Concurrent Start) (G1 Humongous Allocation)
[2026-03-27T14:07:20.634+0900][24.764s][info][gc,task     ] GC(176) Using 8 workers of 8 for evacuation
[2026-03-27T14:07:20.634+0900][24.766s][info][gc,phases   ] GC(176)   Pre Evacuate Collection Set: 0.3ms
[2026-03-27T14:07:20.634+0900][24.766s][info][gc,phases   ] GC(176)   Merge Heap Roots: 0.2ms
[2026-03-27T14:07:20.634+0900][24.766s][info][gc,phases   ] GC(176)   Evacuate Collection Set: 0.3ms
[2026-03-27T14:07:20.634+0900][24.766s][info][gc,phases   ] GC(176)   Post Evacuate Collection Set: 0.8ms
[2026-03-27T14:07:20.634+0900][24.766s][info][gc,phases   ] GC(176)   Other: 0.3ms
[2026-03-27T14:07:20.634+0900][24.766s][info][gc,heap     ] GC(176) Eden regions: 1->0(170)
[2026-03-27T14:07:20.634+0900][24.766s][info][gc,heap     ] GC(176) Survivor regions: 1->1(22)
[2026-03-27T14:07:20.634+0900][24.766s][info][gc,heap     ] GC(176) Old regions: 1->1
[2026-03-27T14:07:20.634+0900][24.766s][info][gc,heap     ] GC(176) Archive regions: 0->0
[2026-03-27T14:07:20.634+0900][24.766s][info][gc,heap     ] GC(176) Humongous regions: 165->158
[2026-03-27T14:07:20.634+0900][24.767s][info][gc,metaspace] GC(176) Metaspace: 166K(384K)->166K(384K) NonClass: 157K(256K)->157K(256K) Class: 9K(128K)->9K(128K)
[2026-03-27T14:07:20.634+0900][24.767s][info][gc          ] GC(176) Pause Young (Concurrent Start) (G1 Humongous Allocation) 166M->158M(368M) 2.561ms
[2026-03-27T14:07:20.634+0900][24.767s][info][gc,cpu      ] GC(176) User=0.00s Sys=0.00s Real=0.00s
[2026-03-27T14:07:20.634+0900][24.767s][info][gc          ] GC(177) Concurrent Undo Cycle
[2026-03-27T14:07:20.634+0900][24.767s][info][gc,marking  ] GC(177) Concurrent Cleanup for Next Mark
[2026-03-27T14:07:20.634+0900][24.767s][info][gc,marking  ] GC(177) Concurrent Cleanup for Next Mark 0.250ms
[2026-03-27T14:07:20.634+0900][24.767s][info][gc          ] GC(177) Concurrent Undo Cycle 0.525ms
[2026-03-27T14:07:20.955+0900][25.085s][info][gc,start    ] GC(178) Pause Young (Concurrent Start) (G1 Humongous Allocation)
[2026-03-27T14:07:20.955+0900][25.086s][info][gc,task     ] GC(178) Using 8 workers of 8 for evacuation
[2026-03-27T14:07:20.955+0900][25.088s][info][gc,phases   ] GC(178)   Pre Evacuate Collection Set: 0.3ms
[2026-03-27T14:07:20.955+0900][25.088s][info][gc,phases   ] GC(178)   Merge Heap Roots: 0.2ms
[2026-03-27T14:07:20.955+0900][25.088s][info][gc,phases   ] GC(178)   Evacuate Collection Set: 0.5ms
[2026-03-27T14:07:20.955+0900][25.088s][info][gc,phases   ] GC(178)   Post Evacuate Collection Set: 0.8ms
[2026-03-27T14:07:20.955+0900][25.088s][info][gc,phases   ] GC(178)   Other: 0.3ms
[2026-03-27T14:07:20.955+0900][25.088s][info][gc,heap     ] GC(178) Eden regions: 1->0(168)
[2026-03-27T14:07:20.955+0900][25.088s][info][gc,heap     ] GC(178) Survivor regions: 1->1(22)
[2026-03-27T14:07:20.955+0900][25.088s][info][gc,heap     ] GC(178) Old regions: 1->1
[2026-03-27T14:07:20.955+0900][25.088s][info][gc,heap     ] GC(178) Archive regions: 0->0
[2026-03-27T14:07:20.955+0900][25.088s][info][gc,heap     ] GC(178) Humongous regions: 165->160
[2026-03-27T14:07:20.955+0900][25.088s][info][gc,metaspace] GC(178) Metaspace: 166K(384K)->166K(384K) NonClass: 157K(256K)->157K(256K) Class: 9K(128K)->9K(128K)
[2026-03-27T14:07:20.955+0900][25.088s][info][gc          ] GC(178) Pause Young (Concurrent Start) (G1 Humongous Allocation) 166M->160M(368M) 2.870ms
[2026-03-27T14:07:20.955+0900][25.088s][info][gc,cpu      ] GC(178) User=0.00s Sys=0.00s Real=0.00s
[2026-03-27T14:07:20.955+0900][25.089s][info][gc          ] GC(179) Concurrent Undo Cycle
[2026-03-27T14:07:20.955+0900][25.089s][info][gc,marking  ] GC(179) Concurrent Cleanup for Next Mark
[2026-03-27T14:07:20.955+0900][25.089s][info][gc,marking  ] GC(179) Concurrent Cleanup for Next Mark 0.267ms
[2026-03-27T14:07:20.955+0900][25.089s][info][gc          ] GC(179) Concurrent Undo Cycle 0.496ms
[2026-03-27T14:07:21.147+0900][25.277s][info][gc,start    ] GC(180) Pause Young (Concurrent Start) (G1 Humongous Allocation)
[2026-03-27T14:07:21.147+0900][25.277s][info][gc,task     ] GC(180) Using 8 workers of 8 for evacuation
[2026-03-27T14:07:21.147+0900][25.279s][info][gc,phases   ] GC(180)   Pre Evacuate Collection Set: 0.3ms
[2026-03-27T14:07:21.147+0900][25.279s][info][gc,phases   ] GC(180)   Merge Heap Roots: 0.2ms
[2026-03-27T14:07:21.147+0900][25.279s][info][gc,phases   ] GC(180)   Evacuate Collection Set: 0.3ms
[2026-03-27T14:07:21.147+0900][25.279s][info][gc,phases   ] GC(180)   Post Evacuate Collection Set: 0.9ms
[2026-03-27T14:07:21.147+0900][25.279s][info][gc,phases   ] GC(180)   Other: 0.3ms
[2026-03-27T14:07:21.147+0900][25.279s][info][gc,heap     ] GC(180) Eden regions: 1->0(166)
[2026-03-27T14:07:21.147+0900][25.279s][info][gc,heap     ] GC(180) Survivor regions: 1->1(22)
[2026-03-27T14:07:21.147+0900][25.279s][info][gc,heap     ] GC(180) Old regions: 1->1
[2026-03-27T14:07:21.147+0900][25.280s][info][gc,heap     ] GC(180) Archive regions: 0->0
[2026-03-27T14:07:21.147+0900][25.280s][info][gc,heap     ] GC(180) Humongous regions: 165->162
[2026-03-27T14:07:21.147+0900][25.280s][info][gc,metaspace] GC(180) Metaspace: 166K(384K)->166K(384K) NonClass: 157K(256K)->157K(256K) Class: 9K(128K)->9K(128K)
[2026-03-27T14:07:21.147+0900][25.280s][info][gc          ] GC(180) Pause Young (Concurrent Start) (G1 Humongous Allocation) 166M->162M(368M) 2.703ms
[2026-03-27T14:07:21.147+0900][25.280s][info][gc,cpu      ] GC(180) User=0.00s Sys=0.00s Real=0.00s
[2026-03-27T14:07:21.147+0900][25.280s][info][gc          ] GC(181) Concurrent Undo Cycle
[2026-03-27T14:07:21.147+0900][25.280s][info][gc,marking  ] GC(181) Concurrent Cleanup for Next Mark
[2026-03-27T14:07:21.147+0900][25.280s][info][gc,marking  ] GC(181) Concurrent Cleanup for Next Mark 0.261ms
[2026-03-27T14:07:21.147+0900][25.280s][info][gc          ] GC(181) Concurrent Undo Cycle 0.500ms
[2026-03-27T14:07:21.338+0900][25.468s][info][gc,start    ] GC(182) Pause Young (Concurrent Start) (G1 Humongous Allocation)
[2026-03-27T14:07:21.338+0900][25.469s][info][gc,task     ] GC(182) Using 8 workers of 8 for evacuation
[2026-03-27T14:07:21.338+0900][25.470s][info][gc,phases   ] GC(182)   Pre Evacuate Collection Set: 0.1ms
[2026-03-27T14:07:21.338+0900][25.470s][info][gc,phases   ] GC(182)   Merge Heap Roots: 0.0ms
[2026-03-27T14:07:21.338+0900][25.470s][info][gc,phases   ] GC(182)   Evacuate Collection Set: 0.1ms
[2026-03-27T14:07:21.338+0900][25.470s][info][gc,phases   ] GC(182)   Post Evacuate Collection Set: 0.1ms
[2026-03-27T14:07:21.338+0900][25.470s][info][gc,phases   ] GC(182)   Other: 0.1ms
[2026-03-27T14:07:21.338+0900][25.470s][info][gc,heap     ] GC(182) Eden regions: 1->0(166)
[2026-03-27T14:07:21.338+0900][25.470s][info][gc,heap     ] GC(182) Survivor regions: 1->1(21)
[2026-03-27T14:07:21.338+0900][25.470s][info][gc,heap     ] GC(182) Old regions: 1->1
[2026-03-27T14:07:21.338+0900][25.470s][info][gc,heap     ] GC(182) Archive regions: 0->0
[2026-03-27T14:07:21.338+0900][25.470s][info][gc,heap     ] GC(182) Humongous regions: 165->162
[2026-03-27T14:07:21.338+0900][25.470s][info][gc,metaspace] GC(182) Metaspace: 166K(384K)->166K(384K) NonClass: 157K(256K)->157K(256K) Class: 9K(128K)->9K(128K)
[2026-03-27T14:07:21.338+0900][25.470s][info][gc          ] GC(182) Pause Young (Concurrent Start) (G1 Humongous Allocation) 166M->162M(368M) 1.258ms
[2026-03-27T14:07:21.338+0900][25.470s][info][gc,cpu      ] GC(182) User=0.00s Sys=0.00s Real=0.00s
[2026-03-27T14:07:21.338+0900][25.470s][info][gc          ] GC(183) Concurrent Undo Cycle
[2026-03-27T14:07:21.338+0900][25.470s][info][gc,marking  ] GC(183) Concurrent Cleanup for Next Mark
[2026-03-27T14:07:21.338+0900][25.470s][info][gc,marking  ] GC(183) Concurrent Cleanup for Next Mark 0.049ms
[2026-03-27T14:07:21.338+0900][25.470s][info][gc          ] GC(183) Concurrent Undo Cycle 0.137ms
[2026-03-27T14:07:21.401+0900][25.531s][info][gc,start    ] GC(184) Pause Young (Concurrent Start) (G1 Humongous Allocation)
[2026-03-27T14:07:21.401+0900][25.531s][info][gc,task     ] GC(184) Using 8 workers of 8 for evacuation
[2026-03-27T14:07:21.401+0900][25.533s][info][gc,phases   ] GC(184)   Pre Evacuate Collection Set: 0.2ms
[2026-03-27T14:07:21.401+0900][25.533s][info][gc,phases   ] GC(184)   Merge Heap Roots: 0.1ms
[2026-03-27T14:07:21.401+0900][25.533s][info][gc,phases   ] GC(184)   Evacuate Collection Set: 0.2ms
[2026-03-27T14:07:21.401+0900][25.533s][info][gc,phases   ] GC(184)   Post Evacuate Collection Set: 0.8ms
[2026-03-27T14:07:21.401+0900][25.533s][info][gc,phases   ] GC(184)   Other: 0.2ms
[2026-03-27T14:07:21.401+0900][25.533s][info][gc,heap     ] GC(184) Eden regions: 1->0(165)
[2026-03-27T14:07:21.401+0900][25.533s][info][gc,heap     ] GC(184) Survivor regions: 1->1(21)
[2026-03-27T14:07:21.401+0900][25.533s][info][gc,heap     ] GC(184) Old regions: 1->1
[2026-03-27T14:07:21.401+0900][25.533s][info][gc,heap     ] GC(184) Archive regions: 0->0
[2026-03-27T14:07:21.401+0900][25.533s][info][gc,heap     ] GC(184) Humongous regions: 164->163
[2026-03-27T14:07:21.401+0900][25.533s][info][gc,metaspace] GC(184) Metaspace: 166K(384K)->166K(384K) NonClass: 157K(256K)->157K(256K) Class: 9K(128K)->9K(128K)
[2026-03-27T14:07:21.401+0900][25.533s][info][gc          ] GC(184) Pause Young (Concurrent Start) (G1 Humongous Allocation) 165M->163M(368M) 1.957ms
[2026-03-27T14:07:21.401+0900][25.533s][info][gc,cpu      ] GC(184) User=0.00s Sys=0.00s Real=0.00s
[2026-03-27T14:07:21.401+0900][25.533s][info][gc          ] GC(185) Concurrent Undo Cycle
[2026-03-27T14:07:21.401+0900][25.533s][info][gc,marking  ] GC(185) Concurrent Cleanup for Next Mark
[2026-03-27T14:07:21.401+0900][25.533s][info][gc,marking  ] GC(185) Concurrent Cleanup for Next Mark 0.154ms
[2026-03-27T14:07:21.401+0900][25.533s][info][gc          ] GC(185) Concurrent Undo Cycle 0.288ms
[2026-03-27T14:07:21.465+0900][25.595s][info][gc,start    ] GC(186) Pause Young (Concurrent Start) (G1 Humongous Allocation)
[2026-03-27T14:07:21.465+0900][25.595s][info][gc,task     ] GC(186) Using 8 workers of 8 for evacuation
[2026-03-27T14:07:21.465+0900][25.598s][info][gc,phases   ] GC(186)   Pre Evacuate Collection Set: 0.2ms
[2026-03-27T14:07:21.465+0900][25.598s][info][gc,phases   ] GC(186)   Merge Heap Roots: 0.3ms
[2026-03-27T14:07:21.465+0900][25.598s][info][gc,phases   ] GC(186)   Evacuate Collection Set: 0.5ms
[2026-03-27T14:07:21.465+0900][25.598s][info][gc,phases   ] GC(186)   Post Evacuate Collection Set: 0.9ms
[2026-03-27T14:07:21.465+0900][25.598s][info][gc,phases   ] GC(186)   Other: 0.2ms
[2026-03-27T14:07:21.465+0900][25.598s][info][gc,heap     ] GC(186) Eden regions: 1->0(164)
[2026-03-27T14:07:21.465+0900][25.598s][info][gc,heap     ] GC(186) Survivor regions: 1->1(21)
[2026-03-27T14:07:21.465+0900][25.598s][info][gc,heap     ] GC(186) Old regions: 1->1
[2026-03-27T14:07:21.465+0900][25.598s][info][gc,heap     ] GC(186) Archive regions: 0->0
[2026-03-27T14:07:21.465+0900][25.598s][info][gc,heap     ] GC(186) Humongous regions: 165->164
[2026-03-27T14:07:21.465+0900][25.598s][info][gc,metaspace] GC(186) Metaspace: 166K(384K)->166K(384K) NonClass: 157K(256K)->157K(256K) Class: 9K(128K)->9K(128K)
[2026-03-27T14:07:21.465+0900][25.598s][info][gc          ] GC(186) Pause Young (Concurrent Start) (G1 Humongous Allocation) 166M->164M(368M) 2.837ms
[2026-03-27T14:07:21.465+0900][25.598s][info][gc,cpu      ] GC(186) User=0.00s Sys=0.00s Real=0.00s
[2026-03-27T14:07:21.465+0900][25.598s][info][gc          ] GC(187) Concurrent Undo Cycle
[2026-03-27T14:07:21.465+0900][25.598s][info][gc,marking  ] GC(187) Concurrent Cleanup for Next Mark
[2026-03-27T14:07:21.465+0900][25.599s][info][gc,marking  ] GC(187) Concurrent Cleanup for Next Mark 0.256ms
[2026-03-27T14:07:21.465+0900][25.599s][info][gc          ] GC(187) Concurrent Undo Cycle 0.507ms
[2026-03-27T14:07:21.530+0900][25.660s][info][gc,start    ] GC(188) Pause Young (Concurrent Start) (G1 Humongous Allocation)
[2026-03-27T14:07:21.530+0900][25.660s][info][gc,task     ] GC(188) Using 8 workers of 8 for evacuation
[2026-03-27T14:07:21.530+0900][25.662s][info][gc,phases   ] GC(188)   Pre Evacuate Collection Set: 0.2ms
[2026-03-27T14:07:21.530+0900][25.662s][info][gc,phases   ] GC(188)   Merge Heap Roots: 0.1ms
[2026-03-27T14:07:21.530+0900][25.662s][info][gc,phases   ] GC(188)   Evacuate Collection Set: 0.4ms
[2026-03-27T14:07:21.530+0900][25.662s][info][gc,phases   ] GC(188)   Post Evacuate Collection Set: 0.9ms
[2026-03-27T14:07:21.530+0900][25.662s][info][gc,phases   ] GC(188)   Other: 0.2ms
[2026-03-27T14:07:21.530+0900][25.662s][info][gc,heap     ] GC(188) Eden regions: 1->0(164)
[2026-03-27T14:07:21.530+0900][25.662s][info][gc,heap     ] GC(188) Survivor regions: 1->1(21)
[2026-03-27T14:07:21.530+0900][25.662s][info][gc,heap     ] GC(188) Old regions: 1->1
[2026-03-27T14:07:21.530+0900][25.662s][info][gc,heap     ] GC(188) Archive regions: 0->0
[2026-03-27T14:07:21.530+0900][25.662s][info][gc,heap     ] GC(188) Humongous regions: 165->164
[2026-03-27T14:07:21.530+0900][25.662s][info][gc,metaspace] GC(188) Metaspace: 166K(384K)->166K(384K) NonClass: 157K(256K)->157K(256K) Class: 9K(128K)->9K(128K)
[2026-03-27T14:07:21.530+0900][25.662s][info][gc          ] GC(188) Pause Young (Concurrent Start) (G1 Humongous Allocation) 166M->164M(368M) 2.570ms
[2026-03-27T14:07:21.530+0900][25.662s][info][gc,cpu      ] GC(188) User=0.00s Sys=0.00s Real=0.00s
[2026-03-27T14:07:21.530+0900][25.662s][info][gc          ] GC(189) Concurrent Undo Cycle
[2026-03-27T14:07:21.530+0900][25.663s][info][gc,marking  ] GC(189) Concurrent Cleanup for Next Mark
[2026-03-27T14:07:21.530+0900][25.663s][info][gc,marking  ] GC(189) Concurrent Cleanup for Next Mark 0.355ms
[2026-03-27T14:07:21.530+0900][25.663s][info][gc          ] GC(189) Concurrent Undo Cycle 0.610ms
[2026-03-27T14:07:21.593+0900][25.723s][info][gc,start    ] GC(190) Pause Young (Concurrent Start) (G1 Humongous Allocation)
[2026-03-27T14:07:21.593+0900][25.723s][info][gc,task     ] GC(190) Using 8 workers of 8 for evacuation
[2026-03-27T14:07:21.593+0900][25.725s][info][gc,phases   ] GC(190)   Pre Evacuate Collection Set: 0.1ms
[2026-03-27T14:07:21.593+0900][25.725s][info][gc,phases   ] GC(190)   Merge Heap Roots: 0.2ms
[2026-03-27T14:07:21.593+0900][25.725s][info][gc,phases   ] GC(190)   Evacuate Collection Set: 0.3ms
[2026-03-27T14:07:21.593+0900][25.725s][info][gc,phases   ] GC(190)   Post Evacuate Collection Set: 0.7ms
[2026-03-27T14:07:21.593+0900][25.725s][info][gc,phases   ] GC(190)   Other: 0.3ms
[2026-03-27T14:07:21.593+0900][25.725s][info][gc,heap     ] GC(190) Eden regions: 1->0(164)
[2026-03-27T14:07:21.593+0900][25.725s][info][gc,heap     ] GC(190) Survivor regions: 1->1(21)
[2026-03-27T14:07:21.593+0900][25.725s][info][gc,heap     ] GC(190) Old regions: 1->1
[2026-03-27T14:07:21.593+0900][25.725s][info][gc,heap     ] GC(190) Archive regions: 0->0
[2026-03-27T14:07:21.593+0900][25.725s][info][gc,heap     ] GC(190) Humongous regions: 165->164
[2026-03-27T14:07:21.593+0900][25.725s][info][gc,metaspace] GC(190) Metaspace: 166K(384K)->166K(384K) NonClass: 157K(256K)->157K(256K) Class: 9K(128K)->9K(128K)
[2026-03-27T14:07:21.593+0900][25.725s][info][gc          ] GC(190) Pause Young (Concurrent Start) (G1 Humongous Allocation) 166M->164M(368M) 2.002ms
[2026-03-27T14:07:21.593+0900][25.725s][info][gc,cpu      ] GC(190) User=0.00s Sys=0.00s Real=0.00s
[2026-03-27T14:07:21.593+0900][25.725s][info][gc          ] GC(191) Concurrent Undo Cycle
[2026-03-27T14:07:21.593+0900][25.726s][info][gc,marking  ] GC(191) Concurrent Cleanup for Next Mark
[2026-03-27T14:07:21.593+0900][25.726s][info][gc,marking  ] GC(191) Concurrent Cleanup for Next Mark 0.167ms
[2026-03-27T14:07:21.593+0900][25.726s][info][gc          ] GC(191) Concurrent Undo Cycle 0.306ms
[2026-03-27T14:07:21.657+0900][25.788s][info][gc,start    ] GC(192) Pause Young (Concurrent Start) (G1 Humongous Allocation)
[2026-03-27T14:07:21.657+0900][25.788s][info][gc,task     ] GC(192) Using 8 workers of 8 for evacuation
[2026-03-27T14:07:21.658+0900][25.790s][info][gc,phases   ] GC(192)   Pre Evacuate Collection Set: 0.3ms
[2026-03-27T14:07:21.658+0900][25.790s][info][gc,phases   ] GC(192)   Merge Heap Roots: 0.1ms
[2026-03-27T14:07:21.658+0900][25.790s][info][gc,phases   ] GC(192)   Evacuate Collection Set: 0.4ms
[2026-03-27T14:07:21.658+0900][25.790s][info][gc,phases   ] GC(192)   Post Evacuate Collection Set: 0.9ms
[2026-03-27T14:07:21.658+0900][25.790s][info][gc,phases   ] GC(192)   Other: 0.3ms
[2026-03-27T14:07:21.658+0900][25.790s][info][gc,heap     ] GC(192) Eden regions: 1->0(164)
[2026-03-27T14:07:21.658+0900][25.790s][info][gc,heap     ] GC(192) Survivor regions: 1->1(21)
[2026-03-27T14:07:21.658+0900][25.790s][info][gc,heap     ] GC(192) Old regions: 1->1
[2026-03-27T14:07:21.658+0900][25.790s][info][gc,heap     ] GC(192) Archive regions: 0->0
[2026-03-27T14:07:21.658+0900][25.790s][info][gc,heap     ] GC(192) Humongous regions: 165->164
[2026-03-27T14:07:21.658+0900][25.790s][info][gc,metaspace] GC(192) Metaspace: 166K(384K)->166K(384K) NonClass: 157K(256K)->157K(256K) Class: 9K(128K)->9K(128K)
[2026-03-27T14:07:21.658+0900][25.790s][info][gc          ] GC(192) Pause Young (Concurrent Start) (G1 Humongous Allocation) 166M->164M(368M) 2.838ms
[2026-03-27T14:07:21.658+0900][25.791s][info][gc,cpu      ] GC(192) User=0.00s Sys=0.00s Real=0.00s
[2026-03-27T14:07:21.658+0900][25.791s][info][gc          ] GC(193) Concurrent Undo Cycle
[2026-03-27T14:07:21.658+0900][25.791s][info][gc,marking  ] GC(193) Concurrent Cleanup for Next Mark
[2026-03-27T14:07:21.658+0900][25.791s][info][gc,marking  ] GC(193) Concurrent Cleanup for Next Mark 0.277ms
[2026-03-27T14:07:21.658+0900][25.791s][info][gc          ] GC(193) Concurrent Undo Cycle 0.508ms
[2026-03-27T14:07:21.722+0900][25.853s][info][gc,start    ] GC(194) Pause Young (Concurrent Start) (G1 Humongous Allocation)
[2026-03-27T14:07:21.722+0900][25.853s][info][gc,task     ] GC(194) Using 8 workers of 8 for evacuation
[2026-03-27T14:07:21.722+0900][25.855s][info][gc,phases   ] GC(194)   Pre Evacuate Collection Set: 0.2ms
[2026-03-27T14:07:21.722+0900][25.855s][info][gc,phases   ] GC(194)   Merge Heap Roots: 0.2ms
[2026-03-27T14:07:21.722+0900][25.855s][info][gc,phases   ] GC(194)   Evacuate Collection Set: 0.4ms
[2026-03-27T14:07:21.722+0900][25.855s][info][gc,phases   ] GC(194)   Post Evacuate Collection Set: 1.0ms
[2026-03-27T14:07:21.722+0900][25.856s][info][gc,phases   ] GC(194)   Other: 0.3ms
[2026-03-27T14:07:21.722+0900][25.856s][info][gc,heap     ] GC(194) Eden regions: 1->0(164)
[2026-03-27T14:07:21.722+0900][25.856s][info][gc,heap     ] GC(194) Survivor regions: 1->1(21)
[2026-03-27T14:07:21.722+0900][25.856s][info][gc,heap     ] GC(194) Old regions: 1->1
[2026-03-27T14:07:21.722+0900][25.856s][info][gc,heap     ] GC(194) Archive regions: 0->0
[2026-03-27T14:07:21.722+0900][25.856s][info][gc,heap     ] GC(194) Humongous regions: 165->164
[2026-03-27T14:07:21.722+0900][25.856s][info][gc,metaspace] GC(194) Metaspace: 166K(384K)->166K(384K) NonClass: 157K(256K)->157K(256K) Class: 9K(128K)->9K(128K)
[2026-03-27T14:07:21.722+0900][25.856s][info][gc          ] GC(194) Pause Young (Concurrent Start) (G1 Humongous Allocation) 166M->164M(368M) 2.804ms
[2026-03-27T14:07:21.722+0900][25.856s][info][gc,cpu      ] GC(194) User=0.00s Sys=0.00s Real=0.00s
[2026-03-27T14:07:21.722+0900][25.856s][info][gc          ] GC(195) Concurrent Undo Cycle
[2026-03-27T14:07:21.722+0900][25.856s][info][gc,marking  ] GC(195) Concurrent Cleanup for Next Mark
[2026-03-27T14:07:21.722+0900][25.856s][info][gc,marking  ] GC(195) Concurrent Cleanup for Next Mark 0.251ms
[2026-03-27T14:07:21.722+0900][25.856s][info][gc          ] GC(195) Concurrent Undo Cycle 0.510ms
[2026-03-27T14:07:21.787+0900][25.918s][info][gc,start    ] GC(196) Pause Young (Concurrent Start) (G1 Humongous Allocation)
[2026-03-27T14:07:21.787+0900][25.918s][info][gc,task     ] GC(196) Using 8 workers of 8 for evacuation
[2026-03-27T14:07:21.787+0900][25.920s][info][gc,phases   ] GC(196)   Pre Evacuate Collection Set: 0.3ms
[2026-03-27T14:07:21.787+0900][25.920s][info][gc,phases   ] GC(196)   Merge Heap Roots: 0.2ms
[2026-03-27T14:07:21.787+0900][25.920s][info][gc,phases   ] GC(196)   Evacuate Collection Set: 0.3ms
[2026-03-27T14:07:21.787+0900][25.920s][info][gc,phases   ] GC(196)   Post Evacuate Collection Set: 1.0ms
[2026-03-27T14:07:21.787+0900][25.920s][info][gc,phases   ] GC(196)   Other: 0.4ms
[2026-03-27T14:07:21.787+0900][25.920s][info][gc,heap     ] GC(196) Eden regions: 1->0(162)
[2026-03-27T14:07:21.787+0900][25.920s][info][gc,heap     ] GC(196) Survivor regions: 1->1(21)
[2026-03-27T14:07:21.787+0900][25.920s][info][gc,heap     ] GC(196) Old regions: 1->1
[2026-03-27T14:07:21.787+0900][25.920s][info][gc,heap     ] GC(196) Archive regions: 0->0
[2026-03-27T14:07:21.787+0900][25.920s][info][gc,heap     ] GC(196) Humongous regions: 167->166
[2026-03-27T14:07:21.787+0900][25.920s][info][gc,metaspace] GC(196) Metaspace: 166K(384K)->166K(384K) NonClass: 157K(256K)->157K(256K) Class: 9K(128K)->9K(128K)
[2026-03-27T14:07:21.787+0900][25.920s][info][gc          ] GC(196) Pause Young (Concurrent Start) (G1 Humongous Allocation) 168M->166M(368M) 2.823ms
[2026-03-27T14:07:21.787+0900][25.920s][info][gc,cpu      ] GC(196) User=0.00s Sys=0.00s Real=0.00s
[2026-03-27T14:07:21.787+0900][25.921s][info][gc          ] GC(197) Concurrent Mark Cycle
[2026-03-27T14:07:21.787+0900][25.921s][info][gc,marking  ] GC(197) Concurrent Clear Claimed Marks
[2026-03-27T14:07:21.787+0900][25.921s][info][gc,marking  ] GC(197) Concurrent Clear Claimed Marks 0.041ms
[2026-03-27T14:07:21.787+0900][25.921s][info][gc,marking  ] GC(197) Concurrent Scan Root Regions
[2026-03-27T14:07:21.787+0900][25.921s][info][gc,marking  ] GC(197) Concurrent Scan Root Regions 0.252ms
[2026-03-27T14:07:21.787+0900][25.921s][info][gc,marking  ] GC(197) Concurrent Mark
[2026-03-27T14:07:21.787+0900][25.921s][info][gc,marking  ] GC(197) Concurrent Mark From Roots
[2026-03-27T14:07:21.787+0900][25.921s][info][gc,task     ] GC(197) Using 2 workers of 2 for marking
[2026-03-27T14:07:21.787+0900][25.923s][info][gc,marking  ] GC(197) Concurrent Mark From Roots 2.013ms
[2026-03-27T14:07:21.787+0900][25.923s][info][gc,marking  ] GC(197) Concurrent Preclean
[2026-03-27T14:07:21.787+0900][25.923s][info][gc,marking  ] GC(197) Concurrent Preclean 0.044ms
[2026-03-27T14:07:21.787+0900][25.924s][info][gc,start    ] GC(197) Pause Remark
[2026-03-27T14:07:21.787+0900][25.925s][info][gc          ] GC(197) Pause Remark 167M->167M(368M) 1.426ms
[2026-03-27T14:07:21.787+0900][25.925s][info][gc,cpu      ] GC(197) User=0.00s Sys=0.00s Real=0.00s
[2026-03-27T14:07:21.787+0900][25.926s][info][gc,marking  ] GC(197) Concurrent Mark 4.377ms
[2026-03-27T14:07:21.787+0900][25.926s][info][gc,marking  ] GC(197) Concurrent Rebuild Remembered Sets
[2026-03-27T14:07:21.787+0900][25.927s][info][gc,marking  ] GC(197) Concurrent Rebuild Remembered Sets 1.148ms
[2026-03-27T14:07:21.787+0900][25.927s][info][gc,start    ] GC(197) Pause Cleanup
[2026-03-27T14:07:21.787+0900][25.928s][info][gc          ] GC(197) Pause Cleanup 167M->167M(368M) 0.401ms
[2026-03-27T14:07:21.787+0900][25.928s][info][gc,cpu      ] GC(197) User=0.00s Sys=0.00s Real=0.00s
[2026-03-27T14:07:21.787+0900][25.928s][info][gc,marking  ] GC(197) Concurrent Cleanup for Next Mark
[2026-03-27T14:07:21.787+0900][25.929s][info][gc,marking  ] GC(197) Concurrent Cleanup for Next Mark 0.768ms
[2026-03-27T14:07:21.787+0900][25.929s][info][gc          ] GC(197) Concurrent Mark Cycle 8.265ms
[2026-03-27T14:07:21.851+0900][25.981s][info][gc,start    ] GC(198) Pause Young (Concurrent Start) (G1 Humongous Allocation)
[2026-03-27T14:07:21.851+0900][25.981s][info][gc,task     ] GC(198) Using 8 workers of 8 for evacuation
[2026-03-27T14:07:21.851+0900][25.983s][info][gc,phases   ] GC(198)   Pre Evacuate Collection Set: 0.1ms
[2026-03-27T14:07:21.851+0900][25.983s][info][gc,phases   ] GC(198)   Merge Heap Roots: 0.2ms
[2026-03-27T14:07:21.851+0900][25.983s][info][gc,phases   ] GC(198)   Evacuate Collection Set: 0.2ms
[2026-03-27T14:07:21.851+0900][25.983s][info][gc,phases   ] GC(198)   Post Evacuate Collection Set: 0.7ms
[2026-03-27T14:07:21.851+0900][25.983s][info][gc,phases   ] GC(198)   Other: 0.3ms
[2026-03-27T14:07:21.851+0900][25.983s][info][gc,heap     ] GC(198) Eden regions: 1->0(162)
[2026-03-27T14:07:21.851+0900][25.983s][info][gc,heap     ] GC(198) Survivor regions: 1->1(21)
[2026-03-27T14:07:21.851+0900][25.983s][info][gc,heap     ] GC(198) Old regions: 1->1
[2026-03-27T14:07:21.851+0900][25.983s][info][gc,heap     ] GC(198) Archive regions: 0->0
[2026-03-27T14:07:21.851+0900][25.983s][info][gc,heap     ] GC(198) Humongous regions: 167->166
[2026-03-27T14:07:21.851+0900][25.983s][info][gc,metaspace] GC(198) Metaspace: 166K(384K)->166K(384K) NonClass: 157K(256K)->157K(256K) Class: 9K(128K)->9K(128K)
[2026-03-27T14:07:21.851+0900][25.984s][info][gc          ] GC(198) Pause Young (Concurrent Start) (G1 Humongous Allocation) 168M->166M(368M) 2.167ms
[2026-03-27T14:07:21.851+0900][25.984s][info][gc,cpu      ] GC(198) User=0.00s Sys=0.00s Real=0.00s
[2026-03-27T14:07:21.851+0900][25.984s][info][gc          ] GC(199) Concurrent Mark Cycle
[2026-03-27T14:07:21.851+0900][25.984s][info][gc,marking  ] GC(199) Concurrent Clear Claimed Marks
[2026-03-27T14:07:21.851+0900][25.984s][info][gc,marking  ] GC(199) Concurrent Clear Claimed Marks 0.030ms
[2026-03-27T14:07:21.851+0900][25.984s][info][gc,marking  ] GC(199) Concurrent Scan Root Regions
[2026-03-27T14:07:21.851+0900][25.984s][info][gc,marking  ] GC(199) Concurrent Scan Root Regions 0.211ms
[2026-03-27T14:07:21.851+0900][25.984s][info][gc,marking  ] GC(199) Concurrent Mark
[2026-03-27T14:07:21.851+0900][25.984s][info][gc,marking  ] GC(199) Concurrent Mark From Roots
[2026-03-27T14:07:21.851+0900][25.984s][info][gc,task     ] GC(199) Using 2 workers of 2 for marking
[2026-03-27T14:07:21.851+0900][25.985s][info][gc,marking  ] GC(199) Concurrent Mark From Roots 1.300ms
[2026-03-27T14:07:21.851+0900][25.985s][info][gc,marking  ] GC(199) Concurrent Preclean
[2026-03-27T14:07:21.851+0900][25.986s][info][gc,marking  ] GC(199) Concurrent Preclean 0.025ms
[2026-03-27T14:07:21.851+0900][25.986s][info][gc,start    ] GC(199) Pause Remark
[2026-03-27T14:07:21.851+0900][25.987s][info][gc          ] GC(199) Pause Remark 167M->167M(368M) 1.101ms
[2026-03-27T14:07:21.851+0900][25.987s][info][gc,cpu      ] GC(199) User=0.00s Sys=0.00s Real=0.00s
[2026-03-27T14:07:21.851+0900][25.987s][info][gc,marking  ] GC(199) Concurrent Mark 2.963ms
[2026-03-27T14:07:21.851+0900][25.987s][info][gc,marking  ] GC(199) Concurrent Rebuild Remembered Sets
[2026-03-27T14:07:21.851+0900][25.988s][info][gc,marking  ] GC(199) Concurrent Rebuild Remembered Sets 0.675ms
[2026-03-27T14:07:21.851+0900][25.988s][info][gc,start    ] GC(199) Pause Cleanup
[2026-03-27T14:07:21.851+0900][25.988s][info][gc          ] GC(199) Pause Cleanup 167M->167M(368M) 0.203ms
[2026-03-27T14:07:21.851+0900][25.988s][info][gc,cpu      ] GC(199) User=0.00s Sys=0.00s Real=0.00s
[2026-03-27T14:07:21.851+0900][25.988s][info][gc,marking  ] GC(199) Concurrent Cleanup for Next Mark
[2026-03-27T14:07:21.851+0900][25.989s][info][gc,marking  ] GC(199) Concurrent Cleanup for Next Mark 0.468ms
[2026-03-27T14:07:21.851+0900][25.989s][info][gc          ] GC(199) Concurrent Mark Cycle 5.315ms
[2026-03-27T14:07:21.915+0900][26.045s][info][gc,start    ] GC(200) Pause Young (Concurrent Start) (G1 Humongous Allocation)
[2026-03-27T14:07:21.915+0900][26.045s][info][gc,task     ] GC(200) Using 8 workers of 8 for evacuation
[2026-03-27T14:07:21.915+0900][26.047s][info][gc,phases   ] GC(200)   Pre Evacuate Collection Set: 0.2ms
[2026-03-27T14:07:21.915+0900][26.047s][info][gc,phases   ] GC(200)   Merge Heap Roots: 0.3ms
[2026-03-27T14:07:21.915+0900][26.047s][info][gc,phases   ] GC(200)   Evacuate Collection Set: 0.3ms
[2026-03-27T14:07:21.915+0900][26.047s][info][gc,phases   ] GC(200)   Post Evacuate Collection Set: 0.7ms
[2026-03-27T14:07:21.915+0900][26.047s][info][gc,phases   ] GC(200)   Other: 0.2ms
[2026-03-27T14:07:21.915+0900][26.047s][info][gc,heap     ] GC(200) Eden regions: 1->0(162)
[2026-03-27T14:07:21.915+0900][26.047s][info][gc,heap     ] GC(200) Survivor regions: 1->1(21)
[2026-03-27T14:07:21.915+0900][26.047s][info][gc,heap     ] GC(200) Old regions: 1->1
[2026-03-27T14:07:21.915+0900][26.047s][info][gc,heap     ] GC(200) Archive regions: 0->0
[2026-03-27T14:07:21.915+0900][26.048s][info][gc,heap     ] GC(200) Humongous regions: 167->166
[2026-03-27T14:07:21.915+0900][26.048s][info][gc,metaspace] GC(200) Metaspace: 166K(384K)->166K(384K) NonClass: 157K(256K)->157K(256K) Class: 9K(128K)->9K(128K)
[2026-03-27T14:07:21.915+0900][26.048s][info][gc          ] GC(200) Pause Young (Concurrent Start) (G1 Humongous Allocation) 168M->166M(368M) 2.482ms
[2026-03-27T14:07:21.915+0900][26.048s][info][gc,cpu      ] GC(200) User=0.00s Sys=0.00s Real=0.00s
[2026-03-27T14:07:21.915+0900][26.048s][info][gc          ] GC(201) Concurrent Mark Cycle
[2026-03-27T14:07:21.915+0900][26.048s][info][gc,marking  ] GC(201) Concurrent Clear Claimed Marks
[2026-03-27T14:07:21.915+0900][26.048s][info][gc,marking  ] GC(201) Concurrent Clear Claimed Marks 0.041ms
[2026-03-27T14:07:21.915+0900][26.048s][info][gc,marking  ] GC(201) Concurrent Scan Root Regions
[2026-03-27T14:07:21.915+0900][26.048s][info][gc,marking  ] GC(201) Concurrent Scan Root Regions 0.240ms
[2026-03-27T14:07:21.915+0900][26.048s][info][gc,marking  ] GC(201) Concurrent Mark
[2026-03-27T14:07:21.915+0900][26.048s][info][gc,marking  ] GC(201) Concurrent Mark From Roots
[2026-03-27T14:07:21.915+0900][26.048s][info][gc,task     ] GC(201) Using 2 workers of 2 for marking
[2026-03-27T14:07:21.915+0900][26.050s][info][gc,marking  ] GC(201) Concurrent Mark From Roots 1.869ms
[2026-03-27T14:07:21.915+0900][26.050s][info][gc,marking  ] GC(201) Concurrent Preclean
[2026-03-27T14:07:21.915+0900][26.050s][info][gc,marking  ] GC(201) Concurrent Preclean 0.038ms
[2026-03-27T14:07:21.915+0900][26.051s][info][gc,start    ] GC(201) Pause Remark
[2026-03-27T14:07:21.915+0900][26.052s][info][gc          ] GC(201) Pause Remark 167M->167M(368M) 1.478ms
[2026-03-27T14:07:21.915+0900][26.052s][info][gc,cpu      ] GC(201) User=0.00s Sys=0.00s Real=0.00s
[2026-03-27T14:07:21.915+0900][26.053s][info][gc,marking  ] GC(201) Concurrent Mark 4.241ms
[2026-03-27T14:07:21.915+0900][26.053s][info][gc,marking  ] GC(201) Concurrent Rebuild Remembered Sets
[2026-03-27T14:07:21.915+0900][26.054s][info][gc,marking  ] GC(201) Concurrent Rebuild Remembered Sets 0.922ms
[2026-03-27T14:07:21.915+0900][26.054s][info][gc,start    ] GC(201) Pause Cleanup
[2026-03-27T14:07:21.915+0900][26.054s][info][gc          ] GC(201) Pause Cleanup 167M->167M(368M) 0.316ms
[2026-03-27T14:07:21.915+0900][26.054s][info][gc,cpu      ] GC(201) User=0.00s Sys=0.00s Real=0.00s
[2026-03-27T14:07:21.915+0900][26.055s][info][gc,marking  ] GC(201) Concurrent Cleanup for Next Mark
[2026-03-27T14:07:21.915+0900][26.055s][info][gc,marking  ] GC(201) Concurrent Cleanup for Next Mark 0.518ms
[2026-03-27T14:07:21.915+0900][26.055s][info][gc          ] GC(201) Concurrent Mark Cycle 7.353ms
[2026-03-27T14:07:21.979+0900][26.109s][info][gc,start    ] GC(202) Pause Young (Concurrent Start) (G1 Humongous Allocation)
[2026-03-27T14:07:21.979+0900][26.109s][info][gc,task     ] GC(202) Using 8 workers of 8 for evacuation
[2026-03-27T14:07:21.979+0900][26.112s][info][gc,phases   ] GC(202)   Pre Evacuate Collection Set: 0.3ms
[2026-03-27T14:07:21.979+0900][26.112s][info][gc,phases   ] GC(202)   Merge Heap Roots: 0.3ms
[2026-03-27T14:07:21.979+0900][26.112s][info][gc,phases   ] GC(202)   Evacuate Collection Set: 0.3ms
[2026-03-27T14:07:21.979+0900][26.112s][info][gc,phases   ] GC(202)   Post Evacuate Collection Set: 0.9ms
[2026-03-27T14:07:21.979+0900][26.112s][info][gc,phases   ] GC(202)   Other: 0.3ms
[2026-03-27T14:07:21.979+0900][26.112s][info][gc,heap     ] GC(202) Eden regions: 1->0(162)
[2026-03-27T14:07:21.979+0900][26.112s][info][gc,heap     ] GC(202) Survivor regions: 1->1(21)
[2026-03-27T14:07:21.979+0900][26.112s][info][gc,heap     ] GC(202) Old regions: 1->1
[2026-03-27T14:07:21.979+0900][26.112s][info][gc,heap     ] GC(202) Archive regions: 0->0
[2026-03-27T14:07:21.979+0900][26.112s][info][gc,heap     ] GC(202) Humongous regions: 167->166
[2026-03-27T14:07:21.979+0900][26.112s][info][gc,metaspace] GC(202) Metaspace: 166K(384K)->166K(384K) NonClass: 157K(256K)->157K(256K) Class: 9K(128K)->9K(128K)
[2026-03-27T14:07:21.979+0900][26.112s][info][gc          ] GC(202) Pause Young (Concurrent Start) (G1 Humongous Allocation) 168M->166M(368M) 3.018ms
[2026-03-27T14:07:21.979+0900][26.112s][info][gc,cpu      ] GC(202) User=0.00s Sys=0.00s Real=0.00s
[2026-03-27T14:07:21.979+0900][26.112s][info][gc          ] GC(203) Concurrent Mark Cycle
[2026-03-27T14:07:21.979+0900][26.113s][info][gc,marking  ] GC(203) Concurrent Clear Claimed Marks
[2026-03-27T14:07:21.979+0900][26.113s][info][gc,marking  ] GC(203) Concurrent Clear Claimed Marks 0.042ms
[2026-03-27T14:07:21.979+0900][26.113s][info][gc,marking  ] GC(203) Concurrent Scan Root Regions
[2026-03-27T14:07:21.979+0900][26.113s][info][gc,marking  ] GC(203) Concurrent Scan Root Regions 0.273ms
[2026-03-27T14:07:21.979+0900][26.113s][info][gc,marking  ] GC(203) Concurrent Mark
[2026-03-27T14:07:21.979+0900][26.113s][info][gc,marking  ] GC(203) Concurrent Mark From Roots
[2026-03-27T14:07:21.979+0900][26.113s][info][gc,task     ] GC(203) Using 2 workers of 2 for marking
[2026-03-27T14:07:21.979+0900][26.115s][info][gc,marking  ] GC(203) Concurrent Mark From Roots 2.030ms
[2026-03-27T14:07:21.979+0900][26.115s][info][gc,marking  ] GC(203) Concurrent Preclean
[2026-03-27T14:07:21.979+0900][26.115s][info][gc,marking  ] GC(203) Concurrent Preclean 0.045ms
[2026-03-27T14:07:21.979+0900][26.116s][info][gc,start    ] GC(203) Pause Remark
[2026-03-27T14:07:21.979+0900][26.117s][info][gc          ] GC(203) Pause Remark 167M->167M(368M) 1.452ms
[2026-03-27T14:07:21.979+0900][26.117s][info][gc,cpu      ] GC(203) User=0.00s Sys=0.00s Real=0.00s
[2026-03-27T14:07:21.979+0900][26.117s][info][gc,marking  ] GC(203) Concurrent Mark 4.393ms
[2026-03-27T14:07:21.979+0900][26.118s][info][gc,marking  ] GC(203) Concurrent Rebuild Remembered Sets
[2026-03-27T14:07:21.979+0900][26.119s][info][gc,marking  ] GC(203) Concurrent Rebuild Remembered Sets 1.001ms
[2026-03-27T14:07:21.979+0900][26.119s][info][gc,start    ] GC(203) Pause Cleanup
[2026-03-27T14:07:21.979+0900][26.119s][info][gc          ] GC(203) Pause Cleanup 167M->167M(368M) 0.361ms
[2026-03-27T14:07:21.979+0900][26.119s][info][gc,cpu      ] GC(203) User=0.00s Sys=0.00s Real=0.00s
[2026-03-27T14:07:21.979+0900][26.120s][info][gc,marking  ] GC(203) Concurrent Cleanup for Next Mark
[2026-03-27T14:07:21.979+0900][26.120s][info][gc,marking  ] GC(203) Concurrent Cleanup for Next Mark 0.523ms
[2026-03-27T14:07:21.979+0900][26.120s][info][gc          ] GC(203) Concurrent Mark Cycle 7.750ms
[2026-03-27T14:07:22.043+0900][26.174s][info][gc,start    ] GC(204) Pause Young (Concurrent Start) (G1 Humongous Allocation)
[2026-03-27T14:07:22.043+0900][26.174s][info][gc,task     ] GC(204) Using 8 workers of 8 for evacuation
[2026-03-27T14:07:22.043+0900][26.176s][info][gc,phases   ] GC(204)   Pre Evacuate Collection Set: 0.2ms
[2026-03-27T14:07:22.043+0900][26.176s][info][gc,phases   ] GC(204)   Merge Heap Roots: 0.3ms
[2026-03-27T14:07:22.043+0900][26.176s][info][gc,phases   ] GC(204)   Evacuate Collection Set: 0.3ms
[2026-03-27T14:07:22.043+0900][26.176s][info][gc,phases   ] GC(204)   Post Evacuate Collection Set: 1.2ms
[2026-03-27T14:07:22.043+0900][26.176s][info][gc,phases   ] GC(204)   Other: 0.4ms
[2026-03-27T14:07:22.043+0900][26.176s][info][gc,heap     ] GC(204) Eden regions: 1->0(175)
[2026-03-27T14:07:22.043+0900][26.176s][info][gc,heap     ] GC(204) Survivor regions: 1->1(21)
[2026-03-27T14:07:22.043+0900][26.177s][info][gc,heap     ] GC(204) Old regions: 1->1
[2026-03-27T14:07:22.043+0900][26.177s][info][gc,heap     ] GC(204) Archive regions: 0->0
[2026-03-27T14:07:22.043+0900][26.177s][info][gc,heap     ] GC(204) Humongous regions: 167->166
[2026-03-27T14:07:22.043+0900][26.177s][info][gc,metaspace] GC(204) Metaspace: 166K(384K)->166K(384K) NonClass: 157K(256K)->157K(256K) Class: 9K(128K)->9K(128K)
[2026-03-27T14:07:22.043+0900][26.177s][info][gc          ] GC(204) Pause Young (Concurrent Start) (G1 Humongous Allocation) 168M->166M(383M) 3.088ms
[2026-03-27T14:07:22.043+0900][26.177s][info][gc,cpu      ] GC(204) User=0.00s Sys=0.00s Real=0.00s
[2026-03-27T14:07:22.043+0900][26.177s][info][gc          ] GC(205) Concurrent Undo Cycle
[2026-03-27T14:07:22.043+0900][26.177s][info][gc,marking  ] GC(205) Concurrent Cleanup for Next Mark
[2026-03-27T14:07:22.043+0900][26.177s][info][gc,marking  ] GC(205) Concurrent Cleanup for Next Mark 0.237ms
[2026-03-27T14:07:22.043+0900][26.177s][info][gc          ] GC(205) Concurrent Undo Cycle 0.471ms
[2026-03-27T14:07:22.236+0900][26.366s][info][gc,start    ] GC(206) Pause Young (Concurrent Start) (G1 Humongous Allocation)
[2026-03-27T14:07:22.236+0900][26.367s][info][gc,task     ] GC(206) Using 8 workers of 8 for evacuation
[2026-03-27T14:07:22.236+0900][26.369s][info][gc,phases   ] GC(206)   Pre Evacuate Collection Set: 0.2ms
[2026-03-27T14:07:22.236+0900][26.369s][info][gc,phases   ] GC(206)   Merge Heap Roots: 0.3ms
[2026-03-27T14:07:22.236+0900][26.369s][info][gc,phases   ] GC(206)   Evacuate Collection Set: 0.3ms
[2026-03-27T14:07:22.236+0900][26.369s][info][gc,phases   ] GC(206)   Post Evacuate Collection Set: 0.9ms
[2026-03-27T14:07:22.236+0900][26.369s][info][gc,phases   ] GC(206)   Other: 0.3ms
[2026-03-27T14:07:22.236+0900][26.369s][info][gc,heap     ] GC(206) Eden regions: 1->0(173)
[2026-03-27T14:07:22.236+0900][26.369s][info][gc,heap     ] GC(206) Survivor regions: 1->1(22)
[2026-03-27T14:07:22.236+0900][26.369s][info][gc,heap     ] GC(206) Old regions: 1->1
[2026-03-27T14:07:22.236+0900][26.369s][info][gc,heap     ] GC(206) Archive regions: 0->0
[2026-03-27T14:07:22.236+0900][26.369s][info][gc,heap     ] GC(206) Humongous regions: 171->168
[2026-03-27T14:07:22.236+0900][26.369s][info][gc,metaspace] GC(206) Metaspace: 166K(384K)->166K(384K) NonClass: 157K(256K)->157K(256K) Class: 9K(128K)->9K(128K)
[2026-03-27T14:07:22.236+0900][26.369s][info][gc          ] GC(206) Pause Young (Concurrent Start) (G1 Humongous Allocation) 172M->168M(383M) 2.838ms
[2026-03-27T14:07:22.236+0900][26.369s][info][gc,cpu      ] GC(206) User=0.00s Sys=0.00s Real=0.00s
[2026-03-27T14:07:22.236+0900][26.369s][info][gc          ] GC(207) Concurrent Undo Cycle
[2026-03-27T14:07:22.236+0900][26.370s][info][gc,marking  ] GC(207) Concurrent Cleanup for Next Mark
[2026-03-27T14:07:22.236+0900][26.370s][info][gc,marking  ] GC(207) Concurrent Cleanup for Next Mark 0.309ms
[2026-03-27T14:07:22.236+0900][26.370s][info][gc          ] GC(207) Concurrent Undo Cycle 0.567ms
[2026-03-27T14:07:22.363+0900][26.494s][info][gc,start    ] GC(208) Pause Young (Concurrent Start) (G1 Humongous Allocation)
[2026-03-27T14:07:22.363+0900][26.494s][info][gc,task     ] GC(208) Using 8 workers of 8 for evacuation
[2026-03-27T14:07:22.363+0900][26.496s][info][gc,phases   ] GC(208)   Pre Evacuate Collection Set: 0.2ms
[2026-03-27T14:07:22.363+0900][26.496s][info][gc,phases   ] GC(208)   Merge Heap Roots: 0.2ms
[2026-03-27T14:07:22.363+0900][26.496s][info][gc,phases   ] GC(208)   Evacuate Collection Set: 0.3ms
[2026-03-27T14:07:22.363+0900][26.496s][info][gc,phases   ] GC(208)   Post Evacuate Collection Set: 1.0ms
[2026-03-27T14:07:22.363+0900][26.496s][info][gc,phases   ] GC(208)   Other: 0.3ms
[2026-03-27T14:07:22.363+0900][26.496s][info][gc,heap     ] GC(208) Eden regions: 1->0(172)
[2026-03-27T14:07:22.363+0900][26.496s][info][gc,heap     ] GC(208) Survivor regions: 1->1(22)
[2026-03-27T14:07:22.363+0900][26.496s][info][gc,heap     ] GC(208) Old regions: 1->1
[2026-03-27T14:07:22.363+0900][26.497s][info][gc,heap     ] GC(208) Archive regions: 0->0
[2026-03-27T14:07:22.363+0900][26.497s][info][gc,heap     ] GC(208) Humongous regions: 171->169
[2026-03-27T14:07:22.363+0900][26.497s][info][gc,metaspace] GC(208) Metaspace: 166K(384K)->166K(384K) NonClass: 157K(256K)->157K(256K) Class: 9K(128K)->9K(128K)
[2026-03-27T14:07:22.363+0900][26.497s][info][gc          ] GC(208) Pause Young (Concurrent Start) (G1 Humongous Allocation) 172M->169M(383M) 2.835ms
[2026-03-27T14:07:22.363+0900][26.497s][info][gc,cpu      ] GC(208) User=0.00s Sys=0.00s Real=0.00s
[2026-03-27T14:07:22.363+0900][26.497s][info][gc          ] GC(209) Concurrent Undo Cycle
[2026-03-27T14:07:22.363+0900][26.497s][info][gc,marking  ] GC(209) Concurrent Cleanup for Next Mark
[2026-03-27T14:07:22.363+0900][26.497s][info][gc,marking  ] GC(209) Concurrent Cleanup for Next Mark 0.189ms
[2026-03-27T14:07:22.363+0900][26.497s][info][gc          ] GC(209) Concurrent Undo Cycle 0.434ms
[2026-03-27T14:07:22.427+0900][26.558s][info][gc,start    ] GC(210) Pause Young (Concurrent Start) (G1 Humongous Allocation)
[2026-03-27T14:07:22.427+0900][26.558s][info][gc,task     ] GC(210) Using 8 workers of 8 for evacuation
[2026-03-27T14:07:22.427+0900][26.560s][info][gc,phases   ] GC(210)   Pre Evacuate Collection Set: 0.2ms
[2026-03-27T14:07:22.427+0900][26.560s][info][gc,phases   ] GC(210)   Merge Heap Roots: 0.2ms
[2026-03-27T14:07:22.427+0900][26.560s][info][gc,phases   ] GC(210)   Evacuate Collection Set: 0.3ms
[2026-03-27T14:07:22.427+0900][26.560s][info][gc,phases   ] GC(210)   Post Evacuate Collection Set: 0.7ms
[2026-03-27T14:07:22.427+0900][26.560s][info][gc,phases   ] GC(210)   Other: 0.3ms
[2026-03-27T14:07:22.427+0900][26.560s][info][gc,heap     ] GC(210) Eden regions: 1->0(171)
[2026-03-27T14:07:22.427+0900][26.560s][info][gc,heap     ] GC(210) Survivor regions: 1->1(22)
[2026-03-27T14:07:22.427+0900][26.560s][info][gc,heap     ] GC(210) Old regions: 1->1
[2026-03-27T14:07:22.427+0900][26.560s][info][gc,heap     ] GC(210) Archive regions: 0->0
[2026-03-27T14:07:22.427+0900][26.560s][info][gc,heap     ] GC(210) Humongous regions: 171->170
[2026-03-27T14:07:22.427+0900][26.560s][info][gc,metaspace] GC(210) Metaspace: 166K(384K)->166K(384K) NonClass: 157K(256K)->157K(256K) Class: 9K(128K)->9K(128K)
[2026-03-27T14:07:22.427+0900][26.560s][info][gc          ] GC(210) Pause Young (Concurrent Start) (G1 Humongous Allocation) 172M->170M(383M) 2.238ms
[2026-03-27T14:07:22.427+0900][26.560s][info][gc,cpu      ] GC(210) User=0.00s Sys=0.00s Real=0.00s
[2026-03-27T14:07:22.427+0900][26.560s][info][gc          ] GC(211) Concurrent Undo Cycle
[2026-03-27T14:07:22.427+0900][26.560s][info][gc,marking  ] GC(211) Concurrent Cleanup for Next Mark
[2026-03-27T14:07:22.427+0900][26.560s][info][gc,marking  ] GC(211) Concurrent Cleanup for Next Mark 0.164ms
[2026-03-27T14:07:22.427+0900][26.560s][info][gc          ] GC(211) Concurrent Undo Cycle 0.301ms
[2026-03-27T14:07:22.492+0900][26.622s][info][gc,start    ] GC(212) Pause Young (Concurrent Start) (G1 Humongous Allocation)
[2026-03-27T14:07:22.492+0900][26.622s][info][gc,task     ] GC(212) Using 8 workers of 8 for evacuation
[2026-03-27T14:07:22.492+0900][26.624s][info][gc,phases   ] GC(212)   Pre Evacuate Collection Set: 0.3ms
[2026-03-27T14:07:22.492+0900][26.624s][info][gc,phases   ] GC(212)   Merge Heap Roots: 0.1ms
[2026-03-27T14:07:22.492+0900][26.624s][info][gc,phases   ] GC(212)   Evacuate Collection Set: 0.3ms
[2026-03-27T14:07:22.492+0900][26.624s][info][gc,phases   ] GC(212)   Post Evacuate Collection Set: 0.9ms
[2026-03-27T14:07:22.492+0900][26.624s][info][gc,phases   ] GC(212)   Other: 0.2ms
[2026-03-27T14:07:22.492+0900][26.625s][info][gc,heap     ] GC(212) Eden regions: 1->0(171)
[2026-03-27T14:07:22.492+0900][26.625s][info][gc,heap     ] GC(212) Survivor regions: 1->1(22)
[2026-03-27T14:07:22.492+0900][26.625s][info][gc,heap     ] GC(212) Old regions: 1->1
[2026-03-27T14:07:22.492+0900][26.625s][info][gc,heap     ] GC(212) Archive regions: 0->0
[2026-03-27T14:07:22.492+0900][26.625s][info][gc,heap     ] GC(212) Humongous regions: 171->170
[2026-03-27T14:07:22.492+0900][26.625s][info][gc,metaspace] GC(212) Metaspace: 166K(384K)->166K(384K) NonClass: 157K(256K)->157K(256K) Class: 9K(128K)->9K(128K)
[2026-03-27T14:07:22.492+0900][26.625s][info][gc          ] GC(212) Pause Young (Concurrent Start) (G1 Humongous Allocation) 172M->170M(383M) 2.597ms
[2026-03-27T14:07:22.492+0900][26.625s][info][gc,cpu      ] GC(212) User=0.00s Sys=0.00s Real=0.00s
[2026-03-27T14:07:22.492+0900][26.625s][info][gc          ] GC(213) Concurrent Undo Cycle
[2026-03-27T14:07:22.492+0900][26.625s][info][gc,marking  ] GC(213) Concurrent Cleanup for Next Mark
[2026-03-27T14:07:22.492+0900][26.625s][info][gc,marking  ] GC(213) Concurrent Cleanup for Next Mark 0.246ms
[2026-03-27T14:07:22.492+0900][26.625s][info][gc          ] GC(213) Concurrent Undo Cycle 0.483ms
[2026-03-27T14:07:22.555+0900][26.686s][info][gc,start    ] GC(214) Pause Young (Concurrent Start) (G1 Humongous Allocation)
[2026-03-27T14:07:22.555+0900][26.686s][info][gc,task     ] GC(214) Using 8 workers of 8 for evacuation
[2026-03-27T14:07:22.555+0900][26.687s][info][gc,phases   ] GC(214)   Pre Evacuate Collection Set: 0.2ms
[2026-03-27T14:07:22.555+0900][26.687s][info][gc,phases   ] GC(214)   Merge Heap Roots: 0.2ms
[2026-03-27T14:07:22.555+0900][26.687s][info][gc,phases   ] GC(214)   Evacuate Collection Set: 0.3ms
[2026-03-27T14:07:22.555+0900][26.687s][info][gc,phases   ] GC(214)   Post Evacuate Collection Set: 0.7ms
[2026-03-27T14:07:22.555+0900][26.687s][info][gc,phases   ] GC(214)   Other: 0.2ms
[2026-03-27T14:07:22.555+0900][26.687s][info][gc,heap     ] GC(214) Eden regions: 1->0(171)
[2026-03-27T14:07:22.555+0900][26.687s][info][gc,heap     ] GC(214) Survivor regions: 1->1(22)
[2026-03-27T14:07:22.555+0900][26.687s][info][gc,heap     ] GC(214) Old regions: 1->1
[2026-03-27T14:07:22.555+0900][26.687s][info][gc,heap     ] GC(214) Archive regions: 0->0
[2026-03-27T14:07:22.555+0900][26.687s][info][gc,heap     ] GC(214) Humongous regions: 171->170
[2026-03-27T14:07:22.555+0900][26.687s][info][gc,metaspace] GC(214) Metaspace: 166K(384K)->166K(384K) NonClass: 157K(256K)->157K(256K) Class: 9K(128K)->9K(128K)
[2026-03-27T14:07:22.555+0900][26.687s][info][gc          ] GC(214) Pause Young (Concurrent Start) (G1 Humongous Allocation) 172M->170M(383M) 1.832ms
[2026-03-27T14:07:22.555+0900][26.687s][info][gc,cpu      ] GC(214) User=0.00s Sys=0.00s Real=0.00s
[2026-03-27T14:07:22.555+0900][26.688s][info][gc          ] GC(215) Concurrent Undo Cycle
[2026-03-27T14:07:22.555+0900][26.688s][info][gc,marking  ] GC(215) Concurrent Cleanup for Next Mark
[2026-03-27T14:07:22.555+0900][26.688s][info][gc,marking  ] GC(215) Concurrent Cleanup for Next Mark 0.149ms
[2026-03-27T14:07:22.555+0900][26.688s][info][gc          ] GC(215) Concurrent Undo Cycle 0.225ms
[2026-03-27T14:07:22.618+0900][26.748s][info][gc,start    ] GC(216) Pause Young (Concurrent Start) (G1 Humongous Allocation)
[2026-03-27T14:07:22.618+0900][26.748s][info][gc,task     ] GC(216) Using 8 workers of 8 for evacuation
[2026-03-27T14:07:22.620+0900][26.750s][info][gc,phases   ] GC(216)   Pre Evacuate Collection Set: 0.3ms
[2026-03-27T14:07:22.620+0900][26.750s][info][gc,phases   ] GC(216)   Merge Heap Roots: 0.1ms
[2026-03-27T14:07:22.620+0900][26.750s][info][gc,phases   ] GC(216)   Evacuate Collection Set: 0.3ms
[2026-03-27T14:07:22.620+0900][26.750s][info][gc,phases   ] GC(216)   Post Evacuate Collection Set: 0.9ms
[2026-03-27T14:07:22.620+0900][26.750s][info][gc,phases   ] GC(216)   Other: 0.2ms
[2026-03-27T14:07:22.620+0900][26.750s][info][gc,heap     ] GC(216) Eden regions: 1->0(171)
[2026-03-27T14:07:22.620+0900][26.750s][info][gc,heap     ] GC(216) Survivor regions: 1->1(22)
[2026-03-27T14:07:22.620+0900][26.751s][info][gc,heap     ] GC(216) Old regions: 1->1
[2026-03-27T14:07:22.620+0900][26.751s][info][gc,heap     ] GC(216) Archive regions: 0->0
[2026-03-27T14:07:22.620+0900][26.751s][info][gc,heap     ] GC(216) Humongous regions: 171->170
[2026-03-27T14:07:22.620+0900][26.751s][info][gc,metaspace] GC(216) Metaspace: 166K(384K)->166K(384K) NonClass: 157K(256K)->157K(256K) Class: 9K(128K)->9K(128K)
[2026-03-27T14:07:22.620+0900][26.751s][info][gc          ] GC(216) Pause Young (Concurrent Start) (G1 Humongous Allocation) 172M->170M(383M) 2.493ms
[2026-03-27T14:07:22.621+0900][26.751s][info][gc,cpu      ] GC(216) User=0.00s Sys=0.00s Real=0.00s
[2026-03-27T14:07:22.621+0900][26.751s][info][gc          ] GC(217) Concurrent Undo Cycle
[2026-03-27T14:07:22.621+0900][26.751s][info][gc,marking  ] GC(217) Concurrent Cleanup for Next Mark
[2026-03-27T14:07:22.621+0900][26.751s][info][gc,marking  ] GC(217) Concurrent Cleanup for Next Mark 0.167ms
[2026-03-27T14:07:22.621+0900][26.751s][info][gc          ] GC(217) Concurrent Undo Cycle 0.556ms
[2026-03-27T14:07:22.686+0900][26.816s][info][gc,start    ] GC(218) Pause Young (Concurrent Start) (G1 Humongous Allocation)
[2026-03-27T14:07:22.686+0900][26.816s][info][gc,task     ] GC(218) Using 8 workers of 8 for evacuation
[2026-03-27T14:07:22.686+0900][26.817s][info][gc,phases   ] GC(218)   Pre Evacuate Collection Set: 0.1ms
[2026-03-27T14:07:22.686+0900][26.817s][info][gc,phases   ] GC(218)   Merge Heap Roots: 0.0ms
[2026-03-27T14:07:22.686+0900][26.817s][info][gc,phases   ] GC(218)   Evacuate Collection Set: 0.1ms
[2026-03-27T14:07:22.686+0900][26.817s][info][gc,phases   ] GC(218)   Post Evacuate Collection Set: 0.2ms
[2026-03-27T14:07:22.686+0900][26.817s][info][gc,phases   ] GC(218)   Other: 0.1ms
[2026-03-27T14:07:22.686+0900][26.817s][info][gc,heap     ] GC(218) Eden regions: 1->0(171)
[2026-03-27T14:07:22.686+0900][26.817s][info][gc,heap     ] GC(218) Survivor regions: 1->1(22)
[2026-03-27T14:07:22.686+0900][26.817s][info][gc,heap     ] GC(218) Old regions: 1->1
[2026-03-27T14:07:22.686+0900][26.817s][info][gc,heap     ] GC(218) Archive regions: 0->0
[2026-03-27T14:07:22.686+0900][26.817s][info][gc,heap     ] GC(218) Humongous regions: 171->170
[2026-03-27T14:07:22.686+0900][26.817s][info][gc,metaspace] GC(218) Metaspace: 166K(384K)->166K(384K) NonClass: 157K(256K)->157K(256K) Class: 9K(128K)->9K(128K)
[2026-03-27T14:07:22.686+0900][26.817s][info][gc          ] GC(218) Pause Young (Concurrent Start) (G1 Humongous Allocation) 172M->170M(383M) 0.855ms
[2026-03-27T14:07:22.687+0900][26.817s][info][gc,cpu      ] GC(218) User=0.00s Sys=0.00s Real=0.00s
[2026-03-27T14:07:22.687+0900][26.817s][info][gc          ] GC(219) Concurrent Undo Cycle
[2026-03-27T14:07:22.687+0900][26.817s][info][gc,marking  ] GC(219) Concurrent Cleanup for Next Mark
[2026-03-27T14:07:22.687+0900][26.817s][info][gc,marking  ] GC(219) Concurrent Cleanup for Next Mark 0.054ms
[2026-03-27T14:07:22.687+0900][26.817s][info][gc          ] GC(219) Concurrent Undo Cycle 0.142ms
[2026-03-27T14:07:22.751+0900][26.881s][info][gc,start    ] GC(220) Pause Young (Concurrent Start) (G1 Humongous Allocation)
[2026-03-27T14:07:22.751+0900][26.881s][info][gc,task     ] GC(220) Using 8 workers of 8 for evacuation
[2026-03-27T14:07:22.751+0900][26.883s][info][gc,phases   ] GC(220)   Pre Evacuate Collection Set: 0.1ms
[2026-03-27T14:07:22.751+0900][26.883s][info][gc,phases   ] GC(220)   Merge Heap Roots: 0.2ms
[2026-03-27T14:07:22.751+0900][26.883s][info][gc,phases   ] GC(220)   Evacuate Collection Set: 0.3ms
[2026-03-27T14:07:22.751+0900][26.883s][info][gc,phases   ] GC(220)   Post Evacuate Collection Set: 0.5ms
[2026-03-27T14:07:22.751+0900][26.883s][info][gc,phases   ] GC(220)   Other: 0.2ms
[2026-03-27T14:07:22.751+0900][26.883s][info][gc,heap     ] GC(220) Eden regions: 1->0(169)
[2026-03-27T14:07:22.751+0900][26.883s][info][gc,heap     ] GC(220) Survivor regions: 1->1(22)
[2026-03-27T14:07:22.751+0900][26.883s][info][gc,heap     ] GC(220) Old regions: 1->1
[2026-03-27T14:07:22.751+0900][26.883s][info][gc,heap     ] GC(220) Archive regions: 0->0
[2026-03-27T14:07:22.751+0900][26.883s][info][gc,heap     ] GC(220) Humongous regions: 173->172
[2026-03-27T14:07:22.751+0900][26.883s][info][gc,metaspace] GC(220) Metaspace: 166K(384K)->166K(384K) NonClass: 157K(256K)->157K(256K) Class: 9K(128K)->9K(128K)
[2026-03-27T14:07:22.751+0900][26.883s][info][gc          ] GC(220) Pause Young (Concurrent Start) (G1 Humongous Allocation) 174M->172M(383M) 1.522ms
[2026-03-27T14:07:22.751+0900][26.883s][info][gc,cpu      ] GC(220) User=0.00s Sys=0.00s Real=0.00s
[2026-03-27T14:07:22.751+0900][26.883s][info][gc          ] GC(221) Concurrent Mark Cycle
[2026-03-27T14:07:22.751+0900][26.883s][info][gc,marking  ] GC(221) Concurrent Clear Claimed Marks
[2026-03-27T14:07:22.751+0900][26.883s][info][gc,marking  ] GC(221) Concurrent Clear Claimed Marks 0.013ms
[2026-03-27T14:07:22.751+0900][26.883s][info][gc,marking  ] GC(221) Concurrent Scan Root Regions
[2026-03-27T14:07:22.751+0900][26.883s][info][gc,marking  ] GC(221) Concurrent Scan Root Regions 0.122ms
[2026-03-27T14:07:22.751+0900][26.883s][info][gc,marking  ] GC(221) Concurrent Mark
[2026-03-27T14:07:22.751+0900][26.883s][info][gc,marking  ] GC(221) Concurrent Mark From Roots
[2026-03-27T14:07:22.751+0900][26.883s][info][gc,task     ] GC(221) Using 2 workers of 2 for marking
[2026-03-27T14:07:22.751+0900][26.884s][info][gc,marking  ] GC(221) Concurrent Mark From Roots 0.810ms
[2026-03-27T14:07:22.751+0900][26.884s][info][gc,marking  ] GC(221) Concurrent Preclean
[2026-03-27T14:07:22.751+0900][26.884s][info][gc,marking  ] GC(221) Concurrent Preclean 0.016ms
[2026-03-27T14:07:22.751+0900][26.884s][info][gc,start    ] GC(221) Pause Remark
[2026-03-27T14:07:22.751+0900][26.885s][info][gc          ] GC(221) Pause Remark 173M->173M(383M) 0.911ms
[2026-03-27T14:07:22.751+0900][26.885s][info][gc,cpu      ] GC(221) User=0.00s Sys=0.00s Real=0.00s
[2026-03-27T14:07:22.751+0900][26.885s][info][gc,marking  ] GC(221) Concurrent Mark 2.115ms
[2026-03-27T14:07:22.751+0900][26.885s][info][gc,marking  ] GC(221) Concurrent Rebuild Remembered Sets
[2026-03-27T14:07:22.751+0900][26.886s][info][gc,marking  ] GC(221) Concurrent Rebuild Remembered Sets 0.413ms
[2026-03-27T14:07:22.751+0900][26.886s][info][gc,start    ] GC(221) Pause Cleanup
[2026-03-27T14:07:22.751+0900][26.886s][info][gc          ] GC(221) Pause Cleanup 173M->173M(383M) 0.123ms
[2026-03-27T14:07:22.751+0900][26.886s][info][gc,cpu      ] GC(221) User=0.00s Sys=0.00s Real=0.00s
[2026-03-27T14:07:22.751+0900][26.886s][info][gc,marking  ] GC(221) Concurrent Cleanup for Next Mark
[2026-03-27T14:07:22.751+0900][26.886s][info][gc,marking  ] GC(221) Concurrent Cleanup for Next Mark 0.223ms
[2026-03-27T14:07:22.751+0900][26.886s][info][gc          ] GC(221) Concurrent Mark Cycle 3.364ms
[2026-03-27T14:07:22.815+0900][26.946s][info][gc,start    ] GC(222) Pause Young (Concurrent Start) (G1 Humongous Allocation)
[2026-03-27T14:07:22.815+0900][26.946s][info][gc,task     ] GC(222) Using 8 workers of 8 for evacuation
[2026-03-27T14:07:22.815+0900][26.947s][info][gc,phases   ] GC(222)   Pre Evacuate Collection Set: 0.2ms
[2026-03-27T14:07:22.815+0900][26.947s][info][gc,phases   ] GC(222)   Merge Heap Roots: 0.2ms
[2026-03-27T14:07:22.815+0900][26.947s][info][gc,phases   ] GC(222)   Evacuate Collection Set: 0.2ms
[2026-03-27T14:07:22.815+0900][26.947s][info][gc,phases   ] GC(222)   Post Evacuate Collection Set: 0.6ms
[2026-03-27T14:07:22.815+0900][26.948s][info][gc,phases   ] GC(222)   Other: 0.2ms
[2026-03-27T14:07:22.815+0900][26.948s][info][gc,heap     ] GC(222) Eden regions: 1->0(169)
[2026-03-27T14:07:22.815+0900][26.948s][info][gc,heap     ] GC(222) Survivor regions: 1->1(22)
[2026-03-27T14:07:22.815+0900][26.948s][info][gc,heap     ] GC(222) Old regions: 1->1
[2026-03-27T14:07:22.815+0900][26.948s][info][gc,heap     ] GC(222) Archive regions: 0->0
[2026-03-27T14:07:22.815+0900][26.948s][info][gc,heap     ] GC(222) Humongous regions: 173->172
[2026-03-27T14:07:22.815+0900][26.948s][info][gc,metaspace] GC(222) Metaspace: 166K(384K)->166K(384K) NonClass: 157K(256K)->157K(256K) Class: 9K(128K)->9K(128K)
[2026-03-27T14:07:22.815+0900][26.948s][info][gc          ] GC(222) Pause Young (Concurrent Start) (G1 Humongous Allocation) 174M->172M(383M) 1.859ms
[2026-03-27T14:07:22.815+0900][26.948s][info][gc,cpu      ] GC(222) User=0.02s Sys=0.00s Real=0.00s
[2026-03-27T14:07:22.815+0900][26.948s][info][gc          ] GC(223) Concurrent Mark Cycle
[2026-03-27T14:07:22.815+0900][26.948s][info][gc,marking  ] GC(223) Concurrent Clear Claimed Marks
[2026-03-27T14:07:22.815+0900][26.948s][info][gc,marking  ] GC(223) Concurrent Clear Claimed Marks 0.030ms
[2026-03-27T14:07:22.815+0900][26.948s][info][gc,marking  ] GC(223) Concurrent Scan Root Regions
[2026-03-27T14:07:22.815+0900][26.948s][info][gc,marking  ] GC(223) Concurrent Scan Root Regions 0.099ms
[2026-03-27T14:07:22.815+0900][26.948s][info][gc,marking  ] GC(223) Concurrent Mark
[2026-03-27T14:07:22.815+0900][26.948s][info][gc,marking  ] GC(223) Concurrent Mark From Roots
[2026-03-27T14:07:22.815+0900][26.948s][info][gc,task     ] GC(223) Using 2 workers of 2 for marking
[2026-03-27T14:07:22.815+0900][26.949s][info][gc,marking  ] GC(223) Concurrent Mark From Roots 1.348ms
[2026-03-27T14:07:22.815+0900][26.949s][info][gc,marking  ] GC(223) Concurrent Preclean
[2026-03-27T14:07:22.815+0900][26.950s][info][gc,marking  ] GC(223) Concurrent Preclean 0.028ms
[2026-03-27T14:07:22.815+0900][26.950s][info][gc,start    ] GC(223) Pause Remark
[2026-03-27T14:07:22.815+0900][26.951s][info][gc          ] GC(223) Pause Remark 173M->173M(383M) 1.181ms
[2026-03-27T14:07:22.815+0900][26.951s][info][gc,cpu      ] GC(223) User=0.00s Sys=0.00s Real=0.00s
[2026-03-27T14:07:22.815+0900][26.951s][info][gc,marking  ] GC(223) Concurrent Mark 3.186ms
[2026-03-27T14:07:22.815+0900][26.951s][info][gc,marking  ] GC(223) Concurrent Rebuild Remembered Sets
[2026-03-27T14:07:22.815+0900][26.952s][info][gc,marking  ] GC(223) Concurrent Rebuild Remembered Sets 0.797ms
[2026-03-27T14:07:22.815+0900][26.952s][info][gc,start    ] GC(223) Pause Cleanup
[2026-03-27T14:07:22.815+0900][26.953s][info][gc          ] GC(223) Pause Cleanup 173M->173M(383M) 0.279ms
[2026-03-27T14:07:22.815+0900][26.953s][info][gc,cpu      ] GC(223) User=0.00s Sys=0.00s Real=0.00s
[2026-03-27T14:07:22.815+0900][26.953s][info][gc,marking  ] GC(223) Concurrent Cleanup for Next Mark
[2026-03-27T14:07:22.815+0900][26.953s][info][gc,marking  ] GC(223) Concurrent Cleanup for Next Mark 0.500ms
[2026-03-27T14:07:22.815+0900][26.953s][info][gc          ] GC(223) Concurrent Mark Cycle 5.659ms
[2026-03-27T14:07:22.880+0900][27.010s][info][gc,start    ] GC(224) Pause Young (Concurrent Start) (G1 Humongous Allocation)
[2026-03-27T14:07:22.880+0900][27.011s][info][gc,task     ] GC(224) Using 8 workers of 8 for evacuation
[2026-03-27T14:07:22.880+0900][27.013s][info][gc,phases   ] GC(224)   Pre Evacuate Collection Set: 0.2ms
[2026-03-27T14:07:22.880+0900][27.013s][info][gc,phases   ] GC(224)   Merge Heap Roots: 0.3ms
[2026-03-27T14:07:22.880+0900][27.013s][info][gc,phases   ] GC(224)   Evacuate Collection Set: 0.3ms
[2026-03-27T14:07:22.880+0900][27.013s][info][gc,phases   ] GC(224)   Post Evacuate Collection Set: 0.9ms
[2026-03-27T14:07:22.880+0900][27.013s][info][gc,phases   ] GC(224)   Other: 0.3ms
[2026-03-27T14:07:22.880+0900][27.013s][info][gc,heap     ] GC(224) Eden regions: 1->0(169)
[2026-03-27T14:07:22.880+0900][27.013s][info][gc,heap     ] GC(224) Survivor regions: 1->1(22)
[2026-03-27T14:07:22.880+0900][27.013s][info][gc,heap     ] GC(224) Old regions: 1->1
[2026-03-27T14:07:22.880+0900][27.013s][info][gc,heap     ] GC(224) Archive regions: 0->0
[2026-03-27T14:07:22.880+0900][27.013s][info][gc,heap     ] GC(224) Humongous regions: 173->172
[2026-03-27T14:07:22.880+0900][27.013s][info][gc,metaspace] GC(224) Metaspace: 166K(384K)->166K(384K) NonClass: 157K(256K)->157K(256K) Class: 9K(128K)->9K(128K)
[2026-03-27T14:07:22.880+0900][27.013s][info][gc          ] GC(224) Pause Young (Concurrent Start) (G1 Humongous Allocation) 174M->172M(383M) 2.598ms
[2026-03-27T14:07:22.880+0900][27.013s][info][gc,cpu      ] GC(224) User=0.00s Sys=0.00s Real=0.00s
[2026-03-27T14:07:22.880+0900][27.013s][info][gc          ] GC(225) Concurrent Mark Cycle
[2026-03-27T14:07:22.880+0900][27.013s][info][gc,marking  ] GC(225) Concurrent Clear Claimed Marks
[2026-03-27T14:07:22.880+0900][27.013s][info][gc,marking  ] GC(225) Concurrent Clear Claimed Marks 0.041ms
[2026-03-27T14:07:22.880+0900][27.013s][info][gc,marking  ] GC(225) Concurrent Scan Root Regions
[2026-03-27T14:07:22.880+0900][27.014s][info][gc,marking  ] GC(225) Concurrent Scan Root Regions 0.216ms
[2026-03-27T14:07:22.880+0900][27.014s][info][gc,marking  ] GC(225) Concurrent Mark
[2026-03-27T14:07:22.880+0900][27.014s][info][gc,marking  ] GC(225) Concurrent Mark From Roots
[2026-03-27T14:07:22.880+0900][27.014s][info][gc,task     ] GC(225) Using 2 workers of 2 for marking
[2026-03-27T14:07:22.880+0900][27.016s][info][gc,marking  ] GC(225) Concurrent Mark From Roots 2.056ms
[2026-03-27T14:07:22.880+0900][27.016s][info][gc,marking  ] GC(225) Concurrent Preclean
[2026-03-27T14:07:22.880+0900][27.016s][info][gc,marking  ] GC(225) Concurrent Preclean 0.040ms
[2026-03-27T14:07:22.880+0900][27.016s][info][gc,start    ] GC(225) Pause Remark
[2026-03-27T14:07:22.880+0900][27.018s][info][gc          ] GC(225) Pause Remark 173M->173M(383M) 1.298ms
[2026-03-27T14:07:22.880+0900][27.018s][info][gc,cpu      ] GC(225) User=0.00s Sys=0.00s Real=0.00s
[2026-03-27T14:07:22.880+0900][27.018s][info][gc,marking  ] GC(225) Concurrent Mark 4.245ms
[2026-03-27T14:07:22.880+0900][27.018s][info][gc,marking  ] GC(225) Concurrent Rebuild Remembered Sets
[2026-03-27T14:07:22.880+0900][27.019s][info][gc,marking  ] GC(225) Concurrent Rebuild Remembered Sets 1.091ms
[2026-03-27T14:07:22.880+0900][27.020s][info][gc,start    ] GC(225) Pause Cleanup
[2026-03-27T14:07:22.880+0900][27.020s][info][gc          ] GC(225) Pause Cleanup 173M->173M(383M) 0.329ms
[2026-03-27T14:07:22.880+0900][27.020s][info][gc,cpu      ] GC(225) User=0.00s Sys=0.00s Real=0.00s
[2026-03-27T14:07:22.880+0900][27.020s][info][gc,marking  ] GC(225) Concurrent Cleanup for Next Mark
[2026-03-27T14:07:22.880+0900][27.021s][info][gc,marking  ] GC(225) Concurrent Cleanup for Next Mark 0.503ms
[2026-03-27T14:07:22.880+0900][27.021s][info][gc          ] GC(225) Concurrent Mark Cycle 7.501ms
[2026-03-27T14:07:22.944+0900][27.075s][info][gc,start    ] GC(226) Pause Young (Concurrent Start) (G1 Humongous Allocation)
[2026-03-27T14:07:22.944+0900][27.075s][info][gc,task     ] GC(226) Using 8 workers of 8 for evacuation
[2026-03-27T14:07:22.944+0900][27.077s][info][gc,phases   ] GC(226)   Pre Evacuate Collection Set: 0.2ms
[2026-03-27T14:07:22.944+0900][27.077s][info][gc,phases   ] GC(226)   Merge Heap Roots: 0.3ms
[2026-03-27T14:07:22.944+0900][27.077s][info][gc,phases   ] GC(226)   Evacuate Collection Set: 0.3ms
[2026-03-27T14:07:22.944+0900][27.077s][info][gc,phases   ] GC(226)   Post Evacuate Collection Set: 0.9ms
[2026-03-27T14:07:22.944+0900][27.077s][info][gc,phases   ] GC(226)   Other: 0.4ms
[2026-03-27T14:07:22.944+0900][27.077s][info][gc,heap     ] GC(226) Eden regions: 1->0(169)
[2026-03-27T14:07:22.944+0900][27.077s][info][gc,heap     ] GC(226) Survivor regions: 1->1(22)
[2026-03-27T14:07:22.944+0900][27.077s][info][gc,heap     ] GC(226) Old regions: 1->1
[2026-03-27T14:07:22.944+0900][27.077s][info][gc,heap     ] GC(226) Archive regions: 0->0
[2026-03-27T14:07:22.944+0900][27.077s][info][gc,heap     ] GC(226) Humongous regions: 173->172
[2026-03-27T14:07:22.944+0900][27.077s][info][gc,metaspace] GC(226) Metaspace: 166K(384K)->166K(384K) NonClass: 157K(256K)->157K(256K) Class: 9K(128K)->9K(128K)
[2026-03-27T14:07:22.944+0900][27.077s][info][gc          ] GC(226) Pause Young (Concurrent Start) (G1 Humongous Allocation) 174M->172M(383M) 2.699ms
[2026-03-27T14:07:22.944+0900][27.077s][info][gc,cpu      ] GC(226) User=0.00s Sys=0.00s Real=0.00s
[2026-03-27T14:07:22.944+0900][27.078s][info][gc          ] GC(227) Concurrent Mark Cycle
[2026-03-27T14:07:22.944+0900][27.078s][info][gc,marking  ] GC(227) Concurrent Clear Claimed Marks
[2026-03-27T14:07:22.944+0900][27.078s][info][gc,marking  ] GC(227) Concurrent Clear Claimed Marks 0.041ms
[2026-03-27T14:07:22.944+0900][27.078s][info][gc,marking  ] GC(227) Concurrent Scan Root Regions
[2026-03-27T14:07:22.944+0900][27.078s][info][gc,marking  ] GC(227) Concurrent Scan Root Regions 0.198ms
[2026-03-27T14:07:22.944+0900][27.078s][info][gc,marking  ] GC(227) Concurrent Mark
[2026-03-27T14:07:22.944+0900][27.078s][info][gc,marking  ] GC(227) Concurrent Mark From Roots
[2026-03-27T14:07:22.944+0900][27.078s][info][gc,task     ] GC(227) Using 2 workers of 2 for marking
[2026-03-27T14:07:22.944+0900][27.080s][info][gc,marking  ] GC(227) Concurrent Mark From Roots 1.960ms
[2026-03-27T14:07:22.944+0900][27.080s][info][gc,marking  ] GC(227) Concurrent Preclean
[2026-03-27T14:07:22.944+0900][27.080s][info][gc,marking  ] GC(227) Concurrent Preclean 0.041ms
[2026-03-27T14:07:22.944+0900][27.081s][info][gc,start    ] GC(227) Pause Remark
[2026-03-27T14:07:22.944+0900][27.082s][info][gc          ] GC(227) Pause Remark 173M->173M(383M) 1.069ms
[2026-03-27T14:07:22.944+0900][27.082s][info][gc,cpu      ] GC(227) User=0.00s Sys=0.00s Real=0.00s
[2026-03-27T14:07:22.944+0900][27.082s][info][gc,marking  ] GC(227) Concurrent Mark 3.857ms
[2026-03-27T14:07:22.944+0900][27.082s][info][gc,marking  ] GC(227) Concurrent Rebuild Remembered Sets
[2026-03-27T14:07:22.944+0900][27.083s][info][gc,marking  ] GC(227) Concurrent Rebuild Remembered Sets 1.017ms
[2026-03-27T14:07:22.944+0900][27.083s][info][gc,start    ] GC(227) Pause Cleanup
[2026-03-27T14:07:22.944+0900][27.084s][info][gc          ] GC(227) Pause Cleanup 173M->173M(383M) 0.319ms
[2026-03-27T14:07:22.944+0900][27.084s][info][gc,cpu      ] GC(227) User=0.00s Sys=0.00s Real=0.00s
[2026-03-27T14:07:22.944+0900][27.084s][info][gc,marking  ] GC(227) Concurrent Cleanup for Next Mark
[2026-03-27T14:07:22.944+0900][27.084s][info][gc,marking  ] GC(227) Concurrent Cleanup for Next Mark 0.438ms
[2026-03-27T14:07:22.944+0900][27.084s][info][gc          ] GC(227) Concurrent Mark Cycle 6.843ms
[2026-03-27T14:07:23.008+0900][27.139s][info][gc,start    ] GC(228) Pause Young (Concurrent Start) (G1 Humongous Allocation)
[2026-03-27T14:07:23.008+0900][27.139s][info][gc,task     ] GC(228) Using 8 workers of 8 for evacuation
[2026-03-27T14:07:23.008+0900][27.141s][info][gc,phases   ] GC(228)   Pre Evacuate Collection Set: 0.2ms
[2026-03-27T14:07:23.008+0900][27.141s][info][gc,phases   ] GC(228)   Merge Heap Roots: 0.2ms
[2026-03-27T14:07:23.008+0900][27.141s][info][gc,phases   ] GC(228)   Evacuate Collection Set: 0.3ms
[2026-03-27T14:07:23.008+0900][27.141s][info][gc,phases   ] GC(228)   Post Evacuate Collection Set: 1.1ms
[2026-03-27T14:07:23.008+0900][27.141s][info][gc,phases   ] GC(228)   Other: 0.2ms
[2026-03-27T14:07:23.008+0900][27.141s][info][gc,heap     ] GC(228) Eden regions: 1->0(181)
[2026-03-27T14:07:23.008+0900][27.141s][info][gc,heap     ] GC(228) Survivor regions: 1->1(22)
[2026-03-27T14:07:23.008+0900][27.141s][info][gc,heap     ] GC(228) Old regions: 1->1
[2026-03-27T14:07:23.008+0900][27.141s][info][gc,heap     ] GC(228) Archive regions: 0->0
[2026-03-27T14:07:23.008+0900][27.141s][info][gc,heap     ] GC(228) Humongous regions: 173->172
[2026-03-27T14:07:23.008+0900][27.141s][info][gc,metaspace] GC(228) Metaspace: 166K(384K)->166K(384K) NonClass: 157K(256K)->157K(256K) Class: 9K(128K)->9K(128K)
[2026-03-27T14:07:23.008+0900][27.141s][info][gc          ] GC(228) Pause Young (Concurrent Start) (G1 Humongous Allocation) 174M->172M(396M) 2.783ms
[2026-03-27T14:07:23.008+0900][27.141s][info][gc,cpu      ] GC(228) User=0.00s Sys=0.00s Real=0.00s
[2026-03-27T14:07:23.008+0900][27.141s][info][gc          ] GC(229) Concurrent Undo Cycle
[2026-03-27T14:07:23.008+0900][27.142s][info][gc,marking  ] GC(229) Concurrent Cleanup for Next Mark
[2026-03-27T14:07:23.008+0900][27.142s][info][gc,marking  ] GC(229) Concurrent Cleanup for Next Mark 0.235ms
[2026-03-27T14:07:23.008+0900][27.142s][info][gc          ] GC(229) Concurrent Undo Cycle 0.476ms
[2026-03-27T14:07:23.190+0900][27.320s][info][gc,start    ] GC(230) Pause Young (Concurrent Start) (G1 Humongous Allocation)
[2026-03-27T14:07:23.190+0900][27.321s][info][gc,task     ] GC(230) Using 8 workers of 8 for evacuation
[2026-03-27T14:07:23.190+0900][27.321s][info][gc,phases   ] GC(230)   Pre Evacuate Collection Set: 0.1ms
[2026-03-27T14:07:23.190+0900][27.321s][info][gc,phases   ] GC(230)   Merge Heap Roots: 0.0ms
[2026-03-27T14:07:23.190+0900][27.321s][info][gc,phases   ] GC(230)   Evacuate Collection Set: 0.1ms
[2026-03-27T14:07:23.190+0900][27.321s][info][gc,phases   ] GC(230)   Post Evacuate Collection Set: 0.1ms
[2026-03-27T14:07:23.190+0900][27.321s][info][gc,phases   ] GC(230)   Other: 0.1ms
[2026-03-27T14:07:23.190+0900][27.321s][info][gc,heap     ] GC(230) Eden regions: 1->0(179)
[2026-03-27T14:07:23.190+0900][27.321s][info][gc,heap     ] GC(230) Survivor regions: 1->1(23)
[2026-03-27T14:07:23.190+0900][27.321s][info][gc,heap     ] GC(230) Old regions: 1->1
[2026-03-27T14:07:23.190+0900][27.321s][info][gc,heap     ] GC(230) Archive regions: 0->0
[2026-03-27T14:07:23.190+0900][27.321s][info][gc,heap     ] GC(230) Humongous regions: 177->174
[2026-03-27T14:07:23.190+0900][27.321s][info][gc,metaspace] GC(230) Metaspace: 166K(384K)->166K(384K) NonClass: 157K(256K)->157K(256K) Class: 9K(128K)->9K(128K)
[2026-03-27T14:07:23.190+0900][27.321s][info][gc          ] GC(230) Pause Young (Concurrent Start) (G1 Humongous Allocation) 178M->174M(396M) 0.748ms
[2026-03-27T14:07:23.190+0900][27.321s][info][gc,cpu      ] GC(230) User=0.00s Sys=0.00s Real=0.00s
[2026-03-27T14:07:23.190+0900][27.321s][info][gc          ] GC(231) Concurrent Undo Cycle
[2026-03-27T14:07:23.190+0900][27.321s][info][gc,marking  ] GC(231) Concurrent Cleanup for Next Mark
[2026-03-27T14:07:23.190+0900][27.321s][info][gc,marking  ] GC(231) Concurrent Cleanup for Next Mark 0.095ms
[2026-03-27T14:07:23.190+0900][27.321s][info][gc          ] GC(231) Concurrent Undo Cycle 0.232ms
[2026-03-27T14:07:23.305+0900][27.435s][info][gc,start    ] GC(232) Pause Young (Concurrent Start) (G1 Humongous Allocation)
[2026-03-27T14:07:23.305+0900][27.435s][info][gc,task     ] GC(232) Using 8 workers of 8 for evacuation
[2026-03-27T14:07:23.305+0900][27.435s][info][gc,phases   ] GC(232)   Pre Evacuate Collection Set: 0.1ms
[2026-03-27T14:07:23.305+0900][27.435s][info][gc,phases   ] GC(232)   Merge Heap Roots: 0.0ms
[2026-03-27T14:07:23.305+0900][27.435s][info][gc,phases   ] GC(232)   Evacuate Collection Set: 0.1ms
[2026-03-27T14:07:23.305+0900][27.435s][info][gc,phases   ] GC(232)   Post Evacuate Collection Set: 0.1ms
[2026-03-27T14:07:23.305+0900][27.435s][info][gc,phases   ] GC(232)   Other: 0.1ms
[2026-03-27T14:07:23.305+0900][27.435s][info][gc,heap     ] GC(232) Eden regions: 1->0(178)
[2026-03-27T14:07:23.305+0900][27.435s][info][gc,heap     ] GC(232) Survivor regions: 1->1(23)
[2026-03-27T14:07:23.305+0900][27.435s][info][gc,heap     ] GC(232) Old regions: 1->1
[2026-03-27T14:07:23.306+0900][27.435s][info][gc,heap     ] GC(232) Archive regions: 0->0
[2026-03-27T14:07:23.306+0900][27.436s][info][gc,heap     ] GC(232) Humongous regions: 177->175
[2026-03-27T14:07:23.306+0900][27.436s][info][gc,metaspace] GC(232) Metaspace: 166K(384K)->166K(384K) NonClass: 157K(256K)->157K(256K) Class: 9K(128K)->9K(128K)
[2026-03-27T14:07:23.306+0900][27.436s][info][gc          ] GC(232) Pause Young (Concurrent Start) (G1 Humongous Allocation) 178M->175M(396M) 0.808ms
[2026-03-27T14:07:23.306+0900][27.436s][info][gc,cpu      ] GC(232) User=0.00s Sys=0.00s Real=0.00s
[2026-03-27T14:07:23.308+0900][27.440s][info][gc          ] GC(233) Concurrent Undo Cycle
[2026-03-27T14:07:23.310+0900][27.440s][info][gc,marking  ] GC(233) Concurrent Cleanup for Next Mark
[2026-03-27T14:07:23.310+0900][27.440s][info][gc,marking  ] GC(233) Concurrent Cleanup for Next Mark 0.057ms
[2026-03-27T14:07:23.310+0900][27.440s][info][gc          ] GC(233) Concurrent Undo Cycle 0.166ms
[2026-03-27T14:07:23.362+0900][27.492s][info][gc,start    ] GC(234) Pause Young (Concurrent Start) (G1 Humongous Allocation)
[2026-03-27T14:07:23.362+0900][27.492s][info][gc,task     ] GC(234) Using 8 workers of 8 for evacuation
[2026-03-27T14:07:23.362+0900][27.493s][info][gc,phases   ] GC(234)   Pre Evacuate Collection Set: 0.1ms
[2026-03-27T14:07:23.362+0900][27.493s][info][gc,phases   ] GC(234)   Merge Heap Roots: 0.1ms
[2026-03-27T14:07:23.362+0900][27.493s][info][gc,phases   ] GC(234)   Evacuate Collection Set: 0.1ms
[2026-03-27T14:07:23.362+0900][27.493s][info][gc,phases   ] GC(234)   Post Evacuate Collection Set: 0.4ms
[2026-03-27T14:07:23.362+0900][27.493s][info][gc,phases   ] GC(234)   Other: 0.1ms
[2026-03-27T14:07:23.362+0900][27.493s][info][gc,heap     ] GC(234) Eden regions: 1->0(177)
[2026-03-27T14:07:23.362+0900][27.493s][info][gc,heap     ] GC(234) Survivor regions: 1->1(23)
[2026-03-27T14:07:23.362+0900][27.493s][info][gc,heap     ] GC(234) Old regions: 1->1
[2026-03-27T14:07:23.362+0900][27.493s][info][gc,heap     ] GC(234) Archive regions: 0->0
[2026-03-27T14:07:23.362+0900][27.493s][info][gc,heap     ] GC(234) Humongous regions: 177->176
[2026-03-27T14:07:23.362+0900][27.493s][info][gc,metaspace] GC(234) Metaspace: 166K(384K)->166K(384K) NonClass: 157K(256K)->157K(256K) Class: 9K(128K)->9K(128K)
[2026-03-27T14:07:23.362+0900][27.493s][info][gc          ] GC(234) Pause Young (Concurrent Start) (G1 Humongous Allocation) 178M->176M(396M) 0.985ms
[2026-03-27T14:07:23.362+0900][27.493s][info][gc,cpu      ] GC(234) User=0.00s Sys=0.00s Real=0.00s
[2026-03-27T14:07:23.362+0900][27.493s][info][gc          ] GC(235) Concurrent Undo Cycle
[2026-03-27T14:07:23.362+0900][27.493s][info][gc,marking  ] GC(235) Concurrent Cleanup for Next Mark
[2026-03-27T14:07:23.362+0900][27.493s][info][gc,marking  ] GC(235) Concurrent Cleanup for Next Mark 0.046ms
[2026-03-27T14:07:23.362+0900][27.493s][info][gc          ] GC(235) Concurrent Undo Cycle 0.148ms
[2026-03-27T14:07:23.425+0900][27.556s][info][gc,start    ] GC(236) Pause Young (Concurrent Start) (G1 Humongous Allocation)
[2026-03-27T14:07:23.425+0900][27.556s][info][gc,task     ] GC(236) Using 8 workers of 8 for evacuation
[2026-03-27T14:07:23.425+0900][27.556s][info][gc,phases   ] GC(236)   Pre Evacuate Collection Set: 0.1ms
[2026-03-27T14:07:23.425+0900][27.556s][info][gc,phases   ] GC(236)   Merge Heap Roots: 0.0ms
[2026-03-27T14:07:23.425+0900][27.556s][info][gc,phases   ] GC(236)   Evacuate Collection Set: 0.1ms
[2026-03-27T14:07:23.425+0900][27.557s][info][gc,phases   ] GC(236)   Post Evacuate Collection Set: 0.4ms
[2026-03-27T14:07:23.425+0900][27.557s][info][gc,phases   ] GC(236)   Other: 0.1ms
[2026-03-27T14:07:23.425+0900][27.557s][info][gc,heap     ] GC(236) Eden regions: 1->0(177)
[2026-03-27T14:07:23.425+0900][27.557s][info][gc,heap     ] GC(236) Survivor regions: 1->1(23)
[2026-03-27T14:07:23.425+0900][27.557s][info][gc,heap     ] GC(236) Old regions: 1->1
[2026-03-27T14:07:23.425+0900][27.557s][info][gc,heap     ] GC(236) Archive regions: 0->0
[2026-03-27T14:07:23.425+0900][27.557s][info][gc,heap     ] GC(236) Humongous regions: 177->176
[2026-03-27T14:07:23.425+0900][27.557s][info][gc,metaspace] GC(236) Metaspace: 166K(384K)->166K(384K) NonClass: 157K(256K)->157K(256K) Class: 9K(128K)->9K(128K)
[2026-03-27T14:07:23.425+0900][27.557s][info][gc          ] GC(236) Pause Young (Concurrent Start) (G1 Humongous Allocation) 178M->176M(396M) 1.136ms
[2026-03-27T14:07:23.425+0900][27.557s][info][gc,cpu      ] GC(236) User=0.00s Sys=0.02s Real=0.00s
[2026-03-27T14:07:23.425+0900][27.557s][info][gc          ] GC(237) Concurrent Undo Cycle
[2026-03-27T14:07:23.425+0900][27.557s][info][gc,marking  ] GC(237) Concurrent Cleanup for Next Mark
[2026-03-27T14:07:23.425+0900][27.557s][info][gc,marking  ] GC(237) Concurrent Cleanup for Next Mark 0.169ms
[2026-03-27T14:07:23.425+0900][27.557s][info][gc          ] GC(237) Concurrent Undo Cycle 0.285ms
[2026-03-27T14:07:23.490+0900][27.620s][info][gc,start    ] GC(238) Pause Young (Concurrent Start) (G1 Humongous Allocation)
[2026-03-27T14:07:23.490+0900][27.620s][info][gc,task     ] GC(238) Using 8 workers of 8 for evacuation
[2026-03-27T14:07:23.490+0900][27.622s][info][gc,phases   ] GC(238)   Pre Evacuate Collection Set: 0.2ms
[2026-03-27T14:07:23.490+0900][27.623s][info][gc,phases   ] GC(238)   Merge Heap Roots: 0.2ms
[2026-03-27T14:07:23.490+0900][27.623s][info][gc,phases   ] GC(238)   Evacuate Collection Set: 0.3ms
[2026-03-27T14:07:23.490+0900][27.623s][info][gc,phases   ] GC(238)   Post Evacuate Collection Set: 1.0ms
[2026-03-27T14:07:23.490+0900][27.623s][info][gc,phases   ] GC(238)   Other: 0.3ms
[2026-03-27T14:07:23.490+0900][27.623s][info][gc,heap     ] GC(238) Eden regions: 1->0(177)
[2026-03-27T14:07:23.490+0900][27.623s][info][gc,heap     ] GC(238) Survivor regions: 1->1(23)
[2026-03-27T14:07:23.490+0900][27.623s][info][gc,heap     ] GC(238) Old regions: 1->1
[2026-03-27T14:07:23.490+0900][27.623s][info][gc,heap     ] GC(238) Archive regions: 0->0
[2026-03-27T14:07:23.490+0900][27.623s][info][gc,heap     ] GC(238) Humongous regions: 177->176
[2026-03-27T14:07:23.490+0900][27.623s][info][gc,metaspace] GC(238) Metaspace: 166K(384K)->166K(384K) NonClass: 157K(256K)->157K(256K) Class: 9K(128K)->9K(128K)
[2026-03-27T14:07:23.490+0900][27.623s][info][gc          ] GC(238) Pause Young (Concurrent Start) (G1 Humongous Allocation) 178M->176M(396M) 2.681ms
[2026-03-27T14:07:23.490+0900][27.623s][info][gc,cpu      ] GC(238) User=0.00s Sys=0.00s Real=0.00s
[2026-03-27T14:07:23.490+0900][27.623s][info][gc          ] GC(239) Concurrent Undo Cycle
[2026-03-27T14:07:23.490+0900][27.623s][info][gc,marking  ] GC(239) Concurrent Cleanup for Next Mark
[2026-03-27T14:07:23.490+0900][27.623s][info][gc,marking  ] GC(239) Concurrent Cleanup for Next Mark 0.218ms
[2026-03-27T14:07:23.490+0900][27.624s][info][gc          ] GC(239) Concurrent Undo Cycle 0.440ms
[2026-03-27T14:07:23.554+0900][27.684s][info][gc,start    ] GC(240) Pause Young (Concurrent Start) (G1 Humongous Allocation)
[2026-03-27T14:07:23.554+0900][27.684s][info][gc,task     ] GC(240) Using 8 workers of 8 for evacuation
[2026-03-27T14:07:23.554+0900][27.686s][info][gc,phases   ] GC(240)   Pre Evacuate Collection Set: 0.2ms
[2026-03-27T14:07:23.554+0900][27.686s][info][gc,phases   ] GC(240)   Merge Heap Roots: 0.2ms
[2026-03-27T14:07:23.554+0900][27.686s][info][gc,phases   ] GC(240)   Evacuate Collection Set: 0.4ms
[2026-03-27T14:07:23.554+0900][27.687s][info][gc,phases   ] GC(240)   Post Evacuate Collection Set: 1.0ms
[2026-03-27T14:07:23.554+0900][27.687s][info][gc,phases   ] GC(240)   Other: 0.3ms
[2026-03-27T14:07:23.554+0900][27.687s][info][gc,heap     ] GC(240) Eden regions: 1->0(177)
[2026-03-27T14:07:23.554+0900][27.687s][info][gc,heap     ] GC(240) Survivor regions: 1->1(23)
[2026-03-27T14:07:23.554+0900][27.687s][info][gc,heap     ] GC(240) Old regions: 1->1
[2026-03-27T14:07:23.554+0900][27.687s][info][gc,heap     ] GC(240) Archive regions: 0->0
[2026-03-27T14:07:23.554+0900][27.687s][info][gc,heap     ] GC(240) Humongous regions: 177->176
[2026-03-27T14:07:23.554+0900][27.687s][info][gc,metaspace] GC(240) Metaspace: 166K(384K)->166K(384K) NonClass: 157K(256K)->157K(256K) Class: 9K(128K)->9K(128K)
[2026-03-27T14:07:23.554+0900][27.687s][info][gc          ] GC(240) Pause Young (Concurrent Start) (G1 Humongous Allocation) 178M->176M(396M) 2.729ms
[2026-03-27T14:07:23.554+0900][27.687s][info][gc,cpu      ] GC(240) User=0.00s Sys=0.00s Real=0.00s
[2026-03-27T14:07:23.554+0900][27.687s][info][gc          ] GC(241) Concurrent Undo Cycle
[2026-03-27T14:07:23.554+0900][27.687s][info][gc,marking  ] GC(241) Concurrent Cleanup for Next Mark
[2026-03-27T14:07:23.554+0900][27.687s][info][gc,marking  ] GC(241) Concurrent Cleanup for Next Mark 0.177ms
[2026-03-27T14:07:23.554+0900][27.687s][info][gc          ] GC(241) Concurrent Undo Cycle 0.415ms
[2026-03-27T14:07:23.618+0900][27.749s][info][gc,start    ] GC(242) Pause Young (Concurrent Start) (G1 Humongous Allocation)
[2026-03-27T14:07:23.618+0900][27.749s][info][gc,task     ] GC(242) Using 8 workers of 8 for evacuation
[2026-03-27T14:07:23.618+0900][27.751s][info][gc,phases   ] GC(242)   Pre Evacuate Collection Set: 0.3ms
[2026-03-27T14:07:23.618+0900][27.751s][info][gc,phases   ] GC(242)   Merge Heap Roots: 0.1ms
[2026-03-27T14:07:23.618+0900][27.751s][info][gc,phases   ] GC(242)   Evacuate Collection Set: 0.3ms
[2026-03-27T14:07:23.618+0900][27.751s][info][gc,phases   ] GC(242)   Post Evacuate Collection Set: 0.8ms
[2026-03-27T14:07:23.618+0900][27.751s][info][gc,phases   ] GC(242)   Other: 0.2ms
[2026-03-27T14:07:23.618+0900][27.751s][info][gc,heap     ] GC(242) Eden regions: 1->0(177)
[2026-03-27T14:07:23.618+0900][27.751s][info][gc,heap     ] GC(242) Survivor regions: 1->1(23)
[2026-03-27T14:07:23.618+0900][27.751s][info][gc,heap     ] GC(242) Old regions: 1->1
[2026-03-27T14:07:23.618+0900][27.751s][info][gc,heap     ] GC(242) Archive regions: 0->0
[2026-03-27T14:07:23.618+0900][27.751s][info][gc,heap     ] GC(242) Humongous regions: 177->176
[2026-03-27T14:07:23.618+0900][27.751s][info][gc,metaspace] GC(242) Metaspace: 166K(384K)->166K(384K) NonClass: 157K(256K)->157K(256K) Class: 9K(128K)->9K(128K)
[2026-03-27T14:07:23.618+0900][27.751s][info][gc          ] GC(242) Pause Young (Concurrent Start) (G1 Humongous Allocation) 178M->176M(396M) 2.418ms
[2026-03-27T14:07:23.618+0900][27.751s][info][gc,cpu      ] GC(242) User=0.00s Sys=0.00s Real=0.00s
[2026-03-27T14:07:23.618+0900][27.751s][info][gc          ] GC(243) Concurrent Undo Cycle
[2026-03-27T14:07:23.618+0900][27.752s][info][gc,marking  ] GC(243) Concurrent Cleanup for Next Mark
[2026-03-27T14:07:23.618+0900][27.752s][info][gc,marking  ] GC(243) Concurrent Cleanup for Next Mark 0.178ms
[2026-03-27T14:07:23.618+0900][27.752s][info][gc          ] GC(243) Concurrent Undo Cycle 0.447ms
[2026-03-27T14:07:23.682+0900][27.813s][info][gc,start    ] GC(244) Pause Young (Concurrent Start) (G1 Humongous Allocation)
[2026-03-27T14:07:23.682+0900][27.813s][info][gc,task     ] GC(244) Using 8 workers of 8 for evacuation
[2026-03-27T14:07:23.683+0900][27.814s][info][gc,phases   ] GC(244)   Pre Evacuate Collection Set: 0.2ms
[2026-03-27T14:07:23.683+0900][27.814s][info][gc,phases   ] GC(244)   Merge Heap Roots: 0.1ms
[2026-03-27T14:07:23.683+0900][27.814s][info][gc,phases   ] GC(244)   Evacuate Collection Set: 0.3ms
[2026-03-27T14:07:23.683+0900][27.814s][info][gc,phases   ] GC(244)   Post Evacuate Collection Set: 0.7ms
[2026-03-27T14:07:23.683+0900][27.815s][info][gc,phases   ] GC(244)   Other: 0.2ms
[2026-03-27T14:07:23.683+0900][27.815s][info][gc,heap     ] GC(244) Eden regions: 1->0(175)
[2026-03-27T14:07:23.683+0900][27.815s][info][gc,heap     ] GC(244) Survivor regions: 1->1(23)
[2026-03-27T14:07:23.683+0900][27.815s][info][gc,heap     ] GC(244) Old regions: 1->1
[2026-03-27T14:07:23.683+0900][27.815s][info][gc,heap     ] GC(244) Archive regions: 0->0
[2026-03-27T14:07:23.683+0900][27.815s][info][gc,heap     ] GC(244) Humongous regions: 179->178
[2026-03-27T14:07:23.683+0900][27.815s][info][gc,metaspace] GC(244) Metaspace: 166K(384K)->166K(384K) NonClass: 157K(256K)->157K(256K) Class: 9K(128K)->9K(128K)
[2026-03-27T14:07:23.683+0900][27.815s][info][gc          ] GC(244) Pause Young (Concurrent Start) (G1 Humongous Allocation) 180M->178M(396M) 2.110ms
[2026-03-27T14:07:23.683+0900][27.815s][info][gc,cpu      ] GC(244) User=0.00s Sys=0.00s Real=0.00s
[2026-03-27T14:07:23.683+0900][27.815s][info][gc          ] GC(245) Concurrent Mark Cycle
[2026-03-27T14:07:23.683+0900][27.815s][info][gc,marking  ] GC(245) Concurrent Clear Claimed Marks
[2026-03-27T14:07:23.683+0900][27.815s][info][gc,marking  ] GC(245) Concurrent Clear Claimed Marks 0.048ms
[2026-03-27T14:07:23.683+0900][27.815s][info][gc,marking  ] GC(245) Concurrent Scan Root Regions
[2026-03-27T14:07:23.683+0900][27.815s][info][gc,marking  ] GC(245) Concurrent Scan Root Regions 0.233ms
[2026-03-27T14:07:23.683+0900][27.815s][info][gc,marking  ] GC(245) Concurrent Mark
[2026-03-27T14:07:23.683+0900][27.815s][info][gc,marking  ] GC(245) Concurrent Mark From Roots
[2026-03-27T14:07:23.683+0900][27.815s][info][gc,task     ] GC(245) Using 2 workers of 2 for marking
[2026-03-27T14:07:23.683+0900][27.817s][info][gc,marking  ] GC(245) Concurrent Mark From Roots 1.488ms
[2026-03-27T14:07:23.683+0900][27.817s][info][gc,marking  ] GC(245) Concurrent Preclean
[2026-03-27T14:07:23.683+0900][27.817s][info][gc,marking  ] GC(245) Concurrent Preclean 0.025ms
[2026-03-27T14:07:23.683+0900][27.817s][info][gc,start    ] GC(245) Pause Remark
[2026-03-27T14:07:23.683+0900][27.818s][info][gc          ] GC(245) Pause Remark 179M->179M(396M) 0.845ms
[2026-03-27T14:07:23.683+0900][27.818s][info][gc,cpu      ] GC(245) User=0.00s Sys=0.00s Real=0.00s
[2026-03-27T14:07:23.683+0900][27.818s][info][gc,marking  ] GC(245) Concurrent Mark 2.898ms
[2026-03-27T14:07:23.683+0900][27.818s][info][gc,marking  ] GC(245) Concurrent Rebuild Remembered Sets
[2026-03-27T14:07:23.683+0900][27.819s][info][gc,marking  ] GC(245) Concurrent Rebuild Remembered Sets 0.774ms
[2026-03-27T14:07:23.683+0900][27.819s][info][gc,start    ] GC(245) Pause Cleanup
[2026-03-27T14:07:23.683+0900][27.820s][info][gc          ] GC(245) Pause Cleanup 179M->179M(396M) 0.275ms
[2026-03-27T14:07:23.683+0900][27.820s][info][gc,cpu      ] GC(245) User=0.00s Sys=0.00s Real=0.00s
[2026-03-27T14:07:23.683+0900][27.820s][info][gc,marking  ] GC(245) Concurrent Cleanup for Next Mark
[2026-03-27T14:07:23.683+0900][27.820s][info][gc,marking  ] GC(245) Concurrent Cleanup for Next Mark 0.455ms
[2026-03-27T14:07:23.683+0900][27.820s][info][gc          ] GC(245) Concurrent Mark Cycle 5.567ms
[2026-03-27T14:07:23.746+0900][27.877s][info][gc,start    ] GC(246) Pause Young (Concurrent Start) (G1 Humongous Allocation)
[2026-03-27T14:07:23.746+0900][27.877s][info][gc,task     ] GC(246) Using 8 workers of 8 for evacuation
[2026-03-27T14:07:23.746+0900][27.879s][info][gc,phases   ] GC(246)   Pre Evacuate Collection Set: 0.2ms
[2026-03-27T14:07:23.746+0900][27.879s][info][gc,phases   ] GC(246)   Merge Heap Roots: 0.2ms
[2026-03-27T14:07:23.746+0900][27.879s][info][gc,phases   ] GC(246)   Evacuate Collection Set: 0.3ms
[2026-03-27T14:07:23.746+0900][27.879s][info][gc,phases   ] GC(246)   Post Evacuate Collection Set: 0.9ms
[2026-03-27T14:07:23.746+0900][27.879s][info][gc,phases   ] GC(246)   Other: 0.3ms
[2026-03-27T14:07:23.746+0900][27.879s][info][gc,heap     ] GC(246) Eden regions: 1->0(175)
[2026-03-27T14:07:23.746+0900][27.879s][info][gc,heap     ] GC(246) Survivor regions: 1->1(22)
[2026-03-27T14:07:23.746+0900][27.879s][info][gc,heap     ] GC(246) Old regions: 1->1
[2026-03-27T14:07:23.746+0900][27.879s][info][gc,heap     ] GC(246) Archive regions: 0->0
[2026-03-27T14:07:23.746+0900][27.879s][info][gc,heap     ] GC(246) Humongous regions: 179->178
[2026-03-27T14:07:23.746+0900][27.879s][info][gc,metaspace] GC(246) Metaspace: 166K(384K)->166K(384K) NonClass: 157K(256K)->157K(256K) Class: 9K(128K)->9K(128K)
[2026-03-27T14:07:23.746+0900][27.880s][info][gc          ] GC(246) Pause Young (Concurrent Start) (G1 Humongous Allocation) 180M->178M(396M) 2.603ms
[2026-03-27T14:07:23.746+0900][27.880s][info][gc,cpu      ] GC(246) User=0.00s Sys=0.00s Real=0.00s
[2026-03-27T14:07:23.746+0900][27.880s][info][gc          ] GC(247) Concurrent Mark Cycle
[2026-03-27T14:07:23.746+0900][27.880s][info][gc,marking  ] GC(247) Concurrent Clear Claimed Marks
[2026-03-27T14:07:23.746+0900][27.880s][info][gc,marking  ] GC(247) Concurrent Clear Claimed Marks 0.039ms
[2026-03-27T14:07:23.746+0900][27.880s][info][gc,marking  ] GC(247) Concurrent Scan Root Regions
[2026-03-27T14:07:23.746+0900][27.880s][info][gc,marking  ] GC(247) Concurrent Scan Root Regions 0.204ms
[2026-03-27T14:07:23.746+0900][27.880s][info][gc,marking  ] GC(247) Concurrent Mark
[2026-03-27T14:07:23.746+0900][27.880s][info][gc,marking  ] GC(247) Concurrent Mark From Roots
[2026-03-27T14:07:23.746+0900][27.880s][info][gc,task     ] GC(247) Using 2 workers of 2 for marking
[2026-03-27T14:07:23.746+0900][27.882s][info][gc,marking  ] GC(247) Concurrent Mark From Roots 1.940ms
[2026-03-27T14:07:23.746+0900][27.882s][info][gc,marking  ] GC(247) Concurrent Preclean
[2026-03-27T14:07:23.746+0900][27.882s][info][gc,marking  ] GC(247) Concurrent Preclean 0.045ms
[2026-03-27T14:07:23.746+0900][27.883s][info][gc,start    ] GC(247) Pause Remark
[2026-03-27T14:07:23.746+0900][27.884s][info][gc          ] GC(247) Pause Remark 179M->179M(396M) 1.358ms
[2026-03-27T14:07:23.746+0900][27.884s][info][gc,cpu      ] GC(247) User=0.00s Sys=0.02s Real=0.00s
[2026-03-27T14:07:23.746+0900][27.884s][info][gc,marking  ] GC(247) Concurrent Mark 4.154ms
[2026-03-27T14:07:23.746+0900][27.884s][info][gc,marking  ] GC(247) Concurrent Rebuild Remembered Sets
[2026-03-27T14:07:23.746+0900][27.885s][info][gc,marking  ] GC(247) Concurrent Rebuild Remembered Sets 0.796ms
[2026-03-27T14:07:23.746+0900][27.885s][info][gc,start    ] GC(247) Pause Cleanup
[2026-03-27T14:07:23.746+0900][27.886s][info][gc          ] GC(247) Pause Cleanup 179M->179M(396M) 0.264ms
[2026-03-27T14:07:23.746+0900][27.886s][info][gc,cpu      ] GC(247) User=0.00s Sys=0.00s Real=0.00s
[2026-03-27T14:07:23.746+0900][27.886s][info][gc,marking  ] GC(247) Concurrent Cleanup for Next Mark
[2026-03-27T14:07:23.746+0900][27.886s][info][gc,marking  ] GC(247) Concurrent Cleanup for Next Mark 0.551ms
[2026-03-27T14:07:23.746+0900][27.886s][info][gc          ] GC(247) Concurrent Mark Cycle 6.847ms
[2026-03-27T14:07:23.810+0900][27.941s][info][gc,start    ] GC(248) Pause Young (Concurrent Start) (G1 Humongous Allocation)
[2026-03-27T14:07:23.810+0900][27.941s][info][gc,task     ] GC(248) Using 8 workers of 8 for evacuation
[2026-03-27T14:07:23.810+0900][27.944s][info][gc,phases   ] GC(248)   Pre Evacuate Collection Set: 0.2ms
[2026-03-27T14:07:23.810+0900][27.944s][info][gc,phases   ] GC(248)   Merge Heap Roots: 0.3ms
[2026-03-27T14:07:23.810+0900][27.944s][info][gc,phases   ] GC(248)   Evacuate Collection Set: 0.5ms
[2026-03-27T14:07:23.810+0900][27.944s][info][gc,phases   ] GC(248)   Post Evacuate Collection Set: 0.9ms
[2026-03-27T14:07:23.810+0900][27.944s][info][gc,phases   ] GC(248)   Other: 0.3ms
[2026-03-27T14:07:23.810+0900][27.944s][info][gc,heap     ] GC(248) Eden regions: 1->0(175)
[2026-03-27T14:07:23.810+0900][27.944s][info][gc,heap     ] GC(248) Survivor regions: 1->1(22)
[2026-03-27T14:07:23.810+0900][27.944s][info][gc,heap     ] GC(248) Old regions: 1->1
[2026-03-27T14:07:23.810+0900][27.944s][info][gc,heap     ] GC(248) Archive regions: 0->0
[2026-03-27T14:07:23.810+0900][27.944s][info][gc,heap     ] GC(248) Humongous regions: 179->178
[2026-03-27T14:07:23.810+0900][27.944s][info][gc,metaspace] GC(248) Metaspace: 166K(384K)->166K(384K) NonClass: 157K(256K)->157K(256K) Class: 9K(128K)->9K(128K)
[2026-03-27T14:07:23.810+0900][27.944s][info][gc          ] GC(248) Pause Young (Concurrent Start) (G1 Humongous Allocation) 180M->178M(396M) 3.035ms
[2026-03-27T14:07:23.810+0900][27.944s][info][gc,cpu      ] GC(248) User=0.00s Sys=0.00s Real=0.00s
[2026-03-27T14:07:23.810+0900][27.944s][info][gc          ] GC(249) Concurrent Mark Cycle
[2026-03-27T14:07:23.810+0900][27.944s][info][gc,marking  ] GC(249) Concurrent Clear Claimed Marks
[2026-03-27T14:07:23.810+0900][27.944s][info][gc,marking  ] GC(249) Concurrent Clear Claimed Marks 0.041ms
[2026-03-27T14:07:23.810+0900][27.944s][info][gc,marking  ] GC(249) Concurrent Scan Root Regions
[2026-03-27T14:07:23.810+0900][27.945s][info][gc,marking  ] GC(249) Concurrent Scan Root Regions 0.246ms
[2026-03-27T14:07:23.810+0900][27.945s][info][gc,marking  ] GC(249) Concurrent Mark
[2026-03-27T14:07:23.810+0900][27.945s][info][gc,marking  ] GC(249) Concurrent Mark From Roots
[2026-03-27T14:07:23.810+0900][27.945s][info][gc,task     ] GC(249) Using 2 workers of 2 for marking
[2026-03-27T14:07:23.810+0900][27.947s][info][gc,marking  ] GC(249) Concurrent Mark From Roots 2.002ms
[2026-03-27T14:07:23.810+0900][27.947s][info][gc,marking  ] GC(249) Concurrent Preclean
[2026-03-27T14:07:23.810+0900][27.947s][info][gc,marking  ] GC(249) Concurrent Preclean 0.044ms
[2026-03-27T14:07:23.810+0900][27.947s][info][gc,start    ] GC(249) Pause Remark
[2026-03-27T14:07:23.810+0900][27.949s][info][gc          ] GC(249) Pause Remark 179M->179M(396M) 1.437ms
[2026-03-27T14:07:23.810+0900][27.949s][info][gc,cpu      ] GC(249) User=0.00s Sys=0.00s Real=0.00s
[2026-03-27T14:07:23.810+0900][27.949s][info][gc,marking  ] GC(249) Concurrent Mark 4.198ms
[2026-03-27T14:07:23.810+0900][27.949s][info][gc,marking  ] GC(249) Concurrent Rebuild Remembered Sets
[2026-03-27T14:07:23.810+0900][27.950s][info][gc,marking  ] GC(249) Concurrent Rebuild Remembered Sets 1.060ms
[2026-03-27T14:07:23.810+0900][27.951s][info][gc,start    ] GC(249) Pause Cleanup
[2026-03-27T14:07:23.810+0900][27.951s][info][gc          ] GC(249) Pause Cleanup 179M->179M(396M) 0.335ms
[2026-03-27T14:07:23.810+0900][27.951s][info][gc,cpu      ] GC(249) User=0.00s Sys=0.00s Real=0.00s
[2026-03-27T14:07:23.810+0900][27.951s][info][gc,marking  ] GC(249) Concurrent Cleanup for Next Mark
[2026-03-27T14:07:23.810+0900][27.952s][info][gc,marking  ] GC(249) Concurrent Cleanup for Next Mark 0.519ms
[2026-03-27T14:07:23.810+0900][27.952s][info][gc          ] GC(249) Concurrent Mark Cycle 7.474ms
[2026-03-27T14:07:23.875+0900][28.006s][info][gc,start    ] GC(250) Pause Young (Concurrent Start) (G1 Humongous Allocation)
[2026-03-27T14:07:23.875+0900][28.006s][info][gc,task     ] GC(250) Using 8 workers of 8 for evacuation
[2026-03-27T14:07:23.875+0900][28.008s][info][gc,phases   ] GC(250)   Pre Evacuate Collection Set: 0.2ms
[2026-03-27T14:07:23.875+0900][28.008s][info][gc,phases   ] GC(250)   Merge Heap Roots: 0.3ms
[2026-03-27T14:07:23.875+0900][28.008s][info][gc,phases   ] GC(250)   Evacuate Collection Set: 0.3ms
[2026-03-27T14:07:23.875+0900][28.008s][info][gc,phases   ] GC(250)   Post Evacuate Collection Set: 0.9ms
[2026-03-27T14:07:23.875+0900][28.008s][info][gc,phases   ] GC(250)   Other: 0.3ms
[2026-03-27T14:07:23.875+0900][28.008s][info][gc,heap     ] GC(250) Eden regions: 1->0(175)
[2026-03-27T14:07:23.875+0900][28.008s][info][gc,heap     ] GC(250) Survivor regions: 1->1(22)
[2026-03-27T14:07:23.875+0900][28.008s][info][gc,heap     ] GC(250) Old regions: 1->1
[2026-03-27T14:07:23.875+0900][28.008s][info][gc,heap     ] GC(250) Archive regions: 0->0
[2026-03-27T14:07:23.875+0900][28.008s][info][gc,heap     ] GC(250) Humongous regions: 179->178
[2026-03-27T14:07:23.875+0900][28.008s][info][gc,metaspace] GC(250) Metaspace: 166K(384K)->166K(384K) NonClass: 157K(256K)->157K(256K) Class: 9K(128K)->9K(128K)
[2026-03-27T14:07:23.875+0900][28.008s][info][gc          ] GC(250) Pause Young (Concurrent Start) (G1 Humongous Allocation) 180M->178M(396M) 2.709ms
[2026-03-27T14:07:23.875+0900][28.008s][info][gc,cpu      ] GC(250) User=0.00s Sys=0.00s Real=0.00s
[2026-03-27T14:07:23.875+0900][28.008s][info][gc          ] GC(251) Concurrent Mark Cycle
[2026-03-27T14:07:23.875+0900][28.009s][info][gc,marking  ] GC(251) Concurrent Clear Claimed Marks
[2026-03-27T14:07:23.875+0900][28.009s][info][gc,marking  ] GC(251) Concurrent Clear Claimed Marks 0.041ms
[2026-03-27T14:07:23.875+0900][28.009s][info][gc,marking  ] GC(251) Concurrent Scan Root Regions
[2026-03-27T14:07:23.875+0900][28.009s][info][gc,marking  ] GC(251) Concurrent Scan Root Regions 0.205ms
[2026-03-27T14:07:23.875+0900][28.009s][info][gc,marking  ] GC(251) Concurrent Mark
[2026-03-27T14:07:23.875+0900][28.009s][info][gc,marking  ] GC(251) Concurrent Mark From Roots
[2026-03-27T14:07:23.875+0900][28.009s][info][gc,task     ] GC(251) Using 2 workers of 2 for marking
[2026-03-27T14:07:23.875+0900][28.011s][info][gc,marking  ] GC(251) Concurrent Mark From Roots 1.989ms
[2026-03-27T14:07:23.875+0900][28.011s][info][gc,marking  ] GC(251) Concurrent Preclean
[2026-03-27T14:07:23.875+0900][28.011s][info][gc,marking  ] GC(251) Concurrent Preclean 0.045ms
[2026-03-27T14:07:23.875+0900][28.012s][info][gc,start    ] GC(251) Pause Remark
[2026-03-27T14:07:23.875+0900][28.013s][info][gc          ] GC(251) Pause Remark 179M->179M(396M) 1.683ms
[2026-03-27T14:07:23.875+0900][28.013s][info][gc,cpu      ] GC(251) User=0.00s Sys=0.00s Real=0.00s
[2026-03-27T14:07:23.875+0900][28.014s][info][gc,marking  ] GC(251) Concurrent Mark 4.609ms
[2026-03-27T14:07:23.875+0900][28.014s][info][gc,marking  ] GC(251) Concurrent Rebuild Remembered Sets
[2026-03-27T14:07:23.875+0900][28.015s][info][gc,marking  ] GC(251) Concurrent Rebuild Remembered Sets 1.107ms
[2026-03-27T14:07:23.875+0900][28.015s][info][gc,start    ] GC(251) Pause Cleanup
[2026-03-27T14:07:23.875+0900][28.016s][info][gc          ] GC(251) Pause Cleanup 179M->179M(396M) 0.491ms
[2026-03-27T14:07:23.875+0900][28.016s][info][gc,cpu      ] GC(251) User=0.00s Sys=0.00s Real=0.00s
[2026-03-27T14:07:23.875+0900][28.016s][info][gc,marking  ] GC(251) Concurrent Cleanup for Next Mark
[2026-03-27T14:07:23.875+0900][28.017s][info][gc,marking  ] GC(251) Concurrent Cleanup for Next Mark 0.659ms
[2026-03-27T14:07:23.875+0900][28.017s][info][gc          ] GC(251) Concurrent Mark Cycle 8.306ms
[2026-03-27T14:07:23.939+0900][28.070s][info][gc,start    ] GC(252) Pause Young (Concurrent Start) (G1 Humongous Allocation)
[2026-03-27T14:07:23.939+0900][28.070s][info][gc,task     ] GC(252) Using 8 workers of 8 for evacuation
[2026-03-27T14:07:23.939+0900][28.072s][info][gc,phases   ] GC(252)   Pre Evacuate Collection Set: 0.3ms
[2026-03-27T14:07:23.939+0900][28.072s][info][gc,phases   ] GC(252)   Merge Heap Roots: 0.3ms
[2026-03-27T14:07:23.939+0900][28.072s][info][gc,phases   ] GC(252)   Evacuate Collection Set: 0.3ms
[2026-03-27T14:07:23.939+0900][28.072s][info][gc,phases   ] GC(252)   Post Evacuate Collection Set: 1.2ms
[2026-03-27T14:07:23.939+0900][28.072s][info][gc,phases   ] GC(252)   Other: 0.4ms
[2026-03-27T14:07:23.939+0900][28.073s][info][gc,heap     ] GC(252) Eden regions: 1->0(188)
[2026-03-27T14:07:23.939+0900][28.073s][info][gc,heap     ] GC(252) Survivor regions: 1->1(22)
[2026-03-27T14:07:23.939+0900][28.073s][info][gc,heap     ] GC(252) Old regions: 1->1
[2026-03-27T14:07:23.939+0900][28.073s][info][gc,heap     ] GC(252) Archive regions: 0->0
[2026-03-27T14:07:23.939+0900][28.073s][info][gc,heap     ] GC(252) Humongous regions: 179->178
[2026-03-27T14:07:23.939+0900][28.073s][info][gc,metaspace] GC(252) Metaspace: 166K(384K)->166K(384K) NonClass: 157K(256K)->157K(256K) Class: 9K(128K)->9K(128K)
[2026-03-27T14:07:23.939+0900][28.073s][info][gc          ] GC(252) Pause Young (Concurrent Start) (G1 Humongous Allocation) 180M->178M(410M) 3.209ms
[2026-03-27T14:07:23.939+0900][28.073s][info][gc,cpu      ] GC(252) User=0.02s Sys=0.02s Real=0.00s
[2026-03-27T14:07:23.939+0900][28.073s][info][gc          ] GC(253) Concurrent Undo Cycle
[2026-03-27T14:07:23.939+0900][28.073s][info][gc,marking  ] GC(253) Concurrent Cleanup for Next Mark
[2026-03-27T14:07:23.939+0900][28.073s][info][gc,marking  ] GC(253) Concurrent Cleanup for Next Mark 0.237ms
[2026-03-27T14:07:23.939+0900][28.073s][info][gc          ] GC(253) Concurrent Undo Cycle 0.469ms
[2026-03-27T14:07:24.130+0900][28.260s][info][gc,start    ] GC(254) Pause Young (Concurrent Start) (G1 Humongous Allocation)
[2026-03-27T14:07:24.130+0900][28.261s][info][gc,task     ] GC(254) Using 8 workers of 8 for evacuation
[2026-03-27T14:07:24.130+0900][28.263s][info][gc,phases   ] GC(254)   Pre Evacuate Collection Set: 0.2ms
[2026-03-27T14:07:24.130+0900][28.263s][info][gc,phases   ] GC(254)   Merge Heap Roots: 0.2ms
[2026-03-27T14:07:24.130+0900][28.263s][info][gc,phases   ] GC(254)   Evacuate Collection Set: 0.4ms
[2026-03-27T14:07:24.130+0900][28.263s][info][gc,phases   ] GC(254)   Post Evacuate Collection Set: 1.0ms
[2026-03-27T14:07:24.130+0900][28.263s][info][gc,phases   ] GC(254)   Other: 0.3ms
[2026-03-27T14:07:24.130+0900][28.263s][info][gc,heap     ] GC(254) Eden regions: 1->0(186)
[2026-03-27T14:07:24.130+0900][28.263s][info][gc,heap     ] GC(254) Survivor regions: 1->1(24)
[2026-03-27T14:07:24.130+0900][28.263s][info][gc,heap     ] GC(254) Old regions: 1->1
[2026-03-27T14:07:24.130+0900][28.263s][info][gc,heap     ] GC(254) Archive regions: 0->0
[2026-03-27T14:07:24.130+0900][28.263s][info][gc,heap     ] GC(254) Humongous regions: 183->180
[2026-03-27T14:07:24.130+0900][28.263s][info][gc,metaspace] GC(254) Metaspace: 166K(384K)->166K(384K) NonClass: 157K(256K)->157K(256K) Class: 9K(128K)->9K(128K)
[2026-03-27T14:07:24.130+0900][28.263s][info][gc          ] GC(254) Pause Young (Concurrent Start) (G1 Humongous Allocation) 184M->180M(410M) 2.698ms
[2026-03-27T14:07:24.130+0900][28.263s][info][gc,cpu      ] GC(254) User=0.00s Sys=0.00s Real=0.00s
[2026-03-27T14:07:24.130+0900][28.263s][info][gc          ] GC(255) Concurrent Undo Cycle
[2026-03-27T14:07:24.130+0900][28.263s][info][gc,marking  ] GC(255) Concurrent Cleanup for Next Mark
[2026-03-27T14:07:24.130+0900][28.264s][info][gc,marking  ] GC(255) Concurrent Cleanup for Next Mark 0.237ms
[2026-03-27T14:07:24.130+0900][28.264s][info][gc          ] GC(255) Concurrent Undo Cycle 0.629ms
[2026-03-27T14:07:24.258+0900][28.388s][info][gc,start    ] GC(256) Pause Young (Concurrent Start) (G1 Humongous Allocation)
[2026-03-27T14:07:24.258+0900][28.389s][info][gc,task     ] GC(256) Using 8 workers of 8 for evacuation
[2026-03-27T14:07:24.258+0900][28.390s][info][gc,phases   ] GC(256)   Pre Evacuate Collection Set: 0.1ms
[2026-03-27T14:07:24.258+0900][28.390s][info][gc,phases   ] GC(256)   Merge Heap Roots: 0.1ms
[2026-03-27T14:07:24.258+0900][28.390s][info][gc,phases   ] GC(256)   Evacuate Collection Set: 0.2ms
[2026-03-27T14:07:24.258+0900][28.390s][info][gc,phases   ] GC(256)   Post Evacuate Collection Set: 0.7ms
[2026-03-27T14:07:24.258+0900][28.390s][info][gc,phases   ] GC(256)   Other: 0.2ms
[2026-03-27T14:07:24.258+0900][28.390s][info][gc,heap     ] GC(256) Eden regions: 1->0(185)
[2026-03-27T14:07:24.258+0900][28.390s][info][gc,heap     ] GC(256) Survivor regions: 1->1(24)
[2026-03-27T14:07:24.258+0900][28.390s][info][gc,heap     ] GC(256) Old regions: 1->1
[2026-03-27T14:07:24.258+0900][28.390s][info][gc,heap     ] GC(256) Archive regions: 0->0
[2026-03-27T14:07:24.258+0900][28.390s][info][gc,heap     ] GC(256) Humongous regions: 183->181
[2026-03-27T14:07:24.258+0900][28.390s][info][gc,metaspace] GC(256) Metaspace: 166K(384K)->166K(384K) NonClass: 157K(256K)->157K(256K) Class: 9K(128K)->9K(128K)
[2026-03-27T14:07:24.258+0900][28.390s][info][gc          ] GC(256) Pause Young (Concurrent Start) (G1 Humongous Allocation) 184M->181M(410M) 1.807ms
[2026-03-27T14:07:24.258+0900][28.390s][info][gc,cpu      ] GC(256) User=0.00s Sys=0.00s Real=0.00s
[2026-03-27T14:07:24.258+0900][28.390s][info][gc          ] GC(257) Concurrent Undo Cycle
[2026-03-27T14:07:24.258+0900][28.390s][info][gc,marking  ] GC(257) Concurrent Cleanup for Next Mark
[2026-03-27T14:07:24.258+0900][28.391s][info][gc,marking  ] GC(257) Concurrent Cleanup for Next Mark 0.188ms
[2026-03-27T14:07:24.258+0900][28.391s][info][gc          ] GC(257) Concurrent Undo Cycle 0.347ms
[2026-03-27T14:07:24.321+0900][28.452s][info][gc,start    ] GC(258) Pause Young (Concurrent Start) (G1 Humongous Allocation)
[2026-03-27T14:07:24.321+0900][28.452s][info][gc,task     ] GC(258) Using 8 workers of 8 for evacuation
[2026-03-27T14:07:24.321+0900][28.454s][info][gc,phases   ] GC(258)   Pre Evacuate Collection Set: 0.2ms
[2026-03-27T14:07:24.321+0900][28.454s][info][gc,phases   ] GC(258)   Merge Heap Roots: 0.2ms
[2026-03-27T14:07:24.321+0900][28.454s][info][gc,phases   ] GC(258)   Evacuate Collection Set: 0.4ms
[2026-03-27T14:07:24.321+0900][28.454s][info][gc,phases   ] GC(258)   Post Evacuate Collection Set: 0.8ms
[2026-03-27T14:07:24.321+0900][28.454s][info][gc,phases   ] GC(258)   Other: 0.3ms
[2026-03-27T14:07:24.321+0900][28.454s][info][gc,heap     ] GC(258) Eden regions: 1->0(184)
[2026-03-27T14:07:24.321+0900][28.454s][info][gc,heap     ] GC(258) Survivor regions: 1->1(24)
[2026-03-27T14:07:24.321+0900][28.454s][info][gc,heap     ] GC(258) Old regions: 1->1
[2026-03-27T14:07:24.321+0900][28.454s][info][gc,heap     ] GC(258) Archive regions: 0->0
[2026-03-27T14:07:24.321+0900][28.454s][info][gc,heap     ] GC(258) Humongous regions: 183->182
[2026-03-27T14:07:24.321+0900][28.454s][info][gc,metaspace] GC(258) Metaspace: 166K(384K)->166K(384K) NonClass: 157K(256K)->157K(256K) Class: 9K(128K)->9K(128K)
[2026-03-27T14:07:24.321+0900][28.454s][info][gc          ] GC(258) Pause Young (Concurrent Start) (G1 Humongous Allocation) 184M->182M(410M) 2.575ms
[2026-03-27T14:07:24.321+0900][28.455s][info][gc,cpu      ] GC(258) User=0.00s Sys=0.00s Real=0.00s
[2026-03-27T14:07:24.321+0900][28.455s][info][gc          ] GC(259) Concurrent Undo Cycle
[2026-03-27T14:07:24.321+0900][28.455s][info][gc,marking  ] GC(259) Concurrent Cleanup for Next Mark
[2026-03-27T14:07:24.321+0900][28.455s][info][gc,marking  ] GC(259) Concurrent Cleanup for Next Mark 0.207ms
[2026-03-27T14:07:24.321+0900][28.455s][info][gc          ] GC(259) Concurrent Undo Cycle 0.490ms
[2026-03-27T14:07:24.385+0900][28.516s][info][gc,start    ] GC(260) Pause Young (Concurrent Start) (G1 Humongous Allocation)
[2026-03-27T14:07:24.385+0900][28.516s][info][gc,task     ] GC(260) Using 8 workers of 8 for evacuation
[2026-03-27T14:07:24.385+0900][28.518s][info][gc,phases   ] GC(260)   Pre Evacuate Collection Set: 0.2ms
[2026-03-27T14:07:24.385+0900][28.518s][info][gc,phases   ] GC(260)   Merge Heap Roots: 0.3ms
[2026-03-27T14:07:24.385+0900][28.518s][info][gc,phases   ] GC(260)   Evacuate Collection Set: 0.3ms
[2026-03-27T14:07:24.385+0900][28.518s][info][gc,phases   ] GC(260)   Post Evacuate Collection Set: 1.0ms
[2026-03-27T14:07:24.385+0900][28.518s][info][gc,phases   ] GC(260)   Other: 0.2ms
[2026-03-27T14:07:24.385+0900][28.519s][info][gc,heap     ] GC(260) Eden regions: 1->0(184)
[2026-03-27T14:07:24.385+0900][28.519s][info][gc,heap     ] GC(260) Survivor regions: 1->1(24)
[2026-03-27T14:07:24.385+0900][28.519s][info][gc,heap     ] GC(260) Old regions: 1->1
[2026-03-27T14:07:24.385+0900][28.519s][info][gc,heap     ] GC(260) Archive regions: 0->0
[2026-03-27T14:07:24.385+0900][28.519s][info][gc,heap     ] GC(260) Humongous regions: 183->182
[2026-03-27T14:07:24.385+0900][28.519s][info][gc,metaspace] GC(260) Metaspace: 166K(384K)->166K(384K) NonClass: 157K(256K)->157K(256K) Class: 9K(128K)->9K(128K)
[2026-03-27T14:07:24.385+0900][28.519s][info][gc          ] GC(260) Pause Young (Concurrent Start) (G1 Humongous Allocation) 184M->182M(410M) 2.702ms
[2026-03-27T14:07:24.385+0900][28.519s][info][gc,cpu      ] GC(260) User=0.00s Sys=0.00s Real=0.00s
[2026-03-27T14:07:24.385+0900][28.519s][info][gc          ] GC(261) Concurrent Undo Cycle
[2026-03-27T14:07:24.385+0900][28.519s][info][gc,marking  ] GC(261) Concurrent Cleanup for Next Mark
[2026-03-27T14:07:24.385+0900][28.519s][info][gc,marking  ] GC(261) Concurrent Cleanup for Next Mark 0.243ms
[2026-03-27T14:07:24.385+0900][28.519s][info][gc          ] GC(261) Concurrent Undo Cycle 0.480ms
[2026-03-27T14:07:24.449+0900][28.580s][info][gc,start    ] GC(262) Pause Young (Concurrent Start) (G1 Humongous Allocation)
[2026-03-27T14:07:24.449+0900][28.580s][info][gc,task     ] GC(262) Using 8 workers of 8 for evacuation
[2026-03-27T14:07:24.449+0900][28.581s][info][gc,phases   ] GC(262)   Pre Evacuate Collection Set: 0.2ms
[2026-03-27T14:07:24.449+0900][28.581s][info][gc,phases   ] GC(262)   Merge Heap Roots: 0.1ms
[2026-03-27T14:07:24.449+0900][28.581s][info][gc,phases   ] GC(262)   Evacuate Collection Set: 0.3ms
[2026-03-27T14:07:24.449+0900][28.581s][info][gc,phases   ] GC(262)   Post Evacuate Collection Set: 0.6ms
[2026-03-27T14:07:24.449+0900][28.581s][info][gc,phases   ] GC(262)   Other: 0.2ms
[2026-03-27T14:07:24.449+0900][28.581s][info][gc,heap     ] GC(262) Eden regions: 1->0(184)
[2026-03-27T14:07:24.449+0900][28.581s][info][gc,heap     ] GC(262) Survivor regions: 1->1(24)
[2026-03-27T14:07:24.449+0900][28.581s][info][gc,heap     ] GC(262) Old regions: 1->1
[2026-03-27T14:07:24.449+0900][28.581s][info][gc,heap     ] GC(262) Archive regions: 0->0
[2026-03-27T14:07:24.449+0900][28.581s][info][gc,heap     ] GC(262) Humongous regions: 183->182
[2026-03-27T14:07:24.449+0900][28.581s][info][gc,metaspace] GC(262) Metaspace: 166K(384K)->166K(384K) NonClass: 157K(256K)->157K(256K) Class: 9K(128K)->9K(128K)
[2026-03-27T14:07:24.449+0900][28.581s][info][gc          ] GC(262) Pause Young (Concurrent Start) (G1 Humongous Allocation) 184M->182M(410M) 1.754ms
[2026-03-27T14:07:24.449+0900][28.581s][info][gc,cpu      ] GC(262) User=0.00s Sys=0.00s Real=0.00s
[2026-03-27T14:07:24.449+0900][28.581s][info][gc          ] GC(263) Concurrent Undo Cycle
[2026-03-27T14:07:24.449+0900][28.581s][info][gc,marking  ] GC(263) Concurrent Cleanup for Next Mark
[2026-03-27T14:07:24.449+0900][28.582s][info][gc,marking  ] GC(263) Concurrent Cleanup for Next Mark 0.246ms
[2026-03-27T14:07:24.449+0900][28.582s][info][gc          ] GC(263) Concurrent Undo Cycle 0.394ms
[2026-03-27T14:07:24.513+0900][28.643s][info][gc,start    ] GC(264) Pause Young (Concurrent Start) (G1 Humongous Allocation)
[2026-03-27T14:07:24.513+0900][28.643s][info][gc,task     ] GC(264) Using 8 workers of 8 for evacuation
[2026-03-27T14:07:24.513+0900][28.645s][info][gc,phases   ] GC(264)   Pre Evacuate Collection Set: 0.1ms
[2026-03-27T14:07:24.513+0900][28.645s][info][gc,phases   ] GC(264)   Merge Heap Roots: 0.1ms
[2026-03-27T14:07:24.513+0900][28.645s][info][gc,phases   ] GC(264)   Evacuate Collection Set: 0.2ms
[2026-03-27T14:07:24.513+0900][28.645s][info][gc,phases   ] GC(264)   Post Evacuate Collection Set: 0.7ms
[2026-03-27T14:07:24.513+0900][28.645s][info][gc,phases   ] GC(264)   Other: 0.2ms
[2026-03-27T14:07:24.513+0900][28.645s][info][gc,heap     ] GC(264) Eden regions: 1->0(184)
[2026-03-27T14:07:24.513+0900][28.645s][info][gc,heap     ] GC(264) Survivor regions: 1->1(24)
[2026-03-27T14:07:24.513+0900][28.645s][info][gc,heap     ] GC(264) Old regions: 1->1
[2026-03-27T14:07:24.513+0900][28.645s][info][gc,heap     ] GC(264) Archive regions: 0->0
[2026-03-27T14:07:24.513+0900][28.645s][info][gc,heap     ] GC(264) Humongous regions: 183->182
[2026-03-27T14:07:24.513+0900][28.645s][info][gc,metaspace] GC(264) Metaspace: 166K(384K)->166K(384K) NonClass: 157K(256K)->157K(256K) Class: 9K(128K)->9K(128K)
[2026-03-27T14:07:24.513+0900][28.645s][info][gc          ] GC(264) Pause Young (Concurrent Start) (G1 Humongous Allocation) 184M->182M(410M) 1.772ms
[2026-03-27T14:07:24.513+0900][28.645s][info][gc,cpu      ] GC(264) User=0.00s Sys=0.00s Real=0.00s
[2026-03-27T14:07:24.513+0900][28.645s][info][gc          ] GC(265) Concurrent Undo Cycle
[2026-03-27T14:07:24.513+0900][28.645s][info][gc,marking  ] GC(265) Concurrent Cleanup for Next Mark
[2026-03-27T14:07:24.513+0900][28.645s][info][gc,marking  ] GC(265) Concurrent Cleanup for Next Mark 0.150ms
[2026-03-27T14:07:24.513+0900][28.645s][info][gc          ] GC(265) Concurrent Undo Cycle 0.310ms
[2026-03-27T14:07:24.577+0900][28.708s][info][gc,start    ] GC(266) Pause Young (Concurrent Start) (G1 Humongous Allocation)
[2026-03-27T14:07:24.577+0900][28.708s][info][gc,task     ] GC(266) Using 8 workers of 8 for evacuation
[2026-03-27T14:07:24.577+0900][28.710s][info][gc,phases   ] GC(266)   Pre Evacuate Collection Set: 0.2ms
[2026-03-27T14:07:24.577+0900][28.710s][info][gc,phases   ] GC(266)   Merge Heap Roots: 0.2ms
[2026-03-27T14:07:24.577+0900][28.710s][info][gc,phases   ] GC(266)   Evacuate Collection Set: 0.5ms
[2026-03-27T14:07:24.577+0900][28.710s][info][gc,phases   ] GC(266)   Post Evacuate Collection Set: 1.0ms
[2026-03-27T14:07:24.577+0900][28.710s][info][gc,phases   ] GC(266)   Other: 0.3ms
[2026-03-27T14:07:24.577+0900][28.710s][info][gc,heap     ] GC(266) Eden regions: 1->0(184)
[2026-03-27T14:07:24.577+0900][28.710s][info][gc,heap     ] GC(266) Survivor regions: 1->1(24)
[2026-03-27T14:07:24.577+0900][28.710s][info][gc,heap     ] GC(266) Old regions: 1->1
[2026-03-27T14:07:24.577+0900][28.710s][info][gc,heap     ] GC(266) Archive regions: 0->0
[2026-03-27T14:07:24.577+0900][28.710s][info][gc,heap     ] GC(266) Humongous regions: 183->182
[2026-03-27T14:07:24.577+0900][28.710s][info][gc,metaspace] GC(266) Metaspace: 166K(384K)->166K(384K) NonClass: 157K(256K)->157K(256K) Class: 9K(128K)->9K(128K)
[2026-03-27T14:07:24.577+0900][28.710s][info][gc          ] GC(266) Pause Young (Concurrent Start) (G1 Humongous Allocation) 184M->182M(410M) 2.959ms
[2026-03-27T14:07:24.577+0900][28.711s][info][gc,cpu      ] GC(266) User=0.00s Sys=0.00s Real=0.00s
[2026-03-27T14:07:24.577+0900][28.711s][info][gc          ] GC(267) Concurrent Undo Cycle
[2026-03-27T14:07:24.577+0900][28.711s][info][gc,marking  ] GC(267) Concurrent Cleanup for Next Mark
[2026-03-27T14:07:24.577+0900][28.711s][info][gc,marking  ] GC(267) Concurrent Cleanup for Next Mark 0.235ms
[2026-03-27T14:07:24.577+0900][28.711s][info][gc          ] GC(267) Concurrent Undo Cycle 0.474ms
[2026-03-27T14:07:24.642+0900][28.772s][info][gc,start    ] GC(268) Pause Young (Concurrent Start) (G1 Humongous Allocation)
[2026-03-27T14:07:24.642+0900][28.772s][info][gc,task     ] GC(268) Using 8 workers of 8 for evacuation
[2026-03-27T14:07:24.642+0900][28.773s][info][gc,phases   ] GC(268)   Pre Evacuate Collection Set: 0.2ms
[2026-03-27T14:07:24.642+0900][28.774s][info][gc,phases   ] GC(268)   Merge Heap Roots: 0.1ms
[2026-03-27T14:07:24.644+0900][28.774s][info][gc,phases   ] GC(268)   Evacuate Collection Set: 0.3ms
[2026-03-27T14:07:24.644+0900][28.774s][info][gc,phases   ] GC(268)   Post Evacuate Collection Set: 0.4ms
[2026-03-27T14:07:24.644+0900][28.774s][info][gc,phases   ] GC(268)   Other: 0.2ms
[2026-03-27T14:07:24.644+0900][28.774s][info][gc,heap     ] GC(268) Eden regions: 1->0(182)
[2026-03-27T14:07:24.644+0900][28.774s][info][gc,heap     ] GC(268) Survivor regions: 1->1(24)
[2026-03-27T14:07:24.644+0900][28.774s][info][gc,heap     ] GC(268) Old regions: 1->1
[2026-03-27T14:07:24.644+0900][28.774s][info][gc,heap     ] GC(268) Archive regions: 0->0
[2026-03-27T14:07:24.644+0900][28.774s][info][gc,heap     ] GC(268) Humongous regions: 185->184
[2026-03-27T14:07:24.644+0900][28.774s][info][gc,metaspace] GC(268) Metaspace: 166K(384K)->166K(384K) NonClass: 157K(256K)->157K(256K) Class: 9K(128K)->9K(128K)
[2026-03-27T14:07:24.644+0900][28.774s][info][gc          ] GC(268) Pause Young (Concurrent Start) (G1 Humongous Allocation) 186M->184M(410M) 2.180ms
[2026-03-27T14:07:24.644+0900][28.774s][info][gc,cpu      ] GC(268) User=0.00s Sys=0.00s Real=0.00s
[2026-03-27T14:07:24.644+0900][28.774s][info][gc          ] GC(269) Concurrent Mark Cycle
[2026-03-27T14:07:24.644+0900][28.774s][info][gc,marking  ] GC(269) Concurrent Clear Claimed Marks
[2026-03-27T14:07:24.644+0900][28.775s][info][gc,marking  ] GC(269) Concurrent Clear Claimed Marks 0.057ms
[2026-03-27T14:07:24.644+0900][28.775s][info][gc,marking  ] GC(269) Concurrent Scan Root Regions
[2026-03-27T14:07:24.644+0900][28.775s][info][gc,marking  ] GC(269) Concurrent Scan Root Regions 0.113ms
[2026-03-27T14:07:24.644+0900][28.775s][info][gc,marking  ] GC(269) Concurrent Mark
[2026-03-27T14:07:24.644+0900][28.775s][info][gc,marking  ] GC(269) Concurrent Mark From Roots
[2026-03-27T14:07:24.644+0900][28.775s][info][gc,task     ] GC(269) Using 2 workers of 2 for marking
[2026-03-27T14:07:24.646+0900][28.778s][info][gc,marking  ] GC(269) Concurrent Mark From Roots 3.064ms
[2026-03-27T14:07:24.648+0900][28.778s][info][gc,marking  ] GC(269) Concurrent Preclean
[2026-03-27T14:07:24.648+0900][28.778s][info][gc,marking  ] GC(269) Concurrent Preclean 0.046ms
[2026-03-27T14:07:24.648+0900][28.778s][info][gc,start    ] GC(269) Pause Remark
[2026-03-27T14:07:24.650+0900][28.780s][info][gc          ] GC(269) Pause Remark 185M->185M(410M) 1.300ms
[2026-03-27T14:07:24.650+0900][28.780s][info][gc,cpu      ] GC(269) User=0.00s Sys=0.00s Real=0.00s
[2026-03-27T14:07:24.650+0900][28.780s][info][gc,marking  ] GC(269) Concurrent Mark 5.186ms
[2026-03-27T14:07:24.650+0900][28.780s][info][gc,marking  ] GC(269) Concurrent Rebuild Remembered Sets
[2026-03-27T14:07:24.650+0900][28.781s][info][gc,marking  ] GC(269) Concurrent Rebuild Remembered Sets 0.882ms
[2026-03-27T14:07:24.650+0900][28.781s][info][gc,start    ] GC(269) Pause Cleanup
[2026-03-27T14:07:24.651+0900][28.782s][info][gc          ] GC(269) Pause Cleanup 185M->185M(410M) 0.419ms
[2026-03-27T14:07:24.651+0900][28.782s][info][gc,cpu      ] GC(269) User=0.00s Sys=0.00s Real=0.00s
[2026-03-27T14:07:24.651+0900][28.782s][info][gc,marking  ] GC(269) Concurrent Cleanup for Next Mark
[2026-03-27T14:07:24.651+0900][28.783s][info][gc,marking  ] GC(269) Concurrent Cleanup for Next Mark 0.618ms
[2026-03-27T14:07:24.651+0900][28.783s][info][gc          ] GC(269) Concurrent Mark Cycle 8.304ms
[2026-03-27T14:07:24.706+0900][28.836s][info][gc,start    ] GC(270) Pause Young (Concurrent Start) (G1 Humongous Allocation)
[2026-03-27T14:07:24.706+0900][28.836s][info][gc,task     ] GC(270) Using 8 workers of 8 for evacuation
[2026-03-27T14:07:24.706+0900][28.838s][info][gc,phases   ] GC(270)   Pre Evacuate Collection Set: 0.2ms
[2026-03-27T14:07:24.706+0900][28.838s][info][gc,phases   ] GC(270)   Merge Heap Roots: 0.2ms
[2026-03-27T14:07:24.706+0900][28.838s][info][gc,phases   ] GC(270)   Evacuate Collection Set: 0.2ms
[2026-03-27T14:07:24.706+0900][28.838s][info][gc,phases   ] GC(270)   Post Evacuate Collection Set: 0.8ms
[2026-03-27T14:07:24.706+0900][28.838s][info][gc,phases   ] GC(270)   Other: 0.2ms
[2026-03-27T14:07:24.706+0900][28.838s][info][gc,heap     ] GC(270) Eden regions: 1->0(182)
[2026-03-27T14:07:24.706+0900][28.838s][info][gc,heap     ] GC(270) Survivor regions: 1->1(23)
[2026-03-27T14:07:24.706+0900][28.838s][info][gc,heap     ] GC(270) Old regions: 1->1
[2026-03-27T14:07:24.706+0900][28.838s][info][gc,heap     ] GC(270) Archive regions: 0->0
[2026-03-27T14:07:24.706+0900][28.838s][info][gc,heap     ] GC(270) Humongous regions: 185->184
[2026-03-27T14:07:24.706+0900][28.838s][info][gc,metaspace] GC(270) Metaspace: 166K(384K)->166K(384K) NonClass: 157K(256K)->157K(256K) Class: 9K(128K)->9K(128K)
[2026-03-27T14:07:24.706+0900][28.838s][info][gc          ] GC(270) Pause Young (Concurrent Start) (G1 Humongous Allocation) 186M->184M(410M) 1.996ms
[2026-03-27T14:07:24.706+0900][28.838s][info][gc,cpu      ] GC(270) User=0.00s Sys=0.02s Real=0.00s
[2026-03-27T14:07:24.706+0900][28.838s][info][gc          ] GC(271) Concurrent Mark Cycle
[2026-03-27T14:07:24.706+0900][28.838s][info][gc,marking  ] GC(271) Concurrent Clear Claimed Marks
[2026-03-27T14:07:24.706+0900][28.838s][info][gc,marking  ] GC(271) Concurrent Clear Claimed Marks 0.029ms
[2026-03-27T14:07:24.706+0900][28.838s][info][gc,marking  ] GC(271) Concurrent Scan Root Regions
[2026-03-27T14:07:24.706+0900][28.838s][info][gc,marking  ] GC(271) Concurrent Scan Root Regions 0.200ms
[2026-03-27T14:07:24.706+0900][28.839s][info][gc,marking  ] GC(271) Concurrent Mark
[2026-03-27T14:07:24.706+0900][28.839s][info][gc,marking  ] GC(271) Concurrent Mark From Roots
[2026-03-27T14:07:24.706+0900][28.839s][info][gc,task     ] GC(271) Using 2 workers of 2 for marking
[2026-03-27T14:07:24.706+0900][28.840s][info][gc,marking  ] GC(271) Concurrent Mark From Roots 1.531ms
[2026-03-27T14:07:24.706+0900][28.840s][info][gc,marking  ] GC(271) Concurrent Preclean
[2026-03-27T14:07:24.706+0900][28.840s][info][gc,marking  ] GC(271) Concurrent Preclean 0.033ms
[2026-03-27T14:07:24.706+0900][28.841s][info][gc,start    ] GC(271) Pause Remark
[2026-03-27T14:07:24.706+0900][28.842s][info][gc          ] GC(271) Pause Remark 185M->185M(410M) 0.984ms
[2026-03-27T14:07:24.706+0900][28.842s][info][gc,cpu      ] GC(271) User=0.00s Sys=0.00s Real=0.00s
[2026-03-27T14:07:24.706+0900][28.842s][info][gc,marking  ] GC(271) Concurrent Mark 3.178ms
[2026-03-27T14:07:24.706+0900][28.842s][info][gc,marking  ] GC(271) Concurrent Rebuild Remembered Sets
[2026-03-27T14:07:24.706+0900][28.843s][info][gc,marking  ] GC(271) Concurrent Rebuild Remembered Sets 0.837ms
[2026-03-27T14:07:24.706+0900][28.843s][info][gc,start    ] GC(271) Pause Cleanup
[2026-03-27T14:07:24.706+0900][28.843s][info][gc          ] GC(271) Pause Cleanup 185M->185M(410M) 0.319ms
[2026-03-27T14:07:24.706+0900][28.843s][info][gc,cpu      ] GC(271) User=0.00s Sys=0.00s Real=0.00s
[2026-03-27T14:07:24.706+0900][28.844s][info][gc,marking  ] GC(271) Concurrent Cleanup for Next Mark
[2026-03-27T14:07:24.706+0900][28.844s][info][gc,marking  ] GC(271) Concurrent Cleanup for Next Mark 0.611ms
[2026-03-27T14:07:24.706+0900][28.844s][info][gc          ] GC(271) Concurrent Mark Cycle 6.054ms
[2026-03-27T14:07:24.769+0900][28.900s][info][gc,start    ] GC(272) Pause Young (Concurrent Start) (G1 Humongous Allocation)
[2026-03-27T14:07:24.769+0900][28.900s][info][gc,task     ] GC(272) Using 8 workers of 8 for evacuation
[2026-03-27T14:07:24.769+0900][28.902s][info][gc,phases   ] GC(272)   Pre Evacuate Collection Set: 0.3ms
[2026-03-27T14:07:24.769+0900][28.903s][info][gc,phases   ] GC(272)   Merge Heap Roots: 0.3ms
[2026-03-27T14:07:24.769+0900][28.903s][info][gc,phases   ] GC(272)   Evacuate Collection Set: 0.3ms
[2026-03-27T14:07:24.769+0900][28.903s][info][gc,phases   ] GC(272)   Post Evacuate Collection Set: 0.9ms
[2026-03-27T14:07:24.769+0900][28.903s][info][gc,phases   ] GC(272)   Other: 0.4ms
[2026-03-27T14:07:24.769+0900][28.903s][info][gc,heap     ] GC(272) Eden regions: 1->0(182)
[2026-03-27T14:07:24.769+0900][28.903s][info][gc,heap     ] GC(272) Survivor regions: 1->1(23)
[2026-03-27T14:07:24.769+0900][28.903s][info][gc,heap     ] GC(272) Old regions: 1->1
[2026-03-27T14:07:24.769+0900][28.903s][info][gc,heap     ] GC(272) Archive regions: 0->0
[2026-03-27T14:07:24.769+0900][28.903s][info][gc,heap     ] GC(272) Humongous regions: 185->184
[2026-03-27T14:07:24.769+0900][28.903s][info][gc,metaspace] GC(272) Metaspace: 166K(384K)->166K(384K) NonClass: 157K(256K)->157K(256K) Class: 9K(128K)->9K(128K)
[2026-03-27T14:07:24.769+0900][28.903s][info][gc          ] GC(272) Pause Young (Concurrent Start) (G1 Humongous Allocation) 186M->184M(410M) 2.880ms
[2026-03-27T14:07:24.769+0900][28.903s][info][gc,cpu      ] GC(272) User=0.00s Sys=0.00s Real=0.00s
[2026-03-27T14:07:24.769+0900][28.903s][info][gc          ] GC(273) Concurrent Mark Cycle
[2026-03-27T14:07:24.769+0900][28.903s][info][gc,marking  ] GC(273) Concurrent Clear Claimed Marks
[2026-03-27T14:07:24.769+0900][28.903s][info][gc,marking  ] GC(273) Concurrent Clear Claimed Marks 0.038ms
[2026-03-27T14:07:24.769+0900][28.903s][info][gc,marking  ] GC(273) Concurrent Scan Root Regions
[2026-03-27T14:07:24.769+0900][28.903s][info][gc,marking  ] GC(273) Concurrent Scan Root Regions 0.145ms
[2026-03-27T14:07:24.769+0900][28.904s][info][gc,marking  ] GC(273) Concurrent Mark
[2026-03-27T14:07:24.769+0900][28.904s][info][gc,marking  ] GC(273) Concurrent Mark From Roots
[2026-03-27T14:07:24.769+0900][28.904s][info][gc,task     ] GC(273) Using 2 workers of 2 for marking
[2026-03-27T14:07:24.769+0900][28.905s][info][gc,marking  ] GC(273) Concurrent Mark From Roots 1.898ms
[2026-03-27T14:07:24.769+0900][28.906s][info][gc,marking  ] GC(273) Concurrent Preclean
[2026-03-27T14:07:24.769+0900][28.906s][info][gc,marking  ] GC(273) Concurrent Preclean 0.035ms
[2026-03-27T14:07:24.769+0900][28.906s][info][gc,start    ] GC(273) Pause Remark
[2026-03-27T14:07:24.769+0900][28.907s][info][gc          ] GC(273) Pause Remark 185M->185M(410M) 1.402ms
[2026-03-27T14:07:24.769+0900][28.907s][info][gc,cpu      ] GC(273) User=0.00s Sys=0.00s Real=0.00s
[2026-03-27T14:07:24.769+0900][28.908s][info][gc,marking  ] GC(273) Concurrent Mark 4.035ms
[2026-03-27T14:07:24.769+0900][28.908s][info][gc,marking  ] GC(273) Concurrent Rebuild Remembered Sets
[2026-03-27T14:07:24.769+0900][28.909s][info][gc,marking  ] GC(273) Concurrent Rebuild Remembered Sets 0.937ms
[2026-03-27T14:07:24.769+0900][28.909s][info][gc,start    ] GC(273) Pause Cleanup
[2026-03-27T14:07:24.769+0900][28.909s][info][gc          ] GC(273) Pause Cleanup 185M->185M(410M) 0.314ms
[2026-03-27T14:07:24.769+0900][28.909s][info][gc,cpu      ] GC(273) User=0.00s Sys=0.00s Real=0.00s
[2026-03-27T14:07:24.769+0900][28.909s][info][gc,marking  ] GC(273) Concurrent Cleanup for Next Mark
[2026-03-27T14:07:24.769+0900][28.910s][info][gc,marking  ] GC(273) Concurrent Cleanup for Next Mark 0.487ms
[2026-03-27T14:07:24.769+0900][28.910s][info][gc          ] GC(273) Concurrent Mark Cycle 6.945ms
[2026-03-27T14:07:24.833+0900][28.963s][info][gc,start    ] GC(274) Pause Young (Concurrent Start) (G1 Humongous Allocation)
[2026-03-27T14:07:24.833+0900][28.964s][info][gc,task     ] GC(274) Using 8 workers of 8 for evacuation
[2026-03-27T14:07:24.833+0900][28.965s][info][gc,phases   ] GC(274)   Pre Evacuate Collection Set: 0.1ms
[2026-03-27T14:07:24.833+0900][28.965s][info][gc,phases   ] GC(274)   Merge Heap Roots: 0.1ms
[2026-03-27T14:07:24.833+0900][28.965s][info][gc,phases   ] GC(274)   Evacuate Collection Set: 0.1ms
[2026-03-27T14:07:24.833+0900][28.965s][info][gc,phases   ] GC(274)   Post Evacuate Collection Set: 0.6ms
[2026-03-27T14:07:24.833+0900][28.965s][info][gc,phases   ] GC(274)   Other: 0.1ms
[2026-03-27T14:07:24.833+0900][28.965s][info][gc,heap     ] GC(274) Eden regions: 1->0(182)
[2026-03-27T14:07:24.833+0900][28.965s][info][gc,heap     ] GC(274) Survivor regions: 1->1(23)
[2026-03-27T14:07:24.833+0900][28.965s][info][gc,heap     ] GC(274) Old regions: 1->1
[2026-03-27T14:07:24.833+0900][28.965s][info][gc,heap     ] GC(274) Archive regions: 0->0
[2026-03-27T14:07:24.833+0900][28.965s][info][gc,heap     ] GC(274) Humongous regions: 185->184
[2026-03-27T14:07:24.833+0900][28.965s][info][gc,metaspace] GC(274) Metaspace: 166K(384K)->166K(384K) NonClass: 157K(256K)->157K(256K) Class: 9K(128K)->9K(128K)
[2026-03-27T14:07:24.833+0900][28.965s][info][gc          ] GC(274) Pause Young (Concurrent Start) (G1 Humongous Allocation) 186M->184M(410M) 1.401ms
[2026-03-27T14:07:24.833+0900][28.965s][info][gc,cpu      ] GC(274) User=0.00s Sys=0.00s Real=0.00s
[2026-03-27T14:07:24.833+0900][28.965s][info][gc          ] GC(275) Concurrent Mark Cycle
[2026-03-27T14:07:24.833+0900][28.965s][info][gc,marking  ] GC(275) Concurrent Clear Claimed Marks
[2026-03-27T14:07:24.833+0900][28.965s][info][gc,marking  ] GC(275) Concurrent Clear Claimed Marks 0.013ms
[2026-03-27T14:07:24.833+0900][28.965s][info][gc,marking  ] GC(275) Concurrent Scan Root Regions
[2026-03-27T14:07:24.833+0900][28.965s][info][gc,marking  ] GC(275) Concurrent Scan Root Regions 0.093ms
[2026-03-27T14:07:24.833+0900][28.965s][info][gc,marking  ] GC(275) Concurrent Mark
[2026-03-27T14:07:24.833+0900][28.965s][info][gc,marking  ] GC(275) Concurrent Mark From Roots
[2026-03-27T14:07:24.833+0900][28.965s][info][gc,task     ] GC(275) Using 2 workers of 2 for marking
[2026-03-27T14:07:24.833+0900][28.966s][info][gc,marking  ] GC(275) Concurrent Mark From Roots 0.749ms
[2026-03-27T14:07:24.833+0900][28.966s][info][gc,marking  ] GC(275) Concurrent Preclean
[2026-03-27T14:07:24.833+0900][28.966s][info][gc,marking  ] GC(275) Concurrent Preclean 0.013ms
[2026-03-27T14:07:24.833+0900][28.966s][info][gc,start    ] GC(275) Pause Remark
[2026-03-27T14:07:24.833+0900][28.967s][info][gc          ] GC(275) Pause Remark 185M->185M(410M) 1.034ms
[2026-03-27T14:07:24.833+0900][28.967s][info][gc,cpu      ] GC(275) User=0.00s Sys=0.00s Real=0.00s
[2026-03-27T14:07:24.833+0900][28.967s][info][gc,marking  ] GC(275) Concurrent Mark 2.242ms
[2026-03-27T14:07:24.833+0900][28.967s][info][gc,marking  ] GC(275) Concurrent Rebuild Remembered Sets
[2026-03-27T14:07:24.838+0900][28.968s][info][gc,marking  ] GC(275) Concurrent Rebuild Remembered Sets 0.811ms
[2026-03-27T14:07:24.838+0900][28.969s][info][gc,start    ] GC(275) Pause Cleanup
[2026-03-27T14:07:24.838+0900][28.969s][info][gc          ] GC(275) Pause Cleanup 185M->185M(410M) 0.286ms
[2026-03-27T14:07:24.838+0900][28.969s][info][gc,cpu      ] GC(275) User=0.00s Sys=0.00s Real=0.00s
[2026-03-27T14:07:24.838+0900][28.969s][info][gc,marking  ] GC(275) Concurrent Cleanup for Next Mark
[2026-03-27T14:07:24.838+0900][28.969s][info][gc,marking  ] GC(275) Concurrent Cleanup for Next Mark 0.441ms
[2026-03-27T14:07:24.838+0900][28.970s][info][gc          ] GC(275) Concurrent Mark Cycle 4.622ms
[2026-03-27T14:07:24.898+0900][29.028s][info][gc,start    ] GC(276) Pause Young (Concurrent Start) (G1 Humongous Allocation)
[2026-03-27T14:07:24.898+0900][29.028s][info][gc,task     ] GC(276) Using 8 workers of 8 for evacuation
[2026-03-27T14:07:24.900+0900][29.030s][info][gc,phases   ] GC(276)   Pre Evacuate Collection Set: 0.2ms
[2026-03-27T14:07:24.900+0900][29.030s][info][gc,phases   ] GC(276)   Merge Heap Roots: 0.4ms
[2026-03-27T14:07:24.900+0900][29.030s][info][gc,phases   ] GC(276)   Evacuate Collection Set: 0.4ms
[2026-03-27T14:07:24.900+0900][29.031s][info][gc,phases   ] GC(276)   Post Evacuate Collection Set: 0.8ms
[2026-03-27T14:07:24.900+0900][29.031s][info][gc,phases   ] GC(276)   Other: 0.2ms
[2026-03-27T14:07:24.900+0900][29.031s][info][gc,heap     ] GC(276) Eden regions: 1->0(196)
[2026-03-27T14:07:24.900+0900][29.031s][info][gc,heap     ] GC(276) Survivor regions: 1->1(23)
[2026-03-27T14:07:24.900+0900][29.031s][info][gc,heap     ] GC(276) Old regions: 1->1
[2026-03-27T14:07:24.900+0900][29.031s][info][gc,heap     ] GC(276) Archive regions: 0->0
[2026-03-27T14:07:24.900+0900][29.031s][info][gc,heap     ] GC(276) Humongous regions: 185->184
[2026-03-27T14:07:24.900+0900][29.031s][info][gc,metaspace] GC(276) Metaspace: 166K(384K)->166K(384K) NonClass: 157K(256K)->157K(256K) Class: 9K(128K)->9K(128K)
[2026-03-27T14:07:24.900+0900][29.031s][info][gc          ] GC(276) Pause Young (Concurrent Start) (G1 Humongous Allocation) 186M->184M(426M) 2.801ms
[2026-03-27T14:07:24.900+0900][29.031s][info][gc,cpu      ] GC(276) User=0.00s Sys=0.00s Real=0.00s
[2026-03-27T14:07:24.900+0900][29.031s][info][gc          ] GC(277) Concurrent Undo Cycle
[2026-03-27T14:07:24.900+0900][29.031s][info][gc,marking  ] GC(277) Concurrent Cleanup for Next Mark
[2026-03-27T14:07:24.900+0900][29.032s][info][gc,marking  ] GC(277) Concurrent Cleanup for Next Mark 0.264ms
[2026-03-27T14:07:24.900+0900][29.032s][info][gc          ] GC(277) Concurrent Undo Cycle 0.577ms
[2026-03-27T14:07:25.218+0900][29.349s][info][gc,start    ] GC(278) Pause Young (Concurrent Start) (G1 Humongous Allocation)
[2026-03-27T14:07:25.218+0900][29.349s][info][gc,task     ] GC(278) Using 8 workers of 8 for evacuation
[2026-03-27T14:07:25.218+0900][29.350s][info][gc,phases   ] GC(278)   Pre Evacuate Collection Set: 0.2ms
[2026-03-27T14:07:25.218+0900][29.350s][info][gc,phases   ] GC(278)   Merge Heap Roots: 0.2ms
[2026-03-27T14:07:25.218+0900][29.350s][info][gc,phases   ] GC(278)   Evacuate Collection Set: 0.2ms
[2026-03-27T14:07:25.218+0900][29.350s][info][gc,phases   ] GC(278)   Post Evacuate Collection Set: 0.7ms
[2026-03-27T14:07:25.218+0900][29.350s][info][gc,phases   ] GC(278)   Other: 0.2ms
[2026-03-27T14:07:25.218+0900][29.350s][info][gc,heap     ] GC(278) Eden regions: 1->0(194)
[2026-03-27T14:07:25.218+0900][29.350s][info][gc,heap     ] GC(278) Survivor regions: 1->1(25)
[2026-03-27T14:07:25.218+0900][29.350s][info][gc,heap     ] GC(278) Old regions: 1->1
[2026-03-27T14:07:25.218+0900][29.350s][info][gc,heap     ] GC(278) Archive regions: 0->0
[2026-03-27T14:07:25.218+0900][29.350s][info][gc,heap     ] GC(278) Humongous regions: 191->186
[2026-03-27T14:07:25.218+0900][29.350s][info][gc,metaspace] GC(278) Metaspace: 166K(384K)->166K(384K) NonClass: 157K(256K)->157K(256K) Class: 9K(128K)->9K(128K)
[2026-03-27T14:07:25.218+0900][29.350s][info][gc          ] GC(278) Pause Young (Concurrent Start) (G1 Humongous Allocation) 192M->186M(426M) 1.870ms
[2026-03-27T14:07:25.218+0900][29.350s][info][gc,cpu      ] GC(278) User=0.00s Sys=0.00s Real=0.00s
[2026-03-27T14:07:25.218+0900][29.351s][info][gc          ] GC(279) Concurrent Undo Cycle
[2026-03-27T14:07:25.218+0900][29.351s][info][gc,marking  ] GC(279) Concurrent Cleanup for Next Mark
[2026-03-27T14:07:25.218+0900][29.351s][info][gc,marking  ] GC(279) Concurrent Cleanup for Next Mark 0.185ms
[2026-03-27T14:07:25.218+0900][29.351s][info][gc          ] GC(279) Concurrent Undo Cycle 0.373ms
[2026-03-27T14:07:25.410+0900][29.541s][info][gc,start    ] GC(280) Pause Young (Concurrent Start) (G1 Humongous Allocation)
[2026-03-27T14:07:25.410+0900][29.541s][info][gc,task     ] GC(280) Using 8 workers of 8 for evacuation
[2026-03-27T14:07:25.410+0900][29.543s][info][gc,phases   ] GC(280)   Pre Evacuate Collection Set: 0.3ms
[2026-03-27T14:07:25.410+0900][29.543s][info][gc,phases   ] GC(280)   Merge Heap Roots: 0.2ms
[2026-03-27T14:07:25.410+0900][29.543s][info][gc,phases   ] GC(280)   Evacuate Collection Set: 0.3ms
[2026-03-27T14:07:25.410+0900][29.543s][info][gc,phases   ] GC(280)   Post Evacuate Collection Set: 1.0ms
[2026-03-27T14:07:25.410+0900][29.543s][info][gc,phases   ] GC(280)   Other: 0.4ms
[2026-03-27T14:07:25.410+0900][29.543s][info][gc,heap     ] GC(280) Eden regions: 1->0(192)
[2026-03-27T14:07:25.410+0900][29.544s][info][gc,heap     ] GC(280) Survivor regions: 1->1(25)
[2026-03-27T14:07:25.410+0900][29.544s][info][gc,heap     ] GC(280) Old regions: 1->1
[2026-03-27T14:07:25.410+0900][29.544s][info][gc,heap     ] GC(280) Archive regions: 0->0
[2026-03-27T14:07:25.410+0900][29.544s][info][gc,heap     ] GC(280) Humongous regions: 191->188
[2026-03-27T14:07:25.410+0900][29.544s][info][gc,metaspace] GC(280) Metaspace: 166K(384K)->166K(384K) NonClass: 157K(256K)->157K(256K) Class: 9K(128K)->9K(128K)
[2026-03-27T14:07:25.410+0900][29.544s][info][gc          ] GC(280) Pause Young (Concurrent Start) (G1 Humongous Allocation) 192M->188M(426M) 2.848ms
[2026-03-27T14:07:25.410+0900][29.544s][info][gc,cpu      ] GC(280) User=0.00s Sys=0.00s Real=0.00s
[2026-03-27T14:07:25.410+0900][29.544s][info][gc          ] GC(281) Concurrent Undo Cycle
[2026-03-27T14:07:25.410+0900][29.544s][info][gc,marking  ] GC(281) Concurrent Cleanup for Next Mark
[2026-03-27T14:07:25.410+0900][29.544s][info][gc,marking  ] GC(281) Concurrent Cleanup for Next Mark 0.213ms
[2026-03-27T14:07:25.410+0900][29.544s][info][gc          ] GC(281) Concurrent Undo Cycle 0.454ms
[2026-03-27T14:07:25.538+0900][29.669s][info][gc,start    ] GC(282) Pause Young (Concurrent Start) (G1 Humongous Allocation)
[2026-03-27T14:07:25.538+0900][29.669s][info][gc,task     ] GC(282) Using 8 workers of 8 for evacuation
[2026-03-27T14:07:25.540+0900][29.671s][info][gc,phases   ] GC(282)   Pre Evacuate Collection Set: 0.2ms
[2026-03-27T14:07:25.540+0900][29.671s][info][gc,phases   ] GC(282)   Merge Heap Roots: 0.2ms
[2026-03-27T14:07:25.540+0900][29.671s][info][gc,phases   ] GC(282)   Evacuate Collection Set: 0.2ms
[2026-03-27T14:07:25.540+0900][29.671s][info][gc,phases   ] GC(282)   Post Evacuate Collection Set: 0.8ms
[2026-03-27T14:07:25.540+0900][29.671s][info][gc,phases   ] GC(282)   Other: 0.2ms
[2026-03-27T14:07:25.540+0900][29.671s][info][gc,heap     ] GC(282) Eden regions: 1->0(191)
[2026-03-27T14:07:25.540+0900][29.671s][info][gc,heap     ] GC(282) Survivor regions: 1->1(25)
[2026-03-27T14:07:25.540+0900][29.671s][info][gc,heap     ] GC(282) Old regions: 1->1
[2026-03-27T14:07:25.540+0900][29.671s][info][gc,heap     ] GC(282) Archive regions: 0->0
[2026-03-27T14:07:25.540+0900][29.671s][info][gc,heap     ] GC(282) Humongous regions: 191->189
[2026-03-27T14:07:25.540+0900][29.671s][info][gc,metaspace] GC(282) Metaspace: 166K(384K)->166K(384K) NonClass: 157K(256K)->157K(256K) Class: 9K(128K)->9K(128K)
[2026-03-27T14:07:25.540+0900][29.671s][info][gc          ] GC(282) Pause Young (Concurrent Start) (G1 Humongous Allocation) 192M->189M(426M) 2.450ms
[2026-03-27T14:07:25.540+0900][29.671s][info][gc,cpu      ] GC(282) User=0.00s Sys=0.00s Real=0.00s
[2026-03-27T14:07:25.540+0900][29.671s][info][gc          ] GC(283) Concurrent Undo Cycle
[2026-03-27T14:07:25.540+0900][29.672s][info][gc,marking  ] GC(283) Concurrent Cleanup for Next Mark
[2026-03-27T14:07:25.540+0900][29.672s][info][gc,marking  ] GC(283) Concurrent Cleanup for Next Mark 0.262ms
[2026-03-27T14:07:25.540+0900][29.672s][info][gc          ] GC(283) Concurrent Undo Cycle 0.515ms
[2026-03-27T14:07:25.603+0900][29.733s][info][gc,start    ] GC(284) Pause Young (Concurrent Start) (G1 Humongous Allocation)
[2026-03-27T14:07:25.603+0900][29.733s][info][gc,task     ] GC(284) Using 8 workers of 8 for evacuation
[2026-03-27T14:07:25.603+0900][29.735s][info][gc,phases   ] GC(284)   Pre Evacuate Collection Set: 0.2ms
[2026-03-27T14:07:25.603+0900][29.735s][info][gc,phases   ] GC(284)   Merge Heap Roots: 0.2ms
[2026-03-27T14:07:25.603+0900][29.735s][info][gc,phases   ] GC(284)   Evacuate Collection Set: 0.2ms
[2026-03-27T14:07:25.603+0900][29.735s][info][gc,phases   ] GC(284)   Post Evacuate Collection Set: 0.9ms
[2026-03-27T14:07:25.603+0900][29.735s][info][gc,phases   ] GC(284)   Other: 0.3ms
[2026-03-27T14:07:25.603+0900][29.735s][info][gc,heap     ] GC(284) Eden regions: 1->0(190)
[2026-03-27T14:07:25.603+0900][29.735s][info][gc,heap     ] GC(284) Survivor regions: 1->1(24)
[2026-03-27T14:07:25.603+0900][29.735s][info][gc,heap     ] GC(284) Old regions: 1->1
[2026-03-27T14:07:25.603+0900][29.736s][info][gc,heap     ] GC(284) Archive regions: 0->0
[2026-03-27T14:07:25.603+0900][29.736s][info][gc,heap     ] GC(284) Humongous regions: 191->190
[2026-03-27T14:07:25.603+0900][29.736s][info][gc,metaspace] GC(284) Metaspace: 166K(384K)->166K(384K) NonClass: 157K(256K)->157K(256K) Class: 9K(128K)->9K(128K)
[2026-03-27T14:07:25.603+0900][29.736s][info][gc          ] GC(284) Pause Young (Concurrent Start) (G1 Humongous Allocation) 192M->190M(426M) 2.497ms
[2026-03-27T14:07:25.603+0900][29.736s][info][gc,cpu      ] GC(284) User=0.00s Sys=0.00s Real=0.00s
[2026-03-27T14:07:25.603+0900][29.736s][info][gc          ] GC(285) Concurrent Undo Cycle
[2026-03-27T14:07:25.603+0900][29.736s][info][gc,marking  ] GC(285) Concurrent Cleanup for Next Mark
[2026-03-27T14:07:25.603+0900][29.736s][info][gc,marking  ] GC(285) Concurrent Cleanup for Next Mark 0.233ms
[2026-03-27T14:07:25.603+0900][29.736s][info][gc          ] GC(285) Concurrent Undo Cycle 0.467ms
[2026-03-27T14:07:25.667+0900][29.798s][info][gc,start    ] GC(286) Pause Young (Concurrent Start) (G1 Humongous Allocation)
[2026-03-27T14:07:25.667+0900][29.798s][info][gc,task     ] GC(286) Using 8 workers of 8 for evacuation
[2026-03-27T14:07:25.667+0900][29.800s][info][gc,phases   ] GC(286)   Pre Evacuate Collection Set: 0.2ms
[2026-03-27T14:07:25.667+0900][29.800s][info][gc,phases   ] GC(286)   Merge Heap Roots: 0.1ms
[2026-03-27T14:07:25.667+0900][29.800s][info][gc,phases   ] GC(286)   Evacuate Collection Set: 0.3ms
[2026-03-27T14:07:25.667+0900][29.800s][info][gc,phases   ] GC(286)   Post Evacuate Collection Set: 1.0ms
[2026-03-27T14:07:25.667+0900][29.800s][info][gc,phases   ] GC(286)   Other: 0.2ms
[2026-03-27T14:07:25.667+0900][29.800s][info][gc,heap     ] GC(286) Eden regions: 1->0(190)
[2026-03-27T14:07:25.667+0900][29.800s][info][gc,heap     ] GC(286) Survivor regions: 1->1(24)
[2026-03-27T14:07:25.667+0900][29.800s][info][gc,heap     ] GC(286) Old regions: 1->1
[2026-03-27T14:07:25.667+0900][29.800s][info][gc,heap     ] GC(286) Archive regions: 0->0
[2026-03-27T14:07:25.667+0900][29.800s][info][gc,heap     ] GC(286) Humongous regions: 191->190
[2026-03-27T14:07:25.667+0900][29.800s][info][gc,metaspace] GC(286) Metaspace: 166K(384K)->166K(384K) NonClass: 157K(256K)->157K(256K) Class: 9K(128K)->9K(128K)
[2026-03-27T14:07:25.667+0900][29.800s][info][gc          ] GC(286) Pause Young (Concurrent Start) (G1 Humongous Allocation) 192M->190M(426M) 2.489ms
[2026-03-27T14:07:25.667+0900][29.800s][info][gc,cpu      ] GC(286) User=0.00s Sys=0.00s Real=0.00s
[2026-03-27T14:07:25.667+0900][29.800s][info][gc          ] GC(287) Concurrent Undo Cycle
[2026-03-27T14:07:25.667+0900][29.800s][info][gc,marking  ] GC(287) Concurrent Cleanup for Next Mark
[2026-03-27T14:07:25.667+0900][29.801s][info][gc,marking  ] GC(287) Concurrent Cleanup for Next Mark 0.298ms
[2026-03-27T14:07:25.667+0900][29.801s][info][gc          ] GC(287) Concurrent Undo Cycle 0.550ms
[2026-03-27T14:07:25.731+0900][29.862s][info][gc,start    ] GC(288) Pause Young (Concurrent Start) (G1 Humongous Allocation)
[2026-03-27T14:07:25.731+0900][29.862s][info][gc,task     ] GC(288) Using 8 workers of 8 for evacuation
[2026-03-27T14:07:25.731+0900][29.864s][info][gc,phases   ] GC(288)   Pre Evacuate Collection Set: 0.3ms
[2026-03-27T14:07:25.731+0900][29.864s][info][gc,phases   ] GC(288)   Merge Heap Roots: 0.2ms
[2026-03-27T14:07:25.731+0900][29.864s][info][gc,phases   ] GC(288)   Evacuate Collection Set: 0.3ms
[2026-03-27T14:07:25.731+0900][29.864s][info][gc,phases   ] GC(288)   Post Evacuate Collection Set: 0.9ms
[2026-03-27T14:07:25.731+0900][29.864s][info][gc,phases   ] GC(288)   Other: 0.2ms
[2026-03-27T14:07:25.731+0900][29.864s][info][gc,heap     ] GC(288) Eden regions: 1->0(190)
[2026-03-27T14:07:25.731+0900][29.864s][info][gc,heap     ] GC(288) Survivor regions: 1->1(24)
[2026-03-27T14:07:25.731+0900][29.864s][info][gc,heap     ] GC(288) Old regions: 1->1
[2026-03-27T14:07:25.731+0900][29.864s][info][gc,heap     ] GC(288) Archive regions: 0->0
[2026-03-27T14:07:25.731+0900][29.864s][info][gc,heap     ] GC(288) Humongous regions: 191->190
[2026-03-27T14:07:25.731+0900][29.864s][info][gc,metaspace] GC(288) Metaspace: 166K(384K)->166K(384K) NonClass: 157K(256K)->157K(256K) Class: 9K(128K)->9K(128K)
[2026-03-27T14:07:25.731+0900][29.864s][info][gc          ] GC(288) Pause Young (Concurrent Start) (G1 Humongous Allocation) 192M->190M(426M) 2.648ms
[2026-03-27T14:07:25.731+0900][29.864s][info][gc,cpu      ] GC(288) User=0.00s Sys=0.00s Real=0.00s
[2026-03-27T14:07:25.731+0900][29.864s][info][gc          ] GC(289) Concurrent Undo Cycle
[2026-03-27T14:07:25.731+0900][29.865s][info][gc,marking  ] GC(289) Concurrent Cleanup for Next Mark
[2026-03-27T14:07:25.731+0900][29.865s][info][gc,marking  ] GC(289) Concurrent Cleanup for Next Mark 0.272ms
[2026-03-27T14:07:25.731+0900][29.865s][info][gc          ] GC(289) Concurrent Undo Cycle 0.509ms
[2026-03-27T14:07:25.795+0900][29.926s][info][gc,start    ] GC(290) Pause Young (Concurrent Start) (G1 Humongous Allocation)
[2026-03-27T14:07:25.795+0900][29.926s][info][gc,task     ] GC(290) Using 8 workers of 8 for evacuation
[2026-03-27T14:07:25.795+0900][29.928s][info][gc,phases   ] GC(290)   Pre Evacuate Collection Set: 0.3ms
[2026-03-27T14:07:25.795+0900][29.928s][info][gc,phases   ] GC(290)   Merge Heap Roots: 0.2ms
[2026-03-27T14:07:25.795+0900][29.928s][info][gc,phases   ] GC(290)   Evacuate Collection Set: 0.4ms
[2026-03-27T14:07:25.795+0900][29.928s][info][gc,phases   ] GC(290)   Post Evacuate Collection Set: 1.0ms
[2026-03-27T14:07:25.795+0900][29.929s][info][gc,phases   ] GC(290)   Other: 0.3ms
[2026-03-27T14:07:25.795+0900][29.929s][info][gc,heap     ] GC(290) Eden regions: 1->0(190)
[2026-03-27T14:07:25.795+0900][29.929s][info][gc,heap     ] GC(290) Survivor regions: 1->1(24)
[2026-03-27T14:07:25.795+0900][29.929s][info][gc,heap     ] GC(290) Old regions: 1->1
[2026-03-27T14:07:25.795+0900][29.929s][info][gc,heap     ] GC(290) Archive regions: 0->0
[2026-03-27T14:07:25.795+0900][29.929s][info][gc,heap     ] GC(290) Humongous regions: 191->190
[2026-03-27T14:07:25.795+0900][29.929s][info][gc,metaspace] GC(290) Metaspace: 166K(384K)->166K(384K) NonClass: 157K(256K)->157K(256K) Class: 9K(128K)->9K(128K)
[2026-03-27T14:07:25.795+0900][29.929s][info][gc          ] GC(290) Pause Young (Concurrent Start) (G1 Humongous Allocation) 192M->190M(426M) 2.890ms
[2026-03-27T14:07:25.795+0900][29.929s][info][gc,cpu      ] GC(290) User=0.00s Sys=0.00s Real=0.00s
[2026-03-27T14:07:25.795+0900][29.929s][info][gc          ] GC(291) Concurrent Undo Cycle
[2026-03-27T14:07:25.795+0900][29.929s][info][gc,marking  ] GC(291) Concurrent Cleanup for Next Mark
[2026-03-27T14:07:25.795+0900][29.929s][info][gc,marking  ] GC(291) Concurrent Cleanup for Next Mark 0.238ms
[2026-03-27T14:07:25.795+0900][29.929s][info][gc          ] GC(291) Concurrent Undo Cycle 0.468ms
[2026-03-27T14:07:25.859+0900][29.990s][info][gc,start    ] GC(292) Pause Young (Concurrent Start) (G1 Humongous Allocation)
[2026-03-27T14:07:25.859+0900][29.990s][info][gc,task     ] GC(292) Using 8 workers of 8 for evacuation
[2026-03-27T14:07:25.859+0900][29.992s][info][gc,phases   ] GC(292)   Pre Evacuate Collection Set: 0.3ms
[2026-03-27T14:07:25.859+0900][29.992s][info][gc,phases   ] GC(292)   Merge Heap Roots: 0.1ms
[2026-03-27T14:07:25.859+0900][29.992s][info][gc,phases   ] GC(292)   Evacuate Collection Set: 0.3ms
[2026-03-27T14:07:25.859+0900][29.992s][info][gc,phases   ] GC(292)   Post Evacuate Collection Set: 0.9ms
[2026-03-27T14:07:25.859+0900][29.992s][info][gc,phases   ] GC(292)   Other: 0.3ms
[2026-03-27T14:07:25.859+0900][29.992s][info][gc,heap     ] GC(292) Eden regions: 1->0(190)
[2026-03-27T14:07:25.859+0900][29.992s][info][gc,heap     ] GC(292) Survivor regions: 1->1(24)
[2026-03-27T14:07:25.859+0900][29.992s][info][gc,heap     ] GC(292) Old regions: 1->1
[2026-03-27T14:07:25.859+0900][29.992s][info][gc,heap     ] GC(292) Archive regions: 0->0
[2026-03-27T14:07:25.859+0900][29.992s][info][gc,heap     ] GC(292) Humongous regions: 191->190
[2026-03-27T14:07:25.859+0900][29.993s][info][gc,metaspace] GC(292) Metaspace: 166K(384K)->166K(384K) NonClass: 157K(256K)->157K(256K) Class: 9K(128K)->9K(128K)
[2026-03-27T14:07:25.859+0900][29.993s][info][gc          ] GC(292) Pause Young (Concurrent Start) (G1 Humongous Allocation) 192M->190M(426M) 2.644ms
[2026-03-27T14:07:25.859+0900][29.993s][info][gc,cpu      ] GC(292) User=0.00s Sys=0.00s Real=0.00s
[2026-03-27T14:07:25.859+0900][29.993s][info][gc          ] GC(293) Concurrent Undo Cycle
[2026-03-27T14:07:25.859+0900][29.993s][info][gc,marking  ] GC(293) Concurrent Cleanup for Next Mark
[2026-03-27T14:07:25.859+0900][29.993s][info][gc,marking  ] GC(293) Concurrent Cleanup for Next Mark 0.185ms
[2026-03-27T14:07:25.859+0900][29.993s][info][gc          ] GC(293) Concurrent Undo Cycle 0.378ms
[2026-03-27T14:07:25.924+0900][30.055s][info][gc,start    ] GC(294) Pause Young (Concurrent Start) (G1 Humongous Allocation)
[2026-03-27T14:07:25.924+0900][30.055s][info][gc,task     ] GC(294) Using 8 workers of 8 for evacuation
[2026-03-27T14:07:25.924+0900][30.057s][info][gc,phases   ] GC(294)   Pre Evacuate Collection Set: 0.3ms
[2026-03-27T14:07:25.924+0900][30.057s][info][gc,phases   ] GC(294)   Merge Heap Roots: 0.2ms
[2026-03-27T14:07:25.924+0900][30.057s][info][gc,phases   ] GC(294)   Evacuate Collection Set: 0.3ms
[2026-03-27T14:07:25.924+0900][30.057s][info][gc,phases   ] GC(294)   Post Evacuate Collection Set: 0.9ms
[2026-03-27T14:07:25.924+0900][30.057s][info][gc,phases   ] GC(294)   Other: 0.3ms
[2026-03-27T14:07:25.924+0900][30.057s][info][gc,heap     ] GC(294) Eden regions: 1->0(188)
[2026-03-27T14:07:25.924+0900][30.057s][info][gc,heap     ] GC(294) Survivor regions: 1->1(24)
[2026-03-27T14:07:25.924+0900][30.057s][info][gc,heap     ] GC(294) Old regions: 1->1
[2026-03-27T14:07:25.924+0900][30.057s][info][gc,heap     ] GC(294) Archive regions: 0->0
[2026-03-27T14:07:25.924+0900][30.057s][info][gc,heap     ] GC(294) Humongous regions: 193->192
[2026-03-27T14:07:25.924+0900][30.057s][info][gc,metaspace] GC(294) Metaspace: 166K(384K)->166K(384K) NonClass: 157K(256K)->157K(256K) Class: 9K(128K)->9K(128K)
[2026-03-27T14:07:25.924+0900][30.058s][info][gc          ] GC(294) Pause Young (Concurrent Start) (G1 Humongous Allocation) 194M->192M(426M) 2.838ms
[2026-03-27T14:07:25.924+0900][30.058s][info][gc,cpu      ] GC(294) User=0.00s Sys=0.03s Real=0.00s
[2026-03-27T14:07:25.924+0900][30.058s][info][gc          ] GC(295) Concurrent Mark Cycle
[2026-03-27T14:07:25.924+0900][30.058s][info][gc,marking  ] GC(295) Concurrent Clear Claimed Marks
[2026-03-27T14:07:25.924+0900][30.058s][info][gc,marking  ] GC(295) Concurrent Clear Claimed Marks 0.041ms
[2026-03-27T14:07:25.924+0900][30.058s][info][gc,marking  ] GC(295) Concurrent Scan Root Regions
[2026-03-27T14:07:25.924+0900][30.058s][info][gc,marking  ] GC(295) Concurrent Scan Root Regions 0.221ms
[2026-03-27T14:07:25.924+0900][30.058s][info][gc,marking  ] GC(295) Concurrent Mark
[2026-03-27T14:07:25.924+0900][30.058s][info][gc,marking  ] GC(295) Concurrent Mark From Roots
[2026-03-27T14:07:25.924+0900][30.058s][info][gc,task     ] GC(295) Using 2 workers of 2 for marking
[2026-03-27T14:07:25.924+0900][30.060s][info][gc,marking  ] GC(295) Concurrent Mark From Roots 2.030ms
[2026-03-27T14:07:25.924+0900][30.060s][info][gc,marking  ] GC(295) Concurrent Preclean
[2026-03-27T14:07:25.924+0900][30.060s][info][gc,marking  ] GC(295) Concurrent Preclean 0.045ms
[2026-03-27T14:07:25.924+0900][30.061s][info][gc,start    ] GC(295) Pause Remark
[2026-03-27T14:07:25.924+0900][30.063s][info][gc          ] GC(295) Pause Remark 193M->193M(426M) 1.691ms
[2026-03-27T14:07:25.924+0900][30.063s][info][gc,cpu      ] GC(295) User=0.00s Sys=0.00s Real=0.00s
[2026-03-27T14:07:25.924+0900][30.063s][info][gc,marking  ] GC(295) Concurrent Mark 4.631ms
[2026-03-27T14:07:25.924+0900][30.063s][info][gc,marking  ] GC(295) Concurrent Rebuild Remembered Sets
[2026-03-27T14:07:25.924+0900][30.064s][info][gc,marking  ] GC(295) Concurrent Rebuild Remembered Sets 1.194ms
[2026-03-27T14:07:25.924+0900][30.065s][info][gc,start    ] GC(295) Pause Cleanup
[2026-03-27T14:07:25.924+0900][30.065s][info][gc          ] GC(295) Pause Cleanup 193M->193M(426M) 0.332ms
[2026-03-27T14:07:25.924+0900][30.065s][info][gc,cpu      ] GC(295) User=0.00s Sys=0.00s Real=0.00s
[2026-03-27T14:07:25.924+0900][30.065s][info][gc,marking  ] GC(295) Concurrent Cleanup for Next Mark
[2026-03-27T14:07:25.924+0900][30.066s][info][gc,marking  ] GC(295) Concurrent Cleanup for Next Mark 0.695ms
[2026-03-27T14:07:25.924+0900][30.066s][info][gc          ] GC(295) Concurrent Mark Cycle 8.312ms
[2026-03-27T14:07:25.988+0900][30.119s][info][gc,start    ] GC(296) Pause Young (Concurrent Start) (G1 Humongous Allocation)
[2026-03-27T14:07:25.988+0900][30.119s][info][gc,task     ] GC(296) Using 8 workers of 8 for evacuation
[2026-03-27T14:07:25.988+0900][30.121s][info][gc,phases   ] GC(296)   Pre Evacuate Collection Set: 0.2ms
[2026-03-27T14:07:25.988+0900][30.121s][info][gc,phases   ] GC(296)   Merge Heap Roots: 0.3ms
[2026-03-27T14:07:25.988+0900][30.121s][info][gc,phases   ] GC(296)   Evacuate Collection Set: 0.3ms
[2026-03-27T14:07:25.988+0900][30.122s][info][gc,phases   ] GC(296)   Post Evacuate Collection Set: 1.0ms
[2026-03-27T14:07:25.988+0900][30.122s][info][gc,phases   ] GC(296)   Other: 0.3ms
[2026-03-27T14:07:25.988+0900][30.122s][info][gc,heap     ] GC(296) Eden regions: 1->0(188)
[2026-03-27T14:07:25.988+0900][30.122s][info][gc,heap     ] GC(296) Survivor regions: 1->1(24)
[2026-03-27T14:07:25.988+0900][30.122s][info][gc,heap     ] GC(296) Old regions: 1->1
[2026-03-27T14:07:25.988+0900][30.122s][info][gc,heap     ] GC(296) Archive regions: 0->0
[2026-03-27T14:07:25.988+0900][30.122s][info][gc,heap     ] GC(296) Humongous regions: 193->192
[2026-03-27T14:07:25.988+0900][30.122s][info][gc,metaspace] GC(296) Metaspace: 166K(384K)->166K(384K) NonClass: 157K(256K)->157K(256K) Class: 9K(128K)->9K(128K)
[2026-03-27T14:07:25.988+0900][30.122s][info][gc          ] GC(296) Pause Young (Concurrent Start) (G1 Humongous Allocation) 194M->192M(426M) 2.857ms
[2026-03-27T14:07:25.988+0900][30.122s][info][gc,cpu      ] GC(296) User=0.00s Sys=0.00s Real=0.00s
[2026-03-27T14:07:25.988+0900][30.122s][info][gc          ] GC(297) Concurrent Mark Cycle
[2026-03-27T14:07:25.988+0900][30.122s][info][gc,marking  ] GC(297) Concurrent Clear Claimed Marks
[2026-03-27T14:07:25.988+0900][30.122s][info][gc,marking  ] GC(297) Concurrent Clear Claimed Marks 0.042ms
[2026-03-27T14:07:25.988+0900][30.122s][info][gc,marking  ] GC(297) Concurrent Scan Root Regions
[2026-03-27T14:07:25.988+0900][30.122s][info][gc,marking  ] GC(297) Concurrent Scan Root Regions 0.166ms
[2026-03-27T14:07:25.988+0900][30.122s][info][gc,marking  ] GC(297) Concurrent Mark
[2026-03-27T14:07:25.988+0900][30.123s][info][gc,marking  ] GC(297) Concurrent Mark From Roots
[2026-03-27T14:07:25.988+0900][30.123s][info][gc,task     ] GC(297) Using 2 workers of 2 for marking
[2026-03-27T14:07:25.988+0900][30.125s][info][gc,marking  ] GC(297) Concurrent Mark From Roots 2.003ms
[2026-03-27T14:07:25.988+0900][30.125s][info][gc,marking  ] GC(297) Concurrent Preclean
[2026-03-27T14:07:25.988+0900][30.125s][info][gc,marking  ] GC(297) Concurrent Preclean 0.045ms
[2026-03-27T14:07:25.988+0900][30.125s][info][gc,start    ] GC(297) Pause Remark
[2026-03-27T14:07:25.988+0900][30.127s][info][gc          ] GC(297) Pause Remark 193M->193M(426M) 1.485ms
[2026-03-27T14:07:25.988+0900][30.127s][info][gc,cpu      ] GC(297) User=0.00s Sys=0.00s Real=0.00s
[2026-03-27T14:07:25.988+0900][30.127s][info][gc,marking  ] GC(297) Concurrent Mark 4.460ms
[2026-03-27T14:07:25.988+0900][30.127s][info][gc,marking  ] GC(297) Concurrent Rebuild Remembered Sets
[2026-03-27T14:07:25.988+0900][30.128s][info][gc,marking  ] GC(297) Concurrent Rebuild Remembered Sets 1.151ms
[2026-03-27T14:07:25.988+0900][30.129s][info][gc,start    ] GC(297) Pause Cleanup
[2026-03-27T14:07:25.988+0900][30.129s][info][gc          ] GC(297) Pause Cleanup 193M->193M(426M) 0.457ms
[2026-03-27T14:07:25.988+0900][30.129s][info][gc,cpu      ] GC(297) User=0.00s Sys=0.00s Real=0.00s
[2026-03-27T14:07:25.988+0900][30.129s][info][gc,marking  ] GC(297) Concurrent Cleanup for Next Mark
[2026-03-27T14:07:25.988+0900][30.130s][info][gc,marking  ] GC(297) Concurrent Cleanup for Next Mark 0.719ms
[2026-03-27T14:07:25.988+0900][30.130s][info][gc          ] GC(297) Concurrent Mark Cycle 8.233ms
[2026-03-27T14:07:26.052+0900][30.183s][info][gc,start    ] GC(298) Pause Young (Concurrent Start) (G1 Humongous Allocation)
[2026-03-27T14:07:26.052+0900][30.183s][info][gc,task     ] GC(298) Using 8 workers of 8 for evacuation
[2026-03-27T14:07:26.052+0900][30.185s][info][gc,phases   ] GC(298)   Pre Evacuate Collection Set: 0.2ms
[2026-03-27T14:07:26.052+0900][30.185s][info][gc,phases   ] GC(298)   Merge Heap Roots: 0.2ms
[2026-03-27T14:07:26.052+0900][30.185s][info][gc,phases   ] GC(298)   Evacuate Collection Set: 0.3ms
[2026-03-27T14:07:26.052+0900][30.185s][info][gc,phases   ] GC(298)   Post Evacuate Collection Set: 0.8ms
[2026-03-27T14:07:26.052+0900][30.185s][info][gc,phases   ] GC(298)   Other: 0.2ms
[2026-03-27T14:07:26.052+0900][30.185s][info][gc,heap     ] GC(298) Eden regions: 1->0(188)
[2026-03-27T14:07:26.052+0900][30.185s][info][gc,heap     ] GC(298) Survivor regions: 1->1(24)
[2026-03-27T14:07:26.052+0900][30.185s][info][gc,heap     ] GC(298) Old regions: 1->1
[2026-03-27T14:07:26.052+0900][30.185s][info][gc,heap     ] GC(298) Archive regions: 0->0
[2026-03-27T14:07:26.052+0900][30.185s][info][gc,heap     ] GC(298) Humongous regions: 193->192
[2026-03-27T14:07:26.052+0900][30.185s][info][gc,metaspace] GC(298) Metaspace: 166K(384K)->166K(384K) NonClass: 157K(256K)->157K(256K) Class: 9K(128K)->9K(128K)
[2026-03-27T14:07:26.052+0900][30.185s][info][gc          ] GC(298) Pause Young (Concurrent Start) (G1 Humongous Allocation) 194M->192M(426M) 2.529ms
[2026-03-27T14:07:26.052+0900][30.185s][info][gc,cpu      ] GC(298) User=0.00s Sys=0.00s Real=0.00s
[2026-03-27T14:07:26.052+0900][30.185s][info][gc          ] GC(299) Concurrent Mark Cycle
[2026-03-27T14:07:26.052+0900][30.185s][info][gc,marking  ] GC(299) Concurrent Clear Claimed Marks
[2026-03-27T14:07:26.052+0900][30.185s][info][gc,marking  ] GC(299) Concurrent Clear Claimed Marks 0.040ms
[2026-03-27T14:07:26.052+0900][30.186s][info][gc,marking  ] GC(299) Concurrent Scan Root Regions
[2026-03-27T14:07:26.052+0900][30.186s][info][gc,marking  ] GC(299) Concurrent Scan Root Regions 0.180ms
[2026-03-27T14:07:26.052+0900][30.186s][info][gc,marking  ] GC(299) Concurrent Mark
[2026-03-27T14:07:26.052+0900][30.186s][info][gc,marking  ] GC(299) Concurrent Mark From Roots
[2026-03-27T14:07:26.052+0900][30.186s][info][gc,task     ] GC(299) Using 2 workers of 2 for marking
[2026-03-27T14:07:26.052+0900][30.188s][info][gc,marking  ] GC(299) Concurrent Mark From Roots 2.075ms
[2026-03-27T14:07:26.052+0900][30.188s][info][gc,marking  ] GC(299) Concurrent Preclean
[2026-03-27T14:07:26.052+0900][30.188s][info][gc,marking  ] GC(299) Concurrent Preclean 0.044ms
[2026-03-27T14:07:26.052+0900][30.189s][info][gc,start    ] GC(299) Pause Remark
[2026-03-27T14:07:26.052+0900][30.190s][info][gc          ] GC(299) Pause Remark 193M->193M(426M) 1.618ms
[2026-03-27T14:07:26.052+0900][30.190s][info][gc,cpu      ] GC(299) User=0.00s Sys=0.00s Real=0.00s
[2026-03-27T14:07:26.052+0900][30.190s][info][gc,marking  ] GC(299) Concurrent Mark 4.608ms
[2026-03-27T14:07:26.052+0900][30.191s][info][gc,marking  ] GC(299) Concurrent Rebuild Remembered Sets
[2026-03-27T14:07:26.052+0900][30.192s][info][gc,marking  ] GC(299) Concurrent Rebuild Remembered Sets 1.113ms
[2026-03-27T14:07:26.052+0900][30.192s][info][gc,start    ] GC(299) Pause Cleanup
[2026-03-27T14:07:26.052+0900][30.192s][info][gc          ] GC(299) Pause Cleanup 193M->193M(426M) 0.367ms
[2026-03-27T14:07:26.052+0900][30.193s][info][gc,cpu      ] GC(299) User=0.00s Sys=0.00s Real=0.00s
[2026-03-27T14:07:26.052+0900][30.193s][info][gc,marking  ] GC(299) Concurrent Cleanup for Next Mark
[2026-03-27T14:07:26.052+0900][30.193s][info][gc,marking  ] GC(299) Concurrent Cleanup for Next Mark 0.640ms
[2026-03-27T14:07:26.052+0900][30.193s][info][gc          ] GC(299) Concurrent Mark Cycle 8.142ms
[2026-03-27T14:07:26.116+0900][30.246s][info][gc,start    ] GC(300) Pause Young (Concurrent Start) (G1 Humongous Allocation)
[2026-03-27T14:07:26.116+0900][30.247s][info][gc,task     ] GC(300) Using 8 workers of 8 for evacuation
[2026-03-27T14:07:26.116+0900][30.249s][info][gc,phases   ] GC(300)   Pre Evacuate Collection Set: 0.3ms
[2026-03-27T14:07:26.116+0900][30.249s][info][gc,phases   ] GC(300)   Merge Heap Roots: 0.3ms
[2026-03-27T14:07:26.116+0900][30.249s][info][gc,phases   ] GC(300)   Evacuate Collection Set: 0.4ms
[2026-03-27T14:07:26.116+0900][30.249s][info][gc,phases   ] GC(300)   Post Evacuate Collection Set: 1.0ms
[2026-03-27T14:07:26.116+0900][30.249s][info][gc,phases   ] GC(300)   Other: 0.3ms
[2026-03-27T14:07:26.116+0900][30.249s][info][gc,heap     ] GC(300) Eden regions: 1->0(188)
[2026-03-27T14:07:26.116+0900][30.249s][info][gc,heap     ] GC(300) Survivor regions: 1->1(24)
[2026-03-27T14:07:26.116+0900][30.249s][info][gc,heap     ] GC(300) Old regions: 1->1
[2026-03-27T14:07:26.116+0900][30.249s][info][gc,heap     ] GC(300) Archive regions: 0->0
[2026-03-27T14:07:26.116+0900][30.249s][info][gc,heap     ] GC(300) Humongous regions: 193->192
[2026-03-27T14:07:26.116+0900][30.249s][info][gc,metaspace] GC(300) Metaspace: 166K(384K)->166K(384K) NonClass: 157K(256K)->157K(256K) Class: 9K(128K)->9K(128K)
[2026-03-27T14:07:26.116+0900][30.249s][info][gc          ] GC(300) Pause Young (Concurrent Start) (G1 Humongous Allocation) 194M->192M(426M) 3.035ms
[2026-03-27T14:07:26.116+0900][30.249s][info][gc,cpu      ] GC(300) User=0.00s Sys=0.00s Real=0.00s
[2026-03-27T14:07:26.116+0900][30.250s][info][gc          ] GC(301) Concurrent Mark Cycle
[2026-03-27T14:07:26.116+0900][30.250s][info][gc,marking  ] GC(301) Concurrent Clear Claimed Marks
[2026-03-27T14:07:26.116+0900][30.250s][info][gc,marking  ] GC(301) Concurrent Clear Claimed Marks 0.042ms
[2026-03-27T14:07:26.116+0900][30.250s][info][gc,marking  ] GC(301) Concurrent Scan Root Regions
[2026-03-27T14:07:26.116+0900][30.250s][info][gc,marking  ] GC(301) Concurrent Scan Root Regions 0.173ms
[2026-03-27T14:07:26.116+0900][30.250s][info][gc,marking  ] GC(301) Concurrent Mark
[2026-03-27T14:07:26.116+0900][30.250s][info][gc,marking  ] GC(301) Concurrent Mark From Roots
[2026-03-27T14:07:26.116+0900][30.250s][info][gc,task     ] GC(301) Using 2 workers of 2 for marking
[2026-03-27T14:07:26.116+0900][30.252s][info][gc,marking  ] GC(301) Concurrent Mark From Roots 1.994ms
[2026-03-27T14:07:26.116+0900][30.252s][info][gc,marking  ] GC(301) Concurrent Preclean
[2026-03-27T14:07:26.116+0900][30.252s][info][gc,marking  ] GC(301) Concurrent Preclean 0.045ms
[2026-03-27T14:07:26.116+0900][30.253s][info][gc,start    ] GC(301) Pause Remark
[2026-03-27T14:07:26.116+0900][30.254s][info][gc          ] GC(301) Pause Remark 193M->193M(426M) 1.586ms
[2026-03-27T14:07:26.116+0900][30.254s][info][gc,cpu      ] GC(301) User=0.00s Sys=0.00s Real=0.00s
[2026-03-27T14:07:26.116+0900][30.254s][info][gc,marking  ] GC(301) Concurrent Mark 4.505ms
[2026-03-27T14:07:26.116+0900][30.255s][info][gc,marking  ] GC(301) Concurrent Rebuild Remembered Sets
[2026-03-27T14:07:26.116+0900][30.256s][info][gc,marking  ] GC(301) Concurrent Rebuild Remembered Sets 1.148ms
[2026-03-27T14:07:26.116+0900][30.256s][info][gc,start    ] GC(301) Pause Cleanup
[2026-03-27T14:07:26.116+0900][30.257s][info][gc          ] GC(301) Pause Cleanup 193M->193M(426M) 0.375ms
[2026-03-27T14:07:26.116+0900][30.257s][info][gc,cpu      ] GC(301) User=0.00s Sys=0.00s Real=0.00s
[2026-03-27T14:07:26.116+0900][30.257s][info][gc,marking  ] GC(301) Concurrent Cleanup for Next Mark
[2026-03-27T14:07:26.116+0900][30.258s][info][gc,marking  ] GC(301) Concurrent Cleanup for Next Mark 0.690ms
[2026-03-27T14:07:26.116+0900][30.258s][info][gc          ] GC(301) Concurrent Mark Cycle 8.196ms
[2026-03-27T14:07:26.180+0900][30.310s][info][gc,start    ] GC(302) Pause Young (Concurrent Start) (G1 Humongous Allocation)
[2026-03-27T14:07:26.180+0900][30.311s][info][gc,task     ] GC(302) Using 8 workers of 8 for evacuation
[2026-03-27T14:07:26.180+0900][30.312s][info][gc,phases   ] GC(302)   Pre Evacuate Collection Set: 0.2ms
[2026-03-27T14:07:26.180+0900][30.312s][info][gc,phases   ] GC(302)   Merge Heap Roots: 0.3ms
[2026-03-27T14:07:26.180+0900][30.312s][info][gc,phases   ] GC(302)   Evacuate Collection Set: 0.3ms
[2026-03-27T14:07:26.180+0900][30.313s][info][gc,phases   ] GC(302)   Post Evacuate Collection Set: 0.8ms
[2026-03-27T14:07:26.180+0900][30.313s][info][gc,phases   ] GC(302)   Other: 0.3ms
[2026-03-27T14:07:26.180+0900][30.313s][info][gc,heap     ] GC(302) Eden regions: 1->0(196)
[2026-03-27T14:07:26.180+0900][30.313s][info][gc,heap     ] GC(302) Survivor regions: 1->1(24)
[2026-03-27T14:07:26.180+0900][30.313s][info][gc,heap     ] GC(302) Old regions: 1->1
[2026-03-27T14:07:26.180+0900][30.313s][info][gc,heap     ] GC(302) Archive regions: 0->0
[2026-03-27T14:07:26.180+0900][30.313s][info][gc,heap     ] GC(302) Humongous regions: 193->192
[2026-03-27T14:07:26.180+0900][30.313s][info][gc,metaspace] GC(302) Metaspace: 166K(384K)->166K(384K) NonClass: 157K(256K)->157K(256K) Class: 9K(128K)->9K(128K)
[2026-03-27T14:07:26.180+0900][30.313s][info][gc          ] GC(302) Pause Young (Concurrent Start) (G1 Humongous Allocation) 194M->192M(435M) 2.535ms
[2026-03-27T14:07:26.180+0900][30.313s][info][gc,cpu      ] GC(302) User=0.00s Sys=0.00s Real=0.00s
[2026-03-27T14:07:26.180+0900][30.313s][info][gc          ] GC(303) Concurrent Undo Cycle
[2026-03-27T14:07:26.180+0900][30.313s][info][gc,marking  ] GC(303) Concurrent Cleanup for Next Mark
[2026-03-27T14:07:26.180+0900][30.313s][info][gc,marking  ] GC(303) Concurrent Cleanup for Next Mark 0.151ms
[2026-03-27T14:07:26.180+0900][30.313s][info][gc          ] GC(303) Concurrent Undo Cycle 0.383ms
[2026-03-27T14:07:26.244+0900][30.375s][info][gc,start    ] GC(304) Pause Young (Concurrent Start) (G1 Humongous Allocation)
[2026-03-27T14:07:26.244+0900][30.375s][info][gc,task     ] GC(304) Using 8 workers of 8 for evacuation
[2026-03-27T14:07:26.244+0900][30.376s][info][gc,phases   ] GC(304)   Pre Evacuate Collection Set: 0.3ms
[2026-03-27T14:07:26.244+0900][30.376s][info][gc,phases   ] GC(304)   Merge Heap Roots: 0.1ms
[2026-03-27T14:07:26.244+0900][30.376s][info][gc,phases   ] GC(304)   Evacuate Collection Set: 0.3ms
[2026-03-27T14:07:26.244+0900][30.376s][info][gc,phases   ] GC(304)   Post Evacuate Collection Set: 0.6ms
[2026-03-27T14:07:26.244+0900][30.376s][info][gc,phases   ] GC(304)   Other: 0.2ms
[2026-03-27T14:07:26.244+0900][30.376s][info][gc,heap     ] GC(304) Eden regions: 1->0(194)
[2026-03-27T14:07:26.244+0900][30.377s][info][gc,heap     ] GC(304) Survivor regions: 1->1(25)
[2026-03-27T14:07:26.244+0900][30.377s][info][gc,heap     ] GC(304) Old regions: 1->1
[2026-03-27T14:07:26.244+0900][30.377s][info][gc,heap     ] GC(304) Archive regions: 0->0
[2026-03-27T14:07:26.244+0900][30.377s][info][gc,heap     ] GC(304) Humongous regions: 195->194
[2026-03-27T14:07:26.244+0900][30.377s][info][gc,metaspace] GC(304) Metaspace: 166K(384K)->166K(384K) NonClass: 157K(256K)->157K(256K) Class: 9K(128K)->9K(128K)
[2026-03-27T14:07:26.244+0900][30.377s][info][gc          ] GC(304) Pause Young (Concurrent Start) (G1 Humongous Allocation) 196M->194M(435M) 2.030ms
[2026-03-27T14:07:26.244+0900][30.377s][info][gc,cpu      ] GC(304) User=0.00s Sys=0.00s Real=0.00s
[2026-03-27T14:07:26.244+0900][30.377s][info][gc          ] GC(305) Concurrent Undo Cycle
[2026-03-27T14:07:26.244+0900][30.377s][info][gc,marking  ] GC(305) Concurrent Cleanup for Next Mark
[2026-03-27T14:07:26.244+0900][30.377s][info][gc,marking  ] GC(305) Concurrent Cleanup for Next Mark 0.170ms
[2026-03-27T14:07:26.244+0900][30.377s][info][gc          ] GC(305) Concurrent Undo Cycle 0.320ms
[2026-03-27T14:07:26.308+0900][30.439s][info][gc,start    ] GC(306) Pause Young (Concurrent Start) (G1 Humongous Allocation)
[2026-03-27T14:07:26.308+0900][30.439s][info][gc,task     ] GC(306) Using 8 workers of 8 for evacuation
[2026-03-27T14:07:26.308+0900][30.441s][info][gc,phases   ] GC(306)   Pre Evacuate Collection Set: 0.2ms
[2026-03-27T14:07:26.308+0900][30.442s][info][gc,phases   ] GC(306)   Merge Heap Roots: 0.2ms
[2026-03-27T14:07:26.308+0900][30.442s][info][gc,phases   ] GC(306)   Evacuate Collection Set: 0.4ms
[2026-03-27T14:07:26.308+0900][30.442s][info][gc,phases   ] GC(306)   Post Evacuate Collection Set: 1.0ms
[2026-03-27T14:07:26.308+0900][30.442s][info][gc,phases   ] GC(306)   Other: 0.4ms
[2026-03-27T14:07:26.308+0900][30.442s][info][gc,heap     ] GC(306) Eden regions: 1->0(194)
[2026-03-27T14:07:26.308+0900][30.442s][info][gc,heap     ] GC(306) Survivor regions: 1->1(25)
[2026-03-27T14:07:26.308+0900][30.442s][info][gc,heap     ] GC(306) Old regions: 1->1
[2026-03-27T14:07:26.308+0900][30.442s][info][gc,heap     ] GC(306) Archive regions: 0->0
[2026-03-27T14:07:26.308+0900][30.442s][info][gc,heap     ] GC(306) Humongous regions: 195->194
[2026-03-27T14:07:26.308+0900][30.442s][info][gc,metaspace] GC(306) Metaspace: 166K(384K)->166K(384K) NonClass: 157K(256K)->157K(256K) Class: 9K(128K)->9K(128K)
[2026-03-27T14:07:26.308+0900][30.442s][info][gc          ] GC(306) Pause Young (Concurrent Start) (G1 Humongous Allocation) 196M->194M(435M) 2.880ms
[2026-03-27T14:07:26.308+0900][30.442s][info][gc,cpu      ] GC(306) User=0.00s Sys=0.00s Real=0.00s
[2026-03-27T14:07:26.308+0900][30.442s][info][gc          ] GC(307) Concurrent Undo Cycle
[2026-03-27T14:07:26.308+0900][30.442s][info][gc,marking  ] GC(307) Concurrent Cleanup for Next Mark
[2026-03-27T14:07:26.308+0900][30.443s][info][gc,marking  ] GC(307) Concurrent Cleanup for Next Mark 0.234ms
[2026-03-27T14:07:26.308+0900][30.443s][info][gc          ] GC(307) Concurrent Undo Cycle 0.468ms
[2026-03-27T14:07:26.373+0900][30.503s][info][gc,start    ] GC(308) Pause Young (Concurrent Start) (G1 Humongous Allocation)
[2026-03-27T14:07:26.373+0900][30.503s][info][gc,task     ] GC(308) Using 8 workers of 8 for evacuation
[2026-03-27T14:07:26.373+0900][30.505s][info][gc,phases   ] GC(308)   Pre Evacuate Collection Set: 0.1ms
[2026-03-27T14:07:26.373+0900][30.505s][info][gc,phases   ] GC(308)   Merge Heap Roots: 0.2ms
[2026-03-27T14:07:26.373+0900][30.505s][info][gc,phases   ] GC(308)   Evacuate Collection Set: 0.3ms
[2026-03-27T14:07:26.373+0900][30.505s][info][gc,phases   ] GC(308)   Post Evacuate Collection Set: 0.8ms
[2026-03-27T14:07:26.373+0900][30.505s][info][gc,phases   ] GC(308)   Other: 0.3ms
[2026-03-27T14:07:26.373+0900][30.505s][info][gc,heap     ] GC(308) Eden regions: 1->0(194)
[2026-03-27T14:07:26.373+0900][30.505s][info][gc,heap     ] GC(308) Survivor regions: 1->1(25)
[2026-03-27T14:07:26.373+0900][30.505s][info][gc,heap     ] GC(308) Old regions: 1->1
[2026-03-27T14:07:26.373+0900][30.505s][info][gc,heap     ] GC(308) Archive regions: 0->0
[2026-03-27T14:07:26.373+0900][30.505s][info][gc,heap     ] GC(308) Humongous regions: 195->194
[2026-03-27T14:07:26.373+0900][30.505s][info][gc,metaspace] GC(308) Metaspace: 166K(384K)->166K(384K) NonClass: 157K(256K)->157K(256K) Class: 9K(128K)->9K(128K)
[2026-03-27T14:07:26.373+0900][30.505s][info][gc          ] GC(308) Pause Young (Concurrent Start) (G1 Humongous Allocation) 196M->194M(435M) 2.203ms
[2026-03-27T14:07:26.373+0900][30.505s][info][gc,cpu      ] GC(308) User=0.00s Sys=0.00s Real=0.00s
[2026-03-27T14:07:26.373+0900][30.505s][info][gc          ] GC(309) Concurrent Undo Cycle
[2026-03-27T14:07:26.373+0900][30.506s][info][gc,marking  ] GC(309) Concurrent Cleanup for Next Mark
[2026-03-27T14:07:26.373+0900][30.506s][info][gc,marking  ] GC(309) Concurrent Cleanup for Next Mark 0.216ms
[2026-03-27T14:07:26.373+0900][30.506s][info][gc          ] GC(309) Concurrent Undo Cycle 0.400ms
[2026-03-27T14:07:26.436+0900][30.566s][info][gc,start    ] GC(310) Pause Young (Concurrent Start) (G1 Humongous Allocation)
[2026-03-27T14:07:26.436+0900][30.566s][info][gc,task     ] GC(310) Using 8 workers of 8 for evacuation
[2026-03-27T14:07:26.436+0900][30.567s][info][gc,phases   ] GC(310)   Pre Evacuate Collection Set: 0.1ms
[2026-03-27T14:07:26.436+0900][30.567s][info][gc,phases   ] GC(310)   Merge Heap Roots: 0.1ms
[2026-03-27T14:07:26.436+0900][30.567s][info][gc,phases   ] GC(310)   Evacuate Collection Set: 0.1ms
[2026-03-27T14:07:26.436+0900][30.567s][info][gc,phases   ] GC(310)   Post Evacuate Collection Set: 0.4ms
[2026-03-27T14:07:26.436+0900][30.567s][info][gc,phases   ] GC(310)   Other: 0.1ms
[2026-03-27T14:07:26.436+0900][30.567s][info][gc,heap     ] GC(310) Eden regions: 1->0(194)
[2026-03-27T14:07:26.436+0900][30.567s][info][gc,heap     ] GC(310) Survivor regions: 1->1(25)
[2026-03-27T14:07:26.436+0900][30.567s][info][gc,heap     ] GC(310) Old regions: 1->1
[2026-03-27T14:07:26.436+0900][30.567s][info][gc,heap     ] GC(310) Archive regions: 0->0
[2026-03-27T14:07:26.436+0900][30.567s][info][gc,heap     ] GC(310) Humongous regions: 195->194
[2026-03-27T14:07:26.436+0900][30.567s][info][gc,metaspace] GC(310) Metaspace: 166K(384K)->166K(384K) NonClass: 157K(256K)->157K(256K) Class: 9K(128K)->9K(128K)
[2026-03-27T14:07:26.436+0900][30.567s][info][gc          ] GC(310) Pause Young (Concurrent Start) (G1 Humongous Allocation) 196M->194M(435M) 0.982ms
[2026-03-27T14:07:26.436+0900][30.567s][info][gc,cpu      ] GC(310) User=0.00s Sys=0.00s Real=0.00s
[2026-03-27T14:07:26.436+0900][30.567s][info][gc          ] GC(311) Concurrent Undo Cycle
[2026-03-27T14:07:26.436+0900][30.567s][info][gc,marking  ] GC(311) Concurrent Cleanup for Next Mark
[2026-03-27T14:07:26.436+0900][30.567s][info][gc,marking  ] GC(311) Concurrent Cleanup for Next Mark 0.120ms
[2026-03-27T14:07:26.436+0900][30.567s][info][gc          ] GC(311) Concurrent Undo Cycle 0.213ms
[2026-03-27T14:07:26.500+0900][30.630s][info][gc,start    ] GC(312) Pause Young (Concurrent Start) (G1 Humongous Allocation)
[2026-03-27T14:07:26.500+0900][30.630s][info][gc,task     ] GC(312) Using 8 workers of 8 for evacuation
[2026-03-27T14:07:26.500+0900][30.631s][info][gc,phases   ] GC(312)   Pre Evacuate Collection Set: 0.1ms
[2026-03-27T14:07:26.500+0900][30.631s][info][gc,phases   ] GC(312)   Merge Heap Roots: 0.0ms
[2026-03-27T14:07:26.500+0900][30.631s][info][gc,phases   ] GC(312)   Evacuate Collection Set: 0.2ms
[2026-03-27T14:07:26.500+0900][30.631s][info][gc,phases   ] GC(312)   Post Evacuate Collection Set: 0.5ms
[2026-03-27T14:07:26.500+0900][30.631s][info][gc,phases   ] GC(312)   Other: 0.1ms
[2026-03-27T14:07:26.500+0900][30.631s][info][gc,heap     ] GC(312) Eden regions: 1->0(194)
[2026-03-27T14:07:26.500+0900][30.631s][info][gc,heap     ] GC(312) Survivor regions: 1->1(25)
[2026-03-27T14:07:26.500+0900][30.631s][info][gc,heap     ] GC(312) Old regions: 1->1
[2026-03-27T14:07:26.500+0900][30.631s][info][gc,heap     ] GC(312) Archive regions: 0->0
[2026-03-27T14:07:26.500+0900][30.631s][info][gc,heap     ] GC(312) Humongous regions: 195->194
[2026-03-27T14:07:26.500+0900][30.631s][info][gc,metaspace] GC(312) Metaspace: 166K(384K)->166K(384K) NonClass: 157K(256K)->157K(256K) Class: 9K(128K)->9K(128K)
[2026-03-27T14:07:26.500+0900][30.631s][info][gc          ] GC(312) Pause Young (Concurrent Start) (G1 Humongous Allocation) 196M->194M(435M) 1.171ms
[2026-03-27T14:07:26.500+0900][30.631s][info][gc,cpu      ] GC(312) User=0.00s Sys=0.00s Real=0.00s
[2026-03-27T14:07:26.500+0900][30.631s][info][gc          ] GC(313) Concurrent Undo Cycle
[2026-03-27T14:07:26.500+0900][30.631s][info][gc,marking  ] GC(313) Concurrent Cleanup for Next Mark
[2026-03-27T14:07:26.500+0900][30.631s][info][gc,marking  ] GC(313) Concurrent Cleanup for Next Mark 0.061ms
[2026-03-27T14:07:26.500+0900][30.631s][info][gc          ] GC(313) Concurrent Undo Cycle 0.168ms
[2026-03-27T14:07:26.563+0900][30.693s][info][gc,start    ] GC(314) Pause Young (Concurrent Start) (G1 Humongous Allocation)
[2026-03-27T14:07:26.563+0900][30.693s][info][gc,task     ] GC(314) Using 8 workers of 8 for evacuation
[2026-03-27T14:07:26.563+0900][30.695s][info][gc,phases   ] GC(314)   Pre Evacuate Collection Set: 0.4ms
[2026-03-27T14:07:26.563+0900][30.695s][info][gc,phases   ] GC(314)   Merge Heap Roots: 0.2ms
[2026-03-27T14:07:26.563+0900][30.695s][info][gc,phases   ] GC(314)   Evacuate Collection Set: 0.4ms
[2026-03-27T14:07:26.563+0900][30.695s][info][gc,phases   ] GC(314)   Post Evacuate Collection Set: 0.7ms
[2026-03-27T14:07:26.563+0900][30.695s][info][gc,phases   ] GC(314)   Other: 0.2ms
[2026-03-27T14:07:26.563+0900][30.695s][info][gc,heap     ] GC(314) Eden regions: 1->0(192)
[2026-03-27T14:07:26.563+0900][30.695s][info][gc,heap     ] GC(314) Survivor regions: 1->1(25)
[2026-03-27T14:07:26.563+0900][30.695s][info][gc,heap     ] GC(314) Old regions: 1->1
[2026-03-27T14:07:26.563+0900][30.696s][info][gc,heap     ] GC(314) Archive regions: 0->0
[2026-03-27T14:07:26.563+0900][30.696s][info][gc,heap     ] GC(314) Humongous regions: 197->196
[2026-03-27T14:07:26.563+0900][30.696s][info][gc,metaspace] GC(314) Metaspace: 166K(384K)->166K(384K) NonClass: 157K(256K)->157K(256K) Class: 9K(128K)->9K(128K)
[2026-03-27T14:07:26.563+0900][30.696s][info][gc          ] GC(314) Pause Young (Concurrent Start) (G1 Humongous Allocation) 198M->196M(435M) 2.332ms
[2026-03-27T14:07:26.563+0900][30.696s][info][gc,cpu      ] GC(314) User=0.00s Sys=0.00s Real=0.00s
[2026-03-27T14:07:26.563+0900][30.696s][info][gc          ] GC(315) Concurrent Mark Cycle
[2026-03-27T14:07:26.563+0900][30.696s][info][gc,marking  ] GC(315) Concurrent Clear Claimed Marks
[2026-03-27T14:07:26.563+0900][30.696s][info][gc,marking  ] GC(315) Concurrent Clear Claimed Marks 0.014ms
[2026-03-27T14:07:26.563+0900][30.696s][info][gc,marking  ] GC(315) Concurrent Scan Root Regions
[2026-03-27T14:07:26.563+0900][30.696s][info][gc,marking  ] GC(315) Concurrent Scan Root Regions 0.120ms
[2026-03-27T14:07:26.563+0900][30.696s][info][gc,marking  ] GC(315) Concurrent Mark
[2026-03-27T14:07:26.563+0900][30.696s][info][gc,marking  ] GC(315) Concurrent Mark From Roots
[2026-03-27T14:07:26.563+0900][30.696s][info][gc,task     ] GC(315) Using 2 workers of 2 for marking
[2026-03-27T14:07:26.563+0900][30.697s][info][gc,marking  ] GC(315) Concurrent Mark From Roots 0.793ms
[2026-03-27T14:07:26.563+0900][30.697s][info][gc,marking  ] GC(315) Concurrent Preclean
[2026-03-27T14:07:26.563+0900][30.697s][info][gc,marking  ] GC(315) Concurrent Preclean 0.017ms
[2026-03-27T14:07:26.563+0900][30.697s][info][gc,start    ] GC(315) Pause Remark
[2026-03-27T14:07:26.563+0900][30.698s][info][gc          ] GC(315) Pause Remark 197M->197M(435M) 0.698ms
[2026-03-27T14:07:26.563+0900][30.698s][info][gc,cpu      ] GC(315) User=0.00s Sys=0.00s Real=0.00s
[2026-03-27T14:07:26.563+0900][30.698s][info][gc,marking  ] GC(315) Concurrent Mark 1.885ms
[2026-03-27T14:07:26.563+0900][30.698s][info][gc,marking  ] GC(315) Concurrent Rebuild Remembered Sets
[2026-03-27T14:07:26.563+0900][30.698s][info][gc,marking  ] GC(315) Concurrent Rebuild Remembered Sets 0.432ms
[2026-03-27T14:07:26.563+0900][30.698s][info][gc,start    ] GC(315) Pause Cleanup
[2026-03-27T14:07:26.563+0900][30.699s][info][gc          ] GC(315) Pause Cleanup 197M->197M(435M) 0.107ms
[2026-03-27T14:07:26.563+0900][30.699s][info][gc,cpu      ] GC(315) User=0.00s Sys=0.00s Real=0.00s
[2026-03-27T14:07:26.563+0900][30.699s][info][gc,marking  ] GC(315) Concurrent Cleanup for Next Mark
[2026-03-27T14:07:26.563+0900][30.699s][info][gc,marking  ] GC(315) Concurrent Cleanup for Next Mark 0.318ms
[2026-03-27T14:07:26.563+0900][30.699s][info][gc          ] GC(315) Concurrent Mark Cycle 3.307ms
[2026-03-27T14:07:26.626+0900][30.757s][info][gc,start    ] GC(316) Pause Young (Concurrent Start) (G1 Humongous Allocation)
[2026-03-27T14:07:26.626+0900][30.757s][info][gc,task     ] GC(316) Using 8 workers of 8 for evacuation
[2026-03-27T14:07:26.626+0900][30.758s][info][gc,phases   ] GC(316)   Pre Evacuate Collection Set: 0.1ms
[2026-03-27T14:07:26.626+0900][30.758s][info][gc,phases   ] GC(316)   Merge Heap Roots: 0.2ms
[2026-03-27T14:07:26.626+0900][30.758s][info][gc,phases   ] GC(316)   Evacuate Collection Set: 0.2ms
[2026-03-27T14:07:26.626+0900][30.758s][info][gc,phases   ] GC(316)   Post Evacuate Collection Set: 0.7ms
[2026-03-27T14:07:26.626+0900][30.758s][info][gc,phases   ] GC(316)   Other: 0.2ms
[2026-03-27T14:07:26.626+0900][30.758s][info][gc,heap     ] GC(316) Eden regions: 1->0(192)
[2026-03-27T14:07:26.626+0900][30.758s][info][gc,heap     ] GC(316) Survivor regions: 1->1(25)
[2026-03-27T14:07:26.626+0900][30.758s][info][gc,heap     ] GC(316) Old regions: 1->1
[2026-03-27T14:07:26.626+0900][30.758s][info][gc,heap     ] GC(316) Archive regions: 0->0
[2026-03-27T14:07:26.626+0900][30.758s][info][gc,heap     ] GC(316) Humongous regions: 197->196
[2026-03-27T14:07:26.626+0900][30.758s][info][gc,metaspace] GC(316) Metaspace: 166K(384K)->166K(384K) NonClass: 157K(256K)->157K(256K) Class: 9K(128K)->9K(128K)
[2026-03-27T14:07:26.626+0900][30.758s][info][gc          ] GC(316) Pause Young (Concurrent Start) (G1 Humongous Allocation) 198M->196M(435M) 1.787ms
[2026-03-27T14:07:26.626+0900][30.758s][info][gc,cpu      ] GC(316) User=0.00s Sys=0.00s Real=0.00s
[2026-03-27T14:07:26.626+0900][30.759s][info][gc          ] GC(317) Concurrent Mark Cycle
[2026-03-27T14:07:26.626+0900][30.759s][info][gc,marking  ] GC(317) Concurrent Clear Claimed Marks
[2026-03-27T14:07:26.626+0900][30.759s][info][gc,marking  ] GC(317) Concurrent Clear Claimed Marks 0.014ms
[2026-03-27T14:07:26.626+0900][30.759s][info][gc,marking  ] GC(317) Concurrent Scan Root Regions
[2026-03-27T14:07:26.626+0900][30.759s][info][gc,marking  ] GC(317) Concurrent Scan Root Regions 0.086ms
[2026-03-27T14:07:26.626+0900][30.759s][info][gc,marking  ] GC(317) Concurrent Mark
[2026-03-27T14:07:26.626+0900][30.759s][info][gc,marking  ] GC(317) Concurrent Mark From Roots
[2026-03-27T14:07:26.626+0900][30.759s][info][gc,task     ] GC(317) Using 2 workers of 2 for marking
[2026-03-27T14:07:26.626+0900][30.760s][info][gc,marking  ] GC(317) Concurrent Mark From Roots 0.883ms
[2026-03-27T14:07:26.626+0900][30.760s][info][gc,marking  ] GC(317) Concurrent Preclean
[2026-03-27T14:07:26.626+0900][30.760s][info][gc,marking  ] GC(317) Concurrent Preclean 0.015ms
[2026-03-27T14:07:26.626+0900][30.760s][info][gc,start    ] GC(317) Pause Remark
[2026-03-27T14:07:26.626+0900][30.760s][info][gc          ] GC(317) Pause Remark 197M->197M(435M) 0.505ms
[2026-03-27T14:07:26.626+0900][30.760s][info][gc,cpu      ] GC(317) User=0.00s Sys=0.00s Real=0.00s
[2026-03-27T14:07:26.626+0900][30.760s][info][gc,marking  ] GC(317) Concurrent Mark 1.687ms
[2026-03-27T14:07:26.626+0900][30.760s][info][gc,marking  ] GC(317) Concurrent Rebuild Remembered Sets
[2026-03-27T14:07:26.626+0900][30.761s][info][gc,marking  ] GC(317) Concurrent Rebuild Remembered Sets 0.478ms
[2026-03-27T14:07:26.626+0900][30.761s][info][gc,start    ] GC(317) Pause Cleanup
[2026-03-27T14:07:26.626+0900][30.761s][info][gc          ] GC(317) Pause Cleanup 197M->197M(435M) 0.182ms
[2026-03-27T14:07:26.626+0900][30.761s][info][gc,cpu      ] GC(317) User=0.00s Sys=0.00s Real=0.00s
[2026-03-27T14:07:26.626+0900][30.761s][info][gc,marking  ] GC(317) Concurrent Cleanup for Next Mark
[2026-03-27T14:07:26.626+0900][30.762s][info][gc,marking  ] GC(317) Concurrent Cleanup for Next Mark 0.275ms
[2026-03-27T14:07:26.626+0900][30.762s][info][gc          ] GC(317) Concurrent Mark Cycle 3.259ms
[2026-03-27T14:07:26.690+0900][30.820s][info][gc,start    ] GC(318) Pause Young (Concurrent Start) (G1 Humongous Allocation)
[2026-03-27T14:07:26.690+0900][30.820s][info][gc,task     ] GC(318) Using 8 workers of 8 for evacuation
[2026-03-27T14:07:26.690+0900][30.821s][info][gc,phases   ] GC(318)   Pre Evacuate Collection Set: 0.1ms
[2026-03-27T14:07:26.690+0900][30.821s][info][gc,phases   ] GC(318)   Merge Heap Roots: 0.5ms
[2026-03-27T14:07:26.690+0900][30.821s][info][gc,phases   ] GC(318)   Evacuate Collection Set: 0.1ms
[2026-03-27T14:07:26.690+0900][30.821s][info][gc,phases   ] GC(318)   Post Evacuate Collection Set: 0.1ms
[2026-03-27T14:07:26.690+0900][30.821s][info][gc,phases   ] GC(318)   Other: 0.1ms
[2026-03-27T14:07:26.690+0900][30.821s][info][gc,heap     ] GC(318) Eden regions: 1->0(192)
[2026-03-27T14:07:26.690+0900][30.821s][info][gc,heap     ] GC(318) Survivor regions: 1->1(25)
[2026-03-27T14:07:26.690+0900][30.821s][info][gc,heap     ] GC(318) Old regions: 1->1
[2026-03-27T14:07:26.690+0900][30.821s][info][gc,heap     ] GC(318) Archive regions: 0->0
[2026-03-27T14:07:26.690+0900][30.821s][info][gc,heap     ] GC(318) Humongous regions: 197->196
[2026-03-27T14:07:26.690+0900][30.821s][info][gc,metaspace] GC(318) Metaspace: 166K(384K)->166K(384K) NonClass: 157K(256K)->157K(256K) Class: 9K(128K)->9K(128K)
[2026-03-27T14:07:26.690+0900][30.821s][info][gc          ] GC(318) Pause Young (Concurrent Start) (G1 Humongous Allocation) 198M->196M(435M) 1.104ms
[2026-03-27T14:07:26.690+0900][30.821s][info][gc,cpu      ] GC(318) User=0.00s Sys=0.00s Real=0.00s
[2026-03-27T14:07:26.690+0900][30.821s][info][gc          ] GC(319) Concurrent Mark Cycle
[2026-03-27T14:07:26.690+0900][30.821s][info][gc,marking  ] GC(319) Concurrent Clear Claimed Marks
[2026-03-27T14:07:26.690+0900][30.821s][info][gc,marking  ] GC(319) Concurrent Clear Claimed Marks 0.012ms
[2026-03-27T14:07:26.690+0900][30.821s][info][gc,marking  ] GC(319) Concurrent Scan Root Regions
[2026-03-27T14:07:26.690+0900][30.821s][info][gc,marking  ] GC(319) Concurrent Scan Root Regions 0.026ms
[2026-03-27T14:07:26.690+0900][30.821s][info][gc,marking  ] GC(319) Concurrent Mark
[2026-03-27T14:07:26.690+0900][30.821s][info][gc,marking  ] GC(319) Concurrent Mark From Roots
[2026-03-27T14:07:26.690+0900][30.821s][info][gc,task     ] GC(319) Using 2 workers of 2 for marking
[2026-03-27T14:07:26.691+0900][30.822s][info][gc,marking  ] GC(319) Concurrent Mark From Roots 0.651ms
[2026-03-27T14:07:26.691+0900][30.822s][info][gc,marking  ] GC(319) Concurrent Preclean
[2026-03-27T14:07:26.691+0900][30.822s][info][gc,marking  ] GC(319) Concurrent Preclean 0.012ms
[2026-03-27T14:07:26.691+0900][30.822s][info][gc,start    ] GC(319) Pause Remark
[2026-03-27T14:07:26.691+0900][30.822s][info][gc          ] GC(319) Pause Remark 197M->197M(435M) 0.203ms
[2026-03-27T14:07:26.691+0900][30.822s][info][gc,cpu      ] GC(319) User=0.00s Sys=0.00s Real=0.00s
[2026-03-27T14:07:26.691+0900][30.822s][info][gc,marking  ] GC(319) Concurrent Mark 0.985ms
[2026-03-27T14:07:26.691+0900][30.822s][info][gc,marking  ] GC(319) Concurrent Rebuild Remembered Sets
[2026-03-27T14:07:26.691+0900][30.822s][info][gc,marking  ] GC(319) Concurrent Rebuild Remembered Sets 0.346ms
[2026-03-27T14:07:26.691+0900][30.822s][info][gc,start    ] GC(319) Pause Cleanup
[2026-03-27T14:07:26.691+0900][30.822s][info][gc          ] GC(319) Pause Cleanup 197M->197M(435M) 0.051ms
[2026-03-27T14:07:26.691+0900][30.822s][info][gc,cpu      ] GC(319) User=0.00s Sys=0.00s Real=0.00s
[2026-03-27T14:07:26.693+0900][30.822s][info][gc,marking  ] GC(319) Concurrent Cleanup for Next Mark
[2026-03-27T14:07:26.693+0900][30.823s][info][gc,marking  ] GC(319) Concurrent Cleanup for Next Mark 0.204ms
[2026-03-27T14:07:26.693+0900][30.823s][info][gc          ] GC(319) Concurrent Mark Cycle 1.888ms
[2026-03-27T14:07:26.754+0900][30.884s][info][gc,start    ] GC(320) Pause Young (Concurrent Start) (G1 Humongous Allocation)
[2026-03-27T14:07:26.754+0900][30.885s][info][gc,task     ] GC(320) Using 8 workers of 8 for evacuation
[2026-03-27T14:07:26.754+0900][30.887s][info][gc,phases   ] GC(320)   Pre Evacuate Collection Set: 0.2ms
[2026-03-27T14:07:26.754+0900][30.887s][info][gc,phases   ] GC(320)   Merge Heap Roots: 0.3ms
[2026-03-27T14:07:26.754+0900][30.887s][info][gc,phases   ] GC(320)   Evacuate Collection Set: 0.4ms
[2026-03-27T14:07:26.754+0900][30.887s][info][gc,phases   ] GC(320)   Post Evacuate Collection Set: 0.9ms
[2026-03-27T14:07:26.754+0900][30.887s][info][gc,phases   ] GC(320)   Other: 0.2ms
[2026-03-27T14:07:26.754+0900][30.887s][info][gc,heap     ] GC(320) Eden regions: 1->0(192)
[2026-03-27T14:07:26.754+0900][30.887s][info][gc,heap     ] GC(320) Survivor regions: 1->1(25)
[2026-03-27T14:07:26.754+0900][30.887s][info][gc,heap     ] GC(320) Old regions: 1->1
[2026-03-27T14:07:26.754+0900][30.887s][info][gc,heap     ] GC(320) Archive regions: 0->0
[2026-03-27T14:07:26.754+0900][30.887s][info][gc,heap     ] GC(320) Humongous regions: 197->196
[2026-03-27T14:07:26.754+0900][30.887s][info][gc,metaspace] GC(320) Metaspace: 166K(384K)->166K(384K) NonClass: 157K(256K)->157K(256K) Class: 9K(128K)->9K(128K)
[2026-03-27T14:07:26.754+0900][30.887s][info][gc          ] GC(320) Pause Young (Concurrent Start) (G1 Humongous Allocation) 198M->196M(435M) 2.719ms
[2026-03-27T14:07:26.754+0900][30.887s][info][gc,cpu      ] GC(320) User=0.00s Sys=0.00s Real=0.00s
[2026-03-27T14:07:26.754+0900][30.887s][info][gc          ] GC(321) Concurrent Mark Cycle
[2026-03-27T14:07:26.754+0900][30.887s][info][gc,marking  ] GC(321) Concurrent Clear Claimed Marks
[2026-03-27T14:07:26.754+0900][30.887s][info][gc,marking  ] GC(321) Concurrent Clear Claimed Marks 0.041ms
[2026-03-27T14:07:26.754+0900][30.887s][info][gc,marking  ] GC(321) Concurrent Scan Root Regions
[2026-03-27T14:07:26.754+0900][30.888s][info][gc,marking  ] GC(321) Concurrent Scan Root Regions 0.179ms
[2026-03-27T14:07:26.754+0900][30.888s][info][gc,marking  ] GC(321) Concurrent Mark
[2026-03-27T14:07:26.754+0900][30.888s][info][gc,marking  ] GC(321) Concurrent Mark From Roots
[2026-03-27T14:07:26.754+0900][30.888s][info][gc,task     ] GC(321) Using 2 workers of 2 for marking
[2026-03-27T14:07:26.754+0900][30.890s][info][gc,marking  ] GC(321) Concurrent Mark From Roots 1.989ms
[2026-03-27T14:07:26.754+0900][30.890s][info][gc,marking  ] GC(321) Concurrent Preclean
[2026-03-27T14:07:26.754+0900][30.890s][info][gc,marking  ] GC(321) Concurrent Preclean 0.045ms
[2026-03-27T14:07:26.754+0900][30.890s][info][gc,start    ] GC(321) Pause Remark
[2026-03-27T14:07:26.754+0900][30.892s][info][gc          ] GC(321) Pause Remark 197M->197M(435M) 1.630ms
[2026-03-27T14:07:26.754+0900][30.892s][info][gc,cpu      ] GC(321) User=0.00s Sys=0.00s Real=0.00s
[2026-03-27T14:07:26.754+0900][30.892s][info][gc,marking  ] GC(321) Concurrent Mark 4.539ms
[2026-03-27T14:07:26.754+0900][30.892s][info][gc,marking  ] GC(321) Concurrent Rebuild Remembered Sets
[2026-03-27T14:07:26.754+0900][30.894s][info][gc,marking  ] GC(321) Concurrent Rebuild Remembered Sets 1.115ms
[2026-03-27T14:07:26.754+0900][30.894s][info][gc,start    ] GC(321) Pause Cleanup
[2026-03-27T14:07:26.754+0900][30.894s][info][gc          ] GC(321) Pause Cleanup 197M->197M(435M) 0.389ms
[2026-03-27T14:07:26.754+0900][30.895s][info][gc,cpu      ] GC(321) User=0.00s Sys=0.00s Real=0.00s
[2026-03-27T14:07:26.754+0900][30.895s][info][gc,marking  ] GC(321) Concurrent Cleanup for Next Mark
[2026-03-27T14:07:26.754+0900][30.895s][info][gc,marking  ] GC(321) Concurrent Cleanup for Next Mark 0.667ms
[2026-03-27T14:07:26.754+0900][30.895s][info][gc          ] GC(321) Concurrent Mark Cycle 8.128ms
[2026-03-27T14:07:26.818+0900][30.948s][info][gc,start    ] GC(322) Pause Young (Concurrent Start) (G1 Humongous Allocation)
[2026-03-27T14:07:26.818+0900][30.949s][info][gc,task     ] GC(322) Using 8 workers of 8 for evacuation
[2026-03-27T14:07:26.820+0900][30.950s][info][gc,phases   ] GC(322)   Pre Evacuate Collection Set: 0.2ms
[2026-03-27T14:07:26.820+0900][30.950s][info][gc,phases   ] GC(322)   Merge Heap Roots: 0.3ms
[2026-03-27T14:07:26.820+0900][30.950s][info][gc,phases   ] GC(322)   Evacuate Collection Set: 0.3ms
[2026-03-27T14:07:26.820+0900][30.950s][info][gc,phases   ] GC(322)   Post Evacuate Collection Set: 0.5ms
[2026-03-27T14:07:26.820+0900][30.950s][info][gc,phases   ] GC(322)   Other: 0.2ms
[2026-03-27T14:07:26.820+0900][30.950s][info][gc,heap     ] GC(322) Eden regions: 1->0(192)
[2026-03-27T14:07:26.820+0900][30.950s][info][gc,heap     ] GC(322) Survivor regions: 1->1(25)
[2026-03-27T14:07:26.820+0900][30.950s][info][gc,heap     ] GC(322) Old regions: 1->1
[2026-03-27T14:07:26.820+0900][30.950s][info][gc,heap     ] GC(322) Archive regions: 0->0
[2026-03-27T14:07:26.820+0900][30.951s][info][gc,heap     ] GC(322) Humongous regions: 197->196
[2026-03-27T14:07:26.820+0900][30.951s][info][gc,metaspace] GC(322) Metaspace: 166K(384K)->166K(384K) NonClass: 157K(256K)->157K(256K) Class: 9K(128K)->9K(128K)
[2026-03-27T14:07:26.820+0900][30.951s][info][gc          ] GC(322) Pause Young (Concurrent Start) (G1 Humongous Allocation) 198M->196M(435M) 2.306ms
[2026-03-27T14:07:26.820+0900][30.951s][info][gc,cpu      ] GC(322) User=0.00s Sys=0.00s Real=0.00s
[2026-03-27T14:07:26.820+0900][30.951s][info][gc          ] GC(323) Concurrent Mark Cycle
[2026-03-27T14:07:26.820+0900][30.951s][info][gc,marking  ] GC(323) Concurrent Clear Claimed Marks
[2026-03-27T14:07:26.820+0900][30.951s][info][gc,marking  ] GC(323) Concurrent Clear Claimed Marks 0.052ms
[2026-03-27T14:07:26.820+0900][30.951s][info][gc,marking  ] GC(323) Concurrent Scan Root Regions
[2026-03-27T14:07:26.820+0900][30.951s][info][gc,marking  ] GC(323) Concurrent Scan Root Regions 0.257ms
[2026-03-27T14:07:26.820+0900][30.951s][info][gc,marking  ] GC(323) Concurrent Mark
[2026-03-27T14:07:26.820+0900][30.951s][info][gc,marking  ] GC(323) Concurrent Mark From Roots
[2026-03-27T14:07:26.820+0900][30.951s][info][gc,task     ] GC(323) Using 2 workers of 2 for marking
[2026-03-27T14:07:26.820+0900][30.953s][info][gc,marking  ] GC(323) Concurrent Mark From Roots 1.961ms
[2026-03-27T14:07:26.820+0900][30.954s][info][gc,marking  ] GC(323) Concurrent Preclean
[2026-03-27T14:07:26.820+0900][30.954s][info][gc,marking  ] GC(323) Concurrent Preclean 0.038ms
[2026-03-27T14:07:26.820+0900][30.954s][info][gc,start    ] GC(323) Pause Remark
[2026-03-27T14:07:26.820+0900][30.955s][info][gc          ] GC(323) Pause Remark 199M->199M(435M) 1.051ms
[2026-03-27T14:07:26.820+0900][30.955s][info][gc,cpu      ] GC(323) User=0.00s Sys=0.00s Real=0.00s
[2026-03-27T14:07:26.820+0900][30.955s][info][gc,marking  ] GC(323) Concurrent Mark 3.792ms
[2026-03-27T14:07:26.820+0900][30.955s][info][gc,marking  ] GC(323) Concurrent Rebuild Remembered Sets
[2026-03-27T14:07:26.820+0900][30.956s][info][gc,marking  ] GC(323) Concurrent Rebuild Remembered Sets 0.987ms
[2026-03-27T14:07:26.820+0900][30.957s][info][gc,start    ] GC(323) Pause Cleanup
[2026-03-27T14:07:26.820+0900][30.957s][info][gc          ] GC(323) Pause Cleanup 199M->199M(435M) 0.262ms
[2026-03-27T14:07:26.820+0900][30.957s][info][gc,cpu      ] GC(323) User=0.00s Sys=0.00s Real=0.00s
[2026-03-27T14:07:26.820+0900][30.957s][info][gc,marking  ] GC(323) Concurrent Cleanup for Next Mark
[2026-03-27T14:07:26.820+0900][30.958s][info][gc,marking  ] GC(323) Concurrent Cleanup for Next Mark 0.404ms
[2026-03-27T14:07:26.820+0900][30.958s][info][gc          ] GC(323) Concurrent Mark Cycle 6.757ms
[2026-03-27T14:07:26.882+0900][31.012s][info][gc,start    ] GC(324) Pause Young (Concurrent Start) (G1 Humongous Allocation)
[2026-03-27T14:07:26.882+0900][31.013s][info][gc,task     ] GC(324) Using 8 workers of 8 for evacuation
[2026-03-27T14:07:26.882+0900][31.015s][info][gc,phases   ] GC(324)   Pre Evacuate Collection Set: 0.2ms
[2026-03-27T14:07:26.882+0900][31.015s][info][gc,phases   ] GC(324)   Merge Heap Roots: 0.3ms
[2026-03-27T14:07:26.882+0900][31.015s][info][gc,phases   ] GC(324)   Evacuate Collection Set: 0.5ms
[2026-03-27T14:07:26.882+0900][31.015s][info][gc,phases   ] GC(324)   Post Evacuate Collection Set: 1.1ms
[2026-03-27T14:07:26.882+0900][31.015s][info][gc,phases   ] GC(324)   Other: 0.4ms
[2026-03-27T14:07:26.882+0900][31.015s][info][gc,heap     ] GC(324) Eden regions: 1->0(197)
[2026-03-27T14:07:26.882+0900][31.015s][info][gc,heap     ] GC(324) Survivor regions: 1->1(25)
[2026-03-27T14:07:26.882+0900][31.015s][info][gc,heap     ] GC(324) Old regions: 1->1
[2026-03-27T14:07:26.882+0900][31.016s][info][gc,heap     ] GC(324) Archive regions: 0->0
[2026-03-27T14:07:26.882+0900][31.016s][info][gc,heap     ] GC(324) Humongous regions: 199->198
[2026-03-27T14:07:26.882+0900][31.016s][info][gc,metaspace] GC(324) Metaspace: 166K(384K)->166K(384K) NonClass: 157K(256K)->157K(256K) Class: 9K(128K)->9K(128K)
[2026-03-27T14:07:26.882+0900][31.016s][info][gc          ] GC(324) Pause Young (Concurrent Start) (G1 Humongous Allocation) 200M->198M(443M) 3.266ms
[2026-03-27T14:07:26.882+0900][31.016s][info][gc,cpu      ] GC(324) User=0.00s Sys=0.00s Real=0.00s
[2026-03-27T14:07:26.882+0900][31.016s][info][gc          ] GC(325) Concurrent Undo Cycle
[2026-03-27T14:07:26.882+0900][31.016s][info][gc,marking  ] GC(325) Concurrent Cleanup for Next Mark
[2026-03-27T14:07:26.882+0900][31.016s][info][gc,marking  ] GC(325) Concurrent Cleanup for Next Mark 0.210ms
[2026-03-27T14:07:26.882+0900][31.016s][info][gc          ] GC(325) Concurrent Undo Cycle 0.448ms
[2026-03-27T14:07:26.945+0900][31.076s][info][gc,start    ] GC(326) Pause Young (Concurrent Start) (G1 Humongous Allocation)
[2026-03-27T14:07:26.945+0900][31.076s][info][gc,task     ] GC(326) Using 8 workers of 8 for evacuation
[2026-03-27T14:07:26.945+0900][31.078s][info][gc,phases   ] GC(326)   Pre Evacuate Collection Set: 0.2ms
[2026-03-27T14:07:26.945+0900][31.078s][info][gc,phases   ] GC(326)   Merge Heap Roots: 0.2ms
[2026-03-27T14:07:26.945+0900][31.078s][info][gc,phases   ] GC(326)   Evacuate Collection Set: 0.3ms
[2026-03-27T14:07:26.945+0900][31.078s][info][gc,phases   ] GC(326)   Post Evacuate Collection Set: 0.9ms
[2026-03-27T14:07:26.945+0900][31.078s][info][gc,phases   ] GC(326)   Other: 0.3ms
[2026-03-27T14:07:26.945+0900][31.078s][info][gc,heap     ] GC(326) Eden regions: 1->0(197)
[2026-03-27T14:07:26.945+0900][31.078s][info][gc,heap     ] GC(326) Survivor regions: 1->1(25)
[2026-03-27T14:07:26.945+0900][31.078s][info][gc,heap     ] GC(326) Old regions: 1->1
[2026-03-27T14:07:26.945+0900][31.078s][info][gc,heap     ] GC(326) Archive regions: 0->0
[2026-03-27T14:07:26.945+0900][31.078s][info][gc,heap     ] GC(326) Humongous regions: 199->198
[2026-03-27T14:07:26.945+0900][31.078s][info][gc,metaspace] GC(326) Metaspace: 166K(384K)->166K(384K) NonClass: 157K(256K)->157K(256K) Class: 9K(128K)->9K(128K)
[2026-03-27T14:07:26.945+0900][31.078s][info][gc          ] GC(326) Pause Young (Concurrent Start) (G1 Humongous Allocation) 200M->198M(443M) 2.621ms
[2026-03-27T14:07:26.945+0900][31.078s][info][gc,cpu      ] GC(326) User=0.00s Sys=0.00s Real=0.00s
[2026-03-27T14:07:26.945+0900][31.079s][info][gc          ] GC(327) Concurrent Undo Cycle
[2026-03-27T14:07:26.945+0900][31.079s][info][gc,marking  ] GC(327) Concurrent Cleanup for Next Mark
[2026-03-27T14:07:26.945+0900][31.079s][info][gc,marking  ] GC(327) Concurrent Cleanup for Next Mark 0.208ms
[2026-03-27T14:07:26.945+0900][31.079s][info][gc          ] GC(327) Concurrent Undo Cycle 0.441ms
[2026-03-27T14:07:27.010+0900][31.141s][info][gc,start    ] GC(328) Pause Young (Concurrent Start) (G1 Humongous Allocation)
[2026-03-27T14:07:27.010+0900][31.141s][info][gc,task     ] GC(328) Using 8 workers of 8 for evacuation
[2026-03-27T14:07:27.010+0900][31.143s][info][gc,phases   ] GC(328)   Pre Evacuate Collection Set: 0.2ms
[2026-03-27T14:07:27.010+0900][31.143s][info][gc,phases   ] GC(328)   Merge Heap Roots: 0.2ms
[2026-03-27T14:07:27.010+0900][31.143s][info][gc,phases   ] GC(328)   Evacuate Collection Set: 0.4ms
[2026-03-27T14:07:27.010+0900][31.143s][info][gc,phases   ] GC(328)   Post Evacuate Collection Set: 0.9ms
[2026-03-27T14:07:27.010+0900][31.143s][info][gc,phases   ] GC(328)   Other: 0.2ms
[2026-03-27T14:07:27.010+0900][31.143s][info][gc,heap     ] GC(328) Eden regions: 1->0(197)
[2026-03-27T14:07:27.010+0900][31.143s][info][gc,heap     ] GC(328) Survivor regions: 1->1(25)
[2026-03-27T14:07:27.010+0900][31.143s][info][gc,heap     ] GC(328) Old regions: 1->1
[2026-03-27T14:07:27.010+0900][31.143s][info][gc,heap     ] GC(328) Archive regions: 0->0
[2026-03-27T14:07:27.010+0900][31.143s][info][gc,heap     ] GC(328) Humongous regions: 199->198
[2026-03-27T14:07:27.010+0900][31.143s][info][gc,metaspace] GC(328) Metaspace: 166K(384K)->166K(384K) NonClass: 157K(256K)->157K(256K) Class: 9K(128K)->9K(128K)
[2026-03-27T14:07:27.010+0900][31.143s][info][gc          ] GC(328) Pause Young (Concurrent Start) (G1 Humongous Allocation) 200M->198M(443M) 2.719ms
[2026-03-27T14:07:27.010+0900][31.143s][info][gc,cpu      ] GC(328) User=0.00s Sys=0.00s Real=0.00s
[2026-03-27T14:07:27.010+0900][31.144s][info][gc          ] GC(329) Concurrent Undo Cycle
[2026-03-27T14:07:27.010+0900][31.144s][info][gc,marking  ] GC(329) Concurrent Cleanup for Next Mark
[2026-03-27T14:07:27.010+0900][31.144s][info][gc,marking  ] GC(329) Concurrent Cleanup for Next Mark 0.230ms
[2026-03-27T14:07:27.010+0900][31.144s][info][gc          ] GC(329) Concurrent Undo Cycle 0.482ms
[2026-03-27T14:07:27.075+0900][31.205s][info][gc,start    ] GC(330) Pause Young (Concurrent Start) (G1 Humongous Allocation)
[2026-03-27T14:07:27.075+0900][31.205s][info][gc,task     ] GC(330) Using 8 workers of 8 for evacuation
[2026-03-27T14:07:27.075+0900][31.208s][info][gc,phases   ] GC(330)   Pre Evacuate Collection Set: 0.3ms
[2026-03-27T14:07:27.075+0900][31.208s][info][gc,phases   ] GC(330)   Merge Heap Roots: 0.3ms
[2026-03-27T14:07:27.075+0900][31.208s][info][gc,phases   ] GC(330)   Evacuate Collection Set: 0.4ms
[2026-03-27T14:07:27.075+0900][31.208s][info][gc,phases   ] GC(330)   Post Evacuate Collection Set: 1.0ms
[2026-03-27T14:07:27.075+0900][31.208s][info][gc,phases   ] GC(330)   Other: 0.3ms
[2026-03-27T14:07:27.075+0900][31.208s][info][gc,heap     ] GC(330) Eden regions: 1->0(197)
[2026-03-27T14:07:27.075+0900][31.208s][info][gc,heap     ] GC(330) Survivor regions: 1->1(25)
[2026-03-27T14:07:27.075+0900][31.208s][info][gc,heap     ] GC(330) Old regions: 1->1
[2026-03-27T14:07:27.075+0900][31.208s][info][gc,heap     ] GC(330) Archive regions: 0->0
[2026-03-27T14:07:27.075+0900][31.208s][info][gc,heap     ] GC(330) Humongous regions: 199->198
[2026-03-27T14:07:27.075+0900][31.208s][info][gc,metaspace] GC(330) Metaspace: 166K(384K)->166K(384K) NonClass: 157K(256K)->157K(256K) Class: 9K(128K)->9K(128K)
[2026-03-27T14:07:27.075+0900][31.208s][info][gc          ] GC(330) Pause Young (Concurrent Start) (G1 Humongous Allocation) 200M->198M(443M) 2.890ms
[2026-03-27T14:07:27.075+0900][31.208s][info][gc,cpu      ] GC(330) User=0.00s Sys=0.00s Real=0.00s
[2026-03-27T14:07:27.075+0900][31.208s][info][gc          ] GC(331) Concurrent Undo Cycle
[2026-03-27T14:07:27.075+0900][31.208s][info][gc,marking  ] GC(331) Concurrent Cleanup for Next Mark
[2026-03-27T14:07:27.075+0900][31.209s][info][gc,marking  ] GC(331) Concurrent Cleanup for Next Mark 0.210ms
[2026-03-27T14:07:27.075+0900][31.209s][info][gc          ] GC(331) Concurrent Undo Cycle 0.446ms
[2026-03-27T14:07:27.139+0900][31.270s][info][gc,start    ] GC(332) Pause Young (Concurrent Start) (G1 Humongous Allocation)
[2026-03-27T14:07:27.139+0900][31.270s][info][gc,task     ] GC(332) Using 8 workers of 8 for evacuation
[2026-03-27T14:07:27.139+0900][31.272s][info][gc,phases   ] GC(332)   Pre Evacuate Collection Set: 0.2ms
[2026-03-27T14:07:27.139+0900][31.272s][info][gc,phases   ] GC(332)   Merge Heap Roots: 0.2ms
[2026-03-27T14:07:27.139+0900][31.272s][info][gc,phases   ] GC(332)   Evacuate Collection Set: 0.4ms
[2026-03-27T14:07:27.139+0900][31.272s][info][gc,phases   ] GC(332)   Post Evacuate Collection Set: 1.0ms
[2026-03-27T14:07:27.139+0900][31.272s][info][gc,phases   ] GC(332)   Other: 0.2ms
[2026-03-27T14:07:27.139+0900][31.272s][info][gc,heap     ] GC(332) Eden regions: 1->0(197)
[2026-03-27T14:07:27.139+0900][31.272s][info][gc,heap     ] GC(332) Survivor regions: 1->1(25)
[2026-03-27T14:07:27.139+0900][31.272s][info][gc,heap     ] GC(332) Old regions: 1->1
[2026-03-27T14:07:27.139+0900][31.273s][info][gc,heap     ] GC(332) Archive regions: 0->0
[2026-03-27T14:07:27.139+0900][31.273s][info][gc,heap     ] GC(332) Humongous regions: 199->198
[2026-03-27T14:07:27.139+0900][31.273s][info][gc,metaspace] GC(332) Metaspace: 166K(384K)->166K(384K) NonClass: 157K(256K)->157K(256K) Class: 9K(128K)->9K(128K)
[2026-03-27T14:07:27.139+0900][31.273s][info][gc          ] GC(332) Pause Young (Concurrent Start) (G1 Humongous Allocation) 200M->198M(443M) 2.790ms
[2026-03-27T14:07:27.143+0900][31.273s][info][gc,cpu      ] GC(332) User=0.00s Sys=0.00s Real=0.00s
[2026-03-27T14:07:27.143+0900][31.273s][info][gc          ] GC(333) Concurrent Undo Cycle
[2026-03-27T14:07:27.143+0900][31.273s][info][gc,marking  ] GC(333) Concurrent Cleanup for Next Mark
[2026-03-27T14:07:27.143+0900][31.273s][info][gc,marking  ] GC(333) Concurrent Cleanup for Next Mark 0.244ms
[2026-03-27T14:07:27.143+0900][31.273s][info][gc          ] GC(333) Concurrent Undo Cycle 0.477ms
[2026-03-27T14:07:27.203+0900][31.334s][info][gc,start    ] GC(334) Pause Young (Concurrent Start) (G1 Humongous Allocation)
[2026-03-27T14:07:27.203+0900][31.334s][info][gc,task     ] GC(334) Using 8 workers of 8 for evacuation
[2026-03-27T14:07:27.203+0900][31.335s][info][gc,phases   ] GC(334)   Pre Evacuate Collection Set: 0.2ms
[2026-03-27T14:07:27.203+0900][31.335s][info][gc,phases   ] GC(334)   Merge Heap Roots: 0.1ms
[2026-03-27T14:07:27.203+0900][31.335s][info][gc,phases   ] GC(334)   Evacuate Collection Set: 0.2ms
[2026-03-27T14:07:27.203+0900][31.335s][info][gc,phases   ] GC(334)   Post Evacuate Collection Set: 0.7ms
[2026-03-27T14:07:27.203+0900][31.335s][info][gc,phases   ] GC(334)   Other: 0.2ms
[2026-03-27T14:07:27.203+0900][31.335s][info][gc,heap     ] GC(334) Eden regions: 1->0(195)
[2026-03-27T14:07:27.203+0900][31.335s][info][gc,heap     ] GC(334) Survivor regions: 1->1(25)
[2026-03-27T14:07:27.203+0900][31.336s][info][gc,heap     ] GC(334) Old regions: 1->1
[2026-03-27T14:07:27.203+0900][31.336s][info][gc,heap     ] GC(334) Archive regions: 0->0
[2026-03-27T14:07:27.203+0900][31.336s][info][gc,heap     ] GC(334) Humongous regions: 201->200
[2026-03-27T14:07:27.203+0900][31.336s][info][gc,metaspace] GC(334) Metaspace: 166K(384K)->166K(384K) NonClass: 157K(256K)->157K(256K) Class: 9K(128K)->9K(128K)
[2026-03-27T14:07:27.203+0900][31.336s][info][gc          ] GC(334) Pause Young (Concurrent Start) (G1 Humongous Allocation) 202M->200M(443M) 2.099ms
[2026-03-27T14:07:27.203+0900][31.336s][info][gc,cpu      ] GC(334) User=0.00s Sys=0.00s Real=0.00s
[2026-03-27T14:07:27.203+0900][31.336s][info][gc          ] GC(335) Concurrent Mark Cycle
[2026-03-27T14:07:27.203+0900][31.336s][info][gc,marking  ] GC(335) Concurrent Clear Claimed Marks
[2026-03-27T14:07:27.203+0900][31.336s][info][gc,marking  ] GC(335) Concurrent Clear Claimed Marks 0.031ms
[2026-03-27T14:07:27.203+0900][31.336s][info][gc,marking  ] GC(335) Concurrent Scan Root Regions
[2026-03-27T14:07:27.203+0900][31.336s][info][gc,marking  ] GC(335) Concurrent Scan Root Regions 0.168ms
[2026-03-27T14:07:27.203+0900][31.336s][info][gc,marking  ] GC(335) Concurrent Mark
[2026-03-27T14:07:27.203+0900][31.336s][info][gc,marking  ] GC(335) Concurrent Mark From Roots
[2026-03-27T14:07:27.203+0900][31.336s][info][gc,task     ] GC(335) Using 2 workers of 2 for marking
[2026-03-27T14:07:27.203+0900][31.338s][info][gc,marking  ] GC(335) Concurrent Mark From Roots 1.347ms
[2026-03-27T14:07:27.203+0900][31.338s][info][gc,marking  ] GC(335) Concurrent Preclean
[2026-03-27T14:07:27.203+0900][31.338s][info][gc,marking  ] GC(335) Concurrent Preclean 0.028ms
[2026-03-27T14:07:27.203+0900][31.338s][info][gc,start    ] GC(335) Pause Remark
[2026-03-27T14:07:27.203+0900][31.339s][info][gc          ] GC(335) Pause Remark 201M->201M(443M) 1.150ms
[2026-03-27T14:07:27.203+0900][31.339s][info][gc,cpu      ] GC(335) User=0.00s Sys=0.00s Real=0.00s
[2026-03-27T14:07:27.203+0900][31.339s][info][gc,marking  ] GC(335) Concurrent Mark 3.091ms
[2026-03-27T14:07:27.203+0900][31.339s][info][gc,marking  ] GC(335) Concurrent Rebuild Remembered Sets
[2026-03-27T14:07:27.203+0900][31.340s][info][gc,marking  ] GC(335) Concurrent Rebuild Remembered Sets 0.764ms
[2026-03-27T14:07:27.203+0900][31.340s][info][gc,start    ] GC(335) Pause Cleanup
[2026-03-27T14:07:27.203+0900][31.341s][info][gc          ] GC(335) Pause Cleanup 201M->201M(443M) 0.257ms
[2026-03-27T14:07:27.203+0900][31.341s][info][gc,cpu      ] GC(335) User=0.00s Sys=0.00s Real=0.00s
[2026-03-27T14:07:27.203+0900][31.341s][info][gc,marking  ] GC(335) Concurrent Cleanup for Next Mark
[2026-03-27T14:07:27.203+0900][31.341s][info][gc,marking  ] GC(335) Concurrent Cleanup for Next Mark 0.511ms
[2026-03-27T14:07:27.203+0900][31.341s][info][gc          ] GC(335) Concurrent Mark Cycle 5.644ms
[2026-03-27T14:07:27.267+0900][31.398s][info][gc,start    ] GC(336) Pause Young (Concurrent Start) (G1 Humongous Allocation)
[2026-03-27T14:07:27.267+0900][31.398s][info][gc,task     ] GC(336) Using 8 workers of 8 for evacuation
[2026-03-27T14:07:27.267+0900][31.400s][info][gc,phases   ] GC(336)   Pre Evacuate Collection Set: 0.2ms
[2026-03-27T14:07:27.267+0900][31.400s][info][gc,phases   ] GC(336)   Merge Heap Roots: 0.3ms
[2026-03-27T14:07:27.267+0900][31.400s][info][gc,phases   ] GC(336)   Evacuate Collection Set: 0.3ms
[2026-03-27T14:07:27.267+0900][31.400s][info][gc,phases   ] GC(336)   Post Evacuate Collection Set: 1.0ms
[2026-03-27T14:07:27.267+0900][31.400s][info][gc,phases   ] GC(336)   Other: 0.3ms
[2026-03-27T14:07:27.267+0900][31.400s][info][gc,heap     ] GC(336) Eden regions: 1->0(195)
[2026-03-27T14:07:27.267+0900][31.400s][info][gc,heap     ] GC(336) Survivor regions: 1->1(25)
[2026-03-27T14:07:27.267+0900][31.400s][info][gc,heap     ] GC(336) Old regions: 1->1
[2026-03-27T14:07:27.267+0900][31.400s][info][gc,heap     ] GC(336) Archive regions: 0->0
[2026-03-27T14:07:27.267+0900][31.400s][info][gc,heap     ] GC(336) Humongous regions: 201->200
[2026-03-27T14:07:27.267+0900][31.400s][info][gc,metaspace] GC(336) Metaspace: 166K(384K)->166K(384K) NonClass: 157K(256K)->157K(256K) Class: 9K(128K)->9K(128K)
[2026-03-27T14:07:27.267+0900][31.401s][info][gc          ] GC(336) Pause Young (Concurrent Start) (G1 Humongous Allocation) 202M->200M(443M) 2.853ms
[2026-03-27T14:07:27.267+0900][31.401s][info][gc,cpu      ] GC(336) User=0.00s Sys=0.00s Real=0.00s
[2026-03-27T14:07:27.267+0900][31.401s][info][gc          ] GC(337) Concurrent Mark Cycle
[2026-03-27T14:07:27.267+0900][31.401s][info][gc,marking  ] GC(337) Concurrent Clear Claimed Marks
[2026-03-27T14:07:27.267+0900][31.401s][info][gc,marking  ] GC(337) Concurrent Clear Claimed Marks 0.045ms
[2026-03-27T14:07:27.267+0900][31.401s][info][gc,marking  ] GC(337) Concurrent Scan Root Regions
[2026-03-27T14:07:27.267+0900][31.401s][info][gc,marking  ] GC(337) Concurrent Scan Root Regions 0.180ms
[2026-03-27T14:07:27.267+0900][31.401s][info][gc,marking  ] GC(337) Concurrent Mark
[2026-03-27T14:07:27.267+0900][31.401s][info][gc,marking  ] GC(337) Concurrent Mark From Roots
[2026-03-27T14:07:27.267+0900][31.401s][info][gc,task     ] GC(337) Using 2 workers of 2 for marking
[2026-03-27T14:07:27.267+0900][31.403s][info][gc,marking  ] GC(337) Concurrent Mark From Roots 2.024ms
[2026-03-27T14:07:27.267+0900][31.403s][info][gc,marking  ] GC(337) Concurrent Preclean
[2026-03-27T14:07:27.267+0900][31.403s][info][gc,marking  ] GC(337) Concurrent Preclean 0.044ms
[2026-03-27T14:07:27.267+0900][31.404s][info][gc,start    ] GC(337) Pause Remark
[2026-03-27T14:07:27.267+0900][31.405s][info][gc          ] GC(337) Pause Remark 201M->201M(443M) 1.298ms
[2026-03-27T14:07:27.267+0900][31.405s][info][gc,cpu      ] GC(337) User=0.00s Sys=0.00s Real=0.00s
[2026-03-27T14:07:27.267+0900][31.405s][info][gc,marking  ] GC(337) Concurrent Mark 4.242ms
[2026-03-27T14:07:27.267+0900][31.406s][info][gc,marking  ] GC(337) Concurrent Rebuild Remembered Sets
[2026-03-27T14:07:27.267+0900][31.407s][info][gc,marking  ] GC(337) Concurrent Rebuild Remembered Sets 1.168ms
[2026-03-27T14:07:27.267+0900][31.407s][info][gc,start    ] GC(337) Pause Cleanup
[2026-03-27T14:07:27.267+0900][31.408s][info][gc          ] GC(337) Pause Cleanup 201M->201M(443M) 0.379ms
[2026-03-27T14:07:27.267+0900][31.408s][info][gc,cpu      ] GC(337) User=0.00s Sys=0.00s Real=0.00s
[2026-03-27T14:07:27.267+0900][31.408s][info][gc,marking  ] GC(337) Concurrent Cleanup for Next Mark
[2026-03-27T14:07:27.267+0900][31.409s][info][gc,marking  ] GC(337) Concurrent Cleanup for Next Mark 0.723ms
[2026-03-27T14:07:27.267+0900][31.409s][info][gc          ] GC(337) Concurrent Mark Cycle 7.910ms
[2026-03-27T14:07:27.332+0900][31.462s][info][gc,start    ] GC(338) Pause Young (Concurrent Start) (G1 Humongous Allocation)
[2026-03-27T14:07:27.332+0900][31.463s][info][gc,task     ] GC(338) Using 8 workers of 8 for evacuation
[2026-03-27T14:07:27.332+0900][31.464s][info][gc,phases   ] GC(338)   Pre Evacuate Collection Set: 0.3ms
[2026-03-27T14:07:27.332+0900][31.465s][info][gc,phases   ] GC(338)   Merge Heap Roots: 0.3ms
[2026-03-27T14:07:27.332+0900][31.465s][info][gc,phases   ] GC(338)   Evacuate Collection Set: 0.3ms
[2026-03-27T14:07:27.332+0900][31.465s][info][gc,phases   ] GC(338)   Post Evacuate Collection Set: 0.8ms
[2026-03-27T14:07:27.332+0900][31.465s][info][gc,phases   ] GC(338)   Other: 0.2ms
[2026-03-27T14:07:27.332+0900][31.465s][info][gc,heap     ] GC(338) Eden regions: 1->0(195)
[2026-03-27T14:07:27.332+0900][31.465s][info][gc,heap     ] GC(338) Survivor regions: 1->1(25)
[2026-03-27T14:07:27.332+0900][31.465s][info][gc,heap     ] GC(338) Old regions: 1->1
[2026-03-27T14:07:27.332+0900][31.465s][info][gc,heap     ] GC(338) Archive regions: 0->0
[2026-03-27T14:07:27.332+0900][31.465s][info][gc,heap     ] GC(338) Humongous regions: 201->200
[2026-03-27T14:07:27.332+0900][31.465s][info][gc,metaspace] GC(338) Metaspace: 166K(384K)->166K(384K) NonClass: 157K(256K)->157K(256K) Class: 9K(128K)->9K(128K)
[2026-03-27T14:07:27.332+0900][31.465s][info][gc          ] GC(338) Pause Young (Concurrent Start) (G1 Humongous Allocation) 202M->200M(443M) 2.485ms
[2026-03-27T14:07:27.332+0900][31.465s][info][gc,cpu      ] GC(338) User=0.00s Sys=0.00s Real=0.00s
[2026-03-27T14:07:27.332+0900][31.465s][info][gc          ] GC(339) Concurrent Mark Cycle
[2026-03-27T14:07:27.332+0900][31.465s][info][gc,marking  ] GC(339) Concurrent Clear Claimed Marks
[2026-03-27T14:07:27.332+0900][31.465s][info][gc,marking  ] GC(339) Concurrent Clear Claimed Marks 0.041ms
[2026-03-27T14:07:27.332+0900][31.465s][info][gc,marking  ] GC(339) Concurrent Scan Root Regions
[2026-03-27T14:07:27.332+0900][31.465s][info][gc,marking  ] GC(339) Concurrent Scan Root Regions 0.185ms
[2026-03-27T14:07:27.332+0900][31.466s][info][gc,marking  ] GC(339) Concurrent Mark
[2026-03-27T14:07:27.332+0900][31.466s][info][gc,marking  ] GC(339) Concurrent Mark From Roots
[2026-03-27T14:07:27.332+0900][31.466s][info][gc,task     ] GC(339) Using 2 workers of 2 for marking
[2026-03-27T14:07:27.332+0900][31.468s][info][gc,marking  ] GC(339) Concurrent Mark From Roots 1.995ms
[2026-03-27T14:07:27.332+0900][31.468s][info][gc,marking  ] GC(339) Concurrent Preclean
[2026-03-27T14:07:27.332+0900][31.468s][info][gc,marking  ] GC(339) Concurrent Preclean 0.044ms
[2026-03-27T14:07:27.332+0900][31.468s][info][gc,start    ] GC(339) Pause Remark
[2026-03-27T14:07:27.332+0900][31.470s][info][gc          ] GC(339) Pause Remark 201M->201M(443M) 1.661ms
[2026-03-27T14:07:27.332+0900][31.470s][info][gc,cpu      ] GC(339) User=0.00s Sys=0.00s Real=0.00s
[2026-03-27T14:07:27.332+0900][31.470s][info][gc,marking  ] GC(339) Concurrent Mark 4.574ms
[2026-03-27T14:07:27.332+0900][31.470s][info][gc,marking  ] GC(339) Concurrent Rebuild Remembered Sets
[2026-03-27T14:07:27.332+0900][31.471s][info][gc,marking  ] GC(339) Concurrent Rebuild Remembered Sets 1.144ms
[2026-03-27T14:07:27.332+0900][31.472s][info][gc,start    ] GC(339) Pause Cleanup
[2026-03-27T14:07:27.332+0900][31.472s][info][gc          ] GC(339) Pause Cleanup 201M->201M(443M) 0.383ms
[2026-03-27T14:07:27.332+0900][31.472s][info][gc,cpu      ] GC(339) User=0.00s Sys=0.00s Real=0.00s
[2026-03-27T14:07:27.332+0900][31.473s][info][gc,marking  ] GC(339) Concurrent Cleanup for Next Mark
[2026-03-27T14:07:27.332+0900][31.473s][info][gc,marking  ] GC(339) Concurrent Cleanup for Next Mark 0.694ms
[2026-03-27T14:07:27.332+0900][31.473s][info][gc          ] GC(339) Concurrent Mark Cycle 8.260ms
[2026-03-27T14:07:27.396+0900][31.527s][info][gc,start    ] GC(340) Pause Young (Concurrent Start) (G1 Humongous Allocation)
[2026-03-27T14:07:27.396+0900][31.527s][info][gc,task     ] GC(340) Using 8 workers of 8 for evacuation
[2026-03-27T14:07:27.396+0900][31.529s][info][gc,phases   ] GC(340)   Pre Evacuate Collection Set: 0.3ms
[2026-03-27T14:07:27.396+0900][31.529s][info][gc,phases   ] GC(340)   Merge Heap Roots: 0.4ms
[2026-03-27T14:07:27.396+0900][31.529s][info][gc,phases   ] GC(340)   Evacuate Collection Set: 0.3ms
[2026-03-27T14:07:27.396+0900][31.529s][info][gc,phases   ] GC(340)   Post Evacuate Collection Set: 0.9ms
[2026-03-27T14:07:27.396+0900][31.529s][info][gc,phases   ] GC(340)   Other: 0.3ms
[2026-03-27T14:07:27.396+0900][31.529s][info][gc,heap     ] GC(340) Eden regions: 1->0(195)
[2026-03-27T14:07:27.396+0900][31.529s][info][gc,heap     ] GC(340) Survivor regions: 1->1(25)
[2026-03-27T14:07:27.396+0900][31.529s][info][gc,heap     ] GC(340) Old regions: 1->1
[2026-03-27T14:07:27.396+0900][31.529s][info][gc,heap     ] GC(340) Archive regions: 0->0
[2026-03-27T14:07:27.396+0900][31.529s][info][gc,heap     ] GC(340) Humongous regions: 201->200
[2026-03-27T14:07:27.396+0900][31.529s][info][gc,metaspace] GC(340) Metaspace: 166K(384K)->166K(384K) NonClass: 157K(256K)->157K(256K) Class: 9K(128K)->9K(128K)
[2026-03-27T14:07:27.396+0900][31.529s][info][gc          ] GC(340) Pause Young (Concurrent Start) (G1 Humongous Allocation) 202M->200M(443M) 2.941ms
[2026-03-27T14:07:27.396+0900][31.530s][info][gc,cpu      ] GC(340) User=0.00s Sys=0.00s Real=0.00s
[2026-03-27T14:07:27.396+0900][31.530s][info][gc          ] GC(341) Concurrent Mark Cycle
[2026-03-27T14:07:27.396+0900][31.530s][info][gc,marking  ] GC(341) Concurrent Clear Claimed Marks
[2026-03-27T14:07:27.396+0900][31.530s][info][gc,marking  ] GC(341) Concurrent Clear Claimed Marks 0.045ms
[2026-03-27T14:07:27.396+0900][31.530s][info][gc,marking  ] GC(341) Concurrent Scan Root Regions
[2026-03-27T14:07:27.396+0900][31.530s][info][gc,marking  ] GC(341) Concurrent Scan Root Regions 0.210ms
[2026-03-27T14:07:27.396+0900][31.530s][info][gc,marking  ] GC(341) Concurrent Mark
[2026-03-27T14:07:27.396+0900][31.530s][info][gc,marking  ] GC(341) Concurrent Mark From Roots
[2026-03-27T14:07:27.396+0900][31.530s][info][gc,task     ] GC(341) Using 2 workers of 2 for marking
[2026-03-27T14:07:27.396+0900][31.532s][info][gc,marking  ] GC(341) Concurrent Mark From Roots 2.023ms
[2026-03-27T14:07:27.396+0900][31.532s][info][gc,marking  ] GC(341) Concurrent Preclean
[2026-03-27T14:07:27.396+0900][31.532s][info][gc,marking  ] GC(341) Concurrent Preclean 0.044ms
[2026-03-27T14:07:27.396+0900][31.533s][info][gc,start    ] GC(341) Pause Remark
[2026-03-27T14:07:27.396+0900][31.535s][info][gc          ] GC(341) Pause Remark 201M->201M(443M) 1.653ms
[2026-03-27T14:07:27.396+0900][31.535s][info][gc,cpu      ] GC(341) User=0.00s Sys=0.00s Real=0.00s
[2026-03-27T14:07:27.396+0900][31.535s][info][gc,marking  ] GC(341) Concurrent Mark 4.583ms
[2026-03-27T14:07:27.396+0900][31.535s][info][gc,marking  ] GC(341) Concurrent Rebuild Remembered Sets
[2026-03-27T14:07:27.396+0900][31.536s][info][gc,marking  ] GC(341) Concurrent Rebuild Remembered Sets 1.185ms
[2026-03-27T14:07:27.396+0900][31.537s][info][gc,start    ] GC(341) Pause Cleanup
[2026-03-27T14:07:27.396+0900][31.537s][info][gc          ] GC(341) Pause Cleanup 201M->201M(443M) 0.363ms
[2026-03-27T14:07:27.396+0900][31.537s][info][gc,cpu      ] GC(341) User=0.00s Sys=0.00s Real=0.00s
[2026-03-27T14:07:27.396+0900][31.537s][info][gc,marking  ] GC(341) Concurrent Cleanup for Next Mark
[2026-03-27T14:07:27.396+0900][31.538s][info][gc,marking  ] GC(341) Concurrent Cleanup for Next Mark 0.647ms
[2026-03-27T14:07:27.396+0900][31.538s][info][gc          ] GC(341) Concurrent Mark Cycle 8.288ms
[2026-03-27T14:07:27.460+0900][31.590s][info][gc,start    ] GC(342) Pause Young (Concurrent Start) (G1 Humongous Allocation)
[2026-03-27T14:07:27.460+0900][31.590s][info][gc,task     ] GC(342) Using 8 workers of 8 for evacuation
[2026-03-27T14:07:27.460+0900][31.591s][info][gc,phases   ] GC(342)   Pre Evacuate Collection Set: 0.1ms
[2026-03-27T14:07:27.460+0900][31.591s][info][gc,phases   ] GC(342)   Merge Heap Roots: 0.2ms
[2026-03-27T14:07:27.460+0900][31.591s][info][gc,phases   ] GC(342)   Evacuate Collection Set: 0.1ms
[2026-03-27T14:07:27.460+0900][31.591s][info][gc,phases   ] GC(342)   Post Evacuate Collection Set: 0.5ms
[2026-03-27T14:07:27.460+0900][31.591s][info][gc,phases   ] GC(342)   Other: 0.1ms
[2026-03-27T14:07:27.460+0900][31.591s][info][gc,heap     ] GC(342) Eden regions: 1->0(202)
[2026-03-27T14:07:27.460+0900][31.591s][info][gc,heap     ] GC(342) Survivor regions: 1->1(25)
[2026-03-27T14:07:27.460+0900][31.591s][info][gc,heap     ] GC(342) Old regions: 1->1
[2026-03-27T14:07:27.460+0900][31.591s][info][gc,heap     ] GC(342) Archive regions: 0->0
[2026-03-27T14:07:27.460+0900][31.591s][info][gc,heap     ] GC(342) Humongous regions: 201->200
[2026-03-27T14:07:27.460+0900][31.591s][info][gc,metaspace] GC(342) Metaspace: 166K(384K)->166K(384K) NonClass: 157K(256K)->157K(256K) Class: 9K(128K)->9K(128K)
[2026-03-27T14:07:27.460+0900][31.591s][info][gc          ] GC(342) Pause Young (Concurrent Start) (G1 Humongous Allocation) 202M->200M(450M) 1.260ms
[2026-03-27T14:07:27.460+0900][31.591s][info][gc,cpu      ] GC(342) User=0.00s Sys=0.00s Real=0.00s
[2026-03-27T14:07:27.460+0900][31.591s][info][gc          ] GC(343) Concurrent Undo Cycle
[2026-03-27T14:07:27.460+0900][31.591s][info][gc,marking  ] GC(343) Concurrent Cleanup for Next Mark
[2026-03-27T14:07:27.460+0900][31.591s][info][gc,marking  ] GC(343) Concurrent Cleanup for Next Mark 0.045ms
[2026-03-27T14:07:27.460+0900][31.591s][info][gc          ] GC(343) Concurrent Undo Cycle 0.131ms
[2026-03-27T14:07:27.524+0900][31.654s][info][gc,start    ] GC(344) Pause Young (Concurrent Start) (G1 Humongous Allocation)
[2026-03-27T14:07:27.524+0900][31.655s][info][gc,task     ] GC(344) Using 8 workers of 8 for evacuation
[2026-03-27T14:07:27.524+0900][31.657s][info][gc,phases   ] GC(344)   Pre Evacuate Collection Set: 0.3ms
[2026-03-27T14:07:27.524+0900][31.657s][info][gc,phases   ] GC(344)   Merge Heap Roots: 0.3ms
[2026-03-27T14:07:27.524+0900][31.657s][info][gc,phases   ] GC(344)   Evacuate Collection Set: 0.4ms
[2026-03-27T14:07:27.524+0900][31.657s][info][gc,phases   ] GC(344)   Post Evacuate Collection Set: 1.0ms
[2026-03-27T14:07:27.524+0900][31.657s][info][gc,phases   ] GC(344)   Other: 0.3ms
[2026-03-27T14:07:27.524+0900][31.657s][info][gc,heap     ] GC(344) Eden regions: 1->0(200)
[2026-03-27T14:07:27.524+0900][31.657s][info][gc,heap     ] GC(344) Survivor regions: 1->1(26)
[2026-03-27T14:07:27.524+0900][31.657s][info][gc,heap     ] GC(344) Old regions: 1->1
[2026-03-27T14:07:27.524+0900][31.657s][info][gc,heap     ] GC(344) Archive regions: 0->0
[2026-03-27T14:07:27.524+0900][31.657s][info][gc,heap     ] GC(344) Humongous regions: 203->202
[2026-03-27T14:07:27.524+0900][31.657s][info][gc,metaspace] GC(344) Metaspace: 166K(384K)->166K(384K) NonClass: 157K(256K)->157K(256K) Class: 9K(128K)->9K(128K)
[2026-03-27T14:07:27.524+0900][31.657s][info][gc          ] GC(344) Pause Young (Concurrent Start) (G1 Humongous Allocation) 204M->202M(450M) 2.923ms
[2026-03-27T14:07:27.524+0900][31.657s][info][gc,cpu      ] GC(344) User=0.00s Sys=0.00s Real=0.00s
[2026-03-27T14:07:27.524+0900][31.658s][info][gc          ] GC(345) Concurrent Mark Cycle
[2026-03-27T14:07:27.524+0900][31.658s][info][gc,marking  ] GC(345) Concurrent Clear Claimed Marks
[2026-03-27T14:07:27.524+0900][31.658s][info][gc,marking  ] GC(345) Concurrent Clear Claimed Marks 0.042ms
[2026-03-27T14:07:27.524+0900][31.658s][info][gc,marking  ] GC(345) Concurrent Scan Root Regions
[2026-03-27T14:07:27.524+0900][31.658s][info][gc,marking  ] GC(345) Concurrent Scan Root Regions 0.202ms
[2026-03-27T14:07:27.524+0900][31.658s][info][gc,marking  ] GC(345) Concurrent Mark
[2026-03-27T14:07:27.524+0900][31.658s][info][gc,marking  ] GC(345) Concurrent Mark From Roots
[2026-03-27T14:07:27.524+0900][31.658s][info][gc,task     ] GC(345) Using 2 workers of 2 for marking
[2026-03-27T14:07:27.524+0900][31.660s][info][gc,marking  ] GC(345) Concurrent Mark From Roots 2.034ms
[2026-03-27T14:07:27.524+0900][31.660s][info][gc,marking  ] GC(345) Concurrent Preclean
[2026-03-27T14:07:27.524+0900][31.660s][info][gc,marking  ] GC(345) Concurrent Preclean 0.046ms
[2026-03-27T14:07:27.524+0900][31.661s][info][gc,start    ] GC(345) Pause Remark
[2026-03-27T14:07:27.524+0900][31.662s][info][gc          ] GC(345) Pause Remark 203M->203M(450M) 1.651ms
[2026-03-27T14:07:27.524+0900][31.662s][info][gc,cpu      ] GC(345) User=0.00s Sys=0.00s Real=0.00s
[2026-03-27T14:07:27.524+0900][31.663s][info][gc,marking  ] GC(345) Concurrent Mark 4.615ms
[2026-03-27T14:07:27.524+0900][31.663s][info][gc,marking  ] GC(345) Concurrent Rebuild Remembered Sets
[2026-03-27T14:07:27.524+0900][31.664s][info][gc,marking  ] GC(345) Concurrent Rebuild Remembered Sets 1.179ms
[2026-03-27T14:07:27.524+0900][31.664s][info][gc,start    ] GC(345) Pause Cleanup
[2026-03-27T14:07:27.524+0900][31.665s][info][gc          ] GC(345) Pause Cleanup 203M->203M(450M) 0.393ms
[2026-03-27T14:07:27.524+0900][31.665s][info][gc,cpu      ] GC(345) User=0.00s Sys=0.00s Real=0.00s
[2026-03-27T14:07:27.524+0900][31.665s][info][gc,marking  ] GC(345) Concurrent Cleanup for Next Mark
[2026-03-27T14:07:27.524+0900][31.666s][info][gc,marking  ] GC(345) Concurrent Cleanup for Next Mark 0.723ms
[2026-03-27T14:07:27.524+0900][31.666s][info][gc          ] GC(345) Concurrent Mark Cycle 8.325ms
[2026-03-27T14:07:27.588+0900][31.718s][info][gc,start    ] GC(346) Pause Young (Concurrent Start) (G1 Humongous Allocation)
[2026-03-27T14:07:27.588+0900][31.719s][info][gc,task     ] GC(346) Using 8 workers of 8 for evacuation
[2026-03-27T14:07:27.588+0900][31.721s][info][gc,phases   ] GC(346)   Pre Evacuate Collection Set: 0.2ms
[2026-03-27T14:07:27.588+0900][31.721s][info][gc,phases   ] GC(346)   Merge Heap Roots: 0.4ms
[2026-03-27T14:07:27.588+0900][31.721s][info][gc,phases   ] GC(346)   Evacuate Collection Set: 0.3ms
[2026-03-27T14:07:27.588+0900][31.721s][info][gc,phases   ] GC(346)   Post Evacuate Collection Set: 0.9ms
[2026-03-27T14:07:27.588+0900][31.721s][info][gc,phases   ] GC(346)   Other: 0.2ms
[2026-03-27T14:07:27.588+0900][31.721s][info][gc,heap     ] GC(346) Eden regions: 1->0(200)
[2026-03-27T14:07:27.588+0900][31.721s][info][gc,heap     ] GC(346) Survivor regions: 1->1(26)
[2026-03-27T14:07:27.588+0900][31.721s][info][gc,heap     ] GC(346) Old regions: 1->1
[2026-03-27T14:07:27.588+0900][31.721s][info][gc,heap     ] GC(346) Archive regions: 0->0
[2026-03-27T14:07:27.588+0900][31.721s][info][gc,heap     ] GC(346) Humongous regions: 203->202
[2026-03-27T14:07:27.588+0900][31.721s][info][gc,metaspace] GC(346) Metaspace: 166K(384K)->166K(384K) NonClass: 157K(256K)->157K(256K) Class: 9K(128K)->9K(128K)
[2026-03-27T14:07:27.588+0900][31.721s][info][gc          ] GC(346) Pause Young (Concurrent Start) (G1 Humongous Allocation) 204M->202M(450M) 2.686ms
[2026-03-27T14:07:27.588+0900][31.721s][info][gc,cpu      ] GC(346) User=0.00s Sys=0.00s Real=0.00s
[2026-03-27T14:07:27.588+0900][31.721s][info][gc          ] GC(347) Concurrent Mark Cycle
[2026-03-27T14:07:27.588+0900][31.721s][info][gc,marking  ] GC(347) Concurrent Clear Claimed Marks
[2026-03-27T14:07:27.588+0900][31.721s][info][gc,marking  ] GC(347) Concurrent Clear Claimed Marks 0.041ms
[2026-03-27T14:07:27.588+0900][31.721s][info][gc,marking  ] GC(347) Concurrent Scan Root Regions
[2026-03-27T14:07:27.588+0900][31.722s][info][gc,marking  ] GC(347) Concurrent Scan Root Regions 0.248ms
[2026-03-27T14:07:27.588+0900][31.722s][info][gc,marking  ] GC(347) Concurrent Mark
[2026-03-27T14:07:27.588+0900][31.722s][info][gc,marking  ] GC(347) Concurrent Mark From Roots
[2026-03-27T14:07:27.588+0900][31.722s][info][gc,task     ] GC(347) Using 2 workers of 2 for marking
[2026-03-27T14:07:27.588+0900][31.724s][info][gc,marking  ] GC(347) Concurrent Mark From Roots 2.164ms
[2026-03-27T14:07:27.588+0900][31.724s][info][gc,marking  ] GC(347) Concurrent Preclean
[2026-03-27T14:07:27.588+0900][31.724s][info][gc,marking  ] GC(347) Concurrent Preclean 0.153ms
[2026-03-27T14:07:27.588+0900][31.725s][info][gc,start    ] GC(347) Pause Remark
[2026-03-27T14:07:27.588+0900][31.726s][info][gc          ] GC(347) Pause Remark 203M->203M(450M) 1.426ms
[2026-03-27T14:07:27.588+0900][31.726s][info][gc,cpu      ] GC(347) User=0.00s Sys=0.00s Real=0.00s
[2026-03-27T14:07:27.588+0900][31.726s][info][gc,marking  ] GC(347) Concurrent Mark 4.645ms
[2026-03-27T14:07:27.588+0900][31.727s][info][gc,marking  ] GC(347) Concurrent Rebuild Remembered Sets
[2026-03-27T14:07:27.588+0900][31.728s][info][gc,marking  ] GC(347) Concurrent Rebuild Remembered Sets 1.023ms
[2026-03-27T14:07:27.588+0900][31.728s][info][gc,start    ] GC(347) Pause Cleanup
[2026-03-27T14:07:27.588+0900][31.728s][info][gc          ] GC(347) Pause Cleanup 203M->203M(450M) 0.325ms
[2026-03-27T14:07:27.588+0900][31.728s][info][gc,cpu      ] GC(347) User=0.00s Sys=0.00s Real=0.00s
[2026-03-27T14:07:27.588+0900][31.729s][info][gc,marking  ] GC(347) Concurrent Cleanup for Next Mark
[2026-03-27T14:07:27.588+0900][31.729s][info][gc,marking  ] GC(347) Concurrent Cleanup for Next Mark 0.615ms
[2026-03-27T14:07:27.588+0900][31.729s][info][gc          ] GC(347) Concurrent Mark Cycle 7.990ms
[2026-03-27T14:07:27.652+0900][31.782s][info][gc,start    ] GC(348) Pause Young (Concurrent Start) (G1 Humongous Allocation)
[2026-03-27T14:07:27.652+0900][31.782s][info][gc,task     ] GC(348) Using 8 workers of 8 for evacuation
[2026-03-27T14:07:27.652+0900][31.785s][info][gc,phases   ] GC(348)   Pre Evacuate Collection Set: 0.3ms
[2026-03-27T14:07:27.652+0900][31.785s][info][gc,phases   ] GC(348)   Merge Heap Roots: 0.4ms
[2026-03-27T14:07:27.652+0900][31.785s][info][gc,phases   ] GC(348)   Evacuate Collection Set: 0.4ms
[2026-03-27T14:07:27.652+0900][31.785s][info][gc,phases   ] GC(348)   Post Evacuate Collection Set: 1.0ms
[2026-03-27T14:07:27.652+0900][31.785s][info][gc,phases   ] GC(348)   Other: 0.4ms
[2026-03-27T14:07:27.652+0900][31.785s][info][gc,heap     ] GC(348) Eden regions: 1->0(200)
[2026-03-27T14:07:27.652+0900][31.785s][info][gc,heap     ] GC(348) Survivor regions: 1->1(26)
[2026-03-27T14:07:27.652+0900][31.785s][info][gc,heap     ] GC(348) Old regions: 1->1
[2026-03-27T14:07:27.652+0900][31.785s][info][gc,heap     ] GC(348) Archive regions: 0->0
[2026-03-27T14:07:27.652+0900][31.785s][info][gc,heap     ] GC(348) Humongous regions: 203->202
[2026-03-27T14:07:27.652+0900][31.785s][info][gc,metaspace] GC(348) Metaspace: 166K(384K)->166K(384K) NonClass: 157K(256K)->157K(256K) Class: 9K(128K)->9K(128K)
[2026-03-27T14:07:27.652+0900][31.785s][info][gc          ] GC(348) Pause Young (Concurrent Start) (G1 Humongous Allocation) 204M->202M(450M) 3.105ms
[2026-03-27T14:07:27.652+0900][31.785s][info][gc,cpu      ] GC(348) User=0.00s Sys=0.00s Real=0.00s
[2026-03-27T14:07:27.652+0900][31.786s][info][gc          ] GC(349) Concurrent Mark Cycle
[2026-03-27T14:07:27.652+0900][31.786s][info][gc,marking  ] GC(349) Concurrent Clear Claimed Marks
[2026-03-27T14:07:27.652+0900][31.786s][info][gc,marking  ] GC(349) Concurrent Clear Claimed Marks 0.045ms
[2026-03-27T14:07:27.652+0900][31.786s][info][gc,marking  ] GC(349) Concurrent Scan Root Regions
[2026-03-27T14:07:27.652+0900][31.786s][info][gc,marking  ] GC(349) Concurrent Scan Root Regions 0.255ms
[2026-03-27T14:07:27.652+0900][31.786s][info][gc,marking  ] GC(349) Concurrent Mark
[2026-03-27T14:07:27.652+0900][31.786s][info][gc,marking  ] GC(349) Concurrent Mark From Roots
[2026-03-27T14:07:27.652+0900][31.786s][info][gc,task     ] GC(349) Using 2 workers of 2 for marking
[2026-03-27T14:07:27.652+0900][31.788s][info][gc,marking  ] GC(349) Concurrent Mark From Roots 2.000ms
[2026-03-27T14:07:27.652+0900][31.788s][info][gc,marking  ] GC(349) Concurrent Preclean
[2026-03-27T14:07:27.652+0900][31.788s][info][gc,marking  ] GC(349) Concurrent Preclean 0.045ms
[2026-03-27T14:07:27.652+0900][31.789s][info][gc,start    ] GC(349) Pause Remark
[2026-03-27T14:07:27.652+0900][31.790s][info][gc          ] GC(349) Pause Remark 203M->203M(450M) 1.597ms
[2026-03-27T14:07:27.652+0900][31.791s][info][gc,cpu      ] GC(349) User=0.00s Sys=0.00s Real=0.00s
[2026-03-27T14:07:27.652+0900][31.791s][info][gc,marking  ] GC(349) Concurrent Mark 4.583ms
[2026-03-27T14:07:27.652+0900][31.791s][info][gc,marking  ] GC(349) Concurrent Rebuild Remembered Sets
[2026-03-27T14:07:27.652+0900][31.792s][info][gc,marking  ] GC(349) Concurrent Rebuild Remembered Sets 1.107ms
[2026-03-27T14:07:27.652+0900][31.792s][info][gc,start    ] GC(349) Pause Cleanup
[2026-03-27T14:07:27.652+0900][31.793s][info][gc          ] GC(349) Pause Cleanup 203M->203M(450M) 0.395ms
[2026-03-27T14:07:27.652+0900][31.793s][info][gc,cpu      ] GC(349) User=0.00s Sys=0.00s Real=0.00s
[2026-03-27T14:07:27.652+0900][31.793s][info][gc,marking  ] GC(349) Concurrent Cleanup for Next Mark
[2026-03-27T14:07:27.652+0900][31.794s][info][gc,marking  ] GC(349) Concurrent Cleanup for Next Mark 0.655ms
[2026-03-27T14:07:27.652+0900][31.794s][info][gc          ] GC(349) Concurrent Mark Cycle 8.280ms
[2026-03-27T14:07:27.716+0900][31.847s][info][gc,start    ] GC(350) Pause Young (Concurrent Start) (G1 Humongous Allocation)
[2026-03-27T14:07:27.716+0900][31.847s][info][gc,task     ] GC(350) Using 8 workers of 8 for evacuation
[2026-03-27T14:07:27.716+0900][31.849s][info][gc,phases   ] GC(350)   Pre Evacuate Collection Set: 0.3ms
[2026-03-27T14:07:27.716+0900][31.849s][info][gc,phases   ] GC(350)   Merge Heap Roots: 0.3ms
[2026-03-27T14:07:27.716+0900][31.849s][info][gc,phases   ] GC(350)   Evacuate Collection Set: 0.4ms
[2026-03-27T14:07:27.716+0900][31.849s][info][gc,phases   ] GC(350)   Post Evacuate Collection Set: 1.0ms
[2026-03-27T14:07:27.716+0900][31.849s][info][gc,phases   ] GC(350)   Other: 0.3ms
[2026-03-27T14:07:27.716+0900][31.849s][info][gc,heap     ] GC(350) Eden regions: 1->0(200)
[2026-03-27T14:07:27.716+0900][31.849s][info][gc,heap     ] GC(350) Survivor regions: 1->1(26)
[2026-03-27T14:07:27.716+0900][31.849s][info][gc,heap     ] GC(350) Old regions: 1->1
[2026-03-27T14:07:27.716+0900][31.849s][info][gc,heap     ] GC(350) Archive regions: 0->0
[2026-03-27T14:07:27.716+0900][31.849s][info][gc,heap     ] GC(350) Humongous regions: 203->202
[2026-03-27T14:07:27.716+0900][31.850s][info][gc,metaspace] GC(350) Metaspace: 166K(384K)->166K(384K) NonClass: 157K(256K)->157K(256K) Class: 9K(128K)->9K(128K)
[2026-03-27T14:07:27.716+0900][31.850s][info][gc          ] GC(350) Pause Young (Concurrent Start) (G1 Humongous Allocation) 204M->202M(450M) 3.056ms
[2026-03-27T14:07:27.716+0900][31.850s][info][gc,cpu      ] GC(350) User=0.00s Sys=0.00s Real=0.00s
[2026-03-27T14:07:27.716+0900][31.850s][info][gc          ] GC(351) Concurrent Mark Cycle
[2026-03-27T14:07:27.716+0900][31.850s][info][gc,marking  ] GC(351) Concurrent Clear Claimed Marks
[2026-03-27T14:07:27.716+0900][31.850s][info][gc,marking  ] GC(351) Concurrent Clear Claimed Marks 0.044ms
[2026-03-27T14:07:27.716+0900][31.850s][info][gc,marking  ] GC(351) Concurrent Scan Root Regions
[2026-03-27T14:07:27.716+0900][31.850s][info][gc,marking  ] GC(351) Concurrent Scan Root Regions 0.262ms
[2026-03-27T14:07:27.716+0900][31.850s][info][gc,marking  ] GC(351) Concurrent Mark
[2026-03-27T14:07:27.716+0900][31.850s][info][gc,marking  ] GC(351) Concurrent Mark From Roots
[2026-03-27T14:07:27.716+0900][31.850s][info][gc,task     ] GC(351) Using 2 workers of 2 for marking
[2026-03-27T14:07:27.716+0900][31.852s][info][gc,marking  ] GC(351) Concurrent Mark From Roots 2.083ms
[2026-03-27T14:07:27.716+0900][31.853s][info][gc,marking  ] GC(351) Concurrent Preclean
[2026-03-27T14:07:27.716+0900][31.853s][info][gc,marking  ] GC(351) Concurrent Preclean 0.044ms
[2026-03-27T14:07:27.716+0900][31.853s][info][gc,start    ] GC(351) Pause Remark
[2026-03-27T14:07:27.716+0900][31.855s][info][gc          ] GC(351) Pause Remark 203M->203M(450M) 1.473ms
[2026-03-27T14:07:27.716+0900][31.855s][info][gc,cpu      ] GC(351) User=0.00s Sys=0.00s Real=0.00s
[2026-03-27T14:07:27.716+0900][31.855s][info][gc,marking  ] GC(351) Concurrent Mark 4.496ms
[2026-03-27T14:07:27.716+0900][31.855s][info][gc,marking  ] GC(351) Concurrent Rebuild Remembered Sets
[2026-03-27T14:07:27.716+0900][31.856s][info][gc,marking  ] GC(351) Concurrent Rebuild Remembered Sets 1.143ms
[2026-03-27T14:07:27.716+0900][31.857s][info][gc,start    ] GC(351) Pause Cleanup
[2026-03-27T14:07:27.716+0900][31.857s][info][gc          ] GC(351) Pause Cleanup 203M->203M(450M) 0.388ms
[2026-03-27T14:07:27.716+0900][31.857s][info][gc,cpu      ] GC(351) User=0.00s Sys=0.00s Real=0.00s
[2026-03-27T14:07:27.716+0900][31.857s][info][gc,marking  ] GC(351) Concurrent Cleanup for Next Mark
[2026-03-27T14:07:27.716+0900][31.858s][info][gc,marking  ] GC(351) Concurrent Cleanup for Next Mark 0.713ms
[2026-03-27T14:07:27.716+0900][31.858s][info][gc          ] GC(351) Concurrent Mark Cycle 8.354ms
[2026-03-27T14:07:27.780+0900][31.911s][info][gc,start    ] GC(352) Pause Young (Concurrent Start) (G1 Humongous Allocation)
[2026-03-27T14:07:27.780+0900][31.911s][info][gc,task     ] GC(352) Using 8 workers of 8 for evacuation
[2026-03-27T14:07:27.780+0900][31.913s][info][gc,phases   ] GC(352)   Pre Evacuate Collection Set: 0.2ms
[2026-03-27T14:07:27.780+0900][31.913s][info][gc,phases   ] GC(352)   Merge Heap Roots: 0.4ms
[2026-03-27T14:07:27.780+0900][31.913s][info][gc,phases   ] GC(352)   Evacuate Collection Set: 0.5ms
[2026-03-27T14:07:27.780+0900][31.913s][info][gc,phases   ] GC(352)   Post Evacuate Collection Set: 1.0ms
[2026-03-27T14:07:27.780+0900][31.913s][info][gc,phases   ] GC(352)   Other: 0.2ms
[2026-03-27T14:07:27.780+0900][31.913s][info][gc,heap     ] GC(352) Eden regions: 1->0(206)
[2026-03-27T14:07:27.780+0900][31.913s][info][gc,heap     ] GC(352) Survivor regions: 1->1(26)
[2026-03-27T14:07:27.780+0900][31.913s][info][gc,heap     ] GC(352) Old regions: 1->1
[2026-03-27T14:07:27.780+0900][31.913s][info][gc,heap     ] GC(352) Archive regions: 0->0
[2026-03-27T14:07:27.780+0900][31.913s][info][gc,heap     ] GC(352) Humongous regions: 203->202
[2026-03-27T14:07:27.780+0900][31.913s][info][gc,metaspace] GC(352) Metaspace: 166K(384K)->166K(384K) NonClass: 157K(256K)->157K(256K) Class: 9K(128K)->9K(128K)
[2026-03-27T14:07:27.780+0900][31.913s][info][gc          ] GC(352) Pause Young (Concurrent Start) (G1 Humongous Allocation) 204M->202M(457M) 2.954ms
[2026-03-27T14:07:27.780+0900][31.914s][info][gc,cpu      ] GC(352) User=0.00s Sys=0.00s Real=0.00s
[2026-03-27T14:07:27.780+0900][31.914s][info][gc          ] GC(353) Concurrent Undo Cycle
[2026-03-27T14:07:27.780+0900][31.914s][info][gc,marking  ] GC(353) Concurrent Cleanup for Next Mark
[2026-03-27T14:07:27.780+0900][31.914s][info][gc,marking  ] GC(353) Concurrent Cleanup for Next Mark 0.243ms
[2026-03-27T14:07:27.780+0900][31.914s][info][gc          ] GC(353) Concurrent Undo Cycle 0.532ms
[2026-03-27T14:07:27.844+0900][31.975s][info][gc,start    ] GC(354) Pause Young (Concurrent Start) (G1 Humongous Allocation)
[2026-03-27T14:07:27.844+0900][31.975s][info][gc,task     ] GC(354) Using 8 workers of 8 for evacuation
[2026-03-27T14:07:27.845+0900][31.978s][info][gc,phases   ] GC(354)   Pre Evacuate Collection Set: 0.2ms
[2026-03-27T14:07:27.845+0900][31.978s][info][gc,phases   ] GC(354)   Merge Heap Roots: 0.2ms
[2026-03-27T14:07:27.845+0900][31.978s][info][gc,phases   ] GC(354)   Evacuate Collection Set: 0.5ms
[2026-03-27T14:07:27.845+0900][31.978s][info][gc,phases   ] GC(354)   Post Evacuate Collection Set: 1.0ms
[2026-03-27T14:07:27.845+0900][31.978s][info][gc,phases   ] GC(354)   Other: 0.4ms
[2026-03-27T14:07:27.845+0900][31.978s][info][gc,heap     ] GC(354) Eden regions: 1->0(204)
[2026-03-27T14:07:27.845+0900][31.978s][info][gc,heap     ] GC(354) Survivor regions: 1->1(26)
[2026-03-27T14:07:27.845+0900][31.978s][info][gc,heap     ] GC(354) Old regions: 1->1
[2026-03-27T14:07:27.845+0900][31.978s][info][gc,heap     ] GC(354) Archive regions: 0->0
[2026-03-27T14:07:27.845+0900][31.978s][info][gc,heap     ] GC(354) Humongous regions: 205->204
[2026-03-27T14:07:27.845+0900][31.978s][info][gc,metaspace] GC(354) Metaspace: 166K(384K)->166K(384K) NonClass: 157K(256K)->157K(256K) Class: 9K(128K)->9K(128K)
[2026-03-27T14:07:27.845+0900][31.978s][info][gc          ] GC(354) Pause Young (Concurrent Start) (G1 Humongous Allocation) 206M->204M(457M) 2.946ms
[2026-03-27T14:07:27.845+0900][31.978s][info][gc,cpu      ] GC(354) User=0.00s Sys=0.00s Real=0.00s
[2026-03-27T14:07:27.845+0900][31.978s][info][gc          ] GC(355) Concurrent Undo Cycle
[2026-03-27T14:07:27.845+0900][31.978s][info][gc,marking  ] GC(355) Concurrent Cleanup for Next Mark
[2026-03-27T14:07:27.845+0900][31.979s][info][gc,marking  ] GC(355) Concurrent Cleanup for Next Mark 0.280ms
[2026-03-27T14:07:27.845+0900][31.979s][info][gc          ] GC(355) Concurrent Undo Cycle 0.515ms
[2026-03-27T14:07:27.909+0900][32.039s][info][gc,start    ] GC(356) Pause Young (Concurrent Start) (G1 Humongous Allocation)
[2026-03-27T14:07:27.909+0900][32.039s][info][gc,task     ] GC(356) Using 8 workers of 8 for evacuation
[2026-03-27T14:07:27.909+0900][32.042s][info][gc,phases   ] GC(356)   Pre Evacuate Collection Set: 0.3ms
[2026-03-27T14:07:27.909+0900][32.042s][info][gc,phases   ] GC(356)   Merge Heap Roots: 0.2ms
[2026-03-27T14:07:27.909+0900][32.042s][info][gc,phases   ] GC(356)   Evacuate Collection Set: 0.5ms
[2026-03-27T14:07:27.909+0900][32.042s][info][gc,phases   ] GC(356)   Post Evacuate Collection Set: 1.0ms
[2026-03-27T14:07:27.909+0900][32.042s][info][gc,phases   ] GC(356)   Other: 0.3ms
[2026-03-27T14:07:27.909+0900][32.042s][info][gc,heap     ] GC(356) Eden regions: 1->0(204)
[2026-03-27T14:07:27.909+0900][32.042s][info][gc,heap     ] GC(356) Survivor regions: 1->1(26)
[2026-03-27T14:07:27.909+0900][32.042s][info][gc,heap     ] GC(356) Old regions: 1->1
[2026-03-27T14:07:27.909+0900][32.042s][info][gc,heap     ] GC(356) Archive regions: 0->0
[2026-03-27T14:07:27.909+0900][32.042s][info][gc,heap     ] GC(356) Humongous regions: 205->204
[2026-03-27T14:07:27.909+0900][32.042s][info][gc,metaspace] GC(356) Metaspace: 166K(384K)->166K(384K) NonClass: 157K(256K)->157K(256K) Class: 9K(128K)->9K(128K)
[2026-03-27T14:07:27.909+0900][32.042s][info][gc          ] GC(356) Pause Young (Concurrent Start) (G1 Humongous Allocation) 206M->204M(457M) 3.012ms
[2026-03-27T14:07:27.909+0900][32.042s][info][gc,cpu      ] GC(356) User=0.00s Sys=0.00s Real=0.00s
[2026-03-27T14:07:27.909+0900][32.042s][info][gc          ] GC(357) Concurrent Undo Cycle
[2026-03-27T14:07:27.909+0900][32.043s][info][gc,marking  ] GC(357) Concurrent Cleanup for Next Mark
[2026-03-27T14:07:27.909+0900][32.043s][info][gc,marking  ] GC(357) Concurrent Cleanup for Next Mark 0.312ms
[2026-03-27T14:07:27.909+0900][32.043s][info][gc          ] GC(357) Concurrent Undo Cycle 0.547ms
[2026-03-27T14:07:27.973+0900][32.103s][info][gc,start    ] GC(358) Pause Young (Concurrent Start) (G1 Humongous Allocation)
[2026-03-27T14:07:27.973+0900][32.104s][info][gc,task     ] GC(358) Using 8 workers of 8 for evacuation
[2026-03-27T14:07:27.973+0900][32.106s][info][gc,phases   ] GC(358)   Pre Evacuate Collection Set: 0.3ms
[2026-03-27T14:07:27.973+0900][32.106s][info][gc,phases   ] GC(358)   Merge Heap Roots: 0.2ms
[2026-03-27T14:07:27.973+0900][32.106s][info][gc,phases   ] GC(358)   Evacuate Collection Set: 0.3ms
[2026-03-27T14:07:27.973+0900][32.106s][info][gc,phases   ] GC(358)   Post Evacuate Collection Set: 0.9ms
[2026-03-27T14:07:27.973+0900][32.106s][info][gc,phases   ] GC(358)   Other: 0.3ms
[2026-03-27T14:07:27.973+0900][32.106s][info][gc,heap     ] GC(358) Eden regions: 1->0(204)
[2026-03-27T14:07:27.973+0900][32.106s][info][gc,heap     ] GC(358) Survivor regions: 1->1(26)
[2026-03-27T14:07:27.973+0900][32.106s][info][gc,heap     ] GC(358) Old regions: 1->1
[2026-03-27T14:07:27.973+0900][32.106s][info][gc,heap     ] GC(358) Archive regions: 0->0
[2026-03-27T14:07:27.973+0900][32.106s][info][gc,heap     ] GC(358) Humongous regions: 205->204
[2026-03-27T14:07:27.973+0900][32.106s][info][gc,metaspace] GC(358) Metaspace: 166K(384K)->166K(384K) NonClass: 157K(256K)->157K(256K) Class: 9K(128K)->9K(128K)
[2026-03-27T14:07:27.973+0900][32.106s][info][gc          ] GC(358) Pause Young (Concurrent Start) (G1 Humongous Allocation) 206M->204M(457M) 2.735ms
[2026-03-27T14:07:27.973+0900][32.106s][info][gc,cpu      ] GC(358) User=0.00s Sys=0.00s Real=0.00s
[2026-03-27T14:07:27.973+0900][32.106s][info][gc          ] GC(359) Concurrent Undo Cycle
[2026-03-27T14:07:27.973+0900][32.106s][info][gc,marking  ] GC(359) Concurrent Cleanup for Next Mark
[2026-03-27T14:07:27.973+0900][32.107s][info][gc,marking  ] GC(359) Concurrent Cleanup for Next Mark 0.348ms
[2026-03-27T14:07:27.973+0900][32.107s][info][gc          ] GC(359) Concurrent Undo Cycle 0.609ms
[2026-03-27T14:07:28.037+0900][32.168s][info][gc,start    ] GC(360) Pause Young (Concurrent Start) (G1 Humongous Allocation)
[2026-03-27T14:07:28.037+0900][32.168s][info][gc,task     ] GC(360) Using 8 workers of 8 for evacuation
[2026-03-27T14:07:28.037+0900][32.170s][info][gc,phases   ] GC(360)   Pre Evacuate Collection Set: 0.2ms
[2026-03-27T14:07:28.037+0900][32.170s][info][gc,phases   ] GC(360)   Merge Heap Roots: 0.2ms
[2026-03-27T14:07:28.037+0900][32.170s][info][gc,phases   ] GC(360)   Evacuate Collection Set: 0.3ms
[2026-03-27T14:07:28.037+0900][32.170s][info][gc,phases   ] GC(360)   Post Evacuate Collection Set: 1.0ms
[2026-03-27T14:07:28.037+0900][32.170s][info][gc,phases   ] GC(360)   Other: 0.4ms
[2026-03-27T14:07:28.037+0900][32.171s][info][gc,heap     ] GC(360) Eden regions: 1->0(204)
[2026-03-27T14:07:28.037+0900][32.171s][info][gc,heap     ] GC(360) Survivor regions: 1->1(26)
[2026-03-27T14:07:28.037+0900][32.171s][info][gc,heap     ] GC(360) Old regions: 1->1
[2026-03-27T14:07:28.037+0900][32.171s][info][gc,heap     ] GC(360) Archive regions: 0->0
[2026-03-27T14:07:28.037+0900][32.171s][info][gc,heap     ] GC(360) Humongous regions: 205->204
[2026-03-27T14:07:28.037+0900][32.171s][info][gc,metaspace] GC(360) Metaspace: 166K(384K)->166K(384K) NonClass: 157K(256K)->157K(256K) Class: 9K(128K)->9K(128K)
[2026-03-27T14:07:28.037+0900][32.171s][info][gc          ] GC(360) Pause Young (Concurrent Start) (G1 Humongous Allocation) 206M->204M(457M) 2.745ms
[2026-03-27T14:07:28.037+0900][32.171s][info][gc,cpu      ] GC(360) User=0.00s Sys=0.00s Real=0.00s
[2026-03-27T14:07:28.037+0900][32.171s][info][gc          ] GC(361) Concurrent Undo Cycle
[2026-03-27T14:07:28.037+0900][32.171s][info][gc,marking  ] GC(361) Concurrent Cleanup for Next Mark
[2026-03-27T14:07:28.037+0900][32.171s][info][gc,marking  ] GC(361) Concurrent Cleanup for Next Mark 0.292ms
[2026-03-27T14:07:28.037+0900][32.171s][info][gc          ] GC(361) Concurrent Undo Cycle 0.528ms
[2026-03-27T14:07:28.102+0900][32.232s][info][gc,start    ] GC(362) Pause Young (Concurrent Start) (G1 Humongous Allocation)
[2026-03-27T14:07:28.102+0900][32.233s][info][gc,task     ] GC(362) Using 8 workers of 8 for evacuation
[2026-03-27T14:07:28.102+0900][32.235s][info][gc,phases   ] GC(362)   Pre Evacuate Collection Set: 0.2ms
[2026-03-27T14:07:28.102+0900][32.235s][info][gc,phases   ] GC(362)   Merge Heap Roots: 0.2ms
[2026-03-27T14:07:28.102+0900][32.235s][info][gc,phases   ] GC(362)   Evacuate Collection Set: 0.4ms
[2026-03-27T14:07:28.102+0900][32.235s][info][gc,phases   ] GC(362)   Post Evacuate Collection Set: 0.9ms
[2026-03-27T14:07:28.102+0900][32.235s][info][gc,phases   ] GC(362)   Other: 0.3ms
[2026-03-27T14:07:28.102+0900][32.235s][info][gc,heap     ] GC(362) Eden regions: 1->0(204)
[2026-03-27T14:07:28.102+0900][32.235s][info][gc,heap     ] GC(362) Survivor regions: 1->1(26)
[2026-03-27T14:07:28.102+0900][32.235s][info][gc,heap     ] GC(362) Old regions: 1->1
[2026-03-27T14:07:28.102+0900][32.235s][info][gc,heap     ] GC(362) Archive regions: 0->0
[2026-03-27T14:07:28.102+0900][32.235s][info][gc,heap     ] GC(362) Humongous regions: 205->204
[2026-03-27T14:07:28.102+0900][32.235s][info][gc,metaspace] GC(362) Metaspace: 166K(384K)->166K(384K) NonClass: 157K(256K)->157K(256K) Class: 9K(128K)->9K(128K)
[2026-03-27T14:07:28.102+0900][32.235s][info][gc          ] GC(362) Pause Young (Concurrent Start) (G1 Humongous Allocation) 206M->204M(457M) 2.790ms
[2026-03-27T14:07:28.102+0900][32.235s][info][gc,cpu      ] GC(362) User=0.00s Sys=0.00s Real=0.00s
[2026-03-27T14:07:28.102+0900][32.235s][info][gc          ] GC(363) Concurrent Undo Cycle
[2026-03-27T14:07:28.102+0900][32.235s][info][gc,marking  ] GC(363) Concurrent Cleanup for Next Mark
[2026-03-27T14:07:28.102+0900][32.236s][info][gc,marking  ] GC(363) Concurrent Cleanup for Next Mark 0.250ms
[2026-03-27T14:07:28.102+0900][32.236s][info][gc          ] GC(363) Concurrent Undo Cycle 0.479ms
[2026-03-27T14:07:28.166+0900][32.296s][info][gc,start    ] GC(364) Pause Young (Concurrent Start) (G1 Humongous Allocation)
[2026-03-27T14:07:28.166+0900][32.296s][info][gc,task     ] GC(364) Using 8 workers of 8 for evacuation
[2026-03-27T14:07:28.166+0900][32.297s][info][gc,phases   ] GC(364)   Pre Evacuate Collection Set: 0.2ms
[2026-03-27T14:07:28.166+0900][32.297s][info][gc,phases   ] GC(364)   Merge Heap Roots: 0.1ms
[2026-03-27T14:07:28.166+0900][32.297s][info][gc,phases   ] GC(364)   Evacuate Collection Set: 0.1ms
[2026-03-27T14:07:28.166+0900][32.297s][info][gc,phases   ] GC(364)   Post Evacuate Collection Set: 0.4ms
[2026-03-27T14:07:28.166+0900][32.297s][info][gc,phases   ] GC(364)   Other: 0.1ms
[2026-03-27T14:07:28.166+0900][32.297s][info][gc,heap     ] GC(364) Eden regions: 1->0(202)
[2026-03-27T14:07:28.166+0900][32.297s][info][gc,heap     ] GC(364) Survivor regions: 1->1(26)
[2026-03-27T14:07:28.166+0900][32.297s][info][gc,heap     ] GC(364) Old regions: 1->1
[2026-03-27T14:07:28.166+0900][32.297s][info][gc,heap     ] GC(364) Archive regions: 0->0
[2026-03-27T14:07:28.166+0900][32.297s][info][gc,heap     ] GC(364) Humongous regions: 207->206
[2026-03-27T14:07:28.166+0900][32.298s][info][gc,metaspace] GC(364) Metaspace: 166K(384K)->166K(384K) NonClass: 157K(256K)->157K(256K) Class: 9K(128K)->9K(128K)
[2026-03-27T14:07:28.166+0900][32.298s][info][gc          ] GC(364) Pause Young (Concurrent Start) (G1 Humongous Allocation) 208M->206M(457M) 1.423ms
[2026-03-27T14:07:28.166+0900][32.298s][info][gc,cpu      ] GC(364) User=0.00s Sys=0.00s Real=0.00s
[2026-03-27T14:07:28.166+0900][32.298s][info][gc          ] GC(365) Concurrent Mark Cycle
[2026-03-27T14:07:28.166+0900][32.298s][info][gc,marking  ] GC(365) Concurrent Clear Claimed Marks
[2026-03-27T14:07:28.166+0900][32.298s][info][gc,marking  ] GC(365) Concurrent Clear Claimed Marks 0.023ms
[2026-03-27T14:07:28.166+0900][32.298s][info][gc,marking  ] GC(365) Concurrent Scan Root Regions
[2026-03-27T14:07:28.166+0900][32.298s][info][gc,marking  ] GC(365) Concurrent Scan Root Regions 0.165ms
[2026-03-27T14:07:28.166+0900][32.298s][info][gc,marking  ] GC(365) Concurrent Mark
[2026-03-27T14:07:28.166+0900][32.298s][info][gc,marking  ] GC(365) Concurrent Mark From Roots
[2026-03-27T14:07:28.166+0900][32.298s][info][gc,task     ] GC(365) Using 2 workers of 2 for marking
[2026-03-27T14:07:28.166+0900][32.299s][info][gc,marking  ] GC(365) Concurrent Mark From Roots 1.165ms
[2026-03-27T14:07:28.166+0900][32.299s][info][gc,marking  ] GC(365) Concurrent Preclean
[2026-03-27T14:07:28.166+0900][32.299s][info][gc,marking  ] GC(365) Concurrent Preclean 0.021ms
[2026-03-27T14:07:28.166+0900][32.299s][info][gc,start    ] GC(365) Pause Remark
[2026-03-27T14:07:28.166+0900][32.300s][info][gc          ] GC(365) Pause Remark 207M->207M(457M) 0.738ms
[2026-03-27T14:07:28.166+0900][32.300s][info][gc,cpu      ] GC(365) User=0.00s Sys=0.00s Real=0.00s
[2026-03-27T14:07:28.166+0900][32.300s][info][gc,marking  ] GC(365) Concurrent Mark 2.369ms
[2026-03-27T14:07:28.166+0900][32.300s][info][gc,marking  ] GC(365) Concurrent Rebuild Remembered Sets
[2026-03-27T14:07:28.166+0900][32.301s][info][gc,marking  ] GC(365) Concurrent Rebuild Remembered Sets 0.597ms
[2026-03-27T14:07:28.166+0900][32.301s][info][gc,start    ] GC(365) Pause Cleanup
[2026-03-27T14:07:28.166+0900][32.302s][info][gc          ] GC(365) Pause Cleanup 207M->207M(457M) 0.200ms
[2026-03-27T14:07:28.166+0900][32.302s][info][gc,cpu      ] GC(365) User=0.00s Sys=0.00s Real=0.00s
[2026-03-27T14:07:28.166+0900][32.302s][info][gc,marking  ] GC(365) Concurrent Cleanup for Next Mark
[2026-03-27T14:07:28.166+0900][32.302s][info][gc,marking  ] GC(365) Concurrent Cleanup for Next Mark 0.409ms
[2026-03-27T14:07:28.166+0900][32.302s][info][gc          ] GC(365) Concurrent Mark Cycle 4.453ms
[2026-03-27T14:07:28.230+0900][32.361s][info][gc,start    ] GC(366) Pause Young (Concurrent Start) (G1 Humongous Allocation)
[2026-03-27T14:07:28.230+0900][32.361s][info][gc,task     ] GC(366) Using 8 workers of 8 for evacuation
[2026-03-27T14:07:28.230+0900][32.363s][info][gc,phases   ] GC(366)   Pre Evacuate Collection Set: 0.3ms
[2026-03-27T14:07:28.230+0900][32.363s][info][gc,phases   ] GC(366)   Merge Heap Roots: 0.3ms
[2026-03-27T14:07:28.230+0900][32.363s][info][gc,phases   ] GC(366)   Evacuate Collection Set: 0.4ms
[2026-03-27T14:07:28.230+0900][32.363s][info][gc,phases   ] GC(366)   Post Evacuate Collection Set: 0.9ms
[2026-03-27T14:07:28.230+0900][32.363s][info][gc,phases   ] GC(366)   Other: 0.3ms
[2026-03-27T14:07:28.230+0900][32.363s][info][gc,heap     ] GC(366) Eden regions: 1->0(202)
[2026-03-27T14:07:28.230+0900][32.363s][info][gc,heap     ] GC(366) Survivor regions: 1->1(26)
[2026-03-27T14:07:28.230+0900][32.363s][info][gc,heap     ] GC(366) Old regions: 1->1
[2026-03-27T14:07:28.230+0900][32.363s][info][gc,heap     ] GC(366) Archive regions: 0->0
[2026-03-27T14:07:28.230+0900][32.363s][info][gc,heap     ] GC(366) Humongous regions: 207->206
[2026-03-27T14:07:28.230+0900][32.363s][info][gc,metaspace] GC(366) Metaspace: 166K(384K)->166K(384K) NonClass: 157K(256K)->157K(256K) Class: 9K(128K)->9K(128K)
[2026-03-27T14:07:28.230+0900][32.363s][info][gc          ] GC(366) Pause Young (Concurrent Start) (G1 Humongous Allocation) 208M->206M(457M) 2.890ms
[2026-03-27T14:07:28.230+0900][32.364s][info][gc,cpu      ] GC(366) User=0.00s Sys=0.00s Real=0.00s
[2026-03-27T14:07:28.230+0900][32.364s][info][gc          ] GC(367) Concurrent Mark Cycle
[2026-03-27T14:07:28.230+0900][32.364s][info][gc,marking  ] GC(367) Concurrent Clear Claimed Marks
[2026-03-27T14:07:28.230+0900][32.364s][info][gc,marking  ] GC(367) Concurrent Clear Claimed Marks 0.041ms
[2026-03-27T14:07:28.230+0900][32.364s][info][gc,marking  ] GC(367) Concurrent Scan Root Regions
[2026-03-27T14:07:28.230+0900][32.364s][info][gc,marking  ] GC(367) Concurrent Scan Root Regions 0.261ms
[2026-03-27T14:07:28.230+0900][32.364s][info][gc,marking  ] GC(367) Concurrent Mark
[2026-03-27T14:07:28.230+0900][32.364s][info][gc,marking  ] GC(367) Concurrent Mark From Roots
[2026-03-27T14:07:28.230+0900][32.364s][info][gc,task     ] GC(367) Using 2 workers of 2 for marking
[2026-03-27T14:07:28.230+0900][32.366s][info][gc,marking  ] GC(367) Concurrent Mark From Roots 2.065ms
[2026-03-27T14:07:28.230+0900][32.366s][info][gc,marking  ] GC(367) Concurrent Preclean
[2026-03-27T14:07:28.230+0900][32.366s][info][gc,marking  ] GC(367) Concurrent Preclean 0.044ms
[2026-03-27T14:07:28.230+0900][32.367s][info][gc,start    ] GC(367) Pause Remark
[2026-03-27T14:07:28.230+0900][32.368s][info][gc          ] GC(367) Pause Remark 207M->207M(457M) 1.384ms
[2026-03-27T14:07:28.230+0900][32.368s][info][gc,cpu      ] GC(367) User=0.00s Sys=0.00s Real=0.00s
[2026-03-27T14:07:28.230+0900][32.369s][info][gc,marking  ] GC(367) Concurrent Mark 4.347ms
[2026-03-27T14:07:28.230+0900][32.369s][info][gc,marking  ] GC(367) Concurrent Rebuild Remembered Sets
[2026-03-27T14:07:28.230+0900][32.370s][info][gc,marking  ] GC(367) Concurrent Rebuild Remembered Sets 1.043ms
[2026-03-27T14:07:28.230+0900][32.370s][info][gc,start    ] GC(367) Pause Cleanup
[2026-03-27T14:07:28.230+0900][32.371s][info][gc          ] GC(367) Pause Cleanup 207M->207M(457M) 0.361ms
[2026-03-27T14:07:28.230+0900][32.371s][info][gc,cpu      ] GC(367) User=0.00s Sys=0.00s Real=0.00s
[2026-03-27T14:07:28.230+0900][32.371s][info][gc,marking  ] GC(367) Concurrent Cleanup for Next Mark
[2026-03-27T14:07:28.230+0900][32.372s][info][gc,marking  ] GC(367) Concurrent Cleanup for Next Mark 0.699ms
[2026-03-27T14:07:28.230+0900][32.372s][info][gc          ] GC(367) Concurrent Mark Cycle 7.901ms
[2026-03-27T14:07:28.294+0900][32.424s][info][gc,start    ] GC(368) Pause Young (Concurrent Start) (G1 Humongous Allocation)
[2026-03-27T14:07:28.294+0900][32.425s][info][gc,task     ] GC(368) Using 8 workers of 8 for evacuation
[2026-03-27T14:07:28.294+0900][32.427s][info][gc,phases   ] GC(368)   Pre Evacuate Collection Set: 0.2ms
[2026-03-27T14:07:28.294+0900][32.427s][info][gc,phases   ] GC(368)   Merge Heap Roots: 0.3ms
[2026-03-27T14:07:28.294+0900][32.427s][info][gc,phases   ] GC(368)   Evacuate Collection Set: 0.4ms
[2026-03-27T14:07:28.294+0900][32.427s][info][gc,phases   ] GC(368)   Post Evacuate Collection Set: 1.0ms
[2026-03-27T14:07:28.294+0900][32.427s][info][gc,phases   ] GC(368)   Other: 0.3ms
[2026-03-27T14:07:28.294+0900][32.427s][info][gc,heap     ] GC(368) Eden regions: 1->0(202)
[2026-03-27T14:07:28.294+0900][32.427s][info][gc,heap     ] GC(368) Survivor regions: 1->1(26)
[2026-03-27T14:07:28.294+0900][32.427s][info][gc,heap     ] GC(368) Old regions: 1->1
[2026-03-27T14:07:28.294+0900][32.427s][info][gc,heap     ] GC(368) Archive regions: 0->0
[2026-03-27T14:07:28.294+0900][32.427s][info][gc,heap     ] GC(368) Humongous regions: 207->206
[2026-03-27T14:07:28.294+0900][32.427s][info][gc,metaspace] GC(368) Metaspace: 166K(384K)->166K(384K) NonClass: 157K(256K)->157K(256K) Class: 9K(128K)->9K(128K)
[2026-03-27T14:07:28.294+0900][32.427s][info][gc          ] GC(368) Pause Young (Concurrent Start) (G1 Humongous Allocation) 208M->206M(457M) 2.929ms
[2026-03-27T14:07:28.294+0900][32.427s][info][gc,cpu      ] GC(368) User=0.00s Sys=0.00s Real=0.00s
[2026-03-27T14:07:28.294+0900][32.427s][info][gc          ] GC(369) Concurrent Mark Cycle
[2026-03-27T14:07:28.294+0900][32.428s][info][gc,marking  ] GC(369) Concurrent Clear Claimed Marks
[2026-03-27T14:07:28.294+0900][32.428s][info][gc,marking  ] GC(369) Concurrent Clear Claimed Marks 0.041ms
[2026-03-27T14:07:28.294+0900][32.428s][info][gc,marking  ] GC(369) Concurrent Scan Root Regions
[2026-03-27T14:07:28.294+0900][32.428s][info][gc,marking  ] GC(369) Concurrent Scan Root Regions 0.253ms
[2026-03-27T14:07:28.294+0900][32.428s][info][gc,marking  ] GC(369) Concurrent Mark
[2026-03-27T14:07:28.294+0900][32.428s][info][gc,marking  ] GC(369) Concurrent Mark From Roots
[2026-03-27T14:07:28.294+0900][32.428s][info][gc,task     ] GC(369) Using 2 workers of 2 for marking
[2026-03-27T14:07:28.294+0900][32.430s][info][gc,marking  ] GC(369) Concurrent Mark From Roots 2.090ms
[2026-03-27T14:07:28.294+0900][32.430s][info][gc,marking  ] GC(369) Concurrent Preclean
[2026-03-27T14:07:28.294+0900][32.430s][info][gc,marking  ] GC(369) Concurrent Preclean 0.044ms
[2026-03-27T14:07:28.294+0900][32.431s][info][gc,start    ] GC(369) Pause Remark
[2026-03-27T14:07:28.294+0900][32.432s][info][gc          ] GC(369) Pause Remark 207M->207M(457M) 1.503ms
[2026-03-27T14:07:28.294+0900][32.432s][info][gc,cpu      ] GC(369) User=0.02s Sys=0.00s Real=0.00s
[2026-03-27T14:07:28.294+0900][32.433s][info][gc,marking  ] GC(369) Concurrent Mark 4.517ms
[2026-03-27T14:07:28.294+0900][32.433s][info][gc,marking  ] GC(369) Concurrent Rebuild Remembered Sets
[2026-03-27T14:07:28.294+0900][32.434s][info][gc,marking  ] GC(369) Concurrent Rebuild Remembered Sets 1.116ms
[2026-03-27T14:07:28.294+0900][32.434s][info][gc,start    ] GC(369) Pause Cleanup
[2026-03-27T14:07:28.294+0900][32.435s][info][gc          ] GC(369) Pause Cleanup 207M->207M(457M) 0.386ms
[2026-03-27T14:07:28.294+0900][32.435s][info][gc,cpu      ] GC(369) User=0.00s Sys=0.00s Real=0.00s
[2026-03-27T14:07:28.294+0900][32.435s][info][gc,marking  ] GC(369) Concurrent Cleanup for Next Mark
[2026-03-27T14:07:28.294+0900][32.436s][info][gc,marking  ] GC(369) Concurrent Cleanup for Next Mark 0.681ms
[2026-03-27T14:07:28.294+0900][32.436s][info][gc          ] GC(369) Concurrent Mark Cycle 8.191ms
[2026-03-27T14:07:28.359+0900][32.489s][info][gc,start    ] GC(370) Pause Young (Concurrent Start) (G1 Humongous Allocation)
[2026-03-27T14:07:28.359+0900][32.489s][info][gc,task     ] GC(370) Using 8 workers of 8 for evacuation
[2026-03-27T14:07:28.359+0900][32.492s][info][gc,phases   ] GC(370)   Pre Evacuate Collection Set: 0.3ms
[2026-03-27T14:07:28.359+0900][32.492s][info][gc,phases   ] GC(370)   Merge Heap Roots: 0.3ms
[2026-03-27T14:07:28.359+0900][32.492s][info][gc,phases   ] GC(370)   Evacuate Collection Set: 0.4ms
[2026-03-27T14:07:28.359+0900][32.492s][info][gc,phases   ] GC(370)   Post Evacuate Collection Set: 0.9ms
[2026-03-27T14:07:28.359+0900][32.492s][info][gc,phases   ] GC(370)   Other: 0.3ms
[2026-03-27T14:07:28.359+0900][32.492s][info][gc,heap     ] GC(370) Eden regions: 1->0(202)
[2026-03-27T14:07:28.359+0900][32.492s][info][gc,heap     ] GC(370) Survivor regions: 1->1(26)
[2026-03-27T14:07:28.359+0900][32.492s][info][gc,heap     ] GC(370) Old regions: 1->1
[2026-03-27T14:07:28.359+0900][32.492s][info][gc,heap     ] GC(370) Archive regions: 0->0
[2026-03-27T14:07:28.359+0900][32.492s][info][gc,heap     ] GC(370) Humongous regions: 207->206
[2026-03-27T14:07:28.359+0900][32.492s][info][gc,metaspace] GC(370) Metaspace: 166K(384K)->166K(384K) NonClass: 157K(256K)->157K(256K) Class: 9K(128K)->9K(128K)
[2026-03-27T14:07:28.359+0900][32.492s][info][gc          ] GC(370) Pause Young (Concurrent Start) (G1 Humongous Allocation) 208M->206M(457M) 2.829ms
[2026-03-27T14:07:28.359+0900][32.492s][info][gc,cpu      ] GC(370) User=0.00s Sys=0.00s Real=0.00s
[2026-03-27T14:07:28.359+0900][32.492s][info][gc          ] GC(371) Concurrent Mark Cycle
[2026-03-27T14:07:28.359+0900][32.492s][info][gc,marking  ] GC(371) Concurrent Clear Claimed Marks
[2026-03-27T14:07:28.359+0900][32.492s][info][gc,marking  ] GC(371) Concurrent Clear Claimed Marks 0.045ms
[2026-03-27T14:07:28.359+0900][32.492s][info][gc,marking  ] GC(371) Concurrent Scan Root Regions
[2026-03-27T14:07:28.359+0900][32.493s][info][gc,marking  ] GC(371) Concurrent Scan Root Regions 0.293ms
[2026-03-27T14:07:28.359+0900][32.493s][info][gc,marking  ] GC(371) Concurrent Mark
[2026-03-27T14:07:28.359+0900][32.493s][info][gc,marking  ] GC(371) Concurrent Mark From Roots
[2026-03-27T14:07:28.359+0900][32.493s][info][gc,task     ] GC(371) Using 2 workers of 2 for marking
[2026-03-27T14:07:28.359+0900][32.495s][info][gc,marking  ] GC(371) Concurrent Mark From Roots 2.110ms
[2026-03-27T14:07:28.359+0900][32.495s][info][gc,marking  ] GC(371) Concurrent Preclean
[2026-03-27T14:07:28.359+0900][32.495s][info][gc,marking  ] GC(371) Concurrent Preclean 0.045ms
[2026-03-27T14:07:28.359+0900][32.496s][info][gc,start    ] GC(371) Pause Remark
[2026-03-27T14:07:28.359+0900][32.497s][info][gc          ] GC(371) Pause Remark 207M->207M(457M) 1.392ms
[2026-03-27T14:07:28.359+0900][32.497s][info][gc,cpu      ] GC(371) User=0.00s Sys=0.00s Real=0.00s
[2026-03-27T14:07:28.359+0900][32.497s][info][gc,marking  ] GC(371) Concurrent Mark 4.428ms
[2026-03-27T14:07:28.359+0900][32.497s][info][gc,marking  ] GC(371) Concurrent Rebuild Remembered Sets
[2026-03-27T14:07:28.359+0900][32.499s][info][gc,marking  ] GC(371) Concurrent Rebuild Remembered Sets 1.119ms
[2026-03-27T14:07:28.359+0900][32.499s][info][gc,start    ] GC(371) Pause Cleanup
[2026-03-27T14:07:28.359+0900][32.499s][info][gc          ] GC(371) Pause Cleanup 207M->207M(457M) 0.394ms
[2026-03-27T14:07:28.359+0900][32.500s][info][gc,cpu      ] GC(371) User=0.00s Sys=0.00s Real=0.00s
[2026-03-27T14:07:28.359+0900][32.500s][info][gc,marking  ] GC(371) Concurrent Cleanup for Next Mark
[2026-03-27T14:07:28.359+0900][32.500s][info][gc,marking  ] GC(371) Concurrent Cleanup for Next Mark 0.566ms
[2026-03-27T14:07:28.359+0900][32.500s][info][gc          ] GC(371) Concurrent Mark Cycle 8.053ms
[2026-03-27T14:07:28.423+0900][32.553s][info][gc,start    ] GC(372) Pause Young (Concurrent Start) (G1 Humongous Allocation)
[2026-03-27T14:07:28.423+0900][32.554s][info][gc,task     ] GC(372) Using 8 workers of 8 for evacuation
[2026-03-27T14:07:28.423+0900][32.556s][info][gc,phases   ] GC(372)   Pre Evacuate Collection Set: 0.2ms
[2026-03-27T14:07:28.423+0900][32.556s][info][gc,phases   ] GC(372)   Merge Heap Roots: 0.3ms
[2026-03-27T14:07:28.423+0900][32.556s][info][gc,phases   ] GC(372)   Evacuate Collection Set: 0.3ms
[2026-03-27T14:07:28.423+0900][32.556s][info][gc,phases   ] GC(372)   Post Evacuate Collection Set: 1.1ms
[2026-03-27T14:07:28.423+0900][32.556s][info][gc,phases   ] GC(372)   Other: 0.4ms
[2026-03-27T14:07:28.423+0900][32.556s][info][gc,heap     ] GC(372) Eden regions: 1->0(207)
[2026-03-27T14:07:28.423+0900][32.556s][info][gc,heap     ] GC(372) Survivor regions: 1->1(26)
[2026-03-27T14:07:28.423+0900][32.556s][info][gc,heap     ] GC(372) Old regions: 1->1
[2026-03-27T14:07:28.423+0900][32.556s][info][gc,heap     ] GC(372) Archive regions: 0->0
[2026-03-27T14:07:28.423+0900][32.556s][info][gc,heap     ] GC(372) Humongous regions: 207->206
[2026-03-27T14:07:28.423+0900][32.556s][info][gc,metaspace] GC(372) Metaspace: 166K(384K)->166K(384K) NonClass: 157K(256K)->157K(256K) Class: 9K(128K)->9K(128K)
[2026-03-27T14:07:28.423+0900][32.556s][info][gc          ] GC(372) Pause Young (Concurrent Start) (G1 Humongous Allocation) 208M->206M(463M) 3.070ms
[2026-03-27T14:07:28.423+0900][32.556s][info][gc,cpu      ] GC(372) User=0.00s Sys=0.02s Real=0.00s
[2026-03-27T14:07:28.423+0900][32.557s][info][gc          ] GC(373) Concurrent Undo Cycle
[2026-03-27T14:07:28.423+0900][32.557s][info][gc,marking  ] GC(373) Concurrent Cleanup for Next Mark
[2026-03-27T14:07:28.423+0900][32.557s][info][gc,marking  ] GC(373) Concurrent Cleanup for Next Mark 0.258ms
[2026-03-27T14:07:28.423+0900][32.557s][info][gc          ] GC(373) Concurrent Undo Cycle 0.492ms
[2026-03-27T14:07:28.487+0900][32.618s][info][gc,start    ] GC(374) Pause Young (Concurrent Start) (G1 Humongous Allocation)
[2026-03-27T14:07:28.487+0900][32.618s][info][gc,task     ] GC(374) Using 8 workers of 8 for evacuation
[2026-03-27T14:07:28.487+0900][32.620s][info][gc,phases   ] GC(374)   Pre Evacuate Collection Set: 0.2ms
[2026-03-27T14:07:28.487+0900][32.620s][info][gc,phases   ] GC(374)   Merge Heap Roots: 0.2ms
[2026-03-27T14:07:28.487+0900][32.620s][info][gc,phases   ] GC(374)   Evacuate Collection Set: 0.4ms
[2026-03-27T14:07:28.487+0900][32.620s][info][gc,phases   ] GC(374)   Post Evacuate Collection Set: 0.9ms
[2026-03-27T14:07:28.487+0900][32.620s][info][gc,phases   ] GC(374)   Other: 0.2ms
[2026-03-27T14:07:28.487+0900][32.620s][info][gc,heap     ] GC(374) Eden regions: 1->0(205)
[2026-03-27T14:07:28.487+0900][32.620s][info][gc,heap     ] GC(374) Survivor regions: 1->1(26)
[2026-03-27T14:07:28.487+0900][32.620s][info][gc,heap     ] GC(374) Old regions: 1->1
[2026-03-27T14:07:28.487+0900][32.620s][info][gc,heap     ] GC(374) Archive regions: 0->0
[2026-03-27T14:07:28.487+0900][32.620s][info][gc,heap     ] GC(374) Humongous regions: 209->208
[2026-03-27T14:07:28.487+0900][32.620s][info][gc,metaspace] GC(374) Metaspace: 166K(384K)->166K(384K) NonClass: 157K(256K)->157K(256K) Class: 9K(128K)->9K(128K)
[2026-03-27T14:07:28.487+0900][32.620s][info][gc          ] GC(374) Pause Young (Concurrent Start) (G1 Humongous Allocation) 210M->208M(463M) 2.609ms
[2026-03-27T14:07:28.487+0900][32.620s][info][gc,cpu      ] GC(374) User=0.02s Sys=0.00s Real=0.00s
[2026-03-27T14:07:28.487+0900][32.621s][info][gc          ] GC(375) Concurrent Mark Cycle
[2026-03-27T14:07:28.487+0900][32.621s][info][gc,marking  ] GC(375) Concurrent Clear Claimed Marks
[2026-03-27T14:07:28.487+0900][32.621s][info][gc,marking  ] GC(375) Concurrent Clear Claimed Marks 0.041ms
[2026-03-27T14:07:28.487+0900][32.621s][info][gc,marking  ] GC(375) Concurrent Scan Root Regions
[2026-03-27T14:07:28.487+0900][32.621s][info][gc,marking  ] GC(375) Concurrent Scan Root Regions 0.244ms
[2026-03-27T14:07:28.487+0900][32.621s][info][gc,marking  ] GC(375) Concurrent Mark
[2026-03-27T14:07:28.487+0900][32.621s][info][gc,marking  ] GC(375) Concurrent Mark From Roots
[2026-03-27T14:07:28.487+0900][32.621s][info][gc,task     ] GC(375) Using 2 workers of 2 for marking
[2026-03-27T14:07:28.487+0900][32.623s][info][gc,marking  ] GC(375) Concurrent Mark From Roots 1.930ms
[2026-03-27T14:07:28.487+0900][32.623s][info][gc,marking  ] GC(375) Concurrent Preclean
[2026-03-27T14:07:28.487+0900][32.623s][info][gc,marking  ] GC(375) Concurrent Preclean 0.041ms
[2026-03-27T14:07:28.487+0900][32.624s][info][gc,start    ] GC(375) Pause Remark
[2026-03-27T14:07:28.487+0900][32.625s][info][gc          ] GC(375) Pause Remark 209M->209M(463M) 1.568ms
[2026-03-27T14:07:28.487+0900][32.625s][info][gc,cpu      ] GC(375) User=0.00s Sys=0.00s Real=0.00s
[2026-03-27T14:07:28.487+0900][32.626s][info][gc,marking  ] GC(375) Concurrent Mark 4.393ms
[2026-03-27T14:07:28.487+0900][32.626s][info][gc,marking  ] GC(375) Concurrent Rebuild Remembered Sets
[2026-03-27T14:07:28.487+0900][32.627s][info][gc,marking  ] GC(375) Concurrent Rebuild Remembered Sets 0.945ms
[2026-03-27T14:07:28.487+0900][32.627s][info][gc,start    ] GC(375) Pause Cleanup
[2026-03-27T14:07:28.487+0900][32.627s][info][gc          ] GC(375) Pause Cleanup 209M->209M(463M) 0.339ms
[2026-03-27T14:07:28.487+0900][32.627s][info][gc,cpu      ] GC(375) User=0.00s Sys=0.00s Real=0.00s
[2026-03-27T14:07:28.487+0900][32.628s][info][gc,marking  ] GC(375) Concurrent Cleanup for Next Mark
[2026-03-27T14:07:28.487+0900][32.628s][info][gc,marking  ] GC(375) Concurrent Cleanup for Next Mark 0.625ms
[2026-03-27T14:07:28.487+0900][32.628s][info][gc          ] GC(375) Concurrent Mark Cycle 7.692ms
[2026-03-27T14:07:28.551+0900][32.681s][info][gc,start    ] GC(376) Pause Young (Concurrent Start) (G1 Humongous Allocation)
[2026-03-27T14:07:28.551+0900][32.682s][info][gc,task     ] GC(376) Using 8 workers of 8 for evacuation
[2026-03-27T14:07:28.552+0900][32.684s][info][gc,phases   ] GC(376)   Pre Evacuate Collection Set: 0.3ms
[2026-03-27T14:07:28.552+0900][32.684s][info][gc,phases   ] GC(376)   Merge Heap Roots: 0.3ms
[2026-03-27T14:07:28.552+0900][32.684s][info][gc,phases   ] GC(376)   Evacuate Collection Set: 0.3ms
[2026-03-27T14:07:28.552+0900][32.684s][info][gc,phases   ] GC(376)   Post Evacuate Collection Set: 0.8ms
[2026-03-27T14:07:28.552+0900][32.684s][info][gc,phases   ] GC(376)   Other: 0.3ms
[2026-03-27T14:07:28.552+0900][32.684s][info][gc,heap     ] GC(376) Eden regions: 1->0(205)
[2026-03-27T14:07:28.552+0900][32.684s][info][gc,heap     ] GC(376) Survivor regions: 1->1(26)
[2026-03-27T14:07:28.552+0900][32.684s][info][gc,heap     ] GC(376) Old regions: 1->1
[2026-03-27T14:07:28.552+0900][32.684s][info][gc,heap     ] GC(376) Archive regions: 0->0
[2026-03-27T14:07:28.552+0900][32.684s][info][gc,heap     ] GC(376) Humongous regions: 209->208
[2026-03-27T14:07:28.552+0900][32.684s][info][gc,metaspace] GC(376) Metaspace: 166K(384K)->166K(384K) NonClass: 157K(256K)->157K(256K) Class: 9K(128K)->9K(128K)
[2026-03-27T14:07:28.552+0900][32.684s][info][gc          ] GC(376) Pause Young (Concurrent Start) (G1 Humongous Allocation) 210M->208M(463M) 2.668ms
[2026-03-27T14:07:28.552+0900][32.684s][info][gc,cpu      ] GC(376) User=0.00s Sys=0.00s Real=0.00s
[2026-03-27T14:07:28.552+0900][32.684s][info][gc          ] GC(377) Concurrent Mark Cycle
[2026-03-27T14:07:28.552+0900][32.684s][info][gc,marking  ] GC(377) Concurrent Clear Claimed Marks
[2026-03-27T14:07:28.552+0900][32.684s][info][gc,marking  ] GC(377) Concurrent Clear Claimed Marks 0.042ms
[2026-03-27T14:07:28.552+0900][32.684s][info][gc,marking  ] GC(377) Concurrent Scan Root Regions
[2026-03-27T14:07:28.552+0900][32.685s][info][gc,marking  ] GC(377) Concurrent Scan Root Regions 0.263ms
[2026-03-27T14:07:28.552+0900][32.685s][info][gc,marking  ] GC(377) Concurrent Mark
[2026-03-27T14:07:28.552+0900][32.685s][info][gc,marking  ] GC(377) Concurrent Mark From Roots
[2026-03-27T14:07:28.552+0900][32.685s][info][gc,task     ] GC(377) Using 2 workers of 2 for marking
[2026-03-27T14:07:28.552+0900][32.687s][info][gc,marking  ] GC(377) Concurrent Mark From Roots 1.999ms
[2026-03-27T14:07:28.552+0900][32.687s][info][gc,marking  ] GC(377) Concurrent Preclean
[2026-03-27T14:07:28.552+0900][32.687s][info][gc,marking  ] GC(377) Concurrent Preclean 0.057ms
[2026-03-27T14:07:28.552+0900][32.687s][info][gc,start    ] GC(377) Pause Remark
[2026-03-27T14:07:28.552+0900][32.689s][info][gc          ] GC(377) Pause Remark 209M->209M(463M) 1.465ms
[2026-03-27T14:07:28.552+0900][32.689s][info][gc,cpu      ] GC(377) User=0.00s Sys=0.00s Real=0.00s
[2026-03-27T14:07:28.552+0900][32.689s][info][gc,marking  ] GC(377) Concurrent Mark 4.429ms
[2026-03-27T14:07:28.552+0900][32.689s][info][gc,marking  ] GC(377) Concurrent Rebuild Remembered Sets
[2026-03-27T14:07:28.552+0900][32.690s][info][gc,marking  ] GC(377) Concurrent Rebuild Remembered Sets 1.096ms
[2026-03-27T14:07:28.552+0900][32.691s][info][gc,start    ] GC(377) Pause Cleanup
[2026-03-27T14:07:28.552+0900][32.691s][info][gc          ] GC(377) Pause Cleanup 209M->209M(463M) 0.335ms
[2026-03-27T14:07:28.552+0900][32.691s][info][gc,cpu      ] GC(377) User=0.00s Sys=0.00s Real=0.00s
[2026-03-27T14:07:28.552+0900][32.691s][info][gc,marking  ] GC(377) Concurrent Cleanup for Next Mark
[2026-03-27T14:07:28.552+0900][32.692s][info][gc,marking  ] GC(377) Concurrent Cleanup for Next Mark 0.638ms
[2026-03-27T14:07:28.552+0900][32.692s][info][gc          ] GC(377) Concurrent Mark Cycle 7.916ms
[2026-03-27T14:07:28.615+0900][32.745s][info][gc,start    ] GC(378) Pause Young (Concurrent Start) (G1 Humongous Allocation)
[2026-03-27T14:07:28.615+0900][32.745s][info][gc,task     ] GC(378) Using 8 workers of 8 for evacuation
[2026-03-27T14:07:28.615+0900][32.748s][info][gc,phases   ] GC(378)   Pre Evacuate Collection Set: 0.2ms
[2026-03-27T14:07:28.615+0900][32.748s][info][gc,phases   ] GC(378)   Merge Heap Roots: 0.4ms
[2026-03-27T14:07:28.615+0900][32.748s][info][gc,phases   ] GC(378)   Evacuate Collection Set: 0.5ms
[2026-03-27T14:07:28.615+0900][32.748s][info][gc,phases   ] GC(378)   Post Evacuate Collection Set: 0.8ms
[2026-03-27T14:07:28.615+0900][32.748s][info][gc,phases   ] GC(378)   Other: 0.3ms
[2026-03-27T14:07:28.615+0900][32.748s][info][gc,heap     ] GC(378) Eden regions: 1->0(205)
[2026-03-27T14:07:28.615+0900][32.748s][info][gc,heap     ] GC(378) Survivor regions: 1->1(26)
[2026-03-27T14:07:28.615+0900][32.748s][info][gc,heap     ] GC(378) Old regions: 1->1
[2026-03-27T14:07:28.615+0900][32.748s][info][gc,heap     ] GC(378) Archive regions: 0->0
[2026-03-27T14:07:28.615+0900][32.748s][info][gc,heap     ] GC(378) Humongous regions: 209->208
[2026-03-27T14:07:28.615+0900][32.748s][info][gc,metaspace] GC(378) Metaspace: 166K(384K)->166K(384K) NonClass: 157K(256K)->157K(256K) Class: 9K(128K)->9K(128K)
[2026-03-27T14:07:28.615+0900][32.748s][info][gc          ] GC(378) Pause Young (Concurrent Start) (G1 Humongous Allocation) 210M->208M(463M) 2.986ms
[2026-03-27T14:07:28.615+0900][32.748s][info][gc,cpu      ] GC(378) User=0.00s Sys=0.00s Real=0.00s
[2026-03-27T14:07:28.615+0900][32.748s][info][gc          ] GC(379) Concurrent Mark Cycle
[2026-03-27T14:07:28.615+0900][32.748s][info][gc,marking  ] GC(379) Concurrent Clear Claimed Marks
[2026-03-27T14:07:28.615+0900][32.748s][info][gc,marking  ] GC(379) Concurrent Clear Claimed Marks 0.042ms
[2026-03-27T14:07:28.615+0900][32.748s][info][gc,marking  ] GC(379) Concurrent Scan Root Regions
[2026-03-27T14:07:28.615+0900][32.749s][info][gc,marking  ] GC(379) Concurrent Scan Root Regions 0.209ms
[2026-03-27T14:07:28.615+0900][32.749s][info][gc,marking  ] GC(379) Concurrent Mark
[2026-03-27T14:07:28.615+0900][32.749s][info][gc,marking  ] GC(379) Concurrent Mark From Roots
[2026-03-27T14:07:28.615+0900][32.749s][info][gc,task     ] GC(379) Using 2 workers of 2 for marking
[2026-03-27T14:07:28.615+0900][32.751s][info][gc,marking  ] GC(379) Concurrent Mark From Roots 2.017ms
[2026-03-27T14:07:28.615+0900][32.751s][info][gc,marking  ] GC(379) Concurrent Preclean
[2026-03-27T14:07:28.615+0900][32.751s][info][gc,marking  ] GC(379) Concurrent Preclean 0.044ms
[2026-03-27T14:07:28.615+0900][32.751s][info][gc,start    ] GC(379) Pause Remark
[2026-03-27T14:07:28.615+0900][32.753s][info][gc          ] GC(379) Pause Remark 209M->209M(463M) 1.325ms
[2026-03-27T14:07:28.615+0900][32.753s][info][gc,cpu      ] GC(379) User=0.00s Sys=0.00s Real=0.00s
[2026-03-27T14:07:28.615+0900][32.753s][info][gc,marking  ] GC(379) Concurrent Mark 4.262ms
[2026-03-27T14:07:28.615+0900][32.753s][info][gc,marking  ] GC(379) Concurrent Rebuild Remembered Sets
[2026-03-27T14:07:28.615+0900][32.754s][info][gc,marking  ] GC(379) Concurrent Rebuild Remembered Sets 1.131ms
[2026-03-27T14:07:28.615+0900][32.755s][info][gc,start    ] GC(379) Pause Cleanup
[2026-03-27T14:07:28.615+0900][32.755s][info][gc          ] GC(379) Pause Cleanup 209M->209M(463M) 0.366ms
[2026-03-27T14:07:28.615+0900][32.755s][info][gc,cpu      ] GC(379) User=0.00s Sys=0.00s Real=0.00s
[2026-03-27T14:07:28.615+0900][32.755s][info][gc,marking  ] GC(379) Concurrent Cleanup for Next Mark
[2026-03-27T14:07:28.615+0900][32.756s][info][gc,marking  ] GC(379) Concurrent Cleanup for Next Mark 0.693ms
[2026-03-27T14:07:28.615+0900][32.756s][info][gc          ] GC(379) Concurrent Mark Cycle 7.940ms
[2026-03-27T14:07:28.679+0900][32.809s][info][gc,start    ] GC(380) Pause Young (Concurrent Start) (G1 Humongous Allocation)
[2026-03-27T14:07:28.679+0900][32.809s][info][gc,task     ] GC(380) Using 8 workers of 8 for evacuation
[2026-03-27T14:07:28.679+0900][32.812s][info][gc,phases   ] GC(380)   Pre Evacuate Collection Set: 0.2ms
[2026-03-27T14:07:28.679+0900][32.812s][info][gc,phases   ] GC(380)   Merge Heap Roots: 0.3ms
[2026-03-27T14:07:28.679+0900][32.812s][info][gc,phases   ] GC(380)   Evacuate Collection Set: 0.4ms
[2026-03-27T14:07:28.679+0900][32.812s][info][gc,phases   ] GC(380)   Post Evacuate Collection Set: 1.0ms
[2026-03-27T14:07:28.679+0900][32.812s][info][gc,phases   ] GC(380)   Other: 0.2ms
[2026-03-27T14:07:28.679+0900][32.812s][info][gc,heap     ] GC(380) Eden regions: 1->0(205)
[2026-03-27T14:07:28.679+0900][32.812s][info][gc,heap     ] GC(380) Survivor regions: 1->1(26)
[2026-03-27T14:07:28.679+0900][32.812s][info][gc,heap     ] GC(380) Old regions: 1->1
[2026-03-27T14:07:28.679+0900][32.812s][info][gc,heap     ] GC(380) Archive regions: 0->0
[2026-03-27T14:07:28.679+0900][32.812s][info][gc,heap     ] GC(380) Humongous regions: 209->208
[2026-03-27T14:07:28.679+0900][32.812s][info][gc,metaspace] GC(380) Metaspace: 166K(384K)->166K(384K) NonClass: 157K(256K)->157K(256K) Class: 9K(128K)->9K(128K)
[2026-03-27T14:07:28.679+0900][32.812s][info][gc          ] GC(380) Pause Young (Concurrent Start) (G1 Humongous Allocation) 210M->208M(463M) 2.847ms
[2026-03-27T14:07:28.679+0900][32.812s][info][gc,cpu      ] GC(380) User=0.00s Sys=0.00s Real=0.00s
[2026-03-27T14:07:28.679+0900][32.812s][info][gc          ] GC(381) Concurrent Mark Cycle
[2026-03-27T14:07:28.679+0900][32.812s][info][gc,marking  ] GC(381) Concurrent Clear Claimed Marks
[2026-03-27T14:07:28.679+0900][32.812s][info][gc,marking  ] GC(381) Concurrent Clear Claimed Marks 0.041ms
[2026-03-27T14:07:28.679+0900][32.812s][info][gc,marking  ] GC(381) Concurrent Scan Root Regions
[2026-03-27T14:07:28.679+0900][32.813s][info][gc,marking  ] GC(381) Concurrent Scan Root Regions 0.246ms
[2026-03-27T14:07:28.679+0900][32.813s][info][gc,marking  ] GC(381) Concurrent Mark
[2026-03-27T14:07:28.679+0900][32.813s][info][gc,marking  ] GC(381) Concurrent Mark From Roots
[2026-03-27T14:07:28.679+0900][32.813s][info][gc,task     ] GC(381) Using 2 workers of 2 for marking
[2026-03-27T14:07:28.679+0900][32.815s][info][gc,marking  ] GC(381) Concurrent Mark From Roots 2.209ms
[2026-03-27T14:07:28.679+0900][32.815s][info][gc,marking  ] GC(381) Concurrent Preclean
[2026-03-27T14:07:28.679+0900][32.815s][info][gc,marking  ] GC(381) Concurrent Preclean 0.044ms
[2026-03-27T14:07:28.679+0900][32.816s][info][gc,start    ] GC(381) Pause Remark
[2026-03-27T14:07:28.679+0900][32.817s][info][gc          ] GC(381) Pause Remark 209M->209M(463M) 1.540ms
[2026-03-27T14:07:28.679+0900][32.817s][info][gc,cpu      ] GC(381) User=0.00s Sys=0.00s Real=0.00s
[2026-03-27T14:07:28.679+0900][32.818s][info][gc,marking  ] GC(381) Concurrent Mark 4.691ms
[2026-03-27T14:07:28.679+0900][32.818s][info][gc,marking  ] GC(381) Concurrent Rebuild Remembered Sets
[2026-03-27T14:07:28.679+0900][32.819s][info][gc,marking  ] GC(381) Concurrent Rebuild Remembered Sets 1.099ms
[2026-03-27T14:07:28.679+0900][32.819s][info][gc,start    ] GC(381) Pause Cleanup
[2026-03-27T14:07:28.679+0900][32.820s][info][gc          ] GC(381) Pause Cleanup 209M->209M(463M) 0.369ms
[2026-03-27T14:07:28.679+0900][32.820s][info][gc,cpu      ] GC(381) User=0.00s Sys=0.00s Real=0.00s
[2026-03-27T14:07:28.679+0900][32.820s][info][gc,marking  ] GC(381) Concurrent Cleanup for Next Mark
[2026-03-27T14:07:28.679+0900][32.821s][info][gc,marking  ] GC(381) Concurrent Cleanup for Next Mark 0.747ms
[2026-03-27T14:07:28.679+0900][32.821s][info][gc          ] GC(381) Concurrent Mark Cycle 8.382ms
[2026-03-27T14:07:28.742+0900][32.872s][info][gc,start    ] GC(382) Pause Young (Concurrent Start) (G1 Humongous Allocation)
[2026-03-27T14:07:28.742+0900][32.872s][info][gc,task     ] GC(382) Using 8 workers of 8 for evacuation
[2026-03-27T14:07:28.742+0900][32.873s][info][gc,phases   ] GC(382)   Pre Evacuate Collection Set: 0.1ms
[2026-03-27T14:07:28.742+0900][32.873s][info][gc,phases   ] GC(382)   Merge Heap Roots: 0.1ms
[2026-03-27T14:07:28.742+0900][32.873s][info][gc,phases   ] GC(382)   Evacuate Collection Set: 0.1ms
[2026-03-27T14:07:28.742+0900][32.873s][info][gc,phases   ] GC(382)   Post Evacuate Collection Set: 0.2ms
[2026-03-27T14:07:28.742+0900][32.873s][info][gc,phases   ] GC(382)   Other: 0.1ms
[2026-03-27T14:07:28.742+0900][32.873s][info][gc,heap     ] GC(382) Eden regions: 1->0(210)
[2026-03-27T14:07:28.742+0900][32.873s][info][gc,heap     ] GC(382) Survivor regions: 1->1(26)
[2026-03-27T14:07:28.742+0900][32.873s][info][gc,heap     ] GC(382) Old regions: 1->1
[2026-03-27T14:07:28.742+0900][32.873s][info][gc,heap     ] GC(382) Archive regions: 0->0
[2026-03-27T14:07:28.742+0900][32.873s][info][gc,heap     ] GC(382) Humongous regions: 209->208
[2026-03-27T14:07:28.742+0900][32.873s][info][gc,metaspace] GC(382) Metaspace: 166K(384K)->166K(384K) NonClass: 157K(256K)->157K(256K) Class: 9K(128K)->9K(128K)
[2026-03-27T14:07:28.742+0900][32.873s][info][gc          ] GC(382) Pause Young (Concurrent Start) (G1 Humongous Allocation) 210M->208M(468M) 0.836ms
[2026-03-27T14:07:28.742+0900][32.873s][info][gc,cpu      ] GC(382) User=0.00s Sys=0.00s Real=0.00s
[2026-03-27T14:07:28.742+0900][32.873s][info][gc          ] GC(383) Concurrent Undo Cycle
[2026-03-27T14:07:28.742+0900][32.873s][info][gc,marking  ] GC(383) Concurrent Cleanup for Next Mark
[2026-03-27T14:07:28.742+0900][32.873s][info][gc,marking  ] GC(383) Concurrent Cleanup for Next Mark 0.043ms
[2026-03-27T14:07:28.742+0900][32.873s][info][gc          ] GC(383) Concurrent Undo Cycle 0.133ms
[2026-03-27T14:07:28.806+0900][32.936s][info][gc,start    ] GC(384) Pause Young (Concurrent Start) (G1 Humongous Allocation)
[2026-03-27T14:07:28.806+0900][32.936s][info][gc,task     ] GC(384) Using 8 workers of 8 for evacuation
[2026-03-27T14:07:28.806+0900][32.938s][info][gc,phases   ] GC(384)   Pre Evacuate Collection Set: 0.1ms
[2026-03-27T14:07:28.806+0900][32.938s][info][gc,phases   ] GC(384)   Merge Heap Roots: 0.2ms
[2026-03-27T14:07:28.806+0900][32.938s][info][gc,phases   ] GC(384)   Evacuate Collection Set: 0.2ms
[2026-03-27T14:07:28.806+0900][32.938s][info][gc,phases   ] GC(384)   Post Evacuate Collection Set: 0.6ms
[2026-03-27T14:07:28.806+0900][32.938s][info][gc,phases   ] GC(384)   Other: 0.2ms
[2026-03-27T14:07:28.806+0900][32.938s][info][gc,heap     ] GC(384) Eden regions: 1->0(208)
[2026-03-27T14:07:28.806+0900][32.938s][info][gc,heap     ] GC(384) Survivor regions: 1->1(27)
[2026-03-27T14:07:28.806+0900][32.938s][info][gc,heap     ] GC(384) Old regions: 1->1
[2026-03-27T14:07:28.806+0900][32.938s][info][gc,heap     ] GC(384) Archive regions: 0->0
[2026-03-27T14:07:28.806+0900][32.938s][info][gc,heap     ] GC(384) Humongous regions: 211->210
[2026-03-27T14:07:28.806+0900][32.938s][info][gc,metaspace] GC(384) Metaspace: 166K(384K)->166K(384K) NonClass: 157K(256K)->157K(256K) Class: 9K(128K)->9K(128K)
[2026-03-27T14:07:28.806+0900][32.938s][info][gc          ] GC(384) Pause Young (Concurrent Start) (G1 Humongous Allocation) 212M->210M(468M) 1.763ms
[2026-03-27T14:07:28.806+0900][32.938s][info][gc,cpu      ] GC(384) User=0.00s Sys=0.00s Real=0.00s
[2026-03-27T14:07:28.806+0900][32.938s][info][gc          ] GC(385) Concurrent Mark Cycle
[2026-03-27T14:07:28.806+0900][32.938s][info][gc,marking  ] GC(385) Concurrent Clear Claimed Marks
[2026-03-27T14:07:28.806+0900][32.938s][info][gc,marking  ] GC(385) Concurrent Clear Claimed Marks 0.023ms
[2026-03-27T14:07:28.806+0900][32.938s][info][gc,marking  ] GC(385) Concurrent Scan Root Regions
[2026-03-27T14:07:28.806+0900][32.938s][info][gc,marking  ] GC(385) Concurrent Scan Root Regions 0.166ms
[2026-03-27T14:07:28.806+0900][32.938s][info][gc,marking  ] GC(385) Concurrent Mark
[2026-03-27T14:07:28.806+0900][32.938s][info][gc,marking  ] GC(385) Concurrent Mark From Roots
[2026-03-27T14:07:28.806+0900][32.939s][info][gc,task     ] GC(385) Using 2 workers of 2 for marking
[2026-03-27T14:07:28.806+0900][32.940s][info][gc,marking  ] GC(385) Concurrent Mark From Roots 1.106ms
[2026-03-27T14:07:28.806+0900][32.940s][info][gc,marking  ] GC(385) Concurrent Preclean
[2026-03-27T14:07:28.806+0900][32.940s][info][gc,marking  ] GC(385) Concurrent Preclean 0.022ms
[2026-03-27T14:07:28.806+0900][32.940s][info][gc,start    ] GC(385) Pause Remark
[2026-03-27T14:07:28.806+0900][32.941s][info][gc          ] GC(385) Pause Remark 211M->211M(468M) 0.728ms
[2026-03-27T14:07:28.806+0900][32.941s][info][gc,cpu      ] GC(385) User=0.00s Sys=0.00s Real=0.00s
[2026-03-27T14:07:28.806+0900][32.941s][info][gc,marking  ] GC(385) Concurrent Mark 2.337ms
[2026-03-27T14:07:28.806+0900][32.941s][info][gc,marking  ] GC(385) Concurrent Rebuild Remembered Sets
[2026-03-27T14:07:28.806+0900][32.942s][info][gc,marking  ] GC(385) Concurrent Rebuild Remembered Sets 0.645ms
[2026-03-27T14:07:28.806+0900][32.942s][info][gc,start    ] GC(385) Pause Cleanup
[2026-03-27T14:07:28.806+0900][32.942s][info][gc          ] GC(385) Pause Cleanup 211M->211M(468M) 0.197ms
[2026-03-27T14:07:28.806+0900][32.942s][info][gc,cpu      ] GC(385) User=0.00s Sys=0.00s Real=0.00s
[2026-03-27T14:07:28.806+0900][32.942s][info][gc,marking  ] GC(385) Concurrent Cleanup for Next Mark
[2026-03-27T14:07:28.806+0900][32.943s][info][gc,marking  ] GC(385) Concurrent Cleanup for Next Mark 0.454ms
[2026-03-27T14:07:28.806+0900][32.943s][info][gc          ] GC(385) Concurrent Mark Cycle 4.533ms
[2026-03-27T14:07:28.870+0900][33.000s][info][gc,start    ] GC(386) Pause Young (Concurrent Start) (G1 Humongous Allocation)
[2026-03-27T14:07:28.870+0900][33.000s][info][gc,task     ] GC(386) Using 8 workers of 8 for evacuation
[2026-03-27T14:07:28.871+0900][33.003s][info][gc,phases   ] GC(386)   Pre Evacuate Collection Set: 0.2ms
[2026-03-27T14:07:28.871+0900][33.003s][info][gc,phases   ] GC(386)   Merge Heap Roots: 0.3ms
[2026-03-27T14:07:28.871+0900][33.003s][info][gc,phases   ] GC(386)   Evacuate Collection Set: 0.4ms
[2026-03-27T14:07:28.871+0900][33.003s][info][gc,phases   ] GC(386)   Post Evacuate Collection Set: 1.0ms
[2026-03-27T14:07:28.871+0900][33.003s][info][gc,phases   ] GC(386)   Other: 0.3ms
[2026-03-27T14:07:28.871+0900][33.003s][info][gc,heap     ] GC(386) Eden regions: 1->0(208)
[2026-03-27T14:07:28.871+0900][33.003s][info][gc,heap     ] GC(386) Survivor regions: 1->1(27)
[2026-03-27T14:07:28.871+0900][33.003s][info][gc,heap     ] GC(386) Old regions: 1->1
[2026-03-27T14:07:28.871+0900][33.003s][info][gc,heap     ] GC(386) Archive regions: 0->0
[2026-03-27T14:07:28.871+0900][33.003s][info][gc,heap     ] GC(386) Humongous regions: 211->210
[2026-03-27T14:07:28.871+0900][33.003s][info][gc,metaspace] GC(386) Metaspace: 166K(384K)->166K(384K) NonClass: 157K(256K)->157K(256K) Class: 9K(128K)->9K(128K)
[2026-03-27T14:07:28.871+0900][33.003s][info][gc          ] GC(386) Pause Young (Concurrent Start) (G1 Humongous Allocation) 212M->210M(468M) 2.969ms
[2026-03-27T14:07:28.871+0900][33.003s][info][gc,cpu      ] GC(386) User=0.00s Sys=0.00s Real=0.00s
[2026-03-27T14:07:28.871+0900][33.003s][info][gc          ] GC(387) Concurrent Mark Cycle
[2026-03-27T14:07:28.871+0900][33.003s][info][gc,marking  ] GC(387) Concurrent Clear Claimed Marks
[2026-03-27T14:07:28.871+0900][33.003s][info][gc,marking  ] GC(387) Concurrent Clear Claimed Marks 0.028ms
[2026-03-27T14:07:28.871+0900][33.003s][info][gc,marking  ] GC(387) Concurrent Scan Root Regions
[2026-03-27T14:07:28.871+0900][33.004s][info][gc,marking  ] GC(387) Concurrent Scan Root Regions 0.256ms
[2026-03-27T14:07:28.871+0900][33.004s][info][gc,marking  ] GC(387) Concurrent Mark
[2026-03-27T14:07:28.871+0900][33.004s][info][gc,marking  ] GC(387) Concurrent Mark From Roots
[2026-03-27T14:07:28.871+0900][33.004s][info][gc,task     ] GC(387) Using 2 workers of 2 for marking
[2026-03-27T14:07:28.871+0900][33.005s][info][gc,marking  ] GC(387) Concurrent Mark From Roots 1.450ms
[2026-03-27T14:07:28.871+0900][33.005s][info][gc,marking  ] GC(387) Concurrent Preclean
[2026-03-27T14:07:28.871+0900][33.005s][info][gc,marking  ] GC(387) Concurrent Preclean 0.031ms
[2026-03-27T14:07:28.871+0900][33.006s][info][gc,start    ] GC(387) Pause Remark
[2026-03-27T14:07:28.871+0900][33.007s][info][gc          ] GC(387) Pause Remark 211M->211M(468M) 1.089ms
[2026-03-27T14:07:28.871+0900][33.007s][info][gc,cpu      ] GC(387) User=0.00s Sys=0.00s Real=0.00s
[2026-03-27T14:07:28.871+0900][33.007s][info][gc,marking  ] GC(387) Concurrent Mark 3.158ms
[2026-03-27T14:07:28.871+0900][33.007s][info][gc,marking  ] GC(387) Concurrent Rebuild Remembered Sets
[2026-03-27T14:07:28.871+0900][33.008s][info][gc,marking  ] GC(387) Concurrent Rebuild Remembered Sets 0.827ms
[2026-03-27T14:07:28.871+0900][33.008s][info][gc,start    ] GC(387) Pause Cleanup
[2026-03-27T14:07:28.871+0900][33.008s][info][gc          ] GC(387) Pause Cleanup 211M->211M(468M) 0.220ms
[2026-03-27T14:07:28.871+0900][33.008s][info][gc,cpu      ] GC(387) User=0.00s Sys=0.00s Real=0.00s
[2026-03-27T14:07:28.871+0900][33.008s][info][gc,marking  ] GC(387) Concurrent Cleanup for Next Mark
[2026-03-27T14:07:28.871+0900][33.009s][info][gc,marking  ] GC(387) Concurrent Cleanup for Next Mark 0.509ms
[2026-03-27T14:07:28.871+0900][33.009s][info][gc          ] GC(387) Concurrent Mark Cycle 5.785ms
[2026-03-27T14:07:28.933+0900][33.064s][info][gc,start    ] GC(388) Pause Young (Concurrent Start) (G1 Humongous Allocation)
[2026-03-27T14:07:28.933+0900][33.064s][info][gc,task     ] GC(388) Using 8 workers of 8 for evacuation
[2026-03-27T14:07:28.933+0900][33.065s][info][gc,phases   ] GC(388)   Pre Evacuate Collection Set: 0.1ms
[2026-03-27T14:07:28.933+0900][33.065s][info][gc,phases   ] GC(388)   Merge Heap Roots: 0.2ms
[2026-03-27T14:07:28.933+0900][33.065s][info][gc,phases   ] GC(388)   Evacuate Collection Set: 0.2ms
[2026-03-27T14:07:28.933+0900][33.065s][info][gc,phases   ] GC(388)   Post Evacuate Collection Set: 0.6ms
[2026-03-27T14:07:28.933+0900][33.065s][info][gc,phases   ] GC(388)   Other: 0.2ms
[2026-03-27T14:07:28.933+0900][33.065s][info][gc,heap     ] GC(388) Eden regions: 1->0(208)
[2026-03-27T14:07:28.933+0900][33.065s][info][gc,heap     ] GC(388) Survivor regions: 1->1(27)
[2026-03-27T14:07:28.933+0900][33.065s][info][gc,heap     ] GC(388) Old regions: 1->1
[2026-03-27T14:07:28.933+0900][33.065s][info][gc,heap     ] GC(388) Archive regions: 0->0
[2026-03-27T14:07:28.933+0900][33.065s][info][gc,heap     ] GC(388) Humongous regions: 211->210
[2026-03-27T14:07:28.933+0900][33.065s][info][gc,metaspace] GC(388) Metaspace: 166K(384K)->166K(384K) NonClass: 157K(256K)->157K(256K) Class: 9K(128K)->9K(128K)
[2026-03-27T14:07:28.933+0900][33.065s][info][gc          ] GC(388) Pause Young (Concurrent Start) (G1 Humongous Allocation) 212M->210M(468M) 1.692ms
[2026-03-27T14:07:28.933+0900][33.065s][info][gc,cpu      ] GC(388) User=0.00s Sys=0.00s Real=0.00s
[2026-03-27T14:07:28.933+0900][33.065s][info][gc          ] GC(389) Concurrent Mark Cycle
[2026-03-27T14:07:28.933+0900][33.065s][info][gc,marking  ] GC(389) Concurrent Clear Claimed Marks
[2026-03-27T14:07:28.933+0900][33.065s][info][gc,marking  ] GC(389) Concurrent Clear Claimed Marks 0.021ms
[2026-03-27T14:07:28.933+0900][33.066s][info][gc,marking  ] GC(389) Concurrent Scan Root Regions
[2026-03-27T14:07:28.933+0900][33.066s][info][gc,marking  ] GC(389) Concurrent Scan Root Regions 0.157ms
[2026-03-27T14:07:28.933+0900][33.066s][info][gc,marking  ] GC(389) Concurrent Mark
[2026-03-27T14:07:28.933+0900][33.066s][info][gc,marking  ] GC(389) Concurrent Mark From Roots
[2026-03-27T14:07:28.933+0900][33.066s][info][gc,task     ] GC(389) Using 2 workers of 2 for marking
[2026-03-27T14:07:28.933+0900][33.067s][info][gc,marking  ] GC(389) Concurrent Mark From Roots 1.399ms
[2026-03-27T14:07:28.933+0900][33.067s][info][gc,marking  ] GC(389) Concurrent Preclean
[2026-03-27T14:07:28.933+0900][33.067s][info][gc,marking  ] GC(389) Concurrent Preclean 0.030ms
[2026-03-27T14:07:28.933+0900][33.068s][info][gc,start    ] GC(389) Pause Remark
[2026-03-27T14:07:28.933+0900][33.069s][info][gc          ] GC(389) Pause Remark 211M->211M(468M) 1.296ms
[2026-03-27T14:07:28.933+0900][33.069s][info][gc,cpu      ] GC(389) User=0.00s Sys=0.00s Real=0.00s
[2026-03-27T14:07:28.933+0900][33.069s][info][gc,marking  ] GC(389) Concurrent Mark 3.391ms
[2026-03-27T14:07:28.933+0900][33.069s][info][gc,marking  ] GC(389) Concurrent Rebuild Remembered Sets
[2026-03-27T14:07:28.933+0900][33.070s][info][gc,marking  ] GC(389) Concurrent Rebuild Remembered Sets 0.836ms
[2026-03-27T14:07:28.933+0900][33.070s][info][gc,start    ] GC(389) Pause Cleanup
[2026-03-27T14:07:28.933+0900][33.071s][info][gc          ] GC(389) Pause Cleanup 211M->211M(468M) 0.283ms
[2026-03-27T14:07:28.933+0900][33.071s][info][gc,cpu      ] GC(389) User=0.00s Sys=0.00s Real=0.00s
[2026-03-27T14:07:28.933+0900][33.071s][info][gc,marking  ] GC(389) Concurrent Cleanup for Next Mark
[2026-03-27T14:07:28.933+0900][33.071s][info][gc,marking  ] GC(389) Concurrent Cleanup for Next Mark 0.508ms
[2026-03-27T14:07:28.933+0900][33.071s][info][gc          ] GC(389) Concurrent Mark Cycle 6.205ms
[2026-03-27T14:07:28.997+0900][33.128s][info][gc,start    ] GC(390) Pause Young (Concurrent Start) (G1 Humongous Allocation)
[2026-03-27T14:07:28.997+0900][33.128s][info][gc,task     ] GC(390) Using 8 workers of 8 for evacuation
[2026-03-27T14:07:28.997+0900][33.130s][info][gc,phases   ] GC(390)   Pre Evacuate Collection Set: 0.3ms
[2026-03-27T14:07:28.997+0900][33.131s][info][gc,phases   ] GC(390)   Merge Heap Roots: 0.3ms
[2026-03-27T14:07:28.997+0900][33.131s][info][gc,phases   ] GC(390)   Evacuate Collection Set: 0.4ms
[2026-03-27T14:07:28.997+0900][33.131s][info][gc,phases   ] GC(390)   Post Evacuate Collection Set: 1.0ms
[2026-03-27T14:07:28.997+0900][33.131s][info][gc,phases   ] GC(390)   Other: 0.4ms
[2026-03-27T14:07:28.997+0900][33.131s][info][gc,heap     ] GC(390) Eden regions: 1->0(208)
[2026-03-27T14:07:28.997+0900][33.131s][info][gc,heap     ] GC(390) Survivor regions: 1->1(27)
[2026-03-27T14:07:28.997+0900][33.131s][info][gc,heap     ] GC(390) Old regions: 1->1
[2026-03-27T14:07:28.997+0900][33.131s][info][gc,heap     ] GC(390) Archive regions: 0->0
[2026-03-27T14:07:28.997+0900][33.131s][info][gc,heap     ] GC(390) Humongous regions: 211->210
[2026-03-27T14:07:28.997+0900][33.131s][info][gc,metaspace] GC(390) Metaspace: 166K(384K)->166K(384K) NonClass: 157K(256K)->157K(256K) Class: 9K(128K)->9K(128K)
[2026-03-27T14:07:28.997+0900][33.131s][info][gc          ] GC(390) Pause Young (Concurrent Start) (G1 Humongous Allocation) 212M->210M(468M) 3.051ms
[2026-03-27T14:07:28.997+0900][33.131s][info][gc,cpu      ] GC(390) User=0.00s Sys=0.00s Real=0.00s
[2026-03-27T14:07:28.997+0900][33.131s][info][gc          ] GC(391) Concurrent Mark Cycle
[2026-03-27T14:07:28.997+0900][33.131s][info][gc,marking  ] GC(391) Concurrent Clear Claimed Marks
[2026-03-27T14:07:28.997+0900][33.131s][info][gc,marking  ] GC(391) Concurrent Clear Claimed Marks 0.149ms
[2026-03-27T14:07:28.997+0900][33.131s][info][gc,marking  ] GC(391) Concurrent Scan Root Regions
[2026-03-27T14:07:28.997+0900][33.132s][info][gc,marking  ] GC(391) Concurrent Scan Root Regions 0.246ms
[2026-03-27T14:07:28.997+0900][33.132s][info][gc,marking  ] GC(391) Concurrent Mark
[2026-03-27T14:07:28.997+0900][33.132s][info][gc,marking  ] GC(391) Concurrent Mark From Roots
[2026-03-27T14:07:28.997+0900][33.132s][info][gc,task     ] GC(391) Using 2 workers of 2 for marking
[2026-03-27T14:07:28.997+0900][33.134s][info][gc,marking  ] GC(391) Concurrent Mark From Roots 2.114ms
[2026-03-27T14:07:28.997+0900][33.134s][info][gc,marking  ] GC(391) Concurrent Preclean
[2026-03-27T14:07:28.997+0900][33.134s][info][gc,marking  ] GC(391) Concurrent Preclean 0.045ms
[2026-03-27T14:07:28.997+0900][33.135s][info][gc,start    ] GC(391) Pause Remark
[2026-03-27T14:07:28.997+0900][33.136s][info][gc          ] GC(391) Pause Remark 211M->211M(468M) 1.558ms
[2026-03-27T14:07:28.997+0900][33.136s][info][gc,cpu      ] GC(391) User=0.00s Sys=0.00s Real=0.00s
[2026-03-27T14:07:28.997+0900][33.136s][info][gc,marking  ] GC(391) Concurrent Mark 4.645ms
[2026-03-27T14:07:28.997+0900][33.137s][info][gc,marking  ] GC(391) Concurrent Rebuild Remembered Sets
[2026-03-27T14:07:28.997+0900][33.137s][info][gc,marking  ] GC(391) Concurrent Rebuild Remembered Sets 0.913ms
[2026-03-27T14:07:28.997+0900][33.138s][info][gc,start    ] GC(391) Pause Cleanup
[2026-03-27T14:07:28.997+0900][33.138s][info][gc          ] GC(391) Pause Cleanup 211M->211M(468M) 0.326ms
[2026-03-27T14:07:28.997+0900][33.138s][info][gc,cpu      ] GC(391) User=0.00s Sys=0.00s Real=0.00s
[2026-03-27T14:07:28.997+0900][33.138s][info][gc,marking  ] GC(391) Concurrent Cleanup for Next Mark
[2026-03-27T14:07:28.997+0900][33.139s][info][gc,marking  ] GC(391) Concurrent Cleanup for Next Mark 0.611ms
[2026-03-27T14:07:28.997+0900][33.139s][info][gc          ] GC(391) Concurrent Mark Cycle 7.981ms
[2026-03-27T14:07:29.062+0900][33.192s][info][gc,start    ] GC(392) Pause Young (Concurrent Start) (G1 Humongous Allocation)
[2026-03-27T14:07:29.062+0900][33.193s][info][gc,task     ] GC(392) Using 8 workers of 8 for evacuation
[2026-03-27T14:07:29.062+0900][33.195s][info][gc,phases   ] GC(392)   Pre Evacuate Collection Set: 0.3ms
[2026-03-27T14:07:29.062+0900][33.195s][info][gc,phases   ] GC(392)   Merge Heap Roots: 0.3ms
[2026-03-27T14:07:29.062+0900][33.195s][info][gc,phases   ] GC(392)   Evacuate Collection Set: 0.4ms
[2026-03-27T14:07:29.062+0900][33.195s][info][gc,phases   ] GC(392)   Post Evacuate Collection Set: 1.0ms
[2026-03-27T14:07:29.062+0900][33.195s][info][gc,phases   ] GC(392)   Other: 0.3ms
[2026-03-27T14:07:29.062+0900][33.195s][info][gc,heap     ] GC(392) Eden regions: 1->0(211)
[2026-03-27T14:07:29.062+0900][33.195s][info][gc,heap     ] GC(392) Survivor regions: 1->1(27)
[2026-03-27T14:07:29.062+0900][33.195s][info][gc,heap     ] GC(392) Old regions: 1->1
[2026-03-27T14:07:29.062+0900][33.195s][info][gc,heap     ] GC(392) Archive regions: 0->0
[2026-03-27T14:07:29.062+0900][33.195s][info][gc,heap     ] GC(392) Humongous regions: 211->210
[2026-03-27T14:07:29.062+0900][33.195s][info][gc,metaspace] GC(392) Metaspace: 166K(384K)->166K(384K) NonClass: 157K(256K)->157K(256K) Class: 9K(128K)->9K(128K)
[2026-03-27T14:07:29.062+0900][33.195s][info][gc          ] GC(392) Pause Young (Concurrent Start) (G1 Humongous Allocation) 212M->210M(472M) 2.946ms
[2026-03-27T14:07:29.062+0900][33.195s][info][gc,cpu      ] GC(392) User=0.00s Sys=0.00s Real=0.00s
[2026-03-27T14:07:29.062+0900][33.195s][info][gc          ] GC(393) Concurrent Undo Cycle
[2026-03-27T14:07:29.062+0900][33.196s][info][gc,marking  ] GC(393) Concurrent Cleanup for Next Mark
[2026-03-27T14:07:29.062+0900][33.196s][info][gc,marking  ] GC(393) Concurrent Cleanup for Next Mark 0.253ms
[2026-03-27T14:07:29.062+0900][33.196s][info][gc          ] GC(393) Concurrent Undo Cycle 0.489ms
[2026-03-27T14:07:29.125+0900][33.256s][info][gc,start    ] GC(394) Pause Young (Concurrent Start) (G1 Humongous Allocation)
[2026-03-27T14:07:29.125+0900][33.256s][info][gc,task     ] GC(394) Using 8 workers of 8 for evacuation
[2026-03-27T14:07:29.125+0900][33.258s][info][gc,phases   ] GC(394)   Pre Evacuate Collection Set: 0.4ms
[2026-03-27T14:07:29.125+0900][33.258s][info][gc,phases   ] GC(394)   Merge Heap Roots: 0.2ms
[2026-03-27T14:07:29.125+0900][33.259s][info][gc,phases   ] GC(394)   Evacuate Collection Set: 0.4ms
[2026-03-27T14:07:29.125+0900][33.259s][info][gc,phases   ] GC(394)   Post Evacuate Collection Set: 0.9ms
[2026-03-27T14:07:29.125+0900][33.259s][info][gc,phases   ] GC(394)   Other: 0.3ms
[2026-03-27T14:07:29.125+0900][33.259s][info][gc,heap     ] GC(394) Eden regions: 1->0(209)
[2026-03-27T14:07:29.125+0900][33.259s][info][gc,heap     ] GC(394) Survivor regions: 1->1(27)
[2026-03-27T14:07:29.125+0900][33.259s][info][gc,heap     ] GC(394) Old regions: 1->1
[2026-03-27T14:07:29.125+0900][33.259s][info][gc,heap     ] GC(394) Archive regions: 0->0
[2026-03-27T14:07:29.125+0900][33.259s][info][gc,heap     ] GC(394) Humongous regions: 213->212
[2026-03-27T14:07:29.125+0900][33.259s][info][gc,metaspace] GC(394) Metaspace: 166K(384K)->166K(384K) NonClass: 157K(256K)->157K(256K) Class: 9K(128K)->9K(128K)
[2026-03-27T14:07:29.125+0900][33.259s][info][gc          ] GC(394) Pause Young (Concurrent Start) (G1 Humongous Allocation) 214M->212M(472M) 2.988ms
[2026-03-27T14:07:29.125+0900][33.259s][info][gc,cpu      ] GC(394) User=0.00s Sys=0.00s Real=0.00s
[2026-03-27T14:07:29.125+0900][33.259s][info][gc          ] GC(395) Concurrent Mark Cycle
[2026-03-27T14:07:29.125+0900][33.259s][info][gc,marking  ] GC(395) Concurrent Clear Claimed Marks
[2026-03-27T14:07:29.125+0900][33.259s][info][gc,marking  ] GC(395) Concurrent Clear Claimed Marks 0.041ms
[2026-03-27T14:07:29.125+0900][33.259s][info][gc,marking  ] GC(395) Concurrent Scan Root Regions
[2026-03-27T14:07:29.125+0900][33.259s][info][gc,marking  ] GC(395) Concurrent Scan Root Regions 0.239ms
[2026-03-27T14:07:29.125+0900][33.260s][info][gc,marking  ] GC(395) Concurrent Mark
[2026-03-27T14:07:29.125+0900][33.260s][info][gc,marking  ] GC(395) Concurrent Mark From Roots
[2026-03-27T14:07:29.125+0900][33.260s][info][gc,task     ] GC(395) Using 2 workers of 2 for marking
[2026-03-27T14:07:29.125+0900][33.262s][info][gc,marking  ] GC(395) Concurrent Mark From Roots 1.999ms
[2026-03-27T14:07:29.125+0900][33.262s][info][gc,marking  ] GC(395) Concurrent Preclean
[2026-03-27T14:07:29.125+0900][33.262s][info][gc,marking  ] GC(395) Concurrent Preclean 0.044ms
[2026-03-27T14:07:29.125+0900][33.262s][info][gc,start    ] GC(395) Pause Remark
[2026-03-27T14:07:29.125+0900][33.264s][info][gc          ] GC(395) Pause Remark 213M->213M(472M) 1.519ms
[2026-03-27T14:07:29.125+0900][33.264s][info][gc,cpu      ] GC(395) User=0.00s Sys=0.00s Real=0.00s
[2026-03-27T14:07:29.125+0900][33.264s][info][gc,marking  ] GC(395) Concurrent Mark 4.468ms
[2026-03-27T14:07:29.125+0900][33.264s][info][gc,marking  ] GC(395) Concurrent Rebuild Remembered Sets
[2026-03-27T14:07:29.125+0900][33.265s][info][gc,marking  ] GC(395) Concurrent Rebuild Remembered Sets 1.011ms
[2026-03-27T14:07:29.125+0900][33.266s][info][gc,start    ] GC(395) Pause Cleanup
[2026-03-27T14:07:29.125+0900][33.266s][info][gc          ] GC(395) Pause Cleanup 213M->213M(472M) 0.340ms
[2026-03-27T14:07:29.125+0900][33.266s][info][gc,cpu      ] GC(395) User=0.00s Sys=0.00s Real=0.00s
[2026-03-27T14:07:29.125+0900][33.266s][info][gc,marking  ] GC(395) Concurrent Cleanup for Next Mark
[2026-03-27T14:07:29.125+0900][33.267s][info][gc,marking  ] GC(395) Concurrent Cleanup for Next Mark 0.645ms
[2026-03-27T14:07:29.125+0900][33.267s][info][gc          ] GC(395) Concurrent Mark Cycle 7.900ms
[2026-03-27T14:07:29.189+0900][33.320s][info][gc,start    ] GC(396) Pause Young (Concurrent Start) (G1 Humongous Allocation)
[2026-03-27T14:07:29.190+0900][33.320s][info][gc,task     ] GC(396) Using 8 workers of 8 for evacuation
[2026-03-27T14:07:29.190+0900][33.322s][info][gc,phases   ] GC(396)   Pre Evacuate Collection Set: 0.2ms
[2026-03-27T14:07:29.190+0900][33.322s][info][gc,phases   ] GC(396)   Merge Heap Roots: 0.4ms
[2026-03-27T14:07:29.190+0900][33.322s][info][gc,phases   ] GC(396)   Evacuate Collection Set: 0.3ms
[2026-03-27T14:07:29.190+0900][33.322s][info][gc,phases   ] GC(396)   Post Evacuate Collection Set: 0.8ms
[2026-03-27T14:07:29.190+0900][33.322s][info][gc,phases   ] GC(396)   Other: 0.4ms
[2026-03-27T14:07:29.190+0900][33.322s][info][gc,heap     ] GC(396) Eden regions: 1->0(209)
[2026-03-27T14:07:29.190+0900][33.322s][info][gc,heap     ] GC(396) Survivor regions: 1->1(27)
[2026-03-27T14:07:29.190+0900][33.322s][info][gc,heap     ] GC(396) Old regions: 1->1
[2026-03-27T14:07:29.190+0900][33.322s][info][gc,heap     ] GC(396) Archive regions: 0->0
[2026-03-27T14:07:29.190+0900][33.322s][info][gc,heap     ] GC(396) Humongous regions: 213->212
[2026-03-27T14:07:29.190+0900][33.322s][info][gc,metaspace] GC(396) Metaspace: 166K(384K)->166K(384K) NonClass: 157K(256K)->157K(256K) Class: 9K(128K)->9K(128K)
[2026-03-27T14:07:29.190+0900][33.322s][info][gc          ] GC(396) Pause Young (Concurrent Start) (G1 Humongous Allocation) 214M->212M(472M) 2.890ms
[2026-03-27T14:07:29.190+0900][33.323s][info][gc,cpu      ] GC(396) User=0.00s Sys=0.00s Real=0.00s
[2026-03-27T14:07:29.190+0900][33.323s][info][gc          ] GC(397) Concurrent Mark Cycle
[2026-03-27T14:07:29.190+0900][33.323s][info][gc,marking  ] GC(397) Concurrent Clear Claimed Marks
[2026-03-27T14:07:29.190+0900][33.323s][info][gc,marking  ] GC(397) Concurrent Clear Claimed Marks 0.041ms
[2026-03-27T14:07:29.190+0900][33.323s][info][gc,marking  ] GC(397) Concurrent Scan Root Regions
[2026-03-27T14:07:29.190+0900][33.323s][info][gc,marking  ] GC(397) Concurrent Scan Root Regions 0.220ms
[2026-03-27T14:07:29.190+0900][33.323s][info][gc,marking  ] GC(397) Concurrent Mark
[2026-03-27T14:07:29.190+0900][33.323s][info][gc,marking  ] GC(397) Concurrent Mark From Roots
[2026-03-27T14:07:29.190+0900][33.323s][info][gc,task     ] GC(397) Using 2 workers of 2 for marking
[2026-03-27T14:07:29.190+0900][33.325s][info][gc,marking  ] GC(397) Concurrent Mark From Roots 2.069ms
[2026-03-27T14:07:29.190+0900][33.325s][info][gc,marking  ] GC(397) Concurrent Preclean
[2026-03-27T14:07:29.190+0900][33.325s][info][gc,marking  ] GC(397) Concurrent Preclean 0.042ms
[2026-03-27T14:07:29.190+0900][33.326s][info][gc,start    ] GC(397) Pause Remark
[2026-03-27T14:07:29.190+0900][33.327s][info][gc          ] GC(397) Pause Remark 213M->213M(472M) 1.368ms
[2026-03-27T14:07:29.190+0900][33.327s][info][gc,cpu      ] GC(397) User=0.00s Sys=0.00s Real=0.00s
[2026-03-27T14:07:29.190+0900][33.327s][info][gc,marking  ] GC(397) Concurrent Mark 4.125ms
[2026-03-27T14:07:29.190+0900][33.327s][info][gc,marking  ] GC(397) Concurrent Rebuild Remembered Sets
[2026-03-27T14:07:29.190+0900][33.328s][info][gc,marking  ] GC(397) Concurrent Rebuild Remembered Sets 0.799ms
[2026-03-27T14:07:29.190+0900][33.329s][info][gc,start    ] GC(397) Pause Cleanup
[2026-03-27T14:07:29.190+0900][33.329s][info][gc          ] GC(397) Pause Cleanup 213M->213M(472M) 0.324ms
[2026-03-27T14:07:29.190+0900][33.329s][info][gc,cpu      ] GC(397) User=0.00s Sys=0.00s Real=0.00s
[2026-03-27T14:07:29.190+0900][33.329s][info][gc,marking  ] GC(397) Concurrent Cleanup for Next Mark
[2026-03-27T14:07:29.190+0900][33.330s][info][gc,marking  ] GC(397) Concurrent Cleanup for Next Mark 0.451ms
[2026-03-27T14:07:29.190+0900][33.330s][info][gc          ] GC(397) Concurrent Mark Cycle 7.051ms
[2026-03-27T14:07:29.253+0900][33.384s][info][gc,start    ] GC(398) Pause Young (Concurrent Start) (G1 Humongous Allocation)
[2026-03-27T14:07:29.253+0900][33.384s][info][gc,task     ] GC(398) Using 8 workers of 8 for evacuation
[2026-03-27T14:07:29.253+0900][33.386s][info][gc,phases   ] GC(398)   Pre Evacuate Collection Set: 0.3ms
[2026-03-27T14:07:29.253+0900][33.386s][info][gc,phases   ] GC(398)   Merge Heap Roots: 0.4ms
[2026-03-27T14:07:29.253+0900][33.386s][info][gc,phases   ] GC(398)   Evacuate Collection Set: 0.3ms
[2026-03-27T14:07:29.253+0900][33.386s][info][gc,phases   ] GC(398)   Post Evacuate Collection Set: 0.9ms
[2026-03-27T14:07:29.253+0900][33.386s][info][gc,phases   ] GC(398)   Other: 0.3ms
[2026-03-27T14:07:29.253+0900][33.386s][info][gc,heap     ] GC(398) Eden regions: 1->0(209)
[2026-03-27T14:07:29.253+0900][33.387s][info][gc,heap     ] GC(398) Survivor regions: 1->1(27)
[2026-03-27T14:07:29.253+0900][33.387s][info][gc,heap     ] GC(398) Old regions: 1->1
[2026-03-27T14:07:29.253+0900][33.387s][info][gc,heap     ] GC(398) Archive regions: 0->0
[2026-03-27T14:07:29.253+0900][33.387s][info][gc,heap     ] GC(398) Humongous regions: 213->212
[2026-03-27T14:07:29.253+0900][33.387s][info][gc,metaspace] GC(398) Metaspace: 166K(384K)->166K(384K) NonClass: 157K(256K)->157K(256K) Class: 9K(128K)->9K(128K)
[2026-03-27T14:07:29.253+0900][33.387s][info][gc          ] GC(398) Pause Young (Concurrent Start) (G1 Humongous Allocation) 214M->212M(472M) 3.206ms
[2026-03-27T14:07:29.253+0900][33.387s][info][gc,cpu      ] GC(398) User=0.03s Sys=0.02s Real=0.00s
[2026-03-27T14:07:29.253+0900][33.387s][info][gc          ] GC(399) Concurrent Mark Cycle
[2026-03-27T14:07:29.253+0900][33.387s][info][gc,marking  ] GC(399) Concurrent Clear Claimed Marks
[2026-03-27T14:07:29.253+0900][33.387s][info][gc,marking  ] GC(399) Concurrent Clear Claimed Marks 0.041ms
[2026-03-27T14:07:29.253+0900][33.387s][info][gc,marking  ] GC(399) Concurrent Scan Root Regions
[2026-03-27T14:07:29.253+0900][33.387s][info][gc,marking  ] GC(399) Concurrent Scan Root Regions 0.231ms
[2026-03-27T14:07:29.253+0900][33.387s][info][gc,marking  ] GC(399) Concurrent Mark
[2026-03-27T14:07:29.253+0900][33.387s][info][gc,marking  ] GC(399) Concurrent Mark From Roots
[2026-03-27T14:07:29.253+0900][33.387s][info][gc,task     ] GC(399) Using 2 workers of 2 for marking
[2026-03-27T14:07:29.253+0900][33.389s][info][gc,marking  ] GC(399) Concurrent Mark From Roots 2.006ms
[2026-03-27T14:07:29.253+0900][33.390s][info][gc,marking  ] GC(399) Concurrent Preclean
[2026-03-27T14:07:29.253+0900][33.390s][info][gc,marking  ] GC(399) Concurrent Preclean 0.045ms
[2026-03-27T14:07:29.253+0900][33.390s][info][gc,start    ] GC(399) Pause Remark
[2026-03-27T14:07:29.253+0900][33.392s][info][gc          ] GC(399) Pause Remark 213M->213M(472M) 1.468ms
[2026-03-27T14:07:29.253+0900][33.392s][info][gc,cpu      ] GC(399) User=0.00s Sys=0.00s Real=0.00s
[2026-03-27T14:07:29.253+0900][33.392s][info][gc,marking  ] GC(399) Concurrent Mark 4.435ms
[2026-03-27T14:07:29.253+0900][33.392s][info][gc,marking  ] GC(399) Concurrent Rebuild Remembered Sets
[2026-03-27T14:07:29.253+0900][33.393s][info][gc,marking  ] GC(399) Concurrent Rebuild Remembered Sets 1.046ms
[2026-03-27T14:07:29.253+0900][33.393s][info][gc,start    ] GC(399) Pause Cleanup
[2026-03-27T14:07:29.253+0900][33.394s][info][gc          ] GC(399) Pause Cleanup 213M->213M(472M) 0.366ms
[2026-03-27T14:07:29.253+0900][33.394s][info][gc,cpu      ] GC(399) User=0.00s Sys=0.00s Real=0.00s
[2026-03-27T14:07:29.253+0900][33.394s][info][gc,marking  ] GC(399) Concurrent Cleanup for Next Mark
[2026-03-27T14:07:29.253+0900][33.395s][info][gc,marking  ] GC(399) Concurrent Cleanup for Next Mark 0.680ms
[2026-03-27T14:07:29.253+0900][33.395s][info][gc          ] GC(399) Concurrent Mark Cycle 7.960ms
[2026-03-27T14:07:29.316+0900][33.447s][info][gc,start    ] GC(400) Pause Young (Concurrent Start) (G1 Humongous Allocation)
[2026-03-27T14:07:29.316+0900][33.447s][info][gc,task     ] GC(400) Using 8 workers of 8 for evacuation
[2026-03-27T14:07:29.316+0900][33.450s][info][gc,phases   ] GC(400)   Pre Evacuate Collection Set: 0.3ms
[2026-03-27T14:07:29.316+0900][33.450s][info][gc,phases   ] GC(400)   Merge Heap Roots: 0.5ms
[2026-03-27T14:07:29.316+0900][33.450s][info][gc,phases   ] GC(400)   Evacuate Collection Set: 0.4ms
[2026-03-27T14:07:29.316+0900][33.450s][info][gc,phases   ] GC(400)   Post Evacuate Collection Set: 1.0ms
[2026-03-27T14:07:29.316+0900][33.450s][info][gc,phases   ] GC(400)   Other: 0.3ms
[2026-03-27T14:07:29.316+0900][33.450s][info][gc,heap     ] GC(400) Eden regions: 1->0(209)
[2026-03-27T14:07:29.316+0900][33.450s][info][gc,heap     ] GC(400) Survivor regions: 1->1(27)
[2026-03-27T14:07:29.316+0900][33.450s][info][gc,heap     ] GC(400) Old regions: 1->1
[2026-03-27T14:07:29.316+0900][33.450s][info][gc,heap     ] GC(400) Archive regions: 0->0
[2026-03-27T14:07:29.316+0900][33.450s][info][gc,heap     ] GC(400) Humongous regions: 213->212
[2026-03-27T14:07:29.316+0900][33.450s][info][gc,metaspace] GC(400) Metaspace: 166K(384K)->166K(384K) NonClass: 157K(256K)->157K(256K) Class: 9K(128K)->9K(128K)
[2026-03-27T14:07:29.316+0900][33.450s][info][gc          ] GC(400) Pause Young (Concurrent Start) (G1 Humongous Allocation) 214M->212M(472M) 3.264ms
[2026-03-27T14:07:29.316+0900][33.450s][info][gc,cpu      ] GC(400) User=0.00s Sys=0.00s Real=0.00s
[2026-03-27T14:07:29.316+0900][33.450s][info][gc          ] GC(401) Concurrent Mark Cycle
[2026-03-27T14:07:29.316+0900][33.450s][info][gc,marking  ] GC(401) Concurrent Clear Claimed Marks
[2026-03-27T14:07:29.316+0900][33.451s][info][gc,marking  ] GC(401) Concurrent Clear Claimed Marks 0.041ms
[2026-03-27T14:07:29.316+0900][33.451s][info][gc,marking  ] GC(401) Concurrent Scan Root Regions
[2026-03-27T14:07:29.316+0900][33.451s][info][gc,marking  ] GC(401) Concurrent Scan Root Regions 0.257ms
[2026-03-27T14:07:29.316+0900][33.451s][info][gc,marking  ] GC(401) Concurrent Mark
[2026-03-27T14:07:29.316+0900][33.451s][info][gc,marking  ] GC(401) Concurrent Mark From Roots
[2026-03-27T14:07:29.316+0900][33.451s][info][gc,task     ] GC(401) Using 2 workers of 2 for marking
[2026-03-27T14:07:29.316+0900][33.453s][info][gc,marking  ] GC(401) Concurrent Mark From Roots 1.995ms
[2026-03-27T14:07:29.316+0900][33.453s][info][gc,marking  ] GC(401) Concurrent Preclean
[2026-03-27T14:07:29.316+0900][33.453s][info][gc,marking  ] GC(401) Concurrent Preclean 0.045ms
[2026-03-27T14:07:29.316+0900][33.454s][info][gc,start    ] GC(401) Pause Remark
[2026-03-27T14:07:29.316+0900][33.455s][info][gc          ] GC(401) Pause Remark 213M->213M(472M) 1.581ms
[2026-03-27T14:07:29.316+0900][33.455s][info][gc,cpu      ] GC(401) User=0.00s Sys=0.00s Real=0.00s
[2026-03-27T14:07:29.316+0900][33.455s][info][gc,marking  ] GC(401) Concurrent Mark 4.570ms
[2026-03-27T14:07:29.316+0900][33.456s][info][gc,marking  ] GC(401) Concurrent Rebuild Remembered Sets
[2026-03-27T14:07:29.316+0900][33.457s][info][gc,marking  ] GC(401) Concurrent Rebuild Remembered Sets 1.123ms
[2026-03-27T14:07:29.316+0900][33.457s][info][gc,start    ] GC(401) Pause Cleanup
[2026-03-27T14:07:29.316+0900][33.458s][info][gc          ] GC(401) Pause Cleanup 213M->213M(472M) 0.392ms
[2026-03-27T14:07:29.316+0900][33.458s][info][gc,cpu      ] GC(401) User=0.00s Sys=0.00s Real=0.00s
[2026-03-27T14:07:29.316+0900][33.458s][info][gc,marking  ] GC(401) Concurrent Cleanup for Next Mark
[2026-03-27T14:07:29.316+0900][33.459s][info][gc,marking  ] GC(401) Concurrent Cleanup for Next Mark 0.705ms
[2026-03-27T14:07:29.316+0900][33.459s][info][gc          ] GC(401) Concurrent Mark Cycle 8.346ms
[2026-03-27T14:07:29.380+0900][33.511s][info][gc,start    ] GC(402) Pause Young (Concurrent Start) (G1 Humongous Allocation)
[2026-03-27T14:07:29.380+0900][33.511s][info][gc,task     ] GC(402) Using 8 workers of 8 for evacuation
[2026-03-27T14:07:29.380+0900][33.513s][info][gc,phases   ] GC(402)   Pre Evacuate Collection Set: 0.2ms
[2026-03-27T14:07:29.380+0900][33.513s][info][gc,phases   ] GC(402)   Merge Heap Roots: 0.3ms
[2026-03-27T14:07:29.380+0900][33.513s][info][gc,phases   ] GC(402)   Evacuate Collection Set: 0.3ms
[2026-03-27T14:07:29.380+0900][33.513s][info][gc,phases   ] GC(402)   Post Evacuate Collection Set: 1.1ms
[2026-03-27T14:07:29.380+0900][33.514s][info][gc,phases   ] GC(402)   Other: 0.3ms
[2026-03-27T14:07:29.380+0900][33.514s][info][gc,heap     ] GC(402) Eden regions: 1->0(214)
[2026-03-27T14:07:29.380+0900][33.514s][info][gc,heap     ] GC(402) Survivor regions: 1->1(27)
[2026-03-27T14:07:29.380+0900][33.514s][info][gc,heap     ] GC(402) Old regions: 1->1
[2026-03-27T14:07:29.380+0900][33.514s][info][gc,heap     ] GC(402) Archive regions: 0->0
[2026-03-27T14:07:29.380+0900][33.514s][info][gc,heap     ] GC(402) Humongous regions: 213->212
[2026-03-27T14:07:29.380+0900][33.514s][info][gc,metaspace] GC(402) Metaspace: 166K(384K)->166K(384K) NonClass: 157K(256K)->157K(256K) Class: 9K(128K)->9K(128K)
[2026-03-27T14:07:29.380+0900][33.514s][info][gc          ] GC(402) Pause Young (Concurrent Start) (G1 Humongous Allocation) 214M->212M(477M) 2.909ms
[2026-03-27T14:07:29.380+0900][33.514s][info][gc,cpu      ] GC(402) User=0.00s Sys=0.00s Real=0.00s
[2026-03-27T14:07:29.380+0900][33.514s][info][gc          ] GC(403) Concurrent Undo Cycle
[2026-03-27T14:07:29.380+0900][33.514s][info][gc,marking  ] GC(403) Concurrent Cleanup for Next Mark
[2026-03-27T14:07:29.380+0900][33.514s][info][gc,marking  ] GC(403) Concurrent Cleanup for Next Mark 0.164ms
[2026-03-27T14:07:29.380+0900][33.514s][info][gc          ] GC(403) Concurrent Undo Cycle 0.379ms
[2026-03-27T14:07:29.444+0900][33.575s][info][gc,start    ] GC(404) Pause Young (Concurrent Start) (G1 Humongous Allocation)
[2026-03-27T14:07:29.444+0900][33.575s][info][gc,task     ] GC(404) Using 8 workers of 8 for evacuation
[2026-03-27T14:07:29.444+0900][33.578s][info][gc,phases   ] GC(404)   Pre Evacuate Collection Set: 0.3ms
[2026-03-27T14:07:29.444+0900][33.578s][info][gc,phases   ] GC(404)   Merge Heap Roots: 0.2ms
[2026-03-27T14:07:29.444+0900][33.578s][info][gc,phases   ] GC(404)   Evacuate Collection Set: 0.5ms
[2026-03-27T14:07:29.444+0900][33.578s][info][gc,phases   ] GC(404)   Post Evacuate Collection Set: 0.9ms
[2026-03-27T14:07:29.444+0900][33.578s][info][gc,phases   ] GC(404)   Other: 0.4ms
[2026-03-27T14:07:29.444+0900][33.578s][info][gc,heap     ] GC(404) Eden regions: 1->0(212)
[2026-03-27T14:07:29.444+0900][33.578s][info][gc,heap     ] GC(404) Survivor regions: 1->1(27)
[2026-03-27T14:07:29.444+0900][33.578s][info][gc,heap     ] GC(404) Old regions: 1->1
[2026-03-27T14:07:29.444+0900][33.578s][info][gc,heap     ] GC(404) Archive regions: 0->0
[2026-03-27T14:07:29.444+0900][33.578s][info][gc,heap     ] GC(404) Humongous regions: 215->214
[2026-03-27T14:07:29.444+0900][33.578s][info][gc,metaspace] GC(404) Metaspace: 166K(384K)->166K(384K) NonClass: 157K(256K)->157K(256K) Class: 9K(128K)->9K(128K)
[2026-03-27T14:07:29.444+0900][33.578s][info][gc          ] GC(404) Pause Young (Concurrent Start) (G1 Humongous Allocation) 216M->214M(477M) 3.011ms
[2026-03-27T14:07:29.444+0900][33.578s][info][gc,cpu      ] GC(404) User=0.00s Sys=0.00s Real=0.00s
[2026-03-27T14:07:29.444+0900][33.578s][info][gc          ] GC(405) Concurrent Mark Cycle
[2026-03-27T14:07:29.444+0900][33.578s][info][gc,marking  ] GC(405) Concurrent Clear Claimed Marks
[2026-03-27T14:07:29.444+0900][33.578s][info][gc,marking  ] GC(405) Concurrent Clear Claimed Marks 0.041ms
[2026-03-27T14:07:29.444+0900][33.578s][info][gc,marking  ] GC(405) Concurrent Scan Root Regions
[2026-03-27T14:07:29.444+0900][33.579s][info][gc,marking  ] GC(405) Concurrent Scan Root Regions 0.246ms
[2026-03-27T14:07:29.444+0900][33.579s][info][gc,marking  ] GC(405) Concurrent Mark
[2026-03-27T14:07:29.444+0900][33.579s][info][gc,marking  ] GC(405) Concurrent Mark From Roots
[2026-03-27T14:07:29.444+0900][33.579s][info][gc,task     ] GC(405) Using 2 workers of 2 for marking
[2026-03-27T14:07:29.449+0900][33.581s][info][gc,marking  ] GC(405) Concurrent Mark From Roots 2.015ms
[2026-03-27T14:07:29.449+0900][33.581s][info][gc,marking  ] GC(405) Concurrent Preclean
[2026-03-27T14:07:29.449+0900][33.581s][info][gc,marking  ] GC(405) Concurrent Preclean 0.044ms
[2026-03-27T14:07:29.449+0900][33.581s][info][gc,start    ] GC(405) Pause Remark
[2026-03-27T14:07:29.449+0900][33.583s][info][gc          ] GC(405) Pause Remark 215M->215M(477M) 1.431ms
[2026-03-27T14:07:29.449+0900][33.583s][info][gc,cpu      ] GC(405) User=0.00s Sys=0.00s Real=0.00s
[2026-03-27T14:07:29.449+0900][33.583s][info][gc,marking  ] GC(405) Concurrent Mark 4.261ms
[2026-03-27T14:07:29.449+0900][33.583s][info][gc,marking  ] GC(405) Concurrent Rebuild Remembered Sets
[2026-03-27T14:07:29.449+0900][33.584s][info][gc,marking  ] GC(405) Concurrent Rebuild Remembered Sets 1.160ms
[2026-03-27T14:07:29.449+0900][33.585s][info][gc,start    ] GC(405) Pause Cleanup
[2026-03-27T14:07:29.449+0900][33.585s][info][gc          ] GC(405) Pause Cleanup 215M->215M(477M) 0.397ms
[2026-03-27T14:07:29.449+0900][33.585s][info][gc,cpu      ] GC(405) User=0.00s Sys=0.00s Real=0.00s
[2026-03-27T14:07:29.449+0900][33.585s][info][gc,marking  ] GC(405) Concurrent Cleanup for Next Mark
[2026-03-27T14:07:29.449+0900][33.586s][info][gc,marking  ] GC(405) Concurrent Cleanup for Next Mark 0.737ms
[2026-03-27T14:07:29.449+0900][33.586s][info][gc          ] GC(405) Concurrent Mark Cycle 8.098ms
[2026-03-27T14:07:29.508+0900][33.639s][info][gc,start    ] GC(406) Pause Young (Concurrent Start) (G1 Humongous Allocation)
[2026-03-27T14:07:29.518+0900][33.648s][info][gc,task     ] GC(406) Using 8 workers of 8 for evacuation
[2026-03-27T14:07:29.518+0900][33.651s][info][gc,phases   ] GC(406)   Pre Evacuate Collection Set: 0.3ms
[2026-03-27T14:07:29.518+0900][33.651s][info][gc,phases   ] GC(406)   Merge Heap Roots: 0.3ms
[2026-03-27T14:07:29.518+0900][33.651s][info][gc,phases   ] GC(406)   Evacuate Collection Set: 0.4ms
[2026-03-27T14:07:29.518+0900][33.651s][info][gc,phases   ] GC(406)   Post Evacuate Collection Set: 0.8ms
[2026-03-27T14:07:29.518+0900][33.651s][info][gc,phases   ] GC(406)   Other: 0.4ms
[2026-03-27T14:07:29.518+0900][33.651s][info][gc,heap     ] GC(406) Eden regions: 1->0(212)
[2026-03-27T14:07:29.518+0900][33.651s][info][gc,heap     ] GC(406) Survivor regions: 1->1(27)
[2026-03-27T14:07:29.518+0900][33.651s][info][gc,heap     ] GC(406) Old regions: 1->1
[2026-03-27T14:07:29.518+0900][33.651s][info][gc,heap     ] GC(406) Archive regions: 0->0
[2026-03-27T14:07:29.518+0900][33.651s][info][gc,heap     ] GC(406) Humongous regions: 215->214
[2026-03-27T14:07:29.518+0900][33.651s][info][gc,metaspace] GC(406) Metaspace: 166K(384K)->166K(384K) NonClass: 157K(256K)->157K(256K) Class: 9K(128K)->9K(128K)
[2026-03-27T14:07:29.518+0900][33.651s][info][gc          ] GC(406) Pause Young (Concurrent Start) (G1 Humongous Allocation) 216M->214M(477M) 12.466ms
[2026-03-27T14:07:29.518+0900][33.651s][info][gc,cpu      ] GC(406) User=0.00s Sys=0.00s Real=0.01s
[2026-03-27T14:07:29.518+0900][33.651s][info][gc          ] GC(407) Concurrent Mark Cycle
[2026-03-27T14:07:29.518+0900][33.651s][info][gc,marking  ] GC(407) Concurrent Clear Claimed Marks
[2026-03-27T14:07:29.518+0900][33.651s][info][gc,marking  ] GC(407) Concurrent Clear Claimed Marks 0.041ms
[2026-03-27T14:07:29.518+0900][33.651s][info][gc,marking  ] GC(407) Concurrent Scan Root Regions
[2026-03-27T14:07:29.518+0900][33.652s][info][gc,marking  ] GC(407) Concurrent Scan Root Regions 0.283ms
[2026-03-27T14:07:29.518+0900][33.652s][info][gc,marking  ] GC(407) Concurrent Mark
[2026-03-27T14:07:29.518+0900][33.652s][info][gc,marking  ] GC(407) Concurrent Mark From Roots
[2026-03-27T14:07:29.518+0900][33.652s][info][gc,task     ] GC(407) Using 2 workers of 2 for marking
[2026-03-27T14:07:29.518+0900][33.654s][info][gc,marking  ] GC(407) Concurrent Mark From Roots 2.000ms
[2026-03-27T14:07:29.518+0900][33.654s][info][gc,marking  ] GC(407) Concurrent Preclean
[2026-03-27T14:07:29.518+0900][33.654s][info][gc,marking  ] GC(407) Concurrent Preclean 0.043ms
[2026-03-27T14:07:29.524+0900][33.654s][info][gc,start    ] GC(407) Pause Remark
[2026-03-27T14:07:29.524+0900][33.656s][info][gc          ] GC(407) Pause Remark 215M->215M(477M) 1.095ms
[2026-03-27T14:07:29.524+0900][33.656s][info][gc,cpu      ] GC(407) User=0.00s Sys=0.00s Real=0.00s
[2026-03-27T14:07:29.524+0900][33.656s][info][gc,marking  ] GC(407) Concurrent Mark 3.974ms
[2026-03-27T14:07:29.524+0900][33.656s][info][gc,marking  ] GC(407) Concurrent Rebuild Remembered Sets
[2026-03-27T14:07:29.524+0900][33.657s][info][gc,marking  ] GC(407) Concurrent Rebuild Remembered Sets 1.164ms
[2026-03-27T14:07:29.524+0900][33.658s][info][gc,start    ] GC(407) Pause Cleanup
[2026-03-27T14:07:29.524+0900][33.658s][info][gc          ] GC(407) Pause Cleanup 215M->215M(477M) 0.323ms
[2026-03-27T14:07:29.524+0900][33.658s][info][gc,cpu      ] GC(407) User=0.00s Sys=0.00s Real=0.00s
[2026-03-27T14:07:29.524+0900][33.658s][info][gc,marking  ] GC(407) Concurrent Cleanup for Next Mark
[2026-03-27T14:07:29.524+0900][33.659s][info][gc,marking  ] GC(407) Concurrent Cleanup for Next Mark 0.641ms
[2026-03-27T14:07:29.524+0900][33.659s][info][gc          ] GC(407) Concurrent Mark Cycle 7.537ms
[2026-03-27T14:07:29.572+0900][33.703s][info][gc,start    ] GC(408) Pause Young (Concurrent Start) (G1 Humongous Allocation)
[2026-03-27T14:07:29.572+0900][33.703s][info][gc,task     ] GC(408) Using 8 workers of 8 for evacuation
[2026-03-27T14:07:29.572+0900][33.703s][info][gc,phases   ] GC(408)   Pre Evacuate Collection Set: 0.1ms
[2026-03-27T14:07:29.572+0900][33.703s][info][gc,phases   ] GC(408)   Merge Heap Roots: 0.1ms
[2026-03-27T14:07:29.572+0900][33.703s][info][gc,phases   ] GC(408)   Evacuate Collection Set: 0.1ms
[2026-03-27T14:07:29.572+0900][33.703s][info][gc,phases   ] GC(408)   Post Evacuate Collection Set: 0.3ms
[2026-03-27T14:07:29.572+0900][33.704s][info][gc,phases   ] GC(408)   Other: 0.1ms
[2026-03-27T14:07:29.572+0900][33.704s][info][gc,heap     ] GC(408) Eden regions: 1->0(212)
[2026-03-27T14:07:29.572+0900][33.704s][info][gc,heap     ] GC(408) Survivor regions: 1->1(27)
[2026-03-27T14:07:29.572+0900][33.704s][info][gc,heap     ] GC(408) Old regions: 1->1
[2026-03-27T14:07:29.572+0900][33.704s][info][gc,heap     ] GC(408) Archive regions: 0->0
[2026-03-27T14:07:29.572+0900][33.704s][info][gc,heap     ] GC(408) Humongous regions: 215->214
[2026-03-27T14:07:29.572+0900][33.704s][info][gc,metaspace] GC(408) Metaspace: 166K(384K)->166K(384K) NonClass: 157K(256K)->157K(256K) Class: 9K(128K)->9K(128K)
[2026-03-27T14:07:29.572+0900][33.704s][info][gc          ] GC(408) Pause Young (Concurrent Start) (G1 Humongous Allocation) 216M->214M(477M) 0.985ms
[2026-03-27T14:07:29.572+0900][33.704s][info][gc,cpu      ] GC(408) User=0.00s Sys=0.00s Real=0.00s
[2026-03-27T14:07:29.572+0900][33.704s][info][gc          ] GC(409) Concurrent Mark Cycle
[2026-03-27T14:07:29.572+0900][33.704s][info][gc,marking  ] GC(409) Concurrent Clear Claimed Marks
[2026-03-27T14:07:29.572+0900][33.704s][info][gc,marking  ] GC(409) Concurrent Clear Claimed Marks 0.013ms
[2026-03-27T14:07:29.572+0900][33.704s][info][gc,marking  ] GC(409) Concurrent Scan Root Regions
[2026-03-27T14:07:29.572+0900][33.704s][info][gc,marking  ] GC(409) Concurrent Scan Root Regions 0.032ms
[2026-03-27T14:07:29.572+0900][33.704s][info][gc,marking  ] GC(409) Concurrent Mark
[2026-03-27T14:07:29.572+0900][33.704s][info][gc,marking  ] GC(409) Concurrent Mark From Roots
[2026-03-27T14:07:29.572+0900][33.704s][info][gc,task     ] GC(409) Using 2 workers of 2 for marking
[2026-03-27T14:07:29.572+0900][33.704s][info][gc,marking  ] GC(409) Concurrent Mark From Roots 0.718ms
[2026-03-27T14:07:29.572+0900][33.705s][info][gc,marking  ] GC(409) Concurrent Preclean
[2026-03-27T14:07:29.572+0900][33.705s][info][gc,marking  ] GC(409) Concurrent Preclean 0.015ms
[2026-03-27T14:07:29.572+0900][33.705s][info][gc,start    ] GC(409) Pause Remark
[2026-03-27T14:07:29.572+0900][33.705s][info][gc          ] GC(409) Pause Remark 215M->215M(477M) 0.345ms
[2026-03-27T14:07:29.572+0900][33.705s][info][gc,cpu      ] GC(409) User=0.00s Sys=0.00s Real=0.00s
[2026-03-27T14:07:29.572+0900][33.705s][info][gc,marking  ] GC(409) Concurrent Mark 1.255ms
[2026-03-27T14:07:29.572+0900][33.705s][info][gc,marking  ] GC(409) Concurrent Rebuild Remembered Sets
[2026-03-27T14:07:29.572+0900][33.705s][info][gc,marking  ] GC(409) Concurrent Rebuild Remembered Sets 0.369ms
[2026-03-27T14:07:29.572+0900][33.706s][info][gc,start    ] GC(409) Pause Cleanup
[2026-03-27T14:07:29.572+0900][33.706s][info][gc          ] GC(409) Pause Cleanup 215M->215M(477M) 0.091ms
[2026-03-27T14:07:29.572+0900][33.706s][info][gc,cpu      ] GC(409) User=0.00s Sys=0.00s Real=0.00s
[2026-03-27T14:07:29.572+0900][33.706s][info][gc,marking  ] GC(409) Concurrent Cleanup for Next Mark
[2026-03-27T14:07:29.572+0900][33.706s][info][gc,marking  ] GC(409) Concurrent Cleanup for Next Mark 0.197ms
[2026-03-27T14:07:29.572+0900][33.706s][info][gc          ] GC(409) Concurrent Mark Cycle 2.345ms
[2026-03-27T14:07:29.636+0900][33.767s][info][gc,start    ] GC(410) Pause Young (Concurrent Start) (G1 Humongous Allocation)
[2026-03-27T14:07:29.636+0900][33.767s][info][gc,task     ] GC(410) Using 8 workers of 8 for evacuation
[2026-03-27T14:07:29.636+0900][33.769s][info][gc,phases   ] GC(410)   Pre Evacuate Collection Set: 0.2ms
[2026-03-27T14:07:29.636+0900][33.769s][info][gc,phases   ] GC(410)   Merge Heap Roots: 0.3ms
[2026-03-27T14:07:29.636+0900][33.769s][info][gc,phases   ] GC(410)   Evacuate Collection Set: 0.6ms
[2026-03-27T14:07:29.636+0900][33.769s][info][gc,phases   ] GC(410)   Post Evacuate Collection Set: 0.8ms
[2026-03-27T14:07:29.636+0900][33.769s][info][gc,phases   ] GC(410)   Other: 0.2ms
[2026-03-27T14:07:29.636+0900][33.769s][info][gc,heap     ] GC(410) Eden regions: 1->0(212)
[2026-03-27T14:07:29.636+0900][33.769s][info][gc,heap     ] GC(410) Survivor regions: 1->1(27)
[2026-03-27T14:07:29.636+0900][33.769s][info][gc,heap     ] GC(410) Old regions: 1->1
[2026-03-27T14:07:29.636+0900][33.769s][info][gc,heap     ] GC(410) Archive regions: 0->0
[2026-03-27T14:07:29.636+0900][33.769s][info][gc,heap     ] GC(410) Humongous regions: 215->214
[2026-03-27T14:07:29.636+0900][33.769s][info][gc,metaspace] GC(410) Metaspace: 166K(384K)->166K(384K) NonClass: 157K(256K)->157K(256K) Class: 9K(128K)->9K(128K)
[2026-03-27T14:07:29.636+0900][33.769s][info][gc          ] GC(410) Pause Young (Concurrent Start) (G1 Humongous Allocation) 216M->214M(477M) 2.779ms
[2026-03-27T14:07:29.636+0900][33.769s][info][gc,cpu      ] GC(410) User=0.00s Sys=0.00s Real=0.00s
[2026-03-27T14:07:29.636+0900][33.770s][info][gc          ] GC(411) Concurrent Mark Cycle
[2026-03-27T14:07:29.636+0900][33.770s][info][gc,marking  ] GC(411) Concurrent Clear Claimed Marks
[2026-03-27T14:07:29.636+0900][33.770s][info][gc,marking  ] GC(411) Concurrent Clear Claimed Marks 0.045ms
[2026-03-27T14:07:29.636+0900][33.770s][info][gc,marking  ] GC(411) Concurrent Scan Root Regions
[2026-03-27T14:07:29.636+0900][33.770s][info][gc,marking  ] GC(411) Concurrent Scan Root Regions 0.212ms
[2026-03-27T14:07:29.636+0900][33.770s][info][gc,marking  ] GC(411) Concurrent Mark
[2026-03-27T14:07:29.636+0900][33.770s][info][gc,marking  ] GC(411) Concurrent Mark From Roots
[2026-03-27T14:07:29.636+0900][33.770s][info][gc,task     ] GC(411) Using 2 workers of 2 for marking
[2026-03-27T14:07:29.636+0900][33.772s][info][gc,marking  ] GC(411) Concurrent Mark From Roots 2.012ms
[2026-03-27T14:07:29.636+0900][33.772s][info][gc,marking  ] GC(411) Concurrent Preclean
[2026-03-27T14:07:29.636+0900][33.772s][info][gc,marking  ] GC(411) Concurrent Preclean 0.045ms
[2026-03-27T14:07:29.636+0900][33.773s][info][gc,start    ] GC(411) Pause Remark
[2026-03-27T14:07:29.636+0900][33.774s][info][gc          ] GC(411) Pause Remark 215M->215M(477M) 1.357ms
[2026-03-27T14:07:29.636+0900][33.774s][info][gc,cpu      ] GC(411) User=0.00s Sys=0.00s Real=0.00s
[2026-03-27T14:07:29.636+0900][33.774s][info][gc,marking  ] GC(411) Concurrent Mark 4.266ms
[2026-03-27T14:07:29.636+0900][33.774s][info][gc,marking  ] GC(411) Concurrent Rebuild Remembered Sets
[2026-03-27T14:07:29.636+0900][33.776s][info][gc,marking  ] GC(411) Concurrent Rebuild Remembered Sets 1.075ms
[2026-03-27T14:07:29.636+0900][33.776s][info][gc,start    ] GC(411) Pause Cleanup
[2026-03-27T14:07:29.636+0900][33.776s][info][gc          ] GC(411) Pause Cleanup 215M->215M(477M) 0.333ms
[2026-03-27T14:07:29.636+0900][33.777s][info][gc,cpu      ] GC(411) User=0.00s Sys=0.00s Real=0.00s
[2026-03-27T14:07:29.636+0900][33.777s][info][gc,marking  ] GC(411) Concurrent Cleanup for Next Mark
[2026-03-27T14:07:29.636+0900][33.777s][info][gc,marking  ] GC(411) Concurrent Cleanup for Next Mark 0.626ms
[2026-03-27T14:07:29.636+0900][33.777s][info][gc          ] GC(411) Concurrent Mark Cycle 7.755ms
[2026-03-27T14:07:29.700+0900][33.831s][info][gc,start    ] GC(412) Pause Young (Concurrent Start) (G1 Humongous Allocation)
[2026-03-27T14:07:29.700+0900][33.831s][info][gc,task     ] GC(412) Using 8 workers of 8 for evacuation
[2026-03-27T14:07:29.701+0900][33.833s][info][gc,phases   ] GC(412)   Pre Evacuate Collection Set: 0.2ms
[2026-03-27T14:07:29.701+0900][33.833s][info][gc,phases   ] GC(412)   Merge Heap Roots: 0.2ms
[2026-03-27T14:07:29.701+0900][33.833s][info][gc,phases   ] GC(412)   Evacuate Collection Set: 0.2ms
[2026-03-27T14:07:29.701+0900][33.833s][info][gc,phases   ] GC(412)   Post Evacuate Collection Set: 0.6ms
[2026-03-27T14:07:29.701+0900][33.833s][info][gc,phases   ] GC(412)   Other: 0.3ms
[2026-03-27T14:07:29.701+0900][33.833s][info][gc,heap     ] GC(412) Eden regions: 1->0(215)
[2026-03-27T14:07:29.701+0900][33.833s][info][gc,heap     ] GC(412) Survivor regions: 1->1(27)
[2026-03-27T14:07:29.701+0900][33.833s][info][gc,heap     ] GC(412) Old regions: 1->1
[2026-03-27T14:07:29.701+0900][33.833s][info][gc,heap     ] GC(412) Archive regions: 0->0
[2026-03-27T14:07:29.701+0900][33.833s][info][gc,heap     ] GC(412) Humongous regions: 215->214
[2026-03-27T14:07:29.701+0900][33.833s][info][gc,metaspace] GC(412) Metaspace: 166K(384K)->166K(384K) NonClass: 157K(256K)->157K(256K) Class: 9K(128K)->9K(128K)
[2026-03-27T14:07:29.701+0900][33.833s][info][gc          ] GC(412) Pause Young (Concurrent Start) (G1 Humongous Allocation) 216M->214M(480M) 1.955ms
[2026-03-27T14:07:29.701+0900][33.833s][info][gc,cpu      ] GC(412) User=0.00s Sys=0.00s Real=0.00s
[2026-03-27T14:07:29.701+0900][33.833s][info][gc          ] GC(413) Concurrent Undo Cycle
[2026-03-27T14:07:29.701+0900][33.833s][info][gc,marking  ] GC(413) Concurrent Cleanup for Next Mark
[2026-03-27T14:07:29.701+0900][33.833s][info][gc,marking  ] GC(413) Concurrent Cleanup for Next Mark 0.155ms
[2026-03-27T14:07:29.701+0900][33.833s][info][gc          ] GC(413) Concurrent Undo Cycle 0.325ms
[2026-03-27T14:07:29.763+0900][33.894s][info][gc,start    ] GC(414) Pause Young (Concurrent Start) (G1 Humongous Allocation)
[2026-03-27T14:07:29.763+0900][33.894s][info][gc,task     ] GC(414) Using 8 workers of 8 for evacuation
[2026-03-27T14:07:29.763+0900][33.895s][info][gc,phases   ] GC(414)   Pre Evacuate Collection Set: 0.2ms
[2026-03-27T14:07:29.763+0900][33.895s][info][gc,phases   ] GC(414)   Merge Heap Roots: 0.1ms
[2026-03-27T14:07:29.763+0900][33.895s][info][gc,phases   ] GC(414)   Evacuate Collection Set: 0.1ms
[2026-03-27T14:07:29.763+0900][33.895s][info][gc,phases   ] GC(414)   Post Evacuate Collection Set: 0.6ms
[2026-03-27T14:07:29.763+0900][33.895s][info][gc,phases   ] GC(414)   Other: 0.1ms
[2026-03-27T14:07:29.763+0900][33.895s][info][gc,heap     ] GC(414) Eden regions: 1->0(213)
[2026-03-27T14:07:29.763+0900][33.895s][info][gc,heap     ] GC(414) Survivor regions: 1->1(27)
[2026-03-27T14:07:29.763+0900][33.895s][info][gc,heap     ] GC(414) Old regions: 1->1
[2026-03-27T14:07:29.763+0900][33.895s][info][gc,heap     ] GC(414) Archive regions: 0->0
[2026-03-27T14:07:29.763+0900][33.895s][info][gc,heap     ] GC(414) Humongous regions: 217->216
[2026-03-27T14:07:29.763+0900][33.895s][info][gc,metaspace] GC(414) Metaspace: 166K(384K)->166K(384K) NonClass: 157K(256K)->157K(256K) Class: 9K(128K)->9K(128K)
[2026-03-27T14:07:29.763+0900][33.895s][info][gc          ] GC(414) Pause Young (Concurrent Start) (G1 Humongous Allocation) 218M->216M(480M) 1.284ms
[2026-03-27T14:07:29.763+0900][33.895s][info][gc,cpu      ] GC(414) User=0.00s Sys=0.00s Real=0.00s
[2026-03-27T14:07:29.763+0900][33.895s][info][gc          ] GC(415) Concurrent Mark Cycle
[2026-03-27T14:07:29.763+0900][33.895s][info][gc,marking  ] GC(415) Concurrent Clear Claimed Marks
[2026-03-27T14:07:29.763+0900][33.895s][info][gc,marking  ] GC(415) Concurrent Clear Claimed Marks 0.018ms
[2026-03-27T14:07:29.763+0900][33.895s][info][gc,marking  ] GC(415) Concurrent Scan Root Regions
[2026-03-27T14:07:29.763+0900][33.895s][info][gc,marking  ] GC(415) Concurrent Scan Root Regions 0.154ms
[2026-03-27T14:07:29.763+0900][33.895s][info][gc,marking  ] GC(415) Concurrent Mark
[2026-03-27T14:07:29.763+0900][33.895s][info][gc,marking  ] GC(415) Concurrent Mark From Roots
[2026-03-27T14:07:29.763+0900][33.895s][info][gc,task     ] GC(415) Using 2 workers of 2 for marking
[2026-03-27T14:07:29.763+0900][33.896s][info][gc,marking  ] GC(415) Concurrent Mark From Roots 0.882ms
[2026-03-27T14:07:29.763+0900][33.896s][info][gc,marking  ] GC(415) Concurrent Preclean
[2026-03-27T14:07:29.763+0900][33.896s][info][gc,marking  ] GC(415) Concurrent Preclean 0.015ms
[2026-03-27T14:07:29.763+0900][33.897s][info][gc,start    ] GC(415) Pause Remark
[2026-03-27T14:07:29.763+0900][33.897s][info][gc          ] GC(415) Pause Remark 217M->217M(480M) 0.776ms
[2026-03-27T14:07:29.763+0900][33.897s][info][gc,cpu      ] GC(415) User=0.00s Sys=0.00s Real=0.00s
[2026-03-27T14:07:29.763+0900][33.898s][info][gc,marking  ] GC(415) Concurrent Mark 2.121ms
[2026-03-27T14:07:29.763+0900][33.898s][info][gc,marking  ] GC(415) Concurrent Rebuild Remembered Sets
[2026-03-27T14:07:29.763+0900][33.898s][info][gc,marking  ] GC(415) Concurrent Rebuild Remembered Sets 0.448ms
[2026-03-27T14:07:29.763+0900][33.898s][info][gc,start    ] GC(415) Pause Cleanup
[2026-03-27T14:07:29.763+0900][33.898s][info][gc          ] GC(415) Pause Cleanup 217M->217M(480M) 0.117ms
[2026-03-27T14:07:29.763+0900][33.898s][info][gc,cpu      ] GC(415) User=0.00s Sys=0.00s Real=0.00s
[2026-03-27T14:07:29.763+0900][33.898s][info][gc,marking  ] GC(415) Concurrent Cleanup for Next Mark
[2026-03-27T14:07:29.763+0900][33.899s][info][gc,marking  ] GC(415) Concurrent Cleanup for Next Mark 0.289ms
[2026-03-27T14:07:29.763+0900][33.899s][info][gc          ] GC(415) Concurrent Mark Cycle 3.644ms
[2026-03-27T14:07:29.827+0900][33.957s][info][gc,start    ] GC(416) Pause Young (Concurrent Start) (G1 Humongous Allocation)
[2026-03-27T14:07:29.827+0900][33.957s][info][gc,task     ] GC(416) Using 8 workers of 8 for evacuation
[2026-03-27T14:07:29.827+0900][33.958s][info][gc,phases   ] GC(416)   Pre Evacuate Collection Set: 0.1ms
[2026-03-27T14:07:29.827+0900][33.958s][info][gc,phases   ] GC(416)   Merge Heap Roots: 0.2ms
[2026-03-27T14:07:29.827+0900][33.958s][info][gc,phases   ] GC(416)   Evacuate Collection Set: 0.2ms
[2026-03-27T14:07:29.827+0900][33.958s][info][gc,phases   ] GC(416)   Post Evacuate Collection Set: 0.5ms
[2026-03-27T14:07:29.827+0900][33.958s][info][gc,phases   ] GC(416)   Other: 0.1ms
[2026-03-27T14:07:29.827+0900][33.958s][info][gc,heap     ] GC(416) Eden regions: 1->0(213)
[2026-03-27T14:07:29.827+0900][33.958s][info][gc,heap     ] GC(416) Survivor regions: 1->1(27)
[2026-03-27T14:07:29.827+0900][33.958s][info][gc,heap     ] GC(416) Old regions: 1->1
[2026-03-27T14:07:29.827+0900][33.958s][info][gc,heap     ] GC(416) Archive regions: 0->0
[2026-03-27T14:07:29.827+0900][33.958s][info][gc,heap     ] GC(416) Humongous regions: 217->216
[2026-03-27T14:07:29.827+0900][33.958s][info][gc,metaspace] GC(416) Metaspace: 166K(384K)->166K(384K) NonClass: 157K(256K)->157K(256K) Class: 9K(128K)->9K(128K)
[2026-03-27T14:07:29.827+0900][33.958s][info][gc          ] GC(416) Pause Young (Concurrent Start) (G1 Humongous Allocation) 218M->216M(480M) 1.336ms
[2026-03-27T14:07:29.827+0900][33.958s][info][gc,cpu      ] GC(416) User=0.00s Sys=0.00s Real=0.00s
[2026-03-27T14:07:29.827+0900][33.958s][info][gc          ] GC(417) Concurrent Mark Cycle
[2026-03-27T14:07:29.827+0900][33.958s][info][gc,marking  ] GC(417) Concurrent Clear Claimed Marks
[2026-03-27T14:07:29.827+0900][33.958s][info][gc,marking  ] GC(417) Concurrent Clear Claimed Marks 0.013ms
[2026-03-27T14:07:29.827+0900][33.958s][info][gc,marking  ] GC(417) Concurrent Scan Root Regions
[2026-03-27T14:07:29.827+0900][33.958s][info][gc,marking  ] GC(417) Concurrent Scan Root Regions 0.030ms
[2026-03-27T14:07:29.827+0900][33.958s][info][gc,marking  ] GC(417) Concurrent Mark
[2026-03-27T14:07:29.827+0900][33.958s][info][gc,marking  ] GC(417) Concurrent Mark From Roots
[2026-03-27T14:07:29.827+0900][33.958s][info][gc,task     ] GC(417) Using 2 workers of 2 for marking
[2026-03-27T14:07:29.827+0900][33.959s][info][gc,marking  ] GC(417) Concurrent Mark From Roots 0.796ms
[2026-03-27T14:07:29.827+0900][33.959s][info][gc,marking  ] GC(417) Concurrent Preclean
[2026-03-27T14:07:29.827+0900][33.959s][info][gc,marking  ] GC(417) Concurrent Preclean 0.014ms
[2026-03-27T14:07:29.827+0900][33.959s][info][gc,start    ] GC(417) Pause Remark
[2026-03-27T14:07:29.827+0900][33.960s][info][gc          ] GC(417) Pause Remark 217M->217M(480M) 0.591ms
[2026-03-27T14:07:29.827+0900][33.960s][info][gc,cpu      ] GC(417) User=0.00s Sys=0.00s Real=0.00s
[2026-03-27T14:07:29.827+0900][33.960s][info][gc,marking  ] GC(417) Concurrent Mark 1.576ms
[2026-03-27T14:07:29.827+0900][33.960s][info][gc,marking  ] GC(417) Concurrent Rebuild Remembered Sets
[2026-03-27T14:07:29.827+0900][33.960s][info][gc,marking  ] GC(417) Concurrent Rebuild Remembered Sets 0.345ms
[2026-03-27T14:07:29.827+0900][33.960s][info][gc,start    ] GC(417) Pause Cleanup
[2026-03-27T14:07:29.827+0900][33.960s][info][gc          ] GC(417) Pause Cleanup 217M->217M(480M) 0.055ms
[2026-03-27T14:07:29.827+0900][33.961s][info][gc,cpu      ] GC(417) User=0.00s Sys=0.00s Real=0.00s
[2026-03-27T14:07:29.827+0900][33.961s][info][gc,marking  ] GC(417) Concurrent Cleanup for Next Mark
[2026-03-27T14:07:29.827+0900][33.961s][info][gc,marking  ] GC(417) Concurrent Cleanup for Next Mark 0.223ms
[2026-03-27T14:07:29.827+0900][33.961s][info][gc          ] GC(417) Concurrent Mark Cycle 2.577ms
[2026-03-27T14:07:29.890+0900][34.021s][info][gc,start    ] GC(418) Pause Young (Concurrent Start) (G1 Humongous Allocation)
[2026-03-27T14:07:29.890+0900][34.021s][info][gc,task     ] GC(418) Using 8 workers of 8 for evacuation
[2026-03-27T14:07:29.890+0900][34.022s][info][gc,phases   ] GC(418)   Pre Evacuate Collection Set: 0.2ms
[2026-03-27T14:07:29.890+0900][34.022s][info][gc,phases   ] GC(418)   Merge Heap Roots: 0.1ms
[2026-03-27T14:07:29.890+0900][34.022s][info][gc,phases   ] GC(418)   Evacuate Collection Set: 0.2ms
[2026-03-27T14:07:29.890+0900][34.022s][info][gc,phases   ] GC(418)   Post Evacuate Collection Set: 0.5ms
[2026-03-27T14:07:29.890+0900][34.022s][info][gc,phases   ] GC(418)   Other: 0.2ms
[2026-03-27T14:07:29.890+0900][34.022s][info][gc,heap     ] GC(418) Eden regions: 1->0(213)
[2026-03-27T14:07:29.890+0900][34.022s][info][gc,heap     ] GC(418) Survivor regions: 1->1(27)
[2026-03-27T14:07:29.890+0900][34.022s][info][gc,heap     ] GC(418) Old regions: 1->1
[2026-03-27T14:07:29.890+0900][34.022s][info][gc,heap     ] GC(418) Archive regions: 0->0
[2026-03-27T14:07:29.890+0900][34.022s][info][gc,heap     ] GC(418) Humongous regions: 217->216
[2026-03-27T14:07:29.890+0900][34.022s][info][gc,metaspace] GC(418) Metaspace: 166K(384K)->166K(384K) NonClass: 157K(256K)->157K(256K) Class: 9K(128K)->9K(128K)
[2026-03-27T14:07:29.890+0900][34.022s][info][gc          ] GC(418) Pause Young (Concurrent Start) (G1 Humongous Allocation) 218M->216M(480M) 1.557ms
[2026-03-27T14:07:29.890+0900][34.022s][info][gc,cpu      ] GC(418) User=0.00s Sys=0.00s Real=0.00s
[2026-03-27T14:07:29.890+0900][34.022s][info][gc          ] GC(419) Concurrent Mark Cycle
[2026-03-27T14:07:29.890+0900][34.022s][info][gc,marking  ] GC(419) Concurrent Clear Claimed Marks
[2026-03-27T14:07:29.890+0900][34.022s][info][gc,marking  ] GC(419) Concurrent Clear Claimed Marks 0.013ms
[2026-03-27T14:07:29.890+0900][34.022s][info][gc,marking  ] GC(419) Concurrent Scan Root Regions
[2026-03-27T14:07:29.890+0900][34.022s][info][gc,marking  ] GC(419) Concurrent Scan Root Regions 0.119ms
[2026-03-27T14:07:29.890+0900][34.022s][info][gc,marking  ] GC(419) Concurrent Mark
[2026-03-27T14:07:29.890+0900][34.022s][info][gc,marking  ] GC(419) Concurrent Mark From Roots
[2026-03-27T14:07:29.890+0900][34.022s][info][gc,task     ] GC(419) Using 2 workers of 2 for marking
[2026-03-27T14:07:29.890+0900][34.023s][info][gc,marking  ] GC(419) Concurrent Mark From Roots 0.793ms
[2026-03-27T14:07:29.890+0900][34.023s][info][gc,marking  ] GC(419) Concurrent Preclean
[2026-03-27T14:07:29.890+0900][34.023s][info][gc,marking  ] GC(419) Concurrent Preclean 0.015ms
[2026-03-27T14:07:29.890+0900][34.023s][info][gc,start    ] GC(419) Pause Remark
[2026-03-27T14:07:29.890+0900][34.024s][info][gc          ] GC(419) Pause Remark 217M->217M(480M) 0.863ms
[2026-03-27T14:07:29.890+0900][34.024s][info][gc,cpu      ] GC(419) User=0.00s Sys=0.00s Real=0.00s
[2026-03-27T14:07:29.890+0900][34.024s][info][gc,marking  ] GC(419) Concurrent Mark 2.042ms
[2026-03-27T14:07:29.890+0900][34.024s][info][gc,marking  ] GC(419) Concurrent Rebuild Remembered Sets
[2026-03-27T14:07:29.890+0900][34.025s][info][gc,marking  ] GC(419) Concurrent Rebuild Remembered Sets 0.659ms
[2026-03-27T14:07:29.890+0900][34.025s][info][gc,start    ] GC(419) Pause Cleanup
[2026-03-27T14:07:29.890+0900][34.026s][info][gc          ] GC(419) Pause Cleanup 217M->217M(480M) 0.232ms
[2026-03-27T14:07:29.890+0900][34.026s][info][gc,cpu      ] GC(419) User=0.00s Sys=0.00s Real=0.00s
[2026-03-27T14:07:29.890+0900][34.026s][info][gc,marking  ] GC(419) Concurrent Cleanup for Next Mark
[2026-03-27T14:07:29.890+0900][34.026s][info][gc,marking  ] GC(419) Concurrent Cleanup for Next Mark 0.277ms
[2026-03-27T14:07:29.890+0900][34.026s][info][gc          ] GC(419) Concurrent Mark Cycle 3.933ms
[2026-03-27T14:07:29.954+0900][34.084s][info][gc,start    ] GC(420) Pause Young (Concurrent Start) (G1 Humongous Allocation)
[2026-03-27T14:07:29.954+0900][34.084s][info][gc,task     ] GC(420) Using 8 workers of 8 for evacuation
[2026-03-27T14:07:29.954+0900][34.085s][info][gc,phases   ] GC(420)   Pre Evacuate Collection Set: 0.1ms
[2026-03-27T14:07:29.954+0900][34.085s][info][gc,phases   ] GC(420)   Merge Heap Roots: 0.2ms
[2026-03-27T14:07:29.954+0900][34.085s][info][gc,phases   ] GC(420)   Evacuate Collection Set: 0.1ms
[2026-03-27T14:07:29.954+0900][34.086s][info][gc,phases   ] GC(420)   Post Evacuate Collection Set: 0.6ms
[2026-03-27T14:07:29.954+0900][34.086s][info][gc,phases   ] GC(420)   Other: 0.1ms
[2026-03-27T14:07:29.954+0900][34.086s][info][gc,heap     ] GC(420) Eden regions: 1->0(213)
[2026-03-27T14:07:29.954+0900][34.086s][info][gc,heap     ] GC(420) Survivor regions: 1->1(27)
[2026-03-27T14:07:29.954+0900][34.086s][info][gc,heap     ] GC(420) Old regions: 1->1
[2026-03-27T14:07:29.954+0900][34.086s][info][gc,heap     ] GC(420) Archive regions: 0->0
[2026-03-27T14:07:29.954+0900][34.086s][info][gc,heap     ] GC(420) Humongous regions: 217->216
[2026-03-27T14:07:29.954+0900][34.086s][info][gc,metaspace] GC(420) Metaspace: 166K(384K)->166K(384K) NonClass: 157K(256K)->157K(256K) Class: 9K(128K)->9K(128K)
[2026-03-27T14:07:29.954+0900][34.086s][info][gc          ] GC(420) Pause Young (Concurrent Start) (G1 Humongous Allocation) 218M->216M(480M) 1.337ms
[2026-03-27T14:07:29.954+0900][34.086s][info][gc,cpu      ] GC(420) User=0.00s Sys=0.00s Real=0.00s
[2026-03-27T14:07:29.954+0900][34.086s][info][gc          ] GC(421) Concurrent Mark Cycle
[2026-03-27T14:07:29.954+0900][34.086s][info][gc,marking  ] GC(421) Concurrent Clear Claimed Marks
[2026-03-27T14:07:29.954+0900][34.086s][info][gc,marking  ] GC(421) Concurrent Clear Claimed Marks 0.031ms
[2026-03-27T14:07:29.954+0900][34.086s][info][gc,marking  ] GC(421) Concurrent Scan Root Regions
[2026-03-27T14:07:29.954+0900][34.086s][info][gc,marking  ] GC(421) Concurrent Scan Root Regions 0.067ms
[2026-03-27T14:07:29.954+0900][34.086s][info][gc,marking  ] GC(421) Concurrent Mark
[2026-03-27T14:07:29.954+0900][34.086s][info][gc,marking  ] GC(421) Concurrent Mark From Roots
[2026-03-27T14:07:29.954+0900][34.086s][info][gc,task     ] GC(421) Using 2 workers of 2 for marking
[2026-03-27T14:07:29.954+0900][34.087s][info][gc,marking  ] GC(421) Concurrent Mark From Roots 0.911ms
[2026-03-27T14:07:29.954+0900][34.087s][info][gc,marking  ] GC(421) Concurrent Preclean
[2026-03-27T14:07:29.954+0900][34.087s][info][gc,marking  ] GC(421) Concurrent Preclean 0.011ms
[2026-03-27T14:07:29.954+0900][34.087s][info][gc,start    ] GC(421) Pause Remark
[2026-03-27T14:07:29.954+0900][34.088s][info][gc          ] GC(421) Pause Remark 217M->217M(480M) 0.789ms
[2026-03-27T14:07:29.954+0900][34.088s][info][gc,cpu      ] GC(421) User=0.00s Sys=0.00s Real=0.00s
[2026-03-27T14:07:29.954+0900][34.088s][info][gc,marking  ] GC(421) Concurrent Mark 2.084ms
[2026-03-27T14:07:29.954+0900][34.088s][info][gc,marking  ] GC(421) Concurrent Rebuild Remembered Sets
[2026-03-27T14:07:29.954+0900][34.088s][info][gc,marking  ] GC(421) Concurrent Rebuild Remembered Sets 0.480ms
[2026-03-27T14:07:29.954+0900][34.089s][info][gc,start    ] GC(421) Pause Cleanup
[2026-03-27T14:07:29.954+0900][34.089s][info][gc          ] GC(421) Pause Cleanup 217M->217M(480M) 0.193ms
[2026-03-27T14:07:29.954+0900][34.089s][info][gc,cpu      ] GC(421) User=0.00s Sys=0.00s Real=0.00s
[2026-03-27T14:07:29.954+0900][34.089s][info][gc,marking  ] GC(421) Concurrent Cleanup for Next Mark
[2026-03-27T14:07:29.954+0900][34.089s][info][gc,marking  ] GC(421) Concurrent Cleanup for Next Mark 0.338ms
[2026-03-27T14:07:29.954+0900][34.089s][info][gc          ] GC(421) Concurrent Mark Cycle 3.692ms
[2026-03-27T14:07:30.017+0900][34.147s][info][gc,start    ] GC(422) Pause Young (Concurrent Start) (G1 Humongous Allocation)
[2026-03-27T14:07:30.017+0900][34.147s][info][gc,task     ] GC(422) Using 8 workers of 8 for evacuation
[2026-03-27T14:07:30.017+0900][34.148s][info][gc,phases   ] GC(422)   Pre Evacuate Collection Set: 0.1ms
[2026-03-27T14:07:30.017+0900][34.148s][info][gc,phases   ] GC(422)   Merge Heap Roots: 0.2ms
[2026-03-27T14:07:30.017+0900][34.148s][info][gc,phases   ] GC(422)   Evacuate Collection Set: 0.1ms
[2026-03-27T14:07:30.017+0900][34.148s][info][gc,phases   ] GC(422)   Post Evacuate Collection Set: 0.3ms
[2026-03-27T14:07:30.017+0900][34.148s][info][gc,phases   ] GC(422)   Other: 0.1ms
[2026-03-27T14:07:30.017+0900][34.148s][info][gc,heap     ] GC(422) Eden regions: 1->0(213)
[2026-03-27T14:07:30.017+0900][34.148s][info][gc,heap     ] GC(422) Survivor regions: 1->1(27)
[2026-03-27T14:07:30.017+0900][34.148s][info][gc,heap     ] GC(422) Old regions: 1->1
[2026-03-27T14:07:30.017+0900][34.148s][info][gc,heap     ] GC(422) Archive regions: 0->0
[2026-03-27T14:07:30.017+0900][34.148s][info][gc,heap     ] GC(422) Humongous regions: 217->216
[2026-03-27T14:07:30.017+0900][34.148s][info][gc,metaspace] GC(422) Metaspace: 166K(384K)->166K(384K) NonClass: 157K(256K)->157K(256K) Class: 9K(128K)->9K(128K)
[2026-03-27T14:07:30.017+0900][34.148s][info][gc          ] GC(422) Pause Young (Concurrent Start) (G1 Humongous Allocation) 218M->216M(480M) 1.026ms
[2026-03-27T14:07:30.017+0900][34.148s][info][gc,cpu      ] GC(422) User=0.00s Sys=0.00s Real=0.00s
[2026-03-27T14:07:30.017+0900][34.148s][info][gc          ] GC(423) Concurrent Mark Cycle
[2026-03-27T14:07:30.017+0900][34.148s][info][gc,marking  ] GC(423) Concurrent Clear Claimed Marks
[2026-03-27T14:07:30.017+0900][34.148s][info][gc,marking  ] GC(423) Concurrent Clear Claimed Marks 0.013ms
[2026-03-27T14:07:30.017+0900][34.148s][info][gc,marking  ] GC(423) Concurrent Scan Root Regions
[2026-03-27T14:07:30.017+0900][34.148s][info][gc,marking  ] GC(423) Concurrent Scan Root Regions 0.031ms
[2026-03-27T14:07:30.017+0900][34.148s][info][gc,marking  ] GC(423) Concurrent Mark
[2026-03-27T14:07:30.017+0900][34.148s][info][gc,marking  ] GC(423) Concurrent Mark From Roots
[2026-03-27T14:07:30.017+0900][34.148s][info][gc,task     ] GC(423) Using 2 workers of 2 for marking
[2026-03-27T14:07:30.017+0900][34.149s][info][gc,marking  ] GC(423) Concurrent Mark From Roots 0.749ms
[2026-03-27T14:07:30.017+0900][34.149s][info][gc,marking  ] GC(423) Concurrent Preclean
[2026-03-27T14:07:30.017+0900][34.149s][info][gc,marking  ] GC(423) Concurrent Preclean 0.014ms
[2026-03-27T14:07:30.017+0900][34.149s][info][gc,start    ] GC(423) Pause Remark
[2026-03-27T14:07:30.017+0900][34.150s][info][gc          ] GC(423) Pause Remark 219M->219M(480M) 0.391ms
[2026-03-27T14:07:30.017+0900][34.150s][info][gc,cpu      ] GC(423) User=0.00s Sys=0.00s Real=0.00s
[2026-03-27T14:07:30.017+0900][34.150s][info][gc,marking  ] GC(423) Concurrent Mark 1.340ms
[2026-03-27T14:07:30.017+0900][34.150s][info][gc,marking  ] GC(423) Concurrent Rebuild Remembered Sets
[2026-03-27T14:07:30.017+0900][34.150s][info][gc,marking  ] GC(423) Concurrent Rebuild Remembered Sets 0.422ms
[2026-03-27T14:07:30.017+0900][34.150s][info][gc,start    ] GC(423) Pause Cleanup
[2026-03-27T14:07:30.017+0900][34.151s][info][gc          ] GC(423) Pause Cleanup 219M->219M(480M) 0.117ms
[2026-03-27T14:07:30.017+0900][34.151s][info][gc,cpu      ] GC(423) User=0.00s Sys=0.00s Real=0.00s
[2026-03-27T14:07:30.017+0900][34.151s][info][gc,marking  ] GC(423) Concurrent Cleanup for Next Mark
[2026-03-27T14:07:30.017+0900][34.151s][info][gc,marking  ] GC(423) Concurrent Cleanup for Next Mark 0.229ms
[2026-03-27T14:07:30.017+0900][34.151s][info][gc          ] GC(423) Concurrent Mark Cycle 2.521ms
[2026-03-27T14:07:30.081+0900][34.212s][info][gc,start    ] GC(424) Pause Young (Concurrent Start) (G1 Humongous Allocation)
[2026-03-27T14:07:30.081+0900][34.212s][info][gc,task     ] GC(424) Using 8 workers of 8 for evacuation
[2026-03-27T14:07:30.082+0900][34.214s][info][gc,phases   ] GC(424)   Pre Evacuate Collection Set: 0.2ms
[2026-03-27T14:07:30.082+0900][34.214s][info][gc,phases   ] GC(424)   Merge Heap Roots: 0.3ms
[2026-03-27T14:07:30.082+0900][34.214s][info][gc,phases   ] GC(424)   Evacuate Collection Set: 0.3ms
[2026-03-27T14:07:30.082+0900][34.214s][info][gc,phases   ] GC(424)   Post Evacuate Collection Set: 1.1ms
[2026-03-27T14:07:30.082+0900][34.214s][info][gc,phases   ] GC(424)   Other: 0.2ms
[2026-03-27T14:07:30.082+0900][34.214s][info][gc,heap     ] GC(424) Eden regions: 1->0(215)
[2026-03-27T14:07:30.082+0900][34.214s][info][gc,heap     ] GC(424) Survivor regions: 1->1(27)
[2026-03-27T14:07:30.082+0900][34.214s][info][gc,heap     ] GC(424) Old regions: 1->1
[2026-03-27T14:07:30.082+0900][34.214s][info][gc,heap     ] GC(424) Archive regions: 0->0
[2026-03-27T14:07:30.082+0900][34.214s][info][gc,heap     ] GC(424) Humongous regions: 219->218
[2026-03-27T14:07:30.082+0900][34.215s][info][gc,metaspace] GC(424) Metaspace: 166K(384K)->166K(384K) NonClass: 157K(256K)->157K(256K) Class: 9K(128K)->9K(128K)
[2026-03-27T14:07:30.082+0900][34.215s][info][gc          ] GC(424) Pause Young (Concurrent Start) (G1 Humongous Allocation) 220M->218M(485M) 2.792ms
[2026-03-27T14:07:30.082+0900][34.215s][info][gc,cpu      ] GC(424) User=0.00s Sys=0.02s Real=0.00s
[2026-03-27T14:07:30.082+0900][34.215s][info][gc          ] GC(425) Concurrent Mark Cycle
[2026-03-27T14:07:30.082+0900][34.215s][info][gc,marking  ] GC(425) Concurrent Clear Claimed Marks
[2026-03-27T14:07:30.082+0900][34.215s][info][gc,marking  ] GC(425) Concurrent Clear Claimed Marks 0.041ms
[2026-03-27T14:07:30.082+0900][34.215s][info][gc,marking  ] GC(425) Concurrent Scan Root Regions
[2026-03-27T14:07:30.082+0900][34.215s][info][gc,marking  ] GC(425) Concurrent Scan Root Regions 0.255ms
[2026-03-27T14:07:30.082+0900][34.215s][info][gc,marking  ] GC(425) Concurrent Mark
[2026-03-27T14:07:30.082+0900][34.215s][info][gc,marking  ] GC(425) Concurrent Mark From Roots
[2026-03-27T14:07:30.082+0900][34.215s][info][gc,task     ] GC(425) Using 2 workers of 2 for marking
[2026-03-27T14:07:30.082+0900][34.217s][info][gc,marking  ] GC(425) Concurrent Mark From Roots 2.049ms
[2026-03-27T14:07:30.082+0900][34.218s][info][gc,marking  ] GC(425) Concurrent Preclean
[2026-03-27T14:07:30.082+0900][34.218s][info][gc,marking  ] GC(425) Concurrent Preclean 0.044ms
[2026-03-27T14:07:30.082+0900][34.218s][info][gc,start    ] GC(425) Pause Remark
[2026-03-27T14:07:30.082+0900][34.220s][info][gc          ] GC(425) Pause Remark 219M->219M(485M) 1.550ms
[2026-03-27T14:07:30.082+0900][34.220s][info][gc,cpu      ] GC(425) User=0.00s Sys=0.00s Real=0.00s
[2026-03-27T14:07:30.082+0900][34.220s][info][gc,marking  ] GC(425) Concurrent Mark 4.522ms
[2026-03-27T14:07:30.082+0900][34.220s][info][gc,marking  ] GC(425) Concurrent Rebuild Remembered Sets
[2026-03-27T14:07:30.082+0900][34.221s][info][gc,marking  ] GC(425) Concurrent Rebuild Remembered Sets 1.079ms
[2026-03-27T14:07:30.082+0900][34.222s][info][gc,start    ] GC(425) Pause Cleanup
[2026-03-27T14:07:30.082+0900][34.222s][info][gc          ] GC(425) Pause Cleanup 219M->219M(485M) 0.390ms
[2026-03-27T14:07:30.082+0900][34.222s][info][gc,cpu      ] GC(425) User=0.00s Sys=0.00s Real=0.00s
[2026-03-27T14:07:30.082+0900][34.222s][info][gc,marking  ] GC(425) Concurrent Cleanup for Next Mark
[2026-03-27T14:07:30.082+0900][34.223s][info][gc,marking  ] GC(425) Concurrent Cleanup for Next Mark 0.755ms
[2026-03-27T14:07:30.082+0900][34.223s][info][gc          ] GC(425) Concurrent Mark Cycle 8.373ms
[2026-03-27T14:07:30.145+0900][34.276s][info][gc,start    ] GC(426) Pause Young (Concurrent Start) (G1 Humongous Allocation)
[2026-03-27T14:07:30.145+0900][34.276s][info][gc,task     ] GC(426) Using 8 workers of 8 for evacuation
[2026-03-27T14:07:30.145+0900][34.278s][info][gc,phases   ] GC(426)   Pre Evacuate Collection Set: 0.2ms
[2026-03-27T14:07:30.145+0900][34.278s][info][gc,phases   ] GC(426)   Merge Heap Roots: 0.4ms
[2026-03-27T14:07:30.145+0900][34.278s][info][gc,phases   ] GC(426)   Evacuate Collection Set: 0.3ms
[2026-03-27T14:07:30.145+0900][34.278s][info][gc,phases   ] GC(426)   Post Evacuate Collection Set: 0.9ms
[2026-03-27T14:07:30.145+0900][34.278s][info][gc,phases   ] GC(426)   Other: 0.3ms
[2026-03-27T14:07:30.145+0900][34.278s][info][gc,heap     ] GC(426) Eden regions: 1->0(215)
[2026-03-27T14:07:30.145+0900][34.278s][info][gc,heap     ] GC(426) Survivor regions: 1->1(27)
[2026-03-27T14:07:30.145+0900][34.278s][info][gc,heap     ] GC(426) Old regions: 1->1
[2026-03-27T14:07:30.145+0900][34.278s][info][gc,heap     ] GC(426) Archive regions: 0->0
[2026-03-27T14:07:30.145+0900][34.278s][info][gc,heap     ] GC(426) Humongous regions: 219->218
[2026-03-27T14:07:30.145+0900][34.278s][info][gc,metaspace] GC(426) Metaspace: 166K(384K)->166K(384K) NonClass: 157K(256K)->157K(256K) Class: 9K(128K)->9K(128K)
[2026-03-27T14:07:30.145+0900][34.278s][info][gc          ] GC(426) Pause Young (Concurrent Start) (G1 Humongous Allocation) 220M->218M(485M) 2.737ms
[2026-03-27T14:07:30.145+0900][34.278s][info][gc,cpu      ] GC(426) User=0.00s Sys=0.00s Real=0.00s
[2026-03-27T14:07:30.145+0900][34.279s][info][gc          ] GC(427) Concurrent Mark Cycle
[2026-03-27T14:07:30.145+0900][34.279s][info][gc,marking  ] GC(427) Concurrent Clear Claimed Marks
[2026-03-27T14:07:30.145+0900][34.279s][info][gc,marking  ] GC(427) Concurrent Clear Claimed Marks 0.041ms
[2026-03-27T14:07:30.145+0900][34.279s][info][gc,marking  ] GC(427) Concurrent Scan Root Regions
[2026-03-27T14:07:30.145+0900][34.279s][info][gc,marking  ] GC(427) Concurrent Scan Root Regions 0.202ms
[2026-03-27T14:07:30.145+0900][34.279s][info][gc,marking  ] GC(427) Concurrent Mark
[2026-03-27T14:07:30.145+0900][34.279s][info][gc,marking  ] GC(427) Concurrent Mark From Roots
[2026-03-27T14:07:30.145+0900][34.279s][info][gc,task     ] GC(427) Using 2 workers of 2 for marking
[2026-03-27T14:07:30.150+0900][34.281s][info][gc,marking  ] GC(427) Concurrent Mark From Roots 1.999ms
[2026-03-27T14:07:30.150+0900][34.281s][info][gc,marking  ] GC(427) Concurrent Preclean
[2026-03-27T14:07:30.150+0900][34.281s][info][gc,marking  ] GC(427) Concurrent Preclean 0.045ms
[2026-03-27T14:07:30.150+0900][34.282s][info][gc,start    ] GC(427) Pause Remark
[2026-03-27T14:07:30.150+0900][34.283s][info][gc          ] GC(427) Pause Remark 219M->219M(485M) 1.624ms
[2026-03-27T14:07:30.150+0900][34.283s][info][gc,cpu      ] GC(427) User=0.00s Sys=0.00s Real=0.00s
[2026-03-27T14:07:30.150+0900][34.284s][info][gc,marking  ] GC(427) Concurrent Mark 4.505ms
[2026-03-27T14:07:30.150+0900][34.284s][info][gc,marking  ] GC(427) Concurrent Rebuild Remembered Sets
[2026-03-27T14:07:30.150+0900][34.285s][info][gc,marking  ] GC(427) Concurrent Rebuild Remembered Sets 1.107ms
[2026-03-27T14:07:30.150+0900][34.285s][info][gc,start    ] GC(427) Pause Cleanup
[2026-03-27T14:07:30.150+0900][34.286s][info][gc          ] GC(427) Pause Cleanup 219M->219M(485M) 0.362ms
[2026-03-27T14:07:30.150+0900][34.286s][info][gc,cpu      ] GC(427) User=0.00s Sys=0.00s Real=0.00s
[2026-03-27T14:07:30.150+0900][34.286s][info][gc,marking  ] GC(427) Concurrent Cleanup for Next Mark
[2026-03-27T14:07:30.150+0900][34.287s][info][gc,marking  ] GC(427) Concurrent Cleanup for Next Mark 0.748ms
[2026-03-27T14:07:30.150+0900][34.287s][info][gc          ] GC(427) Concurrent Mark Cycle 8.173ms
[2026-03-27T14:07:30.209+0900][34.339s][info][gc,start    ] GC(428) Pause Young (Concurrent Start) (G1 Humongous Allocation)
[2026-03-27T14:07:30.209+0900][34.339s][info][gc,task     ] GC(428) Using 8 workers of 8 for evacuation
[2026-03-27T14:07:30.209+0900][34.341s][info][gc,phases   ] GC(428)   Pre Evacuate Collection Set: 0.2ms
[2026-03-27T14:07:30.209+0900][34.342s][info][gc,phases   ] GC(428)   Merge Heap Roots: 0.3ms
[2026-03-27T14:07:30.209+0900][34.342s][info][gc,phases   ] GC(428)   Evacuate Collection Set: 0.3ms
[2026-03-27T14:07:30.209+0900][34.342s][info][gc,phases   ] GC(428)   Post Evacuate Collection Set: 1.0ms
[2026-03-27T14:07:30.209+0900][34.342s][info][gc,phases   ] GC(428)   Other: 0.3ms
[2026-03-27T14:07:30.209+0900][34.342s][info][gc,heap     ] GC(428) Eden regions: 1->0(215)
[2026-03-27T14:07:30.209+0900][34.342s][info][gc,heap     ] GC(428) Survivor regions: 1->1(27)
[2026-03-27T14:07:30.209+0900][34.342s][info][gc,heap     ] GC(428) Old regions: 1->1
[2026-03-27T14:07:30.209+0900][34.342s][info][gc,heap     ] GC(428) Archive regions: 0->0
[2026-03-27T14:07:30.209+0900][34.342s][info][gc,heap     ] GC(428) Humongous regions: 219->218
[2026-03-27T14:07:30.209+0900][34.342s][info][gc,metaspace] GC(428) Metaspace: 166K(384K)->166K(384K) NonClass: 157K(256K)->157K(256K) Class: 9K(128K)->9K(128K)
[2026-03-27T14:07:30.209+0900][34.342s][info][gc          ] GC(428) Pause Young (Concurrent Start) (G1 Humongous Allocation) 220M->218M(485M) 2.637ms
[2026-03-27T14:07:30.209+0900][34.342s][info][gc,cpu      ] GC(428) User=0.00s Sys=0.00s Real=0.00s
[2026-03-27T14:07:30.209+0900][34.342s][info][gc          ] GC(429) Concurrent Mark Cycle
[2026-03-27T14:07:30.209+0900][34.342s][info][gc,marking  ] GC(429) Concurrent Clear Claimed Marks
[2026-03-27T14:07:30.209+0900][34.342s][info][gc,marking  ] GC(429) Concurrent Clear Claimed Marks 0.041ms
[2026-03-27T14:07:30.209+0900][34.342s][info][gc,marking  ] GC(429) Concurrent Scan Root Regions
[2026-03-27T14:07:30.209+0900][34.343s][info][gc,marking  ] GC(429) Concurrent Scan Root Regions 0.257ms
[2026-03-27T14:07:30.209+0900][34.343s][info][gc,marking  ] GC(429) Concurrent Mark
[2026-03-27T14:07:30.209+0900][34.343s][info][gc,marking  ] GC(429) Concurrent Mark From Roots
[2026-03-27T14:07:30.209+0900][34.343s][info][gc,task     ] GC(429) Using 2 workers of 2 for marking
[2026-03-27T14:07:30.209+0900][34.345s][info][gc,marking  ] GC(429) Concurrent Mark From Roots 1.920ms
[2026-03-27T14:07:30.209+0900][34.345s][info][gc,marking  ] GC(429) Concurrent Preclean
[2026-03-27T14:07:30.209+0900][34.345s][info][gc,marking  ] GC(429) Concurrent Preclean 0.041ms
[2026-03-27T14:07:30.209+0900][34.345s][info][gc,start    ] GC(429) Pause Remark
[2026-03-27T14:07:30.209+0900][34.347s][info][gc          ] GC(429) Pause Remark 219M->219M(485M) 1.480ms
[2026-03-27T14:07:30.209+0900][34.347s][info][gc,cpu      ] GC(429) User=0.00s Sys=0.00s Real=0.00s
[2026-03-27T14:07:30.209+0900][34.347s][info][gc,marking  ] GC(429) Concurrent Mark 4.253ms
[2026-03-27T14:07:30.209+0900][34.347s][info][gc,marking  ] GC(429) Concurrent Rebuild Remembered Sets
[2026-03-27T14:07:30.209+0900][34.348s][info][gc,marking  ] GC(429) Concurrent Rebuild Remembered Sets 0.937ms
[2026-03-27T14:07:30.209+0900][34.348s][info][gc,start    ] GC(429) Pause Cleanup
[2026-03-27T14:07:30.209+0900][34.349s][info][gc          ] GC(429) Pause Cleanup 219M->219M(485M) 0.305ms
[2026-03-27T14:07:30.209+0900][34.349s][info][gc,cpu      ] GC(429) User=0.00s Sys=0.00s Real=0.00s
[2026-03-27T14:07:30.209+0900][34.349s][info][gc,marking  ] GC(429) Concurrent Cleanup for Next Mark
[2026-03-27T14:07:30.209+0900][34.349s][info][gc,marking  ] GC(429) Concurrent Cleanup for Next Mark 0.577ms
[2026-03-27T14:07:30.209+0900][34.349s][info][gc          ] GC(429) Concurrent Mark Cycle 7.334ms
[2026-03-27T14:07:30.273+0900][34.404s][info][gc,start    ] GC(430) Pause Young (Concurrent Start) (G1 Humongous Allocation)
[2026-03-27T14:07:30.273+0900][34.404s][info][gc,task     ] GC(430) Using 8 workers of 8 for evacuation
[2026-03-27T14:07:30.273+0900][34.406s][info][gc,phases   ] GC(430)   Pre Evacuate Collection Set: 0.2ms
[2026-03-27T14:07:30.273+0900][34.406s][info][gc,phases   ] GC(430)   Merge Heap Roots: 0.3ms
[2026-03-27T14:07:30.273+0900][34.406s][info][gc,phases   ] GC(430)   Evacuate Collection Set: 0.4ms
[2026-03-27T14:07:30.273+0900][34.406s][info][gc,phases   ] GC(430)   Post Evacuate Collection Set: 0.9ms
[2026-03-27T14:07:30.273+0900][34.406s][info][gc,phases   ] GC(430)   Other: 0.4ms
[2026-03-27T14:07:30.273+0900][34.406s][info][gc,heap     ] GC(430) Eden regions: 1->0(215)
[2026-03-27T14:07:30.273+0900][34.406s][info][gc,heap     ] GC(430) Survivor regions: 1->1(27)
[2026-03-27T14:07:30.273+0900][34.406s][info][gc,heap     ] GC(430) Old regions: 1->1
[2026-03-27T14:07:30.273+0900][34.406s][info][gc,heap     ] GC(430) Archive regions: 0->0
[2026-03-27T14:07:30.273+0900][34.406s][info][gc,heap     ] GC(430) Humongous regions: 219->218
[2026-03-27T14:07:30.273+0900][34.407s][info][gc,metaspace] GC(430) Metaspace: 166K(384K)->166K(384K) NonClass: 157K(256K)->157K(256K) Class: 9K(128K)->9K(128K)
[2026-03-27T14:07:30.273+0900][34.407s][info][gc          ] GC(430) Pause Young (Concurrent Start) (G1 Humongous Allocation) 220M->218M(485M) 2.959ms
[2026-03-27T14:07:30.273+0900][34.407s][info][gc,cpu      ] GC(430) User=0.00s Sys=0.00s Real=0.00s
[2026-03-27T14:07:30.273+0900][34.407s][info][gc          ] GC(431) Concurrent Mark Cycle
[2026-03-27T14:07:30.273+0900][34.407s][info][gc,marking  ] GC(431) Concurrent Clear Claimed Marks
[2026-03-27T14:07:30.273+0900][34.407s][info][gc,marking  ] GC(431) Concurrent Clear Claimed Marks 0.041ms
[2026-03-27T14:07:30.273+0900][34.407s][info][gc,marking  ] GC(431) Concurrent Scan Root Regions
[2026-03-27T14:07:30.273+0900][34.407s][info][gc,marking  ] GC(431) Concurrent Scan Root Regions 0.255ms
[2026-03-27T14:07:30.273+0900][34.407s][info][gc,marking  ] GC(431) Concurrent Mark
[2026-03-27T14:07:30.273+0900][34.407s][info][gc,marking  ] GC(431) Concurrent Mark From Roots
[2026-03-27T14:07:30.273+0900][34.407s][info][gc,task     ] GC(431) Using 2 workers of 2 for marking
[2026-03-27T14:07:30.273+0900][34.409s][info][gc,marking  ] GC(431) Concurrent Mark From Roots 2.009ms
[2026-03-27T14:07:30.273+0900][34.409s][info][gc,marking  ] GC(431) Concurrent Preclean
[2026-03-27T14:07:30.273+0900][34.409s][info][gc,marking  ] GC(431) Concurrent Preclean 0.044ms
[2026-03-27T14:07:30.273+0900][34.410s][info][gc,start    ] GC(431) Pause Remark
[2026-03-27T14:07:30.273+0900][34.411s][info][gc          ] GC(431) Pause Remark 219M->219M(485M) 1.334ms
[2026-03-27T14:07:30.273+0900][34.411s][info][gc,cpu      ] GC(431) User=0.00s Sys=0.00s Real=0.00s
[2026-03-27T14:07:30.273+0900][34.412s][info][gc,marking  ] GC(431) Concurrent Mark 4.298ms
[2026-03-27T14:07:30.273+0900][34.412s][info][gc,marking  ] GC(431) Concurrent Rebuild Remembered Sets
[2026-03-27T14:07:30.273+0900][34.413s][info][gc,marking  ] GC(431) Concurrent Rebuild Remembered Sets 1.101ms
[2026-03-27T14:07:30.273+0900][34.413s][info][gc,start    ] GC(431) Pause Cleanup
[2026-03-27T14:07:30.273+0900][34.414s][info][gc          ] GC(431) Pause Cleanup 219M->219M(485M) 0.335ms
[2026-03-27T14:07:30.273+0900][34.414s][info][gc,cpu      ] GC(431) User=0.00s Sys=0.00s Real=0.00s
[2026-03-27T14:07:30.273+0900][34.414s][info][gc,marking  ] GC(431) Concurrent Cleanup for Next Mark
[2026-03-27T14:07:30.273+0900][34.415s][info][gc,marking  ] GC(431) Concurrent Cleanup for Next Mark 0.659ms
[2026-03-27T14:07:30.273+0900][34.415s][info][gc          ] GC(431) Concurrent Mark Cycle 7.895ms
[2026-03-27T14:07:30.337+0900][34.467s][info][gc,start    ] GC(432) Pause Young (Concurrent Start) (G1 Humongous Allocation)
[2026-03-27T14:07:30.337+0900][34.468s][info][gc,task     ] GC(432) Using 8 workers of 8 for evacuation
[2026-03-27T14:07:30.337+0900][34.470s][info][gc,phases   ] GC(432)   Pre Evacuate Collection Set: 0.3ms
[2026-03-27T14:07:30.337+0900][34.470s][info][gc,phases   ] GC(432)   Merge Heap Roots: 0.3ms
[2026-03-27T14:07:30.337+0900][34.470s][info][gc,phases   ] GC(432)   Evacuate Collection Set: 0.5ms
[2026-03-27T14:07:30.337+0900][34.470s][info][gc,phases   ] GC(432)   Post Evacuate Collection Set: 1.0ms
[2026-03-27T14:07:30.337+0900][34.470s][info][gc,phases   ] GC(432)   Other: 0.2ms
[2026-03-27T14:07:30.337+0900][34.470s][info][gc,heap     ] GC(432) Eden regions: 1->0(218)
[2026-03-27T14:07:30.337+0900][34.470s][info][gc,heap     ] GC(432) Survivor regions: 1->1(27)
[2026-03-27T14:07:30.337+0900][34.470s][info][gc,heap     ] GC(432) Old regions: 1->1
[2026-03-27T14:07:30.337+0900][34.470s][info][gc,heap     ] GC(432) Archive regions: 0->0
[2026-03-27T14:07:30.337+0900][34.470s][info][gc,heap     ] GC(432) Humongous regions: 219->218
[2026-03-27T14:07:30.337+0900][34.470s][info][gc,metaspace] GC(432) Metaspace: 166K(384K)->166K(384K) NonClass: 157K(256K)->157K(256K) Class: 9K(128K)->9K(128K)
[2026-03-27T14:07:30.337+0900][34.470s][info][gc          ] GC(432) Pause Young (Concurrent Start) (G1 Humongous Allocation) 220M->218M(488M) 3.089ms
[2026-03-27T14:07:30.337+0900][34.471s][info][gc,cpu      ] GC(432) User=0.00s Sys=0.00s Real=0.00s
[2026-03-27T14:07:30.337+0900][34.471s][info][gc          ] GC(433) Concurrent Undo Cycle
[2026-03-27T14:07:30.337+0900][34.471s][info][gc,marking  ] GC(433) Concurrent Cleanup for Next Mark
[2026-03-27T14:07:30.337+0900][34.471s][info][gc,marking  ] GC(433) Concurrent Cleanup for Next Mark 0.244ms
[2026-03-27T14:07:30.337+0900][34.471s][info][gc          ] GC(433) Concurrent Undo Cycle 0.476ms
[2026-03-27T14:07:30.399+0900][34.529s][info][gc,start    ] GC(434) Pause Young (Concurrent Start) (G1 Humongous Allocation)
[2026-03-27T14:07:30.399+0900][34.529s][info][gc,task     ] GC(434) Using 8 workers of 8 for evacuation
[2026-03-27T14:07:30.401+0900][34.531s][info][gc,phases   ] GC(434)   Pre Evacuate Collection Set: 0.2ms
[2026-03-27T14:07:30.401+0900][34.532s][info][gc,phases   ] GC(434)   Merge Heap Roots: 0.2ms
[2026-03-27T14:07:30.401+0900][34.532s][info][gc,phases   ] GC(434)   Evacuate Collection Set: 0.4ms
[2026-03-27T14:07:30.401+0900][34.532s][info][gc,phases   ] GC(434)   Post Evacuate Collection Set: 0.7ms
[2026-03-27T14:07:30.401+0900][34.532s][info][gc,phases   ] GC(434)   Other: 0.4ms
[2026-03-27T14:07:30.401+0900][34.532s][info][gc,heap     ] GC(434) Eden regions: 1->0(216)
[2026-03-27T14:07:30.402+0900][34.532s][info][gc,heap     ] GC(434) Survivor regions: 1->1(28)
[2026-03-27T14:07:30.402+0900][34.532s][info][gc,heap     ] GC(434) Old regions: 1->1
[2026-03-27T14:07:30.402+0900][34.532s][info][gc,heap     ] GC(434) Archive regions: 0->0
[2026-03-27T14:07:30.402+0900][34.532s][info][gc,heap     ] GC(434) Humongous regions: 221->220
[2026-03-27T14:07:30.402+0900][34.532s][info][gc,metaspace] GC(434) Metaspace: 166K(384K)->166K(384K) NonClass: 157K(256K)->157K(256K) Class: 9K(128K)->9K(128K)
[2026-03-27T14:07:30.402+0900][34.532s][info][gc          ] GC(434) Pause Young (Concurrent Start) (G1 Humongous Allocation) 222M->220M(488M) 2.704ms
[2026-03-27T14:07:30.402+0900][34.532s][info][gc,cpu      ] GC(434) User=0.00s Sys=0.00s Real=0.00s
[2026-03-27T14:07:30.402+0900][34.532s][info][gc          ] GC(435) Concurrent Mark Cycle
[2026-03-27T14:07:30.402+0900][34.532s][info][gc,marking  ] GC(435) Concurrent Clear Claimed Marks
[2026-03-27T14:07:30.402+0900][34.532s][info][gc,marking  ] GC(435) Concurrent Clear Claimed Marks 0.057ms
[2026-03-27T14:07:30.402+0900][34.532s][info][gc,marking  ] GC(435) Concurrent Scan Root Regions
[2026-03-27T14:07:30.402+0900][34.533s][info][gc,marking  ] GC(435) Concurrent Scan Root Regions 0.187ms
[2026-03-27T14:07:30.402+0900][34.533s][info][gc,marking  ] GC(435) Concurrent Mark
[2026-03-27T14:07:30.402+0900][34.533s][info][gc,marking  ] GC(435) Concurrent Mark From Roots
[2026-03-27T14:07:30.403+0900][34.533s][info][gc,task     ] GC(435) Using 2 workers of 2 for marking
[2026-03-27T14:07:30.405+0900][34.535s][info][gc,marking  ] GC(435) Concurrent Mark From Roots 2.142ms
[2026-03-27T14:07:30.405+0900][34.535s][info][gc,marking  ] GC(435) Concurrent Preclean
[2026-03-27T14:07:30.405+0900][34.535s][info][gc,marking  ] GC(435) Concurrent Preclean 0.045ms
[2026-03-27T14:07:30.405+0900][34.535s][info][gc,start    ] GC(435) Pause Remark
[2026-03-27T14:07:30.407+0900][34.537s][info][gc          ] GC(435) Pause Remark 221M->221M(488M) 1.526ms
[2026-03-27T14:07:30.407+0900][34.537s][info][gc,cpu      ] GC(435) User=0.00s Sys=0.00s Real=0.00s
[2026-03-27T14:07:30.407+0900][34.537s][info][gc,marking  ] GC(435) Concurrent Mark 4.595ms
[2026-03-27T14:07:30.407+0900][34.537s][info][gc,marking  ] GC(435) Concurrent Rebuild Remembered Sets
[2026-03-27T14:07:30.408+0900][34.539s][info][gc,marking  ] GC(435) Concurrent Rebuild Remembered Sets 1.141ms
[2026-03-27T14:07:30.409+0900][34.539s][info][gc,start    ] GC(435) Pause Cleanup
[2026-03-27T14:07:30.409+0900][34.539s][info][gc          ] GC(435) Pause Cleanup 221M->221M(488M) 0.379ms
[2026-03-27T14:07:30.409+0900][34.539s][info][gc,cpu      ] GC(435) User=0.00s Sys=0.00s Real=0.00s
[2026-03-27T14:07:30.409+0900][34.540s][info][gc,marking  ] GC(435) Concurrent Cleanup for Next Mark
[2026-03-27T14:07:30.410+0900][34.540s][info][gc,marking  ] GC(435) Concurrent Cleanup for Next Mark 0.745ms
[2026-03-27T14:07:30.410+0900][34.540s][info][gc          ] GC(435) Concurrent Mark Cycle 8.313ms
[2026-03-27T14:07:30.455+0900][34.585s][info][gc,start    ] GC(436) Pause Young (Concurrent Start) (G1 Humongous Allocation)
[2026-03-27T14:07:30.455+0900][34.585s][info][gc,task     ] GC(436) Using 8 workers of 8 for evacuation
[2026-03-27T14:07:30.455+0900][34.586s][info][gc,phases   ] GC(436)   Pre Evacuate Collection Set: 0.1ms
[2026-03-27T14:07:30.455+0900][34.586s][info][gc,phases   ] GC(436)   Merge Heap Roots: 0.1ms
[2026-03-27T14:07:30.455+0900][34.586s][info][gc,phases   ] GC(436)   Evacuate Collection Set: 0.1ms
[2026-03-27T14:07:30.455+0900][34.586s][info][gc,phases   ] GC(436)   Post Evacuate Collection Set: 0.2ms
[2026-03-27T14:07:30.455+0900][34.586s][info][gc,phases   ] GC(436)   Other: 0.1ms
[2026-03-27T14:07:30.455+0900][34.586s][info][gc,heap     ] GC(436) Eden regions: 1->0(216)
[2026-03-27T14:07:30.455+0900][34.586s][info][gc,heap     ] GC(436) Survivor regions: 1->1(28)
[2026-03-27T14:07:30.455+0900][34.586s][info][gc,heap     ] GC(436) Old regions: 1->1
[2026-03-27T14:07:30.455+0900][34.586s][info][gc,heap     ] GC(436) Archive regions: 0->0
[2026-03-27T14:07:30.455+0900][34.586s][info][gc,heap     ] GC(436) Humongous regions: 221->220
[2026-03-27T14:07:30.455+0900][34.586s][info][gc,metaspace] GC(436) Metaspace: 166K(384K)->166K(384K) NonClass: 157K(256K)->157K(256K) Class: 9K(128K)->9K(128K)
[2026-03-27T14:07:30.455+0900][34.586s][info][gc          ] GC(436) Pause Young (Concurrent Start) (G1 Humongous Allocation) 222M->220M(488M) 0.929ms
[2026-03-27T14:07:30.455+0900][34.586s][info][gc,cpu      ] GC(436) User=0.00s Sys=0.00s Real=0.00s
[2026-03-27T14:07:30.455+0900][34.586s][info][gc          ] GC(437) Concurrent Mark Cycle
[2026-03-27T14:07:30.455+0900][34.586s][info][gc,marking  ] GC(437) Concurrent Clear Claimed Marks
[2026-03-27T14:07:30.455+0900][34.586s][info][gc,marking  ] GC(437) Concurrent Clear Claimed Marks 0.019ms
[2026-03-27T14:07:30.455+0900][34.586s][info][gc,marking  ] GC(437) Concurrent Scan Root Regions
[2026-03-27T14:07:30.455+0900][34.586s][info][gc,marking  ] GC(437) Concurrent Scan Root Regions 0.056ms
[2026-03-27T14:07:30.455+0900][34.586s][info][gc,marking  ] GC(437) Concurrent Mark
[2026-03-27T14:07:30.455+0900][34.586s][info][gc,marking  ] GC(437) Concurrent Mark From Roots
[2026-03-27T14:07:30.455+0900][34.586s][info][gc,task     ] GC(437) Using 2 workers of 2 for marking
[2026-03-27T14:07:30.455+0900][34.587s][info][gc,marking  ] GC(437) Concurrent Mark From Roots 1.029ms
[2026-03-27T14:07:30.455+0900][34.587s][info][gc,marking  ] GC(437) Concurrent Preclean
[2026-03-27T14:07:30.455+0900][34.588s][info][gc,marking  ] GC(437) Concurrent Preclean 0.019ms
[2026-03-27T14:07:30.455+0900][34.588s][info][gc,start    ] GC(437) Pause Remark
[2026-03-27T14:07:30.455+0900][34.588s][info][gc          ] GC(437) Pause Remark 221M->221M(488M) 0.388ms
[2026-03-27T14:07:30.455+0900][34.588s][info][gc,cpu      ] GC(437) User=0.00s Sys=0.00s Real=0.00s
[2026-03-27T14:07:30.455+0900][34.588s][info][gc,marking  ] GC(437) Concurrent Mark 1.652ms
[2026-03-27T14:07:30.455+0900][34.588s][info][gc,marking  ] GC(437) Concurrent Rebuild Remembered Sets
[2026-03-27T14:07:30.455+0900][34.589s][info][gc,marking  ] GC(437) Concurrent Rebuild Remembered Sets 0.415ms
[2026-03-27T14:07:30.455+0900][34.589s][info][gc,start    ] GC(437) Pause Cleanup
[2026-03-27T14:07:30.455+0900][34.589s][info][gc          ] GC(437) Pause Cleanup 221M->221M(488M) 0.092ms
[2026-03-27T14:07:30.455+0900][34.589s][info][gc,cpu      ] GC(437) User=0.00s Sys=0.00s Real=0.00s
[2026-03-27T14:07:30.455+0900][34.589s][info][gc,marking  ] GC(437) Concurrent Cleanup for Next Mark
[2026-03-27T14:07:30.455+0900][34.589s][info][gc,marking  ] GC(437) Concurrent Cleanup for Next Mark 0.202ms
[2026-03-27T14:07:30.455+0900][34.589s][info][gc          ] GC(437) Concurrent Mark Cycle 2.718ms
[2026-03-27T14:07:30.519+0900][34.649s][info][gc,start    ] GC(438) Pause Young (Concurrent Start) (G1 Humongous Allocation)
[2026-03-27T14:07:30.519+0900][34.649s][info][gc,task     ] GC(438) Using 8 workers of 8 for evacuation
[2026-03-27T14:07:30.519+0900][34.650s][info][gc,phases   ] GC(438)   Pre Evacuate Collection Set: 0.1ms
[2026-03-27T14:07:30.519+0900][34.650s][info][gc,phases   ] GC(438)   Merge Heap Roots: 0.1ms
[2026-03-27T14:07:30.519+0900][34.650s][info][gc,phases   ] GC(438)   Evacuate Collection Set: 0.2ms
[2026-03-27T14:07:30.519+0900][34.650s][info][gc,phases   ] GC(438)   Post Evacuate Collection Set: 0.5ms
[2026-03-27T14:07:30.519+0900][34.650s][info][gc,phases   ] GC(438)   Other: 0.1ms
[2026-03-27T14:07:30.519+0900][34.650s][info][gc,heap     ] GC(438) Eden regions: 1->0(216)
[2026-03-27T14:07:30.519+0900][34.650s][info][gc,heap     ] GC(438) Survivor regions: 1->1(28)
[2026-03-27T14:07:30.519+0900][34.650s][info][gc,heap     ] GC(438) Old regions: 1->1
[2026-03-27T14:07:30.519+0900][34.650s][info][gc,heap     ] GC(438) Archive regions: 0->0
[2026-03-27T14:07:30.519+0900][34.650s][info][gc,heap     ] GC(438) Humongous regions: 221->220
[2026-03-27T14:07:30.519+0900][34.650s][info][gc,metaspace] GC(438) Metaspace: 166K(384K)->166K(384K) NonClass: 157K(256K)->157K(256K) Class: 9K(128K)->9K(128K)
[2026-03-27T14:07:30.519+0900][34.650s][info][gc          ] GC(438) Pause Young (Concurrent Start) (G1 Humongous Allocation) 222M->220M(488M) 1.270ms
[2026-03-27T14:07:30.519+0900][34.650s][info][gc,cpu      ] GC(438) User=0.00s Sys=0.02s Real=0.00s
[2026-03-27T14:07:30.519+0900][34.650s][info][gc          ] GC(439) Concurrent Mark Cycle
[2026-03-27T14:07:30.519+0900][34.650s][info][gc,marking  ] GC(439) Concurrent Clear Claimed Marks
[2026-03-27T14:07:30.519+0900][34.650s][info][gc,marking  ] GC(439) Concurrent Clear Claimed Marks 0.013ms
[2026-03-27T14:07:30.519+0900][34.650s][info][gc,marking  ] GC(439) Concurrent Scan Root Regions
[2026-03-27T14:07:30.519+0900][34.650s][info][gc,marking  ] GC(439) Concurrent Scan Root Regions 0.112ms
[2026-03-27T14:07:30.519+0900][34.650s][info][gc,marking  ] GC(439) Concurrent Mark
[2026-03-27T14:07:30.519+0900][34.651s][info][gc,marking  ] GC(439) Concurrent Mark From Roots
[2026-03-27T14:07:30.519+0900][34.651s][info][gc,task     ] GC(439) Using 2 workers of 2 for marking
[2026-03-27T14:07:30.519+0900][34.651s][info][gc,marking  ] GC(439) Concurrent Mark From Roots 0.760ms
[2026-03-27T14:07:30.519+0900][34.651s][info][gc,marking  ] GC(439) Concurrent Preclean
[2026-03-27T14:07:30.519+0900][34.651s][info][gc,marking  ] GC(439) Concurrent Preclean 0.013ms
[2026-03-27T14:07:30.519+0900][34.652s][info][gc,start    ] GC(439) Pause Remark
[2026-03-27T14:07:30.519+0900][34.652s][info][gc          ] GC(439) Pause Remark 221M->221M(488M) 0.906ms
[2026-03-27T14:07:30.519+0900][34.653s][info][gc,cpu      ] GC(439) User=0.00s Sys=0.00s Real=0.00s
[2026-03-27T14:07:30.519+0900][34.653s][info][gc,marking  ] GC(439) Concurrent Mark 2.052ms
[2026-03-27T14:07:30.519+0900][34.653s][info][gc,marking  ] GC(439) Concurrent Rebuild Remembered Sets
[2026-03-27T14:07:30.519+0900][34.653s][info][gc,marking  ] GC(439) Concurrent Rebuild Remembered Sets 0.493ms
[2026-03-27T14:07:30.519+0900][34.653s][info][gc,start    ] GC(439) Pause Cleanup
[2026-03-27T14:07:30.519+0900][34.654s][info][gc          ] GC(439) Pause Cleanup 221M->221M(488M) 0.193ms
[2026-03-27T14:07:30.519+0900][34.654s][info][gc,cpu      ] GC(439) User=0.00s Sys=0.00s Real=0.00s
[2026-03-27T14:07:30.519+0900][34.654s][info][gc,marking  ] GC(439) Concurrent Cleanup for Next Mark
[2026-03-27T14:07:30.519+0900][34.654s][info][gc,marking  ] GC(439) Concurrent Cleanup for Next Mark 0.292ms
[2026-03-27T14:07:30.519+0900][34.654s][info][gc          ] GC(439) Concurrent Mark Cycle 3.674ms
[2026-03-27T14:07:30.583+0900][34.713s][info][gc,start    ] GC(440) Pause Young (Concurrent Start) (G1 Humongous Allocation)
[2026-03-27T14:07:30.583+0900][34.713s][info][gc,task     ] GC(440) Using 8 workers of 8 for evacuation
[2026-03-27T14:07:30.583+0900][34.715s][info][gc,phases   ] GC(440)   Pre Evacuate Collection Set: 0.2ms
[2026-03-27T14:07:30.583+0900][34.715s][info][gc,phases   ] GC(440)   Merge Heap Roots: 0.3ms
[2026-03-27T14:07:30.583+0900][34.715s][info][gc,phases   ] GC(440)   Evacuate Collection Set: 0.4ms
[2026-03-27T14:07:30.583+0900][34.715s][info][gc,phases   ] GC(440)   Post Evacuate Collection Set: 0.7ms
[2026-03-27T14:07:30.583+0900][34.715s][info][gc,phases   ] GC(440)   Other: 0.1ms
[2026-03-27T14:07:30.583+0900][34.715s][info][gc,heap     ] GC(440) Eden regions: 1->0(216)
[2026-03-27T14:07:30.583+0900][34.715s][info][gc,heap     ] GC(440) Survivor regions: 1->1(28)
[2026-03-27T14:07:30.583+0900][34.715s][info][gc,heap     ] GC(440) Old regions: 1->1
[2026-03-27T14:07:30.583+0900][34.715s][info][gc,heap     ] GC(440) Archive regions: 0->0
[2026-03-27T14:07:30.583+0900][34.715s][info][gc,heap     ] GC(440) Humongous regions: 221->220
[2026-03-27T14:07:30.583+0900][34.715s][info][gc,metaspace] GC(440) Metaspace: 166K(384K)->166K(384K) NonClass: 157K(256K)->157K(256K) Class: 9K(128K)->9K(128K)
[2026-03-27T14:07:30.583+0900][34.715s][info][gc          ] GC(440) Pause Young (Concurrent Start) (G1 Humongous Allocation) 222M->220M(488M) 2.166ms
[2026-03-27T14:07:30.583+0900][34.716s][info][gc,cpu      ] GC(440) User=0.00s Sys=0.00s Real=0.00s
[2026-03-27T14:07:30.583+0900][34.716s][info][gc          ] GC(441) Concurrent Mark Cycle
[2026-03-27T14:07:30.583+0900][34.716s][info][gc,marking  ] GC(441) Concurrent Clear Claimed Marks
[2026-03-27T14:07:30.583+0900][34.716s][info][gc,marking  ] GC(441) Concurrent Clear Claimed Marks 0.036ms
[2026-03-27T14:07:30.583+0900][34.716s][info][gc,marking  ] GC(441) Concurrent Scan Root Regions
[2026-03-27T14:07:30.583+0900][34.716s][info][gc,marking  ] GC(441) Concurrent Scan Root Regions 0.193ms
[2026-03-27T14:07:30.583+0900][34.716s][info][gc,marking  ] GC(441) Concurrent Mark
[2026-03-27T14:07:30.583+0900][34.716s][info][gc,marking  ] GC(441) Concurrent Mark From Roots
[2026-03-27T14:07:30.583+0900][34.716s][info][gc,task     ] GC(441) Using 2 workers of 2 for marking
[2026-03-27T14:07:30.583+0900][34.718s][info][gc,marking  ] GC(441) Concurrent Mark From Roots 1.686ms
[2026-03-27T14:07:30.583+0900][34.718s][info][gc,marking  ] GC(441) Concurrent Preclean
[2026-03-27T14:07:30.583+0900][34.718s][info][gc,marking  ] GC(441) Concurrent Preclean 0.037ms
[2026-03-27T14:07:30.583+0900][34.718s][info][gc,start    ] GC(441) Pause Remark
[2026-03-27T14:07:30.583+0900][34.720s][info][gc          ] GC(441) Pause Remark 221M->221M(488M) 1.288ms
[2026-03-27T14:07:30.583+0900][34.720s][info][gc,cpu      ] GC(441) User=0.00s Sys=0.00s Real=0.00s
[2026-03-27T14:07:30.583+0900][34.720s][info][gc,marking  ] GC(441) Concurrent Mark 3.790ms
[2026-03-27T14:07:30.583+0900][34.720s][info][gc,marking  ] GC(441) Concurrent Rebuild Remembered Sets
[2026-03-27T14:07:30.583+0900][34.721s][info][gc,marking  ] GC(441) Concurrent Rebuild Remembered Sets 0.897ms
[2026-03-27T14:07:30.583+0900][34.721s][info][gc,start    ] GC(441) Pause Cleanup
[2026-03-27T14:07:30.583+0900][34.721s][info][gc          ] GC(441) Pause Cleanup 221M->221M(488M) 0.308ms
[2026-03-27T14:07:30.583+0900][34.722s][info][gc,cpu      ] GC(441) User=0.00s Sys=0.00s Real=0.00s
[2026-03-27T14:07:30.583+0900][34.722s][info][gc,marking  ] GC(441) Concurrent Cleanup for Next Mark
[2026-03-27T14:07:30.583+0900][34.722s][info][gc,marking  ] GC(441) Concurrent Cleanup for Next Mark 0.565ms
[2026-03-27T14:07:30.583+0900][34.722s][info][gc          ] GC(441) Concurrent Mark Cycle 6.755ms
[2026-03-27T14:07:30.647+0900][34.778s][info][gc,start    ] GC(442) Pause Young (Concurrent Start) (G1 Humongous Allocation)
[2026-03-27T14:07:30.647+0900][34.778s][info][gc,task     ] GC(442) Using 8 workers of 8 for evacuation
[2026-03-27T14:07:30.647+0900][34.780s][info][gc,phases   ] GC(442)   Pre Evacuate Collection Set: 0.2ms
[2026-03-27T14:07:30.647+0900][34.780s][info][gc,phases   ] GC(442)   Merge Heap Roots: 0.3ms
[2026-03-27T14:07:30.647+0900][34.780s][info][gc,phases   ] GC(442)   Evacuate Collection Set: 0.4ms
[2026-03-27T14:07:30.647+0900][34.780s][info][gc,phases   ] GC(442)   Post Evacuate Collection Set: 0.9ms
[2026-03-27T14:07:30.647+0900][34.780s][info][gc,phases   ] GC(442)   Other: 0.3ms
[2026-03-27T14:07:30.647+0900][34.780s][info][gc,heap     ] GC(442) Eden regions: 1->0(218)
[2026-03-27T14:07:30.647+0900][34.780s][info][gc,heap     ] GC(442) Survivor regions: 1->1(28)
[2026-03-27T14:07:30.647+0900][34.780s][info][gc,heap     ] GC(442) Old regions: 1->1
[2026-03-27T14:07:30.647+0900][34.780s][info][gc,heap     ] GC(442) Archive regions: 0->0
[2026-03-27T14:07:30.647+0900][34.780s][info][gc,heap     ] GC(442) Humongous regions: 221->220
[2026-03-27T14:07:30.647+0900][34.780s][info][gc,metaspace] GC(442) Metaspace: 166K(384K)->166K(384K) NonClass: 157K(256K)->157K(256K) Class: 9K(128K)->9K(128K)
[2026-03-27T14:07:30.647+0900][34.780s][info][gc          ] GC(442) Pause Young (Concurrent Start) (G1 Humongous Allocation) 222M->220M(491M) 2.591ms
[2026-03-27T14:07:30.647+0900][34.780s][info][gc,cpu      ] GC(442) User=0.00s Sys=0.00s Real=0.00s
[2026-03-27T14:07:30.647+0900][34.780s][info][gc          ] GC(443) Concurrent Mark Cycle
[2026-03-27T14:07:30.647+0900][34.780s][info][gc,marking  ] GC(443) Concurrent Clear Claimed Marks
[2026-03-27T14:07:30.647+0900][34.780s][info][gc,marking  ] GC(443) Concurrent Clear Claimed Marks 0.036ms
[2026-03-27T14:07:30.647+0900][34.780s][info][gc,marking  ] GC(443) Concurrent Scan Root Regions
[2026-03-27T14:07:30.647+0900][34.781s][info][gc,marking  ] GC(443) Concurrent Scan Root Regions 0.219ms
[2026-03-27T14:07:30.647+0900][34.781s][info][gc,marking  ] GC(443) Concurrent Mark
[2026-03-27T14:07:30.647+0900][34.781s][info][gc,marking  ] GC(443) Concurrent Mark From Roots
[2026-03-27T14:07:30.647+0900][34.781s][info][gc,task     ] GC(443) Using 2 workers of 2 for marking
[2026-03-27T14:07:30.651+0900][34.782s][info][gc,marking  ] GC(443) Concurrent Mark From Roots 1.551ms
[2026-03-27T14:07:30.651+0900][34.782s][info][gc,marking  ] GC(443) Concurrent Preclean
[2026-03-27T14:07:30.651+0900][34.782s][info][gc,marking  ] GC(443) Concurrent Preclean 0.029ms
[2026-03-27T14:07:30.651+0900][34.783s][info][gc,start    ] GC(443) Pause Remark
[2026-03-27T14:07:30.651+0900][34.784s][info][gc          ] GC(443) Pause Remark 223M->223M(491M) 1.035ms
[2026-03-27T14:07:30.651+0900][34.784s][info][gc,cpu      ] GC(443) User=0.00s Sys=0.00s Real=0.00s
[2026-03-27T14:07:30.651+0900][34.784s][info][gc,marking  ] GC(443) Concurrent Mark 3.091ms
[2026-03-27T14:07:30.651+0900][34.784s][info][gc,marking  ] GC(443) Concurrent Rebuild Remembered Sets
[2026-03-27T14:07:30.651+0900][34.785s][info][gc,marking  ] GC(443) Concurrent Rebuild Remembered Sets 0.886ms
[2026-03-27T14:07:30.651+0900][34.785s][info][gc,start    ] GC(443) Pause Cleanup
[2026-03-27T14:07:30.651+0900][34.785s][info][gc          ] GC(443) Pause Cleanup 223M->223M(491M) 0.322ms
[2026-03-27T14:07:30.651+0900][34.786s][info][gc,cpu      ] GC(443) User=0.00s Sys=0.00s Real=0.00s
[2026-03-27T14:07:30.651+0900][34.786s][info][gc,marking  ] GC(443) Concurrent Cleanup for Next Mark
[2026-03-27T14:07:30.651+0900][34.786s][info][gc,marking  ] GC(443) Concurrent Cleanup for Next Mark 0.468ms
[2026-03-27T14:07:30.651+0900][34.786s][info][gc          ] GC(443) Concurrent Mark Cycle 5.911ms
[2026-03-27T14:07:30.712+0900][34.842s][info][gc,start    ] GC(444) Pause Young (Concurrent Start) (G1 Humongous Allocation)
[2026-03-27T14:07:30.712+0900][34.842s][info][gc,task     ] GC(444) Using 8 workers of 8 for evacuation
[2026-03-27T14:07:30.712+0900][34.844s][info][gc,phases   ] GC(444)   Pre Evacuate Collection Set: 0.2ms
[2026-03-27T14:07:30.712+0900][34.845s][info][gc,phases   ] GC(444)   Merge Heap Roots: 0.3ms
[2026-03-27T14:07:30.712+0900][34.845s][info][gc,phases   ] GC(444)   Evacuate Collection Set: 0.3ms
[2026-03-27T14:07:30.712+0900][34.845s][info][gc,phases   ] GC(444)   Post Evacuate Collection Set: 1.0ms
[2026-03-27T14:07:30.712+0900][34.845s][info][gc,phases   ] GC(444)   Other: 0.3ms
[2026-03-27T14:07:30.712+0900][34.845s][info][gc,heap     ] GC(444) Eden regions: 1->0(216)
[2026-03-27T14:07:30.712+0900][34.845s][info][gc,heap     ] GC(444) Survivor regions: 1->1(28)
[2026-03-27T14:07:30.712+0900][34.845s][info][gc,heap     ] GC(444) Old regions: 1->1
[2026-03-27T14:07:30.712+0900][34.845s][info][gc,heap     ] GC(444) Archive regions: 0->0
[2026-03-27T14:07:30.712+0900][34.845s][info][gc,heap     ] GC(444) Humongous regions: 223->222
[2026-03-27T14:07:30.712+0900][34.845s][info][gc,metaspace] GC(444) Metaspace: 166K(384K)->166K(384K) NonClass: 157K(256K)->157K(256K) Class: 9K(128K)->9K(128K)
[2026-03-27T14:07:30.712+0900][34.845s][info][gc          ] GC(444) Pause Young (Concurrent Start) (G1 Humongous Allocation) 224M->222M(491M) 2.719ms
[2026-03-27T14:07:30.712+0900][34.845s][info][gc,cpu      ] GC(444) User=0.00s Sys=0.00s Real=0.00s
[2026-03-27T14:07:30.712+0900][34.845s][info][gc          ] GC(445) Concurrent Mark Cycle
[2026-03-27T14:07:30.712+0900][34.845s][info][gc,marking  ] GC(445) Concurrent Clear Claimed Marks
[2026-03-27T14:07:30.712+0900][34.845s][info][gc,marking  ] GC(445) Concurrent Clear Claimed Marks 0.042ms
[2026-03-27T14:07:30.712+0900][34.845s][info][gc,marking  ] GC(445) Concurrent Scan Root Regions
[2026-03-27T14:07:30.712+0900][34.845s][info][gc,marking  ] GC(445) Concurrent Scan Root Regions 0.212ms
[2026-03-27T14:07:30.712+0900][34.846s][info][gc,marking  ] GC(445) Concurrent Mark
[2026-03-27T14:07:30.712+0900][34.846s][info][gc,marking  ] GC(445) Concurrent Mark From Roots
[2026-03-27T14:07:30.712+0900][34.846s][info][gc,task     ] GC(445) Using 2 workers of 2 for marking
[2026-03-27T14:07:30.712+0900][34.848s][info][gc,marking  ] GC(445) Concurrent Mark From Roots 1.922ms
[2026-03-27T14:07:30.712+0900][34.848s][info][gc,marking  ] GC(445) Concurrent Preclean
[2026-03-27T14:07:30.712+0900][34.848s][info][gc,marking  ] GC(445) Concurrent Preclean 0.043ms
[2026-03-27T14:07:30.712+0900][34.848s][info][gc,start    ] GC(445) Pause Remark
[2026-03-27T14:07:30.712+0900][34.850s][info][gc          ] GC(445) Pause Remark 223M->223M(491M) 1.510ms
[2026-03-27T14:07:30.712+0900][34.850s][info][gc,cpu      ] GC(445) User=0.00s Sys=0.00s Real=0.00s
[2026-03-27T14:07:30.712+0900][34.850s][info][gc,marking  ] GC(445) Concurrent Mark 4.331ms
[2026-03-27T14:07:30.712+0900][34.850s][info][gc,marking  ] GC(445) Concurrent Rebuild Remembered Sets
[2026-03-27T14:07:30.712+0900][34.851s][info][gc,marking  ] GC(445) Concurrent Rebuild Remembered Sets 1.148ms
[2026-03-27T14:07:30.712+0900][34.852s][info][gc,start    ] GC(445) Pause Cleanup
[2026-03-27T14:07:30.712+0900][34.852s][info][gc          ] GC(445) Pause Cleanup 223M->223M(491M) 0.372ms
[2026-03-27T14:07:30.712+0900][34.852s][info][gc,cpu      ] GC(445) User=0.00s Sys=0.00s Real=0.00s
[2026-03-27T14:07:30.712+0900][34.852s][info][gc,marking  ] GC(445) Concurrent Cleanup for Next Mark
[2026-03-27T14:07:30.712+0900][34.853s][info][gc,marking  ] GC(445) Concurrent Cleanup for Next Mark 0.745ms
[2026-03-27T14:07:30.712+0900][34.853s][info][gc          ] GC(445) Concurrent Mark Cycle 8.065ms
[2026-03-27T14:07:30.776+0900][34.906s][info][gc,start    ] GC(446) Pause Young (Concurrent Start) (G1 Humongous Allocation)
[2026-03-27T14:07:30.776+0900][34.907s][info][gc,task     ] GC(446) Using 8 workers of 8 for evacuation
[2026-03-27T14:07:30.777+0900][34.908s][info][gc,phases   ] GC(446)   Pre Evacuate Collection Set: 0.4ms
[2026-03-27T14:07:30.777+0900][34.908s][info][gc,phases   ] GC(446)   Merge Heap Roots: 0.4ms
[2026-03-27T14:07:30.777+0900][34.908s][info][gc,phases   ] GC(446)   Evacuate Collection Set: 0.3ms
[2026-03-27T14:07:30.777+0900][34.908s][info][gc,phases   ] GC(446)   Post Evacuate Collection Set: 0.4ms
[2026-03-27T14:07:30.777+0900][34.909s][info][gc,phases   ] GC(446)   Other: 0.2ms
[2026-03-27T14:07:30.777+0900][34.909s][info][gc,heap     ] GC(446) Eden regions: 1->0(216)
[2026-03-27T14:07:30.777+0900][34.909s][info][gc,heap     ] GC(446) Survivor regions: 1->1(28)
[2026-03-27T14:07:30.777+0900][34.909s][info][gc,heap     ] GC(446) Old regions: 1->1
[2026-03-27T14:07:30.777+0900][34.909s][info][gc,heap     ] GC(446) Archive regions: 0->0
[2026-03-27T14:07:30.777+0900][34.909s][info][gc,heap     ] GC(446) Humongous regions: 223->222
[2026-03-27T14:07:30.777+0900][34.909s][info][gc,metaspace] GC(446) Metaspace: 166K(384K)->166K(384K) NonClass: 157K(256K)->157K(256K) Class: 9K(128K)->9K(128K)
[2026-03-27T14:07:30.777+0900][34.909s][info][gc          ] GC(446) Pause Young (Concurrent Start) (G1 Humongous Allocation) 224M->222M(491M) 2.969ms
[2026-03-27T14:07:30.779+0900][34.910s][info][gc,cpu      ] GC(446) User=0.00s Sys=0.00s Real=0.00s
[2026-03-27T14:07:30.779+0900][34.911s][info][gc          ] GC(447) Concurrent Mark Cycle
[2026-03-27T14:07:30.781+0900][34.911s][info][gc,marking  ] GC(447) Concurrent Clear Claimed Marks
[2026-03-27T14:07:30.781+0900][34.911s][info][gc,marking  ] GC(447) Concurrent Clear Claimed Marks 0.063ms
[2026-03-27T14:07:30.781+0900][34.911s][info][gc,marking  ] GC(447) Concurrent Scan Root Regions
[2026-03-27T14:07:30.781+0900][34.911s][info][gc,marking  ] GC(447) Concurrent Scan Root Regions 0.243ms
[2026-03-27T14:07:30.781+0900][34.911s][info][gc,marking  ] GC(447) Concurrent Mark
[2026-03-27T14:07:30.781+0900][34.911s][info][gc,marking  ] GC(447) Concurrent Mark From Roots
[2026-03-27T14:07:30.781+0900][34.911s][info][gc,task     ] GC(447) Using 2 workers of 2 for marking
[2026-03-27T14:07:30.783+0900][34.913s][info][gc,marking  ] GC(447) Concurrent Mark From Roots 2.197ms
[2026-03-27T14:07:30.783+0900][34.913s][info][gc,marking  ] GC(447) Concurrent Preclean
[2026-03-27T14:07:30.783+0900][34.913s][info][gc,marking  ] GC(447) Concurrent Preclean 0.037ms
[2026-03-27T14:07:30.783+0900][34.914s][info][gc,start    ] GC(447) Pause Remark
[2026-03-27T14:07:30.783+0900][34.914s][info][gc          ] GC(447) Pause Remark 223M->223M(491M) 0.678ms
[2026-03-27T14:07:30.783+0900][34.914s][info][gc,cpu      ] GC(447) User=0.00s Sys=0.00s Real=0.00s
[2026-03-27T14:07:30.783+0900][34.914s][info][gc,marking  ] GC(447) Concurrent Mark 3.319ms
[2026-03-27T14:07:30.783+0900][34.915s][info][gc,marking  ] GC(447) Concurrent Rebuild Remembered Sets
[2026-03-27T14:07:30.783+0900][34.915s][info][gc,marking  ] GC(447) Concurrent Rebuild Remembered Sets 0.796ms
[2026-03-27T14:07:30.783+0900][34.916s][info][gc,start    ] GC(447) Pause Cleanup
[2026-03-27T14:07:30.783+0900][34.916s][info][gc          ] GC(447) Pause Cleanup 223M->223M(491M) 0.212ms
[2026-03-27T14:07:30.783+0900][34.916s][info][gc,cpu      ] GC(447) User=0.00s Sys=0.00s Real=0.00s
[2026-03-27T14:07:30.783+0900][34.916s][info][gc,marking  ] GC(447) Concurrent Cleanup for Next Mark
[2026-03-27T14:07:30.783+0900][34.916s][info][gc,marking  ] GC(447) Concurrent Cleanup for Next Mark 0.301ms
[2026-03-27T14:07:30.783+0900][34.916s][info][gc          ] GC(447) Concurrent Mark Cycle 5.729ms
[2026-03-27T14:07:30.837+0900][34.967s][info][gc,start    ] GC(448) Pause Young (Concurrent Start) (G1 Humongous Allocation)
[2026-03-27T14:07:30.837+0900][34.967s][info][gc,task     ] GC(448) Using 8 workers of 8 for evacuation
[2026-03-27T14:07:30.837+0900][34.968s][info][gc,phases   ] GC(448)   Pre Evacuate Collection Set: 0.1ms
[2026-03-27T14:07:30.837+0900][34.968s][info][gc,phases   ] GC(448)   Merge Heap Roots: 0.1ms
[2026-03-27T14:07:30.837+0900][34.968s][info][gc,phases   ] GC(448)   Evacuate Collection Set: 0.2ms
[2026-03-27T14:07:30.837+0900][34.968s][info][gc,phases   ] GC(448)   Post Evacuate Collection Set: 0.5ms
[2026-03-27T14:07:30.837+0900][34.968s][info][gc,phases   ] GC(448)   Other: 0.1ms
[2026-03-27T14:07:30.837+0900][34.968s][info][gc,heap     ] GC(448) Eden regions: 1->0(216)
[2026-03-27T14:07:30.837+0900][34.968s][info][gc,heap     ] GC(448) Survivor regions: 1->1(28)
[2026-03-27T14:07:30.837+0900][34.968s][info][gc,heap     ] GC(448) Old regions: 1->1
[2026-03-27T14:07:30.837+0900][34.968s][info][gc,heap     ] GC(448) Archive regions: 0->0
[2026-03-27T14:07:30.837+0900][34.968s][info][gc,heap     ] GC(448) Humongous regions: 223->222
[2026-03-27T14:07:30.837+0900][34.968s][info][gc,metaspace] GC(448) Metaspace: 166K(384K)->166K(384K) NonClass: 157K(256K)->157K(256K) Class: 9K(128K)->9K(128K)
[2026-03-27T14:07:30.837+0900][34.968s][info][gc          ] GC(448) Pause Young (Concurrent Start) (G1 Humongous Allocation) 224M->222M(491M) 1.349ms
[2026-03-27T14:07:30.837+0900][34.968s][info][gc,cpu      ] GC(448) User=0.00s Sys=0.00s Real=0.00s
[2026-03-27T14:07:30.837+0900][34.968s][info][gc          ] GC(449) Concurrent Mark Cycle
[2026-03-27T14:07:30.837+0900][34.968s][info][gc,marking  ] GC(449) Concurrent Clear Claimed Marks
[2026-03-27T14:07:30.837+0900][34.968s][info][gc,marking  ] GC(449) Concurrent Clear Claimed Marks 0.015ms
[2026-03-27T14:07:30.837+0900][34.968s][info][gc,marking  ] GC(449) Concurrent Scan Root Regions
[2026-03-27T14:07:30.837+0900][34.968s][info][gc,marking  ] GC(449) Concurrent Scan Root Regions 0.117ms
[2026-03-27T14:07:30.837+0900][34.969s][info][gc,marking  ] GC(449) Concurrent Mark
[2026-03-27T14:07:30.837+0900][34.969s][info][gc,marking  ] GC(449) Concurrent Mark From Roots
[2026-03-27T14:07:30.837+0900][34.969s][info][gc,task     ] GC(449) Using 2 workers of 2 for marking
[2026-03-27T14:07:30.837+0900][34.969s][info][gc,marking  ] GC(449) Concurrent Mark From Roots 0.784ms
[2026-03-27T14:07:30.837+0900][34.969s][info][gc,marking  ] GC(449) Concurrent Preclean
[2026-03-27T14:07:30.837+0900][34.969s][info][gc,marking  ] GC(449) Concurrent Preclean 0.013ms
[2026-03-27T14:07:30.837+0900][34.970s][info][gc,start    ] GC(449) Pause Remark
[2026-03-27T14:07:30.837+0900][34.970s][info][gc          ] GC(449) Pause Remark 223M->223M(491M) 0.806ms
[2026-03-27T14:07:30.837+0900][34.970s][info][gc,cpu      ] GC(449) User=0.00s Sys=0.00s Real=0.00s
[2026-03-27T14:07:30.837+0900][34.970s][info][gc,marking  ] GC(449) Concurrent Mark 1.933ms
[2026-03-27T14:07:30.837+0900][34.970s][info][gc,marking  ] GC(449) Concurrent Rebuild Remembered Sets
[2026-03-27T14:07:30.837+0900][34.971s][info][gc,marking  ] GC(449) Concurrent Rebuild Remembered Sets 0.435ms
[2026-03-27T14:07:30.837+0900][34.971s][info][gc,start    ] GC(449) Pause Cleanup
[2026-03-27T14:07:30.837+0900][34.971s][info][gc          ] GC(449) Pause Cleanup 223M->223M(491M) 0.180ms
[2026-03-27T14:07:30.837+0900][34.971s][info][gc,cpu      ] GC(449) User=0.00s Sys=0.00s Real=0.00s
[2026-03-27T14:07:30.837+0900][34.971s][info][gc,marking  ] GC(449) Concurrent Cleanup for Next Mark
[2026-03-27T14:07:30.842+0900][34.972s][info][gc,marking  ] GC(449) Concurrent Cleanup for Next Mark 0.276ms
[2026-03-27T14:07:30.842+0900][34.972s][info][gc          ] GC(449) Concurrent Mark Cycle 3.484ms
[2026-03-27T14:07:30.890+0900][35.021s][info][gc,start    ] GC(450) Pause Young (Concurrent Start) (G1 Humongous Allocation)
[2026-03-27T14:07:30.890+0900][35.021s][info][gc,task     ] GC(450) Using 8 workers of 8 for evacuation
[2026-03-27T14:07:30.890+0900][35.022s][info][gc,phases   ] GC(450)   Pre Evacuate Collection Set: 0.1ms
[2026-03-27T14:07:30.890+0900][35.022s][info][gc,phases   ] GC(450)   Merge Heap Roots: 0.1ms
[2026-03-27T14:07:30.890+0900][35.022s][info][gc,phases   ] GC(450)   Evacuate Collection Set: 0.2ms
[2026-03-27T14:07:30.890+0900][35.022s][info][gc,phases   ] GC(450)   Post Evacuate Collection Set: 0.6ms
[2026-03-27T14:07:30.890+0900][35.022s][info][gc,phases   ] GC(450)   Other: 0.1ms
[2026-03-27T14:07:30.890+0900][35.022s][info][gc,heap     ] GC(450) Eden regions: 1->0(219)
[2026-03-27T14:07:30.890+0900][35.022s][info][gc,heap     ] GC(450) Survivor regions: 1->1(28)
[2026-03-27T14:07:30.890+0900][35.022s][info][gc,heap     ] GC(450) Old regions: 1->1
[2026-03-27T14:07:30.890+0900][35.022s][info][gc,heap     ] GC(450) Archive regions: 0->0
[2026-03-27T14:07:30.890+0900][35.022s][info][gc,heap     ] GC(450) Humongous regions: 223->222
[2026-03-27T14:07:30.890+0900][35.022s][info][gc,metaspace] GC(450) Metaspace: 166K(384K)->166K(384K) NonClass: 157K(256K)->157K(256K) Class: 9K(128K)->9K(128K)
[2026-03-27T14:07:30.890+0900][35.022s][info][gc          ] GC(450) Pause Young (Concurrent Start) (G1 Humongous Allocation) 224M->222M(494M) 1.396ms
[2026-03-27T14:07:30.890+0900][35.022s][info][gc,cpu      ] GC(450) User=0.00s Sys=0.00s Real=0.00s
[2026-03-27T14:07:30.890+0900][35.022s][info][gc          ] GC(451) Concurrent Mark Cycle
[2026-03-27T14:07:30.890+0900][35.022s][info][gc,marking  ] GC(451) Concurrent Clear Claimed Marks
[2026-03-27T14:07:30.890+0900][35.022s][info][gc,marking  ] GC(451) Concurrent Clear Claimed Marks 0.022ms
[2026-03-27T14:07:30.890+0900][35.022s][info][gc,marking  ] GC(451) Concurrent Scan Root Regions
[2026-03-27T14:07:30.890+0900][35.022s][info][gc,marking  ] GC(451) Concurrent Scan Root Regions 0.093ms
[2026-03-27T14:07:30.890+0900][35.022s][info][gc,marking  ] GC(451) Concurrent Mark
[2026-03-27T14:07:30.890+0900][35.022s][info][gc,marking  ] GC(451) Concurrent Mark From Roots
[2026-03-27T14:07:30.890+0900][35.022s][info][gc,task     ] GC(451) Using 2 workers of 2 for marking
[2026-03-27T14:07:30.890+0900][35.023s][info][gc,marking  ] GC(451) Concurrent Mark From Roots 0.771ms
[2026-03-27T14:07:30.890+0900][35.023s][info][gc,marking  ] GC(451) Concurrent Preclean
[2026-03-27T14:07:30.890+0900][35.023s][info][gc,marking  ] GC(451) Concurrent Preclean 0.014ms
[2026-03-27T14:07:30.890+0900][35.023s][info][gc,start    ] GC(451) Pause Remark
[2026-03-27T14:07:30.890+0900][35.024s][info][gc          ] GC(451) Pause Remark 223M->223M(494M) 0.853ms
[2026-03-27T14:07:30.890+0900][35.024s][info][gc,cpu      ] GC(451) User=0.00s Sys=0.00s Real=0.00s
[2026-03-27T14:07:30.890+0900][35.024s][info][gc,marking  ] GC(451) Concurrent Mark 2.058ms
[2026-03-27T14:07:30.890+0900][35.024s][info][gc,marking  ] GC(451) Concurrent Rebuild Remembered Sets
[2026-03-27T14:07:30.890+0900][35.025s][info][gc,marking  ] GC(451) Concurrent Rebuild Remembered Sets 0.403ms
[2026-03-27T14:07:30.890+0900][35.025s][info][gc,start    ] GC(451) Pause Cleanup
[2026-03-27T14:07:30.890+0900][35.025s][info][gc          ] GC(451) Pause Cleanup 223M->223M(494M) 0.087ms
[2026-03-27T14:07:30.890+0900][35.025s][info][gc,cpu      ] GC(451) User=0.00s Sys=0.00s Real=0.00s
[2026-03-27T14:07:30.890+0900][35.025s][info][gc,marking  ] GC(451) Concurrent Cleanup for Next Mark
[2026-03-27T14:07:30.890+0900][35.025s][info][gc,marking  ] GC(451) Concurrent Cleanup for Next Mark 0.389ms
[2026-03-27T14:07:30.890+0900][35.025s][info][gc          ] GC(451) Concurrent Mark Cycle 3.500ms
[2026-03-27T14:07:30.954+0900][35.084s][info][gc,start    ] GC(452) Pause Young (Concurrent Start) (G1 Humongous Allocation)
[2026-03-27T14:07:30.954+0900][35.084s][info][gc,task     ] GC(452) Using 8 workers of 8 for evacuation
[2026-03-27T14:07:30.954+0900][35.085s][info][gc,phases   ] GC(452)   Pre Evacuate Collection Set: 0.1ms
[2026-03-27T14:07:30.954+0900][35.085s][info][gc,phases   ] GC(452)   Merge Heap Roots: 0.1ms
[2026-03-27T14:07:30.954+0900][35.085s][info][gc,phases   ] GC(452)   Evacuate Collection Set: 0.1ms
[2026-03-27T14:07:30.954+0900][35.085s][info][gc,phases   ] GC(452)   Post Evacuate Collection Set: 0.4ms
[2026-03-27T14:07:30.954+0900][35.085s][info][gc,phases   ] GC(452)   Other: 0.1ms
[2026-03-27T14:07:30.954+0900][35.085s][info][gc,heap     ] GC(452) Eden regions: 1->0(219)
[2026-03-27T14:07:30.954+0900][35.085s][info][gc,heap     ] GC(452) Survivor regions: 1->1(28)
[2026-03-27T14:07:30.954+0900][35.085s][info][gc,heap     ] GC(452) Old regions: 1->1
[2026-03-27T14:07:30.954+0900][35.085s][info][gc,heap     ] GC(452) Archive regions: 0->0
[2026-03-27T14:07:30.954+0900][35.085s][info][gc,heap     ] GC(452) Humongous regions: 223->222
[2026-03-27T14:07:30.954+0900][35.085s][info][gc,metaspace] GC(452) Metaspace: 166K(384K)->166K(384K) NonClass: 157K(256K)->157K(256K) Class: 9K(128K)->9K(128K)
[2026-03-27T14:07:30.954+0900][35.085s][info][gc          ] GC(452) Pause Young (Concurrent Start) (G1 Humongous Allocation) 224M->222M(494M) 1.125ms
[2026-03-27T14:07:30.954+0900][35.086s][info][gc,cpu      ] GC(452) User=0.00s Sys=0.00s Real=0.00s
[2026-03-27T14:07:30.954+0900][35.086s][info][gc          ] GC(453) Concurrent Mark Cycle
[2026-03-27T14:07:30.954+0900][35.086s][info][gc,marking  ] GC(453) Concurrent Clear Claimed Marks
[2026-03-27T14:07:30.954+0900][35.086s][info][gc,marking  ] GC(453) Concurrent Clear Claimed Marks 0.015ms
[2026-03-27T14:07:30.954+0900][35.086s][info][gc,marking  ] GC(453) Concurrent Scan Root Regions
[2026-03-27T14:07:30.954+0900][35.086s][info][gc,marking  ] GC(453) Concurrent Scan Root Regions 0.110ms
[2026-03-27T14:07:30.954+0900][35.086s][info][gc,marking  ] GC(453) Concurrent Mark
[2026-03-27T14:07:30.954+0900][35.086s][info][gc,marking  ] GC(453) Concurrent Mark From Roots
[2026-03-27T14:07:30.954+0900][35.086s][info][gc,task     ] GC(453) Using 2 workers of 2 for marking
[2026-03-27T14:07:30.954+0900][35.087s][info][gc,marking  ] GC(453) Concurrent Mark From Roots 0.878ms
[2026-03-27T14:07:30.954+0900][35.087s][info][gc,marking  ] GC(453) Concurrent Preclean
[2026-03-27T14:07:30.954+0900][35.087s][info][gc,marking  ] GC(453) Concurrent Preclean 0.021ms
[2026-03-27T14:07:30.954+0900][35.087s][info][gc,start    ] GC(453) Pause Remark
[2026-03-27T14:07:30.954+0900][35.087s][info][gc          ] GC(453) Pause Remark 225M->225M(494M) 0.408ms
[2026-03-27T14:07:30.954+0900][35.087s][info][gc,cpu      ] GC(453) User=0.00s Sys=0.05s Real=0.00s
[2026-03-27T14:07:30.954+0900][35.087s][info][gc,marking  ] GC(453) Concurrent Mark 1.590ms
[2026-03-27T14:07:30.954+0900][35.088s][info][gc,marking  ] GC(453) Concurrent Rebuild Remembered Sets
[2026-03-27T14:07:30.954+0900][35.088s][info][gc,marking  ] GC(453) Concurrent Rebuild Remembered Sets 0.387ms
[2026-03-27T14:07:30.954+0900][35.088s][info][gc,start    ] GC(453) Pause Cleanup
[2026-03-27T14:07:30.954+0900][35.088s][info][gc          ] GC(453) Pause Cleanup 225M->225M(494M) 0.204ms
[2026-03-27T14:07:30.954+0900][35.088s][info][gc,cpu      ] GC(453) User=0.00s Sys=0.00s Real=0.00s
[2026-03-27T14:07:30.954+0900][35.088s][info][gc,marking  ] GC(453) Concurrent Cleanup for Next Mark
[2026-03-27T14:07:30.954+0900][35.089s][info][gc,marking  ] GC(453) Concurrent Cleanup for Next Mark 0.347ms
[2026-03-27T14:07:30.954+0900][35.089s][info][gc          ] GC(453) Concurrent Mark Cycle 3.221ms
[2026-03-27T14:07:31.018+0900][35.149s][info][gc,start    ] GC(454) Pause Young (Concurrent Start) (G1 Humongous Allocation)
[2026-03-27T14:07:31.018+0900][35.149s][info][gc,task     ] GC(454) Using 8 workers of 8 for evacuation
[2026-03-27T14:07:31.018+0900][35.149s][info][gc,phases   ] GC(454)   Pre Evacuate Collection Set: 0.1ms
[2026-03-27T14:07:31.018+0900][35.149s][info][gc,phases   ] GC(454)   Merge Heap Roots: 0.1ms
[2026-03-27T14:07:31.018+0900][35.149s][info][gc,phases   ] GC(454)   Evacuate Collection Set: 0.1ms
[2026-03-27T14:07:31.018+0900][35.149s][info][gc,phases   ] GC(454)   Post Evacuate Collection Set: 0.1ms
[2026-03-27T14:07:31.018+0900][35.149s][info][gc,phases   ] GC(454)   Other: 0.1ms
[2026-03-27T14:07:31.018+0900][35.149s][info][gc,heap     ] GC(454) Eden regions: 1->0(217)
[2026-03-27T14:07:31.018+0900][35.149s][info][gc,heap     ] GC(454) Survivor regions: 1->1(28)
[2026-03-27T14:07:31.018+0900][35.149s][info][gc,heap     ] GC(454) Old regions: 1->1
[2026-03-27T14:07:31.018+0900][35.149s][info][gc,heap     ] GC(454) Archive regions: 0->0
[2026-03-27T14:07:31.018+0900][35.149s][info][gc,heap     ] GC(454) Humongous regions: 225->224
[2026-03-27T14:07:31.018+0900][35.149s][info][gc,metaspace] GC(454) Metaspace: 166K(384K)->166K(384K) NonClass: 157K(256K)->157K(256K) Class: 9K(128K)->9K(128K)
[2026-03-27T14:07:31.018+0900][35.149s][info][gc          ] GC(454) Pause Young (Concurrent Start) (G1 Humongous Allocation) 226M->224M(494M) 0.852ms
[2026-03-27T14:07:31.018+0900][35.149s][info][gc,cpu      ] GC(454) User=0.00s Sys=0.00s Real=0.00s
[2026-03-27T14:07:31.018+0900][35.149s][info][gc          ] GC(455) Concurrent Mark Cycle
[2026-03-27T14:07:31.018+0900][35.150s][info][gc,marking  ] GC(455) Concurrent Clear Claimed Marks
[2026-03-27T14:07:31.018+0900][35.150s][info][gc,marking  ] GC(455) Concurrent Clear Claimed Marks 0.014ms
[2026-03-27T14:07:31.018+0900][35.150s][info][gc,marking  ] GC(455) Concurrent Scan Root Regions
[2026-03-27T14:07:31.020+0900][35.150s][info][gc,marking  ] GC(455) Concurrent Scan Root Regions 0.119ms
[2026-03-27T14:07:31.020+0900][35.150s][info][gc,marking  ] GC(455) Concurrent Mark
[2026-03-27T14:07:31.020+0900][35.150s][info][gc,marking  ] GC(455) Concurrent Mark From Roots
[2026-03-27T14:07:31.020+0900][35.150s][info][gc,task     ] GC(455) Using 2 workers of 2 for marking
[2026-03-27T14:07:31.020+0900][35.151s][info][gc,marking  ] GC(455) Concurrent Mark From Roots 0.835ms
[2026-03-27T14:07:31.020+0900][35.151s][info][gc,marking  ] GC(455) Concurrent Preclean
[2026-03-27T14:07:31.020+0900][35.151s][info][gc,marking  ] GC(455) Concurrent Preclean 0.015ms
[2026-03-27T14:07:31.020+0900][35.151s][info][gc,start    ] GC(455) Pause Remark
[2026-03-27T14:07:31.020+0900][35.152s][info][gc          ] GC(455) Pause Remark 225M->225M(494M) 0.831ms
[2026-03-27T14:07:31.020+0900][35.152s][info][gc,cpu      ] GC(455) User=0.00s Sys=0.00s Real=0.00s
[2026-03-27T14:07:31.020+0900][35.152s][info][gc,marking  ] GC(455) Concurrent Mark 2.063ms
[2026-03-27T14:07:31.020+0900][35.152s][info][gc,marking  ] GC(455) Concurrent Rebuild Remembered Sets
[2026-03-27T14:07:31.020+0900][35.152s][info][gc,marking  ] GC(455) Concurrent Rebuild Remembered Sets 0.381ms
[2026-03-27T14:07:31.020+0900][35.152s][info][gc,start    ] GC(455) Pause Cleanup
[2026-03-27T14:07:31.020+0900][35.153s][info][gc          ] GC(455) Pause Cleanup 225M->225M(494M) 0.188ms
[2026-03-27T14:07:31.020+0900][35.153s][info][gc,cpu      ] GC(455) User=0.00s Sys=0.00s Real=0.00s
[2026-03-27T14:07:31.020+0900][35.153s][info][gc,marking  ] GC(455) Concurrent Cleanup for Next Mark
[2026-03-27T14:07:31.020+0900][35.153s][info][gc,marking  ] GC(455) Concurrent Cleanup for Next Mark 0.280ms
[2026-03-27T14:07:31.020+0900][35.153s][info][gc          ] GC(455) Concurrent Mark Cycle 3.591ms
[2026-03-27T14:07:31.081+0900][35.211s][info][gc,start    ] GC(456) Pause Young (Concurrent Start) (G1 Humongous Allocation)
[2026-03-27T14:07:31.081+0900][35.211s][info][gc,task     ] GC(456) Using 8 workers of 8 for evacuation
[2026-03-27T14:07:31.087+0900][35.217s][info][gc,phases   ] GC(456)   Pre Evacuate Collection Set: 0.1ms
[2026-03-27T14:07:31.087+0900][35.217s][info][gc,phases   ] GC(456)   Merge Heap Roots: 0.1ms
[2026-03-27T14:07:31.087+0900][35.217s][info][gc,phases   ] GC(456)   Evacuate Collection Set: 4.9ms
[2026-03-27T14:07:31.087+0900][35.217s][info][gc,phases   ] GC(456)   Post Evacuate Collection Set: 0.4ms
[2026-03-27T14:07:31.087+0900][35.217s][info][gc,phases   ] GC(456)   Other: 0.1ms
[2026-03-27T14:07:31.087+0900][35.217s][info][gc,heap     ] GC(456) Eden regions: 1->0(217)
[2026-03-27T14:07:31.087+0900][35.217s][info][gc,heap     ] GC(456) Survivor regions: 1->1(28)
[2026-03-27T14:07:31.087+0900][35.217s][info][gc,heap     ] GC(456) Old regions: 1->1
[2026-03-27T14:07:31.087+0900][35.217s][info][gc,heap     ] GC(456) Archive regions: 0->0
[2026-03-27T14:07:31.087+0900][35.217s][info][gc,heap     ] GC(456) Humongous regions: 225->224
[2026-03-27T14:07:31.087+0900][35.217s][info][gc,metaspace] GC(456) Metaspace: 166K(384K)->166K(384K) NonClass: 157K(256K)->157K(256K) Class: 9K(128K)->9K(128K)
[2026-03-27T14:07:31.087+0900][35.217s][info][gc          ] GC(456) Pause Young (Concurrent Start) (G1 Humongous Allocation) 226M->224M(494M) 5.925ms
[2026-03-27T14:07:31.087+0900][35.217s][info][gc,cpu      ] GC(456) User=0.00s Sys=0.00s Real=0.01s
[2026-03-27T14:07:31.087+0900][35.217s][info][gc          ] GC(457) Concurrent Mark Cycle
[2026-03-27T14:07:31.087+0900][35.217s][info][gc,marking  ] GC(457) Concurrent Clear Claimed Marks
[2026-03-27T14:07:31.087+0900][35.217s][info][gc,marking  ] GC(457) Concurrent Clear Claimed Marks 0.019ms
[2026-03-27T14:07:31.087+0900][35.217s][info][gc,marking  ] GC(457) Concurrent Scan Root Regions
[2026-03-27T14:07:31.087+0900][35.217s][info][gc,marking  ] GC(457) Concurrent Scan Root Regions 0.062ms
[2026-03-27T14:07:31.087+0900][35.217s][info][gc,marking  ] GC(457) Concurrent Mark
[2026-03-27T14:07:31.087+0900][35.217s][info][gc,marking  ] GC(457) Concurrent Mark From Roots
[2026-03-27T14:07:31.087+0900][35.217s][info][gc,task     ] GC(457) Using 2 workers of 2 for marking
[2026-03-27T14:07:31.087+0900][35.218s][info][gc,marking  ] GC(457) Concurrent Mark From Roots 0.956ms
[2026-03-27T14:07:31.087+0900][35.218s][info][gc,marking  ] GC(457) Concurrent Preclean
[2026-03-27T14:07:31.087+0900][35.218s][info][gc,marking  ] GC(457) Concurrent Preclean 0.022ms
[2026-03-27T14:07:31.088+0900][35.218s][info][gc,start    ] GC(457) Pause Remark
[2026-03-27T14:07:31.089+0900][35.219s][info][gc          ] GC(457) Pause Remark 225M->225M(494M) 0.564ms
[2026-03-27T14:07:31.089+0900][35.219s][info][gc,cpu      ] GC(457) User=0.00s Sys=0.00s Real=0.00s
[2026-03-27T14:07:31.089+0900][35.219s][info][gc,marking  ] GC(457) Concurrent Mark 1.743ms
[2026-03-27T14:07:31.089+0900][35.219s][info][gc,marking  ] GC(457) Concurrent Rebuild Remembered Sets
[2026-03-27T14:07:31.089+0900][35.219s][info][gc,marking  ] GC(457) Concurrent Rebuild Remembered Sets 0.418ms
[2026-03-27T14:07:31.089+0900][35.219s][info][gc,start    ] GC(457) Pause Cleanup
[2026-03-27T14:07:31.089+0900][35.220s][info][gc          ] GC(457) Pause Cleanup 225M->225M(494M) 0.110ms
[2026-03-27T14:07:31.089+0900][35.220s][info][gc,cpu      ] GC(457) User=0.00s Sys=0.00s Real=0.00s
[2026-03-27T14:07:31.089+0900][35.220s][info][gc,marking  ] GC(457) Concurrent Cleanup for Next Mark
[2026-03-27T14:07:31.089+0900][35.220s][info][gc,marking  ] GC(457) Concurrent Cleanup for Next Mark 0.262ms
[2026-03-27T14:07:31.089+0900][35.220s][info][gc          ] GC(457) Concurrent Mark Cycle 2.981ms
[2026-03-27T14:07:31.139+0900][35.270s][info][gc,start    ] GC(458) Pause Young (Concurrent Start) (G1 Humongous Allocation)
[2026-03-27T14:07:31.139+0900][35.270s][info][gc,task     ] GC(458) Using 8 workers of 8 for evacuation
[2026-03-27T14:07:31.139+0900][35.271s][info][gc,phases   ] GC(458)   Pre Evacuate Collection Set: 0.2ms
[2026-03-27T14:07:31.139+0900][35.272s][info][gc,phases   ] GC(458)   Merge Heap Roots: 0.2ms
[2026-03-27T14:07:31.139+0900][35.272s][info][gc,phases   ] GC(458)   Evacuate Collection Set: 0.2ms
[2026-03-27T14:07:31.139+0900][35.272s][info][gc,phases   ] GC(458)   Post Evacuate Collection Set: 0.8ms
[2026-03-27T14:07:31.139+0900][35.272s][info][gc,phases   ] GC(458)   Other: 0.2ms
[2026-03-27T14:07:31.139+0900][35.272s][info][gc,heap     ] GC(458) Eden regions: 1->0(217)
[2026-03-27T14:07:31.139+0900][35.272s][info][gc,heap     ] GC(458) Survivor regions: 1->1(28)
[2026-03-27T14:07:31.139+0900][35.272s][info][gc,heap     ] GC(458) Old regions: 1->1
[2026-03-27T14:07:31.139+0900][35.272s][info][gc,heap     ] GC(458) Archive regions: 0->0
[2026-03-27T14:07:31.139+0900][35.272s][info][gc,heap     ] GC(458) Humongous regions: 225->224
[2026-03-27T14:07:31.139+0900][35.272s][info][gc,metaspace] GC(458) Metaspace: 166K(384K)->166K(384K) NonClass: 157K(256K)->157K(256K) Class: 9K(128K)->9K(128K)
[2026-03-27T14:07:31.139+0900][35.272s][info][gc          ] GC(458) Pause Young (Concurrent Start) (G1 Humongous Allocation) 226M->224M(494M) 2.226ms
[2026-03-27T14:07:31.139+0900][35.272s][info][gc,cpu      ] GC(458) User=0.00s Sys=0.00s Real=0.00s
[2026-03-27T14:07:31.139+0900][35.272s][info][gc          ] GC(459) Concurrent Mark Cycle
[2026-03-27T14:07:31.139+0900][35.272s][info][gc,marking  ] GC(459) Concurrent Clear Claimed Marks
[2026-03-27T14:07:31.139+0900][35.272s][info][gc,marking  ] GC(459) Concurrent Clear Claimed Marks 0.034ms
[2026-03-27T14:07:31.139+0900][35.272s][info][gc,marking  ] GC(459) Concurrent Scan Root Regions
[2026-03-27T14:07:31.139+0900][35.272s][info][gc,marking  ] GC(459) Concurrent Scan Root Regions 0.167ms
[2026-03-27T14:07:31.139+0900][35.272s][info][gc,marking  ] GC(459) Concurrent Mark
[2026-03-27T14:07:31.139+0900][35.272s][info][gc,marking  ] GC(459) Concurrent Mark From Roots
[2026-03-27T14:07:31.139+0900][35.272s][info][gc,task     ] GC(459) Using 2 workers of 2 for marking
[2026-03-27T14:07:31.139+0900][35.274s][info][gc,marking  ] GC(459) Concurrent Mark From Roots 1.664ms
[2026-03-27T14:07:31.139+0900][35.274s][info][gc,marking  ] GC(459) Concurrent Preclean
[2026-03-27T14:07:31.139+0900][35.274s][info][gc,marking  ] GC(459) Concurrent Preclean 0.042ms
[2026-03-27T14:07:31.139+0900][35.275s][info][gc,start    ] GC(459) Pause Remark
[2026-03-27T14:07:31.139+0900][35.276s][info][gc          ] GC(459) Pause Remark 225M->225M(494M) 1.520ms
[2026-03-27T14:07:31.139+0900][35.276s][info][gc,cpu      ] GC(459) User=0.00s Sys=0.00s Real=0.00s
[2026-03-27T14:07:31.139+0900][35.276s][info][gc,marking  ] GC(459) Concurrent Mark 4.072ms
[2026-03-27T14:07:31.139+0900][35.277s][info][gc,marking  ] GC(459) Concurrent Rebuild Remembered Sets
[2026-03-27T14:07:31.139+0900][35.278s][info][gc,marking  ] GC(459) Concurrent Rebuild Remembered Sets 1.104ms
[2026-03-27T14:07:31.139+0900][35.278s][info][gc,start    ] GC(459) Pause Cleanup
[2026-03-27T14:07:31.139+0900][35.278s][info][gc          ] GC(459) Pause Cleanup 225M->225M(494M) 0.337ms
[2026-03-27T14:07:31.139+0900][35.279s][info][gc,cpu      ] GC(459) User=0.00s Sys=0.00s Real=0.00s
[2026-03-27T14:07:31.139+0900][35.279s][info][gc,marking  ] GC(459) Concurrent Cleanup for Next Mark
[2026-03-27T14:07:31.139+0900][35.279s][info][gc,marking  ] GC(459) Concurrent Cleanup for Next Mark 0.618ms
[2026-03-27T14:07:31.139+0900][35.279s][info][gc          ] GC(459) Concurrent Mark Cycle 7.340ms
[2026-03-27T14:07:31.203+0900][35.334s][info][gc,start    ] GC(460) Pause Young (Concurrent Start) (G1 Humongous Allocation)
[2026-03-27T14:07:31.203+0900][35.334s][info][gc,task     ] GC(460) Using 8 workers of 8 for evacuation
[2026-03-27T14:07:31.203+0900][35.336s][info][gc,phases   ] GC(460)   Pre Evacuate Collection Set: 0.1ms
[2026-03-27T14:07:31.203+0900][35.336s][info][gc,phases   ] GC(460)   Merge Heap Roots: 0.2ms
[2026-03-27T14:07:31.203+0900][35.336s][info][gc,phases   ] GC(460)   Evacuate Collection Set: 0.3ms
[2026-03-27T14:07:31.203+0900][35.336s][info][gc,phases   ] GC(460)   Post Evacuate Collection Set: 0.9ms
[2026-03-27T14:07:31.203+0900][35.336s][info][gc,phases   ] GC(460)   Other: 0.4ms
[2026-03-27T14:07:31.203+0900][35.336s][info][gc,heap     ] GC(460) Eden regions: 1->0(220)
[2026-03-27T14:07:31.203+0900][35.336s][info][gc,heap     ] GC(460) Survivor regions: 1->1(28)
[2026-03-27T14:07:31.203+0900][35.336s][info][gc,heap     ] GC(460) Old regions: 1->1
[2026-03-27T14:07:31.203+0900][35.336s][info][gc,heap     ] GC(460) Archive regions: 0->0
[2026-03-27T14:07:31.203+0900][35.336s][info][gc,heap     ] GC(460) Humongous regions: 225->224
[2026-03-27T14:07:31.203+0900][35.336s][info][gc,metaspace] GC(460) Metaspace: 166K(384K)->166K(384K) NonClass: 157K(256K)->157K(256K) Class: 9K(128K)->9K(128K)
[2026-03-27T14:07:31.203+0900][35.336s][info][gc          ] GC(460) Pause Young (Concurrent Start) (G1 Humongous Allocation) 226M->224M(497M) 2.585ms
[2026-03-27T14:07:31.203+0900][35.336s][info][gc,cpu      ] GC(460) User=0.00s Sys=0.00s Real=0.00s
[2026-03-27T14:07:31.203+0900][35.336s][info][gc          ] GC(461) Concurrent Mark Cycle
[2026-03-27T14:07:31.203+0900][35.337s][info][gc,marking  ] GC(461) Concurrent Clear Claimed Marks
[2026-03-27T14:07:31.203+0900][35.337s][info][gc,marking  ] GC(461) Concurrent Clear Claimed Marks 0.029ms
[2026-03-27T14:07:31.203+0900][35.337s][info][gc,marking  ] GC(461) Concurrent Scan Root Regions
[2026-03-27T14:07:31.203+0900][35.337s][info][gc,marking  ] GC(461) Concurrent Scan Root Regions 0.185ms
[2026-03-27T14:07:31.203+0900][35.337s][info][gc,marking  ] GC(461) Concurrent Mark
[2026-03-27T14:07:31.203+0900][35.337s][info][gc,marking  ] GC(461) Concurrent Mark From Roots
[2026-03-27T14:07:31.203+0900][35.337s][info][gc,task     ] GC(461) Using 2 workers of 2 for marking
[2026-03-27T14:07:31.203+0900][35.338s][info][gc,marking  ] GC(461) Concurrent Mark From Roots 1.291ms
[2026-03-27T14:07:31.203+0900][35.338s][info][gc,marking  ] GC(461) Concurrent Preclean
[2026-03-27T14:07:31.203+0900][35.338s][info][gc,marking  ] GC(461) Concurrent Preclean 0.028ms
[2026-03-27T14:07:31.203+0900][35.339s][info][gc,start    ] GC(461) Pause Remark
[2026-03-27T14:07:31.203+0900][35.340s][info][gc          ] GC(461) Pause Remark 225M->225M(497M) 1.150ms
[2026-03-27T14:07:31.203+0900][35.340s][info][gc,cpu      ] GC(461) User=0.00s Sys=0.00s Real=0.00s
[2026-03-27T14:07:31.203+0900][35.340s][info][gc,marking  ] GC(461) Concurrent Mark 3.035ms
[2026-03-27T14:07:31.203+0900][35.340s][info][gc,marking  ] GC(461) Concurrent Rebuild Remembered Sets
[2026-03-27T14:07:31.203+0900][35.341s][info][gc,marking  ] GC(461) Concurrent Rebuild Remembered Sets 0.751ms
[2026-03-27T14:07:31.203+0900][35.341s][info][gc,start    ] GC(461) Pause Cleanup
[2026-03-27T14:07:31.203+0900][35.341s][info][gc          ] GC(461) Pause Cleanup 225M->225M(497M) 0.246ms
[2026-03-27T14:07:31.203+0900][35.341s][info][gc,cpu      ] GC(461) User=0.00s Sys=0.00s Real=0.00s
[2026-03-27T14:07:31.203+0900][35.341s][info][gc,marking  ] GC(461) Concurrent Cleanup for Next Mark
[2026-03-27T14:07:31.203+0900][35.342s][info][gc,marking  ] GC(461) Concurrent Cleanup for Next Mark 0.486ms
[2026-03-27T14:07:31.203+0900][35.342s][info][gc          ] GC(461) Concurrent Mark Cycle 5.515ms
[2026-03-27T14:07:31.268+0900][35.398s][info][gc,start    ] GC(462) Pause Young (Concurrent Start) (G1 Humongous Allocation)
[2026-03-27T14:07:31.268+0900][35.398s][info][gc,task     ] GC(462) Using 8 workers of 8 for evacuation
[2026-03-27T14:07:31.268+0900][35.400s][info][gc,phases   ] GC(462)   Pre Evacuate Collection Set: 0.3ms
[2026-03-27T14:07:31.268+0900][35.400s][info][gc,phases   ] GC(462)   Merge Heap Roots: 0.3ms
[2026-03-27T14:07:31.268+0900][35.400s][info][gc,phases   ] GC(462)   Evacuate Collection Set: 0.3ms
[2026-03-27T14:07:31.268+0900][35.400s][info][gc,phases   ] GC(462)   Post Evacuate Collection Set: 1.0ms
[2026-03-27T14:07:31.268+0900][35.400s][info][gc,phases   ] GC(462)   Other: 0.2ms
[2026-03-27T14:07:31.268+0900][35.400s][info][gc,heap     ] GC(462) Eden regions: 1->0(220)
[2026-03-27T14:07:31.268+0900][35.400s][info][gc,heap     ] GC(462) Survivor regions: 1->1(28)
[2026-03-27T14:07:31.268+0900][35.401s][info][gc,heap     ] GC(462) Old regions: 1->1
[2026-03-27T14:07:31.268+0900][35.401s][info][gc,heap     ] GC(462) Archive regions: 0->0
[2026-03-27T14:07:31.268+0900][35.401s][info][gc,heap     ] GC(462) Humongous regions: 225->224
[2026-03-27T14:07:31.268+0900][35.401s][info][gc,metaspace] GC(462) Metaspace: 166K(384K)->166K(384K) NonClass: 157K(256K)->157K(256K) Class: 9K(128K)->9K(128K)
[2026-03-27T14:07:31.268+0900][35.401s][info][gc          ] GC(462) Pause Young (Concurrent Start) (G1 Humongous Allocation) 226M->224M(497M) 2.706ms
[2026-03-27T14:07:31.268+0900][35.401s][info][gc,cpu      ] GC(462) User=0.02s Sys=0.00s Real=0.00s
[2026-03-27T14:07:31.268+0900][35.401s][info][gc          ] GC(463) Concurrent Mark Cycle
[2026-03-27T14:07:31.268+0900][35.401s][info][gc,marking  ] GC(463) Concurrent Clear Claimed Marks
[2026-03-27T14:07:31.268+0900][35.401s][info][gc,marking  ] GC(463) Concurrent Clear Claimed Marks 0.041ms
[2026-03-27T14:07:31.268+0900][35.401s][info][gc,marking  ] GC(463) Concurrent Scan Root Regions
[2026-03-27T14:07:31.268+0900][35.401s][info][gc,marking  ] GC(463) Concurrent Scan Root Regions 0.246ms
[2026-03-27T14:07:31.268+0900][35.401s][info][gc,marking  ] GC(463) Concurrent Mark
[2026-03-27T14:07:31.268+0900][35.401s][info][gc,marking  ] GC(463) Concurrent Mark From Roots
[2026-03-27T14:07:31.268+0900][35.401s][info][gc,task     ] GC(463) Using 2 workers of 2 for marking
[2026-03-27T14:07:31.268+0900][35.403s][info][gc,marking  ] GC(463) Concurrent Mark From Roots 1.901ms
[2026-03-27T14:07:31.268+0900][35.403s][info][gc,marking  ] GC(463) Concurrent Preclean
[2026-03-27T14:07:31.268+0900][35.403s][info][gc,marking  ] GC(463) Concurrent Preclean 0.045ms
[2026-03-27T14:07:31.268+0900][35.404s][info][gc,start    ] GC(463) Pause Remark
[2026-03-27T14:07:31.268+0900][35.405s][info][gc          ] GC(463) Pause Remark 227M->227M(497M) 1.021ms
[2026-03-27T14:07:31.268+0900][35.405s][info][gc,cpu      ] GC(463) User=0.00s Sys=0.00s Real=0.00s
[2026-03-27T14:07:31.268+0900][35.405s][info][gc,marking  ] GC(463) Concurrent Mark 3.821ms
[2026-03-27T14:07:31.268+0900][35.405s][info][gc,marking  ] GC(463) Concurrent Rebuild Remembered Sets
[2026-03-27T14:07:31.268+0900][35.406s][info][gc,marking  ] GC(463) Concurrent Rebuild Remembered Sets 0.971ms
[2026-03-27T14:07:31.268+0900][35.407s][info][gc,start    ] GC(463) Pause Cleanup
[2026-03-27T14:07:31.268+0900][35.407s][info][gc          ] GC(463) Pause Cleanup 227M->227M(497M) 0.361ms
[2026-03-27T14:07:31.268+0900][35.407s][info][gc,cpu      ] GC(463) User=0.00s Sys=0.00s Real=0.00s
[2026-03-27T14:07:31.268+0900][35.407s][info][gc,marking  ] GC(463) Concurrent Cleanup for Next Mark
[2026-03-27T14:07:31.268+0900][35.408s][info][gc,marking  ] GC(463) Concurrent Cleanup for Next Mark 0.722ms
[2026-03-27T14:07:31.268+0900][35.408s][info][gc          ] GC(463) Concurrent Mark Cycle 7.268ms
[2026-03-27T14:07:31.332+0900][35.462s][info][gc,start    ] GC(464) Pause Young (Concurrent Start) (G1 Humongous Allocation)
[2026-03-27T14:07:31.332+0900][35.463s][info][gc,task     ] GC(464) Using 8 workers of 8 for evacuation
[2026-03-27T14:07:31.332+0900][35.465s][info][gc,phases   ] GC(464)   Pre Evacuate Collection Set: 0.2ms
[2026-03-27T14:07:31.332+0900][35.465s][info][gc,phases   ] GC(464)   Merge Heap Roots: 0.4ms
[2026-03-27T14:07:31.332+0900][35.465s][info][gc,phases   ] GC(464)   Evacuate Collection Set: 0.4ms
[2026-03-27T14:07:31.332+0900][35.465s][info][gc,phases   ] GC(464)   Post Evacuate Collection Set: 0.8ms
[2026-03-27T14:07:31.332+0900][35.465s][info][gc,phases   ] GC(464)   Other: 0.3ms
[2026-03-27T14:07:31.332+0900][35.465s][info][gc,heap     ] GC(464) Eden regions: 1->0(218)
[2026-03-27T14:07:31.332+0900][35.465s][info][gc,heap     ] GC(464) Survivor regions: 1->1(28)
[2026-03-27T14:07:31.332+0900][35.465s][info][gc,heap     ] GC(464) Old regions: 1->1
[2026-03-27T14:07:31.332+0900][35.465s][info][gc,heap     ] GC(464) Archive regions: 0->0
[2026-03-27T14:07:31.332+0900][35.465s][info][gc,heap     ] GC(464) Humongous regions: 227->226
[2026-03-27T14:07:31.332+0900][35.465s][info][gc,metaspace] GC(464) Metaspace: 166K(384K)->166K(384K) NonClass: 157K(256K)->157K(256K) Class: 9K(128K)->9K(128K)
[2026-03-27T14:07:31.332+0900][35.465s][info][gc          ] GC(464) Pause Young (Concurrent Start) (G1 Humongous Allocation) 228M->226M(497M) 2.662ms
[2026-03-27T14:07:31.332+0900][35.465s][info][gc,cpu      ] GC(464) User=0.00s Sys=0.00s Real=0.00s
[2026-03-27T14:07:31.332+0900][35.465s][info][gc          ] GC(465) Concurrent Mark Cycle
[2026-03-27T14:07:31.332+0900][35.465s][info][gc,marking  ] GC(465) Concurrent Clear Claimed Marks
[2026-03-27T14:07:31.332+0900][35.465s][info][gc,marking  ] GC(465) Concurrent Clear Claimed Marks 0.041ms
[2026-03-27T14:07:31.332+0900][35.465s][info][gc,marking  ] GC(465) Concurrent Scan Root Regions
[2026-03-27T14:07:31.332+0900][35.466s][info][gc,marking  ] GC(465) Concurrent Scan Root Regions 0.251ms
[2026-03-27T14:07:31.332+0900][35.466s][info][gc,marking  ] GC(465) Concurrent Mark
[2026-03-27T14:07:31.332+0900][35.466s][info][gc,marking  ] GC(465) Concurrent Mark From Roots
[2026-03-27T14:07:31.332+0900][35.466s][info][gc,task     ] GC(465) Using 2 workers of 2 for marking
[2026-03-27T14:07:31.332+0900][35.468s][info][gc,marking  ] GC(465) Concurrent Mark From Roots 2.008ms
[2026-03-27T14:07:31.332+0900][35.468s][info][gc,marking  ] GC(465) Concurrent Preclean
[2026-03-27T14:07:31.332+0900][35.468s][info][gc,marking  ] GC(465) Concurrent Preclean 0.045ms
[2026-03-27T14:07:31.332+0900][35.468s][info][gc,start    ] GC(465) Pause Remark
[2026-03-27T14:07:31.332+0900][35.470s][info][gc          ] GC(465) Pause Remark 227M->227M(497M) 1.580ms
[2026-03-27T14:07:31.332+0900][35.470s][info][gc,cpu      ] GC(465) User=0.00s Sys=0.00s Real=0.00s
[2026-03-27T14:07:31.332+0900][35.470s][info][gc,marking  ] GC(465) Concurrent Mark 4.526ms
[2026-03-27T14:07:31.332+0900][35.470s][info][gc,marking  ] GC(465) Concurrent Rebuild Remembered Sets
[2026-03-27T14:07:31.332+0900][35.472s][info][gc,marking  ] GC(465) Concurrent Rebuild Remembered Sets 1.153ms
[2026-03-27T14:07:31.332+0900][35.472s][info][gc,start    ] GC(465) Pause Cleanup
[2026-03-27T14:07:31.332+0900][35.472s][info][gc          ] GC(465) Pause Cleanup 227M->227M(497M) 0.390ms
[2026-03-27T14:07:31.332+0900][35.473s][info][gc,cpu      ] GC(465) User=0.00s Sys=0.00s Real=0.00s
[2026-03-27T14:07:31.332+0900][35.473s][info][gc,marking  ] GC(465) Concurrent Cleanup for Next Mark
[2026-03-27T14:07:31.332+0900][35.474s][info][gc,marking  ] GC(465) Concurrent Cleanup for Next Mark 0.764ms
[2026-03-27T14:07:31.332+0900][35.474s][info][gc          ] GC(465) Concurrent Mark Cycle 8.399ms
[2026-03-27T14:07:31.396+0900][35.527s][info][gc,start    ] GC(466) Pause Young (Concurrent Start) (G1 Humongous Allocation)
[2026-03-27T14:07:31.396+0900][35.527s][info][gc,task     ] GC(466) Using 8 workers of 8 for evacuation
[2026-03-27T14:07:31.399+0900][35.529s][info][gc,phases   ] GC(466)   Pre Evacuate Collection Set: 0.2ms
[2026-03-27T14:07:31.399+0900][35.529s][info][gc,phases   ] GC(466)   Merge Heap Roots: 0.3ms
[2026-03-27T14:07:31.399+0900][35.529s][info][gc,phases   ] GC(466)   Evacuate Collection Set: 0.3ms
[2026-03-27T14:07:31.399+0900][35.529s][info][gc,phases   ] GC(466)   Post Evacuate Collection Set: 0.4ms
[2026-03-27T14:07:31.399+0900][35.529s][info][gc,phases   ] GC(466)   Other: 0.2ms
[2026-03-27T14:07:31.399+0900][35.529s][info][gc,heap     ] GC(466) Eden regions: 1->0(218)
[2026-03-27T14:07:31.399+0900][35.529s][info][gc,heap     ] GC(466) Survivor regions: 1->1(28)
[2026-03-27T14:07:31.399+0900][35.529s][info][gc,heap     ] GC(466) Old regions: 1->1
[2026-03-27T14:07:31.399+0900][35.529s][info][gc,heap     ] GC(466) Archive regions: 0->0
[2026-03-27T14:07:31.399+0900][35.529s][info][gc,heap     ] GC(466) Humongous regions: 227->226
[2026-03-27T14:07:31.399+0900][35.529s][info][gc,metaspace] GC(466) Metaspace: 166K(384K)->166K(384K) NonClass: 157K(256K)->157K(256K) Class: 9K(128K)->9K(128K)
[2026-03-27T14:07:31.399+0900][35.529s][info][gc          ] GC(466) Pause Young (Concurrent Start) (G1 Humongous Allocation) 228M->226M(497M) 2.523ms
[2026-03-27T14:07:31.399+0900][35.530s][info][gc,cpu      ] GC(466) User=0.00s Sys=0.00s Real=0.00s
[2026-03-27T14:07:31.399+0900][35.530s][info][gc          ] GC(467) Concurrent Mark Cycle
[2026-03-27T14:07:31.399+0900][35.530s][info][gc,marking  ] GC(467) Concurrent Clear Claimed Marks
[2026-03-27T14:07:31.399+0900][35.530s][info][gc,marking  ] GC(467) Concurrent Clear Claimed Marks 0.074ms
[2026-03-27T14:07:31.399+0900][35.530s][info][gc,marking  ] GC(467) Concurrent Scan Root Regions
[2026-03-27T14:07:31.399+0900][35.530s][info][gc,marking  ] GC(467) Concurrent Scan Root Regions 0.234ms
[2026-03-27T14:07:31.399+0900][35.530s][info][gc,marking  ] GC(467) Concurrent Mark
[2026-03-27T14:07:31.399+0900][35.530s][info][gc,marking  ] GC(467) Concurrent Mark From Roots
[2026-03-27T14:07:31.399+0900][35.530s][info][gc,task     ] GC(467) Using 2 workers of 2 for marking
[2026-03-27T14:07:31.401+0900][35.532s][info][gc,marking  ] GC(467) Concurrent Mark From Roots 2.127ms
[2026-03-27T14:07:31.401+0900][35.533s][info][gc,marking  ] GC(467) Concurrent Preclean
[2026-03-27T14:07:31.401+0900][35.533s][info][gc,marking  ] GC(467) Concurrent Preclean 0.048ms
[2026-03-27T14:07:31.403+0900][35.533s][info][gc,start    ] GC(467) Pause Remark
[2026-03-27T14:07:31.403+0900][35.534s][info][gc          ] GC(467) Pause Remark 227M->227M(497M) 1.332ms
[2026-03-27T14:07:31.403+0900][35.534s][info][gc,cpu      ] GC(467) User=0.00s Sys=0.00s Real=0.00s
[2026-03-27T14:07:31.403+0900][35.535s][info][gc,marking  ] GC(467) Concurrent Mark 4.297ms
[2026-03-27T14:07:31.403+0900][35.535s][info][gc,marking  ] GC(467) Concurrent Rebuild Remembered Sets
[2026-03-27T14:07:31.403+0900][35.536s][info][gc,marking  ] GC(467) Concurrent Rebuild Remembered Sets 0.870ms
[2026-03-27T14:07:31.403+0900][35.536s][info][gc,start    ] GC(467) Pause Cleanup
[2026-03-27T14:07:31.403+0900][35.536s][info][gc          ] GC(467) Pause Cleanup 227M->227M(497M) 0.314ms
[2026-03-27T14:07:31.403+0900][35.536s][info][gc,cpu      ] GC(467) User=0.00s Sys=0.00s Real=0.00s
[2026-03-27T14:07:31.403+0900][35.536s][info][gc,marking  ] GC(467) Concurrent Cleanup for Next Mark
[2026-03-27T14:07:31.403+0900][35.537s][info][gc,marking  ] GC(467) Concurrent Cleanup for Next Mark 0.611ms
[2026-03-27T14:07:31.403+0900][35.537s][info][gc          ] GC(467) Concurrent Mark Cycle 7.533ms
[2026-03-27T14:07:31.461+0900][35.591s][info][gc,start    ] GC(468) Pause Young (Concurrent Start) (G1 Humongous Allocation)
[2026-03-27T14:07:31.461+0900][35.591s][info][gc,task     ] GC(468) Using 8 workers of 8 for evacuation
[2026-03-27T14:07:31.462+0900][35.594s][info][gc,phases   ] GC(468)   Pre Evacuate Collection Set: 0.3ms
[2026-03-27T14:07:31.462+0900][35.594s][info][gc,phases   ] GC(468)   Merge Heap Roots: 0.3ms
[2026-03-27T14:07:31.462+0900][35.594s][info][gc,phases   ] GC(468)   Evacuate Collection Set: 0.5ms
[2026-03-27T14:07:31.462+0900][35.594s][info][gc,phases   ] GC(468)   Post Evacuate Collection Set: 1.1ms
[2026-03-27T14:07:31.462+0900][35.594s][info][gc,phases   ] GC(468)   Other: 0.3ms
[2026-03-27T14:07:31.462+0900][35.594s][info][gc,heap     ] GC(468) Eden regions: 1->0(220)
[2026-03-27T14:07:31.462+0900][35.594s][info][gc,heap     ] GC(468) Survivor regions: 1->1(28)
[2026-03-27T14:07:31.462+0900][35.594s][info][gc,heap     ] GC(468) Old regions: 1->1
[2026-03-27T14:07:31.462+0900][35.594s][info][gc,heap     ] GC(468) Archive regions: 0->0
[2026-03-27T14:07:31.462+0900][35.594s][info][gc,heap     ] GC(468) Humongous regions: 227->226
[2026-03-27T14:07:31.462+0900][35.594s][info][gc,metaspace] GC(468) Metaspace: 166K(384K)->166K(384K) NonClass: 157K(256K)->157K(256K) Class: 9K(128K)->9K(128K)
[2026-03-27T14:07:31.462+0900][35.594s][info][gc          ] GC(468) Pause Young (Concurrent Start) (G1 Humongous Allocation) 228M->226M(499M) 3.200ms
[2026-03-27T14:07:31.462+0900][35.594s][info][gc,cpu      ] GC(468) User=0.00s Sys=0.00s Real=0.00s
[2026-03-27T14:07:31.462+0900][35.595s][info][gc          ] GC(469) Concurrent Mark Cycle
[2026-03-27T14:07:31.462+0900][35.595s][info][gc,marking  ] GC(469) Concurrent Clear Claimed Marks
[2026-03-27T14:07:31.462+0900][35.595s][info][gc,marking  ] GC(469) Concurrent Clear Claimed Marks 0.041ms
[2026-03-27T14:07:31.462+0900][35.595s][info][gc,marking  ] GC(469) Concurrent Scan Root Regions
[2026-03-27T14:07:31.462+0900][35.595s][info][gc,marking  ] GC(469) Concurrent Scan Root Regions 0.199ms
[2026-03-27T14:07:31.462+0900][35.595s][info][gc,marking  ] GC(469) Concurrent Mark
[2026-03-27T14:07:31.462+0900][35.595s][info][gc,marking  ] GC(469) Concurrent Mark From Roots
[2026-03-27T14:07:31.462+0900][35.595s][info][gc,task     ] GC(469) Using 2 workers of 2 for marking
[2026-03-27T14:07:31.462+0900][35.597s][info][gc,marking  ] GC(469) Concurrent Mark From Roots 2.024ms
[2026-03-27T14:07:31.462+0900][35.597s][info][gc,marking  ] GC(469) Concurrent Preclean
[2026-03-27T14:07:31.462+0900][35.597s][info][gc,marking  ] GC(469) Concurrent Preclean 0.044ms
[2026-03-27T14:07:31.462+0900][35.598s][info][gc,start    ] GC(469) Pause Remark
[2026-03-27T14:07:31.462+0900][35.599s][info][gc          ] GC(469) Pause Remark 227M->227M(499M) 1.378ms
[2026-03-27T14:07:31.462+0900][35.599s][info][gc,cpu      ] GC(469) User=0.00s Sys=0.00s Real=0.00s
[2026-03-27T14:07:31.462+0900][35.599s][info][gc,marking  ] GC(469) Concurrent Mark 4.259ms
[2026-03-27T14:07:31.462+0900][35.599s][info][gc,marking  ] GC(469) Concurrent Rebuild Remembered Sets
[2026-03-27T14:07:31.462+0900][35.601s][info][gc,marking  ] GC(469) Concurrent Rebuild Remembered Sets 1.137ms
[2026-03-27T14:07:31.462+0900][35.601s][info][gc,start    ] GC(469) Pause Cleanup
[2026-03-27T14:07:31.462+0900][35.601s][info][gc          ] GC(469) Pause Cleanup 227M->227M(499M) 0.402ms
[2026-03-27T14:07:31.462+0900][35.602s][info][gc,cpu      ] GC(469) User=0.00s Sys=0.00s Real=0.00s
[2026-03-27T14:07:31.462+0900][35.602s][info][gc,marking  ] GC(469) Concurrent Cleanup for Next Mark
[2026-03-27T14:07:31.462+0900][35.602s][info][gc,marking  ] GC(469) Concurrent Cleanup for Next Mark 0.760ms
[2026-03-27T14:07:31.462+0900][35.603s][info][gc          ] GC(469) Concurrent Mark Cycle 8.040ms
[2026-03-27T14:07:31.525+0900][35.656s][info][gc,start    ] GC(470) Pause Young (Concurrent Start) (G1 Humongous Allocation)
[2026-03-27T14:07:31.525+0900][35.656s][info][gc,task     ] GC(470) Using 8 workers of 8 for evacuation
[2026-03-27T14:07:31.525+0900][35.658s][info][gc,phases   ] GC(470)   Pre Evacuate Collection Set: 0.3ms
[2026-03-27T14:07:31.525+0900][35.658s][info][gc,phases   ] GC(470)   Merge Heap Roots: 0.3ms
[2026-03-27T14:07:31.525+0900][35.658s][info][gc,phases   ] GC(470)   Evacuate Collection Set: 0.5ms
[2026-03-27T14:07:31.525+0900][35.658s][info][gc,phases   ] GC(470)   Post Evacuate Collection Set: 0.9ms
[2026-03-27T14:07:31.525+0900][35.659s][info][gc,phases   ] GC(470)   Other: 0.3ms
[2026-03-27T14:07:31.525+0900][35.659s][info][gc,heap     ] GC(470) Eden regions: 1->0(220)
[2026-03-27T14:07:31.525+0900][35.659s][info][gc,heap     ] GC(470) Survivor regions: 1->1(28)
[2026-03-27T14:07:31.525+0900][35.659s][info][gc,heap     ] GC(470) Old regions: 1->1
[2026-03-27T14:07:31.525+0900][35.659s][info][gc,heap     ] GC(470) Archive regions: 0->0
[2026-03-27T14:07:31.525+0900][35.659s][info][gc,heap     ] GC(470) Humongous regions: 227->226
[2026-03-27T14:07:31.525+0900][35.659s][info][gc,metaspace] GC(470) Metaspace: 166K(384K)->166K(384K) NonClass: 157K(256K)->157K(256K) Class: 9K(128K)->9K(128K)
[2026-03-27T14:07:31.525+0900][35.659s][info][gc          ] GC(470) Pause Young (Concurrent Start) (G1 Humongous Allocation) 228M->226M(499M) 3.016ms
[2026-03-27T14:07:31.525+0900][35.659s][info][gc,cpu      ] GC(470) User=0.00s Sys=0.00s Real=0.00s
[2026-03-27T14:07:31.525+0900][35.659s][info][gc          ] GC(471) Concurrent Mark Cycle
[2026-03-27T14:07:31.525+0900][35.659s][info][gc,marking  ] GC(471) Concurrent Clear Claimed Marks
[2026-03-27T14:07:31.525+0900][35.659s][info][gc,marking  ] GC(471) Concurrent Clear Claimed Marks 0.043ms
[2026-03-27T14:07:31.525+0900][35.659s][info][gc,marking  ] GC(471) Concurrent Scan Root Regions
[2026-03-27T14:07:31.525+0900][35.659s][info][gc,marking  ] GC(471) Concurrent Scan Root Regions 0.176ms
[2026-03-27T14:07:31.525+0900][35.659s][info][gc,marking  ] GC(471) Concurrent Mark
[2026-03-27T14:07:31.525+0900][35.659s][info][gc,marking  ] GC(471) Concurrent Mark From Roots
[2026-03-27T14:07:31.525+0900][35.660s][info][gc,task     ] GC(471) Using 2 workers of 2 for marking
[2026-03-27T14:07:31.525+0900][35.661s][info][gc,marking  ] GC(471) Concurrent Mark From Roots 1.998ms
[2026-03-27T14:07:31.525+0900][35.662s][info][gc,marking  ] GC(471) Concurrent Preclean
[2026-03-27T14:07:31.525+0900][35.662s][info][gc,marking  ] GC(471) Concurrent Preclean 0.045ms
[2026-03-27T14:07:31.525+0900][35.662s][info][gc,start    ] GC(471) Pause Remark
[2026-03-27T14:07:31.525+0900][35.663s][info][gc          ] GC(471) Pause Remark 227M->227M(499M) 1.387ms
[2026-03-27T14:07:31.525+0900][35.664s][info][gc,cpu      ] GC(471) User=0.00s Sys=0.00s Real=0.00s
[2026-03-27T14:07:31.525+0900][35.664s][info][gc,marking  ] GC(471) Concurrent Mark 4.301ms
[2026-03-27T14:07:31.525+0900][35.664s][info][gc,marking  ] GC(471) Concurrent Rebuild Remembered Sets
[2026-03-27T14:07:31.525+0900][35.665s][info][gc,marking  ] GC(471) Concurrent Rebuild Remembered Sets 1.113ms
[2026-03-27T14:07:31.525+0900][35.665s][info][gc,start    ] GC(471) Pause Cleanup
[2026-03-27T14:07:31.525+0900][35.666s][info][gc          ] GC(471) Pause Cleanup 227M->227M(499M) 0.322ms
[2026-03-27T14:07:31.525+0900][35.666s][info][gc,cpu      ] GC(471) User=0.00s Sys=0.00s Real=0.00s
[2026-03-27T14:07:31.525+0900][35.666s][info][gc,marking  ] GC(471) Concurrent Cleanup for Next Mark
[2026-03-27T14:07:31.525+0900][35.667s][info][gc,marking  ] GC(471) Concurrent Cleanup for Next Mark 0.692ms
[2026-03-27T14:07:31.525+0900][35.667s][info][gc          ] GC(471) Concurrent Mark Cycle 7.747ms
[2026-03-27T14:07:31.589+0900][35.720s][info][gc,start    ] GC(472) Pause Young (Concurrent Start) (G1 Humongous Allocation)
[2026-03-27T14:07:31.589+0900][35.720s][info][gc,task     ] GC(472) Using 8 workers of 8 for evacuation
[2026-03-27T14:07:31.589+0900][35.722s][info][gc,phases   ] GC(472)   Pre Evacuate Collection Set: 0.3ms
[2026-03-27T14:07:31.589+0900][35.722s][info][gc,phases   ] GC(472)   Merge Heap Roots: 0.3ms
[2026-03-27T14:07:31.589+0900][35.722s][info][gc,phases   ] GC(472)   Evacuate Collection Set: 0.3ms
[2026-03-27T14:07:31.589+0900][35.722s][info][gc,phases   ] GC(472)   Post Evacuate Collection Set: 0.9ms
[2026-03-27T14:07:31.589+0900][35.722s][info][gc,phases   ] GC(472)   Other: 0.2ms
[2026-03-27T14:07:31.589+0900][35.722s][info][gc,heap     ] GC(472) Eden regions: 1->0(220)
[2026-03-27T14:07:31.589+0900][35.722s][info][gc,heap     ] GC(472) Survivor regions: 1->1(28)
[2026-03-27T14:07:31.589+0900][35.722s][info][gc,heap     ] GC(472) Old regions: 1->1
[2026-03-27T14:07:31.589+0900][35.722s][info][gc,heap     ] GC(472) Archive regions: 0->0
[2026-03-27T14:07:31.589+0900][35.722s][info][gc,heap     ] GC(472) Humongous regions: 227->226
[2026-03-27T14:07:31.589+0900][35.722s][info][gc,metaspace] GC(472) Metaspace: 166K(384K)->166K(384K) NonClass: 157K(256K)->157K(256K) Class: 9K(128K)->9K(128K)
[2026-03-27T14:07:31.589+0900][35.722s][info][gc          ] GC(472) Pause Young (Concurrent Start) (G1 Humongous Allocation) 228M->226M(499M) 2.751ms
[2026-03-27T14:07:31.589+0900][35.722s][info][gc,cpu      ] GC(472) User=0.00s Sys=0.00s Real=0.00s
[2026-03-27T14:07:31.589+0900][35.723s][info][gc          ] GC(473) Concurrent Mark Cycle
[2026-03-27T14:07:31.589+0900][35.723s][info][gc,marking  ] GC(473) Concurrent Clear Claimed Marks
[2026-03-27T14:07:31.589+0900][35.723s][info][gc,marking  ] GC(473) Concurrent Clear Claimed Marks 0.057ms
[2026-03-27T14:07:31.589+0900][35.723s][info][gc,marking  ] GC(473) Concurrent Scan Root Regions
[2026-03-27T14:07:31.589+0900][35.723s][info][gc,marking  ] GC(473) Concurrent Scan Root Regions 0.207ms
[2026-03-27T14:07:31.589+0900][35.723s][info][gc,marking  ] GC(473) Concurrent Mark
[2026-03-27T14:07:31.589+0900][35.723s][info][gc,marking  ] GC(473) Concurrent Mark From Roots
[2026-03-27T14:07:31.589+0900][35.723s][info][gc,task     ] GC(473) Using 2 workers of 2 for marking
[2026-03-27T14:07:31.589+0900][35.725s][info][gc,marking  ] GC(473) Concurrent Mark From Roots 2.016ms
[2026-03-27T14:07:31.589+0900][35.725s][info][gc,marking  ] GC(473) Concurrent Preclean
[2026-03-27T14:07:31.589+0900][35.725s][info][gc,marking  ] GC(473) Concurrent Preclean 0.045ms
[2026-03-27T14:07:31.589+0900][35.726s][info][gc,start    ] GC(473) Pause Remark
[2026-03-27T14:07:31.589+0900][35.727s][info][gc          ] GC(473) Pause Remark 229M->229M(499M) 1.425ms
[2026-03-27T14:07:31.589+0900][35.727s][info][gc,cpu      ] GC(473) User=0.00s Sys=0.00s Real=0.00s
[2026-03-27T14:07:31.589+0900][35.727s][info][gc,marking  ] GC(473) Concurrent Mark 4.383ms
[2026-03-27T14:07:31.589+0900][35.728s][info][gc,marking  ] GC(473) Concurrent Rebuild Remembered Sets
[2026-03-27T14:07:31.589+0900][35.729s][info][gc,marking  ] GC(473) Concurrent Rebuild Remembered Sets 0.995ms
[2026-03-27T14:07:31.589+0900][35.729s][info][gc,start    ] GC(473) Pause Cleanup
[2026-03-27T14:07:31.589+0900][35.729s][info][gc          ] GC(473) Pause Cleanup 229M->229M(499M) 0.401ms
[2026-03-27T14:07:31.589+0900][35.729s][info][gc,cpu      ] GC(473) User=0.00s Sys=0.00s Real=0.00s
[2026-03-27T14:07:31.589+0900][35.730s][info][gc,marking  ] GC(473) Concurrent Cleanup for Next Mark
[2026-03-27T14:07:31.589+0900][35.730s][info][gc,marking  ] GC(473) Concurrent Cleanup for Next Mark 0.619ms
[2026-03-27T14:07:31.589+0900][35.730s][info][gc          ] GC(473) Concurrent Mark Cycle 7.767ms
[2026-03-27T14:07:31.653+0900][35.783s][info][gc,start    ] GC(474) Pause Young (Concurrent Start) (G1 Humongous Allocation)
[2026-03-27T14:07:31.653+0900][35.784s][info][gc,task     ] GC(474) Using 8 workers of 8 for evacuation
[2026-03-27T14:07:31.653+0900][35.786s][info][gc,phases   ] GC(474)   Pre Evacuate Collection Set: 0.2ms
[2026-03-27T14:07:31.653+0900][35.786s][info][gc,phases   ] GC(474)   Merge Heap Roots: 0.3ms
[2026-03-27T14:07:31.653+0900][35.786s][info][gc,phases   ] GC(474)   Evacuate Collection Set: 0.4ms
[2026-03-27T14:07:31.653+0900][35.786s][info][gc,phases   ] GC(474)   Post Evacuate Collection Set: 1.0ms
[2026-03-27T14:07:31.653+0900][35.786s][info][gc,phases   ] GC(474)   Other: 0.4ms
[2026-03-27T14:07:31.653+0900][35.786s][info][gc,heap     ] GC(474) Eden regions: 1->0(218)
[2026-03-27T14:07:31.653+0900][35.786s][info][gc,heap     ] GC(474) Survivor regions: 1->1(28)
[2026-03-27T14:07:31.653+0900][35.786s][info][gc,heap     ] GC(474) Old regions: 1->1
[2026-03-27T14:07:31.653+0900][35.786s][info][gc,heap     ] GC(474) Archive regions: 0->0
[2026-03-27T14:07:31.653+0900][35.786s][info][gc,heap     ] GC(474) Humongous regions: 229->228
[2026-03-27T14:07:31.653+0900][35.786s][info][gc,metaspace] GC(474) Metaspace: 166K(384K)->166K(384K) NonClass: 157K(256K)->157K(256K) Class: 9K(128K)->9K(128K)
[2026-03-27T14:07:31.653+0900][35.787s][info][gc          ] GC(474) Pause Young (Concurrent Start) (G1 Humongous Allocation) 230M->228M(499M) 3.105ms
[2026-03-27T14:07:31.653+0900][35.787s][info][gc,cpu      ] GC(474) User=0.00s Sys=0.00s Real=0.00s
[2026-03-27T14:07:31.653+0900][35.787s][info][gc          ] GC(475) Concurrent Mark Cycle
[2026-03-27T14:07:31.653+0900][35.787s][info][gc,marking  ] GC(475) Concurrent Clear Claimed Marks
[2026-03-27T14:07:31.653+0900][35.787s][info][gc,marking  ] GC(475) Concurrent Clear Claimed Marks 0.041ms
[2026-03-27T14:07:31.653+0900][35.787s][info][gc,marking  ] GC(475) Concurrent Scan Root Regions
[2026-03-27T14:07:31.653+0900][35.787s][info][gc,marking  ] GC(475) Concurrent Scan Root Regions 0.181ms
[2026-03-27T14:07:31.653+0900][35.787s][info][gc,marking  ] GC(475) Concurrent Mark
[2026-03-27T14:07:31.653+0900][35.787s][info][gc,marking  ] GC(475) Concurrent Mark From Roots
[2026-03-27T14:07:31.653+0900][35.787s][info][gc,task     ] GC(475) Using 2 workers of 2 for marking
[2026-03-27T14:07:31.653+0900][35.789s][info][gc,marking  ] GC(475) Concurrent Mark From Roots 2.010ms
[2026-03-27T14:07:31.653+0900][35.789s][info][gc,marking  ] GC(475) Concurrent Preclean
[2026-03-27T14:07:31.653+0900][35.789s][info][gc,marking  ] GC(475) Concurrent Preclean 0.042ms
[2026-03-27T14:07:31.653+0900][35.790s][info][gc,start    ] GC(475) Pause Remark
[2026-03-27T14:07:31.653+0900][35.791s][info][gc          ] GC(475) Pause Remark 229M->229M(499M) 1.438ms
[2026-03-27T14:07:31.653+0900][35.791s][info][gc,cpu      ] GC(475) User=0.02s Sys=0.03s Real=0.00s
[2026-03-27T14:07:31.653+0900][35.792s][info][gc,marking  ] GC(475) Concurrent Mark 4.381ms
[2026-03-27T14:07:31.653+0900][35.792s][info][gc,marking  ] GC(475) Concurrent Rebuild Remembered Sets
[2026-03-27T14:07:31.653+0900][35.793s][info][gc,marking  ] GC(475) Concurrent Rebuild Remembered Sets 1.060ms
[2026-03-27T14:07:31.653+0900][35.793s][info][gc,start    ] GC(475) Pause Cleanup
[2026-03-27T14:07:31.653+0900][35.794s][info][gc          ] GC(475) Pause Cleanup 229M->229M(499M) 0.355ms
[2026-03-27T14:07:31.653+0900][35.794s][info][gc,cpu      ] GC(475) User=0.00s Sys=0.00s Real=0.00s
[2026-03-27T14:07:31.653+0900][35.794s][info][gc,marking  ] GC(475) Concurrent Cleanup for Next Mark
[2026-03-27T14:07:31.653+0900][35.794s][info][gc,marking  ] GC(475) Concurrent Cleanup for Next Mark 0.688ms
[2026-03-27T14:07:31.653+0900][35.795s][info][gc          ] GC(475) Concurrent Mark Cycle 7.871ms
[2026-03-27T14:07:31.717+0900][35.848s][info][gc,start    ] GC(476) Pause Young (Concurrent Start) (G1 Humongous Allocation)
[2026-03-27T14:07:31.717+0900][35.848s][info][gc,task     ] GC(476) Using 8 workers of 8 for evacuation
[2026-03-27T14:07:31.717+0900][35.850s][info][gc,phases   ] GC(476)   Pre Evacuate Collection Set: 0.3ms
[2026-03-27T14:07:31.717+0900][35.850s][info][gc,phases   ] GC(476)   Merge Heap Roots: 0.3ms
[2026-03-27T14:07:31.717+0900][35.850s][info][gc,phases   ] GC(476)   Evacuate Collection Set: 0.3ms
[2026-03-27T14:07:31.717+0900][35.850s][info][gc,phases   ] GC(476)   Post Evacuate Collection Set: 1.1ms
[2026-03-27T14:07:31.717+0900][35.850s][info][gc,phases   ] GC(476)   Other: 0.2ms
[2026-03-27T14:07:31.717+0900][35.850s][info][gc,heap     ] GC(476) Eden regions: 1->0(219)
[2026-03-27T14:07:31.717+0900][35.850s][info][gc,heap     ] GC(476) Survivor regions: 1->1(28)
[2026-03-27T14:07:31.717+0900][35.850s][info][gc,heap     ] GC(476) Old regions: 1->1
[2026-03-27T14:07:31.717+0900][35.850s][info][gc,heap     ] GC(476) Archive regions: 0->0
[2026-03-27T14:07:31.717+0900][35.850s][info][gc,heap     ] GC(476) Humongous regions: 229->228
[2026-03-27T14:07:31.717+0900][35.850s][info][gc,metaspace] GC(476) Metaspace: 166K(384K)->166K(384K) NonClass: 157K(256K)->157K(256K) Class: 9K(128K)->9K(128K)
[2026-03-27T14:07:31.717+0900][35.851s][info][gc          ] GC(476) Pause Young (Concurrent Start) (G1 Humongous Allocation) 230M->228M(501M) 2.953ms
[2026-03-27T14:07:31.717+0900][35.851s][info][gc,cpu      ] GC(476) User=0.00s Sys=0.00s Real=0.00s
[2026-03-27T14:07:31.717+0900][35.851s][info][gc          ] GC(477) Concurrent Mark Cycle
[2026-03-27T14:07:31.717+0900][35.851s][info][gc,marking  ] GC(477) Concurrent Clear Claimed Marks
[2026-03-27T14:07:31.717+0900][35.851s][info][gc,marking  ] GC(477) Concurrent Clear Claimed Marks 0.041ms
[2026-03-27T14:07:31.717+0900][35.851s][info][gc,marking  ] GC(477) Concurrent Scan Root Regions
[2026-03-27T14:07:31.717+0900][35.851s][info][gc,marking  ] GC(477) Concurrent Scan Root Regions 0.168ms
[2026-03-27T14:07:31.717+0900][35.851s][info][gc,marking  ] GC(477) Concurrent Mark
[2026-03-27T14:07:31.717+0900][35.851s][info][gc,marking  ] GC(477) Concurrent Mark From Roots
[2026-03-27T14:07:31.717+0900][35.851s][info][gc,task     ] GC(477) Using 2 workers of 2 for marking
[2026-03-27T14:07:31.717+0900][35.853s][info][gc,marking  ] GC(477) Concurrent Mark From Roots 1.923ms
[2026-03-27T14:07:31.717+0900][35.853s][info][gc,marking  ] GC(477) Concurrent Preclean
[2026-03-27T14:07:31.717+0900][35.853s][info][gc,marking  ] GC(477) Concurrent Preclean 0.045ms
[2026-03-27T14:07:31.717+0900][35.854s][info][gc,start    ] GC(477) Pause Remark
[2026-03-27T14:07:31.717+0900][35.855s][info][gc          ] GC(477) Pause Remark 229M->229M(501M) 1.163ms
[2026-03-27T14:07:31.717+0900][35.855s][info][gc,cpu      ] GC(477) User=0.00s Sys=0.00s Real=0.00s
[2026-03-27T14:07:31.717+0900][35.855s][info][gc,marking  ] GC(477) Concurrent Mark 3.823ms
[2026-03-27T14:07:31.717+0900][35.855s][info][gc,marking  ] GC(477) Concurrent Rebuild Remembered Sets
[2026-03-27T14:07:31.717+0900][35.856s][info][gc,marking  ] GC(477) Concurrent Rebuild Remembered Sets 1.039ms
[2026-03-27T14:07:31.717+0900][35.856s][info][gc,start    ] GC(477) Pause Cleanup
[2026-03-27T14:07:31.717+0900][35.857s][info][gc          ] GC(477) Pause Cleanup 229M->229M(501M) 0.192ms
[2026-03-27T14:07:31.717+0900][35.857s][info][gc,cpu      ] GC(477) User=0.00s Sys=0.00s Real=0.00s
[2026-03-27T14:07:31.717+0900][35.857s][info][gc,marking  ] GC(477) Concurrent Cleanup for Next Mark
[2026-03-27T14:07:31.717+0900][35.857s][info][gc,marking  ] GC(477) Concurrent Cleanup for Next Mark 0.423ms
[2026-03-27T14:07:31.717+0900][35.857s][info][gc          ] GC(477) Concurrent Mark Cycle 6.653ms
[2026-03-27T14:07:31.781+0900][35.912s][info][gc,start    ] GC(478) Pause Young (Concurrent Start) (G1 Humongous Allocation)
[2026-03-27T14:07:31.781+0900][35.912s][info][gc,task     ] GC(478) Using 8 workers of 8 for evacuation
[2026-03-27T14:07:31.781+0900][35.913s][info][gc,phases   ] GC(478)   Pre Evacuate Collection Set: 0.1ms
[2026-03-27T14:07:31.781+0900][35.913s][info][gc,phases   ] GC(478)   Merge Heap Roots: 0.1ms
[2026-03-27T14:07:31.781+0900][35.913s][info][gc,phases   ] GC(478)   Evacuate Collection Set: 0.1ms
[2026-03-27T14:07:31.781+0900][35.913s][info][gc,phases   ] GC(478)   Post Evacuate Collection Set: 0.7ms
[2026-03-27T14:07:31.781+0900][35.913s][info][gc,phases   ] GC(478)   Other: 0.1ms
[2026-03-27T14:07:31.781+0900][35.913s][info][gc,heap     ] GC(478) Eden regions: 1->0(219)
[2026-03-27T14:07:31.781+0900][35.913s][info][gc,heap     ] GC(478) Survivor regions: 1->1(28)
[2026-03-27T14:07:31.781+0900][35.913s][info][gc,heap     ] GC(478) Old regions: 1->1
[2026-03-27T14:07:31.781+0900][35.913s][info][gc,heap     ] GC(478) Archive regions: 0->0
[2026-03-27T14:07:31.781+0900][35.913s][info][gc,heap     ] GC(478) Humongous regions: 229->228
[2026-03-27T14:07:31.781+0900][35.913s][info][gc,metaspace] GC(478) Metaspace: 166K(384K)->166K(384K) NonClass: 157K(256K)->157K(256K) Class: 9K(128K)->9K(128K)
[2026-03-27T14:07:31.781+0900][35.913s][info][gc          ] GC(478) Pause Young (Concurrent Start) (G1 Humongous Allocation) 230M->228M(501M) 1.619ms
[2026-03-27T14:07:31.781+0900][35.913s][info][gc,cpu      ] GC(478) User=0.00s Sys=0.00s Real=0.00s
[2026-03-27T14:07:31.781+0900][35.913s][info][gc          ] GC(479) Concurrent Mark Cycle
[2026-03-27T14:07:31.781+0900][35.913s][info][gc,marking  ] GC(479) Concurrent Clear Claimed Marks
[2026-03-27T14:07:31.781+0900][35.913s][info][gc,marking  ] GC(479) Concurrent Clear Claimed Marks 0.024ms
[2026-03-27T14:07:31.781+0900][35.913s][info][gc,marking  ] GC(479) Concurrent Scan Root Regions
[2026-03-27T14:07:31.781+0900][35.913s][info][gc,marking  ] GC(479) Concurrent Scan Root Regions 0.050ms
[2026-03-27T14:07:31.781+0900][35.913s][info][gc,marking  ] GC(479) Concurrent Mark
[2026-03-27T14:07:31.781+0900][35.913s][info][gc,marking  ] GC(479) Concurrent Mark From Roots
[2026-03-27T14:07:31.781+0900][35.913s][info][gc,task     ] GC(479) Using 2 workers of 2 for marking
[2026-03-27T14:07:31.781+0900][35.914s][info][gc,marking  ] GC(479) Concurrent Mark From Roots 1.009ms
[2026-03-27T14:07:31.781+0900][35.914s][info][gc,marking  ] GC(479) Concurrent Preclean
[2026-03-27T14:07:31.781+0900][35.915s][info][gc,marking  ] GC(479) Concurrent Preclean 0.020ms
[2026-03-27T14:07:31.781+0900][35.915s][info][gc,start    ] GC(479) Pause Remark
[2026-03-27T14:07:31.781+0900][35.916s][info][gc          ] GC(479) Pause Remark 229M->229M(501M) 0.714ms
[2026-03-27T14:07:31.781+0900][35.916s][info][gc,cpu      ] GC(479) User=0.00s Sys=0.00s Real=0.00s
[2026-03-27T14:07:31.781+0900][35.916s][info][gc,marking  ] GC(479) Concurrent Mark 2.197ms
[2026-03-27T14:07:31.781+0900][35.916s][info][gc,marking  ] GC(479) Concurrent Rebuild Remembered Sets
[2026-03-27T14:07:31.781+0900][35.916s][info][gc,marking  ] GC(479) Concurrent Rebuild Remembered Sets 0.563ms
[2026-03-27T14:07:31.781+0900][35.917s][info][gc,start    ] GC(479) Pause Cleanup
[2026-03-27T14:07:31.781+0900][35.917s][info][gc          ] GC(479) Pause Cleanup 229M->229M(501M) 0.179ms
[2026-03-27T14:07:31.781+0900][35.917s][info][gc,cpu      ] GC(479) User=0.00s Sys=0.00s Real=0.00s
[2026-03-27T14:07:31.781+0900][35.917s][info][gc,marking  ] GC(479) Concurrent Cleanup for Next Mark
[2026-03-27T14:07:31.781+0900][35.917s][info][gc,marking  ] GC(479) Concurrent Cleanup for Next Mark 0.562ms
[2026-03-27T14:07:31.781+0900][35.917s][info][gc          ] GC(479) Concurrent Mark Cycle 4.227ms
[2026-03-27T14:07:31.846+0900][35.976s][info][gc,start    ] GC(480) Pause Young (Concurrent Start) (G1 Humongous Allocation)
[2026-03-27T14:07:31.846+0900][35.976s][info][gc,task     ] GC(480) Using 8 workers of 8 for evacuation
[2026-03-27T14:07:31.846+0900][35.978s][info][gc,phases   ] GC(480)   Pre Evacuate Collection Set: 0.2ms
[2026-03-27T14:07:31.846+0900][35.979s][info][gc,phases   ] GC(480)   Merge Heap Roots: 0.3ms
[2026-03-27T14:07:31.846+0900][35.979s][info][gc,phases   ] GC(480)   Evacuate Collection Set: 0.3ms
[2026-03-27T14:07:31.846+0900][35.979s][info][gc,phases   ] GC(480)   Post Evacuate Collection Set: 0.9ms
[2026-03-27T14:07:31.846+0900][35.979s][info][gc,phases   ] GC(480)   Other: 0.2ms
[2026-03-27T14:07:31.846+0900][35.979s][info][gc,heap     ] GC(480) Eden regions: 1->0(219)
[2026-03-27T14:07:31.846+0900][35.979s][info][gc,heap     ] GC(480) Survivor regions: 1->1(28)
[2026-03-27T14:07:31.846+0900][35.979s][info][gc,heap     ] GC(480) Old regions: 1->1
[2026-03-27T14:07:31.846+0900][35.979s][info][gc,heap     ] GC(480) Archive regions: 0->0
[2026-03-27T14:07:31.846+0900][35.979s][info][gc,heap     ] GC(480) Humongous regions: 229->228
[2026-03-27T14:07:31.846+0900][35.979s][info][gc,metaspace] GC(480) Metaspace: 166K(384K)->166K(384K) NonClass: 157K(256K)->157K(256K) Class: 9K(128K)->9K(128K)
[2026-03-27T14:07:31.846+0900][35.979s][info][gc          ] GC(480) Pause Young (Concurrent Start) (G1 Humongous Allocation) 230M->228M(501M) 2.755ms
[2026-03-27T14:07:31.846+0900][35.979s][info][gc,cpu      ] GC(480) User=0.00s Sys=0.02s Real=0.00s
[2026-03-27T14:07:31.846+0900][35.979s][info][gc          ] GC(481) Concurrent Mark Cycle
[2026-03-27T14:07:31.846+0900][35.979s][info][gc,marking  ] GC(481) Concurrent Clear Claimed Marks
[2026-03-27T14:07:31.846+0900][35.979s][info][gc,marking  ] GC(481) Concurrent Clear Claimed Marks 0.045ms
[2026-03-27T14:07:31.846+0900][35.979s][info][gc,marking  ] GC(481) Concurrent Scan Root Regions
[2026-03-27T14:07:31.846+0900][35.980s][info][gc,marking  ] GC(481) Concurrent Scan Root Regions 0.253ms
[2026-03-27T14:07:31.846+0900][35.980s][info][gc,marking  ] GC(481) Concurrent Mark
[2026-03-27T14:07:31.846+0900][35.980s][info][gc,marking  ] GC(481) Concurrent Mark From Roots
[2026-03-27T14:07:31.846+0900][35.980s][info][gc,task     ] GC(481) Using 2 workers of 2 for marking
[2026-03-27T14:07:31.846+0900][35.982s][info][gc,marking  ] GC(481) Concurrent Mark From Roots 2.047ms
[2026-03-27T14:07:31.846+0900][35.982s][info][gc,marking  ] GC(481) Concurrent Preclean
[2026-03-27T14:07:31.846+0900][35.982s][info][gc,marking  ] GC(481) Concurrent Preclean 0.042ms
[2026-03-27T14:07:31.846+0900][35.982s][info][gc,start    ] GC(481) Pause Remark
[2026-03-27T14:07:31.846+0900][35.983s][info][gc          ] GC(481) Pause Remark 229M->229M(501M) 1.066ms
[2026-03-27T14:07:31.846+0900][35.983s][info][gc,cpu      ] GC(481) User=0.00s Sys=0.00s Real=0.00s
[2026-03-27T14:07:31.846+0900][35.984s][info][gc,marking  ] GC(481) Concurrent Mark 3.771ms
[2026-03-27T14:07:31.846+0900][35.984s][info][gc,marking  ] GC(481) Concurrent Rebuild Remembered Sets
[2026-03-27T14:07:31.854+0900][35.984s][info][gc,marking  ] GC(481) Concurrent Rebuild Remembered Sets 0.833ms
[2026-03-27T14:07:31.854+0900][35.985s][info][gc,start    ] GC(481) Pause Cleanup
[2026-03-27T14:07:31.854+0900][35.985s][info][gc          ] GC(481) Pause Cleanup 229M->229M(501M) 0.287ms
[2026-03-27T14:07:31.854+0900][35.985s][info][gc,cpu      ] GC(481) User=0.00s Sys=0.00s Real=0.00s
[2026-03-27T14:07:31.854+0900][35.985s][info][gc,marking  ] GC(481) Concurrent Cleanup for Next Mark
[2026-03-27T14:07:31.854+0900][35.986s][info][gc,marking  ] GC(481) Concurrent Cleanup for Next Mark 0.415ms
[2026-03-27T14:07:31.854+0900][35.986s][info][gc          ] GC(481) Concurrent Mark Cycle 6.578ms
[2026-03-27T14:07:31.909+0900][36.040s][info][gc,start    ] GC(482) Pause Young (Concurrent Start) (G1 Humongous Allocation)
[2026-03-27T14:07:31.909+0900][36.040s][info][gc,task     ] GC(482) Using 8 workers of 8 for evacuation
[2026-03-27T14:07:31.909+0900][36.042s][info][gc,phases   ] GC(482)   Pre Evacuate Collection Set: 0.3ms
[2026-03-27T14:07:31.909+0900][36.043s][info][gc,phases   ] GC(482)   Merge Heap Roots: 0.3ms
[2026-03-27T14:07:31.909+0900][36.043s][info][gc,phases   ] GC(482)   Evacuate Collection Set: 0.5ms
[2026-03-27T14:07:31.909+0900][36.043s][info][gc,phases   ] GC(482)   Post Evacuate Collection Set: 1.0ms
[2026-03-27T14:07:31.909+0900][36.043s][info][gc,phases   ] GC(482)   Other: 0.3ms
[2026-03-27T14:07:31.909+0900][36.043s][info][gc,heap     ] GC(482) Eden regions: 1->0(219)
[2026-03-27T14:07:31.909+0900][36.043s][info][gc,heap     ] GC(482) Survivor regions: 1->1(28)
[2026-03-27T14:07:31.909+0900][36.043s][info][gc,heap     ] GC(482) Old regions: 1->1
[2026-03-27T14:07:31.909+0900][36.043s][info][gc,heap     ] GC(482) Archive regions: 0->0
[2026-03-27T14:07:31.909+0900][36.043s][info][gc,heap     ] GC(482) Humongous regions: 229->228
[2026-03-27T14:07:31.909+0900][36.043s][info][gc,metaspace] GC(482) Metaspace: 166K(384K)->166K(384K) NonClass: 157K(256K)->157K(256K) Class: 9K(128K)->9K(128K)
[2026-03-27T14:07:31.909+0900][36.043s][info][gc          ] GC(482) Pause Young (Concurrent Start) (G1 Humongous Allocation) 230M->228M(501M) 3.208ms
[2026-03-27T14:07:31.909+0900][36.043s][info][gc,cpu      ] GC(482) User=0.00s Sys=0.02s Real=0.00s
[2026-03-27T14:07:31.909+0900][36.043s][info][gc          ] GC(483) Concurrent Mark Cycle
[2026-03-27T14:07:31.909+0900][36.043s][info][gc,marking  ] GC(483) Concurrent Clear Claimed Marks
[2026-03-27T14:07:31.909+0900][36.043s][info][gc,marking  ] GC(483) Concurrent Clear Claimed Marks 0.042ms
[2026-03-27T14:07:31.909+0900][36.043s][info][gc,marking  ] GC(483) Concurrent Scan Root Regions
[2026-03-27T14:07:31.909+0900][36.044s][info][gc,marking  ] GC(483) Concurrent Scan Root Regions 0.238ms
[2026-03-27T14:07:31.909+0900][36.044s][info][gc,marking  ] GC(483) Concurrent Mark
[2026-03-27T14:07:31.909+0900][36.044s][info][gc,marking  ] GC(483) Concurrent Mark From Roots
[2026-03-27T14:07:31.909+0900][36.044s][info][gc,task     ] GC(483) Using 2 workers of 2 for marking
[2026-03-27T14:07:31.909+0900][36.046s][info][gc,marking  ] GC(483) Concurrent Mark From Roots 2.017ms
[2026-03-27T14:07:31.909+0900][36.046s][info][gc,marking  ] GC(483) Concurrent Preclean
[2026-03-27T14:07:31.909+0900][36.046s][info][gc,marking  ] GC(483) Concurrent Preclean 0.045ms
[2026-03-27T14:07:31.909+0900][36.046s][info][gc,start    ] GC(483) Pause Remark
[2026-03-27T14:07:31.909+0900][36.048s][info][gc          ] GC(483) Pause Remark 231M->231M(501M) 1.357ms
[2026-03-27T14:07:31.909+0900][36.048s][info][gc,cpu      ] GC(483) User=0.00s Sys=0.00s Real=0.00s
[2026-03-27T14:07:31.909+0900][36.048s][info][gc,marking  ] GC(483) Concurrent Mark 4.240ms
[2026-03-27T14:07:31.909+0900][36.048s][info][gc,marking  ] GC(483) Concurrent Rebuild Remembered Sets
[2026-03-27T14:07:31.909+0900][36.049s][info][gc,marking  ] GC(483) Concurrent Rebuild Remembered Sets 0.969ms
[2026-03-27T14:07:31.909+0900][36.049s][info][gc,start    ] GC(483) Pause Cleanup
[2026-03-27T14:07:31.909+0900][36.050s][info][gc          ] GC(483) Pause Cleanup 231M->231M(501M) 0.333ms
[2026-03-27T14:07:31.909+0900][36.050s][info][gc,cpu      ] GC(483) User=0.00s Sys=0.00s Real=0.00s
[2026-03-27T14:07:31.909+0900][36.050s][info][gc,marking  ] GC(483) Concurrent Cleanup for Next Mark
[2026-03-27T14:07:31.909+0900][36.050s][info][gc,marking  ] GC(483) Concurrent Cleanup for Next Mark 0.549ms
[2026-03-27T14:07:31.909+0900][36.051s][info][gc          ] GC(483) Concurrent Mark Cycle 7.393ms
[2026-03-27T14:07:31.973+0900][36.104s][info][gc,start    ] GC(484) Pause Young (Concurrent Start) (G1 Humongous Allocation)
[2026-03-27T14:07:31.973+0900][36.104s][info][gc,task     ] GC(484) Using 8 workers of 8 for evacuation
[2026-03-27T14:07:31.974+0900][36.105s][info][gc,phases   ] GC(484)   Pre Evacuate Collection Set: 0.2ms
[2026-03-27T14:07:31.974+0900][36.105s][info][gc,phases   ] GC(484)   Merge Heap Roots: 0.3ms
[2026-03-27T14:07:31.974+0900][36.105s][info][gc,phases   ] GC(484)   Evacuate Collection Set: 0.3ms
[2026-03-27T14:07:31.974+0900][36.105s][info][gc,phases   ] GC(484)   Post Evacuate Collection Set: 0.6ms
[2026-03-27T14:07:31.974+0900][36.105s][info][gc,phases   ] GC(484)   Other: 0.3ms
[2026-03-27T14:07:31.974+0900][36.105s][info][gc,heap     ] GC(484) Eden regions: 1->0(217)
[2026-03-27T14:07:31.974+0900][36.105s][info][gc,heap     ] GC(484) Survivor regions: 1->1(28)
[2026-03-27T14:07:31.974+0900][36.105s][info][gc,heap     ] GC(484) Old regions: 1->1
[2026-03-27T14:07:31.974+0900][36.105s][info][gc,heap     ] GC(484) Archive regions: 0->0
[2026-03-27T14:07:31.974+0900][36.105s][info][gc,heap     ] GC(484) Humongous regions: 231->230
[2026-03-27T14:07:31.974+0900][36.105s][info][gc,metaspace] GC(484) Metaspace: 166K(384K)->166K(384K) NonClass: 157K(256K)->157K(256K) Class: 9K(128K)->9K(128K)
[2026-03-27T14:07:31.974+0900][36.106s][info][gc          ] GC(484) Pause Young (Concurrent Start) (G1 Humongous Allocation) 232M->230M(501M) 2.015ms
[2026-03-27T14:07:31.974+0900][36.106s][info][gc,cpu      ] GC(484) User=0.00s Sys=0.00s Real=0.00s
[2026-03-27T14:07:31.974+0900][36.106s][info][gc          ] GC(485) Concurrent Mark Cycle
[2026-03-27T14:07:31.974+0900][36.106s][info][gc,marking  ] GC(485) Concurrent Clear Claimed Marks
[2026-03-27T14:07:31.974+0900][36.106s][info][gc,marking  ] GC(485) Concurrent Clear Claimed Marks 0.015ms
[2026-03-27T14:07:31.974+0900][36.106s][info][gc,marking  ] GC(485) Concurrent Scan Root Regions
[2026-03-27T14:07:31.974+0900][36.106s][info][gc,marking  ] GC(485) Concurrent Scan Root Regions 0.126ms
[2026-03-27T14:07:31.974+0900][36.106s][info][gc,marking  ] GC(485) Concurrent Mark
[2026-03-27T14:07:31.974+0900][36.106s][info][gc,marking  ] GC(485) Concurrent Mark From Roots
[2026-03-27T14:07:31.974+0900][36.106s][info][gc,task     ] GC(485) Using 2 workers of 2 for marking
[2026-03-27T14:07:31.974+0900][36.107s][info][gc,marking  ] GC(485) Concurrent Mark From Roots 0.952ms
[2026-03-27T14:07:31.974+0900][36.107s][info][gc,marking  ] GC(485) Concurrent Preclean
[2026-03-27T14:07:31.974+0900][36.107s][info][gc,marking  ] GC(485) Concurrent Preclean 0.018ms
[2026-03-27T14:07:31.974+0900][36.107s][info][gc,start    ] GC(485) Pause Remark
[2026-03-27T14:07:31.974+0900][36.108s][info][gc          ] GC(485) Pause Remark 231M->231M(501M) 0.800ms
[2026-03-27T14:07:31.974+0900][36.108s][info][gc,cpu      ] GC(485) User=0.00s Sys=0.00s Real=0.00s
[2026-03-27T14:07:31.974+0900][36.108s][info][gc,marking  ] GC(485) Concurrent Mark 2.194ms
[2026-03-27T14:07:31.974+0900][36.108s][info][gc,marking  ] GC(485) Concurrent Rebuild Remembered Sets
[2026-03-27T14:07:31.974+0900][36.109s][info][gc,marking  ] GC(485) Concurrent Rebuild Remembered Sets 0.542ms
[2026-03-27T14:07:31.974+0900][36.109s][info][gc,start    ] GC(485) Pause Cleanup
[2026-03-27T14:07:31.974+0900][36.109s][info][gc          ] GC(485) Pause Cleanup 231M->231M(501M) 0.263ms
[2026-03-27T14:07:31.974+0900][36.109s][info][gc,cpu      ] GC(485) User=0.00s Sys=0.00s Real=0.00s
[2026-03-27T14:07:31.974+0900][36.109s][info][gc,marking  ] GC(485) Concurrent Cleanup for Next Mark
[2026-03-27T14:07:31.974+0900][36.110s][info][gc,marking  ] GC(485) Concurrent Cleanup for Next Mark 0.355ms
[2026-03-27T14:07:31.974+0900][36.110s][info][gc          ] GC(485) Concurrent Mark Cycle 4.112ms
[2026-03-27T14:07:32.038+0900][36.168s][info][gc,start    ] GC(486) Pause Young (Concurrent Start) (G1 Humongous Allocation)
[2026-03-27T14:07:32.038+0900][36.168s][info][gc,task     ] GC(486) Using 8 workers of 8 for evacuation
[2026-03-27T14:07:32.038+0900][36.171s][info][gc,phases   ] GC(486)   Pre Evacuate Collection Set: 0.2ms
[2026-03-27T14:07:32.038+0900][36.171s][info][gc,phases   ] GC(486)   Merge Heap Roots: 0.4ms
[2026-03-27T14:07:32.038+0900][36.171s][info][gc,phases   ] GC(486)   Evacuate Collection Set: 0.3ms
[2026-03-27T14:07:32.038+0900][36.171s][info][gc,phases   ] GC(486)   Post Evacuate Collection Set: 1.1ms
[2026-03-27T14:07:32.038+0900][36.171s][info][gc,phases   ] GC(486)   Other: 0.3ms
[2026-03-27T14:07:32.038+0900][36.171s][info][gc,heap     ] GC(486) Eden regions: 1->0(219)
[2026-03-27T14:07:32.038+0900][36.171s][info][gc,heap     ] GC(486) Survivor regions: 1->1(28)
[2026-03-27T14:07:32.038+0900][36.171s][info][gc,heap     ] GC(486) Old regions: 1->1
[2026-03-27T14:07:32.038+0900][36.171s][info][gc,heap     ] GC(486) Archive regions: 0->0
[2026-03-27T14:07:32.038+0900][36.171s][info][gc,heap     ] GC(486) Humongous regions: 231->230
[2026-03-27T14:07:32.038+0900][36.171s][info][gc,metaspace] GC(486) Metaspace: 166K(384K)->166K(384K) NonClass: 157K(256K)->157K(256K) Class: 9K(128K)->9K(128K)
[2026-03-27T14:07:32.038+0900][36.171s][info][gc          ] GC(486) Pause Young (Concurrent Start) (G1 Humongous Allocation) 232M->230M(503M) 3.023ms
[2026-03-27T14:07:32.038+0900][36.171s][info][gc,cpu      ] GC(486) User=0.00s Sys=0.00s Real=0.00s
[2026-03-27T14:07:32.038+0900][36.171s][info][gc          ] GC(487) Concurrent Mark Cycle
[2026-03-27T14:07:32.038+0900][36.172s][info][gc,marking  ] GC(487) Concurrent Clear Claimed Marks
[2026-03-27T14:07:32.038+0900][36.172s][info][gc,marking  ] GC(487) Concurrent Clear Claimed Marks 0.042ms
[2026-03-27T14:07:32.038+0900][36.172s][info][gc,marking  ] GC(487) Concurrent Scan Root Regions
[2026-03-27T14:07:32.038+0900][36.172s][info][gc,marking  ] GC(487) Concurrent Scan Root Regions 0.163ms
[2026-03-27T14:07:32.038+0900][36.172s][info][gc,marking  ] GC(487) Concurrent Mark
[2026-03-27T14:07:32.038+0900][36.172s][info][gc,marking  ] GC(487) Concurrent Mark From Roots
[2026-03-27T14:07:32.038+0900][36.172s][info][gc,task     ] GC(487) Using 2 workers of 2 for marking
[2026-03-27T14:07:32.038+0900][36.174s][info][gc,marking  ] GC(487) Concurrent Mark From Roots 2.008ms
[2026-03-27T14:07:32.038+0900][36.174s][info][gc,marking  ] GC(487) Concurrent Preclean
[2026-03-27T14:07:32.038+0900][36.174s][info][gc,marking  ] GC(487) Concurrent Preclean 0.044ms
[2026-03-27T14:07:32.038+0900][36.175s][info][gc,start    ] GC(487) Pause Remark
[2026-03-27T14:07:32.038+0900][36.176s][info][gc          ] GC(487) Pause Remark 231M->231M(503M) 1.341ms
[2026-03-27T14:07:32.038+0900][36.176s][info][gc,cpu      ] GC(487) User=0.00s Sys=0.00s Real=0.00s
[2026-03-27T14:07:32.038+0900][36.176s][info][gc,marking  ] GC(487) Concurrent Mark 4.281ms
[2026-03-27T14:07:32.038+0900][36.176s][info][gc,marking  ] GC(487) Concurrent Rebuild Remembered Sets
[2026-03-27T14:07:32.038+0900][36.177s][info][gc,marking  ] GC(487) Concurrent Rebuild Remembered Sets 1.070ms
[2026-03-27T14:07:32.038+0900][36.178s][info][gc,start    ] GC(487) Pause Cleanup
[2026-03-27T14:07:32.038+0900][36.178s][info][gc          ] GC(487) Pause Cleanup 231M->231M(503M) 0.372ms
[2026-03-27T14:07:32.038+0900][36.178s][info][gc,cpu      ] GC(487) User=0.00s Sys=0.00s Real=0.00s
[2026-03-27T14:07:32.038+0900][36.178s][info][gc,marking  ] GC(487) Concurrent Cleanup for Next Mark
[2026-03-27T14:07:32.038+0900][36.179s][info][gc,marking  ] GC(487) Concurrent Cleanup for Next Mark 0.700ms
[2026-03-27T14:07:32.038+0900][36.179s][info][gc          ] GC(487) Concurrent Mark Cycle 7.784ms
[2026-03-27T14:07:32.102+0900][36.232s][info][gc,start    ] GC(488) Pause Young (Concurrent Start) (G1 Humongous Allocation)
[2026-03-27T14:07:32.102+0900][36.232s][info][gc,task     ] GC(488) Using 8 workers of 8 for evacuation
[2026-03-27T14:07:32.102+0900][36.234s][info][gc,phases   ] GC(488)   Pre Evacuate Collection Set: 0.2ms
[2026-03-27T14:07:32.102+0900][36.234s][info][gc,phases   ] GC(488)   Merge Heap Roots: 0.3ms
[2026-03-27T14:07:32.102+0900][36.234s][info][gc,phases   ] GC(488)   Evacuate Collection Set: 0.3ms
[2026-03-27T14:07:32.102+0900][36.234s][info][gc,phases   ] GC(488)   Post Evacuate Collection Set: 1.0ms
[2026-03-27T14:07:32.102+0900][36.234s][info][gc,phases   ] GC(488)   Other: 0.3ms
[2026-03-27T14:07:32.102+0900][36.235s][info][gc,heap     ] GC(488) Eden regions: 1->0(219)
[2026-03-27T14:07:32.102+0900][36.235s][info][gc,heap     ] GC(488) Survivor regions: 1->1(28)
[2026-03-27T14:07:32.102+0900][36.235s][info][gc,heap     ] GC(488) Old regions: 1->1
[2026-03-27T14:07:32.102+0900][36.235s][info][gc,heap     ] GC(488) Archive regions: 0->0
[2026-03-27T14:07:32.102+0900][36.235s][info][gc,heap     ] GC(488) Humongous regions: 231->230
[2026-03-27T14:07:32.102+0900][36.235s][info][gc,metaspace] GC(488) Metaspace: 166K(384K)->166K(384K) NonClass: 157K(256K)->157K(256K) Class: 9K(128K)->9K(128K)
[2026-03-27T14:07:32.102+0900][36.235s][info][gc          ] GC(488) Pause Young (Concurrent Start) (G1 Humongous Allocation) 232M->230M(503M) 2.761ms
[2026-03-27T14:07:32.102+0900][36.235s][info][gc,cpu      ] GC(488) User=0.00s Sys=0.00s Real=0.00s
[2026-03-27T14:07:32.102+0900][36.235s][info][gc          ] GC(489) Concurrent Mark Cycle
[2026-03-27T14:07:32.102+0900][36.235s][info][gc,marking  ] GC(489) Concurrent Clear Claimed Marks
[2026-03-27T14:07:32.102+0900][36.235s][info][gc,marking  ] GC(489) Concurrent Clear Claimed Marks 0.042ms
[2026-03-27T14:07:32.102+0900][36.235s][info][gc,marking  ] GC(489) Concurrent Scan Root Regions
[2026-03-27T14:07:32.102+0900][36.235s][info][gc,marking  ] GC(489) Concurrent Scan Root Regions 0.199ms
[2026-03-27T14:07:32.102+0900][36.235s][info][gc,marking  ] GC(489) Concurrent Mark
[2026-03-27T14:07:32.102+0900][36.235s][info][gc,marking  ] GC(489) Concurrent Mark From Roots
[2026-03-27T14:07:32.102+0900][36.235s][info][gc,task     ] GC(489) Using 2 workers of 2 for marking
[2026-03-27T14:07:32.102+0900][36.237s][info][gc,marking  ] GC(489) Concurrent Mark From Roots 2.026ms
[2026-03-27T14:07:32.102+0900][36.238s][info][gc,marking  ] GC(489) Concurrent Preclean
[2026-03-27T14:07:32.102+0900][36.238s][info][gc,marking  ] GC(489) Concurrent Preclean 0.045ms
[2026-03-27T14:07:32.102+0900][36.238s][info][gc,start    ] GC(489) Pause Remark
[2026-03-27T14:07:32.102+0900][36.240s][info][gc          ] GC(489) Pause Remark 231M->231M(503M) 1.582ms
[2026-03-27T14:07:32.102+0900][36.240s][info][gc,cpu      ] GC(489) User=0.00s Sys=0.00s Real=0.00s
[2026-03-27T14:07:32.102+0900][36.240s][info][gc,marking  ] GC(489) Concurrent Mark 4.532ms
[2026-03-27T14:07:32.102+0900][36.240s][info][gc,marking  ] GC(489) Concurrent Rebuild Remembered Sets
[2026-03-27T14:07:32.102+0900][36.241s][info][gc,marking  ] GC(489) Concurrent Rebuild Remembered Sets 1.175ms
[2026-03-27T14:07:32.102+0900][36.242s][info][gc,start    ] GC(489) Pause Cleanup
[2026-03-27T14:07:32.102+0900][36.242s][info][gc          ] GC(489) Pause Cleanup 231M->231M(503M) 0.407ms
[2026-03-27T14:07:32.102+0900][36.242s][info][gc,cpu      ] GC(489) User=0.00s Sys=0.00s Real=0.00s
[2026-03-27T14:07:32.102+0900][36.242s][info][gc,marking  ] GC(489) Concurrent Cleanup for Next Mark
[2026-03-27T14:07:32.102+0900][36.243s][info][gc,marking  ] GC(489) Concurrent Cleanup for Next Mark 0.793ms
[2026-03-27T14:07:32.102+0900][36.243s][info][gc          ] GC(489) Concurrent Mark Cycle 8.418ms
[2026-03-27T14:07:32.166+0900][36.296s][info][gc,start    ] GC(490) Pause Young (Concurrent Start) (G1 Humongous Allocation)
[2026-03-27T14:07:32.166+0900][36.297s][info][gc,task     ] GC(490) Using 8 workers of 8 for evacuation
[2026-03-27T14:07:32.167+0900][36.298s][info][gc,phases   ] GC(490)   Pre Evacuate Collection Set: 0.2ms
[2026-03-27T14:07:32.167+0900][36.298s][info][gc,phases   ] GC(490)   Merge Heap Roots: 0.3ms
[2026-03-27T14:07:32.167+0900][36.298s][info][gc,phases   ] GC(490)   Evacuate Collection Set: 0.3ms
[2026-03-27T14:07:32.167+0900][36.298s][info][gc,phases   ] GC(490)   Post Evacuate Collection Set: 0.7ms
[2026-03-27T14:07:32.167+0900][36.298s][info][gc,phases   ] GC(490)   Other: 0.2ms
[2026-03-27T14:07:32.167+0900][36.299s][info][gc,heap     ] GC(490) Eden regions: 1->0(219)
[2026-03-27T14:07:32.167+0900][36.299s][info][gc,heap     ] GC(490) Survivor regions: 1->1(28)
[2026-03-27T14:07:32.167+0900][36.299s][info][gc,heap     ] GC(490) Old regions: 1->1
[2026-03-27T14:07:32.167+0900][36.299s][info][gc,heap     ] GC(490) Archive regions: 0->0
[2026-03-27T14:07:32.167+0900][36.299s][info][gc,heap     ] GC(490) Humongous regions: 231->230
[2026-03-27T14:07:32.167+0900][36.299s][info][gc,metaspace] GC(490) Metaspace: 166K(384K)->166K(384K) NonClass: 157K(256K)->157K(256K) Class: 9K(128K)->9K(128K)
[2026-03-27T14:07:32.167+0900][36.299s][info][gc          ] GC(490) Pause Young (Concurrent Start) (G1 Humongous Allocation) 232M->230M(503M) 2.397ms
[2026-03-27T14:07:32.167+0900][36.299s][info][gc,cpu      ] GC(490) User=0.00s Sys=0.00s Real=0.00s
[2026-03-27T14:07:32.167+0900][36.299s][info][gc          ] GC(491) Concurrent Mark Cycle
[2026-03-27T14:07:32.167+0900][36.299s][info][gc,marking  ] GC(491) Concurrent Clear Claimed Marks
[2026-03-27T14:07:32.167+0900][36.299s][info][gc,marking  ] GC(491) Concurrent Clear Claimed Marks 0.041ms
[2026-03-27T14:07:32.167+0900][36.299s][info][gc,marking  ] GC(491) Concurrent Scan Root Regions
[2026-03-27T14:07:32.167+0900][36.299s][info][gc,marking  ] GC(491) Concurrent Scan Root Regions 0.207ms
[2026-03-27T14:07:32.167+0900][36.299s][info][gc,marking  ] GC(491) Concurrent Mark
[2026-03-27T14:07:32.167+0900][36.299s][info][gc,marking  ] GC(491) Concurrent Mark From Roots
[2026-03-27T14:07:32.167+0900][36.299s][info][gc,task     ] GC(491) Using 2 workers of 2 for marking
[2026-03-27T14:07:32.167+0900][36.301s][info][gc,marking  ] GC(491) Concurrent Mark From Roots 1.857ms
[2026-03-27T14:07:32.167+0900][36.301s][info][gc,marking  ] GC(491) Concurrent Preclean
[2026-03-27T14:07:32.167+0900][36.301s][info][gc,marking  ] GC(491) Concurrent Preclean 0.039ms
[2026-03-27T14:07:32.167+0900][36.302s][info][gc,start    ] GC(491) Pause Remark
[2026-03-27T14:07:32.167+0900][36.303s][info][gc          ] GC(491) Pause Remark 231M->231M(503M) 1.492ms
[2026-03-27T14:07:32.167+0900][36.303s][info][gc,cpu      ] GC(491) User=0.00s Sys=0.00s Real=0.00s
[2026-03-27T14:07:32.167+0900][36.304s][info][gc,marking  ] GC(491) Concurrent Mark 4.174ms
[2026-03-27T14:07:32.167+0900][36.304s][info][gc,marking  ] GC(491) Concurrent Rebuild Remembered Sets
[2026-03-27T14:07:32.167+0900][36.305s][info][gc,marking  ] GC(491) Concurrent Rebuild Remembered Sets 0.931ms
[2026-03-27T14:07:32.167+0900][36.305s][info][gc,start    ] GC(491) Pause Cleanup
[2026-03-27T14:07:32.167+0900][36.305s][info][gc          ] GC(491) Pause Cleanup 231M->231M(503M) 0.311ms
[2026-03-27T14:07:32.167+0900][36.305s][info][gc,cpu      ] GC(491) User=0.00s Sys=0.00s Real=0.00s
[2026-03-27T14:07:32.167+0900][36.306s][info][gc,marking  ] GC(491) Concurrent Cleanup for Next Mark
[2026-03-27T14:07:32.167+0900][36.306s][info][gc,marking  ] GC(491) Concurrent Cleanup for Next Mark 0.606ms
[2026-03-27T14:07:32.167+0900][36.306s][info][gc          ] GC(491) Concurrent Mark Cycle 7.309ms
[2026-03-27T14:07:32.230+0900][36.361s][info][gc,start    ] GC(492) Pause Young (Concurrent Start) (G1 Humongous Allocation)
[2026-03-27T14:07:32.230+0900][36.361s][info][gc,task     ] GC(492) Using 8 workers of 8 for evacuation
[2026-03-27T14:07:32.230+0900][36.363s][info][gc,phases   ] GC(492)   Pre Evacuate Collection Set: 0.2ms
[2026-03-27T14:07:32.230+0900][36.363s][info][gc,phases   ] GC(492)   Merge Heap Roots: 0.3ms
[2026-03-27T14:07:32.230+0900][36.363s][info][gc,phases   ] GC(492)   Evacuate Collection Set: 0.3ms
[2026-03-27T14:07:32.230+0900][36.363s][info][gc,phases   ] GC(492)   Post Evacuate Collection Set: 0.9ms
[2026-03-27T14:07:32.230+0900][36.363s][info][gc,phases   ] GC(492)   Other: 0.4ms
[2026-03-27T14:07:32.230+0900][36.363s][info][gc,heap     ] GC(492) Eden regions: 1->0(219)
[2026-03-27T14:07:32.230+0900][36.363s][info][gc,heap     ] GC(492) Survivor regions: 1->1(28)
[2026-03-27T14:07:32.230+0900][36.363s][info][gc,heap     ] GC(492) Old regions: 1->1
[2026-03-27T14:07:32.230+0900][36.363s][info][gc,heap     ] GC(492) Archive regions: 0->0
[2026-03-27T14:07:32.230+0900][36.363s][info][gc,heap     ] GC(492) Humongous regions: 231->230
[2026-03-27T14:07:32.230+0900][36.363s][info][gc,metaspace] GC(492) Metaspace: 166K(384K)->166K(384K) NonClass: 157K(256K)->157K(256K) Class: 9K(128K)->9K(128K)
[2026-03-27T14:07:32.230+0900][36.363s][info][gc          ] GC(492) Pause Young (Concurrent Start) (G1 Humongous Allocation) 232M->230M(503M) 2.907ms
[2026-03-27T14:07:32.230+0900][36.364s][info][gc,cpu      ] GC(492) User=0.00s Sys=0.00s Real=0.00s
[2026-03-27T14:07:32.230+0900][36.364s][info][gc          ] GC(493) Concurrent Mark Cycle
[2026-03-27T14:07:32.230+0900][36.364s][info][gc,marking  ] GC(493) Concurrent Clear Claimed Marks
[2026-03-27T14:07:32.230+0900][36.364s][info][gc,marking  ] GC(493) Concurrent Clear Claimed Marks 0.042ms
[2026-03-27T14:07:32.230+0900][36.364s][info][gc,marking  ] GC(493) Concurrent Scan Root Regions
[2026-03-27T14:07:32.230+0900][36.364s][info][gc,marking  ] GC(493) Concurrent Scan Root Regions 0.210ms
[2026-03-27T14:07:32.230+0900][36.364s][info][gc,marking  ] GC(493) Concurrent Mark
[2026-03-27T14:07:32.230+0900][36.364s][info][gc,marking  ] GC(493) Concurrent Mark From Roots
[2026-03-27T14:07:32.230+0900][36.364s][info][gc,task     ] GC(493) Using 2 workers of 2 for marking
[2026-03-27T14:07:32.236+0900][36.366s][info][gc,marking  ] GC(493) Concurrent Mark From Roots 2.010ms
[2026-03-27T14:07:32.236+0900][36.366s][info][gc,marking  ] GC(493) Concurrent Preclean
[2026-03-27T14:07:32.236+0900][36.366s][info][gc,marking  ] GC(493) Concurrent Preclean 0.044ms
[2026-03-27T14:07:32.236+0900][36.367s][info][gc,start    ] GC(493) Pause Remark
[2026-03-27T14:07:32.236+0900][36.368s][info][gc          ] GC(493) Pause Remark 233M->233M(503M) 1.563ms
[2026-03-27T14:07:32.236+0900][36.368s][info][gc,cpu      ] GC(493) User=0.00s Sys=0.00s Real=0.00s
[2026-03-27T14:07:32.236+0900][36.369s][info][gc,marking  ] GC(493) Concurrent Mark 4.488ms
[2026-03-27T14:07:32.236+0900][36.369s][info][gc,marking  ] GC(493) Concurrent Rebuild Remembered Sets
[2026-03-27T14:07:32.236+0900][36.370s][info][gc,marking  ] GC(493) Concurrent Rebuild Remembered Sets 1.105ms
[2026-03-27T14:07:32.236+0900][36.370s][info][gc,start    ] GC(493) Pause Cleanup
[2026-03-27T14:07:32.236+0900][36.371s][info][gc          ] GC(493) Pause Cleanup 233M->233M(503M) 0.330ms
[2026-03-27T14:07:32.236+0900][36.371s][info][gc,cpu      ] GC(493) User=0.00s Sys=0.00s Real=0.00s
[2026-03-27T14:07:32.236+0900][36.371s][info][gc,marking  ] GC(493) Concurrent Cleanup for Next Mark
[2026-03-27T14:07:32.236+0900][36.371s][info][gc,marking  ] GC(493) Concurrent Cleanup for Next Mark 0.651ms
[2026-03-27T14:07:32.236+0900][36.372s][info][gc          ] GC(493) Concurrent Mark Cycle 7.944ms
[2026-03-27T14:07:32.294+0900][36.424s][info][gc,start    ] GC(494) Pause Young (Concurrent Start) (G1 Humongous Allocation)
[2026-03-27T14:07:32.294+0900][36.425s][info][gc,task     ] GC(494) Using 8 workers of 8 for evacuation
[2026-03-27T14:07:32.295+0900][36.427s][info][gc,phases   ] GC(494)   Pre Evacuate Collection Set: 0.2ms
[2026-03-27T14:07:32.295+0900][36.427s][info][gc,phases   ] GC(494)   Merge Heap Roots: 0.3ms
[2026-03-27T14:07:32.295+0900][36.427s][info][gc,phases   ] GC(494)   Evacuate Collection Set: 0.3ms
[2026-03-27T14:07:32.295+0900][36.427s][info][gc,phases   ] GC(494)   Post Evacuate Collection Set: 0.9ms
[2026-03-27T14:07:32.295+0900][36.427s][info][gc,phases   ] GC(494)   Other: 0.3ms
[2026-03-27T14:07:32.295+0900][36.427s][info][gc,heap     ] GC(494) Eden regions: 1->0(218)
[2026-03-27T14:07:32.295+0900][36.427s][info][gc,heap     ] GC(494) Survivor regions: 1->1(28)
[2026-03-27T14:07:32.295+0900][36.427s][info][gc,heap     ] GC(494) Old regions: 1->1
[2026-03-27T14:07:32.295+0900][36.427s][info][gc,heap     ] GC(494) Archive regions: 0->0
[2026-03-27T14:07:32.295+0900][36.427s][info][gc,heap     ] GC(494) Humongous regions: 233->232
[2026-03-27T14:07:32.295+0900][36.427s][info][gc,metaspace] GC(494) Metaspace: 166K(384K)->166K(384K) NonClass: 157K(256K)->157K(256K) Class: 9K(128K)->9K(128K)
[2026-03-27T14:07:32.295+0900][36.427s][info][gc          ] GC(494) Pause Young (Concurrent Start) (G1 Humongous Allocation) 234M->232M(504M) 2.771ms
[2026-03-27T14:07:32.295+0900][36.427s][info][gc,cpu      ] GC(494) User=0.00s Sys=0.00s Real=0.00s
[2026-03-27T14:07:32.295+0900][36.427s][info][gc          ] GC(495) Concurrent Mark Cycle
[2026-03-27T14:07:32.295+0900][36.428s][info][gc,marking  ] GC(495) Concurrent Clear Claimed Marks
[2026-03-27T14:07:32.295+0900][36.428s][info][gc,marking  ] GC(495) Concurrent Clear Claimed Marks 0.041ms
[2026-03-27T14:07:32.295+0900][36.428s][info][gc,marking  ] GC(495) Concurrent Scan Root Regions
[2026-03-27T14:07:32.295+0900][36.428s][info][gc,marking  ] GC(495) Concurrent Scan Root Regions 0.172ms
[2026-03-27T14:07:32.295+0900][36.428s][info][gc,marking  ] GC(495) Concurrent Mark
[2026-03-27T14:07:32.295+0900][36.428s][info][gc,marking  ] GC(495) Concurrent Mark From Roots
[2026-03-27T14:07:32.295+0900][36.428s][info][gc,task     ] GC(495) Using 2 workers of 2 for marking
[2026-03-27T14:07:32.295+0900][36.430s][info][gc,marking  ] GC(495) Concurrent Mark From Roots 2.006ms
[2026-03-27T14:07:32.295+0900][36.430s][info][gc,marking  ] GC(495) Concurrent Preclean
[2026-03-27T14:07:32.295+0900][36.430s][info][gc,marking  ] GC(495) Concurrent Preclean 0.045ms
[2026-03-27T14:07:32.295+0900][36.431s][info][gc,start    ] GC(495) Pause Remark
[2026-03-27T14:07:32.295+0900][36.432s][info][gc          ] GC(495) Pause Remark 233M->233M(504M) 1.522ms
[2026-03-27T14:07:32.295+0900][36.432s][info][gc,cpu      ] GC(495) User=0.03s Sys=0.02s Real=0.00s
[2026-03-27T14:07:32.295+0900][36.432s][info][gc,marking  ] GC(495) Concurrent Mark 4.401ms
[2026-03-27T14:07:32.295+0900][36.432s][info][gc,marking  ] GC(495) Concurrent Rebuild Remembered Sets
[2026-03-27T14:07:32.295+0900][36.434s][info][gc,marking  ] GC(495) Concurrent Rebuild Remembered Sets 1.119ms
[2026-03-27T14:07:32.295+0900][36.434s][info][gc,start    ] GC(495) Pause Cleanup
[2026-03-27T14:07:32.295+0900][36.434s][info][gc          ] GC(495) Pause Cleanup 233M->233M(504M) 0.369ms
[2026-03-27T14:07:32.295+0900][36.434s][info][gc,cpu      ] GC(495) User=0.00s Sys=0.00s Real=0.00s
[2026-03-27T14:07:32.295+0900][36.435s][info][gc,marking  ] GC(495) Concurrent Cleanup for Next Mark
[2026-03-27T14:07:32.295+0900][36.435s][info][gc,marking  ] GC(495) Concurrent Cleanup for Next Mark 0.603ms
[2026-03-27T14:07:32.295+0900][36.435s][info][gc          ] GC(495) Concurrent Mark Cycle 7.842ms
[2026-03-27T14:07:32.358+0900][36.488s][info][gc,start    ] GC(496) Pause Young (Concurrent Start) (G1 Humongous Allocation)
[2026-03-27T14:07:32.358+0900][36.488s][info][gc,task     ] GC(496) Using 8 workers of 8 for evacuation
[2026-03-27T14:07:32.358+0900][36.490s][info][gc,phases   ] GC(496)   Pre Evacuate Collection Set: 0.3ms
[2026-03-27T14:07:32.358+0900][36.490s][info][gc,phases   ] GC(496)   Merge Heap Roots: 0.4ms
[2026-03-27T14:07:32.358+0900][36.490s][info][gc,phases   ] GC(496)   Evacuate Collection Set: 0.4ms
[2026-03-27T14:07:32.358+0900][36.490s][info][gc,phases   ] GC(496)   Post Evacuate Collection Set: 0.8ms
[2026-03-27T14:07:32.358+0900][36.491s][info][gc,phases   ] GC(496)   Other: 0.2ms
[2026-03-27T14:07:32.358+0900][36.491s][info][gc,heap     ] GC(496) Eden regions: 1->0(218)
[2026-03-27T14:07:32.358+0900][36.491s][info][gc,heap     ] GC(496) Survivor regions: 1->1(28)
[2026-03-27T14:07:32.358+0900][36.491s][info][gc,heap     ] GC(496) Old regions: 1->1
[2026-03-27T14:07:32.358+0900][36.491s][info][gc,heap     ] GC(496) Archive regions: 0->0
[2026-03-27T14:07:32.358+0900][36.491s][info][gc,heap     ] GC(496) Humongous regions: 233->232
[2026-03-27T14:07:32.358+0900][36.491s][info][gc,metaspace] GC(496) Metaspace: 166K(384K)->166K(384K) NonClass: 157K(256K)->157K(256K) Class: 9K(128K)->9K(128K)
[2026-03-27T14:07:32.358+0900][36.491s][info][gc          ] GC(496) Pause Young (Concurrent Start) (G1 Humongous Allocation) 234M->232M(504M) 2.755ms
[2026-03-27T14:07:32.358+0900][36.491s][info][gc,cpu      ] GC(496) User=0.00s Sys=0.00s Real=0.00s
[2026-03-27T14:07:32.358+0900][36.491s][info][gc          ] GC(497) Concurrent Mark Cycle
[2026-03-27T14:07:32.358+0900][36.491s][info][gc,marking  ] GC(497) Concurrent Clear Claimed Marks
[2026-03-27T14:07:32.358+0900][36.491s][info][gc,marking  ] GC(497) Concurrent Clear Claimed Marks 0.041ms
[2026-03-27T14:07:32.358+0900][36.491s][info][gc,marking  ] GC(497) Concurrent Scan Root Regions
[2026-03-27T14:07:32.358+0900][36.491s][info][gc,marking  ] GC(497) Concurrent Scan Root Regions 0.185ms
[2026-03-27T14:07:32.358+0900][36.491s][info][gc,marking  ] GC(497) Concurrent Mark
[2026-03-27T14:07:32.358+0900][36.491s][info][gc,marking  ] GC(497) Concurrent Mark From Roots
[2026-03-27T14:07:32.358+0900][36.492s][info][gc,task     ] GC(497) Using 2 workers of 2 for marking
[2026-03-27T14:07:32.358+0900][36.494s][info][gc,marking  ] GC(497) Concurrent Mark From Roots 2.133ms
[2026-03-27T14:07:32.358+0900][36.494s][info][gc,marking  ] GC(497) Concurrent Preclean
[2026-03-27T14:07:32.358+0900][36.494s][info][gc,marking  ] GC(497) Concurrent Preclean 0.044ms
[2026-03-27T14:07:32.358+0900][36.494s][info][gc,start    ] GC(497) Pause Remark
[2026-03-27T14:07:32.358+0900][36.496s][info][gc          ] GC(497) Pause Remark 233M->233M(504M) 1.585ms
[2026-03-27T14:07:32.358+0900][36.496s][info][gc,cpu      ] GC(497) User=0.00s Sys=0.00s Real=0.00s
[2026-03-27T14:07:32.358+0900][36.496s][info][gc,marking  ] GC(497) Concurrent Mark 4.661ms
[2026-03-27T14:07:32.358+0900][36.496s][info][gc,marking  ] GC(497) Concurrent Rebuild Remembered Sets
[2026-03-27T14:07:32.358+0900][36.497s][info][gc,marking  ] GC(497) Concurrent Rebuild Remembered Sets 1.162ms
[2026-03-27T14:07:32.358+0900][36.498s][info][gc,start    ] GC(497) Pause Cleanup
[2026-03-27T14:07:32.358+0900][36.498s][info][gc          ] GC(497) Pause Cleanup 233M->233M(504M) 0.351ms
[2026-03-27T14:07:32.358+0900][36.498s][info][gc,cpu      ] GC(497) User=0.00s Sys=0.00s Real=0.00s
[2026-03-27T14:07:32.358+0900][36.498s][info][gc,marking  ] GC(497) Concurrent Cleanup for Next Mark
[2026-03-27T14:07:32.358+0900][36.499s][info][gc,marking  ] GC(497) Concurrent Cleanup for Next Mark 0.728ms
[2026-03-27T14:07:32.358+0900][36.499s][info][gc          ] GC(497) Concurrent Mark Cycle 8.288ms
[2026-03-27T14:07:32.421+0900][36.552s][info][gc,start    ] GC(498) Pause Young (Concurrent Start) (G1 Humongous Allocation)
[2026-03-27T14:07:32.421+0900][36.552s][info][gc,task     ] GC(498) Using 8 workers of 8 for evacuation
[2026-03-27T14:07:32.421+0900][36.555s][info][gc,phases   ] GC(498)   Pre Evacuate Collection Set: 0.3ms
[2026-03-27T14:07:32.421+0900][36.555s][info][gc,phases   ] GC(498)   Merge Heap Roots: 0.3ms
[2026-03-27T14:07:32.421+0900][36.555s][info][gc,phases   ] GC(498)   Evacuate Collection Set: 0.4ms
[2026-03-27T14:07:32.421+0900][36.555s][info][gc,phases   ] GC(498)   Post Evacuate Collection Set: 0.9ms
[2026-03-27T14:07:32.421+0900][36.555s][info][gc,phases   ] GC(498)   Other: 0.3ms
[2026-03-27T14:07:32.421+0900][36.555s][info][gc,heap     ] GC(498) Eden regions: 1->0(218)
[2026-03-27T14:07:32.421+0900][36.555s][info][gc,heap     ] GC(498) Survivor regions: 1->1(28)
[2026-03-27T14:07:32.421+0900][36.555s][info][gc,heap     ] GC(498) Old regions: 1->1
[2026-03-27T14:07:32.421+0900][36.555s][info][gc,heap     ] GC(498) Archive regions: 0->0
[2026-03-27T14:07:32.421+0900][36.555s][info][gc,heap     ] GC(498) Humongous regions: 233->232
[2026-03-27T14:07:32.421+0900][36.555s][info][gc,metaspace] GC(498) Metaspace: 166K(384K)->166K(384K) NonClass: 157K(256K)->157K(256K) Class: 9K(128K)->9K(128K)
[2026-03-27T14:07:32.421+0900][36.555s][info][gc          ] GC(498) Pause Young (Concurrent Start) (G1 Humongous Allocation) 234M->232M(504M) 3.053ms
[2026-03-27T14:07:32.421+0900][36.555s][info][gc,cpu      ] GC(498) User=0.00s Sys=0.00s Real=0.00s
[2026-03-27T14:07:32.421+0900][36.555s][info][gc          ] GC(499) Concurrent Mark Cycle
[2026-03-27T14:07:32.421+0900][36.555s][info][gc,marking  ] GC(499) Concurrent Clear Claimed Marks
[2026-03-27T14:07:32.421+0900][36.555s][info][gc,marking  ] GC(499) Concurrent Clear Claimed Marks 0.041ms
[2026-03-27T14:07:32.421+0900][36.556s][info][gc,marking  ] GC(499) Concurrent Scan Root Regions
[2026-03-27T14:07:32.421+0900][36.556s][info][gc,marking  ] GC(499) Concurrent Scan Root Regions 0.171ms
[2026-03-27T14:07:32.421+0900][36.556s][info][gc,marking  ] GC(499) Concurrent Mark
[2026-03-27T14:07:32.421+0900][36.556s][info][gc,marking  ] GC(499) Concurrent Mark From Roots
[2026-03-27T14:07:32.421+0900][36.556s][info][gc,task     ] GC(499) Using 2 workers of 2 for marking
[2026-03-27T14:07:32.421+0900][36.558s][info][gc,marking  ] GC(499) Concurrent Mark From Roots 1.995ms
[2026-03-27T14:07:32.421+0900][36.558s][info][gc,marking  ] GC(499) Concurrent Preclean
[2026-03-27T14:07:32.421+0900][36.558s][info][gc,marking  ] GC(499) Concurrent Preclean 0.045ms
[2026-03-27T14:07:32.421+0900][36.558s][info][gc,start    ] GC(499) Pause Remark
[2026-03-27T14:07:32.421+0900][36.560s][info][gc          ] GC(499) Pause Remark 233M->233M(504M) 1.468ms
[2026-03-27T14:07:32.421+0900][36.560s][info][gc,cpu      ] GC(499) User=0.00s Sys=0.00s Real=0.00s
[2026-03-27T14:07:32.421+0900][36.560s][info][gc,marking  ] GC(499) Concurrent Mark 4.394ms
[2026-03-27T14:07:32.421+0900][36.560s][info][gc,marking  ] GC(499) Concurrent Rebuild Remembered Sets
[2026-03-27T14:07:32.421+0900][36.561s][info][gc,marking  ] GC(499) Concurrent Rebuild Remembered Sets 1.086ms
[2026-03-27T14:07:32.421+0900][36.562s][info][gc,start    ] GC(499) Pause Cleanup
[2026-03-27T14:07:32.421+0900][36.562s][info][gc          ] GC(499) Pause Cleanup 233M->233M(504M) 0.363ms
[2026-03-27T14:07:32.421+0900][36.562s][info][gc,cpu      ] GC(499) User=0.00s Sys=0.00s Real=0.00s
[2026-03-27T14:07:32.421+0900][36.562s][info][gc,marking  ] GC(499) Concurrent Cleanup for Next Mark
[2026-03-27T14:07:32.421+0900][36.563s][info][gc,marking  ] GC(499) Concurrent Cleanup for Next Mark 0.683ms
[2026-03-27T14:07:32.421+0900][36.563s][info][gc          ] GC(499) Concurrent Mark Cycle 7.904ms
[2026-03-27T14:07:32.486+0900][36.616s][info][gc,start    ] GC(500) Pause Young (Concurrent Start) (G1 Humongous Allocation)
[2026-03-27T14:07:32.486+0900][36.616s][info][gc,task     ] GC(500) Using 8 workers of 8 for evacuation
[2026-03-27T14:07:32.486+0900][36.619s][info][gc,phases   ] GC(500)   Pre Evacuate Collection Set: 0.3ms
[2026-03-27T14:07:32.486+0900][36.619s][info][gc,phases   ] GC(500)   Merge Heap Roots: 0.4ms
[2026-03-27T14:07:32.486+0900][36.619s][info][gc,phases   ] GC(500)   Evacuate Collection Set: 0.3ms
[2026-03-27T14:07:32.486+0900][36.619s][info][gc,phases   ] GC(500)   Post Evacuate Collection Set: 0.9ms
[2026-03-27T14:07:32.486+0900][36.619s][info][gc,phases   ] GC(500)   Other: 0.3ms
[2026-03-27T14:07:32.486+0900][36.619s][info][gc,heap     ] GC(500) Eden regions: 1->0(218)
[2026-03-27T14:07:32.486+0900][36.619s][info][gc,heap     ] GC(500) Survivor regions: 1->1(28)
[2026-03-27T14:07:32.486+0900][36.619s][info][gc,heap     ] GC(500) Old regions: 1->1
[2026-03-27T14:07:32.486+0900][36.619s][info][gc,heap     ] GC(500) Archive regions: 0->0
[2026-03-27T14:07:32.486+0900][36.619s][info][gc,heap     ] GC(500) Humongous regions: 233->232
[2026-03-27T14:07:32.486+0900][36.619s][info][gc,metaspace] GC(500) Metaspace: 166K(384K)->166K(384K) NonClass: 157K(256K)->157K(256K) Class: 9K(128K)->9K(128K)
[2026-03-27T14:07:32.486+0900][36.619s][info][gc          ] GC(500) Pause Young (Concurrent Start) (G1 Humongous Allocation) 234M->232M(504M) 2.941ms
[2026-03-27T14:07:32.486+0900][36.619s][info][gc,cpu      ] GC(500) User=0.00s Sys=0.02s Real=0.00s
[2026-03-27T14:07:32.486+0900][36.619s][info][gc          ] GC(501) Concurrent Mark Cycle
[2026-03-27T14:07:32.486+0900][36.619s][info][gc,marking  ] GC(501) Concurrent Clear Claimed Marks
[2026-03-27T14:07:32.486+0900][36.619s][info][gc,marking  ] GC(501) Concurrent Clear Claimed Marks 0.041ms
[2026-03-27T14:07:32.486+0900][36.619s][info][gc,marking  ] GC(501) Concurrent Scan Root Regions
[2026-03-27T14:07:32.486+0900][36.620s][info][gc,marking  ] GC(501) Concurrent Scan Root Regions 0.172ms
[2026-03-27T14:07:32.486+0900][36.620s][info][gc,marking  ] GC(501) Concurrent Mark
[2026-03-27T14:07:32.486+0900][36.620s][info][gc,marking  ] GC(501) Concurrent Mark From Roots
[2026-03-27T14:07:32.486+0900][36.620s][info][gc,task     ] GC(501) Using 2 workers of 2 for marking
[2026-03-27T14:07:32.486+0900][36.622s][info][gc,marking  ] GC(501) Concurrent Mark From Roots 2.087ms
[2026-03-27T14:07:32.486+0900][36.622s][info][gc,marking  ] GC(501) Concurrent Preclean
[2026-03-27T14:07:32.486+0900][36.622s][info][gc,marking  ] GC(501) Concurrent Preclean 0.045ms
[2026-03-27T14:07:32.486+0900][36.622s][info][gc,start    ] GC(501) Pause Remark
[2026-03-27T14:07:32.486+0900][36.624s][info][gc          ] GC(501) Pause Remark 233M->233M(504M) 1.542ms
[2026-03-27T14:07:32.486+0900][36.624s][info][gc,cpu      ] GC(501) User=0.00s Sys=0.00s Real=0.00s
[2026-03-27T14:07:32.486+0900][36.624s][info][gc,marking  ] GC(501) Concurrent Mark 4.604ms
[2026-03-27T14:07:32.486+0900][36.624s][info][gc,marking  ] GC(501) Concurrent Rebuild Remembered Sets
[2026-03-27T14:07:32.486+0900][36.625s][info][gc,marking  ] GC(501) Concurrent Rebuild Remembered Sets 1.089ms
[2026-03-27T14:07:32.486+0900][36.626s][info][gc,start    ] GC(501) Pause Cleanup
[2026-03-27T14:07:32.486+0900][36.626s][info][gc          ] GC(501) Pause Cleanup 233M->233M(504M) 0.379ms
[2026-03-27T14:07:32.486+0900][36.626s][info][gc,cpu      ] GC(501) User=0.00s Sys=0.00s Real=0.00s
[2026-03-27T14:07:32.486+0900][36.627s][info][gc,marking  ] GC(501) Concurrent Cleanup for Next Mark
[2026-03-27T14:07:32.486+0900][36.627s][info][gc,marking  ] GC(501) Concurrent Cleanup for Next Mark 0.709ms
[2026-03-27T14:07:32.486+0900][36.627s][info][gc          ] GC(501) Concurrent Mark Cycle 8.198ms
[2026-03-27T14:07:32.550+0900][36.680s][info][gc,start    ] GC(502) Pause Young (Concurrent Start) (G1 Humongous Allocation)
[2026-03-27T14:07:32.550+0900][36.680s][info][gc,task     ] GC(502) Using 8 workers of 8 for evacuation
[2026-03-27T14:07:32.550+0900][36.682s][info][gc,phases   ] GC(502)   Pre Evacuate Collection Set: 0.1ms
[2026-03-27T14:07:32.550+0900][36.682s][info][gc,phases   ] GC(502)   Merge Heap Roots: 0.3ms
[2026-03-27T14:07:32.550+0900][36.682s][info][gc,phases   ] GC(502)   Evacuate Collection Set: 0.3ms
[2026-03-27T14:07:32.550+0900][36.682s][info][gc,phases   ] GC(502)   Post Evacuate Collection Set: 0.8ms
[2026-03-27T14:07:32.550+0900][36.682s][info][gc,phases   ] GC(502)   Other: 0.2ms
[2026-03-27T14:07:32.550+0900][36.682s][info][gc,heap     ] GC(502) Eden regions: 1->0(219)
[2026-03-27T14:07:32.550+0900][36.682s][info][gc,heap     ] GC(502) Survivor regions: 1->1(28)
[2026-03-27T14:07:32.550+0900][36.682s][info][gc,heap     ] GC(502) Old regions: 1->1
[2026-03-27T14:07:32.550+0900][36.682s][info][gc,heap     ] GC(502) Archive regions: 0->0
[2026-03-27T14:07:32.550+0900][36.682s][info][gc,heap     ] GC(502) Humongous regions: 233->232
[2026-03-27T14:07:32.550+0900][36.682s][info][gc,metaspace] GC(502) Metaspace: 166K(384K)->166K(384K) NonClass: 157K(256K)->157K(256K) Class: 9K(128K)->9K(128K)
[2026-03-27T14:07:32.550+0900][36.682s][info][gc          ] GC(502) Pause Young (Concurrent Start) (G1 Humongous Allocation) 234M->232M(505M) 2.303ms
[2026-03-27T14:07:32.550+0900][36.682s][info][gc,cpu      ] GC(502) User=0.00s Sys=0.00s Real=0.00s
[2026-03-27T14:07:32.550+0900][36.682s][info][gc          ] GC(503) Concurrent Mark Cycle
[2026-03-27T14:07:32.550+0900][36.682s][info][gc,marking  ] GC(503) Concurrent Clear Claimed Marks
[2026-03-27T14:07:32.550+0900][36.682s][info][gc,marking  ] GC(503) Concurrent Clear Claimed Marks 0.041ms
[2026-03-27T14:07:32.550+0900][36.682s][info][gc,marking  ] GC(503) Concurrent Scan Root Regions
[2026-03-27T14:07:32.550+0900][36.683s][info][gc,marking  ] GC(503) Concurrent Scan Root Regions 0.258ms
[2026-03-27T14:07:32.550+0900][36.683s][info][gc,marking  ] GC(503) Concurrent Mark
[2026-03-27T14:07:32.550+0900][36.683s][info][gc,marking  ] GC(503) Concurrent Mark From Roots
[2026-03-27T14:07:32.550+0900][36.683s][info][gc,task     ] GC(503) Using 2 workers of 2 for marking
[2026-03-27T14:07:32.550+0900][36.685s][info][gc,marking  ] GC(503) Concurrent Mark From Roots 2.016ms
[2026-03-27T14:07:32.550+0900][36.685s][info][gc,marking  ] GC(503) Concurrent Preclean
[2026-03-27T14:07:32.550+0900][36.685s][info][gc,marking  ] GC(503) Concurrent Preclean 0.044ms
[2026-03-27T14:07:32.550+0900][36.686s][info][gc,start    ] GC(503) Pause Remark
[2026-03-27T14:07:32.556+0900][36.687s][info][gc          ] GC(503) Pause Remark 235M->235M(505M) 1.550ms
[2026-03-27T14:07:32.556+0900][36.687s][info][gc,cpu      ] GC(503) User=0.00s Sys=0.00s Real=0.01s
[2026-03-27T14:07:32.556+0900][36.687s][info][gc,marking  ] GC(503) Concurrent Mark 4.480ms
[2026-03-27T14:07:32.556+0900][36.687s][info][gc,marking  ] GC(503) Concurrent Rebuild Remembered Sets
[2026-03-27T14:07:32.556+0900][36.689s][info][gc,marking  ] GC(503) Concurrent Rebuild Remembered Sets 1.077ms
[2026-03-27T14:07:32.556+0900][36.689s][info][gc,start    ] GC(503) Pause Cleanup
[2026-03-27T14:07:32.556+0900][36.689s][info][gc          ] GC(503) Pause Cleanup 235M->235M(505M) 0.368ms
[2026-03-27T14:07:32.556+0900][36.689s][info][gc,cpu      ] GC(503) User=0.00s Sys=0.00s Real=0.00s
[2026-03-27T14:07:32.556+0900][36.690s][info][gc,marking  ] GC(503) Concurrent Cleanup for Next Mark
[2026-03-27T14:07:32.556+0900][36.690s][info][gc,marking  ] GC(503) Concurrent Cleanup for Next Mark 0.708ms
[2026-03-27T14:07:32.556+0900][36.690s][info][gc          ] GC(503) Concurrent Mark Cycle 8.122ms
[2026-03-27T14:07:32.614+0900][36.744s][info][gc,start    ] GC(504) Pause Young (Concurrent Start) (G1 Humongous Allocation)
[2026-03-27T14:07:32.614+0900][36.745s][info][gc,task     ] GC(504) Using 8 workers of 8 for evacuation
[2026-03-27T14:07:32.614+0900][36.747s][info][gc,phases   ] GC(504)   Pre Evacuate Collection Set: 0.3ms
[2026-03-27T14:07:32.614+0900][36.747s][info][gc,phases   ] GC(504)   Merge Heap Roots: 0.4ms
[2026-03-27T14:07:32.614+0900][36.747s][info][gc,phases   ] GC(504)   Evacuate Collection Set: 0.3ms
[2026-03-27T14:07:32.614+0900][36.747s][info][gc,phases   ] GC(504)   Post Evacuate Collection Set: 1.0ms
[2026-03-27T14:07:32.614+0900][36.747s][info][gc,phases   ] GC(504)   Other: 0.3ms
[2026-03-27T14:07:32.614+0900][36.747s][info][gc,heap     ] GC(504) Eden regions: 1->0(217)
[2026-03-27T14:07:32.614+0900][36.747s][info][gc,heap     ] GC(504) Survivor regions: 1->1(28)
[2026-03-27T14:07:32.614+0900][36.747s][info][gc,heap     ] GC(504) Old regions: 1->1
[2026-03-27T14:07:32.614+0900][36.747s][info][gc,heap     ] GC(504) Archive regions: 0->0
[2026-03-27T14:07:32.614+0900][36.747s][info][gc,heap     ] GC(504) Humongous regions: 235->234
[2026-03-27T14:07:32.614+0900][36.747s][info][gc,metaspace] GC(504) Metaspace: 166K(384K)->166K(384K) NonClass: 157K(256K)->157K(256K) Class: 9K(128K)->9K(128K)
[2026-03-27T14:07:32.614+0900][36.747s][info][gc          ] GC(504) Pause Young (Concurrent Start) (G1 Humongous Allocation) 236M->234M(505M) 2.876ms
[2026-03-27T14:07:32.614+0900][36.747s][info][gc,cpu      ] GC(504) User=0.00s Sys=0.00s Real=0.00s
[2026-03-27T14:07:32.614+0900][36.747s][info][gc          ] GC(505) Concurrent Mark Cycle
[2026-03-27T14:07:32.614+0900][36.748s][info][gc,marking  ] GC(505) Concurrent Clear Claimed Marks
[2026-03-27T14:07:32.614+0900][36.748s][info][gc,marking  ] GC(505) Concurrent Clear Claimed Marks 0.064ms
[2026-03-27T14:07:32.614+0900][36.748s][info][gc,marking  ] GC(505) Concurrent Scan Root Regions
[2026-03-27T14:07:32.614+0900][36.748s][info][gc,marking  ] GC(505) Concurrent Scan Root Regions 0.205ms
[2026-03-27T14:07:32.614+0900][36.748s][info][gc,marking  ] GC(505) Concurrent Mark
[2026-03-27T14:07:32.614+0900][36.748s][info][gc,marking  ] GC(505) Concurrent Mark From Roots
[2026-03-27T14:07:32.614+0900][36.748s][info][gc,task     ] GC(505) Using 2 workers of 2 for marking
[2026-03-27T14:07:32.614+0900][36.750s][info][gc,marking  ] GC(505) Concurrent Mark From Roots 2.023ms
[2026-03-27T14:07:32.614+0900][36.750s][info][gc,marking  ] GC(505) Concurrent Preclean
[2026-03-27T14:07:32.614+0900][36.750s][info][gc,marking  ] GC(505) Concurrent Preclean 0.044ms
[2026-03-27T14:07:32.614+0900][36.751s][info][gc,start    ] GC(505) Pause Remark
[2026-03-27T14:07:32.614+0900][36.752s][info][gc          ] GC(505) Pause Remark 235M->235M(505M) 1.559ms
[2026-03-27T14:07:32.614+0900][36.752s][info][gc,cpu      ] GC(505) User=0.00s Sys=0.00s Real=0.00s
[2026-03-27T14:07:32.614+0900][36.753s][info][gc,marking  ] GC(505) Concurrent Mark 4.519ms
[2026-03-27T14:07:32.614+0900][36.753s][info][gc,marking  ] GC(505) Concurrent Rebuild Remembered Sets
[2026-03-27T14:07:32.614+0900][36.754s][info][gc,marking  ] GC(505) Concurrent Rebuild Remembered Sets 1.242ms
[2026-03-27T14:07:32.614+0900][36.754s][info][gc,start    ] GC(505) Pause Cleanup
[2026-03-27T14:07:32.614+0900][36.755s][info][gc          ] GC(505) Pause Cleanup 235M->235M(505M) 0.395ms
[2026-03-27T14:07:32.614+0900][36.755s][info][gc,cpu      ] GC(505) User=0.00s Sys=0.00s Real=0.00s
[2026-03-27T14:07:32.614+0900][36.755s][info][gc,marking  ] GC(505) Concurrent Cleanup for Next Mark
[2026-03-27T14:07:32.614+0900][36.756s][info][gc,marking  ] GC(505) Concurrent Cleanup for Next Mark 0.820ms
[2026-03-27T14:07:32.614+0900][36.756s][info][gc          ] GC(505) Concurrent Mark Cycle 8.537ms
[2026-03-27T14:07:32.678+0900][36.808s][info][gc,start    ] GC(506) Pause Young (Concurrent Start) (G1 Humongous Allocation)
[2026-03-27T14:07:32.678+0900][36.809s][info][gc,task     ] GC(506) Using 8 workers of 8 for evacuation
[2026-03-27T14:07:32.678+0900][36.811s][info][gc,phases   ] GC(506)   Pre Evacuate Collection Set: 0.3ms
[2026-03-27T14:07:32.678+0900][36.811s][info][gc,phases   ] GC(506)   Merge Heap Roots: 0.4ms
[2026-03-27T14:07:32.678+0900][36.811s][info][gc,phases   ] GC(506)   Evacuate Collection Set: 0.6ms
[2026-03-27T14:07:32.678+0900][36.811s][info][gc,phases   ] GC(506)   Post Evacuate Collection Set: 1.0ms
[2026-03-27T14:07:32.678+0900][36.811s][info][gc,phases   ] GC(506)   Other: 0.3ms
[2026-03-27T14:07:32.678+0900][36.811s][info][gc,heap     ] GC(506) Eden regions: 1->0(217)
[2026-03-27T14:07:32.678+0900][36.811s][info][gc,heap     ] GC(506) Survivor regions: 1->1(28)
[2026-03-27T14:07:32.678+0900][36.811s][info][gc,heap     ] GC(506) Old regions: 1->1
[2026-03-27T14:07:32.678+0900][36.811s][info][gc,heap     ] GC(506) Archive regions: 0->0
[2026-03-27T14:07:32.678+0900][36.812s][info][gc,heap     ] GC(506) Humongous regions: 235->234
[2026-03-27T14:07:32.678+0900][36.812s][info][gc,metaspace] GC(506) Metaspace: 166K(384K)->166K(384K) NonClass: 157K(256K)->157K(256K) Class: 9K(128K)->9K(128K)
[2026-03-27T14:07:32.678+0900][36.812s][info][gc          ] GC(506) Pause Young (Concurrent Start) (G1 Humongous Allocation) 236M->234M(505M) 3.165ms
[2026-03-27T14:07:32.678+0900][36.812s][info][gc,cpu      ] GC(506) User=0.00s Sys=0.00s Real=0.00s
[2026-03-27T14:07:32.678+0900][36.812s][info][gc          ] GC(507) Concurrent Mark Cycle
[2026-03-27T14:07:32.678+0900][36.812s][info][gc,marking  ] GC(507) Concurrent Clear Claimed Marks
[2026-03-27T14:07:32.678+0900][36.812s][info][gc,marking  ] GC(507) Concurrent Clear Claimed Marks 0.042ms
[2026-03-27T14:07:32.678+0900][36.812s][info][gc,marking  ] GC(507) Concurrent Scan Root Regions
[2026-03-27T14:07:32.678+0900][36.812s][info][gc,marking  ] GC(507) Concurrent Scan Root Regions 0.168ms
[2026-03-27T14:07:32.678+0900][36.812s][info][gc,marking  ] GC(507) Concurrent Mark
[2026-03-27T14:07:32.678+0900][36.812s][info][gc,marking  ] GC(507) Concurrent Mark From Roots
[2026-03-27T14:07:32.678+0900][36.812s][info][gc,task     ] GC(507) Using 2 workers of 2 for marking
[2026-03-27T14:07:32.678+0900][36.814s][info][gc,marking  ] GC(507) Concurrent Mark From Roots 1.877ms
[2026-03-27T14:07:32.678+0900][36.814s][info][gc,marking  ] GC(507) Concurrent Preclean
[2026-03-27T14:07:32.678+0900][36.814s][info][gc,marking  ] GC(507) Concurrent Preclean 0.043ms
[2026-03-27T14:07:32.678+0900][36.815s][info][gc,start    ] GC(507) Pause Remark
[2026-03-27T14:07:32.678+0900][36.816s][info][gc          ] GC(507) Pause Remark 235M->235M(505M) 1.420ms
[2026-03-27T14:07:32.678+0900][36.816s][info][gc,cpu      ] GC(507) User=0.00s Sys=0.00s Real=0.00s
[2026-03-27T14:07:32.678+0900][36.816s][info][gc,marking  ] GC(507) Concurrent Mark 4.103ms
[2026-03-27T14:07:32.678+0900][36.816s][info][gc,marking  ] GC(507) Concurrent Rebuild Remembered Sets
[2026-03-27T14:07:32.678+0900][36.818s][info][gc,marking  ] GC(507) Concurrent Rebuild Remembered Sets 1.151ms
[2026-03-27T14:07:32.678+0900][36.818s][info][gc,start    ] GC(507) Pause Cleanup
[2026-03-27T14:07:32.678+0900][36.818s][info][gc          ] GC(507) Pause Cleanup 235M->235M(505M) 0.370ms
[2026-03-27T14:07:32.678+0900][36.819s][info][gc,cpu      ] GC(507) User=0.00s Sys=0.00s Real=0.00s
[2026-03-27T14:07:32.678+0900][36.819s][info][gc,marking  ] GC(507) Concurrent Cleanup for Next Mark
[2026-03-27T14:07:32.678+0900][36.819s][info][gc,marking  ] GC(507) Concurrent Cleanup for Next Mark 0.703ms
[2026-03-27T14:07:32.678+0900][36.820s][info][gc          ] GC(507) Concurrent Mark Cycle 7.743ms
[2026-03-27T14:07:32.742+0900][36.872s][info][gc,start    ] GC(508) Pause Young (Concurrent Start) (G1 Humongous Allocation)
[2026-03-27T14:07:32.742+0900][36.873s][info][gc,task     ] GC(508) Using 8 workers of 8 for evacuation
[2026-03-27T14:07:32.744+0900][36.875s][info][gc,phases   ] GC(508)   Pre Evacuate Collection Set: 0.3ms
[2026-03-27T14:07:32.744+0900][36.875s][info][gc,phases   ] GC(508)   Merge Heap Roots: 0.3ms
[2026-03-27T14:07:32.744+0900][36.875s][info][gc,phases   ] GC(508)   Evacuate Collection Set: 0.4ms
[2026-03-27T14:07:32.744+0900][36.875s][info][gc,phases   ] GC(508)   Post Evacuate Collection Set: 0.8ms
[2026-03-27T14:07:32.744+0900][36.875s][info][gc,phases   ] GC(508)   Other: 0.2ms
[2026-03-27T14:07:32.744+0900][36.875s][info][gc,heap     ] GC(508) Eden regions: 1->0(217)
[2026-03-27T14:07:32.744+0900][36.875s][info][gc,heap     ] GC(508) Survivor regions: 1->1(28)
[2026-03-27T14:07:32.744+0900][36.875s][info][gc,heap     ] GC(508) Old regions: 1->1
[2026-03-27T14:07:32.744+0900][36.875s][info][gc,heap     ] GC(508) Archive regions: 0->0
[2026-03-27T14:07:32.744+0900][36.875s][info][gc,heap     ] GC(508) Humongous regions: 235->234
[2026-03-27T14:07:32.744+0900][36.875s][info][gc,metaspace] GC(508) Metaspace: 166K(384K)->166K(384K) NonClass: 157K(256K)->157K(256K) Class: 9K(128K)->9K(128K)
[2026-03-27T14:07:32.744+0900][36.875s][info][gc          ] GC(508) Pause Young (Concurrent Start) (G1 Humongous Allocation) 236M->234M(505M) 2.722ms
[2026-03-27T14:07:32.744+0900][36.875s][info][gc,cpu      ] GC(508) User=0.00s Sys=0.00s Real=0.00s
[2026-03-27T14:07:32.744+0900][36.875s][info][gc          ] GC(509) Concurrent Mark Cycle
[2026-03-27T14:07:32.744+0900][36.875s][info][gc,marking  ] GC(509) Concurrent Clear Claimed Marks
[2026-03-27T14:07:32.744+0900][36.875s][info][gc,marking  ] GC(509) Concurrent Clear Claimed Marks 0.042ms
[2026-03-27T14:07:32.744+0900][36.875s][info][gc,marking  ] GC(509) Concurrent Scan Root Regions
[2026-03-27T14:07:32.744+0900][36.876s][info][gc,marking  ] GC(509) Concurrent Scan Root Regions 0.112ms
[2026-03-27T14:07:32.744+0900][36.876s][info][gc,marking  ] GC(509) Concurrent Mark
[2026-03-27T14:07:32.744+0900][36.876s][info][gc,marking  ] GC(509) Concurrent Mark From Roots
[2026-03-27T14:07:32.744+0900][36.876s][info][gc,task     ] GC(509) Using 2 workers of 2 for marking
[2026-03-27T14:07:32.744+0900][36.879s][info][gc,marking  ] GC(509) Concurrent Mark From Roots 3.044ms
[2026-03-27T14:07:32.744+0900][36.879s][info][gc,marking  ] GC(509) Concurrent Preclean
[2026-03-27T14:07:32.744+0900][36.879s][info][gc,marking  ] GC(509) Concurrent Preclean 0.049ms
[2026-03-27T14:07:32.744+0900][36.879s][info][gc,start    ] GC(509) Pause Remark
[2026-03-27T14:07:32.744+0900][36.881s][info][gc          ] GC(509) Pause Remark 235M->235M(505M) 1.149ms
[2026-03-27T14:07:32.744+0900][36.881s][info][gc,cpu      ] GC(509) User=0.00s Sys=0.00s Real=0.00s
[2026-03-27T14:07:32.744+0900][36.881s][info][gc,marking  ] GC(509) Concurrent Mark 5.080ms
[2026-03-27T14:07:32.744+0900][36.881s][info][gc,marking  ] GC(509) Concurrent Rebuild Remembered Sets
[2026-03-27T14:07:32.744+0900][36.882s][info][gc,marking  ] GC(509) Concurrent Rebuild Remembered Sets 0.838ms
[2026-03-27T14:07:32.744+0900][36.882s][info][gc,start    ] GC(509) Pause Cleanup
[2026-03-27T14:07:32.744+0900][36.882s][info][gc          ] GC(509) Pause Cleanup 235M->235M(505M) 0.267ms
[2026-03-27T14:07:32.744+0900][36.882s][info][gc,cpu      ] GC(509) User=0.00s Sys=0.00s Real=0.00s
[2026-03-27T14:07:32.744+0900][36.882s][info][gc,marking  ] GC(509) Concurrent Cleanup for Next Mark
[2026-03-27T14:07:32.744+0900][36.883s][info][gc,marking  ] GC(509) Concurrent Cleanup for Next Mark 0.560ms
[2026-03-27T14:07:32.744+0900][36.883s][info][gc          ] GC(509) Concurrent Mark Cycle 7.783ms
[2026-03-27T14:07:32.806+0900][36.936s][info][gc,start    ] GC(510) Pause Young (Concurrent Start) (G1 Humongous Allocation)
[2026-03-27T14:07:32.806+0900][36.936s][info][gc,task     ] GC(510) Using 8 workers of 8 for evacuation
[2026-03-27T14:07:32.806+0900][36.937s][info][gc,phases   ] GC(510)   Pre Evacuate Collection Set: 0.1ms
[2026-03-27T14:07:32.806+0900][36.937s][info][gc,phases   ] GC(510)   Merge Heap Roots: 0.1ms
[2026-03-27T14:07:32.806+0900][36.937s][info][gc,phases   ] GC(510)   Evacuate Collection Set: 0.1ms
[2026-03-27T14:07:32.806+0900][36.937s][info][gc,phases   ] GC(510)   Post Evacuate Collection Set: 0.4ms
[2026-03-27T14:07:32.806+0900][36.937s][info][gc,phases   ] GC(510)   Other: 0.1ms
[2026-03-27T14:07:32.806+0900][36.937s][info][gc,heap     ] GC(510) Eden regions: 1->0(218)
[2026-03-27T14:07:32.806+0900][36.937s][info][gc,heap     ] GC(510) Survivor regions: 1->1(28)
[2026-03-27T14:07:32.806+0900][36.937s][info][gc,heap     ] GC(510) Old regions: 1->1
[2026-03-27T14:07:32.806+0900][36.937s][info][gc,heap     ] GC(510) Archive regions: 0->0
[2026-03-27T14:07:32.806+0900][36.937s][info][gc,heap     ] GC(510) Humongous regions: 235->234
[2026-03-27T14:07:32.806+0900][36.937s][info][gc,metaspace] GC(510) Metaspace: 166K(384K)->166K(384K) NonClass: 157K(256K)->157K(256K) Class: 9K(128K)->9K(128K)
[2026-03-27T14:07:32.806+0900][36.937s][info][gc          ] GC(510) Pause Young (Concurrent Start) (G1 Humongous Allocation) 236M->234M(506M) 1.136ms
[2026-03-27T14:07:32.806+0900][36.937s][info][gc,cpu      ] GC(510) User=0.00s Sys=0.00s Real=0.00s
[2026-03-27T14:07:32.806+0900][36.937s][info][gc          ] GC(511) Concurrent Mark Cycle
[2026-03-27T14:07:32.806+0900][36.937s][info][gc,marking  ] GC(511) Concurrent Clear Claimed Marks
[2026-03-27T14:07:32.806+0900][36.937s][info][gc,marking  ] GC(511) Concurrent Clear Claimed Marks 0.019ms
[2026-03-27T14:07:32.806+0900][36.938s][info][gc,marking  ] GC(511) Concurrent Scan Root Regions
[2026-03-27T14:07:32.806+0900][36.938s][info][gc,marking  ] GC(511) Concurrent Scan Root Regions 0.030ms
[2026-03-27T14:07:32.806+0900][36.938s][info][gc,marking  ] GC(511) Concurrent Mark
[2026-03-27T14:07:32.806+0900][36.938s][info][gc,marking  ] GC(511) Concurrent Mark From Roots
[2026-03-27T14:07:32.806+0900][36.938s][info][gc,task     ] GC(511) Using 2 workers of 2 for marking
[2026-03-27T14:07:32.806+0900][36.938s][info][gc,marking  ] GC(511) Concurrent Mark From Roots 0.785ms
[2026-03-27T14:07:32.806+0900][36.938s][info][gc,marking  ] GC(511) Concurrent Preclean
[2026-03-27T14:07:32.806+0900][36.938s][info][gc,marking  ] GC(511) Concurrent Preclean 0.014ms
[2026-03-27T14:07:32.806+0900][36.939s][info][gc,start    ] GC(511) Pause Remark
[2026-03-27T14:07:32.806+0900][36.939s][info][gc          ] GC(511) Pause Remark 235M->235M(506M) 0.604ms
[2026-03-27T14:07:32.806+0900][36.939s][info][gc,cpu      ] GC(511) User=0.00s Sys=0.00s Real=0.00s
[2026-03-27T14:07:32.806+0900][36.939s][info][gc,marking  ] GC(511) Concurrent Mark 1.639ms
[2026-03-27T14:07:32.806+0900][36.939s][info][gc,marking  ] GC(511) Concurrent Rebuild Remembered Sets
[2026-03-27T14:07:32.806+0900][36.940s][info][gc,marking  ] GC(511) Concurrent Rebuild Remembered Sets 0.411ms
[2026-03-27T14:07:32.806+0900][36.940s][info][gc,start    ] GC(511) Pause Cleanup
[2026-03-27T14:07:32.806+0900][36.940s][info][gc          ] GC(511) Pause Cleanup 235M->235M(506M) 0.192ms
[2026-03-27T14:07:32.806+0900][36.940s][info][gc,cpu      ] GC(511) User=0.00s Sys=0.00s Real=0.00s
[2026-03-27T14:07:32.806+0900][36.940s][info][gc,marking  ] GC(511) Concurrent Cleanup for Next Mark
[2026-03-27T14:07:32.806+0900][36.940s][info][gc,marking  ] GC(511) Concurrent Cleanup for Next Mark 0.332ms
[2026-03-27T14:07:32.806+0900][36.941s][info][gc          ] GC(511) Concurrent Mark Cycle 3.084ms
[2026-03-27T14:07:32.870+0900][37.001s][info][gc,start    ] GC(512) Pause Young (Concurrent Start) (G1 Humongous Allocation)
[2026-03-27T14:07:32.870+0900][37.001s][info][gc,task     ] GC(512) Using 8 workers of 8 for evacuation
[2026-03-27T14:07:32.871+0900][37.004s][info][gc,phases   ] GC(512)   Pre Evacuate Collection Set: 0.3ms
[2026-03-27T14:07:32.871+0900][37.004s][info][gc,phases   ] GC(512)   Merge Heap Roots: 0.4ms
[2026-03-27T14:07:32.871+0900][37.004s][info][gc,phases   ] GC(512)   Evacuate Collection Set: 0.5ms
[2026-03-27T14:07:32.871+0900][37.004s][info][gc,phases   ] GC(512)   Post Evacuate Collection Set: 1.0ms
[2026-03-27T14:07:32.871+0900][37.004s][info][gc,phases   ] GC(512)   Other: 0.2ms
[2026-03-27T14:07:32.871+0900][37.004s][info][gc,heap     ] GC(512) Eden regions: 1->0(218)
[2026-03-27T14:07:32.871+0900][37.004s][info][gc,heap     ] GC(512) Survivor regions: 1->1(28)
[2026-03-27T14:07:32.871+0900][37.004s][info][gc,heap     ] GC(512) Old regions: 1->1
[2026-03-27T14:07:32.871+0900][37.004s][info][gc,heap     ] GC(512) Archive regions: 0->0
[2026-03-27T14:07:32.871+0900][37.004s][info][gc,heap     ] GC(512) Humongous regions: 235->234
[2026-03-27T14:07:32.871+0900][37.004s][info][gc,metaspace] GC(512) Metaspace: 166K(384K)->166K(384K) NonClass: 157K(256K)->157K(256K) Class: 9K(128K)->9K(128K)
[2026-03-27T14:07:32.871+0900][37.004s][info][gc          ] GC(512) Pause Young (Concurrent Start) (G1 Humongous Allocation) 236M->234M(506M) 3.157ms
[2026-03-27T14:07:32.871+0900][37.004s][info][gc,cpu      ] GC(512) User=0.00s Sys=0.00s Real=0.00s
[2026-03-27T14:07:32.871+0900][37.004s][info][gc          ] GC(513) Concurrent Mark Cycle
[2026-03-27T14:07:32.871+0900][37.004s][info][gc,marking  ] GC(513) Concurrent Clear Claimed Marks
[2026-03-27T14:07:32.871+0900][37.004s][info][gc,marking  ] GC(513) Concurrent Clear Claimed Marks 0.041ms
[2026-03-27T14:07:32.871+0900][37.004s][info][gc,marking  ] GC(513) Concurrent Scan Root Regions
[2026-03-27T14:07:32.871+0900][37.005s][info][gc,marking  ] GC(513) Concurrent Scan Root Regions 0.224ms
[2026-03-27T14:07:32.871+0900][37.005s][info][gc,marking  ] GC(513) Concurrent Mark
[2026-03-27T14:07:32.871+0900][37.005s][info][gc,marking  ] GC(513) Concurrent Mark From Roots
[2026-03-27T14:07:32.871+0900][37.005s][info][gc,task     ] GC(513) Using 2 workers of 2 for marking
[2026-03-27T14:07:32.871+0900][37.007s][info][gc,marking  ] GC(513) Concurrent Mark From Roots 1.898ms
[2026-03-27T14:07:32.871+0900][37.007s][info][gc,marking  ] GC(513) Concurrent Preclean
[2026-03-27T14:07:32.871+0900][37.007s][info][gc,marking  ] GC(513) Concurrent Preclean 0.041ms
[2026-03-27T14:07:32.871+0900][37.007s][info][gc,start    ] GC(513) Pause Remark
[2026-03-27T14:07:32.871+0900][37.009s][info][gc          ] GC(513) Pause Remark 237M->237M(506M) 1.538ms
[2026-03-27T14:07:32.871+0900][37.009s][info][gc,cpu      ] GC(513) User=0.00s Sys=0.00s Real=0.00s
[2026-03-27T14:07:32.871+0900][37.009s][info][gc,marking  ] GC(513) Concurrent Mark 4.298ms
[2026-03-27T14:07:32.871+0900][37.009s][info][gc,marking  ] GC(513) Concurrent Rebuild Remembered Sets
[2026-03-27T14:07:32.871+0900][37.010s][info][gc,marking  ] GC(513) Concurrent Rebuild Remembered Sets 1.029ms
[2026-03-27T14:07:32.871+0900][37.011s][info][gc,start    ] GC(513) Pause Cleanup
[2026-03-27T14:07:32.871+0900][37.011s][info][gc          ] GC(513) Pause Cleanup 237M->237M(506M) 0.311ms
[2026-03-27T14:07:32.871+0900][37.011s][info][gc,cpu      ] GC(513) User=0.00s Sys=0.00s Real=0.00s
[2026-03-27T14:07:32.871+0900][37.011s][info][gc,marking  ] GC(513) Concurrent Cleanup for Next Mark
[2026-03-27T14:07:32.871+0900][37.012s][info][gc,marking  ] GC(513) Concurrent Cleanup for Next Mark 0.605ms
[2026-03-27T14:07:32.871+0900][37.012s][info][gc          ] GC(513) Concurrent Mark Cycle 7.516ms
[2026-03-27T14:07:32.934+0900][37.065s][info][gc,start    ] GC(514) Pause Young (Concurrent Start) (G1 Humongous Allocation)
[2026-03-27T14:07:32.934+0900][37.065s][info][gc,task     ] GC(514) Using 8 workers of 8 for evacuation
[2026-03-27T14:07:32.934+0900][37.067s][info][gc,phases   ] GC(514)   Pre Evacuate Collection Set: 0.2ms
[2026-03-27T14:07:32.934+0900][37.067s][info][gc,phases   ] GC(514)   Merge Heap Roots: 0.3ms
[2026-03-27T14:07:32.934+0900][37.067s][info][gc,phases   ] GC(514)   Evacuate Collection Set: 0.3ms
[2026-03-27T14:07:32.934+0900][37.067s][info][gc,phases   ] GC(514)   Post Evacuate Collection Set: 1.0ms
[2026-03-27T14:07:32.934+0900][37.067s][info][gc,phases   ] GC(514)   Other: 0.3ms
[2026-03-27T14:07:32.934+0900][37.067s][info][gc,heap     ] GC(514) Eden regions: 1->0(216)
[2026-03-27T14:07:32.934+0900][37.067s][info][gc,heap     ] GC(514) Survivor regions: 1->1(28)
[2026-03-27T14:07:32.934+0900][37.067s][info][gc,heap     ] GC(514) Old regions: 1->1
[2026-03-27T14:07:32.934+0900][37.067s][info][gc,heap     ] GC(514) Archive regions: 0->0
[2026-03-27T14:07:32.934+0900][37.068s][info][gc,heap     ] GC(514) Humongous regions: 237->236
[2026-03-27T14:07:32.934+0900][37.068s][info][gc,metaspace] GC(514) Metaspace: 166K(384K)->166K(384K) NonClass: 157K(256K)->157K(256K) Class: 9K(128K)->9K(128K)
[2026-03-27T14:07:32.934+0900][37.068s][info][gc          ] GC(514) Pause Young (Concurrent Start) (G1 Humongous Allocation) 238M->236M(506M) 2.783ms
[2026-03-27T14:07:32.934+0900][37.068s][info][gc,cpu      ] GC(514) User=0.00s Sys=0.00s Real=0.00s
[2026-03-27T14:07:32.934+0900][37.068s][info][gc          ] GC(515) Concurrent Mark Cycle
[2026-03-27T14:07:32.934+0900][37.068s][info][gc,marking  ] GC(515) Concurrent Clear Claimed Marks
[2026-03-27T14:07:32.934+0900][37.068s][info][gc,marking  ] GC(515) Concurrent Clear Claimed Marks 0.041ms
[2026-03-27T14:07:32.934+0900][37.068s][info][gc,marking  ] GC(515) Concurrent Scan Root Regions
[2026-03-27T14:07:32.934+0900][37.068s][info][gc,marking  ] GC(515) Concurrent Scan Root Regions 0.224ms
[2026-03-27T14:07:32.934+0900][37.068s][info][gc,marking  ] GC(515) Concurrent Mark
[2026-03-27T14:07:32.934+0900][37.068s][info][gc,marking  ] GC(515) Concurrent Mark From Roots
[2026-03-27T14:07:32.934+0900][37.068s][info][gc,task     ] GC(515) Using 2 workers of 2 for marking
[2026-03-27T14:07:32.934+0900][37.070s][info][gc,marking  ] GC(515) Concurrent Mark From Roots 2.002ms
[2026-03-27T14:07:32.934+0900][37.070s][info][gc,marking  ] GC(515) Concurrent Preclean
[2026-03-27T14:07:32.934+0900][37.071s][info][gc,marking  ] GC(515) Concurrent Preclean 0.045ms
[2026-03-27T14:07:32.934+0900][37.071s][info][gc,start    ] GC(515) Pause Remark
[2026-03-27T14:07:32.934+0900][37.072s][info][gc          ] GC(515) Pause Remark 237M->237M(506M) 1.430ms
[2026-03-27T14:07:32.934+0900][37.072s][info][gc,cpu      ] GC(515) User=0.00s Sys=0.02s Real=0.00s
[2026-03-27T14:07:32.934+0900][37.073s][info][gc,marking  ] GC(515) Concurrent Mark 4.310ms
[2026-03-27T14:07:32.934+0900][37.073s][info][gc,marking  ] GC(515) Concurrent Rebuild Remembered Sets
[2026-03-27T14:07:32.934+0900][37.074s][info][gc,marking  ] GC(515) Concurrent Rebuild Remembered Sets 0.990ms
[2026-03-27T14:07:32.934+0900][37.074s][info][gc,start    ] GC(515) Pause Cleanup
[2026-03-27T14:07:32.934+0900][37.075s][info][gc          ] GC(515) Pause Cleanup 237M->237M(506M) 0.358ms
[2026-03-27T14:07:32.934+0900][37.075s][info][gc,cpu      ] GC(515) User=0.00s Sys=0.00s Real=0.00s
[2026-03-27T14:07:32.934+0900][37.075s][info][gc,marking  ] GC(515) Concurrent Cleanup for Next Mark
[2026-03-27T14:07:32.934+0900][37.075s][info][gc,marking  ] GC(515) Concurrent Cleanup for Next Mark 0.651ms
[2026-03-27T14:07:32.934+0900][37.075s][info][gc          ] GC(515) Concurrent Mark Cycle 7.674ms
[2026-03-27T14:07:32.999+0900][37.129s][info][gc,start    ] GC(516) Pause Young (Concurrent Start) (G1 Humongous Allocation)
[2026-03-27T14:07:32.999+0900][37.130s][info][gc,task     ] GC(516) Using 8 workers of 8 for evacuation
[2026-03-27T14:07:32.999+0900][37.131s][info][gc,phases   ] GC(516)   Pre Evacuate Collection Set: 0.3ms
[2026-03-27T14:07:32.999+0900][37.131s][info][gc,phases   ] GC(516)   Merge Heap Roots: 0.3ms
[2026-03-27T14:07:32.999+0900][37.131s][info][gc,phases   ] GC(516)   Evacuate Collection Set: 0.3ms
[2026-03-27T14:07:32.999+0900][37.132s][info][gc,phases   ] GC(516)   Post Evacuate Collection Set: 0.6ms
[2026-03-27T14:07:32.999+0900][37.132s][info][gc,phases   ] GC(516)   Other: 0.2ms
[2026-03-27T14:07:32.999+0900][37.132s][info][gc,heap     ] GC(516) Eden regions: 1->0(216)
[2026-03-27T14:07:32.999+0900][37.132s][info][gc,heap     ] GC(516) Survivor regions: 1->1(28)
[2026-03-27T14:07:32.999+0900][37.132s][info][gc,heap     ] GC(516) Old regions: 1->1
[2026-03-27T14:07:32.999+0900][37.132s][info][gc,heap     ] GC(516) Archive regions: 0->0
[2026-03-27T14:07:32.999+0900][37.132s][info][gc,heap     ] GC(516) Humongous regions: 237->236
[2026-03-27T14:07:32.999+0900][37.132s][info][gc,metaspace] GC(516) Metaspace: 166K(384K)->166K(384K) NonClass: 157K(256K)->157K(256K) Class: 9K(128K)->9K(128K)
[2026-03-27T14:07:32.999+0900][37.132s][info][gc          ] GC(516) Pause Young (Concurrent Start) (G1 Humongous Allocation) 238M->236M(506M) 2.446ms
[2026-03-27T14:07:32.999+0900][37.132s][info][gc,cpu      ] GC(516) User=0.00s Sys=0.00s Real=0.00s
[2026-03-27T14:07:32.999+0900][37.132s][info][gc          ] GC(517) Concurrent Mark Cycle
[2026-03-27T14:07:32.999+0900][37.132s][info][gc,marking  ] GC(517) Concurrent Clear Claimed Marks
[2026-03-27T14:07:32.999+0900][37.132s][info][gc,marking  ] GC(517) Concurrent Clear Claimed Marks 0.050ms
[2026-03-27T14:07:32.999+0900][37.132s][info][gc,marking  ] GC(517) Concurrent Scan Root Regions
[2026-03-27T14:07:32.999+0900][37.132s][info][gc,marking  ] GC(517) Concurrent Scan Root Regions 0.164ms
[2026-03-27T14:07:32.999+0900][37.132s][info][gc,marking  ] GC(517) Concurrent Mark
[2026-03-27T14:07:32.999+0900][37.133s][info][gc,marking  ] GC(517) Concurrent Mark From Roots
[2026-03-27T14:07:32.999+0900][37.133s][info][gc,task     ] GC(517) Using 2 workers of 2 for marking
[2026-03-27T14:07:32.999+0900][37.135s][info][gc,marking  ] GC(517) Concurrent Mark From Roots 2.008ms
[2026-03-27T14:07:32.999+0900][37.135s][info][gc,marking  ] GC(517) Concurrent Preclean
[2026-03-27T14:07:32.999+0900][37.135s][info][gc,marking  ] GC(517) Concurrent Preclean 0.046ms
[2026-03-27T14:07:32.999+0900][37.135s][info][gc,start    ] GC(517) Pause Remark
[2026-03-27T14:07:32.999+0900][37.137s][info][gc          ] GC(517) Pause Remark 237M->237M(506M) 1.587ms
[2026-03-27T14:07:32.999+0900][37.137s][info][gc,cpu      ] GC(517) User=0.00s Sys=0.00s Real=0.00s
[2026-03-27T14:07:32.999+0900][37.137s][info][gc,marking  ] GC(517) Concurrent Mark 4.515ms
[2026-03-27T14:07:32.999+0900][37.137s][info][gc,marking  ] GC(517) Concurrent Rebuild Remembered Sets
[2026-03-27T14:07:32.999+0900][37.138s][info][gc,marking  ] GC(517) Concurrent Rebuild Remembered Sets 1.121ms
[2026-03-27T14:07:32.999+0900][37.139s][info][gc,start    ] GC(517) Pause Cleanup
[2026-03-27T14:07:32.999+0900][37.139s][info][gc          ] GC(517) Pause Cleanup 237M->237M(506M) 0.375ms
[2026-03-27T14:07:32.999+0900][37.139s][info][gc,cpu      ] GC(517) User=0.00s Sys=0.00s Real=0.00s
[2026-03-27T14:07:32.999+0900][37.139s][info][gc,marking  ] GC(517) Concurrent Cleanup for Next Mark
[2026-03-27T14:07:32.999+0900][37.140s][info][gc,marking  ] GC(517) Concurrent Cleanup for Next Mark 0.718ms
[2026-03-27T14:07:32.999+0900][37.140s][info][gc          ] GC(517) Concurrent Mark Cycle 8.198ms
[2026-03-27T14:07:33.062+0900][37.193s][info][gc,start    ] GC(518) Pause Young (Concurrent Start) (G1 Humongous Allocation)
[2026-03-27T14:07:33.062+0900][37.193s][info][gc,task     ] GC(518) Using 8 workers of 8 for evacuation
[2026-03-27T14:07:33.062+0900][37.194s][info][gc,phases   ] GC(518)   Pre Evacuate Collection Set: 0.1ms
[2026-03-27T14:07:33.062+0900][37.194s][info][gc,phases   ] GC(518)   Merge Heap Roots: 0.2ms
[2026-03-27T14:07:33.062+0900][37.194s][info][gc,phases   ] GC(518)   Evacuate Collection Set: 0.1ms
[2026-03-27T14:07:33.062+0900][37.194s][info][gc,phases   ] GC(518)   Post Evacuate Collection Set: 0.6ms
[2026-03-27T14:07:33.062+0900][37.194s][info][gc,phases   ] GC(518)   Other: 0.3ms
[2026-03-27T14:07:33.062+0900][37.194s][info][gc,heap     ] GC(518) Eden regions: 1->0(217)
[2026-03-27T14:07:33.062+0900][37.194s][info][gc,heap     ] GC(518) Survivor regions: 1->1(28)
[2026-03-27T14:07:33.062+0900][37.194s][info][gc,heap     ] GC(518) Old regions: 1->1
[2026-03-27T14:07:33.062+0900][37.194s][info][gc,heap     ] GC(518) Archive regions: 0->0
[2026-03-27T14:07:33.062+0900][37.194s][info][gc,heap     ] GC(518) Humongous regions: 237->236
[2026-03-27T14:07:33.062+0900][37.194s][info][gc,metaspace] GC(518) Metaspace: 166K(384K)->166K(384K) NonClass: 157K(256K)->157K(256K) Class: 9K(128K)->9K(128K)
[2026-03-27T14:07:33.062+0900][37.194s][info][gc          ] GC(518) Pause Young (Concurrent Start) (G1 Humongous Allocation) 238M->236M(507M) 1.657ms
[2026-03-27T14:07:33.062+0900][37.194s][info][gc,cpu      ] GC(518) User=0.00s Sys=0.00s Real=0.00s
[2026-03-27T14:07:33.062+0900][37.194s][info][gc          ] GC(519) Concurrent Mark Cycle
[2026-03-27T14:07:33.062+0900][37.195s][info][gc,marking  ] GC(519) Concurrent Clear Claimed Marks
[2026-03-27T14:07:33.062+0900][37.195s][info][gc,marking  ] GC(519) Concurrent Clear Claimed Marks 0.019ms
[2026-03-27T14:07:33.062+0900][37.195s][info][gc,marking  ] GC(519) Concurrent Scan Root Regions
[2026-03-27T14:07:33.062+0900][37.195s][info][gc,marking  ] GC(519) Concurrent Scan Root Regions 0.106ms
[2026-03-27T14:07:33.062+0900][37.195s][info][gc,marking  ] GC(519) Concurrent Mark
[2026-03-27T14:07:33.062+0900][37.195s][info][gc,marking  ] GC(519) Concurrent Mark From Roots
[2026-03-27T14:07:33.062+0900][37.195s][info][gc,task     ] GC(519) Using 2 workers of 2 for marking
[2026-03-27T14:07:33.062+0900][37.196s][info][gc,marking  ] GC(519) Concurrent Mark From Roots 0.896ms
[2026-03-27T14:07:33.062+0900][37.196s][info][gc,marking  ] GC(519) Concurrent Preclean
[2026-03-27T14:07:33.062+0900][37.196s][info][gc,marking  ] GC(519) Concurrent Preclean 0.026ms
[2026-03-27T14:07:33.062+0900][37.196s][info][gc,start    ] GC(519) Pause Remark
[2026-03-27T14:07:33.062+0900][37.197s][info][gc          ] GC(519) Pause Remark 237M->237M(507M) 1.130ms
[2026-03-27T14:07:33.062+0900][37.197s][info][gc,cpu      ] GC(519) User=0.00s Sys=0.00s Real=0.00s
[2026-03-27T14:07:33.062+0900][37.197s][info][gc,marking  ] GC(519) Concurrent Mark 2.473ms
[2026-03-27T14:07:33.062+0900][37.197s][info][gc,marking  ] GC(519) Concurrent Rebuild Remembered Sets
[2026-03-27T14:07:33.062+0900][37.198s][info][gc,marking  ] GC(519) Concurrent Rebuild Remembered Sets 0.429ms
[2026-03-27T14:07:33.062+0900][37.198s][info][gc,start    ] GC(519) Pause Cleanup
[2026-03-27T14:07:33.062+0900][37.198s][info][gc          ] GC(519) Pause Cleanup 237M->237M(507M) 0.124ms
[2026-03-27T14:07:33.062+0900][37.198s][info][gc,cpu      ] GC(519) User=0.00s Sys=0.00s Real=0.00s
[2026-03-27T14:07:33.062+0900][37.198s][info][gc,marking  ] GC(519) Concurrent Cleanup for Next Mark
[2026-03-27T14:07:33.062+0900][37.198s][info][gc,marking  ] GC(519) Concurrent Cleanup for Next Mark 0.273ms
[2026-03-27T14:07:33.062+0900][37.198s][info][gc          ] GC(519) Concurrent Mark Cycle 3.974ms
[2026-03-27T14:07:33.125+0900][37.256s][info][gc,start    ] GC(520) Pause Young (Concurrent Start) (G1 Humongous Allocation)
[2026-03-27T14:07:33.125+0900][37.256s][info][gc,task     ] GC(520) Using 8 workers of 8 for evacuation
[2026-03-27T14:07:33.125+0900][37.257s][info][gc,phases   ] GC(520)   Pre Evacuate Collection Set: 0.1ms
[2026-03-27T14:07:33.125+0900][37.257s][info][gc,phases   ] GC(520)   Merge Heap Roots: 0.1ms
[2026-03-27T14:07:33.125+0900][37.257s][info][gc,phases   ] GC(520)   Evacuate Collection Set: 0.1ms
[2026-03-27T14:07:33.125+0900][37.257s][info][gc,phases   ] GC(520)   Post Evacuate Collection Set: 0.3ms
[2026-03-27T14:07:33.125+0900][37.257s][info][gc,phases   ] GC(520)   Other: 0.1ms
[2026-03-27T14:07:33.125+0900][37.257s][info][gc,heap     ] GC(520) Eden regions: 1->0(217)
[2026-03-27T14:07:33.125+0900][37.257s][info][gc,heap     ] GC(520) Survivor regions: 1->1(28)
[2026-03-27T14:07:33.125+0900][37.257s][info][gc,heap     ] GC(520) Old regions: 1->1
[2026-03-27T14:07:33.125+0900][37.257s][info][gc,heap     ] GC(520) Archive regions: 0->0
[2026-03-27T14:07:33.125+0900][37.257s][info][gc,heap     ] GC(520) Humongous regions: 237->236
[2026-03-27T14:07:33.125+0900][37.257s][info][gc,metaspace] GC(520) Metaspace: 166K(384K)->166K(384K) NonClass: 157K(256K)->157K(256K) Class: 9K(128K)->9K(128K)
[2026-03-27T14:07:33.125+0900][37.257s][info][gc          ] GC(520) Pause Young (Concurrent Start) (G1 Humongous Allocation) 238M->236M(507M) 0.928ms
[2026-03-27T14:07:33.125+0900][37.257s][info][gc,cpu      ] GC(520) User=0.00s Sys=0.00s Real=0.00s
[2026-03-27T14:07:33.125+0900][37.257s][info][gc          ] GC(521) Concurrent Mark Cycle
[2026-03-27T14:07:33.125+0900][37.257s][info][gc,marking  ] GC(521) Concurrent Clear Claimed Marks
[2026-03-27T14:07:33.125+0900][37.257s][info][gc,marking  ] GC(521) Concurrent Clear Claimed Marks 0.016ms
[2026-03-27T14:07:33.125+0900][37.257s][info][gc,marking  ] GC(521) Concurrent Scan Root Regions
[2026-03-27T14:07:33.125+0900][37.257s][info][gc,marking  ] GC(521) Concurrent Scan Root Regions 0.028ms
[2026-03-27T14:07:33.125+0900][37.257s][info][gc,marking  ] GC(521) Concurrent Mark
[2026-03-27T14:07:33.125+0900][37.257s][info][gc,marking  ] GC(521) Concurrent Mark From Roots
[2026-03-27T14:07:33.125+0900][37.257s][info][gc,task     ] GC(521) Using 2 workers of 2 for marking
[2026-03-27T14:07:33.125+0900][37.258s][info][gc,marking  ] GC(521) Concurrent Mark From Roots 0.693ms
[2026-03-27T14:07:33.125+0900][37.258s][info][gc,marking  ] GC(521) Concurrent Preclean
[2026-03-27T14:07:33.125+0900][37.258s][info][gc,marking  ] GC(521) Concurrent Preclean 0.013ms
[2026-03-27T14:07:33.125+0900][37.258s][info][gc,start    ] GC(521) Pause Remark
[2026-03-27T14:07:33.125+0900][37.258s][info][gc          ] GC(521) Pause Remark 237M->237M(507M) 0.398ms
[2026-03-27T14:07:33.125+0900][37.258s][info][gc,cpu      ] GC(521) User=0.00s Sys=0.00s Real=0.00s
[2026-03-27T14:07:33.125+0900][37.258s][info][gc,marking  ] GC(521) Concurrent Mark 1.337ms
[2026-03-27T14:07:33.125+0900][37.258s][info][gc,marking  ] GC(521) Concurrent Rebuild Remembered Sets
[2026-03-27T14:07:33.125+0900][37.259s][info][gc,marking  ] GC(521) Concurrent Rebuild Remembered Sets 0.391ms
[2026-03-27T14:07:33.125+0900][37.259s][info][gc,start    ] GC(521) Pause Cleanup
[2026-03-27T14:07:33.125+0900][37.259s][info][gc          ] GC(521) Pause Cleanup 237M->237M(507M) 0.103ms
[2026-03-27T14:07:33.125+0900][37.259s][info][gc,cpu      ] GC(521) User=0.00s Sys=0.00s Real=0.00s
[2026-03-27T14:07:33.125+0900][37.259s][info][gc,marking  ] GC(521) Concurrent Cleanup for Next Mark
[2026-03-27T14:07:33.125+0900][37.259s][info][gc,marking  ] GC(521) Concurrent Cleanup for Next Mark 0.213ms
[2026-03-27T14:07:33.125+0900][37.259s][info][gc          ] GC(521) Concurrent Mark Cycle 2.383ms
[2026-03-27T14:07:33.189+0900][37.319s][info][gc,start    ] GC(522) Pause Young (Concurrent Start) (G1 Humongous Allocation)
[2026-03-27T14:07:33.189+0900][37.319s][info][gc,task     ] GC(522) Using 8 workers of 8 for evacuation
[2026-03-27T14:07:33.189+0900][37.320s][info][gc,phases   ] GC(522)   Pre Evacuate Collection Set: 0.1ms
[2026-03-27T14:07:33.189+0900][37.320s][info][gc,phases   ] GC(522)   Merge Heap Roots: 0.1ms
[2026-03-27T14:07:33.189+0900][37.320s][info][gc,phases   ] GC(522)   Evacuate Collection Set: 0.1ms
[2026-03-27T14:07:33.189+0900][37.320s][info][gc,phases   ] GC(522)   Post Evacuate Collection Set: 0.1ms
[2026-03-27T14:07:33.189+0900][37.320s][info][gc,phases   ] GC(522)   Other: 0.1ms
[2026-03-27T14:07:33.189+0900][37.320s][info][gc,heap     ] GC(522) Eden regions: 1->0(217)
[2026-03-27T14:07:33.189+0900][37.320s][info][gc,heap     ] GC(522) Survivor regions: 1->1(28)
[2026-03-27T14:07:33.189+0900][37.320s][info][gc,heap     ] GC(522) Old regions: 1->1
[2026-03-27T14:07:33.189+0900][37.320s][info][gc,heap     ] GC(522) Archive regions: 0->0
[2026-03-27T14:07:33.189+0900][37.320s][info][gc,heap     ] GC(522) Humongous regions: 237->236
[2026-03-27T14:07:33.189+0900][37.320s][info][gc,metaspace] GC(522) Metaspace: 166K(384K)->166K(384K) NonClass: 157K(256K)->157K(256K) Class: 9K(128K)->9K(128K)
[2026-03-27T14:07:33.189+0900][37.320s][info][gc          ] GC(522) Pause Young (Concurrent Start) (G1 Humongous Allocation) 238M->236M(507M) 0.866ms
[2026-03-27T14:07:33.189+0900][37.320s][info][gc,cpu      ] GC(522) User=0.00s Sys=0.00s Real=0.00s
[2026-03-27T14:07:33.189+0900][37.320s][info][gc          ] GC(523) Concurrent Mark Cycle
[2026-03-27T14:07:33.189+0900][37.320s][info][gc,marking  ] GC(523) Concurrent Clear Claimed Marks
[2026-03-27T14:07:33.189+0900][37.320s][info][gc,marking  ] GC(523) Concurrent Clear Claimed Marks 0.018ms
[2026-03-27T14:07:33.189+0900][37.320s][info][gc,marking  ] GC(523) Concurrent Scan Root Regions
[2026-03-27T14:07:33.189+0900][37.320s][info][gc,marking  ] GC(523) Concurrent Scan Root Regions 0.035ms
[2026-03-27T14:07:33.189+0900][37.320s][info][gc,marking  ] GC(523) Concurrent Mark
[2026-03-27T14:07:33.189+0900][37.320s][info][gc,marking  ] GC(523) Concurrent Mark From Roots
[2026-03-27T14:07:33.189+0900][37.320s][info][gc,task     ] GC(523) Using 2 workers of 2 for marking
[2026-03-27T14:07:33.189+0900][37.321s][info][gc,marking  ] GC(523) Concurrent Mark From Roots 0.863ms
[2026-03-27T14:07:33.189+0900][37.321s][info][gc,marking  ] GC(523) Concurrent Preclean
[2026-03-27T14:07:33.189+0900][37.321s][info][gc,marking  ] GC(523) Concurrent Preclean 0.018ms
[2026-03-27T14:07:33.189+0900][37.321s][info][gc,start    ] GC(523) Pause Remark
[2026-03-27T14:07:33.189+0900][37.321s][info][gc          ] GC(523) Pause Remark 239M->239M(507M) 0.300ms
[2026-03-27T14:07:33.189+0900][37.322s][info][gc,cpu      ] GC(523) User=0.00s Sys=0.03s Real=0.00s
[2026-03-27T14:07:33.189+0900][37.322s][info][gc,marking  ] GC(523) Concurrent Mark 1.428ms
[2026-03-27T14:07:33.189+0900][37.322s][info][gc,marking  ] GC(523) Concurrent Rebuild Remembered Sets
[2026-03-27T14:07:33.189+0900][37.322s][info][gc,marking  ] GC(523) Concurrent Rebuild Remembered Sets 0.413ms
[2026-03-27T14:07:33.189+0900][37.322s][info][gc,start    ] GC(523) Pause Cleanup
[2026-03-27T14:07:33.189+0900][37.322s][info][gc          ] GC(523) Pause Cleanup 239M->239M(507M) 0.075ms
[2026-03-27T14:07:33.189+0900][37.322s][info][gc,cpu      ] GC(523) User=0.00s Sys=0.00s Real=0.00s
[2026-03-27T14:07:33.189+0900][37.322s][info][gc,marking  ] GC(523) Concurrent Cleanup for Next Mark
[2026-03-27T14:07:33.189+0900][37.322s][info][gc,marking  ] GC(523) Concurrent Cleanup for Next Mark 0.183ms
[2026-03-27T14:07:33.189+0900][37.322s][info][gc          ] GC(523) Concurrent Mark Cycle 2.572ms
[2026-03-27T14:07:33.252+0900][37.382s][info][gc,start    ] GC(524) Pause Young (Concurrent Start) (G1 Humongous Allocation)
[2026-03-27T14:07:33.252+0900][37.382s][info][gc,task     ] GC(524) Using 8 workers of 8 for evacuation
[2026-03-27T14:07:33.252+0900][37.383s][info][gc,phases   ] GC(524)   Pre Evacuate Collection Set: 0.1ms
[2026-03-27T14:07:33.252+0900][37.383s][info][gc,phases   ] GC(524)   Merge Heap Roots: 0.1ms
[2026-03-27T14:07:33.252+0900][37.383s][info][gc,phases   ] GC(524)   Evacuate Collection Set: 0.1ms
[2026-03-27T14:07:33.252+0900][37.383s][info][gc,phases   ] GC(524)   Post Evacuate Collection Set: 0.1ms
[2026-03-27T14:07:33.252+0900][37.383s][info][gc,phases   ] GC(524)   Other: 0.1ms
[2026-03-27T14:07:33.252+0900][37.383s][info][gc,heap     ] GC(524) Eden regions: 1->0(215)
[2026-03-27T14:07:33.252+0900][37.383s][info][gc,heap     ] GC(524) Survivor regions: 1->1(28)
[2026-03-27T14:07:33.252+0900][37.383s][info][gc,heap     ] GC(524) Old regions: 1->1
[2026-03-27T14:07:33.252+0900][37.383s][info][gc,heap     ] GC(524) Archive regions: 0->0
[2026-03-27T14:07:33.252+0900][37.383s][info][gc,heap     ] GC(524) Humongous regions: 239->238
[2026-03-27T14:07:33.252+0900][37.383s][info][gc,metaspace] GC(524) Metaspace: 166K(384K)->166K(384K) NonClass: 157K(256K)->157K(256K) Class: 9K(128K)->9K(128K)
[2026-03-27T14:07:33.252+0900][37.383s][info][gc          ] GC(524) Pause Young (Concurrent Start) (G1 Humongous Allocation) 240M->238M(507M) 0.691ms
[2026-03-27T14:07:33.252+0900][37.383s][info][gc,cpu      ] GC(524) User=0.00s Sys=0.00s Real=0.00s
[2026-03-27T14:07:33.252+0900][37.383s][info][gc          ] GC(525) Concurrent Mark Cycle
[2026-03-27T14:07:33.252+0900][37.383s][info][gc,marking  ] GC(525) Concurrent Clear Claimed Marks
[2026-03-27T14:07:33.252+0900][37.383s][info][gc,marking  ] GC(525) Concurrent Clear Claimed Marks 0.013ms
[2026-03-27T14:07:33.252+0900][37.383s][info][gc,marking  ] GC(525) Concurrent Scan Root Regions
[2026-03-27T14:07:33.252+0900][37.383s][info][gc,marking  ] GC(525) Concurrent Scan Root Regions 0.029ms
[2026-03-27T14:07:33.252+0900][37.383s][info][gc,marking  ] GC(525) Concurrent Mark
[2026-03-27T14:07:33.252+0900][37.383s][info][gc,marking  ] GC(525) Concurrent Mark From Roots
[2026-03-27T14:07:33.252+0900][37.383s][info][gc,task     ] GC(525) Using 2 workers of 2 for marking
[2026-03-27T14:07:33.252+0900][37.384s][info][gc,marking  ] GC(525) Concurrent Mark From Roots 0.686ms
[2026-03-27T14:07:33.252+0900][37.384s][info][gc,marking  ] GC(525) Concurrent Preclean
[2026-03-27T14:07:33.252+0900][37.384s][info][gc,marking  ] GC(525) Concurrent Preclean 0.012ms
[2026-03-27T14:07:33.252+0900][37.384s][info][gc,start    ] GC(525) Pause Remark
[2026-03-27T14:07:33.252+0900][37.384s][info][gc          ] GC(525) Pause Remark 239M->239M(507M) 0.210ms
[2026-03-27T14:07:33.252+0900][37.384s][info][gc,cpu      ] GC(525) User=0.00s Sys=0.00s Real=0.00s
[2026-03-27T14:07:33.252+0900][37.384s][info][gc,marking  ] GC(525) Concurrent Mark 1.059ms
[2026-03-27T14:07:33.252+0900][37.384s][info][gc,marking  ] GC(525) Concurrent Rebuild Remembered Sets
[2026-03-27T14:07:33.252+0900][37.385s][info][gc,marking  ] GC(525) Concurrent Rebuild Remembered Sets 0.347ms
[2026-03-27T14:07:33.252+0900][37.385s][info][gc,start    ] GC(525) Pause Cleanup
[2026-03-27T14:07:33.252+0900][37.385s][info][gc          ] GC(525) Pause Cleanup 239M->239M(507M) 0.054ms
[2026-03-27T14:07:33.252+0900][37.385s][info][gc,cpu      ] GC(525) User=0.00s Sys=0.00s Real=0.00s
[2026-03-27T14:07:33.252+0900][37.385s][info][gc,marking  ] GC(525) Concurrent Cleanup for Next Mark
[2026-03-27T14:07:33.252+0900][37.385s][info][gc,marking  ] GC(525) Concurrent Cleanup for Next Mark 0.176ms
[2026-03-27T14:07:33.252+0900][37.385s][info][gc          ] GC(525) Concurrent Mark Cycle 1.931ms
[2026-03-27T14:07:33.316+0900][37.447s][info][gc,start    ] GC(526) Pause Young (Concurrent Start) (G1 Humongous Allocation)
[2026-03-27T14:07:33.316+0900][37.447s][info][gc,task     ] GC(526) Using 8 workers of 8 for evacuation
[2026-03-27T14:07:33.316+0900][37.449s][info][gc,phases   ] GC(526)   Pre Evacuate Collection Set: 0.2ms
[2026-03-27T14:07:33.316+0900][37.450s][info][gc,phases   ] GC(526)   Merge Heap Roots: 0.3ms
[2026-03-27T14:07:33.316+0900][37.450s][info][gc,phases   ] GC(526)   Evacuate Collection Set: 0.5ms
[2026-03-27T14:07:33.316+0900][37.450s][info][gc,phases   ] GC(526)   Post Evacuate Collection Set: 0.8ms
[2026-03-27T14:07:33.316+0900][37.450s][info][gc,phases   ] GC(526)   Other: 0.2ms
[2026-03-27T14:07:33.316+0900][37.450s][info][gc,heap     ] GC(526) Eden regions: 1->0(215)
[2026-03-27T14:07:33.316+0900][37.450s][info][gc,heap     ] GC(526) Survivor regions: 1->1(27)
[2026-03-27T14:07:33.316+0900][37.450s][info][gc,heap     ] GC(526) Old regions: 1->1
[2026-03-27T14:07:33.316+0900][37.450s][info][gc,heap     ] GC(526) Archive regions: 0->0
[2026-03-27T14:07:33.316+0900][37.450s][info][gc,heap     ] GC(526) Humongous regions: 239->238
[2026-03-27T14:07:33.316+0900][37.450s][info][gc,metaspace] GC(526) Metaspace: 166K(384K)->166K(384K) NonClass: 157K(256K)->157K(256K) Class: 9K(128K)->9K(128K)
[2026-03-27T14:07:33.316+0900][37.450s][info][gc          ] GC(526) Pause Young (Concurrent Start) (G1 Humongous Allocation) 240M->238M(507M) 2.730ms
[2026-03-27T14:07:33.316+0900][37.450s][info][gc,cpu      ] GC(526) User=0.00s Sys=0.00s Real=0.00s
[2026-03-27T14:07:33.316+0900][37.450s][info][gc          ] GC(527) Concurrent Mark Cycle
[2026-03-27T14:07:33.316+0900][37.450s][info][gc,marking  ] GC(527) Concurrent Clear Claimed Marks
[2026-03-27T14:07:33.316+0900][37.450s][info][gc,marking  ] GC(527) Concurrent Clear Claimed Marks 0.042ms
[2026-03-27T14:07:33.316+0900][37.450s][info][gc,marking  ] GC(527) Concurrent Scan Root Regions
[2026-03-27T14:07:33.316+0900][37.450s][info][gc,marking  ] GC(527) Concurrent Scan Root Regions 0.217ms
[2026-03-27T14:07:33.316+0900][37.451s][info][gc,marking  ] GC(527) Concurrent Mark
[2026-03-27T14:07:33.316+0900][37.451s][info][gc,marking  ] GC(527) Concurrent Mark From Roots
[2026-03-27T14:07:33.316+0900][37.451s][info][gc,task     ] GC(527) Using 2 workers of 2 for marking
[2026-03-27T14:07:33.316+0900][37.452s][info][gc,marking  ] GC(527) Concurrent Mark From Roots 1.756ms
[2026-03-27T14:07:33.316+0900][37.452s][info][gc,marking  ] GC(527) Concurrent Preclean
[2026-03-27T14:07:33.316+0900][37.452s][info][gc,marking  ] GC(527) Concurrent Preclean 0.032ms
[2026-03-27T14:07:33.316+0900][37.453s][info][gc,start    ] GC(527) Pause Remark
[2026-03-27T14:07:33.316+0900][37.454s][info][gc          ] GC(527) Pause Remark 239M->239M(507M) 1.355ms
[2026-03-27T14:07:33.316+0900][37.454s][info][gc,cpu      ] GC(527) User=0.00s Sys=0.00s Real=0.00s
[2026-03-27T14:07:33.316+0900][37.454s][info][gc,marking  ] GC(527) Concurrent Mark 3.804ms
[2026-03-27T14:07:33.316+0900][37.454s][info][gc,marking  ] GC(527) Concurrent Rebuild Remembered Sets
[2026-03-27T14:07:33.316+0900][37.455s][info][gc,marking  ] GC(527) Concurrent Rebuild Remembered Sets 0.931ms
[2026-03-27T14:07:33.316+0900][37.456s][info][gc,start    ] GC(527) Pause Cleanup
[2026-03-27T14:07:33.316+0900][37.456s][info][gc          ] GC(527) Pause Cleanup 239M->239M(507M) 0.244ms
[2026-03-27T14:07:33.316+0900][37.456s][info][gc,cpu      ] GC(527) User=0.00s Sys=0.00s Real=0.00s
[2026-03-27T14:07:33.316+0900][37.456s][info][gc,marking  ] GC(527) Concurrent Cleanup for Next Mark
[2026-03-27T14:07:33.316+0900][37.457s][info][gc,marking  ] GC(527) Concurrent Cleanup for Next Mark 0.524ms
[2026-03-27T14:07:33.316+0900][37.457s][info][gc          ] GC(527) Concurrent Mark Cycle 6.855ms
[2026-03-27T14:07:33.381+0900][37.511s][info][gc,start    ] GC(528) Pause Young (Concurrent Start) (G1 Humongous Allocation)
[2026-03-27T14:07:33.381+0900][37.512s][info][gc,task     ] GC(528) Using 8 workers of 8 for evacuation
[2026-03-27T14:07:33.381+0900][37.513s][info][gc,phases   ] GC(528)   Pre Evacuate Collection Set: 0.3ms
[2026-03-27T14:07:33.381+0900][37.513s][info][gc,phases   ] GC(528)   Merge Heap Roots: 0.3ms
[2026-03-27T14:07:33.381+0900][37.514s][info][gc,phases   ] GC(528)   Evacuate Collection Set: 0.3ms
[2026-03-27T14:07:33.381+0900][37.514s][info][gc,phases   ] GC(528)   Post Evacuate Collection Set: 0.6ms
[2026-03-27T14:07:33.381+0900][37.514s][info][gc,phases   ] GC(528)   Other: 0.2ms
[2026-03-27T14:07:33.381+0900][37.514s][info][gc,heap     ] GC(528) Eden regions: 1->0(215)
[2026-03-27T14:07:33.381+0900][37.514s][info][gc,heap     ] GC(528) Survivor regions: 1->1(27)
[2026-03-27T14:07:33.381+0900][37.514s][info][gc,heap     ] GC(528) Old regions: 1->1
[2026-03-27T14:07:33.381+0900][37.514s][info][gc,heap     ] GC(528) Archive regions: 0->0
[2026-03-27T14:07:33.381+0900][37.514s][info][gc,heap     ] GC(528) Humongous regions: 239->238
[2026-03-27T14:07:33.381+0900][37.514s][info][gc,metaspace] GC(528) Metaspace: 166K(384K)->166K(384K) NonClass: 157K(256K)->157K(256K) Class: 9K(128K)->9K(128K)
[2026-03-27T14:07:33.381+0900][37.514s][info][gc          ] GC(528) Pause Young (Concurrent Start) (G1 Humongous Allocation) 240M->238M(507M) 2.507ms
[2026-03-27T14:07:33.381+0900][37.514s][info][gc,cpu      ] GC(528) User=0.00s Sys=0.00s Real=0.00s
[2026-03-27T14:07:33.381+0900][37.514s][info][gc          ] GC(529) Concurrent Mark Cycle
[2026-03-27T14:07:33.381+0900][37.514s][info][gc,marking  ] GC(529) Concurrent Clear Claimed Marks
[2026-03-27T14:07:33.381+0900][37.514s][info][gc,marking  ] GC(529) Concurrent Clear Claimed Marks 0.043ms
[2026-03-27T14:07:33.381+0900][37.514s][info][gc,marking  ] GC(529) Concurrent Scan Root Regions
[2026-03-27T14:07:33.381+0900][37.514s][info][gc,marking  ] GC(529) Concurrent Scan Root Regions 0.120ms
[2026-03-27T14:07:33.381+0900][37.514s][info][gc,marking  ] GC(529) Concurrent Mark
[2026-03-27T14:07:33.381+0900][37.515s][info][gc,marking  ] GC(529) Concurrent Mark From Roots
[2026-03-27T14:07:33.381+0900][37.515s][info][gc,task     ] GC(529) Using 2 workers of 2 for marking
[2026-03-27T14:07:33.381+0900][37.517s][info][gc,marking  ] GC(529) Concurrent Mark From Roots 2.894ms
[2026-03-27T14:07:33.381+0900][37.518s][info][gc,marking  ] GC(529) Concurrent Preclean
[2026-03-27T14:07:33.381+0900][37.518s][info][gc,marking  ] GC(529) Concurrent Preclean 0.061ms
[2026-03-27T14:07:33.381+0900][37.518s][info][gc,start    ] GC(529) Pause Remark
[2026-03-27T14:07:33.381+0900][37.519s][info][gc          ] GC(529) Pause Remark 239M->239M(507M) 1.404ms
[2026-03-27T14:07:33.381+0900][37.519s][info][gc,cpu      ] GC(529) User=0.00s Sys=0.00s Real=0.00s
[2026-03-27T14:07:33.381+0900][37.519s][info][gc,marking  ] GC(529) Concurrent Mark 5.007ms
[2026-03-27T14:07:33.381+0900][37.520s][info][gc,marking  ] GC(529) Concurrent Rebuild Remembered Sets
[2026-03-27T14:07:33.381+0900][37.520s][info][gc,marking  ] GC(529) Concurrent Rebuild Remembered Sets 0.881ms
[2026-03-27T14:07:33.381+0900][37.521s][info][gc,start    ] GC(529) Pause Cleanup
[2026-03-27T14:07:33.381+0900][37.521s][info][gc          ] GC(529) Pause Cleanup 239M->239M(507M) 0.291ms
[2026-03-27T14:07:33.381+0900][37.521s][info][gc,cpu      ] GC(529) User=0.00s Sys=0.00s Real=0.00s
[2026-03-27T14:07:33.381+0900][37.521s][info][gc,marking  ] GC(529) Concurrent Cleanup for Next Mark
[2026-03-27T14:07:33.381+0900][37.522s][info][gc,marking  ] GC(529) Concurrent Cleanup for Next Mark 0.611ms
[2026-03-27T14:07:33.381+0900][37.522s][info][gc          ] GC(529) Concurrent Mark Cycle 8.015ms
[2026-03-27T14:07:33.446+0900][37.576s][info][gc,start    ] GC(530) Pause Young (Concurrent Start) (G1 Humongous Allocation)
[2026-03-27T14:07:33.446+0900][37.576s][info][gc,task     ] GC(530) Using 8 workers of 8 for evacuation
[2026-03-27T14:07:33.446+0900][37.579s][info][gc,phases   ] GC(530)   Pre Evacuate Collection Set: 0.2ms
[2026-03-27T14:07:33.446+0900][37.579s][info][gc,phases   ] GC(530)   Merge Heap Roots: 0.3ms
[2026-03-27T14:07:33.446+0900][37.579s][info][gc,phases   ] GC(530)   Evacuate Collection Set: 0.4ms
[2026-03-27T14:07:33.446+0900][37.579s][info][gc,phases   ] GC(530)   Post Evacuate Collection Set: 1.1ms
[2026-03-27T14:07:33.446+0900][37.579s][info][gc,phases   ] GC(530)   Other: 0.4ms
[2026-03-27T14:07:33.446+0900][37.579s][info][gc,heap     ] GC(530) Eden regions: 1->0(216)
[2026-03-27T14:07:33.446+0900][37.579s][info][gc,heap     ] GC(530) Survivor regions: 1->1(27)
[2026-03-27T14:07:33.446+0900][37.579s][info][gc,heap     ] GC(530) Old regions: 1->1
[2026-03-27T14:07:33.446+0900][37.579s][info][gc,heap     ] GC(530) Archive regions: 0->0
[2026-03-27T14:07:33.446+0900][37.579s][info][gc,heap     ] GC(530) Humongous regions: 239->238
[2026-03-27T14:07:33.446+0900][37.579s][info][gc,metaspace] GC(530) Metaspace: 166K(384K)->166K(384K) NonClass: 157K(256K)->157K(256K) Class: 9K(128K)->9K(128K)
[2026-03-27T14:07:33.446+0900][37.579s][info][gc          ] GC(530) Pause Young (Concurrent Start) (G1 Humongous Allocation) 240M->238M(508M) 3.186ms
[2026-03-27T14:07:33.446+0900][37.579s][info][gc,cpu      ] GC(530) User=0.00s Sys=0.00s Real=0.00s
[2026-03-27T14:07:33.446+0900][37.580s][info][gc          ] GC(531) Concurrent Mark Cycle
[2026-03-27T14:07:33.446+0900][37.580s][info][gc,marking  ] GC(531) Concurrent Clear Claimed Marks
[2026-03-27T14:07:33.446+0900][37.580s][info][gc,marking  ] GC(531) Concurrent Clear Claimed Marks 0.037ms
[2026-03-27T14:07:33.446+0900][37.580s][info][gc,marking  ] GC(531) Concurrent Scan Root Regions
[2026-03-27T14:07:33.446+0900][37.580s][info][gc,marking  ] GC(531) Concurrent Scan Root Regions 0.171ms
[2026-03-27T14:07:33.446+0900][37.580s][info][gc,marking  ] GC(531) Concurrent Mark
[2026-03-27T14:07:33.446+0900][37.580s][info][gc,marking  ] GC(531) Concurrent Mark From Roots
[2026-03-27T14:07:33.446+0900][37.580s][info][gc,task     ] GC(531) Using 2 workers of 2 for marking
[2026-03-27T14:07:33.446+0900][37.582s][info][gc,marking  ] GC(531) Concurrent Mark From Roots 1.837ms
[2026-03-27T14:07:33.446+0900][37.582s][info][gc,marking  ] GC(531) Concurrent Preclean
[2026-03-27T14:07:33.446+0900][37.582s][info][gc,marking  ] GC(531) Concurrent Preclean 0.037ms
[2026-03-27T14:07:33.446+0900][37.582s][info][gc,start    ] GC(531) Pause Remark
[2026-03-27T14:07:33.446+0900][37.584s][info][gc          ] GC(531) Pause Remark 239M->239M(508M) 1.326ms
[2026-03-27T14:07:33.446+0900][37.584s][info][gc,cpu      ] GC(531) User=0.00s Sys=0.00s Real=0.00s
[2026-03-27T14:07:33.446+0900][37.584s][info][gc,marking  ] GC(531) Concurrent Mark 3.947ms
[2026-03-27T14:07:33.446+0900][37.584s][info][gc,marking  ] GC(531) Concurrent Rebuild Remembered Sets
[2026-03-27T14:07:33.446+0900][37.585s][info][gc,marking  ] GC(531) Concurrent Rebuild Remembered Sets 0.937ms
[2026-03-27T14:07:33.446+0900][37.585s][info][gc,start    ] GC(531) Pause Cleanup
[2026-03-27T14:07:33.446+0900][37.586s][info][gc          ] GC(531) Pause Cleanup 239M->239M(508M) 0.316ms
[2026-03-27T14:07:33.446+0900][37.586s][info][gc,cpu      ] GC(531) User=0.00s Sys=0.00s Real=0.00s
[2026-03-27T14:07:33.446+0900][37.586s][info][gc,marking  ] GC(531) Concurrent Cleanup for Next Mark
[2026-03-27T14:07:33.446+0900][37.587s][info][gc,marking  ] GC(531) Concurrent Cleanup for Next Mark 0.664ms
[2026-03-27T14:07:33.446+0900][37.587s][info][gc          ] GC(531) Concurrent Mark Cycle 7.086ms
[2026-03-27T14:07:33.510+0900][37.640s][info][gc,start    ] GC(532) Pause Young (Concurrent Start) (G1 Humongous Allocation)
[2026-03-27T14:07:33.510+0900][37.640s][info][gc,task     ] GC(532) Using 8 workers of 8 for evacuation
[2026-03-27T14:07:33.510+0900][37.641s][info][gc,phases   ] GC(532)   Pre Evacuate Collection Set: 0.1ms
[2026-03-27T14:07:33.510+0900][37.641s][info][gc,phases   ] GC(532)   Merge Heap Roots: 0.1ms
[2026-03-27T14:07:33.510+0900][37.641s][info][gc,phases   ] GC(532)   Evacuate Collection Set: 0.1ms
[2026-03-27T14:07:33.510+0900][37.641s][info][gc,phases   ] GC(532)   Post Evacuate Collection Set: 0.3ms
[2026-03-27T14:07:33.510+0900][37.641s][info][gc,phases   ] GC(532)   Other: 0.1ms
[2026-03-27T14:07:33.510+0900][37.641s][info][gc,heap     ] GC(532) Eden regions: 1->0(216)
[2026-03-27T14:07:33.510+0900][37.641s][info][gc,heap     ] GC(532) Survivor regions: 1->1(28)
[2026-03-27T14:07:33.510+0900][37.641s][info][gc,heap     ] GC(532) Old regions: 1->1
[2026-03-27T14:07:33.510+0900][37.641s][info][gc,heap     ] GC(532) Archive regions: 0->0
[2026-03-27T14:07:33.510+0900][37.641s][info][gc,heap     ] GC(532) Humongous regions: 239->238
[2026-03-27T14:07:33.510+0900][37.641s][info][gc,metaspace] GC(532) Metaspace: 166K(384K)->166K(384K) NonClass: 157K(256K)->157K(256K) Class: 9K(128K)->9K(128K)
[2026-03-27T14:07:33.510+0900][37.641s][info][gc          ] GC(532) Pause Young (Concurrent Start) (G1 Humongous Allocation) 240M->238M(508M) 1.153ms
[2026-03-27T14:07:33.510+0900][37.641s][info][gc,cpu      ] GC(532) User=0.00s Sys=0.00s Real=0.00s
[2026-03-27T14:07:33.510+0900][37.641s][info][gc          ] GC(533) Concurrent Mark Cycle
[2026-03-27T14:07:33.510+0900][37.641s][info][gc,marking  ] GC(533) Concurrent Clear Claimed Marks
[2026-03-27T14:07:33.510+0900][37.641s][info][gc,marking  ] GC(533) Concurrent Clear Claimed Marks 0.016ms
[2026-03-27T14:07:33.510+0900][37.641s][info][gc,marking  ] GC(533) Concurrent Scan Root Regions
[2026-03-27T14:07:33.510+0900][37.641s][info][gc,marking  ] GC(533) Concurrent Scan Root Regions 0.036ms
[2026-03-27T14:07:33.510+0900][37.641s][info][gc,marking  ] GC(533) Concurrent Mark
[2026-03-27T14:07:33.510+0900][37.641s][info][gc,marking  ] GC(533) Concurrent Mark From Roots
[2026-03-27T14:07:33.510+0900][37.641s][info][gc,task     ] GC(533) Using 2 workers of 2 for marking
[2026-03-27T14:07:33.512+0900][37.642s][info][gc,marking  ] GC(533) Concurrent Mark From Roots 0.745ms
[2026-03-27T14:07:33.512+0900][37.642s][info][gc,marking  ] GC(533) Concurrent Preclean
[2026-03-27T14:07:33.512+0900][37.642s][info][gc,marking  ] GC(533) Concurrent Preclean 0.023ms
[2026-03-27T14:07:33.512+0900][37.642s][info][gc,start    ] GC(533) Pause Remark
[2026-03-27T14:07:33.512+0900][37.643s][info][gc          ] GC(533) Pause Remark 241M->241M(508M) 0.358ms
[2026-03-27T14:07:33.512+0900][37.643s][info][gc,cpu      ] GC(533) User=0.00s Sys=0.00s Real=0.00s
[2026-03-27T14:07:33.512+0900][37.643s][info][gc,marking  ] GC(533) Concurrent Mark 1.417ms
[2026-03-27T14:07:33.512+0900][37.643s][info][gc,marking  ] GC(533) Concurrent Rebuild Remembered Sets
[2026-03-27T14:07:33.512+0900][37.643s][info][gc,marking  ] GC(533) Concurrent Rebuild Remembered Sets 0.537ms
[2026-03-27T14:07:33.512+0900][37.643s][info][gc,start    ] GC(533) Pause Cleanup
[2026-03-27T14:07:33.512+0900][37.643s][info][gc          ] GC(533) Pause Cleanup 241M->241M(508M) 0.135ms
[2026-03-27T14:07:33.512+0900][37.643s][info][gc,cpu      ] GC(533) User=0.00s Sys=0.00s Real=0.00s
[2026-03-27T14:07:33.512+0900][37.644s][info][gc,marking  ] GC(533) Concurrent Cleanup for Next Mark
[2026-03-27T14:07:33.512+0900][37.644s][info][gc,marking  ] GC(533) Concurrent Cleanup for Next Mark 0.240ms
[2026-03-27T14:07:33.512+0900][37.644s][info][gc          ] GC(533) Concurrent Mark Cycle 2.776ms
[2026-03-27T14:07:33.574+0900][37.704s][info][gc,start    ] GC(534) Pause Young (Concurrent Start) (G1 Humongous Allocation)
[2026-03-27T14:07:33.574+0900][37.704s][info][gc,task     ] GC(534) Using 8 workers of 8 for evacuation
[2026-03-27T14:07:33.574+0900][37.705s][info][gc,phases   ] GC(534)   Pre Evacuate Collection Set: 0.1ms
[2026-03-27T14:07:33.574+0900][37.705s][info][gc,phases   ] GC(534)   Merge Heap Roots: 0.1ms
[2026-03-27T14:07:33.574+0900][37.705s][info][gc,phases   ] GC(534)   Evacuate Collection Set: 0.1ms
[2026-03-27T14:07:33.574+0900][37.705s][info][gc,phases   ] GC(534)   Post Evacuate Collection Set: 0.5ms
[2026-03-27T14:07:33.574+0900][37.705s][info][gc,phases   ] GC(534)   Other: 0.1ms
[2026-03-27T14:07:33.574+0900][37.705s][info][gc,heap     ] GC(534) Eden regions: 1->0(214)
[2026-03-27T14:07:33.574+0900][37.705s][info][gc,heap     ] GC(534) Survivor regions: 1->1(28)
[2026-03-27T14:07:33.574+0900][37.705s][info][gc,heap     ] GC(534) Old regions: 1->1
[2026-03-27T14:07:33.574+0900][37.705s][info][gc,heap     ] GC(534) Archive regions: 0->0
[2026-03-27T14:07:33.574+0900][37.705s][info][gc,heap     ] GC(534) Humongous regions: 241->240
[2026-03-27T14:07:33.574+0900][37.705s][info][gc,metaspace] GC(534) Metaspace: 166K(384K)->166K(384K) NonClass: 157K(256K)->157K(256K) Class: 9K(128K)->9K(128K)
[2026-03-27T14:07:33.574+0900][37.705s][info][gc          ] GC(534) Pause Young (Concurrent Start) (G1 Humongous Allocation) 242M->240M(508M) 1.251ms
[2026-03-27T14:07:33.574+0900][37.705s][info][gc,cpu      ] GC(534) User=0.00s Sys=0.00s Real=0.00s
[2026-03-27T14:07:33.574+0900][37.706s][info][gc          ] GC(535) Concurrent Mark Cycle
[2026-03-27T14:07:33.574+0900][37.706s][info][gc,marking  ] GC(535) Concurrent Clear Claimed Marks
[2026-03-27T14:07:33.574+0900][37.706s][info][gc,marking  ] GC(535) Concurrent Clear Claimed Marks 0.014ms
[2026-03-27T14:07:33.574+0900][37.706s][info][gc,marking  ] GC(535) Concurrent Scan Root Regions
[2026-03-27T14:07:33.574+0900][37.706s][info][gc,marking  ] GC(535) Concurrent Scan Root Regions 0.095ms
[2026-03-27T14:07:33.574+0900][37.706s][info][gc,marking  ] GC(535) Concurrent Mark
[2026-03-27T14:07:33.574+0900][37.706s][info][gc,marking  ] GC(535) Concurrent Mark From Roots
[2026-03-27T14:07:33.574+0900][37.706s][info][gc,task     ] GC(535) Using 2 workers of 2 for marking
[2026-03-27T14:07:33.574+0900][37.707s][info][gc,marking  ] GC(535) Concurrent Mark From Roots 1.130ms
[2026-03-27T14:07:33.574+0900][37.707s][info][gc,marking  ] GC(535) Concurrent Preclean
[2026-03-27T14:07:33.574+0900][37.707s][info][gc,marking  ] GC(535) Concurrent Preclean 0.015ms
[2026-03-27T14:07:33.574+0900][37.707s][info][gc,start    ] GC(535) Pause Remark
[2026-03-27T14:07:33.574+0900][37.708s][info][gc          ] GC(535) Pause Remark 241M->241M(508M) 0.757ms
[2026-03-27T14:07:33.574+0900][37.708s][info][gc,cpu      ] GC(535) User=0.00s Sys=0.00s Real=0.00s
[2026-03-27T14:07:33.574+0900][37.708s][info][gc,marking  ] GC(535) Concurrent Mark 2.262ms
[2026-03-27T14:07:33.574+0900][37.708s][info][gc,marking  ] GC(535) Concurrent Rebuild Remembered Sets
[2026-03-27T14:07:33.574+0900][37.708s][info][gc,marking  ] GC(535) Concurrent Rebuild Remembered Sets 0.412ms
[2026-03-27T14:07:33.574+0900][37.709s][info][gc,start    ] GC(535) Pause Cleanup
[2026-03-27T14:07:33.574+0900][37.709s][info][gc          ] GC(535) Pause Cleanup 241M->241M(508M) 0.183ms
[2026-03-27T14:07:33.574+0900][37.709s][info][gc,cpu      ] GC(535) User=0.00s Sys=0.00s Real=0.00s
[2026-03-27T14:07:33.574+0900][37.709s][info][gc,marking  ] GC(535) Concurrent Cleanup for Next Mark
[2026-03-27T14:07:33.574+0900][37.709s][info][gc,marking  ] GC(535) Concurrent Cleanup for Next Mark 0.269ms
[2026-03-27T14:07:33.574+0900][37.709s][info][gc          ] GC(535) Concurrent Mark Cycle 3.723ms
[2026-03-27T14:07:33.638+0900][37.768s][info][gc,start    ] GC(536) Pause Young (Concurrent Start) (G1 Humongous Allocation)
[2026-03-27T14:07:33.638+0900][37.768s][info][gc,task     ] GC(536) Using 8 workers of 8 for evacuation
[2026-03-27T14:07:33.638+0900][37.769s][info][gc,phases   ] GC(536)   Pre Evacuate Collection Set: 0.1ms
[2026-03-27T14:07:33.638+0900][37.769s][info][gc,phases   ] GC(536)   Merge Heap Roots: 0.2ms
[2026-03-27T14:07:33.638+0900][37.769s][info][gc,phases   ] GC(536)   Evacuate Collection Set: 0.1ms
[2026-03-27T14:07:33.638+0900][37.769s][info][gc,phases   ] GC(536)   Post Evacuate Collection Set: 0.3ms
[2026-03-27T14:07:33.638+0900][37.769s][info][gc,phases   ] GC(536)   Other: 0.1ms
[2026-03-27T14:07:33.638+0900][37.769s][info][gc,heap     ] GC(536) Eden regions: 1->0(214)
[2026-03-27T14:07:33.638+0900][37.769s][info][gc,heap     ] GC(536) Survivor regions: 1->1(27)
[2026-03-27T14:07:33.638+0900][37.769s][info][gc,heap     ] GC(536) Old regions: 1->1
[2026-03-27T14:07:33.638+0900][37.769s][info][gc,heap     ] GC(536) Archive regions: 0->0
[2026-03-27T14:07:33.638+0900][37.769s][info][gc,heap     ] GC(536) Humongous regions: 241->240
[2026-03-27T14:07:33.638+0900][37.769s][info][gc,metaspace] GC(536) Metaspace: 166K(384K)->166K(384K) NonClass: 157K(256K)->157K(256K) Class: 9K(128K)->9K(128K)
[2026-03-27T14:07:33.638+0900][37.769s][info][gc          ] GC(536) Pause Young (Concurrent Start) (G1 Humongous Allocation) 242M->240M(508M) 1.278ms
[2026-03-27T14:07:33.638+0900][37.769s][info][gc,cpu      ] GC(536) User=0.00s Sys=0.00s Real=0.00s
[2026-03-27T14:07:33.638+0900][37.769s][info][gc          ] GC(537) Concurrent Mark Cycle
[2026-03-27T14:07:33.638+0900][37.769s][info][gc,marking  ] GC(537) Concurrent Clear Claimed Marks
[2026-03-27T14:07:33.638+0900][37.769s][info][gc,marking  ] GC(537) Concurrent Clear Claimed Marks 0.019ms
[2026-03-27T14:07:33.638+0900][37.769s][info][gc,marking  ] GC(537) Concurrent Scan Root Regions
[2026-03-27T14:07:33.638+0900][37.769s][info][gc,marking  ] GC(537) Concurrent Scan Root Regions 0.094ms
[2026-03-27T14:07:33.638+0900][37.769s][info][gc,marking  ] GC(537) Concurrent Mark
[2026-03-27T14:07:33.638+0900][37.769s][info][gc,marking  ] GC(537) Concurrent Mark From Roots
[2026-03-27T14:07:33.638+0900][37.769s][info][gc,task     ] GC(537) Using 2 workers of 2 for marking
[2026-03-27T14:07:33.638+0900][37.771s][info][gc,marking  ] GC(537) Concurrent Mark From Roots 1.117ms
[2026-03-27T14:07:33.638+0900][37.771s][info][gc,marking  ] GC(537) Concurrent Preclean
[2026-03-27T14:07:33.638+0900][37.771s][info][gc,marking  ] GC(537) Concurrent Preclean 0.015ms
[2026-03-27T14:07:33.638+0900][37.771s][info][gc,start    ] GC(537) Pause Remark
[2026-03-27T14:07:33.638+0900][37.772s][info][gc          ] GC(537) Pause Remark 241M->241M(508M) 0.691ms
[2026-03-27T14:07:33.638+0900][37.772s][info][gc,cpu      ] GC(537) User=0.00s Sys=0.00s Real=0.00s
[2026-03-27T14:07:33.638+0900][37.772s][info][gc,marking  ] GC(537) Concurrent Mark 2.160ms
[2026-03-27T14:07:33.638+0900][37.772s][info][gc,marking  ] GC(537) Concurrent Rebuild Remembered Sets
[2026-03-27T14:07:33.638+0900][37.772s][info][gc,marking  ] GC(537) Concurrent Rebuild Remembered Sets 0.412ms
[2026-03-27T14:07:33.638+0900][37.772s][info][gc,start    ] GC(537) Pause Cleanup
[2026-03-27T14:07:33.638+0900][37.772s][info][gc          ] GC(537) Pause Cleanup 241M->241M(508M) 0.131ms
[2026-03-27T14:07:33.638+0900][37.772s][info][gc,cpu      ] GC(537) User=0.00s Sys=0.00s Real=0.00s
[2026-03-27T14:07:33.638+0900][37.773s][info][gc,marking  ] GC(537) Concurrent Cleanup for Next Mark
[2026-03-27T14:07:33.638+0900][37.773s][info][gc,marking  ] GC(537) Concurrent Cleanup for Next Mark 0.340ms
[2026-03-27T14:07:33.638+0900][37.773s][info][gc          ] GC(537) Concurrent Mark Cycle 3.649ms
[2026-03-27T14:07:33.701+0900][37.832s][info][gc,start    ] GC(538) Pause Young (Concurrent Start) (G1 Humongous Allocation)
[2026-03-27T14:07:33.701+0900][37.832s][info][gc,task     ] GC(538) Using 8 workers of 8 for evacuation
[2026-03-27T14:07:33.701+0900][37.833s][info][gc,phases   ] GC(538)   Pre Evacuate Collection Set: 0.1ms
[2026-03-27T14:07:33.701+0900][37.833s][info][gc,phases   ] GC(538)   Merge Heap Roots: 0.2ms
[2026-03-27T14:07:33.701+0900][37.833s][info][gc,phases   ] GC(538)   Evacuate Collection Set: 0.2ms
[2026-03-27T14:07:33.701+0900][37.833s][info][gc,phases   ] GC(538)   Post Evacuate Collection Set: 0.6ms
[2026-03-27T14:07:33.701+0900][37.833s][info][gc,phases   ] GC(538)   Other: 0.1ms
[2026-03-27T14:07:33.701+0900][37.833s][info][gc,heap     ] GC(538) Eden regions: 1->0(215)
[2026-03-27T14:07:33.701+0900][37.833s][info][gc,heap     ] GC(538) Survivor regions: 1->1(27)
[2026-03-27T14:07:33.701+0900][37.833s][info][gc,heap     ] GC(538) Old regions: 1->1
[2026-03-27T14:07:33.701+0900][37.833s][info][gc,heap     ] GC(538) Archive regions: 0->0
[2026-03-27T14:07:33.701+0900][37.833s][info][gc,heap     ] GC(538) Humongous regions: 241->240
[2026-03-27T14:07:33.701+0900][37.833s][info][gc,metaspace] GC(538) Metaspace: 166K(384K)->166K(384K) NonClass: 157K(256K)->157K(256K) Class: 9K(128K)->9K(128K)
[2026-03-27T14:07:33.701+0900][37.833s][info][gc          ] GC(538) Pause Young (Concurrent Start) (G1 Humongous Allocation) 242M->240M(509M) 1.416ms
[2026-03-27T14:07:33.701+0900][37.833s][info][gc,cpu      ] GC(538) User=0.00s Sys=0.00s Real=0.00s
[2026-03-27T14:07:33.701+0900][37.833s][info][gc          ] GC(539) Concurrent Mark Cycle
[2026-03-27T14:07:33.701+0900][37.833s][info][gc,marking  ] GC(539) Concurrent Clear Claimed Marks
[2026-03-27T14:07:33.701+0900][37.833s][info][gc,marking  ] GC(539) Concurrent Clear Claimed Marks 0.037ms
[2026-03-27T14:07:33.701+0900][37.833s][info][gc,marking  ] GC(539) Concurrent Scan Root Regions
[2026-03-27T14:07:33.701+0900][37.834s][info][gc,marking  ] GC(539) Concurrent Scan Root Regions 0.191ms
[2026-03-27T14:07:33.701+0900][37.834s][info][gc,marking  ] GC(539) Concurrent Mark
[2026-03-27T14:07:33.701+0900][37.834s][info][gc,marking  ] GC(539) Concurrent Mark From Roots
[2026-03-27T14:07:33.701+0900][37.834s][info][gc,task     ] GC(539) Using 2 workers of 2 for marking
[2026-03-27T14:07:33.701+0900][37.835s][info][gc,marking  ] GC(539) Concurrent Mark From Roots 0.804ms
[2026-03-27T14:07:33.701+0900][37.835s][info][gc,marking  ] GC(539) Concurrent Preclean
[2026-03-27T14:07:33.701+0900][37.835s][info][gc,marking  ] GC(539) Concurrent Preclean 0.013ms
[2026-03-27T14:07:33.701+0900][37.835s][info][gc,start    ] GC(539) Pause Remark
[2026-03-27T14:07:33.701+0900][37.836s][info][gc          ] GC(539) Pause Remark 241M->241M(509M) 0.810ms
[2026-03-27T14:07:33.701+0900][37.836s][info][gc,cpu      ] GC(539) User=0.00s Sys=0.00s Real=0.00s
[2026-03-27T14:07:33.701+0900][37.836s][info][gc,marking  ] GC(539) Concurrent Mark 1.974ms
[2026-03-27T14:07:33.701+0900][37.836s][info][gc,marking  ] GC(539) Concurrent Rebuild Remembered Sets
[2026-03-27T14:07:33.701+0900][37.836s][info][gc,marking  ] GC(539) Concurrent Rebuild Remembered Sets 0.392ms
[2026-03-27T14:07:33.701+0900][37.836s][info][gc,start    ] GC(539) Pause Cleanup
[2026-03-27T14:07:33.701+0900][37.837s][info][gc          ] GC(539) Pause Cleanup 241M->241M(509M) 0.180ms
[2026-03-27T14:07:33.701+0900][37.837s][info][gc,cpu      ] GC(539) User=0.00s Sys=0.00s Real=0.00s
[2026-03-27T14:07:33.701+0900][37.837s][info][gc,marking  ] GC(539) Concurrent Cleanup for Next Mark
[2026-03-27T14:07:33.701+0900][37.837s][info][gc,marking  ] GC(539) Concurrent Cleanup for Next Mark 0.295ms
[2026-03-27T14:07:33.701+0900][37.837s][info][gc          ] GC(539) Concurrent Mark Cycle 3.702ms
[2026-03-27T14:07:33.766+0900][37.896s][info][gc,start    ] GC(540) Pause Young (Concurrent Start) (G1 Humongous Allocation)
[2026-03-27T14:07:33.766+0900][37.896s][info][gc,task     ] GC(540) Using 8 workers of 8 for evacuation
[2026-03-27T14:07:33.766+0900][37.897s][info][gc,phases   ] GC(540)   Pre Evacuate Collection Set: 0.1ms
[2026-03-27T14:07:33.766+0900][37.897s][info][gc,phases   ] GC(540)   Merge Heap Roots: 0.2ms
[2026-03-27T14:07:33.766+0900][37.897s][info][gc,phases   ] GC(540)   Evacuate Collection Set: 0.1ms
[2026-03-27T14:07:33.766+0900][37.897s][info][gc,phases   ] GC(540)   Post Evacuate Collection Set: 0.5ms
[2026-03-27T14:07:33.766+0900][37.897s][info][gc,phases   ] GC(540)   Other: 0.1ms
[2026-03-27T14:07:33.766+0900][37.897s][info][gc,heap     ] GC(540) Eden regions: 1->0(215)
[2026-03-27T14:07:33.766+0900][37.897s][info][gc,heap     ] GC(540) Survivor regions: 1->1(27)
[2026-03-27T14:07:33.766+0900][37.897s][info][gc,heap     ] GC(540) Old regions: 1->1
[2026-03-27T14:07:33.766+0900][37.897s][info][gc,heap     ] GC(540) Archive regions: 0->0
[2026-03-27T14:07:33.766+0900][37.897s][info][gc,heap     ] GC(540) Humongous regions: 241->240
[2026-03-27T14:07:33.766+0900][37.897s][info][gc,metaspace] GC(540) Metaspace: 166K(384K)->166K(384K) NonClass: 157K(256K)->157K(256K) Class: 9K(128K)->9K(128K)
[2026-03-27T14:07:33.766+0900][37.897s][info][gc          ] GC(540) Pause Young (Concurrent Start) (G1 Humongous Allocation) 242M->240M(509M) 1.358ms
[2026-03-27T14:07:33.766+0900][37.897s][info][gc,cpu      ] GC(540) User=0.00s Sys=0.00s Real=0.00s
[2026-03-27T14:07:33.766+0900][37.897s][info][gc          ] GC(541) Concurrent Mark Cycle
[2026-03-27T14:07:33.766+0900][37.897s][info][gc,marking  ] GC(541) Concurrent Clear Claimed Marks
[2026-03-27T14:07:33.766+0900][37.897s][info][gc,marking  ] GC(541) Concurrent Clear Claimed Marks 0.013ms
[2026-03-27T14:07:33.766+0900][37.897s][info][gc,marking  ] GC(541) Concurrent Scan Root Regions
[2026-03-27T14:07:33.766+0900][37.897s][info][gc,marking  ] GC(541) Concurrent Scan Root Regions 0.140ms
[2026-03-27T14:07:33.766+0900][37.897s][info][gc,marking  ] GC(541) Concurrent Mark
[2026-03-27T14:07:33.766+0900][37.897s][info][gc,marking  ] GC(541) Concurrent Mark From Roots
[2026-03-27T14:07:33.766+0900][37.898s][info][gc,task     ] GC(541) Using 2 workers of 2 for marking
[2026-03-27T14:07:33.766+0900][37.898s][info][gc,marking  ] GC(541) Concurrent Mark From Roots 0.724ms
[2026-03-27T14:07:33.766+0900][37.898s][info][gc,marking  ] GC(541) Concurrent Preclean
[2026-03-27T14:07:33.766+0900][37.898s][info][gc,marking  ] GC(541) Concurrent Preclean 0.013ms
[2026-03-27T14:07:33.766+0900][37.899s][info][gc,start    ] GC(541) Pause Remark
[2026-03-27T14:07:33.766+0900][37.899s][info][gc          ] GC(541) Pause Remark 241M->241M(509M) 0.820ms
[2026-03-27T14:07:33.766+0900][37.899s][info][gc,cpu      ] GC(541) User=0.00s Sys=0.00s Real=0.00s
[2026-03-27T14:07:33.766+0900][37.899s][info][gc,marking  ] GC(541) Concurrent Mark 1.961ms
[2026-03-27T14:07:33.766+0900][37.899s][info][gc,marking  ] GC(541) Concurrent Rebuild Remembered Sets
[2026-03-27T14:07:33.766+0900][37.900s][info][gc,marking  ] GC(541) Concurrent Rebuild Remembered Sets 0.418ms
[2026-03-27T14:07:33.766+0900][37.900s][info][gc,start    ] GC(541) Pause Cleanup
[2026-03-27T14:07:33.766+0900][37.900s][info][gc          ] GC(541) Pause Cleanup 241M->241M(509M) 0.176ms
[2026-03-27T14:07:33.766+0900][37.900s][info][gc,cpu      ] GC(541) User=0.00s Sys=0.00s Real=0.00s
[2026-03-27T14:07:33.766+0900][37.900s][info][gc,marking  ] GC(541) Concurrent Cleanup for Next Mark
[2026-03-27T14:07:33.766+0900][37.901s][info][gc,marking  ] GC(541) Concurrent Cleanup for Next Mark 0.289ms
[2026-03-27T14:07:33.766+0900][37.901s][info][gc          ] GC(541) Concurrent Mark Cycle 3.562ms
[2026-03-27T14:07:33.830+0900][37.960s][info][gc,start    ] GC(542) Pause Young (Concurrent Start) (G1 Humongous Allocation)
[2026-03-27T14:07:33.830+0900][37.960s][info][gc,task     ] GC(542) Using 8 workers of 8 for evacuation
[2026-03-27T14:07:33.830+0900][37.961s][info][gc,phases   ] GC(542)   Pre Evacuate Collection Set: 0.1ms
[2026-03-27T14:07:33.830+0900][37.961s][info][gc,phases   ] GC(542)   Merge Heap Roots: 0.2ms
[2026-03-27T14:07:33.830+0900][37.961s][info][gc,phases   ] GC(542)   Evacuate Collection Set: 0.1ms
[2026-03-27T14:07:33.830+0900][37.961s][info][gc,phases   ] GC(542)   Post Evacuate Collection Set: 0.1ms
[2026-03-27T14:07:33.830+0900][37.961s][info][gc,phases   ] GC(542)   Other: 0.1ms
[2026-03-27T14:07:33.830+0900][37.961s][info][gc,heap     ] GC(542) Eden regions: 1->0(215)
[2026-03-27T14:07:33.830+0900][37.961s][info][gc,heap     ] GC(542) Survivor regions: 1->1(27)
[2026-03-27T14:07:33.830+0900][37.961s][info][gc,heap     ] GC(542) Old regions: 1->1
[2026-03-27T14:07:33.830+0900][37.961s][info][gc,heap     ] GC(542) Archive regions: 0->0
[2026-03-27T14:07:33.830+0900][37.961s][info][gc,heap     ] GC(542) Humongous regions: 241->240
[2026-03-27T14:07:33.830+0900][37.961s][info][gc,metaspace] GC(542) Metaspace: 166K(384K)->166K(384K) NonClass: 157K(256K)->157K(256K) Class: 9K(128K)->9K(128K)
[2026-03-27T14:07:33.830+0900][37.961s][info][gc          ] GC(542) Pause Young (Concurrent Start) (G1 Humongous Allocation) 242M->240M(509M) 0.956ms
[2026-03-27T14:07:33.830+0900][37.961s][info][gc,cpu      ] GC(542) User=0.00s Sys=0.00s Real=0.00s
[2026-03-27T14:07:33.830+0900][37.961s][info][gc          ] GC(543) Concurrent Mark Cycle
[2026-03-27T14:07:33.830+0900][37.961s][info][gc,marking  ] GC(543) Concurrent Clear Claimed Marks
[2026-03-27T14:07:33.830+0900][37.961s][info][gc,marking  ] GC(543) Concurrent Clear Claimed Marks 0.021ms
[2026-03-27T14:07:33.830+0900][37.961s][info][gc,marking  ] GC(543) Concurrent Scan Root Regions
[2026-03-27T14:07:33.830+0900][37.961s][info][gc,marking  ] GC(543) Concurrent Scan Root Regions 0.073ms
[2026-03-27T14:07:33.830+0900][37.961s][info][gc,marking  ] GC(543) Concurrent Mark
[2026-03-27T14:07:33.830+0900][37.961s][info][gc,marking  ] GC(543) Concurrent Mark From Roots
[2026-03-27T14:07:33.830+0900][37.961s][info][gc,task     ] GC(543) Using 2 workers of 2 for marking
[2026-03-27T14:07:33.830+0900][37.963s][info][gc,marking  ] GC(543) Concurrent Mark From Roots 1.131ms
[2026-03-27T14:07:33.830+0900][37.963s][info][gc,marking  ] GC(543) Concurrent Preclean
[2026-03-27T14:07:33.830+0900][37.963s][info][gc,marking  ] GC(543) Concurrent Preclean 0.024ms
[2026-03-27T14:07:33.830+0900][37.963s][info][gc,start    ] GC(543) Pause Remark
[2026-03-27T14:07:33.830+0900][37.964s][info][gc          ] GC(543) Pause Remark 243M->243M(509M) 0.711ms
[2026-03-27T14:07:33.830+0900][37.964s][info][gc,cpu      ] GC(543) User=0.00s Sys=0.00s Real=0.00s
[2026-03-27T14:07:33.830+0900][37.964s][info][gc,marking  ] GC(543) Concurrent Mark 2.204ms
[2026-03-27T14:07:33.830+0900][37.964s][info][gc,marking  ] GC(543) Concurrent Rebuild Remembered Sets
[2026-03-27T14:07:33.830+0900][37.964s][info][gc,marking  ] GC(543) Concurrent Rebuild Remembered Sets 0.644ms
[2026-03-27T14:07:33.830+0900][37.965s][info][gc,start    ] GC(543) Pause Cleanup
[2026-03-27T14:07:33.830+0900][37.965s][info][gc          ] GC(543) Pause Cleanup 243M->243M(509M) 0.150ms
[2026-03-27T14:07:33.830+0900][37.965s][info][gc,cpu      ] GC(543) User=0.00s Sys=0.00s Real=0.00s
[2026-03-27T14:07:33.830+0900][37.965s][info][gc,marking  ] GC(543) Concurrent Cleanup for Next Mark
[2026-03-27T14:07:33.830+0900][37.965s][info][gc,marking  ] GC(543) Concurrent Cleanup for Next Mark 0.295ms
[2026-03-27T14:07:33.830+0900][37.965s][info][gc          ] GC(543) Concurrent Mark Cycle 3.864ms
[2026-03-27T14:07:33.893+0900][38.023s][info][gc,start    ] GC(544) Pause Young (Concurrent Start) (G1 Humongous Allocation)
[2026-03-27T14:07:33.893+0900][38.024s][info][gc,task     ] GC(544) Using 8 workers of 8 for evacuation
[2026-03-27T14:07:33.893+0900][38.024s][info][gc,phases   ] GC(544)   Pre Evacuate Collection Set: 0.1ms
[2026-03-27T14:07:33.893+0900][38.024s][info][gc,phases   ] GC(544)   Merge Heap Roots: 0.1ms
[2026-03-27T14:07:33.893+0900][38.024s][info][gc,phases   ] GC(544)   Evacuate Collection Set: 0.1ms
[2026-03-27T14:07:33.893+0900][38.024s][info][gc,phases   ] GC(544)   Post Evacuate Collection Set: 0.1ms
[2026-03-27T14:07:33.893+0900][38.024s][info][gc,phases   ] GC(544)   Other: 0.1ms
[2026-03-27T14:07:33.893+0900][38.024s][info][gc,heap     ] GC(544) Eden regions: 1->0(213)
[2026-03-27T14:07:33.893+0900][38.024s][info][gc,heap     ] GC(544) Survivor regions: 1->1(27)
[2026-03-27T14:07:33.893+0900][38.024s][info][gc,heap     ] GC(544) Old regions: 1->1
[2026-03-27T14:07:33.893+0900][38.024s][info][gc,heap     ] GC(544) Archive regions: 0->0
[2026-03-27T14:07:33.893+0900][38.024s][info][gc,heap     ] GC(544) Humongous regions: 243->242
[2026-03-27T14:07:33.893+0900][38.024s][info][gc,metaspace] GC(544) Metaspace: 166K(384K)->166K(384K) NonClass: 157K(256K)->157K(256K) Class: 9K(128K)->9K(128K)
[2026-03-27T14:07:33.893+0900][38.024s][info][gc          ] GC(544) Pause Young (Concurrent Start) (G1 Humongous Allocation) 244M->242M(509M) 1.000ms
[2026-03-27T14:07:33.893+0900][38.024s][info][gc,cpu      ] GC(544) User=0.00s Sys=0.00s Real=0.00s
[2026-03-27T14:07:33.893+0900][38.024s][info][gc          ] GC(545) Concurrent Mark Cycle
[2026-03-27T14:07:33.893+0900][38.025s][info][gc,marking  ] GC(545) Concurrent Clear Claimed Marks
[2026-03-27T14:07:33.893+0900][38.025s][info][gc,marking  ] GC(545) Concurrent Clear Claimed Marks 0.015ms
[2026-03-27T14:07:33.893+0900][38.025s][info][gc,marking  ] GC(545) Concurrent Scan Root Regions
[2026-03-27T14:07:33.893+0900][38.025s][info][gc,marking  ] GC(545) Concurrent Scan Root Regions 0.053ms
[2026-03-27T14:07:33.893+0900][38.025s][info][gc,marking  ] GC(545) Concurrent Mark
[2026-03-27T14:07:33.893+0900][38.025s][info][gc,marking  ] GC(545) Concurrent Mark From Roots
[2026-03-27T14:07:33.893+0900][38.025s][info][gc,task     ] GC(545) Using 2 workers of 2 for marking
[2026-03-27T14:07:33.895+0900][38.026s][info][gc,marking  ] GC(545) Concurrent Mark From Roots 0.946ms
[2026-03-27T14:07:33.895+0900][38.026s][info][gc,marking  ] GC(545) Concurrent Preclean
[2026-03-27T14:07:33.895+0900][38.026s][info][gc,marking  ] GC(545) Concurrent Preclean 0.024ms
[2026-03-27T14:07:33.895+0900][38.026s][info][gc,start    ] GC(545) Pause Remark
[2026-03-27T14:07:33.895+0900][38.026s][info][gc          ] GC(545) Pause Remark 243M->243M(509M) 0.444ms
[2026-03-27T14:07:33.895+0900][38.026s][info][gc,cpu      ] GC(545) User=0.00s Sys=0.00s Real=0.00s
[2026-03-27T14:07:33.895+0900][38.026s][info][gc,marking  ] GC(545) Concurrent Mark 1.707ms
[2026-03-27T14:07:33.895+0900][38.026s][info][gc,marking  ] GC(545) Concurrent Rebuild Remembered Sets
[2026-03-27T14:07:33.895+0900][38.027s][info][gc,marking  ] GC(545) Concurrent Rebuild Remembered Sets 0.488ms
[2026-03-27T14:07:33.895+0900][38.027s][info][gc,start    ] GC(545) Pause Cleanup
[2026-03-27T14:07:33.897+0900][38.027s][info][gc          ] GC(545) Pause Cleanup 243M->243M(509M) 0.121ms
[2026-03-27T14:07:33.897+0900][38.027s][info][gc,cpu      ] GC(545) User=0.00s Sys=0.00s Real=0.00s
[2026-03-27T14:07:33.897+0900][38.027s][info][gc,marking  ] GC(545) Concurrent Cleanup for Next Mark
[2026-03-27T14:07:33.897+0900][38.027s][info][gc,marking  ] GC(545) Concurrent Cleanup for Next Mark 0.243ms
[2026-03-27T14:07:33.897+0900][38.028s][info][gc          ] GC(545) Concurrent Mark Cycle 3.018ms
[2026-03-27T14:07:33.948+0900][38.078s][info][gc,start    ] GC(546) Pause Young (Concurrent Start) (G1 Humongous Allocation)
[2026-03-27T14:07:33.948+0900][38.078s][info][gc,task     ] GC(546) Using 8 workers of 8 for evacuation
[2026-03-27T14:07:33.948+0900][38.079s][info][gc,phases   ] GC(546)   Pre Evacuate Collection Set: 0.1ms
[2026-03-27T14:07:33.948+0900][38.079s][info][gc,phases   ] GC(546)   Merge Heap Roots: 0.1ms
[2026-03-27T14:07:33.948+0900][38.079s][info][gc,phases   ] GC(546)   Evacuate Collection Set: 0.1ms
[2026-03-27T14:07:33.948+0900][38.079s][info][gc,phases   ] GC(546)   Post Evacuate Collection Set: 0.4ms
[2026-03-27T14:07:33.948+0900][38.079s][info][gc,phases   ] GC(546)   Other: 0.1ms
[2026-03-27T14:07:33.948+0900][38.079s][info][gc,heap     ] GC(546) Eden regions: 1->0(214)
[2026-03-27T14:07:33.948+0900][38.079s][info][gc,heap     ] GC(546) Survivor regions: 1->1(27)
[2026-03-27T14:07:33.948+0900][38.079s][info][gc,heap     ] GC(546) Old regions: 1->1
[2026-03-27T14:07:33.948+0900][38.079s][info][gc,heap     ] GC(546) Archive regions: 0->0
[2026-03-27T14:07:33.948+0900][38.079s][info][gc,heap     ] GC(546) Humongous regions: 243->242
[2026-03-27T14:07:33.948+0900][38.079s][info][gc,metaspace] GC(546) Metaspace: 166K(384K)->166K(384K) NonClass: 157K(256K)->157K(256K) Class: 9K(128K)->9K(128K)
[2026-03-27T14:07:33.948+0900][38.079s][info][gc          ] GC(546) Pause Young (Concurrent Start) (G1 Humongous Allocation) 244M->242M(510M) 1.057ms
[2026-03-27T14:07:33.948+0900][38.079s][info][gc,cpu      ] GC(546) User=0.00s Sys=0.00s Real=0.00s
[2026-03-27T14:07:33.948+0900][38.079s][info][gc          ] GC(547) Concurrent Mark Cycle
[2026-03-27T14:07:33.948+0900][38.079s][info][gc,marking  ] GC(547) Concurrent Clear Claimed Marks
[2026-03-27T14:07:33.948+0900][38.079s][info][gc,marking  ] GC(547) Concurrent Clear Claimed Marks 0.012ms
[2026-03-27T14:07:33.948+0900][38.079s][info][gc,marking  ] GC(547) Concurrent Scan Root Regions
[2026-03-27T14:07:33.948+0900][38.080s][info][gc,marking  ] GC(547) Concurrent Scan Root Regions 0.104ms
[2026-03-27T14:07:33.948+0900][38.080s][info][gc,marking  ] GC(547) Concurrent Mark
[2026-03-27T14:07:33.948+0900][38.080s][info][gc,marking  ] GC(547) Concurrent Mark From Roots
[2026-03-27T14:07:33.948+0900][38.080s][info][gc,task     ] GC(547) Using 2 workers of 2 for marking
[2026-03-27T14:07:33.948+0900][38.081s][info][gc,marking  ] GC(547) Concurrent Mark From Roots 0.868ms
[2026-03-27T14:07:33.948+0900][38.081s][info][gc,marking  ] GC(547) Concurrent Preclean
[2026-03-27T14:07:33.948+0900][38.081s][info][gc,marking  ] GC(547) Concurrent Preclean 0.021ms
[2026-03-27T14:07:33.948+0900][38.081s][info][gc,start    ] GC(547) Pause Remark
[2026-03-27T14:07:33.948+0900][38.081s][info][gc          ] GC(547) Pause Remark 243M->243M(510M) 0.341ms
[2026-03-27T14:07:33.948+0900][38.081s][info][gc,cpu      ] GC(547) User=0.00s Sys=0.00s Real=0.00s
[2026-03-27T14:07:33.948+0900][38.081s][info][gc,marking  ] GC(547) Concurrent Mark 1.427ms
[2026-03-27T14:07:33.948+0900][38.081s][info][gc,marking  ] GC(547) Concurrent Rebuild Remembered Sets
[2026-03-27T14:07:33.948+0900][38.082s][info][gc,marking  ] GC(547) Concurrent Rebuild Remembered Sets 0.432ms
[2026-03-27T14:07:33.948+0900][38.082s][info][gc,start    ] GC(547) Pause Cleanup
[2026-03-27T14:07:33.948+0900][38.082s][info][gc          ] GC(547) Pause Cleanup 243M->243M(510M) 0.147ms
[2026-03-27T14:07:33.948+0900][38.082s][info][gc,cpu      ] GC(547) User=0.00s Sys=0.00s Real=0.00s
[2026-03-27T14:07:33.948+0900][38.082s][info][gc,marking  ] GC(547) Concurrent Cleanup for Next Mark
[2026-03-27T14:07:33.948+0900][38.082s][info][gc,marking  ] GC(547) Concurrent Cleanup for Next Mark 0.311ms
[2026-03-27T14:07:33.948+0900][38.082s][info][gc          ] GC(547) Concurrent Mark Cycle 2.897ms
[2026-03-27T14:07:34.004+0900][38.134s][info][gc,start    ] GC(548) Pause Young (Concurrent Start) (G1 Humongous Allocation)
[2026-03-27T14:07:34.004+0900][38.134s][info][gc,task     ] GC(548) Using 8 workers of 8 for evacuation
[2026-03-27T14:07:34.004+0900][38.135s][info][gc,phases   ] GC(548)   Pre Evacuate Collection Set: 0.1ms
[2026-03-27T14:07:34.004+0900][38.135s][info][gc,phases   ] GC(548)   Merge Heap Roots: 0.2ms
[2026-03-27T14:07:34.004+0900][38.135s][info][gc,phases   ] GC(548)   Evacuate Collection Set: 0.1ms
[2026-03-27T14:07:34.004+0900][38.135s][info][gc,phases   ] GC(548)   Post Evacuate Collection Set: 0.3ms
[2026-03-27T14:07:34.004+0900][38.135s][info][gc,phases   ] GC(548)   Other: 0.1ms
[2026-03-27T14:07:34.004+0900][38.135s][info][gc,heap     ] GC(548) Eden regions: 1->0(214)
[2026-03-27T14:07:34.004+0900][38.135s][info][gc,heap     ] GC(548) Survivor regions: 1->1(27)
[2026-03-27T14:07:34.004+0900][38.135s][info][gc,heap     ] GC(548) Old regions: 1->1
[2026-03-27T14:07:34.004+0900][38.135s][info][gc,heap     ] GC(548) Archive regions: 0->0
[2026-03-27T14:07:34.004+0900][38.135s][info][gc,heap     ] GC(548) Humongous regions: 243->242
[2026-03-27T14:07:34.004+0900][38.135s][info][gc,metaspace] GC(548) Metaspace: 166K(384K)->166K(384K) NonClass: 157K(256K)->157K(256K) Class: 9K(128K)->9K(128K)
[2026-03-27T14:07:34.004+0900][38.135s][info][gc          ] GC(548) Pause Young (Concurrent Start) (G1 Humongous Allocation) 244M->242M(510M) 1.030ms
[2026-03-27T14:07:34.004+0900][38.135s][info][gc,cpu      ] GC(548) User=0.00s Sys=0.00s Real=0.00s
[2026-03-27T14:07:34.004+0900][38.135s][info][gc          ] GC(549) Concurrent Mark Cycle
[2026-03-27T14:07:34.004+0900][38.135s][info][gc,marking  ] GC(549) Concurrent Clear Claimed Marks
[2026-03-27T14:07:34.004+0900][38.135s][info][gc,marking  ] GC(549) Concurrent Clear Claimed Marks 0.017ms
[2026-03-27T14:07:34.004+0900][38.135s][info][gc,marking  ] GC(549) Concurrent Scan Root Regions
[2026-03-27T14:07:34.004+0900][38.135s][info][gc,marking  ] GC(549) Concurrent Scan Root Regions 0.113ms
[2026-03-27T14:07:34.004+0900][38.135s][info][gc,marking  ] GC(549) Concurrent Mark
[2026-03-27T14:07:34.004+0900][38.136s][info][gc,marking  ] GC(549) Concurrent Mark From Roots
[2026-03-27T14:07:34.004+0900][38.136s][info][gc,task     ] GC(549) Using 2 workers of 2 for marking
[2026-03-27T14:07:34.004+0900][38.137s][info][gc,marking  ] GC(549) Concurrent Mark From Roots 1.056ms
[2026-03-27T14:07:34.004+0900][38.137s][info][gc,marking  ] GC(549) Concurrent Preclean
[2026-03-27T14:07:34.004+0900][38.137s][info][gc,marking  ] GC(549) Concurrent Preclean 0.014ms
[2026-03-27T14:07:34.004+0900][38.137s][info][gc,start    ] GC(549) Pause Remark
[2026-03-27T14:07:34.004+0900][38.138s][info][gc          ] GC(549) Pause Remark 243M->243M(510M) 0.864ms
[2026-03-27T14:07:34.004+0900][38.138s][info][gc,cpu      ] GC(549) User=0.00s Sys=0.00s Real=0.00s
[2026-03-27T14:07:34.004+0900][38.138s][info][gc,marking  ] GC(549) Concurrent Mark 2.278ms
[2026-03-27T14:07:34.004+0900][38.138s][info][gc,marking  ] GC(549) Concurrent Rebuild Remembered Sets
[2026-03-27T14:07:34.004+0900][38.138s][info][gc,marking  ] GC(549) Concurrent Rebuild Remembered Sets 0.519ms
[2026-03-27T14:07:34.004+0900][38.139s][info][gc,start    ] GC(549) Pause Cleanup
[2026-03-27T14:07:34.004+0900][38.139s][info][gc          ] GC(549) Pause Cleanup 243M->243M(510M) 0.116ms
[2026-03-27T14:07:34.004+0900][38.139s][info][gc,cpu      ] GC(549) User=0.00s Sys=0.00s Real=0.00s
[2026-03-27T14:07:34.004+0900][38.139s][info][gc,marking  ] GC(549) Concurrent Cleanup for Next Mark
[2026-03-27T14:07:34.004+0900][38.139s][info][gc,marking  ] GC(549) Concurrent Cleanup for Next Mark 0.255ms
[2026-03-27T14:07:34.004+0900][38.139s][info][gc          ] GC(549) Concurrent Mark Cycle 3.733ms
[2026-03-27T14:07:34.068+0900][38.198s][info][gc,start    ] GC(550) Pause Young (Concurrent Start) (G1 Humongous Allocation)
[2026-03-27T14:07:34.068+0900][38.198s][info][gc,task     ] GC(550) Using 8 workers of 8 for evacuation
[2026-03-27T14:07:34.068+0900][38.199s][info][gc,phases   ] GC(550)   Pre Evacuate Collection Set: 0.1ms
[2026-03-27T14:07:34.068+0900][38.199s][info][gc,phases   ] GC(550)   Merge Heap Roots: 0.2ms
[2026-03-27T14:07:34.068+0900][38.199s][info][gc,phases   ] GC(550)   Evacuate Collection Set: 0.2ms
[2026-03-27T14:07:34.068+0900][38.199s][info][gc,phases   ] GC(550)   Post Evacuate Collection Set: 0.4ms
[2026-03-27T14:07:34.068+0900][38.199s][info][gc,phases   ] GC(550)   Other: 0.1ms
[2026-03-27T14:07:34.068+0900][38.199s][info][gc,heap     ] GC(550) Eden regions: 1->0(214)
[2026-03-27T14:07:34.068+0900][38.199s][info][gc,heap     ] GC(550) Survivor regions: 1->1(27)
[2026-03-27T14:07:34.068+0900][38.199s][info][gc,heap     ] GC(550) Old regions: 1->1
[2026-03-27T14:07:34.068+0900][38.199s][info][gc,heap     ] GC(550) Archive regions: 0->0
[2026-03-27T14:07:34.068+0900][38.199s][info][gc,heap     ] GC(550) Humongous regions: 243->242
[2026-03-27T14:07:34.068+0900][38.199s][info][gc,metaspace] GC(550) Metaspace: 166K(384K)->166K(384K) NonClass: 157K(256K)->157K(256K) Class: 9K(128K)->9K(128K)
[2026-03-27T14:07:34.068+0900][38.199s][info][gc          ] GC(550) Pause Young (Concurrent Start) (G1 Humongous Allocation) 244M->242M(510M) 1.266ms
[2026-03-27T14:07:34.068+0900][38.199s][info][gc,cpu      ] GC(550) User=0.00s Sys=0.00s Real=0.00s
[2026-03-27T14:07:34.068+0900][38.199s][info][gc          ] GC(551) Concurrent Mark Cycle
[2026-03-27T14:07:34.068+0900][38.199s][info][gc,marking  ] GC(551) Concurrent Clear Claimed Marks
[2026-03-27T14:07:34.068+0900][38.199s][info][gc,marking  ] GC(551) Concurrent Clear Claimed Marks 0.013ms
[2026-03-27T14:07:34.068+0900][38.199s][info][gc,marking  ] GC(551) Concurrent Scan Root Regions
[2026-03-27T14:07:34.068+0900][38.199s][info][gc,marking  ] GC(551) Concurrent Scan Root Regions 0.120ms
[2026-03-27T14:07:34.068+0900][38.199s][info][gc,marking  ] GC(551) Concurrent Mark
[2026-03-27T14:07:34.068+0900][38.199s][info][gc,marking  ] GC(551) Concurrent Mark From Roots
[2026-03-27T14:07:34.068+0900][38.199s][info][gc,task     ] GC(551) Using 2 workers of 2 for marking
[2026-03-27T14:07:34.068+0900][38.201s][info][gc,marking  ] GC(551) Concurrent Mark From Roots 1.077ms
[2026-03-27T14:07:34.068+0900][38.201s][info][gc,marking  ] GC(551) Concurrent Preclean
[2026-03-27T14:07:34.068+0900][38.201s][info][gc,marking  ] GC(551) Concurrent Preclean 0.015ms
[2026-03-27T14:07:34.068+0900][38.201s][info][gc,start    ] GC(551) Pause Remark
[2026-03-27T14:07:34.068+0900][38.201s][info][gc          ] GC(551) Pause Remark 243M->243M(510M) 0.351ms
[2026-03-27T14:07:34.068+0900][38.201s][info][gc,cpu      ] GC(551) User=0.00s Sys=0.00s Real=0.00s
[2026-03-27T14:07:34.068+0900][38.201s][info][gc,marking  ] GC(551) Concurrent Mark 1.700ms
[2026-03-27T14:07:34.068+0900][38.201s][info][gc,marking  ] GC(551) Concurrent Rebuild Remembered Sets
[2026-03-27T14:07:34.068+0900][38.202s][info][gc,marking  ] GC(551) Concurrent Rebuild Remembered Sets 0.571ms
[2026-03-27T14:07:34.068+0900][38.202s][info][gc,start    ] GC(551) Pause Cleanup
[2026-03-27T14:07:34.068+0900][38.202s][info][gc          ] GC(551) Pause Cleanup 243M->243M(510M) 0.133ms
[2026-03-27T14:07:34.068+0900][38.202s][info][gc,cpu      ] GC(551) User=0.00s Sys=0.00s Real=0.00s
[2026-03-27T14:07:34.068+0900][38.202s][info][gc,marking  ] GC(551) Concurrent Cleanup for Next Mark
[2026-03-27T14:07:34.068+0900][38.202s][info][gc,marking  ] GC(551) Concurrent Cleanup for Next Mark 0.277ms
[2026-03-27T14:07:34.068+0900][38.202s][info][gc          ] GC(551) Concurrent Mark Cycle 3.273ms
[2026-03-27T14:07:34.133+0900][38.264s][info][gc,start    ] GC(552) Pause Young (Concurrent Start) (G1 Humongous Allocation)
[2026-03-27T14:07:34.133+0900][38.264s][info][gc,task     ] GC(552) Using 8 workers of 8 for evacuation
[2026-03-27T14:07:34.133+0900][38.266s][info][gc,phases   ] GC(552)   Pre Evacuate Collection Set: 0.5ms
[2026-03-27T14:07:34.133+0900][38.266s][info][gc,phases   ] GC(552)   Merge Heap Roots: 0.3ms
[2026-03-27T14:07:34.133+0900][38.266s][info][gc,phases   ] GC(552)   Evacuate Collection Set: 0.1ms
[2026-03-27T14:07:34.133+0900][38.266s][info][gc,phases   ] GC(552)   Post Evacuate Collection Set: 0.3ms
[2026-03-27T14:07:34.133+0900][38.266s][info][gc,phases   ] GC(552)   Other: 0.1ms
[2026-03-27T14:07:34.133+0900][38.266s][info][gc,heap     ] GC(552) Eden regions: 1->0(214)
[2026-03-27T14:07:34.133+0900][38.266s][info][gc,heap     ] GC(552) Survivor regions: 1->1(27)
[2026-03-27T14:07:34.133+0900][38.266s][info][gc,heap     ] GC(552) Old regions: 1->1
[2026-03-27T14:07:34.133+0900][38.266s][info][gc,heap     ] GC(552) Archive regions: 0->0
[2026-03-27T14:07:34.133+0900][38.266s][info][gc,heap     ] GC(552) Humongous regions: 243->242
[2026-03-27T14:07:34.136+0900][38.266s][info][gc,metaspace] GC(552) Metaspace: 166K(384K)->166K(384K) NonClass: 157K(256K)->157K(256K) Class: 9K(128K)->9K(128K)
[2026-03-27T14:07:34.136+0900][38.266s][info][gc          ] GC(552) Pause Young (Concurrent Start) (G1 Humongous Allocation) 244M->242M(510M) 1.572ms
[2026-03-27T14:07:34.136+0900][38.266s][info][gc,cpu      ] GC(552) User=0.00s Sys=0.00s Real=0.00s
[2026-03-27T14:07:34.136+0900][38.266s][info][gc          ] GC(553) Concurrent Mark Cycle
[2026-03-27T14:07:34.136+0900][38.266s][info][gc,marking  ] GC(553) Concurrent Clear Claimed Marks
[2026-03-27T14:07:34.136+0900][38.266s][info][gc,marking  ] GC(553) Concurrent Clear Claimed Marks 0.020ms
[2026-03-27T14:07:34.136+0900][38.266s][info][gc,marking  ] GC(553) Concurrent Scan Root Regions
[2026-03-27T14:07:34.136+0900][38.266s][info][gc,marking  ] GC(553) Concurrent Scan Root Regions 0.070ms
[2026-03-27T14:07:34.136+0900][38.266s][info][gc,marking  ] GC(553) Concurrent Mark
[2026-03-27T14:07:34.136+0900][38.266s][info][gc,marking  ] GC(553) Concurrent Mark From Roots
[2026-03-27T14:07:34.136+0900][38.266s][info][gc,task     ] GC(553) Using 2 workers of 2 for marking
[2026-03-27T14:07:34.137+0900][38.267s][info][gc,marking  ] GC(553) Concurrent Mark From Roots 0.965ms
[2026-03-27T14:07:34.137+0900][38.267s][info][gc,marking  ] GC(553) Concurrent Preclean
[2026-03-27T14:07:34.137+0900][38.267s][info][gc,marking  ] GC(553) Concurrent Preclean 0.014ms
[2026-03-27T14:07:34.137+0900][38.267s][info][gc,start    ] GC(553) Pause Remark
[2026-03-27T14:07:34.137+0900][38.268s][info][gc          ] GC(553) Pause Remark 245M->245M(510M) 0.342ms
[2026-03-27T14:07:34.137+0900][38.268s][info][gc,cpu      ] GC(553) User=0.00s Sys=0.00s Real=0.00s
[2026-03-27T14:07:34.137+0900][38.268s][info][gc,marking  ] GC(553) Concurrent Mark 1.765ms
[2026-03-27T14:07:34.137+0900][38.268s][info][gc,marking  ] GC(553) Concurrent Rebuild Remembered Sets
[2026-03-27T14:07:34.137+0900][38.268s][info][gc,marking  ] GC(553) Concurrent Rebuild Remembered Sets 0.418ms
[2026-03-27T14:07:34.137+0900][38.268s][info][gc,start    ] GC(553) Pause Cleanup
[2026-03-27T14:07:34.137+0900][38.268s][info][gc          ] GC(553) Pause Cleanup 245M->245M(510M) 0.109ms
[2026-03-27T14:07:34.137+0900][38.269s][info][gc,cpu      ] GC(553) User=0.00s Sys=0.00s Real=0.00s
[2026-03-27T14:07:34.137+0900][38.269s][info][gc,marking  ] GC(553) Concurrent Cleanup for Next Mark
[2026-03-27T14:07:34.137+0900][38.269s][info][gc,marking  ] GC(553) Concurrent Cleanup for Next Mark 0.250ms
[2026-03-27T14:07:34.137+0900][38.269s][info][gc          ] GC(553) Concurrent Mark Cycle 2.985ms
[2026-03-27T14:07:34.200+0900][38.330s][info][gc,start    ] GC(554) Pause Young (Concurrent Start) (G1 Humongous Allocation)
[2026-03-27T14:07:34.200+0900][38.330s][info][gc,task     ] GC(554) Using 8 workers of 8 for evacuation
[2026-03-27T14:07:34.200+0900][38.331s][info][gc,phases   ] GC(554)   Pre Evacuate Collection Set: 0.1ms
[2026-03-27T14:07:34.200+0900][38.331s][info][gc,phases   ] GC(554)   Merge Heap Roots: 0.1ms
[2026-03-27T14:07:34.200+0900][38.331s][info][gc,phases   ] GC(554)   Evacuate Collection Set: 0.1ms
[2026-03-27T14:07:34.200+0900][38.331s][info][gc,phases   ] GC(554)   Post Evacuate Collection Set: 0.4ms
[2026-03-27T14:07:34.200+0900][38.331s][info][gc,phases   ] GC(554)   Other: 0.1ms
[2026-03-27T14:07:34.200+0900][38.331s][info][gc,heap     ] GC(554) Eden regions: 1->0(212)
[2026-03-27T14:07:34.200+0900][38.331s][info][gc,heap     ] GC(554) Survivor regions: 1->1(27)
[2026-03-27T14:07:34.200+0900][38.331s][info][gc,heap     ] GC(554) Old regions: 1->1
[2026-03-27T14:07:34.200+0900][38.331s][info][gc,heap     ] GC(554) Archive regions: 0->0
[2026-03-27T14:07:34.200+0900][38.331s][info][gc,heap     ] GC(554) Humongous regions: 245->244
[2026-03-27T14:07:34.200+0900][38.331s][info][gc,metaspace] GC(554) Metaspace: 166K(384K)->166K(384K) NonClass: 157K(256K)->157K(256K) Class: 9K(128K)->9K(128K)
[2026-03-27T14:07:34.200+0900][38.331s][info][gc          ] GC(554) Pause Young (Concurrent Start) (G1 Humongous Allocation) 246M->244M(510M) 1.144ms
[2026-03-27T14:07:34.200+0900][38.331s][info][gc,cpu      ] GC(554) User=0.00s Sys=0.00s Real=0.00s
[2026-03-27T14:07:34.200+0900][38.331s][info][gc          ] GC(555) Concurrent Mark Cycle
[2026-03-27T14:07:34.200+0900][38.331s][info][gc,marking  ] GC(555) Concurrent Clear Claimed Marks
[2026-03-27T14:07:34.200+0900][38.331s][info][gc,marking  ] GC(555) Concurrent Clear Claimed Marks 0.012ms
[2026-03-27T14:07:34.200+0900][38.331s][info][gc,marking  ] GC(555) Concurrent Scan Root Regions
[2026-03-27T14:07:34.200+0900][38.331s][info][gc,marking  ] GC(555) Concurrent Scan Root Regions 0.108ms
[2026-03-27T14:07:34.200+0900][38.332s][info][gc,marking  ] GC(555) Concurrent Mark
[2026-03-27T14:07:34.200+0900][38.332s][info][gc,marking  ] GC(555) Concurrent Mark From Roots
[2026-03-27T14:07:34.200+0900][38.332s][info][gc,task     ] GC(555) Using 2 workers of 2 for marking
[2026-03-27T14:07:34.200+0900][38.333s][info][gc,marking  ] GC(555) Concurrent Mark From Roots 1.002ms
[2026-03-27T14:07:34.200+0900][38.333s][info][gc,marking  ] GC(555) Concurrent Preclean
[2026-03-27T14:07:34.200+0900][38.333s][info][gc,marking  ] GC(555) Concurrent Preclean 0.014ms
[2026-03-27T14:07:34.200+0900][38.333s][info][gc,start    ] GC(555) Pause Remark
[2026-03-27T14:07:34.200+0900][38.333s][info][gc          ] GC(555) Pause Remark 245M->245M(510M) 0.594ms
[2026-03-27T14:07:34.200+0900][38.333s][info][gc,cpu      ] GC(555) User=0.00s Sys=0.00s Real=0.00s
[2026-03-27T14:07:34.200+0900][38.334s][info][gc,marking  ] GC(555) Concurrent Mark 1.973ms
[2026-03-27T14:07:34.200+0900][38.334s][info][gc,marking  ] GC(555) Concurrent Rebuild Remembered Sets
[2026-03-27T14:07:34.200+0900][38.334s][info][gc,marking  ] GC(555) Concurrent Rebuild Remembered Sets 0.530ms
[2026-03-27T14:07:34.200+0900][38.334s][info][gc,start    ] GC(555) Pause Cleanup
[2026-03-27T14:07:34.200+0900][38.335s][info][gc          ] GC(555) Pause Cleanup 245M->245M(510M) 0.195ms
[2026-03-27T14:07:34.200+0900][38.335s][info][gc,cpu      ] GC(555) User=0.00s Sys=0.00s Real=0.00s
[2026-03-27T14:07:34.200+0900][38.335s][info][gc,marking  ] GC(555) Concurrent Cleanup for Next Mark
[2026-03-27T14:07:34.200+0900][38.335s][info][gc,marking  ] GC(555) Concurrent Cleanup for Next Mark 0.285ms
[2026-03-27T14:07:34.200+0900][38.335s][info][gc          ] GC(555) Concurrent Mark Cycle 3.723ms
[2026-03-27T14:07:34.253+0900][38.383s][info][gc,start    ] GC(556) Pause Young (Concurrent Start) (G1 Humongous Allocation)
[2026-03-27T14:07:34.253+0900][38.383s][info][gc,task     ] GC(556) Using 8 workers of 8 for evacuation
[2026-03-27T14:07:34.253+0900][38.384s][info][gc,phases   ] GC(556)   Pre Evacuate Collection Set: 0.1ms
[2026-03-27T14:07:34.253+0900][38.384s][info][gc,phases   ] GC(556)   Merge Heap Roots: 0.2ms
[2026-03-27T14:07:34.253+0900][38.384s][info][gc,phases   ] GC(556)   Evacuate Collection Set: 0.2ms
[2026-03-27T14:07:34.253+0900][38.384s][info][gc,phases   ] GC(556)   Post Evacuate Collection Set: 0.5ms
[2026-03-27T14:07:34.253+0900][38.384s][info][gc,phases   ] GC(556)   Other: 0.1ms
[2026-03-27T14:07:34.253+0900][38.384s][info][gc,heap     ] GC(556) Eden regions: 1->0(212)
[2026-03-27T14:07:34.253+0900][38.384s][info][gc,heap     ] GC(556) Survivor regions: 1->1(27)
[2026-03-27T14:07:34.253+0900][38.384s][info][gc,heap     ] GC(556) Old regions: 1->1
[2026-03-27T14:07:34.253+0900][38.384s][info][gc,heap     ] GC(556) Archive regions: 0->0
[2026-03-27T14:07:34.253+0900][38.384s][info][gc,heap     ] GC(556) Humongous regions: 245->244
[2026-03-27T14:07:34.253+0900][38.384s][info][gc,metaspace] GC(556) Metaspace: 166K(384K)->166K(384K) NonClass: 157K(256K)->157K(256K) Class: 9K(128K)->9K(128K)
[2026-03-27T14:07:34.253+0900][38.384s][info][gc          ] GC(556) Pause Young (Concurrent Start) (G1 Humongous Allocation) 246M->244M(510M) 1.468ms
[2026-03-27T14:07:34.253+0900][38.384s][info][gc,cpu      ] GC(556) User=0.00s Sys=0.02s Real=0.00s
[2026-03-27T14:07:34.253+0900][38.385s][info][gc          ] GC(557) Concurrent Mark Cycle
[2026-03-27T14:07:34.253+0900][38.385s][info][gc,marking  ] GC(557) Concurrent Clear Claimed Marks
[2026-03-27T14:07:34.253+0900][38.385s][info][gc,marking  ] GC(557) Concurrent Clear Claimed Marks 0.014ms
[2026-03-27T14:07:34.253+0900][38.385s][info][gc,marking  ] GC(557) Concurrent Scan Root Regions
[2026-03-27T14:07:34.253+0900][38.385s][info][gc,marking  ] GC(557) Concurrent Scan Root Regions 0.117ms
[2026-03-27T14:07:34.253+0900][38.385s][info][gc,marking  ] GC(557) Concurrent Mark
[2026-03-27T14:07:34.253+0900][38.385s][info][gc,marking  ] GC(557) Concurrent Mark From Roots
[2026-03-27T14:07:34.253+0900][38.385s][info][gc,task     ] GC(557) Using 2 workers of 2 for marking
[2026-03-27T14:07:34.255+0900][38.386s][info][gc,marking  ] GC(557) Concurrent Mark From Roots 0.786ms
[2026-03-27T14:07:34.255+0900][38.386s][info][gc,marking  ] GC(557) Concurrent Preclean
[2026-03-27T14:07:34.255+0900][38.386s][info][gc,marking  ] GC(557) Concurrent Preclean 0.020ms
[2026-03-27T14:07:34.255+0900][38.386s][info][gc,start    ] GC(557) Pause Remark
[2026-03-27T14:07:34.255+0900][38.386s][info][gc          ] GC(557) Pause Remark 245M->245M(510M) 0.671ms
[2026-03-27T14:07:34.255+0900][38.387s][info][gc,cpu      ] GC(557) User=0.00s Sys=0.00s Real=0.00s
[2026-03-27T14:07:34.255+0900][38.387s][info][gc,marking  ] GC(557) Concurrent Mark 1.810ms
[2026-03-27T14:07:34.255+0900][38.387s][info][gc,marking  ] GC(557) Concurrent Rebuild Remembered Sets
[2026-03-27T14:07:34.255+0900][38.387s][info][gc,marking  ] GC(557) Concurrent Rebuild Remembered Sets 0.478ms
[2026-03-27T14:07:34.257+0900][38.387s][info][gc,start    ] GC(557) Pause Cleanup
[2026-03-27T14:07:34.257+0900][38.388s][info][gc          ] GC(557) Pause Cleanup 245M->245M(510M) 0.162ms
[2026-03-27T14:07:34.257+0900][38.388s][info][gc,cpu      ] GC(557) User=0.00s Sys=0.00s Real=0.00s
[2026-03-27T14:07:34.257+0900][38.388s][info][gc,marking  ] GC(557) Concurrent Cleanup for Next Mark
[2026-03-27T14:07:34.257+0900][38.388s][info][gc,marking  ] GC(557) Concurrent Cleanup for Next Mark 0.294ms
[2026-03-27T14:07:34.257+0900][38.388s][info][gc          ] GC(557) Concurrent Mark Cycle 3.423ms
[2026-03-27T14:07:34.310+0900][38.440s][info][gc,start    ] GC(558) Pause Young (Concurrent Start) (G1 Humongous Allocation)
[2026-03-27T14:07:34.310+0900][38.440s][info][gc,task     ] GC(558) Using 8 workers of 8 for evacuation
[2026-03-27T14:07:34.310+0900][38.441s][info][gc,phases   ] GC(558)   Pre Evacuate Collection Set: 0.1ms
[2026-03-27T14:07:34.310+0900][38.441s][info][gc,phases   ] GC(558)   Merge Heap Roots: 0.2ms
[2026-03-27T14:07:34.310+0900][38.441s][info][gc,phases   ] GC(558)   Evacuate Collection Set: 0.1ms
[2026-03-27T14:07:34.310+0900][38.441s][info][gc,phases   ] GC(558)   Post Evacuate Collection Set: 0.4ms
[2026-03-27T14:07:34.310+0900][38.441s][info][gc,phases   ] GC(558)   Other: 0.1ms
[2026-03-27T14:07:34.310+0900][38.442s][info][gc,heap     ] GC(558) Eden regions: 1->0(212)
[2026-03-27T14:07:34.310+0900][38.442s][info][gc,heap     ] GC(558) Survivor regions: 1->1(27)
[2026-03-27T14:07:34.310+0900][38.442s][info][gc,heap     ] GC(558) Old regions: 1->1
[2026-03-27T14:07:34.310+0900][38.442s][info][gc,heap     ] GC(558) Archive regions: 0->0
[2026-03-27T14:07:34.310+0900][38.442s][info][gc,heap     ] GC(558) Humongous regions: 245->244
[2026-03-27T14:07:34.310+0900][38.442s][info][gc,metaspace] GC(558) Metaspace: 166K(384K)->166K(384K) NonClass: 157K(256K)->157K(256K) Class: 9K(128K)->9K(128K)
[2026-03-27T14:07:34.310+0900][38.442s][info][gc          ] GC(558) Pause Young (Concurrent Start) (G1 Humongous Allocation) 246M->244M(511M) 1.656ms
[2026-03-27T14:07:34.310+0900][38.442s][info][gc,cpu      ] GC(558) User=0.00s Sys=0.00s Real=0.00s
[2026-03-27T14:07:34.310+0900][38.442s][info][gc          ] GC(559) Concurrent Mark Cycle
[2026-03-27T14:07:34.310+0900][38.442s][info][gc,marking  ] GC(559) Concurrent Clear Claimed Marks
[2026-03-27T14:07:34.310+0900][38.442s][info][gc,marking  ] GC(559) Concurrent Clear Claimed Marks 0.015ms
[2026-03-27T14:07:34.310+0900][38.442s][info][gc,marking  ] GC(559) Concurrent Scan Root Regions
[2026-03-27T14:07:34.310+0900][38.442s][info][gc,marking  ] GC(559) Concurrent Scan Root Regions 0.138ms
[2026-03-27T14:07:34.310+0900][38.442s][info][gc,marking  ] GC(559) Concurrent Mark
[2026-03-27T14:07:34.310+0900][38.442s][info][gc,marking  ] GC(559) Concurrent Mark From Roots
[2026-03-27T14:07:34.310+0900][38.442s][info][gc,task     ] GC(559) Using 2 workers of 2 for marking
[2026-03-27T14:07:34.310+0900][38.443s][info][gc,marking  ] GC(559) Concurrent Mark From Roots 0.734ms
[2026-03-27T14:07:34.310+0900][38.443s][info][gc,marking  ] GC(559) Concurrent Preclean
[2026-03-27T14:07:34.310+0900][38.443s][info][gc,marking  ] GC(559) Concurrent Preclean 0.018ms
[2026-03-27T14:07:34.310+0900][38.443s][info][gc,start    ] GC(559) Pause Remark
[2026-03-27T14:07:34.310+0900][38.444s][info][gc          ] GC(559) Pause Remark 245M->245M(511M) 0.808ms
[2026-03-27T14:07:34.310+0900][38.444s][info][gc,cpu      ] GC(559) User=0.00s Sys=0.00s Real=0.00s
[2026-03-27T14:07:34.310+0900][38.444s][info][gc,marking  ] GC(559) Concurrent Mark 1.870ms
[2026-03-27T14:07:34.310+0900][38.444s][info][gc,marking  ] GC(559) Concurrent Rebuild Remembered Sets
[2026-03-27T14:07:34.310+0900][38.444s][info][gc,marking  ] GC(559) Concurrent Rebuild Remembered Sets 0.431ms
[2026-03-27T14:07:34.310+0900][38.444s][info][gc,start    ] GC(559) Pause Cleanup
[2026-03-27T14:07:34.310+0900][38.445s][info][gc          ] GC(559) Pause Cleanup 245M->245M(511M) 0.103ms
[2026-03-27T14:07:34.310+0900][38.445s][info][gc,cpu      ] GC(559) User=0.00s Sys=0.00s Real=0.00s
[2026-03-27T14:07:34.310+0900][38.445s][info][gc,marking  ] GC(559) Concurrent Cleanup for Next Mark
[2026-03-27T14:07:34.310+0900][38.445s][info][gc,marking  ] GC(559) Concurrent Cleanup for Next Mark 0.314ms
[2026-03-27T14:07:34.310+0900][38.445s][info][gc          ] GC(559) Concurrent Mark Cycle 3.382ms
[2026-03-27T14:07:34.374+0900][38.504s][info][gc,start    ] GC(560) Pause Young (Concurrent Start) (G1 Humongous Allocation)
[2026-03-27T14:07:34.374+0900][38.504s][info][gc,task     ] GC(560) Using 8 workers of 8 for evacuation
[2026-03-27T14:07:34.374+0900][38.505s][info][gc,phases   ] GC(560)   Pre Evacuate Collection Set: 0.1ms
[2026-03-27T14:07:34.374+0900][38.505s][info][gc,phases   ] GC(560)   Merge Heap Roots: 0.2ms
[2026-03-27T14:07:34.374+0900][38.505s][info][gc,phases   ] GC(560)   Evacuate Collection Set: 0.2ms
[2026-03-27T14:07:34.374+0900][38.505s][info][gc,phases   ] GC(560)   Post Evacuate Collection Set: 0.7ms
[2026-03-27T14:07:34.374+0900][38.505s][info][gc,phases   ] GC(560)   Other: 0.1ms
[2026-03-27T14:07:34.374+0900][38.505s][info][gc,heap     ] GC(560) Eden regions: 1->0(212)
[2026-03-27T14:07:34.374+0900][38.505s][info][gc,heap     ] GC(560) Survivor regions: 1->1(27)
[2026-03-27T14:07:34.374+0900][38.505s][info][gc,heap     ] GC(560) Old regions: 1->1
[2026-03-27T14:07:34.374+0900][38.505s][info][gc,heap     ] GC(560) Archive regions: 0->0
[2026-03-27T14:07:34.374+0900][38.505s][info][gc,heap     ] GC(560) Humongous regions: 245->244
[2026-03-27T14:07:34.374+0900][38.505s][info][gc,metaspace] GC(560) Metaspace: 166K(384K)->166K(384K) NonClass: 157K(256K)->157K(256K) Class: 9K(128K)->9K(128K)
[2026-03-27T14:07:34.374+0900][38.505s][info][gc          ] GC(560) Pause Young (Concurrent Start) (G1 Humongous Allocation) 246M->244M(511M) 1.629ms
[2026-03-27T14:07:34.374+0900][38.505s][info][gc,cpu      ] GC(560) User=0.00s Sys=0.00s Real=0.00s
[2026-03-27T14:07:34.374+0900][38.506s][info][gc          ] GC(561) Concurrent Mark Cycle
[2026-03-27T14:07:34.374+0900][38.506s][info][gc,marking  ] GC(561) Concurrent Clear Claimed Marks
[2026-03-27T14:07:34.374+0900][38.506s][info][gc,marking  ] GC(561) Concurrent Clear Claimed Marks 0.013ms
[2026-03-27T14:07:34.374+0900][38.506s][info][gc,marking  ] GC(561) Concurrent Scan Root Regions
[2026-03-27T14:07:34.374+0900][38.506s][info][gc,marking  ] GC(561) Concurrent Scan Root Regions 0.162ms
[2026-03-27T14:07:34.374+0900][38.506s][info][gc,marking  ] GC(561) Concurrent Mark
[2026-03-27T14:07:34.374+0900][38.506s][info][gc,marking  ] GC(561) Concurrent Mark From Roots
[2026-03-27T14:07:34.374+0900][38.506s][info][gc,task     ] GC(561) Using 2 workers of 2 for marking
[2026-03-27T14:07:34.374+0900][38.507s][info][gc,marking  ] GC(561) Concurrent Mark From Roots 0.734ms
[2026-03-27T14:07:34.374+0900][38.507s][info][gc,marking  ] GC(561) Concurrent Preclean
[2026-03-27T14:07:34.374+0900][38.507s][info][gc,marking  ] GC(561) Concurrent Preclean 0.013ms
[2026-03-27T14:07:34.374+0900][38.507s][info][gc,start    ] GC(561) Pause Remark
[2026-03-27T14:07:34.374+0900][38.508s][info][gc          ] GC(561) Pause Remark 245M->245M(511M) 0.769ms
[2026-03-27T14:07:34.374+0900][38.508s][info][gc,cpu      ] GC(561) User=0.00s Sys=0.00s Real=0.00s
[2026-03-27T14:07:34.374+0900][38.508s][info][gc,marking  ] GC(561) Concurrent Mark 1.924ms
[2026-03-27T14:07:34.374+0900][38.508s][info][gc,marking  ] GC(561) Concurrent Rebuild Remembered Sets
[2026-03-27T14:07:34.374+0900][38.508s][info][gc,marking  ] GC(561) Concurrent Rebuild Remembered Sets 0.440ms
[2026-03-27T14:07:34.374+0900][38.508s][info][gc,start    ] GC(561) Pause Cleanup
[2026-03-27T14:07:34.374+0900][38.509s][info][gc          ] GC(561) Pause Cleanup 245M->245M(511M) 0.108ms
[2026-03-27T14:07:34.374+0900][38.509s][info][gc,cpu      ] GC(561) User=0.00s Sys=0.00s Real=0.00s
[2026-03-27T14:07:34.374+0900][38.509s][info][gc,marking  ] GC(561) Concurrent Cleanup for Next Mark
[2026-03-27T14:07:34.374+0900][38.509s][info][gc,marking  ] GC(561) Concurrent Cleanup for Next Mark 0.293ms
[2026-03-27T14:07:34.374+0900][38.509s][info][gc          ] GC(561) Concurrent Mark Cycle 3.436ms
[2026-03-27T14:07:34.437+0900][38.567s][info][gc,start    ] GC(562) Pause Young (Concurrent Start) (G1 Humongous Allocation)
[2026-03-27T14:07:34.437+0900][38.568s][info][gc,task     ] GC(562) Using 8 workers of 8 for evacuation
[2026-03-27T14:07:34.437+0900][38.568s][info][gc,phases   ] GC(562)   Pre Evacuate Collection Set: 0.1ms
[2026-03-27T14:07:34.437+0900][38.569s][info][gc,phases   ] GC(562)   Merge Heap Roots: 0.2ms
[2026-03-27T14:07:34.437+0900][38.569s][info][gc,phases   ] GC(562)   Evacuate Collection Set: 0.1ms
[2026-03-27T14:07:34.437+0900][38.569s][info][gc,phases   ] GC(562)   Post Evacuate Collection Set: 0.4ms
[2026-03-27T14:07:34.437+0900][38.569s][info][gc,phases   ] GC(562)   Other: 0.1ms
[2026-03-27T14:07:34.437+0900][38.569s][info][gc,heap     ] GC(562) Eden regions: 1->0(212)
[2026-03-27T14:07:34.437+0900][38.569s][info][gc,heap     ] GC(562) Survivor regions: 1->1(27)
[2026-03-27T14:07:34.437+0900][38.569s][info][gc,heap     ] GC(562) Old regions: 1->1
[2026-03-27T14:07:34.437+0900][38.569s][info][gc,heap     ] GC(562) Archive regions: 0->0
[2026-03-27T14:07:34.437+0900][38.569s][info][gc,heap     ] GC(562) Humongous regions: 245->244
[2026-03-27T14:07:34.437+0900][38.569s][info][gc,metaspace] GC(562) Metaspace: 166K(384K)->166K(384K) NonClass: 157K(256K)->157K(256K) Class: 9K(128K)->9K(128K)
[2026-03-27T14:07:34.437+0900][38.569s][info][gc          ] GC(562) Pause Young (Concurrent Start) (G1 Humongous Allocation) 246M->244M(511M) 1.294ms
[2026-03-27T14:07:34.437+0900][38.569s][info][gc,cpu      ] GC(562) User=0.00s Sys=0.00s Real=0.00s
[2026-03-27T14:07:34.437+0900][38.569s][info][gc          ] GC(563) Concurrent Mark Cycle
[2026-03-27T14:07:34.437+0900][38.569s][info][gc,marking  ] GC(563) Concurrent Clear Claimed Marks
[2026-03-27T14:07:34.437+0900][38.569s][info][gc,marking  ] GC(563) Concurrent Clear Claimed Marks 0.029ms
[2026-03-27T14:07:34.437+0900][38.569s][info][gc,marking  ] GC(563) Concurrent Scan Root Regions
[2026-03-27T14:07:34.437+0900][38.569s][info][gc,marking  ] GC(563) Concurrent Scan Root Regions 0.132ms
[2026-03-27T14:07:34.437+0900][38.569s][info][gc,marking  ] GC(563) Concurrent Mark
[2026-03-27T14:07:34.437+0900][38.569s][info][gc,marking  ] GC(563) Concurrent Mark From Roots
[2026-03-27T14:07:34.437+0900][38.569s][info][gc,task     ] GC(563) Using 2 workers of 2 for marking
[2026-03-27T14:07:34.437+0900][38.570s][info][gc,marking  ] GC(563) Concurrent Mark From Roots 1.220ms
[2026-03-27T14:07:34.437+0900][38.570s][info][gc,marking  ] GC(563) Concurrent Preclean
[2026-03-27T14:07:34.437+0900][38.570s][info][gc,marking  ] GC(563) Concurrent Preclean 0.017ms
[2026-03-27T14:07:34.437+0900][38.571s][info][gc,start    ] GC(563) Pause Remark
[2026-03-27T14:07:34.437+0900][38.571s][info][gc          ] GC(563) Pause Remark 247M->247M(511M) 0.664ms
[2026-03-27T14:07:34.437+0900][38.571s][info][gc,cpu      ] GC(563) User=0.00s Sys=0.00s Real=0.00s
[2026-03-27T14:07:34.437+0900][38.571s][info][gc,marking  ] GC(563) Concurrent Mark 2.187ms
[2026-03-27T14:07:34.437+0900][38.571s][info][gc,marking  ] GC(563) Concurrent Rebuild Remembered Sets
[2026-03-27T14:07:34.437+0900][38.572s][info][gc,marking  ] GC(563) Concurrent Rebuild Remembered Sets 0.481ms
[2026-03-27T14:07:34.437+0900][38.572s][info][gc,start    ] GC(563) Pause Cleanup
[2026-03-27T14:07:34.437+0900][38.572s][info][gc          ] GC(563) Pause Cleanup 247M->247M(511M) 0.116ms
[2026-03-27T14:07:34.437+0900][38.572s][info][gc,cpu      ] GC(563) User=0.00s Sys=0.00s Real=0.00s
[2026-03-27T14:07:34.437+0900][38.572s][info][gc,marking  ] GC(563) Concurrent Cleanup for Next Mark
[2026-03-27T14:07:34.437+0900][38.572s][info][gc,marking  ] GC(563) Concurrent Cleanup for Next Mark 0.233ms
[2026-03-27T14:07:34.437+0900][38.572s][info][gc          ] GC(563) Concurrent Mark Cycle 3.603ms
[2026-03-27T14:07:34.500+0900][38.630s][info][gc,start    ] GC(564) Pause Young (Concurrent Start) (G1 Humongous Allocation)
[2026-03-27T14:07:34.500+0900][38.631s][info][gc,task     ] GC(564) Using 8 workers of 8 for evacuation
[2026-03-27T14:07:34.500+0900][38.632s][info][gc,phases   ] GC(564)   Pre Evacuate Collection Set: 0.1ms
[2026-03-27T14:07:34.500+0900][38.632s][info][gc,phases   ] GC(564)   Merge Heap Roots: 0.2ms
[2026-03-27T14:07:34.500+0900][38.632s][info][gc,phases   ] GC(564)   Evacuate Collection Set: 0.1ms
[2026-03-27T14:07:34.500+0900][38.632s][info][gc,phases   ] GC(564)   Post Evacuate Collection Set: 0.6ms
[2026-03-27T14:07:34.500+0900][38.632s][info][gc,phases   ] GC(564)   Other: 0.2ms
[2026-03-27T14:07:34.500+0900][38.632s][info][gc,heap     ] GC(564) Eden regions: 1->0(210)
[2026-03-27T14:07:34.500+0900][38.632s][info][gc,heap     ] GC(564) Survivor regions: 1->1(27)
[2026-03-27T14:07:34.500+0900][38.632s][info][gc,heap     ] GC(564) Old regions: 1->1
[2026-03-27T14:07:34.500+0900][38.632s][info][gc,heap     ] GC(564) Archive regions: 0->0
[2026-03-27T14:07:34.500+0900][38.632s][info][gc,heap     ] GC(564) Humongous regions: 247->246
[2026-03-27T14:07:34.500+0900][38.632s][info][gc,metaspace] GC(564) Metaspace: 166K(384K)->166K(384K) NonClass: 157K(256K)->157K(256K) Class: 9K(128K)->9K(128K)
[2026-03-27T14:07:34.500+0900][38.632s][info][gc          ] GC(564) Pause Young (Concurrent Start) (G1 Humongous Allocation) 248M->246M(511M) 1.405ms
[2026-03-27T14:07:34.500+0900][38.632s][info][gc,cpu      ] GC(564) User=0.00s Sys=0.00s Real=0.00s
[2026-03-27T14:07:34.500+0900][38.632s][info][gc          ] GC(565) Concurrent Mark Cycle
[2026-03-27T14:07:34.500+0900][38.632s][info][gc,marking  ] GC(565) Concurrent Clear Claimed Marks
[2026-03-27T14:07:34.500+0900][38.632s][info][gc,marking  ] GC(565) Concurrent Clear Claimed Marks 0.013ms
[2026-03-27T14:07:34.500+0900][38.632s][info][gc,marking  ] GC(565) Concurrent Scan Root Regions
[2026-03-27T14:07:34.500+0900][38.632s][info][gc,marking  ] GC(565) Concurrent Scan Root Regions 0.107ms
[2026-03-27T14:07:34.500+0900][38.632s][info][gc,marking  ] GC(565) Concurrent Mark
[2026-03-27T14:07:34.500+0900][38.632s][info][gc,marking  ] GC(565) Concurrent Mark From Roots
[2026-03-27T14:07:34.500+0900][38.632s][info][gc,task     ] GC(565) Using 2 workers of 2 for marking
[2026-03-27T14:07:34.500+0900][38.633s][info][gc,marking  ] GC(565) Concurrent Mark From Roots 0.764ms
[2026-03-27T14:07:34.500+0900][38.633s][info][gc,marking  ] GC(565) Concurrent Preclean
[2026-03-27T14:07:34.500+0900][38.633s][info][gc,marking  ] GC(565) Concurrent Preclean 0.013ms
[2026-03-27T14:07:34.500+0900][38.633s][info][gc,start    ] GC(565) Pause Remark
[2026-03-27T14:07:34.500+0900][38.634s][info][gc          ] GC(565) Pause Remark 247M->247M(511M) 0.705ms
[2026-03-27T14:07:34.500+0900][38.634s][info][gc,cpu      ] GC(565) User=0.00s Sys=0.00s Real=0.00s
[2026-03-27T14:07:34.500+0900][38.634s][info][gc,marking  ] GC(565) Concurrent Mark 1.870ms
[2026-03-27T14:07:34.500+0900][38.634s][info][gc,marking  ] GC(565) Concurrent Rebuild Remembered Sets
[2026-03-27T14:07:34.500+0900][38.634s][info][gc,marking  ] GC(565) Concurrent Rebuild Remembered Sets 0.366ms
[2026-03-27T14:07:34.500+0900][38.635s][info][gc,start    ] GC(565) Pause Cleanup
[2026-03-27T14:07:34.500+0900][38.635s][info][gc          ] GC(565) Pause Cleanup 247M->247M(511M) 0.112ms
[2026-03-27T14:07:34.500+0900][38.635s][info][gc,cpu      ] GC(565) User=0.00s Sys=0.00s Real=0.00s
[2026-03-27T14:07:34.500+0900][38.635s][info][gc,marking  ] GC(565) Concurrent Cleanup for Next Mark
[2026-03-27T14:07:34.500+0900][38.635s][info][gc,marking  ] GC(565) Concurrent Cleanup for Next Mark 0.246ms
[2026-03-27T14:07:34.500+0900][38.635s][info][gc          ] GC(565) Concurrent Mark Cycle 3.172ms
[2026-03-27T14:07:34.564+0900][38.694s][info][gc,start    ] GC(566) Pause Young (Concurrent Start) (G1 Humongous Allocation)
[2026-03-27T14:07:34.564+0900][38.694s][info][gc,task     ] GC(566) Using 8 workers of 8 for evacuation
[2026-03-27T14:07:34.564+0900][38.695s][info][gc,phases   ] GC(566)   Pre Evacuate Collection Set: 0.1ms
[2026-03-27T14:07:34.564+0900][38.695s][info][gc,phases   ] GC(566)   Merge Heap Roots: 0.1ms
[2026-03-27T14:07:34.564+0900][38.695s][info][gc,phases   ] GC(566)   Evacuate Collection Set: 0.2ms
[2026-03-27T14:07:34.564+0900][38.695s][info][gc,phases   ] GC(566)   Post Evacuate Collection Set: 0.7ms
[2026-03-27T14:07:34.564+0900][38.695s][info][gc,phases   ] GC(566)   Other: 0.2ms
[2026-03-27T14:07:34.564+0900][38.695s][info][gc,heap     ] GC(566) Eden regions: 1->0(211)
[2026-03-27T14:07:34.564+0900][38.695s][info][gc,heap     ] GC(566) Survivor regions: 1->1(27)
[2026-03-27T14:07:34.564+0900][38.695s][info][gc,heap     ] GC(566) Old regions: 1->1
[2026-03-27T14:07:34.564+0900][38.696s][info][gc,heap     ] GC(566) Archive regions: 0->0
[2026-03-27T14:07:34.564+0900][38.696s][info][gc,heap     ] GC(566) Humongous regions: 247->246
[2026-03-27T14:07:34.564+0900][38.696s][info][gc,metaspace] GC(566) Metaspace: 166K(384K)->166K(384K) NonClass: 157K(256K)->157K(256K) Class: 9K(128K)->9K(128K)
[2026-03-27T14:07:34.564+0900][38.696s][info][gc          ] GC(566) Pause Young (Concurrent Start) (G1 Humongous Allocation) 248M->246M(512M) 1.659ms
[2026-03-27T14:07:34.564+0900][38.696s][info][gc,cpu      ] GC(566) User=0.00s Sys=0.00s Real=0.00s
[2026-03-27T14:07:34.564+0900][38.696s][info][gc          ] GC(567) Concurrent Mark Cycle
[2026-03-27T14:07:34.564+0900][38.696s][info][gc,marking  ] GC(567) Concurrent Clear Claimed Marks
[2026-03-27T14:07:34.564+0900][38.696s][info][gc,marking  ] GC(567) Concurrent Clear Claimed Marks 0.017ms
[2026-03-27T14:07:34.564+0900][38.696s][info][gc,marking  ] GC(567) Concurrent Scan Root Regions
[2026-03-27T14:07:34.564+0900][38.696s][info][gc,marking  ] GC(567) Concurrent Scan Root Regions 0.123ms
[2026-03-27T14:07:34.564+0900][38.696s][info][gc,marking  ] GC(567) Concurrent Mark
[2026-03-27T14:07:34.564+0900][38.696s][info][gc,marking  ] GC(567) Concurrent Mark From Roots
[2026-03-27T14:07:34.564+0900][38.696s][info][gc,task     ] GC(567) Using 2 workers of 2 for marking
[2026-03-27T14:07:34.564+0900][38.697s][info][gc,marking  ] GC(567) Concurrent Mark From Roots 1.101ms
[2026-03-27T14:07:34.564+0900][38.697s][info][gc,marking  ] GC(567) Concurrent Preclean
[2026-03-27T14:07:34.564+0900][38.697s][info][gc,marking  ] GC(567) Concurrent Preclean 0.015ms
[2026-03-27T14:07:34.564+0900][38.697s][info][gc,start    ] GC(567) Pause Remark
[2026-03-27T14:07:34.564+0900][38.698s][info][gc          ] GC(567) Pause Remark 247M->247M(512M) 0.587ms
[2026-03-27T14:07:34.564+0900][38.698s][info][gc,cpu      ] GC(567) User=0.00s Sys=0.00s Real=0.00s
[2026-03-27T14:07:34.564+0900][38.698s][info][gc,marking  ] GC(567) Concurrent Mark 2.100ms
[2026-03-27T14:07:34.564+0900][38.698s][info][gc,marking  ] GC(567) Concurrent Rebuild Remembered Sets
[2026-03-27T14:07:34.564+0900][38.698s][info][gc,marking  ] GC(567) Concurrent Rebuild Remembered Sets 0.375ms
[2026-03-27T14:07:34.564+0900][38.699s][info][gc,start    ] GC(567) Pause Cleanup
[2026-03-27T14:07:34.564+0900][38.699s][info][gc          ] GC(567) Pause Cleanup 247M->247M(512M) 0.103ms
[2026-03-27T14:07:34.564+0900][38.699s][info][gc,cpu      ] GC(567) User=0.00s Sys=0.00s Real=0.00s
[2026-03-27T14:07:34.564+0900][38.699s][info][gc,marking  ] GC(567) Concurrent Cleanup for Next Mark
[2026-03-27T14:07:34.564+0900][38.699s][info][gc,marking  ] GC(567) Concurrent Cleanup for Next Mark 0.245ms
[2026-03-27T14:07:34.564+0900][38.699s][info][gc          ] GC(567) Concurrent Mark Cycle 3.467ms
[2026-03-27T14:07:34.628+0900][38.758s][info][gc,start    ] GC(568) Pause Young (Concurrent Start) (G1 Humongous Allocation)
[2026-03-27T14:07:34.628+0900][38.758s][info][gc,task     ] GC(568) Using 8 workers of 8 for evacuation
[2026-03-27T14:07:34.628+0900][38.759s][info][gc,phases   ] GC(568)   Pre Evacuate Collection Set: 0.1ms
[2026-03-27T14:07:34.628+0900][38.759s][info][gc,phases   ] GC(568)   Merge Heap Roots: 0.2ms
[2026-03-27T14:07:34.628+0900][38.759s][info][gc,phases   ] GC(568)   Evacuate Collection Set: 0.1ms
[2026-03-27T14:07:34.628+0900][38.759s][info][gc,phases   ] GC(568)   Post Evacuate Collection Set: 0.4ms
[2026-03-27T14:07:34.628+0900][38.759s][info][gc,phases   ] GC(568)   Other: 0.1ms
[2026-03-27T14:07:34.628+0900][38.759s][info][gc,heap     ] GC(568) Eden regions: 1->0(211)
[2026-03-27T14:07:34.628+0900][38.759s][info][gc,heap     ] GC(568) Survivor regions: 1->1(27)
[2026-03-27T14:07:34.628+0900][38.759s][info][gc,heap     ] GC(568) Old regions: 1->1
[2026-03-27T14:07:34.628+0900][38.759s][info][gc,heap     ] GC(568) Archive regions: 0->0
[2026-03-27T14:07:34.628+0900][38.759s][info][gc,heap     ] GC(568) Humongous regions: 247->246
[2026-03-27T14:07:34.628+0900][38.759s][info][gc,metaspace] GC(568) Metaspace: 166K(384K)->166K(384K) NonClass: 157K(256K)->157K(256K) Class: 9K(128K)->9K(128K)
[2026-03-27T14:07:34.628+0900][38.759s][info][gc          ] GC(568) Pause Young (Concurrent Start) (G1 Humongous Allocation) 248M->246M(512M) 1.132ms
[2026-03-27T14:07:34.628+0900][38.759s][info][gc,cpu      ] GC(568) User=0.00s Sys=0.02s Real=0.00s
[2026-03-27T14:07:34.628+0900][38.759s][info][gc          ] GC(569) Concurrent Mark Cycle
[2026-03-27T14:07:34.628+0900][38.759s][info][gc,marking  ] GC(569) Concurrent Clear Claimed Marks
[2026-03-27T14:07:34.628+0900][38.759s][info][gc,marking  ] GC(569) Concurrent Clear Claimed Marks 0.013ms
[2026-03-27T14:07:34.628+0900][38.759s][info][gc,marking  ] GC(569) Concurrent Scan Root Regions
[2026-03-27T14:07:34.628+0900][38.759s][info][gc,marking  ] GC(569) Concurrent Scan Root Regions 0.033ms
[2026-03-27T14:07:34.628+0900][38.759s][info][gc,marking  ] GC(569) Concurrent Mark
[2026-03-27T14:07:34.628+0900][38.759s][info][gc,marking  ] GC(569) Concurrent Mark From Roots
[2026-03-27T14:07:34.628+0900][38.759s][info][gc,task     ] GC(569) Using 2 workers of 2 for marking
[2026-03-27T14:07:34.628+0900][38.760s][info][gc,marking  ] GC(569) Concurrent Mark From Roots 0.664ms
[2026-03-27T14:07:34.628+0900][38.760s][info][gc,marking  ] GC(569) Concurrent Preclean
[2026-03-27T14:07:34.628+0900][38.760s][info][gc,marking  ] GC(569) Concurrent Preclean 0.012ms
[2026-03-27T14:07:34.628+0900][38.760s][info][gc,start    ] GC(569) Pause Remark
[2026-03-27T14:07:34.628+0900][38.761s][info][gc          ] GC(569) Pause Remark 247M->247M(512M) 0.477ms
[2026-03-27T14:07:34.628+0900][38.761s][info][gc,cpu      ] GC(569) User=0.00s Sys=0.00s Real=0.00s
[2026-03-27T14:07:34.628+0900][38.761s][info][gc,marking  ] GC(569) Concurrent Mark 1.448ms
[2026-03-27T14:07:34.628+0900][38.761s][info][gc,marking  ] GC(569) Concurrent Rebuild Remembered Sets
[2026-03-27T14:07:34.628+0900][38.761s][info][gc,marking  ] GC(569) Concurrent Rebuild Remembered Sets 0.349ms
[2026-03-27T14:07:34.628+0900][38.761s][info][gc,start    ] GC(569) Pause Cleanup
[2026-03-27T14:07:34.628+0900][38.762s][info][gc          ] GC(569) Pause Cleanup 247M->247M(512M) 0.120ms
[2026-03-27T14:07:34.628+0900][38.762s][info][gc,cpu      ] GC(569) User=0.00s Sys=0.00s Real=0.00s
[2026-03-27T14:07:34.628+0900][38.762s][info][gc,marking  ] GC(569) Concurrent Cleanup for Next Mark
[2026-03-27T14:07:34.628+0900][38.762s][info][gc,marking  ] GC(569) Concurrent Cleanup for Next Mark 0.309ms
[2026-03-27T14:07:34.628+0900][38.762s][info][gc          ] GC(569) Concurrent Mark Cycle 2.719ms
[2026-03-27T14:07:34.691+0900][38.821s][info][gc,start    ] GC(570) Pause Young (Concurrent Start) (G1 Humongous Allocation)
[2026-03-27T14:07:34.691+0900][38.821s][info][gc,task     ] GC(570) Using 8 workers of 8 for evacuation
[2026-03-27T14:07:34.691+0900][38.822s][info][gc,phases   ] GC(570)   Pre Evacuate Collection Set: 0.1ms
[2026-03-27T14:07:34.691+0900][38.822s][info][gc,phases   ] GC(570)   Merge Heap Roots: 0.2ms
[2026-03-27T14:07:34.691+0900][38.822s][info][gc,phases   ] GC(570)   Evacuate Collection Set: 0.2ms
[2026-03-27T14:07:34.691+0900][38.823s][info][gc,phases   ] GC(570)   Post Evacuate Collection Set: 0.6ms
[2026-03-27T14:07:34.691+0900][38.823s][info][gc,phases   ] GC(570)   Other: 0.1ms
[2026-03-27T14:07:34.691+0900][38.823s][info][gc,heap     ] GC(570) Eden regions: 1->0(211)
[2026-03-27T14:07:34.691+0900][38.823s][info][gc,heap     ] GC(570) Survivor regions: 1->1(27)
[2026-03-27T14:07:34.691+0900][38.823s][info][gc,heap     ] GC(570) Old regions: 1->1
[2026-03-27T14:07:34.691+0900][38.823s][info][gc,heap     ] GC(570) Archive regions: 0->0
[2026-03-27T14:07:34.691+0900][38.823s][info][gc,heap     ] GC(570) Humongous regions: 247->246
[2026-03-27T14:07:34.691+0900][38.823s][info][gc,metaspace] GC(570) Metaspace: 166K(384K)->166K(384K) NonClass: 157K(256K)->157K(256K) Class: 9K(128K)->9K(128K)
[2026-03-27T14:07:34.691+0900][38.823s][info][gc          ] GC(570) Pause Young (Concurrent Start) (G1 Humongous Allocation) 248M->246M(512M) 1.451ms
[2026-03-27T14:07:34.691+0900][38.823s][info][gc,cpu      ] GC(570) User=0.00s Sys=0.02s Real=0.00s
[2026-03-27T14:07:34.691+0900][38.823s][info][gc          ] GC(571) Concurrent Mark Cycle
[2026-03-27T14:07:34.691+0900][38.823s][info][gc,marking  ] GC(571) Concurrent Clear Claimed Marks
[2026-03-27T14:07:34.691+0900][38.823s][info][gc,marking  ] GC(571) Concurrent Clear Claimed Marks 0.013ms
[2026-03-27T14:07:34.691+0900][38.823s][info][gc,marking  ] GC(571) Concurrent Scan Root Regions
[2026-03-27T14:07:34.691+0900][38.823s][info][gc,marking  ] GC(571) Concurrent Scan Root Regions 0.044ms
[2026-03-27T14:07:34.691+0900][38.823s][info][gc,marking  ] GC(571) Concurrent Mark
[2026-03-27T14:07:34.691+0900][38.823s][info][gc,marking  ] GC(571) Concurrent Mark From Roots
[2026-03-27T14:07:34.691+0900][38.823s][info][gc,task     ] GC(571) Using 2 workers of 2 for marking
[2026-03-27T14:07:34.691+0900][38.824s][info][gc,marking  ] GC(571) Concurrent Mark From Roots 0.897ms
[2026-03-27T14:07:34.691+0900][38.824s][info][gc,marking  ] GC(571) Concurrent Preclean
[2026-03-27T14:07:34.691+0900][38.824s][info][gc,marking  ] GC(571) Concurrent Preclean 0.018ms
[2026-03-27T14:07:34.691+0900][38.824s][info][gc,start    ] GC(571) Pause Remark
[2026-03-27T14:07:34.691+0900][38.825s][info][gc          ] GC(571) Pause Remark 247M->247M(512M) 0.736ms
[2026-03-27T14:07:34.691+0900][38.825s][info][gc,cpu      ] GC(571) User=0.00s Sys=0.00s Real=0.00s
[2026-03-27T14:07:34.691+0900][38.825s][info][gc,marking  ] GC(571) Concurrent Mark 2.082ms
[2026-03-27T14:07:34.691+0900][38.825s][info][gc,marking  ] GC(571) Concurrent Rebuild Remembered Sets
[2026-03-27T14:07:34.691+0900][38.825s][info][gc,marking  ] GC(571) Concurrent Rebuild Remembered Sets 0.405ms
[2026-03-27T14:07:34.691+0900][38.825s][info][gc,start    ] GC(571) Pause Cleanup
[2026-03-27T14:07:34.691+0900][38.826s][info][gc          ] GC(571) Pause Cleanup 247M->247M(512M) 0.116ms
[2026-03-27T14:07:34.691+0900][38.826s][info][gc,cpu      ] GC(571) User=0.00s Sys=0.00s Real=0.00s
[2026-03-27T14:07:34.691+0900][38.826s][info][gc,marking  ] GC(571) Concurrent Cleanup for Next Mark
[2026-03-27T14:07:34.691+0900][38.826s][info][gc,marking  ] GC(571) Concurrent Cleanup for Next Mark 0.227ms
[2026-03-27T14:07:34.691+0900][38.826s][info][gc          ] GC(571) Concurrent Mark Cycle 3.278ms
[2026-03-27T14:07:34.765+0900][38.897s][info][gc,start    ] GC(572) Pause Young (Concurrent Start) (G1 Humongous Allocation)
[2026-03-27T14:07:34.765+0900][38.897s][info][gc,task     ] GC(572) Using 8 workers of 8 for evacuation
[2026-03-27T14:07:34.765+0900][38.898s][info][gc,phases   ] GC(572)   Pre Evacuate Collection Set: 0.2ms
[2026-03-27T14:07:34.765+0900][38.898s][info][gc,phases   ] GC(572)   Merge Heap Roots: 0.2ms
[2026-03-27T14:07:34.765+0900][38.898s][info][gc,phases   ] GC(572)   Evacuate Collection Set: 0.3ms
[2026-03-27T14:07:34.765+0900][38.898s][info][gc,phases   ] GC(572)   Post Evacuate Collection Set: 0.3ms
[2026-03-27T14:07:34.765+0900][38.898s][info][gc,phases   ] GC(572)   Other: 0.5ms
[2026-03-27T14:07:34.765+0900][38.898s][info][gc,heap     ] GC(572) Eden regions: 1->0(211)
[2026-03-27T14:07:34.765+0900][38.898s][info][gc,heap     ] GC(572) Survivor regions: 1->1(27)
[2026-03-27T14:07:34.765+0900][38.898s][info][gc,heap     ] GC(572) Old regions: 1->1
[2026-03-27T14:07:34.765+0900][38.898s][info][gc,heap     ] GC(572) Archive regions: 0->0
[2026-03-27T14:07:34.765+0900][38.898s][info][gc,heap     ] GC(572) Humongous regions: 247->246
[2026-03-27T14:07:34.765+0900][38.898s][info][gc,metaspace] GC(572) Metaspace: 166K(384K)->166K(384K) NonClass: 157K(256K)->157K(256K) Class: 9K(128K)->9K(128K)
[2026-03-27T14:07:34.765+0900][38.898s][info][gc          ] GC(572) Pause Young (Concurrent Start) (G1 Humongous Allocation) 248M->246M(512M) 1.707ms
[2026-03-27T14:07:34.765+0900][38.898s][info][gc,cpu      ] GC(572) User=0.00s Sys=0.00s Real=0.00s
[2026-03-27T14:07:34.765+0900][38.898s][info][gc          ] GC(573) Concurrent Mark Cycle
[2026-03-27T14:07:34.765+0900][38.898s][info][gc,marking  ] GC(573) Concurrent Clear Claimed Marks
[2026-03-27T14:07:34.765+0900][38.898s][info][gc,marking  ] GC(573) Concurrent Clear Claimed Marks 0.016ms
[2026-03-27T14:07:34.765+0900][38.898s][info][gc,marking  ] GC(573) Concurrent Scan Root Regions
[2026-03-27T14:07:34.765+0900][38.898s][info][gc,marking  ] GC(573) Concurrent Scan Root Regions 0.035ms
[2026-03-27T14:07:34.765+0900][38.898s][info][gc,marking  ] GC(573) Concurrent Mark
[2026-03-27T14:07:34.765+0900][38.898s][info][gc,marking  ] GC(573) Concurrent Mark From Roots
[2026-03-27T14:07:34.765+0900][38.898s][info][gc,task     ] GC(573) Using 2 workers of 2 for marking
[2026-03-27T14:07:34.765+0900][38.899s][info][gc,marking  ] GC(573) Concurrent Mark From Roots 0.826ms
[2026-03-27T14:07:34.765+0900][38.899s][info][gc,marking  ] GC(573) Concurrent Preclean
[2026-03-27T14:07:34.765+0900][38.899s][info][gc,marking  ] GC(573) Concurrent Preclean 0.015ms
[2026-03-27T14:07:34.765+0900][38.899s][info][gc,start    ] GC(573) Pause Remark
[2026-03-27T14:07:34.765+0900][38.900s][info][gc          ] GC(573) Pause Remark 249M->249M(512M) 0.580ms
[2026-03-27T14:07:34.765+0900][38.900s][info][gc,cpu      ] GC(573) User=0.00s Sys=0.00s Real=0.00s
[2026-03-27T14:07:34.765+0900][38.900s][info][gc,marking  ] GC(573) Concurrent Mark 1.795ms
[2026-03-27T14:07:34.765+0900][38.900s][info][gc,marking  ] GC(573) Concurrent Rebuild Remembered Sets
[2026-03-27T14:07:34.765+0900][38.901s][info][gc,marking  ] GC(573) Concurrent Rebuild Remembered Sets 0.390ms
[2026-03-27T14:07:34.771+0900][38.901s][info][gc,start    ] GC(573) Pause Cleanup
[2026-03-27T14:07:34.771+0900][38.901s][info][gc          ] GC(573) Pause Cleanup 249M->249M(512M) 0.105ms
[2026-03-27T14:07:34.771+0900][38.901s][info][gc,cpu      ] GC(573) User=0.00s Sys=0.00s Real=0.00s
[2026-03-27T14:07:34.771+0900][38.901s][info][gc,marking  ] GC(573) Concurrent Cleanup for Next Mark
[2026-03-27T14:07:34.771+0900][38.901s][info][gc,marking  ] GC(573) Concurrent Cleanup for Next Mark 0.412ms
[2026-03-27T14:07:34.771+0900][38.901s][info][gc          ] GC(573) Concurrent Mark Cycle 3.192ms
[2026-03-27T14:07:34.819+0900][38.949s][info][gc,start    ] GC(574) Pause Young (Concurrent Start) (G1 Humongous Allocation)
[2026-03-27T14:07:34.819+0900][38.949s][info][gc,task     ] GC(574) Using 8 workers of 8 for evacuation
[2026-03-27T14:07:34.819+0900][38.950s][info][gc,phases   ] GC(574)   Pre Evacuate Collection Set: 0.1ms
[2026-03-27T14:07:34.819+0900][38.950s][info][gc,phases   ] GC(574)   Merge Heap Roots: 0.1ms
[2026-03-27T14:07:34.819+0900][38.950s][info][gc,phases   ] GC(574)   Evacuate Collection Set: 0.1ms
[2026-03-27T14:07:34.819+0900][38.950s][info][gc,phases   ] GC(574)   Post Evacuate Collection Set: 0.2ms
[2026-03-27T14:07:34.819+0900][38.950s][info][gc,phases   ] GC(574)   Other: 0.1ms
[2026-03-27T14:07:34.819+0900][38.950s][info][gc,heap     ] GC(574) Eden regions: 1->0(209)
[2026-03-27T14:07:34.819+0900][38.950s][info][gc,heap     ] GC(574) Survivor regions: 1->1(27)
[2026-03-27T14:07:34.819+0900][38.950s][info][gc,heap     ] GC(574) Old regions: 1->1
[2026-03-27T14:07:34.819+0900][38.950s][info][gc,heap     ] GC(574) Archive regions: 0->0
[2026-03-27T14:07:34.819+0900][38.950s][info][gc,heap     ] GC(574) Humongous regions: 249->248
[2026-03-27T14:07:34.819+0900][38.950s][info][gc,metaspace] GC(574) Metaspace: 166K(384K)->166K(384K) NonClass: 157K(256K)->157K(256K) Class: 9K(128K)->9K(128K)
[2026-03-27T14:07:34.819+0900][38.950s][info][gc          ] GC(574) Pause Young (Concurrent Start) (G1 Humongous Allocation) 250M->248M(512M) 0.763ms
[2026-03-27T14:07:34.819+0900][38.950s][info][gc,cpu      ] GC(574) User=0.00s Sys=0.00s Real=0.00s
[2026-03-27T14:07:34.819+0900][38.950s][info][gc          ] GC(575) Concurrent Mark Cycle
[2026-03-27T14:07:34.819+0900][38.950s][info][gc,marking  ] GC(575) Concurrent Clear Claimed Marks
[2026-03-27T14:07:34.819+0900][38.950s][info][gc,marking  ] GC(575) Concurrent Clear Claimed Marks 0.020ms
[2026-03-27T14:07:34.819+0900][38.950s][info][gc,marking  ] GC(575) Concurrent Scan Root Regions
[2026-03-27T14:07:34.819+0900][38.950s][info][gc,marking  ] GC(575) Concurrent Scan Root Regions 0.035ms
[2026-03-27T14:07:34.819+0900][38.950s][info][gc,marking  ] GC(575) Concurrent Mark
[2026-03-27T14:07:34.819+0900][38.950s][info][gc,marking  ] GC(575) Concurrent Mark From Roots
[2026-03-27T14:07:34.819+0900][38.950s][info][gc,task     ] GC(575) Using 2 workers of 2 for marking
[2026-03-27T14:07:34.819+0900][38.951s][info][gc,marking  ] GC(575) Concurrent Mark From Roots 0.896ms
[2026-03-27T14:07:34.819+0900][38.951s][info][gc,marking  ] GC(575) Concurrent Preclean
[2026-03-27T14:07:34.819+0900][38.951s][info][gc,marking  ] GC(575) Concurrent Preclean 0.018ms
[2026-03-27T14:07:34.819+0900][38.951s][info][gc,start    ] GC(575) Pause Remark
[2026-03-27T14:07:34.819+0900][38.952s][info][gc          ] GC(575) Pause Remark 249M->249M(512M) 0.387ms
[2026-03-27T14:07:34.819+0900][38.952s][info][gc,cpu      ] GC(575) User=0.00s Sys=0.00s Real=0.00s
[2026-03-27T14:07:34.819+0900][38.952s][info][gc,marking  ] GC(575) Concurrent Mark 1.496ms
[2026-03-27T14:07:34.819+0900][38.952s][info][gc,marking  ] GC(575) Concurrent Rebuild Remembered Sets
[2026-03-27T14:07:34.819+0900][38.952s][info][gc,marking  ] GC(575) Concurrent Rebuild Remembered Sets 0.554ms
[2026-03-27T14:07:34.819+0900][38.952s][info][gc,start    ] GC(575) Pause Cleanup
[2026-03-27T14:07:34.819+0900][38.952s][info][gc          ] GC(575) Pause Cleanup 249M->249M(512M) 0.129ms
[2026-03-27T14:07:34.819+0900][38.953s][info][gc,cpu      ] GC(575) User=0.00s Sys=0.00s Real=0.00s
[2026-03-27T14:07:34.819+0900][38.953s][info][gc,marking  ] GC(575) Concurrent Cleanup for Next Mark
[2026-03-27T14:07:34.819+0900][38.953s][info][gc,marking  ] GC(575) Concurrent Cleanup for Next Mark 0.247ms
[2026-03-27T14:07:34.819+0900][38.953s][info][gc          ] GC(575) Concurrent Mark Cycle 2.832ms
[2026-03-27T14:07:34.882+0900][39.013s][info][gc,start    ] GC(576) Pause Young (Concurrent Start) (G1 Humongous Allocation)
[2026-03-27T14:07:34.882+0900][39.013s][info][gc,task     ] GC(576) Using 8 workers of 8 for evacuation
[2026-03-27T14:07:34.882+0900][39.013s][info][gc,phases   ] GC(576)   Pre Evacuate Collection Set: 0.1ms
[2026-03-27T14:07:34.882+0900][39.013s][info][gc,phases   ] GC(576)   Merge Heap Roots: 0.1ms
[2026-03-27T14:07:34.882+0900][39.013s][info][gc,phases   ] GC(576)   Evacuate Collection Set: 0.1ms
[2026-03-27T14:07:34.882+0900][39.013s][info][gc,phases   ] GC(576)   Post Evacuate Collection Set: 0.1ms
[2026-03-27T14:07:34.882+0900][39.013s][info][gc,phases   ] GC(576)   Other: 0.1ms
[2026-03-27T14:07:34.882+0900][39.013s][info][gc,heap     ] GC(576) Eden regions: 1->0(209)
[2026-03-27T14:07:34.882+0900][39.013s][info][gc,heap     ] GC(576) Survivor regions: 1->1(27)
[2026-03-27T14:07:34.882+0900][39.013s][info][gc,heap     ] GC(576) Old regions: 1->1
[2026-03-27T14:07:34.882+0900][39.013s][info][gc,heap     ] GC(576) Archive regions: 0->0
[2026-03-27T14:07:34.882+0900][39.013s][info][gc,heap     ] GC(576) Humongous regions: 249->248
[2026-03-27T14:07:34.882+0900][39.013s][info][gc,metaspace] GC(576) Metaspace: 166K(384K)->166K(384K) NonClass: 157K(256K)->157K(256K) Class: 9K(128K)->9K(128K)
[2026-03-27T14:07:34.882+0900][39.013s][info][gc          ] GC(576) Pause Young (Concurrent Start) (G1 Humongous Allocation) 250M->248M(512M) 0.870ms
[2026-03-27T14:07:34.882+0900][39.013s][info][gc          ] GC(577) Concurrent Mark Cycle
[2026-03-27T14:07:34.882+0900][39.013s][info][gc,cpu      ] GC(576) User=0.00s Sys=0.00s Real=0.00s
[2026-03-27T14:07:34.882+0900][39.013s][info][gc,marking  ] GC(577) Concurrent Clear Claimed Marks
[2026-03-27T14:07:34.882+0900][39.014s][info][gc,marking  ] GC(577) Concurrent Clear Claimed Marks 0.155ms
[2026-03-27T14:07:34.882+0900][39.014s][info][gc,marking  ] GC(577) Concurrent Scan Root Regions
[2026-03-27T14:07:34.882+0900][39.014s][info][gc,marking  ] GC(577) Concurrent Scan Root Regions 0.043ms
[2026-03-27T14:07:34.882+0900][39.014s][info][gc,marking  ] GC(577) Concurrent Mark
[2026-03-27T14:07:34.882+0900][39.014s][info][gc,marking  ] GC(577) Concurrent Mark From Roots
[2026-03-27T14:07:34.882+0900][39.014s][info][gc,task     ] GC(577) Using 2 workers of 2 for marking
[2026-03-27T14:07:34.882+0900][39.015s][info][gc,marking  ] GC(577) Concurrent Mark From Roots 1.044ms
[2026-03-27T14:07:34.882+0900][39.015s][info][gc,marking  ] GC(577) Concurrent Preclean
[2026-03-27T14:07:34.882+0900][39.015s][info][gc,marking  ] GC(577) Concurrent Preclean 0.036ms
[2026-03-27T14:07:34.882+0900][39.015s][info][gc,start    ] GC(577) Pause Remark
[2026-03-27T14:07:34.882+0900][39.015s][info][gc          ] GC(577) Pause Remark 249M->249M(512M) 0.406ms
[2026-03-27T14:07:34.882+0900][39.015s][info][gc,cpu      ] GC(577) User=0.00s Sys=0.00s Real=0.00s
[2026-03-27T14:07:34.882+0900][39.015s][info][gc,marking  ] GC(577) Concurrent Mark 1.682ms
[2026-03-27T14:07:34.882+0900][39.015s][info][gc,marking  ] GC(577) Concurrent Rebuild Remembered Sets
[2026-03-27T14:07:34.882+0900][39.016s][info][gc,marking  ] GC(577) Concurrent Rebuild Remembered Sets 0.573ms
[2026-03-27T14:07:34.882+0900][39.016s][info][gc,start    ] GC(577) Pause Cleanup
[2026-03-27T14:07:34.882+0900][39.016s][info][gc          ] GC(577) Pause Cleanup 249M->249M(512M) 0.125ms
[2026-03-27T14:07:34.882+0900][39.016s][info][gc,cpu      ] GC(577) User=0.00s Sys=0.00s Real=0.00s
[2026-03-27T14:07:34.882+0900][39.016s][info][gc,marking  ] GC(577) Concurrent Cleanup for Next Mark
[2026-03-27T14:07:34.882+0900][39.017s][info][gc,marking  ] GC(577) Concurrent Cleanup for Next Mark 0.265ms
[2026-03-27T14:07:34.882+0900][39.017s][info][gc          ] GC(577) Concurrent Mark Cycle 3.144ms
[2026-03-27T14:07:34.945+0900][39.076s][info][gc,start    ] GC(578) Pause Young (Concurrent Start) (G1 Humongous Allocation)
[2026-03-27T14:07:34.945+0900][39.076s][info][gc,task     ] GC(578) Using 8 workers of 8 for evacuation
[2026-03-27T14:07:34.945+0900][39.076s][info][gc,phases   ] GC(578)   Pre Evacuate Collection Set: 0.1ms
[2026-03-27T14:07:34.945+0900][39.076s][info][gc,phases   ] GC(578)   Merge Heap Roots: 0.1ms
[2026-03-27T14:07:34.945+0900][39.076s][info][gc,phases   ] GC(578)   Evacuate Collection Set: 0.1ms
[2026-03-27T14:07:34.945+0900][39.076s][info][gc,phases   ] GC(578)   Post Evacuate Collection Set: 0.1ms
[2026-03-27T14:07:34.945+0900][39.076s][info][gc,phases   ] GC(578)   Other: 0.1ms
[2026-03-27T14:07:34.945+0900][39.076s][info][gc,heap     ] GC(578) Eden regions: 1->0(209)
[2026-03-27T14:07:34.945+0900][39.076s][info][gc,heap     ] GC(578) Survivor regions: 1->1(27)
[2026-03-27T14:07:34.945+0900][39.076s][info][gc,heap     ] GC(578) Old regions: 1->1
[2026-03-27T14:07:34.945+0900][39.076s][info][gc,heap     ] GC(578) Archive regions: 0->0
[2026-03-27T14:07:34.945+0900][39.076s][info][gc,heap     ] GC(578) Humongous regions: 249->248
[2026-03-27T14:07:34.945+0900][39.076s][info][gc,metaspace] GC(578) Metaspace: 166K(384K)->166K(384K) NonClass: 157K(256K)->157K(256K) Class: 9K(128K)->9K(128K)
[2026-03-27T14:07:34.945+0900][39.076s][info][gc          ] GC(578) Pause Young (Concurrent Start) (G1 Humongous Allocation) 250M->248M(512M) 0.907ms
[2026-03-27T14:07:34.945+0900][39.076s][info][gc,cpu      ] GC(578) User=0.00s Sys=0.00s Real=0.00s
[2026-03-27T14:07:34.945+0900][39.076s][info][gc          ] GC(579) Concurrent Mark Cycle
[2026-03-27T14:07:34.945+0900][39.077s][info][gc,marking  ] GC(579) Concurrent Clear Claimed Marks
[2026-03-27T14:07:34.945+0900][39.077s][info][gc,marking  ] GC(579) Concurrent Clear Claimed Marks 0.013ms
[2026-03-27T14:07:34.945+0900][39.077s][info][gc,marking  ] GC(579) Concurrent Scan Root Regions
[2026-03-27T14:07:34.945+0900][39.077s][info][gc,marking  ] GC(579) Concurrent Scan Root Regions 0.028ms
[2026-03-27T14:07:34.945+0900][39.077s][info][gc,marking  ] GC(579) Concurrent Mark
[2026-03-27T14:07:34.945+0900][39.077s][info][gc,marking  ] GC(579) Concurrent Mark From Roots
[2026-03-27T14:07:34.945+0900][39.077s][info][gc,task     ] GC(579) Using 2 workers of 2 for marking
[2026-03-27T14:07:34.945+0900][39.078s][info][gc,marking  ] GC(579) Concurrent Mark From Roots 1.254ms
[2026-03-27T14:07:34.945+0900][39.078s][info][gc,marking  ] GC(579) Concurrent Preclean
[2026-03-27T14:07:34.945+0900][39.078s][info][gc,marking  ] GC(579) Concurrent Preclean 0.014ms
[2026-03-27T14:07:34.945+0900][39.078s][info][gc,start    ] GC(579) Pause Remark
[2026-03-27T14:07:34.960+0900][39.091s][info][gc          ] GC(579) Pause Remark 249M->249M(512M) 12.764ms
[2026-03-27T14:07:34.960+0900][39.091s][info][gc,cpu      ] GC(579) User=0.00s Sys=0.00s Real=0.02s
[2026-03-27T14:07:34.960+0900][39.091s][info][gc,marking  ] GC(579) Concurrent Mark 14.299ms
[2026-03-27T14:07:34.960+0900][39.091s][info][gc,marking  ] GC(579) Concurrent Rebuild Remembered Sets
[2026-03-27T14:07:34.960+0900][39.091s][info][gc,marking  ] GC(579) Concurrent Rebuild Remembered Sets 0.439ms
[2026-03-27T14:07:34.960+0900][39.091s][info][gc,start    ] GC(579) Pause Cleanup
[2026-03-27T14:07:34.960+0900][39.092s][info][gc          ] GC(579) Pause Cleanup 249M->249M(512M) 0.105ms
[2026-03-27T14:07:34.960+0900][39.092s][info][gc,cpu      ] GC(579) User=0.00s Sys=0.00s Real=0.00s
[2026-03-27T14:07:34.960+0900][39.092s][info][gc,marking  ] GC(579) Concurrent Cleanup for Next Mark
[2026-03-27T14:07:34.962+0900][39.092s][info][gc,marking  ] GC(579) Concurrent Cleanup for Next Mark 0.245ms
[2026-03-27T14:07:34.962+0900][39.092s][info][gc          ] GC(579) Concurrent Mark Cycle 15.456ms
[2026-03-27T14:07:35.009+0900][39.140s][info][gc,start    ] GC(580) Pause Young (Concurrent Start) (G1 Humongous Allocation)
[2026-03-27T14:07:35.009+0900][39.140s][info][gc,task     ] GC(580) Using 8 workers of 8 for evacuation
[2026-03-27T14:07:35.009+0900][39.141s][info][gc,phases   ] GC(580)   Pre Evacuate Collection Set: 0.1ms
[2026-03-27T14:07:35.009+0900][39.141s][info][gc,phases   ] GC(580)   Merge Heap Roots: 0.1ms
[2026-03-27T14:07:35.009+0900][39.141s][info][gc,phases   ] GC(580)   Evacuate Collection Set: 0.1ms
[2026-03-27T14:07:35.009+0900][39.141s][info][gc,phases   ] GC(580)   Post Evacuate Collection Set: 0.2ms
[2026-03-27T14:07:35.009+0900][39.141s][info][gc,phases   ] GC(580)   Other: 0.1ms
[2026-03-27T14:07:35.009+0900][39.141s][info][gc,heap     ] GC(580) Eden regions: 1->0(209)
[2026-03-27T14:07:35.009+0900][39.141s][info][gc,heap     ] GC(580) Survivor regions: 1->1(27)
[2026-03-27T14:07:35.009+0900][39.141s][info][gc,heap     ] GC(580) Old regions: 1->1
[2026-03-27T14:07:35.009+0900][39.141s][info][gc,heap     ] GC(580) Archive regions: 0->0
[2026-03-27T14:07:35.009+0900][39.141s][info][gc,heap     ] GC(580) Humongous regions: 249->248
[2026-03-27T14:07:35.009+0900][39.141s][info][gc,metaspace] GC(580) Metaspace: 166K(384K)->166K(384K) NonClass: 157K(256K)->157K(256K) Class: 9K(128K)->9K(128K)
[2026-03-27T14:07:35.009+0900][39.141s][info][gc          ] GC(580) Pause Young (Concurrent Start) (G1 Humongous Allocation) 250M->248M(512M) 0.959ms
[2026-03-27T14:07:35.009+0900][39.141s][info][gc,cpu      ] GC(580) User=0.00s Sys=0.00s Real=0.00s
[2026-03-27T14:07:35.009+0900][39.141s][info][gc          ] GC(581) Concurrent Mark Cycle
[2026-03-27T14:07:35.009+0900][39.141s][info][gc,marking  ] GC(581) Concurrent Clear Claimed Marks
[2026-03-27T14:07:35.009+0900][39.141s][info][gc,marking  ] GC(581) Concurrent Clear Claimed Marks 0.016ms
[2026-03-27T14:07:35.009+0900][39.141s][info][gc,marking  ] GC(581) Concurrent Scan Root Regions
[2026-03-27T14:07:35.009+0900][39.141s][info][gc,marking  ] GC(581) Concurrent Scan Root Regions 0.041ms
[2026-03-27T14:07:35.009+0900][39.141s][info][gc,marking  ] GC(581) Concurrent Mark
[2026-03-27T14:07:35.009+0900][39.141s][info][gc,marking  ] GC(581) Concurrent Mark From Roots
[2026-03-27T14:07:35.009+0900][39.141s][info][gc,task     ] GC(581) Using 2 workers of 2 for marking
[2026-03-27T14:07:35.009+0900][39.142s][info][gc,marking  ] GC(581) Concurrent Mark From Roots 1.053ms
[2026-03-27T14:07:35.009+0900][39.142s][info][gc,marking  ] GC(581) Concurrent Preclean
[2026-03-27T14:07:35.009+0900][39.142s][info][gc,marking  ] GC(581) Concurrent Preclean 0.020ms
[2026-03-27T14:07:35.009+0900][39.142s][info][gc,start    ] GC(581) Pause Remark
[2026-03-27T14:07:35.009+0900][39.143s][info][gc          ] GC(581) Pause Remark 249M->249M(512M) 0.399ms
[2026-03-27T14:07:35.009+0900][39.143s][info][gc,cpu      ] GC(581) User=0.00s Sys=0.00s Real=0.00s
[2026-03-27T14:07:35.009+0900][39.143s][info][gc,marking  ] GC(581) Concurrent Mark 1.685ms
[2026-03-27T14:07:35.009+0900][39.143s][info][gc,marking  ] GC(581) Concurrent Rebuild Remembered Sets
[2026-03-27T14:07:35.013+0900][39.143s][info][gc,marking  ] GC(581) Concurrent Rebuild Remembered Sets 0.441ms
[2026-03-27T14:07:35.013+0900][39.143s][info][gc,start    ] GC(581) Pause Cleanup
[2026-03-27T14:07:35.013+0900][39.143s][info][gc          ] GC(581) Pause Cleanup 249M->249M(512M) 0.114ms
[2026-03-27T14:07:35.013+0900][39.143s][info][gc,cpu      ] GC(581) User=0.00s Sys=0.00s Real=0.00s
[2026-03-27T14:07:35.013+0900][39.143s][info][gc,marking  ] GC(581) Concurrent Cleanup for Next Mark
[2026-03-27T14:07:35.013+0900][39.144s][info][gc,marking  ] GC(581) Concurrent Cleanup for Next Mark 0.221ms
[2026-03-27T14:07:35.013+0900][39.144s][info][gc          ] GC(581) Concurrent Mark Cycle 2.838ms
[2026-03-27T14:07:35.061+0900][39.191s][info][gc,start    ] GC(582) Pause Young (Concurrent Start) (G1 Humongous Allocation)
[2026-03-27T14:07:35.061+0900][39.191s][info][gc,task     ] GC(582) Using 8 workers of 8 for evacuation
[2026-03-27T14:07:35.062+0900][39.192s][info][gc,phases   ] GC(582)   Pre Evacuate Collection Set: 0.2ms
[2026-03-27T14:07:35.062+0900][39.192s][info][gc,phases   ] GC(582)   Merge Heap Roots: 0.2ms
[2026-03-27T14:07:35.062+0900][39.192s][info][gc,phases   ] GC(582)   Evacuate Collection Set: 0.1ms
[2026-03-27T14:07:35.062+0900][39.192s][info][gc,phases   ] GC(582)   Post Evacuate Collection Set: 0.3ms
[2026-03-27T14:07:35.062+0900][39.192s][info][gc,phases   ] GC(582)   Other: 0.1ms
[2026-03-27T14:07:35.062+0900][39.192s][info][gc,heap     ] GC(582) Eden regions: 1->0(209)
[2026-03-27T14:07:35.062+0900][39.192s][info][gc,heap     ] GC(582) Survivor regions: 1->1(27)
[2026-03-27T14:07:35.062+0900][39.192s][info][gc,heap     ] GC(582) Old regions: 1->1
[2026-03-27T14:07:35.062+0900][39.192s][info][gc,heap     ] GC(582) Archive regions: 0->0
[2026-03-27T14:07:35.062+0900][39.192s][info][gc,heap     ] GC(582) Humongous regions: 249->248
[2026-03-27T14:07:35.062+0900][39.192s][info][gc,metaspace] GC(582) Metaspace: 166K(384K)->166K(384K) NonClass: 157K(256K)->157K(256K) Class: 9K(128K)->9K(128K)
[2026-03-27T14:07:35.062+0900][39.192s][info][gc          ] GC(582) Pause Young (Concurrent Start) (G1 Humongous Allocation) 250M->248M(512M) 1.174ms
[2026-03-27T14:07:35.062+0900][39.192s][info][gc,cpu      ] GC(582) User=0.00s Sys=0.00s Real=0.00s
[2026-03-27T14:07:35.062+0900][39.192s][info][gc          ] GC(583) Concurrent Mark Cycle
[2026-03-27T14:07:35.062+0900][39.192s][info][gc,marking  ] GC(583) Concurrent Clear Claimed Marks
[2026-03-27T14:07:35.062+0900][39.192s][info][gc,marking  ] GC(583) Concurrent Clear Claimed Marks 0.013ms
[2026-03-27T14:07:35.062+0900][39.192s][info][gc,marking  ] GC(583) Concurrent Scan Root Regions
[2026-03-27T14:07:35.062+0900][39.192s][info][gc,marking  ] GC(583) Concurrent Scan Root Regions 0.135ms
[2026-03-27T14:07:35.062+0900][39.193s][info][gc,marking  ] GC(583) Concurrent Mark
[2026-03-27T14:07:35.062+0900][39.193s][info][gc,marking  ] GC(583) Concurrent Mark From Roots
[2026-03-27T14:07:35.062+0900][39.193s][info][gc,task     ] GC(583) Using 2 workers of 2 for marking
[2026-03-27T14:07:35.062+0900][39.194s][info][gc,marking  ] GC(583) Concurrent Mark From Roots 1.107ms
[2026-03-27T14:07:35.062+0900][39.194s][info][gc,marking  ] GC(583) Concurrent Preclean
[2026-03-27T14:07:35.062+0900][39.194s][info][gc,marking  ] GC(583) Concurrent Preclean 0.014ms
[2026-03-27T14:07:35.062+0900][39.194s][info][gc,start    ] GC(583) Pause Remark
[2026-03-27T14:07:35.062+0900][39.195s][info][gc          ] GC(583) Pause Remark 251M->251M(512M) 0.691ms
[2026-03-27T14:07:35.062+0900][39.195s][info][gc,cpu      ] GC(583) User=0.00s Sys=0.00s Real=0.00s
[2026-03-27T14:07:35.062+0900][39.195s][info][gc,marking  ] GC(583) Concurrent Mark 2.154ms
[2026-03-27T14:07:35.062+0900][39.195s][info][gc,marking  ] GC(583) Concurrent Rebuild Remembered Sets
[2026-03-27T14:07:35.062+0900][39.195s][info][gc,marking  ] GC(583) Concurrent Rebuild Remembered Sets 0.401ms
[2026-03-27T14:07:35.062+0900][39.195s][info][gc,start    ] GC(583) Pause Cleanup
[2026-03-27T14:07:35.062+0900][39.195s][info][gc          ] GC(583) Pause Cleanup 251M->251M(512M) 0.114ms
[2026-03-27T14:07:35.062+0900][39.195s][info][gc,cpu      ] GC(583) User=0.00s Sys=0.00s Real=0.00s
[2026-03-27T14:07:35.062+0900][39.196s][info][gc,marking  ] GC(583) Concurrent Cleanup for Next Mark
[2026-03-27T14:07:35.062+0900][39.196s][info][gc,marking  ] GC(583) Concurrent Cleanup for Next Mark 0.269ms
[2026-03-27T14:07:35.062+0900][39.196s][info][gc          ] GC(583) Concurrent Mark Cycle 3.533ms
[2026-03-27T14:07:35.125+0900][39.255s][info][gc,start    ] GC(584) Pause Young (Concurrent Start) (G1 Humongous Allocation)
[2026-03-27T14:07:35.125+0900][39.255s][info][gc,task     ] GC(584) Using 8 workers of 8 for evacuation
[2026-03-27T14:07:35.125+0900][39.257s][info][gc,phases   ] GC(584)   Pre Evacuate Collection Set: 0.2ms
[2026-03-27T14:07:35.125+0900][39.257s][info][gc,phases   ] GC(584)   Merge Heap Roots: 0.3ms
[2026-03-27T14:07:35.125+0900][39.257s][info][gc,phases   ] GC(584)   Evacuate Collection Set: 0.2ms
[2026-03-27T14:07:35.125+0900][39.257s][info][gc,phases   ] GC(584)   Post Evacuate Collection Set: 0.7ms
[2026-03-27T14:07:35.125+0900][39.257s][info][gc,phases   ] GC(584)   Other: 0.2ms
[2026-03-27T14:07:35.125+0900][39.257s][info][gc,heap     ] GC(584) Eden regions: 1->0(207)
[2026-03-27T14:07:35.125+0900][39.257s][info][gc,heap     ] GC(584) Survivor regions: 1->1(27)
[2026-03-27T14:07:35.125+0900][39.257s][info][gc,heap     ] GC(584) Old regions: 1->1
[2026-03-27T14:07:35.125+0900][39.257s][info][gc,heap     ] GC(584) Archive regions: 0->0
[2026-03-27T14:07:35.125+0900][39.257s][info][gc,heap     ] GC(584) Humongous regions: 251->250
[2026-03-27T14:07:35.125+0900][39.257s][info][gc,metaspace] GC(584) Metaspace: 166K(384K)->166K(384K) NonClass: 157K(256K)->157K(256K) Class: 9K(128K)->9K(128K)
[2026-03-27T14:07:35.125+0900][39.257s][info][gc          ] GC(584) Pause Young (Concurrent Start) (G1 Humongous Allocation) 252M->250M(512M) 2.041ms
[2026-03-27T14:07:35.125+0900][39.257s][info][gc,cpu      ] GC(584) User=0.00s Sys=0.00s Real=0.00s
[2026-03-27T14:07:35.125+0900][39.257s][info][gc          ] GC(585) Concurrent Mark Cycle
[2026-03-27T14:07:35.125+0900][39.257s][info][gc,marking  ] GC(585) Concurrent Clear Claimed Marks
[2026-03-27T14:07:35.125+0900][39.257s][info][gc,marking  ] GC(585) Concurrent Clear Claimed Marks 0.032ms
[2026-03-27T14:07:35.125+0900][39.257s][info][gc,marking  ] GC(585) Concurrent Scan Root Regions
[2026-03-27T14:07:35.125+0900][39.257s][info][gc,marking  ] GC(585) Concurrent Scan Root Regions 0.165ms
[2026-03-27T14:07:35.125+0900][39.257s][info][gc,marking  ] GC(585) Concurrent Mark
[2026-03-27T14:07:35.125+0900][39.257s][info][gc,marking  ] GC(585) Concurrent Mark From Roots
[2026-03-27T14:07:35.125+0900][39.258s][info][gc,task     ] GC(585) Using 2 workers of 2 for marking
[2026-03-27T14:07:35.125+0900][39.259s][info][gc,marking  ] GC(585) Concurrent Mark From Roots 1.556ms
[2026-03-27T14:07:35.125+0900][39.259s][info][gc,marking  ] GC(585) Concurrent Preclean
[2026-03-27T14:07:35.125+0900][39.259s][info][gc,marking  ] GC(585) Concurrent Preclean 0.034ms
[2026-03-27T14:07:35.125+0900][39.260s][info][gc,start    ] GC(585) Pause Remark
[2026-03-27T14:07:35.131+0900][39.261s][info][gc          ] GC(585) Pause Remark 251M->251M(512M) 1.103ms
[2026-03-27T14:07:35.131+0900][39.261s][info][gc,cpu      ] GC(585) User=0.00s Sys=0.00s Real=0.01s
[2026-03-27T14:07:35.131+0900][39.261s][info][gc,marking  ] GC(585) Concurrent Mark 3.361ms
[2026-03-27T14:07:35.131+0900][39.261s][info][gc,marking  ] GC(585) Concurrent Rebuild Remembered Sets
[2026-03-27T14:07:35.131+0900][39.262s][info][gc,marking  ] GC(585) Concurrent Rebuild Remembered Sets 0.911ms
[2026-03-27T14:07:35.131+0900][39.262s][info][gc,start    ] GC(585) Pause Cleanup
[2026-03-27T14:07:35.131+0900][39.262s][info][gc          ] GC(585) Pause Cleanup 251M->251M(512M) 0.236ms
[2026-03-27T14:07:35.131+0900][39.262s][info][gc,cpu      ] GC(585) User=0.00s Sys=0.00s Real=0.00s
[2026-03-27T14:07:35.131+0900][39.263s][info][gc,marking  ] GC(585) Concurrent Cleanup for Next Mark
[2026-03-27T14:07:35.131+0900][39.263s][info][gc,marking  ] GC(585) Concurrent Cleanup for Next Mark 0.445ms
[2026-03-27T14:07:35.131+0900][39.263s][info][gc          ] GC(585) Concurrent Mark Cycle 5.978ms
[2026-03-27T14:07:35.178+0900][39.308s][info][gc,start    ] GC(586) Pause Young (Concurrent Start) (G1 Humongous Allocation)
[2026-03-27T14:07:35.178+0900][39.308s][info][gc,task     ] GC(586) Using 8 workers of 8 for evacuation
[2026-03-27T14:07:35.179+0900][39.309s][info][gc,phases   ] GC(586)   Pre Evacuate Collection Set: 0.1ms
[2026-03-27T14:07:35.179+0900][39.309s][info][gc,phases   ] GC(586)   Merge Heap Roots: 0.2ms
[2026-03-27T14:07:35.179+0900][39.309s][info][gc,phases   ] GC(586)   Evacuate Collection Set: 0.1ms
[2026-03-27T14:07:35.179+0900][39.309s][info][gc,phases   ] GC(586)   Post Evacuate Collection Set: 0.2ms
[2026-03-27T14:07:35.179+0900][39.309s][info][gc,phases   ] GC(586)   Other: 0.1ms
[2026-03-27T14:07:35.179+0900][39.309s][info][gc,heap     ] GC(586) Eden regions: 1->0(207)
[2026-03-27T14:07:35.179+0900][39.309s][info][gc,heap     ] GC(586) Survivor regions: 1->1(26)
[2026-03-27T14:07:35.179+0900][39.309s][info][gc,heap     ] GC(586) Old regions: 1->1
[2026-03-27T14:07:35.179+0900][39.309s][info][gc,heap     ] GC(586) Archive regions: 0->0
[2026-03-27T14:07:35.179+0900][39.309s][info][gc,heap     ] GC(586) Humongous regions: 251->250
[2026-03-27T14:07:35.179+0900][39.309s][info][gc,metaspace] GC(586) Metaspace: 166K(384K)->166K(384K) NonClass: 157K(256K)->157K(256K) Class: 9K(128K)->9K(128K)
[2026-03-27T14:07:35.179+0900][39.309s][info][gc          ] GC(586) Pause Young (Concurrent Start) (G1 Humongous Allocation) 252M->250M(512M) 0.977ms
[2026-03-27T14:07:35.179+0900][39.309s][info][gc,cpu      ] GC(586) User=0.00s Sys=0.00s Real=0.00s
[2026-03-27T14:07:35.179+0900][39.309s][info][gc          ] GC(587) Concurrent Mark Cycle
[2026-03-27T14:07:35.179+0900][39.309s][info][gc,marking  ] GC(587) Concurrent Clear Claimed Marks
[2026-03-27T14:07:35.179+0900][39.309s][info][gc,marking  ] GC(587) Concurrent Clear Claimed Marks 0.021ms
[2026-03-27T14:07:35.179+0900][39.309s][info][gc,marking  ] GC(587) Concurrent Scan Root Regions
[2026-03-27T14:07:35.179+0900][39.309s][info][gc,marking  ] GC(587) Concurrent Scan Root Regions 0.130ms
[2026-03-27T14:07:35.179+0900][39.309s][info][gc,marking  ] GC(587) Concurrent Mark
[2026-03-27T14:07:35.179+0900][39.309s][info][gc,marking  ] GC(587) Concurrent Mark From Roots
[2026-03-27T14:07:35.179+0900][39.309s][info][gc,task     ] GC(587) Using 2 workers of 2 for marking
[2026-03-27T14:07:35.179+0900][39.310s][info][gc,marking  ] GC(587) Concurrent Mark From Roots 0.987ms
[2026-03-27T14:07:35.179+0900][39.310s][info][gc,marking  ] GC(587) Concurrent Preclean
[2026-03-27T14:07:35.179+0900][39.310s][info][gc,marking  ] GC(587) Concurrent Preclean 0.014ms
[2026-03-27T14:07:35.179+0900][39.311s][info][gc,start    ] GC(587) Pause Remark
[2026-03-27T14:07:35.179+0900][39.311s][info][gc          ] GC(587) Pause Remark 251M->251M(512M) 0.700ms
[2026-03-27T14:07:35.179+0900][39.311s][info][gc,cpu      ] GC(587) User=0.00s Sys=0.00s Real=0.00s
[2026-03-27T14:07:35.179+0900][39.311s][info][gc,marking  ] GC(587) Concurrent Mark 2.037ms
[2026-03-27T14:07:35.179+0900][39.312s][info][gc,marking  ] GC(587) Concurrent Rebuild Remembered Sets
[2026-03-27T14:07:35.179+0900][39.312s][info][gc,marking  ] GC(587) Concurrent Rebuild Remembered Sets 0.456ms
[2026-03-27T14:07:35.182+0900][39.312s][info][gc,start    ] GC(587) Pause Cleanup
[2026-03-27T14:07:35.182+0900][39.312s][info][gc          ] GC(587) Pause Cleanup 251M->251M(512M) 0.120ms
[2026-03-27T14:07:35.182+0900][39.312s][info][gc,cpu      ] GC(587) User=0.00s Sys=0.00s Real=0.00s
[2026-03-27T14:07:35.182+0900][39.312s][info][gc,marking  ] GC(587) Concurrent Cleanup for Next Mark
[2026-03-27T14:07:35.182+0900][39.313s][info][gc,marking  ] GC(587) Concurrent Cleanup for Next Mark 0.211ms
[2026-03-27T14:07:35.182+0900][39.313s][info][gc          ] GC(587) Concurrent Mark Cycle 3.570ms
[2026-03-27T14:07:35.242+0900][39.372s][info][gc,start    ] GC(588) Pause Young (Concurrent Start) (G1 Humongous Allocation)
[2026-03-27T14:07:35.242+0900][39.373s][info][gc,task     ] GC(588) Using 8 workers of 8 for evacuation
[2026-03-27T14:07:35.242+0900][39.374s][info][gc,phases   ] GC(588)   Pre Evacuate Collection Set: 0.1ms
[2026-03-27T14:07:35.242+0900][39.374s][info][gc,phases   ] GC(588)   Merge Heap Roots: 0.2ms
[2026-03-27T14:07:35.242+0900][39.374s][info][gc,phases   ] GC(588)   Evacuate Collection Set: 0.2ms
[2026-03-27T14:07:35.242+0900][39.374s][info][gc,phases   ] GC(588)   Post Evacuate Collection Set: 0.6ms
[2026-03-27T14:07:35.242+0900][39.374s][info][gc,phases   ] GC(588)   Other: 0.1ms
[2026-03-27T14:07:35.242+0900][39.374s][info][gc,heap     ] GC(588) Eden regions: 1->0(207)
[2026-03-27T14:07:35.242+0900][39.374s][info][gc,heap     ] GC(588) Survivor regions: 1->1(26)
[2026-03-27T14:07:35.242+0900][39.374s][info][gc,heap     ] GC(588) Old regions: 1->1
[2026-03-27T14:07:35.242+0900][39.374s][info][gc,heap     ] GC(588) Archive regions: 0->0
[2026-03-27T14:07:35.242+0900][39.374s][info][gc,heap     ] GC(588) Humongous regions: 251->250
[2026-03-27T14:07:35.242+0900][39.374s][info][gc,metaspace] GC(588) Metaspace: 166K(384K)->166K(384K) NonClass: 157K(256K)->157K(256K) Class: 9K(128K)->9K(128K)
[2026-03-27T14:07:35.242+0900][39.374s][info][gc          ] GC(588) Pause Young (Concurrent Start) (G1 Humongous Allocation) 252M->250M(512M) 1.481ms
[2026-03-27T14:07:35.242+0900][39.374s][info][gc,cpu      ] GC(588) User=0.00s Sys=0.00s Real=0.00s
[2026-03-27T14:07:35.242+0900][39.374s][info][gc          ] GC(589) Concurrent Mark Cycle
[2026-03-27T14:07:35.242+0900][39.374s][info][gc,marking  ] GC(589) Concurrent Clear Claimed Marks
[2026-03-27T14:07:35.242+0900][39.374s][info][gc,marking  ] GC(589) Concurrent Clear Claimed Marks 0.013ms
[2026-03-27T14:07:35.242+0900][39.374s][info][gc,marking  ] GC(589) Concurrent Scan Root Regions
[2026-03-27T14:07:35.242+0900][39.374s][info][gc,marking  ] GC(589) Concurrent Scan Root Regions 0.120ms
[2026-03-27T14:07:35.242+0900][39.374s][info][gc,marking  ] GC(589) Concurrent Mark
[2026-03-27T14:07:35.242+0900][39.374s][info][gc,marking  ] GC(589) Concurrent Mark From Roots
[2026-03-27T14:07:35.242+0900][39.374s][info][gc,task     ] GC(589) Using 2 workers of 2 for marking
[2026-03-27T14:07:35.242+0900][39.375s][info][gc,marking  ] GC(589) Concurrent Mark From Roots 0.794ms
[2026-03-27T14:07:35.242+0900][39.375s][info][gc,marking  ] GC(589) Concurrent Preclean
[2026-03-27T14:07:35.242+0900][39.375s][info][gc,marking  ] GC(589) Concurrent Preclean 0.013ms
[2026-03-27T14:07:35.242+0900][39.375s][info][gc,start    ] GC(589) Pause Remark
[2026-03-27T14:07:35.242+0900][39.376s][info][gc          ] GC(589) Pause Remark 251M->251M(512M) 0.825ms
[2026-03-27T14:07:35.242+0900][39.376s][info][gc,cpu      ] GC(589) User=0.00s Sys=0.00s Real=0.00s
[2026-03-27T14:07:35.242+0900][39.376s][info][gc,marking  ] GC(589) Concurrent Mark 1.970ms
[2026-03-27T14:07:35.242+0900][39.376s][info][gc,marking  ] GC(589) Concurrent Rebuild Remembered Sets
[2026-03-27T14:07:35.242+0900][39.377s][info][gc,marking  ] GC(589) Concurrent Rebuild Remembered Sets 0.446ms
[2026-03-27T14:07:35.242+0900][39.377s][info][gc,start    ] GC(589) Pause Cleanup
[2026-03-27T14:07:35.242+0900][39.377s][info][gc          ] GC(589) Pause Cleanup 251M->251M(512M) 0.104ms
[2026-03-27T14:07:35.242+0900][39.377s][info][gc,cpu      ] GC(589) User=0.00s Sys=0.00s Real=0.00s
[2026-03-27T14:07:35.242+0900][39.377s][info][gc,marking  ] GC(589) Concurrent Cleanup for Next Mark
[2026-03-27T14:07:35.242+0900][39.378s][info][gc,marking  ] GC(589) Concurrent Cleanup for Next Mark 0.340ms
[2026-03-27T14:07:35.242+0900][39.378s][info][gc          ] GC(589) Concurrent Mark Cycle 3.533ms
[2026-03-27T14:07:35.306+0900][39.436s][info][gc,start    ] GC(590) Pause Young (Concurrent Start) (G1 Humongous Allocation)
[2026-03-27T14:07:35.306+0900][39.436s][info][gc,task     ] GC(590) Using 8 workers of 8 for evacuation
[2026-03-27T14:07:35.306+0900][39.437s][info][gc,phases   ] GC(590)   Pre Evacuate Collection Set: 0.1ms
[2026-03-27T14:07:35.306+0900][39.437s][info][gc,phases   ] GC(590)   Merge Heap Roots: 0.2ms
[2026-03-27T14:07:35.306+0900][39.437s][info][gc,phases   ] GC(590)   Evacuate Collection Set: 0.1ms
[2026-03-27T14:07:35.306+0900][39.438s][info][gc,phases   ] GC(590)   Post Evacuate Collection Set: 0.6ms
[2026-03-27T14:07:35.306+0900][39.438s][info][gc,phases   ] GC(590)   Other: 0.1ms
[2026-03-27T14:07:35.306+0900][39.438s][info][gc,heap     ] GC(590) Eden regions: 1->0(207)
[2026-03-27T14:07:35.306+0900][39.438s][info][gc,heap     ] GC(590) Survivor regions: 1->1(26)
[2026-03-27T14:07:35.306+0900][39.438s][info][gc,heap     ] GC(590) Old regions: 1->1
[2026-03-27T14:07:35.306+0900][39.438s][info][gc,heap     ] GC(590) Archive regions: 0->0
[2026-03-27T14:07:35.306+0900][39.438s][info][gc,heap     ] GC(590) Humongous regions: 251->250
[2026-03-27T14:07:35.306+0900][39.438s][info][gc,metaspace] GC(590) Metaspace: 166K(384K)->166K(384K) NonClass: 157K(256K)->157K(256K) Class: 9K(128K)->9K(128K)
[2026-03-27T14:07:35.306+0900][39.438s][info][gc          ] GC(590) Pause Young (Concurrent Start) (G1 Humongous Allocation) 252M->250M(512M) 1.374ms
[2026-03-27T14:07:35.306+0900][39.438s][info][gc,cpu      ] GC(590) User=0.00s Sys=0.00s Real=0.00s
[2026-03-27T14:07:35.306+0900][39.438s][info][gc          ] GC(591) Concurrent Mark Cycle
[2026-03-27T14:07:35.306+0900][39.438s][info][gc,marking  ] GC(591) Concurrent Clear Claimed Marks
[2026-03-27T14:07:35.306+0900][39.438s][info][gc,marking  ] GC(591) Concurrent Clear Claimed Marks 0.015ms
[2026-03-27T14:07:35.306+0900][39.438s][info][gc,marking  ] GC(591) Concurrent Scan Root Regions
[2026-03-27T14:07:35.306+0900][39.438s][info][gc,marking  ] GC(591) Concurrent Scan Root Regions 0.163ms
[2026-03-27T14:07:35.306+0900][39.438s][info][gc,marking  ] GC(591) Concurrent Mark
[2026-03-27T14:07:35.306+0900][39.438s][info][gc,marking  ] GC(591) Concurrent Mark From Roots
[2026-03-27T14:07:35.306+0900][39.438s][info][gc,task     ] GC(591) Using 2 workers of 2 for marking
[2026-03-27T14:07:35.306+0900][39.439s][info][gc,marking  ] GC(591) Concurrent Mark From Roots 0.916ms
[2026-03-27T14:07:35.306+0900][39.439s][info][gc,marking  ] GC(591) Concurrent Preclean
[2026-03-27T14:07:35.306+0900][39.439s][info][gc,marking  ] GC(591) Concurrent Preclean 0.020ms
[2026-03-27T14:07:35.306+0900][39.439s][info][gc,start    ] GC(591) Pause Remark
[2026-03-27T14:07:35.306+0900][39.440s][info][gc          ] GC(591) Pause Remark 251M->251M(512M) 0.796ms
[2026-03-27T14:07:35.306+0900][39.440s][info][gc,cpu      ] GC(591) User=0.00s Sys=0.00s Real=0.00s
[2026-03-27T14:07:35.306+0900][39.440s][info][gc,marking  ] GC(591) Concurrent Mark 2.188ms
[2026-03-27T14:07:35.306+0900][39.440s][info][gc,marking  ] GC(591) Concurrent Rebuild Remembered Sets
[2026-03-27T14:07:35.306+0900][39.441s][info][gc,marking  ] GC(591) Concurrent Rebuild Remembered Sets 0.582ms
[2026-03-27T14:07:35.306+0900][39.441s][info][gc,start    ] GC(591) Pause Cleanup
[2026-03-27T14:07:35.306+0900][39.441s][info][gc          ] GC(591) Pause Cleanup 251M->251M(512M) 0.252ms
[2026-03-27T14:07:35.306+0900][39.441s][info][gc,cpu      ] GC(591) User=0.00s Sys=0.00s Real=0.00s
[2026-03-27T14:07:35.306+0900][39.442s][info][gc,marking  ] GC(591) Concurrent Cleanup for Next Mark
[2026-03-27T14:07:35.306+0900][39.442s][info][gc,marking  ] GC(591) Concurrent Cleanup for Next Mark 0.440ms
[2026-03-27T14:07:35.306+0900][39.442s][info][gc          ] GC(591) Concurrent Mark Cycle 4.295ms
[2026-03-27T14:07:35.370+0900][39.501s][info][gc,start    ] GC(592) Pause Young (Concurrent Start) (G1 Humongous Allocation)
[2026-03-27T14:07:35.370+0900][39.501s][info][gc,task     ] GC(592) Using 8 workers of 8 for evacuation
[2026-03-27T14:07:35.370+0900][39.503s][info][gc,phases   ] GC(592)   Pre Evacuate Collection Set: 0.3ms
[2026-03-27T14:07:35.370+0900][39.503s][info][gc,phases   ] GC(592)   Merge Heap Roots: 0.4ms
[2026-03-27T14:07:35.370+0900][39.503s][info][gc,phases   ] GC(592)   Evacuate Collection Set: 0.3ms
[2026-03-27T14:07:35.370+0900][39.503s][info][gc,phases   ] GC(592)   Post Evacuate Collection Set: 0.9ms
[2026-03-27T14:07:35.370+0900][39.503s][info][gc,phases   ] GC(592)   Other: 0.3ms
[2026-03-27T14:07:35.370+0900][39.503s][info][gc,heap     ] GC(592) Eden regions: 1->0(207)
[2026-03-27T14:07:35.370+0900][39.503s][info][gc,heap     ] GC(592) Survivor regions: 1->1(26)
[2026-03-27T14:07:35.370+0900][39.503s][info][gc,heap     ] GC(592) Old regions: 1->1
[2026-03-27T14:07:35.370+0900][39.503s][info][gc,heap     ] GC(592) Archive regions: 0->0
[2026-03-27T14:07:35.370+0900][39.503s][info][gc,heap     ] GC(592) Humongous regions: 251->250
[2026-03-27T14:07:35.370+0900][39.504s][info][gc,metaspace] GC(592) Metaspace: 166K(384K)->166K(384K) NonClass: 157K(256K)->157K(256K) Class: 9K(128K)->9K(128K)
[2026-03-27T14:07:35.370+0900][39.504s][info][gc          ] GC(592) Pause Young (Concurrent Start) (G1 Humongous Allocation) 252M->250M(512M) 3.062ms
[2026-03-27T14:07:35.370+0900][39.504s][info][gc,cpu      ] GC(592) User=0.00s Sys=0.00s Real=0.00s
[2026-03-27T14:07:35.370+0900][39.504s][info][gc          ] GC(593) Concurrent Mark Cycle
[2026-03-27T14:07:35.370+0900][39.504s][info][gc,marking  ] GC(593) Concurrent Clear Claimed Marks
[2026-03-27T14:07:35.370+0900][39.504s][info][gc,marking  ] GC(593) Concurrent Clear Claimed Marks 0.065ms
[2026-03-27T14:07:35.370+0900][39.504s][info][gc,marking  ] GC(593) Concurrent Scan Root Regions
[2026-03-27T14:07:35.370+0900][39.504s][info][gc,marking  ] GC(593) Concurrent Scan Root Regions 0.235ms
[2026-03-27T14:07:35.370+0900][39.504s][info][gc,marking  ] GC(593) Concurrent Mark
[2026-03-27T14:07:35.370+0900][39.504s][info][gc,marking  ] GC(593) Concurrent Mark From Roots
[2026-03-27T14:07:35.370+0900][39.505s][info][gc,task     ] GC(593) Using 2 workers of 2 for marking
[2026-03-27T14:07:35.370+0900][39.506s][info][gc,marking  ] GC(593) Concurrent Mark From Roots 2.005ms
[2026-03-27T14:07:35.370+0900][39.507s][info][gc,marking  ] GC(593) Concurrent Preclean
[2026-03-27T14:07:35.370+0900][39.507s][info][gc,marking  ] GC(593) Concurrent Preclean 0.045ms
[2026-03-27T14:07:35.370+0900][39.507s][info][gc,start    ] GC(593) Pause Remark
[2026-03-27T14:07:35.370+0900][39.508s][info][gc          ] GC(593) Pause Remark 253M->253M(512M) 1.198ms
[2026-03-27T14:07:35.370+0900][39.508s][info][gc,cpu      ] GC(593) User=0.00s Sys=0.00s Real=0.00s
[2026-03-27T14:07:35.370+0900][39.508s][info][gc,marking  ] GC(593) Concurrent Mark 4.044ms
[2026-03-27T14:07:35.370+0900][39.509s][info][gc,marking  ] GC(593) Concurrent Rebuild Remembered Sets
[2026-03-27T14:07:35.370+0900][39.509s][info][gc,marking  ] GC(593) Concurrent Rebuild Remembered Sets 0.912ms
[2026-03-27T14:07:35.370+0900][39.510s][info][gc,start    ] GC(593) Pause Cleanup
[2026-03-27T14:07:35.370+0900][39.510s][info][gc          ] GC(593) Pause Cleanup 253M->253M(512M) 0.319ms
[2026-03-27T14:07:35.370+0900][39.510s][info][gc,cpu      ] GC(593) User=0.00s Sys=0.00s Real=0.00s
[2026-03-27T14:07:35.370+0900][39.510s][info][gc,marking  ] GC(593) Concurrent Cleanup for Next Mark
[2026-03-27T14:07:35.370+0900][39.511s][info][gc,marking  ] GC(593) Concurrent Cleanup for Next Mark 0.568ms
[2026-03-27T14:07:35.370+0900][39.511s][info][gc          ] GC(593) Concurrent Mark Cycle 7.221ms
[2026-03-27T14:07:35.434+0900][39.564s][info][gc,start    ] GC(594) Pause Young (Concurrent Start) (G1 Humongous Allocation)
[2026-03-27T14:07:35.434+0900][39.564s][info][gc,task     ] GC(594) Using 8 workers of 8 for evacuation
[2026-03-27T14:07:35.434+0900][39.567s][info][gc,phases   ] GC(594)   Pre Evacuate Collection Set: 0.2ms
[2026-03-27T14:07:35.434+0900][39.567s][info][gc,phases   ] GC(594)   Merge Heap Roots: 0.4ms
[2026-03-27T14:07:35.434+0900][39.567s][info][gc,phases   ] GC(594)   Evacuate Collection Set: 0.4ms
[2026-03-27T14:07:35.434+0900][39.567s][info][gc,phases   ] GC(594)   Post Evacuate Collection Set: 1.0ms
[2026-03-27T14:07:35.434+0900][39.567s][info][gc,phases   ] GC(594)   Other: 0.2ms
[2026-03-27T14:07:35.434+0900][39.567s][info][gc,heap     ] GC(594) Eden regions: 1->0(205)
[2026-03-27T14:07:35.434+0900][39.567s][info][gc,heap     ] GC(594) Survivor regions: 1->1(26)
[2026-03-27T14:07:35.434+0900][39.567s][info][gc,heap     ] GC(594) Old regions: 1->1
[2026-03-27T14:07:35.434+0900][39.567s][info][gc,heap     ] GC(594) Archive regions: 0->0
[2026-03-27T14:07:35.434+0900][39.567s][info][gc,heap     ] GC(594) Humongous regions: 253->252
[2026-03-27T14:07:35.434+0900][39.567s][info][gc,metaspace] GC(594) Metaspace: 166K(384K)->166K(384K) NonClass: 157K(256K)->157K(256K) Class: 9K(128K)->9K(128K)
[2026-03-27T14:07:35.434+0900][39.567s][info][gc          ] GC(594) Pause Young (Concurrent Start) (G1 Humongous Allocation) 254M->252M(512M) 2.957ms
[2026-03-27T14:07:35.434+0900][39.567s][info][gc,cpu      ] GC(594) User=0.00s Sys=0.00s Real=0.00s
[2026-03-27T14:07:35.434+0900][39.567s][info][gc          ] GC(595) Concurrent Mark Cycle
[2026-03-27T14:07:35.434+0900][39.567s][info][gc,marking  ] GC(595) Concurrent Clear Claimed Marks
[2026-03-27T14:07:35.434+0900][39.568s][info][gc,marking  ] GC(595) Concurrent Clear Claimed Marks 0.042ms
[2026-03-27T14:07:35.434+0900][39.568s][info][gc,marking  ] GC(595) Concurrent Scan Root Regions
[2026-03-27T14:07:35.434+0900][39.568s][info][gc,marking  ] GC(595) Concurrent Scan Root Regions 0.194ms
[2026-03-27T14:07:35.434+0900][39.568s][info][gc,marking  ] GC(595) Concurrent Mark
[2026-03-27T14:07:35.434+0900][39.568s][info][gc,marking  ] GC(595) Concurrent Mark From Roots
[2026-03-27T14:07:35.434+0900][39.568s][info][gc,task     ] GC(595) Using 2 workers of 2 for marking
[2026-03-27T14:07:35.434+0900][39.570s][info][gc,marking  ] GC(595) Concurrent Mark From Roots 1.998ms
[2026-03-27T14:07:35.434+0900][39.570s][info][gc,marking  ] GC(595) Concurrent Preclean
[2026-03-27T14:07:35.434+0900][39.570s][info][gc,marking  ] GC(595) Concurrent Preclean 0.168ms
[2026-03-27T14:07:35.434+0900][39.571s][info][gc,start    ] GC(595) Pause Remark
[2026-03-27T14:07:35.434+0900][39.572s][info][gc          ] GC(595) Pause Remark 253M->253M(512M) 1.407ms
[2026-03-27T14:07:35.434+0900][39.572s][info][gc,cpu      ] GC(595) User=0.09s Sys=0.00s Real=0.00s
[2026-03-27T14:07:35.434+0900][39.572s][info][gc,marking  ] GC(595) Concurrent Mark 4.474ms
[2026-03-27T14:07:35.434+0900][39.572s][info][gc,marking  ] GC(595) Concurrent Rebuild Remembered Sets
[2026-03-27T14:07:35.434+0900][39.574s][info][gc,marking  ] GC(595) Concurrent Rebuild Remembered Sets 1.163ms
[2026-03-27T14:07:35.434+0900][39.574s][info][gc,start    ] GC(595) Pause Cleanup
[2026-03-27T14:07:35.434+0900][39.574s][info][gc          ] GC(595) Pause Cleanup 253M->253M(512M) 0.374ms
[2026-03-27T14:07:35.434+0900][39.575s][info][gc,cpu      ] GC(595) User=0.00s Sys=0.00s Real=0.00s
[2026-03-27T14:07:35.434+0900][39.575s][info][gc,marking  ] GC(595) Concurrent Cleanup for Next Mark
[2026-03-27T14:07:35.434+0900][39.575s][info][gc,marking  ] GC(595) Concurrent Cleanup for Next Mark 0.750ms
[2026-03-27T14:07:35.434+0900][39.576s][info][gc          ] GC(595) Concurrent Mark Cycle 8.184ms
[2026-03-27T14:07:35.487+0900][39.618s][info][gc,start    ] GC(596) Pause Young (Concurrent Start) (G1 Humongous Allocation)
[2026-03-27T14:07:35.487+0900][39.618s][info][gc,task     ] GC(596) Using 8 workers of 8 for evacuation
[2026-03-27T14:07:35.489+0900][39.620s][info][gc,phases   ] GC(596)   Pre Evacuate Collection Set: 0.3ms
[2026-03-27T14:07:35.489+0900][39.620s][info][gc,phases   ] GC(596)   Merge Heap Roots: 0.2ms
[2026-03-27T14:07:35.489+0900][39.620s][info][gc,phases   ] GC(596)   Evacuate Collection Set: 0.4ms
[2026-03-27T14:07:35.489+0900][39.620s][info][gc,phases   ] GC(596)   Post Evacuate Collection Set: 0.3ms
[2026-03-27T14:07:35.489+0900][39.620s][info][gc,phases   ] GC(596)   Other: 0.1ms
[2026-03-27T14:07:35.489+0900][39.620s][info][gc,heap     ] GC(596) Eden regions: 1->0(205)
[2026-03-27T14:07:35.489+0900][39.620s][info][gc,heap     ] GC(596) Survivor regions: 1->1(26)
[2026-03-27T14:07:35.489+0900][39.620s][info][gc,heap     ] GC(596) Old regions: 1->1
[2026-03-27T14:07:35.489+0900][39.620s][info][gc,heap     ] GC(596) Archive regions: 0->0
[2026-03-27T14:07:35.489+0900][39.620s][info][gc,heap     ] GC(596) Humongous regions: 253->252
[2026-03-27T14:07:35.489+0900][39.620s][info][gc,metaspace] GC(596) Metaspace: 166K(384K)->166K(384K) NonClass: 157K(256K)->157K(256K) Class: 9K(128K)->9K(128K)
[2026-03-27T14:07:35.489+0900][39.620s][info][gc          ] GC(596) Pause Young (Concurrent Start) (G1 Humongous Allocation) 254M->252M(512M) 1.925ms
[2026-03-27T14:07:35.489+0900][39.620s][info][gc,cpu      ] GC(596) User=0.02s Sys=0.00s Real=0.00s
[2026-03-27T14:07:35.489+0900][39.620s][info][gc          ] GC(597) Concurrent Mark Cycle
[2026-03-27T14:07:35.489+0900][39.621s][info][gc,marking  ] GC(597) Concurrent Clear Claimed Marks
[2026-03-27T14:07:35.489+0900][39.621s][info][gc,marking  ] GC(597) Concurrent Clear Claimed Marks 0.025ms
[2026-03-27T14:07:35.489+0900][39.621s][info][gc,marking  ] GC(597) Concurrent Scan Root Regions
[2026-03-27T14:07:35.489+0900][39.621s][info][gc,marking  ] GC(597) Concurrent Scan Root Regions 0.055ms
[2026-03-27T14:07:35.489+0900][39.621s][info][gc,marking  ] GC(597) Concurrent Mark
[2026-03-27T14:07:35.489+0900][39.621s][info][gc,marking  ] GC(597) Concurrent Mark From Roots
[2026-03-27T14:07:35.489+0900][39.621s][info][gc,task     ] GC(597) Using 2 workers of 2 for marking
[2026-03-27T14:07:35.491+0900][39.622s][info][gc,marking  ] GC(597) Concurrent Mark From Roots 1.198ms
[2026-03-27T14:07:35.491+0900][39.622s][info][gc,marking  ] GC(597) Concurrent Preclean
[2026-03-27T14:07:35.491+0900][39.622s][info][gc,marking  ] GC(597) Concurrent Preclean 0.024ms
[2026-03-27T14:07:35.493+0900][39.623s][info][gc,start    ] GC(597) Pause Remark
[2026-03-27T14:07:35.493+0900][39.624s][info][gc          ] GC(597) Pause Remark 253M->253M(512M) 0.722ms
[2026-03-27T14:07:35.493+0900][39.624s][info][gc,cpu      ] GC(597) User=0.00s Sys=0.00s Real=0.00s
[2026-03-27T14:07:35.493+0900][39.624s][info][gc,marking  ] GC(597) Concurrent Mark 2.449ms
[2026-03-27T14:07:35.493+0900][39.624s][info][gc,marking  ] GC(597) Concurrent Rebuild Remembered Sets
[2026-03-27T14:07:35.493+0900][39.624s][info][gc,marking  ] GC(597) Concurrent Rebuild Remembered Sets 0.521ms
[2026-03-27T14:07:35.493+0900][39.624s][info][gc,start    ] GC(597) Pause Cleanup
[2026-03-27T14:07:35.493+0900][39.624s][info][gc          ] GC(597) Pause Cleanup 253M->253M(512M) 0.109ms
[2026-03-27T14:07:35.493+0900][39.624s][info][gc,cpu      ] GC(597) User=0.00s Sys=0.00s Real=0.00s
[2026-03-27T14:07:35.493+0900][39.625s][info][gc,marking  ] GC(597) Concurrent Cleanup for Next Mark
[2026-03-27T14:07:35.493+0900][39.625s][info][gc,marking  ] GC(597) Concurrent Cleanup for Next Mark 0.215ms
[2026-03-27T14:07:35.493+0900][39.625s][info][gc          ] GC(597) Concurrent Mark Cycle 4.571ms
[2026-03-27T14:07:35.547+0900][39.678s][info][gc,start    ] GC(598) Pause Young (Concurrent Start) (G1 Humongous Allocation)
[2026-03-27T14:07:35.547+0900][39.678s][info][gc,task     ] GC(598) Using 8 workers of 8 for evacuation
[2026-03-27T14:07:35.548+0900][39.680s][info][gc,phases   ] GC(598)   Pre Evacuate Collection Set: 0.3ms
[2026-03-27T14:07:35.548+0900][39.680s][info][gc,phases   ] GC(598)   Merge Heap Roots: 0.4ms
[2026-03-27T14:07:35.548+0900][39.680s][info][gc,phases   ] GC(598)   Evacuate Collection Set: 0.2ms
[2026-03-27T14:07:35.548+0900][39.680s][info][gc,phases   ] GC(598)   Post Evacuate Collection Set: 0.6ms
[2026-03-27T14:07:35.548+0900][39.680s][info][gc,phases   ] GC(598)   Other: 0.2ms
[2026-03-27T14:07:35.548+0900][39.680s][info][gc,heap     ] GC(598) Eden regions: 1->0(205)
[2026-03-27T14:07:35.548+0900][39.680s][info][gc,heap     ] GC(598) Survivor regions: 1->1(26)
[2026-03-27T14:07:35.548+0900][39.680s][info][gc,heap     ] GC(598) Old regions: 1->1
[2026-03-27T14:07:35.548+0900][39.680s][info][gc,heap     ] GC(598) Archive regions: 0->0
[2026-03-27T14:07:35.548+0900][39.680s][info][gc,heap     ] GC(598) Humongous regions: 253->252
[2026-03-27T14:07:35.548+0900][39.680s][info][gc,metaspace] GC(598) Metaspace: 166K(384K)->166K(384K) NonClass: 157K(256K)->157K(256K) Class: 9K(128K)->9K(128K)
[2026-03-27T14:07:35.548+0900][39.680s][info][gc          ] GC(598) Pause Young (Concurrent Start) (G1 Humongous Allocation) 254M->252M(512M) 2.508ms
[2026-03-27T14:07:35.548+0900][39.680s][info][gc,cpu      ] GC(598) User=0.00s Sys=0.00s Real=0.00s
[2026-03-27T14:07:35.548+0900][39.680s][info][gc          ] GC(599) Concurrent Mark Cycle
[2026-03-27T14:07:35.548+0900][39.680s][info][gc,marking  ] GC(599) Concurrent Clear Claimed Marks
[2026-03-27T14:07:35.548+0900][39.680s][info][gc,marking  ] GC(599) Concurrent Clear Claimed Marks 0.040ms
[2026-03-27T14:07:35.548+0900][39.680s][info][gc,marking  ] GC(599) Concurrent Scan Root Regions
[2026-03-27T14:07:35.548+0900][39.680s][info][gc,marking  ] GC(599) Concurrent Scan Root Regions 0.081ms
[2026-03-27T14:07:35.548+0900][39.681s][info][gc,marking  ] GC(599) Concurrent Mark
[2026-03-27T14:07:35.548+0900][39.681s][info][gc,marking  ] GC(599) Concurrent Mark From Roots
[2026-03-27T14:07:35.548+0900][39.681s][info][gc,task     ] GC(599) Using 2 workers of 2 for marking
[2026-03-27T14:07:35.548+0900][39.682s][info][gc,marking  ] GC(599) Concurrent Mark From Roots 1.390ms
[2026-03-27T14:07:35.548+0900][39.682s][info][gc,marking  ] GC(599) Concurrent Preclean
[2026-03-27T14:07:35.548+0900][39.682s][info][gc,marking  ] GC(599) Concurrent Preclean 0.030ms
[2026-03-27T14:07:35.548+0900][39.682s][info][gc,start    ] GC(599) Pause Remark
[2026-03-27T14:07:35.548+0900][39.683s][info][gc          ] GC(599) Pause Remark 253M->253M(512M) 0.952ms
[2026-03-27T14:07:35.548+0900][39.683s][info][gc,cpu      ] GC(599) User=0.00s Sys=0.00s Real=0.00s
[2026-03-27T14:07:35.548+0900][39.683s][info][gc,marking  ] GC(599) Concurrent Mark 2.929ms
[2026-03-27T14:07:35.548+0900][39.684s][info][gc,marking  ] GC(599) Concurrent Rebuild Remembered Sets
[2026-03-27T14:07:35.548+0900][39.684s][info][gc,marking  ] GC(599) Concurrent Rebuild Remembered Sets 0.804ms
[2026-03-27T14:07:35.548+0900][39.685s][info][gc,start    ] GC(599) Pause Cleanup
[2026-03-27T14:07:35.548+0900][39.685s][info][gc          ] GC(599) Pause Cleanup 253M->253M(512M) 0.239ms
[2026-03-27T14:07:35.548+0900][39.685s][info][gc,cpu      ] GC(599) User=0.00s Sys=0.00s Real=0.00s
[2026-03-27T14:07:35.548+0900][39.685s][info][gc,marking  ] GC(599) Concurrent Cleanup for Next Mark
[2026-03-27T14:07:35.548+0900][39.686s][info][gc,marking  ] GC(599) Concurrent Cleanup for Next Mark 0.414ms
[2026-03-27T14:07:35.548+0900][39.686s][info][gc          ] GC(599) Concurrent Mark Cycle 5.410ms
[2026-03-27T14:07:35.610+0900][39.740s][info][gc,start    ] GC(600) Pause Young (Concurrent Start) (G1 Humongous Allocation)
[2026-03-27T14:07:35.610+0900][39.741s][info][gc,task     ] GC(600) Using 8 workers of 8 for evacuation
[2026-03-27T14:07:35.610+0900][39.742s][info][gc,phases   ] GC(600)   Pre Evacuate Collection Set: 0.2ms
[2026-03-27T14:07:35.610+0900][39.742s][info][gc,phases   ] GC(600)   Merge Heap Roots: 0.1ms
[2026-03-27T14:07:35.610+0900][39.742s][info][gc,phases   ] GC(600)   Evacuate Collection Set: 0.1ms
[2026-03-27T14:07:35.610+0900][39.742s][info][gc,phases   ] GC(600)   Post Evacuate Collection Set: 0.4ms
[2026-03-27T14:07:35.610+0900][39.742s][info][gc,phases   ] GC(600)   Other: 0.2ms
[2026-03-27T14:07:35.610+0900][39.742s][info][gc,heap     ] GC(600) Eden regions: 1->0(205)
[2026-03-27T14:07:35.610+0900][39.742s][info][gc,heap     ] GC(600) Survivor regions: 1->1(26)
[2026-03-27T14:07:35.610+0900][39.742s][info][gc,heap     ] GC(600) Old regions: 1->1
[2026-03-27T14:07:35.610+0900][39.742s][info][gc,heap     ] GC(600) Archive regions: 0->0
[2026-03-27T14:07:35.610+0900][39.742s][info][gc,heap     ] GC(600) Humongous regions: 253->252
[2026-03-27T14:07:35.610+0900][39.742s][info][gc,metaspace] GC(600) Metaspace: 166K(384K)->166K(384K) NonClass: 157K(256K)->157K(256K) Class: 9K(128K)->9K(128K)
[2026-03-27T14:07:35.610+0900][39.742s][info][gc          ] GC(600) Pause Young (Concurrent Start) (G1 Humongous Allocation) 254M->252M(512M) 1.384ms
[2026-03-27T14:07:35.610+0900][39.742s][info][gc,cpu      ] GC(600) User=0.00s Sys=0.00s Real=0.00s
[2026-03-27T14:07:35.610+0900][39.742s][info][gc          ] GC(601) Concurrent Mark Cycle
[2026-03-27T14:07:35.610+0900][39.742s][info][gc,marking  ] GC(601) Concurrent Clear Claimed Marks
[2026-03-27T14:07:35.610+0900][39.742s][info][gc,marking  ] GC(601) Concurrent Clear Claimed Marks 0.013ms
[2026-03-27T14:07:35.610+0900][39.742s][info][gc,marking  ] GC(601) Concurrent Scan Root Regions
[2026-03-27T14:07:35.610+0900][39.742s][info][gc,marking  ] GC(601) Concurrent Scan Root Regions 0.117ms
[2026-03-27T14:07:35.610+0900][39.742s][info][gc,marking  ] GC(601) Concurrent Mark
[2026-03-27T14:07:35.610+0900][39.742s][info][gc,marking  ] GC(601) Concurrent Mark From Roots
[2026-03-27T14:07:35.610+0900][39.742s][info][gc,task     ] GC(601) Using 2 workers of 2 for marking
[2026-03-27T14:07:35.610+0900][39.743s][info][gc,marking  ] GC(601) Concurrent Mark From Roots 0.805ms
[2026-03-27T14:07:35.610+0900][39.743s][info][gc,marking  ] GC(601) Concurrent Preclean
[2026-03-27T14:07:35.610+0900][39.743s][info][gc,marking  ] GC(601) Concurrent Preclean 0.013ms
[2026-03-27T14:07:35.610+0900][39.743s][info][gc,start    ] GC(601) Pause Remark
[2026-03-27T14:07:35.610+0900][39.744s][info][gc          ] GC(601) Pause Remark 253M->253M(512M) 0.342ms
[2026-03-27T14:07:35.610+0900][39.744s][info][gc,cpu      ] GC(601) User=0.02s Sys=0.00s Real=0.00s
[2026-03-27T14:07:35.610+0900][39.744s][info][gc,marking  ] GC(601) Concurrent Mark 1.414ms
[2026-03-27T14:07:35.610+0900][39.744s][info][gc,marking  ] GC(601) Concurrent Rebuild Remembered Sets
[2026-03-27T14:07:35.610+0900][39.744s][info][gc,marking  ] GC(601) Concurrent Rebuild Remembered Sets 0.398ms
[2026-03-27T14:07:35.610+0900][39.744s][info][gc,start    ] GC(601) Pause Cleanup
[2026-03-27T14:07:35.610+0900][39.744s][info][gc          ] GC(601) Pause Cleanup 253M->253M(512M) 0.098ms
[2026-03-27T14:07:35.610+0900][39.744s][info][gc,cpu      ] GC(601) User=0.00s Sys=0.00s Real=0.00s
[2026-03-27T14:07:35.610+0900][39.744s][info][gc,marking  ] GC(601) Concurrent Cleanup for Next Mark
[2026-03-27T14:07:35.610+0900][39.745s][info][gc,marking  ] GC(601) Concurrent Cleanup for Next Mark 0.176ms
[2026-03-27T14:07:35.610+0900][39.745s][info][gc          ] GC(601) Concurrent Mark Cycle 2.630ms
[2026-03-27T14:07:35.674+0900][39.804s][info][gc,start    ] GC(602) Pause Young (Concurrent Start) (G1 Humongous Allocation)
[2026-03-27T14:07:35.674+0900][39.805s][info][gc,task     ] GC(602) Using 8 workers of 8 for evacuation
[2026-03-27T14:07:35.674+0900][39.807s][info][gc,phases   ] GC(602)   Pre Evacuate Collection Set: 0.2ms
[2026-03-27T14:07:35.674+0900][39.807s][info][gc,phases   ] GC(602)   Merge Heap Roots: 0.3ms
[2026-03-27T14:07:35.674+0900][39.807s][info][gc,phases   ] GC(602)   Evacuate Collection Set: 0.3ms
[2026-03-27T14:07:35.674+0900][39.807s][info][gc,phases   ] GC(602)   Post Evacuate Collection Set: 0.8ms
[2026-03-27T14:07:35.674+0900][39.807s][info][gc,phases   ] GC(602)   Other: 0.3ms
[2026-03-27T14:07:35.674+0900][39.807s][info][gc,heap     ] GC(602) Eden regions: 1->0(205)
[2026-03-27T14:07:35.674+0900][39.807s][info][gc,heap     ] GC(602) Survivor regions: 1->1(26)
[2026-03-27T14:07:35.674+0900][39.807s][info][gc,heap     ] GC(602) Old regions: 1->1
[2026-03-27T14:07:35.674+0900][39.807s][info][gc,heap     ] GC(602) Archive regions: 0->0
[2026-03-27T14:07:35.674+0900][39.807s][info][gc,heap     ] GC(602) Humongous regions: 253->252
[2026-03-27T14:07:35.674+0900][39.807s][info][gc,metaspace] GC(602) Metaspace: 166K(384K)->166K(384K) NonClass: 157K(256K)->157K(256K) Class: 9K(128K)->9K(128K)
[2026-03-27T14:07:35.674+0900][39.807s][info][gc          ] GC(602) Pause Young (Concurrent Start) (G1 Humongous Allocation) 254M->252M(512M) 2.452ms
[2026-03-27T14:07:35.674+0900][39.807s][info][gc,cpu      ] GC(602) User=0.00s Sys=0.00s Real=0.00s
[2026-03-27T14:07:35.674+0900][39.807s][info][gc          ] GC(603) Concurrent Mark Cycle
[2026-03-27T14:07:35.674+0900][39.807s][info][gc,marking  ] GC(603) Concurrent Clear Claimed Marks
[2026-03-27T14:07:35.674+0900][39.807s][info][gc,marking  ] GC(603) Concurrent Clear Claimed Marks 0.041ms
[2026-03-27T14:07:35.674+0900][39.807s][info][gc,marking  ] GC(603) Concurrent Scan Root Regions
[2026-03-27T14:07:35.674+0900][39.808s][info][gc,marking  ] GC(603) Concurrent Scan Root Regions 0.227ms
[2026-03-27T14:07:35.674+0900][39.808s][info][gc,marking  ] GC(603) Concurrent Mark
[2026-03-27T14:07:35.674+0900][39.808s][info][gc,marking  ] GC(603) Concurrent Mark From Roots
[2026-03-27T14:07:35.674+0900][39.808s][info][gc,task     ] GC(603) Using 2 workers of 2 for marking
[2026-03-27T14:07:35.674+0900][39.810s][info][gc,marking  ] GC(603) Concurrent Mark From Roots 1.956ms
[2026-03-27T14:07:35.674+0900][39.810s][info][gc,marking  ] GC(603) Concurrent Preclean
[2026-03-27T14:07:35.674+0900][39.810s][info][gc,marking  ] GC(603) Concurrent Preclean 0.034ms
[2026-03-27T14:07:35.674+0900][39.810s][info][gc,start    ] GC(603) Pause Remark
[2026-03-27T14:07:35.674+0900][39.811s][info][gc          ] GC(603) Pause Remark 255M->255M(512M) 1.283ms
[2026-03-27T14:07:35.674+0900][39.811s][info][gc,cpu      ] GC(603) User=0.00s Sys=0.00s Real=0.00s
[2026-03-27T14:07:35.674+0900][39.812s][info][gc,marking  ] GC(603) Concurrent Mark 3.950ms
[2026-03-27T14:07:35.674+0900][39.812s][info][gc,marking  ] GC(603) Concurrent Rebuild Remembered Sets
[2026-03-27T14:07:35.674+0900][39.813s][info][gc,marking  ] GC(603) Concurrent Rebuild Remembered Sets 0.903ms
[2026-03-27T14:07:35.674+0900][39.813s][info][gc,start    ] GC(603) Pause Cleanup
[2026-03-27T14:07:35.674+0900][39.813s][info][gc          ] GC(603) Pause Cleanup 255M->255M(512M) 0.268ms
[2026-03-27T14:07:35.674+0900][39.813s][info][gc,cpu      ] GC(603) User=0.00s Sys=0.00s Real=0.00s
[2026-03-27T14:07:35.674+0900][39.813s][info][gc,marking  ] GC(603) Concurrent Cleanup for Next Mark
[2026-03-27T14:07:35.674+0900][39.814s][info][gc,marking  ] GC(603) Concurrent Cleanup for Next Mark 0.636ms
[2026-03-27T14:07:35.674+0900][39.814s][info][gc          ] GC(603) Concurrent Mark Cycle 7.001ms
[2026-03-27T14:07:35.738+0900][39.868s][info][gc,start    ] GC(604) Pause Young (Concurrent Start) (G1 Humongous Allocation)
[2026-03-27T14:07:35.738+0900][39.868s][info][gc,task     ] GC(604) Using 8 workers of 8 for evacuation
[2026-03-27T14:07:35.738+0900][39.871s][info][gc,phases   ] GC(604)   Pre Evacuate Collection Set: 0.3ms
[2026-03-27T14:07:35.738+0900][39.871s][info][gc,phases   ] GC(604)   Merge Heap Roots: 0.4ms
[2026-03-27T14:07:35.738+0900][39.871s][info][gc,phases   ] GC(604)   Evacuate Collection Set: 0.3ms
[2026-03-27T14:07:35.738+0900][39.871s][info][gc,phases   ] GC(604)   Post Evacuate Collection Set: 0.8ms
[2026-03-27T14:07:35.738+0900][39.871s][info][gc,phases   ] GC(604)   Other: 0.3ms
[2026-03-27T14:07:35.738+0900][39.871s][info][gc,heap     ] GC(604) Eden regions: 1->0(203)
[2026-03-27T14:07:35.738+0900][39.871s][info][gc,heap     ] GC(604) Survivor regions: 1->1(26)
[2026-03-27T14:07:35.738+0900][39.871s][info][gc,heap     ] GC(604) Old regions: 1->1
[2026-03-27T14:07:35.738+0900][39.871s][info][gc,heap     ] GC(604) Archive regions: 0->0
[2026-03-27T14:07:35.738+0900][39.871s][info][gc,heap     ] GC(604) Humongous regions: 255->254
[2026-03-27T14:07:35.738+0900][39.871s][info][gc,metaspace] GC(604) Metaspace: 166K(384K)->166K(384K) NonClass: 157K(256K)->157K(256K) Class: 9K(128K)->9K(128K)
[2026-03-27T14:07:35.738+0900][39.871s][info][gc          ] GC(604) Pause Young (Concurrent Start) (G1 Humongous Allocation) 256M->254M(512M) 2.703ms
[2026-03-27T14:07:35.738+0900][39.871s][info][gc,cpu      ] GC(604) User=0.00s Sys=0.02s Real=0.00s
[2026-03-27T14:07:35.738+0900][39.871s][info][gc          ] GC(605) Concurrent Mark Cycle
[2026-03-27T14:07:35.738+0900][39.871s][info][gc,marking  ] GC(605) Concurrent Clear Claimed Marks
[2026-03-27T14:07:35.738+0900][39.871s][info][gc,marking  ] GC(605) Concurrent Clear Claimed Marks 0.033ms
[2026-03-27T14:07:35.738+0900][39.871s][info][gc,marking  ] GC(605) Concurrent Scan Root Regions
[2026-03-27T14:07:35.738+0900][39.871s][info][gc,marking  ] GC(605) Concurrent Scan Root Regions 0.156ms
[2026-03-27T14:07:35.738+0900][39.871s][info][gc,marking  ] GC(605) Concurrent Mark
[2026-03-27T14:07:35.738+0900][39.871s][info][gc,marking  ] GC(605) Concurrent Mark From Roots
[2026-03-27T14:07:35.738+0900][39.871s][info][gc,task     ] GC(605) Using 2 workers of 2 for marking
[2026-03-27T14:07:35.738+0900][39.873s][info][gc,marking  ] GC(605) Concurrent Mark From Roots 1.432ms
[2026-03-27T14:07:35.738+0900][39.873s][info][gc,marking  ] GC(605) Concurrent Preclean
[2026-03-27T14:07:35.738+0900][39.873s][info][gc,marking  ] GC(605) Concurrent Preclean 0.031ms
[2026-03-27T14:07:35.738+0900][39.873s][info][gc,start    ] GC(605) Pause Remark
[2026-03-27T14:07:35.738+0900][39.874s][info][gc          ] GC(605) Pause Remark 255M->255M(512M) 0.843ms
[2026-03-27T14:07:35.738+0900][39.874s][info][gc,cpu      ] GC(605) User=0.00s Sys=0.00s Real=0.00s
[2026-03-27T14:07:35.738+0900][39.874s][info][gc,marking  ] GC(605) Concurrent Mark 2.871ms
[2026-03-27T14:07:35.738+0900][39.874s][info][gc,marking  ] GC(605) Concurrent Rebuild Remembered Sets
[2026-03-27T14:07:35.738+0900][39.875s][info][gc,marking  ] GC(605) Concurrent Rebuild Remembered Sets 0.513ms
[2026-03-27T14:07:35.738+0900][39.875s][info][gc,start    ] GC(605) Pause Cleanup
[2026-03-27T14:07:35.738+0900][39.875s][info][gc          ] GC(605) Pause Cleanup 255M->255M(512M) 0.258ms
[2026-03-27T14:07:35.738+0900][39.875s][info][gc,cpu      ] GC(605) User=0.00s Sys=0.00s Real=0.00s
[2026-03-27T14:07:35.738+0900][39.875s][info][gc,marking  ] GC(605) Concurrent Cleanup for Next Mark
[2026-03-27T14:07:35.738+0900][39.876s][info][gc,marking  ] GC(605) Concurrent Cleanup for Next Mark 0.408ms
[2026-03-27T14:07:35.738+0900][39.876s][info][gc          ] GC(605) Concurrent Mark Cycle 4.962ms
[2026-03-27T14:07:35.801+0900][39.931s][info][gc,start    ] GC(606) Pause Young (Concurrent Start) (G1 Humongous Allocation)
[2026-03-27T14:07:35.801+0900][39.932s][info][gc,task     ] GC(606) Using 8 workers of 8 for evacuation
[2026-03-27T14:07:35.801+0900][39.933s][info][gc,phases   ] GC(606)   Pre Evacuate Collection Set: 0.3ms
[2026-03-27T14:07:35.801+0900][39.934s][info][gc,phases   ] GC(606)   Merge Heap Roots: 0.3ms
[2026-03-27T14:07:35.801+0900][39.934s][info][gc,phases   ] GC(606)   Evacuate Collection Set: 0.3ms
[2026-03-27T14:07:35.801+0900][39.934s][info][gc,phases   ] GC(606)   Post Evacuate Collection Set: 0.8ms
[2026-03-27T14:07:35.801+0900][39.934s][info][gc,phases   ] GC(606)   Other: 0.2ms
[2026-03-27T14:07:35.801+0900][39.934s][info][gc,heap     ] GC(606) Eden regions: 1->0(203)
[2026-03-27T14:07:35.804+0900][39.934s][info][gc,heap     ] GC(606) Survivor regions: 1->1(26)
[2026-03-27T14:07:35.804+0900][39.934s][info][gc,heap     ] GC(606) Old regions: 1->1
[2026-03-27T14:07:35.804+0900][39.934s][info][gc,heap     ] GC(606) Archive regions: 0->0
[2026-03-27T14:07:35.804+0900][39.934s][info][gc,heap     ] GC(606) Humongous regions: 255->254
[2026-03-27T14:07:35.804+0900][39.934s][info][gc,metaspace] GC(606) Metaspace: 166K(384K)->166K(384K) NonClass: 157K(256K)->157K(256K) Class: 9K(128K)->9K(128K)
[2026-03-27T14:07:35.804+0900][39.934s][info][gc          ] GC(606) Pause Young (Concurrent Start) (G1 Humongous Allocation) 256M->254M(512M) 2.762ms
[2026-03-27T14:07:35.804+0900][39.934s][info][gc,cpu      ] GC(606) User=0.00s Sys=0.00s Real=0.00s
[2026-03-27T14:07:35.804+0900][39.934s][info][gc          ] GC(607) Concurrent Mark Cycle
[2026-03-27T14:07:35.804+0900][39.934s][info][gc,marking  ] GC(607) Concurrent Clear Claimed Marks
[2026-03-27T14:07:35.804+0900][39.934s][info][gc,marking  ] GC(607) Concurrent Clear Claimed Marks 0.042ms
[2026-03-27T14:07:35.804+0900][39.934s][info][gc,marking  ] GC(607) Concurrent Scan Root Regions
[2026-03-27T14:07:35.804+0900][39.935s][info][gc,marking  ] GC(607) Concurrent Scan Root Regions 0.216ms
[2026-03-27T14:07:35.804+0900][39.935s][info][gc,marking  ] GC(607) Concurrent Mark
[2026-03-27T14:07:35.804+0900][39.935s][info][gc,marking  ] GC(607) Concurrent Mark From Roots
[2026-03-27T14:07:35.804+0900][39.935s][info][gc,task     ] GC(607) Using 2 workers of 2 for marking
[2026-03-27T14:07:35.804+0900][39.937s][info][gc,marking  ] GC(607) Concurrent Mark From Roots 2.054ms
[2026-03-27T14:07:35.804+0900][39.937s][info][gc,marking  ] GC(607) Concurrent Preclean
[2026-03-27T14:07:35.804+0900][39.937s][info][gc,marking  ] GC(607) Concurrent Preclean 0.045ms
[2026-03-27T14:07:35.804+0900][39.937s][info][gc,start    ] GC(607) Pause Remark
[2026-03-27T14:07:35.804+0900][39.939s][info][gc          ] GC(607) Pause Remark 255M->255M(512M) 1.367ms
[2026-03-27T14:07:35.804+0900][39.939s][info][gc,cpu      ] GC(607) User=0.00s Sys=0.00s Real=0.00s
[2026-03-27T14:07:35.804+0900][39.939s][info][gc,marking  ] GC(607) Concurrent Mark 4.262ms
[2026-03-27T14:07:35.804+0900][39.939s][info][gc,marking  ] GC(607) Concurrent Rebuild Remembered Sets
[2026-03-27T14:07:35.804+0900][39.940s][info][gc,marking  ] GC(607) Concurrent Rebuild Remembered Sets 0.971ms
[2026-03-27T14:07:35.804+0900][39.941s][info][gc,start    ] GC(607) Pause Cleanup
[2026-03-27T14:07:35.804+0900][39.941s][info][gc          ] GC(607) Pause Cleanup 255M->255M(512M) 0.236ms
[2026-03-27T14:07:35.804+0900][39.941s][info][gc,cpu      ] GC(607) User=0.00s Sys=0.00s Real=0.00s
[2026-03-27T14:07:35.804+0900][39.941s][info][gc,marking  ] GC(607) Concurrent Cleanup for Next Mark
[2026-03-27T14:07:35.804+0900][39.941s][info][gc,marking  ] GC(607) Concurrent Cleanup for Next Mark 0.463ms
[2026-03-27T14:07:35.804+0900][39.942s][info][gc          ] GC(607) Concurrent Mark Cycle 7.298ms
[2026-03-27T14:07:35.864+0900][39.995s][info][gc,start    ] GC(608) Pause Young (Concurrent Start) (G1 Humongous Allocation)
[2026-03-27T14:07:35.864+0900][39.995s][info][gc,task     ] GC(608) Using 8 workers of 8 for evacuation
[2026-03-27T14:07:35.865+0900][39.997s][info][gc,phases   ] GC(608)   Pre Evacuate Collection Set: 0.3ms
[2026-03-27T14:07:35.865+0900][39.997s][info][gc,phases   ] GC(608)   Merge Heap Roots: 0.3ms
[2026-03-27T14:07:35.865+0900][39.997s][info][gc,phases   ] GC(608)   Evacuate Collection Set: 0.4ms
[2026-03-27T14:07:35.865+0900][39.997s][info][gc,phases   ] GC(608)   Post Evacuate Collection Set: 0.9ms
[2026-03-27T14:07:35.865+0900][39.997s][info][gc,phases   ] GC(608)   Other: 0.2ms
[2026-03-27T14:07:35.865+0900][39.998s][info][gc,heap     ] GC(608) Eden regions: 1->0(203)
[2026-03-27T14:07:35.865+0900][39.998s][info][gc,heap     ] GC(608) Survivor regions: 1->1(26)
[2026-03-27T14:07:35.865+0900][39.998s][info][gc,heap     ] GC(608) Old regions: 1->1
[2026-03-27T14:07:35.865+0900][39.998s][info][gc,heap     ] GC(608) Archive regions: 0->0
[2026-03-27T14:07:35.865+0900][39.998s][info][gc,heap     ] GC(608) Humongous regions: 255->254
[2026-03-27T14:07:35.865+0900][39.998s][info][gc,metaspace] GC(608) Metaspace: 166K(384K)->166K(384K) NonClass: 157K(256K)->157K(256K) Class: 9K(128K)->9K(128K)
[2026-03-27T14:07:35.865+0900][39.998s][info][gc          ] GC(608) Pause Young (Concurrent Start) (G1 Humongous Allocation) 256M->254M(512M) 3.015ms
[2026-03-27T14:07:35.865+0900][39.998s][info][gc,cpu      ] GC(608) User=0.00s Sys=0.00s Real=0.00s
[2026-03-27T14:07:35.865+0900][39.998s][info][gc          ] GC(609) Concurrent Mark Cycle
[2026-03-27T14:07:35.865+0900][39.998s][info][gc,marking  ] GC(609) Concurrent Clear Claimed Marks
[2026-03-27T14:07:35.865+0900][39.998s][info][gc,marking  ] GC(609) Concurrent Clear Claimed Marks 0.063ms
[2026-03-27T14:07:35.865+0900][39.998s][info][gc,marking  ] GC(609) Concurrent Scan Root Regions
[2026-03-27T14:07:35.865+0900][39.998s][info][gc,marking  ] GC(609) Concurrent Scan Root Regions 0.212ms
[2026-03-27T14:07:35.865+0900][39.999s][info][gc,marking  ] GC(609) Concurrent Mark
[2026-03-27T14:07:35.865+0900][39.999s][info][gc,marking  ] GC(609) Concurrent Mark From Roots
[2026-03-27T14:07:35.865+0900][39.999s][info][gc,task     ] GC(609) Using 2 workers of 2 for marking
[2026-03-27T14:07:35.865+0900][40.001s][info][gc,marking  ] GC(609) Concurrent Mark From Roots 2.081ms
[2026-03-27T14:07:35.865+0900][40.001s][info][gc,marking  ] GC(609) Concurrent Preclean
[2026-03-27T14:07:35.865+0900][40.001s][info][gc,marking  ] GC(609) Concurrent Preclean 0.048ms
[2026-03-27T14:07:35.865+0900][40.001s][info][gc,start    ] GC(609) Pause Remark
[2026-03-27T14:07:35.865+0900][40.002s][info][gc          ] GC(609) Pause Remark 255M->255M(512M) 1.046ms
[2026-03-27T14:07:35.865+0900][40.002s][info][gc,cpu      ] GC(609) User=0.00s Sys=0.00s Real=0.00s
[2026-03-27T14:07:35.865+0900][40.002s][info][gc,marking  ] GC(609) Concurrent Mark 3.954ms
[2026-03-27T14:07:35.865+0900][40.003s][info][gc,marking  ] GC(609) Concurrent Rebuild Remembered Sets
[2026-03-27T14:07:35.865+0900][40.003s][info][gc,marking  ] GC(609) Concurrent Rebuild Remembered Sets 0.771ms
[2026-03-27T14:07:35.865+0900][40.004s][info][gc,start    ] GC(609) Pause Cleanup
[2026-03-27T14:07:35.865+0900][40.004s][info][gc          ] GC(609) Pause Cleanup 255M->255M(512M) 0.203ms
[2026-03-27T14:07:35.865+0900][40.004s][info][gc,cpu      ] GC(609) User=0.00s Sys=0.00s Real=0.00s
[2026-03-27T14:07:35.865+0900][40.004s][info][gc,marking  ] GC(609) Concurrent Cleanup for Next Mark
[2026-03-27T14:07:35.865+0900][40.004s][info][gc,marking  ] GC(609) Concurrent Cleanup for Next Mark 0.432ms
[2026-03-27T14:07:35.865+0900][40.005s][info][gc          ] GC(609) Concurrent Mark Cycle 6.614ms
[2026-03-27T14:07:35.928+0900][40.058s][info][gc,start    ] GC(610) Pause Young (Concurrent Start) (G1 Humongous Allocation)
[2026-03-27T14:07:35.928+0900][40.058s][info][gc,task     ] GC(610) Using 8 workers of 8 for evacuation
[2026-03-27T14:07:35.928+0900][40.059s][info][gc,phases   ] GC(610)   Pre Evacuate Collection Set: 0.1ms
[2026-03-27T14:07:35.928+0900][40.059s][info][gc,phases   ] GC(610)   Merge Heap Roots: 0.2ms
[2026-03-27T14:07:35.928+0900][40.059s][info][gc,phases   ] GC(610)   Evacuate Collection Set: 0.1ms
[2026-03-27T14:07:35.928+0900][40.059s][info][gc,phases   ] GC(610)   Post Evacuate Collection Set: 0.4ms
[2026-03-27T14:07:35.928+0900][40.059s][info][gc,phases   ] GC(610)   Other: 0.2ms
[2026-03-27T14:07:35.928+0900][40.059s][info][gc,heap     ] GC(610) Eden regions: 1->0(203)
[2026-03-27T14:07:35.928+0900][40.059s][info][gc,heap     ] GC(610) Survivor regions: 1->1(26)
[2026-03-27T14:07:35.928+0900][40.059s][info][gc,heap     ] GC(610) Old regions: 1->1
[2026-03-27T14:07:35.928+0900][40.059s][info][gc,heap     ] GC(610) Archive regions: 0->0
[2026-03-27T14:07:35.928+0900][40.059s][info][gc,heap     ] GC(610) Humongous regions: 255->254
[2026-03-27T14:07:35.928+0900][40.059s][info][gc,metaspace] GC(610) Metaspace: 166K(384K)->166K(384K) NonClass: 157K(256K)->157K(256K) Class: 9K(128K)->9K(128K)
[2026-03-27T14:07:35.928+0900][40.059s][info][gc          ] GC(610) Pause Young (Concurrent Start) (G1 Humongous Allocation) 256M->254M(512M) 1.320ms
[2026-03-27T14:07:35.928+0900][40.059s][info][gc,cpu      ] GC(610) User=0.00s Sys=0.00s Real=0.00s
[2026-03-27T14:07:35.928+0900][40.060s][info][gc          ] GC(611) Concurrent Mark Cycle
[2026-03-27T14:07:35.928+0900][40.060s][info][gc,marking  ] GC(611) Concurrent Clear Claimed Marks
[2026-03-27T14:07:35.928+0900][40.060s][info][gc,marking  ] GC(611) Concurrent Clear Claimed Marks 0.014ms
[2026-03-27T14:07:35.928+0900][40.060s][info][gc,marking  ] GC(611) Concurrent Scan Root Regions
[2026-03-27T14:07:35.928+0900][40.060s][info][gc,marking  ] GC(611) Concurrent Scan Root Regions 0.102ms
[2026-03-27T14:07:35.928+0900][40.060s][info][gc,marking  ] GC(611) Concurrent Mark
[2026-03-27T14:07:35.928+0900][40.060s][info][gc,marking  ] GC(611) Concurrent Mark From Roots
[2026-03-27T14:07:35.928+0900][40.060s][info][gc,task     ] GC(611) Using 2 workers of 2 for marking
[2026-03-27T14:07:35.928+0900][40.060s][info][gc,marking  ] GC(611) Concurrent Mark From Roots 0.660ms
[2026-03-27T14:07:35.928+0900][40.060s][info][gc,marking  ] GC(611) Concurrent Preclean
[2026-03-27T14:07:35.928+0900][40.060s][info][gc,marking  ] GC(611) Concurrent Preclean 0.015ms
[2026-03-27T14:07:35.928+0900][40.061s][info][gc,start    ] GC(611) Pause Remark
[2026-03-27T14:07:35.928+0900][40.061s][info][gc          ] GC(611) Pause Remark 255M->255M(512M) 0.688ms
[2026-03-27T14:07:35.928+0900][40.061s][info][gc,cpu      ] GC(611) User=0.00s Sys=0.00s Real=0.00s
[2026-03-27T14:07:35.928+0900][40.061s][info][gc,marking  ] GC(611) Concurrent Mark 1.734ms
[2026-03-27T14:07:35.928+0900][40.062s][info][gc,marking  ] GC(611) Concurrent Rebuild Remembered Sets
[2026-03-27T14:07:35.928+0900][40.062s][info][gc,marking  ] GC(611) Concurrent Rebuild Remembered Sets 0.419ms
[2026-03-27T14:07:35.928+0900][40.062s][info][gc,start    ] GC(611) Pause Cleanup
[2026-03-27T14:07:35.928+0900][40.062s][info][gc          ] GC(611) Pause Cleanup 255M->255M(512M) 0.115ms
[2026-03-27T14:07:35.928+0900][40.062s][info][gc,cpu      ] GC(611) User=0.00s Sys=0.00s Real=0.00s
[2026-03-27T14:07:35.928+0900][40.062s][info][gc,marking  ] GC(611) Concurrent Cleanup for Next Mark
[2026-03-27T14:07:35.928+0900][40.063s][info][gc,marking  ] GC(611) Concurrent Cleanup for Next Mark 0.300ms
[2026-03-27T14:07:35.928+0900][40.063s][info][gc          ] GC(611) Concurrent Mark Cycle 3.134ms
[2026-03-27T14:07:35.984+0900][40.115s][info][gc,start    ] GC(612) Pause Young (Concurrent Start) (G1 Humongous Allocation)
[2026-03-27T14:07:35.984+0900][40.115s][info][gc,task     ] GC(612) Using 8 workers of 8 for evacuation
[2026-03-27T14:07:35.984+0900][40.116s][info][gc,phases   ] GC(612)   Pre Evacuate Collection Set: 0.1ms
[2026-03-27T14:07:35.984+0900][40.116s][info][gc,phases   ] GC(612)   Merge Heap Roots: 0.3ms
[2026-03-27T14:07:35.984+0900][40.116s][info][gc,phases   ] GC(612)   Evacuate Collection Set: 0.1ms
[2026-03-27T14:07:35.984+0900][40.116s][info][gc,phases   ] GC(612)   Post Evacuate Collection Set: 0.2ms
[2026-03-27T14:07:35.984+0900][40.116s][info][gc,phases   ] GC(612)   Other: 0.1ms
[2026-03-27T14:07:35.984+0900][40.116s][info][gc,heap     ] GC(612) Eden regions: 1->0(203)
[2026-03-27T14:07:35.984+0900][40.116s][info][gc,heap     ] GC(612) Survivor regions: 1->1(26)
[2026-03-27T14:07:35.984+0900][40.116s][info][gc,heap     ] GC(612) Old regions: 1->1
[2026-03-27T14:07:35.984+0900][40.116s][info][gc,heap     ] GC(612) Archive regions: 0->0
[2026-03-27T14:07:35.984+0900][40.116s][info][gc,heap     ] GC(612) Humongous regions: 255->254
[2026-03-27T14:07:35.984+0900][40.116s][info][gc,metaspace] GC(612) Metaspace: 166K(384K)->166K(384K) NonClass: 157K(256K)->157K(256K) Class: 9K(128K)->9K(128K)
[2026-03-27T14:07:35.984+0900][40.116s][info][gc          ] GC(612) Pause Young (Concurrent Start) (G1 Humongous Allocation) 256M->254M(512M) 1.028ms
[2026-03-27T14:07:35.984+0900][40.116s][info][gc,cpu      ] GC(612) User=0.00s Sys=0.00s Real=0.00s
[2026-03-27T14:07:35.984+0900][40.116s][info][gc          ] GC(613) Concurrent Mark Cycle
[2026-03-27T14:07:35.984+0900][40.116s][info][gc,marking  ] GC(613) Concurrent Clear Claimed Marks
[2026-03-27T14:07:35.984+0900][40.116s][info][gc,marking  ] GC(613) Concurrent Clear Claimed Marks 0.017ms
[2026-03-27T14:07:35.984+0900][40.116s][info][gc,marking  ] GC(613) Concurrent Scan Root Regions
[2026-03-27T14:07:35.984+0900][40.116s][info][gc,marking  ] GC(613) Concurrent Scan Root Regions 0.092ms
[2026-03-27T14:07:35.984+0900][40.116s][info][gc,marking  ] GC(613) Concurrent Mark
[2026-03-27T14:07:35.984+0900][40.116s][info][gc,marking  ] GC(613) Concurrent Mark From Roots
[2026-03-27T14:07:35.984+0900][40.116s][info][gc,task     ] GC(613) Using 2 workers of 2 for marking
[2026-03-27T14:07:35.986+0900][40.117s][info][gc,marking  ] GC(613) Concurrent Mark From Roots 1.032ms
[2026-03-27T14:07:35.986+0900][40.117s][info][gc,marking  ] GC(613) Concurrent Preclean
[2026-03-27T14:07:35.986+0900][40.117s][info][gc,marking  ] GC(613) Concurrent Preclean 0.015ms
[2026-03-27T14:07:35.986+0900][40.117s][info][gc,start    ] GC(613) Pause Remark
[2026-03-27T14:07:35.986+0900][40.118s][info][gc          ] GC(613) Pause Remark 257M->257M(512M) 0.438ms
[2026-03-27T14:07:35.986+0900][40.118s][info][gc,cpu      ] GC(613) User=0.00s Sys=0.00s Real=0.00s
[2026-03-27T14:07:35.986+0900][40.118s][info][gc,marking  ] GC(613) Concurrent Mark 1.653ms
[2026-03-27T14:07:35.986+0900][40.118s][info][gc,marking  ] GC(613) Concurrent Rebuild Remembered Sets
[2026-03-27T14:07:35.986+0900][40.118s][info][gc,marking  ] GC(613) Concurrent Rebuild Remembered Sets 0.391ms
[2026-03-27T14:07:35.986+0900][40.118s][info][gc,start    ] GC(613) Pause Cleanup
[2026-03-27T14:07:35.986+0900][40.118s][info][gc          ] GC(613) Pause Cleanup 257M->257M(512M) 0.098ms
[2026-03-27T14:07:35.986+0900][40.118s][info][gc,cpu      ] GC(613) User=0.00s Sys=0.00s Real=0.00s
[2026-03-27T14:07:35.986+0900][40.118s][info][gc,marking  ] GC(613) Concurrent Cleanup for Next Mark
[2026-03-27T14:07:35.988+0900][40.119s][info][gc,marking  ] GC(613) Concurrent Cleanup for Next Mark 0.255ms
[2026-03-27T14:07:35.988+0900][40.119s][info][gc          ] GC(613) Concurrent Mark Cycle 2.818ms
[2026-03-27T14:07:36.036+0900][40.167s][info][gc,start    ] GC(614) Pause Young (Concurrent Start) (G1 Humongous Allocation)
[2026-03-27T14:07:36.036+0900][40.167s][info][gc,task     ] GC(614) Using 8 workers of 8 for evacuation
[2026-03-27T14:07:36.036+0900][40.169s][info][gc,phases   ] GC(614)   Pre Evacuate Collection Set: 0.3ms
[2026-03-27T14:07:36.036+0900][40.169s][info][gc,phases   ] GC(614)   Merge Heap Roots: 0.3ms
[2026-03-27T14:07:36.036+0900][40.169s][info][gc,phases   ] GC(614)   Evacuate Collection Set: 0.3ms
[2026-03-27T14:07:36.036+0900][40.169s][info][gc,phases   ] GC(614)   Post Evacuate Collection Set: 0.8ms
[2026-03-27T14:07:36.036+0900][40.170s][info][gc,phases   ] GC(614)   Other: 0.3ms
[2026-03-27T14:07:36.036+0900][40.170s][info][gc,heap     ] GC(614) Eden regions: 1->0(201)
[2026-03-27T14:07:36.036+0900][40.170s][info][gc,heap     ] GC(614) Survivor regions: 1->1(26)
[2026-03-27T14:07:36.036+0900][40.170s][info][gc,heap     ] GC(614) Old regions: 1->1
[2026-03-27T14:07:36.036+0900][40.170s][info][gc,heap     ] GC(614) Archive regions: 0->0
[2026-03-27T14:07:36.036+0900][40.170s][info][gc,heap     ] GC(614) Humongous regions: 257->256
[2026-03-27T14:07:36.036+0900][40.170s][info][gc,metaspace] GC(614) Metaspace: 166K(384K)->166K(384K) NonClass: 157K(256K)->157K(256K) Class: 9K(128K)->9K(128K)
[2026-03-27T14:07:36.036+0900][40.170s][info][gc          ] GC(614) Pause Young (Concurrent Start) (G1 Humongous Allocation) 258M->256M(512M) 2.527ms
[2026-03-27T14:07:36.036+0900][40.170s][info][gc,cpu      ] GC(614) User=0.00s Sys=0.00s Real=0.00s
[2026-03-27T14:07:36.036+0900][40.170s][info][gc          ] GC(615) Concurrent Mark Cycle
[2026-03-27T14:07:36.036+0900][40.170s][info][gc,marking  ] GC(615) Concurrent Clear Claimed Marks
[2026-03-27T14:07:36.036+0900][40.170s][info][gc,marking  ] GC(615) Concurrent Clear Claimed Marks 0.030ms
[2026-03-27T14:07:36.036+0900][40.170s][info][gc,marking  ] GC(615) Concurrent Scan Root Regions
[2026-03-27T14:07:36.036+0900][40.170s][info][gc,marking  ] GC(615) Concurrent Scan Root Regions 0.138ms
[2026-03-27T14:07:36.036+0900][40.170s][info][gc,marking  ] GC(615) Concurrent Mark
[2026-03-27T14:07:36.036+0900][40.170s][info][gc,marking  ] GC(615) Concurrent Mark From Roots
[2026-03-27T14:07:36.036+0900][40.170s][info][gc,task     ] GC(615) Using 2 workers of 2 for marking
[2026-03-27T14:07:36.036+0900][40.172s][info][gc,marking  ] GC(615) Concurrent Mark From Roots 1.471ms
[2026-03-27T14:07:36.036+0900][40.172s][info][gc,marking  ] GC(615) Concurrent Preclean
[2026-03-27T14:07:36.036+0900][40.172s][info][gc,marking  ] GC(615) Concurrent Preclean 0.030ms
[2026-03-27T14:07:36.036+0900][40.172s][info][gc,start    ] GC(615) Pause Remark
[2026-03-27T14:07:36.036+0900][40.173s][info][gc          ] GC(615) Pause Remark 257M->257M(512M) 1.272ms
[2026-03-27T14:07:36.036+0900][40.173s][info][gc,cpu      ] GC(615) User=0.00s Sys=0.00s Real=0.00s
[2026-03-27T14:07:36.036+0900][40.174s][info][gc,marking  ] GC(615) Concurrent Mark 3.412ms
[2026-03-27T14:07:36.036+0900][40.174s][info][gc,marking  ] GC(615) Concurrent Rebuild Remembered Sets
[2026-03-27T14:07:36.036+0900][40.175s][info][gc,marking  ] GC(615) Concurrent Rebuild Remembered Sets 0.871ms
[2026-03-27T14:07:36.036+0900][40.175s][info][gc,start    ] GC(615) Pause Cleanup
[2026-03-27T14:07:36.036+0900][40.175s][info][gc          ] GC(615) Pause Cleanup 257M->257M(512M) 0.270ms
[2026-03-27T14:07:36.036+0900][40.175s][info][gc,cpu      ] GC(615) User=0.00s Sys=0.00s Real=0.00s
[2026-03-27T14:07:36.036+0900][40.175s][info][gc,marking  ] GC(615) Concurrent Cleanup for Next Mark
[2026-03-27T14:07:36.036+0900][40.176s][info][gc,marking  ] GC(615) Concurrent Cleanup for Next Mark 0.556ms
[2026-03-27T14:07:36.036+0900][40.176s][info][gc          ] GC(615) Concurrent Mark Cycle 6.139ms
[2026-03-27T14:07:36.100+0900][40.231s][info][gc,start    ] GC(616) Pause Young (Concurrent Start) (G1 Humongous Allocation)
[2026-03-27T14:07:36.100+0900][40.231s][info][gc,task     ] GC(616) Using 8 workers of 8 for evacuation
[2026-03-27T14:07:36.100+0900][40.233s][info][gc,phases   ] GC(616)   Pre Evacuate Collection Set: 0.3ms
[2026-03-27T14:07:36.100+0900][40.233s][info][gc,phases   ] GC(616)   Merge Heap Roots: 0.4ms
[2026-03-27T14:07:36.100+0900][40.233s][info][gc,phases   ] GC(616)   Evacuate Collection Set: 0.3ms
[2026-03-27T14:07:36.100+0900][40.233s][info][gc,phases   ] GC(616)   Post Evacuate Collection Set: 0.9ms
[2026-03-27T14:07:36.100+0900][40.233s][info][gc,phases   ] GC(616)   Other: 0.3ms
[2026-03-27T14:07:36.100+0900][40.233s][info][gc,heap     ] GC(616) Eden regions: 1->0(201)
[2026-03-27T14:07:36.100+0900][40.233s][info][gc,heap     ] GC(616) Survivor regions: 1->1(26)
[2026-03-27T14:07:36.100+0900][40.233s][info][gc,heap     ] GC(616) Old regions: 1->1
[2026-03-27T14:07:36.100+0900][40.233s][info][gc,heap     ] GC(616) Archive regions: 0->0
[2026-03-27T14:07:36.100+0900][40.233s][info][gc,heap     ] GC(616) Humongous regions: 257->256
[2026-03-27T14:07:36.100+0900][40.233s][info][gc,metaspace] GC(616) Metaspace: 166K(384K)->166K(384K) NonClass: 157K(256K)->157K(256K) Class: 9K(128K)->9K(128K)
[2026-03-27T14:07:36.100+0900][40.234s][info][gc          ] GC(616) Pause Young (Concurrent Start) (G1 Humongous Allocation) 258M->256M(512M) 2.882ms
[2026-03-27T14:07:36.100+0900][40.234s][info][gc,cpu      ] GC(616) User=0.00s Sys=0.00s Real=0.00s
[2026-03-27T14:07:36.100+0900][40.234s][info][gc          ] GC(617) Concurrent Mark Cycle
[2026-03-27T14:07:36.100+0900][40.234s][info][gc,marking  ] GC(617) Concurrent Clear Claimed Marks
[2026-03-27T14:07:36.100+0900][40.234s][info][gc,marking  ] GC(617) Concurrent Clear Claimed Marks 0.028ms
[2026-03-27T14:07:36.100+0900][40.234s][info][gc,marking  ] GC(617) Concurrent Scan Root Regions
[2026-03-27T14:07:36.100+0900][40.234s][info][gc,marking  ] GC(617) Concurrent Scan Root Regions 0.131ms
[2026-03-27T14:07:36.100+0900][40.234s][info][gc,marking  ] GC(617) Concurrent Mark
[2026-03-27T14:07:36.100+0900][40.234s][info][gc,marking  ] GC(617) Concurrent Mark From Roots
[2026-03-27T14:07:36.100+0900][40.234s][info][gc,task     ] GC(617) Using 2 workers of 2 for marking
[2026-03-27T14:07:36.100+0900][40.235s][info][gc,marking  ] GC(617) Concurrent Mark From Roots 1.019ms
[2026-03-27T14:07:36.100+0900][40.235s][info][gc,marking  ] GC(617) Concurrent Preclean
[2026-03-27T14:07:36.100+0900][40.235s][info][gc,marking  ] GC(617) Concurrent Preclean 0.020ms
[2026-03-27T14:07:36.100+0900][40.235s][info][gc,start    ] GC(617) Pause Remark
[2026-03-27T14:07:36.100+0900][40.236s][info][gc          ] GC(617) Pause Remark 257M->257M(512M) 0.873ms
[2026-03-27T14:07:36.100+0900][40.236s][info][gc,cpu      ] GC(617) User=0.00s Sys=0.00s Real=0.00s
[2026-03-27T14:07:36.100+0900][40.236s][info][gc,marking  ] GC(617) Concurrent Mark 2.287ms
[2026-03-27T14:07:36.100+0900][40.236s][info][gc,marking  ] GC(617) Concurrent Rebuild Remembered Sets
[2026-03-27T14:07:36.100+0900][40.237s][info][gc,marking  ] GC(617) Concurrent Rebuild Remembered Sets 0.558ms
[2026-03-27T14:07:36.100+0900][40.237s][info][gc,start    ] GC(617) Pause Cleanup
[2026-03-27T14:07:36.100+0900][40.237s][info][gc          ] GC(617) Pause Cleanup 257M->257M(512M) 0.223ms
[2026-03-27T14:07:36.100+0900][40.237s][info][gc,cpu      ] GC(617) User=0.00s Sys=0.00s Real=0.00s
[2026-03-27T14:07:36.100+0900][40.237s][info][gc,marking  ] GC(617) Concurrent Cleanup for Next Mark
[2026-03-27T14:07:36.100+0900][40.238s][info][gc,marking  ] GC(617) Concurrent Cleanup for Next Mark 0.480ms
[2026-03-27T14:07:36.100+0900][40.238s][info][gc          ] GC(617) Concurrent Mark Cycle 4.314ms
[2026-03-27T14:07:36.164+0900][40.294s][info][gc,start    ] GC(618) Pause Young (Concurrent Start) (G1 Humongous Allocation)
[2026-03-27T14:07:36.164+0900][40.294s][info][gc,task     ] GC(618) Using 8 workers of 8 for evacuation
[2026-03-27T14:07:36.164+0900][40.294s][info][gc,phases   ] GC(618)   Pre Evacuate Collection Set: 0.1ms
[2026-03-27T14:07:36.164+0900][40.295s][info][gc,phases   ] GC(618)   Merge Heap Roots: 0.1ms
[2026-03-27T14:07:36.164+0900][40.295s][info][gc,phases   ] GC(618)   Evacuate Collection Set: 0.1ms
[2026-03-27T14:07:36.164+0900][40.295s][info][gc,phases   ] GC(618)   Post Evacuate Collection Set: 0.1ms
[2026-03-27T14:07:36.164+0900][40.295s][info][gc,phases   ] GC(618)   Other: 0.1ms
[2026-03-27T14:07:36.164+0900][40.295s][info][gc,heap     ] GC(618) Eden regions: 1->0(201)
[2026-03-27T14:07:36.164+0900][40.295s][info][gc,heap     ] GC(618) Survivor regions: 1->1(26)
[2026-03-27T14:07:36.164+0900][40.295s][info][gc,heap     ] GC(618) Old regions: 1->1
[2026-03-27T14:07:36.164+0900][40.295s][info][gc,heap     ] GC(618) Archive regions: 0->0
[2026-03-27T14:07:36.164+0900][40.295s][info][gc,heap     ] GC(618) Humongous regions: 257->256
[2026-03-27T14:07:36.164+0900][40.295s][info][gc,metaspace] GC(618) Metaspace: 166K(384K)->166K(384K) NonClass: 157K(256K)->157K(256K) Class: 9K(128K)->9K(128K)
[2026-03-27T14:07:36.164+0900][40.295s][info][gc          ] GC(618) Pause Young (Concurrent Start) (G1 Humongous Allocation) 258M->256M(512M) 0.804ms
[2026-03-27T14:07:36.164+0900][40.295s][info][gc,cpu      ] GC(618) User=0.00s Sys=0.00s Real=0.00s
[2026-03-27T14:07:36.164+0900][40.295s][info][gc          ] GC(619) Concurrent Mark Cycle
[2026-03-27T14:07:36.164+0900][40.295s][info][gc,marking  ] GC(619) Concurrent Clear Claimed Marks
[2026-03-27T14:07:36.164+0900][40.295s][info][gc,marking  ] GC(619) Concurrent Clear Claimed Marks 0.016ms
[2026-03-27T14:07:36.164+0900][40.295s][info][gc,marking  ] GC(619) Concurrent Scan Root Regions
[2026-03-27T14:07:36.164+0900][40.295s][info][gc,marking  ] GC(619) Concurrent Scan Root Regions 0.026ms
[2026-03-27T14:07:36.164+0900][40.295s][info][gc,marking  ] GC(619) Concurrent Mark
[2026-03-27T14:07:36.164+0900][40.295s][info][gc,marking  ] GC(619) Concurrent Mark From Roots
[2026-03-27T14:07:36.164+0900][40.295s][info][gc,task     ] GC(619) Using 2 workers of 2 for marking
[2026-03-27T14:07:36.165+0900][40.296s][info][gc,marking  ] GC(619) Concurrent Mark From Roots 0.731ms
[2026-03-27T14:07:36.165+0900][40.296s][info][gc,marking  ] GC(619) Concurrent Preclean
[2026-03-27T14:07:36.165+0900][40.296s][info][gc,marking  ] GC(619) Concurrent Preclean 0.012ms
[2026-03-27T14:07:36.165+0900][40.296s][info][gc,start    ] GC(619) Pause Remark
[2026-03-27T14:07:36.165+0900][40.296s][info][gc          ] GC(619) Pause Remark 257M->257M(512M) 0.272ms
[2026-03-27T14:07:36.165+0900][40.296s][info][gc,cpu      ] GC(619) User=0.00s Sys=0.00s Real=0.00s
[2026-03-27T14:07:36.165+0900][40.296s][info][gc,marking  ] GC(619) Concurrent Mark 1.141ms
[2026-03-27T14:07:36.165+0900][40.296s][info][gc,marking  ] GC(619) Concurrent Rebuild Remembered Sets
[2026-03-27T14:07:36.165+0900][40.296s][info][gc,marking  ] GC(619) Concurrent Rebuild Remembered Sets 0.368ms
[2026-03-27T14:07:36.165+0900][40.296s][info][gc,start    ] GC(619) Pause Cleanup
[2026-03-27T14:07:36.165+0900][40.296s][info][gc          ] GC(619) Pause Cleanup 257M->257M(512M) 0.068ms
[2026-03-27T14:07:36.165+0900][40.297s][info][gc,cpu      ] GC(619) User=0.00s Sys=0.00s Real=0.00s
[2026-03-27T14:07:36.165+0900][40.297s][info][gc,marking  ] GC(619) Concurrent Cleanup for Next Mark
[2026-03-27T14:07:36.165+0900][40.297s][info][gc,marking  ] GC(619) Concurrent Cleanup for Next Mark 0.181ms
[2026-03-27T14:07:36.165+0900][40.297s][info][gc          ] GC(619) Concurrent Mark Cycle 2.076ms
[2026-03-27T14:07:36.228+0900][40.358s][info][gc,start    ] GC(620) Pause Young (Concurrent Start) (G1 Humongous Allocation)
[2026-03-27T14:07:36.228+0900][40.358s][info][gc,task     ] GC(620) Using 8 workers of 8 for evacuation
[2026-03-27T14:07:36.228+0900][40.359s][info][gc,phases   ] GC(620)   Pre Evacuate Collection Set: 0.1ms
[2026-03-27T14:07:36.228+0900][40.359s][info][gc,phases   ] GC(620)   Merge Heap Roots: 0.1ms
[2026-03-27T14:07:36.228+0900][40.359s][info][gc,phases   ] GC(620)   Evacuate Collection Set: 0.1ms
[2026-03-27T14:07:36.228+0900][40.359s][info][gc,phases   ] GC(620)   Post Evacuate Collection Set: 0.1ms
[2026-03-27T14:07:36.228+0900][40.359s][info][gc,phases   ] GC(620)   Other: 0.1ms
[2026-03-27T14:07:36.228+0900][40.359s][info][gc,heap     ] GC(620) Eden regions: 1->0(201)
[2026-03-27T14:07:36.228+0900][40.359s][info][gc,heap     ] GC(620) Survivor regions: 1->1(26)
[2026-03-27T14:07:36.228+0900][40.359s][info][gc,heap     ] GC(620) Old regions: 1->1
[2026-03-27T14:07:36.228+0900][40.359s][info][gc,heap     ] GC(620) Archive regions: 0->0
[2026-03-27T14:07:36.228+0900][40.359s][info][gc,heap     ] GC(620) Humongous regions: 257->256
[2026-03-27T14:07:36.228+0900][40.359s][info][gc,metaspace] GC(620) Metaspace: 166K(384K)->166K(384K) NonClass: 157K(256K)->157K(256K) Class: 9K(128K)->9K(128K)
[2026-03-27T14:07:36.228+0900][40.359s][info][gc          ] GC(620) Pause Young (Concurrent Start) (G1 Humongous Allocation) 258M->256M(512M) 0.931ms
[2026-03-27T14:07:36.228+0900][40.359s][info][gc,cpu      ] GC(620) User=0.00s Sys=0.00s Real=0.00s
[2026-03-27T14:07:36.228+0900][40.359s][info][gc          ] GC(621) Concurrent Mark Cycle
[2026-03-27T14:07:36.228+0900][40.359s][info][gc,marking  ] GC(621) Concurrent Clear Claimed Marks
[2026-03-27T14:07:36.228+0900][40.359s][info][gc,marking  ] GC(621) Concurrent Clear Claimed Marks 0.023ms
[2026-03-27T14:07:36.228+0900][40.359s][info][gc,marking  ] GC(621) Concurrent Scan Root Regions
[2026-03-27T14:07:36.228+0900][40.359s][info][gc,marking  ] GC(621) Concurrent Scan Root Regions 0.046ms
[2026-03-27T14:07:36.228+0900][40.359s][info][gc,marking  ] GC(621) Concurrent Mark
[2026-03-27T14:07:36.228+0900][40.359s][info][gc,marking  ] GC(621) Concurrent Mark From Roots
[2026-03-27T14:07:36.228+0900][40.359s][info][gc,task     ] GC(621) Using 2 workers of 2 for marking
[2026-03-27T14:07:36.228+0900][40.360s][info][gc,marking  ] GC(621) Concurrent Mark From Roots 1.090ms
[2026-03-27T14:07:36.228+0900][40.360s][info][gc,marking  ] GC(621) Concurrent Preclean
[2026-03-27T14:07:36.228+0900][40.360s][info][gc,marking  ] GC(621) Concurrent Preclean 0.021ms
[2026-03-27T14:07:36.228+0900][40.360s][info][gc,start    ] GC(621) Pause Remark
[2026-03-27T14:07:36.228+0900][40.361s][info][gc          ] GC(621) Pause Remark 257M->257M(512M) 0.416ms
[2026-03-27T14:07:36.228+0900][40.361s][info][gc,cpu      ] GC(621) User=0.00s Sys=0.00s Real=0.00s
[2026-03-27T14:07:36.228+0900][40.361s][info][gc,marking  ] GC(621) Concurrent Mark 1.828ms
[2026-03-27T14:07:36.228+0900][40.361s][info][gc,marking  ] GC(621) Concurrent Rebuild Remembered Sets
[2026-03-27T14:07:36.228+0900][40.361s][info][gc,marking  ] GC(621) Concurrent Rebuild Remembered Sets 0.446ms
[2026-03-27T14:07:36.228+0900][40.361s][info][gc,start    ] GC(621) Pause Cleanup
[2026-03-27T14:07:36.228+0900][40.361s][info][gc          ] GC(621) Pause Cleanup 257M->257M(512M) 0.067ms
[2026-03-27T14:07:36.228+0900][40.361s][info][gc,cpu      ] GC(621) User=0.00s Sys=0.00s Real=0.00s
[2026-03-27T14:07:36.228+0900][40.361s][info][gc,marking  ] GC(621) Concurrent Cleanup for Next Mark
[2026-03-27T14:07:36.228+0900][40.362s][info][gc,marking  ] GC(621) Concurrent Cleanup for Next Mark 0.184ms
[2026-03-27T14:07:36.228+0900][40.362s][info][gc          ] GC(621) Concurrent Mark Cycle 2.889ms
[2026-03-27T14:07:36.291+0900][40.421s][info][gc,start    ] GC(622) Pause Young (Concurrent Start) (G1 Humongous Allocation)
[2026-03-27T14:07:36.291+0900][40.421s][info][gc,task     ] GC(622) Using 8 workers of 8 for evacuation
[2026-03-27T14:07:36.291+0900][40.421s][info][gc,phases   ] GC(622)   Pre Evacuate Collection Set: 0.1ms
[2026-03-27T14:07:36.291+0900][40.421s][info][gc,phases   ] GC(622)   Merge Heap Roots: 0.2ms
[2026-03-27T14:07:36.291+0900][40.421s][info][gc,phases   ] GC(622)   Evacuate Collection Set: 0.1ms
[2026-03-27T14:07:36.291+0900][40.421s][info][gc,phases   ] GC(622)   Post Evacuate Collection Set: 0.1ms
[2026-03-27T14:07:36.291+0900][40.422s][info][gc,phases   ] GC(622)   Other: 0.1ms
[2026-03-27T14:07:36.291+0900][40.422s][info][gc,heap     ] GC(622) Eden regions: 1->0(201)
[2026-03-27T14:07:36.291+0900][40.422s][info][gc,heap     ] GC(622) Survivor regions: 1->1(26)
[2026-03-27T14:07:36.291+0900][40.422s][info][gc,heap     ] GC(622) Old regions: 1->1
[2026-03-27T14:07:36.291+0900][40.422s][info][gc,heap     ] GC(622) Archive regions: 0->0
[2026-03-27T14:07:36.291+0900][40.422s][info][gc,heap     ] GC(622) Humongous regions: 257->256
[2026-03-27T14:07:36.291+0900][40.422s][info][gc,metaspace] GC(622) Metaspace: 166K(384K)->166K(384K) NonClass: 157K(256K)->157K(256K) Class: 9K(128K)->9K(128K)
[2026-03-27T14:07:36.291+0900][40.422s][info][gc          ] GC(622) Pause Young (Concurrent Start) (G1 Humongous Allocation) 258M->256M(512M) 0.889ms
[2026-03-27T14:07:36.291+0900][40.422s][info][gc,cpu      ] GC(622) User=0.00s Sys=0.00s Real=0.00s
[2026-03-27T14:07:36.291+0900][40.422s][info][gc          ] GC(623) Concurrent Mark Cycle
[2026-03-27T14:07:36.291+0900][40.422s][info][gc,marking  ] GC(623) Concurrent Clear Claimed Marks
[2026-03-27T14:07:36.291+0900][40.422s][info][gc,marking  ] GC(623) Concurrent Clear Claimed Marks 0.018ms
[2026-03-27T14:07:36.291+0900][40.422s][info][gc,marking  ] GC(623) Concurrent Scan Root Regions
[2026-03-27T14:07:36.291+0900][40.422s][info][gc,marking  ] GC(623) Concurrent Scan Root Regions 0.041ms
[2026-03-27T14:07:36.291+0900][40.422s][info][gc,marking  ] GC(623) Concurrent Mark
[2026-03-27T14:07:36.291+0900][40.422s][info][gc,marking  ] GC(623) Concurrent Mark From Roots
[2026-03-27T14:07:36.291+0900][40.422s][info][gc,task     ] GC(623) Using 2 workers of 2 for marking
[2026-03-27T14:07:36.291+0900][40.423s][info][gc,marking  ] GC(623) Concurrent Mark From Roots 0.865ms
[2026-03-27T14:07:36.291+0900][40.423s][info][gc,marking  ] GC(623) Concurrent Preclean
[2026-03-27T14:07:36.291+0900][40.423s][info][gc,marking  ] GC(623) Concurrent Preclean 0.019ms
[2026-03-27T14:07:36.291+0900][40.423s][info][gc,start    ] GC(623) Pause Remark
[2026-03-27T14:07:36.291+0900][40.423s][info][gc          ] GC(623) Pause Remark 259M->259M(512M) 0.270ms
[2026-03-27T14:07:36.291+0900][40.423s][info][gc,cpu      ] GC(623) User=0.00s Sys=0.00s Real=0.00s
[2026-03-27T14:07:36.291+0900][40.423s][info][gc,marking  ] GC(623) Concurrent Mark 1.311ms
[2026-03-27T14:07:36.291+0900][40.423s][info][gc,marking  ] GC(623) Concurrent Rebuild Remembered Sets
[2026-03-27T14:07:36.291+0900][40.424s][info][gc,marking  ] GC(623) Concurrent Rebuild Remembered Sets 0.398ms
[2026-03-27T14:07:36.291+0900][40.424s][info][gc,start    ] GC(623) Pause Cleanup
[2026-03-27T14:07:36.291+0900][40.424s][info][gc          ] GC(623) Pause Cleanup 259M->259M(512M) 0.064ms
[2026-03-27T14:07:36.291+0900][40.424s][info][gc,cpu      ] GC(623) User=0.00s Sys=0.00s Real=0.00s
[2026-03-27T14:07:36.291+0900][40.424s][info][gc,marking  ] GC(623) Concurrent Cleanup for Next Mark
[2026-03-27T14:07:36.291+0900][40.424s][info][gc,marking  ] GC(623) Concurrent Cleanup for Next Mark 0.202ms
[2026-03-27T14:07:36.291+0900][40.424s][info][gc          ] GC(623) Concurrent Mark Cycle 2.332ms
[2026-03-27T14:07:36.354+0900][40.484s][info][gc,start    ] GC(624) Pause Young (Concurrent Start) (G1 Humongous Allocation)
[2026-03-27T14:07:36.354+0900][40.484s][info][gc,task     ] GC(624) Using 8 workers of 8 for evacuation
[2026-03-27T14:07:36.354+0900][40.484s][info][gc,phases   ] GC(624)   Pre Evacuate Collection Set: 0.1ms
[2026-03-27T14:07:36.354+0900][40.484s][info][gc,phases   ] GC(624)   Merge Heap Roots: 0.1ms
[2026-03-27T14:07:36.354+0900][40.485s][info][gc,phases   ] GC(624)   Evacuate Collection Set: 0.1ms
[2026-03-27T14:07:36.354+0900][40.485s][info][gc,phases   ] GC(624)   Post Evacuate Collection Set: 0.1ms
[2026-03-27T14:07:36.354+0900][40.485s][info][gc,phases   ] GC(624)   Other: 0.1ms
[2026-03-27T14:07:36.354+0900][40.485s][info][gc,heap     ] GC(624) Eden regions: 1->0(199)
[2026-03-27T14:07:36.354+0900][40.485s][info][gc,heap     ] GC(624) Survivor regions: 1->1(26)
[2026-03-27T14:07:36.354+0900][40.485s][info][gc,heap     ] GC(624) Old regions: 1->1
[2026-03-27T14:07:36.354+0900][40.485s][info][gc,heap     ] GC(624) Archive regions: 0->0
[2026-03-27T14:07:36.354+0900][40.485s][info][gc,heap     ] GC(624) Humongous regions: 259->258
[2026-03-27T14:07:36.354+0900][40.485s][info][gc,metaspace] GC(624) Metaspace: 166K(384K)->166K(384K) NonClass: 157K(256K)->157K(256K) Class: 9K(128K)->9K(128K)
[2026-03-27T14:07:36.354+0900][40.485s][info][gc          ] GC(624) Pause Young (Concurrent Start) (G1 Humongous Allocation) 260M->258M(512M) 0.823ms
[2026-03-27T14:07:36.354+0900][40.485s][info][gc,cpu      ] GC(624) User=0.00s Sys=0.00s Real=0.00s
[2026-03-27T14:07:36.354+0900][40.485s][info][gc          ] GC(625) Concurrent Mark Cycle
[2026-03-27T14:07:36.354+0900][40.485s][info][gc,marking  ] GC(625) Concurrent Clear Claimed Marks
[2026-03-27T14:07:36.354+0900][40.485s][info][gc,marking  ] GC(625) Concurrent Clear Claimed Marks 0.015ms
[2026-03-27T14:07:36.354+0900][40.485s][info][gc,marking  ] GC(625) Concurrent Scan Root Regions
[2026-03-27T14:07:36.354+0900][40.485s][info][gc,marking  ] GC(625) Concurrent Scan Root Regions 0.036ms
[2026-03-27T14:07:36.354+0900][40.485s][info][gc,marking  ] GC(625) Concurrent Mark
[2026-03-27T14:07:36.354+0900][40.485s][info][gc,marking  ] GC(625) Concurrent Mark From Roots
[2026-03-27T14:07:36.354+0900][40.485s][info][gc,task     ] GC(625) Using 2 workers of 2 for marking
[2026-03-27T14:07:36.354+0900][40.486s][info][gc,marking  ] GC(625) Concurrent Mark From Roots 0.877ms
[2026-03-27T14:07:36.354+0900][40.486s][info][gc,marking  ] GC(625) Concurrent Preclean
[2026-03-27T14:07:36.354+0900][40.486s][info][gc,marking  ] GC(625) Concurrent Preclean 0.012ms
[2026-03-27T14:07:36.354+0900][40.486s][info][gc,start    ] GC(625) Pause Remark
[2026-03-27T14:07:36.354+0900][40.486s][info][gc          ] GC(625) Pause Remark 259M->259M(512M) 0.297ms
[2026-03-27T14:07:36.354+0900][40.486s][info][gc,cpu      ] GC(625) User=0.00s Sys=0.00s Real=0.00s
[2026-03-27T14:07:36.354+0900][40.486s][info][gc,marking  ] GC(625) Concurrent Mark 1.337ms
[2026-03-27T14:07:36.354+0900][40.486s][info][gc,marking  ] GC(625) Concurrent Rebuild Remembered Sets
[2026-03-27T14:07:36.354+0900][40.487s][info][gc,marking  ] GC(625) Concurrent Rebuild Remembered Sets 0.420ms
[2026-03-27T14:07:36.354+0900][40.487s][info][gc,start    ] GC(625) Pause Cleanup
[2026-03-27T14:07:36.354+0900][40.487s][info][gc          ] GC(625) Pause Cleanup 259M->259M(512M) 0.101ms
[2026-03-27T14:07:36.354+0900][40.487s][info][gc,cpu      ] GC(625) User=0.00s Sys=0.00s Real=0.00s
[2026-03-27T14:07:36.354+0900][40.487s][info][gc,marking  ] GC(625) Concurrent Cleanup for Next Mark
[2026-03-27T14:07:36.354+0900][40.487s][info][gc,marking  ] GC(625) Concurrent Cleanup for Next Mark 0.204ms
[2026-03-27T14:07:36.354+0900][40.487s][info][gc          ] GC(625) Concurrent Mark Cycle 2.369ms
[2026-03-27T14:07:36.405+0900][40.536s][info][gc,start    ] GC(626) Pause Young (Concurrent Start) (G1 Humongous Allocation)
[2026-03-27T14:07:36.405+0900][40.536s][info][gc,task     ] GC(626) Using 8 workers of 8 for evacuation
[2026-03-27T14:07:36.405+0900][40.536s][info][gc,phases   ] GC(626)   Pre Evacuate Collection Set: 0.1ms
[2026-03-27T14:07:36.405+0900][40.536s][info][gc,phases   ] GC(626)   Merge Heap Roots: 0.1ms
[2026-03-27T14:07:36.405+0900][40.536s][info][gc,phases   ] GC(626)   Evacuate Collection Set: 0.1ms
[2026-03-27T14:07:36.405+0900][40.536s][info][gc,phases   ] GC(626)   Post Evacuate Collection Set: 0.1ms
[2026-03-27T14:07:36.405+0900][40.536s][info][gc,phases   ] GC(626)   Other: 0.1ms
[2026-03-27T14:07:36.405+0900][40.536s][info][gc,heap     ] GC(626) Eden regions: 1->0(199)
[2026-03-27T14:07:36.405+0900][40.536s][info][gc,heap     ] GC(626) Survivor regions: 1->1(25)
[2026-03-27T14:07:36.405+0900][40.536s][info][gc,heap     ] GC(626) Old regions: 1->1
[2026-03-27T14:07:36.405+0900][40.536s][info][gc,heap     ] GC(626) Archive regions: 0->0
[2026-03-27T14:07:36.405+0900][40.536s][info][gc,heap     ] GC(626) Humongous regions: 259->258
[2026-03-27T14:07:36.405+0900][40.536s][info][gc,metaspace] GC(626) Metaspace: 166K(384K)->166K(384K) NonClass: 157K(256K)->157K(256K) Class: 9K(128K)->9K(128K)
[2026-03-27T14:07:36.405+0900][40.536s][info][gc          ] GC(626) Pause Young (Concurrent Start) (G1 Humongous Allocation) 260M->258M(512M) 0.780ms
[2026-03-27T14:07:36.405+0900][40.536s][info][gc,cpu      ] GC(626) User=0.00s Sys=0.00s Real=0.00s
[2026-03-27T14:07:36.405+0900][40.536s][info][gc          ] GC(627) Concurrent Mark Cycle
[2026-03-27T14:07:36.405+0900][40.536s][info][gc,marking  ] GC(627) Concurrent Clear Claimed Marks
[2026-03-27T14:07:36.405+0900][40.536s][info][gc,marking  ] GC(627) Concurrent Clear Claimed Marks 0.013ms
[2026-03-27T14:07:36.405+0900][40.536s][info][gc,marking  ] GC(627) Concurrent Scan Root Regions
[2026-03-27T14:07:36.405+0900][40.536s][info][gc,marking  ] GC(627) Concurrent Scan Root Regions 0.042ms
[2026-03-27T14:07:36.405+0900][40.536s][info][gc,marking  ] GC(627) Concurrent Mark
[2026-03-27T14:07:36.405+0900][40.537s][info][gc,marking  ] GC(627) Concurrent Mark From Roots
[2026-03-27T14:07:36.405+0900][40.537s][info][gc,task     ] GC(627) Using 2 workers of 2 for marking
[2026-03-27T14:07:36.405+0900][40.538s][info][gc,marking  ] GC(627) Concurrent Mark From Roots 1.009ms
[2026-03-27T14:07:36.405+0900][40.538s][info][gc,marking  ] GC(627) Concurrent Preclean
[2026-03-27T14:07:36.405+0900][40.538s][info][gc,marking  ] GC(627) Concurrent Preclean 0.015ms
[2026-03-27T14:07:36.405+0900][40.538s][info][gc,start    ] GC(627) Pause Remark
[2026-03-27T14:07:36.405+0900][40.538s][info][gc          ] GC(627) Pause Remark 259M->259M(512M) 0.291ms
[2026-03-27T14:07:36.405+0900][40.538s][info][gc,cpu      ] GC(627) User=0.00s Sys=0.00s Real=0.00s
[2026-03-27T14:07:36.405+0900][40.538s][info][gc,marking  ] GC(627) Concurrent Mark 1.492ms
[2026-03-27T14:07:36.405+0900][40.538s][info][gc,marking  ] GC(627) Concurrent Rebuild Remembered Sets
[2026-03-27T14:07:36.405+0900][40.538s][info][gc,marking  ] GC(627) Concurrent Rebuild Remembered Sets 0.382ms
[2026-03-27T14:07:36.405+0900][40.538s][info][gc,start    ] GC(627) Pause Cleanup
[2026-03-27T14:07:36.405+0900][40.539s][info][gc          ] GC(627) Pause Cleanup 259M->259M(512M) 0.085ms
[2026-03-27T14:07:36.405+0900][40.539s][info][gc,cpu      ] GC(627) User=0.00s Sys=0.00s Real=0.00s
[2026-03-27T14:07:36.405+0900][40.539s][info][gc,marking  ] GC(627) Concurrent Cleanup for Next Mark
[2026-03-27T14:07:36.405+0900][40.539s][info][gc,marking  ] GC(627) Concurrent Cleanup for Next Mark 0.270ms
[2026-03-27T14:07:36.405+0900][40.539s][info][gc          ] GC(627) Concurrent Mark Cycle 2.555ms
[2026-03-27T14:07:36.469+0900][40.600s][info][gc,start    ] GC(628) Pause Young (Concurrent Start) (G1 Humongous Allocation)
[2026-03-27T14:07:36.469+0900][40.600s][info][gc,task     ] GC(628) Using 8 workers of 8 for evacuation
[2026-03-27T14:07:36.469+0900][40.602s][info][gc,phases   ] GC(628)   Pre Evacuate Collection Set: 0.2ms
[2026-03-27T14:07:36.469+0900][40.602s][info][gc,phases   ] GC(628)   Merge Heap Roots: 0.3ms
[2026-03-27T14:07:36.469+0900][40.602s][info][gc,phases   ] GC(628)   Evacuate Collection Set: 0.4ms
[2026-03-27T14:07:36.469+0900][40.602s][info][gc,phases   ] GC(628)   Post Evacuate Collection Set: 0.9ms
[2026-03-27T14:07:36.469+0900][40.602s][info][gc,phases   ] GC(628)   Other: 0.2ms
[2026-03-27T14:07:36.469+0900][40.602s][info][gc,heap     ] GC(628) Eden regions: 1->0(199)
[2026-03-27T14:07:36.469+0900][40.602s][info][gc,heap     ] GC(628) Survivor regions: 1->1(25)
[2026-03-27T14:07:36.469+0900][40.602s][info][gc,heap     ] GC(628) Old regions: 1->1
[2026-03-27T14:07:36.469+0900][40.602s][info][gc,heap     ] GC(628) Archive regions: 0->0
[2026-03-27T14:07:36.469+0900][40.602s][info][gc,heap     ] GC(628) Humongous regions: 259->258
[2026-03-27T14:07:36.469+0900][40.602s][info][gc,metaspace] GC(628) Metaspace: 166K(384K)->166K(384K) NonClass: 157K(256K)->157K(256K) Class: 9K(128K)->9K(128K)
[2026-03-27T14:07:36.469+0900][40.602s][info][gc          ] GC(628) Pause Young (Concurrent Start) (G1 Humongous Allocation) 260M->258M(512M) 2.684ms
[2026-03-27T14:07:36.469+0900][40.602s][info][gc,cpu      ] GC(628) User=0.00s Sys=0.00s Real=0.00s
[2026-03-27T14:07:36.469+0900][40.603s][info][gc          ] GC(629) Concurrent Mark Cycle
[2026-03-27T14:07:36.469+0900][40.603s][info][gc,marking  ] GC(629) Concurrent Clear Claimed Marks
[2026-03-27T14:07:36.469+0900][40.603s][info][gc,marking  ] GC(629) Concurrent Clear Claimed Marks 0.041ms
[2026-03-27T14:07:36.469+0900][40.603s][info][gc,marking  ] GC(629) Concurrent Scan Root Regions
[2026-03-27T14:07:36.469+0900][40.603s][info][gc,marking  ] GC(629) Concurrent Scan Root Regions 0.184ms
[2026-03-27T14:07:36.469+0900][40.603s][info][gc,marking  ] GC(629) Concurrent Mark
[2026-03-27T14:07:36.469+0900][40.603s][info][gc,marking  ] GC(629) Concurrent Mark From Roots
[2026-03-27T14:07:36.469+0900][40.603s][info][gc,task     ] GC(629) Using 2 workers of 2 for marking
[2026-03-27T14:07:36.469+0900][40.605s][info][gc,marking  ] GC(629) Concurrent Mark From Roots 2.014ms
[2026-03-27T14:07:36.469+0900][40.605s][info][gc,marking  ] GC(629) Concurrent Preclean
[2026-03-27T14:07:36.469+0900][40.605s][info][gc,marking  ] GC(629) Concurrent Preclean 0.045ms
[2026-03-27T14:07:36.469+0900][40.606s][info][gc,start    ] GC(629) Pause Remark
[2026-03-27T14:07:36.469+0900][40.607s][info][gc          ] GC(629) Pause Remark 259M->259M(512M) 1.594ms
[2026-03-27T14:07:36.469+0900][40.608s][info][gc,cpu      ] GC(629) User=0.00s Sys=0.00s Real=0.00s
[2026-03-27T14:07:36.469+0900][40.608s][info][gc,marking  ] GC(629) Concurrent Mark 4.612ms
[2026-03-27T14:07:36.469+0900][40.608s][info][gc,marking  ] GC(629) Concurrent Rebuild Remembered Sets
[2026-03-27T14:07:36.469+0900][40.609s][info][gc,marking  ] GC(629) Concurrent Rebuild Remembered Sets 1.137ms
[2026-03-27T14:07:36.469+0900][40.609s][info][gc,start    ] GC(629) Pause Cleanup
[2026-03-27T14:07:36.469+0900][40.610s][info][gc          ] GC(629) Pause Cleanup 259M->259M(512M) 0.379ms
[2026-03-27T14:07:36.469+0900][40.610s][info][gc,cpu      ] GC(629) User=0.00s Sys=0.00s Real=0.00s
[2026-03-27T14:07:36.469+0900][40.610s][info][gc,marking  ] GC(629) Concurrent Cleanup for Next Mark
[2026-03-27T14:07:36.469+0900][40.611s][info][gc,marking  ] GC(629) Concurrent Cleanup for Next Mark 0.752ms
[2026-03-27T14:07:36.469+0900][40.611s][info][gc          ] GC(629) Concurrent Mark Cycle 8.324ms
[2026-03-27T14:07:36.533+0900][40.663s][info][gc,start    ] GC(630) Pause Young (Concurrent Start) (G1 Humongous Allocation)
[2026-03-27T14:07:36.533+0900][40.663s][info][gc,task     ] GC(630) Using 8 workers of 8 for evacuation
[2026-03-27T14:07:36.533+0900][40.665s][info][gc,phases   ] GC(630)   Pre Evacuate Collection Set: 0.3ms
[2026-03-27T14:07:36.533+0900][40.665s][info][gc,phases   ] GC(630)   Merge Heap Roots: 0.3ms
[2026-03-27T14:07:36.533+0900][40.665s][info][gc,phases   ] GC(630)   Evacuate Collection Set: 0.3ms
[2026-03-27T14:07:36.533+0900][40.665s][info][gc,phases   ] GC(630)   Post Evacuate Collection Set: 0.4ms
[2026-03-27T14:07:36.533+0900][40.665s][info][gc,phases   ] GC(630)   Other: 0.2ms
[2026-03-27T14:07:36.533+0900][40.665s][info][gc,heap     ] GC(630) Eden regions: 1->0(199)
[2026-03-27T14:07:36.533+0900][40.665s][info][gc,heap     ] GC(630) Survivor regions: 1->1(25)
[2026-03-27T14:07:36.533+0900][40.665s][info][gc,heap     ] GC(630) Old regions: 1->1
[2026-03-27T14:07:36.533+0900][40.665s][info][gc,heap     ] GC(630) Archive regions: 0->0
[2026-03-27T14:07:36.533+0900][40.665s][info][gc,heap     ] GC(630) Humongous regions: 259->258
[2026-03-27T14:07:36.533+0900][40.665s][info][gc,metaspace] GC(630) Metaspace: 166K(384K)->166K(384K) NonClass: 157K(256K)->157K(256K) Class: 9K(128K)->9K(128K)
[2026-03-27T14:07:36.533+0900][40.665s][info][gc          ] GC(630) Pause Young (Concurrent Start) (G1 Humongous Allocation) 260M->258M(512M) 2.320ms
[2026-03-27T14:07:36.533+0900][40.665s][info][gc,cpu      ] GC(630) User=0.00s Sys=0.00s Real=0.00s
[2026-03-27T14:07:36.533+0900][40.665s][info][gc          ] GC(631) Concurrent Mark Cycle
[2026-03-27T14:07:36.533+0900][40.666s][info][gc,marking  ] GC(631) Concurrent Clear Claimed Marks
[2026-03-27T14:07:36.533+0900][40.666s][info][gc,marking  ] GC(631) Concurrent Clear Claimed Marks 0.056ms
[2026-03-27T14:07:36.533+0900][40.666s][info][gc,marking  ] GC(631) Concurrent Scan Root Regions
[2026-03-27T14:07:36.533+0900][40.666s][info][gc,marking  ] GC(631) Concurrent Scan Root Regions 0.162ms
[2026-03-27T14:07:36.533+0900][40.666s][info][gc,marking  ] GC(631) Concurrent Mark
[2026-03-27T14:07:36.533+0900][40.666s][info][gc,marking  ] GC(631) Concurrent Mark From Roots
[2026-03-27T14:07:36.533+0900][40.666s][info][gc,task     ] GC(631) Using 2 workers of 2 for marking
[2026-03-27T14:07:36.539+0900][40.669s][info][gc,marking  ] GC(631) Concurrent Mark From Roots 2.844ms
[2026-03-27T14:07:36.539+0900][40.669s][info][gc,marking  ] GC(631) Concurrent Preclean
[2026-03-27T14:07:36.539+0900][40.669s][info][gc,marking  ] GC(631) Concurrent Preclean 0.066ms
[2026-03-27T14:07:36.539+0900][40.669s][info][gc,start    ] GC(631) Pause Remark
[2026-03-27T14:07:36.539+0900][40.671s][info][gc          ] GC(631) Pause Remark 259M->259M(512M) 1.295ms
[2026-03-27T14:07:36.539+0900][40.671s][info][gc,cpu      ] GC(631) User=0.00s Sys=0.00s Real=0.00s
[2026-03-27T14:07:36.539+0900][40.671s][info][gc,marking  ] GC(631) Concurrent Mark 4.941ms
[2026-03-27T14:07:36.539+0900][40.671s][info][gc,marking  ] GC(631) Concurrent Rebuild Remembered Sets
[2026-03-27T14:07:36.539+0900][40.672s][info][gc,marking  ] GC(631) Concurrent Rebuild Remembered Sets 1.107ms
[2026-03-27T14:07:36.539+0900][40.672s][info][gc,start    ] GC(631) Pause Cleanup
[2026-03-27T14:07:36.539+0900][40.673s][info][gc          ] GC(631) Pause Cleanup 259M->259M(512M) 0.278ms
[2026-03-27T14:07:36.539+0900][40.673s][info][gc,cpu      ] GC(631) User=0.00s Sys=0.00s Real=0.00s
[2026-03-27T14:07:36.539+0900][40.673s][info][gc,marking  ] GC(631) Concurrent Cleanup for Next Mark
[2026-03-27T14:07:36.539+0900][40.673s][info][gc,marking  ] GC(631) Concurrent Cleanup for Next Mark 0.568ms
[2026-03-27T14:07:36.539+0900][40.674s][info][gc          ] GC(631) Concurrent Mark Cycle 8.216ms
[2026-03-27T14:07:36.587+0900][40.717s][info][gc,start    ] GC(632) Pause Young (Concurrent Start) (G1 Humongous Allocation)
[2026-03-27T14:07:36.587+0900][40.718s][info][gc,task     ] GC(632) Using 8 workers of 8 for evacuation
[2026-03-27T14:07:36.587+0900][40.719s][info][gc,phases   ] GC(632)   Pre Evacuate Collection Set: 0.2ms
[2026-03-27T14:07:36.587+0900][40.719s][info][gc,phases   ] GC(632)   Merge Heap Roots: 0.2ms
[2026-03-27T14:07:36.587+0900][40.719s][info][gc,phases   ] GC(632)   Evacuate Collection Set: 0.3ms
[2026-03-27T14:07:36.587+0900][40.719s][info][gc,phases   ] GC(632)   Post Evacuate Collection Set: 0.8ms
[2026-03-27T14:07:36.587+0900][40.719s][info][gc,phases   ] GC(632)   Other: 0.2ms
[2026-03-27T14:07:36.587+0900][40.719s][info][gc,heap     ] GC(632) Eden regions: 1->0(199)
[2026-03-27T14:07:36.587+0900][40.719s][info][gc,heap     ] GC(632) Survivor regions: 1->1(25)
[2026-03-27T14:07:36.587+0900][40.719s][info][gc,heap     ] GC(632) Old regions: 1->1
[2026-03-27T14:07:36.587+0900][40.719s][info][gc,heap     ] GC(632) Archive regions: 0->0
[2026-03-27T14:07:36.587+0900][40.719s][info][gc,heap     ] GC(632) Humongous regions: 259->258
[2026-03-27T14:07:36.587+0900][40.720s][info][gc,metaspace] GC(632) Metaspace: 166K(384K)->166K(384K) NonClass: 157K(256K)->157K(256K) Class: 9K(128K)->9K(128K)
[2026-03-27T14:07:36.587+0900][40.720s][info][gc          ] GC(632) Pause Young (Concurrent Start) (G1 Humongous Allocation) 260M->258M(512M) 2.070ms
[2026-03-27T14:07:36.587+0900][40.720s][info][gc,cpu      ] GC(632) User=0.00s Sys=0.00s Real=0.00s
[2026-03-27T14:07:36.587+0900][40.720s][info][gc          ] GC(633) Concurrent Mark Cycle
[2026-03-27T14:07:36.587+0900][40.720s][info][gc,marking  ] GC(633) Concurrent Clear Claimed Marks
[2026-03-27T14:07:36.587+0900][40.720s][info][gc,marking  ] GC(633) Concurrent Clear Claimed Marks 0.035ms
[2026-03-27T14:07:36.587+0900][40.720s][info][gc,marking  ] GC(633) Concurrent Scan Root Regions
[2026-03-27T14:07:36.587+0900][40.720s][info][gc,marking  ] GC(633) Concurrent Scan Root Regions 0.148ms
[2026-03-27T14:07:36.587+0900][40.720s][info][gc,marking  ] GC(633) Concurrent Mark
[2026-03-27T14:07:36.587+0900][40.720s][info][gc,marking  ] GC(633) Concurrent Mark From Roots
[2026-03-27T14:07:36.587+0900][40.720s][info][gc,task     ] GC(633) Using 2 workers of 2 for marking
[2026-03-27T14:07:36.587+0900][40.722s][info][gc,marking  ] GC(633) Concurrent Mark From Roots 1.269ms
[2026-03-27T14:07:36.587+0900][40.722s][info][gc,marking  ] GC(633) Concurrent Preclean
[2026-03-27T14:07:36.587+0900][40.722s][info][gc,marking  ] GC(633) Concurrent Preclean 0.033ms
[2026-03-27T14:07:36.587+0900][40.722s][info][gc,start    ] GC(633) Pause Remark
[2026-03-27T14:07:36.587+0900][40.723s][info][gc          ] GC(633) Pause Remark 261M->261M(512M) 0.838ms
[2026-03-27T14:07:36.587+0900][40.723s][info][gc,cpu      ] GC(633) User=0.00s Sys=0.00s Real=0.00s
[2026-03-27T14:07:36.587+0900][40.723s][info][gc,marking  ] GC(633) Concurrent Mark 2.641ms
[2026-03-27T14:07:36.587+0900][40.723s][info][gc,marking  ] GC(633) Concurrent Rebuild Remembered Sets
[2026-03-27T14:07:36.587+0900][40.724s][info][gc,marking  ] GC(633) Concurrent Rebuild Remembered Sets 0.613ms
[2026-03-27T14:07:36.587+0900][40.724s][info][gc,start    ] GC(633) Pause Cleanup
[2026-03-27T14:07:36.587+0900][40.724s][info][gc          ] GC(633) Pause Cleanup 261M->261M(512M) 0.239ms
[2026-03-27T14:07:36.587+0900][40.724s][info][gc,cpu      ] GC(633) User=0.00s Sys=0.00s Real=0.00s
[2026-03-27T14:07:36.587+0900][40.724s][info][gc,marking  ] GC(633) Concurrent Cleanup for Next Mark
[2026-03-27T14:07:36.587+0900][40.724s][info][gc,marking  ] GC(633) Concurrent Cleanup for Next Mark 0.308ms
[2026-03-27T14:07:36.587+0900][40.724s][info][gc          ] GC(633) Concurrent Mark Cycle 4.749ms
[2026-03-27T14:07:36.650+0900][40.780s][info][gc,start    ] GC(634) Pause Young (Concurrent Start) (G1 Humongous Allocation)
[2026-03-27T14:07:36.650+0900][40.781s][info][gc,task     ] GC(634) Using 8 workers of 8 for evacuation
[2026-03-27T14:07:36.650+0900][40.782s][info][gc,phases   ] GC(634)   Pre Evacuate Collection Set: 0.1ms
[2026-03-27T14:07:36.650+0900][40.782s][info][gc,phases   ] GC(634)   Merge Heap Roots: 0.2ms
[2026-03-27T14:07:36.650+0900][40.782s][info][gc,phases   ] GC(634)   Evacuate Collection Set: 0.2ms
[2026-03-27T14:07:36.650+0900][40.782s][info][gc,phases   ] GC(634)   Post Evacuate Collection Set: 0.6ms
[2026-03-27T14:07:36.650+0900][40.782s][info][gc,phases   ] GC(634)   Other: 0.1ms
[2026-03-27T14:07:36.650+0900][40.782s][info][gc,heap     ] GC(634) Eden regions: 1->0(197)
[2026-03-27T14:07:36.650+0900][40.782s][info][gc,heap     ] GC(634) Survivor regions: 1->1(25)
[2026-03-27T14:07:36.650+0900][40.782s][info][gc,heap     ] GC(634) Old regions: 1->1
[2026-03-27T14:07:36.650+0900][40.782s][info][gc,heap     ] GC(634) Archive regions: 0->0
[2026-03-27T14:07:36.650+0900][40.782s][info][gc,heap     ] GC(634) Humongous regions: 261->260
[2026-03-27T14:07:36.650+0900][40.782s][info][gc,metaspace] GC(634) Metaspace: 166K(384K)->166K(384K) NonClass: 157K(256K)->157K(256K) Class: 9K(128K)->9K(128K)
[2026-03-27T14:07:36.650+0900][40.782s][info][gc          ] GC(634) Pause Young (Concurrent Start) (G1 Humongous Allocation) 262M->260M(512M) 1.503ms
[2026-03-27T14:07:36.650+0900][40.782s][info][gc,cpu      ] GC(634) User=0.00s Sys=0.00s Real=0.00s
[2026-03-27T14:07:36.650+0900][40.782s][info][gc          ] GC(635) Concurrent Mark Cycle
[2026-03-27T14:07:36.650+0900][40.782s][info][gc,marking  ] GC(635) Concurrent Clear Claimed Marks
[2026-03-27T14:07:36.650+0900][40.782s][info][gc,marking  ] GC(635) Concurrent Clear Claimed Marks 0.016ms
[2026-03-27T14:07:36.650+0900][40.782s][info][gc,marking  ] GC(635) Concurrent Scan Root Regions
[2026-03-27T14:07:36.650+0900][40.782s][info][gc,marking  ] GC(635) Concurrent Scan Root Regions 0.139ms
[2026-03-27T14:07:36.650+0900][40.782s][info][gc,marking  ] GC(635) Concurrent Mark
[2026-03-27T14:07:36.650+0900][40.782s][info][gc,marking  ] GC(635) Concurrent Mark From Roots
[2026-03-27T14:07:36.650+0900][40.782s][info][gc,task     ] GC(635) Using 2 workers of 2 for marking
[2026-03-27T14:07:36.650+0900][40.783s][info][gc,marking  ] GC(635) Concurrent Mark From Roots 0.858ms
[2026-03-27T14:07:36.650+0900][40.783s][info][gc,marking  ] GC(635) Concurrent Preclean
[2026-03-27T14:07:36.650+0900][40.783s][info][gc,marking  ] GC(635) Concurrent Preclean 0.014ms
[2026-03-27T14:07:36.650+0900][40.783s][info][gc,start    ] GC(635) Pause Remark
[2026-03-27T14:07:36.650+0900][40.784s][info][gc          ] GC(635) Pause Remark 261M->261M(512M) 0.486ms
[2026-03-27T14:07:36.650+0900][40.784s][info][gc,cpu      ] GC(635) User=0.00s Sys=0.00s Real=0.00s
[2026-03-27T14:07:36.650+0900][40.784s][info][gc,marking  ] GC(635) Concurrent Mark 1.601ms
[2026-03-27T14:07:36.650+0900][40.784s][info][gc,marking  ] GC(635) Concurrent Rebuild Remembered Sets
[2026-03-27T14:07:36.650+0900][40.784s][info][gc,marking  ] GC(635) Concurrent Rebuild Remembered Sets 0.356ms
[2026-03-27T14:07:36.650+0900][40.785s][info][gc,start    ] GC(635) Pause Cleanup
[2026-03-27T14:07:36.650+0900][40.785s][info][gc          ] GC(635) Pause Cleanup 261M->261M(512M) 0.091ms
[2026-03-27T14:07:36.650+0900][40.785s][info][gc,cpu      ] GC(635) User=0.00s Sys=0.00s Real=0.00s
[2026-03-27T14:07:36.650+0900][40.785s][info][gc,marking  ] GC(635) Concurrent Cleanup for Next Mark
[2026-03-27T14:07:36.650+0900][40.785s][info][gc,marking  ] GC(635) Concurrent Cleanup for Next Mark 0.260ms
[2026-03-27T14:07:36.650+0900][40.785s][info][gc          ] GC(635) Concurrent Mark Cycle 2.887ms
[2026-03-27T14:07:36.717+0900][40.848s][info][gc,start    ] GC(636) Pause Young (Concurrent Start) (G1 Humongous Allocation)
[2026-03-27T14:07:36.717+0900][40.848s][info][gc,task     ] GC(636) Using 8 workers of 8 for evacuation
[2026-03-27T14:07:36.719+0900][40.849s][info][gc,phases   ] GC(636)   Pre Evacuate Collection Set: 0.2ms
[2026-03-27T14:07:36.719+0900][40.849s][info][gc,phases   ] GC(636)   Merge Heap Roots: 0.2ms
[2026-03-27T14:07:36.719+0900][40.849s][info][gc,phases   ] GC(636)   Evacuate Collection Set: 0.4ms
[2026-03-27T14:07:36.719+0900][40.849s][info][gc,phases   ] GC(636)   Post Evacuate Collection Set: 0.3ms
[2026-03-27T14:07:36.719+0900][40.849s][info][gc,phases   ] GC(636)   Other: 0.1ms
[2026-03-27T14:07:36.719+0900][40.850s][info][gc,heap     ] GC(636) Eden regions: 1->0(197)
[2026-03-27T14:07:36.719+0900][40.850s][info][gc,heap     ] GC(636) Survivor regions: 1->1(25)
[2026-03-27T14:07:36.719+0900][40.850s][info][gc,heap     ] GC(636) Old regions: 1->1
[2026-03-27T14:07:36.719+0900][40.850s][info][gc,heap     ] GC(636) Archive regions: 0->0
[2026-03-27T14:07:36.719+0900][40.850s][info][gc,heap     ] GC(636) Humongous regions: 261->260
[2026-03-27T14:07:36.719+0900][40.850s][info][gc,metaspace] GC(636) Metaspace: 166K(384K)->166K(384K) NonClass: 157K(256K)->157K(256K) Class: 9K(128K)->9K(128K)
[2026-03-27T14:07:36.719+0900][40.850s][info][gc          ] GC(636) Pause Young (Concurrent Start) (G1 Humongous Allocation) 262M->260M(512M) 1.559ms
[2026-03-27T14:07:36.719+0900][40.850s][info][gc,cpu      ] GC(636) User=0.00s Sys=0.00s Real=0.00s
[2026-03-27T14:07:36.719+0900][40.850s][info][gc          ] GC(637) Concurrent Mark Cycle
[2026-03-27T14:07:36.719+0900][40.850s][info][gc,marking  ] GC(637) Concurrent Clear Claimed Marks
[2026-03-27T14:07:36.720+0900][40.850s][info][gc,marking  ] GC(637) Concurrent Clear Claimed Marks 0.021ms
[2026-03-27T14:07:36.720+0900][40.850s][info][gc,marking  ] GC(637) Concurrent Scan Root Regions
[2026-03-27T14:07:36.720+0900][40.850s][info][gc,marking  ] GC(637) Concurrent Scan Root Regions 0.036ms
[2026-03-27T14:07:36.720+0900][40.850s][info][gc,marking  ] GC(637) Concurrent Mark
[2026-03-27T14:07:36.720+0900][40.850s][info][gc,marking  ] GC(637) Concurrent Mark From Roots
[2026-03-27T14:07:36.720+0900][40.850s][info][gc,task     ] GC(637) Using 2 workers of 2 for marking
[2026-03-27T14:07:36.720+0900][40.851s][info][gc,marking  ] GC(637) Concurrent Mark From Roots 1.023ms
[2026-03-27T14:07:36.720+0900][40.851s][info][gc,marking  ] GC(637) Concurrent Preclean
[2026-03-27T14:07:36.720+0900][40.851s][info][gc,marking  ] GC(637) Concurrent Preclean 0.019ms
[2026-03-27T14:07:36.720+0900][40.851s][info][gc,start    ] GC(637) Pause Remark
[2026-03-27T14:07:36.720+0900][40.851s][info][gc          ] GC(637) Pause Remark 261M->261M(512M) 0.320ms
[2026-03-27T14:07:36.720+0900][40.851s][info][gc,cpu      ] GC(637) User=0.00s Sys=0.00s Real=0.00s
[2026-03-27T14:07:36.720+0900][40.851s][info][gc,marking  ] GC(637) Concurrent Mark 1.551ms
[2026-03-27T14:07:36.720+0900][40.851s][info][gc,marking  ] GC(637) Concurrent Rebuild Remembered Sets
[2026-03-27T14:07:36.720+0900][40.852s][info][gc,marking  ] GC(637) Concurrent Rebuild Remembered Sets 0.470ms
[2026-03-27T14:07:36.720+0900][40.852s][info][gc,start    ] GC(637) Pause Cleanup
[2026-03-27T14:07:36.720+0900][40.852s][info][gc          ] GC(637) Pause Cleanup 261M->261M(512M) 0.094ms
[2026-03-27T14:07:36.720+0900][40.852s][info][gc,cpu      ] GC(637) User=0.00s Sys=0.00s Real=0.00s
[2026-03-27T14:07:36.720+0900][40.852s][info][gc,marking  ] GC(637) Concurrent Cleanup for Next Mark
[2026-03-27T14:07:36.720+0900][40.852s][info][gc,marking  ] GC(637) Concurrent Cleanup for Next Mark 0.200ms
[2026-03-27T14:07:36.720+0900][40.852s][info][gc          ] GC(637) Concurrent Mark Cycle 2.693ms
[2026-03-27T14:07:36.783+0900][40.913s][info][gc,start    ] GC(638) Pause Young (Concurrent Start) (G1 Humongous Allocation)
[2026-03-27T14:07:36.783+0900][40.914s][info][gc,task     ] GC(638) Using 8 workers of 8 for evacuation
[2026-03-27T14:07:36.783+0900][40.914s][info][gc,phases   ] GC(638)   Pre Evacuate Collection Set: 0.1ms
[2026-03-27T14:07:36.784+0900][40.914s][info][gc,phases   ] GC(638)   Merge Heap Roots: 0.2ms
[2026-03-27T14:07:36.784+0900][40.914s][info][gc,phases   ] GC(638)   Evacuate Collection Set: 0.1ms
[2026-03-27T14:07:36.784+0900][40.914s][info][gc,phases   ] GC(638)   Post Evacuate Collection Set: 0.1ms
[2026-03-27T14:07:36.784+0900][40.914s][info][gc,phases   ] GC(638)   Other: 0.1ms
[2026-03-27T14:07:36.784+0900][40.914s][info][gc,heap     ] GC(638) Eden regions: 1->0(197)
[2026-03-27T14:07:36.784+0900][40.914s][info][gc,heap     ] GC(638) Survivor regions: 1->1(25)
[2026-03-27T14:07:36.784+0900][40.914s][info][gc,heap     ] GC(638) Old regions: 1->1
[2026-03-27T14:07:36.784+0900][40.914s][info][gc,heap     ] GC(638) Archive regions: 0->0
[2026-03-27T14:07:36.784+0900][40.914s][info][gc,heap     ] GC(638) Humongous regions: 261->260
[2026-03-27T14:07:36.784+0900][40.914s][info][gc,metaspace] GC(638) Metaspace: 166K(384K)->166K(384K) NonClass: 157K(256K)->157K(256K) Class: 9K(128K)->9K(128K)
[2026-03-27T14:07:36.784+0900][40.914s][info][gc          ] GC(638) Pause Young (Concurrent Start) (G1 Humongous Allocation) 262M->260M(512M) 0.962ms
[2026-03-27T14:07:36.784+0900][40.914s][info][gc,cpu      ] GC(638) User=0.00s Sys=0.00s Real=0.00s
[2026-03-27T14:07:36.784+0900][40.914s][info][gc          ] GC(639) Concurrent Mark Cycle
[2026-03-27T14:07:36.784+0900][40.915s][info][gc,marking  ] GC(639) Concurrent Clear Claimed Marks
[2026-03-27T14:07:36.784+0900][40.915s][info][gc,marking  ] GC(639) Concurrent Clear Claimed Marks 0.014ms
[2026-03-27T14:07:36.784+0900][40.915s][info][gc,marking  ] GC(639) Concurrent Scan Root Regions
[2026-03-27T14:07:36.784+0900][40.915s][info][gc,marking  ] GC(639) Concurrent Scan Root Regions 0.118ms
[2026-03-27T14:07:36.784+0900][40.915s][info][gc,marking  ] GC(639) Concurrent Mark
[2026-03-27T14:07:36.784+0900][40.915s][info][gc,marking  ] GC(639) Concurrent Mark From Roots
[2026-03-27T14:07:36.784+0900][40.915s][info][gc,task     ] GC(639) Using 2 workers of 2 for marking
[2026-03-27T14:07:36.784+0900][40.916s][info][gc,marking  ] GC(639) Concurrent Mark From Roots 1.066ms
[2026-03-27T14:07:36.784+0900][40.916s][info][gc,marking  ] GC(639) Concurrent Preclean
[2026-03-27T14:07:36.784+0900][40.916s][info][gc,marking  ] GC(639) Concurrent Preclean 0.021ms
[2026-03-27T14:07:36.784+0900][40.916s][info][gc,start    ] GC(639) Pause Remark
[2026-03-27T14:07:36.784+0900][40.917s][info][gc          ] GC(639) Pause Remark 261M->261M(512M) 0.567ms
[2026-03-27T14:07:36.784+0900][40.917s][info][gc,cpu      ] GC(639) User=0.00s Sys=0.00s Real=0.00s
[2026-03-27T14:07:36.784+0900][40.917s][info][gc,marking  ] GC(639) Concurrent Mark 2.049ms
[2026-03-27T14:07:36.784+0900][40.917s][info][gc,marking  ] GC(639) Concurrent Rebuild Remembered Sets
[2026-03-27T14:07:36.784+0900][40.917s][info][gc,marking  ] GC(639) Concurrent Rebuild Remembered Sets 0.522ms
[2026-03-27T14:07:36.784+0900][40.917s][info][gc,start    ] GC(639) Pause Cleanup
[2026-03-27T14:07:36.784+0900][40.918s][info][gc          ] GC(639) Pause Cleanup 261M->261M(512M) 0.093ms
[2026-03-27T14:07:36.784+0900][40.918s][info][gc,cpu      ] GC(639) User=0.00s Sys=0.00s Real=0.00s
[2026-03-27T14:07:36.784+0900][40.918s][info][gc,marking  ] GC(639) Concurrent Cleanup for Next Mark
[2026-03-27T14:07:36.784+0900][40.918s][info][gc,marking  ] GC(639) Concurrent Cleanup for Next Mark 0.241ms
[2026-03-27T14:07:36.784+0900][40.918s][info][gc          ] GC(639) Concurrent Mark Cycle 3.374ms
[2026-03-27T14:07:36.847+0900][40.977s][info][gc,start    ] GC(640) Pause Young (Concurrent Start) (G1 Humongous Allocation)
[2026-03-27T14:07:36.847+0900][40.977s][info][gc,task     ] GC(640) Using 8 workers of 8 for evacuation
[2026-03-27T14:07:36.847+0900][40.978s][info][gc,phases   ] GC(640)   Pre Evacuate Collection Set: 0.1ms
[2026-03-27T14:07:36.847+0900][40.978s][info][gc,phases   ] GC(640)   Merge Heap Roots: 0.1ms
[2026-03-27T14:07:36.847+0900][40.978s][info][gc,phases   ] GC(640)   Evacuate Collection Set: 0.1ms
[2026-03-27T14:07:36.847+0900][40.978s][info][gc,phases   ] GC(640)   Post Evacuate Collection Set: 0.1ms
[2026-03-27T14:07:36.847+0900][40.978s][info][gc,phases   ] GC(640)   Other: 0.1ms
[2026-03-27T14:07:36.847+0900][40.978s][info][gc,heap     ] GC(640) Eden regions: 1->0(197)
[2026-03-27T14:07:36.847+0900][40.978s][info][gc,heap     ] GC(640) Survivor regions: 1->1(25)
[2026-03-27T14:07:36.847+0900][40.978s][info][gc,heap     ] GC(640) Old regions: 1->1
[2026-03-27T14:07:36.847+0900][40.978s][info][gc,heap     ] GC(640) Archive regions: 0->0
[2026-03-27T14:07:36.847+0900][40.978s][info][gc,heap     ] GC(640) Humongous regions: 261->260
[2026-03-27T14:07:36.847+0900][40.978s][info][gc,metaspace] GC(640) Metaspace: 166K(384K)->166K(384K) NonClass: 157K(256K)->157K(256K) Class: 9K(128K)->9K(128K)
[2026-03-27T14:07:36.847+0900][40.978s][info][gc          ] GC(640) Pause Young (Concurrent Start) (G1 Humongous Allocation) 262M->260M(512M) 0.901ms
[2026-03-27T14:07:36.847+0900][40.978s][info][gc,cpu      ] GC(640) User=0.00s Sys=0.02s Real=0.00s
[2026-03-27T14:07:36.847+0900][40.978s][info][gc          ] GC(641) Concurrent Mark Cycle
[2026-03-27T14:07:36.847+0900][40.978s][info][gc,marking  ] GC(641) Concurrent Clear Claimed Marks
[2026-03-27T14:07:36.847+0900][40.978s][info][gc,marking  ] GC(641) Concurrent Clear Claimed Marks 0.018ms
[2026-03-27T14:07:36.847+0900][40.978s][info][gc,marking  ] GC(641) Concurrent Scan Root Regions
[2026-03-27T14:07:36.847+0900][40.978s][info][gc,marking  ] GC(641) Concurrent Scan Root Regions 0.030ms
[2026-03-27T14:07:36.847+0900][40.978s][info][gc,marking  ] GC(641) Concurrent Mark
[2026-03-27T14:07:36.847+0900][40.978s][info][gc,marking  ] GC(641) Concurrent Mark From Roots
[2026-03-27T14:07:36.847+0900][40.978s][info][gc,task     ] GC(641) Using 2 workers of 2 for marking
[2026-03-27T14:07:36.847+0900][40.979s][info][gc,marking  ] GC(641) Concurrent Mark From Roots 0.706ms
[2026-03-27T14:07:36.847+0900][40.979s][info][gc,marking  ] GC(641) Concurrent Preclean
[2026-03-27T14:07:36.847+0900][40.979s][info][gc,marking  ] GC(641) Concurrent Preclean 0.012ms
[2026-03-27T14:07:36.847+0900][40.979s][info][gc,start    ] GC(641) Pause Remark
[2026-03-27T14:07:36.847+0900][40.980s][info][gc          ] GC(641) Pause Remark 261M->261M(512M) 0.653ms
[2026-03-27T14:07:36.847+0900][40.980s][info][gc,cpu      ] GC(641) User=0.00s Sys=0.00s Real=0.00s
[2026-03-27T14:07:36.847+0900][40.980s][info][gc,marking  ] GC(641) Concurrent Mark 1.550ms
[2026-03-27T14:07:36.847+0900][40.980s][info][gc,marking  ] GC(641) Concurrent Rebuild Remembered Sets
[2026-03-27T14:07:36.847+0900][40.980s][info][gc,marking  ] GC(641) Concurrent Rebuild Remembered Sets 0.404ms
[2026-03-27T14:07:36.847+0900][40.980s][info][gc,start    ] GC(641) Pause Cleanup
[2026-03-27T14:07:36.847+0900][40.981s][info][gc          ] GC(641) Pause Cleanup 261M->261M(512M) 0.117ms
[2026-03-27T14:07:36.847+0900][40.981s][info][gc,cpu      ] GC(641) User=0.00s Sys=0.00s Real=0.00s
[2026-03-27T14:07:36.847+0900][40.981s][info][gc,marking  ] GC(641) Concurrent Cleanup for Next Mark
[2026-03-27T14:07:36.847+0900][40.981s][info][gc,marking  ] GC(641) Concurrent Cleanup for Next Mark 0.247ms
[2026-03-27T14:07:36.847+0900][40.981s][info][gc          ] GC(641) Concurrent Mark Cycle 2.913ms
[2026-03-27T14:07:36.910+0900][41.041s][info][gc,start    ] GC(642) Pause Young (Concurrent Start) (G1 Humongous Allocation)
[2026-03-27T14:07:36.910+0900][41.041s][info][gc,task     ] GC(642) Using 8 workers of 8 for evacuation
[2026-03-27T14:07:36.911+0900][41.041s][info][gc,phases   ] GC(642)   Pre Evacuate Collection Set: 0.1ms
[2026-03-27T14:07:36.911+0900][41.041s][info][gc,phases   ] GC(642)   Merge Heap Roots: 0.1ms
[2026-03-27T14:07:36.911+0900][41.041s][info][gc,phases   ] GC(642)   Evacuate Collection Set: 0.1ms
[2026-03-27T14:07:36.911+0900][41.041s][info][gc,phases   ] GC(642)   Post Evacuate Collection Set: 0.2ms
[2026-03-27T14:07:36.911+0900][41.041s][info][gc,phases   ] GC(642)   Other: 0.1ms
[2026-03-27T14:07:36.911+0900][41.041s][info][gc,heap     ] GC(642) Eden regions: 1->0(197)
[2026-03-27T14:07:36.911+0900][41.041s][info][gc,heap     ] GC(642) Survivor regions: 1->1(25)
[2026-03-27T14:07:36.911+0900][41.041s][info][gc,heap     ] GC(642) Old regions: 1->1
[2026-03-27T14:07:36.911+0900][41.041s][info][gc,heap     ] GC(642) Archive regions: 0->0
[2026-03-27T14:07:36.911+0900][41.041s][info][gc,heap     ] GC(642) Humongous regions: 261->260
[2026-03-27T14:07:36.911+0900][41.041s][info][gc,metaspace] GC(642) Metaspace: 166K(384K)->166K(384K) NonClass: 157K(256K)->157K(256K) Class: 9K(128K)->9K(128K)
[2026-03-27T14:07:36.911+0900][41.041s][info][gc          ] GC(642) Pause Young (Concurrent Start) (G1 Humongous Allocation) 262M->260M(512M) 0.883ms
[2026-03-27T14:07:36.911+0900][41.041s][info][gc,cpu      ] GC(642) User=0.00s Sys=0.00s Real=0.00s
[2026-03-27T14:07:36.911+0900][41.041s][info][gc          ] GC(643) Concurrent Mark Cycle
[2026-03-27T14:07:36.911+0900][41.042s][info][gc,marking  ] GC(643) Concurrent Clear Claimed Marks
[2026-03-27T14:07:36.911+0900][41.042s][info][gc,marking  ] GC(643) Concurrent Clear Claimed Marks 0.022ms
[2026-03-27T14:07:36.911+0900][41.042s][info][gc,marking  ] GC(643) Concurrent Scan Root Regions
[2026-03-27T14:07:36.911+0900][41.042s][info][gc,marking  ] GC(643) Concurrent Scan Root Regions 0.033ms
[2026-03-27T14:07:36.911+0900][41.042s][info][gc,marking  ] GC(643) Concurrent Mark
[2026-03-27T14:07:36.911+0900][41.042s][info][gc,marking  ] GC(643) Concurrent Mark From Roots
[2026-03-27T14:07:36.911+0900][41.042s][info][gc,task     ] GC(643) Using 2 workers of 2 for marking
[2026-03-27T14:07:36.911+0900][41.042s][info][gc,marking  ] GC(643) Concurrent Mark From Roots 0.737ms
[2026-03-27T14:07:36.911+0900][41.042s][info][gc,marking  ] GC(643) Concurrent Preclean
[2026-03-27T14:07:36.911+0900][41.042s][info][gc,marking  ] GC(643) Concurrent Preclean 0.022ms
[2026-03-27T14:07:36.911+0900][41.043s][info][gc,start    ] GC(643) Pause Remark
[2026-03-27T14:07:36.911+0900][41.043s][info][gc          ] GC(643) Pause Remark 263M->263M(512M) 0.460ms
[2026-03-27T14:07:36.911+0900][41.043s][info][gc,cpu      ] GC(643) User=0.00s Sys=0.00s Real=0.00s
[2026-03-27T14:07:36.911+0900][41.043s][info][gc,marking  ] GC(643) Concurrent Mark 1.578ms
[2026-03-27T14:07:36.911+0900][41.043s][info][gc,marking  ] GC(643) Concurrent Rebuild Remembered Sets
[2026-03-27T14:07:36.911+0900][41.044s][info][gc,marking  ] GC(643) Concurrent Rebuild Remembered Sets 0.435ms
[2026-03-27T14:07:36.911+0900][41.044s][info][gc,start    ] GC(643) Pause Cleanup
[2026-03-27T14:07:36.911+0900][41.044s][info][gc          ] GC(643) Pause Cleanup 263M->263M(512M) 0.082ms
[2026-03-27T14:07:36.911+0900][41.044s][info][gc,cpu      ] GC(643) User=0.00s Sys=0.00s Real=0.00s
[2026-03-27T14:07:36.911+0900][41.044s][info][gc,marking  ] GC(643) Concurrent Cleanup for Next Mark
[2026-03-27T14:07:36.911+0900][41.044s][info][gc,marking  ] GC(643) Concurrent Cleanup for Next Mark 0.242ms
[2026-03-27T14:07:36.911+0900][41.044s][info][gc          ] GC(643) Concurrent Mark Cycle 2.787ms
[2026-03-27T14:07:36.974+0900][41.104s][info][gc,start    ] GC(644) Pause Young (Concurrent Start) (G1 Humongous Allocation)
[2026-03-27T14:07:36.974+0900][41.105s][info][gc,task     ] GC(644) Using 8 workers of 8 for evacuation
[2026-03-27T14:07:36.974+0900][41.105s][info][gc,phases   ] GC(644)   Pre Evacuate Collection Set: 0.1ms
[2026-03-27T14:07:36.974+0900][41.105s][info][gc,phases   ] GC(644)   Merge Heap Roots: 0.2ms
[2026-03-27T14:07:36.974+0900][41.105s][info][gc,phases   ] GC(644)   Evacuate Collection Set: 0.1ms
[2026-03-27T14:07:36.974+0900][41.105s][info][gc,phases   ] GC(644)   Post Evacuate Collection Set: 0.3ms
[2026-03-27T14:07:36.974+0900][41.105s][info][gc,phases   ] GC(644)   Other: 0.1ms
[2026-03-27T14:07:36.974+0900][41.105s][info][gc,heap     ] GC(644) Eden regions: 1->0(195)
[2026-03-27T14:07:36.974+0900][41.105s][info][gc,heap     ] GC(644) Survivor regions: 1->1(25)
[2026-03-27T14:07:36.974+0900][41.105s][info][gc,heap     ] GC(644) Old regions: 1->1
[2026-03-27T14:07:36.974+0900][41.105s][info][gc,heap     ] GC(644) Archive regions: 0->0
[2026-03-27T14:07:36.974+0900][41.105s][info][gc,heap     ] GC(644) Humongous regions: 263->262
[2026-03-27T14:07:36.974+0900][41.105s][info][gc,metaspace] GC(644) Metaspace: 166K(384K)->166K(384K) NonClass: 157K(256K)->157K(256K) Class: 9K(128K)->9K(128K)
[2026-03-27T14:07:36.974+0900][41.105s][info][gc          ] GC(644) Pause Young (Concurrent Start) (G1 Humongous Allocation) 264M->262M(512M) 1.099ms
[2026-03-27T14:07:36.974+0900][41.106s][info][gc,cpu      ] GC(644) User=0.00s Sys=0.00s Real=0.00s
[2026-03-27T14:07:36.974+0900][41.106s][info][gc          ] GC(645) Concurrent Mark Cycle
[2026-03-27T14:07:36.974+0900][41.106s][info][gc,marking  ] GC(645) Concurrent Clear Claimed Marks
[2026-03-27T14:07:36.974+0900][41.106s][info][gc,marking  ] GC(645) Concurrent Clear Claimed Marks 0.019ms
[2026-03-27T14:07:36.974+0900][41.106s][info][gc,marking  ] GC(645) Concurrent Scan Root Regions
[2026-03-27T14:07:36.974+0900][41.106s][info][gc,marking  ] GC(645) Concurrent Scan Root Regions 0.140ms
[2026-03-27T14:07:36.974+0900][41.106s][info][gc,marking  ] GC(645) Concurrent Mark
[2026-03-27T14:07:36.974+0900][41.106s][info][gc,marking  ] GC(645) Concurrent Mark From Roots
[2026-03-27T14:07:36.974+0900][41.106s][info][gc,task     ] GC(645) Using 2 workers of 2 for marking
[2026-03-27T14:07:36.974+0900][41.107s][info][gc,marking  ] GC(645) Concurrent Mark From Roots 1.125ms
[2026-03-27T14:07:36.977+0900][41.107s][info][gc,marking  ] GC(645) Concurrent Preclean
[2026-03-27T14:07:36.977+0900][41.107s][info][gc,marking  ] GC(645) Concurrent Preclean 0.014ms
[2026-03-27T14:07:36.977+0900][41.107s][info][gc,start    ] GC(645) Pause Remark
[2026-03-27T14:07:36.977+0900][41.108s][info][gc          ] GC(645) Pause Remark 263M->263M(512M) 0.704ms
[2026-03-27T14:07:36.977+0900][41.108s][info][gc,cpu      ] GC(645) User=0.00s Sys=0.00s Real=0.00s
[2026-03-27T14:07:36.977+0900][41.108s][info][gc,marking  ] GC(645) Concurrent Mark 2.254ms
[2026-03-27T14:07:36.977+0900][41.108s][info][gc,marking  ] GC(645) Concurrent Rebuild Remembered Sets
[2026-03-27T14:07:36.977+0900][41.109s][info][gc,marking  ] GC(645) Concurrent Rebuild Remembered Sets 0.480ms
[2026-03-27T14:07:36.977+0900][41.109s][info][gc,start    ] GC(645) Pause Cleanup
[2026-03-27T14:07:36.977+0900][41.109s][info][gc          ] GC(645) Pause Cleanup 263M->263M(512M) 0.179ms
[2026-03-27T14:07:36.977+0900][41.109s][info][gc,cpu      ] GC(645) User=0.00s Sys=0.00s Real=0.00s
[2026-03-27T14:07:36.977+0900][41.109s][info][gc,marking  ] GC(645) Concurrent Cleanup for Next Mark
[2026-03-27T14:07:36.979+0900][41.109s][info][gc,marking  ] GC(645) Concurrent Cleanup for Next Mark 0.229ms
[2026-03-27T14:07:36.979+0900][41.109s][info][gc          ] GC(645) Concurrent Mark Cycle 3.901ms
[2026-03-27T14:07:37.032+0900][41.163s][info][gc,start    ] GC(646) Pause Young (Concurrent Start) (G1 Humongous Allocation)
[2026-03-27T14:07:37.032+0900][41.163s][info][gc,task     ] GC(646) Using 8 workers of 8 for evacuation
[2026-03-27T14:07:37.032+0900][41.163s][info][gc,phases   ] GC(646)   Pre Evacuate Collection Set: 0.1ms
[2026-03-27T14:07:37.032+0900][41.163s][info][gc,phases   ] GC(646)   Merge Heap Roots: 0.2ms
[2026-03-27T14:07:37.032+0900][41.163s][info][gc,phases   ] GC(646)   Evacuate Collection Set: 0.1ms
[2026-03-27T14:07:37.032+0900][41.163s][info][gc,phases   ] GC(646)   Post Evacuate Collection Set: 0.1ms
[2026-03-27T14:07:37.032+0900][41.163s][info][gc,phases   ] GC(646)   Other: 0.1ms
[2026-03-27T14:07:37.032+0900][41.163s][info][gc,heap     ] GC(646) Eden regions: 1->0(195)
[2026-03-27T14:07:37.032+0900][41.163s][info][gc,heap     ] GC(646) Survivor regions: 1->1(25)
[2026-03-27T14:07:37.032+0900][41.163s][info][gc,heap     ] GC(646) Old regions: 1->1
[2026-03-27T14:07:37.032+0900][41.163s][info][gc,heap     ] GC(646) Archive regions: 0->0
[2026-03-27T14:07:37.032+0900][41.163s][info][gc,heap     ] GC(646) Humongous regions: 263->262
[2026-03-27T14:07:37.032+0900][41.163s][info][gc,metaspace] GC(646) Metaspace: 166K(384K)->166K(384K) NonClass: 157K(256K)->157K(256K) Class: 9K(128K)->9K(128K)
[2026-03-27T14:07:37.032+0900][41.163s][info][gc          ] GC(646) Pause Young (Concurrent Start) (G1 Humongous Allocation) 264M->262M(512M) 0.913ms
[2026-03-27T14:07:37.032+0900][41.163s][info][gc,cpu      ] GC(646) User=0.00s Sys=0.00s Real=0.00s
[2026-03-27T14:07:37.032+0900][41.163s][info][gc          ] GC(647) Concurrent Mark Cycle
[2026-03-27T14:07:37.032+0900][41.164s][info][gc,marking  ] GC(647) Concurrent Clear Claimed Marks
[2026-03-27T14:07:37.032+0900][41.164s][info][gc,marking  ] GC(647) Concurrent Clear Claimed Marks 0.018ms
[2026-03-27T14:07:37.032+0900][41.164s][info][gc,marking  ] GC(647) Concurrent Scan Root Regions
[2026-03-27T14:07:37.032+0900][41.164s][info][gc,marking  ] GC(647) Concurrent Scan Root Regions 0.060ms
[2026-03-27T14:07:37.032+0900][41.164s][info][gc,marking  ] GC(647) Concurrent Mark
[2026-03-27T14:07:37.032+0900][41.164s][info][gc,marking  ] GC(647) Concurrent Mark From Roots
[2026-03-27T14:07:37.032+0900][41.164s][info][gc,task     ] GC(647) Using 2 workers of 2 for marking
[2026-03-27T14:07:37.032+0900][41.165s][info][gc,marking  ] GC(647) Concurrent Mark From Roots 0.911ms
[2026-03-27T14:07:37.032+0900][41.165s][info][gc,marking  ] GC(647) Concurrent Preclean
[2026-03-27T14:07:37.032+0900][41.165s][info][gc,marking  ] GC(647) Concurrent Preclean 0.017ms
[2026-03-27T14:07:37.032+0900][41.165s][info][gc,start    ] GC(647) Pause Remark
[2026-03-27T14:07:37.032+0900][41.165s][info][gc          ] GC(647) Pause Remark 263M->263M(512M) 0.493ms
[2026-03-27T14:07:37.032+0900][41.165s][info][gc,cpu      ] GC(647) User=0.00s Sys=0.08s Real=0.00s
[2026-03-27T14:07:37.032+0900][41.165s][info][gc,marking  ] GC(647) Concurrent Mark 1.633ms
[2026-03-27T14:07:37.032+0900][41.165s][info][gc,marking  ] GC(647) Concurrent Rebuild Remembered Sets
[2026-03-27T14:07:37.032+0900][41.166s][info][gc,marking  ] GC(647) Concurrent Rebuild Remembered Sets 0.594ms
[2026-03-27T14:07:37.032+0900][41.166s][info][gc,start    ] GC(647) Pause Cleanup
[2026-03-27T14:07:37.032+0900][41.166s][info][gc          ] GC(647) Pause Cleanup 263M->263M(512M) 0.162ms
[2026-03-27T14:07:37.032+0900][41.166s][info][gc,cpu      ] GC(647) User=0.00s Sys=0.00s Real=0.00s
[2026-03-27T14:07:37.032+0900][41.166s][info][gc,marking  ] GC(647) Concurrent Cleanup for Next Mark
[2026-03-27T14:07:37.032+0900][41.167s][info][gc,marking  ] GC(647) Concurrent Cleanup for Next Mark 0.363ms
[2026-03-27T14:07:37.032+0900][41.167s][info][gc          ] GC(647) Concurrent Mark Cycle 3.229ms
[2026-03-27T14:07:37.097+0900][41.227s][info][gc,start    ] GC(648) Pause Young (Concurrent Start) (G1 Humongous Allocation)
[2026-03-27T14:07:37.097+0900][41.227s][info][gc,task     ] GC(648) Using 8 workers of 8 for evacuation
[2026-03-27T14:07:37.097+0900][41.228s][info][gc,phases   ] GC(648)   Pre Evacuate Collection Set: 0.1ms
[2026-03-27T14:07:37.097+0900][41.228s][info][gc,phases   ] GC(648)   Merge Heap Roots: 0.1ms
[2026-03-27T14:07:37.097+0900][41.228s][info][gc,phases   ] GC(648)   Evacuate Collection Set: 0.1ms
[2026-03-27T14:07:37.097+0900][41.228s][info][gc,phases   ] GC(648)   Post Evacuate Collection Set: 0.4ms
[2026-03-27T14:07:37.097+0900][41.228s][info][gc,phases   ] GC(648)   Other: 0.1ms
[2026-03-27T14:07:37.097+0900][41.228s][info][gc,heap     ] GC(648) Eden regions: 1->0(195)
[2026-03-27T14:07:37.097+0900][41.228s][info][gc,heap     ] GC(648) Survivor regions: 1->1(25)
[2026-03-27T14:07:37.097+0900][41.228s][info][gc,heap     ] GC(648) Old regions: 1->1
[2026-03-27T14:07:37.097+0900][41.228s][info][gc,heap     ] GC(648) Archive regions: 0->0
[2026-03-27T14:07:37.097+0900][41.228s][info][gc,heap     ] GC(648) Humongous regions: 263->262
[2026-03-27T14:07:37.097+0900][41.228s][info][gc,metaspace] GC(648) Metaspace: 166K(384K)->166K(384K) NonClass: 157K(256K)->157K(256K) Class: 9K(128K)->9K(128K)
[2026-03-27T14:07:37.097+0900][41.228s][info][gc          ] GC(648) Pause Young (Concurrent Start) (G1 Humongous Allocation) 264M->262M(512M) 1.050ms
[2026-03-27T14:07:37.097+0900][41.228s][info][gc,cpu      ] GC(648) User=0.00s Sys=0.02s Real=0.00s
[2026-03-27T14:07:37.097+0900][41.228s][info][gc          ] GC(649) Concurrent Mark Cycle
[2026-03-27T14:07:37.097+0900][41.228s][info][gc,marking  ] GC(649) Concurrent Clear Claimed Marks
[2026-03-27T14:07:37.097+0900][41.228s][info][gc,marking  ] GC(649) Concurrent Clear Claimed Marks 0.014ms
[2026-03-27T14:07:37.097+0900][41.228s][info][gc,marking  ] GC(649) Concurrent Scan Root Regions
[2026-03-27T14:07:37.097+0900][41.228s][info][gc,marking  ] GC(649) Concurrent Scan Root Regions 0.113ms
[2026-03-27T14:07:37.097+0900][41.229s][info][gc,marking  ] GC(649) Concurrent Mark
[2026-03-27T14:07:37.097+0900][41.229s][info][gc,marking  ] GC(649) Concurrent Mark From Roots
[2026-03-27T14:07:37.097+0900][41.229s][info][gc,task     ] GC(649) Using 2 workers of 2 for marking
[2026-03-27T14:07:37.097+0900][41.229s][info][gc,marking  ] GC(649) Concurrent Mark From Roots 0.801ms
[2026-03-27T14:07:37.097+0900][41.229s][info][gc,marking  ] GC(649) Concurrent Preclean
[2026-03-27T14:07:37.097+0900][41.229s][info][gc,marking  ] GC(649) Concurrent Preclean 0.015ms
[2026-03-27T14:07:37.097+0900][41.230s][info][gc,start    ] GC(649) Pause Remark
[2026-03-27T14:07:37.097+0900][41.230s][info][gc          ] GC(649) Pause Remark 263M->263M(512M) 0.556ms
[2026-03-27T14:07:37.097+0900][41.230s][info][gc,cpu      ] GC(649) User=0.00s Sys=0.00s Real=0.00s
[2026-03-27T14:07:37.097+0900][41.230s][info][gc,marking  ] GC(649) Concurrent Mark 1.701ms
[2026-03-27T14:07:37.097+0900][41.230s][info][gc,marking  ] GC(649) Concurrent Rebuild Remembered Sets
[2026-03-27T14:07:37.097+0900][41.231s][info][gc,marking  ] GC(649) Concurrent Rebuild Remembered Sets 0.435ms
[2026-03-27T14:07:37.097+0900][41.231s][info][gc,start    ] GC(649) Pause Cleanup
[2026-03-27T14:07:37.097+0900][41.231s][info][gc          ] GC(649) Pause Cleanup 263M->263M(512M) 0.157ms
[2026-03-27T14:07:37.097+0900][41.231s][info][gc,cpu      ] GC(649) User=0.00s Sys=0.00s Real=0.00s
[2026-03-27T14:07:37.097+0900][41.231s][info][gc,marking  ] GC(649) Concurrent Cleanup for Next Mark
[2026-03-27T14:07:37.097+0900][41.231s][info][gc,marking  ] GC(649) Concurrent Cleanup for Next Mark 0.257ms
[2026-03-27T14:07:37.097+0900][41.231s][info][gc          ] GC(649) Concurrent Mark Cycle 3.043ms
[2026-03-27T14:07:37.160+0900][41.291s][info][gc,start    ] GC(650) Pause Young (Concurrent Start) (G1 Humongous Allocation)
[2026-03-27T14:07:37.160+0900][41.291s][info][gc,task     ] GC(650) Using 8 workers of 8 for evacuation
[2026-03-27T14:07:37.160+0900][41.292s][info][gc,phases   ] GC(650)   Pre Evacuate Collection Set: 0.1ms
[2026-03-27T14:07:37.160+0900][41.292s][info][gc,phases   ] GC(650)   Merge Heap Roots: 0.2ms
[2026-03-27T14:07:37.160+0900][41.292s][info][gc,phases   ] GC(650)   Evacuate Collection Set: 0.1ms
[2026-03-27T14:07:37.160+0900][41.292s][info][gc,phases   ] GC(650)   Post Evacuate Collection Set: 0.3ms
[2026-03-27T14:07:37.160+0900][41.292s][info][gc,phases   ] GC(650)   Other: 0.1ms
[2026-03-27T14:07:37.160+0900][41.292s][info][gc,heap     ] GC(650) Eden regions: 1->0(195)
[2026-03-27T14:07:37.160+0900][41.292s][info][gc,heap     ] GC(650) Survivor regions: 1->1(25)
[2026-03-27T14:07:37.160+0900][41.292s][info][gc,heap     ] GC(650) Old regions: 1->1
[2026-03-27T14:07:37.160+0900][41.292s][info][gc,heap     ] GC(650) Archive regions: 0->0
[2026-03-27T14:07:37.160+0900][41.292s][info][gc,heap     ] GC(650) Humongous regions: 263->262
[2026-03-27T14:07:37.160+0900][41.292s][info][gc,metaspace] GC(650) Metaspace: 166K(384K)->166K(384K) NonClass: 157K(256K)->157K(256K) Class: 9K(128K)->9K(128K)
[2026-03-27T14:07:37.160+0900][41.292s][info][gc          ] GC(650) Pause Young (Concurrent Start) (G1 Humongous Allocation) 264M->262M(512M) 1.074ms
[2026-03-27T14:07:37.160+0900][41.292s][info][gc,cpu      ] GC(650) User=0.00s Sys=0.00s Real=0.00s
[2026-03-27T14:07:37.160+0900][41.292s][info][gc          ] GC(651) Concurrent Mark Cycle
[2026-03-27T14:07:37.160+0900][41.292s][info][gc,marking  ] GC(651) Concurrent Clear Claimed Marks
[2026-03-27T14:07:37.160+0900][41.292s][info][gc,marking  ] GC(651) Concurrent Clear Claimed Marks 0.029ms
[2026-03-27T14:07:37.160+0900][41.292s][info][gc,marking  ] GC(651) Concurrent Scan Root Regions
[2026-03-27T14:07:37.160+0900][41.292s][info][gc,marking  ] GC(651) Concurrent Scan Root Regions 0.134ms
[2026-03-27T14:07:37.160+0900][41.292s][info][gc,marking  ] GC(651) Concurrent Mark
[2026-03-27T14:07:37.160+0900][41.292s][info][gc,marking  ] GC(651) Concurrent Mark From Roots
[2026-03-27T14:07:37.160+0900][41.292s][info][gc,task     ] GC(651) Using 2 workers of 2 for marking
[2026-03-27T14:07:37.160+0900][41.293s][info][gc,marking  ] GC(651) Concurrent Mark From Roots 0.829ms
[2026-03-27T14:07:37.160+0900][41.293s][info][gc,marking  ] GC(651) Concurrent Preclean
[2026-03-27T14:07:37.160+0900][41.293s][info][gc,marking  ] GC(651) Concurrent Preclean 0.014ms
[2026-03-27T14:07:37.160+0900][41.293s][info][gc,start    ] GC(651) Pause Remark
[2026-03-27T14:07:37.160+0900][41.294s][info][gc          ] GC(651) Pause Remark 263M->263M(512M) 0.786ms
[2026-03-27T14:07:37.160+0900][41.294s][info][gc,cpu      ] GC(651) User=0.00s Sys=0.00s Real=0.00s
[2026-03-27T14:07:37.160+0900][41.294s][info][gc,marking  ] GC(651) Concurrent Mark 2.028ms
[2026-03-27T14:07:37.160+0900][41.294s][info][gc,marking  ] GC(651) Concurrent Rebuild Remembered Sets
[2026-03-27T14:07:37.160+0900][41.295s][info][gc,marking  ] GC(651) Concurrent Rebuild Remembered Sets 0.487ms
[2026-03-27T14:07:37.160+0900][41.295s][info][gc,start    ] GC(651) Pause Cleanup
[2026-03-27T14:07:37.160+0900][41.295s][info][gc          ] GC(651) Pause Cleanup 263M->263M(512M) 0.180ms
[2026-03-27T14:07:37.160+0900][41.295s][info][gc,cpu      ] GC(651) User=0.00s Sys=0.00s Real=0.00s
[2026-03-27T14:07:37.160+0900][41.295s][info][gc,marking  ] GC(651) Concurrent Cleanup for Next Mark
[2026-03-27T14:07:37.160+0900][41.296s][info][gc,marking  ] GC(651) Concurrent Cleanup for Next Mark 0.307ms
[2026-03-27T14:07:37.160+0900][41.296s][info][gc          ] GC(651) Concurrent Mark Cycle 3.749ms
[2026-03-27T14:07:37.224+0900][41.354s][info][gc,start    ] GC(652) Pause Young (Concurrent Start) (G1 Humongous Allocation)
[2026-03-27T14:07:37.224+0900][41.354s][info][gc,task     ] GC(652) Using 8 workers of 8 for evacuation
[2026-03-27T14:07:37.224+0900][41.355s][info][gc,phases   ] GC(652)   Pre Evacuate Collection Set: 0.2ms
[2026-03-27T14:07:37.224+0900][41.355s][info][gc,phases   ] GC(652)   Merge Heap Roots: 0.2ms
[2026-03-27T14:07:37.224+0900][41.355s][info][gc,phases   ] GC(652)   Evacuate Collection Set: 0.3ms
[2026-03-27T14:07:37.224+0900][41.355s][info][gc,phases   ] GC(652)   Post Evacuate Collection Set: 0.6ms
[2026-03-27T14:07:37.224+0900][41.355s][info][gc,phases   ] GC(652)   Other: 0.2ms
[2026-03-27T14:07:37.224+0900][41.355s][info][gc,heap     ] GC(652) Eden regions: 1->0(195)
[2026-03-27T14:07:37.224+0900][41.355s][info][gc,heap     ] GC(652) Survivor regions: 1->1(25)
[2026-03-27T14:07:37.224+0900][41.355s][info][gc,heap     ] GC(652) Old regions: 1->1
[2026-03-27T14:07:37.224+0900][41.355s][info][gc,heap     ] GC(652) Archive regions: 0->0
[2026-03-27T14:07:37.224+0900][41.355s][info][gc,heap     ] GC(652) Humongous regions: 263->262
[2026-03-27T14:07:37.224+0900][41.355s][info][gc,metaspace] GC(652) Metaspace: 166K(384K)->166K(384K) NonClass: 157K(256K)->157K(256K) Class: 9K(128K)->9K(128K)
[2026-03-27T14:07:37.224+0900][41.355s][info][gc          ] GC(652) Pause Young (Concurrent Start) (G1 Humongous Allocation) 264M->262M(512M) 1.677ms
[2026-03-27T14:07:37.224+0900][41.355s][info][gc,cpu      ] GC(652) User=0.00s Sys=0.00s Real=0.00s
[2026-03-27T14:07:37.224+0900][41.356s][info][gc          ] GC(653) Concurrent Mark Cycle
[2026-03-27T14:07:37.224+0900][41.356s][info][gc,marking  ] GC(653) Concurrent Clear Claimed Marks
[2026-03-27T14:07:37.224+0900][41.356s][info][gc,marking  ] GC(653) Concurrent Clear Claimed Marks 0.018ms
[2026-03-27T14:07:37.224+0900][41.356s][info][gc,marking  ] GC(653) Concurrent Scan Root Regions
[2026-03-27T14:07:37.224+0900][41.356s][info][gc,marking  ] GC(653) Concurrent Scan Root Regions 0.093ms
[2026-03-27T14:07:37.224+0900][41.356s][info][gc,marking  ] GC(653) Concurrent Mark
[2026-03-27T14:07:37.224+0900][41.356s][info][gc,marking  ] GC(653) Concurrent Mark From Roots
[2026-03-27T14:07:37.224+0900][41.356s][info][gc,task     ] GC(653) Using 2 workers of 2 for marking
[2026-03-27T14:07:37.224+0900][41.357s][info][gc,marking  ] GC(653) Concurrent Mark From Roots 0.708ms
[2026-03-27T14:07:37.224+0900][41.357s][info][gc,marking  ] GC(653) Concurrent Preclean
[2026-03-27T14:07:37.224+0900][41.357s][info][gc,marking  ] GC(653) Concurrent Preclean 0.012ms
[2026-03-27T14:07:37.224+0900][41.357s][info][gc,start    ] GC(653) Pause Remark
[2026-03-27T14:07:37.224+0900][41.357s][info][gc          ] GC(653) Pause Remark 265M->265M(512M) 0.265ms
[2026-03-27T14:07:37.224+0900][41.357s][info][gc,cpu      ] GC(653) User=0.00s Sys=0.00s Real=0.00s
[2026-03-27T14:07:37.224+0900][41.357s][info][gc,marking  ] GC(653) Concurrent Mark 1.147ms
[2026-03-27T14:07:37.224+0900][41.357s][info][gc,marking  ] GC(653) Concurrent Rebuild Remembered Sets
[2026-03-27T14:07:37.224+0900][41.357s][info][gc,marking  ] GC(653) Concurrent Rebuild Remembered Sets 0.387ms
[2026-03-27T14:07:37.224+0900][41.357s][info][gc,start    ] GC(653) Pause Cleanup
[2026-03-27T14:07:37.224+0900][41.358s][info][gc          ] GC(653) Pause Cleanup 265M->265M(512M) 0.107ms
[2026-03-27T14:07:37.224+0900][41.358s][info][gc,cpu      ] GC(653) User=0.00s Sys=0.00s Real=0.00s
[2026-03-27T14:07:37.224+0900][41.358s][info][gc,marking  ] GC(653) Concurrent Cleanup for Next Mark
[2026-03-27T14:07:37.224+0900][41.358s][info][gc,marking  ] GC(653) Concurrent Cleanup for Next Mark 0.235ms
[2026-03-27T14:07:37.224+0900][41.358s][info][gc          ] GC(653) Concurrent Mark Cycle 2.300ms
[2026-03-27T14:07:37.287+0900][41.417s][info][gc,start    ] GC(654) Pause Young (Concurrent Start) (G1 Humongous Allocation)
[2026-03-27T14:07:37.287+0900][41.418s][info][gc,task     ] GC(654) Using 8 workers of 8 for evacuation
[2026-03-27T14:07:37.288+0900][41.418s][info][gc,phases   ] GC(654)   Pre Evacuate Collection Set: 0.1ms
[2026-03-27T14:07:37.288+0900][41.418s][info][gc,phases   ] GC(654)   Merge Heap Roots: 0.1ms
[2026-03-27T14:07:37.288+0900][41.418s][info][gc,phases   ] GC(654)   Evacuate Collection Set: 0.1ms
[2026-03-27T14:07:37.288+0900][41.418s][info][gc,phases   ] GC(654)   Post Evacuate Collection Set: 0.3ms
[2026-03-27T14:07:37.288+0900][41.418s][info][gc,phases   ] GC(654)   Other: 0.1ms
[2026-03-27T14:07:37.288+0900][41.418s][info][gc,heap     ] GC(654) Eden regions: 1->0(193)
[2026-03-27T14:07:37.288+0900][41.418s][info][gc,heap     ] GC(654) Survivor regions: 1->1(25)
[2026-03-27T14:07:37.288+0900][41.418s][info][gc,heap     ] GC(654) Old regions: 1->1
[2026-03-27T14:07:37.288+0900][41.418s][info][gc,heap     ] GC(654) Archive regions: 0->0
[2026-03-27T14:07:37.288+0900][41.418s][info][gc,heap     ] GC(654) Humongous regions: 265->264
[2026-03-27T14:07:37.288+0900][41.418s][info][gc,metaspace] GC(654) Metaspace: 166K(384K)->166K(384K) NonClass: 157K(256K)->157K(256K) Class: 9K(128K)->9K(128K)
[2026-03-27T14:07:37.288+0900][41.418s][info][gc          ] GC(654) Pause Young (Concurrent Start) (G1 Humongous Allocation) 266M->264M(512M) 1.061ms
[2026-03-27T14:07:37.288+0900][41.418s][info][gc,cpu      ] GC(654) User=0.00s Sys=0.00s Real=0.00s
[2026-03-27T14:07:37.288+0900][41.419s][info][gc          ] GC(655) Concurrent Mark Cycle
[2026-03-27T14:07:37.288+0900][41.419s][info][gc,marking  ] GC(655) Concurrent Clear Claimed Marks
[2026-03-27T14:07:37.288+0900][41.419s][info][gc,marking  ] GC(655) Concurrent Clear Claimed Marks 0.016ms
[2026-03-27T14:07:37.288+0900][41.419s][info][gc,marking  ] GC(655) Concurrent Scan Root Regions
[2026-03-27T14:07:37.288+0900][41.419s][info][gc,marking  ] GC(655) Concurrent Scan Root Regions 0.044ms
[2026-03-27T14:07:37.288+0900][41.419s][info][gc,marking  ] GC(655) Concurrent Mark
[2026-03-27T14:07:37.288+0900][41.419s][info][gc,marking  ] GC(655) Concurrent Mark From Roots
[2026-03-27T14:07:37.288+0900][41.419s][info][gc,task     ] GC(655) Using 2 workers of 2 for marking
[2026-03-27T14:07:37.288+0900][41.420s][info][gc,marking  ] GC(655) Concurrent Mark From Roots 0.970ms
[2026-03-27T14:07:37.288+0900][41.420s][info][gc,marking  ] GC(655) Concurrent Preclean
[2026-03-27T14:07:37.288+0900][41.420s][info][gc,marking  ] GC(655) Concurrent Preclean 0.014ms
[2026-03-27T14:07:37.288+0900][41.420s][info][gc,start    ] GC(655) Pause Remark
[2026-03-27T14:07:37.288+0900][41.420s][info][gc          ] GC(655) Pause Remark 265M->265M(512M) 0.613ms
[2026-03-27T14:07:37.288+0900][41.421s][info][gc,cpu      ] GC(655) User=0.00s Sys=0.00s Real=0.00s
[2026-03-27T14:07:37.288+0900][41.421s][info][gc,marking  ] GC(655) Concurrent Mark 1.896ms
[2026-03-27T14:07:37.288+0900][41.421s][info][gc,marking  ] GC(655) Concurrent Rebuild Remembered Sets
[2026-03-27T14:07:37.288+0900][41.421s][info][gc,marking  ] GC(655) Concurrent Rebuild Remembered Sets 0.587ms
[2026-03-27T14:07:37.288+0900][41.422s][info][gc,start    ] GC(655) Pause Cleanup
[2026-03-27T14:07:37.288+0900][41.422s][info][gc          ] GC(655) Pause Cleanup 265M->265M(512M) 0.125ms
[2026-03-27T14:07:37.288+0900][41.422s][info][gc,cpu      ] GC(655) User=0.00s Sys=0.00s Real=0.00s
[2026-03-27T14:07:37.288+0900][41.422s][info][gc,marking  ] GC(655) Concurrent Cleanup for Next Mark
[2026-03-27T14:07:37.288+0900][41.422s][info][gc,marking  ] GC(655) Concurrent Cleanup for Next Mark 0.303ms
[2026-03-27T14:07:37.288+0900][41.422s][info][gc          ] GC(655) Concurrent Mark Cycle 3.615ms
[2026-03-27T14:07:37.350+0900][41.481s][info][gc,start    ] GC(656) Pause Young (Concurrent Start) (G1 Humongous Allocation)
[2026-03-27T14:07:37.350+0900][41.481s][info][gc,task     ] GC(656) Using 8 workers of 8 for evacuation
[2026-03-27T14:07:37.350+0900][41.481s][info][gc,phases   ] GC(656)   Pre Evacuate Collection Set: 0.1ms
[2026-03-27T14:07:37.350+0900][41.481s][info][gc,phases   ] GC(656)   Merge Heap Roots: 0.1ms
[2026-03-27T14:07:37.350+0900][41.481s][info][gc,phases   ] GC(656)   Evacuate Collection Set: 0.1ms
[2026-03-27T14:07:37.350+0900][41.481s][info][gc,phases   ] GC(656)   Post Evacuate Collection Set: 0.2ms
[2026-03-27T14:07:37.350+0900][41.481s][info][gc,phases   ] GC(656)   Other: 0.1ms
[2026-03-27T14:07:37.350+0900][41.481s][info][gc,heap     ] GC(656) Eden regions: 1->0(193)
[2026-03-27T14:07:37.350+0900][41.481s][info][gc,heap     ] GC(656) Survivor regions: 1->1(25)
[2026-03-27T14:07:37.350+0900][41.481s][info][gc,heap     ] GC(656) Old regions: 1->1
[2026-03-27T14:07:37.350+0900][41.481s][info][gc,heap     ] GC(656) Archive regions: 0->0
[2026-03-27T14:07:37.350+0900][41.481s][info][gc,heap     ] GC(656) Humongous regions: 265->264
[2026-03-27T14:07:37.350+0900][41.482s][info][gc,metaspace] GC(656) Metaspace: 166K(384K)->166K(384K) NonClass: 157K(256K)->157K(256K) Class: 9K(128K)->9K(128K)
[2026-03-27T14:07:37.350+0900][41.482s][info][gc          ] GC(656) Pause Young (Concurrent Start) (G1 Humongous Allocation) 266M->264M(512M) 1.032ms
[2026-03-27T14:07:37.350+0900][41.482s][info][gc,cpu      ] GC(656) User=0.00s Sys=0.00s Real=0.00s
[2026-03-27T14:07:37.350+0900][41.482s][info][gc          ] GC(657) Concurrent Mark Cycle
[2026-03-27T14:07:37.350+0900][41.482s][info][gc,marking  ] GC(657) Concurrent Clear Claimed Marks
[2026-03-27T14:07:37.350+0900][41.482s][info][gc,marking  ] GC(657) Concurrent Clear Claimed Marks 0.019ms
[2026-03-27T14:07:37.350+0900][41.482s][info][gc,marking  ] GC(657) Concurrent Scan Root Regions
[2026-03-27T14:07:37.350+0900][41.482s][info][gc,marking  ] GC(657) Concurrent Scan Root Regions 0.118ms
[2026-03-27T14:07:37.350+0900][41.482s][info][gc,marking  ] GC(657) Concurrent Mark
[2026-03-27T14:07:37.350+0900][41.482s][info][gc,marking  ] GC(657) Concurrent Mark From Roots
[2026-03-27T14:07:37.350+0900][41.482s][info][gc,task     ] GC(657) Using 2 workers of 2 for marking
[2026-03-27T14:07:37.352+0900][41.483s][info][gc,marking  ] GC(657) Concurrent Mark From Roots 1.086ms
[2026-03-27T14:07:37.352+0900][41.483s][info][gc,marking  ] GC(657) Concurrent Preclean
[2026-03-27T14:07:37.352+0900][41.483s][info][gc,marking  ] GC(657) Concurrent Preclean 0.013ms
[2026-03-27T14:07:37.352+0900][41.483s][info][gc,start    ] GC(657) Pause Remark
[2026-03-27T14:07:37.352+0900][41.484s][info][gc          ] GC(657) Pause Remark 265M->265M(512M) 0.817ms
[2026-03-27T14:07:37.352+0900][41.484s][info][gc,cpu      ] GC(657) User=0.00s Sys=0.00s Real=0.00s
[2026-03-27T14:07:37.352+0900][41.484s][info][gc,marking  ] GC(657) Concurrent Mark 2.314ms
[2026-03-27T14:07:37.352+0900][41.484s][info][gc,marking  ] GC(657) Concurrent Rebuild Remembered Sets
[2026-03-27T14:07:37.354+0900][41.485s][info][gc,marking  ] GC(657) Concurrent Rebuild Remembered Sets 0.408ms
[2026-03-27T14:07:37.354+0900][41.485s][info][gc,start    ] GC(657) Pause Cleanup
[2026-03-27T14:07:37.354+0900][41.485s][info][gc          ] GC(657) Pause Cleanup 265M->265M(512M) 0.312ms
[2026-03-27T14:07:37.354+0900][41.485s][info][gc,cpu      ] GC(657) User=0.00s Sys=0.00s Real=0.00s
[2026-03-27T14:07:37.354+0900][41.485s][info][gc,marking  ] GC(657) Concurrent Cleanup for Next Mark
[2026-03-27T14:07:37.354+0900][41.486s][info][gc,marking  ] GC(657) Concurrent Cleanup for Next Mark 0.236ms
[2026-03-27T14:07:37.354+0900][41.486s][info][gc          ] GC(657) Concurrent Mark Cycle 3.923ms
[2026-03-27T14:07:37.414+0900][41.544s][info][gc,start    ] GC(658) Pause Young (Concurrent Start) (G1 Humongous Allocation)
[2026-03-27T14:07:37.414+0900][41.544s][info][gc,task     ] GC(658) Using 8 workers of 8 for evacuation
[2026-03-27T14:07:37.414+0900][41.545s][info][gc,phases   ] GC(658)   Pre Evacuate Collection Set: 0.1ms
[2026-03-27T14:07:37.414+0900][41.545s][info][gc,phases   ] GC(658)   Merge Heap Roots: 0.2ms
[2026-03-27T14:07:37.414+0900][41.545s][info][gc,phases   ] GC(658)   Evacuate Collection Set: 0.1ms
[2026-03-27T14:07:37.414+0900][41.545s][info][gc,phases   ] GC(658)   Post Evacuate Collection Set: 0.4ms
[2026-03-27T14:07:37.414+0900][41.545s][info][gc,phases   ] GC(658)   Other: 0.2ms
[2026-03-27T14:07:37.414+0900][41.545s][info][gc,heap     ] GC(658) Eden regions: 1->0(193)
[2026-03-27T14:07:37.414+0900][41.545s][info][gc,heap     ] GC(658) Survivor regions: 1->1(25)
[2026-03-27T14:07:37.414+0900][41.545s][info][gc,heap     ] GC(658) Old regions: 1->1
[2026-03-27T14:07:37.414+0900][41.545s][info][gc,heap     ] GC(658) Archive regions: 0->0
[2026-03-27T14:07:37.414+0900][41.545s][info][gc,heap     ] GC(658) Humongous regions: 265->264
[2026-03-27T14:07:37.414+0900][41.545s][info][gc,metaspace] GC(658) Metaspace: 166K(384K)->166K(384K) NonClass: 157K(256K)->157K(256K) Class: 9K(128K)->9K(128K)
[2026-03-27T14:07:37.414+0900][41.545s][info][gc          ] GC(658) Pause Young (Concurrent Start) (G1 Humongous Allocation) 266M->264M(512M) 1.302ms
[2026-03-27T14:07:37.414+0900][41.545s][info][gc,cpu      ] GC(658) User=0.00s Sys=0.00s Real=0.00s
[2026-03-27T14:07:37.414+0900][41.545s][info][gc          ] GC(659) Concurrent Mark Cycle
[2026-03-27T14:07:37.414+0900][41.545s][info][gc,marking  ] GC(659) Concurrent Clear Claimed Marks
[2026-03-27T14:07:37.414+0900][41.545s][info][gc,marking  ] GC(659) Concurrent Clear Claimed Marks 0.013ms
[2026-03-27T14:07:37.414+0900][41.545s][info][gc,marking  ] GC(659) Concurrent Scan Root Regions
[2026-03-27T14:07:37.414+0900][41.545s][info][gc,marking  ] GC(659) Concurrent Scan Root Regions 0.027ms
[2026-03-27T14:07:37.414+0900][41.545s][info][gc,marking  ] GC(659) Concurrent Mark
[2026-03-27T14:07:37.414+0900][41.545s][info][gc,marking  ] GC(659) Concurrent Mark From Roots
[2026-03-27T14:07:37.414+0900][41.545s][info][gc,task     ] GC(659) Using 2 workers of 2 for marking
[2026-03-27T14:07:37.416+0900][41.547s][info][gc,marking  ] GC(659) Concurrent Mark From Roots 1.127ms
[2026-03-27T14:07:37.416+0900][41.547s][info][gc,marking  ] GC(659) Concurrent Preclean
[2026-03-27T14:07:37.416+0900][41.547s][info][gc,marking  ] GC(659) Concurrent Preclean 0.015ms
[2026-03-27T14:07:37.416+0900][41.547s][info][gc,start    ] GC(659) Pause Remark
[2026-03-27T14:07:37.416+0900][41.547s][info][gc          ] GC(659) Pause Remark 265M->265M(512M) 0.312ms
[2026-03-27T14:07:37.416+0900][41.547s][info][gc,cpu      ] GC(659) User=0.00s Sys=0.00s Real=0.00s
[2026-03-27T14:07:37.416+0900][41.547s][info][gc,marking  ] GC(659) Concurrent Mark 1.696ms
[2026-03-27T14:07:37.416+0900][41.547s][info][gc,marking  ] GC(659) Concurrent Rebuild Remembered Sets
[2026-03-27T14:07:37.416+0900][41.548s][info][gc,marking  ] GC(659) Concurrent Rebuild Remembered Sets 0.405ms
[2026-03-27T14:07:37.416+0900][41.548s][info][gc,start    ] GC(659) Pause Cleanup
[2026-03-27T14:07:37.416+0900][41.548s][info][gc          ] GC(659) Pause Cleanup 265M->265M(512M) 0.064ms
[2026-03-27T14:07:37.416+0900][41.548s][info][gc,cpu      ] GC(659) User=0.00s Sys=0.00s Real=0.00s
[2026-03-27T14:07:37.416+0900][41.548s][info][gc,marking  ] GC(659) Concurrent Cleanup for Next Mark
[2026-03-27T14:07:37.418+0900][41.548s][info][gc,marking  ] GC(659) Concurrent Cleanup for Next Mark 0.180ms
[2026-03-27T14:07:37.418+0900][41.548s][info][gc          ] GC(659) Concurrent Mark Cycle 2.637ms
[2026-03-27T14:07:37.477+0900][41.607s][info][gc,start    ] GC(660) Pause Young (Concurrent Start) (G1 Humongous Allocation)
[2026-03-27T14:07:37.477+0900][41.607s][info][gc,task     ] GC(660) Using 8 workers of 8 for evacuation
[2026-03-27T14:07:37.477+0900][41.608s][info][gc,phases   ] GC(660)   Pre Evacuate Collection Set: 0.1ms
[2026-03-27T14:07:37.477+0900][41.608s][info][gc,phases   ] GC(660)   Merge Heap Roots: 0.1ms
[2026-03-27T14:07:37.477+0900][41.608s][info][gc,phases   ] GC(660)   Evacuate Collection Set: 0.2ms
[2026-03-27T14:07:37.477+0900][41.608s][info][gc,phases   ] GC(660)   Post Evacuate Collection Set: 0.4ms
[2026-03-27T14:07:37.477+0900][41.608s][info][gc,phases   ] GC(660)   Other: 0.1ms
[2026-03-27T14:07:37.477+0900][41.608s][info][gc,heap     ] GC(660) Eden regions: 1->0(193)
[2026-03-27T14:07:37.477+0900][41.608s][info][gc,heap     ] GC(660) Survivor regions: 1->1(25)
[2026-03-27T14:07:37.477+0900][41.608s][info][gc,heap     ] GC(660) Old regions: 1->1
[2026-03-27T14:07:37.477+0900][41.608s][info][gc,heap     ] GC(660) Archive regions: 0->0
[2026-03-27T14:07:37.477+0900][41.608s][info][gc,heap     ] GC(660) Humongous regions: 265->264
[2026-03-27T14:07:37.477+0900][41.608s][info][gc,metaspace] GC(660) Metaspace: 166K(384K)->166K(384K) NonClass: 157K(256K)->157K(256K) Class: 9K(128K)->9K(128K)
[2026-03-27T14:07:37.477+0900][41.608s][info][gc          ] GC(660) Pause Young (Concurrent Start) (G1 Humongous Allocation) 266M->264M(512M) 1.275ms
[2026-03-27T14:07:37.477+0900][41.608s][info][gc,cpu      ] GC(660) User=0.00s Sys=0.00s Real=0.00s
[2026-03-27T14:07:37.477+0900][41.608s][info][gc          ] GC(661) Concurrent Mark Cycle
[2026-03-27T14:07:37.477+0900][41.608s][info][gc,marking  ] GC(661) Concurrent Clear Claimed Marks
[2026-03-27T14:07:37.477+0900][41.608s][info][gc,marking  ] GC(661) Concurrent Clear Claimed Marks 0.015ms
[2026-03-27T14:07:37.477+0900][41.608s][info][gc,marking  ] GC(661) Concurrent Scan Root Regions
[2026-03-27T14:07:37.477+0900][41.609s][info][gc,marking  ] GC(661) Concurrent Scan Root Regions 0.112ms
[2026-03-27T14:07:37.477+0900][41.609s][info][gc,marking  ] GC(661) Concurrent Mark
[2026-03-27T14:07:37.477+0900][41.609s][info][gc,marking  ] GC(661) Concurrent Mark From Roots
[2026-03-27T14:07:37.477+0900][41.609s][info][gc,task     ] GC(661) Using 2 workers of 2 for marking
[2026-03-27T14:07:37.479+0900][41.609s][info][gc,marking  ] GC(661) Concurrent Mark From Roots 0.818ms
[2026-03-27T14:07:37.479+0900][41.609s][info][gc,marking  ] GC(661) Concurrent Preclean
[2026-03-27T14:07:37.479+0900][41.609s][info][gc,marking  ] GC(661) Concurrent Preclean 0.013ms
[2026-03-27T14:07:37.479+0900][41.610s][info][gc,start    ] GC(661) Pause Remark
[2026-03-27T14:07:37.479+0900][41.610s][info][gc          ] GC(661) Pause Remark 265M->265M(512M) 0.832ms
[2026-03-27T14:07:37.479+0900][41.610s][info][gc,cpu      ] GC(661) User=0.00s Sys=0.00s Real=0.00s
[2026-03-27T14:07:37.479+0900][41.611s][info][gc,marking  ] GC(661) Concurrent Mark 2.001ms
[2026-03-27T14:07:37.479+0900][41.611s][info][gc,marking  ] GC(661) Concurrent Rebuild Remembered Sets
[2026-03-27T14:07:37.481+0900][41.611s][info][gc,marking  ] GC(661) Concurrent Rebuild Remembered Sets 0.470ms
[2026-03-27T14:07:37.481+0900][41.611s][info][gc,start    ] GC(661) Pause Cleanup
[2026-03-27T14:07:37.481+0900][41.611s][info][gc          ] GC(661) Pause Cleanup 265M->265M(512M) 0.112ms
[2026-03-27T14:07:37.481+0900][41.611s][info][gc,cpu      ] GC(661) User=0.00s Sys=0.00s Real=0.00s
[2026-03-27T14:07:37.481+0900][41.611s][info][gc,marking  ] GC(661) Concurrent Cleanup for Next Mark
[2026-03-27T14:07:37.481+0900][41.612s][info][gc,marking  ] GC(661) Concurrent Cleanup for Next Mark 0.219ms
[2026-03-27T14:07:37.481+0900][41.612s][info][gc          ] GC(661) Concurrent Mark Cycle 3.271ms
[2026-03-27T14:07:37.540+0900][41.670s][info][gc,start    ] GC(662) Pause Young (Concurrent Start) (G1 Humongous Allocation)
[2026-03-27T14:07:37.540+0900][41.670s][info][gc,task     ] GC(662) Using 8 workers of 8 for evacuation
[2026-03-27T14:07:37.541+0900][41.671s][info][gc,phases   ] GC(662)   Pre Evacuate Collection Set: 0.1ms
[2026-03-27T14:07:37.541+0900][41.671s][info][gc,phases   ] GC(662)   Merge Heap Roots: 0.1ms
[2026-03-27T14:07:37.541+0900][41.671s][info][gc,phases   ] GC(662)   Evacuate Collection Set: 0.1ms
[2026-03-27T14:07:37.541+0900][41.671s][info][gc,phases   ] GC(662)   Post Evacuate Collection Set: 0.1ms
[2026-03-27T14:07:37.541+0900][41.671s][info][gc,phases   ] GC(662)   Other: 0.1ms
[2026-03-27T14:07:37.541+0900][41.671s][info][gc,heap     ] GC(662) Eden regions: 1->0(193)
[2026-03-27T14:07:37.541+0900][41.671s][info][gc,heap     ] GC(662) Survivor regions: 1->1(25)
[2026-03-27T14:07:37.541+0900][41.671s][info][gc,heap     ] GC(662) Old regions: 1->1
[2026-03-27T14:07:37.541+0900][41.671s][info][gc,heap     ] GC(662) Archive regions: 0->0
[2026-03-27T14:07:37.541+0900][41.671s][info][gc,heap     ] GC(662) Humongous regions: 265->264
[2026-03-27T14:07:37.541+0900][41.671s][info][gc,metaspace] GC(662) Metaspace: 166K(384K)->166K(384K) NonClass: 157K(256K)->157K(256K) Class: 9K(128K)->9K(128K)
[2026-03-27T14:07:37.541+0900][41.671s][info][gc          ] GC(662) Pause Young (Concurrent Start) (G1 Humongous Allocation) 266M->264M(512M) 0.962ms
[2026-03-27T14:07:37.541+0900][41.671s][info][gc,cpu      ] GC(662) User=0.00s Sys=0.00s Real=0.00s
[2026-03-27T14:07:37.541+0900][41.671s][info][gc          ] GC(663) Concurrent Mark Cycle
[2026-03-27T14:07:37.541+0900][41.671s][info][gc,marking  ] GC(663) Concurrent Clear Claimed Marks
[2026-03-27T14:07:37.541+0900][41.671s][info][gc,marking  ] GC(663) Concurrent Clear Claimed Marks 0.027ms
[2026-03-27T14:07:37.541+0900][41.671s][info][gc,marking  ] GC(663) Concurrent Scan Root Regions
[2026-03-27T14:07:37.541+0900][41.671s][info][gc,marking  ] GC(663) Concurrent Scan Root Regions 0.050ms
[2026-03-27T14:07:37.541+0900][41.672s][info][gc,marking  ] GC(663) Concurrent Mark
[2026-03-27T14:07:37.541+0900][41.672s][info][gc,marking  ] GC(663) Concurrent Mark From Roots
[2026-03-27T14:07:37.541+0900][41.672s][info][gc,task     ] GC(663) Using 2 workers of 2 for marking
[2026-03-27T14:07:37.541+0900][41.673s][info][gc,marking  ] GC(663) Concurrent Mark From Roots 1.238ms
[2026-03-27T14:07:37.541+0900][41.673s][info][gc,marking  ] GC(663) Concurrent Preclean
[2026-03-27T14:07:37.541+0900][41.673s][info][gc,marking  ] GC(663) Concurrent Preclean 0.020ms
[2026-03-27T14:07:37.541+0900][41.673s][info][gc,start    ] GC(663) Pause Remark
[2026-03-27T14:07:37.541+0900][41.673s][info][gc          ] GC(663) Pause Remark 267M->267M(512M) 0.341ms
[2026-03-27T14:07:37.541+0900][41.673s][info][gc,cpu      ] GC(663) User=0.00s Sys=0.00s Real=0.00s
[2026-03-27T14:07:37.541+0900][41.673s][info][gc,marking  ] GC(663) Concurrent Mark 1.825ms
[2026-03-27T14:07:37.541+0900][41.673s][info][gc,marking  ] GC(663) Concurrent Rebuild Remembered Sets
[2026-03-27T14:07:37.541+0900][41.674s][info][gc,marking  ] GC(663) Concurrent Rebuild Remembered Sets 0.551ms
[2026-03-27T14:07:37.541+0900][41.674s][info][gc,start    ] GC(663) Pause Cleanup
[2026-03-27T14:07:37.541+0900][41.674s][info][gc          ] GC(663) Pause Cleanup 267M->267M(512M) 0.125ms
[2026-03-27T14:07:37.541+0900][41.674s][info][gc,cpu      ] GC(663) User=0.00s Sys=0.00s Real=0.00s
[2026-03-27T14:07:37.541+0900][41.674s][info][gc,marking  ] GC(663) Concurrent Cleanup for Next Mark
[2026-03-27T14:07:37.541+0900][41.675s][info][gc,marking  ] GC(663) Concurrent Cleanup for Next Mark 0.507ms
[2026-03-27T14:07:37.541+0900][41.675s][info][gc          ] GC(663) Concurrent Mark Cycle 3.719ms
[2026-03-27T14:07:37.606+0900][41.737s][info][gc,start    ] GC(664) Pause Young (Concurrent Start) (G1 Humongous Allocation)
[2026-03-27T14:07:37.606+0900][41.737s][info][gc,task     ] GC(664) Using 8 workers of 8 for evacuation
[2026-03-27T14:07:37.606+0900][41.739s][info][gc,phases   ] GC(664)   Pre Evacuate Collection Set: 0.2ms
[2026-03-27T14:07:37.606+0900][41.739s][info][gc,phases   ] GC(664)   Merge Heap Roots: 0.3ms
[2026-03-27T14:07:37.606+0900][41.739s][info][gc,phases   ] GC(664)   Evacuate Collection Set: 0.3ms
[2026-03-27T14:07:37.606+0900][41.739s][info][gc,phases   ] GC(664)   Post Evacuate Collection Set: 1.0ms
[2026-03-27T14:07:37.606+0900][41.739s][info][gc,phases   ] GC(664)   Other: 0.3ms
[2026-03-27T14:07:37.606+0900][41.739s][info][gc,heap     ] GC(664) Eden regions: 1->0(191)
[2026-03-27T14:07:37.606+0900][41.739s][info][gc,heap     ] GC(664) Survivor regions: 1->1(25)
[2026-03-27T14:07:37.606+0900][41.739s][info][gc,heap     ] GC(664) Old regions: 1->1
[2026-03-27T14:07:37.606+0900][41.739s][info][gc,heap     ] GC(664) Archive regions: 0->0
[2026-03-27T14:07:37.606+0900][41.739s][info][gc,heap     ] GC(664) Humongous regions: 267->266
[2026-03-27T14:07:37.606+0900][41.739s][info][gc,metaspace] GC(664) Metaspace: 166K(384K)->166K(384K) NonClass: 157K(256K)->157K(256K) Class: 9K(128K)->9K(128K)
[2026-03-27T14:07:37.606+0900][41.739s][info][gc          ] GC(664) Pause Young (Concurrent Start) (G1 Humongous Allocation) 268M->266M(512M) 2.831ms
[2026-03-27T14:07:37.606+0900][41.739s][info][gc,cpu      ] GC(664) User=0.00s Sys=0.00s Real=0.00s
[2026-03-27T14:07:37.606+0900][41.740s][info][gc          ] GC(665) Concurrent Mark Cycle
[2026-03-27T14:07:37.606+0900][41.740s][info][gc,marking  ] GC(665) Concurrent Clear Claimed Marks
[2026-03-27T14:07:37.606+0900][41.740s][info][gc,marking  ] GC(665) Concurrent Clear Claimed Marks 0.041ms
[2026-03-27T14:07:37.606+0900][41.740s][info][gc,marking  ] GC(665) Concurrent Scan Root Regions
[2026-03-27T14:07:37.606+0900][41.740s][info][gc,marking  ] GC(665) Concurrent Scan Root Regions 0.182ms
[2026-03-27T14:07:37.606+0900][41.740s][info][gc,marking  ] GC(665) Concurrent Mark
[2026-03-27T14:07:37.606+0900][41.740s][info][gc,marking  ] GC(665) Concurrent Mark From Roots
[2026-03-27T14:07:37.606+0900][41.740s][info][gc,task     ] GC(665) Using 2 workers of 2 for marking
[2026-03-27T14:07:37.606+0900][41.742s][info][gc,marking  ] GC(665) Concurrent Mark From Roots 1.902ms
[2026-03-27T14:07:37.606+0900][41.742s][info][gc,marking  ] GC(665) Concurrent Preclean
[2026-03-27T14:07:37.606+0900][41.742s][info][gc,marking  ] GC(665) Concurrent Preclean 0.039ms
[2026-03-27T14:07:37.606+0900][41.743s][info][gc,start    ] GC(665) Pause Remark
[2026-03-27T14:07:37.606+0900][41.744s][info][gc          ] GC(665) Pause Remark 267M->267M(512M) 1.542ms
[2026-03-27T14:07:37.606+0900][41.744s][info][gc,cpu      ] GC(665) User=0.00s Sys=0.00s Real=0.00s
[2026-03-27T14:07:37.606+0900][41.744s][info][gc,marking  ] GC(665) Concurrent Mark 4.269ms
[2026-03-27T14:07:37.606+0900][41.744s][info][gc,marking  ] GC(665) Concurrent Rebuild Remembered Sets
[2026-03-27T14:07:37.606+0900][41.745s][info][gc,marking  ] GC(665) Concurrent Rebuild Remembered Sets 0.881ms
[2026-03-27T14:07:37.606+0900][41.746s][info][gc,start    ] GC(665) Pause Cleanup
[2026-03-27T14:07:37.606+0900][41.746s][info][gc          ] GC(665) Pause Cleanup 267M->267M(512M) 0.311ms
[2026-03-27T14:07:37.606+0900][41.746s][info][gc,cpu      ] GC(665) User=0.00s Sys=0.00s Real=0.00s
[2026-03-27T14:07:37.606+0900][41.746s][info][gc,marking  ] GC(665) Concurrent Cleanup for Next Mark
[2026-03-27T14:07:37.606+0900][41.747s][info][gc,marking  ] GC(665) Concurrent Cleanup for Next Mark 0.610ms
[2026-03-27T14:07:37.606+0900][41.747s][info][gc          ] GC(665) Concurrent Mark Cycle 7.326ms
[2026-03-27T14:07:37.670+0900][41.800s][info][gc,start    ] GC(666) Pause Young (Concurrent Start) (G1 Humongous Allocation)
[2026-03-27T14:07:37.670+0900][41.800s][info][gc,task     ] GC(666) Using 8 workers of 8 for evacuation
[2026-03-27T14:07:37.670+0900][41.803s][info][gc,phases   ] GC(666)   Pre Evacuate Collection Set: 0.6ms
[2026-03-27T14:07:37.670+0900][41.803s][info][gc,phases   ] GC(666)   Merge Heap Roots: 0.3ms
[2026-03-27T14:07:37.670+0900][41.803s][info][gc,phases   ] GC(666)   Evacuate Collection Set: 0.3ms
[2026-03-27T14:07:37.670+0900][41.803s][info][gc,phases   ] GC(666)   Post Evacuate Collection Set: 0.9ms
[2026-03-27T14:07:37.670+0900][41.803s][info][gc,phases   ] GC(666)   Other: 0.2ms
[2026-03-27T14:07:37.670+0900][41.803s][info][gc,heap     ] GC(666) Eden regions: 1->0(191)
[2026-03-27T14:07:37.670+0900][41.803s][info][gc,heap     ] GC(666) Survivor regions: 1->1(24)
[2026-03-27T14:07:37.670+0900][41.803s][info][gc,heap     ] GC(666) Old regions: 1->1
[2026-03-27T14:07:37.670+0900][41.803s][info][gc,heap     ] GC(666) Archive regions: 0->0
[2026-03-27T14:07:37.670+0900][41.803s][info][gc,heap     ] GC(666) Humongous regions: 267->266
[2026-03-27T14:07:37.670+0900][41.803s][info][gc,metaspace] GC(666) Metaspace: 166K(384K)->166K(384K) NonClass: 157K(256K)->157K(256K) Class: 9K(128K)->9K(128K)
[2026-03-27T14:07:37.670+0900][41.803s][info][gc          ] GC(666) Pause Young (Concurrent Start) (G1 Humongous Allocation) 268M->266M(512M) 3.062ms
[2026-03-27T14:07:37.670+0900][41.803s][info][gc,cpu      ] GC(666) User=0.00s Sys=0.00s Real=0.00s
[2026-03-27T14:07:37.670+0900][41.803s][info][gc          ] GC(667) Concurrent Mark Cycle
[2026-03-27T14:07:37.670+0900][41.804s][info][gc,marking  ] GC(667) Concurrent Clear Claimed Marks
[2026-03-27T14:07:37.670+0900][41.804s][info][gc,marking  ] GC(667) Concurrent Clear Claimed Marks 0.042ms
[2026-03-27T14:07:37.670+0900][41.804s][info][gc,marking  ] GC(667) Concurrent Scan Root Regions
[2026-03-27T14:07:37.670+0900][41.804s][info][gc,marking  ] GC(667) Concurrent Scan Root Regions 0.242ms
[2026-03-27T14:07:37.670+0900][41.804s][info][gc,marking  ] GC(667) Concurrent Mark
[2026-03-27T14:07:37.670+0900][41.804s][info][gc,marking  ] GC(667) Concurrent Mark From Roots
[2026-03-27T14:07:37.670+0900][41.804s][info][gc,task     ] GC(667) Using 2 workers of 2 for marking
[2026-03-27T14:07:37.670+0900][41.806s][info][gc,marking  ] GC(667) Concurrent Mark From Roots 2.121ms
[2026-03-27T14:07:37.670+0900][41.806s][info][gc,marking  ] GC(667) Concurrent Preclean
[2026-03-27T14:07:37.670+0900][41.806s][info][gc,marking  ] GC(667) Concurrent Preclean 0.046ms
[2026-03-27T14:07:37.670+0900][41.807s][info][gc,start    ] GC(667) Pause Remark
[2026-03-27T14:07:37.670+0900][41.808s][info][gc          ] GC(667) Pause Remark 267M->267M(512M) 1.592ms
[2026-03-27T14:07:37.670+0900][41.809s][info][gc,cpu      ] GC(667) User=0.00s Sys=0.00s Real=0.00s
[2026-03-27T14:07:37.670+0900][41.809s][info][gc,marking  ] GC(667) Concurrent Mark 4.579ms
[2026-03-27T14:07:37.670+0900][41.809s][info][gc,marking  ] GC(667) Concurrent Rebuild Remembered Sets
[2026-03-27T14:07:37.670+0900][41.810s][info][gc,marking  ] GC(667) Concurrent Rebuild Remembered Sets 0.980ms
[2026-03-27T14:07:37.670+0900][41.810s][info][gc,start    ] GC(667) Pause Cleanup
[2026-03-27T14:07:37.670+0900][41.810s][info][gc          ] GC(667) Pause Cleanup 267M->267M(512M) 0.261ms
[2026-03-27T14:07:37.670+0900][41.810s][info][gc,cpu      ] GC(667) User=0.00s Sys=0.00s Real=0.00s
[2026-03-27T14:07:37.670+0900][41.810s][info][gc,marking  ] GC(667) Concurrent Cleanup for Next Mark
[2026-03-27T14:07:37.670+0900][41.811s][info][gc,marking  ] GC(667) Concurrent Cleanup for Next Mark 0.483ms
[2026-03-27T14:07:37.670+0900][41.811s][info][gc          ] GC(667) Concurrent Mark Cycle 7.407ms
[2026-03-27T14:07:37.733+0900][41.864s][info][gc,start    ] GC(668) Pause Young (Concurrent Start) (G1 Humongous Allocation)
[2026-03-27T14:07:37.733+0900][41.864s][info][gc,task     ] GC(668) Using 8 workers of 8 for evacuation
[2026-03-27T14:07:37.735+0900][41.866s][info][gc,phases   ] GC(668)   Pre Evacuate Collection Set: 0.3ms
[2026-03-27T14:07:37.735+0900][41.866s][info][gc,phases   ] GC(668)   Merge Heap Roots: 0.4ms
[2026-03-27T14:07:37.735+0900][41.866s][info][gc,phases   ] GC(668)   Evacuate Collection Set: 0.4ms
[2026-03-27T14:07:37.735+0900][41.866s][info][gc,phases   ] GC(668)   Post Evacuate Collection Set: 0.7ms
[2026-03-27T14:07:37.735+0900][41.866s][info][gc,phases   ] GC(668)   Other: 0.2ms
[2026-03-27T14:07:37.735+0900][41.866s][info][gc,heap     ] GC(668) Eden regions: 1->0(191)
[2026-03-27T14:07:37.735+0900][41.866s][info][gc,heap     ] GC(668) Survivor regions: 1->1(24)
[2026-03-27T14:07:37.735+0900][41.866s][info][gc,heap     ] GC(668) Old regions: 1->1
[2026-03-27T14:07:37.735+0900][41.866s][info][gc,heap     ] GC(668) Archive regions: 0->0
[2026-03-27T14:07:37.735+0900][41.866s][info][gc,heap     ] GC(668) Humongous regions: 267->266
[2026-03-27T14:07:37.735+0900][41.866s][info][gc,metaspace] GC(668) Metaspace: 166K(384K)->166K(384K) NonClass: 157K(256K)->157K(256K) Class: 9K(128K)->9K(128K)
[2026-03-27T14:07:37.735+0900][41.866s][info][gc          ] GC(668) Pause Young (Concurrent Start) (G1 Humongous Allocation) 268M->266M(512M) 2.591ms
[2026-03-27T14:07:37.735+0900][41.867s][info][gc,cpu      ] GC(668) User=0.00s Sys=0.00s Real=0.00s
[2026-03-27T14:07:37.735+0900][41.867s][info][gc          ] GC(669) Concurrent Mark Cycle
[2026-03-27T14:07:37.735+0900][41.867s][info][gc,marking  ] GC(669) Concurrent Clear Claimed Marks
[2026-03-27T14:07:37.735+0900][41.867s][info][gc,marking  ] GC(669) Concurrent Clear Claimed Marks 0.038ms
[2026-03-27T14:07:37.735+0900][41.867s][info][gc,marking  ] GC(669) Concurrent Scan Root Regions
[2026-03-27T14:07:37.735+0900][41.867s][info][gc,marking  ] GC(669) Concurrent Scan Root Regions 0.240ms
[2026-03-27T14:07:37.735+0900][41.867s][info][gc,marking  ] GC(669) Concurrent Mark
[2026-03-27T14:07:37.735+0900][41.867s][info][gc,marking  ] GC(669) Concurrent Mark From Roots
[2026-03-27T14:07:37.735+0900][41.867s][info][gc,task     ] GC(669) Using 2 workers of 2 for marking
[2026-03-27T14:07:37.735+0900][41.869s][info][gc,marking  ] GC(669) Concurrent Mark From Roots 2.144ms
[2026-03-27T14:07:37.735+0900][41.869s][info][gc,marking  ] GC(669) Concurrent Preclean
[2026-03-27T14:07:37.735+0900][41.869s][info][gc,marking  ] GC(669) Concurrent Preclean 0.068ms
[2026-03-27T14:07:37.735+0900][41.870s][info][gc,start    ] GC(669) Pause Remark
[2026-03-27T14:07:37.735+0900][41.871s][info][gc          ] GC(669) Pause Remark 267M->267M(512M) 1.280ms
[2026-03-27T14:07:37.735+0900][41.871s][info][gc,cpu      ] GC(669) User=0.00s Sys=0.00s Real=0.00s
[2026-03-27T14:07:37.735+0900][41.871s][info][gc,marking  ] GC(669) Concurrent Mark 4.328ms
[2026-03-27T14:07:37.735+0900][41.872s][info][gc,marking  ] GC(669) Concurrent Rebuild Remembered Sets
[2026-03-27T14:07:37.735+0900][41.872s][info][gc,marking  ] GC(669) Concurrent Rebuild Remembered Sets 0.908ms
[2026-03-27T14:07:37.735+0900][41.873s][info][gc,start    ] GC(669) Pause Cleanup
[2026-03-27T14:07:37.735+0900][41.873s][info][gc          ] GC(669) Pause Cleanup 267M->267M(512M) 0.266ms
[2026-03-27T14:07:37.735+0900][41.873s][info][gc,cpu      ] GC(669) User=0.00s Sys=0.00s Real=0.00s
[2026-03-27T14:07:37.735+0900][41.873s][info][gc,marking  ] GC(669) Concurrent Cleanup for Next Mark
[2026-03-27T14:07:37.735+0900][41.874s][info][gc,marking  ] GC(669) Concurrent Cleanup for Next Mark 0.395ms
[2026-03-27T14:07:37.735+0900][41.874s][info][gc          ] GC(669) Concurrent Mark Cycle 7.062ms
[2026-03-27T14:07:37.797+0900][41.927s][info][gc,start    ] GC(670) Pause Young (Concurrent Start) (G1 Humongous Allocation)
[2026-03-27T14:07:37.797+0900][41.927s][info][gc,task     ] GC(670) Using 8 workers of 8 for evacuation
[2026-03-27T14:07:37.797+0900][41.928s][info][gc,phases   ] GC(670)   Pre Evacuate Collection Set: 0.1ms
[2026-03-27T14:07:37.797+0900][41.928s][info][gc,phases   ] GC(670)   Merge Heap Roots: 0.2ms
[2026-03-27T14:07:37.797+0900][41.928s][info][gc,phases   ] GC(670)   Evacuate Collection Set: 0.2ms
[2026-03-27T14:07:37.797+0900][41.928s][info][gc,phases   ] GC(670)   Post Evacuate Collection Set: 0.4ms
[2026-03-27T14:07:37.797+0900][41.928s][info][gc,phases   ] GC(670)   Other: 0.2ms
[2026-03-27T14:07:37.797+0900][41.928s][info][gc,heap     ] GC(670) Eden regions: 1->0(191)
[2026-03-27T14:07:37.797+0900][41.928s][info][gc,heap     ] GC(670) Survivor regions: 1->1(24)
[2026-03-27T14:07:37.797+0900][41.928s][info][gc,heap     ] GC(670) Old regions: 1->1
[2026-03-27T14:07:37.797+0900][41.928s][info][gc,heap     ] GC(670) Archive regions: 0->0
[2026-03-27T14:07:37.797+0900][41.928s][info][gc,heap     ] GC(670) Humongous regions: 267->266
[2026-03-27T14:07:37.797+0900][41.928s][info][gc,metaspace] GC(670) Metaspace: 166K(384K)->166K(384K) NonClass: 157K(256K)->157K(256K) Class: 9K(128K)->9K(128K)
[2026-03-27T14:07:37.797+0900][41.928s][info][gc          ] GC(670) Pause Young (Concurrent Start) (G1 Humongous Allocation) 268M->266M(512M) 1.387ms
[2026-03-27T14:07:37.797+0900][41.928s][info][gc,cpu      ] GC(670) User=0.00s Sys=0.00s Real=0.00s
[2026-03-27T14:07:37.797+0900][41.928s][info][gc          ] GC(671) Concurrent Mark Cycle
[2026-03-27T14:07:37.797+0900][41.929s][info][gc,marking  ] GC(671) Concurrent Clear Claimed Marks
[2026-03-27T14:07:37.797+0900][41.929s][info][gc,marking  ] GC(671) Concurrent Clear Claimed Marks 0.013ms
[2026-03-27T14:07:37.797+0900][41.929s][info][gc,marking  ] GC(671) Concurrent Scan Root Regions
[2026-03-27T14:07:37.797+0900][41.929s][info][gc,marking  ] GC(671) Concurrent Scan Root Regions 0.035ms
[2026-03-27T14:07:37.797+0900][41.929s][info][gc,marking  ] GC(671) Concurrent Mark
[2026-03-27T14:07:37.797+0900][41.929s][info][gc,marking  ] GC(671) Concurrent Mark From Roots
[2026-03-27T14:07:37.797+0900][41.929s][info][gc,task     ] GC(671) Using 2 workers of 2 for marking
[2026-03-27T14:07:37.797+0900][41.929s][info][gc,marking  ] GC(671) Concurrent Mark From Roots 0.720ms
[2026-03-27T14:07:37.797+0900][41.929s][info][gc,marking  ] GC(671) Concurrent Preclean
[2026-03-27T14:07:37.797+0900][41.929s][info][gc,marking  ] GC(671) Concurrent Preclean 0.020ms
[2026-03-27T14:07:37.797+0900][41.930s][info][gc,start    ] GC(671) Pause Remark
[2026-03-27T14:07:37.797+0900][41.930s][info][gc          ] GC(671) Pause Remark 267M->267M(512M) 0.474ms
[2026-03-27T14:07:37.797+0900][41.930s][info][gc,cpu      ] GC(671) User=0.00s Sys=0.00s Real=0.00s
[2026-03-27T14:07:37.797+0900][41.930s][info][gc,marking  ] GC(671) Concurrent Mark 1.464ms
[2026-03-27T14:07:37.797+0900][41.930s][info][gc,marking  ] GC(671) Concurrent Rebuild Remembered Sets
[2026-03-27T14:07:37.797+0900][41.931s][info][gc,marking  ] GC(671) Concurrent Rebuild Remembered Sets 0.416ms
[2026-03-27T14:07:37.797+0900][41.931s][info][gc,start    ] GC(671) Pause Cleanup
[2026-03-27T14:07:37.797+0900][41.931s][info][gc          ] GC(671) Pause Cleanup 267M->267M(512M) 0.068ms
[2026-03-27T14:07:37.797+0900][41.931s][info][gc,cpu      ] GC(671) User=0.00s Sys=0.00s Real=0.00s
[2026-03-27T14:07:37.797+0900][41.931s][info][gc,marking  ] GC(671) Concurrent Cleanup for Next Mark
[2026-03-27T14:07:37.797+0900][41.931s][info][gc,marking  ] GC(671) Concurrent Cleanup for Next Mark 0.228ms
[2026-03-27T14:07:37.797+0900][41.931s][info][gc          ] GC(671) Concurrent Mark Cycle 2.511ms
[2026-03-27T14:07:37.860+0900][41.991s][info][gc,start    ] GC(672) Pause Young (Concurrent Start) (G1 Humongous Allocation)
[2026-03-27T14:07:37.860+0900][41.991s][info][gc,task     ] GC(672) Using 8 workers of 8 for evacuation
[2026-03-27T14:07:37.860+0900][41.993s][info][gc,phases   ] GC(672)   Pre Evacuate Collection Set: 0.2ms
[2026-03-27T14:07:37.860+0900][41.994s][info][gc,phases   ] GC(672)   Merge Heap Roots: 0.4ms
[2026-03-27T14:07:37.860+0900][41.994s][info][gc,phases   ] GC(672)   Evacuate Collection Set: 0.4ms
[2026-03-27T14:07:37.860+0900][41.994s][info][gc,phases   ] GC(672)   Post Evacuate Collection Set: 1.0ms
[2026-03-27T14:07:37.860+0900][41.994s][info][gc,phases   ] GC(672)   Other: 0.4ms
[2026-03-27T14:07:37.860+0900][41.994s][info][gc,heap     ] GC(672) Eden regions: 1->0(191)
[2026-03-27T14:07:37.860+0900][41.994s][info][gc,heap     ] GC(672) Survivor regions: 1->1(24)
[2026-03-27T14:07:37.860+0900][41.994s][info][gc,heap     ] GC(672) Old regions: 1->1
[2026-03-27T14:07:37.860+0900][41.994s][info][gc,heap     ] GC(672) Archive regions: 0->0
[2026-03-27T14:07:37.860+0900][41.994s][info][gc,heap     ] GC(672) Humongous regions: 267->266
[2026-03-27T14:07:37.860+0900][41.994s][info][gc,metaspace] GC(672) Metaspace: 166K(384K)->166K(384K) NonClass: 157K(256K)->157K(256K) Class: 9K(128K)->9K(128K)
[2026-03-27T14:07:37.860+0900][41.994s][info][gc          ] GC(672) Pause Young (Concurrent Start) (G1 Humongous Allocation) 268M->266M(512M) 3.058ms
[2026-03-27T14:07:37.860+0900][41.994s][info][gc,cpu      ] GC(672) User=0.00s Sys=0.00s Real=0.00s
[2026-03-27T14:07:37.860+0900][41.994s][info][gc          ] GC(673) Concurrent Mark Cycle
[2026-03-27T14:07:37.860+0900][41.994s][info][gc,marking  ] GC(673) Concurrent Clear Claimed Marks
[2026-03-27T14:07:37.860+0900][41.994s][info][gc,marking  ] GC(673) Concurrent Clear Claimed Marks 0.042ms
[2026-03-27T14:07:37.860+0900][41.994s][info][gc,marking  ] GC(673) Concurrent Scan Root Regions
[2026-03-27T14:07:37.860+0900][41.994s][info][gc,marking  ] GC(673) Concurrent Scan Root Regions 0.224ms
[2026-03-27T14:07:37.860+0900][41.995s][info][gc,marking  ] GC(673) Concurrent Mark
[2026-03-27T14:07:37.860+0900][41.995s][info][gc,marking  ] GC(673) Concurrent Mark From Roots
[2026-03-27T14:07:37.860+0900][41.995s][info][gc,task     ] GC(673) Using 2 workers of 2 for marking
[2026-03-27T14:07:37.860+0900][41.997s][info][gc,marking  ] GC(673) Concurrent Mark From Roots 1.926ms
[2026-03-27T14:07:37.860+0900][41.997s][info][gc,marking  ] GC(673) Concurrent Preclean
[2026-03-27T14:07:37.860+0900][41.997s][info][gc,marking  ] GC(673) Concurrent Preclean 0.038ms
[2026-03-27T14:07:37.860+0900][41.997s][info][gc,start    ] GC(673) Pause Remark
[2026-03-27T14:07:37.868+0900][41.998s][info][gc          ] GC(673) Pause Remark 269M->269M(512M) 1.140ms
[2026-03-27T14:07:37.868+0900][41.998s][info][gc,cpu      ] GC(673) User=0.00s Sys=0.00s Real=0.01s
[2026-03-27T14:07:37.868+0900][41.998s][info][gc,marking  ] GC(673) Concurrent Mark 3.794ms
[2026-03-27T14:07:37.868+0900][41.998s][info][gc,marking  ] GC(673) Concurrent Rebuild Remembered Sets
[2026-03-27T14:07:37.868+0900][41.999s][info][gc,marking  ] GC(673) Concurrent Rebuild Remembered Sets 0.890ms
[2026-03-27T14:07:37.868+0900][42.000s][info][gc,start    ] GC(673) Pause Cleanup
[2026-03-27T14:07:37.868+0900][42.000s][info][gc          ] GC(673) Pause Cleanup 269M->269M(512M) 0.241ms
[2026-03-27T14:07:37.868+0900][42.000s][info][gc,cpu      ] GC(673) User=0.00s Sys=0.00s Real=0.00s
[2026-03-27T14:07:37.868+0900][42.000s][info][gc,marking  ] GC(673) Concurrent Cleanup for Next Mark
[2026-03-27T14:07:37.868+0900][42.001s][info][gc,marking  ] GC(673) Concurrent Cleanup for Next Mark 0.441ms
[2026-03-27T14:07:37.868+0900][42.001s][info][gc          ] GC(673) Concurrent Mark Cycle 6.548ms
[2026-03-27T14:07:37.925+0900][42.055s][info][gc,start    ] GC(674) Pause Young (Concurrent Start) (G1 Humongous Allocation)
[2026-03-27T14:07:37.925+0900][42.056s][info][gc,task     ] GC(674) Using 8 workers of 8 for evacuation
[2026-03-27T14:07:37.925+0900][42.058s][info][gc,phases   ] GC(674)   Pre Evacuate Collection Set: 0.3ms
[2026-03-27T14:07:37.925+0900][42.058s][info][gc,phases   ] GC(674)   Merge Heap Roots: 0.3ms
[2026-03-27T14:07:37.925+0900][42.058s][info][gc,phases   ] GC(674)   Evacuate Collection Set: 0.3ms
[2026-03-27T14:07:37.925+0900][42.058s][info][gc,phases   ] GC(674)   Post Evacuate Collection Set: 1.1ms
[2026-03-27T14:07:37.925+0900][42.058s][info][gc,phases   ] GC(674)   Other: 0.2ms
[2026-03-27T14:07:37.925+0900][42.058s][info][gc,heap     ] GC(674) Eden regions: 1->0(189)
[2026-03-27T14:07:37.925+0900][42.058s][info][gc,heap     ] GC(674) Survivor regions: 1->1(24)
[2026-03-27T14:07:37.925+0900][42.058s][info][gc,heap     ] GC(674) Old regions: 1->1
[2026-03-27T14:07:37.925+0900][42.058s][info][gc,heap     ] GC(674) Archive regions: 0->0
[2026-03-27T14:07:37.925+0900][42.058s][info][gc,heap     ] GC(674) Humongous regions: 269->268
[2026-03-27T14:07:37.925+0900][42.058s][info][gc,metaspace] GC(674) Metaspace: 166K(384K)->166K(384K) NonClass: 157K(256K)->157K(256K) Class: 9K(128K)->9K(128K)
[2026-03-27T14:07:37.925+0900][42.058s][info][gc          ] GC(674) Pause Young (Concurrent Start) (G1 Humongous Allocation) 270M->268M(512M) 2.903ms
[2026-03-27T14:07:37.925+0900][42.058s][info][gc,cpu      ] GC(674) User=0.11s Sys=0.02s Real=0.00s
[2026-03-27T14:07:37.925+0900][42.058s][info][gc          ] GC(675) Concurrent Mark Cycle
[2026-03-27T14:07:37.925+0900][42.059s][info][gc,marking  ] GC(675) Concurrent Clear Claimed Marks
[2026-03-27T14:07:37.925+0900][42.059s][info][gc,marking  ] GC(675) Concurrent Clear Claimed Marks 0.042ms
[2026-03-27T14:07:37.925+0900][42.059s][info][gc,marking  ] GC(675) Concurrent Scan Root Regions
[2026-03-27T14:07:37.925+0900][42.059s][info][gc,marking  ] GC(675) Concurrent Scan Root Regions 0.154ms
[2026-03-27T14:07:37.925+0900][42.059s][info][gc,marking  ] GC(675) Concurrent Mark
[2026-03-27T14:07:37.925+0900][42.059s][info][gc,marking  ] GC(675) Concurrent Mark From Roots
[2026-03-27T14:07:37.925+0900][42.059s][info][gc,task     ] GC(675) Using 2 workers of 2 for marking
[2026-03-27T14:07:37.925+0900][42.061s][info][gc,marking  ] GC(675) Concurrent Mark From Roots 2.024ms
[2026-03-27T14:07:37.925+0900][42.061s][info][gc,marking  ] GC(675) Concurrent Preclean
[2026-03-27T14:07:37.925+0900][42.061s][info][gc,marking  ] GC(675) Concurrent Preclean 0.044ms
[2026-03-27T14:07:37.925+0900][42.062s][info][gc,start    ] GC(675) Pause Remark
[2026-03-27T14:07:37.925+0900][42.063s][info][gc          ] GC(675) Pause Remark 269M->269M(512M) 1.609ms
[2026-03-27T14:07:37.925+0900][42.063s][info][gc,cpu      ] GC(675) User=0.00s Sys=0.00s Real=0.00s
[2026-03-27T14:07:37.925+0900][42.063s][info][gc,marking  ] GC(675) Concurrent Mark 4.598ms
[2026-03-27T14:07:37.925+0900][42.064s][info][gc,marking  ] GC(675) Concurrent Rebuild Remembered Sets
[2026-03-27T14:07:37.925+0900][42.065s][info][gc,marking  ] GC(675) Concurrent Rebuild Remembered Sets 1.068ms
[2026-03-27T14:07:37.925+0900][42.065s][info][gc,start    ] GC(675) Pause Cleanup
[2026-03-27T14:07:37.925+0900][42.065s][info][gc          ] GC(675) Pause Cleanup 269M->269M(512M) 0.296ms
[2026-03-27T14:07:37.925+0900][42.066s][info][gc,cpu      ] GC(675) User=0.00s Sys=0.00s Real=0.00s
[2026-03-27T14:07:37.925+0900][42.066s][info][gc,marking  ] GC(675) Concurrent Cleanup for Next Mark
[2026-03-27T14:07:37.925+0900][42.066s][info][gc,marking  ] GC(675) Concurrent Cleanup for Next Mark 0.732ms
[2026-03-27T14:07:37.925+0900][42.067s][info][gc          ] GC(675) Concurrent Mark Cycle 8.112ms
[2026-03-27T14:07:37.989+0900][42.119s][info][gc,start    ] GC(676) Pause Young (Concurrent Start) (G1 Humongous Allocation)
[2026-03-27T14:07:37.989+0900][42.119s][info][gc,task     ] GC(676) Using 8 workers of 8 for evacuation
[2026-03-27T14:07:37.989+0900][42.121s][info][gc,phases   ] GC(676)   Pre Evacuate Collection Set: 0.2ms
[2026-03-27T14:07:37.989+0900][42.121s][info][gc,phases   ] GC(676)   Merge Heap Roots: 0.4ms
[2026-03-27T14:07:37.989+0900][42.122s][info][gc,phases   ] GC(676)   Evacuate Collection Set: 0.3ms
[2026-03-27T14:07:37.989+0900][42.122s][info][gc,phases   ] GC(676)   Post Evacuate Collection Set: 0.8ms
[2026-03-27T14:07:37.989+0900][42.122s][info][gc,phases   ] GC(676)   Other: 0.3ms
[2026-03-27T14:07:37.989+0900][42.122s][info][gc,heap     ] GC(676) Eden regions: 1->0(189)
[2026-03-27T14:07:37.989+0900][42.122s][info][gc,heap     ] GC(676) Survivor regions: 1->1(24)
[2026-03-27T14:07:37.989+0900][42.122s][info][gc,heap     ] GC(676) Old regions: 1->1
[2026-03-27T14:07:37.989+0900][42.122s][info][gc,heap     ] GC(676) Archive regions: 0->0
[2026-03-27T14:07:37.989+0900][42.122s][info][gc,heap     ] GC(676) Humongous regions: 269->268
[2026-03-27T14:07:37.989+0900][42.122s][info][gc,metaspace] GC(676) Metaspace: 166K(384K)->166K(384K) NonClass: 157K(256K)->157K(256K) Class: 9K(128K)->9K(128K)
[2026-03-27T14:07:37.989+0900][42.122s][info][gc          ] GC(676) Pause Young (Concurrent Start) (G1 Humongous Allocation) 270M->268M(512M) 2.653ms
[2026-03-27T14:07:37.989+0900][42.122s][info][gc,cpu      ] GC(676) User=0.00s Sys=0.00s Real=0.00s
[2026-03-27T14:07:37.989+0900][42.122s][info][gc          ] GC(677) Concurrent Mark Cycle
[2026-03-27T14:07:37.989+0900][42.122s][info][gc,marking  ] GC(677) Concurrent Clear Claimed Marks
[2026-03-27T14:07:37.989+0900][42.122s][info][gc,marking  ] GC(677) Concurrent Clear Claimed Marks 0.035ms
[2026-03-27T14:07:37.989+0900][42.122s][info][gc,marking  ] GC(677) Concurrent Scan Root Regions
[2026-03-27T14:07:37.989+0900][42.122s][info][gc,marking  ] GC(677) Concurrent Scan Root Regions 0.153ms
[2026-03-27T14:07:37.989+0900][42.122s][info][gc,marking  ] GC(677) Concurrent Mark
[2026-03-27T14:07:37.989+0900][42.122s][info][gc,marking  ] GC(677) Concurrent Mark From Roots
[2026-03-27T14:07:37.989+0900][42.122s][info][gc,task     ] GC(677) Using 2 workers of 2 for marking
[2026-03-27T14:07:37.989+0900][42.124s][info][gc,marking  ] GC(677) Concurrent Mark From Roots 1.497ms
[2026-03-27T14:07:37.989+0900][42.124s][info][gc,marking  ] GC(677) Concurrent Preclean
[2026-03-27T14:07:37.989+0900][42.124s][info][gc,marking  ] GC(677) Concurrent Preclean 0.029ms
[2026-03-27T14:07:37.989+0900][42.124s][info][gc,start    ] GC(677) Pause Remark
[2026-03-27T14:07:37.989+0900][42.126s][info][gc          ] GC(677) Pause Remark 269M->269M(512M) 1.226ms
[2026-03-27T14:07:37.989+0900][42.126s][info][gc,cpu      ] GC(677) User=0.00s Sys=0.00s Real=0.00s
[2026-03-27T14:07:37.989+0900][42.126s][info][gc,marking  ] GC(677) Concurrent Mark 3.394ms
[2026-03-27T14:07:37.989+0900][42.126s][info][gc,marking  ] GC(677) Concurrent Rebuild Remembered Sets
[2026-03-27T14:07:37.989+0900][42.127s][info][gc,marking  ] GC(677) Concurrent Rebuild Remembered Sets 0.864ms
[2026-03-27T14:07:37.989+0900][42.127s][info][gc,start    ] GC(677) Pause Cleanup
[2026-03-27T14:07:37.989+0900][42.127s][info][gc          ] GC(677) Pause Cleanup 269M->269M(512M) 0.262ms
[2026-03-27T14:07:37.989+0900][42.127s][info][gc,cpu      ] GC(677) User=0.00s Sys=0.00s Real=0.00s
[2026-03-27T14:07:37.989+0900][42.127s][info][gc,marking  ] GC(677) Concurrent Cleanup for Next Mark
[2026-03-27T14:07:37.989+0900][42.128s][info][gc,marking  ] GC(677) Concurrent Cleanup for Next Mark 0.538ms
[2026-03-27T14:07:37.989+0900][42.128s][info][gc          ] GC(677) Concurrent Mark Cycle 6.122ms
[2026-03-27T14:07:38.052+0900][42.183s][info][gc,start    ] GC(678) Pause Young (Concurrent Start) (G1 Humongous Allocation)
[2026-03-27T14:07:38.052+0900][42.183s][info][gc,task     ] GC(678) Using 8 workers of 8 for evacuation
[2026-03-27T14:07:38.052+0900][42.184s][info][gc,phases   ] GC(678)   Pre Evacuate Collection Set: 0.2ms
[2026-03-27T14:07:38.052+0900][42.184s][info][gc,phases   ] GC(678)   Merge Heap Roots: 0.2ms
[2026-03-27T14:07:38.052+0900][42.184s][info][gc,phases   ] GC(678)   Evacuate Collection Set: 0.3ms
[2026-03-27T14:07:38.052+0900][42.184s][info][gc,phases   ] GC(678)   Post Evacuate Collection Set: 0.6ms
[2026-03-27T14:07:38.052+0900][42.184s][info][gc,phases   ] GC(678)   Other: 0.1ms
[2026-03-27T14:07:38.052+0900][42.184s][info][gc,heap     ] GC(678) Eden regions: 1->0(189)
[2026-03-27T14:07:38.052+0900][42.184s][info][gc,heap     ] GC(678) Survivor regions: 1->1(24)
[2026-03-27T14:07:38.052+0900][42.184s][info][gc,heap     ] GC(678) Old regions: 1->1
[2026-03-27T14:07:38.052+0900][42.184s][info][gc,heap     ] GC(678) Archive regions: 0->0
[2026-03-27T14:07:38.052+0900][42.184s][info][gc,heap     ] GC(678) Humongous regions: 269->268
[2026-03-27T14:07:38.052+0900][42.184s][info][gc,metaspace] GC(678) Metaspace: 166K(384K)->166K(384K) NonClass: 157K(256K)->157K(256K) Class: 9K(128K)->9K(128K)
[2026-03-27T14:07:38.052+0900][42.184s][info][gc          ] GC(678) Pause Young (Concurrent Start) (G1 Humongous Allocation) 270M->268M(512M) 1.613ms
[2026-03-27T14:07:38.052+0900][42.184s][info][gc,cpu      ] GC(678) User=0.00s Sys=0.00s Real=0.00s
[2026-03-27T14:07:38.052+0900][42.184s][info][gc          ] GC(679) Concurrent Mark Cycle
[2026-03-27T14:07:38.052+0900][42.184s][info][gc,marking  ] GC(679) Concurrent Clear Claimed Marks
[2026-03-27T14:07:38.052+0900][42.184s][info][gc,marking  ] GC(679) Concurrent Clear Claimed Marks 0.013ms
[2026-03-27T14:07:38.052+0900][42.184s][info][gc,marking  ] GC(679) Concurrent Scan Root Regions
[2026-03-27T14:07:38.052+0900][42.184s][info][gc,marking  ] GC(679) Concurrent Scan Root Regions 0.075ms
[2026-03-27T14:07:38.052+0900][42.184s][info][gc,marking  ] GC(679) Concurrent Mark
[2026-03-27T14:07:38.052+0900][42.184s][info][gc,marking  ] GC(679) Concurrent Mark From Roots
[2026-03-27T14:07:38.052+0900][42.184s][info][gc,task     ] GC(679) Using 2 workers of 2 for marking
[2026-03-27T14:07:38.052+0900][42.185s][info][gc,marking  ] GC(679) Concurrent Mark From Roots 0.744ms
[2026-03-27T14:07:38.052+0900][42.185s][info][gc,marking  ] GC(679) Concurrent Preclean
[2026-03-27T14:07:38.052+0900][42.185s][info][gc,marking  ] GC(679) Concurrent Preclean 0.013ms
[2026-03-27T14:07:38.052+0900][42.186s][info][gc,start    ] GC(679) Pause Remark
[2026-03-27T14:07:38.052+0900][42.186s][info][gc          ] GC(679) Pause Remark 269M->269M(512M) 0.781ms
[2026-03-27T14:07:38.052+0900][42.186s][info][gc,cpu      ] GC(679) User=0.00s Sys=0.00s Real=0.00s
[2026-03-27T14:07:38.052+0900][42.186s][info][gc,marking  ] GC(679) Concurrent Mark 1.922ms
[2026-03-27T14:07:38.052+0900][42.186s][info][gc,marking  ] GC(679) Concurrent Rebuild Remembered Sets
[2026-03-27T14:07:38.052+0900][42.187s][info][gc,marking  ] GC(679) Concurrent Rebuild Remembered Sets 0.485ms
[2026-03-27T14:07:38.052+0900][42.187s][info][gc,start    ] GC(679) Pause Cleanup
[2026-03-27T14:07:38.052+0900][42.187s][info][gc          ] GC(679) Pause Cleanup 269M->269M(512M) 0.170ms
[2026-03-27T14:07:38.052+0900][42.187s][info][gc,cpu      ] GC(679) User=0.00s Sys=0.00s Real=0.00s
[2026-03-27T14:07:38.052+0900][42.188s][info][gc,marking  ] GC(679) Concurrent Cleanup for Next Mark
[2026-03-27T14:07:38.052+0900][42.188s][info][gc,marking  ] GC(679) Concurrent Cleanup for Next Mark 0.274ms
[2026-03-27T14:07:38.052+0900][42.188s][info][gc          ] GC(679) Concurrent Mark Cycle 3.524ms
[2026-03-27T14:07:38.116+0900][42.246s][info][gc,start    ] GC(680) Pause Young (Concurrent Start) (G1 Humongous Allocation)
[2026-03-27T14:07:38.116+0900][42.247s][info][gc,task     ] GC(680) Using 8 workers of 8 for evacuation
[2026-03-27T14:07:38.116+0900][42.248s][info][gc,phases   ] GC(680)   Pre Evacuate Collection Set: 0.1ms
[2026-03-27T14:07:38.116+0900][42.248s][info][gc,phases   ] GC(680)   Merge Heap Roots: 0.2ms
[2026-03-27T14:07:38.116+0900][42.248s][info][gc,phases   ] GC(680)   Evacuate Collection Set: 0.1ms
[2026-03-27T14:07:38.116+0900][42.248s][info][gc,phases   ] GC(680)   Post Evacuate Collection Set: 0.5ms
[2026-03-27T14:07:38.116+0900][42.248s][info][gc,phases   ] GC(680)   Other: 0.2ms
[2026-03-27T14:07:38.116+0900][42.248s][info][gc,heap     ] GC(680) Eden regions: 1->0(189)
[2026-03-27T14:07:38.116+0900][42.248s][info][gc,heap     ] GC(680) Survivor regions: 1->1(24)
[2026-03-27T14:07:38.116+0900][42.248s][info][gc,heap     ] GC(680) Old regions: 1->1
[2026-03-27T14:07:38.116+0900][42.248s][info][gc,heap     ] GC(680) Archive regions: 0->0
[2026-03-27T14:07:38.116+0900][42.248s][info][gc,heap     ] GC(680) Humongous regions: 269->268
[2026-03-27T14:07:38.116+0900][42.248s][info][gc,metaspace] GC(680) Metaspace: 166K(384K)->166K(384K) NonClass: 157K(256K)->157K(256K) Class: 9K(128K)->9K(128K)
[2026-03-27T14:07:38.116+0900][42.248s][info][gc          ] GC(680) Pause Young (Concurrent Start) (G1 Humongous Allocation) 270M->268M(512M) 1.502ms
[2026-03-27T14:07:38.116+0900][42.248s][info][gc,cpu      ] GC(680) User=0.00s Sys=0.00s Real=0.00s
[2026-03-27T14:07:38.116+0900][42.248s][info][gc          ] GC(681) Concurrent Mark Cycle
[2026-03-27T14:07:38.116+0900][42.248s][info][gc,marking  ] GC(681) Concurrent Clear Claimed Marks
[2026-03-27T14:07:38.116+0900][42.248s][info][gc,marking  ] GC(681) Concurrent Clear Claimed Marks 0.026ms
[2026-03-27T14:07:38.116+0900][42.248s][info][gc,marking  ] GC(681) Concurrent Scan Root Regions
[2026-03-27T14:07:38.116+0900][42.248s][info][gc,marking  ] GC(681) Concurrent Scan Root Regions 0.151ms
[2026-03-27T14:07:38.116+0900][42.248s][info][gc,marking  ] GC(681) Concurrent Mark
[2026-03-27T14:07:38.116+0900][42.248s][info][gc,marking  ] GC(681) Concurrent Mark From Roots
[2026-03-27T14:07:38.116+0900][42.248s][info][gc,task     ] GC(681) Using 2 workers of 2 for marking
[2026-03-27T14:07:38.116+0900][42.249s][info][gc,marking  ] GC(681) Concurrent Mark From Roots 0.876ms
[2026-03-27T14:07:38.116+0900][42.249s][info][gc,marking  ] GC(681) Concurrent Preclean
[2026-03-27T14:07:38.116+0900][42.249s][info][gc,marking  ] GC(681) Concurrent Preclean 0.020ms
[2026-03-27T14:07:38.116+0900][42.250s][info][gc,start    ] GC(681) Pause Remark
[2026-03-27T14:07:38.116+0900][42.250s][info][gc          ] GC(681) Pause Remark 269M->269M(512M) 0.796ms
[2026-03-27T14:07:38.116+0900][42.250s][info][gc,cpu      ] GC(681) User=0.00s Sys=0.00s Real=0.00s
[2026-03-27T14:07:38.116+0900][42.250s][info][gc,marking  ] GC(681) Concurrent Mark 2.110ms
[2026-03-27T14:07:38.116+0900][42.250s][info][gc,marking  ] GC(681) Concurrent Rebuild Remembered Sets
[2026-03-27T14:07:38.116+0900][42.251s][info][gc,marking  ] GC(681) Concurrent Rebuild Remembered Sets 0.667ms
[2026-03-27T14:07:38.116+0900][42.251s][info][gc,start    ] GC(681) Pause Cleanup
[2026-03-27T14:07:38.116+0900][42.252s][info][gc          ] GC(681) Pause Cleanup 269M->269M(512M) 0.202ms
[2026-03-27T14:07:38.116+0900][42.252s][info][gc,cpu      ] GC(681) User=0.00s Sys=0.00s Real=0.00s
[2026-03-27T14:07:38.116+0900][42.252s][info][gc,marking  ] GC(681) Concurrent Cleanup for Next Mark
[2026-03-27T14:07:38.116+0900][42.252s][info][gc,marking  ] GC(681) Concurrent Cleanup for Next Mark 0.518ms
[2026-03-27T14:07:38.116+0900][42.252s][info][gc          ] GC(681) Concurrent Mark Cycle 4.344ms
[2026-03-27T14:07:38.180+0900][42.310s][info][gc,start    ] GC(682) Pause Young (Concurrent Start) (G1 Humongous Allocation)
[2026-03-27T14:07:38.180+0900][42.310s][info][gc,task     ] GC(682) Using 8 workers of 8 for evacuation
[2026-03-27T14:07:38.180+0900][42.311s][info][gc,phases   ] GC(682)   Pre Evacuate Collection Set: 0.1ms
[2026-03-27T14:07:38.180+0900][42.311s][info][gc,phases   ] GC(682)   Merge Heap Roots: 0.2ms
[2026-03-27T14:07:38.180+0900][42.311s][info][gc,phases   ] GC(682)   Evacuate Collection Set: 0.2ms
[2026-03-27T14:07:38.180+0900][42.311s][info][gc,phases   ] GC(682)   Post Evacuate Collection Set: 0.5ms
[2026-03-27T14:07:38.180+0900][42.311s][info][gc,phases   ] GC(682)   Other: 0.1ms
[2026-03-27T14:07:38.180+0900][42.311s][info][gc,heap     ] GC(682) Eden regions: 1->0(189)
[2026-03-27T14:07:38.180+0900][42.311s][info][gc,heap     ] GC(682) Survivor regions: 1->1(24)
[2026-03-27T14:07:38.180+0900][42.311s][info][gc,heap     ] GC(682) Old regions: 1->1
[2026-03-27T14:07:38.180+0900][42.311s][info][gc,heap     ] GC(682) Archive regions: 0->0
[2026-03-27T14:07:38.180+0900][42.311s][info][gc,heap     ] GC(682) Humongous regions: 269->268
[2026-03-27T14:07:38.180+0900][42.311s][info][gc,metaspace] GC(682) Metaspace: 166K(384K)->166K(384K) NonClass: 157K(256K)->157K(256K) Class: 9K(128K)->9K(128K)
[2026-03-27T14:07:38.180+0900][42.311s][info][gc          ] GC(682) Pause Young (Concurrent Start) (G1 Humongous Allocation) 270M->268M(512M) 1.532ms
[2026-03-27T14:07:38.180+0900][42.311s][info][gc,cpu      ] GC(682) User=0.00s Sys=0.00s Real=0.00s
[2026-03-27T14:07:38.180+0900][42.311s][info][gc          ] GC(683) Concurrent Mark Cycle
[2026-03-27T14:07:38.180+0900][42.312s][info][gc,marking  ] GC(683) Concurrent Clear Claimed Marks
[2026-03-27T14:07:38.180+0900][42.312s][info][gc,marking  ] GC(683) Concurrent Clear Claimed Marks 0.029ms
[2026-03-27T14:07:38.180+0900][42.312s][info][gc,marking  ] GC(683) Concurrent Scan Root Regions
[2026-03-27T14:07:38.180+0900][42.312s][info][gc,marking  ] GC(683) Concurrent Scan Root Regions 0.121ms
[2026-03-27T14:07:38.180+0900][42.312s][info][gc,marking  ] GC(683) Concurrent Mark
[2026-03-27T14:07:38.180+0900][42.312s][info][gc,marking  ] GC(683) Concurrent Mark From Roots
[2026-03-27T14:07:38.180+0900][42.312s][info][gc,task     ] GC(683) Using 2 workers of 2 for marking
[2026-03-27T14:07:38.180+0900][42.313s][info][gc,marking  ] GC(683) Concurrent Mark From Roots 1.161ms
[2026-03-27T14:07:38.180+0900][42.313s][info][gc,marking  ] GC(683) Concurrent Preclean
[2026-03-27T14:07:38.180+0900][42.313s][info][gc,marking  ] GC(683) Concurrent Preclean 0.046ms
[2026-03-27T14:07:38.180+0900][42.313s][info][gc,start    ] GC(683) Pause Remark
[2026-03-27T14:07:38.180+0900][42.315s][info][gc          ] GC(683) Pause Remark 271M->271M(512M) 1.139ms
[2026-03-27T14:07:38.180+0900][42.315s][info][gc,cpu      ] GC(683) User=0.00s Sys=0.00s Real=0.00s
[2026-03-27T14:07:38.180+0900][42.315s][info][gc,marking  ] GC(683) Concurrent Mark 2.950ms
[2026-03-27T14:07:38.180+0900][42.315s][info][gc,marking  ] GC(683) Concurrent Rebuild Remembered Sets
[2026-03-27T14:07:38.180+0900][42.315s][info][gc,marking  ] GC(683) Concurrent Rebuild Remembered Sets 0.542ms
[2026-03-27T14:07:38.180+0900][42.316s][info][gc,start    ] GC(683) Pause Cleanup
[2026-03-27T14:07:38.180+0900][42.316s][info][gc          ] GC(683) Pause Cleanup 271M->271M(512M) 0.171ms
[2026-03-27T14:07:38.180+0900][42.316s][info][gc,cpu      ] GC(683) User=0.00s Sys=0.00s Real=0.00s
[2026-03-27T14:07:38.180+0900][42.316s][info][gc,marking  ] GC(683) Concurrent Cleanup for Next Mark
[2026-03-27T14:07:38.180+0900][42.316s][info][gc,marking  ] GC(683) Concurrent Cleanup for Next Mark 0.294ms
[2026-03-27T14:07:38.180+0900][42.316s][info][gc          ] GC(683) Concurrent Mark Cycle 4.712ms
[2026-03-27T14:07:38.243+0900][42.373s][info][gc,start    ] GC(684) Pause Young (Concurrent Start) (G1 Humongous Allocation)
[2026-03-27T14:07:38.243+0900][42.373s][info][gc,task     ] GC(684) Using 8 workers of 8 for evacuation
[2026-03-27T14:07:38.243+0900][42.374s][info][gc,phases   ] GC(684)   Pre Evacuate Collection Set: 0.1ms
[2026-03-27T14:07:38.243+0900][42.374s][info][gc,phases   ] GC(684)   Merge Heap Roots: 0.2ms
[2026-03-27T14:07:38.243+0900][42.374s][info][gc,phases   ] GC(684)   Evacuate Collection Set: 0.1ms
[2026-03-27T14:07:38.243+0900][42.374s][info][gc,phases   ] GC(684)   Post Evacuate Collection Set: 0.3ms
[2026-03-27T14:07:38.243+0900][42.374s][info][gc,phases   ] GC(684)   Other: 0.1ms
[2026-03-27T14:07:38.243+0900][42.374s][info][gc,heap     ] GC(684) Eden regions: 1->0(187)
[2026-03-27T14:07:38.243+0900][42.374s][info][gc,heap     ] GC(684) Survivor regions: 1->1(24)
[2026-03-27T14:07:38.243+0900][42.374s][info][gc,heap     ] GC(684) Old regions: 1->1
[2026-03-27T14:07:38.243+0900][42.374s][info][gc,heap     ] GC(684) Archive regions: 0->0
[2026-03-27T14:07:38.243+0900][42.374s][info][gc,heap     ] GC(684) Humongous regions: 271->270
[2026-03-27T14:07:38.243+0900][42.374s][info][gc,metaspace] GC(684) Metaspace: 166K(384K)->166K(384K) NonClass: 157K(256K)->157K(256K) Class: 9K(128K)->9K(128K)
[2026-03-27T14:07:38.243+0900][42.374s][info][gc          ] GC(684) Pause Young (Concurrent Start) (G1 Humongous Allocation) 272M->270M(512M) 0.952ms
[2026-03-27T14:07:38.243+0900][42.374s][info][gc,cpu      ] GC(684) User=0.00s Sys=0.00s Real=0.00s
[2026-03-27T14:07:38.243+0900][42.374s][info][gc          ] GC(685) Concurrent Mark Cycle
[2026-03-27T14:07:38.243+0900][42.374s][info][gc,marking  ] GC(685) Concurrent Clear Claimed Marks
[2026-03-27T14:07:38.243+0900][42.374s][info][gc,marking  ] GC(685) Concurrent Clear Claimed Marks 0.014ms
[2026-03-27T14:07:38.243+0900][42.374s][info][gc,marking  ] GC(685) Concurrent Scan Root Regions
[2026-03-27T14:07:38.243+0900][42.375s][info][gc,marking  ] GC(685) Concurrent Scan Root Regions 0.069ms
[2026-03-27T14:07:38.243+0900][42.375s][info][gc,marking  ] GC(685) Concurrent Mark
[2026-03-27T14:07:38.243+0900][42.375s][info][gc,marking  ] GC(685) Concurrent Mark From Roots
[2026-03-27T14:07:38.243+0900][42.375s][info][gc,task     ] GC(685) Using 2 workers of 2 for marking
[2026-03-27T14:07:38.243+0900][42.375s][info][gc,marking  ] GC(685) Concurrent Mark From Roots 0.712ms
[2026-03-27T14:07:38.243+0900][42.375s][info][gc,marking  ] GC(685) Concurrent Preclean
[2026-03-27T14:07:38.243+0900][42.375s][info][gc,marking  ] GC(685) Concurrent Preclean 0.012ms
[2026-03-27T14:07:38.243+0900][42.375s][info][gc,start    ] GC(685) Pause Remark
[2026-03-27T14:07:38.243+0900][42.376s][info][gc          ] GC(685) Pause Remark 271M->271M(512M) 0.231ms
[2026-03-27T14:07:38.243+0900][42.376s][info][gc,cpu      ] GC(685) User=0.00s Sys=0.00s Real=0.00s
[2026-03-27T14:07:38.243+0900][42.376s][info][gc,marking  ] GC(685) Concurrent Mark 1.092ms
[2026-03-27T14:07:38.243+0900][42.376s][info][gc,marking  ] GC(685) Concurrent Rebuild Remembered Sets
[2026-03-27T14:07:38.243+0900][42.376s][info][gc,marking  ] GC(685) Concurrent Rebuild Remembered Sets 0.363ms
[2026-03-27T14:07:38.243+0900][42.376s][info][gc,start    ] GC(685) Pause Cleanup
[2026-03-27T14:07:38.243+0900][42.376s][info][gc          ] GC(685) Pause Cleanup 271M->271M(512M) 0.063ms
[2026-03-27T14:07:38.243+0900][42.376s][info][gc,cpu      ] GC(685) User=0.00s Sys=0.00s Real=0.00s
[2026-03-27T14:07:38.243+0900][42.376s][info][gc,marking  ] GC(685) Concurrent Cleanup for Next Mark
[2026-03-27T14:07:38.243+0900][42.376s][info][gc,marking  ] GC(685) Concurrent Cleanup for Next Mark 0.242ms
[2026-03-27T14:07:38.243+0900][42.377s][info][gc          ] GC(685) Concurrent Mark Cycle 2.127ms
[2026-03-27T14:07:38.296+0900][42.427s][info][gc,start    ] GC(686) Pause Young (Concurrent Start) (G1 Humongous Allocation)
[2026-03-27T14:07:38.296+0900][42.427s][info][gc,task     ] GC(686) Using 8 workers of 8 for evacuation
[2026-03-27T14:07:38.296+0900][42.428s][info][gc,phases   ] GC(686)   Pre Evacuate Collection Set: 0.1ms
[2026-03-27T14:07:38.296+0900][42.428s][info][gc,phases   ] GC(686)   Merge Heap Roots: 0.1ms
[2026-03-27T14:07:38.296+0900][42.428s][info][gc,phases   ] GC(686)   Evacuate Collection Set: 0.2ms
[2026-03-27T14:07:38.296+0900][42.428s][info][gc,phases   ] GC(686)   Post Evacuate Collection Set: 0.5ms
[2026-03-27T14:07:38.296+0900][42.428s][info][gc,phases   ] GC(686)   Other: 0.1ms
[2026-03-27T14:07:38.296+0900][42.428s][info][gc,heap     ] GC(686) Eden regions: 1->0(187)
[2026-03-27T14:07:38.296+0900][42.428s][info][gc,heap     ] GC(686) Survivor regions: 1->1(24)
[2026-03-27T14:07:38.296+0900][42.428s][info][gc,heap     ] GC(686) Old regions: 1->1
[2026-03-27T14:07:38.296+0900][42.428s][info][gc,heap     ] GC(686) Archive regions: 0->0
[2026-03-27T14:07:38.296+0900][42.428s][info][gc,heap     ] GC(686) Humongous regions: 271->270
[2026-03-27T14:07:38.296+0900][42.428s][info][gc,metaspace] GC(686) Metaspace: 166K(384K)->166K(384K) NonClass: 157K(256K)->157K(256K) Class: 9K(128K)->9K(128K)
[2026-03-27T14:07:38.296+0900][42.428s][info][gc          ] GC(686) Pause Young (Concurrent Start) (G1 Humongous Allocation) 272M->270M(512M) 1.331ms
[2026-03-27T14:07:38.296+0900][42.428s][info][gc,cpu      ] GC(686) User=0.00s Sys=0.00s Real=0.00s
[2026-03-27T14:07:38.296+0900][42.428s][info][gc          ] GC(687) Concurrent Mark Cycle
[2026-03-27T14:07:38.296+0900][42.428s][info][gc,marking  ] GC(687) Concurrent Clear Claimed Marks
[2026-03-27T14:07:38.296+0900][42.428s][info][gc,marking  ] GC(687) Concurrent Clear Claimed Marks 0.013ms
[2026-03-27T14:07:38.296+0900][42.428s][info][gc,marking  ] GC(687) Concurrent Scan Root Regions
[2026-03-27T14:07:38.296+0900][42.428s][info][gc,marking  ] GC(687) Concurrent Scan Root Regions 0.125ms
[2026-03-27T14:07:38.296+0900][42.428s][info][gc,marking  ] GC(687) Concurrent Mark
[2026-03-27T14:07:38.296+0900][42.428s][info][gc,marking  ] GC(687) Concurrent Mark From Roots
[2026-03-27T14:07:38.296+0900][42.428s][info][gc,task     ] GC(687) Using 2 workers of 2 for marking
[2026-03-27T14:07:38.296+0900][42.429s][info][gc,marking  ] GC(687) Concurrent Mark From Roots 0.830ms
[2026-03-27T14:07:38.296+0900][42.429s][info][gc,marking  ] GC(687) Concurrent Preclean
[2026-03-27T14:07:38.296+0900][42.429s][info][gc,marking  ] GC(687) Concurrent Preclean 0.014ms
[2026-03-27T14:07:38.296+0900][42.429s][info][gc,start    ] GC(687) Pause Remark
[2026-03-27T14:07:38.296+0900][42.430s][info][gc          ] GC(687) Pause Remark 271M->271M(512M) 0.838ms
[2026-03-27T14:07:38.296+0900][42.430s][info][gc,cpu      ] GC(687) User=0.00s Sys=0.00s Real=0.00s
[2026-03-27T14:07:38.296+0900][42.430s][info][gc,marking  ] GC(687) Concurrent Mark 2.026ms
[2026-03-27T14:07:38.296+0900][42.430s][info][gc,marking  ] GC(687) Concurrent Rebuild Remembered Sets
[2026-03-27T14:07:38.296+0900][42.431s][info][gc,marking  ] GC(687) Concurrent Rebuild Remembered Sets 0.511ms
[2026-03-27T14:07:38.296+0900][42.431s][info][gc,start    ] GC(687) Pause Cleanup
[2026-03-27T14:07:38.296+0900][42.431s][info][gc          ] GC(687) Pause Cleanup 271M->271M(512M) 0.149ms
[2026-03-27T14:07:38.296+0900][42.431s][info][gc,cpu      ] GC(687) User=0.00s Sys=0.00s Real=0.00s
[2026-03-27T14:07:38.296+0900][42.431s][info][gc,marking  ] GC(687) Concurrent Cleanup for Next Mark
[2026-03-27T14:07:38.296+0900][42.431s][info][gc,marking  ] GC(687) Concurrent Cleanup for Next Mark 0.262ms
[2026-03-27T14:07:38.296+0900][42.431s][info][gc          ] GC(687) Concurrent Mark Cycle 3.451ms
[2026-03-27T14:07:38.360+0900][42.491s][info][gc,start    ] GC(688) Pause Young (Concurrent Start) (G1 Humongous Allocation)
[2026-03-27T14:07:38.360+0900][42.491s][info][gc,task     ] GC(688) Using 8 workers of 8 for evacuation
[2026-03-27T14:07:38.361+0900][42.491s][info][gc,phases   ] GC(688)   Pre Evacuate Collection Set: 0.1ms
[2026-03-27T14:07:38.361+0900][42.492s][info][gc,phases   ] GC(688)   Merge Heap Roots: 0.2ms
[2026-03-27T14:07:38.361+0900][42.492s][info][gc,phases   ] GC(688)   Evacuate Collection Set: 0.1ms
[2026-03-27T14:07:38.361+0900][42.492s][info][gc,phases   ] GC(688)   Post Evacuate Collection Set: 0.1ms
[2026-03-27T14:07:38.361+0900][42.492s][info][gc,phases   ] GC(688)   Other: 0.1ms
[2026-03-27T14:07:38.361+0900][42.492s][info][gc,heap     ] GC(688) Eden regions: 1->0(187)
[2026-03-27T14:07:38.361+0900][42.492s][info][gc,heap     ] GC(688) Survivor regions: 1->1(24)
[2026-03-27T14:07:38.361+0900][42.492s][info][gc,heap     ] GC(688) Old regions: 1->1
[2026-03-27T14:07:38.361+0900][42.492s][info][gc,heap     ] GC(688) Archive regions: 0->0
[2026-03-27T14:07:38.362+0900][42.492s][info][gc,heap     ] GC(688) Humongous regions: 271->270
[2026-03-27T14:07:38.362+0900][42.492s][info][gc,metaspace] GC(688) Metaspace: 166K(384K)->166K(384K) NonClass: 157K(256K)->157K(256K) Class: 9K(128K)->9K(128K)
[2026-03-27T14:07:38.362+0900][42.492s][info][gc          ] GC(688) Pause Young (Concurrent Start) (G1 Humongous Allocation) 272M->270M(512M) 1.049ms
[2026-03-27T14:07:38.362+0900][42.492s][info][gc,cpu      ] GC(688) User=0.00s Sys=0.00s Real=0.00s
[2026-03-27T14:07:38.362+0900][42.492s][info][gc          ] GC(689) Concurrent Mark Cycle
[2026-03-27T14:07:38.362+0900][42.492s][info][gc,marking  ] GC(689) Concurrent Clear Claimed Marks
[2026-03-27T14:07:38.362+0900][42.492s][info][gc,marking  ] GC(689) Concurrent Clear Claimed Marks 0.018ms
[2026-03-27T14:07:38.362+0900][42.492s][info][gc,marking  ] GC(689) Concurrent Scan Root Regions
[2026-03-27T14:07:38.362+0900][42.492s][info][gc,marking  ] GC(689) Concurrent Scan Root Regions 0.037ms
[2026-03-27T14:07:38.362+0900][42.492s][info][gc,marking  ] GC(689) Concurrent Mark
[2026-03-27T14:07:38.362+0900][42.492s][info][gc,marking  ] GC(689) Concurrent Mark From Roots
[2026-03-27T14:07:38.362+0900][42.492s][info][gc,task     ] GC(689) Using 2 workers of 2 for marking
[2026-03-27T14:07:38.363+0900][42.494s][info][gc,marking  ] GC(689) Concurrent Mark From Roots 2.514ms
[2026-03-27T14:07:38.363+0900][42.495s][info][gc,marking  ] GC(689) Concurrent Preclean
[2026-03-27T14:07:38.363+0900][42.495s][info][gc,marking  ] GC(689) Concurrent Preclean 0.023ms
[2026-03-27T14:07:38.365+0900][42.495s][info][gc,start    ] GC(689) Pause Remark
[2026-03-27T14:07:38.365+0900][42.495s][info][gc          ] GC(689) Pause Remark 271M->271M(512M) 0.296ms
[2026-03-27T14:07:38.365+0900][42.495s][info][gc,cpu      ] GC(689) User=0.00s Sys=0.00s Real=0.00s
[2026-03-27T14:07:38.365+0900][42.495s][info][gc,marking  ] GC(689) Concurrent Mark 3.151ms
[2026-03-27T14:07:38.365+0900][42.495s][info][gc,marking  ] GC(689) Concurrent Rebuild Remembered Sets
[2026-03-27T14:07:38.365+0900][42.496s][info][gc,marking  ] GC(689) Concurrent Rebuild Remembered Sets 0.514ms
[2026-03-27T14:07:38.365+0900][42.496s][info][gc,start    ] GC(689) Pause Cleanup
[2026-03-27T14:07:38.365+0900][42.496s][info][gc          ] GC(689) Pause Cleanup 271M->271M(512M) 0.074ms
[2026-03-27T14:07:38.365+0900][42.496s][info][gc,cpu      ] GC(689) User=0.00s Sys=0.00s Real=0.00s
[2026-03-27T14:07:38.365+0900][42.496s][info][gc,marking  ] GC(689) Concurrent Cleanup for Next Mark
[2026-03-27T14:07:38.365+0900][42.496s][info][gc,marking  ] GC(689) Concurrent Cleanup for Next Mark 0.198ms
[2026-03-27T14:07:38.365+0900][42.496s][info][gc          ] GC(689) Concurrent Mark Cycle 4.308ms
[2026-03-27T14:07:38.424+0900][42.554s][info][gc,start    ] GC(690) Pause Young (Concurrent Start) (G1 Humongous Allocation)
[2026-03-27T14:07:38.424+0900][42.554s][info][gc,task     ] GC(690) Using 8 workers of 8 for evacuation
[2026-03-27T14:07:38.425+0900][42.555s][info][gc,phases   ] GC(690)   Pre Evacuate Collection Set: 0.1ms
[2026-03-27T14:07:38.425+0900][42.555s][info][gc,phases   ] GC(690)   Merge Heap Roots: 0.2ms
[2026-03-27T14:07:38.425+0900][42.555s][info][gc,phases   ] GC(690)   Evacuate Collection Set: 0.1ms
[2026-03-27T14:07:38.425+0900][42.555s][info][gc,phases   ] GC(690)   Post Evacuate Collection Set: 0.1ms
[2026-03-27T14:07:38.425+0900][42.555s][info][gc,phases   ] GC(690)   Other: 0.1ms
[2026-03-27T14:07:38.425+0900][42.555s][info][gc,heap     ] GC(690) Eden regions: 1->0(187)
[2026-03-27T14:07:38.425+0900][42.555s][info][gc,heap     ] GC(690) Survivor regions: 1->1(24)
[2026-03-27T14:07:38.425+0900][42.555s][info][gc,heap     ] GC(690) Old regions: 1->1
[2026-03-27T14:07:38.425+0900][42.555s][info][gc,heap     ] GC(690) Archive regions: 0->0
[2026-03-27T14:07:38.425+0900][42.555s][info][gc,heap     ] GC(690) Humongous regions: 271->270
[2026-03-27T14:07:38.425+0900][42.555s][info][gc,metaspace] GC(690) Metaspace: 166K(384K)->166K(384K) NonClass: 157K(256K)->157K(256K) Class: 9K(128K)->9K(128K)
[2026-03-27T14:07:38.425+0900][42.555s][info][gc          ] GC(690) Pause Young (Concurrent Start) (G1 Humongous Allocation) 272M->270M(512M) 0.920ms
[2026-03-27T14:07:38.425+0900][42.555s][info][gc,cpu      ] GC(690) User=0.00s Sys=0.00s Real=0.00s
[2026-03-27T14:07:38.425+0900][42.555s][info][gc          ] GC(691) Concurrent Mark Cycle
[2026-03-27T14:07:38.425+0900][42.555s][info][gc,marking  ] GC(691) Concurrent Clear Claimed Marks
[2026-03-27T14:07:38.425+0900][42.555s][info][gc,marking  ] GC(691) Concurrent Clear Claimed Marks 0.017ms
[2026-03-27T14:07:38.425+0900][42.555s][info][gc,marking  ] GC(691) Concurrent Scan Root Regions
[2026-03-27T14:07:38.425+0900][42.555s][info][gc,marking  ] GC(691) Concurrent Scan Root Regions 0.048ms
[2026-03-27T14:07:38.425+0900][42.555s][info][gc,marking  ] GC(691) Concurrent Mark
[2026-03-27T14:07:38.425+0900][42.555s][info][gc,marking  ] GC(691) Concurrent Mark From Roots
[2026-03-27T14:07:38.425+0900][42.555s][info][gc,task     ] GC(691) Using 2 workers of 2 for marking
[2026-03-27T14:07:38.426+0900][42.556s][info][gc,marking  ] GC(691) Concurrent Mark From Roots 1.062ms
[2026-03-27T14:07:38.426+0900][42.556s][info][gc,marking  ] GC(691) Concurrent Preclean
[2026-03-27T14:07:38.426+0900][42.556s][info][gc,marking  ] GC(691) Concurrent Preclean 0.022ms
[2026-03-27T14:07:38.426+0900][42.557s][info][gc,start    ] GC(691) Pause Remark
[2026-03-27T14:07:38.426+0900][42.557s][info][gc          ] GC(691) Pause Remark 271M->271M(512M) 0.363ms
[2026-03-27T14:07:38.426+0900][42.557s][info][gc,cpu      ] GC(691) User=0.00s Sys=0.00s Real=0.00s
[2026-03-27T14:07:38.426+0900][42.557s][info][gc,marking  ] GC(691) Concurrent Mark 1.689ms
[2026-03-27T14:07:38.426+0900][42.557s][info][gc,marking  ] GC(691) Concurrent Rebuild Remembered Sets
[2026-03-27T14:07:38.427+0900][42.557s][info][gc,marking  ] GC(691) Concurrent Rebuild Remembered Sets 0.482ms
[2026-03-27T14:07:38.427+0900][42.558s][info][gc,start    ] GC(691) Pause Cleanup
[2026-03-27T14:07:38.427+0900][42.558s][info][gc          ] GC(691) Pause Cleanup 271M->271M(512M) 0.102ms
[2026-03-27T14:07:38.427+0900][42.558s][info][gc,cpu      ] GC(691) User=0.00s Sys=0.00s Real=0.00s
[2026-03-27T14:07:38.427+0900][42.558s][info][gc,marking  ] GC(691) Concurrent Cleanup for Next Mark
[2026-03-27T14:07:38.428+0900][42.558s][info][gc,marking  ] GC(691) Concurrent Cleanup for Next Mark 0.218ms
[2026-03-27T14:07:38.428+0900][42.558s][info][gc          ] GC(691) Concurrent Mark Cycle 2.925ms
[2026-03-27T14:07:38.487+0900][42.617s][info][gc,start    ] GC(692) Pause Young (Concurrent Start) (G1 Humongous Allocation)
[2026-03-27T14:07:38.487+0900][42.617s][info][gc,task     ] GC(692) Using 8 workers of 8 for evacuation
[2026-03-27T14:07:38.487+0900][42.618s][info][gc,phases   ] GC(692)   Pre Evacuate Collection Set: 0.1ms
[2026-03-27T14:07:38.487+0900][42.618s][info][gc,phases   ] GC(692)   Merge Heap Roots: 0.1ms
[2026-03-27T14:07:38.487+0900][42.618s][info][gc,phases   ] GC(692)   Evacuate Collection Set: 0.1ms
[2026-03-27T14:07:38.487+0900][42.618s][info][gc,phases   ] GC(692)   Post Evacuate Collection Set: 0.1ms
[2026-03-27T14:07:38.487+0900][42.618s][info][gc,phases   ] GC(692)   Other: 0.1ms
[2026-03-27T14:07:38.487+0900][42.618s][info][gc,heap     ] GC(692) Eden regions: 1->0(187)
[2026-03-27T14:07:38.487+0900][42.618s][info][gc,heap     ] GC(692) Survivor regions: 1->1(24)
[2026-03-27T14:07:38.487+0900][42.618s][info][gc,heap     ] GC(692) Old regions: 1->1
[2026-03-27T14:07:38.487+0900][42.618s][info][gc,heap     ] GC(692) Archive regions: 0->0
[2026-03-27T14:07:38.487+0900][42.618s][info][gc,heap     ] GC(692) Humongous regions: 271->270
[2026-03-27T14:07:38.487+0900][42.618s][info][gc,metaspace] GC(692) Metaspace: 166K(384K)->166K(384K) NonClass: 157K(256K)->157K(256K) Class: 9K(128K)->9K(128K)
[2026-03-27T14:07:38.487+0900][42.618s][info][gc          ] GC(692) Pause Young (Concurrent Start) (G1 Humongous Allocation) 272M->270M(512M) 0.943ms
[2026-03-27T14:07:38.487+0900][42.618s][info][gc,cpu      ] GC(692) User=0.00s Sys=0.00s Real=0.00s
[2026-03-27T14:07:38.487+0900][42.618s][info][gc          ] GC(693) Concurrent Mark Cycle
[2026-03-27T14:07:38.488+0900][42.618s][info][gc,marking  ] GC(693) Concurrent Clear Claimed Marks
[2026-03-27T14:07:38.488+0900][42.618s][info][gc,marking  ] GC(693) Concurrent Clear Claimed Marks 0.026ms
[2026-03-27T14:07:38.488+0900][42.618s][info][gc,marking  ] GC(693) Concurrent Scan Root Regions
[2026-03-27T14:07:38.488+0900][42.618s][info][gc,marking  ] GC(693) Concurrent Scan Root Regions 0.045ms
[2026-03-27T14:07:38.488+0900][42.618s][info][gc,marking  ] GC(693) Concurrent Mark
[2026-03-27T14:07:38.488+0900][42.618s][info][gc,marking  ] GC(693) Concurrent Mark From Roots
[2026-03-27T14:07:38.488+0900][42.618s][info][gc,task     ] GC(693) Using 2 workers of 2 for marking
[2026-03-27T14:07:38.489+0900][42.619s][info][gc,marking  ] GC(693) Concurrent Mark From Roots 0.989ms
[2026-03-27T14:07:38.489+0900][42.619s][info][gc,marking  ] GC(693) Concurrent Preclean
[2026-03-27T14:07:38.489+0900][42.619s][info][gc,marking  ] GC(693) Concurrent Preclean 0.019ms
[2026-03-27T14:07:38.489+0900][42.619s][info][gc,start    ] GC(693) Pause Remark
[2026-03-27T14:07:38.489+0900][42.619s][info][gc          ] GC(693) Pause Remark 273M->273M(512M) 0.354ms
[2026-03-27T14:07:38.489+0900][42.620s][info][gc,cpu      ] GC(693) User=0.00s Sys=0.00s Real=0.00s
[2026-03-27T14:07:38.489+0900][42.620s][info][gc,marking  ] GC(693) Concurrent Mark 1.577ms
[2026-03-27T14:07:38.489+0900][42.620s][info][gc,marking  ] GC(693) Concurrent Rebuild Remembered Sets
[2026-03-27T14:07:38.490+0900][42.620s][info][gc,marking  ] GC(693) Concurrent Rebuild Remembered Sets 0.509ms
[2026-03-27T14:07:38.490+0900][42.620s][info][gc,start    ] GC(693) Pause Cleanup
[2026-03-27T14:07:38.490+0900][42.620s][info][gc          ] GC(693) Pause Cleanup 273M->273M(512M) 0.078ms
[2026-03-27T14:07:38.490+0900][42.620s][info][gc,cpu      ] GC(693) User=0.00s Sys=0.00s Real=0.00s
[2026-03-27T14:07:38.490+0900][42.620s][info][gc,marking  ] GC(693) Concurrent Cleanup for Next Mark
[2026-03-27T14:07:38.490+0900][42.621s][info][gc,marking  ] GC(693) Concurrent Cleanup for Next Mark 0.267ms
[2026-03-27T14:07:38.490+0900][42.621s][info][gc          ] GC(693) Concurrent Mark Cycle 2.845ms
[2026-03-27T14:07:38.552+0900][42.682s][info][gc,start    ] GC(694) Pause Young (Concurrent Start) (G1 Humongous Allocation)
[2026-03-27T14:07:38.552+0900][42.682s][info][gc,task     ] GC(694) Using 8 workers of 8 for evacuation
[2026-03-27T14:07:38.552+0900][42.682s][info][gc,phases   ] GC(694)   Pre Evacuate Collection Set: 0.1ms
[2026-03-27T14:07:38.552+0900][42.683s][info][gc,phases   ] GC(694)   Merge Heap Roots: 0.1ms
[2026-03-27T14:07:38.552+0900][42.683s][info][gc,phases   ] GC(694)   Evacuate Collection Set: 0.1ms
[2026-03-27T14:07:38.553+0900][42.683s][info][gc,phases   ] GC(694)   Post Evacuate Collection Set: 0.1ms
[2026-03-27T14:07:38.553+0900][42.683s][info][gc,phases   ] GC(694)   Other: 0.1ms
[2026-03-27T14:07:38.553+0900][42.683s][info][gc,heap     ] GC(694) Eden regions: 1->0(185)
[2026-03-27T14:07:38.553+0900][42.683s][info][gc,heap     ] GC(694) Survivor regions: 1->1(24)
[2026-03-27T14:07:38.553+0900][42.683s][info][gc,heap     ] GC(694) Old regions: 1->1
[2026-03-27T14:07:38.553+0900][42.683s][info][gc,heap     ] GC(694) Archive regions: 0->0
[2026-03-27T14:07:38.553+0900][42.683s][info][gc,heap     ] GC(694) Humongous regions: 273->272
[2026-03-27T14:07:38.553+0900][42.683s][info][gc,metaspace] GC(694) Metaspace: 166K(384K)->166K(384K) NonClass: 157K(256K)->157K(256K) Class: 9K(128K)->9K(128K)
[2026-03-27T14:07:38.553+0900][42.683s][info][gc          ] GC(694) Pause Young (Concurrent Start) (G1 Humongous Allocation) 274M->272M(512M) 0.923ms
[2026-03-27T14:07:38.553+0900][42.683s][info][gc,cpu      ] GC(694) User=0.00s Sys=0.00s Real=0.00s
[2026-03-27T14:07:38.553+0900][42.683s][info][gc          ] GC(695) Concurrent Mark Cycle
[2026-03-27T14:07:38.553+0900][42.683s][info][gc,marking  ] GC(695) Concurrent Clear Claimed Marks
[2026-03-27T14:07:38.553+0900][42.683s][info][gc,marking  ] GC(695) Concurrent Clear Claimed Marks 0.017ms
[2026-03-27T14:07:38.553+0900][42.683s][info][gc,marking  ] GC(695) Concurrent Scan Root Regions
[2026-03-27T14:07:38.553+0900][42.683s][info][gc,marking  ] GC(695) Concurrent Scan Root Regions 0.035ms
[2026-03-27T14:07:38.553+0900][42.683s][info][gc,marking  ] GC(695) Concurrent Mark
[2026-03-27T14:07:38.553+0900][42.683s][info][gc,marking  ] GC(695) Concurrent Mark From Roots
[2026-03-27T14:07:38.553+0900][42.683s][info][gc,task     ] GC(695) Using 2 workers of 2 for marking
[2026-03-27T14:07:38.553+0900][42.684s][info][gc,marking  ] GC(695) Concurrent Mark From Roots 1.069ms
[2026-03-27T14:07:38.553+0900][42.684s][info][gc,marking  ] GC(695) Concurrent Preclean
[2026-03-27T14:07:38.553+0900][42.684s][info][gc,marking  ] GC(695) Concurrent Preclean 0.021ms
[2026-03-27T14:07:38.553+0900][42.684s][info][gc,start    ] GC(695) Pause Remark
[2026-03-27T14:07:38.553+0900][42.684s][info][gc          ] GC(695) Pause Remark 273M->273M(512M) 0.307ms
[2026-03-27T14:07:38.553+0900][42.685s][info][gc,cpu      ] GC(695) User=0.00s Sys=0.00s Real=0.00s
[2026-03-27T14:07:38.553+0900][42.685s][info][gc,marking  ] GC(695) Concurrent Mark 1.621ms
[2026-03-27T14:07:38.553+0900][42.685s][info][gc,marking  ] GC(695) Concurrent Rebuild Remembered Sets
[2026-03-27T14:07:38.555+0900][42.685s][info][gc,marking  ] GC(695) Concurrent Rebuild Remembered Sets 0.508ms
[2026-03-27T14:07:38.555+0900][42.685s][info][gc,start    ] GC(695) Pause Cleanup
[2026-03-27T14:07:38.555+0900][42.685s][info][gc          ] GC(695) Pause Cleanup 273M->273M(512M) 0.083ms
[2026-03-27T14:07:38.555+0900][42.685s][info][gc,cpu      ] GC(695) User=0.00s Sys=0.00s Real=0.00s
[2026-03-27T14:07:38.555+0900][42.685s][info][gc,marking  ] GC(695) Concurrent Cleanup for Next Mark
[2026-03-27T14:07:38.555+0900][42.686s][info][gc,marking  ] GC(695) Concurrent Cleanup for Next Mark 0.240ms
[2026-03-27T14:07:38.555+0900][42.686s][info][gc          ] GC(695) Concurrent Mark Cycle 2.812ms
[2026-03-27T14:07:38.619+0900][42.749s][info][gc,start    ] GC(696) Pause Young (Concurrent Start) (G1 Humongous Allocation)
[2026-03-27T14:07:38.619+0900][42.749s][info][gc,task     ] GC(696) Using 8 workers of 8 for evacuation
[2026-03-27T14:07:38.619+0900][42.750s][info][gc,phases   ] GC(696)   Pre Evacuate Collection Set: 0.1ms
[2026-03-27T14:07:38.619+0900][42.750s][info][gc,phases   ] GC(696)   Merge Heap Roots: 0.3ms
[2026-03-27T14:07:38.619+0900][42.750s][info][gc,phases   ] GC(696)   Evacuate Collection Set: 0.1ms
[2026-03-27T14:07:38.619+0900][42.750s][info][gc,phases   ] GC(696)   Post Evacuate Collection Set: 0.1ms
[2026-03-27T14:07:38.619+0900][42.750s][info][gc,phases   ] GC(696)   Other: 0.1ms
[2026-03-27T14:07:38.619+0900][42.750s][info][gc,heap     ] GC(696) Eden regions: 1->0(185)
[2026-03-27T14:07:38.619+0900][42.750s][info][gc,heap     ] GC(696) Survivor regions: 1->1(24)
[2026-03-27T14:07:38.619+0900][42.750s][info][gc,heap     ] GC(696) Old regions: 1->1
[2026-03-27T14:07:38.619+0900][42.750s][info][gc,heap     ] GC(696) Archive regions: 0->0
[2026-03-27T14:07:38.619+0900][42.750s][info][gc,heap     ] GC(696) Humongous regions: 273->272
[2026-03-27T14:07:38.619+0900][42.750s][info][gc,metaspace] GC(696) Metaspace: 166K(384K)->166K(384K) NonClass: 157K(256K)->157K(256K) Class: 9K(128K)->9K(128K)
[2026-03-27T14:07:38.619+0900][42.750s][info][gc          ] GC(696) Pause Young (Concurrent Start) (G1 Humongous Allocation) 274M->272M(512M) 1.062ms
[2026-03-27T14:07:38.619+0900][42.750s][info][gc,cpu      ] GC(696) User=0.00s Sys=0.00s Real=0.00s
[2026-03-27T14:07:38.619+0900][42.750s][info][gc          ] GC(697) Concurrent Mark Cycle
[2026-03-27T14:07:38.619+0900][42.750s][info][gc,marking  ] GC(697) Concurrent Clear Claimed Marks
[2026-03-27T14:07:38.619+0900][42.750s][info][gc,marking  ] GC(697) Concurrent Clear Claimed Marks 0.013ms
[2026-03-27T14:07:38.619+0900][42.750s][info][gc,marking  ] GC(697) Concurrent Scan Root Regions
[2026-03-27T14:07:38.619+0900][42.750s][info][gc,marking  ] GC(697) Concurrent Scan Root Regions 0.030ms
[2026-03-27T14:07:38.619+0900][42.750s][info][gc,marking  ] GC(697) Concurrent Mark
[2026-03-27T14:07:38.619+0900][42.750s][info][gc,marking  ] GC(697) Concurrent Mark From Roots
[2026-03-27T14:07:38.619+0900][42.750s][info][gc,task     ] GC(697) Using 2 workers of 2 for marking
[2026-03-27T14:07:38.619+0900][42.751s][info][gc,marking  ] GC(697) Concurrent Mark From Roots 0.686ms
[2026-03-27T14:07:38.619+0900][42.751s][info][gc,marking  ] GC(697) Concurrent Preclean
[2026-03-27T14:07:38.619+0900][42.751s][info][gc,marking  ] GC(697) Concurrent Preclean 0.012ms
[2026-03-27T14:07:38.619+0900][42.751s][info][gc,start    ] GC(697) Pause Remark
[2026-03-27T14:07:38.619+0900][42.751s][info][gc          ] GC(697) Pause Remark 273M->273M(512M) 0.293ms
[2026-03-27T14:07:38.619+0900][42.751s][info][gc,cpu      ] GC(697) User=0.00s Sys=0.00s Real=0.00s
[2026-03-27T14:07:38.619+0900][42.751s][info][gc,marking  ] GC(697) Concurrent Mark 1.139ms
[2026-03-27T14:07:38.619+0900][42.751s][info][gc,marking  ] GC(697) Concurrent Rebuild Remembered Sets
[2026-03-27T14:07:38.619+0900][42.752s][info][gc,marking  ] GC(697) Concurrent Rebuild Remembered Sets 0.363ms
[2026-03-27T14:07:38.619+0900][42.752s][info][gc,start    ] GC(697) Pause Cleanup
[2026-03-27T14:07:38.619+0900][42.752s][info][gc          ] GC(697) Pause Cleanup 273M->273M(512M) 0.076ms
[2026-03-27T14:07:38.619+0900][42.752s][info][gc,cpu      ] GC(697) User=0.00s Sys=0.00s Real=0.00s
[2026-03-27T14:07:38.619+0900][42.752s][info][gc,marking  ] GC(697) Concurrent Cleanup for Next Mark
[2026-03-27T14:07:38.619+0900][42.752s][info][gc,marking  ] GC(697) Concurrent Cleanup for Next Mark 0.188ms
[2026-03-27T14:07:38.619+0900][42.752s][info][gc          ] GC(697) Concurrent Mark Cycle 2.155ms
[2026-03-27T14:07:38.682+0900][42.813s][info][gc,start    ] GC(698) Pause Young (Concurrent Start) (G1 Humongous Allocation)
[2026-03-27T14:07:38.682+0900][42.813s][info][gc,task     ] GC(698) Using 8 workers of 8 for evacuation
[2026-03-27T14:07:38.683+0900][42.814s][info][gc,phases   ] GC(698)   Pre Evacuate Collection Set: 0.2ms
[2026-03-27T14:07:38.683+0900][42.814s][info][gc,phases   ] GC(698)   Merge Heap Roots: 0.2ms
[2026-03-27T14:07:38.683+0900][42.814s][info][gc,phases   ] GC(698)   Evacuate Collection Set: 0.1ms
[2026-03-27T14:07:38.683+0900][42.814s][info][gc,phases   ] GC(698)   Post Evacuate Collection Set: 0.1ms
[2026-03-27T14:07:38.683+0900][42.814s][info][gc,phases   ] GC(698)   Other: 0.1ms
[2026-03-27T14:07:38.683+0900][42.814s][info][gc,heap     ] GC(698) Eden regions: 1->0(185)
[2026-03-27T14:07:38.683+0900][42.814s][info][gc,heap     ] GC(698) Survivor regions: 1->1(24)
[2026-03-27T14:07:38.683+0900][42.814s][info][gc,heap     ] GC(698) Old regions: 1->1
[2026-03-27T14:07:38.683+0900][42.814s][info][gc,heap     ] GC(698) Archive regions: 0->0
[2026-03-27T14:07:38.683+0900][42.814s][info][gc,heap     ] GC(698) Humongous regions: 273->272
[2026-03-27T14:07:38.683+0900][42.814s][info][gc,metaspace] GC(698) Metaspace: 166K(384K)->166K(384K) NonClass: 157K(256K)->157K(256K) Class: 9K(128K)->9K(128K)
[2026-03-27T14:07:38.683+0900][42.814s][info][gc          ] GC(698) Pause Young (Concurrent Start) (G1 Humongous Allocation) 274M->272M(512M) 1.274ms
[2026-03-27T14:07:38.684+0900][42.814s][info][gc,cpu      ] GC(698) User=0.00s Sys=0.00s Real=0.00s
[2026-03-27T14:07:38.684+0900][42.814s][info][gc          ] GC(699) Concurrent Mark Cycle
[2026-03-27T14:07:38.684+0900][42.814s][info][gc,marking  ] GC(699) Concurrent Clear Claimed Marks
[2026-03-27T14:07:38.684+0900][42.814s][info][gc,marking  ] GC(699) Concurrent Clear Claimed Marks 0.022ms
[2026-03-27T14:07:38.684+0900][42.814s][info][gc,marking  ] GC(699) Concurrent Scan Root Regions
[2026-03-27T14:07:38.684+0900][42.814s][info][gc,marking  ] GC(699) Concurrent Scan Root Regions 0.044ms
[2026-03-27T14:07:38.684+0900][42.814s][info][gc,marking  ] GC(699) Concurrent Mark
[2026-03-27T14:07:38.684+0900][42.814s][info][gc,marking  ] GC(699) Concurrent Mark From Roots
[2026-03-27T14:07:38.684+0900][42.814s][info][gc,task     ] GC(699) Using 2 workers of 2 for marking
[2026-03-27T14:07:38.684+0900][42.815s][info][gc,marking  ] GC(699) Concurrent Mark From Roots 1.099ms
[2026-03-27T14:07:38.684+0900][42.815s][info][gc,marking  ] GC(699) Concurrent Preclean
[2026-03-27T14:07:38.684+0900][42.815s][info][gc,marking  ] GC(699) Concurrent Preclean 0.014ms
[2026-03-27T14:07:38.684+0900][42.816s][info][gc,start    ] GC(699) Pause Remark
[2026-03-27T14:07:38.684+0900][42.817s][info][gc          ] GC(699) Pause Remark 273M->273M(512M) 0.883ms
[2026-03-27T14:07:38.684+0900][42.817s][info][gc,cpu      ] GC(699) User=0.00s Sys=0.00s Real=0.00s
[2026-03-27T14:07:38.684+0900][42.817s][info][gc,marking  ] GC(699) Concurrent Mark 2.381ms
[2026-03-27T14:07:38.684+0900][42.817s][info][gc,marking  ] GC(699) Concurrent Rebuild Remembered Sets
[2026-03-27T14:07:38.684+0900][42.817s][info][gc,marking  ] GC(699) Concurrent Rebuild Remembered Sets 0.486ms
[2026-03-27T14:07:38.684+0900][42.818s][info][gc,start    ] GC(699) Pause Cleanup
[2026-03-27T14:07:38.684+0900][42.818s][info][gc          ] GC(699) Pause Cleanup 273M->273M(512M) 0.128ms
[2026-03-27T14:07:38.684+0900][42.818s][info][gc,cpu      ] GC(699) User=0.00s Sys=0.00s Real=0.00s
[2026-03-27T14:07:38.684+0900][42.818s][info][gc,marking  ] GC(699) Concurrent Cleanup for Next Mark
[2026-03-27T14:07:38.684+0900][42.818s][info][gc,marking  ] GC(699) Concurrent Cleanup for Next Mark 0.284ms
[2026-03-27T14:07:38.684+0900][42.818s][info][gc          ] GC(699) Concurrent Mark Cycle 3.958ms
[2026-03-27T14:07:38.746+0900][42.876s][info][gc,start    ] GC(700) Pause Young (Concurrent Start) (G1 Humongous Allocation)
[2026-03-27T14:07:38.746+0900][42.876s][info][gc,task     ] GC(700) Using 8 workers of 8 for evacuation
[2026-03-27T14:07:38.746+0900][42.878s][info][gc,phases   ] GC(700)   Pre Evacuate Collection Set: 0.2ms
[2026-03-27T14:07:38.746+0900][42.878s][info][gc,phases   ] GC(700)   Merge Heap Roots: 0.3ms
[2026-03-27T14:07:38.746+0900][42.878s][info][gc,phases   ] GC(700)   Evacuate Collection Set: 0.2ms
[2026-03-27T14:07:38.746+0900][42.878s][info][gc,phases   ] GC(700)   Post Evacuate Collection Set: 0.6ms
[2026-03-27T14:07:38.746+0900][42.878s][info][gc,phases   ] GC(700)   Other: 0.1ms
[2026-03-27T14:07:38.746+0900][42.878s][info][gc,heap     ] GC(700) Eden regions: 1->0(185)
[2026-03-27T14:07:38.746+0900][42.878s][info][gc,heap     ] GC(700) Survivor regions: 1->1(24)
[2026-03-27T14:07:38.746+0900][42.878s][info][gc,heap     ] GC(700) Old regions: 1->1
[2026-03-27T14:07:38.746+0900][42.878s][info][gc,heap     ] GC(700) Archive regions: 0->0
[2026-03-27T14:07:38.746+0900][42.878s][info][gc,heap     ] GC(700) Humongous regions: 273->272
[2026-03-27T14:07:38.746+0900][42.878s][info][gc,metaspace] GC(700) Metaspace: 166K(384K)->166K(384K) NonClass: 157K(256K)->157K(256K) Class: 9K(128K)->9K(128K)
[2026-03-27T14:07:38.746+0900][42.878s][info][gc          ] GC(700) Pause Young (Concurrent Start) (G1 Humongous Allocation) 274M->272M(512M) 1.691ms
[2026-03-27T14:07:38.746+0900][42.878s][info][gc,cpu      ] GC(700) User=0.00s Sys=0.00s Real=0.00s
[2026-03-27T14:07:38.746+0900][42.878s][info][gc          ] GC(701) Concurrent Mark Cycle
[2026-03-27T14:07:38.746+0900][42.878s][info][gc,marking  ] GC(701) Concurrent Clear Claimed Marks
[2026-03-27T14:07:38.746+0900][42.878s][info][gc,marking  ] GC(701) Concurrent Clear Claimed Marks 0.018ms
[2026-03-27T14:07:38.746+0900][42.878s][info][gc,marking  ] GC(701) Concurrent Scan Root Regions
[2026-03-27T14:07:38.746+0900][42.878s][info][gc,marking  ] GC(701) Concurrent Scan Root Regions 0.113ms
[2026-03-27T14:07:38.746+0900][42.878s][info][gc,marking  ] GC(701) Concurrent Mark
[2026-03-27T14:07:38.746+0900][42.878s][info][gc,marking  ] GC(701) Concurrent Mark From Roots
[2026-03-27T14:07:38.746+0900][42.878s][info][gc,task     ] GC(701) Using 2 workers of 2 for marking
[2026-03-27T14:07:38.746+0900][42.879s][info][gc,marking  ] GC(701) Concurrent Mark From Roots 0.796ms
[2026-03-27T14:07:38.746+0900][42.879s][info][gc,marking  ] GC(701) Concurrent Preclean
[2026-03-27T14:07:38.746+0900][42.879s][info][gc,marking  ] GC(701) Concurrent Preclean 0.013ms
[2026-03-27T14:07:38.746+0900][42.879s][info][gc,start    ] GC(701) Pause Remark
[2026-03-27T14:07:38.746+0900][42.880s][info][gc          ] GC(701) Pause Remark 273M->273M(512M) 0.910ms
[2026-03-27T14:07:38.746+0900][42.880s][info][gc,cpu      ] GC(701) User=0.00s Sys=0.00s Real=0.00s
[2026-03-27T14:07:38.746+0900][42.880s][info][gc,marking  ] GC(701) Concurrent Mark 2.036ms
[2026-03-27T14:07:38.746+0900][42.880s][info][gc,marking  ] GC(701) Concurrent Rebuild Remembered Sets
[2026-03-27T14:07:38.746+0900][42.881s][info][gc,marking  ] GC(701) Concurrent Rebuild Remembered Sets 0.597ms
[2026-03-27T14:07:38.746+0900][42.881s][info][gc,start    ] GC(701) Pause Cleanup
[2026-03-27T14:07:38.746+0900][42.881s][info][gc          ] GC(701) Pause Cleanup 273M->273M(512M) 0.196ms
[2026-03-27T14:07:38.746+0900][42.881s][info][gc,cpu      ] GC(701) User=0.00s Sys=0.00s Real=0.00s
[2026-03-27T14:07:38.746+0900][42.881s][info][gc,marking  ] GC(701) Concurrent Cleanup for Next Mark
[2026-03-27T14:07:38.746+0900][42.882s][info][gc,marking  ] GC(701) Concurrent Cleanup for Next Mark 0.290ms
[2026-03-27T14:07:38.746+0900][42.882s][info][gc          ] GC(701) Concurrent Mark Cycle 3.640ms
[2026-03-27T14:07:38.810+0900][42.940s][info][gc,start    ] GC(702) Pause Young (Concurrent Start) (G1 Humongous Allocation)
[2026-03-27T14:07:38.810+0900][42.940s][info][gc,task     ] GC(702) Using 8 workers of 8 for evacuation
[2026-03-27T14:07:38.810+0900][42.942s][info][gc,phases   ] GC(702)   Pre Evacuate Collection Set: 0.2ms
[2026-03-27T14:07:38.810+0900][42.942s][info][gc,phases   ] GC(702)   Merge Heap Roots: 0.3ms
[2026-03-27T14:07:38.810+0900][42.942s][info][gc,phases   ] GC(702)   Evacuate Collection Set: 0.3ms
[2026-03-27T14:07:38.810+0900][42.942s][info][gc,phases   ] GC(702)   Post Evacuate Collection Set: 0.7ms
[2026-03-27T14:07:38.810+0900][42.942s][info][gc,phases   ] GC(702)   Other: 0.1ms
[2026-03-27T14:07:38.810+0900][42.942s][info][gc,heap     ] GC(702) Eden regions: 1->0(185)
[2026-03-27T14:07:38.810+0900][42.942s][info][gc,heap     ] GC(702) Survivor regions: 1->1(24)
[2026-03-27T14:07:38.810+0900][42.942s][info][gc,heap     ] GC(702) Old regions: 1->1
[2026-03-27T14:07:38.810+0900][42.942s][info][gc,heap     ] GC(702) Archive regions: 0->0
[2026-03-27T14:07:38.810+0900][42.942s][info][gc,heap     ] GC(702) Humongous regions: 273->272
[2026-03-27T14:07:38.810+0900][42.942s][info][gc,metaspace] GC(702) Metaspace: 166K(384K)->166K(384K) NonClass: 157K(256K)->157K(256K) Class: 9K(128K)->9K(128K)
[2026-03-27T14:07:38.810+0900][42.943s][info][gc          ] GC(702) Pause Young (Concurrent Start) (G1 Humongous Allocation) 274M->272M(512M) 2.230ms
[2026-03-27T14:07:38.810+0900][42.943s][info][gc,cpu      ] GC(702) User=0.00s Sys=0.00s Real=0.00s
[2026-03-27T14:07:38.810+0900][42.943s][info][gc          ] GC(703) Concurrent Mark Cycle
[2026-03-27T14:07:38.810+0900][42.943s][info][gc,marking  ] GC(703) Concurrent Clear Claimed Marks
[2026-03-27T14:07:38.810+0900][42.943s][info][gc,marking  ] GC(703) Concurrent Clear Claimed Marks 0.032ms
[2026-03-27T14:07:38.810+0900][42.943s][info][gc,marking  ] GC(703) Concurrent Scan Root Regions
[2026-03-27T14:07:38.810+0900][42.943s][info][gc,marking  ] GC(703) Concurrent Scan Root Regions 0.191ms
[2026-03-27T14:07:38.810+0900][42.943s][info][gc,marking  ] GC(703) Concurrent Mark
[2026-03-27T14:07:38.810+0900][42.943s][info][gc,marking  ] GC(703) Concurrent Mark From Roots
[2026-03-27T14:07:38.810+0900][42.943s][info][gc,task     ] GC(703) Using 2 workers of 2 for marking
[2026-03-27T14:07:38.810+0900][42.944s][info][gc,marking  ] GC(703) Concurrent Mark From Roots 1.296ms
[2026-03-27T14:07:38.810+0900][42.944s][info][gc,marking  ] GC(703) Concurrent Preclean
[2026-03-27T14:07:38.810+0900][42.944s][info][gc,marking  ] GC(703) Concurrent Preclean 0.029ms
[2026-03-27T14:07:38.810+0900][42.945s][info][gc,start    ] GC(703) Pause Remark
[2026-03-27T14:07:38.810+0900][42.946s][info][gc          ] GC(703) Pause Remark 275M->275M(512M) 1.073ms
[2026-03-27T14:07:38.810+0900][42.946s][info][gc,cpu      ] GC(703) User=0.00s Sys=0.00s Real=0.00s
[2026-03-27T14:07:38.810+0900][42.946s][info][gc,marking  ] GC(703) Concurrent Mark 3.006ms
[2026-03-27T14:07:38.810+0900][42.946s][info][gc,marking  ] GC(703) Concurrent Rebuild Remembered Sets
[2026-03-27T14:07:38.810+0900][42.947s][info][gc,marking  ] GC(703) Concurrent Rebuild Remembered Sets 0.724ms
[2026-03-27T14:07:38.810+0900][42.947s][info][gc,start    ] GC(703) Pause Cleanup
[2026-03-27T14:07:38.810+0900][42.947s][info][gc          ] GC(703) Pause Cleanup 275M->275M(512M) 0.155ms
[2026-03-27T14:07:38.810+0900][42.947s][info][gc,cpu      ] GC(703) User=0.00s Sys=0.00s Real=0.00s
[2026-03-27T14:07:38.810+0900][42.947s][info][gc,marking  ] GC(703) Concurrent Cleanup for Next Mark
[2026-03-27T14:07:38.810+0900][42.948s][info][gc,marking  ] GC(703) Concurrent Cleanup for Next Mark 0.389ms
[2026-03-27T14:07:38.810+0900][42.948s][info][gc          ] GC(703) Concurrent Mark Cycle 5.209ms
[2026-03-27T14:07:38.874+0900][43.004s][info][gc,start    ] GC(704) Pause Young (Concurrent Start) (G1 Humongous Allocation)
[2026-03-27T14:07:38.874+0900][43.004s][info][gc,task     ] GC(704) Using 8 workers of 8 for evacuation
[2026-03-27T14:07:38.875+0900][43.006s][info][gc,phases   ] GC(704)   Pre Evacuate Collection Set: 0.3ms
[2026-03-27T14:07:38.875+0900][43.006s][info][gc,phases   ] GC(704)   Merge Heap Roots: 0.2ms
[2026-03-27T14:07:38.875+0900][43.006s][info][gc,phases   ] GC(704)   Evacuate Collection Set: 0.2ms
[2026-03-27T14:07:38.875+0900][43.006s][info][gc,phases   ] GC(704)   Post Evacuate Collection Set: 0.5ms
[2026-03-27T14:07:38.875+0900][43.006s][info][gc,phases   ] GC(704)   Other: 0.3ms
[2026-03-27T14:07:38.875+0900][43.006s][info][gc,heap     ] GC(704) Eden regions: 1->0(183)
[2026-03-27T14:07:38.875+0900][43.006s][info][gc,heap     ] GC(704) Survivor regions: 1->1(24)
[2026-03-27T14:07:38.875+0900][43.006s][info][gc,heap     ] GC(704) Old regions: 1->1
[2026-03-27T14:07:38.875+0900][43.006s][info][gc,heap     ] GC(704) Archive regions: 0->0
[2026-03-27T14:07:38.875+0900][43.006s][info][gc,heap     ] GC(704) Humongous regions: 275->274
[2026-03-27T14:07:38.875+0900][43.006s][info][gc,metaspace] GC(704) Metaspace: 166K(384K)->166K(384K) NonClass: 157K(256K)->157K(256K) Class: 9K(128K)->9K(128K)
[2026-03-27T14:07:38.875+0900][43.006s][info][gc          ] GC(704) Pause Young (Concurrent Start) (G1 Humongous Allocation) 276M->274M(512M) 1.911ms
[2026-03-27T14:07:38.875+0900][43.006s][info][gc,cpu      ] GC(704) User=0.00s Sys=0.00s Real=0.00s
[2026-03-27T14:07:38.875+0900][43.006s][info][gc          ] GC(705) Concurrent Mark Cycle
[2026-03-27T14:07:38.875+0900][43.006s][info][gc,marking  ] GC(705) Concurrent Clear Claimed Marks
[2026-03-27T14:07:38.875+0900][43.006s][info][gc,marking  ] GC(705) Concurrent Clear Claimed Marks 0.013ms
[2026-03-27T14:07:38.875+0900][43.006s][info][gc,marking  ] GC(705) Concurrent Scan Root Regions
[2026-03-27T14:07:38.875+0900][43.006s][info][gc,marking  ] GC(705) Concurrent Scan Root Regions 0.159ms
[2026-03-27T14:07:38.875+0900][43.006s][info][gc,marking  ] GC(705) Concurrent Mark
[2026-03-27T14:07:38.875+0900][43.006s][info][gc,marking  ] GC(705) Concurrent Mark From Roots
[2026-03-27T14:07:38.875+0900][43.006s][info][gc,task     ] GC(705) Using 2 workers of 2 for marking
[2026-03-27T14:07:38.875+0900][43.007s][info][gc,marking  ] GC(705) Concurrent Mark From Roots 0.790ms
[2026-03-27T14:07:38.875+0900][43.007s][info][gc,marking  ] GC(705) Concurrent Preclean
[2026-03-27T14:07:38.875+0900][43.007s][info][gc,marking  ] GC(705) Concurrent Preclean 0.013ms
[2026-03-27T14:07:38.875+0900][43.007s][info][gc,start    ] GC(705) Pause Remark
[2026-03-27T14:07:38.875+0900][43.008s][info][gc          ] GC(705) Pause Remark 275M->275M(512M) 0.930ms
[2026-03-27T14:07:38.875+0900][43.008s][info][gc,cpu      ] GC(705) User=0.00s Sys=0.00s Real=0.00s
[2026-03-27T14:07:38.875+0900][43.008s][info][gc,marking  ] GC(705) Concurrent Mark 2.072ms
[2026-03-27T14:07:38.875+0900][43.008s][info][gc,marking  ] GC(705) Concurrent Rebuild Remembered Sets
[2026-03-27T14:07:38.875+0900][43.009s][info][gc,marking  ] GC(705) Concurrent Rebuild Remembered Sets 0.480ms
[2026-03-27T14:07:38.875+0900][43.009s][info][gc,start    ] GC(705) Pause Cleanup
[2026-03-27T14:07:38.875+0900][43.009s][info][gc          ] GC(705) Pause Cleanup 275M->275M(512M) 0.191ms
[2026-03-27T14:07:38.875+0900][43.009s][info][gc,cpu      ] GC(705) User=0.00s Sys=0.00s Real=0.00s
[2026-03-27T14:07:38.875+0900][43.009s][info][gc,marking  ] GC(705) Concurrent Cleanup for Next Mark
[2026-03-27T14:07:38.875+0900][43.010s][info][gc,marking  ] GC(705) Concurrent Cleanup for Next Mark 0.306ms
[2026-03-27T14:07:38.875+0900][43.010s][info][gc          ] GC(705) Concurrent Mark Cycle 3.732ms
[2026-03-27T14:07:38.938+0900][43.068s][info][gc,start    ] GC(706) Pause Young (Concurrent Start) (G1 Humongous Allocation)
[2026-03-27T14:07:38.938+0900][43.068s][info][gc,task     ] GC(706) Using 8 workers of 8 for evacuation
[2026-03-27T14:07:38.938+0900][43.069s][info][gc,phases   ] GC(706)   Pre Evacuate Collection Set: 0.2ms
[2026-03-27T14:07:38.938+0900][43.070s][info][gc,phases   ] GC(706)   Merge Heap Roots: 0.2ms
[2026-03-27T14:07:38.938+0900][43.070s][info][gc,phases   ] GC(706)   Evacuate Collection Set: 0.2ms
[2026-03-27T14:07:38.938+0900][43.070s][info][gc,phases   ] GC(706)   Post Evacuate Collection Set: 0.6ms
[2026-03-27T14:07:38.938+0900][43.070s][info][gc,phases   ] GC(706)   Other: 0.2ms
[2026-03-27T14:07:38.938+0900][43.070s][info][gc,heap     ] GC(706) Eden regions: 1->0(183)
[2026-03-27T14:07:38.938+0900][43.070s][info][gc,heap     ] GC(706) Survivor regions: 1->1(23)
[2026-03-27T14:07:38.938+0900][43.070s][info][gc,heap     ] GC(706) Old regions: 1->1
[2026-03-27T14:07:38.938+0900][43.070s][info][gc,heap     ] GC(706) Archive regions: 0->0
[2026-03-27T14:07:38.938+0900][43.070s][info][gc,heap     ] GC(706) Humongous regions: 275->274
[2026-03-27T14:07:38.938+0900][43.070s][info][gc,metaspace] GC(706) Metaspace: 166K(384K)->166K(384K) NonClass: 157K(256K)->157K(256K) Class: 9K(128K)->9K(128K)
[2026-03-27T14:07:38.938+0900][43.070s][info][gc          ] GC(706) Pause Young (Concurrent Start) (G1 Humongous Allocation) 276M->274M(512M) 1.918ms
[2026-03-27T14:07:38.938+0900][43.070s][info][gc,cpu      ] GC(706) User=0.00s Sys=0.00s Real=0.00s
[2026-03-27T14:07:38.938+0900][43.070s][info][gc          ] GC(707) Concurrent Mark Cycle
[2026-03-27T14:07:38.938+0900][43.070s][info][gc,marking  ] GC(707) Concurrent Clear Claimed Marks
[2026-03-27T14:07:38.938+0900][43.070s][info][gc,marking  ] GC(707) Concurrent Clear Claimed Marks 0.023ms
[2026-03-27T14:07:38.938+0900][43.070s][info][gc,marking  ] GC(707) Concurrent Scan Root Regions
[2026-03-27T14:07:38.938+0900][43.070s][info][gc,marking  ] GC(707) Concurrent Scan Root Regions 0.134ms
[2026-03-27T14:07:38.938+0900][43.070s][info][gc,marking  ] GC(707) Concurrent Mark
[2026-03-27T14:07:38.938+0900][43.070s][info][gc,marking  ] GC(707) Concurrent Mark From Roots
[2026-03-27T14:07:38.938+0900][43.070s][info][gc,task     ] GC(707) Using 2 workers of 2 for marking
[2026-03-27T14:07:38.938+0900][43.071s][info][gc,marking  ] GC(707) Concurrent Mark From Roots 1.218ms
[2026-03-27T14:07:38.938+0900][43.071s][info][gc,marking  ] GC(707) Concurrent Preclean
[2026-03-27T14:07:38.938+0900][43.071s][info][gc,marking  ] GC(707) Concurrent Preclean 0.020ms
[2026-03-27T14:07:38.938+0900][43.072s][info][gc,start    ] GC(707) Pause Remark
[2026-03-27T14:07:38.938+0900][43.073s][info][gc          ] GC(707) Pause Remark 275M->275M(512M) 0.811ms
[2026-03-27T14:07:38.938+0900][43.073s][info][gc,cpu      ] GC(707) User=0.00s Sys=0.00s Real=0.00s
[2026-03-27T14:07:38.938+0900][43.073s][info][gc,marking  ] GC(707) Concurrent Mark 2.528ms
[2026-03-27T14:07:38.938+0900][43.073s][info][gc,marking  ] GC(707) Concurrent Rebuild Remembered Sets
[2026-03-27T14:07:38.938+0900][43.073s][info][gc,marking  ] GC(707) Concurrent Rebuild Remembered Sets 0.573ms
[2026-03-27T14:07:38.938+0900][43.074s][info][gc,start    ] GC(707) Pause Cleanup
[2026-03-27T14:07:38.938+0900][43.074s][info][gc          ] GC(707) Pause Cleanup 275M->275M(512M) 0.347ms
[2026-03-27T14:07:38.938+0900][43.074s][info][gc,cpu      ] GC(707) User=0.00s Sys=0.00s Real=0.00s
[2026-03-27T14:07:38.938+0900][43.074s][info][gc,marking  ] GC(707) Concurrent Cleanup for Next Mark
[2026-03-27T14:07:38.938+0900][43.075s][info][gc,marking  ] GC(707) Concurrent Cleanup for Next Mark 0.443ms
[2026-03-27T14:07:38.938+0900][43.075s][info][gc          ] GC(707) Concurrent Mark Cycle 4.777ms
[2026-03-27T14:07:39.001+0900][43.131s][info][gc,start    ] GC(708) Pause Young (Concurrent Start) (G1 Humongous Allocation)
[2026-03-27T14:07:39.001+0900][43.131s][info][gc,task     ] GC(708) Using 8 workers of 8 for evacuation
[2026-03-27T14:07:39.001+0900][43.132s][info][gc,phases   ] GC(708)   Pre Evacuate Collection Set: 0.1ms
[2026-03-27T14:07:39.001+0900][43.132s][info][gc,phases   ] GC(708)   Merge Heap Roots: 0.2ms
[2026-03-27T14:07:39.001+0900][43.132s][info][gc,phases   ] GC(708)   Evacuate Collection Set: 0.1ms
[2026-03-27T14:07:39.001+0900][43.132s][info][gc,phases   ] GC(708)   Post Evacuate Collection Set: 0.3ms
[2026-03-27T14:07:39.001+0900][43.132s][info][gc,phases   ] GC(708)   Other: 0.1ms
[2026-03-27T14:07:39.001+0900][43.132s][info][gc,heap     ] GC(708) Eden regions: 1->0(183)
[2026-03-27T14:07:39.001+0900][43.132s][info][gc,heap     ] GC(708) Survivor regions: 1->1(23)
[2026-03-27T14:07:39.001+0900][43.132s][info][gc,heap     ] GC(708) Old regions: 1->1
[2026-03-27T14:07:39.001+0900][43.132s][info][gc,heap     ] GC(708) Archive regions: 0->0
[2026-03-27T14:07:39.001+0900][43.132s][info][gc,heap     ] GC(708) Humongous regions: 275->274
[2026-03-27T14:07:39.001+0900][43.132s][info][gc,metaspace] GC(708) Metaspace: 166K(384K)->166K(384K) NonClass: 157K(256K)->157K(256K) Class: 9K(128K)->9K(128K)
[2026-03-27T14:07:39.001+0900][43.132s][info][gc          ] GC(708) Pause Young (Concurrent Start) (G1 Humongous Allocation) 276M->274M(512M) 1.328ms
[2026-03-27T14:07:39.001+0900][43.132s][info][gc,cpu      ] GC(708) User=0.00s Sys=0.00s Real=0.00s
[2026-03-27T14:07:39.001+0900][43.132s][info][gc          ] GC(709) Concurrent Mark Cycle
[2026-03-27T14:07:39.001+0900][43.132s][info][gc,marking  ] GC(709) Concurrent Clear Claimed Marks
[2026-03-27T14:07:39.001+0900][43.132s][info][gc,marking  ] GC(709) Concurrent Clear Claimed Marks 0.023ms
[2026-03-27T14:07:39.001+0900][43.132s][info][gc,marking  ] GC(709) Concurrent Scan Root Regions
[2026-03-27T14:07:39.001+0900][43.132s][info][gc,marking  ] GC(709) Concurrent Scan Root Regions 0.046ms
[2026-03-27T14:07:39.001+0900][43.133s][info][gc,marking  ] GC(709) Concurrent Mark
[2026-03-27T14:07:39.001+0900][43.133s][info][gc,marking  ] GC(709) Concurrent Mark From Roots
[2026-03-27T14:07:39.001+0900][43.133s][info][gc,task     ] GC(709) Using 2 workers of 2 for marking
[2026-03-27T14:07:39.001+0900][43.133s][info][gc,marking  ] GC(709) Concurrent Mark From Roots 0.929ms
[2026-03-27T14:07:39.001+0900][43.134s][info][gc,marking  ] GC(709) Concurrent Preclean
[2026-03-27T14:07:39.001+0900][43.134s][info][gc,marking  ] GC(709) Concurrent Preclean 0.024ms
[2026-03-27T14:07:39.001+0900][43.134s][info][gc,start    ] GC(709) Pause Remark
[2026-03-27T14:07:39.001+0900][43.134s][info][gc          ] GC(709) Pause Remark 275M->275M(512M) 0.583ms
[2026-03-27T14:07:39.001+0900][43.134s][info][gc,cpu      ] GC(709) User=0.05s Sys=0.00s Real=0.00s
[2026-03-27T14:07:39.001+0900][43.134s][info][gc,marking  ] GC(709) Concurrent Mark 1.939ms
[2026-03-27T14:07:39.001+0900][43.134s][info][gc,marking  ] GC(709) Concurrent Rebuild Remembered Sets
[2026-03-27T14:07:39.001+0900][43.135s][info][gc,marking  ] GC(709) Concurrent Rebuild Remembered Sets 0.494ms
[2026-03-27T14:07:39.001+0900][43.135s][info][gc,start    ] GC(709) Pause Cleanup
[2026-03-27T14:07:39.001+0900][43.135s][info][gc          ] GC(709) Pause Cleanup 275M->275M(512M) 0.180ms
[2026-03-27T14:07:39.001+0900][43.135s][info][gc,cpu      ] GC(709) User=0.00s Sys=0.00s Real=0.00s
[2026-03-27T14:07:39.001+0900][43.135s][info][gc,marking  ] GC(709) Concurrent Cleanup for Next Mark
[2026-03-27T14:07:39.001+0900][43.136s][info][gc,marking  ] GC(709) Concurrent Cleanup for Next Mark 0.352ms
[2026-03-27T14:07:39.001+0900][43.136s][info][gc          ] GC(709) Concurrent Mark Cycle 3.548ms
[2026-03-27T14:07:39.065+0900][43.195s][info][gc,start    ] GC(710) Pause Young (Concurrent Start) (G1 Humongous Allocation)
[2026-03-27T14:07:39.065+0900][43.195s][info][gc,task     ] GC(710) Using 8 workers of 8 for evacuation
[2026-03-27T14:07:39.065+0900][43.197s][info][gc,phases   ] GC(710)   Pre Evacuate Collection Set: 0.1ms
[2026-03-27T14:07:39.065+0900][43.197s][info][gc,phases   ] GC(710)   Merge Heap Roots: 0.2ms
[2026-03-27T14:07:39.065+0900][43.197s][info][gc,phases   ] GC(710)   Evacuate Collection Set: 0.1ms
[2026-03-27T14:07:39.065+0900][43.197s][info][gc,phases   ] GC(710)   Post Evacuate Collection Set: 0.6ms
[2026-03-27T14:07:39.065+0900][43.197s][info][gc,phases   ] GC(710)   Other: 0.1ms
[2026-03-27T14:07:39.065+0900][43.197s][info][gc,heap     ] GC(710) Eden regions: 1->0(183)
[2026-03-27T14:07:39.065+0900][43.197s][info][gc,heap     ] GC(710) Survivor regions: 1->1(23)
[2026-03-27T14:07:39.065+0900][43.197s][info][gc,heap     ] GC(710) Old regions: 1->1
[2026-03-27T14:07:39.065+0900][43.197s][info][gc,heap     ] GC(710) Archive regions: 0->0
[2026-03-27T14:07:39.065+0900][43.197s][info][gc,heap     ] GC(710) Humongous regions: 275->274
[2026-03-27T14:07:39.065+0900][43.197s][info][gc,metaspace] GC(710) Metaspace: 166K(384K)->166K(384K) NonClass: 157K(256K)->157K(256K) Class: 9K(128K)->9K(128K)
[2026-03-27T14:07:39.065+0900][43.197s][info][gc          ] GC(710) Pause Young (Concurrent Start) (G1 Humongous Allocation) 276M->274M(512M) 1.389ms
[2026-03-27T14:07:39.065+0900][43.197s][info][gc,cpu      ] GC(710) User=0.00s Sys=0.00s Real=0.00s
[2026-03-27T14:07:39.065+0900][43.197s][info][gc          ] GC(711) Concurrent Mark Cycle
[2026-03-27T14:07:39.065+0900][43.197s][info][gc,marking  ] GC(711) Concurrent Clear Claimed Marks
[2026-03-27T14:07:39.065+0900][43.197s][info][gc,marking  ] GC(711) Concurrent Clear Claimed Marks 0.015ms
[2026-03-27T14:07:39.065+0900][43.197s][info][gc,marking  ] GC(711) Concurrent Scan Root Regions
[2026-03-27T14:07:39.065+0900][43.197s][info][gc,marking  ] GC(711) Concurrent Scan Root Regions 0.114ms
[2026-03-27T14:07:39.065+0900][43.197s][info][gc,marking  ] GC(711) Concurrent Mark
[2026-03-27T14:07:39.065+0900][43.197s][info][gc,marking  ] GC(711) Concurrent Mark From Roots
[2026-03-27T14:07:39.065+0900][43.197s][info][gc,task     ] GC(711) Using 2 workers of 2 for marking
[2026-03-27T14:07:39.065+0900][43.198s][info][gc,marking  ] GC(711) Concurrent Mark From Roots 0.811ms
[2026-03-27T14:07:39.065+0900][43.198s][info][gc,marking  ] GC(711) Concurrent Preclean
[2026-03-27T14:07:39.065+0900][43.198s][info][gc,marking  ] GC(711) Concurrent Preclean 0.014ms
[2026-03-27T14:07:39.065+0900][43.198s][info][gc,start    ] GC(711) Pause Remark
[2026-03-27T14:07:39.065+0900][43.199s][info][gc          ] GC(711) Pause Remark 275M->275M(512M) 0.780ms
[2026-03-27T14:07:39.065+0900][43.199s][info][gc,cpu      ] GC(711) User=0.00s Sys=0.00s Real=0.00s
[2026-03-27T14:07:39.065+0900][43.199s][info][gc,marking  ] GC(711) Concurrent Mark 1.925ms
[2026-03-27T14:07:39.065+0900][43.199s][info][gc,marking  ] GC(711) Concurrent Rebuild Remembered Sets
[2026-03-27T14:07:39.069+0900][43.200s][info][gc,marking  ] GC(711) Concurrent Rebuild Remembered Sets 0.512ms
[2026-03-27T14:07:39.069+0900][43.200s][info][gc,start    ] GC(711) Pause Cleanup
[2026-03-27T14:07:39.069+0900][43.200s][info][gc          ] GC(711) Pause Cleanup 275M->275M(512M) 0.126ms
[2026-03-27T14:07:39.069+0900][43.200s][info][gc,cpu      ] GC(711) User=0.00s Sys=0.00s Real=0.00s
[2026-03-27T14:07:39.069+0900][43.200s][info][gc,marking  ] GC(711) Concurrent Cleanup for Next Mark
[2026-03-27T14:07:39.069+0900][43.200s][info][gc,marking  ] GC(711) Concurrent Cleanup for Next Mark 0.359ms
[2026-03-27T14:07:39.069+0900][43.200s][info][gc          ] GC(711) Concurrent Mark Cycle 3.647ms
[2026-03-27T14:07:39.129+0900][43.259s][info][gc,start    ] GC(712) Pause Young (Concurrent Start) (G1 Humongous Allocation)
[2026-03-27T14:07:39.129+0900][43.259s][info][gc,task     ] GC(712) Using 8 workers of 8 for evacuation
[2026-03-27T14:07:39.129+0900][43.260s][info][gc,phases   ] GC(712)   Pre Evacuate Collection Set: 0.2ms
[2026-03-27T14:07:39.129+0900][43.260s][info][gc,phases   ] GC(712)   Merge Heap Roots: 0.1ms
[2026-03-27T14:07:39.129+0900][43.260s][info][gc,phases   ] GC(712)   Evacuate Collection Set: 0.2ms
[2026-03-27T14:07:39.129+0900][43.260s][info][gc,phases   ] GC(712)   Post Evacuate Collection Set: 0.4ms
[2026-03-27T14:07:39.129+0900][43.260s][info][gc,phases   ] GC(712)   Other: 0.2ms
[2026-03-27T14:07:39.129+0900][43.260s][info][gc,heap     ] GC(712) Eden regions: 1->0(183)
[2026-03-27T14:07:39.129+0900][43.260s][info][gc,heap     ] GC(712) Survivor regions: 1->1(23)
[2026-03-27T14:07:39.129+0900][43.260s][info][gc,heap     ] GC(712) Old regions: 1->1
[2026-03-27T14:07:39.129+0900][43.260s][info][gc,heap     ] GC(712) Archive regions: 0->0
[2026-03-27T14:07:39.129+0900][43.260s][info][gc,heap     ] GC(712) Humongous regions: 275->274
[2026-03-27T14:07:39.129+0900][43.260s][info][gc,metaspace] GC(712) Metaspace: 166K(384K)->166K(384K) NonClass: 157K(256K)->157K(256K) Class: 9K(128K)->9K(128K)
[2026-03-27T14:07:39.129+0900][43.260s][info][gc          ] GC(712) Pause Young (Concurrent Start) (G1 Humongous Allocation) 276M->274M(512M) 1.486ms
[2026-03-27T14:07:39.129+0900][43.260s][info][gc,cpu      ] GC(712) User=0.02s Sys=0.00s Real=0.00s
[2026-03-27T14:07:39.129+0900][43.260s][info][gc          ] GC(713) Concurrent Mark Cycle
[2026-03-27T14:07:39.129+0900][43.260s][info][gc,marking  ] GC(713) Concurrent Clear Claimed Marks
[2026-03-27T14:07:39.129+0900][43.260s][info][gc,marking  ] GC(713) Concurrent Clear Claimed Marks 0.019ms
[2026-03-27T14:07:39.129+0900][43.260s][info][gc,marking  ] GC(713) Concurrent Scan Root Regions
[2026-03-27T14:07:39.129+0900][43.260s][info][gc,marking  ] GC(713) Concurrent Scan Root Regions 0.037ms
[2026-03-27T14:07:39.129+0900][43.260s][info][gc,marking  ] GC(713) Concurrent Mark
[2026-03-27T14:07:39.129+0900][43.260s][info][gc,marking  ] GC(713) Concurrent Mark From Roots
[2026-03-27T14:07:39.129+0900][43.260s][info][gc,task     ] GC(713) Using 2 workers of 2 for marking
[2026-03-27T14:07:39.129+0900][43.261s][info][gc,marking  ] GC(713) Concurrent Mark From Roots 0.703ms
[2026-03-27T14:07:39.129+0900][43.261s][info][gc,marking  ] GC(713) Concurrent Preclean
[2026-03-27T14:07:39.129+0900][43.261s][info][gc,marking  ] GC(713) Concurrent Preclean 0.013ms
[2026-03-27T14:07:39.129+0900][43.261s][info][gc,start    ] GC(713) Pause Remark
[2026-03-27T14:07:39.129+0900][43.262s][info][gc          ] GC(713) Pause Remark 277M->277M(512M) 1.014ms
[2026-03-27T14:07:39.129+0900][43.262s][info][gc,cpu      ] GC(713) User=0.00s Sys=0.00s Real=0.00s
[2026-03-27T14:07:39.129+0900][43.263s][info][gc,marking  ] GC(713) Concurrent Mark 2.151ms
[2026-03-27T14:07:39.129+0900][43.263s][info][gc,marking  ] GC(713) Concurrent Rebuild Remembered Sets
[2026-03-27T14:07:39.129+0900][43.263s][info][gc,marking  ] GC(713) Concurrent Rebuild Remembered Sets 0.440ms
[2026-03-27T14:07:39.129+0900][43.263s][info][gc,start    ] GC(713) Pause Cleanup
[2026-03-27T14:07:39.129+0900][43.263s][info][gc          ] GC(713) Pause Cleanup 277M->277M(512M) 0.124ms
[2026-03-27T14:07:39.129+0900][43.263s][info][gc,cpu      ] GC(713) User=0.00s Sys=0.00s Real=0.00s
[2026-03-27T14:07:39.129+0900][43.263s][info][gc,marking  ] GC(713) Concurrent Cleanup for Next Mark
[2026-03-27T14:07:39.129+0900][43.264s][info][gc,marking  ] GC(713) Concurrent Cleanup for Next Mark 0.240ms
[2026-03-27T14:07:39.129+0900][43.264s][info][gc          ] GC(713) Concurrent Mark Cycle 3.453ms
[2026-03-27T14:07:39.193+0900][43.323s][info][gc,start    ] GC(714) Pause Young (Concurrent Start) (G1 Humongous Allocation)
[2026-03-27T14:07:39.193+0900][43.323s][info][gc,task     ] GC(714) Using 8 workers of 8 for evacuation
[2026-03-27T14:07:39.193+0900][43.324s][info][gc,phases   ] GC(714)   Pre Evacuate Collection Set: 0.1ms
[2026-03-27T14:07:39.193+0900][43.324s][info][gc,phases   ] GC(714)   Merge Heap Roots: 0.2ms
[2026-03-27T14:07:39.193+0900][43.324s][info][gc,phases   ] GC(714)   Evacuate Collection Set: 0.1ms
[2026-03-27T14:07:39.193+0900][43.324s][info][gc,phases   ] GC(714)   Post Evacuate Collection Set: 0.2ms
[2026-03-27T14:07:39.193+0900][43.324s][info][gc,phases   ] GC(714)   Other: 0.1ms
[2026-03-27T14:07:39.193+0900][43.324s][info][gc,heap     ] GC(714) Eden regions: 1->0(181)
[2026-03-27T14:07:39.193+0900][43.324s][info][gc,heap     ] GC(714) Survivor regions: 1->1(23)
[2026-03-27T14:07:39.193+0900][43.324s][info][gc,heap     ] GC(714) Old regions: 1->1
[2026-03-27T14:07:39.193+0900][43.324s][info][gc,heap     ] GC(714) Archive regions: 0->0
[2026-03-27T14:07:39.193+0900][43.324s][info][gc,heap     ] GC(714) Humongous regions: 277->276
[2026-03-27T14:07:39.193+0900][43.324s][info][gc,metaspace] GC(714) Metaspace: 166K(384K)->166K(384K) NonClass: 157K(256K)->157K(256K) Class: 9K(128K)->9K(128K)
[2026-03-27T14:07:39.193+0900][43.324s][info][gc          ] GC(714) Pause Young (Concurrent Start) (G1 Humongous Allocation) 278M->276M(512M) 1.058ms
[2026-03-27T14:07:39.193+0900][43.324s][info][gc,cpu      ] GC(714) User=0.00s Sys=0.00s Real=0.00s
[2026-03-27T14:07:39.193+0900][43.324s][info][gc          ] GC(715) Concurrent Mark Cycle
[2026-03-27T14:07:39.193+0900][43.324s][info][gc,marking  ] GC(715) Concurrent Clear Claimed Marks
[2026-03-27T14:07:39.193+0900][43.324s][info][gc,marking  ] GC(715) Concurrent Clear Claimed Marks 0.018ms
[2026-03-27T14:07:39.193+0900][43.324s][info][gc,marking  ] GC(715) Concurrent Scan Root Regions
[2026-03-27T14:07:39.193+0900][43.324s][info][gc,marking  ] GC(715) Concurrent Scan Root Regions 0.049ms
[2026-03-27T14:07:39.193+0900][43.324s][info][gc,marking  ] GC(715) Concurrent Mark
[2026-03-27T14:07:39.193+0900][43.324s][info][gc,marking  ] GC(715) Concurrent Mark From Roots
[2026-03-27T14:07:39.193+0900][43.324s][info][gc,task     ] GC(715) Using 2 workers of 2 for marking
[2026-03-27T14:07:39.193+0900][43.325s][info][gc,marking  ] GC(715) Concurrent Mark From Roots 0.740ms
[2026-03-27T14:07:39.193+0900][43.325s][info][gc,marking  ] GC(715) Concurrent Preclean
[2026-03-27T14:07:39.193+0900][43.325s][info][gc,marking  ] GC(715) Concurrent Preclean 0.013ms
[2026-03-27T14:07:39.193+0900][43.325s][info][gc,start    ] GC(715) Pause Remark
[2026-03-27T14:07:39.193+0900][43.326s][info][gc          ] GC(715) Pause Remark 277M->277M(512M) 0.535ms
[2026-03-27T14:07:39.193+0900][43.326s][info][gc,cpu      ] GC(715) User=0.00s Sys=0.00s Real=0.00s
[2026-03-27T14:07:39.193+0900][43.326s][info][gc,marking  ] GC(715) Concurrent Mark 1.486ms
[2026-03-27T14:07:39.193+0900][43.326s][info][gc,marking  ] GC(715) Concurrent Rebuild Remembered Sets
[2026-03-27T14:07:39.193+0900][43.326s][info][gc,marking  ] GC(715) Concurrent Rebuild Remembered Sets 0.483ms
[2026-03-27T14:07:39.193+0900][43.326s][info][gc,start    ] GC(715) Pause Cleanup
[2026-03-27T14:07:39.193+0900][43.327s][info][gc          ] GC(715) Pause Cleanup 277M->277M(512M) 0.123ms
[2026-03-27T14:07:39.193+0900][43.327s][info][gc,cpu      ] GC(715) User=0.00s Sys=0.00s Real=0.00s
[2026-03-27T14:07:39.193+0900][43.327s][info][gc,marking  ] GC(715) Concurrent Cleanup for Next Mark
[2026-03-27T14:07:39.193+0900][43.327s][info][gc,marking  ] GC(715) Concurrent Cleanup for Next Mark 0.244ms
[2026-03-27T14:07:39.193+0900][43.327s][info][gc          ] GC(715) Concurrent Mark Cycle 2.869ms
[2026-03-27T14:07:39.256+0900][43.386s][info][gc,start    ] GC(716) Pause Young (Concurrent Start) (G1 Humongous Allocation)
[2026-03-27T14:07:39.256+0900][43.386s][info][gc,task     ] GC(716) Using 8 workers of 8 for evacuation
[2026-03-27T14:07:39.256+0900][43.387s][info][gc,phases   ] GC(716)   Pre Evacuate Collection Set: 0.1ms
[2026-03-27T14:07:39.256+0900][43.387s][info][gc,phases   ] GC(716)   Merge Heap Roots: 0.1ms
[2026-03-27T14:07:39.256+0900][43.387s][info][gc,phases   ] GC(716)   Evacuate Collection Set: 0.1ms
[2026-03-27T14:07:39.256+0900][43.387s][info][gc,phases   ] GC(716)   Post Evacuate Collection Set: 0.4ms
[2026-03-27T14:07:39.256+0900][43.387s][info][gc,phases   ] GC(716)   Other: 0.1ms
[2026-03-27T14:07:39.256+0900][43.387s][info][gc,heap     ] GC(716) Eden regions: 1->0(181)
[2026-03-27T14:07:39.256+0900][43.387s][info][gc,heap     ] GC(716) Survivor regions: 1->1(23)
[2026-03-27T14:07:39.256+0900][43.387s][info][gc,heap     ] GC(716) Old regions: 1->1
[2026-03-27T14:07:39.256+0900][43.387s][info][gc,heap     ] GC(716) Archive regions: 0->0
[2026-03-27T14:07:39.256+0900][43.387s][info][gc,heap     ] GC(716) Humongous regions: 277->276
[2026-03-27T14:07:39.256+0900][43.387s][info][gc,metaspace] GC(716) Metaspace: 166K(384K)->166K(384K) NonClass: 157K(256K)->157K(256K) Class: 9K(128K)->9K(128K)
[2026-03-27T14:07:39.256+0900][43.387s][info][gc          ] GC(716) Pause Young (Concurrent Start) (G1 Humongous Allocation) 278M->276M(512M) 1.194ms
[2026-03-27T14:07:39.256+0900][43.387s][info][gc,cpu      ] GC(716) User=0.00s Sys=0.00s Real=0.00s
[2026-03-27T14:07:39.256+0900][43.387s][info][gc          ] GC(717) Concurrent Mark Cycle
[2026-03-27T14:07:39.256+0900][43.387s][info][gc,marking  ] GC(717) Concurrent Clear Claimed Marks
[2026-03-27T14:07:39.256+0900][43.388s][info][gc,marking  ] GC(717) Concurrent Clear Claimed Marks 0.015ms
[2026-03-27T14:07:39.256+0900][43.388s][info][gc,marking  ] GC(717) Concurrent Scan Root Regions
[2026-03-27T14:07:39.256+0900][43.388s][info][gc,marking  ] GC(717) Concurrent Scan Root Regions 0.131ms
[2026-03-27T14:07:39.256+0900][43.388s][info][gc,marking  ] GC(717) Concurrent Mark
[2026-03-27T14:07:39.256+0900][43.388s][info][gc,marking  ] GC(717) Concurrent Mark From Roots
[2026-03-27T14:07:39.256+0900][43.388s][info][gc,task     ] GC(717) Using 2 workers of 2 for marking
[2026-03-27T14:07:39.256+0900][43.388s][info][gc,marking  ] GC(717) Concurrent Mark From Roots 0.786ms
[2026-03-27T14:07:39.256+0900][43.389s][info][gc,marking  ] GC(717) Concurrent Preclean
[2026-03-27T14:07:39.256+0900][43.389s][info][gc,marking  ] GC(717) Concurrent Preclean 0.013ms
[2026-03-27T14:07:39.256+0900][43.389s][info][gc,start    ] GC(717) Pause Remark
[2026-03-27T14:07:39.256+0900][43.390s][info][gc          ] GC(717) Pause Remark 277M->277M(512M) 0.930ms
[2026-03-27T14:07:39.256+0900][43.390s][info][gc,cpu      ] GC(717) User=0.00s Sys=0.00s Real=0.00s
[2026-03-27T14:07:39.256+0900][43.390s][info][gc,marking  ] GC(717) Concurrent Mark 2.144ms
[2026-03-27T14:07:39.256+0900][43.390s][info][gc,marking  ] GC(717) Concurrent Rebuild Remembered Sets
[2026-03-27T14:07:39.256+0900][43.390s][info][gc,marking  ] GC(717) Concurrent Rebuild Remembered Sets 0.458ms
[2026-03-27T14:07:39.256+0900][43.390s][info][gc,start    ] GC(717) Pause Cleanup
[2026-03-27T14:07:39.256+0900][43.391s][info][gc          ] GC(717) Pause Cleanup 277M->277M(512M) 0.123ms
[2026-03-27T14:07:39.256+0900][43.391s][info][gc,cpu      ] GC(717) User=0.00s Sys=0.00s Real=0.00s
[2026-03-27T14:07:39.256+0900][43.391s][info][gc,marking  ] GC(717) Concurrent Cleanup for Next Mark
[2026-03-27T14:07:39.256+0900][43.391s][info][gc,marking  ] GC(717) Concurrent Cleanup for Next Mark 0.448ms
[2026-03-27T14:07:39.256+0900][43.391s][info][gc          ] GC(717) Concurrent Mark Cycle 3.755ms
[2026-03-27T14:07:39.320+0900][43.450s][info][gc,start    ] GC(718) Pause Young (Concurrent Start) (G1 Humongous Allocation)
[2026-03-27T14:07:39.320+0900][43.450s][info][gc,task     ] GC(718) Using 8 workers of 8 for evacuation
[2026-03-27T14:07:39.320+0900][43.451s][info][gc,phases   ] GC(718)   Pre Evacuate Collection Set: 0.1ms
[2026-03-27T14:07:39.320+0900][43.451s][info][gc,phases   ] GC(718)   Merge Heap Roots: 0.2ms
[2026-03-27T14:07:39.320+0900][43.451s][info][gc,phases   ] GC(718)   Evacuate Collection Set: 0.1ms
[2026-03-27T14:07:39.320+0900][43.451s][info][gc,phases   ] GC(718)   Post Evacuate Collection Set: 0.2ms
[2026-03-27T14:07:39.320+0900][43.451s][info][gc,phases   ] GC(718)   Other: 0.1ms
[2026-03-27T14:07:39.320+0900][43.451s][info][gc,heap     ] GC(718) Eden regions: 1->0(181)
[2026-03-27T14:07:39.320+0900][43.451s][info][gc,heap     ] GC(718) Survivor regions: 1->1(23)
[2026-03-27T14:07:39.320+0900][43.451s][info][gc,heap     ] GC(718) Old regions: 1->1
[2026-03-27T14:07:39.320+0900][43.451s][info][gc,heap     ] GC(718) Archive regions: 0->0
[2026-03-27T14:07:39.320+0900][43.451s][info][gc,heap     ] GC(718) Humongous regions: 277->276
[2026-03-27T14:07:39.320+0900][43.451s][info][gc,metaspace] GC(718) Metaspace: 166K(384K)->166K(384K) NonClass: 157K(256K)->157K(256K) Class: 9K(128K)->9K(128K)
[2026-03-27T14:07:39.320+0900][43.451s][info][gc          ] GC(718) Pause Young (Concurrent Start) (G1 Humongous Allocation) 278M->276M(512M) 0.993ms
[2026-03-27T14:07:39.320+0900][43.451s][info][gc,cpu      ] GC(718) User=0.00s Sys=0.00s Real=0.00s
[2026-03-27T14:07:39.320+0900][43.451s][info][gc          ] GC(719) Concurrent Mark Cycle
[2026-03-27T14:07:39.320+0900][43.451s][info][gc,marking  ] GC(719) Concurrent Clear Claimed Marks
[2026-03-27T14:07:39.320+0900][43.451s][info][gc,marking  ] GC(719) Concurrent Clear Claimed Marks 0.014ms
[2026-03-27T14:07:39.320+0900][43.451s][info][gc,marking  ] GC(719) Concurrent Scan Root Regions
[2026-03-27T14:07:39.320+0900][43.451s][info][gc,marking  ] GC(719) Concurrent Scan Root Regions 0.106ms
[2026-03-27T14:07:39.320+0900][43.451s][info][gc,marking  ] GC(719) Concurrent Mark
[2026-03-27T14:07:39.320+0900][43.451s][info][gc,marking  ] GC(719) Concurrent Mark From Roots
[2026-03-27T14:07:39.320+0900][43.452s][info][gc,task     ] GC(719) Using 2 workers of 2 for marking
[2026-03-27T14:07:39.320+0900][43.452s][info][gc,marking  ] GC(719) Concurrent Mark From Roots 0.837ms
[2026-03-27T14:07:39.320+0900][43.452s][info][gc,marking  ] GC(719) Concurrent Preclean
[2026-03-27T14:07:39.320+0900][43.452s][info][gc,marking  ] GC(719) Concurrent Preclean 0.013ms
[2026-03-27T14:07:39.320+0900][43.453s][info][gc,start    ] GC(719) Pause Remark
[2026-03-27T14:07:39.320+0900][43.454s][info][gc          ] GC(719) Pause Remark 277M->277M(512M) 0.956ms
[2026-03-27T14:07:39.320+0900][43.454s][info][gc,cpu      ] GC(719) User=0.00s Sys=0.00s Real=0.00s
[2026-03-27T14:07:39.320+0900][43.454s][info][gc,marking  ] GC(719) Concurrent Mark 2.300ms
[2026-03-27T14:07:39.320+0900][43.454s][info][gc,marking  ] GC(719) Concurrent Rebuild Remembered Sets
[2026-03-27T14:07:39.320+0900][43.454s][info][gc,marking  ] GC(719) Concurrent Rebuild Remembered Sets 0.482ms
[2026-03-27T14:07:39.320+0900][43.455s][info][gc,start    ] GC(719) Pause Cleanup
[2026-03-27T14:07:39.320+0900][43.455s][info][gc          ] GC(719) Pause Cleanup 277M->277M(512M) 0.122ms
[2026-03-27T14:07:39.320+0900][43.455s][info][gc,cpu      ] GC(719) User=0.00s Sys=0.00s Real=0.00s
[2026-03-27T14:07:39.320+0900][43.455s][info][gc,marking  ] GC(719) Concurrent Cleanup for Next Mark
[2026-03-27T14:07:39.320+0900][43.455s][info][gc,marking  ] GC(719) Concurrent Cleanup for Next Mark 0.315ms
[2026-03-27T14:07:39.320+0900][43.455s][info][gc          ] GC(719) Concurrent Mark Cycle 3.848ms
[2026-03-27T14:07:39.384+0900][43.514s][info][gc,start    ] GC(720) Pause Young (Concurrent Start) (G1 Humongous Allocation)
[2026-03-27T14:07:39.384+0900][43.515s][info][gc,task     ] GC(720) Using 8 workers of 8 for evacuation
[2026-03-27T14:07:39.384+0900][43.515s][info][gc,phases   ] GC(720)   Pre Evacuate Collection Set: 0.2ms
[2026-03-27T14:07:39.384+0900][43.516s][info][gc,phases   ] GC(720)   Merge Heap Roots: 0.2ms
[2026-03-27T14:07:39.384+0900][43.516s][info][gc,phases   ] GC(720)   Evacuate Collection Set: 0.1ms
[2026-03-27T14:07:39.384+0900][43.516s][info][gc,phases   ] GC(720)   Post Evacuate Collection Set: 0.4ms
[2026-03-27T14:07:39.384+0900][43.516s][info][gc,phases   ] GC(720)   Other: 0.2ms
[2026-03-27T14:07:39.384+0900][43.516s][info][gc,heap     ] GC(720) Eden regions: 1->0(181)
[2026-03-27T14:07:39.384+0900][43.516s][info][gc,heap     ] GC(720) Survivor regions: 1->1(23)
[2026-03-27T14:07:39.384+0900][43.516s][info][gc,heap     ] GC(720) Old regions: 1->1
[2026-03-27T14:07:39.384+0900][43.516s][info][gc,heap     ] GC(720) Archive regions: 0->0
[2026-03-27T14:07:39.384+0900][43.516s][info][gc,heap     ] GC(720) Humongous regions: 277->276
[2026-03-27T14:07:39.384+0900][43.516s][info][gc,metaspace] GC(720) Metaspace: 166K(384K)->166K(384K) NonClass: 157K(256K)->157K(256K) Class: 9K(128K)->9K(128K)
[2026-03-27T14:07:39.384+0900][43.516s][info][gc          ] GC(720) Pause Young (Concurrent Start) (G1 Humongous Allocation) 278M->276M(512M) 1.358ms
[2026-03-27T14:07:39.384+0900][43.516s][info][gc,cpu      ] GC(720) User=0.00s Sys=0.00s Real=0.00s
[2026-03-27T14:07:39.384+0900][43.516s][info][gc          ] GC(721) Concurrent Mark Cycle
[2026-03-27T14:07:39.384+0900][43.516s][info][gc,marking  ] GC(721) Concurrent Clear Claimed Marks
[2026-03-27T14:07:39.384+0900][43.516s][info][gc,marking  ] GC(721) Concurrent Clear Claimed Marks 0.015ms
[2026-03-27T14:07:39.384+0900][43.516s][info][gc,marking  ] GC(721) Concurrent Scan Root Regions
[2026-03-27T14:07:39.384+0900][43.516s][info][gc,marking  ] GC(721) Concurrent Scan Root Regions 0.111ms
[2026-03-27T14:07:39.384+0900][43.516s][info][gc,marking  ] GC(721) Concurrent Mark
[2026-03-27T14:07:39.384+0900][43.516s][info][gc,marking  ] GC(721) Concurrent Mark From Roots
[2026-03-27T14:07:39.384+0900][43.516s][info][gc,task     ] GC(721) Using 2 workers of 2 for marking
[2026-03-27T14:07:39.384+0900][43.517s][info][gc,marking  ] GC(721) Concurrent Mark From Roots 0.807ms
[2026-03-27T14:07:39.384+0900][43.517s][info][gc,marking  ] GC(721) Concurrent Preclean
[2026-03-27T14:07:39.384+0900][43.517s][info][gc,marking  ] GC(721) Concurrent Preclean 0.013ms
[2026-03-27T14:07:39.384+0900][43.517s][info][gc,start    ] GC(721) Pause Remark
[2026-03-27T14:07:39.384+0900][43.518s][info][gc          ] GC(721) Pause Remark 277M->277M(512M) 0.888ms
[2026-03-27T14:07:39.384+0900][43.518s][info][gc,cpu      ] GC(721) User=0.00s Sys=0.00s Real=0.00s
[2026-03-27T14:07:39.384+0900][43.518s][info][gc,marking  ] GC(721) Concurrent Mark 2.103ms
[2026-03-27T14:07:39.384+0900][43.518s][info][gc,marking  ] GC(721) Concurrent Rebuild Remembered Sets
[2026-03-27T14:07:39.384+0900][43.519s][info][gc,marking  ] GC(721) Concurrent Rebuild Remembered Sets 0.558ms
[2026-03-27T14:07:39.384+0900][43.519s][info][gc,start    ] GC(721) Pause Cleanup
[2026-03-27T14:07:39.384+0900][43.519s][info][gc          ] GC(721) Pause Cleanup 277M->277M(512M) 0.125ms
[2026-03-27T14:07:39.384+0900][43.519s][info][gc,cpu      ] GC(721) User=0.00s Sys=0.00s Real=0.00s
[2026-03-27T14:07:39.384+0900][43.519s][info][gc,marking  ] GC(721) Concurrent Cleanup for Next Mark
[2026-03-27T14:07:39.384+0900][43.519s][info][gc,marking  ] GC(721) Concurrent Cleanup for Next Mark 0.290ms
[2026-03-27T14:07:39.384+0900][43.519s][info][gc          ] GC(721) Concurrent Mark Cycle 3.722ms
[2026-03-27T14:07:39.447+0900][43.577s][info][gc,start    ] GC(722) Pause Young (Concurrent Start) (G1 Humongous Allocation)
[2026-03-27T14:07:39.447+0900][43.578s][info][gc,task     ] GC(722) Using 8 workers of 8 for evacuation
[2026-03-27T14:07:39.448+0900][43.578s][info][gc,phases   ] GC(722)   Pre Evacuate Collection Set: 0.1ms
[2026-03-27T14:07:39.448+0900][43.578s][info][gc,phases   ] GC(722)   Merge Heap Roots: 0.1ms
[2026-03-27T14:07:39.448+0900][43.578s][info][gc,phases   ] GC(722)   Evacuate Collection Set: 0.1ms
[2026-03-27T14:07:39.448+0900][43.578s][info][gc,phases   ] GC(722)   Post Evacuate Collection Set: 0.2ms
[2026-03-27T14:07:39.448+0900][43.578s][info][gc,phases   ] GC(722)   Other: 0.1ms
[2026-03-27T14:07:39.448+0900][43.578s][info][gc,heap     ] GC(722) Eden regions: 1->0(181)
[2026-03-27T14:07:39.448+0900][43.578s][info][gc,heap     ] GC(722) Survivor regions: 1->1(23)
[2026-03-27T14:07:39.448+0900][43.578s][info][gc,heap     ] GC(722) Old regions: 1->1
[2026-03-27T14:07:39.448+0900][43.578s][info][gc,heap     ] GC(722) Archive regions: 0->0
[2026-03-27T14:07:39.448+0900][43.578s][info][gc,heap     ] GC(722) Humongous regions: 277->276
[2026-03-27T14:07:39.448+0900][43.578s][info][gc,metaspace] GC(722) Metaspace: 166K(384K)->166K(384K) NonClass: 157K(256K)->157K(256K) Class: 9K(128K)->9K(128K)
[2026-03-27T14:07:39.448+0900][43.578s][info][gc          ] GC(722) Pause Young (Concurrent Start) (G1 Humongous Allocation) 278M->276M(512M) 0.902ms
[2026-03-27T14:07:39.448+0900][43.578s][info][gc,cpu      ] GC(722) User=0.00s Sys=0.00s Real=0.00s
[2026-03-27T14:07:39.448+0900][43.578s][info][gc          ] GC(723) Concurrent Mark Cycle
[2026-03-27T14:07:39.448+0900][43.578s][info][gc,marking  ] GC(723) Concurrent Clear Claimed Marks
[2026-03-27T14:07:39.448+0900][43.578s][info][gc,marking  ] GC(723) Concurrent Clear Claimed Marks 0.017ms
[2026-03-27T14:07:39.448+0900][43.578s][info][gc,marking  ] GC(723) Concurrent Scan Root Regions
[2026-03-27T14:07:39.448+0900][43.578s][info][gc,marking  ] GC(723) Concurrent Scan Root Regions 0.040ms
[2026-03-27T14:07:39.448+0900][43.579s][info][gc,marking  ] GC(723) Concurrent Mark
[2026-03-27T14:07:39.448+0900][43.579s][info][gc,marking  ] GC(723) Concurrent Mark From Roots
[2026-03-27T14:07:39.448+0900][43.579s][info][gc,task     ] GC(723) Using 2 workers of 2 for marking
[2026-03-27T14:07:39.448+0900][43.579s][info][gc,marking  ] GC(723) Concurrent Mark From Roots 0.780ms
[2026-03-27T14:07:39.448+0900][43.579s][info][gc,marking  ] GC(723) Concurrent Preclean
[2026-03-27T14:07:39.448+0900][43.579s][info][gc,marking  ] GC(723) Concurrent Preclean 0.015ms
[2026-03-27T14:07:39.448+0900][43.579s][info][gc,start    ] GC(723) Pause Remark
[2026-03-27T14:07:39.448+0900][43.580s][info][gc          ] GC(723) Pause Remark 279M->279M(512M) 0.338ms
[2026-03-27T14:07:39.448+0900][43.580s][info][gc,cpu      ] GC(723) User=0.00s Sys=0.00s Real=0.00s
[2026-03-27T14:07:39.448+0900][43.580s][info][gc,marking  ] GC(723) Concurrent Mark 1.337ms
[2026-03-27T14:07:39.448+0900][43.580s][info][gc,marking  ] GC(723) Concurrent Rebuild Remembered Sets
[2026-03-27T14:07:39.448+0900][43.580s][info][gc,marking  ] GC(723) Concurrent Rebuild Remembered Sets 0.427ms
[2026-03-27T14:07:39.448+0900][43.580s][info][gc,start    ] GC(723) Pause Cleanup
[2026-03-27T14:07:39.448+0900][43.581s][info][gc          ] GC(723) Pause Cleanup 279M->279M(512M) 0.110ms
[2026-03-27T14:07:39.448+0900][43.581s][info][gc,cpu      ] GC(723) User=0.00s Sys=0.00s Real=0.00s
[2026-03-27T14:07:39.448+0900][43.581s][info][gc,marking  ] GC(723) Concurrent Cleanup for Next Mark
[2026-03-27T14:07:39.448+0900][43.581s][info][gc,marking  ] GC(723) Concurrent Cleanup for Next Mark 0.211ms
[2026-03-27T14:07:39.448+0900][43.581s][info][gc          ] GC(723) Concurrent Mark Cycle 2.500ms
[2026-03-27T14:07:39.511+0900][43.641s][info][gc,start    ] GC(724) Pause Young (Concurrent Start) (G1 Humongous Allocation)
[2026-03-27T14:07:39.511+0900][43.641s][info][gc,task     ] GC(724) Using 8 workers of 8 for evacuation
[2026-03-27T14:07:39.511+0900][43.642s][info][gc,phases   ] GC(724)   Pre Evacuate Collection Set: 0.1ms
[2026-03-27T14:07:39.511+0900][43.642s][info][gc,phases   ] GC(724)   Merge Heap Roots: 0.2ms
[2026-03-27T14:07:39.511+0900][43.642s][info][gc,phases   ] GC(724)   Evacuate Collection Set: 0.1ms
[2026-03-27T14:07:39.511+0900][43.642s][info][gc,phases   ] GC(724)   Post Evacuate Collection Set: 0.1ms
[2026-03-27T14:07:39.511+0900][43.642s][info][gc,phases   ] GC(724)   Other: 0.1ms
[2026-03-27T14:07:39.511+0900][43.642s][info][gc,heap     ] GC(724) Eden regions: 1->0(179)
[2026-03-27T14:07:39.511+0900][43.642s][info][gc,heap     ] GC(724) Survivor regions: 1->1(23)
[2026-03-27T14:07:39.511+0900][43.642s][info][gc,heap     ] GC(724) Old regions: 1->1
[2026-03-27T14:07:39.511+0900][43.642s][info][gc,heap     ] GC(724) Archive regions: 0->0
[2026-03-27T14:07:39.511+0900][43.642s][info][gc,heap     ] GC(724) Humongous regions: 279->278
[2026-03-27T14:07:39.511+0900][43.642s][info][gc,metaspace] GC(724) Metaspace: 166K(384K)->166K(384K) NonClass: 157K(256K)->157K(256K) Class: 9K(128K)->9K(128K)
[2026-03-27T14:07:39.511+0900][43.642s][info][gc          ] GC(724) Pause Young (Concurrent Start) (G1 Humongous Allocation) 280M->278M(512M) 0.911ms
[2026-03-27T14:07:39.511+0900][43.642s][info][gc,cpu      ] GC(724) User=0.00s Sys=0.00s Real=0.00s
[2026-03-27T14:07:39.511+0900][43.642s][info][gc          ] GC(725) Concurrent Mark Cycle
[2026-03-27T14:07:39.511+0900][43.642s][info][gc,marking  ] GC(725) Concurrent Clear Claimed Marks
[2026-03-27T14:07:39.511+0900][43.642s][info][gc,marking  ] GC(725) Concurrent Clear Claimed Marks 0.013ms
[2026-03-27T14:07:39.511+0900][43.642s][info][gc,marking  ] GC(725) Concurrent Scan Root Regions
[2026-03-27T14:07:39.511+0900][43.642s][info][gc,marking  ] GC(725) Concurrent Scan Root Regions 0.027ms
[2026-03-27T14:07:39.511+0900][43.642s][info][gc,marking  ] GC(725) Concurrent Mark
[2026-03-27T14:07:39.511+0900][43.642s][info][gc,marking  ] GC(725) Concurrent Mark From Roots
[2026-03-27T14:07:39.511+0900][43.642s][info][gc,task     ] GC(725) Using 2 workers of 2 for marking
[2026-03-27T14:07:39.511+0900][43.643s][info][gc,marking  ] GC(725) Concurrent Mark From Roots 0.739ms
[2026-03-27T14:07:39.511+0900][43.643s][info][gc,marking  ] GC(725) Concurrent Preclean
[2026-03-27T14:07:39.511+0900][43.643s][info][gc,marking  ] GC(725) Concurrent Preclean 0.014ms
[2026-03-27T14:07:39.511+0900][43.643s][info][gc,start    ] GC(725) Pause Remark
[2026-03-27T14:07:39.511+0900][43.643s][info][gc          ] GC(725) Pause Remark 279M->279M(512M) 0.383ms
[2026-03-27T14:07:39.511+0900][43.643s][info][gc,cpu      ] GC(725) User=0.00s Sys=0.00s Real=0.00s
[2026-03-27T14:07:39.511+0900][43.643s][info][gc,marking  ] GC(725) Concurrent Mark 1.319ms
[2026-03-27T14:07:39.511+0900][43.643s][info][gc,marking  ] GC(725) Concurrent Rebuild Remembered Sets
[2026-03-27T14:07:39.511+0900][43.644s][info][gc,marking  ] GC(725) Concurrent Rebuild Remembered Sets 0.389ms
[2026-03-27T14:07:39.511+0900][43.644s][info][gc,start    ] GC(725) Pause Cleanup
[2026-03-27T14:07:39.511+0900][43.644s][info][gc          ] GC(725) Pause Cleanup 279M->279M(512M) 0.083ms
[2026-03-27T14:07:39.511+0900][43.644s][info][gc,cpu      ] GC(725) User=0.00s Sys=0.00s Real=0.00s
[2026-03-27T14:07:39.511+0900][43.644s][info][gc,marking  ] GC(725) Concurrent Cleanup for Next Mark
[2026-03-27T14:07:39.511+0900][43.644s][info][gc,marking  ] GC(725) Concurrent Cleanup for Next Mark 0.250ms
[2026-03-27T14:07:39.511+0900][43.644s][info][gc          ] GC(725) Concurrent Mark Cycle 2.394ms
[2026-03-27T14:07:39.575+0900][43.705s][info][gc,start    ] GC(726) Pause Young (Concurrent Start) (G1 Humongous Allocation)
[2026-03-27T14:07:39.575+0900][43.705s][info][gc,task     ] GC(726) Using 8 workers of 8 for evacuation
[2026-03-27T14:07:39.575+0900][43.706s][info][gc,phases   ] GC(726)   Pre Evacuate Collection Set: 0.3ms
[2026-03-27T14:07:39.575+0900][43.706s][info][gc,phases   ] GC(726)   Merge Heap Roots: 0.1ms
[2026-03-27T14:07:39.575+0900][43.706s][info][gc,phases   ] GC(726)   Evacuate Collection Set: 0.1ms
[2026-03-27T14:07:39.575+0900][43.706s][info][gc,phases   ] GC(726)   Post Evacuate Collection Set: 0.3ms
[2026-03-27T14:07:39.575+0900][43.706s][info][gc,phases   ] GC(726)   Other: 0.1ms
[2026-03-27T14:07:39.575+0900][43.706s][info][gc,heap     ] GC(726) Eden regions: 1->0(179)
[2026-03-27T14:07:39.575+0900][43.706s][info][gc,heap     ] GC(726) Survivor regions: 1->1(23)
[2026-03-27T14:07:39.575+0900][43.706s][info][gc,heap     ] GC(726) Old regions: 1->1
[2026-03-27T14:07:39.575+0900][43.706s][info][gc,heap     ] GC(726) Archive regions: 0->0
[2026-03-27T14:07:39.575+0900][43.706s][info][gc,heap     ] GC(726) Humongous regions: 279->278
[2026-03-27T14:07:39.575+0900][43.706s][info][gc,metaspace] GC(726) Metaspace: 166K(384K)->166K(384K) NonClass: 157K(256K)->157K(256K) Class: 9K(128K)->9K(128K)
[2026-03-27T14:07:39.575+0900][43.706s][info][gc          ] GC(726) Pause Young (Concurrent Start) (G1 Humongous Allocation) 280M->278M(512M) 1.159ms
[2026-03-27T14:07:39.575+0900][43.706s][info][gc,cpu      ] GC(726) User=0.00s Sys=0.00s Real=0.00s
[2026-03-27T14:07:39.575+0900][43.706s][info][gc          ] GC(727) Concurrent Mark Cycle
[2026-03-27T14:07:39.575+0900][43.706s][info][gc,marking  ] GC(727) Concurrent Clear Claimed Marks
[2026-03-27T14:07:39.575+0900][43.706s][info][gc,marking  ] GC(727) Concurrent Clear Claimed Marks 0.022ms
[2026-03-27T14:07:39.575+0900][43.706s][info][gc,marking  ] GC(727) Concurrent Scan Root Regions
[2026-03-27T14:07:39.575+0900][43.706s][info][gc,marking  ] GC(727) Concurrent Scan Root Regions 0.069ms
[2026-03-27T14:07:39.575+0900][43.706s][info][gc,marking  ] GC(727) Concurrent Mark
[2026-03-27T14:07:39.575+0900][43.706s][info][gc,marking  ] GC(727) Concurrent Mark From Roots
[2026-03-27T14:07:39.575+0900][43.706s][info][gc,task     ] GC(727) Using 2 workers of 2 for marking
[2026-03-27T14:07:39.575+0900][43.707s][info][gc,marking  ] GC(727) Concurrent Mark From Roots 0.873ms
[2026-03-27T14:07:39.575+0900][43.707s][info][gc,marking  ] GC(727) Concurrent Preclean
[2026-03-27T14:07:39.575+0900][43.707s][info][gc,marking  ] GC(727) Concurrent Preclean 0.017ms
[2026-03-27T14:07:39.575+0900][43.707s][info][gc,start    ] GC(727) Pause Remark
[2026-03-27T14:07:39.575+0900][43.708s][info][gc          ] GC(727) Pause Remark 279M->279M(512M) 0.457ms
[2026-03-27T14:07:39.575+0900][43.708s][info][gc,cpu      ] GC(727) User=0.00s Sys=0.00s Real=0.00s
[2026-03-27T14:07:39.575+0900][43.708s][info][gc,marking  ] GC(727) Concurrent Mark 1.558ms
[2026-03-27T14:07:39.575+0900][43.708s][info][gc,marking  ] GC(727) Concurrent Rebuild Remembered Sets
[2026-03-27T14:07:39.575+0900][43.708s][info][gc,marking  ] GC(727) Concurrent Rebuild Remembered Sets 0.386ms
[2026-03-27T14:07:39.575+0900][43.708s][info][gc,start    ] GC(727) Pause Cleanup
[2026-03-27T14:07:39.575+0900][43.708s][info][gc          ] GC(727) Pause Cleanup 279M->279M(512M) 0.062ms
[2026-03-27T14:07:39.575+0900][43.708s][info][gc,cpu      ] GC(727) User=0.00s Sys=0.00s Real=0.00s
[2026-03-27T14:07:39.575+0900][43.708s][info][gc,marking  ] GC(727) Concurrent Cleanup for Next Mark
[2026-03-27T14:07:39.575+0900][43.709s][info][gc,marking  ] GC(727) Concurrent Cleanup for Next Mark 0.197ms
[2026-03-27T14:07:39.575+0900][43.709s][info][gc          ] GC(727) Concurrent Mark Cycle 2.582ms
[2026-03-27T14:07:39.639+0900][43.769s][info][gc,start    ] GC(728) Pause Young (Concurrent Start) (G1 Humongous Allocation)
[2026-03-27T14:07:39.639+0900][43.769s][info][gc,task     ] GC(728) Using 8 workers of 8 for evacuation
[2026-03-27T14:07:39.639+0900][43.770s][info][gc,phases   ] GC(728)   Pre Evacuate Collection Set: 0.1ms
[2026-03-27T14:07:39.639+0900][43.770s][info][gc,phases   ] GC(728)   Merge Heap Roots: 0.2ms
[2026-03-27T14:07:39.639+0900][43.770s][info][gc,phases   ] GC(728)   Evacuate Collection Set: 0.1ms
[2026-03-27T14:07:39.639+0900][43.770s][info][gc,phases   ] GC(728)   Post Evacuate Collection Set: 0.3ms
[2026-03-27T14:07:39.639+0900][43.770s][info][gc,phases   ] GC(728)   Other: 0.1ms
[2026-03-27T14:07:39.639+0900][43.770s][info][gc,heap     ] GC(728) Eden regions: 1->0(179)
[2026-03-27T14:07:39.639+0900][43.770s][info][gc,heap     ] GC(728) Survivor regions: 1->1(23)
[2026-03-27T14:07:39.639+0900][43.770s][info][gc,heap     ] GC(728) Old regions: 1->1
[2026-03-27T14:07:39.639+0900][43.770s][info][gc,heap     ] GC(728) Archive regions: 0->0
[2026-03-27T14:07:39.639+0900][43.770s][info][gc,heap     ] GC(728) Humongous regions: 279->278
[2026-03-27T14:07:39.639+0900][43.770s][info][gc,metaspace] GC(728) Metaspace: 166K(384K)->166K(384K) NonClass: 157K(256K)->157K(256K) Class: 9K(128K)->9K(128K)
[2026-03-27T14:07:39.639+0900][43.770s][info][gc          ] GC(728) Pause Young (Concurrent Start) (G1 Humongous Allocation) 280M->278M(512M) 1.166ms
[2026-03-27T14:07:39.639+0900][43.770s][info][gc,cpu      ] GC(728) User=0.00s Sys=0.00s Real=0.00s
[2026-03-27T14:07:39.639+0900][43.770s][info][gc          ] GC(729) Concurrent Mark Cycle
[2026-03-27T14:07:39.639+0900][43.770s][info][gc,marking  ] GC(729) Concurrent Clear Claimed Marks
[2026-03-27T14:07:39.639+0900][43.770s][info][gc,marking  ] GC(729) Concurrent Clear Claimed Marks 0.020ms
[2026-03-27T14:07:39.639+0900][43.770s][info][gc,marking  ] GC(729) Concurrent Scan Root Regions
[2026-03-27T14:07:39.639+0900][43.770s][info][gc,marking  ] GC(729) Concurrent Scan Root Regions 0.091ms
[2026-03-27T14:07:39.639+0900][43.770s][info][gc,marking  ] GC(729) Concurrent Mark
[2026-03-27T14:07:39.639+0900][43.770s][info][gc,marking  ] GC(729) Concurrent Mark From Roots
[2026-03-27T14:07:39.639+0900][43.770s][info][gc,task     ] GC(729) Using 2 workers of 2 for marking
[2026-03-27T14:07:39.639+0900][43.771s][info][gc,marking  ] GC(729) Concurrent Mark From Roots 0.734ms
[2026-03-27T14:07:39.639+0900][43.771s][info][gc,marking  ] GC(729) Concurrent Preclean
[2026-03-27T14:07:39.639+0900][43.771s][info][gc,marking  ] GC(729) Concurrent Preclean 0.023ms
[2026-03-27T14:07:39.639+0900][43.771s][info][gc,start    ] GC(729) Pause Remark
[2026-03-27T14:07:39.639+0900][43.772s][info][gc          ] GC(729) Pause Remark 279M->279M(512M) 0.682ms
[2026-03-27T14:07:39.639+0900][43.772s][info][gc,cpu      ] GC(729) User=0.00s Sys=0.00s Real=0.00s
[2026-03-27T14:07:39.639+0900][43.772s][info][gc,marking  ] GC(729) Concurrent Mark 1.826ms
[2026-03-27T14:07:39.639+0900][43.772s][info][gc,marking  ] GC(729) Concurrent Rebuild Remembered Sets
[2026-03-27T14:07:39.639+0900][43.773s][info][gc,marking  ] GC(729) Concurrent Rebuild Remembered Sets 0.556ms
[2026-03-27T14:07:39.639+0900][43.773s][info][gc,start    ] GC(729) Pause Cleanup
[2026-03-27T14:07:39.639+0900][43.773s][info][gc          ] GC(729) Pause Cleanup 279M->279M(512M) 0.101ms
[2026-03-27T14:07:39.639+0900][43.773s][info][gc,cpu      ] GC(729) User=0.00s Sys=0.00s Real=0.00s
[2026-03-27T14:07:39.639+0900][43.773s][info][gc,marking  ] GC(729) Concurrent Cleanup for Next Mark
[2026-03-27T14:07:39.639+0900][43.773s][info][gc,marking  ] GC(729) Concurrent Cleanup for Next Mark 0.304ms
[2026-03-27T14:07:39.639+0900][43.773s][info][gc          ] GC(729) Concurrent Mark Cycle 3.447ms
[2026-03-27T14:07:39.702+0900][43.832s][info][gc,start    ] GC(730) Pause Young (Concurrent Start) (G1 Humongous Allocation)
[2026-03-27T14:07:39.702+0900][43.832s][info][gc,task     ] GC(730) Using 8 workers of 8 for evacuation
[2026-03-27T14:07:39.702+0900][43.833s][info][gc,phases   ] GC(730)   Pre Evacuate Collection Set: 0.1ms
[2026-03-27T14:07:39.702+0900][43.833s][info][gc,phases   ] GC(730)   Merge Heap Roots: 0.2ms
[2026-03-27T14:07:39.702+0900][43.833s][info][gc,phases   ] GC(730)   Evacuate Collection Set: 0.2ms
[2026-03-27T14:07:39.702+0900][43.833s][info][gc,phases   ] GC(730)   Post Evacuate Collection Set: 0.5ms
[2026-03-27T14:07:39.702+0900][43.833s][info][gc,phases   ] GC(730)   Other: 0.2ms
[2026-03-27T14:07:39.702+0900][43.833s][info][gc,heap     ] GC(730) Eden regions: 1->0(179)
[2026-03-27T14:07:39.702+0900][43.833s][info][gc,heap     ] GC(730) Survivor regions: 1->1(23)
[2026-03-27T14:07:39.702+0900][43.833s][info][gc,heap     ] GC(730) Old regions: 1->1
[2026-03-27T14:07:39.702+0900][43.833s][info][gc,heap     ] GC(730) Archive regions: 0->0
[2026-03-27T14:07:39.702+0900][43.833s][info][gc,heap     ] GC(730) Humongous regions: 279->278
[2026-03-27T14:07:39.702+0900][43.833s][info][gc,metaspace] GC(730) Metaspace: 166K(384K)->166K(384K) NonClass: 157K(256K)->157K(256K) Class: 9K(128K)->9K(128K)
[2026-03-27T14:07:39.702+0900][43.833s][info][gc          ] GC(730) Pause Young (Concurrent Start) (G1 Humongous Allocation) 280M->278M(512M) 1.697ms
[2026-03-27T14:07:39.702+0900][43.833s][info][gc,cpu      ] GC(730) User=0.00s Sys=0.00s Real=0.00s
[2026-03-27T14:07:39.702+0900][43.834s][info][gc          ] GC(731) Concurrent Mark Cycle
[2026-03-27T14:07:39.702+0900][43.834s][info][gc,marking  ] GC(731) Concurrent Clear Claimed Marks
[2026-03-27T14:07:39.702+0900][43.834s][info][gc,marking  ] GC(731) Concurrent Clear Claimed Marks 0.014ms
[2026-03-27T14:07:39.702+0900][43.834s][info][gc,marking  ] GC(731) Concurrent Scan Root Regions
[2026-03-27T14:07:39.702+0900][43.834s][info][gc,marking  ] GC(731) Concurrent Scan Root Regions 0.110ms
[2026-03-27T14:07:39.702+0900][43.834s][info][gc,marking  ] GC(731) Concurrent Mark
[2026-03-27T14:07:39.702+0900][43.834s][info][gc,marking  ] GC(731) Concurrent Mark From Roots
[2026-03-27T14:07:39.702+0900][43.834s][info][gc,task     ] GC(731) Using 2 workers of 2 for marking
[2026-03-27T14:07:39.702+0900][43.835s][info][gc,marking  ] GC(731) Concurrent Mark From Roots 0.811ms
[2026-03-27T14:07:39.702+0900][43.835s][info][gc,marking  ] GC(731) Concurrent Preclean
[2026-03-27T14:07:39.702+0900][43.835s][info][gc,marking  ] GC(731) Concurrent Preclean 0.013ms
[2026-03-27T14:07:39.702+0900][43.835s][info][gc,start    ] GC(731) Pause Remark
[2026-03-27T14:07:39.702+0900][43.836s][info][gc          ] GC(731) Pause Remark 279M->279M(512M) 0.962ms
[2026-03-27T14:07:39.702+0900][43.836s][info][gc,cpu      ] GC(731) User=0.00s Sys=0.00s Real=0.00s
[2026-03-27T14:07:39.702+0900][43.836s][info][gc,marking  ] GC(731) Concurrent Mark 2.135ms
[2026-03-27T14:07:39.702+0900][43.836s][info][gc,marking  ] GC(731) Concurrent Rebuild Remembered Sets
[2026-03-27T14:07:39.702+0900][43.837s][info][gc,marking  ] GC(731) Concurrent Rebuild Remembered Sets 0.519ms
[2026-03-27T14:07:39.702+0900][43.837s][info][gc,start    ] GC(731) Pause Cleanup
[2026-03-27T14:07:39.702+0900][43.837s][info][gc          ] GC(731) Pause Cleanup 279M->279M(512M) 0.197ms
[2026-03-27T14:07:39.702+0900][43.837s][info][gc,cpu      ] GC(731) User=0.00s Sys=0.00s Real=0.00s
[2026-03-27T14:07:39.702+0900][43.837s][info][gc,marking  ] GC(731) Concurrent Cleanup for Next Mark
[2026-03-27T14:07:39.702+0900][43.837s][info][gc,marking  ] GC(731) Concurrent Cleanup for Next Mark 0.284ms
[2026-03-27T14:07:39.702+0900][43.837s][info][gc          ] GC(731) Concurrent Mark Cycle 3.912ms
[2026-03-27T14:07:39.766+0900][43.896s][info][gc,start    ] GC(732) Pause Young (Concurrent Start) (G1 Humongous Allocation)
[2026-03-27T14:07:39.766+0900][43.896s][info][gc,task     ] GC(732) Using 8 workers of 8 for evacuation
[2026-03-27T14:07:39.766+0900][43.898s][info][gc,phases   ] GC(732)   Pre Evacuate Collection Set: 0.2ms
[2026-03-27T14:07:39.766+0900][43.898s][info][gc,phases   ] GC(732)   Merge Heap Roots: 0.2ms
[2026-03-27T14:07:39.766+0900][43.898s][info][gc,phases   ] GC(732)   Evacuate Collection Set: 0.3ms
[2026-03-27T14:07:39.766+0900][43.898s][info][gc,phases   ] GC(732)   Post Evacuate Collection Set: 0.6ms
[2026-03-27T14:07:39.766+0900][43.898s][info][gc,phases   ] GC(732)   Other: 0.3ms
[2026-03-27T14:07:39.766+0900][43.898s][info][gc,heap     ] GC(732) Eden regions: 1->0(179)
[2026-03-27T14:07:39.766+0900][43.898s][info][gc,heap     ] GC(732) Survivor regions: 1->1(23)
[2026-03-27T14:07:39.766+0900][43.898s][info][gc,heap     ] GC(732) Old regions: 1->1
[2026-03-27T14:07:39.766+0900][43.898s][info][gc,heap     ] GC(732) Archive regions: 0->0
[2026-03-27T14:07:39.766+0900][43.898s][info][gc,heap     ] GC(732) Humongous regions: 279->278
[2026-03-27T14:07:39.766+0900][43.898s][info][gc,metaspace] GC(732) Metaspace: 166K(384K)->166K(384K) NonClass: 157K(256K)->157K(256K) Class: 9K(128K)->9K(128K)
[2026-03-27T14:07:39.766+0900][43.898s][info][gc          ] GC(732) Pause Young (Concurrent Start) (G1 Humongous Allocation) 280M->278M(512M) 1.875ms
[2026-03-27T14:07:39.766+0900][43.898s][info][gc,cpu      ] GC(732) User=0.00s Sys=0.00s Real=0.00s
[2026-03-27T14:07:39.766+0900][43.898s][info][gc          ] GC(733) Concurrent Mark Cycle
[2026-03-27T14:07:39.766+0900][43.898s][info][gc,marking  ] GC(733) Concurrent Clear Claimed Marks
[2026-03-27T14:07:39.766+0900][43.898s][info][gc,marking  ] GC(733) Concurrent Clear Claimed Marks 0.022ms
[2026-03-27T14:07:39.766+0900][43.898s][info][gc,marking  ] GC(733) Concurrent Scan Root Regions
[2026-03-27T14:07:39.766+0900][43.898s][info][gc,marking  ] GC(733) Concurrent Scan Root Regions 0.141ms
[2026-03-27T14:07:39.766+0900][43.898s][info][gc,marking  ] GC(733) Concurrent Mark
[2026-03-27T14:07:39.766+0900][43.898s][info][gc,marking  ] GC(733) Concurrent Mark From Roots
[2026-03-27T14:07:39.766+0900][43.898s][info][gc,task     ] GC(733) Using 2 workers of 2 for marking
[2026-03-27T14:07:39.766+0900][43.899s][info][gc,marking  ] GC(733) Concurrent Mark From Roots 0.969ms
[2026-03-27T14:07:39.766+0900][43.899s][info][gc,marking  ] GC(733) Concurrent Preclean
[2026-03-27T14:07:39.766+0900][43.899s][info][gc,marking  ] GC(733) Concurrent Preclean 0.019ms
[2026-03-27T14:07:39.769+0900][43.899s][info][gc,start    ] GC(733) Pause Remark
[2026-03-27T14:07:39.769+0900][43.900s][info][gc          ] GC(733) Pause Remark 281M->281M(512M) 0.977ms
[2026-03-27T14:07:39.769+0900][43.900s][info][gc,cpu      ] GC(733) User=0.02s Sys=0.06s Real=0.00s
[2026-03-27T14:07:39.769+0900][43.900s][info][gc,marking  ] GC(733) Concurrent Mark 2.352ms
[2026-03-27T14:07:39.769+0900][43.901s][info][gc,marking  ] GC(733) Concurrent Rebuild Remembered Sets
[2026-03-27T14:07:39.769+0900][43.901s][info][gc,marking  ] GC(733) Concurrent Rebuild Remembered Sets 0.464ms
[2026-03-27T14:07:39.769+0900][43.901s][info][gc,start    ] GC(733) Pause Cleanup
[2026-03-27T14:07:39.769+0900][43.901s][info][gc          ] GC(733) Pause Cleanup 281M->281M(512M) 0.177ms
[2026-03-27T14:07:39.769+0900][43.901s][info][gc,cpu      ] GC(733) User=0.00s Sys=0.00s Real=0.00s
[2026-03-27T14:07:39.769+0900][43.902s][info][gc,marking  ] GC(733) Concurrent Cleanup for Next Mark
[2026-03-27T14:07:39.769+0900][43.902s][info][gc,marking  ] GC(733) Concurrent Cleanup for Next Mark 0.294ms
[2026-03-27T14:07:39.769+0900][43.902s][info][gc          ] GC(733) Concurrent Mark Cycle 4.006ms
[2026-03-27T14:07:39.830+0900][43.960s][info][gc,start    ] GC(734) Pause Young (Concurrent Start) (G1 Humongous Allocation)
[2026-03-27T14:07:39.830+0900][43.960s][info][gc,task     ] GC(734) Using 8 workers of 8 for evacuation
[2026-03-27T14:07:39.831+0900][43.962s][info][gc,phases   ] GC(734)   Pre Evacuate Collection Set: 0.2ms
[2026-03-27T14:07:39.831+0900][43.962s][info][gc,phases   ] GC(734)   Merge Heap Roots: 0.2ms
[2026-03-27T14:07:39.831+0900][43.962s][info][gc,phases   ] GC(734)   Evacuate Collection Set: 0.2ms
[2026-03-27T14:07:39.831+0900][43.962s][info][gc,phases   ] GC(734)   Post Evacuate Collection Set: 0.5ms
[2026-03-27T14:07:39.831+0900][43.962s][info][gc,phases   ] GC(734)   Other: 0.1ms
[2026-03-27T14:07:39.831+0900][43.962s][info][gc,heap     ] GC(734) Eden regions: 1->0(177)
[2026-03-27T14:07:39.831+0900][43.962s][info][gc,heap     ] GC(734) Survivor regions: 1->1(23)
[2026-03-27T14:07:39.831+0900][43.962s][info][gc,heap     ] GC(734) Old regions: 1->1
[2026-03-27T14:07:39.831+0900][43.962s][info][gc,heap     ] GC(734) Archive regions: 0->0
[2026-03-27T14:07:39.831+0900][43.962s][info][gc,heap     ] GC(734) Humongous regions: 281->280
[2026-03-27T14:07:39.831+0900][43.962s][info][gc,metaspace] GC(734) Metaspace: 166K(384K)->166K(384K) NonClass: 157K(256K)->157K(256K) Class: 9K(128K)->9K(128K)
[2026-03-27T14:07:39.831+0900][43.962s][info][gc          ] GC(734) Pause Young (Concurrent Start) (G1 Humongous Allocation) 282M->280M(512M) 1.602ms
[2026-03-27T14:07:39.831+0900][43.962s][info][gc,cpu      ] GC(734) User=0.00s Sys=0.00s Real=0.00s
[2026-03-27T14:07:39.831+0900][43.962s][info][gc          ] GC(735) Concurrent Mark Cycle
[2026-03-27T14:07:39.831+0900][43.962s][info][gc,marking  ] GC(735) Concurrent Clear Claimed Marks
[2026-03-27T14:07:39.831+0900][43.962s][info][gc,marking  ] GC(735) Concurrent Clear Claimed Marks 0.020ms
[2026-03-27T14:07:39.831+0900][43.962s][info][gc,marking  ] GC(735) Concurrent Scan Root Regions
[2026-03-27T14:07:39.831+0900][43.962s][info][gc,marking  ] GC(735) Concurrent Scan Root Regions 0.042ms
[2026-03-27T14:07:39.831+0900][43.962s][info][gc,marking  ] GC(735) Concurrent Mark
[2026-03-27T14:07:39.831+0900][43.962s][info][gc,marking  ] GC(735) Concurrent Mark From Roots
[2026-03-27T14:07:39.831+0900][43.962s][info][gc,task     ] GC(735) Using 2 workers of 2 for marking
[2026-03-27T14:07:39.831+0900][43.963s][info][gc,marking  ] GC(735) Concurrent Mark From Roots 1.208ms
[2026-03-27T14:07:39.831+0900][43.963s][info][gc,marking  ] GC(735) Concurrent Preclean
[2026-03-27T14:07:39.831+0900][43.963s][info][gc,marking  ] GC(735) Concurrent Preclean 0.013ms
[2026-03-27T14:07:39.831+0900][43.964s][info][gc,start    ] GC(735) Pause Remark
[2026-03-27T14:07:39.831+0900][43.964s][info][gc          ] GC(735) Pause Remark 281M->281M(512M) 0.824ms
[2026-03-27T14:07:39.831+0900][43.964s][info][gc,cpu      ] GC(735) User=0.00s Sys=0.00s Real=0.00s
[2026-03-27T14:07:39.831+0900][43.965s][info][gc,marking  ] GC(735) Concurrent Mark 2.556ms
[2026-03-27T14:07:39.831+0900][43.965s][info][gc,marking  ] GC(735) Concurrent Rebuild Remembered Sets
[2026-03-27T14:07:39.831+0900][43.965s][info][gc,marking  ] GC(735) Concurrent Rebuild Remembered Sets 0.484ms
[2026-03-27T14:07:39.831+0900][43.965s][info][gc,start    ] GC(735) Pause Cleanup
[2026-03-27T14:07:39.831+0900][43.966s][info][gc          ] GC(735) Pause Cleanup 281M->281M(512M) 0.184ms
[2026-03-27T14:07:39.831+0900][43.966s][info][gc,cpu      ] GC(735) User=0.00s Sys=0.00s Real=0.00s
[2026-03-27T14:07:39.831+0900][43.966s][info][gc,marking  ] GC(735) Concurrent Cleanup for Next Mark
[2026-03-27T14:07:39.831+0900][43.966s][info][gc,marking  ] GC(735) Concurrent Cleanup for Next Mark 0.365ms
[2026-03-27T14:07:39.831+0900][43.966s][info][gc          ] GC(735) Concurrent Mark Cycle 4.221ms
[2026-03-27T14:07:39.893+0900][44.023s][info][gc,start    ] GC(736) Pause Young (Concurrent Start) (G1 Humongous Allocation)
[2026-03-27T14:07:39.893+0900][44.023s][info][gc,task     ] GC(736) Using 8 workers of 8 for evacuation
[2026-03-27T14:07:39.894+0900][44.025s][info][gc,phases   ] GC(736)   Pre Evacuate Collection Set: 0.1ms
[2026-03-27T14:07:39.894+0900][44.025s][info][gc,phases   ] GC(736)   Merge Heap Roots: 0.2ms
[2026-03-27T14:07:39.894+0900][44.025s][info][gc,phases   ] GC(736)   Evacuate Collection Set: 0.2ms
[2026-03-27T14:07:39.894+0900][44.025s][info][gc,phases   ] GC(736)   Post Evacuate Collection Set: 0.4ms
[2026-03-27T14:07:39.894+0900][44.025s][info][gc,phases   ] GC(736)   Other: 0.2ms
[2026-03-27T14:07:39.894+0900][44.025s][info][gc,heap     ] GC(736) Eden regions: 1->0(177)
[2026-03-27T14:07:39.894+0900][44.025s][info][gc,heap     ] GC(736) Survivor regions: 1->1(23)
[2026-03-27T14:07:39.894+0900][44.025s][info][gc,heap     ] GC(736) Old regions: 1->1
[2026-03-27T14:07:39.894+0900][44.025s][info][gc,heap     ] GC(736) Archive regions: 0->0
[2026-03-27T14:07:39.894+0900][44.025s][info][gc,heap     ] GC(736) Humongous regions: 281->280
[2026-03-27T14:07:39.894+0900][44.025s][info][gc,metaspace] GC(736) Metaspace: 166K(384K)->166K(384K) NonClass: 157K(256K)->157K(256K) Class: 9K(128K)->9K(128K)
[2026-03-27T14:07:39.894+0900][44.025s][info][gc          ] GC(736) Pause Young (Concurrent Start) (G1 Humongous Allocation) 282M->280M(512M) 1.836ms
[2026-03-27T14:07:39.894+0900][44.025s][info][gc,cpu      ] GC(736) User=0.02s Sys=0.00s Real=0.00s
[2026-03-27T14:07:39.894+0900][44.025s][info][gc          ] GC(737) Concurrent Mark Cycle
[2026-03-27T14:07:39.894+0900][44.025s][info][gc,marking  ] GC(737) Concurrent Clear Claimed Marks
[2026-03-27T14:07:39.894+0900][44.025s][info][gc,marking  ] GC(737) Concurrent Clear Claimed Marks 0.014ms
[2026-03-27T14:07:39.894+0900][44.025s][info][gc,marking  ] GC(737) Concurrent Scan Root Regions
[2026-03-27T14:07:39.894+0900][44.026s][info][gc,marking  ] GC(737) Concurrent Scan Root Regions 0.142ms
[2026-03-27T14:07:39.894+0900][44.026s][info][gc,marking  ] GC(737) Concurrent Mark
[2026-03-27T14:07:39.894+0900][44.026s][info][gc,marking  ] GC(737) Concurrent Mark From Roots
[2026-03-27T14:07:39.894+0900][44.026s][info][gc,task     ] GC(737) Using 2 workers of 2 for marking
[2026-03-27T14:07:39.894+0900][44.026s][info][gc,marking  ] GC(737) Concurrent Mark From Roots 0.822ms
[2026-03-27T14:07:39.894+0900][44.026s][info][gc,marking  ] GC(737) Concurrent Preclean
[2026-03-27T14:07:39.894+0900][44.026s][info][gc,marking  ] GC(737) Concurrent Preclean 0.013ms
[2026-03-27T14:07:39.894+0900][44.027s][info][gc,start    ] GC(737) Pause Remark
[2026-03-27T14:07:39.894+0900][44.028s][info][gc          ] GC(737) Pause Remark 281M->281M(512M) 0.912ms
[2026-03-27T14:07:39.894+0900][44.028s][info][gc,cpu      ] GC(737) User=0.00s Sys=0.00s Real=0.00s
[2026-03-27T14:07:39.894+0900][44.028s][info][gc,marking  ] GC(737) Concurrent Mark 2.139ms
[2026-03-27T14:07:39.894+0900][44.028s][info][gc,marking  ] GC(737) Concurrent Rebuild Remembered Sets
[2026-03-27T14:07:39.894+0900][44.028s][info][gc,marking  ] GC(737) Concurrent Rebuild Remembered Sets 0.418ms
[2026-03-27T14:07:39.894+0900][44.028s][info][gc,start    ] GC(737) Pause Cleanup
[2026-03-27T14:07:39.894+0900][44.028s][info][gc          ] GC(737) Pause Cleanup 281M->281M(512M) 0.116ms
[2026-03-27T14:07:39.894+0900][44.028s][info][gc,cpu      ] GC(737) User=0.00s Sys=0.00s Real=0.00s
[2026-03-27T14:07:39.894+0900][44.028s][info][gc,marking  ] GC(737) Concurrent Cleanup for Next Mark
[2026-03-27T14:07:39.894+0900][44.029s][info][gc,marking  ] GC(737) Concurrent Cleanup for Next Mark 0.496ms
[2026-03-27T14:07:39.894+0900][44.029s][info][gc          ] GC(737) Concurrent Mark Cycle 3.694ms
[2026-03-27T14:07:39.957+0900][44.088s][info][gc,start    ] GC(738) Pause Young (Concurrent Start) (G1 Humongous Allocation)
[2026-03-27T14:07:39.957+0900][44.088s][info][gc,task     ] GC(738) Using 8 workers of 8 for evacuation
[2026-03-27T14:07:39.957+0900][44.088s][info][gc,phases   ] GC(738)   Pre Evacuate Collection Set: 0.2ms
[2026-03-27T14:07:39.957+0900][44.088s][info][gc,phases   ] GC(738)   Merge Heap Roots: 0.2ms
[2026-03-27T14:07:39.957+0900][44.088s][info][gc,phases   ] GC(738)   Evacuate Collection Set: 0.1ms
[2026-03-27T14:07:39.957+0900][44.088s][info][gc,phases   ] GC(738)   Post Evacuate Collection Set: 0.1ms
[2026-03-27T14:07:39.957+0900][44.088s][info][gc,phases   ] GC(738)   Other: 0.1ms
[2026-03-27T14:07:39.957+0900][44.088s][info][gc,heap     ] GC(738) Eden regions: 1->0(177)
[2026-03-27T14:07:39.957+0900][44.088s][info][gc,heap     ] GC(738) Survivor regions: 1->1(23)
[2026-03-27T14:07:39.957+0900][44.088s][info][gc,heap     ] GC(738) Old regions: 1->1
[2026-03-27T14:07:39.957+0900][44.088s][info][gc,heap     ] GC(738) Archive regions: 0->0
[2026-03-27T14:07:39.957+0900][44.088s][info][gc,heap     ] GC(738) Humongous regions: 281->280
[2026-03-27T14:07:39.957+0900][44.089s][info][gc,metaspace] GC(738) Metaspace: 166K(384K)->166K(384K) NonClass: 157K(256K)->157K(256K) Class: 9K(128K)->9K(128K)
[2026-03-27T14:07:39.957+0900][44.089s][info][gc          ] GC(738) Pause Young (Concurrent Start) (G1 Humongous Allocation) 282M->280M(512M) 1.001ms
[2026-03-27T14:07:39.957+0900][44.089s][info][gc,cpu      ] GC(738) User=0.00s Sys=0.00s Real=0.00s
[2026-03-27T14:07:39.957+0900][44.089s][info][gc          ] GC(739) Concurrent Mark Cycle
[2026-03-27T14:07:39.957+0900][44.089s][info][gc,marking  ] GC(739) Concurrent Clear Claimed Marks
[2026-03-27T14:07:39.957+0900][44.089s][info][gc,marking  ] GC(739) Concurrent Clear Claimed Marks 0.020ms
[2026-03-27T14:07:39.957+0900][44.089s][info][gc,marking  ] GC(739) Concurrent Scan Root Regions
[2026-03-27T14:07:39.959+0900][44.089s][info][gc,marking  ] GC(739) Concurrent Scan Root Regions 0.035ms
[2026-03-27T14:07:39.959+0900][44.089s][info][gc,marking  ] GC(739) Concurrent Mark
[2026-03-27T14:07:39.959+0900][44.089s][info][gc,marking  ] GC(739) Concurrent Mark From Roots
[2026-03-27T14:07:39.959+0900][44.089s][info][gc,task     ] GC(739) Using 2 workers of 2 for marking
[2026-03-27T14:07:39.959+0900][44.090s][info][gc,marking  ] GC(739) Concurrent Mark From Roots 0.842ms
[2026-03-27T14:07:39.959+0900][44.090s][info][gc,marking  ] GC(739) Concurrent Preclean
[2026-03-27T14:07:39.959+0900][44.090s][info][gc,marking  ] GC(739) Concurrent Preclean 0.016ms
[2026-03-27T14:07:39.959+0900][44.090s][info][gc,start    ] GC(739) Pause Remark
[2026-03-27T14:07:39.959+0900][44.091s][info][gc          ] GC(739) Pause Remark 281M->281M(512M) 0.769ms
[2026-03-27T14:07:39.959+0900][44.091s][info][gc,cpu      ] GC(739) User=0.00s Sys=0.00s Real=0.00s
[2026-03-27T14:07:39.959+0900][44.091s][info][gc,marking  ] GC(739) Concurrent Mark 2.057ms
[2026-03-27T14:07:39.959+0900][44.091s][info][gc,marking  ] GC(739) Concurrent Rebuild Remembered Sets
[2026-03-27T14:07:39.959+0900][44.092s][info][gc,marking  ] GC(739) Concurrent Rebuild Remembered Sets 0.797ms
[2026-03-27T14:07:39.959+0900][44.092s][info][gc,start    ] GC(739) Pause Cleanup
[2026-03-27T14:07:39.959+0900][44.092s][info][gc          ] GC(739) Pause Cleanup 281M->281M(512M) 0.120ms
[2026-03-27T14:07:39.959+0900][44.092s][info][gc,cpu      ] GC(739) User=0.00s Sys=0.00s Real=0.00s
[2026-03-27T14:07:39.959+0900][44.092s][info][gc,marking  ] GC(739) Concurrent Cleanup for Next Mark
[2026-03-27T14:07:39.959+0900][44.092s][info][gc,marking  ] GC(739) Concurrent Cleanup for Next Mark 0.371ms
[2026-03-27T14:07:39.959+0900][44.092s][info][gc          ] GC(739) Concurrent Mark Cycle 3.928ms
[2026-03-27T14:07:40.021+0900][44.151s][info][gc,start    ] GC(740) Pause Young (Concurrent Start) (G1 Humongous Allocation)
[2026-03-27T14:07:40.021+0900][44.152s][info][gc,task     ] GC(740) Using 8 workers of 8 for evacuation
[2026-03-27T14:07:40.022+0900][44.153s][info][gc,phases   ] GC(740)   Pre Evacuate Collection Set: 0.1ms
[2026-03-27T14:07:40.022+0900][44.153s][info][gc,phases   ] GC(740)   Merge Heap Roots: 0.2ms
[2026-03-27T14:07:40.022+0900][44.153s][info][gc,phases   ] GC(740)   Evacuate Collection Set: 0.1ms
[2026-03-27T14:07:40.022+0900][44.153s][info][gc,phases   ] GC(740)   Post Evacuate Collection Set: 0.4ms
[2026-03-27T14:07:40.022+0900][44.153s][info][gc,phases   ] GC(740)   Other: 0.1ms
[2026-03-27T14:07:40.022+0900][44.153s][info][gc,heap     ] GC(740) Eden regions: 1->0(177)
[2026-03-27T14:07:40.022+0900][44.153s][info][gc,heap     ] GC(740) Survivor regions: 1->1(23)
[2026-03-27T14:07:40.022+0900][44.153s][info][gc,heap     ] GC(740) Old regions: 1->1
[2026-03-27T14:07:40.022+0900][44.153s][info][gc,heap     ] GC(740) Archive regions: 0->0
[2026-03-27T14:07:40.022+0900][44.153s][info][gc,heap     ] GC(740) Humongous regions: 281->280
[2026-03-27T14:07:40.022+0900][44.153s][info][gc,metaspace] GC(740) Metaspace: 166K(384K)->166K(384K) NonClass: 157K(256K)->157K(256K) Class: 9K(128K)->9K(128K)
[2026-03-27T14:07:40.022+0900][44.153s][info][gc          ] GC(740) Pause Young (Concurrent Start) (G1 Humongous Allocation) 282M->280M(512M) 1.255ms
[2026-03-27T14:07:40.022+0900][44.153s][info][gc,cpu      ] GC(740) User=0.00s Sys=0.00s Real=0.00s
[2026-03-27T14:07:40.022+0900][44.153s][info][gc          ] GC(741) Concurrent Mark Cycle
[2026-03-27T14:07:40.022+0900][44.153s][info][gc,marking  ] GC(741) Concurrent Clear Claimed Marks
[2026-03-27T14:07:40.022+0900][44.153s][info][gc,marking  ] GC(741) Concurrent Clear Claimed Marks 0.022ms
[2026-03-27T14:07:40.022+0900][44.153s][info][gc,marking  ] GC(741) Concurrent Scan Root Regions
[2026-03-27T14:07:40.022+0900][44.153s][info][gc,marking  ] GC(741) Concurrent Scan Root Regions 0.089ms
[2026-03-27T14:07:40.022+0900][44.153s][info][gc,marking  ] GC(741) Concurrent Mark
[2026-03-27T14:07:40.022+0900][44.153s][info][gc,marking  ] GC(741) Concurrent Mark From Roots
[2026-03-27T14:07:40.022+0900][44.153s][info][gc,task     ] GC(741) Using 2 workers of 2 for marking
[2026-03-27T14:07:40.022+0900][44.154s][info][gc,marking  ] GC(741) Concurrent Mark From Roots 1.418ms
[2026-03-27T14:07:40.022+0900][44.154s][info][gc,marking  ] GC(741) Concurrent Preclean
[2026-03-27T14:07:40.022+0900][44.155s][info][gc,marking  ] GC(741) Concurrent Preclean 0.025ms
[2026-03-27T14:07:40.022+0900][44.155s][info][gc,start    ] GC(741) Pause Remark
[2026-03-27T14:07:40.022+0900][44.156s][info][gc          ] GC(741) Pause Remark 281M->281M(512M) 0.966ms
[2026-03-27T14:07:40.022+0900][44.156s][info][gc,cpu      ] GC(741) User=0.00s Sys=0.00s Real=0.00s
[2026-03-27T14:07:40.022+0900][44.156s][info][gc,marking  ] GC(741) Concurrent Mark 2.847ms
[2026-03-27T14:07:40.022+0900][44.156s][info][gc,marking  ] GC(741) Concurrent Rebuild Remembered Sets
[2026-03-27T14:07:40.022+0900][44.156s][info][gc,marking  ] GC(741) Concurrent Rebuild Remembered Sets 0.483ms
[2026-03-27T14:07:40.022+0900][44.157s][info][gc,start    ] GC(741) Pause Cleanup
[2026-03-27T14:07:40.022+0900][44.157s][info][gc          ] GC(741) Pause Cleanup 281M->281M(512M) 0.136ms
[2026-03-27T14:07:40.022+0900][44.157s][info][gc,cpu      ] GC(741) User=0.00s Sys=0.00s Real=0.00s
[2026-03-27T14:07:40.022+0900][44.157s][info][gc,marking  ] GC(741) Concurrent Cleanup for Next Mark
[2026-03-27T14:07:40.022+0900][44.157s][info][gc,marking  ] GC(741) Concurrent Cleanup for Next Mark 0.278ms
[2026-03-27T14:07:40.022+0900][44.157s][info][gc          ] GC(741) Concurrent Mark Cycle 4.525ms
[2026-03-27T14:07:40.085+0900][44.216s][info][gc,start    ] GC(742) Pause Young (Concurrent Start) (G1 Humongous Allocation)
[2026-03-27T14:07:40.085+0900][44.216s][info][gc,task     ] GC(742) Using 8 workers of 8 for evacuation
[2026-03-27T14:07:40.085+0900][44.218s][info][gc,phases   ] GC(742)   Pre Evacuate Collection Set: 0.2ms
[2026-03-27T14:07:40.085+0900][44.218s][info][gc,phases   ] GC(742)   Merge Heap Roots: 0.3ms
[2026-03-27T14:07:40.085+0900][44.218s][info][gc,phases   ] GC(742)   Evacuate Collection Set: 0.3ms
[2026-03-27T14:07:40.085+0900][44.218s][info][gc,phases   ] GC(742)   Post Evacuate Collection Set: 1.0ms
[2026-03-27T14:07:40.085+0900][44.218s][info][gc,phases   ] GC(742)   Other: 0.3ms
[2026-03-27T14:07:40.085+0900][44.218s][info][gc,heap     ] GC(742) Eden regions: 1->0(177)
[2026-03-27T14:07:40.085+0900][44.218s][info][gc,heap     ] GC(742) Survivor regions: 1->1(23)
[2026-03-27T14:07:40.085+0900][44.218s][info][gc,heap     ] GC(742) Old regions: 1->1
[2026-03-27T14:07:40.085+0900][44.218s][info][gc,heap     ] GC(742) Archive regions: 0->0
[2026-03-27T14:07:40.085+0900][44.218s][info][gc,heap     ] GC(742) Humongous regions: 281->280
[2026-03-27T14:07:40.085+0900][44.218s][info][gc,metaspace] GC(742) Metaspace: 166K(384K)->166K(384K) NonClass: 157K(256K)->157K(256K) Class: 9K(128K)->9K(128K)
[2026-03-27T14:07:40.085+0900][44.218s][info][gc          ] GC(742) Pause Young (Concurrent Start) (G1 Humongous Allocation) 282M->280M(512M) 2.810ms
[2026-03-27T14:07:40.085+0900][44.218s][info][gc,cpu      ] GC(742) User=0.00s Sys=0.00s Real=0.00s
[2026-03-27T14:07:40.085+0900][44.219s][info][gc          ] GC(743) Concurrent Mark Cycle
[2026-03-27T14:07:40.085+0900][44.219s][info][gc,marking  ] GC(743) Concurrent Clear Claimed Marks
[2026-03-27T14:07:40.085+0900][44.219s][info][gc,marking  ] GC(743) Concurrent Clear Claimed Marks 0.032ms
[2026-03-27T14:07:40.085+0900][44.219s][info][gc,marking  ] GC(743) Concurrent Scan Root Regions
[2026-03-27T14:07:40.085+0900][44.219s][info][gc,marking  ] GC(743) Concurrent Scan Root Regions 0.140ms
[2026-03-27T14:07:40.085+0900][44.219s][info][gc,marking  ] GC(743) Concurrent Mark
[2026-03-27T14:07:40.085+0900][44.219s][info][gc,marking  ] GC(743) Concurrent Mark From Roots
[2026-03-27T14:07:40.085+0900][44.219s][info][gc,task     ] GC(743) Using 2 workers of 2 for marking
[2026-03-27T14:07:40.085+0900][44.221s][info][gc,marking  ] GC(743) Concurrent Mark From Roots 1.567ms
[2026-03-27T14:07:40.085+0900][44.221s][info][gc,marking  ] GC(743) Concurrent Preclean
[2026-03-27T14:07:40.085+0900][44.221s][info][gc,marking  ] GC(743) Concurrent Preclean 0.034ms
[2026-03-27T14:07:40.085+0900][44.221s][info][gc,start    ] GC(743) Pause Remark
[2026-03-27T14:07:40.085+0900][44.222s][info][gc          ] GC(743) Pause Remark 283M->283M(512M) 1.030ms
[2026-03-27T14:07:40.085+0900][44.222s][info][gc,cpu      ] GC(743) User=0.00s Sys=0.00s Real=0.00s
[2026-03-27T14:07:40.085+0900][44.222s][info][gc,marking  ] GC(743) Concurrent Mark 3.249ms
[2026-03-27T14:07:40.085+0900][44.222s][info][gc,marking  ] GC(743) Concurrent Rebuild Remembered Sets
[2026-03-27T14:07:40.085+0900][44.223s][info][gc,marking  ] GC(743) Concurrent Rebuild Remembered Sets 0.791ms
[2026-03-27T14:07:40.085+0900][44.223s][info][gc,start    ] GC(743) Pause Cleanup
[2026-03-27T14:07:40.085+0900][44.224s][info][gc          ] GC(743) Pause Cleanup 283M->283M(512M) 0.231ms
[2026-03-27T14:07:40.085+0900][44.224s][info][gc,cpu      ] GC(743) User=0.00s Sys=0.00s Real=0.00s
[2026-03-27T14:07:40.085+0900][44.224s][info][gc,marking  ] GC(743) Concurrent Cleanup for Next Mark
[2026-03-27T14:07:40.085+0900][44.224s][info][gc,marking  ] GC(743) Concurrent Cleanup for Next Mark 0.546ms
[2026-03-27T14:07:40.085+0900][44.224s][info][gc          ] GC(743) Concurrent Mark Cycle 5.806ms
[2026-03-27T14:07:40.150+0900][44.280s][info][gc,start    ] GC(744) Pause Young (Concurrent Start) (G1 Humongous Allocation)
[2026-03-27T14:07:40.150+0900][44.280s][info][gc,task     ] GC(744) Using 8 workers of 8 for evacuation
[2026-03-27T14:07:40.150+0900][44.283s][info][gc,phases   ] GC(744)   Pre Evacuate Collection Set: 0.2ms
[2026-03-27T14:07:40.150+0900][44.283s][info][gc,phases   ] GC(744)   Merge Heap Roots: 0.4ms
[2026-03-27T14:07:40.150+0900][44.283s][info][gc,phases   ] GC(744)   Evacuate Collection Set: 0.3ms
[2026-03-27T14:07:40.150+0900][44.283s][info][gc,phases   ] GC(744)   Post Evacuate Collection Set: 0.9ms
[2026-03-27T14:07:40.150+0900][44.283s][info][gc,phases   ] GC(744)   Other: 0.2ms
[2026-03-27T14:07:40.150+0900][44.283s][info][gc,heap     ] GC(744) Eden regions: 1->0(175)
[2026-03-27T14:07:40.150+0900][44.283s][info][gc,heap     ] GC(744) Survivor regions: 1->1(23)
[2026-03-27T14:07:40.150+0900][44.283s][info][gc,heap     ] GC(744) Old regions: 1->1
[2026-03-27T14:07:40.150+0900][44.283s][info][gc,heap     ] GC(744) Archive regions: 0->0
[2026-03-27T14:07:40.150+0900][44.283s][info][gc,heap     ] GC(744) Humongous regions: 283->282
[2026-03-27T14:07:40.150+0900][44.283s][info][gc,metaspace] GC(744) Metaspace: 166K(384K)->166K(384K) NonClass: 157K(256K)->157K(256K) Class: 9K(128K)->9K(128K)
[2026-03-27T14:07:40.150+0900][44.283s][info][gc          ] GC(744) Pause Young (Concurrent Start) (G1 Humongous Allocation) 284M->282M(512M) 2.882ms
[2026-03-27T14:07:40.150+0900][44.283s][info][gc,cpu      ] GC(744) User=0.00s Sys=0.00s Real=0.00s
[2026-03-27T14:07:40.150+0900][44.283s][info][gc          ] GC(745) Concurrent Mark Cycle
[2026-03-27T14:07:40.150+0900][44.283s][info][gc,marking  ] GC(745) Concurrent Clear Claimed Marks
[2026-03-27T14:07:40.150+0900][44.283s][info][gc,marking  ] GC(745) Concurrent Clear Claimed Marks 0.043ms
[2026-03-27T14:07:40.150+0900][44.283s][info][gc,marking  ] GC(745) Concurrent Scan Root Regions
[2026-03-27T14:07:40.150+0900][44.284s][info][gc,marking  ] GC(745) Concurrent Scan Root Regions 0.255ms
[2026-03-27T14:07:40.150+0900][44.284s][info][gc,marking  ] GC(745) Concurrent Mark
[2026-03-27T14:07:40.150+0900][44.284s][info][gc,marking  ] GC(745) Concurrent Mark From Roots
[2026-03-27T14:07:40.150+0900][44.284s][info][gc,task     ] GC(745) Using 2 workers of 2 for marking
[2026-03-27T14:07:40.150+0900][44.286s][info][gc,marking  ] GC(745) Concurrent Mark From Roots 2.002ms
[2026-03-27T14:07:40.150+0900][44.286s][info][gc,marking  ] GC(745) Concurrent Preclean
[2026-03-27T14:07:40.150+0900][44.286s][info][gc,marking  ] GC(745) Concurrent Preclean 0.044ms
[2026-03-27T14:07:40.150+0900][44.286s][info][gc,start    ] GC(745) Pause Remark
[2026-03-27T14:07:40.150+0900][44.288s][info][gc          ] GC(745) Pause Remark 283M->283M(512M) 1.415ms
[2026-03-27T14:07:40.150+0900][44.288s][info][gc,cpu      ] GC(745) User=0.00s Sys=0.00s Real=0.00s
[2026-03-27T14:07:40.150+0900][44.288s][info][gc,marking  ] GC(745) Concurrent Mark 4.266ms
[2026-03-27T14:07:40.150+0900][44.288s][info][gc,marking  ] GC(745) Concurrent Rebuild Remembered Sets
[2026-03-27T14:07:40.150+0900][44.289s][info][gc,marking  ] GC(745) Concurrent Rebuild Remembered Sets 1.006ms
[2026-03-27T14:07:40.150+0900][44.290s][info][gc,start    ] GC(745) Pause Cleanup
[2026-03-27T14:07:40.150+0900][44.290s][info][gc          ] GC(745) Pause Cleanup 283M->283M(512M) 0.295ms
[2026-03-27T14:07:40.150+0900][44.290s][info][gc,cpu      ] GC(745) User=0.00s Sys=0.00s Real=0.00s
[2026-03-27T14:07:40.150+0900][44.290s][info][gc,marking  ] GC(745) Concurrent Cleanup for Next Mark
[2026-03-27T14:07:40.150+0900][44.291s][info][gc,marking  ] GC(745) Concurrent Cleanup for Next Mark 0.658ms
[2026-03-27T14:07:40.150+0900][44.291s][info][gc          ] GC(745) Concurrent Mark Cycle 7.550ms
[2026-03-27T14:07:40.213+0900][44.344s][info][gc,start    ] GC(746) Pause Young (Concurrent Start) (G1 Humongous Allocation)
[2026-03-27T14:07:40.213+0900][44.344s][info][gc,task     ] GC(746) Using 8 workers of 8 for evacuation
[2026-03-27T14:07:40.213+0900][44.345s][info][gc,phases   ] GC(746)   Pre Evacuate Collection Set: 0.1ms
[2026-03-27T14:07:40.213+0900][44.345s][info][gc,phases   ] GC(746)   Merge Heap Roots: 0.2ms
[2026-03-27T14:07:40.213+0900][44.345s][info][gc,phases   ] GC(746)   Evacuate Collection Set: 0.1ms
[2026-03-27T14:07:40.213+0900][44.345s][info][gc,phases   ] GC(746)   Post Evacuate Collection Set: 0.5ms
[2026-03-27T14:07:40.213+0900][44.345s][info][gc,phases   ] GC(746)   Other: 0.1ms
[2026-03-27T14:07:40.213+0900][44.345s][info][gc,heap     ] GC(746) Eden regions: 1->0(175)
[2026-03-27T14:07:40.213+0900][44.345s][info][gc,heap     ] GC(746) Survivor regions: 1->1(22)
[2026-03-27T14:07:40.213+0900][44.345s][info][gc,heap     ] GC(746) Old regions: 1->1
[2026-03-27T14:07:40.213+0900][44.345s][info][gc,heap     ] GC(746) Archive regions: 0->0
[2026-03-27T14:07:40.213+0900][44.345s][info][gc,heap     ] GC(746) Humongous regions: 283->282
[2026-03-27T14:07:40.213+0900][44.345s][info][gc,metaspace] GC(746) Metaspace: 166K(384K)->166K(384K) NonClass: 157K(256K)->157K(256K) Class: 9K(128K)->9K(128K)
[2026-03-27T14:07:40.213+0900][44.345s][info][gc          ] GC(746) Pause Young (Concurrent Start) (G1 Humongous Allocation) 284M->282M(512M) 1.395ms
[2026-03-27T14:07:40.213+0900][44.345s][info][gc,cpu      ] GC(746) User=0.00s Sys=0.00s Real=0.00s
[2026-03-27T14:07:40.213+0900][44.345s][info][gc          ] GC(747) Concurrent Mark Cycle
[2026-03-27T14:07:40.213+0900][44.345s][info][gc,marking  ] GC(747) Concurrent Clear Claimed Marks
[2026-03-27T14:07:40.213+0900][44.345s][info][gc,marking  ] GC(747) Concurrent Clear Claimed Marks 0.019ms
[2026-03-27T14:07:40.213+0900][44.345s][info][gc,marking  ] GC(747) Concurrent Scan Root Regions
[2026-03-27T14:07:40.213+0900][44.345s][info][gc,marking  ] GC(747) Concurrent Scan Root Regions 0.190ms
[2026-03-27T14:07:40.213+0900][44.346s][info][gc,marking  ] GC(747) Concurrent Mark
[2026-03-27T14:07:40.213+0900][44.346s][info][gc,marking  ] GC(747) Concurrent Mark From Roots
[2026-03-27T14:07:40.213+0900][44.346s][info][gc,task     ] GC(747) Using 2 workers of 2 for marking
[2026-03-27T14:07:40.213+0900][44.347s][info][gc,marking  ] GC(747) Concurrent Mark From Roots 1.010ms
[2026-03-27T14:07:40.213+0900][44.347s][info][gc,marking  ] GC(747) Concurrent Preclean
[2026-03-27T14:07:40.213+0900][44.347s][info][gc,marking  ] GC(747) Concurrent Preclean 0.027ms
[2026-03-27T14:07:40.213+0900][44.347s][info][gc,start    ] GC(747) Pause Remark
[2026-03-27T14:07:40.213+0900][44.347s][info][gc          ] GC(747) Pause Remark 283M->283M(512M) 0.635ms
[2026-03-27T14:07:40.213+0900][44.347s][info][gc,cpu      ] GC(747) User=0.00s Sys=0.00s Real=0.00s
[2026-03-27T14:07:40.213+0900][44.348s][info][gc,marking  ] GC(747) Concurrent Mark 1.986ms
[2026-03-27T14:07:40.213+0900][44.348s][info][gc,marking  ] GC(747) Concurrent Rebuild Remembered Sets
[2026-03-27T14:07:40.213+0900][44.348s][info][gc,marking  ] GC(747) Concurrent Rebuild Remembered Sets 0.562ms
[2026-03-27T14:07:40.213+0900][44.348s][info][gc,start    ] GC(747) Pause Cleanup
[2026-03-27T14:07:40.213+0900][44.348s][info][gc          ] GC(747) Pause Cleanup 283M->283M(512M) 0.127ms
[2026-03-27T14:07:40.213+0900][44.348s][info][gc,cpu      ] GC(747) User=0.00s Sys=0.00s Real=0.00s
[2026-03-27T14:07:40.213+0900][44.349s][info][gc,marking  ] GC(747) Concurrent Cleanup for Next Mark
[2026-03-27T14:07:40.213+0900][44.349s][info][gc,marking  ] GC(747) Concurrent Cleanup for Next Mark 0.315ms
[2026-03-27T14:07:40.213+0900][44.349s][info][gc          ] GC(747) Concurrent Mark Cycle 3.748ms
[2026-03-27T14:07:40.277+0900][44.407s][info][gc,start    ] GC(748) Pause Young (Concurrent Start) (G1 Humongous Allocation)
[2026-03-27T14:07:40.277+0900][44.408s][info][gc,task     ] GC(748) Using 8 workers of 8 for evacuation
[2026-03-27T14:07:40.277+0900][44.410s][info][gc,phases   ] GC(748)   Pre Evacuate Collection Set: 0.2ms
[2026-03-27T14:07:40.277+0900][44.410s][info][gc,phases   ] GC(748)   Merge Heap Roots: 0.3ms
[2026-03-27T14:07:40.277+0900][44.410s][info][gc,phases   ] GC(748)   Evacuate Collection Set: 0.3ms
[2026-03-27T14:07:40.277+0900][44.410s][info][gc,phases   ] GC(748)   Post Evacuate Collection Set: 0.9ms
[2026-03-27T14:07:40.277+0900][44.410s][info][gc,phases   ] GC(748)   Other: 0.2ms
[2026-03-27T14:07:40.277+0900][44.410s][info][gc,heap     ] GC(748) Eden regions: 1->0(175)
[2026-03-27T14:07:40.277+0900][44.410s][info][gc,heap     ] GC(748) Survivor regions: 1->1(22)
[2026-03-27T14:07:40.277+0900][44.410s][info][gc,heap     ] GC(748) Old regions: 1->1
[2026-03-27T14:07:40.277+0900][44.410s][info][gc,heap     ] GC(748) Archive regions: 0->0
[2026-03-27T14:07:40.277+0900][44.410s][info][gc,heap     ] GC(748) Humongous regions: 283->282
[2026-03-27T14:07:40.277+0900][44.410s][info][gc,metaspace] GC(748) Metaspace: 166K(384K)->166K(384K) NonClass: 157K(256K)->157K(256K) Class: 9K(128K)->9K(128K)
[2026-03-27T14:07:40.277+0900][44.410s][info][gc          ] GC(748) Pause Young (Concurrent Start) (G1 Humongous Allocation) 284M->282M(512M) 2.579ms
[2026-03-27T14:07:40.277+0900][44.410s][info][gc,cpu      ] GC(748) User=0.00s Sys=0.00s Real=0.00s
[2026-03-27T14:07:40.277+0900][44.410s][info][gc          ] GC(749) Concurrent Mark Cycle
[2026-03-27T14:07:40.277+0900][44.410s][info][gc,marking  ] GC(749) Concurrent Clear Claimed Marks
[2026-03-27T14:07:40.277+0900][44.410s][info][gc,marking  ] GC(749) Concurrent Clear Claimed Marks 0.039ms
[2026-03-27T14:07:40.277+0900][44.410s][info][gc,marking  ] GC(749) Concurrent Scan Root Regions
[2026-03-27T14:07:40.277+0900][44.411s][info][gc,marking  ] GC(749) Concurrent Scan Root Regions 0.320ms
[2026-03-27T14:07:40.277+0900][44.411s][info][gc,marking  ] GC(749) Concurrent Mark
[2026-03-27T14:07:40.277+0900][44.411s][info][gc,marking  ] GC(749) Concurrent Mark From Roots
[2026-03-27T14:07:40.277+0900][44.411s][info][gc,task     ] GC(749) Using 2 workers of 2 for marking
[2026-03-27T14:07:40.277+0900][44.413s][info][gc,marking  ] GC(749) Concurrent Mark From Roots 1.938ms
[2026-03-27T14:07:40.277+0900][44.413s][info][gc,marking  ] GC(749) Concurrent Preclean
[2026-03-27T14:07:40.277+0900][44.413s][info][gc,marking  ] GC(749) Concurrent Preclean 0.043ms
[2026-03-27T14:07:40.277+0900][44.413s][info][gc,start    ] GC(749) Pause Remark
[2026-03-27T14:07:40.277+0900][44.415s][info][gc          ] GC(749) Pause Remark 283M->283M(512M) 1.408ms
[2026-03-27T14:07:40.277+0900][44.415s][info][gc,cpu      ] GC(749) User=0.00s Sys=0.00s Real=0.00s
[2026-03-27T14:07:40.277+0900][44.415s][info][gc,marking  ] GC(749) Concurrent Mark 4.242ms
[2026-03-27T14:07:40.277+0900][44.415s][info][gc,marking  ] GC(749) Concurrent Rebuild Remembered Sets
[2026-03-27T14:07:40.277+0900][44.416s][info][gc,marking  ] GC(749) Concurrent Rebuild Remembered Sets 0.927ms
[2026-03-27T14:07:40.277+0900][44.416s][info][gc,start    ] GC(749) Pause Cleanup
[2026-03-27T14:07:40.277+0900][44.417s][info][gc          ] GC(749) Pause Cleanup 283M->283M(512M) 0.277ms
[2026-03-27T14:07:40.277+0900][44.417s][info][gc,cpu      ] GC(749) User=0.00s Sys=0.00s Real=0.00s
[2026-03-27T14:07:40.277+0900][44.417s][info][gc,marking  ] GC(749) Concurrent Cleanup for Next Mark
[2026-03-27T14:07:40.277+0900][44.417s][info][gc,marking  ] GC(749) Concurrent Cleanup for Next Mark 0.563ms
[2026-03-27T14:07:40.277+0900][44.418s][info][gc          ] GC(749) Concurrent Mark Cycle 7.364ms
[2026-03-27T14:07:40.341+0900][44.471s][info][gc,start    ] GC(750) Pause Young (Concurrent Start) (G1 Humongous Allocation)
[2026-03-27T14:07:40.341+0900][44.471s][info][gc,task     ] GC(750) Using 8 workers of 8 for evacuation
[2026-03-27T14:07:40.341+0900][44.472s][info][gc,phases   ] GC(750)   Pre Evacuate Collection Set: 0.1ms
[2026-03-27T14:07:40.341+0900][44.472s][info][gc,phases   ] GC(750)   Merge Heap Roots: 0.2ms
[2026-03-27T14:07:40.341+0900][44.472s][info][gc,phases   ] GC(750)   Evacuate Collection Set: 0.1ms
[2026-03-27T14:07:40.341+0900][44.472s][info][gc,phases   ] GC(750)   Post Evacuate Collection Set: 0.4ms
[2026-03-27T14:07:40.341+0900][44.472s][info][gc,phases   ] GC(750)   Other: 0.2ms
[2026-03-27T14:07:40.341+0900][44.472s][info][gc,heap     ] GC(750) Eden regions: 1->0(175)
[2026-03-27T14:07:40.341+0900][44.472s][info][gc,heap     ] GC(750) Survivor regions: 1->1(22)
[2026-03-27T14:07:40.341+0900][44.472s][info][gc,heap     ] GC(750) Old regions: 1->1
[2026-03-27T14:07:40.341+0900][44.472s][info][gc,heap     ] GC(750) Archive regions: 0->0
[2026-03-27T14:07:40.341+0900][44.472s][info][gc,heap     ] GC(750) Humongous regions: 283->282
[2026-03-27T14:07:40.341+0900][44.472s][info][gc,metaspace] GC(750) Metaspace: 166K(384K)->166K(384K) NonClass: 157K(256K)->157K(256K) Class: 9K(128K)->9K(128K)
[2026-03-27T14:07:40.341+0900][44.472s][info][gc          ] GC(750) Pause Young (Concurrent Start) (G1 Humongous Allocation) 284M->282M(512M) 1.380ms
[2026-03-27T14:07:40.341+0900][44.472s][info][gc,cpu      ] GC(750) User=0.00s Sys=0.00s Real=0.00s
[2026-03-27T14:07:40.341+0900][44.472s][info][gc          ] GC(751) Concurrent Mark Cycle
[2026-03-27T14:07:40.341+0900][44.472s][info][gc,marking  ] GC(751) Concurrent Clear Claimed Marks
[2026-03-27T14:07:40.341+0900][44.472s][info][gc,marking  ] GC(751) Concurrent Clear Claimed Marks 0.032ms
[2026-03-27T14:07:40.341+0900][44.472s][info][gc,marking  ] GC(751) Concurrent Scan Root Regions
[2026-03-27T14:07:40.341+0900][44.473s][info][gc,marking  ] GC(751) Concurrent Scan Root Regions 0.141ms
[2026-03-27T14:07:40.341+0900][44.473s][info][gc,marking  ] GC(751) Concurrent Mark
[2026-03-27T14:07:40.341+0900][44.473s][info][gc,marking  ] GC(751) Concurrent Mark From Roots
[2026-03-27T14:07:40.341+0900][44.473s][info][gc,task     ] GC(751) Using 2 workers of 2 for marking
[2026-03-27T14:07:40.341+0900][44.474s][info][gc,marking  ] GC(751) Concurrent Mark From Roots 0.940ms
[2026-03-27T14:07:40.341+0900][44.474s][info][gc,marking  ] GC(751) Concurrent Preclean
[2026-03-27T14:07:40.344+0900][44.474s][info][gc,marking  ] GC(751) Concurrent Preclean 0.019ms
[2026-03-27T14:07:40.344+0900][44.474s][info][gc,start    ] GC(751) Pause Remark
[2026-03-27T14:07:40.344+0900][44.475s][info][gc          ] GC(751) Pause Remark 283M->283M(512M) 0.846ms
[2026-03-27T14:07:40.344+0900][44.475s][info][gc,cpu      ] GC(751) User=0.00s Sys=0.00s Real=0.00s
[2026-03-27T14:07:40.344+0900][44.475s][info][gc,marking  ] GC(751) Concurrent Mark 2.182ms
[2026-03-27T14:07:40.344+0900][44.475s][info][gc,marking  ] GC(751) Concurrent Rebuild Remembered Sets
[2026-03-27T14:07:40.344+0900][44.476s][info][gc,marking  ] GC(751) Concurrent Rebuild Remembered Sets 0.711ms
[2026-03-27T14:07:40.344+0900][44.476s][info][gc,start    ] GC(751) Pause Cleanup
[2026-03-27T14:07:40.344+0900][44.476s][info][gc          ] GC(751) Pause Cleanup 283M->283M(512M) 0.156ms
[2026-03-27T14:07:40.344+0900][44.476s][info][gc,cpu      ] GC(751) User=0.00s Sys=0.00s Real=0.00s
[2026-03-27T14:07:40.344+0900][44.476s][info][gc,marking  ] GC(751) Concurrent Cleanup for Next Mark
[2026-03-27T14:07:40.344+0900][44.476s][info][gc,marking  ] GC(751) Concurrent Cleanup for Next Mark 0.242ms
[2026-03-27T14:07:40.344+0900][44.476s][info][gc          ] GC(751) Concurrent Mark Cycle 3.869ms
[2026-03-27T14:07:40.393+0900][44.523s][info][gc,start    ] GC(752) Pause Young (Concurrent Start) (G1 Humongous Allocation)
[2026-03-27T14:07:40.393+0900][44.524s][info][gc,task     ] GC(752) Using 8 workers of 8 for evacuation
[2026-03-27T14:07:40.393+0900][44.525s][info][gc,phases   ] GC(752)   Pre Evacuate Collection Set: 0.1ms
[2026-03-27T14:07:40.393+0900][44.525s][info][gc,phases   ] GC(752)   Merge Heap Roots: 0.1ms
[2026-03-27T14:07:40.393+0900][44.525s][info][gc,phases   ] GC(752)   Evacuate Collection Set: 0.3ms
[2026-03-27T14:07:40.393+0900][44.525s][info][gc,phases   ] GC(752)   Post Evacuate Collection Set: 0.6ms
[2026-03-27T14:07:40.393+0900][44.525s][info][gc,phases   ] GC(752)   Other: 0.2ms
[2026-03-27T14:07:40.393+0900][44.525s][info][gc,heap     ] GC(752) Eden regions: 1->0(175)
[2026-03-27T14:07:40.393+0900][44.525s][info][gc,heap     ] GC(752) Survivor regions: 1->1(22)
[2026-03-27T14:07:40.393+0900][44.525s][info][gc,heap     ] GC(752) Old regions: 1->1
[2026-03-27T14:07:40.393+0900][44.525s][info][gc,heap     ] GC(752) Archive regions: 0->0
[2026-03-27T14:07:40.393+0900][44.525s][info][gc,heap     ] GC(752) Humongous regions: 283->282
[2026-03-27T14:07:40.393+0900][44.525s][info][gc,metaspace] GC(752) Metaspace: 166K(384K)->166K(384K) NonClass: 157K(256K)->157K(256K) Class: 9K(128K)->9K(128K)
[2026-03-27T14:07:40.393+0900][44.525s][info][gc          ] GC(752) Pause Young (Concurrent Start) (G1 Humongous Allocation) 284M->282M(512M) 1.595ms
[2026-03-27T14:07:40.393+0900][44.525s][info][gc,cpu      ] GC(752) User=0.00s Sys=0.00s Real=0.00s
[2026-03-27T14:07:40.393+0900][44.525s][info][gc          ] GC(753) Concurrent Mark Cycle
[2026-03-27T14:07:40.393+0900][44.525s][info][gc,marking  ] GC(753) Concurrent Clear Claimed Marks
[2026-03-27T14:07:40.393+0900][44.525s][info][gc,marking  ] GC(753) Concurrent Clear Claimed Marks 0.028ms
[2026-03-27T14:07:40.393+0900][44.525s][info][gc,marking  ] GC(753) Concurrent Scan Root Regions
[2026-03-27T14:07:40.393+0900][44.525s][info][gc,marking  ] GC(753) Concurrent Scan Root Regions 0.150ms
[2026-03-27T14:07:40.393+0900][44.525s][info][gc,marking  ] GC(753) Concurrent Mark
[2026-03-27T14:07:40.393+0900][44.525s][info][gc,marking  ] GC(753) Concurrent Mark From Roots
[2026-03-27T14:07:40.393+0900][44.525s][info][gc,task     ] GC(753) Using 2 workers of 2 for marking
[2026-03-27T14:07:40.393+0900][44.526s][info][gc,marking  ] GC(753) Concurrent Mark From Roots 1.032ms
[2026-03-27T14:07:40.393+0900][44.527s][info][gc,marking  ] GC(753) Concurrent Preclean
[2026-03-27T14:07:40.393+0900][44.527s][info][gc,marking  ] GC(753) Concurrent Preclean 0.014ms
[2026-03-27T14:07:40.393+0900][44.527s][info][gc,start    ] GC(753) Pause Remark
[2026-03-27T14:07:40.393+0900][44.528s][info][gc          ] GC(753) Pause Remark 285M->285M(512M) 0.824ms
[2026-03-27T14:07:40.393+0900][44.528s][info][gc,cpu      ] GC(753) User=0.00s Sys=0.00s Real=0.00s
[2026-03-27T14:07:40.393+0900][44.528s][info][gc,marking  ] GC(753) Concurrent Mark 2.279ms
[2026-03-27T14:07:40.393+0900][44.528s][info][gc,marking  ] GC(753) Concurrent Rebuild Remembered Sets
[2026-03-27T14:07:40.393+0900][44.528s][info][gc,marking  ] GC(753) Concurrent Rebuild Remembered Sets 0.525ms
[2026-03-27T14:07:40.393+0900][44.529s][info][gc,start    ] GC(753) Pause Cleanup
[2026-03-27T14:07:40.393+0900][44.529s][info][gc          ] GC(753) Pause Cleanup 285M->285M(512M) 0.173ms
[2026-03-27T14:07:40.393+0900][44.529s][info][gc,cpu      ] GC(753) User=0.00s Sys=0.00s Real=0.00s
[2026-03-27T14:07:40.393+0900][44.529s][info][gc,marking  ] GC(753) Concurrent Cleanup for Next Mark
[2026-03-27T14:07:40.393+0900][44.529s][info][gc,marking  ] GC(753) Concurrent Cleanup for Next Mark 0.365ms
[2026-03-27T14:07:40.393+0900][44.529s][info][gc          ] GC(753) Concurrent Mark Cycle 4.056ms
[2026-03-27T14:07:40.457+0900][44.587s][info][gc,start    ] GC(754) Pause Young (Concurrent Start) (G1 Humongous Allocation)
[2026-03-27T14:07:40.457+0900][44.587s][info][gc,task     ] GC(754) Using 8 workers of 8 for evacuation
[2026-03-27T14:07:40.457+0900][44.588s][info][gc,phases   ] GC(754)   Pre Evacuate Collection Set: 0.1ms
[2026-03-27T14:07:40.457+0900][44.588s][info][gc,phases   ] GC(754)   Merge Heap Roots: 0.1ms
[2026-03-27T14:07:40.457+0900][44.588s][info][gc,phases   ] GC(754)   Evacuate Collection Set: 0.1ms
[2026-03-27T14:07:40.457+0900][44.588s][info][gc,phases   ] GC(754)   Post Evacuate Collection Set: 0.2ms
[2026-03-27T14:07:40.457+0900][44.588s][info][gc,phases   ] GC(754)   Other: 0.1ms
[2026-03-27T14:07:40.457+0900][44.588s][info][gc,heap     ] GC(754) Eden regions: 1->0(173)
[2026-03-27T14:07:40.457+0900][44.588s][info][gc,heap     ] GC(754) Survivor regions: 1->1(22)
[2026-03-27T14:07:40.457+0900][44.588s][info][gc,heap     ] GC(754) Old regions: 1->1
[2026-03-27T14:07:40.457+0900][44.588s][info][gc,heap     ] GC(754) Archive regions: 0->0
[2026-03-27T14:07:40.457+0900][44.588s][info][gc,heap     ] GC(754) Humongous regions: 285->284
[2026-03-27T14:07:40.457+0900][44.588s][info][gc,metaspace] GC(754) Metaspace: 166K(384K)->166K(384K) NonClass: 157K(256K)->157K(256K) Class: 9K(128K)->9K(128K)
[2026-03-27T14:07:40.457+0900][44.588s][info][gc          ] GC(754) Pause Young (Concurrent Start) (G1 Humongous Allocation) 286M->284M(512M) 0.864ms
[2026-03-27T14:07:40.457+0900][44.588s][info][gc,cpu      ] GC(754) User=0.00s Sys=0.00s Real=0.00s
[2026-03-27T14:07:40.457+0900][44.588s][info][gc          ] GC(755) Concurrent Mark Cycle
[2026-03-27T14:07:40.457+0900][44.588s][info][gc,marking  ] GC(755) Concurrent Clear Claimed Marks
[2026-03-27T14:07:40.457+0900][44.588s][info][gc,marking  ] GC(755) Concurrent Clear Claimed Marks 0.013ms
[2026-03-27T14:07:40.457+0900][44.588s][info][gc,marking  ] GC(755) Concurrent Scan Root Regions
[2026-03-27T14:07:40.457+0900][44.588s][info][gc,marking  ] GC(755) Concurrent Scan Root Regions 0.036ms
[2026-03-27T14:07:40.457+0900][44.588s][info][gc,marking  ] GC(755) Concurrent Mark
[2026-03-27T14:07:40.457+0900][44.588s][info][gc,marking  ] GC(755) Concurrent Mark From Roots
[2026-03-27T14:07:40.457+0900][44.588s][info][gc,task     ] GC(755) Using 2 workers of 2 for marking
[2026-03-27T14:07:40.457+0900][44.589s][info][gc,marking  ] GC(755) Concurrent Mark From Roots 0.853ms
[2026-03-27T14:07:40.457+0900][44.589s][info][gc,marking  ] GC(755) Concurrent Preclean
[2026-03-27T14:07:40.457+0900][44.589s][info][gc,marking  ] GC(755) Concurrent Preclean 0.014ms
[2026-03-27T14:07:40.457+0900][44.589s][info][gc,start    ] GC(755) Pause Remark
[2026-03-27T14:07:40.457+0900][44.590s][info][gc          ] GC(755) Pause Remark 285M->285M(512M) 0.623ms
[2026-03-27T14:07:40.457+0900][44.590s][info][gc,cpu      ] GC(755) User=0.00s Sys=0.00s Real=0.00s
[2026-03-27T14:07:40.457+0900][44.590s][info][gc,marking  ] GC(755) Concurrent Mark 1.854ms
[2026-03-27T14:07:40.457+0900][44.590s][info][gc,marking  ] GC(755) Concurrent Rebuild Remembered Sets
[2026-03-27T14:07:40.457+0900][44.591s][info][gc,marking  ] GC(755) Concurrent Rebuild Remembered Sets 0.493ms
[2026-03-27T14:07:40.457+0900][44.591s][info][gc,start    ] GC(755) Pause Cleanup
[2026-03-27T14:07:40.457+0900][44.591s][info][gc          ] GC(755) Pause Cleanup 285M->285M(512M) 0.106ms
[2026-03-27T14:07:40.457+0900][44.591s][info][gc,cpu      ] GC(755) User=0.00s Sys=0.00s Real=0.00s
[2026-03-27T14:07:40.457+0900][44.591s][info][gc,marking  ] GC(755) Concurrent Cleanup for Next Mark
[2026-03-27T14:07:40.457+0900][44.591s][info][gc,marking  ] GC(755) Concurrent Cleanup for Next Mark 0.241ms
[2026-03-27T14:07:40.457+0900][44.591s][info][gc          ] GC(755) Concurrent Mark Cycle 3.075ms
[2026-03-27T14:07:40.520+0900][44.651s][info][gc,start    ] GC(756) Pause Young (Concurrent Start) (G1 Humongous Allocation)
[2026-03-27T14:07:40.520+0900][44.651s][info][gc,task     ] GC(756) Using 8 workers of 8 for evacuation
[2026-03-27T14:07:40.520+0900][44.652s][info][gc,phases   ] GC(756)   Pre Evacuate Collection Set: 0.2ms
[2026-03-27T14:07:40.520+0900][44.652s][info][gc,phases   ] GC(756)   Merge Heap Roots: 0.1ms
[2026-03-27T14:07:40.520+0900][44.652s][info][gc,phases   ] GC(756)   Evacuate Collection Set: 0.2ms
[2026-03-27T14:07:40.520+0900][44.652s][info][gc,phases   ] GC(756)   Post Evacuate Collection Set: 0.5ms
[2026-03-27T14:07:40.520+0900][44.652s][info][gc,phases   ] GC(756)   Other: 0.2ms
[2026-03-27T14:07:40.520+0900][44.652s][info][gc,heap     ] GC(756) Eden regions: 1->0(173)
[2026-03-27T14:07:40.520+0900][44.652s][info][gc,heap     ] GC(756) Survivor regions: 1->1(22)
[2026-03-27T14:07:40.520+0900][44.652s][info][gc,heap     ] GC(756) Old regions: 1->1
[2026-03-27T14:07:40.520+0900][44.652s][info][gc,heap     ] GC(756) Archive regions: 0->0
[2026-03-27T14:07:40.520+0900][44.652s][info][gc,heap     ] GC(756) Humongous regions: 285->284
[2026-03-27T14:07:40.520+0900][44.652s][info][gc,metaspace] GC(756) Metaspace: 166K(384K)->166K(384K) NonClass: 157K(256K)->157K(256K) Class: 9K(128K)->9K(128K)
[2026-03-27T14:07:40.520+0900][44.652s][info][gc          ] GC(756) Pause Young (Concurrent Start) (G1 Humongous Allocation) 286M->284M(512M) 1.411ms
[2026-03-27T14:07:40.520+0900][44.652s][info][gc,cpu      ] GC(756) User=0.00s Sys=0.00s Real=0.00s
[2026-03-27T14:07:40.520+0900][44.652s][info][gc          ] GC(757) Concurrent Mark Cycle
[2026-03-27T14:07:40.520+0900][44.652s][info][gc,marking  ] GC(757) Concurrent Clear Claimed Marks
[2026-03-27T14:07:40.520+0900][44.652s][info][gc,marking  ] GC(757) Concurrent Clear Claimed Marks 0.013ms
[2026-03-27T14:07:40.520+0900][44.652s][info][gc,marking  ] GC(757) Concurrent Scan Root Regions
[2026-03-27T14:07:40.520+0900][44.652s][info][gc,marking  ] GC(757) Concurrent Scan Root Regions 0.137ms
[2026-03-27T14:07:40.520+0900][44.652s][info][gc,marking  ] GC(757) Concurrent Mark
[2026-03-27T14:07:40.520+0900][44.652s][info][gc,marking  ] GC(757) Concurrent Mark From Roots
[2026-03-27T14:07:40.520+0900][44.652s][info][gc,task     ] GC(757) Using 2 workers of 2 for marking
[2026-03-27T14:07:40.520+0900][44.653s][info][gc,marking  ] GC(757) Concurrent Mark From Roots 0.677ms
[2026-03-27T14:07:40.520+0900][44.653s][info][gc,marking  ] GC(757) Concurrent Preclean
[2026-03-27T14:07:40.520+0900][44.653s][info][gc,marking  ] GC(757) Concurrent Preclean 0.012ms
[2026-03-27T14:07:40.520+0900][44.653s][info][gc,start    ] GC(757) Pause Remark
[2026-03-27T14:07:40.520+0900][44.654s][info][gc          ] GC(757) Pause Remark 285M->285M(512M) 0.346ms
[2026-03-27T14:07:40.520+0900][44.654s][info][gc,cpu      ] GC(757) User=0.00s Sys=0.00s Real=0.00s
[2026-03-27T14:07:40.520+0900][44.654s][info][gc,marking  ] GC(757) Concurrent Mark 1.251ms
[2026-03-27T14:07:40.520+0900][44.654s][info][gc,marking  ] GC(757) Concurrent Rebuild Remembered Sets
[2026-03-27T14:07:40.520+0900][44.654s][info][gc,marking  ] GC(757) Concurrent Rebuild Remembered Sets 0.365ms
[2026-03-27T14:07:40.520+0900][44.654s][info][gc,start    ] GC(757) Pause Cleanup
[2026-03-27T14:07:40.520+0900][44.654s][info][gc          ] GC(757) Pause Cleanup 285M->285M(512M) 0.048ms
[2026-03-27T14:07:40.520+0900][44.654s][info][gc,cpu      ] GC(757) User=0.00s Sys=0.00s Real=0.00s
[2026-03-27T14:07:40.520+0900][44.654s][info][gc,marking  ] GC(757) Concurrent Cleanup for Next Mark
[2026-03-27T14:07:40.520+0900][44.655s][info][gc,marking  ] GC(757) Concurrent Cleanup for Next Mark 0.180ms
[2026-03-27T14:07:40.520+0900][44.655s][info][gc          ] GC(757) Concurrent Mark Cycle 2.336ms
[2026-03-27T14:07:40.584+0900][44.714s][info][gc,start    ] GC(758) Pause Young (Concurrent Start) (G1 Humongous Allocation)
[2026-03-27T14:07:40.584+0900][44.715s][info][gc,task     ] GC(758) Using 8 workers of 8 for evacuation
[2026-03-27T14:07:40.585+0900][44.716s][info][gc,phases   ] GC(758)   Pre Evacuate Collection Set: 0.2ms
[2026-03-27T14:07:40.585+0900][44.716s][info][gc,phases   ] GC(758)   Merge Heap Roots: 0.3ms
[2026-03-27T14:07:40.585+0900][44.716s][info][gc,phases   ] GC(758)   Evacuate Collection Set: 0.3ms
[2026-03-27T14:07:40.585+0900][44.717s][info][gc,phases   ] GC(758)   Post Evacuate Collection Set: 0.5ms
[2026-03-27T14:07:40.585+0900][44.717s][info][gc,phases   ] GC(758)   Other: 0.2ms
[2026-03-27T14:07:40.585+0900][44.717s][info][gc,heap     ] GC(758) Eden regions: 1->0(173)
[2026-03-27T14:07:40.585+0900][44.717s][info][gc,heap     ] GC(758) Survivor regions: 1->1(22)
[2026-03-27T14:07:40.585+0900][44.717s][info][gc,heap     ] GC(758) Old regions: 1->1
[2026-03-27T14:07:40.585+0900][44.717s][info][gc,heap     ] GC(758) Archive regions: 0->0
[2026-03-27T14:07:40.585+0900][44.717s][info][gc,heap     ] GC(758) Humongous regions: 285->284
[2026-03-27T14:07:40.585+0900][44.717s][info][gc,metaspace] GC(758) Metaspace: 166K(384K)->166K(384K) NonClass: 157K(256K)->157K(256K) Class: 9K(128K)->9K(128K)
[2026-03-27T14:07:40.585+0900][44.717s][info][gc          ] GC(758) Pause Young (Concurrent Start) (G1 Humongous Allocation) 286M->284M(512M) 2.296ms
[2026-03-27T14:07:40.585+0900][44.717s][info][gc,cpu      ] GC(758) User=0.00s Sys=0.00s Real=0.00s
[2026-03-27T14:07:40.585+0900][44.717s][info][gc          ] GC(759) Concurrent Mark Cycle
[2026-03-27T14:07:40.585+0900][44.717s][info][gc,marking  ] GC(759) Concurrent Clear Claimed Marks
[2026-03-27T14:07:40.585+0900][44.717s][info][gc,marking  ] GC(759) Concurrent Clear Claimed Marks 0.029ms
[2026-03-27T14:07:40.585+0900][44.717s][info][gc,marking  ] GC(759) Concurrent Scan Root Regions
[2026-03-27T14:07:40.585+0900][44.717s][info][gc,marking  ] GC(759) Concurrent Scan Root Regions 0.156ms
[2026-03-27T14:07:40.585+0900][44.717s][info][gc,marking  ] GC(759) Concurrent Mark
[2026-03-27T14:07:40.585+0900][44.717s][info][gc,marking  ] GC(759) Concurrent Mark From Roots
[2026-03-27T14:07:40.585+0900][44.717s][info][gc,task     ] GC(759) Using 2 workers of 2 for marking
[2026-03-27T14:07:40.585+0900][44.719s][info][gc,marking  ] GC(759) Concurrent Mark From Roots 1.456ms
[2026-03-27T14:07:40.585+0900][44.719s][info][gc,marking  ] GC(759) Concurrent Preclean
[2026-03-27T14:07:40.585+0900][44.719s][info][gc,marking  ] GC(759) Concurrent Preclean 0.025ms
[2026-03-27T14:07:40.585+0900][44.719s][info][gc,start    ] GC(759) Pause Remark
[2026-03-27T14:07:40.585+0900][44.720s][info][gc          ] GC(759) Pause Remark 285M->285M(512M) 0.813ms
[2026-03-27T14:07:40.585+0900][44.720s][info][gc,cpu      ] GC(759) User=0.00s Sys=0.00s Real=0.00s
[2026-03-27T14:07:40.585+0900][44.720s][info][gc,marking  ] GC(759) Concurrent Mark 2.821ms
[2026-03-27T14:07:40.585+0900][44.720s][info][gc,marking  ] GC(759) Concurrent Rebuild Remembered Sets
[2026-03-27T14:07:40.585+0900][44.721s][info][gc,marking  ] GC(759) Concurrent Rebuild Remembered Sets 0.754ms
[2026-03-27T14:07:40.585+0900][44.721s][info][gc,start    ] GC(759) Pause Cleanup
[2026-03-27T14:07:40.585+0900][44.721s][info][gc          ] GC(759) Pause Cleanup 285M->285M(512M) 0.220ms
[2026-03-27T14:07:40.585+0900][44.722s][info][gc,cpu      ] GC(759) User=0.00s Sys=0.00s Real=0.00s
[2026-03-27T14:07:40.585+0900][44.722s][info][gc,marking  ] GC(759) Concurrent Cleanup for Next Mark
[2026-03-27T14:07:40.585+0900][44.722s][info][gc,marking  ] GC(759) Concurrent Cleanup for Next Mark 0.515ms
[2026-03-27T14:07:40.585+0900][44.722s][info][gc          ] GC(759) Concurrent Mark Cycle 5.314ms
[2026-03-27T14:07:40.637+0900][44.767s][info][gc,start    ] GC(760) Pause Young (Concurrent Start) (G1 Humongous Allocation)
[2026-03-27T14:07:40.637+0900][44.768s][info][gc,task     ] GC(760) Using 8 workers of 8 for evacuation
[2026-03-27T14:07:40.637+0900][44.769s][info][gc,phases   ] GC(760)   Pre Evacuate Collection Set: 0.1ms
[2026-03-27T14:07:40.637+0900][44.769s][info][gc,phases   ] GC(760)   Merge Heap Roots: 0.2ms
[2026-03-27T14:07:40.637+0900][44.769s][info][gc,phases   ] GC(760)   Evacuate Collection Set: 0.2ms
[2026-03-27T14:07:40.637+0900][44.769s][info][gc,phases   ] GC(760)   Post Evacuate Collection Set: 0.6ms
[2026-03-27T14:07:40.637+0900][44.769s][info][gc,phases   ] GC(760)   Other: 0.2ms
[2026-03-27T14:07:40.637+0900][44.769s][info][gc,heap     ] GC(760) Eden regions: 1->0(173)
[2026-03-27T14:07:40.637+0900][44.769s][info][gc,heap     ] GC(760) Survivor regions: 1->1(22)
[2026-03-27T14:07:40.637+0900][44.769s][info][gc,heap     ] GC(760) Old regions: 1->1
[2026-03-27T14:07:40.637+0900][44.769s][info][gc,heap     ] GC(760) Archive regions: 0->0
[2026-03-27T14:07:40.637+0900][44.769s][info][gc,heap     ] GC(760) Humongous regions: 285->284
[2026-03-27T14:07:40.637+0900][44.769s][info][gc,metaspace] GC(760) Metaspace: 166K(384K)->166K(384K) NonClass: 157K(256K)->157K(256K) Class: 9K(128K)->9K(128K)
[2026-03-27T14:07:40.637+0900][44.769s][info][gc          ] GC(760) Pause Young (Concurrent Start) (G1 Humongous Allocation) 286M->284M(512M) 1.639ms
[2026-03-27T14:07:40.637+0900][44.769s][info][gc,cpu      ] GC(760) User=0.00s Sys=0.00s Real=0.00s
[2026-03-27T14:07:40.637+0900][44.769s][info][gc          ] GC(761) Concurrent Mark Cycle
[2026-03-27T14:07:40.637+0900][44.769s][info][gc,marking  ] GC(761) Concurrent Clear Claimed Marks
[2026-03-27T14:07:40.637+0900][44.769s][info][gc,marking  ] GC(761) Concurrent Clear Claimed Marks 0.020ms
[2026-03-27T14:07:40.637+0900][44.769s][info][gc,marking  ] GC(761) Concurrent Scan Root Regions
[2026-03-27T14:07:40.637+0900][44.769s][info][gc,marking  ] GC(761) Concurrent Scan Root Regions 0.174ms
[2026-03-27T14:07:40.637+0900][44.770s][info][gc,marking  ] GC(761) Concurrent Mark
[2026-03-27T14:07:40.637+0900][44.770s][info][gc,marking  ] GC(761) Concurrent Mark From Roots
[2026-03-27T14:07:40.637+0900][44.770s][info][gc,task     ] GC(761) Using 2 workers of 2 for marking
[2026-03-27T14:07:40.637+0900][44.771s][info][gc,marking  ] GC(761) Concurrent Mark From Roots 1.033ms
[2026-03-27T14:07:40.637+0900][44.771s][info][gc,marking  ] GC(761) Concurrent Preclean
[2026-03-27T14:07:40.637+0900][44.771s][info][gc,marking  ] GC(761) Concurrent Preclean 0.017ms
[2026-03-27T14:07:40.637+0900][44.771s][info][gc,start    ] GC(761) Pause Remark
[2026-03-27T14:07:40.637+0900][44.772s][info][gc          ] GC(761) Pause Remark 285M->285M(512M) 0.716ms
[2026-03-27T14:07:40.637+0900][44.772s][info][gc,cpu      ] GC(761) User=0.00s Sys=0.00s Real=0.00s
[2026-03-27T14:07:40.637+0900][44.772s][info][gc,marking  ] GC(761) Concurrent Mark 2.186ms
[2026-03-27T14:07:40.637+0900][44.772s][info][gc,marking  ] GC(761) Concurrent Rebuild Remembered Sets
[2026-03-27T14:07:40.637+0900][44.772s][info][gc,marking  ] GC(761) Concurrent Rebuild Remembered Sets 0.508ms
[2026-03-27T14:07:40.637+0900][44.773s][info][gc,start    ] GC(761) Pause Cleanup
[2026-03-27T14:07:40.637+0900][44.773s][info][gc          ] GC(761) Pause Cleanup 285M->285M(512M) 0.181ms
[2026-03-27T14:07:40.637+0900][44.773s][info][gc,cpu      ] GC(761) User=0.00s Sys=0.00s Real=0.00s
[2026-03-27T14:07:40.637+0900][44.773s][info][gc,marking  ] GC(761) Concurrent Cleanup for Next Mark
[2026-03-27T14:07:40.637+0900][44.773s][info][gc,marking  ] GC(761) Concurrent Cleanup for Next Mark 0.293ms
[2026-03-27T14:07:40.637+0900][44.773s][info][gc          ] GC(761) Concurrent Mark Cycle 3.927ms
[2026-03-27T14:07:40.690+0900][44.820s][info][gc,start    ] GC(762) Pause Young (Concurrent Start) (G1 Humongous Allocation)
[2026-03-27T14:07:40.690+0900][44.821s][info][gc,task     ] GC(762) Using 8 workers of 8 for evacuation
[2026-03-27T14:07:40.690+0900][44.823s][info][gc,phases   ] GC(762)   Pre Evacuate Collection Set: 0.2ms
[2026-03-27T14:07:40.690+0900][44.823s][info][gc,phases   ] GC(762)   Merge Heap Roots: 0.4ms
[2026-03-27T14:07:40.690+0900][44.823s][info][gc,phases   ] GC(762)   Evacuate Collection Set: 0.3ms
[2026-03-27T14:07:40.690+0900][44.823s][info][gc,phases   ] GC(762)   Post Evacuate Collection Set: 0.8ms
[2026-03-27T14:07:40.690+0900][44.823s][info][gc,phases   ] GC(762)   Other: 0.3ms
[2026-03-27T14:07:40.690+0900][44.823s][info][gc,heap     ] GC(762) Eden regions: 1->0(173)
[2026-03-27T14:07:40.690+0900][44.823s][info][gc,heap     ] GC(762) Survivor regions: 1->1(22)
[2026-03-27T14:07:40.690+0900][44.823s][info][gc,heap     ] GC(762) Old regions: 1->1
[2026-03-27T14:07:40.690+0900][44.823s][info][gc,heap     ] GC(762) Archive regions: 0->0
[2026-03-27T14:07:40.690+0900][44.823s][info][gc,heap     ] GC(762) Humongous regions: 285->284
[2026-03-27T14:07:40.690+0900][44.823s][info][gc,metaspace] GC(762) Metaspace: 166K(384K)->166K(384K) NonClass: 157K(256K)->157K(256K) Class: 9K(128K)->9K(128K)
[2026-03-27T14:07:40.690+0900][44.823s][info][gc          ] GC(762) Pause Young (Concurrent Start) (G1 Humongous Allocation) 286M->284M(512M) 2.675ms
[2026-03-27T14:07:40.690+0900][44.823s][info][gc,cpu      ] GC(762) User=0.00s Sys=0.00s Real=0.00s
[2026-03-27T14:07:40.690+0900][44.823s][info][gc          ] GC(763) Concurrent Mark Cycle
[2026-03-27T14:07:40.690+0900][44.823s][info][gc,marking  ] GC(763) Concurrent Clear Claimed Marks
[2026-03-27T14:07:40.690+0900][44.823s][info][gc,marking  ] GC(763) Concurrent Clear Claimed Marks 0.036ms
[2026-03-27T14:07:40.690+0900][44.823s][info][gc,marking  ] GC(763) Concurrent Scan Root Regions
[2026-03-27T14:07:40.690+0900][44.824s][info][gc,marking  ] GC(763) Concurrent Scan Root Regions 0.148ms
[2026-03-27T14:07:40.690+0900][44.824s][info][gc,marking  ] GC(763) Concurrent Mark
[2026-03-27T14:07:40.690+0900][44.824s][info][gc,marking  ] GC(763) Concurrent Mark From Roots
[2026-03-27T14:07:40.690+0900][44.824s][info][gc,task     ] GC(763) Using 2 workers of 2 for marking
[2026-03-27T14:07:40.690+0900][44.825s][info][gc,marking  ] GC(763) Concurrent Mark From Roots 1.502ms
[2026-03-27T14:07:40.690+0900][44.825s][info][gc,marking  ] GC(763) Concurrent Preclean
[2026-03-27T14:07:40.690+0900][44.825s][info][gc,marking  ] GC(763) Concurrent Preclean 0.030ms
[2026-03-27T14:07:40.690+0900][44.826s][info][gc,start    ] GC(763) Pause Remark
[2026-03-27T14:07:40.690+0900][44.827s][info][gc          ] GC(763) Pause Remark 287M->287M(512M) 1.128ms
[2026-03-27T14:07:40.690+0900][44.827s][info][gc,cpu      ] GC(763) User=0.00s Sys=0.00s Real=0.00s
[2026-03-27T14:07:40.690+0900][44.827s][info][gc,marking  ] GC(763) Concurrent Mark 3.241ms
[2026-03-27T14:07:40.690+0900][44.827s][info][gc,marking  ] GC(763) Concurrent Rebuild Remembered Sets
[2026-03-27T14:07:40.690+0900][44.828s][info][gc,marking  ] GC(763) Concurrent Rebuild Remembered Sets 0.787ms
[2026-03-27T14:07:40.690+0900][44.828s][info][gc,start    ] GC(763) Pause Cleanup
[2026-03-27T14:07:40.690+0900][44.828s][info][gc          ] GC(763) Pause Cleanup 287M->287M(512M) 0.314ms
[2026-03-27T14:07:40.690+0900][44.828s][info][gc,cpu      ] GC(763) User=0.00s Sys=0.00s Real=0.00s
[2026-03-27T14:07:40.690+0900][44.829s][info][gc,marking  ] GC(763) Concurrent Cleanup for Next Mark
[2026-03-27T14:07:40.690+0900][44.829s][info][gc,marking  ] GC(763) Concurrent Cleanup for Next Mark 0.542ms
[2026-03-27T14:07:40.690+0900][44.829s][info][gc          ] GC(763) Concurrent Mark Cycle 5.975ms
[2026-03-27T14:07:40.754+0900][44.884s][info][gc,start    ] GC(764) Pause Young (Concurrent Start) (G1 Humongous Allocation)
[2026-03-27T14:07:40.754+0900][44.884s][info][gc,task     ] GC(764) Using 8 workers of 8 for evacuation
[2026-03-27T14:07:40.754+0900][44.885s][info][gc,phases   ] GC(764)   Pre Evacuate Collection Set: 0.1ms
[2026-03-27T14:07:40.754+0900][44.885s][info][gc,phases   ] GC(764)   Merge Heap Roots: 0.2ms
[2026-03-27T14:07:40.754+0900][44.885s][info][gc,phases   ] GC(764)   Evacuate Collection Set: 0.1ms
[2026-03-27T14:07:40.754+0900][44.885s][info][gc,phases   ] GC(764)   Post Evacuate Collection Set: 0.6ms
[2026-03-27T14:07:40.754+0900][44.885s][info][gc,phases   ] GC(764)   Other: 0.1ms
[2026-03-27T14:07:40.754+0900][44.885s][info][gc,heap     ] GC(764) Eden regions: 1->0(171)
[2026-03-27T14:07:40.754+0900][44.885s][info][gc,heap     ] GC(764) Survivor regions: 1->1(22)
[2026-03-27T14:07:40.754+0900][44.885s][info][gc,heap     ] GC(764) Old regions: 1->1
[2026-03-27T14:07:40.754+0900][44.885s][info][gc,heap     ] GC(764) Archive regions: 0->0
[2026-03-27T14:07:40.754+0900][44.885s][info][gc,heap     ] GC(764) Humongous regions: 287->286
[2026-03-27T14:07:40.754+0900][44.885s][info][gc,metaspace] GC(764) Metaspace: 166K(384K)->166K(384K) NonClass: 157K(256K)->157K(256K) Class: 9K(128K)->9K(128K)
[2026-03-27T14:07:40.754+0900][44.885s][info][gc          ] GC(764) Pause Young (Concurrent Start) (G1 Humongous Allocation) 288M->286M(512M) 1.561ms
[2026-03-27T14:07:40.754+0900][44.885s][info][gc,cpu      ] GC(764) User=0.02s Sys=0.00s Real=0.00s
[2026-03-27T14:07:40.754+0900][44.885s][info][gc          ] GC(765) Concurrent Mark Cycle
[2026-03-27T14:07:40.754+0900][44.885s][info][gc,marking  ] GC(765) Concurrent Clear Claimed Marks
[2026-03-27T14:07:40.754+0900][44.885s][info][gc,marking  ] GC(765) Concurrent Clear Claimed Marks 0.020ms
[2026-03-27T14:07:40.754+0900][44.885s][info][gc,marking  ] GC(765) Concurrent Scan Root Regions
[2026-03-27T14:07:40.754+0900][44.886s][info][gc,marking  ] GC(765) Concurrent Scan Root Regions 0.186ms
[2026-03-27T14:07:40.754+0900][44.886s][info][gc,marking  ] GC(765) Concurrent Mark
[2026-03-27T14:07:40.754+0900][44.886s][info][gc,marking  ] GC(765) Concurrent Mark From Roots
[2026-03-27T14:07:40.754+0900][44.886s][info][gc,task     ] GC(765) Using 2 workers of 2 for marking
[2026-03-27T14:07:40.754+0900][44.887s][info][gc,marking  ] GC(765) Concurrent Mark From Roots 1.043ms
[2026-03-27T14:07:40.754+0900][44.887s][info][gc,marking  ] GC(765) Concurrent Preclean
[2026-03-27T14:07:40.754+0900][44.887s][info][gc,marking  ] GC(765) Concurrent Preclean 0.020ms
[2026-03-27T14:07:40.754+0900][44.887s][info][gc,start    ] GC(765) Pause Remark
[2026-03-27T14:07:40.754+0900][44.888s][info][gc          ] GC(765) Pause Remark 287M->287M(512M) 0.598ms
[2026-03-27T14:07:40.754+0900][44.888s][info][gc,cpu      ] GC(765) User=0.00s Sys=0.00s Real=0.00s
[2026-03-27T14:07:40.754+0900][44.888s][info][gc,marking  ] GC(765) Concurrent Mark 2.058ms
[2026-03-27T14:07:40.754+0900][44.888s][info][gc,marking  ] GC(765) Concurrent Rebuild Remembered Sets
[2026-03-27T14:07:40.754+0900][44.888s][info][gc,marking  ] GC(765) Concurrent Rebuild Remembered Sets 0.602ms
[2026-03-27T14:07:40.754+0900][44.889s][info][gc,start    ] GC(765) Pause Cleanup
[2026-03-27T14:07:40.754+0900][44.889s][info][gc          ] GC(765) Pause Cleanup 287M->287M(512M) 0.191ms
[2026-03-27T14:07:40.754+0900][44.889s][info][gc,cpu      ] GC(765) User=0.00s Sys=0.00s Real=0.00s
[2026-03-27T14:07:40.754+0900][44.889s][info][gc,marking  ] GC(765) Concurrent Cleanup for Next Mark
[2026-03-27T14:07:40.754+0900][44.890s][info][gc,marking  ] GC(765) Concurrent Cleanup for Next Mark 0.441ms
[2026-03-27T14:07:40.754+0900][44.890s][info][gc          ] GC(765) Concurrent Mark Cycle 4.178ms
[2026-03-27T14:07:40.817+0900][44.948s][info][gc,start    ] GC(766) Pause Young (Concurrent Start) (G1 Humongous Allocation)
[2026-03-27T14:07:40.817+0900][44.948s][info][gc,task     ] GC(766) Using 8 workers of 8 for evacuation
[2026-03-27T14:07:40.817+0900][44.949s][info][gc,phases   ] GC(766)   Pre Evacuate Collection Set: 0.1ms
[2026-03-27T14:07:40.817+0900][44.949s][info][gc,phases   ] GC(766)   Merge Heap Roots: 0.2ms
[2026-03-27T14:07:40.817+0900][44.949s][info][gc,phases   ] GC(766)   Evacuate Collection Set: 0.1ms
[2026-03-27T14:07:40.817+0900][44.949s][info][gc,phases   ] GC(766)   Post Evacuate Collection Set: 0.4ms
[2026-03-27T14:07:40.817+0900][44.949s][info][gc,phases   ] GC(766)   Other: 0.1ms
[2026-03-27T14:07:40.817+0900][44.949s][info][gc,heap     ] GC(766) Eden regions: 1->0(171)
[2026-03-27T14:07:40.817+0900][44.949s][info][gc,heap     ] GC(766) Survivor regions: 1->1(22)
[2026-03-27T14:07:40.817+0900][44.949s][info][gc,heap     ] GC(766) Old regions: 1->1
[2026-03-27T14:07:40.817+0900][44.949s][info][gc,heap     ] GC(766) Archive regions: 0->0
[2026-03-27T14:07:40.817+0900][44.949s][info][gc,heap     ] GC(766) Humongous regions: 287->286
[2026-03-27T14:07:40.817+0900][44.949s][info][gc,metaspace] GC(766) Metaspace: 166K(384K)->166K(384K) NonClass: 157K(256K)->157K(256K) Class: 9K(128K)->9K(128K)
[2026-03-27T14:07:40.817+0900][44.949s][info][gc          ] GC(766) Pause Young (Concurrent Start) (G1 Humongous Allocation) 288M->286M(512M) 1.316ms
[2026-03-27T14:07:40.817+0900][44.949s][info][gc,cpu      ] GC(766) User=0.00s Sys=0.00s Real=0.00s
[2026-03-27T14:07:40.817+0900][44.949s][info][gc          ] GC(767) Concurrent Mark Cycle
[2026-03-27T14:07:40.817+0900][44.949s][info][gc,marking  ] GC(767) Concurrent Clear Claimed Marks
[2026-03-27T14:07:40.817+0900][44.949s][info][gc,marking  ] GC(767) Concurrent Clear Claimed Marks 0.013ms
[2026-03-27T14:07:40.817+0900][44.949s][info][gc,marking  ] GC(767) Concurrent Scan Root Regions
[2026-03-27T14:07:40.817+0900][44.949s][info][gc,marking  ] GC(767) Concurrent Scan Root Regions 0.113ms
[2026-03-27T14:07:40.817+0900][44.949s][info][gc,marking  ] GC(767) Concurrent Mark
[2026-03-27T14:07:40.817+0900][44.949s][info][gc,marking  ] GC(767) Concurrent Mark From Roots
[2026-03-27T14:07:40.817+0900][44.949s][info][gc,task     ] GC(767) Using 2 workers of 2 for marking
[2026-03-27T14:07:40.817+0900][44.950s][info][gc,marking  ] GC(767) Concurrent Mark From Roots 0.732ms
[2026-03-27T14:07:40.817+0900][44.950s][info][gc,marking  ] GC(767) Concurrent Preclean
[2026-03-27T14:07:40.817+0900][44.950s][info][gc,marking  ] GC(767) Concurrent Preclean 0.013ms
[2026-03-27T14:07:40.817+0900][44.950s][info][gc,start    ] GC(767) Pause Remark
[2026-03-27T14:07:40.817+0900][44.951s][info][gc          ] GC(767) Pause Remark 287M->287M(512M) 0.881ms
[2026-03-27T14:07:40.817+0900][44.951s][info][gc,cpu      ] GC(767) User=0.00s Sys=0.00s Real=0.00s
[2026-03-27T14:07:40.817+0900][44.951s][info][gc,marking  ] GC(767) Concurrent Mark 2.006ms
[2026-03-27T14:07:40.817+0900][44.951s][info][gc,marking  ] GC(767) Concurrent Rebuild Remembered Sets
[2026-03-27T14:07:40.817+0900][44.952s][info][gc,marking  ] GC(767) Concurrent Rebuild Remembered Sets 0.426ms
[2026-03-27T14:07:40.817+0900][44.952s][info][gc,start    ] GC(767) Pause Cleanup
[2026-03-27T14:07:40.817+0900][44.952s][info][gc          ] GC(767) Pause Cleanup 287M->287M(512M) 0.165ms
[2026-03-27T14:07:40.817+0900][44.952s][info][gc,cpu      ] GC(767) User=0.00s Sys=0.00s Real=0.00s
[2026-03-27T14:07:40.817+0900][44.952s][info][gc,marking  ] GC(767) Concurrent Cleanup for Next Mark
[2026-03-27T14:07:40.817+0900][44.952s][info][gc,marking  ] GC(767) Concurrent Cleanup for Next Mark 0.255ms
[2026-03-27T14:07:40.817+0900][44.953s][info][gc          ] GC(767) Concurrent Mark Cycle 3.567ms
[2026-03-27T14:07:40.882+0900][45.012s][info][gc,start    ] GC(768) Pause Young (Concurrent Start) (G1 Humongous Allocation)
[2026-03-27T14:07:40.882+0900][45.013s][info][gc,task     ] GC(768) Using 8 workers of 8 for evacuation
[2026-03-27T14:07:40.882+0900][45.014s][info][gc,phases   ] GC(768)   Pre Evacuate Collection Set: 0.1ms
[2026-03-27T14:07:40.882+0900][45.014s][info][gc,phases   ] GC(768)   Merge Heap Roots: 0.2ms
[2026-03-27T14:07:40.882+0900][45.014s][info][gc,phases   ] GC(768)   Evacuate Collection Set: 0.3ms
[2026-03-27T14:07:40.882+0900][45.014s][info][gc,phases   ] GC(768)   Post Evacuate Collection Set: 0.6ms
[2026-03-27T14:07:40.882+0900][45.014s][info][gc,phases   ] GC(768)   Other: 0.3ms
[2026-03-27T14:07:40.882+0900][45.014s][info][gc,heap     ] GC(768) Eden regions: 1->0(171)
[2026-03-27T14:07:40.882+0900][45.014s][info][gc,heap     ] GC(768) Survivor regions: 1->1(22)
[2026-03-27T14:07:40.882+0900][45.014s][info][gc,heap     ] GC(768) Old regions: 1->1
[2026-03-27T14:07:40.882+0900][45.014s][info][gc,heap     ] GC(768) Archive regions: 0->0
[2026-03-27T14:07:40.882+0900][45.014s][info][gc,heap     ] GC(768) Humongous regions: 287->286
[2026-03-27T14:07:40.882+0900][45.014s][info][gc,metaspace] GC(768) Metaspace: 166K(384K)->166K(384K) NonClass: 157K(256K)->157K(256K) Class: 9K(128K)->9K(128K)
[2026-03-27T14:07:40.882+0900][45.014s][info][gc          ] GC(768) Pause Young (Concurrent Start) (G1 Humongous Allocation) 288M->286M(512M) 1.985ms
[2026-03-27T14:07:40.882+0900][45.014s][info][gc,cpu      ] GC(768) User=0.00s Sys=0.00s Real=0.00s
[2026-03-27T14:07:40.882+0900][45.014s][info][gc          ] GC(769) Concurrent Mark Cycle
[2026-03-27T14:07:40.882+0900][45.015s][info][gc,marking  ] GC(769) Concurrent Clear Claimed Marks
[2026-03-27T14:07:40.882+0900][45.015s][info][gc,marking  ] GC(769) Concurrent Clear Claimed Marks 0.022ms
[2026-03-27T14:07:40.882+0900][45.015s][info][gc,marking  ] GC(769) Concurrent Scan Root Regions
[2026-03-27T14:07:40.882+0900][45.015s][info][gc,marking  ] GC(769) Concurrent Scan Root Regions 0.136ms
[2026-03-27T14:07:40.882+0900][45.015s][info][gc,marking  ] GC(769) Concurrent Mark
[2026-03-27T14:07:40.882+0900][45.015s][info][gc,marking  ] GC(769) Concurrent Mark From Roots
[2026-03-27T14:07:40.882+0900][45.015s][info][gc,task     ] GC(769) Using 2 workers of 2 for marking
[2026-03-27T14:07:40.882+0900][45.016s][info][gc,marking  ] GC(769) Concurrent Mark From Roots 1.120ms
[2026-03-27T14:07:40.882+0900][45.016s][info][gc,marking  ] GC(769) Concurrent Preclean
[2026-03-27T14:07:40.882+0900][45.016s][info][gc,marking  ] GC(769) Concurrent Preclean 0.023ms
[2026-03-27T14:07:40.882+0900][45.016s][info][gc,start    ] GC(769) Pause Remark
[2026-03-27T14:07:40.882+0900][45.017s][info][gc          ] GC(769) Pause Remark 287M->287M(512M) 0.852ms
[2026-03-27T14:07:40.882+0900][45.017s][info][gc,cpu      ] GC(769) User=0.00s Sys=0.00s Real=0.00s
[2026-03-27T14:07:40.882+0900][45.017s][info][gc,marking  ] GC(769) Concurrent Mark 2.475ms
[2026-03-27T14:07:40.882+0900][45.017s][info][gc,marking  ] GC(769) Concurrent Rebuild Remembered Sets
[2026-03-27T14:07:40.882+0900][45.018s][info][gc,marking  ] GC(769) Concurrent Rebuild Remembered Sets 0.450ms
[2026-03-27T14:07:40.882+0900][45.018s][info][gc,start    ] GC(769) Pause Cleanup
[2026-03-27T14:07:40.882+0900][45.018s][info][gc          ] GC(769) Pause Cleanup 287M->287M(512M) 0.163ms
[2026-03-27T14:07:40.882+0900][45.018s][info][gc,cpu      ] GC(769) User=0.00s Sys=0.00s Real=0.00s
[2026-03-27T14:07:40.882+0900][45.018s][info][gc,marking  ] GC(769) Concurrent Cleanup for Next Mark
[2026-03-27T14:07:40.882+0900][45.018s][info][gc,marking  ] GC(769) Concurrent Cleanup for Next Mark 0.266ms
[2026-03-27T14:07:40.882+0900][45.019s][info][gc          ] GC(769) Concurrent Mark Cycle 4.066ms
[2026-03-27T14:07:40.942+0900][45.073s][info][gc,start    ] GC(770) Pause Young (Concurrent Start) (G1 Humongous Allocation)
[2026-03-27T14:07:40.942+0900][45.073s][info][gc,task     ] GC(770) Using 8 workers of 8 for evacuation
[2026-03-27T14:07:40.942+0900][45.073s][info][gc,phases   ] GC(770)   Pre Evacuate Collection Set: 0.1ms
[2026-03-27T14:07:40.942+0900][45.073s][info][gc,phases   ] GC(770)   Merge Heap Roots: 0.1ms
[2026-03-27T14:07:40.942+0900][45.073s][info][gc,phases   ] GC(770)   Evacuate Collection Set: 0.1ms
[2026-03-27T14:07:40.942+0900][45.073s][info][gc,phases   ] GC(770)   Post Evacuate Collection Set: 0.3ms
[2026-03-27T14:07:40.942+0900][45.073s][info][gc,phases   ] GC(770)   Other: 0.1ms
[2026-03-27T14:07:40.942+0900][45.073s][info][gc,heap     ] GC(770) Eden regions: 1->0(171)
[2026-03-27T14:07:40.942+0900][45.073s][info][gc,heap     ] GC(770) Survivor regions: 1->1(22)
[2026-03-27T14:07:40.942+0900][45.073s][info][gc,heap     ] GC(770) Old regions: 1->1
[2026-03-27T14:07:40.942+0900][45.073s][info][gc,heap     ] GC(770) Archive regions: 0->0
[2026-03-27T14:07:40.942+0900][45.073s][info][gc,heap     ] GC(770) Humongous regions: 287->286
[2026-03-27T14:07:40.942+0900][45.073s][info][gc,metaspace] GC(770) Metaspace: 166K(384K)->166K(384K) NonClass: 157K(256K)->157K(256K) Class: 9K(128K)->9K(128K)
[2026-03-27T14:07:40.942+0900][45.073s][info][gc          ] GC(770) Pause Young (Concurrent Start) (G1 Humongous Allocation) 288M->286M(512M) 0.920ms
[2026-03-27T14:07:40.942+0900][45.074s][info][gc,cpu      ] GC(770) User=0.00s Sys=0.00s Real=0.00s
[2026-03-27T14:07:40.942+0900][45.074s][info][gc          ] GC(771) Concurrent Mark Cycle
[2026-03-27T14:07:40.942+0900][45.074s][info][gc,marking  ] GC(771) Concurrent Clear Claimed Marks
[2026-03-27T14:07:40.942+0900][45.074s][info][gc,marking  ] GC(771) Concurrent Clear Claimed Marks 0.015ms
[2026-03-27T14:07:40.942+0900][45.074s][info][gc,marking  ] GC(771) Concurrent Scan Root Regions
[2026-03-27T14:07:40.942+0900][45.074s][info][gc,marking  ] GC(771) Concurrent Scan Root Regions 0.123ms
[2026-03-27T14:07:40.942+0900][45.074s][info][gc,marking  ] GC(771) Concurrent Mark
[2026-03-27T14:07:40.942+0900][45.074s][info][gc,marking  ] GC(771) Concurrent Mark From Roots
[2026-03-27T14:07:40.942+0900][45.074s][info][gc,task     ] GC(771) Using 2 workers of 2 for marking
[2026-03-27T14:07:40.942+0900][45.075s][info][gc,marking  ] GC(771) Concurrent Mark From Roots 1.058ms
[2026-03-27T14:07:40.942+0900][45.075s][info][gc,marking  ] GC(771) Concurrent Preclean
[2026-03-27T14:07:40.942+0900][45.075s][info][gc,marking  ] GC(771) Concurrent Preclean 0.013ms
[2026-03-27T14:07:40.942+0900][45.075s][info][gc,start    ] GC(771) Pause Remark
[2026-03-27T14:07:40.942+0900][45.076s][info][gc          ] GC(771) Pause Remark 287M->287M(512M) 0.601ms
[2026-03-27T14:07:40.942+0900][45.076s][info][gc,cpu      ] GC(771) User=0.00s Sys=0.00s Real=0.00s
[2026-03-27T14:07:40.942+0900][45.076s][info][gc,marking  ] GC(771) Concurrent Mark 2.084ms
[2026-03-27T14:07:40.942+0900][45.076s][info][gc,marking  ] GC(771) Concurrent Rebuild Remembered Sets
[2026-03-27T14:07:40.942+0900][45.077s][info][gc,marking  ] GC(771) Concurrent Rebuild Remembered Sets 0.615ms
[2026-03-27T14:07:40.942+0900][45.077s][info][gc,start    ] GC(771) Pause Cleanup
[2026-03-27T14:07:40.942+0900][45.077s][info][gc          ] GC(771) Pause Cleanup 287M->287M(512M) 0.124ms
[2026-03-27T14:07:40.942+0900][45.077s][info][gc,cpu      ] GC(771) User=0.00s Sys=0.00s Real=0.00s
[2026-03-27T14:07:40.942+0900][45.077s][info][gc,marking  ] GC(771) Concurrent Cleanup for Next Mark
[2026-03-27T14:07:40.942+0900][45.077s][info][gc,marking  ] GC(771) Concurrent Cleanup for Next Mark 0.304ms
[2026-03-27T14:07:40.942+0900][45.077s][info][gc          ] GC(771) Concurrent Mark Cycle 3.750ms
[2026-03-27T14:07:41.005+0900][45.136s][info][gc,start    ] GC(772) Pause Young (Concurrent Start) (G1 Humongous Allocation)
[2026-03-27T14:07:41.005+0900][45.136s][info][gc,task     ] GC(772) Using 8 workers of 8 for evacuation
[2026-03-27T14:07:41.005+0900][45.136s][info][gc,phases   ] GC(772)   Pre Evacuate Collection Set: 0.1ms
[2026-03-27T14:07:41.005+0900][45.136s][info][gc,phases   ] GC(772)   Merge Heap Roots: 0.1ms
[2026-03-27T14:07:41.005+0900][45.136s][info][gc,phases   ] GC(772)   Evacuate Collection Set: 0.1ms
[2026-03-27T14:07:41.005+0900][45.136s][info][gc,phases   ] GC(772)   Post Evacuate Collection Set: 0.2ms
[2026-03-27T14:07:41.005+0900][45.136s][info][gc,phases   ] GC(772)   Other: 0.1ms
[2026-03-27T14:07:41.005+0900][45.136s][info][gc,heap     ] GC(772) Eden regions: 1->0(171)
[2026-03-27T14:07:41.005+0900][45.136s][info][gc,heap     ] GC(772) Survivor regions: 1->1(22)
[2026-03-27T14:07:41.005+0900][45.136s][info][gc,heap     ] GC(772) Old regions: 1->1
[2026-03-27T14:07:41.005+0900][45.136s][info][gc,heap     ] GC(772) Archive regions: 0->0
[2026-03-27T14:07:41.005+0900][45.136s][info][gc,heap     ] GC(772) Humongous regions: 287->286
[2026-03-27T14:07:41.005+0900][45.136s][info][gc,metaspace] GC(772) Metaspace: 166K(384K)->166K(384K) NonClass: 157K(256K)->157K(256K) Class: 9K(128K)->9K(128K)
[2026-03-27T14:07:41.005+0900][45.136s][info][gc          ] GC(772) Pause Young (Concurrent Start) (G1 Humongous Allocation) 288M->286M(512M) 0.812ms
[2026-03-27T14:07:41.005+0900][45.136s][info][gc,cpu      ] GC(772) User=0.00s Sys=0.00s Real=0.00s
[2026-03-27T14:07:41.005+0900][45.136s][info][gc          ] GC(773) Concurrent Mark Cycle
[2026-03-27T14:07:41.005+0900][45.136s][info][gc,marking  ] GC(773) Concurrent Clear Claimed Marks
[2026-03-27T14:07:41.005+0900][45.136s][info][gc,marking  ] GC(773) Concurrent Clear Claimed Marks 0.016ms
[2026-03-27T14:07:41.005+0900][45.137s][info][gc,marking  ] GC(773) Concurrent Scan Root Regions
[2026-03-27T14:07:41.005+0900][45.137s][info][gc,marking  ] GC(773) Concurrent Scan Root Regions 0.033ms
[2026-03-27T14:07:41.005+0900][45.137s][info][gc,marking  ] GC(773) Concurrent Mark
[2026-03-27T14:07:41.005+0900][45.137s][info][gc,marking  ] GC(773) Concurrent Mark From Roots
[2026-03-27T14:07:41.005+0900][45.137s][info][gc,task     ] GC(773) Using 2 workers of 2 for marking
[2026-03-27T14:07:41.005+0900][45.137s][info][gc,marking  ] GC(773) Concurrent Mark From Roots 0.672ms
[2026-03-27T14:07:41.005+0900][45.137s][info][gc,marking  ] GC(773) Concurrent Preclean
[2026-03-27T14:07:41.005+0900][45.137s][info][gc,marking  ] GC(773) Concurrent Preclean 0.013ms
[2026-03-27T14:07:41.005+0900][45.137s][info][gc,start    ] GC(773) Pause Remark
[2026-03-27T14:07:41.005+0900][45.138s][info][gc          ] GC(773) Pause Remark 289M->289M(512M) 0.379ms
[2026-03-27T14:07:41.005+0900][45.138s][info][gc,cpu      ] GC(773) User=0.00s Sys=0.00s Real=0.00s
[2026-03-27T14:07:41.005+0900][45.138s][info][gc,marking  ] GC(773) Concurrent Mark 1.301ms
[2026-03-27T14:07:41.005+0900][45.138s][info][gc,marking  ] GC(773) Concurrent Rebuild Remembered Sets
[2026-03-27T14:07:41.005+0900][45.138s][info][gc,marking  ] GC(773) Concurrent Rebuild Remembered Sets 0.404ms
[2026-03-27T14:07:41.005+0900][45.138s][info][gc,start    ] GC(773) Pause Cleanup
[2026-03-27T14:07:41.005+0900][45.138s][info][gc          ] GC(773) Pause Cleanup 289M->289M(512M) 0.107ms
[2026-03-27T14:07:41.005+0900][45.139s][info][gc,cpu      ] GC(773) User=0.00s Sys=0.00s Real=0.00s
[2026-03-27T14:07:41.005+0900][45.139s][info][gc,marking  ] GC(773) Concurrent Cleanup for Next Mark
[2026-03-27T14:07:41.005+0900][45.139s][info][gc,marking  ] GC(773) Concurrent Cleanup for Next Mark 0.242ms
[2026-03-27T14:07:41.005+0900][45.139s][info][gc          ] GC(773) Concurrent Mark Cycle 2.407ms
[2026-03-27T14:07:41.069+0900][45.199s][info][gc,start    ] GC(774) Pause Young (Concurrent Start) (G1 Humongous Allocation)
[2026-03-27T14:07:41.069+0900][45.200s][info][gc,task     ] GC(774) Using 8 workers of 8 for evacuation
[2026-03-27T14:07:41.069+0900][45.200s][info][gc,phases   ] GC(774)   Pre Evacuate Collection Set: 0.1ms
[2026-03-27T14:07:41.069+0900][45.200s][info][gc,phases   ] GC(774)   Merge Heap Roots: 0.1ms
[2026-03-27T14:07:41.069+0900][45.200s][info][gc,phases   ] GC(774)   Evacuate Collection Set: 0.1ms
[2026-03-27T14:07:41.069+0900][45.200s][info][gc,phases   ] GC(774)   Post Evacuate Collection Set: 0.2ms
[2026-03-27T14:07:41.069+0900][45.200s][info][gc,phases   ] GC(774)   Other: 0.1ms
[2026-03-27T14:07:41.069+0900][45.200s][info][gc,heap     ] GC(774) Eden regions: 1->0(169)
[2026-03-27T14:07:41.069+0900][45.200s][info][gc,heap     ] GC(774) Survivor regions: 1->1(22)
[2026-03-27T14:07:41.069+0900][45.200s][info][gc,heap     ] GC(774) Old regions: 1->1
[2026-03-27T14:07:41.069+0900][45.200s][info][gc,heap     ] GC(774) Archive regions: 0->0
[2026-03-27T14:07:41.069+0900][45.200s][info][gc,heap     ] GC(774) Humongous regions: 289->288
[2026-03-27T14:07:41.069+0900][45.200s][info][gc,metaspace] GC(774) Metaspace: 166K(384K)->166K(384K) NonClass: 157K(256K)->157K(256K) Class: 9K(128K)->9K(128K)
[2026-03-27T14:07:41.069+0900][45.200s][info][gc          ] GC(774) Pause Young (Concurrent Start) (G1 Humongous Allocation) 290M->288M(512M) 0.835ms
[2026-03-27T14:07:41.069+0900][45.200s][info][gc,cpu      ] GC(774) User=0.00s Sys=0.00s Real=0.00s
[2026-03-27T14:07:41.069+0900][45.200s][info][gc          ] GC(775) Concurrent Mark Cycle
[2026-03-27T14:07:41.069+0900][45.200s][info][gc,marking  ] GC(775) Concurrent Clear Claimed Marks
[2026-03-27T14:07:41.069+0900][45.200s][info][gc,marking  ] GC(775) Concurrent Clear Claimed Marks 0.013ms
[2026-03-27T14:07:41.069+0900][45.200s][info][gc,marking  ] GC(775) Concurrent Scan Root Regions
[2026-03-27T14:07:41.069+0900][45.200s][info][gc,marking  ] GC(775) Concurrent Scan Root Regions 0.033ms
[2026-03-27T14:07:41.069+0900][45.200s][info][gc,marking  ] GC(775) Concurrent Mark
[2026-03-27T14:07:41.069+0900][45.200s][info][gc,marking  ] GC(775) Concurrent Mark From Roots
[2026-03-27T14:07:41.069+0900][45.200s][info][gc,task     ] GC(775) Using 2 workers of 2 for marking
[2026-03-27T14:07:41.069+0900][45.202s][info][gc,marking  ] GC(775) Concurrent Mark From Roots 1.220ms
[2026-03-27T14:07:41.069+0900][45.202s][info][gc,marking  ] GC(775) Concurrent Preclean
[2026-03-27T14:07:41.069+0900][45.202s][info][gc,marking  ] GC(775) Concurrent Preclean 0.014ms
[2026-03-27T14:07:41.069+0900][45.202s][info][gc,start    ] GC(775) Pause Remark
[2026-03-27T14:07:41.069+0900][45.202s][info][gc          ] GC(775) Pause Remark 289M->289M(512M) 0.229ms
[2026-03-27T14:07:41.069+0900][45.202s][info][gc,cpu      ] GC(775) User=0.00s Sys=0.00s Real=0.00s
[2026-03-27T14:07:41.069+0900][45.202s][info][gc,marking  ] GC(775) Concurrent Mark 1.625ms
[2026-03-27T14:07:41.069+0900][45.202s][info][gc,marking  ] GC(775) Concurrent Rebuild Remembered Sets
[2026-03-27T14:07:41.072+0900][45.202s][info][gc,marking  ] GC(775) Concurrent Rebuild Remembered Sets 0.383ms
[2026-03-27T14:07:41.072+0900][45.203s][info][gc,start    ] GC(775) Pause Cleanup
[2026-03-27T14:07:41.072+0900][45.203s][info][gc          ] GC(775) Pause Cleanup 289M->289M(512M) 0.107ms
[2026-03-27T14:07:41.072+0900][45.203s][info][gc,cpu      ] GC(775) User=0.00s Sys=0.00s Real=0.00s
[2026-03-27T14:07:41.072+0900][45.203s][info][gc,marking  ] GC(775) Concurrent Cleanup for Next Mark
[2026-03-27T14:07:41.072+0900][45.203s][info][gc,marking  ] GC(775) Concurrent Cleanup for Next Mark 0.223ms
[2026-03-27T14:07:41.072+0900][45.203s][info][gc          ] GC(775) Concurrent Mark Cycle 2.649ms
[2026-03-27T14:07:41.133+0900][45.263s][info][gc,start    ] GC(776) Pause Young (Concurrent Start) (G1 Humongous Allocation)
[2026-03-27T14:07:41.133+0900][45.263s][info][gc,task     ] GC(776) Using 8 workers of 8 for evacuation
[2026-03-27T14:07:41.133+0900][45.264s][info][gc,phases   ] GC(776)   Pre Evacuate Collection Set: 0.1ms
[2026-03-27T14:07:41.133+0900][45.264s][info][gc,phases   ] GC(776)   Merge Heap Roots: 0.2ms
[2026-03-27T14:07:41.133+0900][45.264s][info][gc,phases   ] GC(776)   Evacuate Collection Set: 0.1ms
[2026-03-27T14:07:41.133+0900][45.264s][info][gc,phases   ] GC(776)   Post Evacuate Collection Set: 0.1ms
[2026-03-27T14:07:41.133+0900][45.264s][info][gc,phases   ] GC(776)   Other: 0.1ms
[2026-03-27T14:07:41.133+0900][45.264s][info][gc,heap     ] GC(776) Eden regions: 1->0(169)
[2026-03-27T14:07:41.133+0900][45.264s][info][gc,heap     ] GC(776) Survivor regions: 1->1(22)
[2026-03-27T14:07:41.133+0900][45.264s][info][gc,heap     ] GC(776) Old regions: 1->1
[2026-03-27T14:07:41.133+0900][45.264s][info][gc,heap     ] GC(776) Archive regions: 0->0
[2026-03-27T14:07:41.133+0900][45.264s][info][gc,heap     ] GC(776) Humongous regions: 289->288
[2026-03-27T14:07:41.133+0900][45.264s][info][gc,metaspace] GC(776) Metaspace: 166K(384K)->166K(384K) NonClass: 157K(256K)->157K(256K) Class: 9K(128K)->9K(128K)
[2026-03-27T14:07:41.133+0900][45.264s][info][gc          ] GC(776) Pause Young (Concurrent Start) (G1 Humongous Allocation) 290M->288M(512M) 0.874ms
[2026-03-27T14:07:41.133+0900][45.264s][info][gc,cpu      ] GC(776) User=0.00s Sys=0.00s Real=0.00s
[2026-03-27T14:07:41.133+0900][45.264s][info][gc          ] GC(777) Concurrent Mark Cycle
[2026-03-27T14:07:41.133+0900][45.264s][info][gc,marking  ] GC(777) Concurrent Clear Claimed Marks
[2026-03-27T14:07:41.133+0900][45.264s][info][gc,marking  ] GC(777) Concurrent Clear Claimed Marks 0.024ms
[2026-03-27T14:07:41.133+0900][45.264s][info][gc,marking  ] GC(777) Concurrent Scan Root Regions
[2026-03-27T14:07:41.133+0900][45.264s][info][gc,marking  ] GC(777) Concurrent Scan Root Regions 0.035ms
[2026-03-27T14:07:41.133+0900][45.264s][info][gc,marking  ] GC(777) Concurrent Mark
[2026-03-27T14:07:41.133+0900][45.264s][info][gc,marking  ] GC(777) Concurrent Mark From Roots
[2026-03-27T14:07:41.133+0900][45.264s][info][gc,task     ] GC(777) Using 2 workers of 2 for marking
[2026-03-27T14:07:41.133+0900][45.265s][info][gc,marking  ] GC(777) Concurrent Mark From Roots 0.988ms
[2026-03-27T14:07:41.133+0900][45.265s][info][gc,marking  ] GC(777) Concurrent Preclean
[2026-03-27T14:07:41.133+0900][45.265s][info][gc,marking  ] GC(777) Concurrent Preclean 0.014ms
[2026-03-27T14:07:41.133+0900][45.265s][info][gc,start    ] GC(777) Pause Remark
[2026-03-27T14:07:41.133+0900][45.265s][info][gc          ] GC(777) Pause Remark 289M->289M(512M) 0.287ms
[2026-03-27T14:07:41.133+0900][45.265s][info][gc,cpu      ] GC(777) User=0.00s Sys=0.00s Real=0.00s
[2026-03-27T14:07:41.133+0900][45.265s][info][gc,marking  ] GC(777) Concurrent Mark 1.451ms
[2026-03-27T14:07:41.133+0900][45.265s][info][gc,marking  ] GC(777) Concurrent Rebuild Remembered Sets
[2026-03-27T14:07:41.133+0900][45.266s][info][gc,marking  ] GC(777) Concurrent Rebuild Remembered Sets 0.399ms
[2026-03-27T14:07:41.133+0900][45.266s][info][gc,start    ] GC(777) Pause Cleanup
[2026-03-27T14:07:41.133+0900][45.266s][info][gc          ] GC(777) Pause Cleanup 289M->289M(512M) 0.081ms
[2026-03-27T14:07:41.133+0900][45.266s][info][gc,cpu      ] GC(777) User=0.00s Sys=0.00s Real=0.00s
[2026-03-27T14:07:41.133+0900][45.266s][info][gc,marking  ] GC(777) Concurrent Cleanup for Next Mark
[2026-03-27T14:07:41.133+0900][45.266s][info][gc,marking  ] GC(777) Concurrent Cleanup for Next Mark 0.184ms
[2026-03-27T14:07:41.133+0900][45.266s][info][gc          ] GC(777) Concurrent Mark Cycle 2.466ms
[2026-03-27T14:07:41.197+0900][45.327s][info][gc,start    ] GC(778) Pause Young (Concurrent Start) (G1 Humongous Allocation)
[2026-03-27T14:07:41.197+0900][45.327s][info][gc,task     ] GC(778) Using 8 workers of 8 for evacuation
[2026-03-27T14:07:41.197+0900][45.327s][info][gc,phases   ] GC(778)   Pre Evacuate Collection Set: 0.1ms
[2026-03-27T14:07:41.197+0900][45.327s][info][gc,phases   ] GC(778)   Merge Heap Roots: 0.1ms
[2026-03-27T14:07:41.197+0900][45.327s][info][gc,phases   ] GC(778)   Evacuate Collection Set: 0.1ms
[2026-03-27T14:07:41.197+0900][45.327s][info][gc,phases   ] GC(778)   Post Evacuate Collection Set: 0.1ms
[2026-03-27T14:07:41.197+0900][45.327s][info][gc,phases   ] GC(778)   Other: 0.1ms
[2026-03-27T14:07:41.197+0900][45.327s][info][gc,heap     ] GC(778) Eden regions: 1->0(169)
[2026-03-27T14:07:41.197+0900][45.327s][info][gc,heap     ] GC(778) Survivor regions: 1->1(22)
[2026-03-27T14:07:41.197+0900][45.327s][info][gc,heap     ] GC(778) Old regions: 1->1
[2026-03-27T14:07:41.197+0900][45.327s][info][gc,heap     ] GC(778) Archive regions: 0->0
[2026-03-27T14:07:41.197+0900][45.327s][info][gc,heap     ] GC(778) Humongous regions: 289->288
[2026-03-27T14:07:41.197+0900][45.327s][info][gc,metaspace] GC(778) Metaspace: 166K(384K)->166K(384K) NonClass: 157K(256K)->157K(256K) Class: 9K(128K)->9K(128K)
[2026-03-27T14:07:41.197+0900][45.327s][info][gc          ] GC(778) Pause Young (Concurrent Start) (G1 Humongous Allocation) 290M->288M(512M) 0.731ms
[2026-03-27T14:07:41.197+0900][45.327s][info][gc,cpu      ] GC(778) User=0.00s Sys=0.00s Real=0.00s
[2026-03-27T14:07:41.197+0900][45.327s][info][gc          ] GC(779) Concurrent Mark Cycle
[2026-03-27T14:07:41.197+0900][45.327s][info][gc,marking  ] GC(779) Concurrent Clear Claimed Marks
[2026-03-27T14:07:41.197+0900][45.327s][info][gc,marking  ] GC(779) Concurrent Clear Claimed Marks 0.013ms
[2026-03-27T14:07:41.197+0900][45.327s][info][gc,marking  ] GC(779) Concurrent Scan Root Regions
[2026-03-27T14:07:41.197+0900][45.328s][info][gc,marking  ] GC(779) Concurrent Scan Root Regions 0.029ms
[2026-03-27T14:07:41.197+0900][45.328s][info][gc,marking  ] GC(779) Concurrent Mark
[2026-03-27T14:07:41.197+0900][45.328s][info][gc,marking  ] GC(779) Concurrent Mark From Roots
[2026-03-27T14:07:41.197+0900][45.328s][info][gc,task     ] GC(779) Using 2 workers of 2 for marking
[2026-03-27T14:07:41.197+0900][45.328s][info][gc,marking  ] GC(779) Concurrent Mark From Roots 0.665ms
[2026-03-27T14:07:41.197+0900][45.328s][info][gc,marking  ] GC(779) Concurrent Preclean
[2026-03-27T14:07:41.197+0900][45.328s][info][gc,marking  ] GC(779) Concurrent Preclean 0.014ms
[2026-03-27T14:07:41.197+0900][45.328s][info][gc,start    ] GC(779) Pause Remark
[2026-03-27T14:07:41.197+0900][45.329s][info][gc          ] GC(779) Pause Remark 289M->289M(512M) 0.226ms
[2026-03-27T14:07:41.197+0900][45.329s][info][gc,cpu      ] GC(779) User=0.00s Sys=0.00s Real=0.00s
[2026-03-27T14:07:41.197+0900][45.329s][info][gc,marking  ] GC(779) Concurrent Mark 1.053ms
[2026-03-27T14:07:41.197+0900][45.329s][info][gc,marking  ] GC(779) Concurrent Rebuild Remembered Sets
[2026-03-27T14:07:41.197+0900][45.329s][info][gc,marking  ] GC(779) Concurrent Rebuild Remembered Sets 0.341ms
[2026-03-27T14:07:41.197+0900][45.329s][info][gc,start    ] GC(779) Pause Cleanup
[2026-03-27T14:07:41.197+0900][45.329s][info][gc          ] GC(779) Pause Cleanup 289M->289M(512M) 0.056ms
[2026-03-27T14:07:41.197+0900][45.329s][info][gc,cpu      ] GC(779) User=0.00s Sys=0.00s Real=0.00s
[2026-03-27T14:07:41.197+0900][45.329s][info][gc,marking  ] GC(779) Concurrent Cleanup for Next Mark
[2026-03-27T14:07:41.197+0900][45.329s][info][gc,marking  ] GC(779) Concurrent Cleanup for Next Mark 0.190ms
[2026-03-27T14:07:41.197+0900][45.329s][info][gc          ] GC(779) Concurrent Mark Cycle 1.898ms
[2026-03-27T14:07:41.259+0900][45.389s][info][gc,start    ] GC(780) Pause Young (Concurrent Start) (G1 Humongous Allocation)
[2026-03-27T14:07:41.259+0900][45.389s][info][gc,task     ] GC(780) Using 8 workers of 8 for evacuation
[2026-03-27T14:07:41.259+0900][45.390s][info][gc,phases   ] GC(780)   Pre Evacuate Collection Set: 0.1ms
[2026-03-27T14:07:41.259+0900][45.390s][info][gc,phases   ] GC(780)   Merge Heap Roots: 0.1ms
[2026-03-27T14:07:41.259+0900][45.390s][info][gc,phases   ] GC(780)   Evacuate Collection Set: 0.1ms
[2026-03-27T14:07:41.259+0900][45.390s][info][gc,phases   ] GC(780)   Post Evacuate Collection Set: 0.1ms
[2026-03-27T14:07:41.259+0900][45.390s][info][gc,phases   ] GC(780)   Other: 0.1ms
[2026-03-27T14:07:41.259+0900][45.390s][info][gc,heap     ] GC(780) Eden regions: 1->0(169)
[2026-03-27T14:07:41.259+0900][45.390s][info][gc,heap     ] GC(780) Survivor regions: 1->1(22)
[2026-03-27T14:07:41.259+0900][45.390s][info][gc,heap     ] GC(780) Old regions: 1->1
[2026-03-27T14:07:41.259+0900][45.390s][info][gc,heap     ] GC(780) Archive regions: 0->0
[2026-03-27T14:07:41.259+0900][45.390s][info][gc,heap     ] GC(780) Humongous regions: 289->288
[2026-03-27T14:07:41.259+0900][45.390s][info][gc,metaspace] GC(780) Metaspace: 166K(384K)->166K(384K) NonClass: 157K(256K)->157K(256K) Class: 9K(128K)->9K(128K)
[2026-03-27T14:07:41.259+0900][45.390s][info][gc          ] GC(780) Pause Young (Concurrent Start) (G1 Humongous Allocation) 290M->288M(512M) 0.856ms
[2026-03-27T14:07:41.259+0900][45.390s][info][gc,cpu      ] GC(780) User=0.00s Sys=0.00s Real=0.00s
[2026-03-27T14:07:41.259+0900][45.390s][info][gc          ] GC(781) Concurrent Mark Cycle
[2026-03-27T14:07:41.259+0900][45.390s][info][gc,marking  ] GC(781) Concurrent Clear Claimed Marks
[2026-03-27T14:07:41.259+0900][45.390s][info][gc,marking  ] GC(781) Concurrent Clear Claimed Marks 0.017ms
[2026-03-27T14:07:41.259+0900][45.390s][info][gc,marking  ] GC(781) Concurrent Scan Root Regions
[2026-03-27T14:07:41.259+0900][45.390s][info][gc,marking  ] GC(781) Concurrent Scan Root Regions 0.032ms
[2026-03-27T14:07:41.259+0900][45.390s][info][gc,marking  ] GC(781) Concurrent Mark
[2026-03-27T14:07:41.259+0900][45.390s][info][gc,marking  ] GC(781) Concurrent Mark From Roots
[2026-03-27T14:07:41.259+0900][45.390s][info][gc,task     ] GC(781) Using 2 workers of 2 for marking
[2026-03-27T14:07:41.259+0900][45.391s][info][gc,marking  ] GC(781) Concurrent Mark From Roots 0.794ms
[2026-03-27T14:07:41.259+0900][45.391s][info][gc,marking  ] GC(781) Concurrent Preclean
[2026-03-27T14:07:41.259+0900][45.391s][info][gc,marking  ] GC(781) Concurrent Preclean 0.013ms
[2026-03-27T14:07:41.259+0900][45.391s][info][gc,start    ] GC(781) Pause Remark
[2026-03-27T14:07:41.259+0900][45.391s][info][gc          ] GC(781) Pause Remark 289M->289M(512M) 0.260ms
[2026-03-27T14:07:41.259+0900][45.392s][info][gc,cpu      ] GC(781) User=0.00s Sys=0.00s Real=0.00s
[2026-03-27T14:07:41.259+0900][45.392s][info][gc,marking  ] GC(781) Concurrent Mark 1.216ms
[2026-03-27T14:07:41.259+0900][45.392s][info][gc,marking  ] GC(781) Concurrent Rebuild Remembered Sets
[2026-03-27T14:07:41.259+0900][45.392s][info][gc,marking  ] GC(781) Concurrent Rebuild Remembered Sets 0.467ms
[2026-03-27T14:07:41.259+0900][45.392s][info][gc,start    ] GC(781) Pause Cleanup
[2026-03-27T14:07:41.259+0900][45.392s][info][gc          ] GC(781) Pause Cleanup 289M->289M(512M) 0.075ms
[2026-03-27T14:07:41.259+0900][45.392s][info][gc,cpu      ] GC(781) User=0.00s Sys=0.00s Real=0.00s
[2026-03-27T14:07:41.259+0900][45.392s][info][gc,marking  ] GC(781) Concurrent Cleanup for Next Mark
[2026-03-27T14:07:41.259+0900][45.392s][info][gc,marking  ] GC(781) Concurrent Cleanup for Next Mark 0.183ms
[2026-03-27T14:07:41.259+0900][45.392s][info][gc          ] GC(781) Concurrent Mark Cycle 2.266ms
[2026-03-27T14:07:41.323+0900][45.453s][info][gc,start    ] GC(782) Pause Young (Concurrent Start) (G1 Humongous Allocation)
[2026-03-27T14:07:41.323+0900][45.453s][info][gc,task     ] GC(782) Using 8 workers of 8 for evacuation
[2026-03-27T14:07:41.324+0900][45.454s][info][gc,phases   ] GC(782)   Pre Evacuate Collection Set: 0.3ms
[2026-03-27T14:07:41.324+0900][45.454s][info][gc,phases   ] GC(782)   Merge Heap Roots: 0.1ms
[2026-03-27T14:07:41.324+0900][45.454s][info][gc,phases   ] GC(782)   Evacuate Collection Set: 0.1ms
[2026-03-27T14:07:41.324+0900][45.454s][info][gc,phases   ] GC(782)   Post Evacuate Collection Set: 0.1ms
[2026-03-27T14:07:41.324+0900][45.454s][info][gc,phases   ] GC(782)   Other: 0.1ms
[2026-03-27T14:07:41.324+0900][45.454s][info][gc,heap     ] GC(782) Eden regions: 1->0(169)
[2026-03-27T14:07:41.324+0900][45.454s][info][gc,heap     ] GC(782) Survivor regions: 1->1(22)
[2026-03-27T14:07:41.324+0900][45.454s][info][gc,heap     ] GC(782) Old regions: 1->1
[2026-03-27T14:07:41.324+0900][45.454s][info][gc,heap     ] GC(782) Archive regions: 0->0
[2026-03-27T14:07:41.324+0900][45.454s][info][gc,heap     ] GC(782) Humongous regions: 289->288
[2026-03-27T14:07:41.324+0900][45.454s][info][gc,metaspace] GC(782) Metaspace: 166K(384K)->166K(384K) NonClass: 157K(256K)->157K(256K) Class: 9K(128K)->9K(128K)
[2026-03-27T14:07:41.324+0900][45.454s][info][gc          ] GC(782) Pause Young (Concurrent Start) (G1 Humongous Allocation) 290M->288M(512M) 1.094ms
[2026-03-27T14:07:41.324+0900][45.454s][info][gc,cpu      ] GC(782) User=0.00s Sys=0.00s Real=0.00s
[2026-03-27T14:07:41.324+0900][45.454s][info][gc          ] GC(783) Concurrent Mark Cycle
[2026-03-27T14:07:41.324+0900][45.454s][info][gc,marking  ] GC(783) Concurrent Clear Claimed Marks
[2026-03-27T14:07:41.324+0900][45.454s][info][gc,marking  ] GC(783) Concurrent Clear Claimed Marks 0.015ms
[2026-03-27T14:07:41.324+0900][45.454s][info][gc,marking  ] GC(783) Concurrent Scan Root Regions
[2026-03-27T14:07:41.324+0900][45.454s][info][gc,marking  ] GC(783) Concurrent Scan Root Regions 0.033ms
[2026-03-27T14:07:41.324+0900][45.454s][info][gc,marking  ] GC(783) Concurrent Mark
[2026-03-27T14:07:41.324+0900][45.454s][info][gc,marking  ] GC(783) Concurrent Mark From Roots
[2026-03-27T14:07:41.324+0900][45.455s][info][gc,task     ] GC(783) Using 2 workers of 2 for marking
[2026-03-27T14:07:41.325+0900][45.455s][info][gc,marking  ] GC(783) Concurrent Mark From Roots 0.817ms
[2026-03-27T14:07:41.325+0900][45.455s][info][gc,marking  ] GC(783) Concurrent Preclean
[2026-03-27T14:07:41.325+0900][45.455s][info][gc,marking  ] GC(783) Concurrent Preclean 0.013ms
[2026-03-27T14:07:41.325+0900][45.455s][info][gc,start    ] GC(783) Pause Remark
[2026-03-27T14:07:41.325+0900][45.456s][info][gc          ] GC(783) Pause Remark 291M->291M(512M) 0.246ms
[2026-03-27T14:07:41.325+0900][45.456s][info][gc,cpu      ] GC(783) User=0.00s Sys=0.00s Real=0.00s
[2026-03-27T14:07:41.325+0900][45.456s][info][gc,marking  ] GC(783) Concurrent Mark 1.222ms
[2026-03-27T14:07:41.325+0900][45.456s][info][gc,marking  ] GC(783) Concurrent Rebuild Remembered Sets
[2026-03-27T14:07:41.326+0900][45.456s][info][gc,marking  ] GC(783) Concurrent Rebuild Remembered Sets 0.364ms
[2026-03-27T14:07:41.326+0900][45.456s][info][gc,start    ] GC(783) Pause Cleanup
[2026-03-27T14:07:41.326+0900][45.456s][info][gc          ] GC(783) Pause Cleanup 291M->291M(512M) 0.066ms
[2026-03-27T14:07:41.326+0900][45.456s][info][gc,cpu      ] GC(783) User=0.00s Sys=0.00s Real=0.00s
[2026-03-27T14:07:41.326+0900][45.456s][info][gc,marking  ] GC(783) Concurrent Cleanup for Next Mark
[2026-03-27T14:07:41.326+0900][45.456s][info][gc,marking  ] GC(783) Concurrent Cleanup for Next Mark 0.185ms
[2026-03-27T14:07:41.326+0900][45.456s][info][gc          ] GC(783) Concurrent Mark Cycle 2.119ms
[2026-03-27T14:07:41.386+0900][45.517s][info][gc,start    ] GC(784) Pause Young (Concurrent Start) (G1 Humongous Allocation)
[2026-03-27T14:07:41.386+0900][45.517s][info][gc,task     ] GC(784) Using 8 workers of 8 for evacuation
[2026-03-27T14:07:41.386+0900][45.517s][info][gc,phases   ] GC(784)   Pre Evacuate Collection Set: 0.1ms
[2026-03-27T14:07:41.386+0900][45.517s][info][gc,phases   ] GC(784)   Merge Heap Roots: 0.2ms
[2026-03-27T14:07:41.386+0900][45.517s][info][gc,phases   ] GC(784)   Evacuate Collection Set: 0.1ms
[2026-03-27T14:07:41.386+0900][45.517s][info][gc,phases   ] GC(784)   Post Evacuate Collection Set: 0.1ms
[2026-03-27T14:07:41.386+0900][45.517s][info][gc,phases   ] GC(784)   Other: 0.1ms
[2026-03-27T14:07:41.386+0900][45.517s][info][gc,heap     ] GC(784) Eden regions: 1->0(167)
[2026-03-27T14:07:41.386+0900][45.517s][info][gc,heap     ] GC(784) Survivor regions: 1->1(22)
[2026-03-27T14:07:41.386+0900][45.517s][info][gc,heap     ] GC(784) Old regions: 1->1
[2026-03-27T14:07:41.386+0900][45.517s][info][gc,heap     ] GC(784) Archive regions: 0->0
[2026-03-27T14:07:41.386+0900][45.517s][info][gc,heap     ] GC(784) Humongous regions: 291->290
[2026-03-27T14:07:41.386+0900][45.517s][info][gc,metaspace] GC(784) Metaspace: 166K(384K)->166K(384K) NonClass: 157K(256K)->157K(256K) Class: 9K(128K)->9K(128K)
[2026-03-27T14:07:41.386+0900][45.517s][info][gc          ] GC(784) Pause Young (Concurrent Start) (G1 Humongous Allocation) 292M->290M(512M) 0.813ms
[2026-03-27T14:07:41.386+0900][45.518s][info][gc,cpu      ] GC(784) User=0.00s Sys=0.00s Real=0.00s
[2026-03-27T14:07:41.386+0900][45.518s][info][gc          ] GC(785) Concurrent Mark Cycle
[2026-03-27T14:07:41.386+0900][45.518s][info][gc,marking  ] GC(785) Concurrent Clear Claimed Marks
[2026-03-27T14:07:41.386+0900][45.518s][info][gc,marking  ] GC(785) Concurrent Clear Claimed Marks 0.017ms
[2026-03-27T14:07:41.386+0900][45.518s][info][gc,marking  ] GC(785) Concurrent Scan Root Regions
[2026-03-27T14:07:41.386+0900][45.518s][info][gc,marking  ] GC(785) Concurrent Scan Root Regions 0.036ms
[2026-03-27T14:07:41.386+0900][45.518s][info][gc,marking  ] GC(785) Concurrent Mark
[2026-03-27T14:07:41.386+0900][45.518s][info][gc,marking  ] GC(785) Concurrent Mark From Roots
[2026-03-27T14:07:41.386+0900][45.518s][info][gc,task     ] GC(785) Using 2 workers of 2 for marking
[2026-03-27T14:07:41.386+0900][45.518s][info][gc,marking  ] GC(785) Concurrent Mark From Roots 0.722ms
[2026-03-27T14:07:41.386+0900][45.518s][info][gc,marking  ] GC(785) Concurrent Preclean
[2026-03-27T14:07:41.386+0900][45.518s][info][gc,marking  ] GC(785) Concurrent Preclean 0.020ms
[2026-03-27T14:07:41.386+0900][45.519s][info][gc,start    ] GC(785) Pause Remark
[2026-03-27T14:07:41.386+0900][45.519s][info][gc          ] GC(785) Pause Remark 291M->291M(512M) 0.354ms
[2026-03-27T14:07:41.386+0900][45.519s][info][gc,cpu      ] GC(785) User=0.00s Sys=0.00s Real=0.00s
[2026-03-27T14:07:41.386+0900][45.519s][info][gc,marking  ] GC(785) Concurrent Mark 1.369ms
[2026-03-27T14:07:41.386+0900][45.519s][info][gc,marking  ] GC(785) Concurrent Rebuild Remembered Sets
[2026-03-27T14:07:41.386+0900][45.520s][info][gc,marking  ] GC(785) Concurrent Rebuild Remembered Sets 0.444ms
[2026-03-27T14:07:41.386+0900][45.520s][info][gc,start    ] GC(785) Pause Cleanup
[2026-03-27T14:07:41.386+0900][45.520s][info][gc          ] GC(785) Pause Cleanup 291M->291M(512M) 0.083ms
[2026-03-27T14:07:41.386+0900][45.520s][info][gc,cpu      ] GC(785) User=0.00s Sys=0.00s Real=0.00s
[2026-03-27T14:07:41.386+0900][45.520s][info][gc,marking  ] GC(785) Concurrent Cleanup for Next Mark
[2026-03-27T14:07:41.386+0900][45.520s][info][gc,marking  ] GC(785) Concurrent Cleanup for Next Mark 0.252ms
[2026-03-27T14:07:41.386+0900][45.520s][info][gc          ] GC(785) Concurrent Mark Cycle 2.520ms
[2026-03-27T14:07:41.450+0900][45.580s][info][gc,start    ] GC(786) Pause Young (Concurrent Start) (G1 Humongous Allocation)
[2026-03-27T14:07:41.450+0900][45.580s][info][gc,task     ] GC(786) Using 8 workers of 8 for evacuation
[2026-03-27T14:07:41.450+0900][45.581s][info][gc,phases   ] GC(786)   Pre Evacuate Collection Set: 0.2ms
[2026-03-27T14:07:41.450+0900][45.581s][info][gc,phases   ] GC(786)   Merge Heap Roots: 0.2ms
[2026-03-27T14:07:41.450+0900][45.582s][info][gc,phases   ] GC(786)   Evacuate Collection Set: 0.1ms
[2026-03-27T14:07:41.450+0900][45.582s][info][gc,phases   ] GC(786)   Post Evacuate Collection Set: 0.5ms
[2026-03-27T14:07:41.450+0900][45.582s][info][gc,phases   ] GC(786)   Other: 0.1ms
[2026-03-27T14:07:41.450+0900][45.582s][info][gc,heap     ] GC(786) Eden regions: 1->0(167)
[2026-03-27T14:07:41.450+0900][45.582s][info][gc,heap     ] GC(786) Survivor regions: 1->1(21)
[2026-03-27T14:07:41.450+0900][45.582s][info][gc,heap     ] GC(786) Old regions: 1->1
[2026-03-27T14:07:41.450+0900][45.582s][info][gc,heap     ] GC(786) Archive regions: 0->0
[2026-03-27T14:07:41.450+0900][45.582s][info][gc,heap     ] GC(786) Humongous regions: 291->290
[2026-03-27T14:07:41.450+0900][45.582s][info][gc,metaspace] GC(786) Metaspace: 166K(384K)->166K(384K) NonClass: 157K(256K)->157K(256K) Class: 9K(128K)->9K(128K)
[2026-03-27T14:07:41.450+0900][45.582s][info][gc          ] GC(786) Pause Young (Concurrent Start) (G1 Humongous Allocation) 292M->290M(512M) 1.478ms
[2026-03-27T14:07:41.450+0900][45.582s][info][gc,cpu      ] GC(786) User=0.00s Sys=0.00s Real=0.00s
[2026-03-27T14:07:41.450+0900][45.582s][info][gc          ] GC(787) Concurrent Mark Cycle
[2026-03-27T14:07:41.450+0900][45.582s][info][gc,marking  ] GC(787) Concurrent Clear Claimed Marks
[2026-03-27T14:07:41.450+0900][45.582s][info][gc,marking  ] GC(787) Concurrent Clear Claimed Marks 0.022ms
[2026-03-27T14:07:41.450+0900][45.582s][info][gc,marking  ] GC(787) Concurrent Scan Root Regions
[2026-03-27T14:07:41.450+0900][45.582s][info][gc,marking  ] GC(787) Concurrent Scan Root Regions 0.115ms
[2026-03-27T14:07:41.450+0900][45.582s][info][gc,marking  ] GC(787) Concurrent Mark
[2026-03-27T14:07:41.450+0900][45.582s][info][gc,marking  ] GC(787) Concurrent Mark From Roots
[2026-03-27T14:07:41.450+0900][45.582s][info][gc,task     ] GC(787) Using 2 workers of 2 for marking
[2026-03-27T14:07:41.450+0900][45.583s][info][gc,marking  ] GC(787) Concurrent Mark From Roots 0.933ms
[2026-03-27T14:07:41.450+0900][45.583s][info][gc,marking  ] GC(787) Concurrent Preclean
[2026-03-27T14:07:41.450+0900][45.583s][info][gc,marking  ] GC(787) Concurrent Preclean 0.014ms
[2026-03-27T14:07:41.450+0900][45.583s][info][gc,start    ] GC(787) Pause Remark
[2026-03-27T14:07:41.450+0900][45.584s][info][gc          ] GC(787) Pause Remark 291M->291M(512M) 0.814ms
[2026-03-27T14:07:41.450+0900][45.584s][info][gc,cpu      ] GC(787) User=0.00s Sys=0.00s Real=0.00s
[2026-03-27T14:07:41.450+0900][45.584s][info][gc,marking  ] GC(787) Concurrent Mark 2.051ms
[2026-03-27T14:07:41.450+0900][45.584s][info][gc,marking  ] GC(787) Concurrent Rebuild Remembered Sets
[2026-03-27T14:07:41.450+0900][45.585s][info][gc,marking  ] GC(787) Concurrent Rebuild Remembered Sets 0.406ms
[2026-03-27T14:07:41.450+0900][45.585s][info][gc,start    ] GC(787) Pause Cleanup
[2026-03-27T14:07:41.450+0900][45.585s][info][gc          ] GC(787) Pause Cleanup 291M->291M(512M) 0.106ms
[2026-03-27T14:07:41.450+0900][45.585s][info][gc,cpu      ] GC(787) User=0.00s Sys=0.00s Real=0.00s
[2026-03-27T14:07:41.450+0900][45.585s][info][gc,marking  ] GC(787) Concurrent Cleanup for Next Mark
[2026-03-27T14:07:41.450+0900][45.585s][info][gc,marking  ] GC(787) Concurrent Cleanup for Next Mark 0.271ms
[2026-03-27T14:07:41.450+0900][45.585s][info][gc          ] GC(787) Concurrent Mark Cycle 3.550ms
[2026-03-27T14:07:41.513+0900][45.643s][info][gc,start    ] GC(788) Pause Young (Concurrent Start) (G1 Humongous Allocation)
[2026-03-27T14:07:41.513+0900][45.644s][info][gc,task     ] GC(788) Using 8 workers of 8 for evacuation
[2026-03-27T14:07:41.513+0900][45.645s][info][gc,phases   ] GC(788)   Pre Evacuate Collection Set: 0.1ms
[2026-03-27T14:07:41.513+0900][45.645s][info][gc,phases   ] GC(788)   Merge Heap Roots: 0.2ms
[2026-03-27T14:07:41.513+0900][45.645s][info][gc,phases   ] GC(788)   Evacuate Collection Set: 0.1ms
[2026-03-27T14:07:41.513+0900][45.645s][info][gc,phases   ] GC(788)   Post Evacuate Collection Set: 0.4ms
[2026-03-27T14:07:41.513+0900][45.645s][info][gc,phases   ] GC(788)   Other: 0.1ms
[2026-03-27T14:07:41.513+0900][45.645s][info][gc,heap     ] GC(788) Eden regions: 1->0(167)
[2026-03-27T14:07:41.513+0900][45.645s][info][gc,heap     ] GC(788) Survivor regions: 1->1(21)
[2026-03-27T14:07:41.513+0900][45.645s][info][gc,heap     ] GC(788) Old regions: 1->1
[2026-03-27T14:07:41.513+0900][45.645s][info][gc,heap     ] GC(788) Archive regions: 0->0
[2026-03-27T14:07:41.513+0900][45.645s][info][gc,heap     ] GC(788) Humongous regions: 291->290
[2026-03-27T14:07:41.513+0900][45.645s][info][gc,metaspace] GC(788) Metaspace: 166K(384K)->166K(384K) NonClass: 157K(256K)->157K(256K) Class: 9K(128K)->9K(128K)
[2026-03-27T14:07:41.513+0900][45.645s][info][gc          ] GC(788) Pause Young (Concurrent Start) (G1 Humongous Allocation) 292M->290M(512M) 1.279ms
[2026-03-27T14:07:41.513+0900][45.645s][info][gc,cpu      ] GC(788) User=0.00s Sys=0.00s Real=0.00s
[2026-03-27T14:07:41.513+0900][45.645s][info][gc          ] GC(789) Concurrent Mark Cycle
[2026-03-27T14:07:41.513+0900][45.645s][info][gc,marking  ] GC(789) Concurrent Clear Claimed Marks
[2026-03-27T14:07:41.513+0900][45.645s][info][gc,marking  ] GC(789) Concurrent Clear Claimed Marks 0.013ms
[2026-03-27T14:07:41.513+0900][45.645s][info][gc,marking  ] GC(789) Concurrent Scan Root Regions
[2026-03-27T14:07:41.513+0900][45.645s][info][gc,marking  ] GC(789) Concurrent Scan Root Regions 0.124ms
[2026-03-27T14:07:41.513+0900][45.645s][info][gc,marking  ] GC(789) Concurrent Mark
[2026-03-27T14:07:41.513+0900][45.645s][info][gc,marking  ] GC(789) Concurrent Mark From Roots
[2026-03-27T14:07:41.513+0900][45.645s][info][gc,task     ] GC(789) Using 2 workers of 2 for marking
[2026-03-27T14:07:41.513+0900][45.646s][info][gc,marking  ] GC(789) Concurrent Mark From Roots 0.701ms
[2026-03-27T14:07:41.513+0900][45.646s][info][gc,marking  ] GC(789) Concurrent Preclean
[2026-03-27T14:07:41.513+0900][45.646s][info][gc,marking  ] GC(789) Concurrent Preclean 0.014ms
[2026-03-27T14:07:41.513+0900][45.646s][info][gc,start    ] GC(789) Pause Remark
[2026-03-27T14:07:41.513+0900][45.647s][info][gc          ] GC(789) Pause Remark 291M->291M(512M) 0.658ms
[2026-03-27T14:07:41.513+0900][45.647s][info][gc,cpu      ] GC(789) User=0.00s Sys=0.00s Real=0.00s
[2026-03-27T14:07:41.513+0900][45.647s][info][gc,marking  ] GC(789) Concurrent Mark 1.671ms
[2026-03-27T14:07:41.513+0900][45.647s][info][gc,marking  ] GC(789) Concurrent Rebuild Remembered Sets
[2026-03-27T14:07:41.513+0900][45.647s][info][gc,marking  ] GC(789) Concurrent Rebuild Remembered Sets 0.417ms
[2026-03-27T14:07:41.513+0900][45.647s][info][gc,start    ] GC(789) Pause Cleanup
[2026-03-27T14:07:41.513+0900][45.647s][info][gc          ] GC(789) Pause Cleanup 291M->291M(512M) 0.125ms
[2026-03-27T14:07:41.513+0900][45.647s][info][gc,cpu      ] GC(789) User=0.00s Sys=0.00s Real=0.00s
[2026-03-27T14:07:41.513+0900][45.648s][info][gc,marking  ] GC(789) Concurrent Cleanup for Next Mark
[2026-03-27T14:07:41.513+0900][45.648s][info][gc,marking  ] GC(789) Concurrent Cleanup for Next Mark 0.264ms
[2026-03-27T14:07:41.513+0900][45.648s][info][gc          ] GC(789) Concurrent Mark Cycle 2.980ms
[2026-03-27T14:07:41.577+0900][45.707s][info][gc,start    ] GC(790) Pause Young (Concurrent Start) (G1 Humongous Allocation)
[2026-03-27T14:07:41.577+0900][45.707s][info][gc,task     ] GC(790) Using 8 workers of 8 for evacuation
[2026-03-27T14:07:41.577+0900][45.709s][info][gc,phases   ] GC(790)   Pre Evacuate Collection Set: 0.2ms
[2026-03-27T14:07:41.577+0900][45.709s][info][gc,phases   ] GC(790)   Merge Heap Roots: 0.3ms
[2026-03-27T14:07:41.577+0900][45.709s][info][gc,phases   ] GC(790)   Evacuate Collection Set: 0.2ms
[2026-03-27T14:07:41.577+0900][45.709s][info][gc,phases   ] GC(790)   Post Evacuate Collection Set: 0.6ms
[2026-03-27T14:07:41.577+0900][45.709s][info][gc,phases   ] GC(790)   Other: 0.2ms
[2026-03-27T14:07:41.577+0900][45.709s][info][gc,heap     ] GC(790) Eden regions: 1->0(167)
[2026-03-27T14:07:41.577+0900][45.709s][info][gc,heap     ] GC(790) Survivor regions: 1->1(21)
[2026-03-27T14:07:41.577+0900][45.709s][info][gc,heap     ] GC(790) Old regions: 1->1
[2026-03-27T14:07:41.577+0900][45.709s][info][gc,heap     ] GC(790) Archive regions: 0->0
[2026-03-27T14:07:41.577+0900][45.709s][info][gc,heap     ] GC(790) Humongous regions: 291->290
[2026-03-27T14:07:41.577+0900][45.709s][info][gc,metaspace] GC(790) Metaspace: 166K(384K)->166K(384K) NonClass: 157K(256K)->157K(256K) Class: 9K(128K)->9K(128K)
[2026-03-27T14:07:41.577+0900][45.709s][info][gc          ] GC(790) Pause Young (Concurrent Start) (G1 Humongous Allocation) 292M->290M(512M) 2.181ms
[2026-03-27T14:07:41.577+0900][45.709s][info][gc,cpu      ] GC(790) User=0.00s Sys=0.00s Real=0.00s
[2026-03-27T14:07:41.577+0900][45.710s][info][gc          ] GC(791) Concurrent Mark Cycle
[2026-03-27T14:07:41.577+0900][45.710s][info][gc,marking  ] GC(791) Concurrent Clear Claimed Marks
[2026-03-27T14:07:41.577+0900][45.710s][info][gc,marking  ] GC(791) Concurrent Clear Claimed Marks 0.031ms
[2026-03-27T14:07:41.577+0900][45.710s][info][gc,marking  ] GC(791) Concurrent Scan Root Regions
[2026-03-27T14:07:41.577+0900][45.710s][info][gc,marking  ] GC(791) Concurrent Scan Root Regions 0.165ms
[2026-03-27T14:07:41.577+0900][45.710s][info][gc,marking  ] GC(791) Concurrent Mark
[2026-03-27T14:07:41.577+0900][45.710s][info][gc,marking  ] GC(791) Concurrent Mark From Roots
[2026-03-27T14:07:41.577+0900][45.710s][info][gc,task     ] GC(791) Using 2 workers of 2 for marking
[2026-03-27T14:07:41.577+0900][45.712s][info][gc,marking  ] GC(791) Concurrent Mark From Roots 1.985ms
[2026-03-27T14:07:41.577+0900][45.712s][info][gc,marking  ] GC(791) Concurrent Preclean
[2026-03-27T14:07:41.577+0900][45.712s][info][gc,marking  ] GC(791) Concurrent Preclean 0.032ms
[2026-03-27T14:07:41.577+0900][45.712s][info][gc,start    ] GC(791) Pause Remark
[2026-03-27T14:07:41.577+0900][45.713s][info][gc          ] GC(791) Pause Remark 291M->291M(512M) 0.897ms
[2026-03-27T14:07:41.577+0900][45.713s][info][gc,cpu      ] GC(791) User=0.00s Sys=0.00s Real=0.00s
[2026-03-27T14:07:41.577+0900][45.713s][info][gc,marking  ] GC(791) Concurrent Mark 3.458ms
[2026-03-27T14:07:41.577+0900][45.713s][info][gc,marking  ] GC(791) Concurrent Rebuild Remembered Sets
[2026-03-27T14:07:41.577+0900][45.714s][info][gc,marking  ] GC(791) Concurrent Rebuild Remembered Sets 0.755ms
[2026-03-27T14:07:41.577+0900][45.714s][info][gc,start    ] GC(791) Pause Cleanup
[2026-03-27T14:07:41.577+0900][45.715s][info][gc          ] GC(791) Pause Cleanup 291M->291M(512M) 0.133ms
[2026-03-27T14:07:41.577+0900][45.715s][info][gc,cpu      ] GC(791) User=0.00s Sys=0.00s Real=0.00s
[2026-03-27T14:07:41.577+0900][45.715s][info][gc,marking  ] GC(791) Concurrent Cleanup for Next Mark
[2026-03-27T14:07:41.577+0900][45.715s][info][gc,marking  ] GC(791) Concurrent Cleanup for Next Mark 0.354ms
[2026-03-27T14:07:41.577+0900][45.715s][info][gc          ] GC(791) Concurrent Mark Cycle 5.602ms
[2026-03-27T14:07:41.641+0900][45.771s][info][gc,start    ] GC(792) Pause Young (Concurrent Start) (G1 Humongous Allocation)
[2026-03-27T14:07:41.641+0900][45.772s][info][gc,task     ] GC(792) Using 8 workers of 8 for evacuation
[2026-03-27T14:07:41.641+0900][45.774s][info][gc,phases   ] GC(792)   Pre Evacuate Collection Set: 0.2ms
[2026-03-27T14:07:41.641+0900][45.774s][info][gc,phases   ] GC(792)   Merge Heap Roots: 0.4ms
[2026-03-27T14:07:41.641+0900][45.774s][info][gc,phases   ] GC(792)   Evacuate Collection Set: 0.3ms
[2026-03-27T14:07:41.641+0900][45.774s][info][gc,phases   ] GC(792)   Post Evacuate Collection Set: 0.9ms
[2026-03-27T14:07:41.641+0900][45.774s][info][gc,phases   ] GC(792)   Other: 0.3ms
[2026-03-27T14:07:41.641+0900][45.774s][info][gc,heap     ] GC(792) Eden regions: 1->0(167)
[2026-03-27T14:07:41.641+0900][45.774s][info][gc,heap     ] GC(792) Survivor regions: 1->1(21)
[2026-03-27T14:07:41.641+0900][45.774s][info][gc,heap     ] GC(792) Old regions: 1->1
[2026-03-27T14:07:41.641+0900][45.774s][info][gc,heap     ] GC(792) Archive regions: 0->0
[2026-03-27T14:07:41.641+0900][45.774s][info][gc,heap     ] GC(792) Humongous regions: 291->290
[2026-03-27T14:07:41.641+0900][45.774s][info][gc,metaspace] GC(792) Metaspace: 166K(384K)->166K(384K) NonClass: 157K(256K)->157K(256K) Class: 9K(128K)->9K(128K)
[2026-03-27T14:07:41.641+0900][45.774s][info][gc          ] GC(792) Pause Young (Concurrent Start) (G1 Humongous Allocation) 292M->290M(512M) 2.819ms
[2026-03-27T14:07:41.641+0900][45.774s][info][gc,cpu      ] GC(792) User=0.00s Sys=0.00s Real=0.00s
[2026-03-27T14:07:41.641+0900][45.774s][info][gc          ] GC(793) Concurrent Mark Cycle
[2026-03-27T14:07:41.641+0900][45.775s][info][gc,marking  ] GC(793) Concurrent Clear Claimed Marks
[2026-03-27T14:07:41.641+0900][45.775s][info][gc,marking  ] GC(793) Concurrent Clear Claimed Marks 0.057ms
[2026-03-27T14:07:41.641+0900][45.775s][info][gc,marking  ] GC(793) Concurrent Scan Root Regions
[2026-03-27T14:07:41.641+0900][45.775s][info][gc,marking  ] GC(793) Concurrent Scan Root Regions 0.211ms
[2026-03-27T14:07:41.641+0900][45.775s][info][gc,marking  ] GC(793) Concurrent Mark
[2026-03-27T14:07:41.641+0900][45.775s][info][gc,marking  ] GC(793) Concurrent Mark From Roots
[2026-03-27T14:07:41.641+0900][45.775s][info][gc,task     ] GC(793) Using 2 workers of 2 for marking
[2026-03-27T14:07:41.641+0900][45.777s][info][gc,marking  ] GC(793) Concurrent Mark From Roots 1.493ms
[2026-03-27T14:07:41.641+0900][45.777s][info][gc,marking  ] GC(793) Concurrent Preclean
[2026-03-27T14:07:41.641+0900][45.777s][info][gc,marking  ] GC(793) Concurrent Preclean 0.032ms
[2026-03-27T14:07:41.641+0900][45.777s][info][gc,start    ] GC(793) Pause Remark
[2026-03-27T14:07:41.641+0900][45.778s][info][gc          ] GC(793) Pause Remark 293M->293M(512M) 1.051ms
[2026-03-27T14:07:41.641+0900][45.778s][info][gc,cpu      ] GC(793) User=0.00s Sys=0.00s Real=0.00s
[2026-03-27T14:07:41.641+0900][45.778s][info][gc,marking  ] GC(793) Concurrent Mark 3.237ms
[2026-03-27T14:07:41.641+0900][45.778s][info][gc,marking  ] GC(793) Concurrent Rebuild Remembered Sets
[2026-03-27T14:07:41.641+0900][45.779s][info][gc,marking  ] GC(793) Concurrent Rebuild Remembered Sets 0.905ms
[2026-03-27T14:07:41.641+0900][45.780s][info][gc,start    ] GC(793) Pause Cleanup
[2026-03-27T14:07:41.641+0900][45.780s][info][gc          ] GC(793) Pause Cleanup 293M->293M(512M) 0.236ms
[2026-03-27T14:07:41.641+0900][45.780s][info][gc,cpu      ] GC(793) User=0.00s Sys=0.00s Real=0.00s
[2026-03-27T14:07:41.641+0900][45.780s][info][gc,marking  ] GC(793) Concurrent Cleanup for Next Mark
[2026-03-27T14:07:41.641+0900][45.781s][info][gc,marking  ] GC(793) Concurrent Cleanup for Next Mark 0.559ms
[2026-03-27T14:07:41.641+0900][45.781s][info][gc          ] GC(793) Concurrent Mark Cycle 6.138ms
[2026-03-27T14:07:41.695+0900][45.826s][info][gc,start    ] GC(794) Pause Young (Concurrent Start) (G1 Humongous Allocation)
[2026-03-27T14:07:41.695+0900][45.826s][info][gc,task     ] GC(794) Using 8 workers of 8 for evacuation
[2026-03-27T14:07:41.696+0900][45.826s][info][gc,phases   ] GC(794)   Pre Evacuate Collection Set: 0.1ms
[2026-03-27T14:07:41.696+0900][45.826s][info][gc,phases   ] GC(794)   Merge Heap Roots: 0.1ms
[2026-03-27T14:07:41.696+0900][45.826s][info][gc,phases   ] GC(794)   Evacuate Collection Set: 0.1ms
[2026-03-27T14:07:41.696+0900][45.826s][info][gc,phases   ] GC(794)   Post Evacuate Collection Set: 0.1ms
[2026-03-27T14:07:41.696+0900][45.826s][info][gc,phases   ] GC(794)   Other: 0.1ms
[2026-03-27T14:07:41.696+0900][45.826s][info][gc,heap     ] GC(794) Eden regions: 1->0(165)
[2026-03-27T14:07:41.696+0900][45.826s][info][gc,heap     ] GC(794) Survivor regions: 1->1(21)
[2026-03-27T14:07:41.696+0900][45.826s][info][gc,heap     ] GC(794) Old regions: 1->1
[2026-03-27T14:07:41.696+0900][45.826s][info][gc,heap     ] GC(794) Archive regions: 0->0
[2026-03-27T14:07:41.696+0900][45.826s][info][gc,heap     ] GC(794) Humongous regions: 293->292
[2026-03-27T14:07:41.696+0900][45.827s][info][gc,metaspace] GC(794) Metaspace: 166K(384K)->166K(384K) NonClass: 157K(256K)->157K(256K) Class: 9K(128K)->9K(128K)
[2026-03-27T14:07:41.696+0900][45.827s][info][gc          ] GC(794) Pause Young (Concurrent Start) (G1 Humongous Allocation) 294M->292M(512M) 0.907ms
[2026-03-27T14:07:41.696+0900][45.827s][info][gc,cpu      ] GC(794) User=0.00s Sys=0.00s Real=0.00s
[2026-03-27T14:07:41.696+0900][45.827s][info][gc          ] GC(795) Concurrent Mark Cycle
[2026-03-27T14:07:41.696+0900][45.827s][info][gc,marking  ] GC(795) Concurrent Clear Claimed Marks
[2026-03-27T14:07:41.696+0900][45.827s][info][gc,marking  ] GC(795) Concurrent Clear Claimed Marks 0.017ms
[2026-03-27T14:07:41.696+0900][45.827s][info][gc,marking  ] GC(795) Concurrent Scan Root Regions
[2026-03-27T14:07:41.697+0900][45.827s][info][gc,marking  ] GC(795) Concurrent Scan Root Regions 0.041ms
[2026-03-27T14:07:41.697+0900][45.827s][info][gc,marking  ] GC(795) Concurrent Mark
[2026-03-27T14:07:41.697+0900][45.827s][info][gc,marking  ] GC(795) Concurrent Mark From Roots
[2026-03-27T14:07:41.697+0900][45.827s][info][gc,task     ] GC(795) Using 2 workers of 2 for marking
[2026-03-27T14:07:41.697+0900][45.828s][info][gc,marking  ] GC(795) Concurrent Mark From Roots 0.980ms
[2026-03-27T14:07:41.697+0900][45.828s][info][gc,marking  ] GC(795) Concurrent Preclean
[2026-03-27T14:07:41.697+0900][45.828s][info][gc,marking  ] GC(795) Concurrent Preclean 0.021ms
[2026-03-27T14:07:41.697+0900][45.828s][info][gc,start    ] GC(795) Pause Remark
[2026-03-27T14:07:41.697+0900][45.828s][info][gc          ] GC(795) Pause Remark 293M->293M(512M) 0.268ms
[2026-03-27T14:07:41.697+0900][45.828s][info][gc,cpu      ] GC(795) User=0.00s Sys=0.00s Real=0.00s
[2026-03-27T14:07:41.697+0900][45.828s][info][gc,marking  ] GC(795) Concurrent Mark 1.464ms
[2026-03-27T14:07:41.697+0900][45.828s][info][gc,marking  ] GC(795) Concurrent Rebuild Remembered Sets
[2026-03-27T14:07:41.697+0900][45.829s][info][gc,marking  ] GC(795) Concurrent Rebuild Remembered Sets 0.401ms
[2026-03-27T14:07:41.697+0900][45.829s][info][gc,start    ] GC(795) Pause Cleanup
[2026-03-27T14:07:41.697+0900][45.829s][info][gc          ] GC(795) Pause Cleanup 293M->293M(512M) 0.097ms
[2026-03-27T14:07:41.697+0900][45.829s][info][gc,cpu      ] GC(795) User=0.00s Sys=0.00s Real=0.00s
[2026-03-27T14:07:41.697+0900][45.829s][info][gc,marking  ] GC(795) Concurrent Cleanup for Next Mark
[2026-03-27T14:07:41.697+0900][45.829s][info][gc,marking  ] GC(795) Concurrent Cleanup for Next Mark 0.335ms
[2026-03-27T14:07:41.697+0900][45.829s][info][gc          ] GC(795) Concurrent Mark Cycle 2.643ms
[2026-03-27T14:07:41.758+0900][45.888s][info][gc,start    ] GC(796) Pause Young (Concurrent Start) (G1 Humongous Allocation)
[2026-03-27T14:07:41.759+0900][45.889s][info][gc,task     ] GC(796) Using 8 workers of 8 for evacuation
[2026-03-27T14:07:41.759+0900][45.889s][info][gc,phases   ] GC(796)   Pre Evacuate Collection Set: 0.1ms
[2026-03-27T14:07:41.759+0900][45.889s][info][gc,phases   ] GC(796)   Merge Heap Roots: 0.1ms
[2026-03-27T14:07:41.759+0900][45.889s][info][gc,phases   ] GC(796)   Evacuate Collection Set: 0.1ms
[2026-03-27T14:07:41.759+0900][45.889s][info][gc,phases   ] GC(796)   Post Evacuate Collection Set: 0.2ms
[2026-03-27T14:07:41.759+0900][45.889s][info][gc,phases   ] GC(796)   Other: 0.1ms
[2026-03-27T14:07:41.759+0900][45.889s][info][gc,heap     ] GC(796) Eden regions: 1->0(165)
[2026-03-27T14:07:41.759+0900][45.889s][info][gc,heap     ] GC(796) Survivor regions: 1->1(21)
[2026-03-27T14:07:41.759+0900][45.889s][info][gc,heap     ] GC(796) Old regions: 1->1
[2026-03-27T14:07:41.759+0900][45.889s][info][gc,heap     ] GC(796) Archive regions: 0->0
[2026-03-27T14:07:41.759+0900][45.889s][info][gc,heap     ] GC(796) Humongous regions: 293->292
[2026-03-27T14:07:41.759+0900][45.889s][info][gc,metaspace] GC(796) Metaspace: 166K(384K)->166K(384K) NonClass: 157K(256K)->157K(256K) Class: 9K(128K)->9K(128K)
[2026-03-27T14:07:41.759+0900][45.889s][info][gc          ] GC(796) Pause Young (Concurrent Start) (G1 Humongous Allocation) 294M->292M(512M) 0.848ms
[2026-03-27T14:07:41.759+0900][45.889s][info][gc,cpu      ] GC(796) User=0.00s Sys=0.00s Real=0.00s
[2026-03-27T14:07:41.759+0900][45.889s][info][gc          ] GC(797) Concurrent Mark Cycle
[2026-03-27T14:07:41.759+0900][45.889s][info][gc,marking  ] GC(797) Concurrent Clear Claimed Marks
[2026-03-27T14:07:41.759+0900][45.889s][info][gc,marking  ] GC(797) Concurrent Clear Claimed Marks 0.013ms
[2026-03-27T14:07:41.759+0900][45.889s][info][gc,marking  ] GC(797) Concurrent Scan Root Regions
[2026-03-27T14:07:41.759+0900][45.889s][info][gc,marking  ] GC(797) Concurrent Scan Root Regions 0.049ms
[2026-03-27T14:07:41.759+0900][45.889s][info][gc,marking  ] GC(797) Concurrent Mark
[2026-03-27T14:07:41.759+0900][45.889s][info][gc,marking  ] GC(797) Concurrent Mark From Roots
[2026-03-27T14:07:41.759+0900][45.890s][info][gc,task     ] GC(797) Using 2 workers of 2 for marking
[2026-03-27T14:07:41.759+0900][45.890s][info][gc,marking  ] GC(797) Concurrent Mark From Roots 0.832ms
[2026-03-27T14:07:41.759+0900][45.890s][info][gc,marking  ] GC(797) Concurrent Preclean
[2026-03-27T14:07:41.759+0900][45.890s][info][gc,marking  ] GC(797) Concurrent Preclean 0.017ms
[2026-03-27T14:07:41.759+0900][45.891s][info][gc,start    ] GC(797) Pause Remark
[2026-03-27T14:07:41.759+0900][45.891s][info][gc          ] GC(797) Pause Remark 293M->293M(512M) 0.583ms
[2026-03-27T14:07:41.759+0900][45.891s][info][gc,cpu      ] GC(797) User=0.00s Sys=0.00s Real=0.00s
[2026-03-27T14:07:41.759+0900][45.891s][info][gc,marking  ] GC(797) Concurrent Mark 1.788ms
[2026-03-27T14:07:41.759+0900][45.891s][info][gc,marking  ] GC(797) Concurrent Rebuild Remembered Sets
[2026-03-27T14:07:41.762+0900][45.892s][info][gc,marking  ] GC(797) Concurrent Rebuild Remembered Sets 0.376ms
[2026-03-27T14:07:41.762+0900][45.892s][info][gc,start    ] GC(797) Pause Cleanup
[2026-03-27T14:07:41.762+0900][45.892s][info][gc          ] GC(797) Pause Cleanup 293M->293M(512M) 0.126ms
[2026-03-27T14:07:41.762+0900][45.892s][info][gc,cpu      ] GC(797) User=0.00s Sys=0.00s Real=0.00s
[2026-03-27T14:07:41.762+0900][45.892s][info][gc,marking  ] GC(797) Concurrent Cleanup for Next Mark
[2026-03-27T14:07:41.762+0900][45.892s][info][gc,marking  ] GC(797) Concurrent Cleanup for Next Mark 0.303ms
[2026-03-27T14:07:41.762+0900][45.892s][info][gc          ] GC(797) Concurrent Mark Cycle 3.082ms
[2026-03-27T14:07:41.822+0900][45.952s][info][gc,start    ] GC(798) Pause Young (Concurrent Start) (G1 Humongous Allocation)
[2026-03-27T14:07:41.822+0900][45.952s][info][gc,task     ] GC(798) Using 8 workers of 8 for evacuation
[2026-03-27T14:07:41.822+0900][45.952s][info][gc,phases   ] GC(798)   Pre Evacuate Collection Set: 0.1ms
[2026-03-27T14:07:41.822+0900][45.953s][info][gc,phases   ] GC(798)   Merge Heap Roots: 0.1ms
[2026-03-27T14:07:41.822+0900][45.953s][info][gc,phases   ] GC(798)   Evacuate Collection Set: 0.1ms
[2026-03-27T14:07:41.822+0900][45.953s][info][gc,phases   ] GC(798)   Post Evacuate Collection Set: 0.4ms
[2026-03-27T14:07:41.822+0900][45.953s][info][gc,phases   ] GC(798)   Other: 0.1ms
[2026-03-27T14:07:41.822+0900][45.953s][info][gc,heap     ] GC(798) Eden regions: 1->0(165)
[2026-03-27T14:07:41.822+0900][45.953s][info][gc,heap     ] GC(798) Survivor regions: 1->1(21)
[2026-03-27T14:07:41.822+0900][45.953s][info][gc,heap     ] GC(798) Old regions: 1->1
[2026-03-27T14:07:41.822+0900][45.953s][info][gc,heap     ] GC(798) Archive regions: 0->0
[2026-03-27T14:07:41.822+0900][45.953s][info][gc,heap     ] GC(798) Humongous regions: 293->292
[2026-03-27T14:07:41.822+0900][45.953s][info][gc,metaspace] GC(798) Metaspace: 166K(384K)->166K(384K) NonClass: 157K(256K)->157K(256K) Class: 9K(128K)->9K(128K)
[2026-03-27T14:07:41.822+0900][45.953s][info][gc          ] GC(798) Pause Young (Concurrent Start) (G1 Humongous Allocation) 294M->292M(512M) 1.046ms
[2026-03-27T14:07:41.822+0900][45.953s][info][gc,cpu      ] GC(798) User=0.00s Sys=0.00s Real=0.00s
[2026-03-27T14:07:41.822+0900][45.953s][info][gc          ] GC(799) Concurrent Mark Cycle
[2026-03-27T14:07:41.822+0900][45.953s][info][gc,marking  ] GC(799) Concurrent Clear Claimed Marks
[2026-03-27T14:07:41.822+0900][45.953s][info][gc,marking  ] GC(799) Concurrent Clear Claimed Marks 0.017ms
[2026-03-27T14:07:41.822+0900][45.953s][info][gc,marking  ] GC(799) Concurrent Scan Root Regions
[2026-03-27T14:07:41.822+0900][45.953s][info][gc,marking  ] GC(799) Concurrent Scan Root Regions 0.028ms
[2026-03-27T14:07:41.822+0900][45.953s][info][gc,marking  ] GC(799) Concurrent Mark
[2026-03-27T14:07:41.822+0900][45.953s][info][gc,marking  ] GC(799) Concurrent Mark From Roots
[2026-03-27T14:07:41.822+0900][45.953s][info][gc,task     ] GC(799) Using 2 workers of 2 for marking
[2026-03-27T14:07:41.822+0900][45.953s][info][gc,marking  ] GC(799) Concurrent Mark From Roots 0.665ms
[2026-03-27T14:07:41.822+0900][45.954s][info][gc,marking  ] GC(799) Concurrent Preclean
[2026-03-27T14:07:41.822+0900][45.954s][info][gc,marking  ] GC(799) Concurrent Preclean 0.013ms
[2026-03-27T14:07:41.822+0900][45.954s][info][gc,start    ] GC(799) Pause Remark
[2026-03-27T14:07:41.822+0900][45.954s][info][gc          ] GC(799) Pause Remark 293M->293M(512M) 0.245ms
[2026-03-27T14:07:41.822+0900][45.954s][info][gc,cpu      ] GC(799) User=0.00s Sys=0.00s Real=0.00s
[2026-03-27T14:07:41.822+0900][45.954s][info][gc,marking  ] GC(799) Concurrent Mark 1.106ms
[2026-03-27T14:07:41.822+0900][45.954s][info][gc,marking  ] GC(799) Concurrent Rebuild Remembered Sets
[2026-03-27T14:07:41.822+0900][45.954s][info][gc,marking  ] GC(799) Concurrent Rebuild Remembered Sets 0.343ms
[2026-03-27T14:07:41.822+0900][45.954s][info][gc,start    ] GC(799) Pause Cleanup
[2026-03-27T14:07:41.822+0900][45.954s][info][gc          ] GC(799) Pause Cleanup 293M->293M(512M) 0.068ms
[2026-03-27T14:07:41.822+0900][45.954s][info][gc,cpu      ] GC(799) User=0.00s Sys=0.00s Real=0.00s
[2026-03-27T14:07:41.822+0900][45.954s][info][gc,marking  ] GC(799) Concurrent Cleanup for Next Mark
[2026-03-27T14:07:41.822+0900][45.955s][info][gc,marking  ] GC(799) Concurrent Cleanup for Next Mark 0.239ms
[2026-03-27T14:07:41.822+0900][45.955s][info][gc          ] GC(799) Concurrent Mark Cycle 2.091ms
[2026-03-27T14:07:41.874+0900][46.004s][info][gc,start    ] GC(800) Pause Young (Concurrent Start) (G1 Humongous Allocation)
[2026-03-27T14:07:41.874+0900][46.004s][info][gc,task     ] GC(800) Using 8 workers of 8 for evacuation
[2026-03-27T14:07:41.875+0900][46.005s][info][gc,phases   ] GC(800)   Pre Evacuate Collection Set: 0.1ms
[2026-03-27T14:07:41.875+0900][46.005s][info][gc,phases   ] GC(800)   Merge Heap Roots: 0.1ms
[2026-03-27T14:07:41.875+0900][46.005s][info][gc,phases   ] GC(800)   Evacuate Collection Set: 0.1ms
[2026-03-27T14:07:41.875+0900][46.005s][info][gc,phases   ] GC(800)   Post Evacuate Collection Set: 0.1ms
[2026-03-27T14:07:41.875+0900][46.005s][info][gc,phases   ] GC(800)   Other: 0.1ms
[2026-03-27T14:07:41.875+0900][46.005s][info][gc,heap     ] GC(800) Eden regions: 1->0(165)
[2026-03-27T14:07:41.875+0900][46.005s][info][gc,heap     ] GC(800) Survivor regions: 1->1(21)
[2026-03-27T14:07:41.875+0900][46.005s][info][gc,heap     ] GC(800) Old regions: 1->1
[2026-03-27T14:07:41.875+0900][46.005s][info][gc,heap     ] GC(800) Archive regions: 0->0
[2026-03-27T14:07:41.875+0900][46.005s][info][gc,heap     ] GC(800) Humongous regions: 293->292
[2026-03-27T14:07:41.875+0900][46.005s][info][gc,metaspace] GC(800) Metaspace: 166K(384K)->166K(384K) NonClass: 157K(256K)->157K(256K) Class: 9K(128K)->9K(128K)
[2026-03-27T14:07:41.875+0900][46.005s][info][gc          ] GC(800) Pause Young (Concurrent Start) (G1 Humongous Allocation) 294M->292M(512M) 0.893ms
[2026-03-27T14:07:41.875+0900][46.005s][info][gc,cpu      ] GC(800) User=0.00s Sys=0.00s Real=0.00s
[2026-03-27T14:07:41.875+0900][46.005s][info][gc          ] GC(801) Concurrent Mark Cycle
[2026-03-27T14:07:41.875+0900][46.005s][info][gc,marking  ] GC(801) Concurrent Clear Claimed Marks
[2026-03-27T14:07:41.875+0900][46.005s][info][gc,marking  ] GC(801) Concurrent Clear Claimed Marks 0.019ms
[2026-03-27T14:07:41.875+0900][46.005s][info][gc,marking  ] GC(801) Concurrent Scan Root Regions
[2026-03-27T14:07:41.875+0900][46.005s][info][gc,marking  ] GC(801) Concurrent Scan Root Regions 0.035ms
[2026-03-27T14:07:41.875+0900][46.005s][info][gc,marking  ] GC(801) Concurrent Mark
[2026-03-27T14:07:41.875+0900][46.005s][info][gc,marking  ] GC(801) Concurrent Mark From Roots
[2026-03-27T14:07:41.875+0900][46.005s][info][gc,task     ] GC(801) Using 2 workers of 2 for marking
[2026-03-27T14:07:41.875+0900][46.006s][info][gc,marking  ] GC(801) Concurrent Mark From Roots 0.940ms
[2026-03-27T14:07:41.875+0900][46.006s][info][gc,marking  ] GC(801) Concurrent Preclean
[2026-03-27T14:07:41.875+0900][46.006s][info][gc,marking  ] GC(801) Concurrent Preclean 0.022ms
[2026-03-27T14:07:41.875+0900][46.006s][info][gc,start    ] GC(801) Pause Remark
[2026-03-27T14:07:41.877+0900][46.007s][info][gc          ] GC(801) Pause Remark 293M->293M(512M) 0.312ms
[2026-03-27T14:07:41.877+0900][46.007s][info][gc,cpu      ] GC(801) User=0.00s Sys=0.00s Real=0.00s
[2026-03-27T14:07:41.877+0900][46.007s][info][gc,marking  ] GC(801) Concurrent Mark 1.478ms
[2026-03-27T14:07:41.877+0900][46.007s][info][gc,marking  ] GC(801) Concurrent Rebuild Remembered Sets
[2026-03-27T14:07:41.877+0900][46.007s][info][gc,marking  ] GC(801) Concurrent Rebuild Remembered Sets 0.459ms
[2026-03-27T14:07:41.877+0900][46.007s][info][gc,start    ] GC(801) Pause Cleanup
[2026-03-27T14:07:41.877+0900][46.007s][info][gc          ] GC(801) Pause Cleanup 293M->293M(512M) 0.095ms
[2026-03-27T14:07:41.877+0900][46.007s][info][gc,cpu      ] GC(801) User=0.00s Sys=0.00s Real=0.00s
[2026-03-27T14:07:41.877+0900][46.007s][info][gc,marking  ] GC(801) Concurrent Cleanup for Next Mark
[2026-03-27T14:07:41.877+0900][46.008s][info][gc,marking  ] GC(801) Concurrent Cleanup for Next Mark 0.421ms
[2026-03-27T14:07:41.878+0900][46.008s][info][gc          ] GC(801) Concurrent Mark Cycle 2.816ms
[2026-03-27T14:07:41.928+0900][46.058s][info][gc,start    ] GC(802) Pause Young (Concurrent Start) (G1 Humongous Allocation)
[2026-03-27T14:07:41.928+0900][46.058s][info][gc,task     ] GC(802) Using 8 workers of 8 for evacuation
[2026-03-27T14:07:41.928+0900][46.059s][info][gc,phases   ] GC(802)   Pre Evacuate Collection Set: 0.1ms
[2026-03-27T14:07:41.928+0900][46.059s][info][gc,phases   ] GC(802)   Merge Heap Roots: 0.2ms
[2026-03-27T14:07:41.928+0900][46.059s][info][gc,phases   ] GC(802)   Evacuate Collection Set: 0.1ms
[2026-03-27T14:07:41.928+0900][46.059s][info][gc,phases   ] GC(802)   Post Evacuate Collection Set: 0.4ms
[2026-03-27T14:07:41.928+0900][46.059s][info][gc,phases   ] GC(802)   Other: 0.1ms
[2026-03-27T14:07:41.928+0900][46.059s][info][gc,heap     ] GC(802) Eden regions: 1->0(165)
[2026-03-27T14:07:41.928+0900][46.059s][info][gc,heap     ] GC(802) Survivor regions: 1->1(21)
[2026-03-27T14:07:41.928+0900][46.059s][info][gc,heap     ] GC(802) Old regions: 1->1
[2026-03-27T14:07:41.928+0900][46.059s][info][gc,heap     ] GC(802) Archive regions: 0->0
[2026-03-27T14:07:41.928+0900][46.059s][info][gc,heap     ] GC(802) Humongous regions: 293->292
[2026-03-27T14:07:41.928+0900][46.059s][info][gc,metaspace] GC(802) Metaspace: 166K(384K)->166K(384K) NonClass: 157K(256K)->157K(256K) Class: 9K(128K)->9K(128K)
[2026-03-27T14:07:41.928+0900][46.059s][info][gc          ] GC(802) Pause Young (Concurrent Start) (G1 Humongous Allocation) 294M->292M(512M) 1.062ms
[2026-03-27T14:07:41.928+0900][46.059s][info][gc,cpu      ] GC(802) User=0.00s Sys=0.00s Real=0.00s
[2026-03-27T14:07:41.928+0900][46.059s][info][gc          ] GC(803) Concurrent Mark Cycle
[2026-03-27T14:07:41.928+0900][46.059s][info][gc,marking  ] GC(803) Concurrent Clear Claimed Marks
[2026-03-27T14:07:41.928+0900][46.059s][info][gc,marking  ] GC(803) Concurrent Clear Claimed Marks 0.021ms
[2026-03-27T14:07:41.928+0900][46.059s][info][gc,marking  ] GC(803) Concurrent Scan Root Regions
[2026-03-27T14:07:41.928+0900][46.059s][info][gc,marking  ] GC(803) Concurrent Scan Root Regions 0.092ms
[2026-03-27T14:07:41.928+0900][46.059s][info][gc,marking  ] GC(803) Concurrent Mark
[2026-03-27T14:07:41.928+0900][46.059s][info][gc,marking  ] GC(803) Concurrent Mark From Roots
[2026-03-27T14:07:41.928+0900][46.059s][info][gc,task     ] GC(803) Using 2 workers of 2 for marking
[2026-03-27T14:07:41.928+0900][46.061s][info][gc,marking  ] GC(803) Concurrent Mark From Roots 1.074ms
[2026-03-27T14:07:41.928+0900][46.061s][info][gc,marking  ] GC(803) Concurrent Preclean
[2026-03-27T14:07:41.928+0900][46.061s][info][gc,marking  ] GC(803) Concurrent Preclean 0.021ms
[2026-03-27T14:07:41.928+0900][46.061s][info][gc,start    ] GC(803) Pause Remark
[2026-03-27T14:07:41.928+0900][46.061s][info][gc          ] GC(803) Pause Remark 295M->295M(512M) 0.325ms
[2026-03-27T14:07:41.928+0900][46.061s][info][gc,cpu      ] GC(803) User=0.00s Sys=0.00s Real=0.00s
[2026-03-27T14:07:41.928+0900][46.061s][info][gc,marking  ] GC(803) Concurrent Mark 1.621ms
[2026-03-27T14:07:41.928+0900][46.061s][info][gc,marking  ] GC(803) Concurrent Rebuild Remembered Sets
[2026-03-27T14:07:41.928+0900][46.061s][info][gc,marking  ] GC(803) Concurrent Rebuild Remembered Sets 0.403ms
[2026-03-27T14:07:41.928+0900][46.062s][info][gc,start    ] GC(803) Pause Cleanup
[2026-03-27T14:07:41.928+0900][46.062s][info][gc          ] GC(803) Pause Cleanup 295M->295M(512M) 0.095ms
[2026-03-27T14:07:41.928+0900][46.062s][info][gc,cpu      ] GC(803) User=0.00s Sys=0.00s Real=0.00s
[2026-03-27T14:07:41.928+0900][46.062s][info][gc,marking  ] GC(803) Concurrent Cleanup for Next Mark
[2026-03-27T14:07:41.928+0900][46.062s][info][gc,marking  ] GC(803) Concurrent Cleanup for Next Mark 0.219ms
[2026-03-27T14:07:41.928+0900][46.062s][info][gc          ] GC(803) Concurrent Mark Cycle 2.829ms
[2026-03-27T14:07:41.980+0900][46.110s][info][gc,start    ] GC(804) Pause Young (Concurrent Start) (G1 Humongous Allocation)
[2026-03-27T14:07:41.980+0900][46.110s][info][gc,task     ] GC(804) Using 8 workers of 8 for evacuation
[2026-03-27T14:07:41.980+0900][46.111s][info][gc,phases   ] GC(804)   Pre Evacuate Collection Set: 0.1ms
[2026-03-27T14:07:41.980+0900][46.111s][info][gc,phases   ] GC(804)   Merge Heap Roots: 0.2ms
[2026-03-27T14:07:41.980+0900][46.111s][info][gc,phases   ] GC(804)   Evacuate Collection Set: 0.1ms
[2026-03-27T14:07:41.980+0900][46.111s][info][gc,phases   ] GC(804)   Post Evacuate Collection Set: 0.1ms
[2026-03-27T14:07:41.980+0900][46.111s][info][gc,phases   ] GC(804)   Other: 0.1ms
[2026-03-27T14:07:41.980+0900][46.111s][info][gc,heap     ] GC(804) Eden regions: 1->0(163)
[2026-03-27T14:07:41.980+0900][46.111s][info][gc,heap     ] GC(804) Survivor regions: 1->1(21)
[2026-03-27T14:07:41.981+0900][46.111s][info][gc,heap     ] GC(804) Old regions: 1->1
[2026-03-27T14:07:41.981+0900][46.111s][info][gc,heap     ] GC(804) Archive regions: 0->0
[2026-03-27T14:07:41.981+0900][46.111s][info][gc,heap     ] GC(804) Humongous regions: 295->294
[2026-03-27T14:07:41.981+0900][46.111s][info][gc,metaspace] GC(804) Metaspace: 166K(384K)->166K(384K) NonClass: 157K(256K)->157K(256K) Class: 9K(128K)->9K(128K)
[2026-03-27T14:07:41.981+0900][46.111s][info][gc          ] GC(804) Pause Young (Concurrent Start) (G1 Humongous Allocation) 296M->294M(512M) 1.006ms
[2026-03-27T14:07:41.981+0900][46.111s][info][gc,cpu      ] GC(804) User=0.00s Sys=0.00s Real=0.00s
[2026-03-27T14:07:41.981+0900][46.111s][info][gc          ] GC(805) Concurrent Mark Cycle
[2026-03-27T14:07:41.981+0900][46.111s][info][gc,marking  ] GC(805) Concurrent Clear Claimed Marks
[2026-03-27T14:07:41.981+0900][46.111s][info][gc,marking  ] GC(805) Concurrent Clear Claimed Marks 0.018ms
[2026-03-27T14:07:41.981+0900][46.111s][info][gc,marking  ] GC(805) Concurrent Scan Root Regions
[2026-03-27T14:07:41.981+0900][46.111s][info][gc,marking  ] GC(805) Concurrent Scan Root Regions 0.033ms
[2026-03-27T14:07:41.981+0900][46.111s][info][gc,marking  ] GC(805) Concurrent Mark
[2026-03-27T14:07:41.981+0900][46.111s][info][gc,marking  ] GC(805) Concurrent Mark From Roots
[2026-03-27T14:07:41.981+0900][46.111s][info][gc,task     ] GC(805) Using 2 workers of 2 for marking
[2026-03-27T14:07:41.981+0900][46.112s][info][gc,marking  ] GC(805) Concurrent Mark From Roots 0.668ms
[2026-03-27T14:07:41.981+0900][46.112s][info][gc,marking  ] GC(805) Concurrent Preclean
[2026-03-27T14:07:41.981+0900][46.112s][info][gc,marking  ] GC(805) Concurrent Preclean 0.013ms
[2026-03-27T14:07:41.981+0900][46.112s][info][gc,start    ] GC(805) Pause Remark
[2026-03-27T14:07:41.981+0900][46.112s][info][gc          ] GC(805) Pause Remark 295M->295M(512M) 0.480ms
[2026-03-27T14:07:41.981+0900][46.112s][info][gc,cpu      ] GC(805) User=0.00s Sys=0.00s Real=0.00s
[2026-03-27T14:07:41.981+0900][46.112s][info][gc,marking  ] GC(805) Concurrent Mark 1.390ms
[2026-03-27T14:07:41.981+0900][46.112s][info][gc,marking  ] GC(805) Concurrent Rebuild Remembered Sets
[2026-03-27T14:07:41.981+0900][46.113s][info][gc,marking  ] GC(805) Concurrent Rebuild Remembered Sets 0.627ms
[2026-03-27T14:07:41.981+0900][46.113s][info][gc,start    ] GC(805) Pause Cleanup
[2026-03-27T14:07:41.981+0900][46.113s][info][gc          ] GC(805) Pause Cleanup 295M->295M(512M) 0.106ms
[2026-03-27T14:07:41.981+0900][46.113s][info][gc,cpu      ] GC(805) User=0.00s Sys=0.00s Real=0.00s
[2026-03-27T14:07:41.981+0900][46.113s][info][gc,marking  ] GC(805) Concurrent Cleanup for Next Mark
[2026-03-27T14:07:41.981+0900][46.114s][info][gc,marking  ] GC(805) Concurrent Cleanup for Next Mark 0.279ms
[2026-03-27T14:07:41.981+0900][46.114s][info][gc          ] GC(805) Concurrent Mark Cycle 2.914ms
[2026-03-27T14:07:42.044+0900][46.174s][info][gc,start    ] GC(806) Pause Young (Concurrent Start) (G1 Humongous Allocation)
[2026-03-27T14:07:42.044+0900][46.174s][info][gc,task     ] GC(806) Using 8 workers of 8 for evacuation
[2026-03-27T14:07:42.045+0900][46.175s][info][gc,phases   ] GC(806)   Pre Evacuate Collection Set: 0.1ms
[2026-03-27T14:07:42.045+0900][46.175s][info][gc,phases   ] GC(806)   Merge Heap Roots: 0.2ms
[2026-03-27T14:07:42.045+0900][46.175s][info][gc,phases   ] GC(806)   Evacuate Collection Set: 0.2ms
[2026-03-27T14:07:42.045+0900][46.175s][info][gc,phases   ] GC(806)   Post Evacuate Collection Set: 0.4ms
[2026-03-27T14:07:42.045+0900][46.175s][info][gc,phases   ] GC(806)   Other: 0.1ms
[2026-03-27T14:07:42.045+0900][46.175s][info][gc,heap     ] GC(806) Eden regions: 1->0(163)
[2026-03-27T14:07:42.045+0900][46.175s][info][gc,heap     ] GC(806) Survivor regions: 1->1(21)
[2026-03-27T14:07:42.045+0900][46.175s][info][gc,heap     ] GC(806) Old regions: 1->1
[2026-03-27T14:07:42.045+0900][46.175s][info][gc,heap     ] GC(806) Archive regions: 0->0
[2026-03-27T14:07:42.045+0900][46.175s][info][gc,heap     ] GC(806) Humongous regions: 295->294
[2026-03-27T14:07:42.045+0900][46.175s][info][gc,metaspace] GC(806) Metaspace: 166K(384K)->166K(384K) NonClass: 157K(256K)->157K(256K) Class: 9K(128K)->9K(128K)
[2026-03-27T14:07:42.045+0900][46.175s][info][gc          ] GC(806) Pause Young (Concurrent Start) (G1 Humongous Allocation) 296M->294M(512M) 1.308ms
[2026-03-27T14:07:42.045+0900][46.175s][info][gc,cpu      ] GC(806) User=0.00s Sys=0.00s Real=0.00s
[2026-03-27T14:07:42.045+0900][46.176s][info][gc          ] GC(807) Concurrent Mark Cycle
[2026-03-27T14:07:42.045+0900][46.176s][info][gc,marking  ] GC(807) Concurrent Clear Claimed Marks
[2026-03-27T14:07:42.045+0900][46.176s][info][gc,marking  ] GC(807) Concurrent Clear Claimed Marks 0.018ms
[2026-03-27T14:07:42.045+0900][46.176s][info][gc,marking  ] GC(807) Concurrent Scan Root Regions
[2026-03-27T14:07:42.045+0900][46.176s][info][gc,marking  ] GC(807) Concurrent Scan Root Regions 0.114ms
[2026-03-27T14:07:42.045+0900][46.176s][info][gc,marking  ] GC(807) Concurrent Mark
[2026-03-27T14:07:42.045+0900][46.176s][info][gc,marking  ] GC(807) Concurrent Mark From Roots
[2026-03-27T14:07:42.045+0900][46.176s][info][gc,task     ] GC(807) Using 2 workers of 2 for marking
[2026-03-27T14:07:42.045+0900][46.177s][info][gc,marking  ] GC(807) Concurrent Mark From Roots 0.809ms
[2026-03-27T14:07:42.045+0900][46.177s][info][gc,marking  ] GC(807) Concurrent Preclean
[2026-03-27T14:07:42.045+0900][46.177s][info][gc,marking  ] GC(807) Concurrent Preclean 0.013ms
[2026-03-27T14:07:42.045+0900][46.177s][info][gc,start    ] GC(807) Pause Remark
[2026-03-27T14:07:42.045+0900][46.177s][info][gc          ] GC(807) Pause Remark 295M->295M(512M) 0.559ms
[2026-03-27T14:07:42.045+0900][46.177s][info][gc,cpu      ] GC(807) User=0.00s Sys=0.00s Real=0.00s
[2026-03-27T14:07:42.045+0900][46.178s][info][gc,marking  ] GC(807) Concurrent Mark 1.748ms
[2026-03-27T14:07:42.045+0900][46.178s][info][gc,marking  ] GC(807) Concurrent Rebuild Remembered Sets
[2026-03-27T14:07:42.045+0900][46.178s][info][gc,marking  ] GC(807) Concurrent Rebuild Remembered Sets 0.424ms
[2026-03-27T14:07:42.045+0900][46.178s][info][gc,start    ] GC(807) Pause Cleanup
[2026-03-27T14:07:42.045+0900][46.178s][info][gc          ] GC(807) Pause Cleanup 295M->295M(512M) 0.115ms
[2026-03-27T14:07:42.045+0900][46.178s][info][gc,cpu      ] GC(807) User=0.00s Sys=0.00s Real=0.00s
[2026-03-27T14:07:42.045+0900][46.178s][info][gc,marking  ] GC(807) Concurrent Cleanup for Next Mark
[2026-03-27T14:07:42.045+0900][46.179s][info][gc,marking  ] GC(807) Concurrent Cleanup for Next Mark 0.239ms
[2026-03-27T14:07:42.045+0900][46.179s][info][gc          ] GC(807) Concurrent Mark Cycle 3.123ms
[2026-03-27T14:07:42.109+0900][46.239s][info][gc,start    ] GC(808) Pause Young (Concurrent Start) (G1 Humongous Allocation)
[2026-03-27T14:07:42.109+0900][46.239s][info][gc,task     ] GC(808) Using 8 workers of 8 for evacuation
[2026-03-27T14:07:42.109+0900][46.240s][info][gc,phases   ] GC(808)   Pre Evacuate Collection Set: 0.1ms
[2026-03-27T14:07:42.109+0900][46.240s][info][gc,phases   ] GC(808)   Merge Heap Roots: 0.2ms
[2026-03-27T14:07:42.109+0900][46.240s][info][gc,phases   ] GC(808)   Evacuate Collection Set: 0.1ms
[2026-03-27T14:07:42.109+0900][46.240s][info][gc,phases   ] GC(808)   Post Evacuate Collection Set: 0.4ms
[2026-03-27T14:07:42.109+0900][46.240s][info][gc,phases   ] GC(808)   Other: 0.1ms
[2026-03-27T14:07:42.109+0900][46.240s][info][gc,heap     ] GC(808) Eden regions: 1->0(163)
[2026-03-27T14:07:42.109+0900][46.240s][info][gc,heap     ] GC(808) Survivor regions: 1->1(21)
[2026-03-27T14:07:42.109+0900][46.240s][info][gc,heap     ] GC(808) Old regions: 1->1
[2026-03-27T14:07:42.109+0900][46.240s][info][gc,heap     ] GC(808) Archive regions: 0->0
[2026-03-27T14:07:42.109+0900][46.240s][info][gc,heap     ] GC(808) Humongous regions: 295->294
[2026-03-27T14:07:42.109+0900][46.240s][info][gc,metaspace] GC(808) Metaspace: 166K(384K)->166K(384K) NonClass: 157K(256K)->157K(256K) Class: 9K(128K)->9K(128K)
[2026-03-27T14:07:42.109+0900][46.240s][info][gc          ] GC(808) Pause Young (Concurrent Start) (G1 Humongous Allocation) 296M->294M(512M) 1.265ms
[2026-03-27T14:07:42.109+0900][46.240s][info][gc,cpu      ] GC(808) User=0.00s Sys=0.00s Real=0.00s
[2026-03-27T14:07:42.109+0900][46.240s][info][gc          ] GC(809) Concurrent Mark Cycle
[2026-03-27T14:07:42.109+0900][46.240s][info][gc,marking  ] GC(809) Concurrent Clear Claimed Marks
[2026-03-27T14:07:42.109+0900][46.240s][info][gc,marking  ] GC(809) Concurrent Clear Claimed Marks 0.013ms
[2026-03-27T14:07:42.109+0900][46.241s][info][gc,marking  ] GC(809) Concurrent Scan Root Regions
[2026-03-27T14:07:42.109+0900][46.241s][info][gc,marking  ] GC(809) Concurrent Scan Root Regions 0.130ms
[2026-03-27T14:07:42.109+0900][46.241s][info][gc,marking  ] GC(809) Concurrent Mark
[2026-03-27T14:07:42.109+0900][46.241s][info][gc,marking  ] GC(809) Concurrent Mark From Roots
[2026-03-27T14:07:42.109+0900][46.241s][info][gc,task     ] GC(809) Using 2 workers of 2 for marking
[2026-03-27T14:07:42.109+0900][46.242s][info][gc,marking  ] GC(809) Concurrent Mark From Roots 0.939ms
[2026-03-27T14:07:42.109+0900][46.242s][info][gc,marking  ] GC(809) Concurrent Preclean
[2026-03-27T14:07:42.109+0900][46.242s][info][gc,marking  ] GC(809) Concurrent Preclean 0.014ms
[2026-03-27T14:07:42.109+0900][46.242s][info][gc,start    ] GC(809) Pause Remark
[2026-03-27T14:07:42.109+0900][46.243s][info][gc          ] GC(809) Pause Remark 295M->295M(512M) 0.747ms
[2026-03-27T14:07:42.109+0900][46.243s][info][gc,cpu      ] GC(809) User=0.00s Sys=0.00s Real=0.00s
[2026-03-27T14:07:42.109+0900][46.243s][info][gc,marking  ] GC(809) Concurrent Mark 2.172ms
[2026-03-27T14:07:42.109+0900][46.243s][info][gc,marking  ] GC(809) Concurrent Rebuild Remembered Sets
[2026-03-27T14:07:42.109+0900][46.243s][info][gc,marking  ] GC(809) Concurrent Rebuild Remembered Sets 0.525ms
[2026-03-27T14:07:42.109+0900][46.244s][info][gc,start    ] GC(809) Pause Cleanup
[2026-03-27T14:07:42.109+0900][46.244s][info][gc          ] GC(809) Pause Cleanup 295M->295M(512M) 0.191ms
[2026-03-27T14:07:42.109+0900][46.244s][info][gc,cpu      ] GC(809) User=0.00s Sys=0.00s Real=0.00s
[2026-03-27T14:07:42.109+0900][46.244s][info][gc,marking  ] GC(809) Concurrent Cleanup for Next Mark
[2026-03-27T14:07:42.109+0900][46.244s][info][gc,marking  ] GC(809) Concurrent Cleanup for Next Mark 0.312ms
[2026-03-27T14:07:42.109+0900][46.244s][info][gc          ] GC(809) Concurrent Mark Cycle 3.936ms
[2026-03-27T14:07:42.172+0900][46.302s][info][gc,start    ] GC(810) Pause Young (Concurrent Start) (G1 Humongous Allocation)
[2026-03-27T14:07:42.172+0900][46.303s][info][gc,task     ] GC(810) Using 8 workers of 8 for evacuation
[2026-03-27T14:07:42.173+0900][46.304s][info][gc,phases   ] GC(810)   Pre Evacuate Collection Set: 0.1ms
[2026-03-27T14:07:42.173+0900][46.304s][info][gc,phases   ] GC(810)   Merge Heap Roots: 0.2ms
[2026-03-27T14:07:42.173+0900][46.304s][info][gc,phases   ] GC(810)   Evacuate Collection Set: 0.2ms
[2026-03-27T14:07:42.173+0900][46.304s][info][gc,phases   ] GC(810)   Post Evacuate Collection Set: 0.4ms
[2026-03-27T14:07:42.173+0900][46.304s][info][gc,phases   ] GC(810)   Other: 0.1ms
[2026-03-27T14:07:42.173+0900][46.304s][info][gc,heap     ] GC(810) Eden regions: 1->0(163)
[2026-03-27T14:07:42.173+0900][46.304s][info][gc,heap     ] GC(810) Survivor regions: 1->1(21)
[2026-03-27T14:07:42.173+0900][46.304s][info][gc,heap     ] GC(810) Old regions: 1->1
[2026-03-27T14:07:42.173+0900][46.304s][info][gc,heap     ] GC(810) Archive regions: 0->0
[2026-03-27T14:07:42.173+0900][46.304s][info][gc,heap     ] GC(810) Humongous regions: 295->294
[2026-03-27T14:07:42.173+0900][46.304s][info][gc,metaspace] GC(810) Metaspace: 166K(384K)->166K(384K) NonClass: 157K(256K)->157K(256K) Class: 9K(128K)->9K(128K)
[2026-03-27T14:07:42.173+0900][46.304s][info][gc          ] GC(810) Pause Young (Concurrent Start) (G1 Humongous Allocation) 296M->294M(512M) 1.359ms
[2026-03-27T14:07:42.173+0900][46.304s][info][gc,cpu      ] GC(810) User=0.00s Sys=0.00s Real=0.00s
[2026-03-27T14:07:42.173+0900][46.304s][info][gc          ] GC(811) Concurrent Mark Cycle
[2026-03-27T14:07:42.173+0900][46.304s][info][gc,marking  ] GC(811) Concurrent Clear Claimed Marks
[2026-03-27T14:07:42.173+0900][46.304s][info][gc,marking  ] GC(811) Concurrent Clear Claimed Marks 0.016ms
[2026-03-27T14:07:42.173+0900][46.304s][info][gc,marking  ] GC(811) Concurrent Scan Root Regions
[2026-03-27T14:07:42.173+0900][46.304s][info][gc,marking  ] GC(811) Concurrent Scan Root Regions 0.138ms
[2026-03-27T14:07:42.173+0900][46.304s][info][gc,marking  ] GC(811) Concurrent Mark
[2026-03-27T14:07:42.173+0900][46.304s][info][gc,marking  ] GC(811) Concurrent Mark From Roots
[2026-03-27T14:07:42.173+0900][46.304s][info][gc,task     ] GC(811) Using 2 workers of 2 for marking
[2026-03-27T14:07:42.173+0900][46.305s][info][gc,marking  ] GC(811) Concurrent Mark From Roots 0.813ms
[2026-03-27T14:07:42.173+0900][46.305s][info][gc,marking  ] GC(811) Concurrent Preclean
[2026-03-27T14:07:42.173+0900][46.305s][info][gc,marking  ] GC(811) Concurrent Preclean 0.015ms
[2026-03-27T14:07:42.173+0900][46.305s][info][gc,start    ] GC(811) Pause Remark
[2026-03-27T14:07:42.173+0900][46.306s][info][gc          ] GC(811) Pause Remark 295M->295M(512M) 0.551ms
[2026-03-27T14:07:42.173+0900][46.306s][info][gc,cpu      ] GC(811) User=0.00s Sys=0.00s Real=0.00s
[2026-03-27T14:07:42.173+0900][46.306s][info][gc,marking  ] GC(811) Concurrent Mark 1.645ms
[2026-03-27T14:07:42.173+0900][46.306s][info][gc,marking  ] GC(811) Concurrent Rebuild Remembered Sets
[2026-03-27T14:07:42.173+0900][46.306s][info][gc,marking  ] GC(811) Concurrent Rebuild Remembered Sets 0.490ms
[2026-03-27T14:07:42.173+0900][46.306s][info][gc,start    ] GC(811) Pause Cleanup
[2026-03-27T14:07:42.173+0900][46.307s][info][gc          ] GC(811) Pause Cleanup 295M->295M(512M) 0.099ms
[2026-03-27T14:07:42.173+0900][46.307s][info][gc,cpu      ] GC(811) User=0.00s Sys=0.00s Real=0.00s
[2026-03-27T14:07:42.173+0900][46.307s][info][gc,marking  ] GC(811) Concurrent Cleanup for Next Mark
[2026-03-27T14:07:42.173+0900][46.307s][info][gc,marking  ] GC(811) Concurrent Cleanup for Next Mark 0.261ms
[2026-03-27T14:07:42.173+0900][46.307s][info][gc          ] GC(811) Concurrent Mark Cycle 3.075ms
[2026-03-27T14:07:42.238+0900][46.369s][info][gc,start    ] GC(812) Pause Young (Concurrent Start) (G1 Humongous Allocation)
[2026-03-27T14:07:42.238+0900][46.369s][info][gc,task     ] GC(812) Using 8 workers of 8 for evacuation
[2026-03-27T14:07:42.238+0900][46.370s][info][gc,phases   ] GC(812)   Pre Evacuate Collection Set: 0.2ms
[2026-03-27T14:07:42.238+0900][46.370s][info][gc,phases   ] GC(812)   Merge Heap Roots: 0.2ms
[2026-03-27T14:07:42.238+0900][46.370s][info][gc,phases   ] GC(812)   Evacuate Collection Set: 0.1ms
[2026-03-27T14:07:42.238+0900][46.370s][info][gc,phases   ] GC(812)   Post Evacuate Collection Set: 0.1ms
[2026-03-27T14:07:42.238+0900][46.370s][info][gc,phases   ] GC(812)   Other: 0.1ms
[2026-03-27T14:07:42.238+0900][46.370s][info][gc,heap     ] GC(812) Eden regions: 1->0(163)
[2026-03-27T14:07:42.238+0900][46.370s][info][gc,heap     ] GC(812) Survivor regions: 1->1(21)
[2026-03-27T14:07:42.238+0900][46.370s][info][gc,heap     ] GC(812) Old regions: 1->1
[2026-03-27T14:07:42.238+0900][46.370s][info][gc,heap     ] GC(812) Archive regions: 0->0
[2026-03-27T14:07:42.238+0900][46.370s][info][gc,heap     ] GC(812) Humongous regions: 295->294
[2026-03-27T14:07:42.238+0900][46.370s][info][gc,metaspace] GC(812) Metaspace: 166K(384K)->166K(384K) NonClass: 157K(256K)->157K(256K) Class: 9K(128K)->9K(128K)
[2026-03-27T14:07:42.238+0900][46.370s][info][gc          ] GC(812) Pause Young (Concurrent Start) (G1 Humongous Allocation) 296M->294M(512M) 1.261ms
[2026-03-27T14:07:42.238+0900][46.370s][info][gc,cpu      ] GC(812) User=0.00s Sys=0.00s Real=0.00s
[2026-03-27T14:07:42.238+0900][46.370s][info][gc          ] GC(813) Concurrent Mark Cycle
[2026-03-27T14:07:42.238+0900][46.370s][info][gc,marking  ] GC(813) Concurrent Clear Claimed Marks
[2026-03-27T14:07:42.238+0900][46.370s][info][gc,marking  ] GC(813) Concurrent Clear Claimed Marks 0.024ms
[2026-03-27T14:07:42.238+0900][46.370s][info][gc,marking  ] GC(813) Concurrent Scan Root Regions
[2026-03-27T14:07:42.238+0900][46.370s][info][gc,marking  ] GC(813) Concurrent Scan Root Regions 0.044ms
[2026-03-27T14:07:42.238+0900][46.370s][info][gc,marking  ] GC(813) Concurrent Mark
[2026-03-27T14:07:42.238+0900][46.370s][info][gc,marking  ] GC(813) Concurrent Mark From Roots
[2026-03-27T14:07:42.238+0900][46.370s][info][gc,task     ] GC(813) Using 2 workers of 2 for marking
[2026-03-27T14:07:42.241+0900][46.371s][info][gc,marking  ] GC(813) Concurrent Mark From Roots 1.170ms
[2026-03-27T14:07:42.241+0900][46.371s][info][gc,marking  ] GC(813) Concurrent Preclean
[2026-03-27T14:07:42.241+0900][46.371s][info][gc,marking  ] GC(813) Concurrent Preclean 0.016ms
[2026-03-27T14:07:42.241+0900][46.372s][info][gc,start    ] GC(813) Pause Remark
[2026-03-27T14:07:42.241+0900][46.372s][info][gc          ] GC(813) Pause Remark 297M->297M(512M) 0.675ms
[2026-03-27T14:07:42.241+0900][46.372s][info][gc,cpu      ] GC(813) User=0.00s Sys=0.00s Real=0.00s
[2026-03-27T14:07:42.241+0900][46.372s][info][gc,marking  ] GC(813) Concurrent Mark 2.289ms
[2026-03-27T14:07:42.241+0900][46.372s][info][gc,marking  ] GC(813) Concurrent Rebuild Remembered Sets
[2026-03-27T14:07:42.243+0900][46.373s][info][gc,marking  ] GC(813) Concurrent Rebuild Remembered Sets 0.560ms
[2026-03-27T14:07:42.243+0900][46.373s][info][gc,start    ] GC(813) Pause Cleanup
[2026-03-27T14:07:42.243+0900][46.373s][info][gc          ] GC(813) Pause Cleanup 297M->297M(512M) 0.126ms
[2026-03-27T14:07:42.243+0900][46.373s][info][gc,cpu      ] GC(813) User=0.00s Sys=0.00s Real=0.00s
[2026-03-27T14:07:42.243+0900][46.373s][info][gc,marking  ] GC(813) Concurrent Cleanup for Next Mark
[2026-03-27T14:07:42.243+0900][46.374s][info][gc,marking  ] GC(813) Concurrent Cleanup for Next Mark 0.314ms
[2026-03-27T14:07:42.243+0900][46.374s][info][gc          ] GC(813) Concurrent Mark Cycle 3.901ms
[2026-03-27T14:07:42.300+0900][46.430s][info][gc,start    ] GC(814) Pause Young (Concurrent Start) (G1 Humongous Allocation)
[2026-03-27T14:07:42.300+0900][46.430s][info][gc,task     ] GC(814) Using 8 workers of 8 for evacuation
[2026-03-27T14:07:42.300+0900][46.431s][info][gc,phases   ] GC(814)   Pre Evacuate Collection Set: 0.1ms
[2026-03-27T14:07:42.300+0900][46.431s][info][gc,phases   ] GC(814)   Merge Heap Roots: 0.2ms
[2026-03-27T14:07:42.300+0900][46.431s][info][gc,phases   ] GC(814)   Evacuate Collection Set: 0.1ms
[2026-03-27T14:07:42.300+0900][46.431s][info][gc,phases   ] GC(814)   Post Evacuate Collection Set: 0.1ms
[2026-03-27T14:07:42.300+0900][46.431s][info][gc,phases   ] GC(814)   Other: 0.1ms
[2026-03-27T14:07:42.300+0900][46.431s][info][gc,heap     ] GC(814) Eden regions: 1->0(161)
[2026-03-27T14:07:42.300+0900][46.431s][info][gc,heap     ] GC(814) Survivor regions: 1->1(21)
[2026-03-27T14:07:42.300+0900][46.431s][info][gc,heap     ] GC(814) Old regions: 1->1
[2026-03-27T14:07:42.300+0900][46.431s][info][gc,heap     ] GC(814) Archive regions: 0->0
[2026-03-27T14:07:42.300+0900][46.431s][info][gc,heap     ] GC(814) Humongous regions: 297->296
[2026-03-27T14:07:42.300+0900][46.431s][info][gc,metaspace] GC(814) Metaspace: 166K(384K)->166K(384K) NonClass: 157K(256K)->157K(256K) Class: 9K(128K)->9K(128K)
[2026-03-27T14:07:42.300+0900][46.431s][info][gc          ] GC(814) Pause Young (Concurrent Start) (G1 Humongous Allocation) 298M->296M(512M) 0.901ms
[2026-03-27T14:07:42.300+0900][46.431s][info][gc,cpu      ] GC(814) User=0.00s Sys=0.00s Real=0.00s
[2026-03-27T14:07:42.300+0900][46.431s][info][gc          ] GC(815) Concurrent Mark Cycle
[2026-03-27T14:07:42.300+0900][46.431s][info][gc,marking  ] GC(815) Concurrent Clear Claimed Marks
[2026-03-27T14:07:42.300+0900][46.431s][info][gc,marking  ] GC(815) Concurrent Clear Claimed Marks 0.019ms
[2026-03-27T14:07:42.300+0900][46.431s][info][gc,marking  ] GC(815) Concurrent Scan Root Regions
[2026-03-27T14:07:42.300+0900][46.431s][info][gc,marking  ] GC(815) Concurrent Scan Root Regions 0.041ms
[2026-03-27T14:07:42.300+0900][46.431s][info][gc,marking  ] GC(815) Concurrent Mark
[2026-03-27T14:07:42.300+0900][46.431s][info][gc,marking  ] GC(815) Concurrent Mark From Roots
[2026-03-27T14:07:42.300+0900][46.431s][info][gc,task     ] GC(815) Using 2 workers of 2 for marking
[2026-03-27T14:07:42.300+0900][46.432s][info][gc,marking  ] GC(815) Concurrent Mark From Roots 1.051ms
[2026-03-27T14:07:42.300+0900][46.432s][info][gc,marking  ] GC(815) Concurrent Preclean
[2026-03-27T14:07:42.300+0900][46.432s][info][gc,marking  ] GC(815) Concurrent Preclean 0.014ms
[2026-03-27T14:07:42.300+0900][46.432s][info][gc,start    ] GC(815) Pause Remark
[2026-03-27T14:07:42.300+0900][46.433s][info][gc          ] GC(815) Pause Remark 297M->297M(512M) 0.503ms
[2026-03-27T14:07:42.300+0900][46.433s][info][gc,cpu      ] GC(815) User=0.00s Sys=0.00s Real=0.00s
[2026-03-27T14:07:42.300+0900][46.433s][info][gc,marking  ] GC(815) Concurrent Mark 1.770ms
[2026-03-27T14:07:42.300+0900][46.433s][info][gc,marking  ] GC(815) Concurrent Rebuild Remembered Sets
[2026-03-27T14:07:42.300+0900][46.434s][info][gc,marking  ] GC(815) Concurrent Rebuild Remembered Sets 0.606ms
[2026-03-27T14:07:42.300+0900][46.434s][info][gc,start    ] GC(815) Pause Cleanup
[2026-03-27T14:07:42.300+0900][46.434s][info][gc          ] GC(815) Pause Cleanup 297M->297M(512M) 0.097ms
[2026-03-27T14:07:42.300+0900][46.434s][info][gc,cpu      ] GC(815) User=0.00s Sys=0.00s Real=0.00s
[2026-03-27T14:07:42.300+0900][46.434s][info][gc,marking  ] GC(815) Concurrent Cleanup for Next Mark
[2026-03-27T14:07:42.300+0900][46.434s][info][gc,marking  ] GC(815) Concurrent Cleanup for Next Mark 0.240ms
[2026-03-27T14:07:42.300+0900][46.434s][info][gc          ] GC(815) Concurrent Mark Cycle 3.238ms
[2026-03-27T14:07:42.364+0900][46.495s][info][gc,start    ] GC(816) Pause Young (Concurrent Start) (G1 Humongous Allocation)
[2026-03-27T14:07:42.364+0900][46.495s][info][gc,task     ] GC(816) Using 8 workers of 8 for evacuation
[2026-03-27T14:07:42.364+0900][46.495s][info][gc,phases   ] GC(816)   Pre Evacuate Collection Set: 0.1ms
[2026-03-27T14:07:42.364+0900][46.495s][info][gc,phases   ] GC(816)   Merge Heap Roots: 0.1ms
[2026-03-27T14:07:42.364+0900][46.495s][info][gc,phases   ] GC(816)   Evacuate Collection Set: 0.2ms
[2026-03-27T14:07:42.364+0900][46.495s][info][gc,phases   ] GC(816)   Post Evacuate Collection Set: 0.2ms
[2026-03-27T14:07:42.364+0900][46.495s][info][gc,phases   ] GC(816)   Other: 0.1ms
[2026-03-27T14:07:42.364+0900][46.495s][info][gc,heap     ] GC(816) Eden regions: 1->0(161)
[2026-03-27T14:07:42.364+0900][46.495s][info][gc,heap     ] GC(816) Survivor regions: 1->1(21)
[2026-03-27T14:07:42.364+0900][46.495s][info][gc,heap     ] GC(816) Old regions: 1->1
[2026-03-27T14:07:42.364+0900][46.495s][info][gc,heap     ] GC(816) Archive regions: 0->0
[2026-03-27T14:07:42.364+0900][46.495s][info][gc,heap     ] GC(816) Humongous regions: 297->296
[2026-03-27T14:07:42.364+0900][46.495s][info][gc,metaspace] GC(816) Metaspace: 166K(384K)->166K(384K) NonClass: 157K(256K)->157K(256K) Class: 9K(128K)->9K(128K)
[2026-03-27T14:07:42.364+0900][46.495s][info][gc          ] GC(816) Pause Young (Concurrent Start) (G1 Humongous Allocation) 298M->296M(512M) 0.931ms
[2026-03-27T14:07:42.364+0900][46.495s][info][gc,cpu      ] GC(816) User=0.00s Sys=0.00s Real=0.00s
[2026-03-27T14:07:42.364+0900][46.496s][info][gc          ] GC(817) Concurrent Mark Cycle
[2026-03-27T14:07:42.364+0900][46.496s][info][gc,marking  ] GC(817) Concurrent Clear Claimed Marks
[2026-03-27T14:07:42.364+0900][46.496s][info][gc,marking  ] GC(817) Concurrent Clear Claimed Marks 0.017ms
[2026-03-27T14:07:42.364+0900][46.496s][info][gc,marking  ] GC(817) Concurrent Scan Root Regions
[2026-03-27T14:07:42.364+0900][46.496s][info][gc,marking  ] GC(817) Concurrent Scan Root Regions 0.040ms
[2026-03-27T14:07:42.364+0900][46.496s][info][gc,marking  ] GC(817) Concurrent Mark
[2026-03-27T14:07:42.364+0900][46.496s][info][gc,marking  ] GC(817) Concurrent Mark From Roots
[2026-03-27T14:07:42.364+0900][46.496s][info][gc,task     ] GC(817) Using 2 workers of 2 for marking
[2026-03-27T14:07:42.364+0900][46.497s][info][gc,marking  ] GC(817) Concurrent Mark From Roots 1.189ms
[2026-03-27T14:07:42.364+0900][46.497s][info][gc,marking  ] GC(817) Concurrent Preclean
[2026-03-27T14:07:42.364+0900][46.497s][info][gc,marking  ] GC(817) Concurrent Preclean 0.021ms
[2026-03-27T14:07:42.364+0900][46.497s][info][gc,start    ] GC(817) Pause Remark
[2026-03-27T14:07:42.364+0900][46.497s][info][gc          ] GC(817) Pause Remark 297M->297M(512M) 0.383ms
[2026-03-27T14:07:42.364+0900][46.497s][info][gc,cpu      ] GC(817) User=0.00s Sys=0.00s Real=0.00s
[2026-03-27T14:07:42.364+0900][46.497s][info][gc,marking  ] GC(817) Concurrent Mark 1.847ms
[2026-03-27T14:07:42.364+0900][46.498s][info][gc,marking  ] GC(817) Concurrent Rebuild Remembered Sets
[2026-03-27T14:07:42.368+0900][46.498s][info][gc,marking  ] GC(817) Concurrent Rebuild Remembered Sets 0.597ms
[2026-03-27T14:07:42.368+0900][46.498s][info][gc,start    ] GC(817) Pause Cleanup
[2026-03-27T14:07:42.368+0900][46.498s][info][gc          ] GC(817) Pause Cleanup 297M->297M(512M) 0.121ms
[2026-03-27T14:07:42.368+0900][46.498s][info][gc,cpu      ] GC(817) User=0.00s Sys=0.00s Real=0.00s
[2026-03-27T14:07:42.368+0900][46.498s][info][gc,marking  ] GC(817) Concurrent Cleanup for Next Mark
[2026-03-27T14:07:42.368+0900][46.499s][info][gc,marking  ] GC(817) Concurrent Cleanup for Next Mark 0.254ms
[2026-03-27T14:07:42.368+0900][46.499s][info][gc          ] GC(817) Concurrent Mark Cycle 3.223ms
[2026-03-27T14:07:42.428+0900][46.558s][info][gc,start    ] GC(818) Pause Young (Concurrent Start) (G1 Humongous Allocation)
[2026-03-27T14:07:42.428+0900][46.558s][info][gc,task     ] GC(818) Using 8 workers of 8 for evacuation
[2026-03-27T14:07:42.428+0900][46.559s][info][gc,phases   ] GC(818)   Pre Evacuate Collection Set: 0.1ms
[2026-03-27T14:07:42.428+0900][46.559s][info][gc,phases   ] GC(818)   Merge Heap Roots: 0.1ms
[2026-03-27T14:07:42.428+0900][46.559s][info][gc,phases   ] GC(818)   Evacuate Collection Set: 0.1ms
[2026-03-27T14:07:42.428+0900][46.559s][info][gc,phases   ] GC(818)   Post Evacuate Collection Set: 0.1ms
[2026-03-27T14:07:42.428+0900][46.559s][info][gc,phases   ] GC(818)   Other: 0.1ms
[2026-03-27T14:07:42.428+0900][46.559s][info][gc,heap     ] GC(818) Eden regions: 1->0(161)
[2026-03-27T14:07:42.428+0900][46.559s][info][gc,heap     ] GC(818) Survivor regions: 1->1(21)
[2026-03-27T14:07:42.428+0900][46.559s][info][gc,heap     ] GC(818) Old regions: 1->1
[2026-03-27T14:07:42.428+0900][46.559s][info][gc,heap     ] GC(818) Archive regions: 0->0
[2026-03-27T14:07:42.428+0900][46.559s][info][gc,heap     ] GC(818) Humongous regions: 297->296
[2026-03-27T14:07:42.428+0900][46.559s][info][gc,metaspace] GC(818) Metaspace: 166K(384K)->166K(384K) NonClass: 157K(256K)->157K(256K) Class: 9K(128K)->9K(128K)
[2026-03-27T14:07:42.428+0900][46.559s][info][gc          ] GC(818) Pause Young (Concurrent Start) (G1 Humongous Allocation) 298M->296M(512M) 0.852ms
[2026-03-27T14:07:42.428+0900][46.559s][info][gc,cpu      ] GC(818) User=0.00s Sys=0.00s Real=0.00s
[2026-03-27T14:07:42.428+0900][46.559s][info][gc          ] GC(819) Concurrent Mark Cycle
[2026-03-27T14:07:42.428+0900][46.559s][info][gc,marking  ] GC(819) Concurrent Clear Claimed Marks
[2026-03-27T14:07:42.428+0900][46.559s][info][gc,marking  ] GC(819) Concurrent Clear Claimed Marks 0.013ms
[2026-03-27T14:07:42.428+0900][46.559s][info][gc,marking  ] GC(819) Concurrent Scan Root Regions
[2026-03-27T14:07:42.428+0900][46.559s][info][gc,marking  ] GC(819) Concurrent Scan Root Regions 0.037ms
[2026-03-27T14:07:42.428+0900][46.559s][info][gc,marking  ] GC(819) Concurrent Mark
[2026-03-27T14:07:42.428+0900][46.559s][info][gc,marking  ] GC(819) Concurrent Mark From Roots
[2026-03-27T14:07:42.428+0900][46.559s][info][gc,task     ] GC(819) Using 2 workers of 2 for marking
[2026-03-27T14:07:42.430+0900][46.560s][info][gc,marking  ] GC(819) Concurrent Mark From Roots 1.184ms
[2026-03-27T14:07:42.430+0900][46.560s][info][gc,marking  ] GC(819) Concurrent Preclean
[2026-03-27T14:07:42.430+0900][46.560s][info][gc,marking  ] GC(819) Concurrent Preclean 0.016ms
[2026-03-27T14:07:42.430+0900][46.560s][info][gc,start    ] GC(819) Pause Remark
[2026-03-27T14:07:42.430+0900][46.561s][info][gc          ] GC(819) Pause Remark 297M->297M(512M) 0.424ms
[2026-03-27T14:07:42.430+0900][46.561s][info][gc,cpu      ] GC(819) User=0.00s Sys=0.00s Real=0.00s
[2026-03-27T14:07:42.430+0900][46.561s][info][gc,marking  ] GC(819) Concurrent Mark 1.882ms
[2026-03-27T14:07:42.430+0900][46.561s][info][gc,marking  ] GC(819) Concurrent Rebuild Remembered Sets
[2026-03-27T14:07:42.430+0900][46.561s][info][gc,marking  ] GC(819) Concurrent Rebuild Remembered Sets 0.534ms
[2026-03-27T14:07:42.430+0900][46.562s][info][gc,start    ] GC(819) Pause Cleanup
[2026-03-27T14:07:42.430+0900][46.562s][info][gc          ] GC(819) Pause Cleanup 297M->297M(512M) 0.085ms
[2026-03-27T14:07:42.430+0900][46.562s][info][gc,cpu      ] GC(819) User=0.00s Sys=0.00s Real=0.00s
[2026-03-27T14:07:42.432+0900][46.562s][info][gc,marking  ] GC(819) Concurrent Cleanup for Next Mark
[2026-03-27T14:07:42.432+0900][46.562s][info][gc,marking  ] GC(819) Concurrent Cleanup for Next Mark 0.249ms
[2026-03-27T14:07:42.432+0900][46.562s][info][gc          ] GC(819) Concurrent Mark Cycle 3.096ms
[2026-03-27T14:07:42.491+0900][46.621s][info][gc,start    ] GC(820) Pause Young (Concurrent Start) (G1 Humongous Allocation)
[2026-03-27T14:07:42.491+0900][46.621s][info][gc,task     ] GC(820) Using 8 workers of 8 for evacuation
[2026-03-27T14:07:42.491+0900][46.622s][info][gc,phases   ] GC(820)   Pre Evacuate Collection Set: 0.1ms
[2026-03-27T14:07:42.491+0900][46.622s][info][gc,phases   ] GC(820)   Merge Heap Roots: 0.2ms
[2026-03-27T14:07:42.491+0900][46.622s][info][gc,phases   ] GC(820)   Evacuate Collection Set: 0.2ms
[2026-03-27T14:07:42.491+0900][46.622s][info][gc,phases   ] GC(820)   Post Evacuate Collection Set: 0.1ms
[2026-03-27T14:07:42.491+0900][46.622s][info][gc,phases   ] GC(820)   Other: 0.1ms
[2026-03-27T14:07:42.491+0900][46.622s][info][gc,heap     ] GC(820) Eden regions: 1->0(161)
[2026-03-27T14:07:42.491+0900][46.622s][info][gc,heap     ] GC(820) Survivor regions: 1->1(21)
[2026-03-27T14:07:42.491+0900][46.622s][info][gc,heap     ] GC(820) Old regions: 1->1
[2026-03-27T14:07:42.491+0900][46.622s][info][gc,heap     ] GC(820) Archive regions: 0->0
[2026-03-27T14:07:42.491+0900][46.622s][info][gc,heap     ] GC(820) Humongous regions: 297->296
[2026-03-27T14:07:42.491+0900][46.622s][info][gc,metaspace] GC(820) Metaspace: 166K(384K)->166K(384K) NonClass: 157K(256K)->157K(256K) Class: 9K(128K)->9K(128K)
[2026-03-27T14:07:42.491+0900][46.622s][info][gc          ] GC(820) Pause Young (Concurrent Start) (G1 Humongous Allocation) 298M->296M(512M) 1.030ms
[2026-03-27T14:07:42.491+0900][46.622s][info][gc,cpu      ] GC(820) User=0.00s Sys=0.00s Real=0.00s
[2026-03-27T14:07:42.491+0900][46.622s][info][gc          ] GC(821) Concurrent Mark Cycle
[2026-03-27T14:07:42.491+0900][46.622s][info][gc,marking  ] GC(821) Concurrent Clear Claimed Marks
[2026-03-27T14:07:42.491+0900][46.622s][info][gc,marking  ] GC(821) Concurrent Clear Claimed Marks 0.018ms
[2026-03-27T14:07:42.491+0900][46.622s][info][gc,marking  ] GC(821) Concurrent Scan Root Regions
[2026-03-27T14:07:42.491+0900][46.622s][info][gc,marking  ] GC(821) Concurrent Scan Root Regions 0.032ms
[2026-03-27T14:07:42.491+0900][46.622s][info][gc,marking  ] GC(821) Concurrent Mark
[2026-03-27T14:07:42.491+0900][46.622s][info][gc,marking  ] GC(821) Concurrent Mark From Roots
[2026-03-27T14:07:42.491+0900][46.622s][info][gc,task     ] GC(821) Using 2 workers of 2 for marking
[2026-03-27T14:07:42.493+0900][46.623s][info][gc,marking  ] GC(821) Concurrent Mark From Roots 0.998ms
[2026-03-27T14:07:42.493+0900][46.623s][info][gc,marking  ] GC(821) Concurrent Preclean
[2026-03-27T14:07:42.493+0900][46.624s][info][gc,marking  ] GC(821) Concurrent Preclean 0.021ms
[2026-03-27T14:07:42.493+0900][46.624s][info][gc,start    ] GC(821) Pause Remark
[2026-03-27T14:07:42.493+0900][46.624s][info][gc          ] GC(821) Pause Remark 297M->297M(512M) 0.361ms
[2026-03-27T14:07:42.493+0900][46.624s][info][gc,cpu      ] GC(821) User=0.00s Sys=0.00s Real=0.00s
[2026-03-27T14:07:42.493+0900][46.624s][info][gc,marking  ] GC(821) Concurrent Mark 1.586ms
[2026-03-27T14:07:42.493+0900][46.624s][info][gc,marking  ] GC(821) Concurrent Rebuild Remembered Sets
[2026-03-27T14:07:42.493+0900][46.624s][info][gc,marking  ] GC(821) Concurrent Rebuild Remembered Sets 0.451ms
[2026-03-27T14:07:42.493+0900][46.625s][info][gc,start    ] GC(821) Pause Cleanup
[2026-03-27T14:07:42.493+0900][46.625s][info][gc          ] GC(821) Pause Cleanup 297M->297M(512M) 0.091ms
[2026-03-27T14:07:42.493+0900][46.625s][info][gc,cpu      ] GC(821) User=0.00s Sys=0.00s Real=0.00s
[2026-03-27T14:07:42.493+0900][46.625s][info][gc,marking  ] GC(821) Concurrent Cleanup for Next Mark
[2026-03-27T14:07:42.495+0900][46.625s][info][gc,marking  ] GC(821) Concurrent Cleanup for Next Mark 0.285ms
[2026-03-27T14:07:42.495+0900][46.625s][info][gc          ] GC(821) Concurrent Mark Cycle 2.737ms
[2026-03-27T14:07:42.545+0900][46.675s][info][gc,start    ] GC(822) Pause Young (Concurrent Start) (G1 Humongous Allocation)
[2026-03-27T14:07:42.545+0900][46.676s][info][gc,task     ] GC(822) Using 8 workers of 8 for evacuation
[2026-03-27T14:07:42.545+0900][46.676s][info][gc,phases   ] GC(822)   Pre Evacuate Collection Set: 0.1ms
[2026-03-27T14:07:42.545+0900][46.676s][info][gc,phases   ] GC(822)   Merge Heap Roots: 0.2ms
[2026-03-27T14:07:42.545+0900][46.676s][info][gc,phases   ] GC(822)   Evacuate Collection Set: 0.1ms
[2026-03-27T14:07:42.545+0900][46.676s][info][gc,phases   ] GC(822)   Post Evacuate Collection Set: 0.3ms
[2026-03-27T14:07:42.545+0900][46.676s][info][gc,phases   ] GC(822)   Other: 0.1ms
[2026-03-27T14:07:42.545+0900][46.676s][info][gc,heap     ] GC(822) Eden regions: 1->0(161)
[2026-03-27T14:07:42.545+0900][46.676s][info][gc,heap     ] GC(822) Survivor regions: 1->1(21)
[2026-03-27T14:07:42.545+0900][46.676s][info][gc,heap     ] GC(822) Old regions: 1->1
[2026-03-27T14:07:42.545+0900][46.676s][info][gc,heap     ] GC(822) Archive regions: 0->0
[2026-03-27T14:07:42.545+0900][46.676s][info][gc,heap     ] GC(822) Humongous regions: 297->296
[2026-03-27T14:07:42.545+0900][46.676s][info][gc,metaspace] GC(822) Metaspace: 166K(384K)->166K(384K) NonClass: 157K(256K)->157K(256K) Class: 9K(128K)->9K(128K)
[2026-03-27T14:07:42.545+0900][46.677s][info][gc          ] GC(822) Pause Young (Concurrent Start) (G1 Humongous Allocation) 298M->296M(512M) 1.122ms
[2026-03-27T14:07:42.545+0900][46.677s][info][gc,cpu      ] GC(822) User=0.00s Sys=0.00s Real=0.00s
[2026-03-27T14:07:42.545+0900][46.677s][info][gc          ] GC(823) Concurrent Mark Cycle
[2026-03-27T14:07:42.545+0900][46.677s][info][gc,marking  ] GC(823) Concurrent Clear Claimed Marks
[2026-03-27T14:07:42.545+0900][46.677s][info][gc,marking  ] GC(823) Concurrent Clear Claimed Marks 0.019ms
[2026-03-27T14:07:42.545+0900][46.677s][info][gc,marking  ] GC(823) Concurrent Scan Root Regions
[2026-03-27T14:07:42.545+0900][46.677s][info][gc,marking  ] GC(823) Concurrent Scan Root Regions 0.049ms
[2026-03-27T14:07:42.545+0900][46.677s][info][gc,marking  ] GC(823) Concurrent Mark
[2026-03-27T14:07:42.545+0900][46.677s][info][gc,marking  ] GC(823) Concurrent Mark From Roots
[2026-03-27T14:07:42.545+0900][46.677s][info][gc,task     ] GC(823) Using 2 workers of 2 for marking
[2026-03-27T14:07:42.545+0900][46.678s][info][gc,marking  ] GC(823) Concurrent Mark From Roots 1.049ms
[2026-03-27T14:07:42.545+0900][46.678s][info][gc,marking  ] GC(823) Concurrent Preclean
[2026-03-27T14:07:42.545+0900][46.678s][info][gc,marking  ] GC(823) Concurrent Preclean 0.013ms
[2026-03-27T14:07:42.545+0900][46.678s][info][gc,start    ] GC(823) Pause Remark
[2026-03-27T14:07:42.545+0900][46.679s][info][gc          ] GC(823) Pause Remark 299M->299M(512M) 0.462ms
[2026-03-27T14:07:42.545+0900][46.679s][info][gc,cpu      ] GC(823) User=0.00s Sys=0.00s Real=0.00s
[2026-03-27T14:07:42.545+0900][46.679s][info][gc,marking  ] GC(823) Concurrent Mark 1.766ms
[2026-03-27T14:07:42.545+0900][46.679s][info][gc,marking  ] GC(823) Concurrent Rebuild Remembered Sets
[2026-03-27T14:07:42.545+0900][46.679s][info][gc,marking  ] GC(823) Concurrent Rebuild Remembered Sets 0.455ms
[2026-03-27T14:07:42.545+0900][46.679s][info][gc,start    ] GC(823) Pause Cleanup
[2026-03-27T14:07:42.545+0900][46.679s][info][gc          ] GC(823) Pause Cleanup 299M->299M(512M) 0.095ms
[2026-03-27T14:07:42.545+0900][46.679s][info][gc,cpu      ] GC(823) User=0.00s Sys=0.00s Real=0.00s
[2026-03-27T14:07:42.545+0900][46.679s][info][gc,marking  ] GC(823) Concurrent Cleanup for Next Mark
[2026-03-27T14:07:42.545+0900][46.680s][info][gc,marking  ] GC(823) Concurrent Cleanup for Next Mark 0.212ms
[2026-03-27T14:07:42.545+0900][46.680s][info][gc          ] GC(823) Concurrent Mark Cycle 2.982ms
[2026-03-27T14:07:42.609+0900][46.739s][info][gc,start    ] GC(824) Pause Young (Concurrent Start) (G1 Humongous Allocation)
[2026-03-27T14:07:42.609+0900][46.739s][info][gc,task     ] GC(824) Using 8 workers of 8 for evacuation
[2026-03-27T14:07:42.609+0900][46.740s][info][gc,phases   ] GC(824)   Pre Evacuate Collection Set: 0.1ms
[2026-03-27T14:07:42.609+0900][46.740s][info][gc,phases   ] GC(824)   Merge Heap Roots: 0.2ms
[2026-03-27T14:07:42.609+0900][46.740s][info][gc,phases   ] GC(824)   Evacuate Collection Set: 0.1ms
[2026-03-27T14:07:42.609+0900][46.740s][info][gc,phases   ] GC(824)   Post Evacuate Collection Set: 0.2ms
[2026-03-27T14:07:42.609+0900][46.740s][info][gc,phases   ] GC(824)   Other: 0.1ms
[2026-03-27T14:07:42.609+0900][46.740s][info][gc,heap     ] GC(824) Eden regions: 1->0(159)
[2026-03-27T14:07:42.609+0900][46.740s][info][gc,heap     ] GC(824) Survivor regions: 1->1(21)
[2026-03-27T14:07:42.609+0900][46.740s][info][gc,heap     ] GC(824) Old regions: 1->1
[2026-03-27T14:07:42.609+0900][46.740s][info][gc,heap     ] GC(824) Archive regions: 0->0
[2026-03-27T14:07:42.609+0900][46.740s][info][gc,heap     ] GC(824) Humongous regions: 299->298
[2026-03-27T14:07:42.609+0900][46.740s][info][gc,metaspace] GC(824) Metaspace: 166K(384K)->166K(384K) NonClass: 157K(256K)->157K(256K) Class: 9K(128K)->9K(128K)
[2026-03-27T14:07:42.609+0900][46.740s][info][gc          ] GC(824) Pause Young (Concurrent Start) (G1 Humongous Allocation) 300M->298M(512M) 1.117ms
[2026-03-27T14:07:42.609+0900][46.740s][info][gc,cpu      ] GC(824) User=0.00s Sys=0.00s Real=0.00s
[2026-03-27T14:07:42.609+0900][46.740s][info][gc          ] GC(825) Concurrent Mark Cycle
[2026-03-27T14:07:42.609+0900][46.740s][info][gc,marking  ] GC(825) Concurrent Clear Claimed Marks
[2026-03-27T14:07:42.609+0900][46.740s][info][gc,marking  ] GC(825) Concurrent Clear Claimed Marks 0.019ms
[2026-03-27T14:07:42.609+0900][46.740s][info][gc,marking  ] GC(825) Concurrent Scan Root Regions
[2026-03-27T14:07:42.609+0900][46.740s][info][gc,marking  ] GC(825) Concurrent Scan Root Regions 0.108ms
[2026-03-27T14:07:42.609+0900][46.740s][info][gc,marking  ] GC(825) Concurrent Mark
[2026-03-27T14:07:42.609+0900][46.740s][info][gc,marking  ] GC(825) Concurrent Mark From Roots
[2026-03-27T14:07:42.609+0900][46.740s][info][gc,task     ] GC(825) Using 2 workers of 2 for marking
[2026-03-27T14:07:42.611+0900][46.742s][info][gc,marking  ] GC(825) Concurrent Mark From Roots 1.162ms
[2026-03-27T14:07:42.611+0900][46.742s][info][gc,marking  ] GC(825) Concurrent Preclean
[2026-03-27T14:07:42.611+0900][46.742s][info][gc,marking  ] GC(825) Concurrent Preclean 0.014ms
[2026-03-27T14:07:42.611+0900][46.742s][info][gc,start    ] GC(825) Pause Remark
[2026-03-27T14:07:42.611+0900][46.743s][info][gc          ] GC(825) Pause Remark 299M->299M(512M) 0.838ms
[2026-03-27T14:07:42.611+0900][46.743s][info][gc,cpu      ] GC(825) User=0.00s Sys=0.00s Real=0.00s
[2026-03-27T14:07:42.613+0900][46.743s][info][gc,marking  ] GC(825) Concurrent Mark 2.397ms
[2026-03-27T14:07:42.613+0900][46.743s][info][gc,marking  ] GC(825) Concurrent Rebuild Remembered Sets
[2026-03-27T14:07:42.613+0900][46.743s][info][gc,marking  ] GC(825) Concurrent Rebuild Remembered Sets 0.413ms
[2026-03-27T14:07:42.613+0900][46.743s][info][gc,start    ] GC(825) Pause Cleanup
[2026-03-27T14:07:42.613+0900][46.744s][info][gc          ] GC(825) Pause Cleanup 299M->299M(512M) 0.116ms
[2026-03-27T14:07:42.613+0900][46.744s][info][gc,cpu      ] GC(825) User=0.00s Sys=0.00s Real=0.00s
[2026-03-27T14:07:42.613+0900][46.744s][info][gc,marking  ] GC(825) Concurrent Cleanup for Next Mark
[2026-03-27T14:07:42.613+0900][46.744s][info][gc,marking  ] GC(825) Concurrent Cleanup for Next Mark 0.271ms
[2026-03-27T14:07:42.613+0900][46.744s][info][gc          ] GC(825) Concurrent Mark Cycle 3.806ms
[2026-03-27T14:07:42.673+0900][46.803s][info][gc,start    ] GC(826) Pause Young (Concurrent Start) (G1 Humongous Allocation)
[2026-03-27T14:07:42.673+0900][46.803s][info][gc,task     ] GC(826) Using 8 workers of 8 for evacuation
[2026-03-27T14:07:42.674+0900][46.805s][info][gc,phases   ] GC(826)   Pre Evacuate Collection Set: 0.2ms
[2026-03-27T14:07:42.675+0900][46.805s][info][gc,phases   ] GC(826)   Merge Heap Roots: 0.3ms
[2026-03-27T14:07:42.675+0900][46.805s][info][gc,phases   ] GC(826)   Evacuate Collection Set: 0.2ms
[2026-03-27T14:07:42.675+0900][46.805s][info][gc,phases   ] GC(826)   Post Evacuate Collection Set: 0.4ms
[2026-03-27T14:07:42.675+0900][46.805s][info][gc,phases   ] GC(826)   Other: 0.2ms
[2026-03-27T14:07:42.675+0900][46.805s][info][gc,heap     ] GC(826) Eden regions: 1->0(159)
[2026-03-27T14:07:42.675+0900][46.805s][info][gc,heap     ] GC(826) Survivor regions: 1->1(20)
[2026-03-27T14:07:42.675+0900][46.805s][info][gc,heap     ] GC(826) Old regions: 1->1
[2026-03-27T14:07:42.675+0900][46.805s][info][gc,heap     ] GC(826) Archive regions: 0->0
[2026-03-27T14:07:42.675+0900][46.805s][info][gc,heap     ] GC(826) Humongous regions: 299->298
[2026-03-27T14:07:42.675+0900][46.805s][info][gc,metaspace] GC(826) Metaspace: 166K(384K)->166K(384K) NonClass: 157K(256K)->157K(256K) Class: 9K(128K)->9K(128K)
[2026-03-27T14:07:42.675+0900][46.805s][info][gc          ] GC(826) Pause Young (Concurrent Start) (G1 Humongous Allocation) 300M->298M(512M) 2.297ms
[2026-03-27T14:07:42.675+0900][46.805s][info][gc,cpu      ] GC(826) User=0.00s Sys=0.00s Real=0.00s
[2026-03-27T14:07:42.675+0900][46.805s][info][gc          ] GC(827) Concurrent Mark Cycle
[2026-03-27T14:07:42.675+0900][46.806s][info][gc,marking  ] GC(827) Concurrent Clear Claimed Marks
[2026-03-27T14:07:42.675+0900][46.806s][info][gc,marking  ] GC(827) Concurrent Clear Claimed Marks 0.046ms
[2026-03-27T14:07:42.675+0900][46.806s][info][gc,marking  ] GC(827) Concurrent Scan Root Regions
[2026-03-27T14:07:42.675+0900][46.806s][info][gc,marking  ] GC(827) Concurrent Scan Root Regions 0.109ms
[2026-03-27T14:07:42.675+0900][46.806s][info][gc,marking  ] GC(827) Concurrent Mark
[2026-03-27T14:07:42.675+0900][46.806s][info][gc,marking  ] GC(827) Concurrent Mark From Roots
[2026-03-27T14:07:42.675+0900][46.806s][info][gc,task     ] GC(827) Using 2 workers of 2 for marking
[2026-03-27T14:07:42.675+0900][46.808s][info][gc,marking  ] GC(827) Concurrent Mark From Roots 2.103ms
[2026-03-27T14:07:42.675+0900][46.808s][info][gc,marking  ] GC(827) Concurrent Preclean
[2026-03-27T14:07:42.675+0900][46.808s][info][gc,marking  ] GC(827) Concurrent Preclean 0.045ms
[2026-03-27T14:07:42.675+0900][46.809s][info][gc,start    ] GC(827) Pause Remark
[2026-03-27T14:07:42.675+0900][46.810s][info][gc          ] GC(827) Pause Remark 299M->299M(512M) 1.207ms
[2026-03-27T14:07:42.675+0900][46.810s][info][gc,cpu      ] GC(827) User=0.00s Sys=0.00s Real=0.00s
[2026-03-27T14:07:42.675+0900][46.810s][info][gc,marking  ] GC(827) Concurrent Mark 4.127ms
[2026-03-27T14:07:42.675+0900][46.810s][info][gc,marking  ] GC(827) Concurrent Rebuild Remembered Sets
[2026-03-27T14:07:42.675+0900][46.811s][info][gc,marking  ] GC(827) Concurrent Rebuild Remembered Sets 1.249ms
[2026-03-27T14:07:42.675+0900][46.812s][info][gc,start    ] GC(827) Pause Cleanup
[2026-03-27T14:07:42.675+0900][46.812s][info][gc          ] GC(827) Pause Cleanup 299M->299M(512M) 0.270ms
[2026-03-27T14:07:42.675+0900][46.812s][info][gc,cpu      ] GC(827) User=0.00s Sys=0.00s Real=0.00s
[2026-03-27T14:07:42.675+0900][46.812s][info][gc,marking  ] GC(827) Concurrent Cleanup for Next Mark
[2026-03-27T14:07:42.675+0900][46.813s][info][gc,marking  ] GC(827) Concurrent Cleanup for Next Mark 0.622ms
[2026-03-27T14:07:42.675+0900][46.813s][info][gc          ] GC(827) Concurrent Mark Cycle 7.437ms
[2026-03-27T14:07:42.736+0900][46.866s][info][gc,start    ] GC(828) Pause Young (Concurrent Start) (G1 Humongous Allocation)
[2026-03-27T14:07:42.736+0900][46.866s][info][gc,task     ] GC(828) Using 8 workers of 8 for evacuation
[2026-03-27T14:07:42.736+0900][46.867s][info][gc,phases   ] GC(828)   Pre Evacuate Collection Set: 0.2ms
[2026-03-27T14:07:42.736+0900][46.868s][info][gc,phases   ] GC(828)   Merge Heap Roots: 0.2ms
[2026-03-27T14:07:42.736+0900][46.868s][info][gc,phases   ] GC(828)   Evacuate Collection Set: 0.1ms
[2026-03-27T14:07:42.736+0900][46.868s][info][gc,phases   ] GC(828)   Post Evacuate Collection Set: 0.5ms
[2026-03-27T14:07:42.736+0900][46.868s][info][gc,phases   ] GC(828)   Other: 0.1ms
[2026-03-27T14:07:42.736+0900][46.868s][info][gc,heap     ] GC(828) Eden regions: 1->0(159)
[2026-03-27T14:07:42.736+0900][46.868s][info][gc,heap     ] GC(828) Survivor regions: 1->1(20)
[2026-03-27T14:07:42.736+0900][46.868s][info][gc,heap     ] GC(828) Old regions: 1->1
[2026-03-27T14:07:42.736+0900][46.868s][info][gc,heap     ] GC(828) Archive regions: 0->0
[2026-03-27T14:07:42.736+0900][46.868s][info][gc,heap     ] GC(828) Humongous regions: 299->298
[2026-03-27T14:07:42.736+0900][46.868s][info][gc,metaspace] GC(828) Metaspace: 166K(384K)->166K(384K) NonClass: 157K(256K)->157K(256K) Class: 9K(128K)->9K(128K)
[2026-03-27T14:07:42.736+0900][46.868s][info][gc          ] GC(828) Pause Young (Concurrent Start) (G1 Humongous Allocation) 300M->298M(512M) 1.260ms
[2026-03-27T14:07:42.736+0900][46.868s][info][gc,cpu      ] GC(828) User=0.00s Sys=0.00s Real=0.00s
[2026-03-27T14:07:42.736+0900][46.868s][info][gc          ] GC(829) Concurrent Mark Cycle
[2026-03-27T14:07:42.736+0900][46.868s][info][gc,marking  ] GC(829) Concurrent Clear Claimed Marks
[2026-03-27T14:07:42.736+0900][46.868s][info][gc,marking  ] GC(829) Concurrent Clear Claimed Marks 0.014ms
[2026-03-27T14:07:42.736+0900][46.868s][info][gc,marking  ] GC(829) Concurrent Scan Root Regions
[2026-03-27T14:07:42.736+0900][46.868s][info][gc,marking  ] GC(829) Concurrent Scan Root Regions 0.118ms
[2026-03-27T14:07:42.736+0900][46.868s][info][gc,marking  ] GC(829) Concurrent Mark
[2026-03-27T14:07:42.736+0900][46.868s][info][gc,marking  ] GC(829) Concurrent Mark From Roots
[2026-03-27T14:07:42.736+0900][46.868s][info][gc,task     ] GC(829) Using 2 workers of 2 for marking
[2026-03-27T14:07:42.736+0900][46.869s][info][gc,marking  ] GC(829) Concurrent Mark From Roots 0.704ms
[2026-03-27T14:07:42.736+0900][46.869s][info][gc,marking  ] GC(829) Concurrent Preclean
[2026-03-27T14:07:42.736+0900][46.869s][info][gc,marking  ] GC(829) Concurrent Preclean 0.014ms
[2026-03-27T14:07:42.736+0900][46.869s][info][gc,start    ] GC(829) Pause Remark
[2026-03-27T14:07:42.736+0900][46.869s][info][gc          ] GC(829) Pause Remark 299M->299M(512M) 0.555ms
[2026-03-27T14:07:42.736+0900][46.869s][info][gc,cpu      ] GC(829) User=0.00s Sys=0.00s Real=0.00s
[2026-03-27T14:07:42.736+0900][46.870s][info][gc,marking  ] GC(829) Concurrent Mark 1.557ms
[2026-03-27T14:07:42.736+0900][46.870s][info][gc,marking  ] GC(829) Concurrent Rebuild Remembered Sets
[2026-03-27T14:07:42.736+0900][46.870s][info][gc,marking  ] GC(829) Concurrent Rebuild Remembered Sets 0.448ms
[2026-03-27T14:07:42.736+0900][46.870s][info][gc,start    ] GC(829) Pause Cleanup
[2026-03-27T14:07:42.736+0900][46.870s][info][gc          ] GC(829) Pause Cleanup 299M->299M(512M) 0.075ms
[2026-03-27T14:07:42.736+0900][46.870s][info][gc,cpu      ] GC(829) User=0.00s Sys=0.00s Real=0.00s
[2026-03-27T14:07:42.736+0900][46.870s][info][gc,marking  ] GC(829) Concurrent Cleanup for Next Mark
[2026-03-27T14:07:42.736+0900][46.870s][info][gc,marking  ] GC(829) Concurrent Cleanup for Next Mark 0.205ms
[2026-03-27T14:07:42.736+0900][46.870s][info][gc          ] GC(829) Concurrent Mark Cycle 2.704ms
[2026-03-27T14:07:42.800+0900][46.930s][info][gc,start    ] GC(830) Pause Young (Concurrent Start) (G1 Humongous Allocation)
[2026-03-27T14:07:42.800+0900][46.930s][info][gc,task     ] GC(830) Using 8 workers of 8 for evacuation
[2026-03-27T14:07:42.800+0900][46.931s][info][gc,phases   ] GC(830)   Pre Evacuate Collection Set: 0.1ms
[2026-03-27T14:07:42.800+0900][46.931s][info][gc,phases   ] GC(830)   Merge Heap Roots: 0.1ms
[2026-03-27T14:07:42.800+0900][46.931s][info][gc,phases   ] GC(830)   Evacuate Collection Set: 0.1ms
[2026-03-27T14:07:42.800+0900][46.931s][info][gc,phases   ] GC(830)   Post Evacuate Collection Set: 0.1ms
[2026-03-27T14:07:42.800+0900][46.931s][info][gc,phases   ] GC(830)   Other: 0.1ms
[2026-03-27T14:07:42.800+0900][46.931s][info][gc,heap     ] GC(830) Eden regions: 1->0(159)
[2026-03-27T14:07:42.800+0900][46.931s][info][gc,heap     ] GC(830) Survivor regions: 1->1(20)
[2026-03-27T14:07:42.800+0900][46.931s][info][gc,heap     ] GC(830) Old regions: 1->1
[2026-03-27T14:07:42.800+0900][46.931s][info][gc,heap     ] GC(830) Archive regions: 0->0
[2026-03-27T14:07:42.800+0900][46.931s][info][gc,heap     ] GC(830) Humongous regions: 299->298
[2026-03-27T14:07:42.800+0900][46.931s][info][gc,metaspace] GC(830) Metaspace: 166K(384K)->166K(384K) NonClass: 157K(256K)->157K(256K) Class: 9K(128K)->9K(128K)
[2026-03-27T14:07:42.800+0900][46.931s][info][gc          ] GC(830) Pause Young (Concurrent Start) (G1 Humongous Allocation) 300M->298M(512M) 0.854ms
[2026-03-27T14:07:42.800+0900][46.931s][info][gc,cpu      ] GC(830) User=0.00s Sys=0.00s Real=0.00s
[2026-03-27T14:07:42.800+0900][46.931s][info][gc          ] GC(831) Concurrent Mark Cycle
[2026-03-27T14:07:42.800+0900][46.931s][info][gc,marking  ] GC(831) Concurrent Clear Claimed Marks
[2026-03-27T14:07:42.800+0900][46.931s][info][gc,marking  ] GC(831) Concurrent Clear Claimed Marks 0.015ms
[2026-03-27T14:07:42.800+0900][46.931s][info][gc,marking  ] GC(831) Concurrent Scan Root Regions
[2026-03-27T14:07:42.800+0900][46.931s][info][gc,marking  ] GC(831) Concurrent Scan Root Regions 0.034ms
[2026-03-27T14:07:42.800+0900][46.931s][info][gc,marking  ] GC(831) Concurrent Mark
[2026-03-27T14:07:42.800+0900][46.931s][info][gc,marking  ] GC(831) Concurrent Mark From Roots
[2026-03-27T14:07:42.800+0900][46.931s][info][gc,task     ] GC(831) Using 2 workers of 2 for marking
[2026-03-27T14:07:42.800+0900][46.932s][info][gc,marking  ] GC(831) Concurrent Mark From Roots 0.793ms
[2026-03-27T14:07:42.800+0900][46.932s][info][gc,marking  ] GC(831) Concurrent Preclean
[2026-03-27T14:07:42.800+0900][46.932s][info][gc,marking  ] GC(831) Concurrent Preclean 0.019ms
[2026-03-27T14:07:42.800+0900][46.932s][info][gc,start    ] GC(831) Pause Remark
[2026-03-27T14:07:42.800+0900][46.932s][info][gc          ] GC(831) Pause Remark 299M->299M(512M) 0.278ms
[2026-03-27T14:07:42.800+0900][46.932s][info][gc,cpu      ] GC(831) User=0.00s Sys=0.00s Real=0.00s
[2026-03-27T14:07:42.800+0900][46.932s][info][gc,marking  ] GC(831) Concurrent Mark 1.281ms
[2026-03-27T14:07:42.800+0900][46.932s][info][gc,marking  ] GC(831) Concurrent Rebuild Remembered Sets
[2026-03-27T14:07:42.800+0900][46.933s][info][gc,marking  ] GC(831) Concurrent Rebuild Remembered Sets 0.360ms
[2026-03-27T14:07:42.800+0900][46.933s][info][gc,start    ] GC(831) Pause Cleanup
[2026-03-27T14:07:42.800+0900][46.933s][info][gc          ] GC(831) Pause Cleanup 299M->299M(512M) 0.144ms
[2026-03-27T14:07:42.800+0900][46.933s][info][gc,cpu      ] GC(831) User=0.00s Sys=0.00s Real=0.00s
[2026-03-27T14:07:42.800+0900][46.933s][info][gc,marking  ] GC(831) Concurrent Cleanup for Next Mark
[2026-03-27T14:07:42.800+0900][46.933s][info][gc,marking  ] GC(831) Concurrent Cleanup for Next Mark 0.208ms
[2026-03-27T14:07:42.800+0900][46.933s][info][gc          ] GC(831) Concurrent Mark Cycle 2.312ms
[2026-03-27T14:07:42.863+0900][46.993s][info][gc,start    ] GC(832) Pause Young (Concurrent Start) (G1 Humongous Allocation)
[2026-03-27T14:07:42.863+0900][46.993s][info][gc,task     ] GC(832) Using 8 workers of 8 for evacuation
[2026-03-27T14:07:42.863+0900][46.994s][info][gc,phases   ] GC(832)   Pre Evacuate Collection Set: 0.1ms
[2026-03-27T14:07:42.863+0900][46.994s][info][gc,phases   ] GC(832)   Merge Heap Roots: 0.1ms
[2026-03-27T14:07:42.863+0900][46.994s][info][gc,phases   ] GC(832)   Evacuate Collection Set: 0.1ms
[2026-03-27T14:07:42.863+0900][46.994s][info][gc,phases   ] GC(832)   Post Evacuate Collection Set: 0.1ms
[2026-03-27T14:07:42.863+0900][46.994s][info][gc,phases   ] GC(832)   Other: 0.1ms
[2026-03-27T14:07:42.863+0900][46.994s][info][gc,heap     ] GC(832) Eden regions: 1->0(159)
[2026-03-27T14:07:42.863+0900][46.994s][info][gc,heap     ] GC(832) Survivor regions: 1->1(20)
[2026-03-27T14:07:42.863+0900][46.994s][info][gc,heap     ] GC(832) Old regions: 1->1
[2026-03-27T14:07:42.863+0900][46.994s][info][gc,heap     ] GC(832) Archive regions: 0->0
[2026-03-27T14:07:42.863+0900][46.994s][info][gc,heap     ] GC(832) Humongous regions: 299->298
[2026-03-27T14:07:42.863+0900][46.994s][info][gc,metaspace] GC(832) Metaspace: 166K(384K)->166K(384K) NonClass: 157K(256K)->157K(256K) Class: 9K(128K)->9K(128K)
[2026-03-27T14:07:42.863+0900][46.994s][info][gc          ] GC(832) Pause Young (Concurrent Start) (G1 Humongous Allocation) 300M->298M(512M) 0.766ms
[2026-03-27T14:07:42.863+0900][46.994s][info][gc,cpu      ] GC(832) User=0.02s Sys=0.00s Real=0.00s
[2026-03-27T14:07:42.863+0900][46.994s][info][gc          ] GC(833) Concurrent Mark Cycle
[2026-03-27T14:07:42.863+0900][46.994s][info][gc,marking  ] GC(833) Concurrent Clear Claimed Marks
[2026-03-27T14:07:42.863+0900][46.994s][info][gc,marking  ] GC(833) Concurrent Clear Claimed Marks 0.019ms
[2026-03-27T14:07:42.863+0900][46.994s][info][gc,marking  ] GC(833) Concurrent Scan Root Regions
[2026-03-27T14:07:42.863+0900][46.994s][info][gc,marking  ] GC(833) Concurrent Scan Root Regions 0.040ms
[2026-03-27T14:07:42.863+0900][46.994s][info][gc,marking  ] GC(833) Concurrent Mark
[2026-03-27T14:07:42.863+0900][46.994s][info][gc,marking  ] GC(833) Concurrent Mark From Roots
[2026-03-27T14:07:42.863+0900][46.994s][info][gc,task     ] GC(833) Using 2 workers of 2 for marking
[2026-03-27T14:07:42.863+0900][46.995s][info][gc,marking  ] GC(833) Concurrent Mark From Roots 0.776ms
[2026-03-27T14:07:42.863+0900][46.995s][info][gc,marking  ] GC(833) Concurrent Preclean
[2026-03-27T14:07:42.863+0900][46.995s][info][gc,marking  ] GC(833) Concurrent Preclean 0.014ms
[2026-03-27T14:07:42.863+0900][46.995s][info][gc,start    ] GC(833) Pause Remark
[2026-03-27T14:07:42.863+0900][46.995s][info][gc          ] GC(833) Pause Remark 301M->301M(512M) 0.305ms
[2026-03-27T14:07:42.863+0900][46.995s][info][gc,cpu      ] GC(833) User=0.00s Sys=0.00s Real=0.00s
[2026-03-27T14:07:42.863+0900][46.995s][info][gc,marking  ] GC(833) Concurrent Mark 1.247ms
[2026-03-27T14:07:42.863+0900][46.995s][info][gc,marking  ] GC(833) Concurrent Rebuild Remembered Sets
[2026-03-27T14:07:42.863+0900][46.996s][info][gc,marking  ] GC(833) Concurrent Rebuild Remembered Sets 0.388ms
[2026-03-27T14:07:42.863+0900][46.996s][info][gc,start    ] GC(833) Pause Cleanup
[2026-03-27T14:07:42.863+0900][46.996s][info][gc          ] GC(833) Pause Cleanup 301M->301M(512M) 0.065ms
[2026-03-27T14:07:42.863+0900][46.996s][info][gc,cpu      ] GC(833) User=0.00s Sys=0.00s Real=0.00s
[2026-03-27T14:07:42.863+0900][46.996s][info][gc,marking  ] GC(833) Concurrent Cleanup for Next Mark
[2026-03-27T14:07:42.863+0900][46.996s][info][gc,marking  ] GC(833) Concurrent Cleanup for Next Mark 0.202ms
[2026-03-27T14:07:42.863+0900][46.996s][info][gc          ] GC(833) Concurrent Mark Cycle 2.274ms
[2026-03-27T14:07:42.915+0900][47.045s][info][gc,start    ] GC(834) Pause Young (Concurrent Start) (G1 Humongous Allocation)
[2026-03-27T14:07:42.915+0900][47.045s][info][gc,task     ] GC(834) Using 8 workers of 8 for evacuation
[2026-03-27T14:07:42.915+0900][47.045s][info][gc,phases   ] GC(834)   Pre Evacuate Collection Set: 0.1ms
[2026-03-27T14:07:42.915+0900][47.045s][info][gc,phases   ] GC(834)   Merge Heap Roots: 0.1ms
[2026-03-27T14:07:42.915+0900][47.045s][info][gc,phases   ] GC(834)   Evacuate Collection Set: 0.1ms
[2026-03-27T14:07:42.915+0900][47.045s][info][gc,phases   ] GC(834)   Post Evacuate Collection Set: 0.1ms
[2026-03-27T14:07:42.915+0900][47.045s][info][gc,phases   ] GC(834)   Other: 0.1ms
[2026-03-27T14:07:42.915+0900][47.045s][info][gc,heap     ] GC(834) Eden regions: 1->0(157)
[2026-03-27T14:07:42.915+0900][47.045s][info][gc,heap     ] GC(834) Survivor regions: 1->1(20)
[2026-03-27T14:07:42.915+0900][47.046s][info][gc,heap     ] GC(834) Old regions: 1->1
[2026-03-27T14:07:42.915+0900][47.046s][info][gc,heap     ] GC(834) Archive regions: 0->0
[2026-03-27T14:07:42.915+0900][47.046s][info][gc,heap     ] GC(834) Humongous regions: 301->300
[2026-03-27T14:07:42.915+0900][47.046s][info][gc,metaspace] GC(834) Metaspace: 166K(384K)->166K(384K) NonClass: 157K(256K)->157K(256K) Class: 9K(128K)->9K(128K)
[2026-03-27T14:07:42.915+0900][47.046s][info][gc          ] GC(834) Pause Young (Concurrent Start) (G1 Humongous Allocation) 302M->300M(512M) 0.666ms
[2026-03-27T14:07:42.915+0900][47.046s][info][gc,cpu      ] GC(834) User=0.00s Sys=0.00s Real=0.00s
[2026-03-27T14:07:42.915+0900][47.046s][info][gc          ] GC(835) Concurrent Mark Cycle
[2026-03-27T14:07:42.915+0900][47.046s][info][gc,marking  ] GC(835) Concurrent Clear Claimed Marks
[2026-03-27T14:07:42.915+0900][47.046s][info][gc,marking  ] GC(835) Concurrent Clear Claimed Marks 0.015ms
[2026-03-27T14:07:42.915+0900][47.046s][info][gc,marking  ] GC(835) Concurrent Scan Root Regions
[2026-03-27T14:07:42.915+0900][47.046s][info][gc,marking  ] GC(835) Concurrent Scan Root Regions 0.027ms
[2026-03-27T14:07:42.915+0900][47.046s][info][gc,marking  ] GC(835) Concurrent Mark
[2026-03-27T14:07:42.915+0900][47.046s][info][gc,marking  ] GC(835) Concurrent Mark From Roots
[2026-03-27T14:07:42.915+0900][47.046s][info][gc,task     ] GC(835) Using 2 workers of 2 for marking
[2026-03-27T14:07:42.915+0900][47.046s][info][gc,marking  ] GC(835) Concurrent Mark From Roots 0.674ms
[2026-03-27T14:07:42.915+0900][47.046s][info][gc,marking  ] GC(835) Concurrent Preclean
[2026-03-27T14:07:42.915+0900][47.046s][info][gc,marking  ] GC(835) Concurrent Preclean 0.012ms
[2026-03-27T14:07:42.915+0900][47.046s][info][gc,start    ] GC(835) Pause Remark
[2026-03-27T14:07:42.915+0900][47.047s][info][gc          ] GC(835) Pause Remark 301M->301M(512M) 0.226ms
[2026-03-27T14:07:42.915+0900][47.047s][info][gc,cpu      ] GC(835) User=0.00s Sys=0.00s Real=0.00s
[2026-03-27T14:07:42.915+0900][47.047s][info][gc,marking  ] GC(835) Concurrent Mark 1.034ms
[2026-03-27T14:07:42.915+0900][47.047s][info][gc,marking  ] GC(835) Concurrent Rebuild Remembered Sets
[2026-03-27T14:07:42.915+0900][47.047s][info][gc,marking  ] GC(835) Concurrent Rebuild Remembered Sets 0.355ms
[2026-03-27T14:07:42.915+0900][47.047s][info][gc,start    ] GC(835) Pause Cleanup
[2026-03-27T14:07:42.915+0900][47.047s][info][gc          ] GC(835) Pause Cleanup 301M->301M(512M) 0.075ms
[2026-03-27T14:07:42.915+0900][47.047s][info][gc,cpu      ] GC(835) User=0.00s Sys=0.00s Real=0.00s
[2026-03-27T14:07:42.915+0900][47.047s][info][gc,marking  ] GC(835) Concurrent Cleanup for Next Mark
[2026-03-27T14:07:42.915+0900][47.048s][info][gc,marking  ] GC(835) Concurrent Cleanup for Next Mark 0.288ms
[2026-03-27T14:07:42.915+0900][47.048s][info][gc          ] GC(835) Concurrent Mark Cycle 2.111ms
[2026-03-27T14:07:42.978+0900][47.109s][info][gc,start    ] GC(836) Pause Young (Concurrent Start) (G1 Humongous Allocation)
[2026-03-27T14:07:42.978+0900][47.109s][info][gc,task     ] GC(836) Using 8 workers of 8 for evacuation
[2026-03-27T14:07:42.978+0900][47.110s][info][gc,phases   ] GC(836)   Pre Evacuate Collection Set: 0.1ms
[2026-03-27T14:07:42.978+0900][47.110s][info][gc,phases   ] GC(836)   Merge Heap Roots: 0.2ms
[2026-03-27T14:07:42.978+0900][47.110s][info][gc,phases   ] GC(836)   Evacuate Collection Set: 0.3ms
[2026-03-27T14:07:42.978+0900][47.110s][info][gc,phases   ] GC(836)   Post Evacuate Collection Set: 0.6ms
[2026-03-27T14:07:42.978+0900][47.110s][info][gc,phases   ] GC(836)   Other: 0.1ms
[2026-03-27T14:07:42.978+0900][47.110s][info][gc,heap     ] GC(836) Eden regions: 1->0(157)
[2026-03-27T14:07:42.978+0900][47.110s][info][gc,heap     ] GC(836) Survivor regions: 1->1(20)
[2026-03-27T14:07:42.978+0900][47.110s][info][gc,heap     ] GC(836) Old regions: 1->1
[2026-03-27T14:07:42.978+0900][47.110s][info][gc,heap     ] GC(836) Archive regions: 0->0
[2026-03-27T14:07:42.978+0900][47.110s][info][gc,heap     ] GC(836) Humongous regions: 301->300
[2026-03-27T14:07:42.978+0900][47.110s][info][gc,metaspace] GC(836) Metaspace: 166K(384K)->166K(384K) NonClass: 157K(256K)->157K(256K) Class: 9K(128K)->9K(128K)
[2026-03-27T14:07:42.978+0900][47.110s][info][gc          ] GC(836) Pause Young (Concurrent Start) (G1 Humongous Allocation) 302M->300M(512M) 1.651ms
[2026-03-27T14:07:42.978+0900][47.110s][info][gc,cpu      ] GC(836) User=0.00s Sys=0.00s Real=0.00s
[2026-03-27T14:07:42.978+0900][47.110s][info][gc          ] GC(837) Concurrent Mark Cycle
[2026-03-27T14:07:42.978+0900][47.110s][info][gc,marking  ] GC(837) Concurrent Clear Claimed Marks
[2026-03-27T14:07:42.978+0900][47.110s][info][gc,marking  ] GC(837) Concurrent Clear Claimed Marks 0.014ms
[2026-03-27T14:07:42.978+0900][47.110s][info][gc,marking  ] GC(837) Concurrent Scan Root Regions
[2026-03-27T14:07:42.978+0900][47.111s][info][gc,marking  ] GC(837) Concurrent Scan Root Regions 0.119ms
[2026-03-27T14:07:42.978+0900][47.111s][info][gc,marking  ] GC(837) Concurrent Mark
[2026-03-27T14:07:42.978+0900][47.111s][info][gc,marking  ] GC(837) Concurrent Mark From Roots
[2026-03-27T14:07:42.978+0900][47.111s][info][gc,task     ] GC(837) Using 2 workers of 2 for marking
[2026-03-27T14:07:42.978+0900][47.111s][info][gc,marking  ] GC(837) Concurrent Mark From Roots 0.746ms
[2026-03-27T14:07:42.978+0900][47.111s][info][gc,marking  ] GC(837) Concurrent Preclean
[2026-03-27T14:07:42.978+0900][47.111s][info][gc,marking  ] GC(837) Concurrent Preclean 0.013ms
[2026-03-27T14:07:42.978+0900][47.112s][info][gc,start    ] GC(837) Pause Remark
[2026-03-27T14:07:42.978+0900][47.112s][info][gc          ] GC(837) Pause Remark 301M->301M(512M) 0.654ms
[2026-03-27T14:07:42.978+0900][47.112s][info][gc,cpu      ] GC(837) User=0.00s Sys=0.00s Real=0.00s
[2026-03-27T14:07:42.978+0900][47.112s][info][gc,marking  ] GC(837) Concurrent Mark 1.828ms
[2026-03-27T14:07:42.978+0900][47.112s][info][gc,marking  ] GC(837) Concurrent Rebuild Remembered Sets
[2026-03-27T14:07:42.978+0900][47.113s][info][gc,marking  ] GC(837) Concurrent Rebuild Remembered Sets 0.455ms
[2026-03-27T14:07:42.978+0900][47.113s][info][gc,start    ] GC(837) Pause Cleanup
[2026-03-27T14:07:42.978+0900][47.113s][info][gc          ] GC(837) Pause Cleanup 301M->301M(512M) 0.217ms
[2026-03-27T14:07:42.978+0900][47.113s][info][gc,cpu      ] GC(837) User=0.00s Sys=0.00s Real=0.00s
[2026-03-27T14:07:42.978+0900][47.113s][info][gc,marking  ] GC(837) Concurrent Cleanup for Next Mark
[2026-03-27T14:07:42.978+0900][47.114s][info][gc,marking  ] GC(837) Concurrent Cleanup for Next Mark 0.340ms
[2026-03-27T14:07:42.978+0900][47.114s][info][gc          ] GC(837) Concurrent Mark Cycle 3.481ms
[2026-03-27T14:07:43.042+0900][47.172s][info][gc,start    ] GC(838) Pause Young (Concurrent Start) (G1 Humongous Allocation)
[2026-03-27T14:07:43.042+0900][47.172s][info][gc,task     ] GC(838) Using 8 workers of 8 for evacuation
[2026-03-27T14:07:43.042+0900][47.173s][info][gc,phases   ] GC(838)   Pre Evacuate Collection Set: 0.1ms
[2026-03-27T14:07:43.042+0900][47.173s][info][gc,phases   ] GC(838)   Merge Heap Roots: 0.1ms
[2026-03-27T14:07:43.042+0900][47.173s][info][gc,phases   ] GC(838)   Evacuate Collection Set: 0.1ms
[2026-03-27T14:07:43.042+0900][47.173s][info][gc,phases   ] GC(838)   Post Evacuate Collection Set: 0.5ms
[2026-03-27T14:07:43.042+0900][47.173s][info][gc,phases   ] GC(838)   Other: 0.2ms
[2026-03-27T14:07:43.042+0900][47.173s][info][gc,heap     ] GC(838) Eden regions: 1->0(157)
[2026-03-27T14:07:43.042+0900][47.173s][info][gc,heap     ] GC(838) Survivor regions: 1->1(20)
[2026-03-27T14:07:43.042+0900][47.173s][info][gc,heap     ] GC(838) Old regions: 1->1
[2026-03-27T14:07:43.042+0900][47.173s][info][gc,heap     ] GC(838) Archive regions: 0->0
[2026-03-27T14:07:43.042+0900][47.173s][info][gc,heap     ] GC(838) Humongous regions: 301->300
[2026-03-27T14:07:43.042+0900][47.173s][info][gc,metaspace] GC(838) Metaspace: 166K(384K)->166K(384K) NonClass: 157K(256K)->157K(256K) Class: 9K(128K)->9K(128K)
[2026-03-27T14:07:43.042+0900][47.173s][info][gc          ] GC(838) Pause Young (Concurrent Start) (G1 Humongous Allocation) 302M->300M(512M) 1.255ms
[2026-03-27T14:07:43.042+0900][47.173s][info][gc,cpu      ] GC(838) User=0.00s Sys=0.00s Real=0.00s
[2026-03-27T14:07:43.042+0900][47.173s][info][gc          ] GC(839) Concurrent Mark Cycle
[2026-03-27T14:07:43.042+0900][47.173s][info][gc,marking  ] GC(839) Concurrent Clear Claimed Marks
[2026-03-27T14:07:43.042+0900][47.173s][info][gc,marking  ] GC(839) Concurrent Clear Claimed Marks 0.014ms
[2026-03-27T14:07:43.042+0900][47.173s][info][gc,marking  ] GC(839) Concurrent Scan Root Regions
[2026-03-27T14:07:43.042+0900][47.173s][info][gc,marking  ] GC(839) Concurrent Scan Root Regions 0.127ms
[2026-03-27T14:07:43.042+0900][47.174s][info][gc,marking  ] GC(839) Concurrent Mark
[2026-03-27T14:07:43.042+0900][47.174s][info][gc,marking  ] GC(839) Concurrent Mark From Roots
[2026-03-27T14:07:43.042+0900][47.174s][info][gc,task     ] GC(839) Using 2 workers of 2 for marking
[2026-03-27T14:07:43.042+0900][47.174s][info][gc,marking  ] GC(839) Concurrent Mark From Roots 0.756ms
[2026-03-27T14:07:43.042+0900][47.174s][info][gc,marking  ] GC(839) Concurrent Preclean
[2026-03-27T14:07:43.042+0900][47.174s][info][gc,marking  ] GC(839) Concurrent Preclean 0.014ms
[2026-03-27T14:07:43.042+0900][47.174s][info][gc,start    ] GC(839) Pause Remark
[2026-03-27T14:07:43.042+0900][47.175s][info][gc          ] GC(839) Pause Remark 301M->301M(512M) 0.658ms
[2026-03-27T14:07:43.042+0900][47.175s][info][gc,cpu      ] GC(839) User=0.00s Sys=0.00s Real=0.00s
[2026-03-27T14:07:43.042+0900][47.175s][info][gc,marking  ] GC(839) Concurrent Mark 1.673ms
[2026-03-27T14:07:43.042+0900][47.175s][info][gc,marking  ] GC(839) Concurrent Rebuild Remembered Sets
[2026-03-27T14:07:43.042+0900][47.176s][info][gc,marking  ] GC(839) Concurrent Rebuild Remembered Sets 0.413ms
[2026-03-27T14:07:43.042+0900][47.176s][info][gc,start    ] GC(839) Pause Cleanup
[2026-03-27T14:07:43.042+0900][47.176s][info][gc          ] GC(839) Pause Cleanup 301M->301M(512M) 0.078ms
[2026-03-27T14:07:43.042+0900][47.176s][info][gc,cpu      ] GC(839) User=0.00s Sys=0.00s Real=0.00s
[2026-03-27T14:07:43.042+0900][47.176s][info][gc,marking  ] GC(839) Concurrent Cleanup for Next Mark
[2026-03-27T14:07:43.042+0900][47.176s][info][gc,marking  ] GC(839) Concurrent Cleanup for Next Mark 0.226ms
[2026-03-27T14:07:43.042+0900][47.176s][info][gc          ] GC(839) Concurrent Mark Cycle 2.791ms
[2026-03-27T14:07:43.105+0900][47.235s][info][gc,start    ] GC(840) Pause Young (Concurrent Start) (G1 Humongous Allocation)
[2026-03-27T14:07:43.105+0900][47.235s][info][gc,task     ] GC(840) Using 8 workers of 8 for evacuation
[2026-03-27T14:07:43.105+0900][47.236s][info][gc,phases   ] GC(840)   Pre Evacuate Collection Set: 0.1ms
[2026-03-27T14:07:43.105+0900][47.236s][info][gc,phases   ] GC(840)   Merge Heap Roots: 0.2ms
[2026-03-27T14:07:43.105+0900][47.236s][info][gc,phases   ] GC(840)   Evacuate Collection Set: 0.2ms
[2026-03-27T14:07:43.105+0900][47.236s][info][gc,phases   ] GC(840)   Post Evacuate Collection Set: 0.3ms
[2026-03-27T14:07:43.105+0900][47.236s][info][gc,phases   ] GC(840)   Other: 0.1ms
[2026-03-27T14:07:43.105+0900][47.236s][info][gc,heap     ] GC(840) Eden regions: 1->0(157)
[2026-03-27T14:07:43.105+0900][47.236s][info][gc,heap     ] GC(840) Survivor regions: 1->1(20)
[2026-03-27T14:07:43.105+0900][47.236s][info][gc,heap     ] GC(840) Old regions: 1->1
[2026-03-27T14:07:43.105+0900][47.236s][info][gc,heap     ] GC(840) Archive regions: 0->0
[2026-03-27T14:07:43.105+0900][47.236s][info][gc,heap     ] GC(840) Humongous regions: 301->300
[2026-03-27T14:07:43.105+0900][47.236s][info][gc,metaspace] GC(840) Metaspace: 166K(384K)->166K(384K) NonClass: 157K(256K)->157K(256K) Class: 9K(128K)->9K(128K)
[2026-03-27T14:07:43.105+0900][47.236s][info][gc          ] GC(840) Pause Young (Concurrent Start) (G1 Humongous Allocation) 302M->300M(512M) 1.166ms
[2026-03-27T14:07:43.105+0900][47.236s][info][gc,cpu      ] GC(840) User=0.00s Sys=0.00s Real=0.00s
[2026-03-27T14:07:43.105+0900][47.236s][info][gc          ] GC(841) Concurrent Mark Cycle
[2026-03-27T14:07:43.105+0900][47.236s][info][gc,marking  ] GC(841) Concurrent Clear Claimed Marks
[2026-03-27T14:07:43.105+0900][47.236s][info][gc,marking  ] GC(841) Concurrent Clear Claimed Marks 0.013ms
[2026-03-27T14:07:43.105+0900][47.236s][info][gc,marking  ] GC(841) Concurrent Scan Root Regions
[2026-03-27T14:07:43.105+0900][47.236s][info][gc,marking  ] GC(841) Concurrent Scan Root Regions 0.030ms
[2026-03-27T14:07:43.105+0900][47.236s][info][gc,marking  ] GC(841) Concurrent Mark
[2026-03-27T14:07:43.105+0900][47.236s][info][gc,marking  ] GC(841) Concurrent Mark From Roots
[2026-03-27T14:07:43.105+0900][47.236s][info][gc,task     ] GC(841) Using 2 workers of 2 for marking
[2026-03-27T14:07:43.105+0900][47.237s][info][gc,marking  ] GC(841) Concurrent Mark From Roots 0.788ms
[2026-03-27T14:07:43.105+0900][47.237s][info][gc,marking  ] GC(841) Concurrent Preclean
[2026-03-27T14:07:43.105+0900][47.237s][info][gc,marking  ] GC(841) Concurrent Preclean 0.014ms
[2026-03-27T14:07:43.105+0900][47.237s][info][gc,start    ] GC(841) Pause Remark
[2026-03-27T14:07:43.105+0900][47.238s][info][gc          ] GC(841) Pause Remark 301M->301M(512M) 0.556ms
[2026-03-27T14:07:43.105+0900][47.238s][info][gc,cpu      ] GC(841) User=0.00s Sys=0.00s Real=0.00s
[2026-03-27T14:07:43.105+0900][47.238s][info][gc,marking  ] GC(841) Concurrent Mark 1.610ms
[2026-03-27T14:07:43.105+0900][47.238s][info][gc,marking  ] GC(841) Concurrent Rebuild Remembered Sets
[2026-03-27T14:07:43.105+0900][47.238s][info][gc,marking  ] GC(841) Concurrent Rebuild Remembered Sets 0.445ms
[2026-03-27T14:07:43.105+0900][47.239s][info][gc,start    ] GC(841) Pause Cleanup
[2026-03-27T14:07:43.105+0900][47.239s][info][gc          ] GC(841) Pause Cleanup 301M->301M(512M) 0.100ms
[2026-03-27T14:07:43.105+0900][47.239s][info][gc,cpu      ] GC(841) User=0.00s Sys=0.00s Real=0.00s
[2026-03-27T14:07:43.105+0900][47.239s][info][gc,marking  ] GC(841) Concurrent Cleanup for Next Mark
[2026-03-27T14:07:43.105+0900][47.239s][info][gc,marking  ] GC(841) Concurrent Cleanup for Next Mark 0.252ms
[2026-03-27T14:07:43.105+0900][47.239s][info][gc          ] GC(841) Concurrent Mark Cycle 2.764ms
[2026-03-27T14:07:43.163+0900][47.293s][info][gc,start    ] GC(842) Pause Young (Concurrent Start) (G1 Humongous Allocation)
[2026-03-27T14:07:43.163+0900][47.293s][info][gc,task     ] GC(842) Using 8 workers of 8 for evacuation
[2026-03-27T14:07:43.163+0900][47.294s][info][gc,phases   ] GC(842)   Pre Evacuate Collection Set: 0.1ms
[2026-03-27T14:07:43.163+0900][47.294s][info][gc,phases   ] GC(842)   Merge Heap Roots: 0.1ms
[2026-03-27T14:07:43.163+0900][47.294s][info][gc,phases   ] GC(842)   Evacuate Collection Set: 0.1ms
[2026-03-27T14:07:43.163+0900][47.294s][info][gc,phases   ] GC(842)   Post Evacuate Collection Set: 0.2ms
[2026-03-27T14:07:43.163+0900][47.294s][info][gc,phases   ] GC(842)   Other: 0.1ms
[2026-03-27T14:07:43.163+0900][47.294s][info][gc,heap     ] GC(842) Eden regions: 1->0(157)
[2026-03-27T14:07:43.163+0900][47.294s][info][gc,heap     ] GC(842) Survivor regions: 1->1(20)
[2026-03-27T14:07:43.163+0900][47.294s][info][gc,heap     ] GC(842) Old regions: 1->1
[2026-03-27T14:07:43.163+0900][47.294s][info][gc,heap     ] GC(842) Archive regions: 0->0
[2026-03-27T14:07:43.163+0900][47.294s][info][gc,heap     ] GC(842) Humongous regions: 301->300
[2026-03-27T14:07:43.163+0900][47.294s][info][gc,metaspace] GC(842) Metaspace: 166K(384K)->166K(384K) NonClass: 157K(256K)->157K(256K) Class: 9K(128K)->9K(128K)
[2026-03-27T14:07:43.163+0900][47.294s][info][gc          ] GC(842) Pause Young (Concurrent Start) (G1 Humongous Allocation) 302M->300M(512M) 0.862ms
[2026-03-27T14:07:43.163+0900][47.294s][info][gc,cpu      ] GC(842) User=0.00s Sys=0.00s Real=0.00s
[2026-03-27T14:07:43.163+0900][47.294s][info][gc          ] GC(843) Concurrent Mark Cycle
[2026-03-27T14:07:43.163+0900][47.294s][info][gc,marking  ] GC(843) Concurrent Clear Claimed Marks
[2026-03-27T14:07:43.163+0900][47.294s][info][gc,marking  ] GC(843) Concurrent Clear Claimed Marks 0.013ms
[2026-03-27T14:07:43.163+0900][47.294s][info][gc,marking  ] GC(843) Concurrent Scan Root Regions
[2026-03-27T14:07:43.163+0900][47.294s][info][gc,marking  ] GC(843) Concurrent Scan Root Regions 0.031ms
[2026-03-27T14:07:43.163+0900][47.294s][info][gc,marking  ] GC(843) Concurrent Mark
[2026-03-27T14:07:43.163+0900][47.294s][info][gc,marking  ] GC(843) Concurrent Mark From Roots
[2026-03-27T14:07:43.163+0900][47.294s][info][gc,task     ] GC(843) Using 2 workers of 2 for marking
[2026-03-27T14:07:43.163+0900][47.295s][info][gc,marking  ] GC(843) Concurrent Mark From Roots 0.736ms
[2026-03-27T14:07:43.163+0900][47.295s][info][gc,marking  ] GC(843) Concurrent Preclean
[2026-03-27T14:07:43.163+0900][47.295s][info][gc,marking  ] GC(843) Concurrent Preclean 0.013ms
[2026-03-27T14:07:43.163+0900][47.295s][info][gc,start    ] GC(843) Pause Remark
[2026-03-27T14:07:43.163+0900][47.295s][info][gc          ] GC(843) Pause Remark 303M->303M(512M) 0.647ms
[2026-03-27T14:07:43.163+0900][47.295s][info][gc,cpu      ] GC(843) User=0.00s Sys=0.00s Real=0.00s
[2026-03-27T14:07:43.163+0900][47.295s][info][gc,marking  ] GC(843) Concurrent Mark 1.598ms
[2026-03-27T14:07:43.163+0900][47.296s][info][gc,marking  ] GC(843) Concurrent Rebuild Remembered Sets
[2026-03-27T14:07:43.163+0900][47.296s][info][gc,marking  ] GC(843) Concurrent Rebuild Remembered Sets 0.421ms
[2026-03-27T14:07:43.163+0900][47.296s][info][gc,start    ] GC(843) Pause Cleanup
[2026-03-27T14:07:43.163+0900][47.296s][info][gc          ] GC(843) Pause Cleanup 303M->303M(512M) 0.118ms
[2026-03-27T14:07:43.163+0900][47.296s][info][gc,cpu      ] GC(843) User=0.00s Sys=0.00s Real=0.00s
[2026-03-27T14:07:43.163+0900][47.296s][info][gc,marking  ] GC(843) Concurrent Cleanup for Next Mark
[2026-03-27T14:07:43.163+0900][47.297s][info][gc,marking  ] GC(843) Concurrent Cleanup for Next Mark 0.250ms
[2026-03-27T14:07:43.163+0900][47.297s][info][gc          ] GC(843) Concurrent Mark Cycle 2.861ms
[2026-03-27T14:07:43.216+0900][47.347s][info][gc,start    ] GC(844) Pause Young (Concurrent Start) (G1 Humongous Allocation)
[2026-03-27T14:07:43.216+0900][47.347s][info][gc,task     ] GC(844) Using 8 workers of 8 for evacuation
[2026-03-27T14:07:43.216+0900][47.348s][info][gc,phases   ] GC(844)   Pre Evacuate Collection Set: 0.1ms
[2026-03-27T14:07:43.216+0900][47.348s][info][gc,phases   ] GC(844)   Merge Heap Roots: 0.2ms
[2026-03-27T14:07:43.216+0900][47.348s][info][gc,phases   ] GC(844)   Evacuate Collection Set: 0.2ms
[2026-03-27T14:07:43.216+0900][47.348s][info][gc,phases   ] GC(844)   Post Evacuate Collection Set: 0.3ms
[2026-03-27T14:07:43.216+0900][47.348s][info][gc,phases   ] GC(844)   Other: 0.1ms
[2026-03-27T14:07:43.216+0900][47.348s][info][gc,heap     ] GC(844) Eden regions: 1->0(155)
[2026-03-27T14:07:43.216+0900][47.348s][info][gc,heap     ] GC(844) Survivor regions: 1->1(20)
[2026-03-27T14:07:43.216+0900][47.348s][info][gc,heap     ] GC(844) Old regions: 1->1
[2026-03-27T14:07:43.216+0900][47.348s][info][gc,heap     ] GC(844) Archive regions: 0->0
[2026-03-27T14:07:43.216+0900][47.348s][info][gc,heap     ] GC(844) Humongous regions: 303->302
[2026-03-27T14:07:43.216+0900][47.348s][info][gc,metaspace] GC(844) Metaspace: 166K(384K)->166K(384K) NonClass: 157K(256K)->157K(256K) Class: 9K(128K)->9K(128K)
[2026-03-27T14:07:43.216+0900][47.348s][info][gc          ] GC(844) Pause Young (Concurrent Start) (G1 Humongous Allocation) 304M->302M(512M) 1.210ms
[2026-03-27T14:07:43.216+0900][47.348s][info][gc,cpu      ] GC(844) User=0.00s Sys=0.00s Real=0.00s
[2026-03-27T14:07:43.216+0900][47.348s][info][gc          ] GC(845) Concurrent Mark Cycle
[2026-03-27T14:07:43.216+0900][47.348s][info][gc,marking  ] GC(845) Concurrent Clear Claimed Marks
[2026-03-27T14:07:43.216+0900][47.348s][info][gc,marking  ] GC(845) Concurrent Clear Claimed Marks 0.038ms
[2026-03-27T14:07:43.216+0900][47.348s][info][gc,marking  ] GC(845) Concurrent Scan Root Regions
[2026-03-27T14:07:43.216+0900][47.348s][info][gc,marking  ] GC(845) Concurrent Scan Root Regions 0.028ms
[2026-03-27T14:07:43.216+0900][47.348s][info][gc,marking  ] GC(845) Concurrent Mark
[2026-03-27T14:07:43.216+0900][47.348s][info][gc,marking  ] GC(845) Concurrent Mark From Roots
[2026-03-27T14:07:43.216+0900][47.348s][info][gc,task     ] GC(845) Using 2 workers of 2 for marking
[2026-03-27T14:07:43.216+0900][47.349s][info][gc,marking  ] GC(845) Concurrent Mark From Roots 0.716ms
[2026-03-27T14:07:43.216+0900][47.349s][info][gc,marking  ] GC(845) Concurrent Preclean
[2026-03-27T14:07:43.216+0900][47.349s][info][gc,marking  ] GC(845) Concurrent Preclean 0.011ms
[2026-03-27T14:07:43.216+0900][47.349s][info][gc,start    ] GC(845) Pause Remark
[2026-03-27T14:07:43.216+0900][47.350s][info][gc          ] GC(845) Pause Remark 303M->303M(512M) 0.736ms
[2026-03-27T14:07:43.216+0900][47.350s][info][gc,cpu      ] GC(845) User=0.00s Sys=0.00s Real=0.00s
[2026-03-27T14:07:43.216+0900][47.350s][info][gc,marking  ] GC(845) Concurrent Mark 1.808ms
[2026-03-27T14:07:43.216+0900][47.350s][info][gc,marking  ] GC(845) Concurrent Rebuild Remembered Sets
[2026-03-27T14:07:43.216+0900][47.350s][info][gc,marking  ] GC(845) Concurrent Rebuild Remembered Sets 0.423ms
[2026-03-27T14:07:43.216+0900][47.350s][info][gc,start    ] GC(845) Pause Cleanup
[2026-03-27T14:07:43.216+0900][47.350s][info][gc          ] GC(845) Pause Cleanup 303M->303M(512M) 0.101ms
[2026-03-27T14:07:43.216+0900][47.350s][info][gc,cpu      ] GC(845) User=0.00s Sys=0.00s Real=0.00s
[2026-03-27T14:07:43.216+0900][47.350s][info][gc,marking  ] GC(845) Concurrent Cleanup for Next Mark
[2026-03-27T14:07:43.216+0900][47.351s][info][gc,marking  ] GC(845) Concurrent Cleanup for Next Mark 0.252ms
[2026-03-27T14:07:43.216+0900][47.351s][info][gc          ] GC(845) Concurrent Mark Cycle 2.910ms
[2026-03-27T14:07:43.280+0900][47.410s][info][gc,start    ] GC(846) Pause Young (Concurrent Start) (G1 Humongous Allocation)
[2026-03-27T14:07:43.280+0900][47.411s][info][gc,task     ] GC(846) Using 8 workers of 8 for evacuation
[2026-03-27T14:07:43.280+0900][47.412s][info][gc,phases   ] GC(846)   Pre Evacuate Collection Set: 0.3ms
[2026-03-27T14:07:43.280+0900][47.412s][info][gc,phases   ] GC(846)   Merge Heap Roots: 0.2ms
[2026-03-27T14:07:43.280+0900][47.412s][info][gc,phases   ] GC(846)   Evacuate Collection Set: 0.2ms
[2026-03-27T14:07:43.280+0900][47.412s][info][gc,phases   ] GC(846)   Post Evacuate Collection Set: 0.6ms
[2026-03-27T14:07:43.280+0900][47.412s][info][gc,phases   ] GC(846)   Other: 0.1ms
[2026-03-27T14:07:43.280+0900][47.412s][info][gc,heap     ] GC(846) Eden regions: 1->0(155)
[2026-03-27T14:07:43.280+0900][47.412s][info][gc,heap     ] GC(846) Survivor regions: 1->1(20)
[2026-03-27T14:07:43.280+0900][47.412s][info][gc,heap     ] GC(846) Old regions: 1->1
[2026-03-27T14:07:43.280+0900][47.412s][info][gc,heap     ] GC(846) Archive regions: 0->0
[2026-03-27T14:07:43.280+0900][47.412s][info][gc,heap     ] GC(846) Humongous regions: 303->302
[2026-03-27T14:07:43.280+0900][47.412s][info][gc,metaspace] GC(846) Metaspace: 166K(384K)->166K(384K) NonClass: 157K(256K)->157K(256K) Class: 9K(128K)->9K(128K)
[2026-03-27T14:07:43.280+0900][47.412s][info][gc          ] GC(846) Pause Young (Concurrent Start) (G1 Humongous Allocation) 304M->302M(512M) 1.702ms
[2026-03-27T14:07:43.280+0900][47.412s][info][gc,cpu      ] GC(846) User=0.00s Sys=0.00s Real=0.00s
[2026-03-27T14:07:43.280+0900][47.412s][info][gc          ] GC(847) Concurrent Mark Cycle
[2026-03-27T14:07:43.280+0900][47.412s][info][gc,marking  ] GC(847) Concurrent Clear Claimed Marks
[2026-03-27T14:07:43.280+0900][47.412s][info][gc,marking  ] GC(847) Concurrent Clear Claimed Marks 0.016ms
[2026-03-27T14:07:43.280+0900][47.412s][info][gc,marking  ] GC(847) Concurrent Scan Root Regions
[2026-03-27T14:07:43.280+0900][47.412s][info][gc,marking  ] GC(847) Concurrent Scan Root Regions 0.132ms
[2026-03-27T14:07:43.280+0900][47.412s][info][gc,marking  ] GC(847) Concurrent Mark
[2026-03-27T14:07:43.280+0900][47.412s][info][gc,marking  ] GC(847) Concurrent Mark From Roots
[2026-03-27T14:07:43.280+0900][47.412s][info][gc,task     ] GC(847) Using 2 workers of 2 for marking
[2026-03-27T14:07:43.280+0900][47.413s][info][gc,marking  ] GC(847) Concurrent Mark From Roots 0.819ms
[2026-03-27T14:07:43.280+0900][47.413s][info][gc,marking  ] GC(847) Concurrent Preclean
[2026-03-27T14:07:43.280+0900][47.413s][info][gc,marking  ] GC(847) Concurrent Preclean 0.013ms
[2026-03-27T14:07:43.280+0900][47.413s][info][gc,start    ] GC(847) Pause Remark
[2026-03-27T14:07:43.280+0900][47.414s][info][gc          ] GC(847) Pause Remark 303M->303M(512M) 0.610ms
[2026-03-27T14:07:43.280+0900][47.414s][info][gc,cpu      ] GC(847) User=0.00s Sys=0.00s Real=0.00s
[2026-03-27T14:07:43.280+0900][47.414s][info][gc,marking  ] GC(847) Concurrent Mark 1.716ms
[2026-03-27T14:07:43.280+0900][47.414s][info][gc,marking  ] GC(847) Concurrent Rebuild Remembered Sets
[2026-03-27T14:07:43.280+0900][47.415s][info][gc,marking  ] GC(847) Concurrent Rebuild Remembered Sets 0.419ms
[2026-03-27T14:07:43.280+0900][47.415s][info][gc,start    ] GC(847) Pause Cleanup
[2026-03-27T14:07:43.280+0900][47.415s][info][gc          ] GC(847) Pause Cleanup 303M->303M(512M) 0.096ms
[2026-03-27T14:07:43.280+0900][47.415s][info][gc,cpu      ] GC(847) User=0.00s Sys=0.00s Real=0.00s
[2026-03-27T14:07:43.280+0900][47.415s][info][gc,marking  ] GC(847) Concurrent Cleanup for Next Mark
[2026-03-27T14:07:43.280+0900][47.415s][info][gc,marking  ] GC(847) Concurrent Cleanup for Next Mark 0.339ms
[2026-03-27T14:07:43.280+0900][47.415s][info][gc          ] GC(847) Concurrent Mark Cycle 2.998ms
[2026-03-27T14:07:43.344+0900][47.474s][info][gc,start    ] GC(848) Pause Young (Concurrent Start) (G1 Humongous Allocation)
[2026-03-27T14:07:43.344+0900][47.474s][info][gc,task     ] GC(848) Using 8 workers of 8 for evacuation
[2026-03-27T14:07:43.344+0900][47.475s][info][gc,phases   ] GC(848)   Pre Evacuate Collection Set: 0.1ms
[2026-03-27T14:07:43.344+0900][47.475s][info][gc,phases   ] GC(848)   Merge Heap Roots: 0.2ms
[2026-03-27T14:07:43.344+0900][47.475s][info][gc,phases   ] GC(848)   Evacuate Collection Set: 0.1ms
[2026-03-27T14:07:43.344+0900][47.475s][info][gc,phases   ] GC(848)   Post Evacuate Collection Set: 0.6ms
[2026-03-27T14:07:43.344+0900][47.475s][info][gc,phases   ] GC(848)   Other: 0.2ms
[2026-03-27T14:07:43.344+0900][47.475s][info][gc,heap     ] GC(848) Eden regions: 1->0(155)
[2026-03-27T14:07:43.344+0900][47.475s][info][gc,heap     ] GC(848) Survivor regions: 1->1(20)
[2026-03-27T14:07:43.344+0900][47.475s][info][gc,heap     ] GC(848) Old regions: 1->1
[2026-03-27T14:07:43.344+0900][47.475s][info][gc,heap     ] GC(848) Archive regions: 0->0
[2026-03-27T14:07:43.344+0900][47.475s][info][gc,heap     ] GC(848) Humongous regions: 303->302
[2026-03-27T14:07:43.344+0900][47.475s][info][gc,metaspace] GC(848) Metaspace: 166K(384K)->166K(384K) NonClass: 157K(256K)->157K(256K) Class: 9K(128K)->9K(128K)
[2026-03-27T14:07:43.344+0900][47.475s][info][gc          ] GC(848) Pause Young (Concurrent Start) (G1 Humongous Allocation) 304M->302M(512M) 1.456ms
[2026-03-27T14:07:43.344+0900][47.475s][info][gc,cpu      ] GC(848) User=0.00s Sys=0.00s Real=0.00s
[2026-03-27T14:07:43.344+0900][47.475s][info][gc          ] GC(849) Concurrent Mark Cycle
[2026-03-27T14:07:43.344+0900][47.475s][info][gc,marking  ] GC(849) Concurrent Clear Claimed Marks
[2026-03-27T14:07:43.344+0900][47.475s][info][gc,marking  ] GC(849) Concurrent Clear Claimed Marks 0.016ms
[2026-03-27T14:07:43.344+0900][47.475s][info][gc,marking  ] GC(849) Concurrent Scan Root Regions
[2026-03-27T14:07:43.344+0900][47.475s][info][gc,marking  ] GC(849) Concurrent Scan Root Regions 0.070ms
[2026-03-27T14:07:43.344+0900][47.475s][info][gc,marking  ] GC(849) Concurrent Mark
[2026-03-27T14:07:43.344+0900][47.476s][info][gc,marking  ] GC(849) Concurrent Mark From Roots
[2026-03-27T14:07:43.344+0900][47.476s][info][gc,task     ] GC(849) Using 2 workers of 2 for marking
[2026-03-27T14:07:43.344+0900][47.476s][info][gc,marking  ] GC(849) Concurrent Mark From Roots 0.691ms
[2026-03-27T14:07:43.344+0900][47.476s][info][gc,marking  ] GC(849) Concurrent Preclean
[2026-03-27T14:07:43.344+0900][47.476s][info][gc,marking  ] GC(849) Concurrent Preclean 0.015ms
[2026-03-27T14:07:43.344+0900][47.476s][info][gc,start    ] GC(849) Pause Remark
[2026-03-27T14:07:43.344+0900][47.477s][info][gc          ] GC(849) Pause Remark 303M->303M(512M) 0.641ms
[2026-03-27T14:07:43.344+0900][47.477s][info][gc,cpu      ] GC(849) User=0.00s Sys=0.00s Real=0.00s
[2026-03-27T14:07:43.344+0900][47.477s][info][gc,marking  ] GC(849) Concurrent Mark 1.686ms
[2026-03-27T14:07:43.344+0900][47.477s][info][gc,marking  ] GC(849) Concurrent Rebuild Remembered Sets
[2026-03-27T14:07:43.344+0900][47.478s][info][gc,marking  ] GC(849) Concurrent Rebuild Remembered Sets 0.390ms
[2026-03-27T14:07:43.344+0900][47.478s][info][gc,start    ] GC(849) Pause Cleanup
[2026-03-27T14:07:43.344+0900][47.478s][info][gc          ] GC(849) Pause Cleanup 303M->303M(512M) 0.068ms
[2026-03-27T14:07:43.344+0900][47.478s][info][gc,cpu      ] GC(849) User=0.00s Sys=0.00s Real=0.00s
[2026-03-27T14:07:43.344+0900][47.478s][info][gc,marking  ] GC(849) Concurrent Cleanup for Next Mark
[2026-03-27T14:07:43.344+0900][47.478s][info][gc,marking  ] GC(849) Concurrent Cleanup for Next Mark 0.218ms
[2026-03-27T14:07:43.344+0900][47.478s][info][gc          ] GC(849) Concurrent Mark Cycle 2.699ms
[2026-03-27T14:07:43.407+0900][47.538s][info][gc,start    ] GC(850) Pause Young (Concurrent Start) (G1 Humongous Allocation)
[2026-03-27T14:07:43.407+0900][47.538s][info][gc,task     ] GC(850) Using 8 workers of 8 for evacuation
[2026-03-27T14:07:43.407+0900][47.539s][info][gc,phases   ] GC(850)   Pre Evacuate Collection Set: 0.1ms
[2026-03-27T14:07:43.407+0900][47.539s][info][gc,phases   ] GC(850)   Merge Heap Roots: 0.2ms
[2026-03-27T14:07:43.407+0900][47.539s][info][gc,phases   ] GC(850)   Evacuate Collection Set: 0.1ms
[2026-03-27T14:07:43.407+0900][47.539s][info][gc,phases   ] GC(850)   Post Evacuate Collection Set: 0.3ms
[2026-03-27T14:07:43.407+0900][47.539s][info][gc,phases   ] GC(850)   Other: 0.1ms
[2026-03-27T14:07:43.407+0900][47.539s][info][gc,heap     ] GC(850) Eden regions: 1->0(155)
[2026-03-27T14:07:43.407+0900][47.539s][info][gc,heap     ] GC(850) Survivor regions: 1->1(20)
[2026-03-27T14:07:43.407+0900][47.539s][info][gc,heap     ] GC(850) Old regions: 1->1
[2026-03-27T14:07:43.407+0900][47.539s][info][gc,heap     ] GC(850) Archive regions: 0->0
[2026-03-27T14:07:43.407+0900][47.539s][info][gc,heap     ] GC(850) Humongous regions: 303->302
[2026-03-27T14:07:43.407+0900][47.539s][info][gc,metaspace] GC(850) Metaspace: 166K(384K)->166K(384K) NonClass: 157K(256K)->157K(256K) Class: 9K(128K)->9K(128K)
[2026-03-27T14:07:43.407+0900][47.539s][info][gc          ] GC(850) Pause Young (Concurrent Start) (G1 Humongous Allocation) 304M->302M(512M) 1.215ms
[2026-03-27T14:07:43.407+0900][47.539s][info][gc,cpu      ] GC(850) User=0.00s Sys=0.00s Real=0.00s
[2026-03-27T14:07:43.407+0900][47.539s][info][gc          ] GC(851) Concurrent Mark Cycle
[2026-03-27T14:07:43.407+0900][47.539s][info][gc,marking  ] GC(851) Concurrent Clear Claimed Marks
[2026-03-27T14:07:43.407+0900][47.539s][info][gc,marking  ] GC(851) Concurrent Clear Claimed Marks 0.017ms
[2026-03-27T14:07:43.407+0900][47.539s][info][gc,marking  ] GC(851) Concurrent Scan Root Regions
[2026-03-27T14:07:43.407+0900][47.539s][info][gc,marking  ] GC(851) Concurrent Scan Root Regions 0.093ms
[2026-03-27T14:07:43.407+0900][47.539s][info][gc,marking  ] GC(851) Concurrent Mark
[2026-03-27T14:07:43.407+0900][47.539s][info][gc,marking  ] GC(851) Concurrent Mark From Roots
[2026-03-27T14:07:43.407+0900][47.539s][info][gc,task     ] GC(851) Using 2 workers of 2 for marking
[2026-03-27T14:07:43.407+0900][47.540s][info][gc,marking  ] GC(851) Concurrent Mark From Roots 0.854ms
[2026-03-27T14:07:43.407+0900][47.540s][info][gc,marking  ] GC(851) Concurrent Preclean
[2026-03-27T14:07:43.407+0900][47.540s][info][gc,marking  ] GC(851) Concurrent Preclean 0.019ms
[2026-03-27T14:07:43.410+0900][47.540s][info][gc,start    ] GC(851) Pause Remark
[2026-03-27T14:07:43.410+0900][47.541s][info][gc          ] GC(851) Pause Remark 303M->303M(512M) 0.546ms
[2026-03-27T14:07:43.410+0900][47.541s][info][gc,cpu      ] GC(851) User=0.00s Sys=0.02s Real=0.00s
[2026-03-27T14:07:43.410+0900][47.541s][info][gc,marking  ] GC(851) Concurrent Mark 1.642ms
[2026-03-27T14:07:43.410+0900][47.541s][info][gc,marking  ] GC(851) Concurrent Rebuild Remembered Sets
[2026-03-27T14:07:43.410+0900][47.541s][info][gc,marking  ] GC(851) Concurrent Rebuild Remembered Sets 0.443ms
[2026-03-27T14:07:43.410+0900][47.541s][info][gc,start    ] GC(851) Pause Cleanup
[2026-03-27T14:07:43.410+0900][47.541s][info][gc          ] GC(851) Pause Cleanup 303M->303M(512M) 0.102ms
[2026-03-27T14:07:43.410+0900][47.541s][info][gc,cpu      ] GC(851) User=0.00s Sys=0.00s Real=0.00s
[2026-03-27T14:07:43.410+0900][47.542s][info][gc,marking  ] GC(851) Concurrent Cleanup for Next Mark
[2026-03-27T14:07:43.410+0900][47.542s][info][gc,marking  ] GC(851) Concurrent Cleanup for Next Mark 0.291ms
[2026-03-27T14:07:43.410+0900][47.542s][info][gc          ] GC(851) Concurrent Mark Cycle 2.947ms
[2026-03-27T14:07:43.459+0900][47.590s][info][gc,start    ] GC(852) Pause Young (Concurrent Start) (G1 Humongous Allocation)
[2026-03-27T14:07:43.459+0900][47.590s][info][gc,task     ] GC(852) Using 8 workers of 8 for evacuation
[2026-03-27T14:07:43.459+0900][47.592s][info][gc,phases   ] GC(852)   Pre Evacuate Collection Set: 0.2ms
[2026-03-27T14:07:43.459+0900][47.592s][info][gc,phases   ] GC(852)   Merge Heap Roots: 0.3ms
[2026-03-27T14:07:43.459+0900][47.592s][info][gc,phases   ] GC(852)   Evacuate Collection Set: 0.3ms
[2026-03-27T14:07:43.459+0900][47.592s][info][gc,phases   ] GC(852)   Post Evacuate Collection Set: 0.9ms
[2026-03-27T14:07:43.459+0900][47.592s][info][gc,phases   ] GC(852)   Other: 0.3ms
[2026-03-27T14:07:43.459+0900][47.592s][info][gc,heap     ] GC(852) Eden regions: 1->0(155)
[2026-03-27T14:07:43.459+0900][47.592s][info][gc,heap     ] GC(852) Survivor regions: 1->1(20)
[2026-03-27T14:07:43.459+0900][47.592s][info][gc,heap     ] GC(852) Old regions: 1->1
[2026-03-27T14:07:43.459+0900][47.592s][info][gc,heap     ] GC(852) Archive regions: 0->0
[2026-03-27T14:07:43.459+0900][47.592s][info][gc,heap     ] GC(852) Humongous regions: 303->302
[2026-03-27T14:07:43.459+0900][47.592s][info][gc,metaspace] GC(852) Metaspace: 166K(384K)->166K(384K) NonClass: 157K(256K)->157K(256K) Class: 9K(128K)->9K(128K)
[2026-03-27T14:07:43.459+0900][47.593s][info][gc          ] GC(852) Pause Young (Concurrent Start) (G1 Humongous Allocation) 304M->302M(512M) 2.695ms
[2026-03-27T14:07:43.459+0900][47.593s][info][gc,cpu      ] GC(852) User=0.00s Sys=0.00s Real=0.00s
[2026-03-27T14:07:43.459+0900][47.593s][info][gc          ] GC(853) Concurrent Mark Cycle
[2026-03-27T14:07:43.459+0900][47.593s][info][gc,marking  ] GC(853) Concurrent Clear Claimed Marks
[2026-03-27T14:07:43.459+0900][47.593s][info][gc,marking  ] GC(853) Concurrent Clear Claimed Marks 0.050ms
[2026-03-27T14:07:43.459+0900][47.593s][info][gc,marking  ] GC(853) Concurrent Scan Root Regions
[2026-03-27T14:07:43.459+0900][47.593s][info][gc,marking  ] GC(853) Concurrent Scan Root Regions 0.223ms
[2026-03-27T14:07:43.459+0900][47.593s][info][gc,marking  ] GC(853) Concurrent Mark
[2026-03-27T14:07:43.459+0900][47.593s][info][gc,marking  ] GC(853) Concurrent Mark From Roots
[2026-03-27T14:07:43.459+0900][47.593s][info][gc,task     ] GC(853) Using 2 workers of 2 for marking
[2026-03-27T14:07:43.459+0900][47.595s][info][gc,marking  ] GC(853) Concurrent Mark From Roots 2.093ms
[2026-03-27T14:07:43.459+0900][47.595s][info][gc,marking  ] GC(853) Concurrent Preclean
[2026-03-27T14:07:43.459+0900][47.596s][info][gc,marking  ] GC(853) Concurrent Preclean 0.044ms
[2026-03-27T14:07:43.459+0900][47.596s][info][gc,start    ] GC(853) Pause Remark
[2026-03-27T14:07:43.459+0900][47.597s][info][gc          ] GC(853) Pause Remark 305M->305M(512M) 1.488ms
[2026-03-27T14:07:43.459+0900][47.598s][info][gc,cpu      ] GC(853) User=0.00s Sys=0.00s Real=0.00s
[2026-03-27T14:07:43.459+0900][47.598s][info][gc,marking  ] GC(853) Concurrent Mark 4.468ms
[2026-03-27T14:07:43.459+0900][47.598s][info][gc,marking  ] GC(853) Concurrent Rebuild Remembered Sets
[2026-03-27T14:07:43.459+0900][47.599s][info][gc,marking  ] GC(853) Concurrent Rebuild Remembered Sets 1.003ms
[2026-03-27T14:07:43.459+0900][47.599s][info][gc,start    ] GC(853) Pause Cleanup
[2026-03-27T14:07:43.459+0900][47.600s][info][gc          ] GC(853) Pause Cleanup 305M->305M(512M) 0.287ms
[2026-03-27T14:07:43.459+0900][47.600s][info][gc,cpu      ] GC(853) User=0.00s Sys=0.00s Real=0.00s
[2026-03-27T14:07:43.459+0900][47.600s][info][gc,marking  ] GC(853) Concurrent Cleanup for Next Mark
[2026-03-27T14:07:43.459+0900][47.600s][info][gc,marking  ] GC(853) Concurrent Cleanup for Next Mark 0.578ms
[2026-03-27T14:07:43.459+0900][47.600s][info][gc          ] GC(853) Concurrent Mark Cycle 7.635ms
[2026-03-27T14:07:43.522+0900][47.653s][info][gc,start    ] GC(854) Pause Young (Concurrent Start) (G1 Humongous Allocation)
[2026-03-27T14:07:43.522+0900][47.653s][info][gc,task     ] GC(854) Using 8 workers of 8 for evacuation
[2026-03-27T14:07:43.522+0900][47.655s][info][gc,phases   ] GC(854)   Pre Evacuate Collection Set: 0.3ms
[2026-03-27T14:07:43.522+0900][47.655s][info][gc,phases   ] GC(854)   Merge Heap Roots: 0.3ms
[2026-03-27T14:07:43.522+0900][47.655s][info][gc,phases   ] GC(854)   Evacuate Collection Set: 0.3ms
[2026-03-27T14:07:43.522+0900][47.655s][info][gc,phases   ] GC(854)   Post Evacuate Collection Set: 0.9ms
[2026-03-27T14:07:43.522+0900][47.655s][info][gc,phases   ] GC(854)   Other: 0.3ms
[2026-03-27T14:07:43.522+0900][47.656s][info][gc,heap     ] GC(854) Eden regions: 1->0(153)
[2026-03-27T14:07:43.522+0900][47.656s][info][gc,heap     ] GC(854) Survivor regions: 1->1(20)
[2026-03-27T14:07:43.522+0900][47.656s][info][gc,heap     ] GC(854) Old regions: 1->1
[2026-03-27T14:07:43.522+0900][47.656s][info][gc,heap     ] GC(854) Archive regions: 0->0
[2026-03-27T14:07:43.522+0900][47.656s][info][gc,heap     ] GC(854) Humongous regions: 305->304
[2026-03-27T14:07:43.522+0900][47.656s][info][gc,metaspace] GC(854) Metaspace: 166K(384K)->166K(384K) NonClass: 157K(256K)->157K(256K) Class: 9K(128K)->9K(128K)
[2026-03-27T14:07:43.522+0900][47.656s][info][gc          ] GC(854) Pause Young (Concurrent Start) (G1 Humongous Allocation) 306M->304M(512M) 2.756ms
[2026-03-27T14:07:43.522+0900][47.656s][info][gc,cpu      ] GC(854) User=0.00s Sys=0.00s Real=0.00s
[2026-03-27T14:07:43.522+0900][47.656s][info][gc          ] GC(855) Concurrent Mark Cycle
[2026-03-27T14:07:43.522+0900][47.656s][info][gc,marking  ] GC(855) Concurrent Clear Claimed Marks
[2026-03-27T14:07:43.522+0900][47.656s][info][gc,marking  ] GC(855) Concurrent Clear Claimed Marks 0.041ms
[2026-03-27T14:07:43.522+0900][47.656s][info][gc,marking  ] GC(855) Concurrent Scan Root Regions
[2026-03-27T14:07:43.522+0900][47.656s][info][gc,marking  ] GC(855) Concurrent Scan Root Regions 0.250ms
[2026-03-27T14:07:43.522+0900][47.656s][info][gc,marking  ] GC(855) Concurrent Mark
[2026-03-27T14:07:43.522+0900][47.657s][info][gc,marking  ] GC(855) Concurrent Mark From Roots
[2026-03-27T14:07:43.522+0900][47.657s][info][gc,task     ] GC(855) Using 2 workers of 2 for marking
[2026-03-27T14:07:43.522+0900][47.659s][info][gc,marking  ] GC(855) Concurrent Mark From Roots 2.002ms
[2026-03-27T14:07:43.522+0900][47.659s][info][gc,marking  ] GC(855) Concurrent Preclean
[2026-03-27T14:07:43.522+0900][47.659s][info][gc,marking  ] GC(855) Concurrent Preclean 0.045ms
[2026-03-27T14:07:43.522+0900][47.659s][info][gc,start    ] GC(855) Pause Remark
[2026-03-27T14:07:43.522+0900][47.661s][info][gc          ] GC(855) Pause Remark 305M->305M(512M) 1.441ms
[2026-03-27T14:07:43.522+0900][47.661s][info][gc,cpu      ] GC(855) User=0.00s Sys=0.00s Real=0.00s
[2026-03-27T14:07:43.522+0900][47.661s][info][gc,marking  ] GC(855) Concurrent Mark 4.307ms
[2026-03-27T14:07:43.522+0900][47.661s][info][gc,marking  ] GC(855) Concurrent Rebuild Remembered Sets
[2026-03-27T14:07:43.522+0900][47.662s][info][gc,marking  ] GC(855) Concurrent Rebuild Remembered Sets 1.032ms
[2026-03-27T14:07:43.522+0900][47.662s][info][gc,start    ] GC(855) Pause Cleanup
[2026-03-27T14:07:43.522+0900][47.663s][info][gc          ] GC(855) Pause Cleanup 305M->305M(512M) 0.356ms
[2026-03-27T14:07:43.522+0900][47.663s][info][gc,cpu      ] GC(855) User=0.00s Sys=0.00s Real=0.00s
[2026-03-27T14:07:43.522+0900][47.663s][info][gc,marking  ] GC(855) Concurrent Cleanup for Next Mark
[2026-03-27T14:07:43.522+0900][47.664s][info][gc,marking  ] GC(855) Concurrent Cleanup for Next Mark 0.652ms
[2026-03-27T14:07:43.522+0900][47.664s][info][gc          ] GC(855) Concurrent Mark Cycle 7.784ms
[2026-03-27T14:07:43.577+0900][47.707s][info][gc,start    ] GC(856) Pause Young (Concurrent Start) (G1 Humongous Allocation)
[2026-03-27T14:07:43.577+0900][47.708s][info][gc,task     ] GC(856) Using 8 workers of 8 for evacuation
[2026-03-27T14:07:43.577+0900][47.710s][info][gc,phases   ] GC(856)   Pre Evacuate Collection Set: 0.2ms
[2026-03-27T14:07:43.577+0900][47.710s][info][gc,phases   ] GC(856)   Merge Heap Roots: 0.3ms
[2026-03-27T14:07:43.577+0900][47.710s][info][gc,phases   ] GC(856)   Evacuate Collection Set: 0.3ms
[2026-03-27T14:07:43.577+0900][47.710s][info][gc,phases   ] GC(856)   Post Evacuate Collection Set: 0.9ms
[2026-03-27T14:07:43.577+0900][47.710s][info][gc,phases   ] GC(856)   Other: 0.3ms
[2026-03-27T14:07:43.577+0900][47.710s][info][gc,heap     ] GC(856) Eden regions: 1->0(153)
[2026-03-27T14:07:43.577+0900][47.710s][info][gc,heap     ] GC(856) Survivor regions: 1->1(20)
[2026-03-27T14:07:43.577+0900][47.710s][info][gc,heap     ] GC(856) Old regions: 1->1
[2026-03-27T14:07:43.577+0900][47.710s][info][gc,heap     ] GC(856) Archive regions: 0->0
[2026-03-27T14:07:43.577+0900][47.710s][info][gc,heap     ] GC(856) Humongous regions: 305->304
[2026-03-27T14:07:43.577+0900][47.710s][info][gc,metaspace] GC(856) Metaspace: 166K(384K)->166K(384K) NonClass: 157K(256K)->157K(256K) Class: 9K(128K)->9K(128K)
[2026-03-27T14:07:43.577+0900][47.710s][info][gc          ] GC(856) Pause Young (Concurrent Start) (G1 Humongous Allocation) 306M->304M(512M) 2.775ms
[2026-03-27T14:07:43.577+0900][47.710s][info][gc,cpu      ] GC(856) User=0.00s Sys=0.00s Real=0.00s
[2026-03-27T14:07:43.577+0900][47.710s][info][gc          ] GC(857) Concurrent Mark Cycle
[2026-03-27T14:07:43.577+0900][47.710s][info][gc,marking  ] GC(857) Concurrent Clear Claimed Marks
[2026-03-27T14:07:43.577+0900][47.711s][info][gc,marking  ] GC(857) Concurrent Clear Claimed Marks 0.041ms
[2026-03-27T14:07:43.577+0900][47.711s][info][gc,marking  ] GC(857) Concurrent Scan Root Regions
[2026-03-27T14:07:43.577+0900][47.711s][info][gc,marking  ] GC(857) Concurrent Scan Root Regions 0.219ms
[2026-03-27T14:07:43.577+0900][47.711s][info][gc,marking  ] GC(857) Concurrent Mark
[2026-03-27T14:07:43.577+0900][47.711s][info][gc,marking  ] GC(857) Concurrent Mark From Roots
[2026-03-27T14:07:43.577+0900][47.711s][info][gc,task     ] GC(857) Using 2 workers of 2 for marking
[2026-03-27T14:07:43.577+0900][47.713s][info][gc,marking  ] GC(857) Concurrent Mark From Roots 2.041ms
[2026-03-27T14:07:43.577+0900][47.713s][info][gc,marking  ] GC(857) Concurrent Preclean
[2026-03-27T14:07:43.577+0900][47.713s][info][gc,marking  ] GC(857) Concurrent Preclean 0.045ms
[2026-03-27T14:07:43.577+0900][47.714s][info][gc,start    ] GC(857) Pause Remark
[2026-03-27T14:07:43.577+0900][47.715s][info][gc          ] GC(857) Pause Remark 305M->305M(512M) 1.423ms
[2026-03-27T14:07:43.577+0900][47.715s][info][gc,cpu      ] GC(857) User=0.00s Sys=0.00s Real=0.00s
[2026-03-27T14:07:43.577+0900][47.715s][info][gc,marking  ] GC(857) Concurrent Mark 4.410ms
[2026-03-27T14:07:43.577+0900][47.715s][info][gc,marking  ] GC(857) Concurrent Rebuild Remembered Sets
[2026-03-27T14:07:43.586+0900][47.717s][info][gc,marking  ] GC(857) Concurrent Rebuild Remembered Sets 1.158ms
[2026-03-27T14:07:43.586+0900][47.717s][info][gc,start    ] GC(857) Pause Cleanup
[2026-03-27T14:07:43.586+0900][47.717s][info][gc          ] GC(857) Pause Cleanup 305M->305M(512M) 0.334ms
[2026-03-27T14:07:43.586+0900][47.717s][info][gc,cpu      ] GC(857) User=0.00s Sys=0.00s Real=0.00s
[2026-03-27T14:07:43.586+0900][47.718s][info][gc,marking  ] GC(857) Concurrent Cleanup for Next Mark
[2026-03-27T14:07:43.586+0900][47.718s][info][gc,marking  ] GC(857) Concurrent Cleanup for Next Mark 0.639ms
[2026-03-27T14:07:43.586+0900][47.718s][info][gc          ] GC(857) Concurrent Mark Cycle 7.869ms
[2026-03-27T14:07:43.641+0900][47.772s][info][gc,start    ] GC(858) Pause Young (Concurrent Start) (G1 Humongous Allocation)
[2026-03-27T14:07:43.641+0900][47.772s][info][gc,task     ] GC(858) Using 8 workers of 8 for evacuation
[2026-03-27T14:07:43.641+0900][47.774s][info][gc,phases   ] GC(858)   Pre Evacuate Collection Set: 0.2ms
[2026-03-27T14:07:43.641+0900][47.774s][info][gc,phases   ] GC(858)   Merge Heap Roots: 0.3ms
[2026-03-27T14:07:43.641+0900][47.774s][info][gc,phases   ] GC(858)   Evacuate Collection Set: 0.4ms
[2026-03-27T14:07:43.641+0900][47.774s][info][gc,phases   ] GC(858)   Post Evacuate Collection Set: 0.9ms
[2026-03-27T14:07:43.641+0900][47.774s][info][gc,phases   ] GC(858)   Other: 0.2ms
[2026-03-27T14:07:43.641+0900][47.774s][info][gc,heap     ] GC(858) Eden regions: 1->0(153)
[2026-03-27T14:07:43.641+0900][47.774s][info][gc,heap     ] GC(858) Survivor regions: 1->1(20)
[2026-03-27T14:07:43.641+0900][47.774s][info][gc,heap     ] GC(858) Old regions: 1->1
[2026-03-27T14:07:43.641+0900][47.774s][info][gc,heap     ] GC(858) Archive regions: 0->0
[2026-03-27T14:07:43.641+0900][47.774s][info][gc,heap     ] GC(858) Humongous regions: 305->304
[2026-03-27T14:07:43.641+0900][47.774s][info][gc,metaspace] GC(858) Metaspace: 166K(384K)->166K(384K) NonClass: 157K(256K)->157K(256K) Class: 9K(128K)->9K(128K)
[2026-03-27T14:07:43.641+0900][47.775s][info][gc          ] GC(858) Pause Young (Concurrent Start) (G1 Humongous Allocation) 306M->304M(512M) 2.779ms
[2026-03-27T14:07:43.641+0900][47.775s][info][gc,cpu      ] GC(858) User=0.00s Sys=0.00s Real=0.00s
[2026-03-27T14:07:43.641+0900][47.775s][info][gc          ] GC(859) Concurrent Mark Cycle
[2026-03-27T14:07:43.641+0900][47.775s][info][gc,marking  ] GC(859) Concurrent Clear Claimed Marks
[2026-03-27T14:07:43.641+0900][47.775s][info][gc,marking  ] GC(859) Concurrent Clear Claimed Marks 0.045ms
[2026-03-27T14:07:43.641+0900][47.775s][info][gc,marking  ] GC(859) Concurrent Scan Root Regions
[2026-03-27T14:07:43.641+0900][47.775s][info][gc,marking  ] GC(859) Concurrent Scan Root Regions 0.227ms
[2026-03-27T14:07:43.641+0900][47.775s][info][gc,marking  ] GC(859) Concurrent Mark
[2026-03-27T14:07:43.641+0900][47.775s][info][gc,marking  ] GC(859) Concurrent Mark From Roots
[2026-03-27T14:07:43.641+0900][47.775s][info][gc,task     ] GC(859) Using 2 workers of 2 for marking
[2026-03-27T14:07:43.647+0900][47.777s][info][gc,marking  ] GC(859) Concurrent Mark From Roots 2.103ms
[2026-03-27T14:07:43.647+0900][47.778s][info][gc,marking  ] GC(859) Concurrent Preclean
[2026-03-27T14:07:43.647+0900][47.778s][info][gc,marking  ] GC(859) Concurrent Preclean 0.045ms
[2026-03-27T14:07:43.647+0900][47.778s][info][gc,start    ] GC(859) Pause Remark
[2026-03-27T14:07:43.647+0900][47.780s][info][gc          ] GC(859) Pause Remark 305M->305M(512M) 1.531ms
[2026-03-27T14:07:43.647+0900][47.780s][info][gc,cpu      ] GC(859) User=0.00s Sys=0.00s Real=0.00s
[2026-03-27T14:07:43.647+0900][47.780s][info][gc,marking  ] GC(859) Concurrent Mark 4.566ms
[2026-03-27T14:07:43.647+0900][47.780s][info][gc,marking  ] GC(859) Concurrent Rebuild Remembered Sets
[2026-03-27T14:07:43.647+0900][47.781s][info][gc,marking  ] GC(859) Concurrent Rebuild Remembered Sets 1.121ms
[2026-03-27T14:07:43.647+0900][47.782s][info][gc,start    ] GC(859) Pause Cleanup
[2026-03-27T14:07:43.647+0900][47.782s][info][gc          ] GC(859) Pause Cleanup 305M->305M(512M) 0.213ms
[2026-03-27T14:07:43.647+0900][47.782s][info][gc,cpu      ] GC(859) User=0.00s Sys=0.00s Real=0.00s
[2026-03-27T14:07:43.647+0900][47.782s][info][gc,marking  ] GC(859) Concurrent Cleanup for Next Mark
[2026-03-27T14:07:43.647+0900][47.783s][info][gc,marking  ] GC(859) Concurrent Cleanup for Next Mark 0.605ms
[2026-03-27T14:07:43.647+0900][47.783s][info][gc          ] GC(859) Concurrent Mark Cycle 8.065ms
[2026-03-27T14:07:43.706+0900][47.836s][info][gc,start    ] GC(860) Pause Young (Concurrent Start) (G1 Humongous Allocation)
[2026-03-27T14:07:43.706+0900][47.836s][info][gc,task     ] GC(860) Using 8 workers of 8 for evacuation
[2026-03-27T14:07:43.706+0900][47.839s][info][gc,phases   ] GC(860)   Pre Evacuate Collection Set: 0.3ms
[2026-03-27T14:07:43.706+0900][47.839s][info][gc,phases   ] GC(860)   Merge Heap Roots: 0.5ms
[2026-03-27T14:07:43.706+0900][47.839s][info][gc,phases   ] GC(860)   Evacuate Collection Set: 0.7ms
[2026-03-27T14:07:43.706+0900][47.839s][info][gc,phases   ] GC(860)   Post Evacuate Collection Set: 0.8ms
[2026-03-27T14:07:43.706+0900][47.839s][info][gc,phases   ] GC(860)   Other: 0.3ms
[2026-03-27T14:07:43.706+0900][47.839s][info][gc,heap     ] GC(860) Eden regions: 1->0(153)
[2026-03-27T14:07:43.706+0900][47.839s][info][gc,heap     ] GC(860) Survivor regions: 1->1(20)
[2026-03-27T14:07:43.706+0900][47.839s][info][gc,heap     ] GC(860) Old regions: 1->1
[2026-03-27T14:07:43.706+0900][47.839s][info][gc,heap     ] GC(860) Archive regions: 0->0
[2026-03-27T14:07:43.706+0900][47.839s][info][gc,heap     ] GC(860) Humongous regions: 305->304
[2026-03-27T14:07:43.706+0900][47.839s][info][gc,metaspace] GC(860) Metaspace: 166K(384K)->166K(384K) NonClass: 157K(256K)->157K(256K) Class: 9K(128K)->9K(128K)
[2026-03-27T14:07:43.706+0900][47.839s][info][gc          ] GC(860) Pause Young (Concurrent Start) (G1 Humongous Allocation) 306M->304M(512M) 3.000ms
[2026-03-27T14:07:43.706+0900][47.839s][info][gc,cpu      ] GC(860) User=0.02s Sys=0.00s Real=0.00s
[2026-03-27T14:07:43.706+0900][47.839s][info][gc          ] GC(861) Concurrent Mark Cycle
[2026-03-27T14:07:43.706+0900][47.839s][info][gc,marking  ] GC(861) Concurrent Clear Claimed Marks
[2026-03-27T14:07:43.706+0900][47.839s][info][gc,marking  ] GC(861) Concurrent Clear Claimed Marks 0.021ms
[2026-03-27T14:07:43.706+0900][47.839s][info][gc,marking  ] GC(861) Concurrent Scan Root Regions
[2026-03-27T14:07:43.706+0900][47.839s][info][gc,marking  ] GC(861) Concurrent Scan Root Regions 0.143ms
[2026-03-27T14:07:43.706+0900][47.840s][info][gc,marking  ] GC(861) Concurrent Mark
[2026-03-27T14:07:43.706+0900][47.840s][info][gc,marking  ] GC(861) Concurrent Mark From Roots
[2026-03-27T14:07:43.706+0900][47.840s][info][gc,task     ] GC(861) Using 2 workers of 2 for marking
[2026-03-27T14:07:43.706+0900][47.841s][info][gc,marking  ] GC(861) Concurrent Mark From Roots 0.983ms
[2026-03-27T14:07:43.706+0900][47.841s][info][gc,marking  ] GC(861) Concurrent Preclean
[2026-03-27T14:07:43.706+0900][47.841s][info][gc,marking  ] GC(861) Concurrent Preclean 0.037ms
[2026-03-27T14:07:43.706+0900][47.841s][info][gc,start    ] GC(861) Pause Remark
[2026-03-27T14:07:43.706+0900][47.842s][info][gc          ] GC(861) Pause Remark 305M->305M(512M) 0.828ms
[2026-03-27T14:07:43.706+0900][47.842s][info][gc,cpu      ] GC(861) User=0.00s Sys=0.00s Real=0.00s
[2026-03-27T14:07:43.706+0900][47.842s][info][gc,marking  ] GC(861) Concurrent Mark 2.146ms
[2026-03-27T14:07:43.706+0900][47.842s][info][gc,marking  ] GC(861) Concurrent Rebuild Remembered Sets
[2026-03-27T14:07:43.706+0900][47.842s][info][gc,marking  ] GC(861) Concurrent Rebuild Remembered Sets 0.621ms
[2026-03-27T14:07:43.706+0900][47.843s][info][gc,start    ] GC(861) Pause Cleanup
[2026-03-27T14:07:43.706+0900][47.843s][info][gc          ] GC(861) Pause Cleanup 305M->305M(512M) 0.198ms
[2026-03-27T14:07:43.706+0900][47.843s][info][gc,cpu      ] GC(861) User=0.00s Sys=0.00s Real=0.00s
[2026-03-27T14:07:43.706+0900][47.843s][info][gc,marking  ] GC(861) Concurrent Cleanup for Next Mark
[2026-03-27T14:07:43.706+0900][47.843s][info][gc,marking  ] GC(861) Concurrent Cleanup for Next Mark 0.268ms
[2026-03-27T14:07:43.706+0900][47.843s][info][gc          ] GC(861) Concurrent Mark Cycle 3.935ms
[2026-03-27T14:07:43.770+0900][47.900s][info][gc,start    ] GC(862) Pause Young (Concurrent Start) (G1 Humongous Allocation)
[2026-03-27T14:07:43.770+0900][47.900s][info][gc,task     ] GC(862) Using 8 workers of 8 for evacuation
[2026-03-27T14:07:43.770+0900][47.902s][info][gc,phases   ] GC(862)   Pre Evacuate Collection Set: 0.2ms
[2026-03-27T14:07:43.770+0900][47.902s][info][gc,phases   ] GC(862)   Merge Heap Roots: 0.3ms
[2026-03-27T14:07:43.770+0900][47.902s][info][gc,phases   ] GC(862)   Evacuate Collection Set: 0.3ms
[2026-03-27T14:07:43.770+0900][47.902s][info][gc,phases   ] GC(862)   Post Evacuate Collection Set: 0.7ms
[2026-03-27T14:07:43.770+0900][47.902s][info][gc,phases   ] GC(862)   Other: 0.2ms
[2026-03-27T14:07:43.770+0900][47.902s][info][gc,heap     ] GC(862) Eden regions: 1->0(153)
[2026-03-27T14:07:43.770+0900][47.902s][info][gc,heap     ] GC(862) Survivor regions: 1->1(20)
[2026-03-27T14:07:43.770+0900][47.903s][info][gc,heap     ] GC(862) Old regions: 1->1
[2026-03-27T14:07:43.770+0900][47.903s][info][gc,heap     ] GC(862) Archive regions: 0->0
[2026-03-27T14:07:43.770+0900][47.903s][info][gc,heap     ] GC(862) Humongous regions: 305->304
[2026-03-27T14:07:43.770+0900][47.903s][info][gc,metaspace] GC(862) Metaspace: 166K(384K)->166K(384K) NonClass: 157K(256K)->157K(256K) Class: 9K(128K)->9K(128K)
[2026-03-27T14:07:43.770+0900][47.903s][info][gc          ] GC(862) Pause Young (Concurrent Start) (G1 Humongous Allocation) 306M->304M(512M) 2.527ms
[2026-03-27T14:07:43.770+0900][47.903s][info][gc,cpu      ] GC(862) User=0.00s Sys=0.00s Real=0.00s
[2026-03-27T14:07:43.770+0900][47.903s][info][gc          ] GC(863) Concurrent Mark Cycle
[2026-03-27T14:07:43.770+0900][47.903s][info][gc,marking  ] GC(863) Concurrent Clear Claimed Marks
[2026-03-27T14:07:43.770+0900][47.903s][info][gc,marking  ] GC(863) Concurrent Clear Claimed Marks 0.042ms
[2026-03-27T14:07:43.770+0900][47.903s][info][gc,marking  ] GC(863) Concurrent Scan Root Regions
[2026-03-27T14:07:43.770+0900][47.903s][info][gc,marking  ] GC(863) Concurrent Scan Root Regions 0.231ms
[2026-03-27T14:07:43.770+0900][47.903s][info][gc,marking  ] GC(863) Concurrent Mark
[2026-03-27T14:07:43.770+0900][47.903s][info][gc,marking  ] GC(863) Concurrent Mark From Roots
[2026-03-27T14:07:43.770+0900][47.903s][info][gc,task     ] GC(863) Using 2 workers of 2 for marking
[2026-03-27T14:07:43.770+0900][47.905s][info][gc,marking  ] GC(863) Concurrent Mark From Roots 1.734ms
[2026-03-27T14:07:43.770+0900][47.905s][info][gc,marking  ] GC(863) Concurrent Preclean
[2026-03-27T14:07:43.770+0900][47.905s][info][gc,marking  ] GC(863) Concurrent Preclean 0.031ms
[2026-03-27T14:07:43.770+0900][47.906s][info][gc,start    ] GC(863) Pause Remark
[2026-03-27T14:07:43.770+0900][47.906s][info][gc          ] GC(863) Pause Remark 307M->307M(512M) 0.914ms
[2026-03-27T14:07:43.770+0900][47.907s][info][gc,cpu      ] GC(863) User=0.00s Sys=0.00s Real=0.00s
[2026-03-27T14:07:43.770+0900][47.907s][info][gc,marking  ] GC(863) Concurrent Mark 3.281ms
[2026-03-27T14:07:43.770+0900][47.907s][info][gc,marking  ] GC(863) Concurrent Rebuild Remembered Sets
[2026-03-27T14:07:43.777+0900][47.908s][info][gc,marking  ] GC(863) Concurrent Rebuild Remembered Sets 0.858ms
[2026-03-27T14:07:43.777+0900][47.908s][info][gc,start    ] GC(863) Pause Cleanup
[2026-03-27T14:07:43.777+0900][47.908s][info][gc          ] GC(863) Pause Cleanup 307M->307M(512M) 0.313ms
[2026-03-27T14:07:43.777+0900][47.908s][info][gc,cpu      ] GC(863) User=0.00s Sys=0.00s Real=0.00s
[2026-03-27T14:07:43.777+0900][47.908s][info][gc,marking  ] GC(863) Concurrent Cleanup for Next Mark
[2026-03-27T14:07:43.777+0900][47.909s][info][gc,marking  ] GC(863) Concurrent Cleanup for Next Mark 0.486ms
[2026-03-27T14:07:43.777+0900][47.909s][info][gc          ] GC(863) Concurrent Mark Cycle 6.132ms
[2026-03-27T14:07:43.834+0900][47.964s][info][gc,start    ] GC(864) Pause Young (Concurrent Start) (G1 Humongous Allocation)
[2026-03-27T14:07:43.834+0900][47.964s][info][gc,task     ] GC(864) Using 8 workers of 8 for evacuation
[2026-03-27T14:07:43.834+0900][47.966s][info][gc,phases   ] GC(864)   Pre Evacuate Collection Set: 0.2ms
[2026-03-27T14:07:43.834+0900][47.966s][info][gc,phases   ] GC(864)   Merge Heap Roots: 0.4ms
[2026-03-27T14:07:43.834+0900][47.966s][info][gc,phases   ] GC(864)   Evacuate Collection Set: 0.3ms
[2026-03-27T14:07:43.834+0900][47.966s][info][gc,phases   ] GC(864)   Post Evacuate Collection Set: 0.6ms
[2026-03-27T14:07:43.834+0900][47.966s][info][gc,phases   ] GC(864)   Other: 0.3ms
[2026-03-27T14:07:43.834+0900][47.966s][info][gc,heap     ] GC(864) Eden regions: 1->0(151)
[2026-03-27T14:07:43.834+0900][47.966s][info][gc,heap     ] GC(864) Survivor regions: 1->1(20)
[2026-03-27T14:07:43.834+0900][47.966s][info][gc,heap     ] GC(864) Old regions: 1->1
[2026-03-27T14:07:43.834+0900][47.966s][info][gc,heap     ] GC(864) Archive regions: 0->0
[2026-03-27T14:07:43.834+0900][47.967s][info][gc,heap     ] GC(864) Humongous regions: 307->306
[2026-03-27T14:07:43.834+0900][47.967s][info][gc,metaspace] GC(864) Metaspace: 166K(384K)->166K(384K) NonClass: 157K(256K)->157K(256K) Class: 9K(128K)->9K(128K)
[2026-03-27T14:07:43.834+0900][47.967s][info][gc          ] GC(864) Pause Young (Concurrent Start) (G1 Humongous Allocation) 308M->306M(512M) 2.493ms
[2026-03-27T14:07:43.834+0900][47.967s][info][gc,cpu      ] GC(864) User=0.00s Sys=0.00s Real=0.00s
[2026-03-27T14:07:43.834+0900][47.967s][info][gc          ] GC(865) Concurrent Mark Cycle
[2026-03-27T14:07:43.834+0900][47.967s][info][gc,marking  ] GC(865) Concurrent Clear Claimed Marks
[2026-03-27T14:07:43.834+0900][47.967s][info][gc,marking  ] GC(865) Concurrent Clear Claimed Marks 0.047ms
[2026-03-27T14:07:43.834+0900][47.967s][info][gc,marking  ] GC(865) Concurrent Scan Root Regions
[2026-03-27T14:07:43.834+0900][47.967s][info][gc,marking  ] GC(865) Concurrent Scan Root Regions 0.223ms
[2026-03-27T14:07:43.834+0900][47.967s][info][gc,marking  ] GC(865) Concurrent Mark
[2026-03-27T14:07:43.834+0900][47.967s][info][gc,marking  ] GC(865) Concurrent Mark From Roots
[2026-03-27T14:07:43.834+0900][47.967s][info][gc,task     ] GC(865) Using 2 workers of 2 for marking
[2026-03-27T14:07:43.834+0900][47.969s][info][gc,marking  ] GC(865) Concurrent Mark From Roots 2.004ms
[2026-03-27T14:07:43.834+0900][47.969s][info][gc,marking  ] GC(865) Concurrent Preclean
[2026-03-27T14:07:43.834+0900][47.970s][info][gc,marking  ] GC(865) Concurrent Preclean 0.044ms
[2026-03-27T14:07:43.834+0900][47.970s][info][gc,start    ] GC(865) Pause Remark
[2026-03-27T14:07:43.834+0900][47.972s][info][gc          ] GC(865) Pause Remark 307M->307M(512M) 1.614ms
[2026-03-27T14:07:43.834+0900][47.972s][info][gc,cpu      ] GC(865) User=0.00s Sys=0.00s Real=0.00s
[2026-03-27T14:07:43.834+0900][47.972s][info][gc,marking  ] GC(865) Concurrent Mark 4.724ms
[2026-03-27T14:07:43.834+0900][47.972s][info][gc,marking  ] GC(865) Concurrent Rebuild Remembered Sets
[2026-03-27T14:07:43.834+0900][47.973s][info][gc,marking  ] GC(865) Concurrent Rebuild Remembered Sets 1.014ms
[2026-03-27T14:07:43.834+0900][47.973s][info][gc,start    ] GC(865) Pause Cleanup
[2026-03-27T14:07:43.834+0900][47.974s][info][gc          ] GC(865) Pause Cleanup 307M->307M(512M) 0.245ms
[2026-03-27T14:07:43.834+0900][47.974s][info][gc,cpu      ] GC(865) User=0.00s Sys=0.00s Real=0.00s
[2026-03-27T14:07:43.834+0900][47.974s][info][gc,marking  ] GC(865) Concurrent Cleanup for Next Mark
[2026-03-27T14:07:43.834+0900][47.975s][info][gc,marking  ] GC(865) Concurrent Cleanup for Next Mark 0.632ms
[2026-03-27T14:07:43.834+0900][47.975s][info][gc          ] GC(865) Concurrent Mark Cycle 7.950ms
[2026-03-27T14:07:43.898+0900][48.028s][info][gc,start    ] GC(866) Pause Young (Concurrent Start) (G1 Humongous Allocation)
[2026-03-27T14:07:43.898+0900][48.028s][info][gc,task     ] GC(866) Using 8 workers of 8 for evacuation
[2026-03-27T14:07:43.898+0900][48.029s][info][gc,phases   ] GC(866)   Pre Evacuate Collection Set: 0.2ms
[2026-03-27T14:07:43.898+0900][48.029s][info][gc,phases   ] GC(866)   Merge Heap Roots: 0.2ms
[2026-03-27T14:07:43.898+0900][48.029s][info][gc,phases   ] GC(866)   Evacuate Collection Set: 0.1ms
[2026-03-27T14:07:43.898+0900][48.029s][info][gc,phases   ] GC(866)   Post Evacuate Collection Set: 0.5ms
[2026-03-27T14:07:43.898+0900][48.029s][info][gc,phases   ] GC(866)   Other: 0.2ms
[2026-03-27T14:07:43.898+0900][48.029s][info][gc,heap     ] GC(866) Eden regions: 1->0(151)
[2026-03-27T14:07:43.898+0900][48.029s][info][gc,heap     ] GC(866) Survivor regions: 1->1(19)
[2026-03-27T14:07:43.898+0900][48.029s][info][gc,heap     ] GC(866) Old regions: 1->1
[2026-03-27T14:07:43.898+0900][48.029s][info][gc,heap     ] GC(866) Archive regions: 0->0
[2026-03-27T14:07:43.898+0900][48.029s][info][gc,heap     ] GC(866) Humongous regions: 307->306
[2026-03-27T14:07:43.898+0900][48.029s][info][gc,metaspace] GC(866) Metaspace: 166K(384K)->166K(384K) NonClass: 157K(256K)->157K(256K) Class: 9K(128K)->9K(128K)
[2026-03-27T14:07:43.898+0900][48.029s][info][gc          ] GC(866) Pause Young (Concurrent Start) (G1 Humongous Allocation) 308M->306M(512M) 1.423ms
[2026-03-27T14:07:43.898+0900][48.029s][info][gc,cpu      ] GC(866) User=0.00s Sys=0.00s Real=0.00s
[2026-03-27T14:07:43.898+0900][48.029s][info][gc          ] GC(867) Concurrent Mark Cycle
[2026-03-27T14:07:43.898+0900][48.030s][info][gc,marking  ] GC(867) Concurrent Clear Claimed Marks
[2026-03-27T14:07:43.898+0900][48.030s][info][gc,marking  ] GC(867) Concurrent Clear Claimed Marks 0.013ms
[2026-03-27T14:07:43.898+0900][48.030s][info][gc,marking  ] GC(867) Concurrent Scan Root Regions
[2026-03-27T14:07:43.898+0900][48.030s][info][gc,marking  ] GC(867) Concurrent Scan Root Regions 0.069ms
[2026-03-27T14:07:43.898+0900][48.030s][info][gc,marking  ] GC(867) Concurrent Mark
[2026-03-27T14:07:43.898+0900][48.030s][info][gc,marking  ] GC(867) Concurrent Mark From Roots
[2026-03-27T14:07:43.898+0900][48.030s][info][gc,task     ] GC(867) Using 2 workers of 2 for marking
[2026-03-27T14:07:43.898+0900][48.030s][info][gc,marking  ] GC(867) Concurrent Mark From Roots 0.784ms
[2026-03-27T14:07:43.898+0900][48.030s][info][gc,marking  ] GC(867) Concurrent Preclean
[2026-03-27T14:07:43.898+0900][48.030s][info][gc,marking  ] GC(867) Concurrent Preclean 0.014ms
[2026-03-27T14:07:43.898+0900][48.031s][info][gc,start    ] GC(867) Pause Remark
[2026-03-27T14:07:43.898+0900][48.031s][info][gc          ] GC(867) Pause Remark 307M->307M(512M) 0.369ms
[2026-03-27T14:07:43.898+0900][48.031s][info][gc,cpu      ] GC(867) User=0.00s Sys=0.00s Real=0.00s
[2026-03-27T14:07:43.898+0900][48.031s][info][gc,marking  ] GC(867) Concurrent Mark 1.356ms
[2026-03-27T14:07:43.898+0900][48.031s][info][gc,marking  ] GC(867) Concurrent Rebuild Remembered Sets
[2026-03-27T14:07:43.898+0900][48.031s][info][gc,marking  ] GC(867) Concurrent Rebuild Remembered Sets 0.416ms
[2026-03-27T14:07:43.898+0900][48.032s][info][gc,start    ] GC(867) Pause Cleanup
[2026-03-27T14:07:43.898+0900][48.032s][info][gc          ] GC(867) Pause Cleanup 307M->307M(512M) 0.106ms
[2026-03-27T14:07:43.898+0900][48.032s][info][gc,cpu      ] GC(867) User=0.00s Sys=0.00s Real=0.00s
[2026-03-27T14:07:43.898+0900][48.032s][info][gc,marking  ] GC(867) Concurrent Cleanup for Next Mark
[2026-03-27T14:07:43.898+0900][48.032s][info][gc,marking  ] GC(867) Concurrent Cleanup for Next Mark 0.241ms
[2026-03-27T14:07:43.898+0900][48.032s][info][gc          ] GC(867) Concurrent Mark Cycle 2.594ms
[2026-03-27T14:07:43.951+0900][48.081s][info][gc,start    ] GC(868) Pause Young (Concurrent Start) (G1 Humongous Allocation)
[2026-03-27T14:07:43.951+0900][48.081s][info][gc,task     ] GC(868) Using 8 workers of 8 for evacuation
[2026-03-27T14:07:43.951+0900][48.082s][info][gc,phases   ] GC(868)   Pre Evacuate Collection Set: 0.1ms
[2026-03-27T14:07:43.951+0900][48.082s][info][gc,phases   ] GC(868)   Merge Heap Roots: 0.1ms
[2026-03-27T14:07:43.951+0900][48.082s][info][gc,phases   ] GC(868)   Evacuate Collection Set: 0.1ms
[2026-03-27T14:07:43.951+0900][48.082s][info][gc,phases   ] GC(868)   Post Evacuate Collection Set: 0.2ms
[2026-03-27T14:07:43.951+0900][48.082s][info][gc,phases   ] GC(868)   Other: 0.1ms
[2026-03-27T14:07:43.951+0900][48.082s][info][gc,heap     ] GC(868) Eden regions: 1->0(151)
[2026-03-27T14:07:43.951+0900][48.082s][info][gc,heap     ] GC(868) Survivor regions: 1->1(19)
[2026-03-27T14:07:43.951+0900][48.082s][info][gc,heap     ] GC(868) Old regions: 1->1
[2026-03-27T14:07:43.951+0900][48.082s][info][gc,heap     ] GC(868) Archive regions: 0->0
[2026-03-27T14:07:43.951+0900][48.082s][info][gc,heap     ] GC(868) Humongous regions: 307->306
[2026-03-27T14:07:43.951+0900][48.082s][info][gc,metaspace] GC(868) Metaspace: 166K(384K)->166K(384K) NonClass: 157K(256K)->157K(256K) Class: 9K(128K)->9K(128K)
[2026-03-27T14:07:43.951+0900][48.082s][info][gc          ] GC(868) Pause Young (Concurrent Start) (G1 Humongous Allocation) 308M->306M(512M) 1.041ms
[2026-03-27T14:07:43.951+0900][48.082s][info][gc,cpu      ] GC(868) User=0.00s Sys=0.00s Real=0.00s
[2026-03-27T14:07:43.951+0900][48.082s][info][gc          ] GC(869) Concurrent Mark Cycle
[2026-03-27T14:07:43.951+0900][48.082s][info][gc,marking  ] GC(869) Concurrent Clear Claimed Marks
[2026-03-27T14:07:43.951+0900][48.082s][info][gc,marking  ] GC(869) Concurrent Clear Claimed Marks 0.013ms
[2026-03-27T14:07:43.951+0900][48.082s][info][gc,marking  ] GC(869) Concurrent Scan Root Regions
[2026-03-27T14:07:43.951+0900][48.082s][info][gc,marking  ] GC(869) Concurrent Scan Root Regions 0.156ms
[2026-03-27T14:07:43.951+0900][48.082s][info][gc,marking  ] GC(869) Concurrent Mark
[2026-03-27T14:07:43.951+0900][48.082s][info][gc,marking  ] GC(869) Concurrent Mark From Roots
[2026-03-27T14:07:43.951+0900][48.082s][info][gc,task     ] GC(869) Using 2 workers of 2 for marking
[2026-03-27T14:07:43.951+0900][48.083s][info][gc,marking  ] GC(869) Concurrent Mark From Roots 0.791ms
[2026-03-27T14:07:43.951+0900][48.083s][info][gc,marking  ] GC(869) Concurrent Preclean
[2026-03-27T14:07:43.951+0900][48.083s][info][gc,marking  ] GC(869) Concurrent Preclean 0.015ms
[2026-03-27T14:07:43.951+0900][48.083s][info][gc,start    ] GC(869) Pause Remark
[2026-03-27T14:07:43.951+0900][48.084s][info][gc          ] GC(869) Pause Remark 307M->307M(512M) 0.672ms
[2026-03-27T14:07:43.951+0900][48.084s][info][gc,cpu      ] GC(869) User=0.00s Sys=0.00s Real=0.00s
[2026-03-27T14:07:43.951+0900][48.084s][info][gc,marking  ] GC(869) Concurrent Mark 1.826ms
[2026-03-27T14:07:43.951+0900][48.084s][info][gc,marking  ] GC(869) Concurrent Rebuild Remembered Sets
[2026-03-27T14:07:43.951+0900][48.084s][info][gc,marking  ] GC(869) Concurrent Rebuild Remembered Sets 0.494ms
[2026-03-27T14:07:43.951+0900][48.085s][info][gc,start    ] GC(869) Pause Cleanup
[2026-03-27T14:07:43.951+0900][48.085s][info][gc          ] GC(869) Pause Cleanup 307M->307M(512M) 0.140ms
[2026-03-27T14:07:43.951+0900][48.085s][info][gc,cpu      ] GC(869) User=0.00s Sys=0.00s Real=0.00s
[2026-03-27T14:07:43.951+0900][48.085s][info][gc,marking  ] GC(869) Concurrent Cleanup for Next Mark
[2026-03-27T14:07:43.951+0900][48.085s][info][gc,marking  ] GC(869) Concurrent Cleanup for Next Mark 0.414ms
[2026-03-27T14:07:43.951+0900][48.085s][info][gc          ] GC(869) Concurrent Mark Cycle 3.488ms
[2026-03-27T14:07:44.014+0900][48.144s][info][gc,start    ] GC(870) Pause Young (Concurrent Start) (G1 Humongous Allocation)
[2026-03-27T14:07:44.014+0900][48.145s][info][gc,task     ] GC(870) Using 8 workers of 8 for evacuation
[2026-03-27T14:07:44.014+0900][48.145s][info][gc,phases   ] GC(870)   Pre Evacuate Collection Set: 0.1ms
[2026-03-27T14:07:44.014+0900][48.145s][info][gc,phases   ] GC(870)   Merge Heap Roots: 0.2ms
[2026-03-27T14:07:44.014+0900][48.145s][info][gc,phases   ] GC(870)   Evacuate Collection Set: 0.3ms
[2026-03-27T14:07:44.014+0900][48.145s][info][gc,phases   ] GC(870)   Post Evacuate Collection Set: 0.1ms
[2026-03-27T14:07:44.014+0900][48.145s][info][gc,phases   ] GC(870)   Other: 0.1ms
[2026-03-27T14:07:44.014+0900][48.145s][info][gc,heap     ] GC(870) Eden regions: 1->0(151)
[2026-03-27T14:07:44.014+0900][48.145s][info][gc,heap     ] GC(870) Survivor regions: 1->1(19)
[2026-03-27T14:07:44.014+0900][48.146s][info][gc,heap     ] GC(870) Old regions: 1->1
[2026-03-27T14:07:44.014+0900][48.146s][info][gc,heap     ] GC(870) Archive regions: 0->0
[2026-03-27T14:07:44.014+0900][48.146s][info][gc,heap     ] GC(870) Humongous regions: 307->306
[2026-03-27T14:07:44.014+0900][48.146s][info][gc,metaspace] GC(870) Metaspace: 166K(384K)->166K(384K) NonClass: 157K(256K)->157K(256K) Class: 9K(128K)->9K(128K)
[2026-03-27T14:07:44.014+0900][48.146s][info][gc          ] GC(870) Pause Young (Concurrent Start) (G1 Humongous Allocation) 308M->306M(512M) 1.232ms
[2026-03-27T14:07:44.014+0900][48.146s][info][gc,cpu      ] GC(870) User=0.00s Sys=0.00s Real=0.00s
[2026-03-27T14:07:44.014+0900][48.146s][info][gc          ] GC(871) Concurrent Mark Cycle
[2026-03-27T14:07:44.014+0900][48.146s][info][gc,marking  ] GC(871) Concurrent Clear Claimed Marks
[2026-03-27T14:07:44.014+0900][48.146s][info][gc,marking  ] GC(871) Concurrent Clear Claimed Marks 0.040ms
[2026-03-27T14:07:44.014+0900][48.146s][info][gc,marking  ] GC(871) Concurrent Scan Root Regions
[2026-03-27T14:07:44.014+0900][48.146s][info][gc,marking  ] GC(871) Concurrent Scan Root Regions 0.125ms
[2026-03-27T14:07:44.014+0900][48.146s][info][gc,marking  ] GC(871) Concurrent Mark
[2026-03-27T14:07:44.014+0900][48.146s][info][gc,marking  ] GC(871) Concurrent Mark From Roots
[2026-03-27T14:07:44.014+0900][48.146s][info][gc,task     ] GC(871) Using 2 workers of 2 for marking
[2026-03-27T14:07:44.014+0900][48.147s][info][gc,marking  ] GC(871) Concurrent Mark From Roots 1.302ms
[2026-03-27T14:07:44.014+0900][48.147s][info][gc,marking  ] GC(871) Concurrent Preclean
[2026-03-27T14:07:44.014+0900][48.147s][info][gc,marking  ] GC(871) Concurrent Preclean 0.018ms
[2026-03-27T14:07:44.014+0900][48.148s][info][gc,start    ] GC(871) Pause Remark
[2026-03-27T14:07:44.014+0900][48.148s][info][gc          ] GC(871) Pause Remark 307M->307M(512M) 0.536ms
[2026-03-27T14:07:44.014+0900][48.148s][info][gc,cpu      ] GC(871) User=0.00s Sys=0.00s Real=0.00s
[2026-03-27T14:07:44.014+0900][48.148s][info][gc,marking  ] GC(871) Concurrent Mark 2.085ms
[2026-03-27T14:07:44.014+0900][48.148s][info][gc,marking  ] GC(871) Concurrent Rebuild Remembered Sets
[2026-03-27T14:07:44.014+0900][48.149s][info][gc,marking  ] GC(871) Concurrent Rebuild Remembered Sets 0.567ms
[2026-03-27T14:07:44.014+0900][48.149s][info][gc,start    ] GC(871) Pause Cleanup
[2026-03-27T14:07:44.014+0900][48.149s][info][gc          ] GC(871) Pause Cleanup 307M->307M(512M) 0.205ms
[2026-03-27T14:07:44.014+0900][48.149s][info][gc,cpu      ] GC(871) User=0.00s Sys=0.00s Real=0.00s
[2026-03-27T14:07:44.014+0900][48.149s][info][gc,marking  ] GC(871) Concurrent Cleanup for Next Mark
[2026-03-27T14:07:44.014+0900][48.150s][info][gc,marking  ] GC(871) Concurrent Cleanup for Next Mark 0.415ms
[2026-03-27T14:07:44.014+0900][48.150s][info][gc          ] GC(871) Concurrent Mark Cycle 4.066ms
[2026-03-27T14:07:44.077+0900][48.208s][info][gc,start    ] GC(872) Pause Young (Concurrent Start) (G1 Humongous Allocation)
[2026-03-27T14:07:44.077+0900][48.208s][info][gc,task     ] GC(872) Using 8 workers of 8 for evacuation
[2026-03-27T14:07:44.078+0900][48.208s][info][gc,phases   ] GC(872)   Pre Evacuate Collection Set: 0.1ms
[2026-03-27T14:07:44.078+0900][48.209s][info][gc,phases   ] GC(872)   Merge Heap Roots: 0.1ms
[2026-03-27T14:07:44.078+0900][48.209s][info][gc,phases   ] GC(872)   Evacuate Collection Set: 0.1ms
[2026-03-27T14:07:44.078+0900][48.209s][info][gc,phases   ] GC(872)   Post Evacuate Collection Set: 0.3ms
[2026-03-27T14:07:44.078+0900][48.209s][info][gc,phases   ] GC(872)   Other: 0.1ms
[2026-03-27T14:07:44.078+0900][48.209s][info][gc,heap     ] GC(872) Eden regions: 1->0(151)
[2026-03-27T14:07:44.078+0900][48.209s][info][gc,heap     ] GC(872) Survivor regions: 1->1(19)
[2026-03-27T14:07:44.078+0900][48.209s][info][gc,heap     ] GC(872) Old regions: 1->1
[2026-03-27T14:07:44.078+0900][48.209s][info][gc,heap     ] GC(872) Archive regions: 0->0
[2026-03-27T14:07:44.078+0900][48.209s][info][gc,heap     ] GC(872) Humongous regions: 307->306
[2026-03-27T14:07:44.078+0900][48.209s][info][gc,metaspace] GC(872) Metaspace: 166K(384K)->166K(384K) NonClass: 157K(256K)->157K(256K) Class: 9K(128K)->9K(128K)
[2026-03-27T14:07:44.078+0900][48.209s][info][gc          ] GC(872) Pause Young (Concurrent Start) (G1 Humongous Allocation) 308M->306M(512M) 0.979ms
[2026-03-27T14:07:44.078+0900][48.209s][info][gc,cpu      ] GC(872) User=0.00s Sys=0.00s Real=0.00s
[2026-03-27T14:07:44.078+0900][48.209s][info][gc          ] GC(873) Concurrent Mark Cycle
[2026-03-27T14:07:44.078+0900][48.209s][info][gc,marking  ] GC(873) Concurrent Clear Claimed Marks
[2026-03-27T14:07:44.078+0900][48.209s][info][gc,marking  ] GC(873) Concurrent Clear Claimed Marks 0.015ms
[2026-03-27T14:07:44.078+0900][48.209s][info][gc,marking  ] GC(873) Concurrent Scan Root Regions
[2026-03-27T14:07:44.078+0900][48.209s][info][gc,marking  ] GC(873) Concurrent Scan Root Regions 0.073ms
[2026-03-27T14:07:44.078+0900][48.209s][info][gc,marking  ] GC(873) Concurrent Mark
[2026-03-27T14:07:44.078+0900][48.209s][info][gc,marking  ] GC(873) Concurrent Mark From Roots
[2026-03-27T14:07:44.078+0900][48.209s][info][gc,task     ] GC(873) Using 2 workers of 2 for marking
[2026-03-27T14:07:44.078+0900][48.210s][info][gc,marking  ] GC(873) Concurrent Mark From Roots 0.702ms
[2026-03-27T14:07:44.078+0900][48.210s][info][gc,marking  ] GC(873) Concurrent Preclean
[2026-03-27T14:07:44.078+0900][48.210s][info][gc,marking  ] GC(873) Concurrent Preclean 0.012ms
[2026-03-27T14:07:44.078+0900][48.210s][info][gc,start    ] GC(873) Pause Remark
[2026-03-27T14:07:44.078+0900][48.210s][info][gc          ] GC(873) Pause Remark 309M->309M(512M) 0.423ms
[2026-03-27T14:07:44.078+0900][48.210s][info][gc,cpu      ] GC(873) User=0.00s Sys=0.00s Real=0.00s
[2026-03-27T14:07:44.078+0900][48.210s][info][gc,marking  ] GC(873) Concurrent Mark 1.369ms
[2026-03-27T14:07:44.078+0900][48.210s][info][gc,marking  ] GC(873) Concurrent Rebuild Remembered Sets
[2026-03-27T14:07:44.078+0900][48.211s][info][gc,marking  ] GC(873) Concurrent Rebuild Remembered Sets 0.375ms
[2026-03-27T14:07:44.078+0900][48.211s][info][gc,start    ] GC(873) Pause Cleanup
[2026-03-27T14:07:44.078+0900][48.211s][info][gc          ] GC(873) Pause Cleanup 309M->309M(512M) 0.084ms
[2026-03-27T14:07:44.078+0900][48.211s][info][gc,cpu      ] GC(873) User=0.00s Sys=0.00s Real=0.00s
[2026-03-27T14:07:44.078+0900][48.211s][info][gc,marking  ] GC(873) Concurrent Cleanup for Next Mark
[2026-03-27T14:07:44.078+0900][48.211s][info][gc,marking  ] GC(873) Concurrent Cleanup for Next Mark 0.284ms
[2026-03-27T14:07:44.078+0900][48.211s][info][gc          ] GC(873) Concurrent Mark Cycle 2.546ms
[2026-03-27T14:07:44.141+0900][48.272s][info][gc,start    ] GC(874) Pause Young (Concurrent Start) (G1 Humongous Allocation)
[2026-03-27T14:07:44.141+0900][48.272s][info][gc,task     ] GC(874) Using 8 workers of 8 for evacuation
[2026-03-27T14:07:44.141+0900][48.273s][info][gc,phases   ] GC(874)   Pre Evacuate Collection Set: 0.1ms
[2026-03-27T14:07:44.141+0900][48.273s][info][gc,phases   ] GC(874)   Merge Heap Roots: 0.2ms
[2026-03-27T14:07:44.141+0900][48.273s][info][gc,phases   ] GC(874)   Evacuate Collection Set: 0.3ms
[2026-03-27T14:07:44.141+0900][48.273s][info][gc,phases   ] GC(874)   Post Evacuate Collection Set: 0.4ms
[2026-03-27T14:07:44.141+0900][48.273s][info][gc,phases   ] GC(874)   Other: 0.1ms
[2026-03-27T14:07:44.141+0900][48.273s][info][gc,heap     ] GC(874) Eden regions: 1->0(149)
[2026-03-27T14:07:44.141+0900][48.273s][info][gc,heap     ] GC(874) Survivor regions: 1->1(19)
[2026-03-27T14:07:44.141+0900][48.273s][info][gc,heap     ] GC(874) Old regions: 1->1
[2026-03-27T14:07:44.141+0900][48.273s][info][gc,heap     ] GC(874) Archive regions: 0->0
[2026-03-27T14:07:44.141+0900][48.273s][info][gc,heap     ] GC(874) Humongous regions: 309->308
[2026-03-27T14:07:44.141+0900][48.273s][info][gc,metaspace] GC(874) Metaspace: 166K(384K)->166K(384K) NonClass: 157K(256K)->157K(256K) Class: 9K(128K)->9K(128K)
[2026-03-27T14:07:44.141+0900][48.273s][info][gc          ] GC(874) Pause Young (Concurrent Start) (G1 Humongous Allocation) 310M->308M(512M) 1.449ms
[2026-03-27T14:07:44.141+0900][48.273s][info][gc,cpu      ] GC(874) User=0.00s Sys=0.00s Real=0.00s
[2026-03-27T14:07:44.141+0900][48.273s][info][gc          ] GC(875) Concurrent Mark Cycle
[2026-03-27T14:07:44.141+0900][48.273s][info][gc,marking  ] GC(875) Concurrent Clear Claimed Marks
[2026-03-27T14:07:44.141+0900][48.273s][info][gc,marking  ] GC(875) Concurrent Clear Claimed Marks 0.019ms
[2026-03-27T14:07:44.141+0900][48.273s][info][gc,marking  ] GC(875) Concurrent Scan Root Regions
[2026-03-27T14:07:44.141+0900][48.273s][info][gc,marking  ] GC(875) Concurrent Scan Root Regions 0.033ms
[2026-03-27T14:07:44.141+0900][48.273s][info][gc,marking  ] GC(875) Concurrent Mark
[2026-03-27T14:07:44.141+0900][48.273s][info][gc,marking  ] GC(875) Concurrent Mark From Roots
[2026-03-27T14:07:44.141+0900][48.273s][info][gc,task     ] GC(875) Using 2 workers of 2 for marking
[2026-03-27T14:07:44.141+0900][48.274s][info][gc,marking  ] GC(875) Concurrent Mark From Roots 0.817ms
[2026-03-27T14:07:44.141+0900][48.274s][info][gc,marking  ] GC(875) Concurrent Preclean
[2026-03-27T14:07:44.141+0900][48.274s][info][gc,marking  ] GC(875) Concurrent Preclean 0.014ms
[2026-03-27T14:07:44.141+0900][48.274s][info][gc,start    ] GC(875) Pause Remark
[2026-03-27T14:07:44.141+0900][48.274s][info][gc          ] GC(875) Pause Remark 309M->309M(512M) 0.406ms
[2026-03-27T14:07:44.141+0900][48.274s][info][gc,cpu      ] GC(875) User=0.00s Sys=0.00s Real=0.00s
[2026-03-27T14:07:44.141+0900][48.275s][info][gc,marking  ] GC(875) Concurrent Mark 1.427ms
[2026-03-27T14:07:44.141+0900][48.275s][info][gc,marking  ] GC(875) Concurrent Rebuild Remembered Sets
[2026-03-27T14:07:44.141+0900][48.275s][info][gc,marking  ] GC(875) Concurrent Rebuild Remembered Sets 0.384ms
[2026-03-27T14:07:44.141+0900][48.275s][info][gc,start    ] GC(875) Pause Cleanup
[2026-03-27T14:07:44.141+0900][48.275s][info][gc          ] GC(875) Pause Cleanup 309M->309M(512M) 0.054ms
[2026-03-27T14:07:44.141+0900][48.275s][info][gc,cpu      ] GC(875) User=0.00s Sys=0.00s Real=0.00s
[2026-03-27T14:07:44.141+0900][48.275s][info][gc,marking  ] GC(875) Concurrent Cleanup for Next Mark
[2026-03-27T14:07:44.141+0900][48.275s][info][gc,marking  ] GC(875) Concurrent Cleanup for Next Mark 0.236ms
[2026-03-27T14:07:44.141+0900][48.275s][info][gc          ] GC(875) Concurrent Mark Cycle 2.486ms
[2026-03-27T14:07:44.205+0900][48.335s][info][gc,start    ] GC(876) Pause Young (Concurrent Start) (G1 Humongous Allocation)
[2026-03-27T14:07:44.205+0900][48.335s][info][gc,task     ] GC(876) Using 8 workers of 8 for evacuation
[2026-03-27T14:07:44.205+0900][48.336s][info][gc,phases   ] GC(876)   Pre Evacuate Collection Set: 0.1ms
[2026-03-27T14:07:44.205+0900][48.336s][info][gc,phases   ] GC(876)   Merge Heap Roots: 0.1ms
[2026-03-27T14:07:44.205+0900][48.336s][info][gc,phases   ] GC(876)   Evacuate Collection Set: 0.1ms
[2026-03-27T14:07:44.205+0900][48.336s][info][gc,phases   ] GC(876)   Post Evacuate Collection Set: 0.3ms
[2026-03-27T14:07:44.205+0900][48.336s][info][gc,phases   ] GC(876)   Other: 0.1ms
[2026-03-27T14:07:44.205+0900][48.336s][info][gc,heap     ] GC(876) Eden regions: 1->0(149)
[2026-03-27T14:07:44.205+0900][48.336s][info][gc,heap     ] GC(876) Survivor regions: 1->1(19)
[2026-03-27T14:07:44.205+0900][48.336s][info][gc,heap     ] GC(876) Old regions: 1->1
[2026-03-27T14:07:44.205+0900][48.336s][info][gc,heap     ] GC(876) Archive regions: 0->0
[2026-03-27T14:07:44.205+0900][48.336s][info][gc,heap     ] GC(876) Humongous regions: 309->308
[2026-03-27T14:07:44.205+0900][48.336s][info][gc,metaspace] GC(876) Metaspace: 166K(384K)->166K(384K) NonClass: 157K(256K)->157K(256K) Class: 9K(128K)->9K(128K)
[2026-03-27T14:07:44.205+0900][48.336s][info][gc          ] GC(876) Pause Young (Concurrent Start) (G1 Humongous Allocation) 310M->308M(512M) 0.951ms
[2026-03-27T14:07:44.205+0900][48.336s][info][gc,cpu      ] GC(876) User=0.00s Sys=0.00s Real=0.00s
[2026-03-27T14:07:44.205+0900][48.336s][info][gc          ] GC(877) Concurrent Mark Cycle
[2026-03-27T14:07:44.205+0900][48.336s][info][gc,marking  ] GC(877) Concurrent Clear Claimed Marks
[2026-03-27T14:07:44.205+0900][48.336s][info][gc,marking  ] GC(877) Concurrent Clear Claimed Marks 0.016ms
[2026-03-27T14:07:44.205+0900][48.336s][info][gc,marking  ] GC(877) Concurrent Scan Root Regions
[2026-03-27T14:07:44.205+0900][48.336s][info][gc,marking  ] GC(877) Concurrent Scan Root Regions 0.027ms
[2026-03-27T14:07:44.205+0900][48.336s][info][gc,marking  ] GC(877) Concurrent Mark
[2026-03-27T14:07:44.205+0900][48.336s][info][gc,marking  ] GC(877) Concurrent Mark From Roots
[2026-03-27T14:07:44.205+0900][48.336s][info][gc,task     ] GC(877) Using 2 workers of 2 for marking
[2026-03-27T14:07:44.205+0900][48.337s][info][gc,marking  ] GC(877) Concurrent Mark From Roots 0.701ms
[2026-03-27T14:07:44.205+0900][48.337s][info][gc,marking  ] GC(877) Concurrent Preclean
[2026-03-27T14:07:44.205+0900][48.337s][info][gc,marking  ] GC(877) Concurrent Preclean 0.013ms
[2026-03-27T14:07:44.205+0900][48.337s][info][gc,start    ] GC(877) Pause Remark
[2026-03-27T14:07:44.205+0900][48.338s][info][gc          ] GC(877) Pause Remark 309M->309M(512M) 0.727ms
[2026-03-27T14:07:44.205+0900][48.338s][info][gc,cpu      ] GC(877) User=0.00s Sys=0.00s Real=0.00s
[2026-03-27T14:07:44.205+0900][48.338s][info][gc,marking  ] GC(877) Concurrent Mark 1.766ms
[2026-03-27T14:07:44.205+0900][48.338s][info][gc,marking  ] GC(877) Concurrent Rebuild Remembered Sets
[2026-03-27T14:07:44.205+0900][48.338s][info][gc,marking  ] GC(877) Concurrent Rebuild Remembered Sets 0.380ms
[2026-03-27T14:07:44.205+0900][48.339s][info][gc,start    ] GC(877) Pause Cleanup
[2026-03-27T14:07:44.205+0900][48.339s][info][gc          ] GC(877) Pause Cleanup 309M->309M(512M) 0.098ms
[2026-03-27T14:07:44.205+0900][48.339s][info][gc,cpu      ] GC(877) User=0.00s Sys=0.00s Real=0.00s
[2026-03-27T14:07:44.205+0900][48.339s][info][gc,marking  ] GC(877) Concurrent Cleanup for Next Mark
[2026-03-27T14:07:44.205+0900][48.339s][info][gc,marking  ] GC(877) Concurrent Cleanup for Next Mark 0.201ms
[2026-03-27T14:07:44.205+0900][48.339s][info][gc          ] GC(877) Concurrent Mark Cycle 2.859ms
[2026-03-27T14:07:44.269+0900][48.399s][info][gc,start    ] GC(878) Pause Young (Concurrent Start) (G1 Humongous Allocation)
[2026-03-27T14:07:44.269+0900][48.399s][info][gc,task     ] GC(878) Using 8 workers of 8 for evacuation
[2026-03-27T14:07:44.269+0900][48.400s][info][gc,phases   ] GC(878)   Pre Evacuate Collection Set: 0.1ms
[2026-03-27T14:07:44.269+0900][48.400s][info][gc,phases   ] GC(878)   Merge Heap Roots: 0.2ms
[2026-03-27T14:07:44.269+0900][48.400s][info][gc,phases   ] GC(878)   Evacuate Collection Set: 0.2ms
[2026-03-27T14:07:44.269+0900][48.400s][info][gc,phases   ] GC(878)   Post Evacuate Collection Set: 0.6ms
[2026-03-27T14:07:44.269+0900][48.400s][info][gc,phases   ] GC(878)   Other: 0.1ms
[2026-03-27T14:07:44.269+0900][48.400s][info][gc,heap     ] GC(878) Eden regions: 1->0(149)
[2026-03-27T14:07:44.269+0900][48.400s][info][gc,heap     ] GC(878) Survivor regions: 1->1(19)
[2026-03-27T14:07:44.269+0900][48.400s][info][gc,heap     ] GC(878) Old regions: 1->1
[2026-03-27T14:07:44.269+0900][48.400s][info][gc,heap     ] GC(878) Archive regions: 0->0
[2026-03-27T14:07:44.269+0900][48.400s][info][gc,heap     ] GC(878) Humongous regions: 309->308
[2026-03-27T14:07:44.269+0900][48.400s][info][gc,metaspace] GC(878) Metaspace: 166K(384K)->166K(384K) NonClass: 157K(256K)->157K(256K) Class: 9K(128K)->9K(128K)
[2026-03-27T14:07:44.269+0900][48.400s][info][gc          ] GC(878) Pause Young (Concurrent Start) (G1 Humongous Allocation) 310M->308M(512M) 1.486ms
[2026-03-27T14:07:44.269+0900][48.400s][info][gc,cpu      ] GC(878) User=0.00s Sys=0.00s Real=0.00s
[2026-03-27T14:07:44.269+0900][48.400s][info][gc          ] GC(879) Concurrent Mark Cycle
[2026-03-27T14:07:44.269+0900][48.400s][info][gc,marking  ] GC(879) Concurrent Clear Claimed Marks
[2026-03-27T14:07:44.269+0900][48.400s][info][gc,marking  ] GC(879) Concurrent Clear Claimed Marks 0.016ms
[2026-03-27T14:07:44.269+0900][48.400s][info][gc,marking  ] GC(879) Concurrent Scan Root Regions
[2026-03-27T14:07:44.269+0900][48.400s][info][gc,marking  ] GC(879) Concurrent Scan Root Regions 0.069ms
[2026-03-27T14:07:44.269+0900][48.401s][info][gc,marking  ] GC(879) Concurrent Mark
[2026-03-27T14:07:44.269+0900][48.401s][info][gc,marking  ] GC(879) Concurrent Mark From Roots
[2026-03-27T14:07:44.269+0900][48.401s][info][gc,task     ] GC(879) Using 2 workers of 2 for marking
[2026-03-27T14:07:44.269+0900][48.401s][info][gc,marking  ] GC(879) Concurrent Mark From Roots 0.785ms
[2026-03-27T14:07:44.269+0900][48.401s][info][gc,marking  ] GC(879) Concurrent Preclean
[2026-03-27T14:07:44.269+0900][48.401s][info][gc,marking  ] GC(879) Concurrent Preclean 0.014ms
[2026-03-27T14:07:44.269+0900][48.401s][info][gc,start    ] GC(879) Pause Remark
[2026-03-27T14:07:44.269+0900][48.402s][info][gc          ] GC(879) Pause Remark 309M->309M(512M) 0.459ms
[2026-03-27T14:07:44.269+0900][48.402s][info][gc,cpu      ] GC(879) User=0.00s Sys=0.00s Real=0.00s
[2026-03-27T14:07:44.269+0900][48.402s][info][gc,marking  ] GC(879) Concurrent Mark 1.517ms
[2026-03-27T14:07:44.269+0900][48.402s][info][gc,marking  ] GC(879) Concurrent Rebuild Remembered Sets
[2026-03-27T14:07:44.269+0900][48.402s][info][gc,marking  ] GC(879) Concurrent Rebuild Remembered Sets 0.373ms
[2026-03-27T14:07:44.269+0900][48.403s][info][gc,start    ] GC(879) Pause Cleanup
[2026-03-27T14:07:44.269+0900][48.403s][info][gc          ] GC(879) Pause Cleanup 309M->309M(512M) 0.054ms
[2026-03-27T14:07:44.269+0900][48.403s][info][gc,cpu      ] GC(879) User=0.00s Sys=0.00s Real=0.00s
[2026-03-27T14:07:44.269+0900][48.403s][info][gc,marking  ] GC(879) Concurrent Cleanup for Next Mark
[2026-03-27T14:07:44.269+0900][48.403s][info][gc,marking  ] GC(879) Concurrent Cleanup for Next Mark 0.179ms
[2026-03-27T14:07:44.269+0900][48.403s][info][gc          ] GC(879) Concurrent Mark Cycle 2.466ms
[2026-03-27T14:07:44.332+0900][48.463s][info][gc,start    ] GC(880) Pause Young (Concurrent Start) (G1 Humongous Allocation)
[2026-03-27T14:07:44.332+0900][48.463s][info][gc,task     ] GC(880) Using 8 workers of 8 for evacuation
[2026-03-27T14:07:44.332+0900][48.465s][info][gc,phases   ] GC(880)   Pre Evacuate Collection Set: 0.2ms
[2026-03-27T14:07:44.332+0900][48.465s][info][gc,phases   ] GC(880)   Merge Heap Roots: 0.5ms
[2026-03-27T14:07:44.332+0900][48.465s][info][gc,phases   ] GC(880)   Evacuate Collection Set: 0.3ms
[2026-03-27T14:07:44.332+0900][48.465s][info][gc,phases   ] GC(880)   Post Evacuate Collection Set: 0.7ms
[2026-03-27T14:07:44.332+0900][48.465s][info][gc,phases   ] GC(880)   Other: 0.2ms
[2026-03-27T14:07:44.332+0900][48.465s][info][gc,heap     ] GC(880) Eden regions: 1->0(149)
[2026-03-27T14:07:44.332+0900][48.465s][info][gc,heap     ] GC(880) Survivor regions: 1->1(19)
[2026-03-27T14:07:44.332+0900][48.465s][info][gc,heap     ] GC(880) Old regions: 1->1
[2026-03-27T14:07:44.332+0900][48.465s][info][gc,heap     ] GC(880) Archive regions: 0->0
[2026-03-27T14:07:44.332+0900][48.465s][info][gc,heap     ] GC(880) Humongous regions: 309->308
[2026-03-27T14:07:44.332+0900][48.466s][info][gc,metaspace] GC(880) Metaspace: 166K(384K)->166K(384K) NonClass: 157K(256K)->157K(256K) Class: 9K(128K)->9K(128K)
[2026-03-27T14:07:44.332+0900][48.466s][info][gc          ] GC(880) Pause Young (Concurrent Start) (G1 Humongous Allocation) 310M->308M(512M) 2.692ms
[2026-03-27T14:07:44.332+0900][48.466s][info][gc,cpu      ] GC(880) User=0.00s Sys=0.00s Real=0.00s
[2026-03-27T14:07:44.332+0900][48.466s][info][gc          ] GC(881) Concurrent Mark Cycle
[2026-03-27T14:07:44.332+0900][48.466s][info][gc,marking  ] GC(881) Concurrent Clear Claimed Marks
[2026-03-27T14:07:44.332+0900][48.466s][info][gc,marking  ] GC(881) Concurrent Clear Claimed Marks 0.042ms
[2026-03-27T14:07:44.332+0900][48.466s][info][gc,marking  ] GC(881) Concurrent Scan Root Regions
[2026-03-27T14:07:44.332+0900][48.466s][info][gc,marking  ] GC(881) Concurrent Scan Root Regions 0.234ms
[2026-03-27T14:07:44.332+0900][48.466s][info][gc,marking  ] GC(881) Concurrent Mark
[2026-03-27T14:07:44.332+0900][48.466s][info][gc,marking  ] GC(881) Concurrent Mark From Roots
[2026-03-27T14:07:44.332+0900][48.466s][info][gc,task     ] GC(881) Using 2 workers of 2 for marking
[2026-03-27T14:07:44.332+0900][48.468s][info][gc,marking  ] GC(881) Concurrent Mark From Roots 1.560ms
[2026-03-27T14:07:44.332+0900][48.468s][info][gc,marking  ] GC(881) Concurrent Preclean
[2026-03-27T14:07:44.332+0900][48.468s][info][gc,marking  ] GC(881) Concurrent Preclean 0.028ms
[2026-03-27T14:07:44.332+0900][48.468s][info][gc,start    ] GC(881) Pause Remark
[2026-03-27T14:07:44.332+0900][48.469s][info][gc          ] GC(881) Pause Remark 309M->309M(512M) 1.140ms
[2026-03-27T14:07:44.332+0900][48.470s][info][gc,cpu      ] GC(881) User=0.00s Sys=0.00s Real=0.00s
[2026-03-27T14:07:44.332+0900][48.470s][info][gc,marking  ] GC(881) Concurrent Mark 3.321ms
[2026-03-27T14:07:44.332+0900][48.470s][info][gc,marking  ] GC(881) Concurrent Rebuild Remembered Sets
[2026-03-27T14:07:44.332+0900][48.471s][info][gc,marking  ] GC(881) Concurrent Rebuild Remembered Sets 0.809ms
[2026-03-27T14:07:44.332+0900][48.471s][info][gc,start    ] GC(881) Pause Cleanup
[2026-03-27T14:07:44.332+0900][48.471s][info][gc          ] GC(881) Pause Cleanup 309M->309M(512M) 0.290ms
[2026-03-27T14:07:44.332+0900][48.471s][info][gc,cpu      ] GC(881) User=0.00s Sys=0.00s Real=0.00s
[2026-03-27T14:07:44.332+0900][48.471s][info][gc,marking  ] GC(881) Concurrent Cleanup for Next Mark
[2026-03-27T14:07:44.332+0900][48.472s][info][gc,marking  ] GC(881) Concurrent Cleanup for Next Mark 0.551ms
[2026-03-27T14:07:44.332+0900][48.472s][info][gc          ] GC(881) Concurrent Mark Cycle 6.304ms
[2026-03-27T14:07:44.396+0900][48.527s][info][gc,start    ] GC(882) Pause Young (Concurrent Start) (G1 Humongous Allocation)
[2026-03-27T14:07:44.396+0900][48.527s][info][gc,task     ] GC(882) Using 8 workers of 8 for evacuation
[2026-03-27T14:07:44.396+0900][48.528s][info][gc,phases   ] GC(882)   Pre Evacuate Collection Set: 0.1ms
[2026-03-27T14:07:44.396+0900][48.528s][info][gc,phases   ] GC(882)   Merge Heap Roots: 0.2ms
[2026-03-27T14:07:44.396+0900][48.528s][info][gc,phases   ] GC(882)   Evacuate Collection Set: 0.2ms
[2026-03-27T14:07:44.396+0900][48.528s][info][gc,phases   ] GC(882)   Post Evacuate Collection Set: 0.5ms
[2026-03-27T14:07:44.396+0900][48.528s][info][gc,phases   ] GC(882)   Other: 0.1ms
[2026-03-27T14:07:44.396+0900][48.528s][info][gc,heap     ] GC(882) Eden regions: 1->0(149)
[2026-03-27T14:07:44.396+0900][48.528s][info][gc,heap     ] GC(882) Survivor regions: 1->1(19)
[2026-03-27T14:07:44.396+0900][48.528s][info][gc,heap     ] GC(882) Old regions: 1->1
[2026-03-27T14:07:44.396+0900][48.528s][info][gc,heap     ] GC(882) Archive regions: 0->0
[2026-03-27T14:07:44.396+0900][48.528s][info][gc,heap     ] GC(882) Humongous regions: 309->308
[2026-03-27T14:07:44.396+0900][48.528s][info][gc,metaspace] GC(882) Metaspace: 166K(384K)->166K(384K) NonClass: 157K(256K)->157K(256K) Class: 9K(128K)->9K(128K)
[2026-03-27T14:07:44.396+0900][48.528s][info][gc          ] GC(882) Pause Young (Concurrent Start) (G1 Humongous Allocation) 310M->308M(512M) 1.417ms
[2026-03-27T14:07:44.396+0900][48.528s][info][gc,cpu      ] GC(882) User=0.00s Sys=0.00s Real=0.00s
[2026-03-27T14:07:44.396+0900][48.528s][info][gc          ] GC(883) Concurrent Mark Cycle
[2026-03-27T14:07:44.396+0900][48.528s][info][gc,marking  ] GC(883) Concurrent Clear Claimed Marks
[2026-03-27T14:07:44.396+0900][48.528s][info][gc,marking  ] GC(883) Concurrent Clear Claimed Marks 0.013ms
[2026-03-27T14:07:44.396+0900][48.528s][info][gc,marking  ] GC(883) Concurrent Scan Root Regions
[2026-03-27T14:07:44.396+0900][48.528s][info][gc,marking  ] GC(883) Concurrent Scan Root Regions 0.123ms
[2026-03-27T14:07:44.396+0900][48.528s][info][gc,marking  ] GC(883) Concurrent Mark
[2026-03-27T14:07:44.396+0900][48.528s][info][gc,marking  ] GC(883) Concurrent Mark From Roots
[2026-03-27T14:07:44.396+0900][48.528s][info][gc,task     ] GC(883) Using 2 workers of 2 for marking
[2026-03-27T14:07:44.396+0900][48.529s][info][gc,marking  ] GC(883) Concurrent Mark From Roots 0.751ms
[2026-03-27T14:07:44.396+0900][48.529s][info][gc,marking  ] GC(883) Concurrent Preclean
[2026-03-27T14:07:44.396+0900][48.529s][info][gc,marking  ] GC(883) Concurrent Preclean 0.012ms
[2026-03-27T14:07:44.396+0900][48.530s][info][gc,start    ] GC(883) Pause Remark
[2026-03-27T14:07:44.396+0900][48.530s][info][gc          ] GC(883) Pause Remark 311M->311M(512M) 0.741ms
[2026-03-27T14:07:44.396+0900][48.530s][info][gc,cpu      ] GC(883) User=0.00s Sys=0.00s Real=0.00s
[2026-03-27T14:07:44.396+0900][48.530s][info][gc,marking  ] GC(883) Concurrent Mark 1.916ms
[2026-03-27T14:07:44.396+0900][48.530s][info][gc,marking  ] GC(883) Concurrent Rebuild Remembered Sets
[2026-03-27T14:07:44.396+0900][48.531s][info][gc,marking  ] GC(883) Concurrent Rebuild Remembered Sets 0.376ms
[2026-03-27T14:07:44.396+0900][48.531s][info][gc,start    ] GC(883) Pause Cleanup
[2026-03-27T14:07:44.396+0900][48.531s][info][gc          ] GC(883) Pause Cleanup 311M->311M(512M) 0.138ms
[2026-03-27T14:07:44.396+0900][48.531s][info][gc,cpu      ] GC(883) User=0.00s Sys=0.00s Real=0.00s
[2026-03-27T14:07:44.396+0900][48.531s][info][gc,marking  ] GC(883) Concurrent Cleanup for Next Mark
[2026-03-27T14:07:44.396+0900][48.531s][info][gc,marking  ] GC(883) Concurrent Cleanup for Next Mark 0.304ms
[2026-03-27T14:07:44.396+0900][48.532s][info][gc          ] GC(883) Concurrent Mark Cycle 3.275ms
[2026-03-27T14:07:44.460+0900][48.590s][info][gc,start    ] GC(884) Pause Young (Concurrent Start) (G1 Humongous Allocation)
[2026-03-27T14:07:44.460+0900][48.590s][info][gc,task     ] GC(884) Using 8 workers of 8 for evacuation
[2026-03-27T14:07:44.460+0900][48.592s][info][gc,phases   ] GC(884)   Pre Evacuate Collection Set: 0.2ms
[2026-03-27T14:07:44.460+0900][48.592s][info][gc,phases   ] GC(884)   Merge Heap Roots: 0.4ms
[2026-03-27T14:07:44.460+0900][48.592s][info][gc,phases   ] GC(884)   Evacuate Collection Set: 0.1ms
[2026-03-27T14:07:44.460+0900][48.592s][info][gc,phases   ] GC(884)   Post Evacuate Collection Set: 0.4ms
[2026-03-27T14:07:44.460+0900][48.592s][info][gc,phases   ] GC(884)   Other: 0.2ms
[2026-03-27T14:07:44.460+0900][48.592s][info][gc,heap     ] GC(884) Eden regions: 1->0(147)
[2026-03-27T14:07:44.460+0900][48.592s][info][gc,heap     ] GC(884) Survivor regions: 1->1(19)
[2026-03-27T14:07:44.460+0900][48.592s][info][gc,heap     ] GC(884) Old regions: 1->1
[2026-03-27T14:07:44.460+0900][48.592s][info][gc,heap     ] GC(884) Archive regions: 0->0
[2026-03-27T14:07:44.460+0900][48.592s][info][gc,heap     ] GC(884) Humongous regions: 311->310
[2026-03-27T14:07:44.460+0900][48.592s][info][gc,metaspace] GC(884) Metaspace: 166K(384K)->166K(384K) NonClass: 157K(256K)->157K(256K) Class: 9K(128K)->9K(128K)
[2026-03-27T14:07:44.460+0900][48.592s][info][gc          ] GC(884) Pause Young (Concurrent Start) (G1 Humongous Allocation) 312M->310M(512M) 1.522ms
[2026-03-27T14:07:44.460+0900][48.592s][info][gc,cpu      ] GC(884) User=0.00s Sys=0.00s Real=0.00s
[2026-03-27T14:07:44.460+0900][48.592s][info][gc          ] GC(885) Concurrent Mark Cycle
[2026-03-27T14:07:44.460+0900][48.592s][info][gc,marking  ] GC(885) Concurrent Clear Claimed Marks
[2026-03-27T14:07:44.460+0900][48.592s][info][gc,marking  ] GC(885) Concurrent Clear Claimed Marks 0.013ms
[2026-03-27T14:07:44.460+0900][48.592s][info][gc,marking  ] GC(885) Concurrent Scan Root Regions
[2026-03-27T14:07:44.460+0900][48.592s][info][gc,marking  ] GC(885) Concurrent Scan Root Regions 0.112ms
[2026-03-27T14:07:44.460+0900][48.592s][info][gc,marking  ] GC(885) Concurrent Mark
[2026-03-27T14:07:44.460+0900][48.592s][info][gc,marking  ] GC(885) Concurrent Mark From Roots
[2026-03-27T14:07:44.460+0900][48.592s][info][gc,task     ] GC(885) Using 2 workers of 2 for marking
[2026-03-27T14:07:44.460+0900][48.593s][info][gc,marking  ] GC(885) Concurrent Mark From Roots 0.818ms
[2026-03-27T14:07:44.460+0900][48.593s][info][gc,marking  ] GC(885) Concurrent Preclean
[2026-03-27T14:07:44.460+0900][48.593s][info][gc,marking  ] GC(885) Concurrent Preclean 0.015ms
[2026-03-27T14:07:44.460+0900][48.593s][info][gc,start    ] GC(885) Pause Remark
[2026-03-27T14:07:44.460+0900][48.594s][info][gc          ] GC(885) Pause Remark 311M->311M(512M) 0.592ms
[2026-03-27T14:07:44.460+0900][48.594s][info][gc,cpu      ] GC(885) User=0.00s Sys=0.00s Real=0.00s
[2026-03-27T14:07:44.460+0900][48.594s][info][gc,marking  ] GC(885) Concurrent Mark 1.732ms
[2026-03-27T14:07:44.460+0900][48.594s][info][gc,marking  ] GC(885) Concurrent Rebuild Remembered Sets
[2026-03-27T14:07:44.460+0900][48.594s][info][gc,marking  ] GC(885) Concurrent Rebuild Remembered Sets 0.469ms
[2026-03-27T14:07:44.460+0900][48.595s][info][gc,start    ] GC(885) Pause Cleanup
[2026-03-27T14:07:44.460+0900][48.595s][info][gc          ] GC(885) Pause Cleanup 311M->311M(512M) 0.197ms
[2026-03-27T14:07:44.460+0900][48.595s][info][gc,cpu      ] GC(885) User=0.00s Sys=0.00s Real=0.00s
[2026-03-27T14:07:44.460+0900][48.595s][info][gc,marking  ] GC(885) Concurrent Cleanup for Next Mark
[2026-03-27T14:07:44.460+0900][48.595s][info][gc,marking  ] GC(885) Concurrent Cleanup for Next Mark 0.339ms
[2026-03-27T14:07:44.460+0900][48.595s][info][gc          ] GC(885) Concurrent Mark Cycle 3.445ms
[2026-03-27T14:07:44.524+0900][48.655s][info][gc,start    ] GC(886) Pause Young (Concurrent Start) (G1 Humongous Allocation)
[2026-03-27T14:07:44.524+0900][48.655s][info][gc,task     ] GC(886) Using 8 workers of 8 for evacuation
[2026-03-27T14:07:44.524+0900][48.657s][info][gc,phases   ] GC(886)   Pre Evacuate Collection Set: 0.3ms
[2026-03-27T14:07:44.524+0900][48.657s][info][gc,phases   ] GC(886)   Merge Heap Roots: 0.4ms
[2026-03-27T14:07:44.524+0900][48.657s][info][gc,phases   ] GC(886)   Evacuate Collection Set: 0.4ms
[2026-03-27T14:07:44.524+0900][48.657s][info][gc,phases   ] GC(886)   Post Evacuate Collection Set: 0.7ms
[2026-03-27T14:07:44.524+0900][48.657s][info][gc,phases   ] GC(886)   Other: 0.2ms
[2026-03-27T14:07:44.524+0900][48.657s][info][gc,heap     ] GC(886) Eden regions: 1->0(147)
[2026-03-27T14:07:44.524+0900][48.657s][info][gc,heap     ] GC(886) Survivor regions: 1->1(19)
[2026-03-27T14:07:44.524+0900][48.657s][info][gc,heap     ] GC(886) Old regions: 1->1
[2026-03-27T14:07:44.524+0900][48.657s][info][gc,heap     ] GC(886) Archive regions: 0->0
[2026-03-27T14:07:44.524+0900][48.657s][info][gc,heap     ] GC(886) Humongous regions: 311->310
[2026-03-27T14:07:44.524+0900][48.657s][info][gc,metaspace] GC(886) Metaspace: 166K(384K)->166K(384K) NonClass: 157K(256K)->157K(256K) Class: 9K(128K)->9K(128K)
[2026-03-27T14:07:44.524+0900][48.657s][info][gc          ] GC(886) Pause Young (Concurrent Start) (G1 Humongous Allocation) 312M->310M(512M) 2.551ms
[2026-03-27T14:07:44.524+0900][48.657s][info][gc,cpu      ] GC(886) User=0.00s Sys=0.00s Real=0.00s
[2026-03-27T14:07:44.524+0900][48.657s][info][gc          ] GC(887) Concurrent Mark Cycle
[2026-03-27T14:07:44.524+0900][48.658s][info][gc,marking  ] GC(887) Concurrent Clear Claimed Marks
[2026-03-27T14:07:44.524+0900][48.658s][info][gc,marking  ] GC(887) Concurrent Clear Claimed Marks 0.032ms
[2026-03-27T14:07:44.524+0900][48.658s][info][gc,marking  ] GC(887) Concurrent Scan Root Regions
[2026-03-27T14:07:44.524+0900][48.658s][info][gc,marking  ] GC(887) Concurrent Scan Root Regions 0.244ms
[2026-03-27T14:07:44.524+0900][48.658s][info][gc,marking  ] GC(887) Concurrent Mark
[2026-03-27T14:07:44.524+0900][48.658s][info][gc,marking  ] GC(887) Concurrent Mark From Roots
[2026-03-27T14:07:44.524+0900][48.658s][info][gc,task     ] GC(887) Using 2 workers of 2 for marking
[2026-03-27T14:07:44.524+0900][48.660s][info][gc,marking  ] GC(887) Concurrent Mark From Roots 1.602ms
[2026-03-27T14:07:44.524+0900][48.660s][info][gc,marking  ] GC(887) Concurrent Preclean
[2026-03-27T14:07:44.524+0900][48.660s][info][gc,marking  ] GC(887) Concurrent Preclean 0.033ms
[2026-03-27T14:07:44.524+0900][48.660s][info][gc,start    ] GC(887) Pause Remark
[2026-03-27T14:07:44.524+0900][48.661s][info][gc          ] GC(887) Pause Remark 311M->311M(512M) 1.264ms
[2026-03-27T14:07:44.524+0900][48.661s][info][gc,cpu      ] GC(887) User=0.00s Sys=0.00s Real=0.00s
[2026-03-27T14:07:44.524+0900][48.661s][info][gc,marking  ] GC(887) Concurrent Mark 3.554ms
[2026-03-27T14:07:44.524+0900][48.662s][info][gc,marking  ] GC(887) Concurrent Rebuild Remembered Sets
[2026-03-27T14:07:44.524+0900][48.662s][info][gc,marking  ] GC(887) Concurrent Rebuild Remembered Sets 0.855ms
[2026-03-27T14:07:44.524+0900][48.663s][info][gc,start    ] GC(887) Pause Cleanup
[2026-03-27T14:07:44.524+0900][48.663s][info][gc          ] GC(887) Pause Cleanup 311M->311M(512M) 0.289ms
[2026-03-27T14:07:44.524+0900][48.663s][info][gc,cpu      ] GC(887) User=0.00s Sys=0.00s Real=0.00s
[2026-03-27T14:07:44.524+0900][48.663s][info][gc,marking  ] GC(887) Concurrent Cleanup for Next Mark
[2026-03-27T14:07:44.524+0900][48.664s][info][gc,marking  ] GC(887) Concurrent Cleanup for Next Mark 0.541ms
[2026-03-27T14:07:44.524+0900][48.664s][info][gc          ] GC(887) Concurrent Mark Cycle 6.444ms
[2026-03-27T14:07:44.588+0900][48.719s][info][gc,start    ] GC(888) Pause Young (Concurrent Start) (G1 Humongous Allocation)
[2026-03-27T14:07:44.588+0900][48.719s][info][gc,task     ] GC(888) Using 8 workers of 8 for evacuation
[2026-03-27T14:07:44.588+0900][48.720s][info][gc,phases   ] GC(888)   Pre Evacuate Collection Set: 0.1ms
[2026-03-27T14:07:44.588+0900][48.720s][info][gc,phases   ] GC(888)   Merge Heap Roots: 0.2ms
[2026-03-27T14:07:44.588+0900][48.720s][info][gc,phases   ] GC(888)   Evacuate Collection Set: 0.1ms
[2026-03-27T14:07:44.588+0900][48.720s][info][gc,phases   ] GC(888)   Post Evacuate Collection Set: 0.5ms
[2026-03-27T14:07:44.588+0900][48.720s][info][gc,phases   ] GC(888)   Other: 0.1ms
[2026-03-27T14:07:44.588+0900][48.720s][info][gc,heap     ] GC(888) Eden regions: 1->0(147)
[2026-03-27T14:07:44.588+0900][48.720s][info][gc,heap     ] GC(888) Survivor regions: 1->1(19)
[2026-03-27T14:07:44.588+0900][48.720s][info][gc,heap     ] GC(888) Old regions: 1->1
[2026-03-27T14:07:44.588+0900][48.720s][info][gc,heap     ] GC(888) Archive regions: 0->0
[2026-03-27T14:07:44.588+0900][48.720s][info][gc,heap     ] GC(888) Humongous regions: 311->310
[2026-03-27T14:07:44.588+0900][48.720s][info][gc,metaspace] GC(888) Metaspace: 166K(384K)->166K(384K) NonClass: 157K(256K)->157K(256K) Class: 9K(128K)->9K(128K)
[2026-03-27T14:07:44.588+0900][48.720s][info][gc          ] GC(888) Pause Young (Concurrent Start) (G1 Humongous Allocation) 312M->310M(512M) 1.205ms
[2026-03-27T14:07:44.588+0900][48.720s][info][gc,cpu      ] GC(888) User=0.00s Sys=0.00s Real=0.00s
[2026-03-27T14:07:44.588+0900][48.720s][info][gc          ] GC(889) Concurrent Mark Cycle
[2026-03-27T14:07:44.588+0900][48.720s][info][gc,marking  ] GC(889) Concurrent Clear Claimed Marks
[2026-03-27T14:07:44.588+0900][48.720s][info][gc,marking  ] GC(889) Concurrent Clear Claimed Marks 0.016ms
[2026-03-27T14:07:44.588+0900][48.720s][info][gc,marking  ] GC(889) Concurrent Scan Root Regions
[2026-03-27T14:07:44.588+0900][48.720s][info][gc,marking  ] GC(889) Concurrent Scan Root Regions 0.037ms
[2026-03-27T14:07:44.588+0900][48.720s][info][gc,marking  ] GC(889) Concurrent Mark
[2026-03-27T14:07:44.588+0900][48.720s][info][gc,marking  ] GC(889) Concurrent Mark From Roots
[2026-03-27T14:07:44.588+0900][48.720s][info][gc,task     ] GC(889) Using 2 workers of 2 for marking
[2026-03-27T14:07:44.588+0900][48.721s][info][gc,marking  ] GC(889) Concurrent Mark From Roots 0.663ms
[2026-03-27T14:07:44.588+0900][48.721s][info][gc,marking  ] GC(889) Concurrent Preclean
[2026-03-27T14:07:44.588+0900][48.721s][info][gc,marking  ] GC(889) Concurrent Preclean 0.012ms
[2026-03-27T14:07:44.588+0900][48.721s][info][gc,start    ] GC(889) Pause Remark
[2026-03-27T14:07:44.588+0900][48.721s][info][gc          ] GC(889) Pause Remark 311M->311M(512M) 0.417ms
[2026-03-27T14:07:44.588+0900][48.721s][info][gc,cpu      ] GC(889) User=0.00s Sys=0.00s Real=0.00s
[2026-03-27T14:07:44.588+0900][48.721s][info][gc,marking  ] GC(889) Concurrent Mark 1.312ms
[2026-03-27T14:07:44.588+0900][48.721s][info][gc,marking  ] GC(889) Concurrent Rebuild Remembered Sets
[2026-03-27T14:07:44.588+0900][48.722s][info][gc,marking  ] GC(889) Concurrent Rebuild Remembered Sets 0.372ms
[2026-03-27T14:07:44.588+0900][48.722s][info][gc,start    ] GC(889) Pause Cleanup
[2026-03-27T14:07:44.588+0900][48.722s][info][gc          ] GC(889) Pause Cleanup 311M->311M(512M) 0.051ms
[2026-03-27T14:07:44.588+0900][48.722s][info][gc,cpu      ] GC(889) User=0.00s Sys=0.00s Real=0.00s
[2026-03-27T14:07:44.588+0900][48.722s][info][gc,marking  ] GC(889) Concurrent Cleanup for Next Mark
[2026-03-27T14:07:44.588+0900][48.722s][info][gc,marking  ] GC(889) Concurrent Cleanup for Next Mark 0.193ms
[2026-03-27T14:07:44.588+0900][48.722s][info][gc          ] GC(889) Concurrent Mark Cycle 2.301ms
[2026-03-27T14:07:44.652+0900][48.782s][info][gc,start    ] GC(890) Pause Young (Concurrent Start) (G1 Humongous Allocation)
[2026-03-27T14:07:44.652+0900][48.782s][info][gc,task     ] GC(890) Using 8 workers of 8 for evacuation
[2026-03-27T14:07:44.652+0900][48.783s][info][gc,phases   ] GC(890)   Pre Evacuate Collection Set: 0.1ms
[2026-03-27T14:07:44.652+0900][48.783s][info][gc,phases   ] GC(890)   Merge Heap Roots: 0.2ms
[2026-03-27T14:07:44.652+0900][48.783s][info][gc,phases   ] GC(890)   Evacuate Collection Set: 0.2ms
[2026-03-27T14:07:44.652+0900][48.783s][info][gc,phases   ] GC(890)   Post Evacuate Collection Set: 0.4ms
[2026-03-27T14:07:44.652+0900][48.783s][info][gc,phases   ] GC(890)   Other: 0.2ms
[2026-03-27T14:07:44.652+0900][48.783s][info][gc,heap     ] GC(890) Eden regions: 1->0(147)
[2026-03-27T14:07:44.652+0900][48.783s][info][gc,heap     ] GC(890) Survivor regions: 1->1(19)
[2026-03-27T14:07:44.652+0900][48.783s][info][gc,heap     ] GC(890) Old regions: 1->1
[2026-03-27T14:07:44.652+0900][48.783s][info][gc,heap     ] GC(890) Archive regions: 0->0
[2026-03-27T14:07:44.652+0900][48.783s][info][gc,heap     ] GC(890) Humongous regions: 311->310
[2026-03-27T14:07:44.652+0900][48.783s][info][gc,metaspace] GC(890) Metaspace: 166K(384K)->166K(384K) NonClass: 157K(256K)->157K(256K) Class: 9K(128K)->9K(128K)
[2026-03-27T14:07:44.652+0900][48.783s][info][gc          ] GC(890) Pause Young (Concurrent Start) (G1 Humongous Allocation) 312M->310M(512M) 1.309ms
[2026-03-27T14:07:44.652+0900][48.783s][info][gc,cpu      ] GC(890) User=0.00s Sys=0.00s Real=0.00s
[2026-03-27T14:07:44.652+0900][48.784s][info][gc          ] GC(891) Concurrent Mark Cycle
[2026-03-27T14:07:44.652+0900][48.784s][info][gc,marking  ] GC(891) Concurrent Clear Claimed Marks
[2026-03-27T14:07:44.652+0900][48.784s][info][gc,marking  ] GC(891) Concurrent Clear Claimed Marks 0.014ms
[2026-03-27T14:07:44.652+0900][48.784s][info][gc,marking  ] GC(891) Concurrent Scan Root Regions
[2026-03-27T14:07:44.652+0900][48.784s][info][gc,marking  ] GC(891) Concurrent Scan Root Regions 0.029ms
[2026-03-27T14:07:44.652+0900][48.784s][info][gc,marking  ] GC(891) Concurrent Mark
[2026-03-27T14:07:44.652+0900][48.784s][info][gc,marking  ] GC(891) Concurrent Mark From Roots
[2026-03-27T14:07:44.652+0900][48.784s][info][gc,task     ] GC(891) Using 2 workers of 2 for marking
[2026-03-27T14:07:44.652+0900][48.784s][info][gc,marking  ] GC(891) Concurrent Mark From Roots 0.699ms
[2026-03-27T14:07:44.652+0900][48.784s][info][gc,marking  ] GC(891) Concurrent Preclean
[2026-03-27T14:07:44.652+0900][48.784s][info][gc,marking  ] GC(891) Concurrent Preclean 0.014ms
[2026-03-27T14:07:44.652+0900][48.785s][info][gc,start    ] GC(891) Pause Remark
[2026-03-27T14:07:44.652+0900][48.785s][info][gc          ] GC(891) Pause Remark 311M->311M(512M) 0.666ms
[2026-03-27T14:07:44.652+0900][48.785s][info][gc,cpu      ] GC(891) User=0.00s Sys=0.00s Real=0.00s
[2026-03-27T14:07:44.652+0900][48.785s][info][gc,marking  ] GC(891) Concurrent Mark 1.624ms
[2026-03-27T14:07:44.652+0900][48.785s][info][gc,marking  ] GC(891) Concurrent Rebuild Remembered Sets
[2026-03-27T14:07:44.652+0900][48.786s][info][gc,marking  ] GC(891) Concurrent Rebuild Remembered Sets 0.385ms
[2026-03-27T14:07:44.652+0900][48.786s][info][gc,start    ] GC(891) Pause Cleanup
[2026-03-27T14:07:44.652+0900][48.786s][info][gc          ] GC(891) Pause Cleanup 311M->311M(512M) 0.096ms
[2026-03-27T14:07:44.652+0900][48.786s][info][gc,cpu      ] GC(891) User=0.00s Sys=0.00s Real=0.00s
[2026-03-27T14:07:44.652+0900][48.786s][info][gc,marking  ] GC(891) Concurrent Cleanup for Next Mark
[2026-03-27T14:07:44.652+0900][48.786s][info][gc,marking  ] GC(891) Concurrent Cleanup for Next Mark 0.240ms
[2026-03-27T14:07:44.652+0900][48.786s][info][gc          ] GC(891) Concurrent Mark Cycle 2.671ms
[2026-03-27T14:07:44.716+0900][48.846s][info][gc,start    ] GC(892) Pause Young (Concurrent Start) (G1 Humongous Allocation)
[2026-03-27T14:07:44.716+0900][48.846s][info][gc,task     ] GC(892) Using 8 workers of 8 for evacuation
[2026-03-27T14:07:44.716+0900][48.847s][info][gc,phases   ] GC(892)   Pre Evacuate Collection Set: 0.2ms
[2026-03-27T14:07:44.716+0900][48.847s][info][gc,phases   ] GC(892)   Merge Heap Roots: 0.2ms
[2026-03-27T14:07:44.716+0900][48.847s][info][gc,phases   ] GC(892)   Evacuate Collection Set: 0.2ms
[2026-03-27T14:07:44.716+0900][48.848s][info][gc,phases   ] GC(892)   Post Evacuate Collection Set: 0.6ms
[2026-03-27T14:07:44.716+0900][48.848s][info][gc,phases   ] GC(892)   Other: 0.2ms
[2026-03-27T14:07:44.716+0900][48.848s][info][gc,heap     ] GC(892) Eden regions: 1->0(147)
[2026-03-27T14:07:44.716+0900][48.848s][info][gc,heap     ] GC(892) Survivor regions: 1->1(19)
[2026-03-27T14:07:44.716+0900][48.848s][info][gc,heap     ] GC(892) Old regions: 1->1
[2026-03-27T14:07:44.716+0900][48.848s][info][gc,heap     ] GC(892) Archive regions: 0->0
[2026-03-27T14:07:44.716+0900][48.848s][info][gc,heap     ] GC(892) Humongous regions: 311->310
[2026-03-27T14:07:44.716+0900][48.848s][info][gc,metaspace] GC(892) Metaspace: 166K(384K)->166K(384K) NonClass: 157K(256K)->157K(256K) Class: 9K(128K)->9K(128K)
[2026-03-27T14:07:44.716+0900][48.848s][info][gc          ] GC(892) Pause Young (Concurrent Start) (G1 Humongous Allocation) 312M->310M(512M) 1.839ms
[2026-03-27T14:07:44.716+0900][48.848s][info][gc,cpu      ] GC(892) User=0.00s Sys=0.00s Real=0.00s
[2026-03-27T14:07:44.716+0900][48.848s][info][gc          ] GC(893) Concurrent Mark Cycle
[2026-03-27T14:07:44.716+0900][48.848s][info][gc,marking  ] GC(893) Concurrent Clear Claimed Marks
[2026-03-27T14:07:44.716+0900][48.848s][info][gc,marking  ] GC(893) Concurrent Clear Claimed Marks 0.013ms
[2026-03-27T14:07:44.716+0900][48.848s][info][gc,marking  ] GC(893) Concurrent Scan Root Regions
[2026-03-27T14:07:44.716+0900][48.848s][info][gc,marking  ] GC(893) Concurrent Scan Root Regions 0.039ms
[2026-03-27T14:07:44.716+0900][48.848s][info][gc,marking  ] GC(893) Concurrent Mark
[2026-03-27T14:07:44.716+0900][48.848s][info][gc,marking  ] GC(893) Concurrent Mark From Roots
[2026-03-27T14:07:44.716+0900][48.848s][info][gc,task     ] GC(893) Using 2 workers of 2 for marking
[2026-03-27T14:07:44.716+0900][48.848s][info][gc,marking  ] GC(893) Concurrent Mark From Roots 0.688ms
[2026-03-27T14:07:44.716+0900][48.849s][info][gc,marking  ] GC(893) Concurrent Preclean
[2026-03-27T14:07:44.716+0900][48.849s][info][gc,marking  ] GC(893) Concurrent Preclean 0.017ms
[2026-03-27T14:07:44.716+0900][48.849s][info][gc,start    ] GC(893) Pause Remark
[2026-03-27T14:07:44.716+0900][48.849s][info][gc          ] GC(893) Pause Remark 313M->313M(512M) 0.346ms
[2026-03-27T14:07:44.716+0900][48.849s][info][gc,cpu      ] GC(893) User=0.00s Sys=0.00s Real=0.00s
[2026-03-27T14:07:44.716+0900][48.849s][info][gc,marking  ] GC(893) Concurrent Mark 1.216ms
[2026-03-27T14:07:44.716+0900][48.849s][info][gc,marking  ] GC(893) Concurrent Rebuild Remembered Sets
[2026-03-27T14:07:44.716+0900][48.849s][info][gc,marking  ] GC(893) Concurrent Rebuild Remembered Sets 0.403ms
[2026-03-27T14:07:44.716+0900][48.850s][info][gc,start    ] GC(893) Pause Cleanup
[2026-03-27T14:07:44.716+0900][48.850s][info][gc          ] GC(893) Pause Cleanup 313M->313M(512M) 0.100ms
[2026-03-27T14:07:44.716+0900][48.850s][info][gc,cpu      ] GC(893) User=0.00s Sys=0.00s Real=0.00s
[2026-03-27T14:07:44.716+0900][48.850s][info][gc,marking  ] GC(893) Concurrent Cleanup for Next Mark
[2026-03-27T14:07:44.716+0900][48.850s][info][gc,marking  ] GC(893) Concurrent Cleanup for Next Mark 0.204ms
[2026-03-27T14:07:44.716+0900][48.850s][info][gc          ] GC(893) Concurrent Mark Cycle 2.341ms
[2026-03-27T14:07:44.780+0900][48.911s][info][gc,start    ] GC(894) Pause Young (Concurrent Start) (G1 Humongous Allocation)
[2026-03-27T14:07:44.780+0900][48.911s][info][gc,task     ] GC(894) Using 8 workers of 8 for evacuation
[2026-03-27T14:07:44.780+0900][48.913s][info][gc,phases   ] GC(894)   Pre Evacuate Collection Set: 0.3ms
[2026-03-27T14:07:44.780+0900][48.913s][info][gc,phases   ] GC(894)   Merge Heap Roots: 0.4ms
[2026-03-27T14:07:44.780+0900][48.913s][info][gc,phases   ] GC(894)   Evacuate Collection Set: 0.3ms
[2026-03-27T14:07:44.780+0900][48.913s][info][gc,phases   ] GC(894)   Post Evacuate Collection Set: 0.8ms
[2026-03-27T14:07:44.780+0900][48.913s][info][gc,phases   ] GC(894)   Other: 0.3ms
[2026-03-27T14:07:44.780+0900][48.913s][info][gc,heap     ] GC(894) Eden regions: 1->0(145)
[2026-03-27T14:07:44.780+0900][48.913s][info][gc,heap     ] GC(894) Survivor regions: 1->1(19)
[2026-03-27T14:07:44.780+0900][48.913s][info][gc,heap     ] GC(894) Old regions: 1->1
[2026-03-27T14:07:44.780+0900][48.914s][info][gc,heap     ] GC(894) Archive regions: 0->0
[2026-03-27T14:07:44.780+0900][48.914s][info][gc,heap     ] GC(894) Humongous regions: 313->312
[2026-03-27T14:07:44.780+0900][48.914s][info][gc,metaspace] GC(894) Metaspace: 166K(384K)->166K(384K) NonClass: 157K(256K)->157K(256K) Class: 9K(128K)->9K(128K)
[2026-03-27T14:07:44.780+0900][48.914s][info][gc          ] GC(894) Pause Young (Concurrent Start) (G1 Humongous Allocation) 314M->312M(512M) 2.973ms
[2026-03-27T14:07:44.780+0900][48.914s][info][gc,cpu      ] GC(894) User=0.00s Sys=0.00s Real=0.00s
[2026-03-27T14:07:44.780+0900][48.914s][info][gc          ] GC(895) Concurrent Mark Cycle
[2026-03-27T14:07:44.780+0900][48.914s][info][gc,marking  ] GC(895) Concurrent Clear Claimed Marks
[2026-03-27T14:07:44.780+0900][48.914s][info][gc,marking  ] GC(895) Concurrent Clear Claimed Marks 0.045ms
[2026-03-27T14:07:44.780+0900][48.914s][info][gc,marking  ] GC(895) Concurrent Scan Root Regions
[2026-03-27T14:07:44.780+0900][48.914s][info][gc,marking  ] GC(895) Concurrent Scan Root Regions 0.125ms
[2026-03-27T14:07:44.780+0900][48.914s][info][gc,marking  ] GC(895) Concurrent Mark
[2026-03-27T14:07:44.780+0900][48.914s][info][gc,marking  ] GC(895) Concurrent Mark From Roots
[2026-03-27T14:07:44.780+0900][48.914s][info][gc,task     ] GC(895) Using 2 workers of 2 for marking
[2026-03-27T14:07:44.780+0900][48.916s][info][gc,marking  ] GC(895) Concurrent Mark From Roots 1.283ms
[2026-03-27T14:07:44.780+0900][48.916s][info][gc,marking  ] GC(895) Concurrent Preclean
[2026-03-27T14:07:44.780+0900][48.916s][info][gc,marking  ] GC(895) Concurrent Preclean 0.014ms
[2026-03-27T14:07:44.780+0900][48.916s][info][gc,start    ] GC(895) Pause Remark
[2026-03-27T14:07:44.780+0900][48.917s][info][gc          ] GC(895) Pause Remark 313M->313M(512M) 0.839ms
[2026-03-27T14:07:44.780+0900][48.917s][info][gc,cpu      ] GC(895) User=0.00s Sys=0.00s Real=0.00s
[2026-03-27T14:07:44.780+0900][48.917s][info][gc,marking  ] GC(895) Concurrent Mark 2.547ms
[2026-03-27T14:07:44.780+0900][48.917s][info][gc,marking  ] GC(895) Concurrent Rebuild Remembered Sets
[2026-03-27T14:07:44.780+0900][48.917s][info][gc,marking  ] GC(895) Concurrent Rebuild Remembered Sets 0.565ms
[2026-03-27T14:07:44.780+0900][48.918s][info][gc,start    ] GC(895) Pause Cleanup
[2026-03-27T14:07:44.780+0900][48.918s][info][gc          ] GC(895) Pause Cleanup 313M->313M(512M) 0.245ms
[2026-03-27T14:07:44.780+0900][48.918s][info][gc,cpu      ] GC(895) User=0.00s Sys=0.00s Real=0.00s
[2026-03-27T14:07:44.780+0900][48.918s][info][gc,marking  ] GC(895) Concurrent Cleanup for Next Mark
[2026-03-27T14:07:44.780+0900][48.919s][info][gc,marking  ] GC(895) Concurrent Cleanup for Next Mark 0.447ms
[2026-03-27T14:07:44.780+0900][48.919s][info][gc          ] GC(895) Concurrent Mark Cycle 4.895ms
[2026-03-27T14:07:44.843+0900][48.974s][info][gc,start    ] GC(896) Pause Young (Concurrent Start) (G1 Humongous Allocation)
[2026-03-27T14:07:44.843+0900][48.974s][info][gc,task     ] GC(896) Using 8 workers of 8 for evacuation
[2026-03-27T14:07:44.843+0900][48.975s][info][gc,phases   ] GC(896)   Pre Evacuate Collection Set: 0.1ms
[2026-03-27T14:07:44.843+0900][48.975s][info][gc,phases   ] GC(896)   Merge Heap Roots: 0.2ms
[2026-03-27T14:07:44.843+0900][48.975s][info][gc,phases   ] GC(896)   Evacuate Collection Set: 0.2ms
[2026-03-27T14:07:44.843+0900][48.975s][info][gc,phases   ] GC(896)   Post Evacuate Collection Set: 0.5ms
[2026-03-27T14:07:44.843+0900][48.975s][info][gc,phases   ] GC(896)   Other: 0.2ms
[2026-03-27T14:07:44.843+0900][48.975s][info][gc,heap     ] GC(896) Eden regions: 1->0(145)
[2026-03-27T14:07:44.843+0900][48.975s][info][gc,heap     ] GC(896) Survivor regions: 1->1(19)
[2026-03-27T14:07:44.843+0900][48.975s][info][gc,heap     ] GC(896) Old regions: 1->1
[2026-03-27T14:07:44.843+0900][48.975s][info][gc,heap     ] GC(896) Archive regions: 0->0
[2026-03-27T14:07:44.843+0900][48.975s][info][gc,heap     ] GC(896) Humongous regions: 313->312
[2026-03-27T14:07:44.843+0900][48.975s][info][gc,metaspace] GC(896) Metaspace: 166K(384K)->166K(384K) NonClass: 157K(256K)->157K(256K) Class: 9K(128K)->9K(128K)
[2026-03-27T14:07:44.843+0900][48.975s][info][gc          ] GC(896) Pause Young (Concurrent Start) (G1 Humongous Allocation) 314M->312M(512M) 1.404ms
[2026-03-27T14:07:44.843+0900][48.975s][info][gc,cpu      ] GC(896) User=0.00s Sys=0.00s Real=0.00s
[2026-03-27T14:07:44.843+0900][48.975s][info][gc          ] GC(897) Concurrent Mark Cycle
[2026-03-27T14:07:44.843+0900][48.975s][info][gc,marking  ] GC(897) Concurrent Clear Claimed Marks
[2026-03-27T14:07:44.843+0900][48.975s][info][gc,marking  ] GC(897) Concurrent Clear Claimed Marks 0.013ms
[2026-03-27T14:07:44.843+0900][48.975s][info][gc,marking  ] GC(897) Concurrent Scan Root Regions
[2026-03-27T14:07:44.843+0900][48.975s][info][gc,marking  ] GC(897) Concurrent Scan Root Regions 0.029ms
[2026-03-27T14:07:44.843+0900][48.975s][info][gc,marking  ] GC(897) Concurrent Mark
[2026-03-27T14:07:44.843+0900][48.975s][info][gc,marking  ] GC(897) Concurrent Mark From Roots
[2026-03-27T14:07:44.843+0900][48.975s][info][gc,task     ] GC(897) Using 2 workers of 2 for marking
[2026-03-27T14:07:44.843+0900][48.976s][info][gc,marking  ] GC(897) Concurrent Mark From Roots 0.749ms
[2026-03-27T14:07:44.843+0900][48.976s][info][gc,marking  ] GC(897) Concurrent Preclean
[2026-03-27T14:07:44.843+0900][48.976s][info][gc,marking  ] GC(897) Concurrent Preclean 0.014ms
[2026-03-27T14:07:44.843+0900][48.976s][info][gc,start    ] GC(897) Pause Remark
[2026-03-27T14:07:44.843+0900][48.977s][info][gc          ] GC(897) Pause Remark 313M->313M(512M) 0.478ms
[2026-03-27T14:07:44.843+0900][48.977s][info][gc,cpu      ] GC(897) User=0.00s Sys=0.00s Real=0.00s
[2026-03-27T14:07:44.843+0900][48.977s][info][gc,marking  ] GC(897) Concurrent Mark 1.415ms
[2026-03-27T14:07:44.843+0900][48.977s][info][gc,marking  ] GC(897) Concurrent Rebuild Remembered Sets
[2026-03-27T14:07:44.843+0900][48.977s][info][gc,marking  ] GC(897) Concurrent Rebuild Remembered Sets 0.448ms
[2026-03-27T14:07:44.843+0900][48.977s][info][gc,start    ] GC(897) Pause Cleanup
[2026-03-27T14:07:44.843+0900][48.977s][info][gc          ] GC(897) Pause Cleanup 313M->313M(512M) 0.052ms
[2026-03-27T14:07:44.843+0900][48.977s][info][gc,cpu      ] GC(897) User=0.00s Sys=0.00s Real=0.00s
[2026-03-27T14:07:44.843+0900][48.977s][info][gc,marking  ] GC(897) Concurrent Cleanup for Next Mark
[2026-03-27T14:07:44.843+0900][48.978s][info][gc,marking  ] GC(897) Concurrent Cleanup for Next Mark 0.244ms
[2026-03-27T14:07:44.843+0900][48.978s][info][gc          ] GC(897) Concurrent Mark Cycle 2.469ms
[2026-03-27T14:07:44.907+0900][49.037s][info][gc,start    ] GC(898) Pause Young (Concurrent Start) (G1 Humongous Allocation)
[2026-03-27T14:07:44.907+0900][49.037s][info][gc,task     ] GC(898) Using 8 workers of 8 for evacuation
[2026-03-27T14:07:44.907+0900][49.039s][info][gc,phases   ] GC(898)   Pre Evacuate Collection Set: 0.2ms
[2026-03-27T14:07:44.907+0900][49.039s][info][gc,phases   ] GC(898)   Merge Heap Roots: 0.2ms
[2026-03-27T14:07:44.907+0900][49.039s][info][gc,phases   ] GC(898)   Evacuate Collection Set: 0.3ms
[2026-03-27T14:07:44.907+0900][49.039s][info][gc,phases   ] GC(898)   Post Evacuate Collection Set: 0.7ms
[2026-03-27T14:07:44.907+0900][49.039s][info][gc,phases   ] GC(898)   Other: 0.2ms
[2026-03-27T14:07:44.907+0900][49.039s][info][gc,heap     ] GC(898) Eden regions: 1->0(145)
[2026-03-27T14:07:44.907+0900][49.039s][info][gc,heap     ] GC(898) Survivor regions: 1->1(19)
[2026-03-27T14:07:44.907+0900][49.039s][info][gc,heap     ] GC(898) Old regions: 1->1
[2026-03-27T14:07:44.907+0900][49.039s][info][gc,heap     ] GC(898) Archive regions: 0->0
[2026-03-27T14:07:44.907+0900][49.039s][info][gc,heap     ] GC(898) Humongous regions: 313->312
[2026-03-27T14:07:44.907+0900][49.039s][info][gc,metaspace] GC(898) Metaspace: 166K(384K)->166K(384K) NonClass: 157K(256K)->157K(256K) Class: 9K(128K)->9K(128K)
[2026-03-27T14:07:44.907+0900][49.039s][info][gc          ] GC(898) Pause Young (Concurrent Start) (G1 Humongous Allocation) 314M->312M(512M) 1.761ms
[2026-03-27T14:07:44.907+0900][49.039s][info][gc,cpu      ] GC(898) User=0.00s Sys=0.00s Real=0.00s
[2026-03-27T14:07:44.907+0900][49.039s][info][gc          ] GC(899) Concurrent Mark Cycle
[2026-03-27T14:07:44.907+0900][49.039s][info][gc,marking  ] GC(899) Concurrent Clear Claimed Marks
[2026-03-27T14:07:44.907+0900][49.039s][info][gc,marking  ] GC(899) Concurrent Clear Claimed Marks 0.013ms
[2026-03-27T14:07:44.907+0900][49.039s][info][gc,marking  ] GC(899) Concurrent Scan Root Regions
[2026-03-27T14:07:44.907+0900][49.039s][info][gc,marking  ] GC(899) Concurrent Scan Root Regions 0.077ms
[2026-03-27T14:07:44.907+0900][49.039s][info][gc,marking  ] GC(899) Concurrent Mark
[2026-03-27T14:07:44.907+0900][49.039s][info][gc,marking  ] GC(899) Concurrent Mark From Roots
[2026-03-27T14:07:44.907+0900][49.039s][info][gc,task     ] GC(899) Using 2 workers of 2 for marking
[2026-03-27T14:07:44.907+0900][49.040s][info][gc,marking  ] GC(899) Concurrent Mark From Roots 0.775ms
[2026-03-27T14:07:44.907+0900][49.040s][info][gc,marking  ] GC(899) Concurrent Preclean
[2026-03-27T14:07:44.907+0900][49.040s][info][gc,marking  ] GC(899) Concurrent Preclean 0.020ms
[2026-03-27T14:07:44.907+0900][49.040s][info][gc,start    ] GC(899) Pause Remark
[2026-03-27T14:07:44.907+0900][49.041s][info][gc          ] GC(899) Pause Remark 313M->313M(512M) 0.752ms
[2026-03-27T14:07:44.907+0900][49.041s][info][gc,cpu      ] GC(899) User=0.02s Sys=0.00s Real=0.00s
[2026-03-27T14:07:44.907+0900][49.041s][info][gc,marking  ] GC(899) Concurrent Mark 1.955ms
[2026-03-27T14:07:44.907+0900][49.041s][info][gc,marking  ] GC(899) Concurrent Rebuild Remembered Sets
[2026-03-27T14:07:44.907+0900][49.041s][info][gc,marking  ] GC(899) Concurrent Rebuild Remembered Sets 0.439ms
[2026-03-27T14:07:44.907+0900][49.042s][info][gc,start    ] GC(899) Pause Cleanup
[2026-03-27T14:07:44.907+0900][49.042s][info][gc          ] GC(899) Pause Cleanup 313M->313M(512M) 0.105ms
[2026-03-27T14:07:44.907+0900][49.042s][info][gc,cpu      ] GC(899) User=0.00s Sys=0.00s Real=0.00s
[2026-03-27T14:07:44.907+0900][49.042s][info][gc,marking  ] GC(899) Concurrent Cleanup for Next Mark
[2026-03-27T14:07:44.907+0900][49.042s][info][gc,marking  ] GC(899) Concurrent Cleanup for Next Mark 0.238ms
[2026-03-27T14:07:44.907+0900][49.042s][info][gc          ] GC(899) Concurrent Mark Cycle 3.283ms
[2026-03-27T14:07:44.970+0900][49.100s][info][gc,start    ] GC(900) Pause Young (Concurrent Start) (G1 Humongous Allocation)
[2026-03-27T14:07:44.970+0900][49.100s][info][gc,task     ] GC(900) Using 8 workers of 8 for evacuation
[2026-03-27T14:07:44.970+0900][49.101s][info][gc,phases   ] GC(900)   Pre Evacuate Collection Set: 0.1ms
[2026-03-27T14:07:44.970+0900][49.102s][info][gc,phases   ] GC(900)   Merge Heap Roots: 0.2ms
[2026-03-27T14:07:44.970+0900][49.102s][info][gc,phases   ] GC(900)   Evacuate Collection Set: 0.2ms
[2026-03-27T14:07:44.970+0900][49.102s][info][gc,phases   ] GC(900)   Post Evacuate Collection Set: 0.5ms
[2026-03-27T14:07:44.970+0900][49.102s][info][gc,phases   ] GC(900)   Other: 0.2ms
[2026-03-27T14:07:44.970+0900][49.102s][info][gc,heap     ] GC(900) Eden regions: 1->0(145)
[2026-03-27T14:07:44.970+0900][49.102s][info][gc,heap     ] GC(900) Survivor regions: 1->1(19)
[2026-03-27T14:07:44.970+0900][49.102s][info][gc,heap     ] GC(900) Old regions: 1->1
[2026-03-27T14:07:44.970+0900][49.102s][info][gc,heap     ] GC(900) Archive regions: 0->0
[2026-03-27T14:07:44.970+0900][49.102s][info][gc,heap     ] GC(900) Humongous regions: 313->312
[2026-03-27T14:07:44.970+0900][49.102s][info][gc,metaspace] GC(900) Metaspace: 166K(384K)->166K(384K) NonClass: 157K(256K)->157K(256K) Class: 9K(128K)->9K(128K)
[2026-03-27T14:07:44.970+0900][49.102s][info][gc          ] GC(900) Pause Young (Concurrent Start) (G1 Humongous Allocation) 314M->312M(512M) 1.486ms
[2026-03-27T14:07:44.970+0900][49.102s][info][gc,cpu      ] GC(900) User=0.00s Sys=0.00s Real=0.00s
[2026-03-27T14:07:44.970+0900][49.102s][info][gc          ] GC(901) Concurrent Mark Cycle
[2026-03-27T14:07:44.970+0900][49.102s][info][gc,marking  ] GC(901) Concurrent Clear Claimed Marks
[2026-03-27T14:07:44.970+0900][49.102s][info][gc,marking  ] GC(901) Concurrent Clear Claimed Marks 0.022ms
[2026-03-27T14:07:44.970+0900][49.102s][info][gc,marking  ] GC(901) Concurrent Scan Root Regions
[2026-03-27T14:07:44.970+0900][49.102s][info][gc,marking  ] GC(901) Concurrent Scan Root Regions 0.116ms
[2026-03-27T14:07:44.970+0900][49.102s][info][gc,marking  ] GC(901) Concurrent Mark
[2026-03-27T14:07:44.970+0900][49.102s][info][gc,marking  ] GC(901) Concurrent Mark From Roots
[2026-03-27T14:07:44.970+0900][49.102s][info][gc,task     ] GC(901) Using 2 workers of 2 for marking
[2026-03-27T14:07:44.970+0900][49.103s][info][gc,marking  ] GC(901) Concurrent Mark From Roots 0.974ms
[2026-03-27T14:07:44.970+0900][49.103s][info][gc,marking  ] GC(901) Concurrent Preclean
[2026-03-27T14:07:44.970+0900][49.103s][info][gc,marking  ] GC(901) Concurrent Preclean 0.019ms
[2026-03-27T14:07:44.970+0900][49.103s][info][gc,start    ] GC(901) Pause Remark
[2026-03-27T14:07:44.970+0900][49.104s][info][gc          ] GC(901) Pause Remark 313M->313M(512M) 0.690ms
[2026-03-27T14:07:44.970+0900][49.104s][info][gc,cpu      ] GC(901) User=0.00s Sys=0.00s Real=0.00s
[2026-03-27T14:07:44.970+0900][49.104s][info][gc,marking  ] GC(901) Concurrent Mark 2.070ms
[2026-03-27T14:07:44.970+0900][49.104s][info][gc,marking  ] GC(901) Concurrent Rebuild Remembered Sets
[2026-03-27T14:07:44.970+0900][49.105s][info][gc,marking  ] GC(901) Concurrent Rebuild Remembered Sets 0.496ms
[2026-03-27T14:07:44.970+0900][49.105s][info][gc,start    ] GC(901) Pause Cleanup
[2026-03-27T14:07:44.970+0900][49.105s][info][gc          ] GC(901) Pause Cleanup 313M->313M(512M) 0.108ms
[2026-03-27T14:07:44.970+0900][49.105s][info][gc,cpu      ] GC(901) User=0.00s Sys=0.00s Real=0.00s
[2026-03-27T14:07:44.970+0900][49.105s][info][gc,marking  ] GC(901) Concurrent Cleanup for Next Mark
[2026-03-27T14:07:44.970+0900][49.105s][info][gc,marking  ] GC(901) Concurrent Cleanup for Next Mark 0.254ms
[2026-03-27T14:07:44.970+0900][49.105s][info][gc          ] GC(901) Concurrent Mark Cycle 3.588ms
[2026-03-27T14:07:45.033+0900][49.164s][info][gc,start    ] GC(902) Pause Young (Concurrent Start) (G1 Humongous Allocation)
[2026-03-27T14:07:45.033+0900][49.164s][info][gc,task     ] GC(902) Using 8 workers of 8 for evacuation
[2026-03-27T14:07:45.036+0900][49.166s][info][gc,phases   ] GC(902)   Pre Evacuate Collection Set: 0.2ms
[2026-03-27T14:07:45.036+0900][49.166s][info][gc,phases   ] GC(902)   Merge Heap Roots: 0.4ms
[2026-03-27T14:07:45.036+0900][49.166s][info][gc,phases   ] GC(902)   Evacuate Collection Set: 0.3ms
[2026-03-27T14:07:45.036+0900][49.166s][info][gc,phases   ] GC(902)   Post Evacuate Collection Set: 0.5ms
[2026-03-27T14:07:45.036+0900][49.166s][info][gc,phases   ] GC(902)   Other: 0.3ms
[2026-03-27T14:07:45.036+0900][49.166s][info][gc,heap     ] GC(902) Eden regions: 1->0(145)
[2026-03-27T14:07:45.036+0900][49.166s][info][gc,heap     ] GC(902) Survivor regions: 1->1(19)
[2026-03-27T14:07:45.036+0900][49.166s][info][gc,heap     ] GC(902) Old regions: 1->1
[2026-03-27T14:07:45.036+0900][49.166s][info][gc,heap     ] GC(902) Archive regions: 0->0
[2026-03-27T14:07:45.036+0900][49.166s][info][gc,heap     ] GC(902) Humongous regions: 313->312
[2026-03-27T14:07:45.036+0900][49.166s][info][gc,metaspace] GC(902) Metaspace: 166K(384K)->166K(384K) NonClass: 157K(256K)->157K(256K) Class: 9K(128K)->9K(128K)
[2026-03-27T14:07:45.036+0900][49.166s][info][gc          ] GC(902) Pause Young (Concurrent Start) (G1 Humongous Allocation) 314M->312M(512M) 2.415ms
[2026-03-27T14:07:45.036+0900][49.166s][info][gc,cpu      ] GC(902) User=0.02s Sys=0.00s Real=0.00s
[2026-03-27T14:07:45.036+0900][49.166s][info][gc          ] GC(903) Concurrent Mark Cycle
[2026-03-27T14:07:45.036+0900][49.166s][info][gc,marking  ] GC(903) Concurrent Clear Claimed Marks
[2026-03-27T14:07:45.036+0900][49.167s][info][gc,marking  ] GC(903) Concurrent Clear Claimed Marks 0.060ms
[2026-03-27T14:07:45.036+0900][49.167s][info][gc,marking  ] GC(903) Concurrent Scan Root Regions
[2026-03-27T14:07:45.036+0900][49.167s][info][gc,marking  ] GC(903) Concurrent Scan Root Regions 0.123ms
[2026-03-27T14:07:45.036+0900][49.167s][info][gc,marking  ] GC(903) Concurrent Mark
[2026-03-27T14:07:45.036+0900][49.167s][info][gc,marking  ] GC(903) Concurrent Mark From Roots
[2026-03-27T14:07:45.036+0900][49.167s][info][gc,task     ] GC(903) Using 2 workers of 2 for marking
[2026-03-27T14:07:45.038+0900][49.169s][info][gc,marking  ] GC(903) Concurrent Mark From Roots 2.015ms
[2026-03-27T14:07:45.038+0900][49.169s][info][gc,marking  ] GC(903) Concurrent Preclean
[2026-03-27T14:07:45.038+0900][49.169s][info][gc,marking  ] GC(903) Concurrent Preclean 0.029ms
[2026-03-27T14:07:45.038+0900][49.169s][info][gc,start    ] GC(903) Pause Remark
[2026-03-27T14:07:45.040+0900][49.170s][info][gc          ] GC(903) Pause Remark 315M->315M(512M) 0.700ms
[2026-03-27T14:07:45.040+0900][49.170s][info][gc,cpu      ] GC(903) User=0.00s Sys=0.00s Real=0.00s
[2026-03-27T14:07:45.040+0900][49.170s][info][gc,marking  ] GC(903) Concurrent Mark 3.224ms
[2026-03-27T14:07:45.040+0900][49.170s][info][gc,marking  ] GC(903) Concurrent Rebuild Remembered Sets
[2026-03-27T14:07:45.040+0900][49.171s][info][gc,marking  ] GC(903) Concurrent Rebuild Remembered Sets 0.848ms
[2026-03-27T14:07:45.040+0900][49.171s][info][gc,start    ] GC(903) Pause Cleanup
[2026-03-27T14:07:45.040+0900][49.171s][info][gc          ] GC(903) Pause Cleanup 315M->315M(512M) 0.234ms
[2026-03-27T14:07:45.040+0900][49.172s][info][gc,cpu      ] GC(903) User=0.00s Sys=0.00s Real=0.00s
[2026-03-27T14:07:45.040+0900][49.172s][info][gc,marking  ] GC(903) Concurrent Cleanup for Next Mark
[2026-03-27T14:07:45.040+0900][49.172s][info][gc,marking  ] GC(903) Concurrent Cleanup for Next Mark 0.454ms
[2026-03-27T14:07:45.040+0900][49.172s][info][gc          ] GC(903) Concurrent Mark Cycle 5.815ms
[2026-03-27T14:07:45.097+0900][49.228s][info][gc,start    ] GC(904) Pause Young (Concurrent Start) (G1 Humongous Allocation)
[2026-03-27T14:07:45.097+0900][49.228s][info][gc,task     ] GC(904) Using 8 workers of 8 for evacuation
[2026-03-27T14:07:45.097+0900][49.230s][info][gc,phases   ] GC(904)   Pre Evacuate Collection Set: 0.2ms
[2026-03-27T14:07:45.097+0900][49.230s][info][gc,phases   ] GC(904)   Merge Heap Roots: 0.4ms
[2026-03-27T14:07:45.097+0900][49.230s][info][gc,phases   ] GC(904)   Evacuate Collection Set: 0.3ms
[2026-03-27T14:07:45.097+0900][49.230s][info][gc,phases   ] GC(904)   Post Evacuate Collection Set: 1.0ms
[2026-03-27T14:07:45.097+0900][49.231s][info][gc,phases   ] GC(904)   Other: 0.2ms
[2026-03-27T14:07:45.097+0900][49.231s][info][gc,heap     ] GC(904) Eden regions: 1->0(143)
[2026-03-27T14:07:45.097+0900][49.231s][info][gc,heap     ] GC(904) Survivor regions: 1->1(19)
[2026-03-27T14:07:45.097+0900][49.231s][info][gc,heap     ] GC(904) Old regions: 1->1
[2026-03-27T14:07:45.097+0900][49.231s][info][gc,heap     ] GC(904) Archive regions: 0->0
[2026-03-27T14:07:45.097+0900][49.231s][info][gc,heap     ] GC(904) Humongous regions: 315->314
[2026-03-27T14:07:45.097+0900][49.231s][info][gc,metaspace] GC(904) Metaspace: 166K(384K)->166K(384K) NonClass: 157K(256K)->157K(256K) Class: 9K(128K)->9K(128K)
[2026-03-27T14:07:45.097+0900][49.231s][info][gc          ] GC(904) Pause Young (Concurrent Start) (G1 Humongous Allocation) 316M->314M(512M) 2.830ms
[2026-03-27T14:07:45.097+0900][49.231s][info][gc,cpu      ] GC(904) User=0.00s Sys=0.00s Real=0.00s
[2026-03-27T14:07:45.097+0900][49.231s][info][gc          ] GC(905) Concurrent Mark Cycle
[2026-03-27T14:07:45.097+0900][49.231s][info][gc,marking  ] GC(905) Concurrent Clear Claimed Marks
[2026-03-27T14:07:45.097+0900][49.231s][info][gc,marking  ] GC(905) Concurrent Clear Claimed Marks 0.041ms
[2026-03-27T14:07:45.097+0900][49.231s][info][gc,marking  ] GC(905) Concurrent Scan Root Regions
[2026-03-27T14:07:45.097+0900][49.231s][info][gc,marking  ] GC(905) Concurrent Scan Root Regions 0.254ms
[2026-03-27T14:07:45.097+0900][49.231s][info][gc,marking  ] GC(905) Concurrent Mark
[2026-03-27T14:07:45.097+0900][49.232s][info][gc,marking  ] GC(905) Concurrent Mark From Roots
[2026-03-27T14:07:45.097+0900][49.232s][info][gc,task     ] GC(905) Using 2 workers of 2 for marking
[2026-03-27T14:07:45.104+0900][49.234s][info][gc,marking  ] GC(905) Concurrent Mark From Roots 2.030ms
[2026-03-27T14:07:45.104+0900][49.234s][info][gc,marking  ] GC(905) Concurrent Preclean
[2026-03-27T14:07:45.104+0900][49.234s][info][gc,marking  ] GC(905) Concurrent Preclean 0.044ms
[2026-03-27T14:07:45.104+0900][49.234s][info][gc,start    ] GC(905) Pause Remark
[2026-03-27T14:07:45.104+0900][49.236s][info][gc          ] GC(905) Pause Remark 315M->315M(512M) 1.497ms
[2026-03-27T14:07:45.104+0900][49.236s][info][gc,cpu      ] GC(905) User=0.00s Sys=0.00s Real=0.00s
[2026-03-27T14:07:45.104+0900][49.236s][info][gc,marking  ] GC(905) Concurrent Mark 4.442ms
[2026-03-27T14:07:45.104+0900][49.236s][info][gc,marking  ] GC(905) Concurrent Rebuild Remembered Sets
[2026-03-27T14:07:45.104+0900][49.237s][info][gc,marking  ] GC(905) Concurrent Rebuild Remembered Sets 1.169ms
[2026-03-27T14:07:45.104+0900][49.238s][info][gc,start    ] GC(905) Pause Cleanup
[2026-03-27T14:07:45.104+0900][49.238s][info][gc          ] GC(905) Pause Cleanup 315M->315M(512M) 0.351ms
[2026-03-27T14:07:45.104+0900][49.238s][info][gc,cpu      ] GC(905) User=0.00s Sys=0.00s Real=0.00s
[2026-03-27T14:07:45.104+0900][49.238s][info][gc,marking  ] GC(905) Concurrent Cleanup for Next Mark
[2026-03-27T14:07:45.104+0900][49.239s][info][gc,marking  ] GC(905) Concurrent Cleanup for Next Mark 0.632ms
[2026-03-27T14:07:45.104+0900][49.239s][info][gc          ] GC(905) Concurrent Mark Cycle 8.070ms
[2026-03-27T14:07:45.161+0900][49.292s][info][gc,start    ] GC(906) Pause Young (Concurrent Start) (G1 Humongous Allocation)
[2026-03-27T14:07:45.161+0900][49.292s][info][gc,task     ] GC(906) Using 8 workers of 8 for evacuation
[2026-03-27T14:07:45.161+0900][49.294s][info][gc,phases   ] GC(906)   Pre Evacuate Collection Set: 0.2ms
[2026-03-27T14:07:45.161+0900][49.294s][info][gc,phases   ] GC(906)   Merge Heap Roots: 0.3ms
[2026-03-27T14:07:45.161+0900][49.294s][info][gc,phases   ] GC(906)   Evacuate Collection Set: 0.2ms
[2026-03-27T14:07:45.161+0900][49.294s][info][gc,phases   ] GC(906)   Post Evacuate Collection Set: 0.7ms
[2026-03-27T14:07:45.161+0900][49.294s][info][gc,phases   ] GC(906)   Other: 0.2ms
[2026-03-27T14:07:45.161+0900][49.294s][info][gc,heap     ] GC(906) Eden regions: 1->0(143)
[2026-03-27T14:07:45.161+0900][49.294s][info][gc,heap     ] GC(906) Survivor regions: 1->1(18)
[2026-03-27T14:07:45.161+0900][49.294s][info][gc,heap     ] GC(906) Old regions: 1->1
[2026-03-27T14:07:45.161+0900][49.294s][info][gc,heap     ] GC(906) Archive regions: 0->0
[2026-03-27T14:07:45.161+0900][49.294s][info][gc,heap     ] GC(906) Humongous regions: 315->314
[2026-03-27T14:07:45.161+0900][49.294s][info][gc,metaspace] GC(906) Metaspace: 166K(384K)->166K(384K) NonClass: 157K(256K)->157K(256K) Class: 9K(128K)->9K(128K)
[2026-03-27T14:07:45.161+0900][49.294s][info][gc          ] GC(906) Pause Young (Concurrent Start) (G1 Humongous Allocation) 316M->314M(512M) 2.274ms
[2026-03-27T14:07:45.161+0900][49.294s][info][gc,cpu      ] GC(906) User=0.00s Sys=0.00s Real=0.00s
[2026-03-27T14:07:45.161+0900][49.294s][info][gc          ] GC(907) Concurrent Mark Cycle
[2026-03-27T14:07:45.161+0900][49.294s][info][gc,marking  ] GC(907) Concurrent Clear Claimed Marks
[2026-03-27T14:07:45.161+0900][49.294s][info][gc,marking  ] GC(907) Concurrent Clear Claimed Marks 0.036ms
[2026-03-27T14:07:45.161+0900][49.294s][info][gc,marking  ] GC(907) Concurrent Scan Root Regions
[2026-03-27T14:07:45.161+0900][49.295s][info][gc,marking  ] GC(907) Concurrent Scan Root Regions 0.167ms
[2026-03-27T14:07:45.161+0900][49.295s][info][gc,marking  ] GC(907) Concurrent Mark
[2026-03-27T14:07:45.161+0900][49.295s][info][gc,marking  ] GC(907) Concurrent Mark From Roots
[2026-03-27T14:07:45.161+0900][49.295s][info][gc,task     ] GC(907) Using 2 workers of 2 for marking
[2026-03-27T14:07:45.161+0900][49.296s][info][gc,marking  ] GC(907) Concurrent Mark From Roots 1.786ms
[2026-03-27T14:07:45.161+0900][49.297s][info][gc,marking  ] GC(907) Concurrent Preclean
[2026-03-27T14:07:45.161+0900][49.297s][info][gc,marking  ] GC(907) Concurrent Preclean 0.040ms
[2026-03-27T14:07:45.161+0900][49.297s][info][gc,start    ] GC(907) Pause Remark
[2026-03-27T14:07:45.161+0900][49.298s][info][gc          ] GC(907) Pause Remark 315M->315M(512M) 1.266ms
[2026-03-27T14:07:45.161+0900][49.298s][info][gc,cpu      ] GC(907) User=0.00s Sys=0.00s Real=0.00s
[2026-03-27T14:07:45.161+0900][49.298s][info][gc,marking  ] GC(907) Concurrent Mark 3.854ms
[2026-03-27T14:07:45.161+0900][49.299s][info][gc,marking  ] GC(907) Concurrent Rebuild Remembered Sets
[2026-03-27T14:07:45.161+0900][49.299s][info][gc,marking  ] GC(907) Concurrent Rebuild Remembered Sets 0.791ms
[2026-03-27T14:07:45.161+0900][49.300s][info][gc,start    ] GC(907) Pause Cleanup
[2026-03-27T14:07:45.161+0900][49.300s][info][gc          ] GC(907) Pause Cleanup 315M->315M(512M) 0.296ms
[2026-03-27T14:07:45.161+0900][49.300s][info][gc,cpu      ] GC(907) User=0.00s Sys=0.00s Real=0.00s
[2026-03-27T14:07:45.161+0900][49.300s][info][gc,marking  ] GC(907) Concurrent Cleanup for Next Mark
[2026-03-27T14:07:45.161+0900][49.301s][info][gc,marking  ] GC(907) Concurrent Cleanup for Next Mark 0.504ms
[2026-03-27T14:07:45.161+0900][49.301s][info][gc          ] GC(907) Concurrent Mark Cycle 6.553ms
[2026-03-27T14:07:45.225+0900][49.356s][info][gc,start    ] GC(908) Pause Young (Concurrent Start) (G1 Humongous Allocation)
[2026-03-27T14:07:45.225+0900][49.356s][info][gc,task     ] GC(908) Using 8 workers of 8 for evacuation
[2026-03-27T14:07:45.225+0900][49.358s][info][gc,phases   ] GC(908)   Pre Evacuate Collection Set: 0.3ms
[2026-03-27T14:07:45.225+0900][49.358s][info][gc,phases   ] GC(908)   Merge Heap Roots: 0.4ms
[2026-03-27T14:07:45.225+0900][49.358s][info][gc,phases   ] GC(908)   Evacuate Collection Set: 0.3ms
[2026-03-27T14:07:45.225+0900][49.358s][info][gc,phases   ] GC(908)   Post Evacuate Collection Set: 0.9ms
[2026-03-27T14:07:45.225+0900][49.358s][info][gc,phases   ] GC(908)   Other: 0.3ms
[2026-03-27T14:07:45.225+0900][49.359s][info][gc,heap     ] GC(908) Eden regions: 1->0(143)
[2026-03-27T14:07:45.225+0900][49.359s][info][gc,heap     ] GC(908) Survivor regions: 1->1(18)
[2026-03-27T14:07:45.225+0900][49.359s][info][gc,heap     ] GC(908) Old regions: 1->1
[2026-03-27T14:07:45.225+0900][49.359s][info][gc,heap     ] GC(908) Archive regions: 0->0
[2026-03-27T14:07:45.225+0900][49.359s][info][gc,heap     ] GC(908) Humongous regions: 315->314
[2026-03-27T14:07:45.225+0900][49.359s][info][gc,metaspace] GC(908) Metaspace: 166K(384K)->166K(384K) NonClass: 157K(256K)->157K(256K) Class: 9K(128K)->9K(128K)
[2026-03-27T14:07:45.225+0900][49.359s][info][gc          ] GC(908) Pause Young (Concurrent Start) (G1 Humongous Allocation) 316M->314M(512M) 2.794ms
[2026-03-27T14:07:45.225+0900][49.359s][info][gc,cpu      ] GC(908) User=0.00s Sys=0.00s Real=0.00s
[2026-03-27T14:07:45.225+0900][49.359s][info][gc          ] GC(909) Concurrent Mark Cycle
[2026-03-27T14:07:45.225+0900][49.359s][info][gc,marking  ] GC(909) Concurrent Clear Claimed Marks
[2026-03-27T14:07:45.225+0900][49.359s][info][gc,marking  ] GC(909) Concurrent Clear Claimed Marks 0.041ms
[2026-03-27T14:07:45.225+0900][49.359s][info][gc,marking  ] GC(909) Concurrent Scan Root Regions
[2026-03-27T14:07:45.225+0900][49.359s][info][gc,marking  ] GC(909) Concurrent Scan Root Regions 0.253ms
[2026-03-27T14:07:45.225+0900][49.359s][info][gc,marking  ] GC(909) Concurrent Mark
[2026-03-27T14:07:45.225+0900][49.360s][info][gc,marking  ] GC(909) Concurrent Mark From Roots
[2026-03-27T14:07:45.225+0900][49.360s][info][gc,task     ] GC(909) Using 2 workers of 2 for marking
[2026-03-27T14:07:45.225+0900][49.362s][info][gc,marking  ] GC(909) Concurrent Mark From Roots 2.005ms
[2026-03-27T14:07:45.225+0900][49.362s][info][gc,marking  ] GC(909) Concurrent Preclean
[2026-03-27T14:07:45.225+0900][49.362s][info][gc,marking  ] GC(909) Concurrent Preclean 0.044ms
[2026-03-27T14:07:45.225+0900][49.362s][info][gc,start    ] GC(909) Pause Remark
[2026-03-27T14:07:45.225+0900][49.364s][info][gc          ] GC(909) Pause Remark 315M->315M(512M) 1.383ms
[2026-03-27T14:07:45.225+0900][49.364s][info][gc,cpu      ] GC(909) User=0.00s Sys=0.00s Real=0.00s
[2026-03-27T14:07:45.225+0900][49.364s][info][gc,marking  ] GC(909) Concurrent Mark 4.286ms
[2026-03-27T14:07:45.225+0900][49.364s][info][gc,marking  ] GC(909) Concurrent Rebuild Remembered Sets
[2026-03-27T14:07:45.225+0900][49.365s][info][gc,marking  ] GC(909) Concurrent Rebuild Remembered Sets 1.071ms
[2026-03-27T14:07:45.225+0900][49.365s][info][gc,start    ] GC(909) Pause Cleanup
[2026-03-27T14:07:45.225+0900][49.366s][info][gc          ] GC(909) Pause Cleanup 315M->315M(512M) 0.252ms
[2026-03-27T14:07:45.225+0900][49.366s][info][gc,cpu      ] GC(909) User=0.00s Sys=0.00s Real=0.00s
[2026-03-27T14:07:45.225+0900][49.366s][info][gc,marking  ] GC(909) Concurrent Cleanup for Next Mark
[2026-03-27T14:07:45.225+0900][49.367s][info][gc,marking  ] GC(909) Concurrent Cleanup for Next Mark 0.690ms
[2026-03-27T14:07:45.225+0900][49.367s][info][gc          ] GC(909) Concurrent Mark Cycle 7.719ms
[2026-03-27T14:07:45.289+0900][49.420s][info][gc,start    ] GC(910) Pause Young (Concurrent Start) (G1 Humongous Allocation)
[2026-03-27T14:07:45.289+0900][49.420s][info][gc,task     ] GC(910) Using 8 workers of 8 for evacuation
[2026-03-27T14:07:45.289+0900][49.422s][info][gc,phases   ] GC(910)   Pre Evacuate Collection Set: 0.2ms
[2026-03-27T14:07:45.289+0900][49.422s][info][gc,phases   ] GC(910)   Merge Heap Roots: 0.4ms
[2026-03-27T14:07:45.289+0900][49.422s][info][gc,phases   ] GC(910)   Evacuate Collection Set: 0.3ms
[2026-03-27T14:07:45.289+0900][49.422s][info][gc,phases   ] GC(910)   Post Evacuate Collection Set: 1.0ms
[2026-03-27T14:07:45.289+0900][49.422s][info][gc,phases   ] GC(910)   Other: 0.2ms
[2026-03-27T14:07:45.289+0900][49.422s][info][gc,heap     ] GC(910) Eden regions: 1->0(143)
[2026-03-27T14:07:45.289+0900][49.422s][info][gc,heap     ] GC(910) Survivor regions: 1->1(18)
[2026-03-27T14:07:45.289+0900][49.422s][info][gc,heap     ] GC(910) Old regions: 1->1
[2026-03-27T14:07:45.289+0900][49.422s][info][gc,heap     ] GC(910) Archive regions: 0->0
[2026-03-27T14:07:45.289+0900][49.422s][info][gc,heap     ] GC(910) Humongous regions: 315->314
[2026-03-27T14:07:45.289+0900][49.423s][info][gc,metaspace] GC(910) Metaspace: 166K(384K)->166K(384K) NonClass: 157K(256K)->157K(256K) Class: 9K(128K)->9K(128K)
[2026-03-27T14:07:45.289+0900][49.423s][info][gc          ] GC(910) Pause Young (Concurrent Start) (G1 Humongous Allocation) 316M->314M(512M) 2.850ms
[2026-03-27T14:07:45.289+0900][49.423s][info][gc,cpu      ] GC(910) User=0.00s Sys=0.00s Real=0.00s
[2026-03-27T14:07:45.289+0900][49.423s][info][gc          ] GC(911) Concurrent Mark Cycle
[2026-03-27T14:07:45.289+0900][49.423s][info][gc,marking  ] GC(911) Concurrent Clear Claimed Marks
[2026-03-27T14:07:45.289+0900][49.423s][info][gc,marking  ] GC(911) Concurrent Clear Claimed Marks 0.041ms
[2026-03-27T14:07:45.289+0900][49.423s][info][gc,marking  ] GC(911) Concurrent Scan Root Regions
[2026-03-27T14:07:45.289+0900][49.423s][info][gc,marking  ] GC(911) Concurrent Scan Root Regions 0.254ms
[2026-03-27T14:07:45.289+0900][49.423s][info][gc,marking  ] GC(911) Concurrent Mark
[2026-03-27T14:07:45.289+0900][49.423s][info][gc,marking  ] GC(911) Concurrent Mark From Roots
[2026-03-27T14:07:45.289+0900][49.423s][info][gc,task     ] GC(911) Using 2 workers of 2 for marking
[2026-03-27T14:07:45.289+0900][49.425s][info][gc,marking  ] GC(911) Concurrent Mark From Roots 2.000ms
[2026-03-27T14:07:45.289+0900][49.425s][info][gc,marking  ] GC(911) Concurrent Preclean
[2026-03-27T14:07:45.289+0900][49.425s][info][gc,marking  ] GC(911) Concurrent Preclean 0.045ms
[2026-03-27T14:07:45.289+0900][49.426s][info][gc,start    ] GC(911) Pause Remark
[2026-03-27T14:07:45.289+0900][49.427s][info][gc          ] GC(911) Pause Remark 315M->315M(512M) 1.464ms
[2026-03-27T14:07:45.289+0900][49.428s][info][gc,cpu      ] GC(911) User=0.00s Sys=0.00s Real=0.00s
[2026-03-27T14:07:45.289+0900][49.428s][info][gc,marking  ] GC(911) Concurrent Mark 4.395ms
[2026-03-27T14:07:45.289+0900][49.428s][info][gc,marking  ] GC(911) Concurrent Rebuild Remembered Sets
[2026-03-27T14:07:45.289+0900][49.429s][info][gc,marking  ] GC(911) Concurrent Rebuild Remembered Sets 1.053ms
[2026-03-27T14:07:45.289+0900][49.429s][info][gc,start    ] GC(911) Pause Cleanup
[2026-03-27T14:07:45.289+0900][49.430s][info][gc          ] GC(911) Pause Cleanup 315M->315M(512M) 0.355ms
[2026-03-27T14:07:45.289+0900][49.430s][info][gc,cpu      ] GC(911) User=0.00s Sys=0.00s Real=0.00s
[2026-03-27T14:07:45.289+0900][49.430s][info][gc,marking  ] GC(911) Concurrent Cleanup for Next Mark
[2026-03-27T14:07:45.289+0900][49.431s][info][gc,marking  ] GC(911) Concurrent Cleanup for Next Mark 0.665ms
[2026-03-27T14:07:45.289+0900][49.431s][info][gc          ] GC(911) Concurrent Mark Cycle 7.943ms
[2026-03-27T14:07:45.353+0900][49.484s][info][gc,start    ] GC(912) Pause Young (Concurrent Start) (G1 Humongous Allocation)
[2026-03-27T14:07:45.353+0900][49.484s][info][gc,task     ] GC(912) Using 8 workers of 8 for evacuation
[2026-03-27T14:07:45.353+0900][49.486s][info][gc,phases   ] GC(912)   Pre Evacuate Collection Set: 0.3ms
[2026-03-27T14:07:45.353+0900][49.486s][info][gc,phases   ] GC(912)   Merge Heap Roots: 0.5ms
[2026-03-27T14:07:45.353+0900][49.486s][info][gc,phases   ] GC(912)   Evacuate Collection Set: 0.3ms
[2026-03-27T14:07:45.353+0900][49.486s][info][gc,phases   ] GC(912)   Post Evacuate Collection Set: 1.0ms
[2026-03-27T14:07:45.353+0900][49.486s][info][gc,phases   ] GC(912)   Other: 0.2ms
[2026-03-27T14:07:45.353+0900][49.486s][info][gc,heap     ] GC(912) Eden regions: 1->0(143)
[2026-03-27T14:07:45.353+0900][49.486s][info][gc,heap     ] GC(912) Survivor regions: 1->1(18)
[2026-03-27T14:07:45.353+0900][49.486s][info][gc,heap     ] GC(912) Old regions: 1->1
[2026-03-27T14:07:45.353+0900][49.486s][info][gc,heap     ] GC(912) Archive regions: 0->0
[2026-03-27T14:07:45.353+0900][49.486s][info][gc,heap     ] GC(912) Humongous regions: 315->314
[2026-03-27T14:07:45.353+0900][49.487s][info][gc,metaspace] GC(912) Metaspace: 166K(384K)->166K(384K) NonClass: 157K(256K)->157K(256K) Class: 9K(128K)->9K(128K)
[2026-03-27T14:07:45.353+0900][49.487s][info][gc          ] GC(912) Pause Young (Concurrent Start) (G1 Humongous Allocation) 316M->314M(512M) 3.001ms
[2026-03-27T14:07:45.353+0900][49.487s][info][gc,cpu      ] GC(912) User=0.00s Sys=0.00s Real=0.00s
[2026-03-27T14:07:45.353+0900][49.487s][info][gc          ] GC(913) Concurrent Mark Cycle
[2026-03-27T14:07:45.353+0900][49.487s][info][gc,marking  ] GC(913) Concurrent Clear Claimed Marks
[2026-03-27T14:07:45.353+0900][49.487s][info][gc,marking  ] GC(913) Concurrent Clear Claimed Marks 0.041ms
[2026-03-27T14:07:45.353+0900][49.487s][info][gc,marking  ] GC(913) Concurrent Scan Root Regions
[2026-03-27T14:07:45.353+0900][49.487s][info][gc,marking  ] GC(913) Concurrent Scan Root Regions 0.220ms
[2026-03-27T14:07:45.353+0900][49.487s][info][gc,marking  ] GC(913) Concurrent Mark
[2026-03-27T14:07:45.353+0900][49.487s][info][gc,marking  ] GC(913) Concurrent Mark From Roots
[2026-03-27T14:07:45.353+0900][49.487s][info][gc,task     ] GC(913) Using 2 workers of 2 for marking
[2026-03-27T14:07:45.353+0900][49.489s][info][gc,marking  ] GC(913) Concurrent Mark From Roots 2.066ms
[2026-03-27T14:07:45.353+0900][49.489s][info][gc,marking  ] GC(913) Concurrent Preclean
[2026-03-27T14:07:45.353+0900][49.489s][info][gc,marking  ] GC(913) Concurrent Preclean 0.044ms
[2026-03-27T14:07:45.353+0900][49.490s][info][gc,start    ] GC(913) Pause Remark
[2026-03-27T14:07:45.353+0900][49.491s][info][gc          ] GC(913) Pause Remark 317M->317M(512M) 1.554ms
[2026-03-27T14:07:45.353+0900][49.492s][info][gc,cpu      ] GC(913) User=0.00s Sys=0.00s Real=0.00s
[2026-03-27T14:07:45.353+0900][49.492s][info][gc,marking  ] GC(913) Concurrent Mark 4.541ms
[2026-03-27T14:07:45.353+0900][49.492s][info][gc,marking  ] GC(913) Concurrent Rebuild Remembered Sets
[2026-03-27T14:07:45.353+0900][49.493s][info][gc,marking  ] GC(913) Concurrent Rebuild Remembered Sets 1.158ms
[2026-03-27T14:07:45.353+0900][49.494s][info][gc,start    ] GC(913) Pause Cleanup
[2026-03-27T14:07:45.353+0900][49.494s][info][gc          ] GC(913) Pause Cleanup 317M->317M(512M) 0.357ms
[2026-03-27T14:07:45.353+0900][49.494s][info][gc,cpu      ] GC(913) User=0.00s Sys=0.00s Real=0.00s
[2026-03-27T14:07:45.353+0900][49.494s][info][gc,marking  ] GC(913) Concurrent Cleanup for Next Mark
[2026-03-27T14:07:45.353+0900][49.495s][info][gc,marking  ] GC(913) Concurrent Cleanup for Next Mark 0.593ms
[2026-03-27T14:07:45.353+0900][49.495s][info][gc          ] GC(913) Concurrent Mark Cycle 8.105ms
[2026-03-27T14:07:45.417+0900][49.547s][info][gc,start    ] GC(914) Pause Young (Concurrent Start) (G1 Humongous Allocation)
[2026-03-27T14:07:45.417+0900][49.548s][info][gc,task     ] GC(914) Using 8 workers of 8 for evacuation
[2026-03-27T14:07:45.417+0900][49.550s][info][gc,phases   ] GC(914)   Pre Evacuate Collection Set: 0.3ms
[2026-03-27T14:07:45.417+0900][49.550s][info][gc,phases   ] GC(914)   Merge Heap Roots: 0.4ms
[2026-03-27T14:07:45.417+0900][49.550s][info][gc,phases   ] GC(914)   Evacuate Collection Set: 0.4ms
[2026-03-27T14:07:45.417+0900][49.550s][info][gc,phases   ] GC(914)   Post Evacuate Collection Set: 0.9ms
[2026-03-27T14:07:45.417+0900][49.550s][info][gc,phases   ] GC(914)   Other: 0.2ms
[2026-03-27T14:07:45.417+0900][49.550s][info][gc,heap     ] GC(914) Eden regions: 1->0(141)
[2026-03-27T14:07:45.417+0900][49.550s][info][gc,heap     ] GC(914) Survivor regions: 1->1(18)
[2026-03-27T14:07:45.417+0900][49.550s][info][gc,heap     ] GC(914) Old regions: 1->1
[2026-03-27T14:07:45.417+0900][49.550s][info][gc,heap     ] GC(914) Archive regions: 0->0
[2026-03-27T14:07:45.417+0900][49.550s][info][gc,heap     ] GC(914) Humongous regions: 317->316
[2026-03-27T14:07:45.417+0900][49.550s][info][gc,metaspace] GC(914) Metaspace: 166K(384K)->166K(384K) NonClass: 157K(256K)->157K(256K) Class: 9K(128K)->9K(128K)
[2026-03-27T14:07:45.417+0900][49.550s][info][gc          ] GC(914) Pause Young (Concurrent Start) (G1 Humongous Allocation) 318M->316M(512M) 2.991ms
[2026-03-27T14:07:45.417+0900][49.550s][info][gc,cpu      ] GC(914) User=0.00s Sys=0.00s Real=0.00s
[2026-03-27T14:07:45.417+0900][49.550s][info][gc          ] GC(915) Concurrent Mark Cycle
[2026-03-27T14:07:45.417+0900][49.551s][info][gc,marking  ] GC(915) Concurrent Clear Claimed Marks
[2026-03-27T14:07:45.417+0900][49.551s][info][gc,marking  ] GC(915) Concurrent Clear Claimed Marks 0.042ms
[2026-03-27T14:07:45.417+0900][49.551s][info][gc,marking  ] GC(915) Concurrent Scan Root Regions
[2026-03-27T14:07:45.417+0900][49.551s][info][gc,marking  ] GC(915) Concurrent Scan Root Regions 0.273ms
[2026-03-27T14:07:45.417+0900][49.551s][info][gc,marking  ] GC(915) Concurrent Mark
[2026-03-27T14:07:45.417+0900][49.551s][info][gc,marking  ] GC(915) Concurrent Mark From Roots
[2026-03-27T14:07:45.417+0900][49.551s][info][gc,task     ] GC(915) Using 2 workers of 2 for marking
[2026-03-27T14:07:45.417+0900][49.553s][info][gc,marking  ] GC(915) Concurrent Mark From Roots 2.047ms
[2026-03-27T14:07:45.417+0900][49.553s][info][gc,marking  ] GC(915) Concurrent Preclean
[2026-03-27T14:07:45.417+0900][49.553s][info][gc,marking  ] GC(915) Concurrent Preclean 0.045ms
[2026-03-27T14:07:45.417+0900][49.554s][info][gc,start    ] GC(915) Pause Remark
[2026-03-27T14:07:45.417+0900][49.555s][info][gc          ] GC(915) Pause Remark 317M->317M(512M) 1.550ms
[2026-03-27T14:07:45.417+0900][49.555s][info][gc,cpu      ] GC(915) User=0.00s Sys=0.00s Real=0.00s
[2026-03-27T14:07:45.417+0900][49.556s][info][gc,marking  ] GC(915) Concurrent Mark 4.570ms
[2026-03-27T14:07:45.417+0900][49.556s][info][gc,marking  ] GC(915) Concurrent Rebuild Remembered Sets
[2026-03-27T14:07:45.417+0900][49.557s][info][gc,marking  ] GC(915) Concurrent Rebuild Remembered Sets 1.152ms
[2026-03-27T14:07:45.417+0900][49.557s][info][gc,start    ] GC(915) Pause Cleanup
[2026-03-27T14:07:45.417+0900][49.558s][info][gc          ] GC(915) Pause Cleanup 317M->317M(512M) 0.390ms
[2026-03-27T14:07:45.417+0900][49.558s][info][gc,cpu      ] GC(915) User=0.00s Sys=0.00s Real=0.00s
[2026-03-27T14:07:45.417+0900][49.558s][info][gc,marking  ] GC(915) Concurrent Cleanup for Next Mark
[2026-03-27T14:07:45.417+0900][49.559s][info][gc,marking  ] GC(915) Concurrent Cleanup for Next Mark 0.768ms
[2026-03-27T14:07:45.417+0900][49.559s][info][gc          ] GC(915) Concurrent Mark Cycle 8.476ms
[2026-03-27T14:07:45.483+0900][49.613s][info][gc,start    ] GC(916) Pause Young (Concurrent Start) (G1 Humongous Allocation)
[2026-03-27T14:07:45.483+0900][49.613s][info][gc,task     ] GC(916) Using 8 workers of 8 for evacuation
[2026-03-27T14:07:45.483+0900][49.615s][info][gc,phases   ] GC(916)   Pre Evacuate Collection Set: 0.3ms
[2026-03-27T14:07:45.483+0900][49.616s][info][gc,phases   ] GC(916)   Merge Heap Roots: 0.3ms
[2026-03-27T14:07:45.483+0900][49.616s][info][gc,phases   ] GC(916)   Evacuate Collection Set: 0.4ms
[2026-03-27T14:07:45.483+0900][49.616s][info][gc,phases   ] GC(916)   Post Evacuate Collection Set: 0.8ms
[2026-03-27T14:07:45.483+0900][49.616s][info][gc,phases   ] GC(916)   Other: 0.3ms
[2026-03-27T14:07:45.483+0900][49.616s][info][gc,heap     ] GC(916) Eden regions: 1->0(141)
[2026-03-27T14:07:45.483+0900][49.616s][info][gc,heap     ] GC(916) Survivor regions: 1->1(18)
[2026-03-27T14:07:45.483+0900][49.616s][info][gc,heap     ] GC(916) Old regions: 1->1
[2026-03-27T14:07:45.483+0900][49.616s][info][gc,heap     ] GC(916) Archive regions: 0->0
[2026-03-27T14:07:45.483+0900][49.616s][info][gc,heap     ] GC(916) Humongous regions: 317->316
[2026-03-27T14:07:45.483+0900][49.616s][info][gc,metaspace] GC(916) Metaspace: 166K(384K)->166K(384K) NonClass: 157K(256K)->157K(256K) Class: 9K(128K)->9K(128K)
[2026-03-27T14:07:45.483+0900][49.616s][info][gc          ] GC(916) Pause Young (Concurrent Start) (G1 Humongous Allocation) 318M->316M(512M) 2.810ms
[2026-03-27T14:07:45.483+0900][49.616s][info][gc,cpu      ] GC(916) User=0.00s Sys=0.00s Real=0.00s
[2026-03-27T14:07:45.483+0900][49.616s][info][gc          ] GC(917) Concurrent Mark Cycle
[2026-03-27T14:07:45.483+0900][49.616s][info][gc,marking  ] GC(917) Concurrent Clear Claimed Marks
[2026-03-27T14:07:45.483+0900][49.616s][info][gc,marking  ] GC(917) Concurrent Clear Claimed Marks 0.041ms
[2026-03-27T14:07:45.483+0900][49.616s][info][gc,marking  ] GC(917) Concurrent Scan Root Regions
[2026-03-27T14:07:45.483+0900][49.617s][info][gc,marking  ] GC(917) Concurrent Scan Root Regions 0.248ms
[2026-03-27T14:07:45.483+0900][49.617s][info][gc,marking  ] GC(917) Concurrent Mark
[2026-03-27T14:07:45.483+0900][49.617s][info][gc,marking  ] GC(917) Concurrent Mark From Roots
[2026-03-27T14:07:45.483+0900][49.617s][info][gc,task     ] GC(917) Using 2 workers of 2 for marking
[2026-03-27T14:07:45.483+0900][49.619s][info][gc,marking  ] GC(917) Concurrent Mark From Roots 2.028ms
[2026-03-27T14:07:45.483+0900][49.619s][info][gc,marking  ] GC(917) Concurrent Preclean
[2026-03-27T14:07:45.483+0900][49.619s][info][gc,marking  ] GC(917) Concurrent Preclean 0.044ms
[2026-03-27T14:07:45.483+0900][49.619s][info][gc,start    ] GC(917) Pause Remark
[2026-03-27T14:07:45.483+0900][49.621s][info][gc          ] GC(917) Pause Remark 317M->317M(512M) 1.445ms
[2026-03-27T14:07:45.483+0900][49.621s][info][gc,cpu      ] GC(917) User=0.00s Sys=0.00s Real=0.00s
[2026-03-27T14:07:45.483+0900][49.621s][info][gc,marking  ] GC(917) Concurrent Mark 4.384ms
[2026-03-27T14:07:45.483+0900][49.621s][info][gc,marking  ] GC(917) Concurrent Rebuild Remembered Sets
[2026-03-27T14:07:45.483+0900][49.622s][info][gc,marking  ] GC(917) Concurrent Rebuild Remembered Sets 1.077ms
[2026-03-27T14:07:45.483+0900][49.623s][info][gc,start    ] GC(917) Pause Cleanup
[2026-03-27T14:07:45.483+0900][49.623s][info][gc          ] GC(917) Pause Cleanup 317M->317M(512M) 0.319ms
[2026-03-27T14:07:45.483+0900][49.623s][info][gc,cpu      ] GC(917) User=0.00s Sys=0.00s Real=0.00s
[2026-03-27T14:07:45.483+0900][49.623s][info][gc,marking  ] GC(917) Concurrent Cleanup for Next Mark
[2026-03-27T14:07:45.483+0900][49.624s][info][gc,marking  ] GC(917) Concurrent Cleanup for Next Mark 0.599ms
[2026-03-27T14:07:45.483+0900][49.624s][info][gc          ] GC(917) Concurrent Mark Cycle 7.742ms
[2026-03-27T14:07:45.547+0900][49.678s][info][gc,start    ] GC(918) Pause Young (Concurrent Start) (G1 Humongous Allocation)
[2026-03-27T14:07:45.547+0900][49.678s][info][gc,task     ] GC(918) Using 8 workers of 8 for evacuation
[2026-03-27T14:07:45.548+0900][49.680s][info][gc,phases   ] GC(918)   Pre Evacuate Collection Set: 0.3ms
[2026-03-27T14:07:45.548+0900][49.680s][info][gc,phases   ] GC(918)   Merge Heap Roots: 0.3ms
[2026-03-27T14:07:45.548+0900][49.680s][info][gc,phases   ] GC(918)   Evacuate Collection Set: 0.3ms
[2026-03-27T14:07:45.548+0900][49.680s][info][gc,phases   ] GC(918)   Post Evacuate Collection Set: 0.9ms
[2026-03-27T14:07:45.548+0900][49.680s][info][gc,phases   ] GC(918)   Other: 0.2ms
[2026-03-27T14:07:45.548+0900][49.680s][info][gc,heap     ] GC(918) Eden regions: 1->0(141)
[2026-03-27T14:07:45.548+0900][49.680s][info][gc,heap     ] GC(918) Survivor regions: 1->1(18)
[2026-03-27T14:07:45.548+0900][49.680s][info][gc,heap     ] GC(918) Old regions: 1->1
[2026-03-27T14:07:45.548+0900][49.680s][info][gc,heap     ] GC(918) Archive regions: 0->0
[2026-03-27T14:07:45.548+0900][49.680s][info][gc,heap     ] GC(918) Humongous regions: 317->316
[2026-03-27T14:07:45.548+0900][49.681s][info][gc,metaspace] GC(918) Metaspace: 166K(384K)->166K(384K) NonClass: 157K(256K)->157K(256K) Class: 9K(128K)->9K(128K)
[2026-03-27T14:07:45.548+0900][49.681s][info][gc          ] GC(918) Pause Young (Concurrent Start) (G1 Humongous Allocation) 318M->316M(512M) 2.868ms
[2026-03-27T14:07:45.548+0900][49.681s][info][gc,cpu      ] GC(918) User=0.00s Sys=0.00s Real=0.00s
[2026-03-27T14:07:45.548+0900][49.681s][info][gc          ] GC(919) Concurrent Mark Cycle
[2026-03-27T14:07:45.548+0900][49.681s][info][gc,marking  ] GC(919) Concurrent Clear Claimed Marks
[2026-03-27T14:07:45.548+0900][49.681s][info][gc,marking  ] GC(919) Concurrent Clear Claimed Marks 0.040ms
[2026-03-27T14:07:45.548+0900][49.681s][info][gc,marking  ] GC(919) Concurrent Scan Root Regions
[2026-03-27T14:07:45.548+0900][49.681s][info][gc,marking  ] GC(919) Concurrent Scan Root Regions 0.200ms
[2026-03-27T14:07:45.548+0900][49.681s][info][gc,marking  ] GC(919) Concurrent Mark
[2026-03-27T14:07:45.548+0900][49.681s][info][gc,marking  ] GC(919) Concurrent Mark From Roots
[2026-03-27T14:07:45.548+0900][49.681s][info][gc,task     ] GC(919) Using 2 workers of 2 for marking
[2026-03-27T14:07:45.548+0900][49.683s][info][gc,marking  ] GC(919) Concurrent Mark From Roots 2.040ms
[2026-03-27T14:07:45.548+0900][49.684s][info][gc,marking  ] GC(919) Concurrent Preclean
[2026-03-27T14:07:45.548+0900][49.684s][info][gc,marking  ] GC(919) Concurrent Preclean 0.045ms
[2026-03-27T14:07:45.548+0900][49.684s][info][gc,start    ] GC(919) Pause Remark
[2026-03-27T14:07:45.548+0900][49.685s][info][gc          ] GC(919) Pause Remark 317M->317M(512M) 1.462ms
[2026-03-27T14:07:45.548+0900][49.686s][info][gc,cpu      ] GC(919) User=0.00s Sys=0.00s Real=0.00s
[2026-03-27T14:07:45.548+0900][49.686s][info][gc,marking  ] GC(919) Concurrent Mark 4.412ms
[2026-03-27T14:07:45.548+0900][49.686s][info][gc,marking  ] GC(919) Concurrent Rebuild Remembered Sets
[2026-03-27T14:07:45.548+0900][49.687s][info][gc,marking  ] GC(919) Concurrent Rebuild Remembered Sets 0.960ms
[2026-03-27T14:07:45.548+0900][49.687s][info][gc,start    ] GC(919) Pause Cleanup
[2026-03-27T14:07:45.548+0900][49.688s][info][gc          ] GC(919) Pause Cleanup 317M->317M(512M) 0.368ms
[2026-03-27T14:07:45.548+0900][49.688s][info][gc,cpu      ] GC(919) User=0.00s Sys=0.00s Real=0.00s
[2026-03-27T14:07:45.548+0900][49.688s][info][gc,marking  ] GC(919) Concurrent Cleanup for Next Mark
[2026-03-27T14:07:45.548+0900][49.688s][info][gc,marking  ] GC(919) Concurrent Cleanup for Next Mark 0.617ms
[2026-03-27T14:07:45.548+0900][49.689s][info][gc          ] GC(919) Concurrent Mark Cycle 7.665ms
[2026-03-27T14:07:45.612+0900][49.742s][info][gc,start    ] GC(920) Pause Young (Concurrent Start) (G1 Humongous Allocation)
[2026-03-27T14:07:45.612+0900][49.742s][info][gc,task     ] GC(920) Using 8 workers of 8 for evacuation
[2026-03-27T14:07:45.613+0900][49.744s][info][gc,phases   ] GC(920)   Pre Evacuate Collection Set: 0.3ms
[2026-03-27T14:07:45.613+0900][49.745s][info][gc,phases   ] GC(920)   Merge Heap Roots: 0.4ms
[2026-03-27T14:07:45.613+0900][49.745s][info][gc,phases   ] GC(920)   Evacuate Collection Set: 0.3ms
[2026-03-27T14:07:45.613+0900][49.745s][info][gc,phases   ] GC(920)   Post Evacuate Collection Set: 0.9ms
[2026-03-27T14:07:45.613+0900][49.745s][info][gc,phases   ] GC(920)   Other: 0.2ms
[2026-03-27T14:07:45.613+0900][49.745s][info][gc,heap     ] GC(920) Eden regions: 1->0(141)
[2026-03-27T14:07:45.613+0900][49.745s][info][gc,heap     ] GC(920) Survivor regions: 1->1(18)
[2026-03-27T14:07:45.613+0900][49.745s][info][gc,heap     ] GC(920) Old regions: 1->1
[2026-03-27T14:07:45.613+0900][49.745s][info][gc,heap     ] GC(920) Archive regions: 0->0
[2026-03-27T14:07:45.613+0900][49.745s][info][gc,heap     ] GC(920) Humongous regions: 317->316
[2026-03-27T14:07:45.613+0900][49.745s][info][gc,metaspace] GC(920) Metaspace: 166K(384K)->166K(384K) NonClass: 157K(256K)->157K(256K) Class: 9K(128K)->9K(128K)
[2026-03-27T14:07:45.613+0900][49.745s][info][gc          ] GC(920) Pause Young (Concurrent Start) (G1 Humongous Allocation) 318M->316M(512M) 2.849ms
[2026-03-27T14:07:45.613+0900][49.745s][info][gc,cpu      ] GC(920) User=0.06s Sys=0.00s Real=0.00s
[2026-03-27T14:07:45.613+0900][49.745s][info][gc          ] GC(921) Concurrent Mark Cycle
[2026-03-27T14:07:45.613+0900][49.745s][info][gc,marking  ] GC(921) Concurrent Clear Claimed Marks
[2026-03-27T14:07:45.613+0900][49.745s][info][gc,marking  ] GC(921) Concurrent Clear Claimed Marks 0.045ms
[2026-03-27T14:07:45.613+0900][49.745s][info][gc,marking  ] GC(921) Concurrent Scan Root Regions
[2026-03-27T14:07:45.613+0900][49.746s][info][gc,marking  ] GC(921) Concurrent Scan Root Regions 0.244ms
[2026-03-27T14:07:45.613+0900][49.746s][info][gc,marking  ] GC(921) Concurrent Mark
[2026-03-27T14:07:45.613+0900][49.746s][info][gc,marking  ] GC(921) Concurrent Mark From Roots
[2026-03-27T14:07:45.613+0900][49.746s][info][gc,task     ] GC(921) Using 2 workers of 2 for marking
[2026-03-27T14:07:45.613+0900][49.748s][info][gc,marking  ] GC(921) Concurrent Mark From Roots 1.938ms
[2026-03-27T14:07:45.613+0900][49.748s][info][gc,marking  ] GC(921) Concurrent Preclean
[2026-03-27T14:07:45.613+0900][49.748s][info][gc,marking  ] GC(921) Concurrent Preclean 0.060ms
[2026-03-27T14:07:45.613+0900][49.748s][info][gc,start    ] GC(921) Pause Remark
[2026-03-27T14:07:45.613+0900][49.749s][info][gc          ] GC(921) Pause Remark 317M->317M(512M) 1.125ms
[2026-03-27T14:07:45.613+0900][49.750s][info][gc,cpu      ] GC(921) User=0.00s Sys=0.00s Real=0.00s
[2026-03-27T14:07:45.613+0900][49.750s][info][gc,marking  ] GC(921) Concurrent Mark 3.940ms
[2026-03-27T14:07:45.613+0900][49.750s][info][gc,marking  ] GC(921) Concurrent Rebuild Remembered Sets
[2026-03-27T14:07:45.613+0900][49.751s][info][gc,marking  ] GC(921) Concurrent Rebuild Remembered Sets 0.967ms
[2026-03-27T14:07:45.613+0900][49.751s][info][gc,start    ] GC(921) Pause Cleanup
[2026-03-27T14:07:45.613+0900][49.751s][info][gc          ] GC(921) Pause Cleanup 317M->317M(512M) 0.331ms
[2026-03-27T14:07:45.613+0900][49.752s][info][gc,cpu      ] GC(921) User=0.00s Sys=0.00s Real=0.00s
[2026-03-27T14:07:45.613+0900][49.752s][info][gc,marking  ] GC(921) Concurrent Cleanup for Next Mark
[2026-03-27T14:07:45.613+0900][49.752s][info][gc,marking  ] GC(921) Concurrent Cleanup for Next Mark 0.610ms
[2026-03-27T14:07:45.613+0900][49.752s][info][gc          ] GC(921) Concurrent Mark Cycle 7.189ms
[2026-03-27T14:07:45.676+0900][49.806s][info][gc,start    ] GC(922) Pause Young (Concurrent Start) (G1 Humongous Allocation)
[2026-03-27T14:07:45.676+0900][49.806s][info][gc,task     ] GC(922) Using 8 workers of 8 for evacuation
[2026-03-27T14:07:45.676+0900][49.809s][info][gc,phases   ] GC(922)   Pre Evacuate Collection Set: 0.2ms
[2026-03-27T14:07:45.676+0900][49.809s][info][gc,phases   ] GC(922)   Merge Heap Roots: 0.4ms
[2026-03-27T14:07:45.676+0900][49.809s][info][gc,phases   ] GC(922)   Evacuate Collection Set: 0.3ms
[2026-03-27T14:07:45.676+0900][49.809s][info][gc,phases   ] GC(922)   Post Evacuate Collection Set: 0.9ms
[2026-03-27T14:07:45.676+0900][49.809s][info][gc,phases   ] GC(922)   Other: 0.4ms
[2026-03-27T14:07:45.676+0900][49.809s][info][gc,heap     ] GC(922) Eden regions: 1->0(141)
[2026-03-27T14:07:45.676+0900][49.809s][info][gc,heap     ] GC(922) Survivor regions: 1->1(18)
[2026-03-27T14:07:45.676+0900][49.809s][info][gc,heap     ] GC(922) Old regions: 1->1
[2026-03-27T14:07:45.676+0900][49.809s][info][gc,heap     ] GC(922) Archive regions: 0->0
[2026-03-27T14:07:45.676+0900][49.809s][info][gc,heap     ] GC(922) Humongous regions: 317->316
[2026-03-27T14:07:45.676+0900][49.809s][info][gc,metaspace] GC(922) Metaspace: 166K(384K)->166K(384K) NonClass: 157K(256K)->157K(256K) Class: 9K(128K)->9K(128K)
[2026-03-27T14:07:45.676+0900][49.809s][info][gc          ] GC(922) Pause Young (Concurrent Start) (G1 Humongous Allocation) 318M->316M(512M) 2.918ms
[2026-03-27T14:07:45.676+0900][49.809s][info][gc,cpu      ] GC(922) User=0.00s Sys=0.00s Real=0.00s
[2026-03-27T14:07:45.676+0900][49.809s][info][gc          ] GC(923) Concurrent Mark Cycle
[2026-03-27T14:07:45.676+0900][49.809s][info][gc,marking  ] GC(923) Concurrent Clear Claimed Marks
[2026-03-27T14:07:45.676+0900][49.810s][info][gc,marking  ] GC(923) Concurrent Clear Claimed Marks 0.040ms
[2026-03-27T14:07:45.676+0900][49.810s][info][gc,marking  ] GC(923) Concurrent Scan Root Regions
[2026-03-27T14:07:45.676+0900][49.810s][info][gc,marking  ] GC(923) Concurrent Scan Root Regions 0.230ms
[2026-03-27T14:07:45.676+0900][49.810s][info][gc,marking  ] GC(923) Concurrent Mark
[2026-03-27T14:07:45.676+0900][49.810s][info][gc,marking  ] GC(923) Concurrent Mark From Roots
[2026-03-27T14:07:45.676+0900][49.810s][info][gc,task     ] GC(923) Using 2 workers of 2 for marking
[2026-03-27T14:07:45.680+0900][49.812s][info][gc,marking  ] GC(923) Concurrent Mark From Roots 2.062ms
[2026-03-27T14:07:45.680+0900][49.812s][info][gc,marking  ] GC(923) Concurrent Preclean
[2026-03-27T14:07:45.680+0900][49.812s][info][gc,marking  ] GC(923) Concurrent Preclean 0.021ms
[2026-03-27T14:07:45.680+0900][49.812s][info][gc,start    ] GC(923) Pause Remark
[2026-03-27T14:07:45.680+0900][49.813s][info][gc          ] GC(923) Pause Remark 319M->319M(512M) 0.840ms
[2026-03-27T14:07:45.680+0900][49.813s][info][gc,cpu      ] GC(923) User=0.00s Sys=0.00s Real=0.00s
[2026-03-27T14:07:45.680+0900][49.813s][info][gc,marking  ] GC(923) Concurrent Mark 3.343ms
[2026-03-27T14:07:45.680+0900][49.813s][info][gc,marking  ] GC(923) Concurrent Rebuild Remembered Sets
[2026-03-27T14:07:45.680+0900][49.814s][info][gc,marking  ] GC(923) Concurrent Rebuild Remembered Sets 0.631ms
[2026-03-27T14:07:45.680+0900][49.814s][info][gc,start    ] GC(923) Pause Cleanup
[2026-03-27T14:07:45.680+0900][49.814s][info][gc          ] GC(923) Pause Cleanup 319M->319M(512M) 0.150ms
[2026-03-27T14:07:45.680+0900][49.814s][info][gc,cpu      ] GC(923) User=0.00s Sys=0.00s Real=0.00s
[2026-03-27T14:07:45.680+0900][49.814s][info][gc,marking  ] GC(923) Concurrent Cleanup for Next Mark
[2026-03-27T14:07:45.680+0900][49.815s][info][gc,marking  ] GC(923) Concurrent Cleanup for Next Mark 0.306ms
[2026-03-27T14:07:45.680+0900][49.815s][info][gc          ] GC(923) Concurrent Mark Cycle 5.404ms
[2026-03-27T14:07:45.740+0900][49.870s][info][gc,start    ] GC(924) Pause Young (Concurrent Start) (G1 Humongous Allocation)
[2026-03-27T14:07:45.740+0900][49.870s][info][gc,task     ] GC(924) Using 8 workers of 8 for evacuation
[2026-03-27T14:07:45.740+0900][49.871s][info][gc,phases   ] GC(924)   Pre Evacuate Collection Set: 0.2ms
[2026-03-27T14:07:45.740+0900][49.872s][info][gc,phases   ] GC(924)   Merge Heap Roots: 0.3ms
[2026-03-27T14:07:45.740+0900][49.872s][info][gc,phases   ] GC(924)   Evacuate Collection Set: 0.2ms
[2026-03-27T14:07:45.740+0900][49.872s][info][gc,phases   ] GC(924)   Post Evacuate Collection Set: 0.6ms
[2026-03-27T14:07:45.740+0900][49.872s][info][gc,phases   ] GC(924)   Other: 0.1ms
[2026-03-27T14:07:45.740+0900][49.872s][info][gc,heap     ] GC(924) Eden regions: 1->0(139)
[2026-03-27T14:07:45.740+0900][49.872s][info][gc,heap     ] GC(924) Survivor regions: 1->1(18)
[2026-03-27T14:07:45.740+0900][49.872s][info][gc,heap     ] GC(924) Old regions: 1->1
[2026-03-27T14:07:45.740+0900][49.872s][info][gc,heap     ] GC(924) Archive regions: 0->0
[2026-03-27T14:07:45.740+0900][49.872s][info][gc,heap     ] GC(924) Humongous regions: 319->318
[2026-03-27T14:07:45.740+0900][49.872s][info][gc,metaspace] GC(924) Metaspace: 166K(384K)->166K(384K) NonClass: 157K(256K)->157K(256K) Class: 9K(128K)->9K(128K)
[2026-03-27T14:07:45.740+0900][49.872s][info][gc          ] GC(924) Pause Young (Concurrent Start) (G1 Humongous Allocation) 320M->318M(512M) 2.035ms
[2026-03-27T14:07:45.740+0900][49.872s][info][gc,cpu      ] GC(924) User=0.00s Sys=0.00s Real=0.00s
[2026-03-27T14:07:45.740+0900][49.872s][info][gc          ] GC(925) Concurrent Mark Cycle
[2026-03-27T14:07:45.740+0900][49.872s][info][gc,marking  ] GC(925) Concurrent Clear Claimed Marks
[2026-03-27T14:07:45.740+0900][49.872s][info][gc,marking  ] GC(925) Concurrent Clear Claimed Marks 0.030ms
[2026-03-27T14:07:45.740+0900][49.872s][info][gc,marking  ] GC(925) Concurrent Scan Root Regions
[2026-03-27T14:07:45.740+0900][49.872s][info][gc,marking  ] GC(925) Concurrent Scan Root Regions 0.085ms
[2026-03-27T14:07:45.740+0900][49.872s][info][gc,marking  ] GC(925) Concurrent Mark
[2026-03-27T14:07:45.740+0900][49.872s][info][gc,marking  ] GC(925) Concurrent Mark From Roots
[2026-03-27T14:07:45.740+0900][49.872s][info][gc,task     ] GC(925) Using 2 workers of 2 for marking
[2026-03-27T14:07:45.740+0900][49.874s][info][gc,marking  ] GC(925) Concurrent Mark From Roots 1.542ms
[2026-03-27T14:07:45.740+0900][49.874s][info][gc,marking  ] GC(925) Concurrent Preclean
[2026-03-27T14:07:45.740+0900][49.874s][info][gc,marking  ] GC(925) Concurrent Preclean 0.029ms
[2026-03-27T14:07:45.740+0900][49.874s][info][gc,start    ] GC(925) Pause Remark
[2026-03-27T14:07:45.740+0900][49.875s][info][gc          ] GC(925) Pause Remark 319M->319M(512M) 0.902ms
[2026-03-27T14:07:45.740+0900][49.875s][info][gc,cpu      ] GC(925) User=0.00s Sys=0.00s Real=0.00s
[2026-03-27T14:07:45.740+0900][49.875s][info][gc,marking  ] GC(925) Concurrent Mark 2.984ms
[2026-03-27T14:07:45.740+0900][49.875s][info][gc,marking  ] GC(925) Concurrent Rebuild Remembered Sets
[2026-03-27T14:07:45.740+0900][49.876s][info][gc,marking  ] GC(925) Concurrent Rebuild Remembered Sets 0.814ms
[2026-03-27T14:07:45.740+0900][49.876s][info][gc,start    ] GC(925) Pause Cleanup
[2026-03-27T14:07:45.740+0900][49.877s][info][gc          ] GC(925) Pause Cleanup 319M->319M(512M) 0.227ms
[2026-03-27T14:07:45.740+0900][49.877s][info][gc,cpu      ] GC(925) User=0.00s Sys=0.00s Real=0.00s
[2026-03-27T14:07:45.740+0900][49.877s][info][gc,marking  ] GC(925) Concurrent Cleanup for Next Mark
[2026-03-27T14:07:45.740+0900][49.877s][info][gc,marking  ] GC(925) Concurrent Cleanup for Next Mark 0.394ms
[2026-03-27T14:07:45.740+0900][49.877s][info][gc          ] GC(925) Concurrent Mark Cycle 5.246ms
[2026-03-27T14:07:45.803+0900][49.933s][info][gc,start    ] GC(926) Pause Young (Concurrent Start) (G1 Humongous Allocation)
[2026-03-27T14:07:45.803+0900][49.934s][info][gc,task     ] GC(926) Using 8 workers of 8 for evacuation
[2026-03-27T14:07:45.803+0900][49.935s][info][gc,phases   ] GC(926)   Pre Evacuate Collection Set: 0.2ms
[2026-03-27T14:07:45.803+0900][49.935s][info][gc,phases   ] GC(926)   Merge Heap Roots: 0.3ms
[2026-03-27T14:07:45.803+0900][49.935s][info][gc,phases   ] GC(926)   Evacuate Collection Set: 0.2ms
[2026-03-27T14:07:45.803+0900][49.935s][info][gc,phases   ] GC(926)   Post Evacuate Collection Set: 0.7ms
[2026-03-27T14:07:45.803+0900][49.935s][info][gc,phases   ] GC(926)   Other: 0.2ms
[2026-03-27T14:07:45.803+0900][49.935s][info][gc,heap     ] GC(926) Eden regions: 1->0(139)
[2026-03-27T14:07:45.803+0900][49.935s][info][gc,heap     ] GC(926) Survivor regions: 1->1(18)
[2026-03-27T14:07:45.803+0900][49.935s][info][gc,heap     ] GC(926) Old regions: 1->1
[2026-03-27T14:07:45.803+0900][49.935s][info][gc,heap     ] GC(926) Archive regions: 0->0
[2026-03-27T14:07:45.803+0900][49.935s][info][gc,heap     ] GC(926) Humongous regions: 319->318
[2026-03-27T14:07:45.803+0900][49.935s][info][gc,metaspace] GC(926) Metaspace: 166K(384K)->166K(384K) NonClass: 157K(256K)->157K(256K) Class: 9K(128K)->9K(128K)
[2026-03-27T14:07:45.803+0900][49.935s][info][gc          ] GC(926) Pause Young (Concurrent Start) (G1 Humongous Allocation) 320M->318M(512M) 2.043ms
[2026-03-27T14:07:45.803+0900][49.936s][info][gc,cpu      ] GC(926) User=0.00s Sys=0.00s Real=0.00s
[2026-03-27T14:07:45.803+0900][49.936s][info][gc          ] GC(927) Concurrent Mark Cycle
[2026-03-27T14:07:45.803+0900][49.936s][info][gc,marking  ] GC(927) Concurrent Clear Claimed Marks
[2026-03-27T14:07:45.803+0900][49.936s][info][gc,marking  ] GC(927) Concurrent Clear Claimed Marks 0.027ms
[2026-03-27T14:07:45.803+0900][49.936s][info][gc,marking  ] GC(927) Concurrent Scan Root Regions
[2026-03-27T14:07:45.803+0900][49.936s][info][gc,marking  ] GC(927) Concurrent Scan Root Regions 0.174ms
[2026-03-27T14:07:45.803+0900][49.936s][info][gc,marking  ] GC(927) Concurrent Mark
[2026-03-27T14:07:45.803+0900][49.936s][info][gc,marking  ] GC(927) Concurrent Mark From Roots
[2026-03-27T14:07:45.803+0900][49.936s][info][gc,task     ] GC(927) Using 2 workers of 2 for marking
[2026-03-27T14:07:45.803+0900][49.937s][info][gc,marking  ] GC(927) Concurrent Mark From Roots 1.328ms
[2026-03-27T14:07:45.803+0900][49.937s][info][gc,marking  ] GC(927) Concurrent Preclean
[2026-03-27T14:07:45.803+0900][49.937s][info][gc,marking  ] GC(927) Concurrent Preclean 0.026ms
[2026-03-27T14:07:45.803+0900][49.938s][info][gc,start    ] GC(927) Pause Remark
[2026-03-27T14:07:45.803+0900][49.939s][info][gc          ] GC(927) Pause Remark 319M->319M(512M) 1.091ms
[2026-03-27T14:07:45.803+0900][49.939s][info][gc,cpu      ] GC(927) User=0.00s Sys=0.00s Real=0.00s
[2026-03-27T14:07:45.803+0900][49.939s][info][gc,marking  ] GC(927) Concurrent Mark 2.993ms
[2026-03-27T14:07:45.803+0900][49.939s][info][gc,marking  ] GC(927) Concurrent Rebuild Remembered Sets
[2026-03-27T14:07:45.803+0900][49.940s][info][gc,marking  ] GC(927) Concurrent Rebuild Remembered Sets 0.745ms
[2026-03-27T14:07:45.803+0900][49.940s][info][gc,start    ] GC(927) Pause Cleanup
[2026-03-27T14:07:45.803+0900][49.940s][info][gc          ] GC(927) Pause Cleanup 319M->319M(512M) 0.253ms
[2026-03-27T14:07:45.803+0900][49.940s][info][gc,cpu      ] GC(927) User=0.00s Sys=0.00s Real=0.00s
[2026-03-27T14:07:45.803+0900][49.941s][info][gc,marking  ] GC(927) Concurrent Cleanup for Next Mark
[2026-03-27T14:07:45.803+0900][49.941s][info][gc,marking  ] GC(927) Concurrent Cleanup for Next Mark 0.466ms
[2026-03-27T14:07:45.803+0900][49.941s][info][gc          ] GC(927) Concurrent Mark Cycle 5.457ms
[2026-03-27T14:07:45.867+0900][49.997s][info][gc,start    ] GC(928) Pause Young (Concurrent Start) (G1 Humongous Allocation)
[2026-03-27T14:07:45.876+0900][50.007s][info][gc,task     ] GC(928) Using 8 workers of 8 for evacuation
[2026-03-27T14:07:45.876+0900][50.008s][info][gc,phases   ] GC(928)   Pre Evacuate Collection Set: 0.1ms
[2026-03-27T14:07:45.876+0900][50.008s][info][gc,phases   ] GC(928)   Merge Heap Roots: 0.2ms
[2026-03-27T14:07:45.876+0900][50.008s][info][gc,phases   ] GC(928)   Evacuate Collection Set: 0.2ms
[2026-03-27T14:07:45.876+0900][50.008s][info][gc,phases   ] GC(928)   Post Evacuate Collection Set: 0.6ms
[2026-03-27T14:07:45.876+0900][50.008s][info][gc,phases   ] GC(928)   Other: 0.2ms
[2026-03-27T14:07:45.876+0900][50.009s][info][gc,heap     ] GC(928) Eden regions: 1->0(139)
[2026-03-27T14:07:45.876+0900][50.009s][info][gc,heap     ] GC(928) Survivor regions: 1->1(18)
[2026-03-27T14:07:45.876+0900][50.009s][info][gc,heap     ] GC(928) Old regions: 1->1
[2026-03-27T14:07:45.876+0900][50.009s][info][gc,heap     ] GC(928) Archive regions: 0->0
[2026-03-27T14:07:45.876+0900][50.009s][info][gc,heap     ] GC(928) Humongous regions: 319->318
[2026-03-27T14:07:45.876+0900][50.009s][info][gc,metaspace] GC(928) Metaspace: 166K(384K)->166K(384K) NonClass: 157K(256K)->157K(256K) Class: 9K(128K)->9K(128K)
[2026-03-27T14:07:45.876+0900][50.009s][info][gc          ] GC(928) Pause Young (Concurrent Start) (G1 Humongous Allocation) 320M->318M(512M) 11.247ms
[2026-03-27T14:07:45.876+0900][50.009s][info][gc,cpu      ] GC(928) User=0.00s Sys=0.00s Real=0.01s
[2026-03-27T14:07:45.876+0900][50.009s][info][gc          ] GC(929) Concurrent Mark Cycle
[2026-03-27T14:07:45.876+0900][50.009s][info][gc,marking  ] GC(929) Concurrent Clear Claimed Marks
[2026-03-27T14:07:45.876+0900][50.009s][info][gc,marking  ] GC(929) Concurrent Clear Claimed Marks 0.020ms
[2026-03-27T14:07:45.876+0900][50.009s][info][gc,marking  ] GC(929) Concurrent Scan Root Regions
[2026-03-27T14:07:45.876+0900][50.009s][info][gc,marking  ] GC(929) Concurrent Scan Root Regions 0.139ms
[2026-03-27T14:07:45.876+0900][50.009s][info][gc,marking  ] GC(929) Concurrent Mark
[2026-03-27T14:07:45.876+0900][50.009s][info][gc,marking  ] GC(929) Concurrent Mark From Roots
[2026-03-27T14:07:45.876+0900][50.009s][info][gc,task     ] GC(929) Using 2 workers of 2 for marking
[2026-03-27T14:07:45.876+0900][50.010s][info][gc,marking  ] GC(929) Concurrent Mark From Roots 1.025ms
[2026-03-27T14:07:45.876+0900][50.010s][info][gc,marking  ] GC(929) Concurrent Preclean
[2026-03-27T14:07:45.876+0900][50.010s][info][gc,marking  ] GC(929) Concurrent Preclean 0.021ms
[2026-03-27T14:07:45.876+0900][50.010s][info][gc,start    ] GC(929) Pause Remark
[2026-03-27T14:07:45.881+0900][50.011s][info][gc          ] GC(929) Pause Remark 319M->319M(512M) 0.740ms
[2026-03-27T14:07:45.881+0900][50.011s][info][gc,cpu      ] GC(929) User=0.00s Sys=0.00s Real=0.01s
[2026-03-27T14:07:45.881+0900][50.011s][info][gc,marking  ] GC(929) Concurrent Mark 2.098ms
[2026-03-27T14:07:45.881+0900][50.011s][info][gc,marking  ] GC(929) Concurrent Rebuild Remembered Sets
[2026-03-27T14:07:45.881+0900][50.012s][info][gc,marking  ] GC(929) Concurrent Rebuild Remembered Sets 0.551ms
[2026-03-27T14:07:45.881+0900][50.012s][info][gc,start    ] GC(929) Pause Cleanup
[2026-03-27T14:07:45.881+0900][50.012s][info][gc          ] GC(929) Pause Cleanup 319M->319M(512M) 0.235ms
[2026-03-27T14:07:45.881+0900][50.012s][info][gc,cpu      ] GC(929) User=0.00s Sys=0.00s Real=0.00s
[2026-03-27T14:07:45.881+0900][50.012s][info][gc,marking  ] GC(929) Concurrent Cleanup for Next Mark
[2026-03-27T14:07:45.883+0900][50.013s][info][gc,marking  ] GC(929) Concurrent Cleanup for Next Mark 0.376ms
[2026-03-27T14:07:45.883+0900][50.013s][info][gc          ] GC(929) Concurrent Mark Cycle 4.032ms
[2026-03-27T14:07:45.930+0900][50.061s][info][gc,start    ] GC(930) Pause Young (Concurrent Start) (G1 Humongous Allocation)
[2026-03-27T14:07:45.930+0900][50.061s][info][gc,task     ] GC(930) Using 8 workers of 8 for evacuation
[2026-03-27T14:07:45.930+0900][50.062s][info][gc,phases   ] GC(930)   Pre Evacuate Collection Set: 0.1ms
[2026-03-27T14:07:45.930+0900][50.062s][info][gc,phases   ] GC(930)   Merge Heap Roots: 0.3ms
[2026-03-27T14:07:45.930+0900][50.062s][info][gc,phases   ] GC(930)   Evacuate Collection Set: 0.1ms
[2026-03-27T14:07:45.930+0900][50.062s][info][gc,phases   ] GC(930)   Post Evacuate Collection Set: 0.4ms
[2026-03-27T14:07:45.930+0900][50.062s][info][gc,phases   ] GC(930)   Other: 0.1ms
[2026-03-27T14:07:45.930+0900][50.062s][info][gc,heap     ] GC(930) Eden regions: 1->0(139)
[2026-03-27T14:07:45.930+0900][50.062s][info][gc,heap     ] GC(930) Survivor regions: 1->1(18)
[2026-03-27T14:07:45.930+0900][50.062s][info][gc,heap     ] GC(930) Old regions: 1->1
[2026-03-27T14:07:45.930+0900][50.062s][info][gc,heap     ] GC(930) Archive regions: 0->0
[2026-03-27T14:07:45.930+0900][50.062s][info][gc,heap     ] GC(930) Humongous regions: 319->318
[2026-03-27T14:07:45.930+0900][50.062s][info][gc,metaspace] GC(930) Metaspace: 166K(384K)->166K(384K) NonClass: 157K(256K)->157K(256K) Class: 9K(128K)->9K(128K)
[2026-03-27T14:07:45.930+0900][50.062s][info][gc          ] GC(930) Pause Young (Concurrent Start) (G1 Humongous Allocation) 320M->318M(512M) 1.386ms
[2026-03-27T14:07:45.930+0900][50.062s][info][gc,cpu      ] GC(930) User=0.00s Sys=0.00s Real=0.00s
[2026-03-27T14:07:45.930+0900][50.062s][info][gc          ] GC(931) Concurrent Mark Cycle
[2026-03-27T14:07:45.930+0900][50.062s][info][gc,marking  ] GC(931) Concurrent Clear Claimed Marks
[2026-03-27T14:07:45.930+0900][50.062s][info][gc,marking  ] GC(931) Concurrent Clear Claimed Marks 0.019ms
[2026-03-27T14:07:45.930+0900][50.062s][info][gc,marking  ] GC(931) Concurrent Scan Root Regions
[2026-03-27T14:07:45.930+0900][50.062s][info][gc,marking  ] GC(931) Concurrent Scan Root Regions 0.122ms
[2026-03-27T14:07:45.930+0900][50.062s][info][gc,marking  ] GC(931) Concurrent Mark
[2026-03-27T14:07:45.930+0900][50.062s][info][gc,marking  ] GC(931) Concurrent Mark From Roots
[2026-03-27T14:07:45.930+0900][50.062s][info][gc,task     ] GC(931) Using 2 workers of 2 for marking
[2026-03-27T14:07:45.930+0900][50.063s][info][gc,marking  ] GC(931) Concurrent Mark From Roots 0.735ms
[2026-03-27T14:07:45.930+0900][50.063s][info][gc,marking  ] GC(931) Concurrent Preclean
[2026-03-27T14:07:45.930+0900][50.063s][info][gc,marking  ] GC(931) Concurrent Preclean 0.013ms
[2026-03-27T14:07:45.930+0900][50.063s][info][gc,start    ] GC(931) Pause Remark
[2026-03-27T14:07:45.930+0900][50.064s][info][gc          ] GC(931) Pause Remark 319M->319M(512M) 0.803ms
[2026-03-27T14:07:45.930+0900][50.064s][info][gc,cpu      ] GC(931) User=0.00s Sys=0.00s Real=0.00s
[2026-03-27T14:07:45.930+0900][50.064s][info][gc,marking  ] GC(931) Concurrent Mark 1.940ms
[2026-03-27T14:07:45.930+0900][50.064s][info][gc,marking  ] GC(931) Concurrent Rebuild Remembered Sets
[2026-03-27T14:07:45.930+0900][50.065s][info][gc,marking  ] GC(931) Concurrent Rebuild Remembered Sets 0.433ms
[2026-03-27T14:07:45.930+0900][50.065s][info][gc,start    ] GC(931) Pause Cleanup
[2026-03-27T14:07:45.930+0900][50.065s][info][gc          ] GC(931) Pause Cleanup 319M->319M(512M) 0.072ms
[2026-03-27T14:07:45.930+0900][50.065s][info][gc,cpu      ] GC(931) User=0.00s Sys=0.00s Real=0.00s
[2026-03-27T14:07:45.930+0900][50.065s][info][gc,marking  ] GC(931) Concurrent Cleanup for Next Mark
[2026-03-27T14:07:45.930+0900][50.065s][info][gc,marking  ] GC(931) Concurrent Cleanup for Next Mark 0.248ms
[2026-03-27T14:07:45.930+0900][50.065s][info][gc          ] GC(931) Concurrent Mark Cycle 3.239ms
[2026-03-27T14:07:45.982+0900][50.113s][info][gc,start    ] GC(932) Pause Young (Concurrent Start) (G1 Humongous Allocation)
[2026-03-27T14:07:45.982+0900][50.113s][info][gc,task     ] GC(932) Using 8 workers of 8 for evacuation
[2026-03-27T14:07:45.982+0900][50.114s][info][gc,phases   ] GC(932)   Pre Evacuate Collection Set: 0.1ms
[2026-03-27T14:07:45.982+0900][50.114s][info][gc,phases   ] GC(932)   Merge Heap Roots: 0.1ms
[2026-03-27T14:07:45.982+0900][50.114s][info][gc,phases   ] GC(932)   Evacuate Collection Set: 0.2ms
[2026-03-27T14:07:45.982+0900][50.114s][info][gc,phases   ] GC(932)   Post Evacuate Collection Set: 0.4ms
[2026-03-27T14:07:45.982+0900][50.114s][info][gc,phases   ] GC(932)   Other: 0.1ms
[2026-03-27T14:07:45.982+0900][50.114s][info][gc,heap     ] GC(932) Eden regions: 1->0(139)
[2026-03-27T14:07:45.982+0900][50.114s][info][gc,heap     ] GC(932) Survivor regions: 1->1(18)
[2026-03-27T14:07:45.982+0900][50.114s][info][gc,heap     ] GC(932) Old regions: 1->1
[2026-03-27T14:07:45.982+0900][50.114s][info][gc,heap     ] GC(932) Archive regions: 0->0
[2026-03-27T14:07:45.982+0900][50.114s][info][gc,heap     ] GC(932) Humongous regions: 319->318
[2026-03-27T14:07:45.982+0900][50.114s][info][gc,metaspace] GC(932) Metaspace: 166K(384K)->166K(384K) NonClass: 157K(256K)->157K(256K) Class: 9K(128K)->9K(128K)
[2026-03-27T14:07:45.982+0900][50.114s][info][gc          ] GC(932) Pause Young (Concurrent Start) (G1 Humongous Allocation) 320M->318M(512M) 1.180ms
[2026-03-27T14:07:45.982+0900][50.114s][info][gc,cpu      ] GC(932) User=0.00s Sys=0.00s Real=0.00s
[2026-03-27T14:07:45.982+0900][50.114s][info][gc          ] GC(933) Concurrent Mark Cycle
[2026-03-27T14:07:45.982+0900][50.114s][info][gc,marking  ] GC(933) Concurrent Clear Claimed Marks
[2026-03-27T14:07:45.982+0900][50.114s][info][gc,marking  ] GC(933) Concurrent Clear Claimed Marks 0.013ms
[2026-03-27T14:07:45.982+0900][50.114s][info][gc,marking  ] GC(933) Concurrent Scan Root Regions
[2026-03-27T14:07:45.982+0900][50.114s][info][gc,marking  ] GC(933) Concurrent Scan Root Regions 0.041ms
[2026-03-27T14:07:45.982+0900][50.114s][info][gc,marking  ] GC(933) Concurrent Mark
[2026-03-27T14:07:45.982+0900][50.114s][info][gc,marking  ] GC(933) Concurrent Mark From Roots
[2026-03-27T14:07:45.982+0900][50.114s][info][gc,task     ] GC(933) Using 2 workers of 2 for marking
[2026-03-27T14:07:45.982+0900][50.115s][info][gc,marking  ] GC(933) Concurrent Mark From Roots 0.769ms
[2026-03-27T14:07:45.982+0900][50.115s][info][gc,marking  ] GC(933) Concurrent Preclean
[2026-03-27T14:07:45.982+0900][50.115s][info][gc,marking  ] GC(933) Concurrent Preclean 0.014ms
[2026-03-27T14:07:45.982+0900][50.115s][info][gc,start    ] GC(933) Pause Remark
[2026-03-27T14:07:45.982+0900][50.116s][info][gc          ] GC(933) Pause Remark 321M->321M(512M) 0.549ms
[2026-03-27T14:07:45.982+0900][50.116s][info][gc,cpu      ] GC(933) User=0.00s Sys=0.00s Real=0.00s
[2026-03-27T14:07:45.982+0900][50.116s][info][gc,marking  ] GC(933) Concurrent Mark 1.617ms
[2026-03-27T14:07:45.982+0900][50.116s][info][gc,marking  ] GC(933) Concurrent Rebuild Remembered Sets
[2026-03-27T14:07:45.982+0900][50.116s][info][gc,marking  ] GC(933) Concurrent Rebuild Remembered Sets 0.428ms
[2026-03-27T14:07:45.982+0900][50.116s][info][gc,start    ] GC(933) Pause Cleanup
[2026-03-27T14:07:45.982+0900][50.116s][info][gc          ] GC(933) Pause Cleanup 321M->321M(512M) 0.092ms
[2026-03-27T14:07:45.982+0900][50.116s][info][gc,cpu      ] GC(933) User=0.00s Sys=0.00s Real=0.00s
[2026-03-27T14:07:45.982+0900][50.116s][info][gc,marking  ] GC(933) Concurrent Cleanup for Next Mark
[2026-03-27T14:07:45.982+0900][50.117s][info][gc,marking  ] GC(933) Concurrent Cleanup for Next Mark 0.273ms
[2026-03-27T14:07:45.982+0900][50.117s][info][gc          ] GC(933) Concurrent Mark Cycle 2.951ms
[2026-03-27T14:07:46.046+0900][50.176s][info][gc,start    ] GC(934) Pause Young (Concurrent Start) (G1 Humongous Allocation)
[2026-03-27T14:07:46.046+0900][50.176s][info][gc,task     ] GC(934) Using 8 workers of 8 for evacuation
[2026-03-27T14:07:46.046+0900][50.176s][info][gc,phases   ] GC(934)   Pre Evacuate Collection Set: 0.1ms
[2026-03-27T14:07:46.046+0900][50.176s][info][gc,phases   ] GC(934)   Merge Heap Roots: 0.1ms
[2026-03-27T14:07:46.046+0900][50.176s][info][gc,phases   ] GC(934)   Evacuate Collection Set: 0.1ms
[2026-03-27T14:07:46.046+0900][50.176s][info][gc,phases   ] GC(934)   Post Evacuate Collection Set: 0.1ms
[2026-03-27T14:07:46.046+0900][50.176s][info][gc,phases   ] GC(934)   Other: 0.1ms
[2026-03-27T14:07:46.046+0900][50.176s][info][gc,heap     ] GC(934) Eden regions: 1->0(137)
[2026-03-27T14:07:46.046+0900][50.176s][info][gc,heap     ] GC(934) Survivor regions: 1->1(18)
[2026-03-27T14:07:46.046+0900][50.176s][info][gc,heap     ] GC(934) Old regions: 1->1
[2026-03-27T14:07:46.046+0900][50.176s][info][gc,heap     ] GC(934) Archive regions: 0->0
[2026-03-27T14:07:46.046+0900][50.176s][info][gc,heap     ] GC(934) Humongous regions: 321->320
[2026-03-27T14:07:46.046+0900][50.176s][info][gc,metaspace] GC(934) Metaspace: 166K(384K)->166K(384K) NonClass: 157K(256K)->157K(256K) Class: 9K(128K)->9K(128K)
[2026-03-27T14:07:46.046+0900][50.176s][info][gc          ] GC(934) Pause Young (Concurrent Start) (G1 Humongous Allocation) 322M->320M(512M) 0.714ms
[2026-03-27T14:07:46.046+0900][50.177s][info][gc,cpu      ] GC(934) User=0.00s Sys=0.00s Real=0.00s
[2026-03-27T14:07:46.046+0900][50.177s][info][gc          ] GC(935) Concurrent Mark Cycle
[2026-03-27T14:07:46.046+0900][50.177s][info][gc,marking  ] GC(935) Concurrent Clear Claimed Marks
[2026-03-27T14:07:46.046+0900][50.177s][info][gc,marking  ] GC(935) Concurrent Clear Claimed Marks 0.014ms
[2026-03-27T14:07:46.046+0900][50.177s][info][gc,marking  ] GC(935) Concurrent Scan Root Regions
[2026-03-27T14:07:46.046+0900][50.177s][info][gc,marking  ] GC(935) Concurrent Scan Root Regions 0.027ms
[2026-03-27T14:07:46.046+0900][50.177s][info][gc,marking  ] GC(935) Concurrent Mark
[2026-03-27T14:07:46.046+0900][50.177s][info][gc,marking  ] GC(935) Concurrent Mark From Roots
[2026-03-27T14:07:46.046+0900][50.177s][info][gc,task     ] GC(935) Using 2 workers of 2 for marking
[2026-03-27T14:07:46.046+0900][50.177s][info][gc,marking  ] GC(935) Concurrent Mark From Roots 0.711ms
[2026-03-27T14:07:46.046+0900][50.177s][info][gc,marking  ] GC(935) Concurrent Preclean
[2026-03-27T14:07:46.046+0900][50.177s][info][gc,marking  ] GC(935) Concurrent Preclean 0.013ms
[2026-03-27T14:07:46.046+0900][50.177s][info][gc,start    ] GC(935) Pause Remark
[2026-03-27T14:07:46.046+0900][50.178s][info][gc          ] GC(935) Pause Remark 321M->321M(512M) 0.222ms
[2026-03-27T14:07:46.046+0900][50.178s][info][gc,cpu      ] GC(935) User=0.00s Sys=0.00s Real=0.00s
[2026-03-27T14:07:46.046+0900][50.178s][info][gc,marking  ] GC(935) Concurrent Mark 1.089ms
[2026-03-27T14:07:46.046+0900][50.178s][info][gc,marking  ] GC(935) Concurrent Rebuild Remembered Sets
[2026-03-27T14:07:46.046+0900][50.178s][info][gc,marking  ] GC(935) Concurrent Rebuild Remembered Sets 0.346ms
[2026-03-27T14:07:46.046+0900][50.178s][info][gc,start    ] GC(935) Pause Cleanup
[2026-03-27T14:07:46.046+0900][50.178s][info][gc          ] GC(935) Pause Cleanup 321M->321M(512M) 0.072ms
[2026-03-27T14:07:46.046+0900][50.178s][info][gc,cpu      ] GC(935) User=0.00s Sys=0.00s Real=0.00s
[2026-03-27T14:07:46.046+0900][50.178s][info][gc,marking  ] GC(935) Concurrent Cleanup for Next Mark
[2026-03-27T14:07:46.046+0900][50.178s][info][gc,marking  ] GC(935) Concurrent Cleanup for Next Mark 0.177ms
[2026-03-27T14:07:46.046+0900][50.178s][info][gc          ] GC(935) Concurrent Mark Cycle 1.973ms
[2026-03-27T14:07:46.110+0900][50.240s][info][gc,start    ] GC(936) Pause Young (Concurrent Start) (G1 Humongous Allocation)
[2026-03-27T14:07:46.110+0900][50.240s][info][gc,task     ] GC(936) Using 8 workers of 8 for evacuation
[2026-03-27T14:07:46.110+0900][50.241s][info][gc,phases   ] GC(936)   Pre Evacuate Collection Set: 0.1ms
[2026-03-27T14:07:46.110+0900][50.241s][info][gc,phases   ] GC(936)   Merge Heap Roots: 0.2ms
[2026-03-27T14:07:46.110+0900][50.241s][info][gc,phases   ] GC(936)   Evacuate Collection Set: 0.1ms
[2026-03-27T14:07:46.110+0900][50.241s][info][gc,phases   ] GC(936)   Post Evacuate Collection Set: 0.3ms
[2026-03-27T14:07:46.110+0900][50.241s][info][gc,phases   ] GC(936)   Other: 0.1ms
[2026-03-27T14:07:46.110+0900][50.241s][info][gc,heap     ] GC(936) Eden regions: 1->0(137)
[2026-03-27T14:07:46.110+0900][50.241s][info][gc,heap     ] GC(936) Survivor regions: 1->1(18)
[2026-03-27T14:07:46.110+0900][50.241s][info][gc,heap     ] GC(936) Old regions: 1->1
[2026-03-27T14:07:46.110+0900][50.241s][info][gc,heap     ] GC(936) Archive regions: 0->0
[2026-03-27T14:07:46.110+0900][50.241s][info][gc,heap     ] GC(936) Humongous regions: 321->320
[2026-03-27T14:07:46.110+0900][50.241s][info][gc,metaspace] GC(936) Metaspace: 166K(384K)->166K(384K) NonClass: 157K(256K)->157K(256K) Class: 9K(128K)->9K(128K)
[2026-03-27T14:07:46.110+0900][50.241s][info][gc          ] GC(936) Pause Young (Concurrent Start) (G1 Humongous Allocation) 322M->320M(512M) 1.082ms
[2026-03-27T14:07:46.110+0900][50.241s][info][gc,cpu      ] GC(936) User=0.00s Sys=0.00s Real=0.00s
[2026-03-27T14:07:46.110+0900][50.241s][info][gc          ] GC(937) Concurrent Mark Cycle
[2026-03-27T14:07:46.110+0900][50.241s][info][gc,marking  ] GC(937) Concurrent Clear Claimed Marks
[2026-03-27T14:07:46.110+0900][50.241s][info][gc,marking  ] GC(937) Concurrent Clear Claimed Marks 0.013ms
[2026-03-27T14:07:46.110+0900][50.241s][info][gc,marking  ] GC(937) Concurrent Scan Root Regions
[2026-03-27T14:07:46.110+0900][50.241s][info][gc,marking  ] GC(937) Concurrent Scan Root Regions 0.029ms
[2026-03-27T14:07:46.110+0900][50.241s][info][gc,marking  ] GC(937) Concurrent Mark
[2026-03-27T14:07:46.110+0900][50.241s][info][gc,marking  ] GC(937) Concurrent Mark From Roots
[2026-03-27T14:07:46.110+0900][50.241s][info][gc,task     ] GC(937) Using 2 workers of 2 for marking
[2026-03-27T14:07:46.110+0900][50.242s][info][gc,marking  ] GC(937) Concurrent Mark From Roots 0.743ms
[2026-03-27T14:07:46.110+0900][50.242s][info][gc,marking  ] GC(937) Concurrent Preclean
[2026-03-27T14:07:46.110+0900][50.242s][info][gc,marking  ] GC(937) Concurrent Preclean 0.018ms
[2026-03-27T14:07:46.110+0900][50.242s][info][gc,start    ] GC(937) Pause Remark
[2026-03-27T14:07:46.110+0900][50.242s][info][gc          ] GC(937) Pause Remark 321M->321M(512M) 0.425ms
[2026-03-27T14:07:46.110+0900][50.242s][info][gc,cpu      ] GC(937) User=0.00s Sys=0.00s Real=0.00s
[2026-03-27T14:07:46.110+0900][50.242s][info][gc,marking  ] GC(937) Concurrent Mark 1.440ms
[2026-03-27T14:07:46.110+0900][50.242s][info][gc,marking  ] GC(937) Concurrent Rebuild Remembered Sets
[2026-03-27T14:07:46.110+0900][50.243s][info][gc,marking  ] GC(937) Concurrent Rebuild Remembered Sets 0.451ms
[2026-03-27T14:07:46.110+0900][50.243s][info][gc,start    ] GC(937) Pause Cleanup
[2026-03-27T14:07:46.110+0900][50.243s][info][gc          ] GC(937) Pause Cleanup 321M->321M(512M) 0.107ms
[2026-03-27T14:07:46.110+0900][50.243s][info][gc,cpu      ] GC(937) User=0.00s Sys=0.00s Real=0.00s
[2026-03-27T14:07:46.110+0900][50.243s][info][gc,marking  ] GC(937) Concurrent Cleanup for Next Mark
[2026-03-27T14:07:46.110+0900][50.244s][info][gc,marking  ] GC(937) Concurrent Cleanup for Next Mark 0.303ms
[2026-03-27T14:07:46.110+0900][50.244s][info][gc          ] GC(937) Concurrent Mark Cycle 2.699ms
[2026-03-27T14:07:46.175+0900][50.305s][info][gc,start    ] GC(938) Pause Young (Concurrent Start) (G1 Humongous Allocation)
[2026-03-27T14:07:46.175+0900][50.305s][info][gc,task     ] GC(938) Using 8 workers of 8 for evacuation
[2026-03-27T14:07:46.175+0900][50.307s][info][gc,phases   ] GC(938)   Pre Evacuate Collection Set: 0.2ms
[2026-03-27T14:07:46.175+0900][50.307s][info][gc,phases   ] GC(938)   Merge Heap Roots: 0.4ms
[2026-03-27T14:07:46.175+0900][50.307s][info][gc,phases   ] GC(938)   Evacuate Collection Set: 0.6ms
[2026-03-27T14:07:46.175+0900][50.308s][info][gc,phases   ] GC(938)   Post Evacuate Collection Set: 0.9ms
[2026-03-27T14:07:46.175+0900][50.308s][info][gc,phases   ] GC(938)   Other: 0.2ms
[2026-03-27T14:07:46.175+0900][50.308s][info][gc,heap     ] GC(938) Eden regions: 1->0(137)
[2026-03-27T14:07:46.175+0900][50.308s][info][gc,heap     ] GC(938) Survivor regions: 1->1(18)
[2026-03-27T14:07:46.175+0900][50.308s][info][gc,heap     ] GC(938) Old regions: 1->1
[2026-03-27T14:07:46.175+0900][50.308s][info][gc,heap     ] GC(938) Archive regions: 0->0
[2026-03-27T14:07:46.175+0900][50.308s][info][gc,heap     ] GC(938) Humongous regions: 321->320
[2026-03-27T14:07:46.175+0900][50.308s][info][gc,metaspace] GC(938) Metaspace: 166K(384K)->166K(384K) NonClass: 157K(256K)->157K(256K) Class: 9K(128K)->9K(128K)
[2026-03-27T14:07:46.175+0900][50.308s][info][gc          ] GC(938) Pause Young (Concurrent Start) (G1 Humongous Allocation) 322M->320M(512M) 2.955ms
[2026-03-27T14:07:46.175+0900][50.308s][info][gc,cpu      ] GC(938) User=0.00s Sys=0.02s Real=0.00s
[2026-03-27T14:07:46.175+0900][50.308s][info][gc          ] GC(939) Concurrent Mark Cycle
[2026-03-27T14:07:46.175+0900][50.308s][info][gc,marking  ] GC(939) Concurrent Clear Claimed Marks
[2026-03-27T14:07:46.175+0900][50.308s][info][gc,marking  ] GC(939) Concurrent Clear Claimed Marks 0.041ms
[2026-03-27T14:07:46.175+0900][50.308s][info][gc,marking  ] GC(939) Concurrent Scan Root Regions
[2026-03-27T14:07:46.175+0900][50.308s][info][gc,marking  ] GC(939) Concurrent Scan Root Regions 0.252ms
[2026-03-27T14:07:46.175+0900][50.308s][info][gc,marking  ] GC(939) Concurrent Mark
[2026-03-27T14:07:46.175+0900][50.309s][info][gc,marking  ] GC(939) Concurrent Mark From Roots
[2026-03-27T14:07:46.175+0900][50.309s][info][gc,task     ] GC(939) Using 2 workers of 2 for marking
[2026-03-27T14:07:46.175+0900][50.311s][info][gc,marking  ] GC(939) Concurrent Mark From Roots 2.130ms
[2026-03-27T14:07:46.175+0900][50.311s][info][gc,marking  ] GC(939) Concurrent Preclean
[2026-03-27T14:07:46.175+0900][50.311s][info][gc,marking  ] GC(939) Concurrent Preclean 0.044ms
[2026-03-27T14:07:46.181+0900][50.311s][info][gc,start    ] GC(939) Pause Remark
[2026-03-27T14:07:46.181+0900][50.313s][info][gc          ] GC(939) Pause Remark 321M->321M(512M) 1.197ms
[2026-03-27T14:07:46.181+0900][50.313s][info][gc,cpu      ] GC(939) User=0.00s Sys=0.00s Real=0.00s
[2026-03-27T14:07:46.181+0900][50.313s][info][gc,marking  ] GC(939) Concurrent Mark 4.250ms
[2026-03-27T14:07:46.181+0900][50.313s][info][gc,marking  ] GC(939) Concurrent Rebuild Remembered Sets
[2026-03-27T14:07:46.181+0900][50.314s][info][gc,marking  ] GC(939) Concurrent Rebuild Remembered Sets 0.926ms
[2026-03-27T14:07:46.181+0900][50.314s][info][gc,start    ] GC(939) Pause Cleanup
[2026-03-27T14:07:46.181+0900][50.314s][info][gc          ] GC(939) Pause Cleanup 321M->321M(512M) 0.303ms
[2026-03-27T14:07:46.181+0900][50.315s][info][gc,cpu      ] GC(939) User=0.00s Sys=0.00s Real=0.00s
[2026-03-27T14:07:46.181+0900][50.315s][info][gc,marking  ] GC(939) Concurrent Cleanup for Next Mark
[2026-03-27T14:07:46.181+0900][50.315s][info][gc,marking  ] GC(939) Concurrent Cleanup for Next Mark 0.535ms
[2026-03-27T14:07:46.181+0900][50.315s][info][gc          ] GC(939) Concurrent Mark Cycle 7.340ms
[2026-03-27T14:07:46.229+0900][50.359s][info][gc,start    ] GC(940) Pause Young (Concurrent Start) (G1 Humongous Allocation)
[2026-03-27T14:07:46.229+0900][50.359s][info][gc,task     ] GC(940) Using 8 workers of 8 for evacuation
[2026-03-27T14:07:46.229+0900][50.360s][info][gc,phases   ] GC(940)   Pre Evacuate Collection Set: 0.1ms
[2026-03-27T14:07:46.229+0900][50.360s][info][gc,phases   ] GC(940)   Merge Heap Roots: 0.2ms
[2026-03-27T14:07:46.229+0900][50.360s][info][gc,phases   ] GC(940)   Evacuate Collection Set: 0.1ms
[2026-03-27T14:07:46.229+0900][50.360s][info][gc,phases   ] GC(940)   Post Evacuate Collection Set: 0.3ms
[2026-03-27T14:07:46.229+0900][50.360s][info][gc,phases   ] GC(940)   Other: 0.1ms
[2026-03-27T14:07:46.229+0900][50.360s][info][gc,heap     ] GC(940) Eden regions: 1->0(137)
[2026-03-27T14:07:46.229+0900][50.360s][info][gc,heap     ] GC(940) Survivor regions: 1->1(18)
[2026-03-27T14:07:46.229+0900][50.360s][info][gc,heap     ] GC(940) Old regions: 1->1
[2026-03-27T14:07:46.229+0900][50.360s][info][gc,heap     ] GC(940) Archive regions: 0->0
[2026-03-27T14:07:46.229+0900][50.360s][info][gc,heap     ] GC(940) Humongous regions: 321->320
[2026-03-27T14:07:46.229+0900][50.360s][info][gc,metaspace] GC(940) Metaspace: 166K(384K)->166K(384K) NonClass: 157K(256K)->157K(256K) Class: 9K(128K)->9K(128K)
[2026-03-27T14:07:46.229+0900][50.360s][info][gc          ] GC(940) Pause Young (Concurrent Start) (G1 Humongous Allocation) 322M->320M(512M) 1.129ms
[2026-03-27T14:07:46.229+0900][50.360s][info][gc,cpu      ] GC(940) User=0.00s Sys=0.00s Real=0.00s
[2026-03-27T14:07:46.229+0900][50.360s][info][gc          ] GC(941) Concurrent Mark Cycle
[2026-03-27T14:07:46.229+0900][50.360s][info][gc,marking  ] GC(941) Concurrent Clear Claimed Marks
[2026-03-27T14:07:46.229+0900][50.360s][info][gc,marking  ] GC(941) Concurrent Clear Claimed Marks 0.015ms
[2026-03-27T14:07:46.229+0900][50.360s][info][gc,marking  ] GC(941) Concurrent Scan Root Regions
[2026-03-27T14:07:46.229+0900][50.360s][info][gc,marking  ] GC(941) Concurrent Scan Root Regions 0.067ms
[2026-03-27T14:07:46.229+0900][50.360s][info][gc,marking  ] GC(941) Concurrent Mark
[2026-03-27T14:07:46.229+0900][50.360s][info][gc,marking  ] GC(941) Concurrent Mark From Roots
[2026-03-27T14:07:46.229+0900][50.360s][info][gc,task     ] GC(941) Using 2 workers of 2 for marking
[2026-03-27T14:07:46.229+0900][50.361s][info][gc,marking  ] GC(941) Concurrent Mark From Roots 0.776ms
[2026-03-27T14:07:46.229+0900][50.361s][info][gc,marking  ] GC(941) Concurrent Preclean
[2026-03-27T14:07:46.229+0900][50.361s][info][gc,marking  ] GC(941) Concurrent Preclean 0.015ms
[2026-03-27T14:07:46.229+0900][50.361s][info][gc,start    ] GC(941) Pause Remark
[2026-03-27T14:07:46.229+0900][50.362s][info][gc          ] GC(941) Pause Remark 321M->321M(512M) 0.578ms
[2026-03-27T14:07:46.229+0900][50.362s][info][gc,cpu      ] GC(941) User=0.00s Sys=0.00s Real=0.00s
[2026-03-27T14:07:46.229+0900][50.362s][info][gc,marking  ] GC(941) Concurrent Mark 1.632ms
[2026-03-27T14:07:46.229+0900][50.362s][info][gc,marking  ] GC(941) Concurrent Rebuild Remembered Sets
[2026-03-27T14:07:46.229+0900][50.362s][info][gc,marking  ] GC(941) Concurrent Rebuild Remembered Sets 0.380ms
[2026-03-27T14:07:46.229+0900][50.362s][info][gc,start    ] GC(941) Pause Cleanup
[2026-03-27T14:07:46.229+0900][50.362s][info][gc          ] GC(941) Pause Cleanup 321M->321M(512M) 0.062ms
[2026-03-27T14:07:46.229+0900][50.362s][info][gc,cpu      ] GC(941) User=0.00s Sys=0.00s Real=0.00s
[2026-03-27T14:07:46.229+0900][50.362s][info][gc,marking  ] GC(941) Concurrent Cleanup for Next Mark
[2026-03-27T14:07:46.229+0900][50.363s][info][gc,marking  ] GC(941) Concurrent Cleanup for Next Mark 0.256ms
[2026-03-27T14:07:46.229+0900][50.363s][info][gc          ] GC(941) Concurrent Mark Cycle 2.673ms
[2026-03-27T14:07:46.292+0900][50.423s][info][gc,start    ] GC(942) Pause Young (Concurrent Start) (G1 Humongous Allocation)
[2026-03-27T14:07:46.292+0900][50.423s][info][gc,task     ] GC(942) Using 8 workers of 8 for evacuation
[2026-03-27T14:07:46.292+0900][50.425s][info][gc,phases   ] GC(942)   Pre Evacuate Collection Set: 0.3ms
[2026-03-27T14:07:46.292+0900][50.425s][info][gc,phases   ] GC(942)   Merge Heap Roots: 0.3ms
[2026-03-27T14:07:46.292+0900][50.425s][info][gc,phases   ] GC(942)   Evacuate Collection Set: 0.3ms
[2026-03-27T14:07:46.292+0900][50.425s][info][gc,phases   ] GC(942)   Post Evacuate Collection Set: 0.9ms
[2026-03-27T14:07:46.292+0900][50.425s][info][gc,phases   ] GC(942)   Other: 0.3ms
[2026-03-27T14:07:46.292+0900][50.425s][info][gc,heap     ] GC(942) Eden regions: 1->0(137)
[2026-03-27T14:07:46.292+0900][50.426s][info][gc,heap     ] GC(942) Survivor regions: 1->1(18)
[2026-03-27T14:07:46.292+0900][50.426s][info][gc,heap     ] GC(942) Old regions: 1->1
[2026-03-27T14:07:46.292+0900][50.426s][info][gc,heap     ] GC(942) Archive regions: 0->0
[2026-03-27T14:07:46.292+0900][50.426s][info][gc,heap     ] GC(942) Humongous regions: 321->320
[2026-03-27T14:07:46.292+0900][50.426s][info][gc,metaspace] GC(942) Metaspace: 166K(384K)->166K(384K) NonClass: 157K(256K)->157K(256K) Class: 9K(128K)->9K(128K)
[2026-03-27T14:07:46.292+0900][50.426s][info][gc          ] GC(942) Pause Young (Concurrent Start) (G1 Humongous Allocation) 322M->320M(512M) 2.744ms
[2026-03-27T14:07:46.292+0900][50.426s][info][gc,cpu      ] GC(942) User=0.00s Sys=0.00s Real=0.00s
[2026-03-27T14:07:46.292+0900][50.426s][info][gc          ] GC(943) Concurrent Mark Cycle
[2026-03-27T14:07:46.292+0900][50.426s][info][gc,marking  ] GC(943) Concurrent Clear Claimed Marks
[2026-03-27T14:07:46.292+0900][50.426s][info][gc,marking  ] GC(943) Concurrent Clear Claimed Marks 0.038ms
[2026-03-27T14:07:46.292+0900][50.426s][info][gc,marking  ] GC(943) Concurrent Scan Root Regions
[2026-03-27T14:07:46.292+0900][50.426s][info][gc,marking  ] GC(943) Concurrent Scan Root Regions 0.216ms
[2026-03-27T14:07:46.292+0900][50.426s][info][gc,marking  ] GC(943) Concurrent Mark
[2026-03-27T14:07:46.292+0900][50.426s][info][gc,marking  ] GC(943) Concurrent Mark From Roots
[2026-03-27T14:07:46.292+0900][50.426s][info][gc,task     ] GC(943) Using 2 workers of 2 for marking
[2026-03-27T14:07:46.298+0900][50.428s][info][gc,marking  ] GC(943) Concurrent Mark From Roots 2.056ms
[2026-03-27T14:07:46.298+0900][50.429s][info][gc,marking  ] GC(943) Concurrent Preclean
[2026-03-27T14:07:46.298+0900][50.429s][info][gc,marking  ] GC(943) Concurrent Preclean 0.045ms
[2026-03-27T14:07:46.298+0900][50.429s][info][gc,start    ] GC(943) Pause Remark
[2026-03-27T14:07:46.300+0900][50.430s][info][gc          ] GC(943) Pause Remark 323M->323M(512M) 1.224ms
[2026-03-27T14:07:46.300+0900][50.430s][info][gc,cpu      ] GC(943) User=0.00s Sys=0.00s Real=0.00s
[2026-03-27T14:07:46.300+0900][50.430s][info][gc,marking  ] GC(943) Concurrent Mark 4.085ms
[2026-03-27T14:07:46.300+0900][50.430s][info][gc,marking  ] GC(943) Concurrent Rebuild Remembered Sets
[2026-03-27T14:07:46.300+0900][50.431s][info][gc,marking  ] GC(943) Concurrent Rebuild Remembered Sets 0.987ms
[2026-03-27T14:07:46.300+0900][50.432s][info][gc,start    ] GC(943) Pause Cleanup
[2026-03-27T14:07:46.300+0900][50.432s][info][gc          ] GC(943) Pause Cleanup 323M->323M(512M) 0.326ms
[2026-03-27T14:07:46.300+0900][50.432s][info][gc,cpu      ] GC(943) User=0.00s Sys=0.00s Real=0.00s
[2026-03-27T14:07:46.300+0900][50.432s][info][gc,marking  ] GC(943) Concurrent Cleanup for Next Mark
[2026-03-27T14:07:46.300+0900][50.433s][info][gc,marking  ] GC(943) Concurrent Cleanup for Next Mark 0.557ms
[2026-03-27T14:07:46.300+0900][50.433s][info][gc          ] GC(943) Concurrent Mark Cycle 7.095ms
[2026-03-27T14:07:46.357+0900][50.488s][info][gc,start    ] GC(944) Pause Young (Concurrent Start) (G1 Humongous Allocation)
[2026-03-27T14:07:46.357+0900][50.488s][info][gc,task     ] GC(944) Using 8 workers of 8 for evacuation
[2026-03-27T14:07:46.357+0900][50.490s][info][gc,phases   ] GC(944)   Pre Evacuate Collection Set: 0.3ms
[2026-03-27T14:07:46.357+0900][50.490s][info][gc,phases   ] GC(944)   Merge Heap Roots: 0.4ms
[2026-03-27T14:07:46.357+0900][50.490s][info][gc,phases   ] GC(944)   Evacuate Collection Set: 0.3ms
[2026-03-27T14:07:46.357+0900][50.490s][info][gc,phases   ] GC(944)   Post Evacuate Collection Set: 1.0ms
[2026-03-27T14:07:46.357+0900][50.490s][info][gc,phases   ] GC(944)   Other: 0.2ms
[2026-03-27T14:07:46.357+0900][50.490s][info][gc,heap     ] GC(944) Eden regions: 1->0(135)
[2026-03-27T14:07:46.357+0900][50.490s][info][gc,heap     ] GC(944) Survivor regions: 1->1(18)
[2026-03-27T14:07:46.357+0900][50.490s][info][gc,heap     ] GC(944) Old regions: 1->1
[2026-03-27T14:07:46.357+0900][50.490s][info][gc,heap     ] GC(944) Archive regions: 0->0
[2026-03-27T14:07:46.357+0900][50.490s][info][gc,heap     ] GC(944) Humongous regions: 323->322
[2026-03-27T14:07:46.357+0900][50.491s][info][gc,metaspace] GC(944) Metaspace: 166K(384K)->166K(384K) NonClass: 157K(256K)->157K(256K) Class: 9K(128K)->9K(128K)
[2026-03-27T14:07:46.357+0900][50.491s][info][gc          ] GC(944) Pause Young (Concurrent Start) (G1 Humongous Allocation) 324M->322M(512M) 3.001ms
[2026-03-27T14:07:46.357+0900][50.491s][info][gc,cpu      ] GC(944) User=0.00s Sys=0.00s Real=0.00s
[2026-03-27T14:07:46.357+0900][50.491s][info][gc          ] GC(945) Concurrent Mark Cycle
[2026-03-27T14:07:46.357+0900][50.491s][info][gc,marking  ] GC(945) Concurrent Clear Claimed Marks
[2026-03-27T14:07:46.357+0900][50.491s][info][gc,marking  ] GC(945) Concurrent Clear Claimed Marks 0.042ms
[2026-03-27T14:07:46.357+0900][50.491s][info][gc,marking  ] GC(945) Concurrent Scan Root Regions
[2026-03-27T14:07:46.357+0900][50.491s][info][gc,marking  ] GC(945) Concurrent Scan Root Regions 0.257ms
[2026-03-27T14:07:46.357+0900][50.491s][info][gc,marking  ] GC(945) Concurrent Mark
[2026-03-27T14:07:46.357+0900][50.491s][info][gc,marking  ] GC(945) Concurrent Mark From Roots
[2026-03-27T14:07:46.357+0900][50.491s][info][gc,task     ] GC(945) Using 2 workers of 2 for marking
[2026-03-27T14:07:46.357+0900][50.493s][info][gc,marking  ] GC(945) Concurrent Mark From Roots 2.010ms
[2026-03-27T14:07:46.357+0900][50.493s][info][gc,marking  ] GC(945) Concurrent Preclean
[2026-03-27T14:07:46.357+0900][50.493s][info][gc,marking  ] GC(945) Concurrent Preclean 0.044ms
[2026-03-27T14:07:46.357+0900][50.494s][info][gc,start    ] GC(945) Pause Remark
[2026-03-27T14:07:46.357+0900][50.495s][info][gc          ] GC(945) Pause Remark 323M->323M(512M) 1.487ms
[2026-03-27T14:07:46.357+0900][50.496s][info][gc,cpu      ] GC(945) User=0.00s Sys=0.00s Real=0.00s
[2026-03-27T14:07:46.357+0900][50.496s][info][gc,marking  ] GC(945) Concurrent Mark 4.416ms
[2026-03-27T14:07:46.357+0900][50.496s][info][gc,marking  ] GC(945) Concurrent Rebuild Remembered Sets
[2026-03-27T14:07:46.357+0900][50.497s][info][gc,marking  ] GC(945) Concurrent Rebuild Remembered Sets 1.143ms
[2026-03-27T14:07:46.357+0900][50.498s][info][gc,start    ] GC(945) Pause Cleanup
[2026-03-27T14:07:46.357+0900][50.498s][info][gc          ] GC(945) Pause Cleanup 323M->323M(512M) 0.509ms
[2026-03-27T14:07:46.357+0900][50.498s][info][gc,cpu      ] GC(945) User=0.00s Sys=0.00s Real=0.00s
[2026-03-27T14:07:46.357+0900][50.498s][info][gc,marking  ] GC(945) Concurrent Cleanup for Next Mark
[2026-03-27T14:07:46.357+0900][50.499s][info][gc,marking  ] GC(945) Concurrent Cleanup for Next Mark 0.654ms
[2026-03-27T14:07:46.357+0900][50.499s][info][gc          ] GC(945) Concurrent Mark Cycle 8.303ms
[2026-03-27T14:07:46.421+0900][50.552s][info][gc,start    ] GC(946) Pause Young (Concurrent Start) (G1 Humongous Allocation)
[2026-03-27T14:07:46.421+0900][50.552s][info][gc,task     ] GC(946) Using 8 workers of 8 for evacuation
[2026-03-27T14:07:46.421+0900][50.554s][info][gc,phases   ] GC(946)   Pre Evacuate Collection Set: 0.2ms
[2026-03-27T14:07:46.421+0900][50.554s][info][gc,phases   ] GC(946)   Merge Heap Roots: 0.4ms
[2026-03-27T14:07:46.421+0900][50.554s][info][gc,phases   ] GC(946)   Evacuate Collection Set: 0.3ms
[2026-03-27T14:07:46.421+0900][50.554s][info][gc,phases   ] GC(946)   Post Evacuate Collection Set: 0.9ms
[2026-03-27T14:07:46.421+0900][50.554s][info][gc,phases   ] GC(946)   Other: 0.3ms
[2026-03-27T14:07:46.421+0900][50.554s][info][gc,heap     ] GC(946) Eden regions: 1->0(135)
[2026-03-27T14:07:46.421+0900][50.554s][info][gc,heap     ] GC(946) Survivor regions: 1->1(17)
[2026-03-27T14:07:46.421+0900][50.554s][info][gc,heap     ] GC(946) Old regions: 1->1
[2026-03-27T14:07:46.421+0900][50.554s][info][gc,heap     ] GC(946) Archive regions: 0->0
[2026-03-27T14:07:46.421+0900][50.554s][info][gc,heap     ] GC(946) Humongous regions: 323->322
[2026-03-27T14:07:46.421+0900][50.554s][info][gc,metaspace] GC(946) Metaspace: 166K(384K)->166K(384K) NonClass: 157K(256K)->157K(256K) Class: 9K(128K)->9K(128K)
[2026-03-27T14:07:46.421+0900][50.554s][info][gc          ] GC(946) Pause Young (Concurrent Start) (G1 Humongous Allocation) 324M->322M(512M) 2.796ms
[2026-03-27T14:07:46.421+0900][50.554s][info][gc,cpu      ] GC(946) User=0.00s Sys=0.00s Real=0.00s
[2026-03-27T14:07:46.421+0900][50.554s][info][gc          ] GC(947) Concurrent Mark Cycle
[2026-03-27T14:07:46.421+0900][50.555s][info][gc,marking  ] GC(947) Concurrent Clear Claimed Marks
[2026-03-27T14:07:46.421+0900][50.555s][info][gc,marking  ] GC(947) Concurrent Clear Claimed Marks 0.041ms
[2026-03-27T14:07:46.421+0900][50.555s][info][gc,marking  ] GC(947) Concurrent Scan Root Regions
[2026-03-27T14:07:46.421+0900][50.555s][info][gc,marking  ] GC(947) Concurrent Scan Root Regions 0.248ms
[2026-03-27T14:07:46.421+0900][50.555s][info][gc,marking  ] GC(947) Concurrent Mark
[2026-03-27T14:07:46.421+0900][50.555s][info][gc,marking  ] GC(947) Concurrent Mark From Roots
[2026-03-27T14:07:46.421+0900][50.555s][info][gc,task     ] GC(947) Using 2 workers of 2 for marking
[2026-03-27T14:07:46.421+0900][50.557s][info][gc,marking  ] GC(947) Concurrent Mark From Roots 2.027ms
[2026-03-27T14:07:46.421+0900][50.557s][info][gc,marking  ] GC(947) Concurrent Preclean
[2026-03-27T14:07:46.421+0900][50.557s][info][gc,marking  ] GC(947) Concurrent Preclean 0.038ms
[2026-03-27T14:07:46.421+0900][50.558s][info][gc,start    ] GC(947) Pause Remark
[2026-03-27T14:07:46.421+0900][50.559s][info][gc          ] GC(947) Pause Remark 323M->323M(512M) 1.371ms
[2026-03-27T14:07:46.421+0900][50.559s][info][gc,cpu      ] GC(947) User=0.00s Sys=0.00s Real=0.00s
[2026-03-27T14:07:46.421+0900][50.559s][info][gc,marking  ] GC(947) Concurrent Mark 4.257ms
[2026-03-27T14:07:46.421+0900][50.559s][info][gc,marking  ] GC(947) Concurrent Rebuild Remembered Sets
[2026-03-27T14:07:46.421+0900][50.560s][info][gc,marking  ] GC(947) Concurrent Rebuild Remembered Sets 0.929ms
[2026-03-27T14:07:46.421+0900][50.561s][info][gc,start    ] GC(947) Pause Cleanup
[2026-03-27T14:07:46.421+0900][50.561s][info][gc          ] GC(947) Pause Cleanup 323M->323M(512M) 0.324ms
[2026-03-27T14:07:46.421+0900][50.561s][info][gc,cpu      ] GC(947) User=0.00s Sys=0.00s Real=0.00s
[2026-03-27T14:07:46.421+0900][50.561s][info][gc,marking  ] GC(947) Concurrent Cleanup for Next Mark
[2026-03-27T14:07:46.421+0900][50.562s][info][gc,marking  ] GC(947) Concurrent Cleanup for Next Mark 0.560ms
[2026-03-27T14:07:46.421+0900][50.562s][info][gc          ] GC(947) Concurrent Mark Cycle 7.512ms
[2026-03-27T14:07:46.474+0900][50.605s][info][gc,start    ] GC(948) Pause Young (Concurrent Start) (G1 Humongous Allocation)
[2026-03-27T14:07:46.474+0900][50.605s][info][gc,task     ] GC(948) Using 8 workers of 8 for evacuation
[2026-03-27T14:07:46.474+0900][50.606s][info][gc,phases   ] GC(948)   Pre Evacuate Collection Set: 0.3ms
[2026-03-27T14:07:46.474+0900][50.606s][info][gc,phases   ] GC(948)   Merge Heap Roots: 0.2ms
[2026-03-27T14:07:46.474+0900][50.606s][info][gc,phases   ] GC(948)   Evacuate Collection Set: 0.2ms
[2026-03-27T14:07:46.474+0900][50.606s][info][gc,phases   ] GC(948)   Post Evacuate Collection Set: 0.6ms
[2026-03-27T14:07:46.474+0900][50.606s][info][gc,phases   ] GC(948)   Other: 0.2ms
[2026-03-27T14:07:46.474+0900][50.607s][info][gc,heap     ] GC(948) Eden regions: 1->0(135)
[2026-03-27T14:07:46.474+0900][50.607s][info][gc,heap     ] GC(948) Survivor regions: 1->1(17)
[2026-03-27T14:07:46.474+0900][50.607s][info][gc,heap     ] GC(948) Old regions: 1->1
[2026-03-27T14:07:46.474+0900][50.607s][info][gc,heap     ] GC(948) Archive regions: 0->0
[2026-03-27T14:07:46.474+0900][50.607s][info][gc,heap     ] GC(948) Humongous regions: 323->322
[2026-03-27T14:07:46.474+0900][50.607s][info][gc,metaspace] GC(948) Metaspace: 166K(384K)->166K(384K) NonClass: 157K(256K)->157K(256K) Class: 9K(128K)->9K(128K)
[2026-03-27T14:07:46.474+0900][50.607s][info][gc          ] GC(948) Pause Young (Concurrent Start) (G1 Humongous Allocation) 324M->322M(512M) 1.913ms
[2026-03-27T14:07:46.474+0900][50.607s][info][gc,cpu      ] GC(948) User=0.00s Sys=0.00s Real=0.00s
[2026-03-27T14:07:46.474+0900][50.607s][info][gc          ] GC(949) Concurrent Mark Cycle
[2026-03-27T14:07:46.474+0900][50.607s][info][gc,marking  ] GC(949) Concurrent Clear Claimed Marks
[2026-03-27T14:07:46.474+0900][50.607s][info][gc,marking  ] GC(949) Concurrent Clear Claimed Marks 0.027ms
[2026-03-27T14:07:46.474+0900][50.607s][info][gc,marking  ] GC(949) Concurrent Scan Root Regions
[2026-03-27T14:07:46.474+0900][50.607s][info][gc,marking  ] GC(949) Concurrent Scan Root Regions 0.157ms
[2026-03-27T14:07:46.474+0900][50.607s][info][gc,marking  ] GC(949) Concurrent Mark
[2026-03-27T14:07:46.474+0900][50.607s][info][gc,marking  ] GC(949) Concurrent Mark From Roots
[2026-03-27T14:07:46.474+0900][50.607s][info][gc,task     ] GC(949) Using 2 workers of 2 for marking
[2026-03-27T14:07:46.474+0900][50.608s][info][gc,marking  ] GC(949) Concurrent Mark From Roots 1.174ms
[2026-03-27T14:07:46.474+0900][50.608s][info][gc,marking  ] GC(949) Concurrent Preclean
[2026-03-27T14:07:46.474+0900][50.608s][info][gc,marking  ] GC(949) Concurrent Preclean 0.024ms
[2026-03-27T14:07:46.474+0900][50.609s][info][gc,start    ] GC(949) Pause Remark
[2026-03-27T14:07:46.474+0900][50.610s][info][gc          ] GC(949) Pause Remark 323M->323M(512M) 0.930ms
[2026-03-27T14:07:46.474+0900][50.610s][info][gc,cpu      ] GC(949) User=0.00s Sys=0.00s Real=0.00s
[2026-03-27T14:07:46.474+0900][50.610s][info][gc,marking  ] GC(949) Concurrent Mark 2.602ms
[2026-03-27T14:07:46.474+0900][50.610s][info][gc,marking  ] GC(949) Concurrent Rebuild Remembered Sets
[2026-03-27T14:07:46.474+0900][50.610s][info][gc,marking  ] GC(949) Concurrent Rebuild Remembered Sets 0.584ms
[2026-03-27T14:07:46.474+0900][50.611s][info][gc,start    ] GC(949) Pause Cleanup
[2026-03-27T14:07:46.474+0900][50.611s][info][gc          ] GC(949) Pause Cleanup 323M->323M(512M) 0.204ms
[2026-03-27T14:07:46.474+0900][50.611s][info][gc,cpu      ] GC(949) User=0.00s Sys=0.00s Real=0.00s
[2026-03-27T14:07:46.474+0900][50.611s][info][gc,marking  ] GC(949) Concurrent Cleanup for Next Mark
[2026-03-27T14:07:46.474+0900][50.611s][info][gc,marking  ] GC(949) Concurrent Cleanup for Next Mark 0.383ms
[2026-03-27T14:07:46.474+0900][50.611s][info][gc          ] GC(949) Concurrent Mark Cycle 4.707ms
[2026-03-27T14:07:46.538+0900][50.668s][info][gc,start    ] GC(950) Pause Young (Concurrent Start) (G1 Humongous Allocation)
[2026-03-27T14:07:46.538+0900][50.668s][info][gc,task     ] GC(950) Using 8 workers of 8 for evacuation
[2026-03-27T14:07:46.538+0900][50.669s][info][gc,phases   ] GC(950)   Pre Evacuate Collection Set: 0.1ms
[2026-03-27T14:07:46.538+0900][50.669s][info][gc,phases   ] GC(950)   Merge Heap Roots: 0.2ms
[2026-03-27T14:07:46.538+0900][50.669s][info][gc,phases   ] GC(950)   Evacuate Collection Set: 0.1ms
[2026-03-27T14:07:46.538+0900][50.669s][info][gc,phases   ] GC(950)   Post Evacuate Collection Set: 0.3ms
[2026-03-27T14:07:46.538+0900][50.669s][info][gc,phases   ] GC(950)   Other: 0.1ms
[2026-03-27T14:07:46.538+0900][50.669s][info][gc,heap     ] GC(950) Eden regions: 1->0(135)
[2026-03-27T14:07:46.538+0900][50.669s][info][gc,heap     ] GC(950) Survivor regions: 1->1(17)
[2026-03-27T14:07:46.538+0900][50.669s][info][gc,heap     ] GC(950) Old regions: 1->1
[2026-03-27T14:07:46.538+0900][50.669s][info][gc,heap     ] GC(950) Archive regions: 0->0
[2026-03-27T14:07:46.538+0900][50.669s][info][gc,heap     ] GC(950) Humongous regions: 323->322
[2026-03-27T14:07:46.538+0900][50.669s][info][gc,metaspace] GC(950) Metaspace: 166K(384K)->166K(384K) NonClass: 157K(256K)->157K(256K) Class: 9K(128K)->9K(128K)
[2026-03-27T14:07:46.538+0900][50.669s][info][gc          ] GC(950) Pause Young (Concurrent Start) (G1 Humongous Allocation) 324M->322M(512M) 1.081ms
[2026-03-27T14:07:46.538+0900][50.669s][info][gc,cpu      ] GC(950) User=0.00s Sys=0.00s Real=0.00s
[2026-03-27T14:07:46.538+0900][50.669s][info][gc          ] GC(951) Concurrent Mark Cycle
[2026-03-27T14:07:46.538+0900][50.669s][info][gc,marking  ] GC(951) Concurrent Clear Claimed Marks
[2026-03-27T14:07:46.538+0900][50.669s][info][gc,marking  ] GC(951) Concurrent Clear Claimed Marks 0.013ms
[2026-03-27T14:07:46.538+0900][50.669s][info][gc,marking  ] GC(951) Concurrent Scan Root Regions
[2026-03-27T14:07:46.538+0900][50.669s][info][gc,marking  ] GC(951) Concurrent Scan Root Regions 0.033ms
[2026-03-27T14:07:46.538+0900][50.669s][info][gc,marking  ] GC(951) Concurrent Mark
[2026-03-27T14:07:46.538+0900][50.669s][info][gc,marking  ] GC(951) Concurrent Mark From Roots
[2026-03-27T14:07:46.538+0900][50.669s][info][gc,task     ] GC(951) Using 2 workers of 2 for marking
[2026-03-27T14:07:46.538+0900][50.670s][info][gc,marking  ] GC(951) Concurrent Mark From Roots 0.682ms
[2026-03-27T14:07:46.538+0900][50.670s][info][gc,marking  ] GC(951) Concurrent Preclean
[2026-03-27T14:07:46.538+0900][50.670s][info][gc,marking  ] GC(951) Concurrent Preclean 0.012ms
[2026-03-27T14:07:46.538+0900][50.670s][info][gc,start    ] GC(951) Pause Remark
[2026-03-27T14:07:46.538+0900][50.670s][info][gc          ] GC(951) Pause Remark 323M->323M(512M) 0.340ms
[2026-03-27T14:07:46.538+0900][50.670s][info][gc,cpu      ] GC(951) User=0.00s Sys=0.00s Real=0.00s
[2026-03-27T14:07:46.538+0900][50.670s][info][gc,marking  ] GC(951) Concurrent Mark 1.241ms
[2026-03-27T14:07:46.538+0900][50.670s][info][gc,marking  ] GC(951) Concurrent Rebuild Remembered Sets
[2026-03-27T14:07:46.538+0900][50.671s][info][gc,marking  ] GC(951) Concurrent Rebuild Remembered Sets 0.406ms
[2026-03-27T14:07:46.538+0900][50.671s][info][gc,start    ] GC(951) Pause Cleanup
[2026-03-27T14:07:46.538+0900][50.671s][info][gc          ] GC(951) Pause Cleanup 323M->323M(512M) 0.094ms
[2026-03-27T14:07:46.538+0900][50.671s][info][gc,cpu      ] GC(951) User=0.00s Sys=0.00s Real=0.00s
[2026-03-27T14:07:46.538+0900][50.671s][info][gc,marking  ] GC(951) Concurrent Cleanup for Next Mark
[2026-03-27T14:07:46.538+0900][50.671s][info][gc,marking  ] GC(951) Concurrent Cleanup for Next Mark 0.205ms
[2026-03-27T14:07:46.538+0900][50.671s][info][gc          ] GC(951) Concurrent Mark Cycle 2.347ms
[2026-03-27T14:07:46.591+0900][50.721s][info][gc,start    ] GC(952) Pause Young (Concurrent Start) (G1 Humongous Allocation)
[2026-03-27T14:07:46.591+0900][50.721s][info][gc,task     ] GC(952) Using 8 workers of 8 for evacuation
[2026-03-27T14:07:46.591+0900][50.722s][info][gc,phases   ] GC(952)   Pre Evacuate Collection Set: 0.1ms
[2026-03-27T14:07:46.591+0900][50.722s][info][gc,phases   ] GC(952)   Merge Heap Roots: 0.2ms
[2026-03-27T14:07:46.591+0900][50.722s][info][gc,phases   ] GC(952)   Evacuate Collection Set: 0.1ms
[2026-03-27T14:07:46.591+0900][50.722s][info][gc,phases   ] GC(952)   Post Evacuate Collection Set: 0.3ms
[2026-03-27T14:07:46.591+0900][50.722s][info][gc,phases   ] GC(952)   Other: 0.1ms
[2026-03-27T14:07:46.591+0900][50.722s][info][gc,heap     ] GC(952) Eden regions: 1->0(135)
[2026-03-27T14:07:46.591+0900][50.722s][info][gc,heap     ] GC(952) Survivor regions: 1->1(17)
[2026-03-27T14:07:46.591+0900][50.722s][info][gc,heap     ] GC(952) Old regions: 1->1
[2026-03-27T14:07:46.591+0900][50.722s][info][gc,heap     ] GC(952) Archive regions: 0->0
[2026-03-27T14:07:46.591+0900][50.722s][info][gc,heap     ] GC(952) Humongous regions: 323->322
[2026-03-27T14:07:46.591+0900][50.722s][info][gc,metaspace] GC(952) Metaspace: 166K(384K)->166K(384K) NonClass: 157K(256K)->157K(256K) Class: 9K(128K)->9K(128K)
[2026-03-27T14:07:46.591+0900][50.722s][info][gc          ] GC(952) Pause Young (Concurrent Start) (G1 Humongous Allocation) 324M->322M(512M) 1.154ms
[2026-03-27T14:07:46.591+0900][50.722s][info][gc,cpu      ] GC(952) User=0.00s Sys=0.00s Real=0.00s
[2026-03-27T14:07:46.591+0900][50.722s][info][gc          ] GC(953) Concurrent Mark Cycle
[2026-03-27T14:07:46.591+0900][50.722s][info][gc,marking  ] GC(953) Concurrent Clear Claimed Marks
[2026-03-27T14:07:46.591+0900][50.722s][info][gc,marking  ] GC(953) Concurrent Clear Claimed Marks 0.013ms
[2026-03-27T14:07:46.591+0900][50.722s][info][gc,marking  ] GC(953) Concurrent Scan Root Regions
[2026-03-27T14:07:46.591+0900][50.722s][info][gc,marking  ] GC(953) Concurrent Scan Root Regions 0.031ms
[2026-03-27T14:07:46.591+0900][50.722s][info][gc,marking  ] GC(953) Concurrent Mark
[2026-03-27T14:07:46.591+0900][50.722s][info][gc,marking  ] GC(953) Concurrent Mark From Roots
[2026-03-27T14:07:46.591+0900][50.722s][info][gc,task     ] GC(953) Using 2 workers of 2 for marking
[2026-03-27T14:07:46.591+0900][50.723s][info][gc,marking  ] GC(953) Concurrent Mark From Roots 0.691ms
[2026-03-27T14:07:46.591+0900][50.723s][info][gc,marking  ] GC(953) Concurrent Preclean
[2026-03-27T14:07:46.591+0900][50.723s][info][gc,marking  ] GC(953) Concurrent Preclean 0.012ms
[2026-03-27T14:07:46.591+0900][50.723s][info][gc,start    ] GC(953) Pause Remark
[2026-03-27T14:07:46.591+0900][50.724s][info][gc          ] GC(953) Pause Remark 325M->325M(512M) 0.407ms
[2026-03-27T14:07:46.591+0900][50.724s][info][gc,cpu      ] GC(953) User=0.00s Sys=0.00s Real=0.00s
[2026-03-27T14:07:46.591+0900][50.724s][info][gc,marking  ] GC(953) Concurrent Mark 1.269ms
[2026-03-27T14:07:46.591+0900][50.724s][info][gc,marking  ] GC(953) Concurrent Rebuild Remembered Sets
[2026-03-27T14:07:46.591+0900][50.724s][info][gc,marking  ] GC(953) Concurrent Rebuild Remembered Sets 0.387ms
[2026-03-27T14:07:46.591+0900][50.724s][info][gc,start    ] GC(953) Pause Cleanup
[2026-03-27T14:07:46.591+0900][50.724s][info][gc          ] GC(953) Pause Cleanup 325M->325M(512M) 0.055ms
[2026-03-27T14:07:46.591+0900][50.724s][info][gc,cpu      ] GC(953) User=0.00s Sys=0.00s Real=0.00s
[2026-03-27T14:07:46.591+0900][50.724s][info][gc,marking  ] GC(953) Concurrent Cleanup for Next Mark
[2026-03-27T14:07:46.591+0900][50.725s][info][gc,marking  ] GC(953) Concurrent Cleanup for Next Mark 0.178ms
[2026-03-27T14:07:46.591+0900][50.725s][info][gc          ] GC(953) Concurrent Mark Cycle 2.265ms
[2026-03-27T14:07:46.654+0900][50.784s][info][gc,start    ] GC(954) Pause Young (Concurrent Start) (G1 Humongous Allocation)
[2026-03-27T14:07:46.654+0900][50.785s][info][gc,task     ] GC(954) Using 8 workers of 8 for evacuation
[2026-03-27T14:07:46.654+0900][50.786s][info][gc,phases   ] GC(954)   Pre Evacuate Collection Set: 0.1ms
[2026-03-27T14:07:46.654+0900][50.786s][info][gc,phases   ] GC(954)   Merge Heap Roots: 0.2ms
[2026-03-27T14:07:46.654+0900][50.786s][info][gc,phases   ] GC(954)   Evacuate Collection Set: 0.4ms
[2026-03-27T14:07:46.654+0900][50.786s][info][gc,phases   ] GC(954)   Post Evacuate Collection Set: 0.2ms
[2026-03-27T14:07:46.654+0900][50.786s][info][gc,phases   ] GC(954)   Other: 0.1ms
[2026-03-27T14:07:46.654+0900][50.786s][info][gc,heap     ] GC(954) Eden regions: 1->0(133)
[2026-03-27T14:07:46.654+0900][50.786s][info][gc,heap     ] GC(954) Survivor regions: 1->1(17)
[2026-03-27T14:07:46.654+0900][50.786s][info][gc,heap     ] GC(954) Old regions: 1->1
[2026-03-27T14:07:46.654+0900][50.786s][info][gc,heap     ] GC(954) Archive regions: 0->0
[2026-03-27T14:07:46.654+0900][50.786s][info][gc,heap     ] GC(954) Humongous regions: 325->324
[2026-03-27T14:07:46.654+0900][50.786s][info][gc,metaspace] GC(954) Metaspace: 166K(384K)->166K(384K) NonClass: 157K(256K)->157K(256K) Class: 9K(128K)->9K(128K)
[2026-03-27T14:07:46.654+0900][50.786s][info][gc          ] GC(954) Pause Young (Concurrent Start) (G1 Humongous Allocation) 326M->324M(512M) 1.304ms
[2026-03-27T14:07:46.654+0900][50.786s][info][gc,cpu      ] GC(954) User=0.00s Sys=0.00s Real=0.00s
[2026-03-27T14:07:46.654+0900][50.786s][info][gc          ] GC(955) Concurrent Mark Cycle
[2026-03-27T14:07:46.654+0900][50.786s][info][gc,marking  ] GC(955) Concurrent Clear Claimed Marks
[2026-03-27T14:07:46.654+0900][50.786s][info][gc,marking  ] GC(955) Concurrent Clear Claimed Marks 0.041ms
[2026-03-27T14:07:46.654+0900][50.786s][info][gc,marking  ] GC(955) Concurrent Scan Root Regions
[2026-03-27T14:07:46.654+0900][50.786s][info][gc,marking  ] GC(955) Concurrent Scan Root Regions 0.053ms
[2026-03-27T14:07:46.654+0900][50.786s][info][gc,marking  ] GC(955) Concurrent Mark
[2026-03-27T14:07:46.654+0900][50.786s][info][gc,marking  ] GC(955) Concurrent Mark From Roots
[2026-03-27T14:07:46.654+0900][50.786s][info][gc,task     ] GC(955) Using 2 workers of 2 for marking
[2026-03-27T14:07:46.654+0900][50.787s][info][gc,marking  ] GC(955) Concurrent Mark From Roots 0.827ms
[2026-03-27T14:07:46.654+0900][50.787s][info][gc,marking  ] GC(955) Concurrent Preclean
[2026-03-27T14:07:46.654+0900][50.787s][info][gc,marking  ] GC(955) Concurrent Preclean 0.014ms
[2026-03-27T14:07:46.654+0900][50.787s][info][gc,start    ] GC(955) Pause Remark
[2026-03-27T14:07:46.654+0900][50.787s][info][gc          ] GC(955) Pause Remark 325M->325M(512M) 0.258ms
[2026-03-27T14:07:46.654+0900][50.787s][info][gc,cpu      ] GC(955) User=0.00s Sys=0.00s Real=0.00s
[2026-03-27T14:07:46.654+0900][50.787s][info][gc,marking  ] GC(955) Concurrent Mark 1.315ms
[2026-03-27T14:07:46.654+0900][50.787s][info][gc,marking  ] GC(955) Concurrent Rebuild Remembered Sets
[2026-03-27T14:07:46.654+0900][50.788s][info][gc,marking  ] GC(955) Concurrent Rebuild Remembered Sets 0.404ms
[2026-03-27T14:07:46.654+0900][50.788s][info][gc,start    ] GC(955) Pause Cleanup
[2026-03-27T14:07:46.654+0900][50.788s][info][gc          ] GC(955) Pause Cleanup 325M->325M(512M) 0.114ms
[2026-03-27T14:07:46.654+0900][50.788s][info][gc,cpu      ] GC(955) User=0.00s Sys=0.00s Real=0.00s
[2026-03-27T14:07:46.654+0900][50.788s][info][gc,marking  ] GC(955) Concurrent Cleanup for Next Mark
[2026-03-27T14:07:46.654+0900][50.788s][info][gc,marking  ] GC(955) Concurrent Cleanup for Next Mark 0.222ms
[2026-03-27T14:07:46.654+0900][50.788s][info][gc          ] GC(955) Concurrent Mark Cycle 2.469ms
[2026-03-27T14:07:46.718+0900][50.848s][info][gc,start    ] GC(956) Pause Young (Concurrent Start) (G1 Humongous Allocation)
[2026-03-27T14:07:46.718+0900][50.848s][info][gc,task     ] GC(956) Using 8 workers of 8 for evacuation
[2026-03-27T14:07:46.718+0900][50.849s][info][gc,phases   ] GC(956)   Pre Evacuate Collection Set: 0.1ms
[2026-03-27T14:07:46.718+0900][50.849s][info][gc,phases   ] GC(956)   Merge Heap Roots: 0.1ms
[2026-03-27T14:07:46.718+0900][50.849s][info][gc,phases   ] GC(956)   Evacuate Collection Set: 0.2ms
[2026-03-27T14:07:46.718+0900][50.849s][info][gc,phases   ] GC(956)   Post Evacuate Collection Set: 0.3ms
[2026-03-27T14:07:46.718+0900][50.849s][info][gc,phases   ] GC(956)   Other: 0.1ms
[2026-03-27T14:07:46.718+0900][50.849s][info][gc,heap     ] GC(956) Eden regions: 1->0(133)
[2026-03-27T14:07:46.718+0900][50.849s][info][gc,heap     ] GC(956) Survivor regions: 1->1(17)
[2026-03-27T14:07:46.718+0900][50.849s][info][gc,heap     ] GC(956) Old regions: 1->1
[2026-03-27T14:07:46.718+0900][50.849s][info][gc,heap     ] GC(956) Archive regions: 0->0
[2026-03-27T14:07:46.718+0900][50.849s][info][gc,heap     ] GC(956) Humongous regions: 325->324
[2026-03-27T14:07:46.718+0900][50.849s][info][gc,metaspace] GC(956) Metaspace: 166K(384K)->166K(384K) NonClass: 157K(256K)->157K(256K) Class: 9K(128K)->9K(128K)
[2026-03-27T14:07:46.718+0900][50.849s][info][gc          ] GC(956) Pause Young (Concurrent Start) (G1 Humongous Allocation) 326M->324M(512M) 1.215ms
[2026-03-27T14:07:46.718+0900][50.849s][info][gc,cpu      ] GC(956) User=0.00s Sys=0.00s Real=0.00s
[2026-03-27T14:07:46.718+0900][50.849s][info][gc          ] GC(957) Concurrent Mark Cycle
[2026-03-27T14:07:46.718+0900][50.849s][info][gc,marking  ] GC(957) Concurrent Clear Claimed Marks
[2026-03-27T14:07:46.718+0900][50.849s][info][gc,marking  ] GC(957) Concurrent Clear Claimed Marks 0.014ms
[2026-03-27T14:07:46.718+0900][50.849s][info][gc,marking  ] GC(957) Concurrent Scan Root Regions
[2026-03-27T14:07:46.718+0900][50.849s][info][gc,marking  ] GC(957) Concurrent Scan Root Regions 0.035ms
[2026-03-27T14:07:46.718+0900][50.849s][info][gc,marking  ] GC(957) Concurrent Mark
[2026-03-27T14:07:46.718+0900][50.849s][info][gc,marking  ] GC(957) Concurrent Mark From Roots
[2026-03-27T14:07:46.718+0900][50.849s][info][gc,task     ] GC(957) Using 2 workers of 2 for marking
[2026-03-27T14:07:46.718+0900][50.850s][info][gc,marking  ] GC(957) Concurrent Mark From Roots 0.696ms
[2026-03-27T14:07:46.718+0900][50.850s][info][gc,marking  ] GC(957) Concurrent Preclean
[2026-03-27T14:07:46.718+0900][50.850s][info][gc,marking  ] GC(957) Concurrent Preclean 0.013ms
[2026-03-27T14:07:46.718+0900][50.850s][info][gc,start    ] GC(957) Pause Remark
[2026-03-27T14:07:46.718+0900][50.851s][info][gc          ] GC(957) Pause Remark 325M->325M(512M) 0.544ms
[2026-03-27T14:07:46.718+0900][50.851s][info][gc,cpu      ] GC(957) User=0.00s Sys=0.00s Real=0.00s
[2026-03-27T14:07:46.718+0900][50.851s][info][gc,marking  ] GC(957) Concurrent Mark 1.541ms
[2026-03-27T14:07:46.718+0900][50.851s][info][gc,marking  ] GC(957) Concurrent Rebuild Remembered Sets
[2026-03-27T14:07:46.718+0900][50.851s][info][gc,marking  ] GC(957) Concurrent Rebuild Remembered Sets 0.355ms
[2026-03-27T14:07:46.718+0900][50.852s][info][gc,start    ] GC(957) Pause Cleanup
[2026-03-27T14:07:46.718+0900][50.852s][info][gc          ] GC(957) Pause Cleanup 325M->325M(512M) 0.048ms
[2026-03-27T14:07:46.718+0900][50.852s][info][gc,cpu      ] GC(957) User=0.00s Sys=0.00s Real=0.00s
[2026-03-27T14:07:46.718+0900][50.852s][info][gc,marking  ] GC(957) Concurrent Cleanup for Next Mark
[2026-03-27T14:07:46.718+0900][50.852s][info][gc,marking  ] GC(957) Concurrent Cleanup for Next Mark 0.176ms
[2026-03-27T14:07:46.718+0900][50.852s][info][gc          ] GC(957) Concurrent Mark Cycle 2.634ms
[2026-03-27T14:07:46.782+0900][50.912s][info][gc,start    ] GC(958) Pause Young (Concurrent Start) (G1 Humongous Allocation)
[2026-03-27T14:07:46.782+0900][50.912s][info][gc,task     ] GC(958) Using 8 workers of 8 for evacuation
[2026-03-27T14:07:46.783+0900][50.914s][info][gc,phases   ] GC(958)   Pre Evacuate Collection Set: 0.3ms
[2026-03-27T14:07:46.783+0900][50.914s][info][gc,phases   ] GC(958)   Merge Heap Roots: 0.3ms
[2026-03-27T14:07:46.783+0900][50.914s][info][gc,phases   ] GC(958)   Evacuate Collection Set: 0.2ms
[2026-03-27T14:07:46.783+0900][50.915s][info][gc,phases   ] GC(958)   Post Evacuate Collection Set: 0.7ms
[2026-03-27T14:07:46.783+0900][50.915s][info][gc,phases   ] GC(958)   Other: 0.2ms
[2026-03-27T14:07:46.783+0900][50.915s][info][gc,heap     ] GC(958) Eden regions: 1->0(133)
[2026-03-27T14:07:46.783+0900][50.915s][info][gc,heap     ] GC(958) Survivor regions: 1->1(17)
[2026-03-27T14:07:46.783+0900][50.915s][info][gc,heap     ] GC(958) Old regions: 1->1
[2026-03-27T14:07:46.783+0900][50.915s][info][gc,heap     ] GC(958) Archive regions: 0->0
[2026-03-27T14:07:46.783+0900][50.915s][info][gc,heap     ] GC(958) Humongous regions: 325->324
[2026-03-27T14:07:46.783+0900][50.915s][info][gc,metaspace] GC(958) Metaspace: 166K(384K)->166K(384K) NonClass: 157K(256K)->157K(256K) Class: 9K(128K)->9K(128K)
[2026-03-27T14:07:46.783+0900][50.915s][info][gc          ] GC(958) Pause Young (Concurrent Start) (G1 Humongous Allocation) 326M->324M(512M) 2.804ms
[2026-03-27T14:07:46.783+0900][50.915s][info][gc,cpu      ] GC(958) User=0.00s Sys=0.00s Real=0.00s
[2026-03-27T14:07:46.783+0900][50.915s][info][gc          ] GC(959) Concurrent Mark Cycle
[2026-03-27T14:07:46.783+0900][50.915s][info][gc,marking  ] GC(959) Concurrent Clear Claimed Marks
[2026-03-27T14:07:46.783+0900][50.915s][info][gc,marking  ] GC(959) Concurrent Clear Claimed Marks 0.041ms
[2026-03-27T14:07:46.783+0900][50.915s][info][gc,marking  ] GC(959) Concurrent Scan Root Regions
[2026-03-27T14:07:46.783+0900][50.916s][info][gc,marking  ] GC(959) Concurrent Scan Root Regions 0.214ms
[2026-03-27T14:07:46.783+0900][50.916s][info][gc,marking  ] GC(959) Concurrent Mark
[2026-03-27T14:07:46.783+0900][50.916s][info][gc,marking  ] GC(959) Concurrent Mark From Roots
[2026-03-27T14:07:46.783+0900][50.916s][info][gc,task     ] GC(959) Using 2 workers of 2 for marking
[2026-03-27T14:07:46.783+0900][50.918s][info][gc,marking  ] GC(959) Concurrent Mark From Roots 2.044ms
[2026-03-27T14:07:46.783+0900][50.918s][info][gc,marking  ] GC(959) Concurrent Preclean
[2026-03-27T14:07:46.783+0900][50.918s][info][gc,marking  ] GC(959) Concurrent Preclean 0.046ms
[2026-03-27T14:07:46.783+0900][50.918s][info][gc,start    ] GC(959) Pause Remark
[2026-03-27T14:07:46.783+0900][50.920s][info][gc          ] GC(959) Pause Remark 325M->325M(512M) 1.296ms
[2026-03-27T14:07:46.783+0900][50.920s][info][gc,cpu      ] GC(959) User=0.00s Sys=0.00s Real=0.00s
[2026-03-27T14:07:46.783+0900][50.920s][info][gc,marking  ] GC(959) Concurrent Mark 4.228ms
[2026-03-27T14:07:46.783+0900][50.920s][info][gc,marking  ] GC(959) Concurrent Rebuild Remembered Sets
[2026-03-27T14:07:46.783+0900][50.921s][info][gc,marking  ] GC(959) Concurrent Rebuild Remembered Sets 0.933ms
[2026-03-27T14:07:46.783+0900][50.921s][info][gc,start    ] GC(959) Pause Cleanup
[2026-03-27T14:07:46.783+0900][50.922s][info][gc          ] GC(959) Pause Cleanup 325M->325M(512M) 0.319ms
[2026-03-27T14:07:46.783+0900][50.922s][info][gc,cpu      ] GC(959) User=0.00s Sys=0.00s Real=0.00s
[2026-03-27T14:07:46.783+0900][50.922s][info][gc,marking  ] GC(959) Concurrent Cleanup for Next Mark
[2026-03-27T14:07:46.783+0900][50.922s][info][gc,marking  ] GC(959) Concurrent Cleanup for Next Mark 0.601ms
[2026-03-27T14:07:46.783+0900][50.923s][info][gc          ] GC(959) Concurrent Mark Cycle 7.413ms
[2026-03-27T14:07:46.846+0900][50.977s][info][gc,start    ] GC(960) Pause Young (Concurrent Start) (G1 Humongous Allocation)
[2026-03-27T14:07:46.846+0900][50.977s][info][gc,task     ] GC(960) Using 8 workers of 8 for evacuation
[2026-03-27T14:07:46.846+0900][50.979s][info][gc,phases   ] GC(960)   Pre Evacuate Collection Set: 0.3ms
[2026-03-27T14:07:46.846+0900][50.979s][info][gc,phases   ] GC(960)   Merge Heap Roots: 0.3ms
[2026-03-27T14:07:46.846+0900][50.979s][info][gc,phases   ] GC(960)   Evacuate Collection Set: 0.3ms
[2026-03-27T14:07:46.846+0900][50.979s][info][gc,phases   ] GC(960)   Post Evacuate Collection Set: 0.9ms
[2026-03-27T14:07:46.846+0900][50.979s][info][gc,phases   ] GC(960)   Other: 0.2ms
[2026-03-27T14:07:46.846+0900][50.979s][info][gc,heap     ] GC(960) Eden regions: 1->0(133)
[2026-03-27T14:07:46.846+0900][50.979s][info][gc,heap     ] GC(960) Survivor regions: 1->1(17)
[2026-03-27T14:07:46.846+0900][50.979s][info][gc,heap     ] GC(960) Old regions: 1->1
[2026-03-27T14:07:46.846+0900][50.979s][info][gc,heap     ] GC(960) Archive regions: 0->0
[2026-03-27T14:07:46.846+0900][50.979s][info][gc,heap     ] GC(960) Humongous regions: 325->324
[2026-03-27T14:07:46.846+0900][50.979s][info][gc,metaspace] GC(960) Metaspace: 166K(384K)->166K(384K) NonClass: 157K(256K)->157K(256K) Class: 9K(128K)->9K(128K)
[2026-03-27T14:07:46.846+0900][50.979s][info][gc          ] GC(960) Pause Young (Concurrent Start) (G1 Humongous Allocation) 326M->324M(512M) 2.693ms
[2026-03-27T14:07:46.846+0900][50.979s][info][gc,cpu      ] GC(960) User=0.06s Sys=0.02s Real=0.00s
[2026-03-27T14:07:46.846+0900][50.979s][info][gc          ] GC(961) Concurrent Mark Cycle
[2026-03-27T14:07:46.846+0900][50.980s][info][gc,marking  ] GC(961) Concurrent Clear Claimed Marks
[2026-03-27T14:07:46.846+0900][50.980s][info][gc,marking  ] GC(961) Concurrent Clear Claimed Marks 0.041ms
[2026-03-27T14:07:46.846+0900][50.980s][info][gc,marking  ] GC(961) Concurrent Scan Root Regions
[2026-03-27T14:07:46.846+0900][50.980s][info][gc,marking  ] GC(961) Concurrent Scan Root Regions 0.116ms
[2026-03-27T14:07:46.846+0900][50.980s][info][gc,marking  ] GC(961) Concurrent Mark
[2026-03-27T14:07:46.846+0900][50.980s][info][gc,marking  ] GC(961) Concurrent Mark From Roots
[2026-03-27T14:07:46.846+0900][50.980s][info][gc,task     ] GC(961) Using 2 workers of 2 for marking
[2026-03-27T14:07:46.846+0900][50.982s][info][gc,marking  ] GC(961) Concurrent Mark From Roots 1.925ms
[2026-03-27T14:07:46.846+0900][50.982s][info][gc,marking  ] GC(961) Concurrent Preclean
[2026-03-27T14:07:46.846+0900][50.982s][info][gc,marking  ] GC(961) Concurrent Preclean 0.044ms
[2026-03-27T14:07:46.846+0900][50.982s][info][gc,start    ] GC(961) Pause Remark
[2026-03-27T14:07:46.846+0900][50.984s][info][gc          ] GC(961) Pause Remark 325M->325M(512M) 1.295ms
[2026-03-27T14:07:46.846+0900][50.984s][info][gc,cpu      ] GC(961) User=0.00s Sys=0.00s Real=0.00s
[2026-03-27T14:07:46.846+0900][50.984s][info][gc,marking  ] GC(961) Concurrent Mark 4.048ms
[2026-03-27T14:07:46.846+0900][50.984s][info][gc,marking  ] GC(961) Concurrent Rebuild Remembered Sets
[2026-03-27T14:07:46.846+0900][50.985s][info][gc,marking  ] GC(961) Concurrent Rebuild Remembered Sets 1.143ms
[2026-03-27T14:07:46.846+0900][50.986s][info][gc,start    ] GC(961) Pause Cleanup
[2026-03-27T14:07:46.846+0900][50.986s][info][gc          ] GC(961) Pause Cleanup 325M->325M(512M) 0.378ms
[2026-03-27T14:07:46.846+0900][50.986s][info][gc,cpu      ] GC(961) User=0.00s Sys=0.00s Real=0.00s
[2026-03-27T14:07:46.846+0900][50.986s][info][gc,marking  ] GC(961) Concurrent Cleanup for Next Mark
[2026-03-27T14:07:46.846+0900][50.987s][info][gc,marking  ] GC(961) Concurrent Cleanup for Next Mark 0.720ms
[2026-03-27T14:07:46.846+0900][50.987s][info][gc          ] GC(961) Concurrent Mark Cycle 7.610ms
[2026-03-27T14:07:46.910+0900][51.040s][info][gc,start    ] GC(962) Pause Young (Concurrent Start) (G1 Humongous Allocation)
[2026-03-27T14:07:46.910+0900][51.040s][info][gc,task     ] GC(962) Using 8 workers of 8 for evacuation
[2026-03-27T14:07:46.910+0900][51.041s][info][gc,phases   ] GC(962)   Pre Evacuate Collection Set: 0.1ms
[2026-03-27T14:07:46.910+0900][51.041s][info][gc,phases   ] GC(962)   Merge Heap Roots: 0.3ms
[2026-03-27T14:07:46.910+0900][51.041s][info][gc,phases   ] GC(962)   Evacuate Collection Set: 0.1ms
[2026-03-27T14:07:46.910+0900][51.041s][info][gc,phases   ] GC(962)   Post Evacuate Collection Set: 0.4ms
[2026-03-27T14:07:46.910+0900][51.041s][info][gc,phases   ] GC(962)   Other: 0.1ms
[2026-03-27T14:07:46.910+0900][51.041s][info][gc,heap     ] GC(962) Eden regions: 1->0(133)
[2026-03-27T14:07:46.910+0900][51.041s][info][gc,heap     ] GC(962) Survivor regions: 1->1(17)
[2026-03-27T14:07:46.910+0900][51.041s][info][gc,heap     ] GC(962) Old regions: 1->1
[2026-03-27T14:07:46.910+0900][51.041s][info][gc,heap     ] GC(962) Archive regions: 0->0
[2026-03-27T14:07:46.910+0900][51.041s][info][gc,heap     ] GC(962) Humongous regions: 325->324
[2026-03-27T14:07:46.910+0900][51.042s][info][gc,metaspace] GC(962) Metaspace: 166K(384K)->166K(384K) NonClass: 157K(256K)->157K(256K) Class: 9K(128K)->9K(128K)
[2026-03-27T14:07:46.910+0900][51.042s][info][gc          ] GC(962) Pause Young (Concurrent Start) (G1 Humongous Allocation) 326M->324M(512M) 1.262ms
[2026-03-27T14:07:46.910+0900][51.042s][info][gc,cpu      ] GC(962) User=0.00s Sys=0.00s Real=0.00s
[2026-03-27T14:07:46.910+0900][51.042s][info][gc          ] GC(963) Concurrent Mark Cycle
[2026-03-27T14:07:46.910+0900][51.042s][info][gc,marking  ] GC(963) Concurrent Clear Claimed Marks
[2026-03-27T14:07:46.910+0900][51.042s][info][gc,marking  ] GC(963) Concurrent Clear Claimed Marks 0.022ms
[2026-03-27T14:07:46.910+0900][51.042s][info][gc,marking  ] GC(963) Concurrent Scan Root Regions
[2026-03-27T14:07:46.910+0900][51.042s][info][gc,marking  ] GC(963) Concurrent Scan Root Regions 0.091ms
[2026-03-27T14:07:46.910+0900][51.042s][info][gc,marking  ] GC(963) Concurrent Mark
[2026-03-27T14:07:46.910+0900][51.042s][info][gc,marking  ] GC(963) Concurrent Mark From Roots
[2026-03-27T14:07:46.910+0900][51.042s][info][gc,task     ] GC(963) Using 2 workers of 2 for marking
[2026-03-27T14:07:46.910+0900][51.044s][info][gc,marking  ] GC(963) Concurrent Mark From Roots 1.669ms
[2026-03-27T14:07:46.910+0900][51.044s][info][gc,marking  ] GC(963) Concurrent Preclean
[2026-03-27T14:07:46.910+0900][51.044s][info][gc,marking  ] GC(963) Concurrent Preclean 0.029ms
[2026-03-27T14:07:46.910+0900][51.044s][info][gc,start    ] GC(963) Pause Remark
[2026-03-27T14:07:46.910+0900][51.045s][info][gc          ] GC(963) Pause Remark 327M->327M(512M) 1.140ms
[2026-03-27T14:07:46.910+0900][51.045s][info][gc,cpu      ] GC(963) User=0.00s Sys=0.00s Real=0.00s
[2026-03-27T14:07:46.910+0900][51.045s][info][gc,marking  ] GC(963) Concurrent Mark 3.357ms
[2026-03-27T14:07:46.910+0900][51.045s][info][gc,marking  ] GC(963) Concurrent Rebuild Remembered Sets
[2026-03-27T14:07:46.910+0900][51.046s][info][gc,marking  ] GC(963) Concurrent Rebuild Remembered Sets 0.477ms
[2026-03-27T14:07:46.910+0900][51.046s][info][gc,start    ] GC(963) Pause Cleanup
[2026-03-27T14:07:46.910+0900][51.046s][info][gc          ] GC(963) Pause Cleanup 327M->327M(512M) 0.187ms
[2026-03-27T14:07:46.910+0900][51.046s][info][gc,cpu      ] GC(963) User=0.00s Sys=0.00s Real=0.00s
[2026-03-27T14:07:46.910+0900][51.046s][info][gc,marking  ] GC(963) Concurrent Cleanup for Next Mark
[2026-03-27T14:07:46.910+0900][51.047s][info][gc,marking  ] GC(963) Concurrent Cleanup for Next Mark 0.369ms
[2026-03-27T14:07:46.910+0900][51.047s][info][gc          ] GC(963) Concurrent Mark Cycle 5.101ms
[2026-03-27T14:07:46.974+0900][51.104s][info][gc,start    ] GC(964) Pause Young (Concurrent Start) (G1 Humongous Allocation)
[2026-03-27T14:07:46.974+0900][51.104s][info][gc,task     ] GC(964) Using 8 workers of 8 for evacuation
[2026-03-27T14:07:46.974+0900][51.105s][info][gc,phases   ] GC(964)   Pre Evacuate Collection Set: 0.2ms
[2026-03-27T14:07:46.974+0900][51.105s][info][gc,phases   ] GC(964)   Merge Heap Roots: 0.2ms
[2026-03-27T14:07:46.974+0900][51.105s][info][gc,phases   ] GC(964)   Evacuate Collection Set: 0.1ms
[2026-03-27T14:07:46.974+0900][51.105s][info][gc,phases   ] GC(964)   Post Evacuate Collection Set: 0.6ms
[2026-03-27T14:07:46.974+0900][51.105s][info][gc,phases   ] GC(964)   Other: 0.1ms
[2026-03-27T14:07:46.974+0900][51.106s][info][gc,heap     ] GC(964) Eden regions: 1->0(131)
[2026-03-27T14:07:46.974+0900][51.106s][info][gc,heap     ] GC(964) Survivor regions: 1->1(17)
[2026-03-27T14:07:46.974+0900][51.106s][info][gc,heap     ] GC(964) Old regions: 1->1
[2026-03-27T14:07:46.974+0900][51.106s][info][gc,heap     ] GC(964) Archive regions: 0->0
[2026-03-27T14:07:46.974+0900][51.106s][info][gc,heap     ] GC(964) Humongous regions: 327->326
[2026-03-27T14:07:46.974+0900][51.106s][info][gc,metaspace] GC(964) Metaspace: 166K(384K)->166K(384K) NonClass: 157K(256K)->157K(256K) Class: 9K(128K)->9K(128K)
[2026-03-27T14:07:46.974+0900][51.106s][info][gc          ] GC(964) Pause Young (Concurrent Start) (G1 Humongous Allocation) 328M->326M(512M) 1.590ms
[2026-03-27T14:07:46.974+0900][51.106s][info][gc,cpu      ] GC(964) User=0.00s Sys=0.00s Real=0.00s
[2026-03-27T14:07:46.974+0900][51.106s][info][gc          ] GC(965) Concurrent Mark Cycle
[2026-03-27T14:07:46.974+0900][51.106s][info][gc,marking  ] GC(965) Concurrent Clear Claimed Marks
[2026-03-27T14:07:46.974+0900][51.106s][info][gc,marking  ] GC(965) Concurrent Clear Claimed Marks 0.020ms
[2026-03-27T14:07:46.974+0900][51.106s][info][gc,marking  ] GC(965) Concurrent Scan Root Regions
[2026-03-27T14:07:46.974+0900][51.106s][info][gc,marking  ] GC(965) Concurrent Scan Root Regions 0.131ms
[2026-03-27T14:07:46.974+0900][51.106s][info][gc,marking  ] GC(965) Concurrent Mark
[2026-03-27T14:07:46.974+0900][51.106s][info][gc,marking  ] GC(965) Concurrent Mark From Roots
[2026-03-27T14:07:46.974+0900][51.106s][info][gc,task     ] GC(965) Using 2 workers of 2 for marking
[2026-03-27T14:07:46.974+0900][51.107s][info][gc,marking  ] GC(965) Concurrent Mark From Roots 1.083ms
[2026-03-27T14:07:46.974+0900][51.107s][info][gc,marking  ] GC(965) Concurrent Preclean
[2026-03-27T14:07:46.974+0900][51.107s][info][gc,marking  ] GC(965) Concurrent Preclean 0.023ms
[2026-03-27T14:07:46.974+0900][51.107s][info][gc,start    ] GC(965) Pause Remark
[2026-03-27T14:07:46.974+0900][51.108s][info][gc          ] GC(965) Pause Remark 327M->327M(512M) 0.921ms
[2026-03-27T14:07:46.974+0900][51.108s][info][gc,cpu      ] GC(965) User=0.00s Sys=0.00s Real=0.00s
[2026-03-27T14:07:46.974+0900][51.108s][info][gc,marking  ] GC(965) Concurrent Mark 2.498ms
[2026-03-27T14:07:46.974+0900][51.109s][info][gc,marking  ] GC(965) Concurrent Rebuild Remembered Sets
[2026-03-27T14:07:46.974+0900][51.109s][info][gc,marking  ] GC(965) Concurrent Rebuild Remembered Sets 0.642ms
[2026-03-27T14:07:46.974+0900][51.109s][info][gc,start    ] GC(965) Pause Cleanup
[2026-03-27T14:07:46.974+0900][51.110s][info][gc          ] GC(965) Pause Cleanup 327M->327M(512M) 0.218ms
[2026-03-27T14:07:46.974+0900][51.110s][info][gc,cpu      ] GC(965) User=0.00s Sys=0.00s Real=0.00s
[2026-03-27T14:07:46.974+0900][51.110s][info][gc,marking  ] GC(965) Concurrent Cleanup for Next Mark
[2026-03-27T14:07:46.974+0900][51.110s][info][gc,marking  ] GC(965) Concurrent Cleanup for Next Mark 0.484ms
[2026-03-27T14:07:46.974+0900][51.110s][info][gc          ] GC(965) Concurrent Mark Cycle 4.675ms
[2026-03-27T14:07:47.038+0900][51.168s][info][gc,start    ] GC(966) Pause Young (Concurrent Start) (G1 Humongous Allocation)
[2026-03-27T14:07:47.038+0900][51.168s][info][gc,task     ] GC(966) Using 8 workers of 8 for evacuation
[2026-03-27T14:07:47.038+0900][51.170s][info][gc,phases   ] GC(966)   Pre Evacuate Collection Set: 0.2ms
[2026-03-27T14:07:47.038+0900][51.170s][info][gc,phases   ] GC(966)   Merge Heap Roots: 0.3ms
[2026-03-27T14:07:47.038+0900][51.170s][info][gc,phases   ] GC(966)   Evacuate Collection Set: 0.3ms
[2026-03-27T14:07:47.038+0900][51.170s][info][gc,phases   ] GC(966)   Post Evacuate Collection Set: 0.7ms
[2026-03-27T14:07:47.038+0900][51.170s][info][gc,phases   ] GC(966)   Other: 0.1ms
[2026-03-27T14:07:47.038+0900][51.170s][info][gc,heap     ] GC(966) Eden regions: 1->0(131)
[2026-03-27T14:07:47.038+0900][51.170s][info][gc,heap     ] GC(966) Survivor regions: 1->1(17)
[2026-03-27T14:07:47.038+0900][51.170s][info][gc,heap     ] GC(966) Old regions: 1->1
[2026-03-27T14:07:47.038+0900][51.170s][info][gc,heap     ] GC(966) Archive regions: 0->0
[2026-03-27T14:07:47.038+0900][51.170s][info][gc,heap     ] GC(966) Humongous regions: 327->326
[2026-03-27T14:07:47.038+0900][51.170s][info][gc,metaspace] GC(966) Metaspace: 166K(384K)->166K(384K) NonClass: 157K(256K)->157K(256K) Class: 9K(128K)->9K(128K)
[2026-03-27T14:07:47.038+0900][51.170s][info][gc          ] GC(966) Pause Young (Concurrent Start) (G1 Humongous Allocation) 328M->326M(512M) 1.866ms
[2026-03-27T14:07:47.038+0900][51.170s][info][gc,cpu      ] GC(966) User=0.00s Sys=0.00s Real=0.00s
[2026-03-27T14:07:47.038+0900][51.170s][info][gc          ] GC(967) Concurrent Mark Cycle
[2026-03-27T14:07:47.038+0900][51.170s][info][gc,marking  ] GC(967) Concurrent Clear Claimed Marks
[2026-03-27T14:07:47.038+0900][51.170s][info][gc,marking  ] GC(967) Concurrent Clear Claimed Marks 0.034ms
[2026-03-27T14:07:47.038+0900][51.170s][info][gc,marking  ] GC(967) Concurrent Scan Root Regions
[2026-03-27T14:07:47.038+0900][51.170s][info][gc,marking  ] GC(967) Concurrent Scan Root Regions 0.150ms
[2026-03-27T14:07:47.038+0900][51.170s][info][gc,marking  ] GC(967) Concurrent Mark
[2026-03-27T14:07:47.038+0900][51.171s][info][gc,marking  ] GC(967) Concurrent Mark From Roots
[2026-03-27T14:07:47.038+0900][51.171s][info][gc,task     ] GC(967) Using 2 workers of 2 for marking
[2026-03-27T14:07:47.038+0900][51.172s][info][gc,marking  ] GC(967) Concurrent Mark From Roots 1.078ms
[2026-03-27T14:07:47.038+0900][51.172s][info][gc,marking  ] GC(967) Concurrent Preclean
[2026-03-27T14:07:47.038+0900][51.172s][info][gc,marking  ] GC(967) Concurrent Preclean 0.021ms
[2026-03-27T14:07:47.038+0900][51.172s][info][gc,start    ] GC(967) Pause Remark
[2026-03-27T14:07:47.038+0900][51.173s][info][gc          ] GC(967) Pause Remark 327M->327M(512M) 0.995ms
[2026-03-27T14:07:47.038+0900][51.173s][info][gc,cpu      ] GC(967) User=0.00s Sys=0.00s Real=0.00s
[2026-03-27T14:07:47.038+0900][51.173s][info][gc,marking  ] GC(967) Concurrent Mark 2.587ms
[2026-03-27T14:07:47.038+0900][51.173s][info][gc,marking  ] GC(967) Concurrent Rebuild Remembered Sets
[2026-03-27T14:07:47.038+0900][51.174s][info][gc,marking  ] GC(967) Concurrent Rebuild Remembered Sets 0.589ms
[2026-03-27T14:07:47.038+0900][51.174s][info][gc,start    ] GC(967) Pause Cleanup
[2026-03-27T14:07:47.038+0900][51.174s][info][gc          ] GC(967) Pause Cleanup 327M->327M(512M) 0.230ms
[2026-03-27T14:07:47.038+0900][51.174s][info][gc,cpu      ] GC(967) User=0.00s Sys=0.00s Real=0.00s
[2026-03-27T14:07:47.038+0900][51.174s][info][gc,marking  ] GC(967) Concurrent Cleanup for Next Mark
[2026-03-27T14:07:47.038+0900][51.175s][info][gc,marking  ] GC(967) Concurrent Cleanup for Next Mark 0.440ms
[2026-03-27T14:07:47.038+0900][51.175s][info][gc          ] GC(967) Concurrent Mark Cycle 4.771ms
[2026-03-27T14:07:47.102+0900][51.232s][info][gc,start    ] GC(968) Pause Young (Concurrent Start) (G1 Humongous Allocation)
[2026-03-27T14:07:47.102+0900][51.232s][info][gc,task     ] GC(968) Using 8 workers of 8 for evacuation
[2026-03-27T14:07:47.102+0900][51.234s][info][gc,phases   ] GC(968)   Pre Evacuate Collection Set: 0.2ms
[2026-03-27T14:07:47.102+0900][51.234s][info][gc,phases   ] GC(968)   Merge Heap Roots: 0.4ms
[2026-03-27T14:07:47.102+0900][51.234s][info][gc,phases   ] GC(968)   Evacuate Collection Set: 0.3ms
[2026-03-27T14:07:47.102+0900][51.234s][info][gc,phases   ] GC(968)   Post Evacuate Collection Set: 0.6ms
[2026-03-27T14:07:47.102+0900][51.234s][info][gc,phases   ] GC(968)   Other: 0.1ms
[2026-03-27T14:07:47.102+0900][51.234s][info][gc,heap     ] GC(968) Eden regions: 1->0(131)
[2026-03-27T14:07:47.102+0900][51.234s][info][gc,heap     ] GC(968) Survivor regions: 1->1(17)
[2026-03-27T14:07:47.102+0900][51.234s][info][gc,heap     ] GC(968) Old regions: 1->1
[2026-03-27T14:07:47.102+0900][51.234s][info][gc,heap     ] GC(968) Archive regions: 0->0
[2026-03-27T14:07:47.102+0900][51.234s][info][gc,heap     ] GC(968) Humongous regions: 327->326
[2026-03-27T14:07:47.102+0900][51.234s][info][gc,metaspace] GC(968) Metaspace: 166K(384K)->166K(384K) NonClass: 157K(256K)->157K(256K) Class: 9K(128K)->9K(128K)
[2026-03-27T14:07:47.102+0900][51.234s][info][gc          ] GC(968) Pause Young (Concurrent Start) (G1 Humongous Allocation) 328M->326M(512M) 1.972ms
[2026-03-27T14:07:47.102+0900][51.234s][info][gc,cpu      ] GC(968) User=0.00s Sys=0.00s Real=0.00s
[2026-03-27T14:07:47.102+0900][51.234s][info][gc          ] GC(969) Concurrent Mark Cycle
[2026-03-27T14:07:47.102+0900][51.234s][info][gc,marking  ] GC(969) Concurrent Clear Claimed Marks
[2026-03-27T14:07:47.102+0900][51.234s][info][gc,marking  ] GC(969) Concurrent Clear Claimed Marks 0.028ms
[2026-03-27T14:07:47.102+0900][51.234s][info][gc,marking  ] GC(969) Concurrent Scan Root Regions
[2026-03-27T14:07:47.102+0900][51.234s][info][gc,marking  ] GC(969) Concurrent Scan Root Regions 0.124ms
[2026-03-27T14:07:47.102+0900][51.234s][info][gc,marking  ] GC(969) Concurrent Mark
[2026-03-27T14:07:47.102+0900][51.234s][info][gc,marking  ] GC(969) Concurrent Mark From Roots
[2026-03-27T14:07:47.102+0900][51.234s][info][gc,task     ] GC(969) Using 2 workers of 2 for marking
[2026-03-27T14:07:47.102+0900][51.235s][info][gc,marking  ] GC(969) Concurrent Mark From Roots 1.083ms
[2026-03-27T14:07:47.102+0900][51.235s][info][gc,marking  ] GC(969) Concurrent Preclean
[2026-03-27T14:07:47.102+0900][51.235s][info][gc,marking  ] GC(969) Concurrent Preclean 0.022ms
[2026-03-27T14:07:47.102+0900][51.236s][info][gc,start    ] GC(969) Pause Remark
[2026-03-27T14:07:47.102+0900][51.236s][info][gc          ] GC(969) Pause Remark 327M->327M(512M) 0.792ms
[2026-03-27T14:07:47.102+0900][51.237s][info][gc,cpu      ] GC(969) User=0.00s Sys=0.00s Real=0.00s
[2026-03-27T14:07:47.102+0900][51.237s][info][gc,marking  ] GC(969) Concurrent Mark 2.314ms
[2026-03-27T14:07:47.102+0900][51.237s][info][gc,marking  ] GC(969) Concurrent Rebuild Remembered Sets
[2026-03-27T14:07:47.102+0900][51.237s][info][gc,marking  ] GC(969) Concurrent Rebuild Remembered Sets 0.729ms
[2026-03-27T14:07:47.102+0900][51.238s][info][gc,start    ] GC(969) Pause Cleanup
[2026-03-27T14:07:47.102+0900][51.238s][info][gc          ] GC(969) Pause Cleanup 327M->327M(512M) 0.215ms
[2026-03-27T14:07:47.102+0900][51.238s][info][gc,cpu      ] GC(969) User=0.00s Sys=0.00s Real=0.00s
[2026-03-27T14:07:47.102+0900][51.238s][info][gc,marking  ] GC(969) Concurrent Cleanup for Next Mark
[2026-03-27T14:07:47.102+0900][51.238s][info][gc,marking  ] GC(969) Concurrent Cleanup for Next Mark 0.303ms
[2026-03-27T14:07:47.102+0900][51.238s][info][gc          ] GC(969) Concurrent Mark Cycle 4.427ms
[2026-03-27T14:07:47.166+0900][51.296s][info][gc,start    ] GC(970) Pause Young (Concurrent Start) (G1 Humongous Allocation)
[2026-03-27T14:07:47.166+0900][51.297s][info][gc,task     ] GC(970) Using 8 workers of 8 for evacuation
[2026-03-27T14:07:47.167+0900][51.299s][info][gc,phases   ] GC(970)   Pre Evacuate Collection Set: 0.3ms
[2026-03-27T14:07:47.167+0900][51.299s][info][gc,phases   ] GC(970)   Merge Heap Roots: 0.4ms
[2026-03-27T14:07:47.167+0900][51.299s][info][gc,phases   ] GC(970)   Evacuate Collection Set: 0.5ms
[2026-03-27T14:07:47.167+0900][51.299s][info][gc,phases   ] GC(970)   Post Evacuate Collection Set: 0.8ms
[2026-03-27T14:07:47.167+0900][51.299s][info][gc,phases   ] GC(970)   Other: 0.3ms
[2026-03-27T14:07:47.167+0900][51.299s][info][gc,heap     ] GC(970) Eden regions: 1->0(131)
[2026-03-27T14:07:47.167+0900][51.299s][info][gc,heap     ] GC(970) Survivor regions: 1->1(17)
[2026-03-27T14:07:47.167+0900][51.299s][info][gc,heap     ] GC(970) Old regions: 1->1
[2026-03-27T14:07:47.167+0900][51.299s][info][gc,heap     ] GC(970) Archive regions: 0->0
[2026-03-27T14:07:47.167+0900][51.299s][info][gc,heap     ] GC(970) Humongous regions: 327->326
[2026-03-27T14:07:47.167+0900][51.299s][info][gc,metaspace] GC(970) Metaspace: 166K(384K)->166K(384K) NonClass: 157K(256K)->157K(256K) Class: 9K(128K)->9K(128K)
[2026-03-27T14:07:47.167+0900][51.299s][info][gc          ] GC(970) Pause Young (Concurrent Start) (G1 Humongous Allocation) 328M->326M(512M) 2.934ms
[2026-03-27T14:07:47.167+0900][51.299s][info][gc,cpu      ] GC(970) User=0.00s Sys=0.00s Real=0.00s
[2026-03-27T14:07:47.167+0900][51.299s][info][gc          ] GC(971) Concurrent Mark Cycle
[2026-03-27T14:07:47.167+0900][51.300s][info][gc,marking  ] GC(971) Concurrent Clear Claimed Marks
[2026-03-27T14:07:47.167+0900][51.300s][info][gc,marking  ] GC(971) Concurrent Clear Claimed Marks 0.041ms
[2026-03-27T14:07:47.167+0900][51.300s][info][gc,marking  ] GC(971) Concurrent Scan Root Regions
[2026-03-27T14:07:47.167+0900][51.300s][info][gc,marking  ] GC(971) Concurrent Scan Root Regions 0.171ms
[2026-03-27T14:07:47.167+0900][51.300s][info][gc,marking  ] GC(971) Concurrent Mark
[2026-03-27T14:07:47.167+0900][51.300s][info][gc,marking  ] GC(971) Concurrent Mark From Roots
[2026-03-27T14:07:47.167+0900][51.300s][info][gc,task     ] GC(971) Using 2 workers of 2 for marking
[2026-03-27T14:07:47.167+0900][51.302s][info][gc,marking  ] GC(971) Concurrent Mark From Roots 2.039ms
[2026-03-27T14:07:47.167+0900][51.302s][info][gc,marking  ] GC(971) Concurrent Preclean
[2026-03-27T14:07:47.167+0900][51.302s][info][gc,marking  ] GC(971) Concurrent Preclean 0.046ms
[2026-03-27T14:07:47.167+0900][51.303s][info][gc,start    ] GC(971) Pause Remark
[2026-03-27T14:07:47.167+0900][51.304s][info][gc          ] GC(971) Pause Remark 327M->327M(512M) 1.536ms
[2026-03-27T14:07:47.167+0900][51.304s][info][gc,cpu      ] GC(971) User=0.00s Sys=0.00s Real=0.00s
[2026-03-27T14:07:47.167+0900][51.304s][info][gc,marking  ] GC(971) Concurrent Mark 4.515ms
[2026-03-27T14:07:47.167+0900][51.305s][info][gc,marking  ] GC(971) Concurrent Rebuild Remembered Sets
[2026-03-27T14:07:47.167+0900][51.306s][info][gc,marking  ] GC(971) Concurrent Rebuild Remembered Sets 1.077ms
[2026-03-27T14:07:47.167+0900][51.306s][info][gc,start    ] GC(971) Pause Cleanup
[2026-03-27T14:07:47.167+0900][51.306s][info][gc          ] GC(971) Pause Cleanup 327M->327M(512M) 0.332ms
[2026-03-27T14:07:47.167+0900][51.306s][info][gc,cpu      ] GC(971) User=0.00s Sys=0.00s Real=0.00s
[2026-03-27T14:07:47.167+0900][51.307s][info][gc,marking  ] GC(971) Concurrent Cleanup for Next Mark
[2026-03-27T14:07:47.167+0900][51.307s][info][gc,marking  ] GC(971) Concurrent Cleanup for Next Mark 0.615ms
[2026-03-27T14:07:47.167+0900][51.307s][info][gc          ] GC(971) Concurrent Mark Cycle 7.822ms
[2026-03-27T14:07:47.230+0900][51.361s][info][gc,start    ] GC(972) Pause Young (Concurrent Start) (G1 Humongous Allocation)
[2026-03-27T14:07:47.240+0900][51.371s][info][gc,task     ] GC(972) Using 8 workers of 8 for evacuation
[2026-03-27T14:07:47.240+0900][51.373s][info][gc,phases   ] GC(972)   Pre Evacuate Collection Set: 0.3ms
[2026-03-27T14:07:47.240+0900][51.373s][info][gc,phases   ] GC(972)   Merge Heap Roots: 0.4ms
[2026-03-27T14:07:47.240+0900][51.373s][info][gc,phases   ] GC(972)   Evacuate Collection Set: 0.3ms
[2026-03-27T14:07:47.240+0900][51.373s][info][gc,phases   ] GC(972)   Post Evacuate Collection Set: 1.0ms
[2026-03-27T14:07:47.240+0900][51.373s][info][gc,phases   ] GC(972)   Other: 0.4ms
[2026-03-27T14:07:47.240+0900][51.373s][info][gc,heap     ] GC(972) Eden regions: 1->0(131)
[2026-03-27T14:07:47.240+0900][51.373s][info][gc,heap     ] GC(972) Survivor regions: 1->1(17)
[2026-03-27T14:07:47.240+0900][51.373s][info][gc,heap     ] GC(972) Old regions: 1->1
[2026-03-27T14:07:47.240+0900][51.373s][info][gc,heap     ] GC(972) Archive regions: 0->0
[2026-03-27T14:07:47.240+0900][51.374s][info][gc,heap     ] GC(972) Humongous regions: 327->326
[2026-03-27T14:07:47.240+0900][51.374s][info][gc,metaspace] GC(972) Metaspace: 166K(384K)->166K(384K) NonClass: 157K(256K)->157K(256K) Class: 9K(128K)->9K(128K)
[2026-03-27T14:07:47.240+0900][51.374s][info][gc          ] GC(972) Pause Young (Concurrent Start) (G1 Humongous Allocation) 328M->326M(512M) 12.990ms
[2026-03-27T14:07:47.240+0900][51.374s][info][gc,cpu      ] GC(972) User=0.00s Sys=0.00s Real=0.01s
[2026-03-27T14:07:47.240+0900][51.374s][info][gc          ] GC(973) Concurrent Mark Cycle
[2026-03-27T14:07:47.240+0900][51.374s][info][gc,marking  ] GC(973) Concurrent Clear Claimed Marks
[2026-03-27T14:07:47.240+0900][51.374s][info][gc,marking  ] GC(973) Concurrent Clear Claimed Marks 0.041ms
[2026-03-27T14:07:47.240+0900][51.374s][info][gc,marking  ] GC(973) Concurrent Scan Root Regions
[2026-03-27T14:07:47.240+0900][51.374s][info][gc,marking  ] GC(973) Concurrent Scan Root Regions 0.219ms
[2026-03-27T14:07:47.240+0900][51.374s][info][gc,marking  ] GC(973) Concurrent Mark
[2026-03-27T14:07:47.240+0900][51.374s][info][gc,marking  ] GC(973) Concurrent Mark From Roots
[2026-03-27T14:07:47.240+0900][51.374s][info][gc,task     ] GC(973) Using 2 workers of 2 for marking
[2026-03-27T14:07:47.246+0900][51.376s][info][gc,marking  ] GC(973) Concurrent Mark From Roots 1.783ms
[2026-03-27T14:07:47.246+0900][51.376s][info][gc,marking  ] GC(973) Concurrent Preclean
[2026-03-27T14:07:47.246+0900][51.376s][info][gc,marking  ] GC(973) Concurrent Preclean 0.037ms
[2026-03-27T14:07:47.246+0900][51.377s][info][gc,start    ] GC(973) Pause Remark
[2026-03-27T14:07:47.246+0900][51.378s][info][gc          ] GC(973) Pause Remark 330M->330M(512M) 1.019ms
[2026-03-27T14:07:47.246+0900][51.378s][info][gc,cpu      ] GC(973) User=0.00s Sys=0.00s Real=0.00s
[2026-03-27T14:07:47.246+0900][51.378s][info][gc,marking  ] GC(973) Concurrent Mark 3.517ms
[2026-03-27T14:07:47.246+0900][51.378s][info][gc,marking  ] GC(973) Concurrent Rebuild Remembered Sets
[2026-03-27T14:07:47.246+0900][51.379s][info][gc,marking  ] GC(973) Concurrent Rebuild Remembered Sets 0.805ms
[2026-03-27T14:07:47.246+0900][51.379s][info][gc,start    ] GC(973) Pause Cleanup
[2026-03-27T14:07:47.246+0900][51.379s][info][gc          ] GC(973) Pause Cleanup 330M->330M(512M) 0.260ms
[2026-03-27T14:07:47.246+0900][51.379s][info][gc,cpu      ] GC(973) User=0.00s Sys=0.00s Real=0.00s
[2026-03-27T14:07:47.246+0900][51.379s][info][gc,marking  ] GC(973) Concurrent Cleanup for Next Mark
[2026-03-27T14:07:47.246+0900][51.380s][info][gc,marking  ] GC(973) Concurrent Cleanup for Next Mark 0.452ms
[2026-03-27T14:07:47.246+0900][51.380s][info][gc          ] GC(973) Concurrent Mark Cycle 6.212ms
[2026-03-27T14:07:47.295+0900][51.426s][info][gc,start    ] GC(974) Pause Young (Concurrent Start) (G1 Humongous Allocation)
[2026-03-27T14:07:47.295+0900][51.426s][info][gc,task     ] GC(974) Using 8 workers of 8 for evacuation
[2026-03-27T14:07:47.295+0900][51.428s][info][gc,phases   ] GC(974)   Pre Evacuate Collection Set: 0.3ms
[2026-03-27T14:07:47.295+0900][51.428s][info][gc,phases   ] GC(974)   Merge Heap Roots: 0.4ms
[2026-03-27T14:07:47.295+0900][51.428s][info][gc,phases   ] GC(974)   Evacuate Collection Set: 0.3ms
[2026-03-27T14:07:47.295+0900][51.428s][info][gc,phases   ] GC(974)   Post Evacuate Collection Set: 0.8ms
[2026-03-27T14:07:47.295+0900][51.428s][info][gc,phases   ] GC(974)   Other: 0.2ms
[2026-03-27T14:07:47.295+0900][51.428s][info][gc,heap     ] GC(974) Eden regions: 1->0(129)
[2026-03-27T14:07:47.295+0900][51.428s][info][gc,heap     ] GC(974) Survivor regions: 1->1(17)
[2026-03-27T14:07:47.295+0900][51.428s][info][gc,heap     ] GC(974) Old regions: 1->1
[2026-03-27T14:07:47.295+0900][51.428s][info][gc,heap     ] GC(974) Archive regions: 0->0
[2026-03-27T14:07:47.295+0900][51.428s][info][gc,heap     ] GC(974) Humongous regions: 329->328
[2026-03-27T14:07:47.295+0900][51.428s][info][gc,metaspace] GC(974) Metaspace: 166K(384K)->166K(384K) NonClass: 157K(256K)->157K(256K) Class: 9K(128K)->9K(128K)
[2026-03-27T14:07:47.295+0900][51.428s][info][gc          ] GC(974) Pause Young (Concurrent Start) (G1 Humongous Allocation) 330M->328M(512M) 2.713ms
[2026-03-27T14:07:47.295+0900][51.429s][info][gc,cpu      ] GC(974) User=0.00s Sys=0.00s Real=0.00s
[2026-03-27T14:07:47.295+0900][51.429s][info][gc          ] GC(975) Concurrent Mark Cycle
[2026-03-27T14:07:47.295+0900][51.429s][info][gc,marking  ] GC(975) Concurrent Clear Claimed Marks
[2026-03-27T14:07:47.295+0900][51.429s][info][gc,marking  ] GC(975) Concurrent Clear Claimed Marks 0.041ms
[2026-03-27T14:07:47.295+0900][51.429s][info][gc,marking  ] GC(975) Concurrent Scan Root Regions
[2026-03-27T14:07:47.295+0900][51.429s][info][gc,marking  ] GC(975) Concurrent Scan Root Regions 0.241ms
[2026-03-27T14:07:47.295+0900][51.429s][info][gc,marking  ] GC(975) Concurrent Mark
[2026-03-27T14:07:47.295+0900][51.429s][info][gc,marking  ] GC(975) Concurrent Mark From Roots
[2026-03-27T14:07:47.295+0900][51.429s][info][gc,task     ] GC(975) Using 2 workers of 2 for marking
[2026-03-27T14:07:47.295+0900][51.431s][info][gc,marking  ] GC(975) Concurrent Mark From Roots 1.964ms
[2026-03-27T14:07:47.295+0900][51.431s][info][gc,marking  ] GC(975) Concurrent Preclean
[2026-03-27T14:07:47.295+0900][51.431s][info][gc,marking  ] GC(975) Concurrent Preclean 0.039ms
[2026-03-27T14:07:47.295+0900][51.431s][info][gc,start    ] GC(975) Pause Remark
[2026-03-27T14:07:47.295+0900][51.432s][info][gc          ] GC(975) Pause Remark 329M->329M(512M) 0.784ms
[2026-03-27T14:07:47.295+0900][51.432s][info][gc,cpu      ] GC(975) User=0.00s Sys=0.00s Real=0.00s
[2026-03-27T14:07:47.295+0900][51.432s][info][gc,marking  ] GC(975) Concurrent Mark 3.318ms
[2026-03-27T14:07:47.295+0900][51.433s][info][gc,marking  ] GC(975) Concurrent Rebuild Remembered Sets
[2026-03-27T14:07:47.295+0900][51.433s][info][gc,marking  ] GC(975) Concurrent Rebuild Remembered Sets 0.913ms
[2026-03-27T14:07:47.295+0900][51.434s][info][gc,start    ] GC(975) Pause Cleanup
[2026-03-27T14:07:47.295+0900][51.434s][info][gc          ] GC(975) Pause Cleanup 329M->329M(512M) 0.228ms
[2026-03-27T14:07:47.295+0900][51.434s][info][gc,cpu      ] GC(975) User=0.00s Sys=0.00s Real=0.00s
[2026-03-27T14:07:47.295+0900][51.434s][info][gc,marking  ] GC(975) Concurrent Cleanup for Next Mark
[2026-03-27T14:07:47.295+0900][51.435s][info][gc,marking  ] GC(975) Concurrent Cleanup for Next Mark 0.385ms
[2026-03-27T14:07:47.295+0900][51.435s][info][gc          ] GC(975) Concurrent Mark Cycle 5.971ms
[2026-03-27T14:07:47.359+0900][51.489s][info][gc,start    ] GC(976) Pause Young (Concurrent Start) (G1 Humongous Allocation)
[2026-03-27T14:07:47.359+0900][51.489s][info][gc,task     ] GC(976) Using 8 workers of 8 for evacuation
[2026-03-27T14:07:47.359+0900][51.490s][info][gc,phases   ] GC(976)   Pre Evacuate Collection Set: 0.1ms
[2026-03-27T14:07:47.359+0900][51.490s][info][gc,phases   ] GC(976)   Merge Heap Roots: 0.2ms
[2026-03-27T14:07:47.359+0900][51.490s][info][gc,phases   ] GC(976)   Evacuate Collection Set: 0.2ms
[2026-03-27T14:07:47.359+0900][51.490s][info][gc,phases   ] GC(976)   Post Evacuate Collection Set: 0.6ms
[2026-03-27T14:07:47.359+0900][51.491s][info][gc,phases   ] GC(976)   Other: 0.1ms
[2026-03-27T14:07:47.359+0900][51.491s][info][gc,heap     ] GC(976) Eden regions: 1->0(129)
[2026-03-27T14:07:47.359+0900][51.491s][info][gc,heap     ] GC(976) Survivor regions: 1->1(17)
[2026-03-27T14:07:47.359+0900][51.491s][info][gc,heap     ] GC(976) Old regions: 1->1
[2026-03-27T14:07:47.359+0900][51.491s][info][gc,heap     ] GC(976) Archive regions: 0->0
[2026-03-27T14:07:47.359+0900][51.491s][info][gc,heap     ] GC(976) Humongous regions: 329->328
[2026-03-27T14:07:47.359+0900][51.491s][info][gc,metaspace] GC(976) Metaspace: 166K(384K)->166K(384K) NonClass: 157K(256K)->157K(256K) Class: 9K(128K)->9K(128K)
[2026-03-27T14:07:47.359+0900][51.491s][info][gc          ] GC(976) Pause Young (Concurrent Start) (G1 Humongous Allocation) 330M->328M(512M) 1.542ms
[2026-03-27T14:07:47.359+0900][51.491s][info][gc,cpu      ] GC(976) User=0.00s Sys=0.00s Real=0.00s
[2026-03-27T14:07:47.359+0900][51.491s][info][gc          ] GC(977) Concurrent Mark Cycle
[2026-03-27T14:07:47.359+0900][51.491s][info][gc,marking  ] GC(977) Concurrent Clear Claimed Marks
[2026-03-27T14:07:47.359+0900][51.491s][info][gc,marking  ] GC(977) Concurrent Clear Claimed Marks 0.012ms
[2026-03-27T14:07:47.359+0900][51.491s][info][gc,marking  ] GC(977) Concurrent Scan Root Regions
[2026-03-27T14:07:47.359+0900][51.491s][info][gc,marking  ] GC(977) Concurrent Scan Root Regions 0.091ms
[2026-03-27T14:07:47.359+0900][51.491s][info][gc,marking  ] GC(977) Concurrent Mark
[2026-03-27T14:07:47.359+0900][51.491s][info][gc,marking  ] GC(977) Concurrent Mark From Roots
[2026-03-27T14:07:47.359+0900][51.491s][info][gc,task     ] GC(977) Using 2 workers of 2 for marking
[2026-03-27T14:07:47.359+0900][51.492s][info][gc,marking  ] GC(977) Concurrent Mark From Roots 1.119ms
[2026-03-27T14:07:47.359+0900][51.492s][info][gc,marking  ] GC(977) Concurrent Preclean
[2026-03-27T14:07:47.359+0900][51.492s][info][gc,marking  ] GC(977) Concurrent Preclean 0.030ms
[2026-03-27T14:07:47.359+0900][51.492s][info][gc,start    ] GC(977) Pause Remark
[2026-03-27T14:07:47.359+0900][51.493s][info][gc          ] GC(977) Pause Remark 329M->329M(512M) 0.488ms
[2026-03-27T14:07:47.359+0900][51.493s][info][gc,cpu      ] GC(977) User=0.00s Sys=0.00s Real=0.00s
[2026-03-27T14:07:47.359+0900][51.493s][info][gc,marking  ] GC(977) Concurrent Mark 1.859ms
[2026-03-27T14:07:47.359+0900][51.493s][info][gc,marking  ] GC(977) Concurrent Rebuild Remembered Sets
[2026-03-27T14:07:47.359+0900][51.493s][info][gc,marking  ] GC(977) Concurrent Rebuild Remembered Sets 0.424ms
[2026-03-27T14:07:47.359+0900][51.493s][info][gc,start    ] GC(977) Pause Cleanup
[2026-03-27T14:07:47.359+0900][51.493s][info][gc          ] GC(977) Pause Cleanup 329M->329M(512M) 0.128ms
[2026-03-27T14:07:47.359+0900][51.493s][info][gc,cpu      ] GC(977) User=0.00s Sys=0.00s Real=0.00s
[2026-03-27T14:07:47.359+0900][51.494s][info][gc,marking  ] GC(977) Concurrent Cleanup for Next Mark
[2026-03-27T14:07:47.359+0900][51.494s][info][gc,marking  ] GC(977) Concurrent Cleanup for Next Mark 0.269ms
[2026-03-27T14:07:47.359+0900][51.494s][info][gc          ] GC(977) Concurrent Mark Cycle 3.226ms
[2026-03-27T14:07:47.422+0900][51.552s][info][gc,start    ] GC(978) Pause Young (Concurrent Start) (G1 Humongous Allocation)
[2026-03-27T14:07:47.422+0900][51.552s][info][gc,task     ] GC(978) Using 8 workers of 8 for evacuation
[2026-03-27T14:07:47.422+0900][51.553s][info][gc,phases   ] GC(978)   Pre Evacuate Collection Set: 0.1ms
[2026-03-27T14:07:47.422+0900][51.553s][info][gc,phases   ] GC(978)   Merge Heap Roots: 0.1ms
[2026-03-27T14:07:47.422+0900][51.553s][info][gc,phases   ] GC(978)   Evacuate Collection Set: 0.1ms
[2026-03-27T14:07:47.422+0900][51.553s][info][gc,phases   ] GC(978)   Post Evacuate Collection Set: 0.4ms
[2026-03-27T14:07:47.422+0900][51.553s][info][gc,phases   ] GC(978)   Other: 0.1ms
[2026-03-27T14:07:47.422+0900][51.553s][info][gc,heap     ] GC(978) Eden regions: 1->0(129)
[2026-03-27T14:07:47.422+0900][51.553s][info][gc,heap     ] GC(978) Survivor regions: 1->1(17)
[2026-03-27T14:07:47.422+0900][51.553s][info][gc,heap     ] GC(978) Old regions: 1->1
[2026-03-27T14:07:47.422+0900][51.553s][info][gc,heap     ] GC(978) Archive regions: 0->0
[2026-03-27T14:07:47.422+0900][51.553s][info][gc,heap     ] GC(978) Humongous regions: 329->328
[2026-03-27T14:07:47.422+0900][51.553s][info][gc,metaspace] GC(978) Metaspace: 166K(384K)->166K(384K) NonClass: 157K(256K)->157K(256K) Class: 9K(128K)->9K(128K)
[2026-03-27T14:07:47.422+0900][51.553s][info][gc          ] GC(978) Pause Young (Concurrent Start) (G1 Humongous Allocation) 330M->328M(512M) 1.097ms
[2026-03-27T14:07:47.422+0900][51.553s][info][gc,cpu      ] GC(978) User=0.00s Sys=0.00s Real=0.00s
[2026-03-27T14:07:47.422+0900][51.553s][info][gc          ] GC(979) Concurrent Mark Cycle
[2026-03-27T14:07:47.422+0900][51.553s][info][gc,marking  ] GC(979) Concurrent Clear Claimed Marks
[2026-03-27T14:07:47.422+0900][51.553s][info][gc,marking  ] GC(979) Concurrent Clear Claimed Marks 0.013ms
[2026-03-27T14:07:47.422+0900][51.553s][info][gc,marking  ] GC(979) Concurrent Scan Root Regions
[2026-03-27T14:07:47.422+0900][51.553s][info][gc,marking  ] GC(979) Concurrent Scan Root Regions 0.162ms
[2026-03-27T14:07:47.422+0900][51.554s][info][gc,marking  ] GC(979) Concurrent Mark
[2026-03-27T14:07:47.422+0900][51.554s][info][gc,marking  ] GC(979) Concurrent Mark From Roots
[2026-03-27T14:07:47.422+0900][51.554s][info][gc,task     ] GC(979) Using 2 workers of 2 for marking
[2026-03-27T14:07:47.422+0900][51.554s][info][gc,marking  ] GC(979) Concurrent Mark From Roots 0.710ms
[2026-03-27T14:07:47.422+0900][51.554s][info][gc,marking  ] GC(979) Concurrent Preclean
[2026-03-27T14:07:47.422+0900][51.554s][info][gc,marking  ] GC(979) Concurrent Preclean 0.013ms
[2026-03-27T14:07:47.422+0900][51.554s][info][gc,start    ] GC(979) Pause Remark
[2026-03-27T14:07:47.422+0900][51.555s][info][gc          ] GC(979) Pause Remark 329M->329M(512M) 0.573ms
[2026-03-27T14:07:47.422+0900][51.555s][info][gc,cpu      ] GC(979) User=0.00s Sys=0.00s Real=0.00s
[2026-03-27T14:07:47.422+0900][51.555s][info][gc,marking  ] GC(979) Concurrent Mark 1.595ms
[2026-03-27T14:07:47.422+0900][51.555s][info][gc,marking  ] GC(979) Concurrent Rebuild Remembered Sets
[2026-03-27T14:07:47.422+0900][51.556s][info][gc,marking  ] GC(979) Concurrent Rebuild Remembered Sets 0.375ms
[2026-03-27T14:07:47.422+0900][51.556s][info][gc,start    ] GC(979) Pause Cleanup
[2026-03-27T14:07:47.422+0900][51.556s][info][gc          ] GC(979) Pause Cleanup 329M->329M(512M) 0.056ms
[2026-03-27T14:07:47.422+0900][51.556s][info][gc,cpu      ] GC(979) User=0.00s Sys=0.00s Real=0.00s
[2026-03-27T14:07:47.422+0900][51.556s][info][gc,marking  ] GC(979) Concurrent Cleanup for Next Mark
[2026-03-27T14:07:47.422+0900][51.556s][info][gc,marking  ] GC(979) Concurrent Cleanup for Next Mark 0.193ms
[2026-03-27T14:07:47.422+0900][51.556s][info][gc          ] GC(979) Concurrent Mark Cycle 2.754ms
[2026-03-27T14:07:47.486+0900][51.616s][info][gc,start    ] GC(980) Pause Young (Concurrent Start) (G1 Humongous Allocation)
[2026-03-27T14:07:47.486+0900][51.616s][info][gc,task     ] GC(980) Using 8 workers of 8 for evacuation
[2026-03-27T14:07:47.486+0900][51.618s][info][gc,phases   ] GC(980)   Pre Evacuate Collection Set: 0.2ms
[2026-03-27T14:07:47.486+0900][51.618s][info][gc,phases   ] GC(980)   Merge Heap Roots: 0.4ms
[2026-03-27T14:07:47.486+0900][51.618s][info][gc,phases   ] GC(980)   Evacuate Collection Set: 0.4ms
[2026-03-27T14:07:47.486+0900][51.618s][info][gc,phases   ] GC(980)   Post Evacuate Collection Set: 0.8ms
[2026-03-27T14:07:47.486+0900][51.618s][info][gc,phases   ] GC(980)   Other: 0.2ms
[2026-03-27T14:07:47.486+0900][51.618s][info][gc,heap     ] GC(980) Eden regions: 1->0(129)
[2026-03-27T14:07:47.486+0900][51.618s][info][gc,heap     ] GC(980) Survivor regions: 1->1(17)
[2026-03-27T14:07:47.486+0900][51.618s][info][gc,heap     ] GC(980) Old regions: 1->1
[2026-03-27T14:07:47.486+0900][51.618s][info][gc,heap     ] GC(980) Archive regions: 0->0
[2026-03-27T14:07:47.486+0900][51.619s][info][gc,heap     ] GC(980) Humongous regions: 329->328
[2026-03-27T14:07:47.486+0900][51.619s][info][gc,metaspace] GC(980) Metaspace: 166K(384K)->166K(384K) NonClass: 157K(256K)->157K(256K) Class: 9K(128K)->9K(128K)
[2026-03-27T14:07:47.486+0900][51.619s][info][gc          ] GC(980) Pause Young (Concurrent Start) (G1 Humongous Allocation) 330M->328M(512M) 2.657ms
[2026-03-27T14:07:47.486+0900][51.619s][info][gc,cpu      ] GC(980) User=0.00s Sys=0.00s Real=0.00s
[2026-03-27T14:07:47.486+0900][51.619s][info][gc          ] GC(981) Concurrent Mark Cycle
[2026-03-27T14:07:47.486+0900][51.619s][info][gc,marking  ] GC(981) Concurrent Clear Claimed Marks
[2026-03-27T14:07:47.486+0900][51.619s][info][gc,marking  ] GC(981) Concurrent Clear Claimed Marks 0.052ms
[2026-03-27T14:07:47.486+0900][51.619s][info][gc,marking  ] GC(981) Concurrent Scan Root Regions
[2026-03-27T14:07:47.486+0900][51.619s][info][gc,marking  ] GC(981) Concurrent Scan Root Regions 0.230ms
[2026-03-27T14:07:47.486+0900][51.619s][info][gc,marking  ] GC(981) Concurrent Mark
[2026-03-27T14:07:47.486+0900][51.619s][info][gc,marking  ] GC(981) Concurrent Mark From Roots
[2026-03-27T14:07:47.486+0900][51.619s][info][gc,task     ] GC(981) Using 2 workers of 2 for marking
[2026-03-27T14:07:47.486+0900][51.621s][info][gc,marking  ] GC(981) Concurrent Mark From Roots 1.223ms
[2026-03-27T14:07:47.486+0900][51.621s][info][gc,marking  ] GC(981) Concurrent Preclean
[2026-03-27T14:07:47.486+0900][51.621s][info][gc,marking  ] GC(981) Concurrent Preclean 0.024ms
[2026-03-27T14:07:47.486+0900][51.621s][info][gc,start    ] GC(981) Pause Remark
[2026-03-27T14:07:47.486+0900][51.622s][info][gc          ] GC(981) Pause Remark 329M->329M(512M) 0.998ms
[2026-03-27T14:07:47.486+0900][51.622s][info][gc,cpu      ] GC(981) User=0.00s Sys=0.00s Real=0.00s
[2026-03-27T14:07:47.486+0900][51.622s][info][gc,marking  ] GC(981) Concurrent Mark 2.763ms
[2026-03-27T14:07:47.486+0900][51.622s][info][gc,marking  ] GC(981) Concurrent Rebuild Remembered Sets
[2026-03-27T14:07:47.486+0900][51.623s][info][gc,marking  ] GC(981) Concurrent Rebuild Remembered Sets 0.717ms
[2026-03-27T14:07:47.486+0900][51.623s][info][gc,start    ] GC(981) Pause Cleanup
[2026-03-27T14:07:47.486+0900][51.623s][info][gc          ] GC(981) Pause Cleanup 329M->329M(512M) 0.246ms
[2026-03-27T14:07:47.486+0900][51.624s][info][gc,cpu      ] GC(981) User=0.00s Sys=0.00s Real=0.00s
[2026-03-27T14:07:47.486+0900][51.624s][info][gc,marking  ] GC(981) Concurrent Cleanup for Next Mark
[2026-03-27T14:07:47.486+0900][51.624s][info][gc,marking  ] GC(981) Concurrent Cleanup for Next Mark 0.459ms
[2026-03-27T14:07:47.486+0900][51.624s][info][gc          ] GC(981) Concurrent Mark Cycle 5.378ms
[2026-03-27T14:07:47.550+0900][51.680s][info][gc,start    ] GC(982) Pause Young (Concurrent Start) (G1 Humongous Allocation)
[2026-03-27T14:07:47.550+0900][51.680s][info][gc,task     ] GC(982) Using 8 workers of 8 for evacuation
[2026-03-27T14:07:47.550+0900][51.680s][info][gc,phases   ] GC(982)   Pre Evacuate Collection Set: 0.1ms
[2026-03-27T14:07:47.550+0900][51.680s][info][gc,phases   ] GC(982)   Merge Heap Roots: 0.1ms
[2026-03-27T14:07:47.550+0900][51.680s][info][gc,phases   ] GC(982)   Evacuate Collection Set: 0.1ms
[2026-03-27T14:07:47.550+0900][51.680s][info][gc,phases   ] GC(982)   Post Evacuate Collection Set: 0.2ms
[2026-03-27T14:07:47.550+0900][51.680s][info][gc,phases   ] GC(982)   Other: 0.1ms
[2026-03-27T14:07:47.550+0900][51.680s][info][gc,heap     ] GC(982) Eden regions: 1->0(129)
[2026-03-27T14:07:47.550+0900][51.680s][info][gc,heap     ] GC(982) Survivor regions: 1->1(17)
[2026-03-27T14:07:47.550+0900][51.680s][info][gc,heap     ] GC(982) Old regions: 1->1
[2026-03-27T14:07:47.550+0900][51.681s][info][gc,heap     ] GC(982) Archive regions: 0->0
[2026-03-27T14:07:47.550+0900][51.681s][info][gc,heap     ] GC(982) Humongous regions: 329->328
[2026-03-27T14:07:47.550+0900][51.681s][info][gc,metaspace] GC(982) Metaspace: 166K(384K)->166K(384K) NonClass: 157K(256K)->157K(256K) Class: 9K(128K)->9K(128K)
[2026-03-27T14:07:47.550+0900][51.681s][info][gc          ] GC(982) Pause Young (Concurrent Start) (G1 Humongous Allocation) 330M->328M(512M) 0.890ms
[2026-03-27T14:07:47.550+0900][51.681s][info][gc,cpu      ] GC(982) User=0.00s Sys=0.00s Real=0.00s
[2026-03-27T14:07:47.550+0900][51.681s][info][gc          ] GC(983) Concurrent Mark Cycle
[2026-03-27T14:07:47.550+0900][51.681s][info][gc,marking  ] GC(983) Concurrent Clear Claimed Marks
[2026-03-27T14:07:47.550+0900][51.681s][info][gc,marking  ] GC(983) Concurrent Clear Claimed Marks 0.013ms
[2026-03-27T14:07:47.550+0900][51.681s][info][gc,marking  ] GC(983) Concurrent Scan Root Regions
[2026-03-27T14:07:47.550+0900][51.681s][info][gc,marking  ] GC(983) Concurrent Scan Root Regions 0.174ms
[2026-03-27T14:07:47.550+0900][51.681s][info][gc,marking  ] GC(983) Concurrent Mark
[2026-03-27T14:07:47.550+0900][51.681s][info][gc,marking  ] GC(983) Concurrent Mark From Roots
[2026-03-27T14:07:47.550+0900][51.681s][info][gc,task     ] GC(983) Using 2 workers of 2 for marking
[2026-03-27T14:07:47.550+0900][51.682s][info][gc,marking  ] GC(983) Concurrent Mark From Roots 0.866ms
[2026-03-27T14:07:47.550+0900][51.682s][info][gc,marking  ] GC(983) Concurrent Preclean
[2026-03-27T14:07:47.550+0900][51.682s][info][gc,marking  ] GC(983) Concurrent Preclean 0.013ms
[2026-03-27T14:07:47.550+0900][51.682s][info][gc,start    ] GC(983) Pause Remark
[2026-03-27T14:07:47.550+0900][51.683s][info][gc          ] GC(983) Pause Remark 331M->331M(512M) 0.583ms
[2026-03-27T14:07:47.550+0900][51.683s][info][gc,cpu      ] GC(983) User=0.00s Sys=0.00s Real=0.00s
[2026-03-27T14:07:47.550+0900][51.683s][info][gc,marking  ] GC(983) Concurrent Mark 1.776ms
[2026-03-27T14:07:47.550+0900][51.683s][info][gc,marking  ] GC(983) Concurrent Rebuild Remembered Sets
[2026-03-27T14:07:47.550+0900][51.683s][info][gc,marking  ] GC(983) Concurrent Rebuild Remembered Sets 0.385ms
[2026-03-27T14:07:47.550+0900][51.683s][info][gc,start    ] GC(983) Pause Cleanup
[2026-03-27T14:07:47.550+0900][51.683s][info][gc          ] GC(983) Pause Cleanup 331M->331M(512M) 0.108ms
[2026-03-27T14:07:47.550+0900][51.683s][info][gc,cpu      ] GC(983) User=0.00s Sys=0.00s Real=0.00s
[2026-03-27T14:07:47.550+0900][51.684s][info][gc,marking  ] GC(983) Concurrent Cleanup for Next Mark
[2026-03-27T14:07:47.550+0900][51.684s][info][gc,marking  ] GC(983) Concurrent Cleanup for Next Mark 0.258ms
[2026-03-27T14:07:47.550+0900][51.684s][info][gc          ] GC(983) Concurrent Mark Cycle 3.211ms
[2026-03-27T14:07:47.613+0900][51.743s][info][gc,start    ] GC(984) Pause Young (Concurrent Start) (G1 Humongous Allocation)
[2026-03-27T14:07:47.613+0900][51.743s][info][gc,task     ] GC(984) Using 8 workers of 8 for evacuation
[2026-03-27T14:07:47.613+0900][51.745s][info][gc,phases   ] GC(984)   Pre Evacuate Collection Set: 0.3ms
[2026-03-27T14:07:47.613+0900][51.745s][info][gc,phases   ] GC(984)   Merge Heap Roots: 0.3ms
[2026-03-27T14:07:47.613+0900][51.745s][info][gc,phases   ] GC(984)   Evacuate Collection Set: 0.3ms
[2026-03-27T14:07:47.613+0900][51.745s][info][gc,phases   ] GC(984)   Post Evacuate Collection Set: 0.4ms
[2026-03-27T14:07:47.613+0900][51.745s][info][gc,phases   ] GC(984)   Other: 0.2ms
[2026-03-27T14:07:47.613+0900][51.745s][info][gc,heap     ] GC(984) Eden regions: 1->0(127)
[2026-03-27T14:07:47.613+0900][51.745s][info][gc,heap     ] GC(984) Survivor regions: 1->1(17)
[2026-03-27T14:07:47.613+0900][51.745s][info][gc,heap     ] GC(984) Old regions: 1->1
[2026-03-27T14:07:47.613+0900][51.745s][info][gc,heap     ] GC(984) Archive regions: 0->0
[2026-03-27T14:07:47.613+0900][51.745s][info][gc,heap     ] GC(984) Humongous regions: 331->330
[2026-03-27T14:07:47.613+0900][51.745s][info][gc,metaspace] GC(984) Metaspace: 166K(384K)->166K(384K) NonClass: 157K(256K)->157K(256K) Class: 9K(128K)->9K(128K)
[2026-03-27T14:07:47.613+0900][51.745s][info][gc          ] GC(984) Pause Young (Concurrent Start) (G1 Humongous Allocation) 332M->330M(512M) 2.097ms
[2026-03-27T14:07:47.613+0900][51.745s][info][gc,cpu      ] GC(984) User=0.02s Sys=0.00s Real=0.00s
[2026-03-27T14:07:47.613+0900][51.745s][info][gc          ] GC(985) Concurrent Mark Cycle
[2026-03-27T14:07:47.613+0900][51.746s][info][gc,marking  ] GC(985) Concurrent Clear Claimed Marks
[2026-03-27T14:07:47.613+0900][51.746s][info][gc,marking  ] GC(985) Concurrent Clear Claimed Marks 0.030ms
[2026-03-27T14:07:47.613+0900][51.746s][info][gc,marking  ] GC(985) Concurrent Scan Root Regions
[2026-03-27T14:07:47.613+0900][51.746s][info][gc,marking  ] GC(985) Concurrent Scan Root Regions 0.194ms
[2026-03-27T14:07:47.613+0900][51.746s][info][gc,marking  ] GC(985) Concurrent Mark
[2026-03-27T14:07:47.613+0900][51.746s][info][gc,marking  ] GC(985) Concurrent Mark From Roots
[2026-03-27T14:07:47.613+0900][51.746s][info][gc,task     ] GC(985) Using 2 workers of 2 for marking
[2026-03-27T14:07:47.613+0900][51.747s][info][gc,marking  ] GC(985) Concurrent Mark From Roots 1.396ms
[2026-03-27T14:07:47.613+0900][51.747s][info][gc,marking  ] GC(985) Concurrent Preclean
[2026-03-27T14:07:47.613+0900][51.747s][info][gc,marking  ] GC(985) Concurrent Preclean 0.030ms
[2026-03-27T14:07:47.613+0900][51.748s][info][gc,start    ] GC(985) Pause Remark
[2026-03-27T14:07:47.613+0900][51.748s][info][gc          ] GC(985) Pause Remark 331M->331M(512M) 0.644ms
[2026-03-27T14:07:47.613+0900][51.748s][info][gc,cpu      ] GC(985) User=0.00s Sys=0.00s Real=0.00s
[2026-03-27T14:07:47.613+0900][51.748s][info][gc,marking  ] GC(985) Concurrent Mark 2.554ms
[2026-03-27T14:07:47.613+0900][51.748s][info][gc,marking  ] GC(985) Concurrent Rebuild Remembered Sets
[2026-03-27T14:07:47.613+0900][51.749s][info][gc,marking  ] GC(985) Concurrent Rebuild Remembered Sets 0.701ms
[2026-03-27T14:07:47.613+0900][51.749s][info][gc,start    ] GC(985) Pause Cleanup
[2026-03-27T14:07:47.613+0900][51.750s][info][gc          ] GC(985) Pause Cleanup 331M->331M(512M) 0.262ms
[2026-03-27T14:07:47.613+0900][51.750s][info][gc,cpu      ] GC(985) User=0.00s Sys=0.00s Real=0.00s
[2026-03-27T14:07:47.613+0900][51.750s][info][gc,marking  ] GC(985) Concurrent Cleanup for Next Mark
[2026-03-27T14:07:47.613+0900][51.750s][info][gc,marking  ] GC(985) Concurrent Cleanup for Next Mark 0.319ms
[2026-03-27T14:07:47.613+0900][51.750s][info][gc          ] GC(985) Concurrent Mark Cycle 4.725ms
[2026-03-27T14:07:47.676+0900][51.807s][info][gc,start    ] GC(986) Pause Young (Concurrent Start) (G1 Humongous Allocation)
[2026-03-27T14:07:47.676+0900][51.807s][info][gc,task     ] GC(986) Using 8 workers of 8 for evacuation
[2026-03-27T14:07:47.676+0900][51.809s][info][gc,phases   ] GC(986)   Pre Evacuate Collection Set: 0.2ms
[2026-03-27T14:07:47.676+0900][51.809s][info][gc,phases   ] GC(986)   Merge Heap Roots: 0.5ms
[2026-03-27T14:07:47.676+0900][51.809s][info][gc,phases   ] GC(986)   Evacuate Collection Set: 0.3ms
[2026-03-27T14:07:47.676+0900][51.809s][info][gc,phases   ] GC(986)   Post Evacuate Collection Set: 0.6ms
[2026-03-27T14:07:47.676+0900][51.809s][info][gc,phases   ] GC(986)   Other: 0.3ms
[2026-03-27T14:07:47.676+0900][51.809s][info][gc,heap     ] GC(986) Eden regions: 1->0(127)
[2026-03-27T14:07:47.676+0900][51.809s][info][gc,heap     ] GC(986) Survivor regions: 1->1(16)
[2026-03-27T14:07:47.676+0900][51.809s][info][gc,heap     ] GC(986) Old regions: 1->1
[2026-03-27T14:07:47.676+0900][51.809s][info][gc,heap     ] GC(986) Archive regions: 0->0
[2026-03-27T14:07:47.676+0900][51.809s][info][gc,heap     ] GC(986) Humongous regions: 331->330
[2026-03-27T14:07:47.676+0900][51.809s][info][gc,metaspace] GC(986) Metaspace: 166K(384K)->166K(384K) NonClass: 157K(256K)->157K(256K) Class: 9K(128K)->9K(128K)
[2026-03-27T14:07:47.676+0900][51.809s][info][gc          ] GC(986) Pause Young (Concurrent Start) (G1 Humongous Allocation) 332M->330M(512M) 2.571ms
[2026-03-27T14:07:47.676+0900][51.810s][info][gc,cpu      ] GC(986) User=0.00s Sys=0.00s Real=0.00s
[2026-03-27T14:07:47.676+0900][51.810s][info][gc          ] GC(987) Concurrent Mark Cycle
[2026-03-27T14:07:47.676+0900][51.810s][info][gc,marking  ] GC(987) Concurrent Clear Claimed Marks
[2026-03-27T14:07:47.676+0900][51.810s][info][gc,marking  ] GC(987) Concurrent Clear Claimed Marks 0.045ms
[2026-03-27T14:07:47.676+0900][51.810s][info][gc,marking  ] GC(987) Concurrent Scan Root Regions
[2026-03-27T14:07:47.676+0900][51.810s][info][gc,marking  ] GC(987) Concurrent Scan Root Regions 0.186ms
[2026-03-27T14:07:47.676+0900][51.810s][info][gc,marking  ] GC(987) Concurrent Mark
[2026-03-27T14:07:47.676+0900][51.810s][info][gc,marking  ] GC(987) Concurrent Mark From Roots
[2026-03-27T14:07:47.676+0900][51.810s][info][gc,task     ] GC(987) Using 2 workers of 2 for marking
[2026-03-27T14:07:47.676+0900][51.812s][info][gc,marking  ] GC(987) Concurrent Mark From Roots 1.837ms
[2026-03-27T14:07:47.676+0900][51.812s][info][gc,marking  ] GC(987) Concurrent Preclean
[2026-03-27T14:07:47.676+0900][51.812s][info][gc,marking  ] GC(987) Concurrent Preclean 0.043ms
[2026-03-27T14:07:47.676+0900][51.813s][info][gc,start    ] GC(987) Pause Remark
[2026-03-27T14:07:47.676+0900][51.814s][info][gc          ] GC(987) Pause Remark 331M->331M(512M) 1.106ms
[2026-03-27T14:07:47.676+0900][51.814s][info][gc,cpu      ] GC(987) User=0.00s Sys=0.00s Real=0.00s
[2026-03-27T14:07:47.676+0900][51.814s][info][gc,marking  ] GC(987) Concurrent Mark 3.768ms
[2026-03-27T14:07:47.676+0900][51.814s][info][gc,marking  ] GC(987) Concurrent Rebuild Remembered Sets
[2026-03-27T14:07:47.685+0900][51.815s][info][gc,marking  ] GC(987) Concurrent Rebuild Remembered Sets 1.036ms
[2026-03-27T14:07:47.685+0900][51.815s][info][gc,start    ] GC(987) Pause Cleanup
[2026-03-27T14:07:47.685+0900][51.815s][info][gc          ] GC(987) Pause Cleanup 331M->331M(512M) 0.198ms
[2026-03-27T14:07:47.685+0900][51.816s][info][gc,cpu      ] GC(987) User=0.00s Sys=0.00s Real=0.00s
[2026-03-27T14:07:47.685+0900][51.816s][info][gc,marking  ] GC(987) Concurrent Cleanup for Next Mark
[2026-03-27T14:07:47.685+0900][51.816s][info][gc,marking  ] GC(987) Concurrent Cleanup for Next Mark 0.536ms
[2026-03-27T14:07:47.685+0900][51.816s][info][gc          ] GC(987) Concurrent Mark Cycle 6.610ms
[2026-03-27T14:07:47.740+0900][51.871s][info][gc,start    ] GC(988) Pause Young (Concurrent Start) (G1 Humongous Allocation)
[2026-03-27T14:07:47.740+0900][51.871s][info][gc,task     ] GC(988) Using 8 workers of 8 for evacuation
[2026-03-27T14:07:47.740+0900][51.872s][info][gc,phases   ] GC(988)   Pre Evacuate Collection Set: 0.2ms
[2026-03-27T14:07:47.740+0900][51.872s][info][gc,phases   ] GC(988)   Merge Heap Roots: 0.4ms
[2026-03-27T14:07:47.740+0900][51.872s][info][gc,phases   ] GC(988)   Evacuate Collection Set: 0.3ms
[2026-03-27T14:07:47.740+0900][51.872s][info][gc,phases   ] GC(988)   Post Evacuate Collection Set: 0.6ms
[2026-03-27T14:07:47.740+0900][51.872s][info][gc,phases   ] GC(988)   Other: 0.1ms
[2026-03-27T14:07:47.740+0900][51.872s][info][gc,heap     ] GC(988) Eden regions: 1->0(127)
[2026-03-27T14:07:47.740+0900][51.872s][info][gc,heap     ] GC(988) Survivor regions: 1->1(16)
[2026-03-27T14:07:47.740+0900][51.872s][info][gc,heap     ] GC(988) Old regions: 1->1
[2026-03-27T14:07:47.740+0900][51.872s][info][gc,heap     ] GC(988) Archive regions: 0->0
[2026-03-27T14:07:47.740+0900][51.872s][info][gc,heap     ] GC(988) Humongous regions: 331->330
[2026-03-27T14:07:47.740+0900][51.872s][info][gc,metaspace] GC(988) Metaspace: 166K(384K)->166K(384K) NonClass: 157K(256K)->157K(256K) Class: 9K(128K)->9K(128K)
[2026-03-27T14:07:47.740+0900][51.873s][info][gc          ] GC(988) Pause Young (Concurrent Start) (G1 Humongous Allocation) 332M->330M(512M) 1.993ms
[2026-03-27T14:07:47.740+0900][51.873s][info][gc,cpu      ] GC(988) User=0.00s Sys=0.00s Real=0.00s
[2026-03-27T14:07:47.740+0900][51.873s][info][gc          ] GC(989) Concurrent Mark Cycle
[2026-03-27T14:07:47.740+0900][51.873s][info][gc,marking  ] GC(989) Concurrent Clear Claimed Marks
[2026-03-27T14:07:47.740+0900][51.873s][info][gc,marking  ] GC(989) Concurrent Clear Claimed Marks 0.013ms
[2026-03-27T14:07:47.740+0900][51.873s][info][gc,marking  ] GC(989) Concurrent Scan Root Regions
[2026-03-27T14:07:47.740+0900][51.873s][info][gc,marking  ] GC(989) Concurrent Scan Root Regions 0.064ms
[2026-03-27T14:07:47.740+0900][51.873s][info][gc,marking  ] GC(989) Concurrent Mark
[2026-03-27T14:07:47.740+0900][51.873s][info][gc,marking  ] GC(989) Concurrent Mark From Roots
[2026-03-27T14:07:47.740+0900][51.873s][info][gc,task     ] GC(989) Using 2 workers of 2 for marking
[2026-03-27T14:07:47.740+0900][51.874s][info][gc,marking  ] GC(989) Concurrent Mark From Roots 0.877ms
[2026-03-27T14:07:47.740+0900][51.874s][info][gc,marking  ] GC(989) Concurrent Preclean
[2026-03-27T14:07:47.740+0900][51.874s][info][gc,marking  ] GC(989) Concurrent Preclean 0.013ms
[2026-03-27T14:07:47.740+0900][51.874s][info][gc,start    ] GC(989) Pause Remark
[2026-03-27T14:07:47.740+0900][51.874s][info][gc          ] GC(989) Pause Remark 331M->331M(512M) 0.533ms
[2026-03-27T14:07:47.740+0900][51.874s][info][gc,cpu      ] GC(989) User=0.00s Sys=0.00s Real=0.00s
[2026-03-27T14:07:47.740+0900][51.875s][info][gc,marking  ] GC(989) Concurrent Mark 1.814ms
[2026-03-27T14:07:47.740+0900][51.875s][info][gc,marking  ] GC(989) Concurrent Rebuild Remembered Sets
[2026-03-27T14:07:47.740+0900][51.875s][info][gc,marking  ] GC(989) Concurrent Rebuild Remembered Sets 0.460ms
[2026-03-27T14:07:47.740+0900][51.875s][info][gc,start    ] GC(989) Pause Cleanup
[2026-03-27T14:07:47.740+0900][51.875s][info][gc          ] GC(989) Pause Cleanup 331M->331M(512M) 0.149ms
[2026-03-27T14:07:47.740+0900][51.875s][info][gc,cpu      ] GC(989) User=0.00s Sys=0.00s Real=0.00s
[2026-03-27T14:07:47.740+0900][51.875s][info][gc,marking  ] GC(989) Concurrent Cleanup for Next Mark
[2026-03-27T14:07:47.740+0900][51.876s][info][gc,marking  ] GC(989) Concurrent Cleanup for Next Mark 0.279ms
[2026-03-27T14:07:47.740+0900][51.876s][info][gc          ] GC(989) Concurrent Mark Cycle 3.133ms
[2026-03-27T14:07:47.804+0900][51.934s][info][gc,start    ] GC(990) Pause Young (Concurrent Start) (G1 Humongous Allocation)
[2026-03-27T14:07:47.804+0900][51.935s][info][gc,task     ] GC(990) Using 8 workers of 8 for evacuation
[2026-03-27T14:07:47.804+0900][51.936s][info][gc,phases   ] GC(990)   Pre Evacuate Collection Set: 0.3ms
[2026-03-27T14:07:47.804+0900][51.936s][info][gc,phases   ] GC(990)   Merge Heap Roots: 0.3ms
[2026-03-27T14:07:47.804+0900][51.936s][info][gc,phases   ] GC(990)   Evacuate Collection Set: 0.2ms
[2026-03-27T14:07:47.804+0900][51.936s][info][gc,phases   ] GC(990)   Post Evacuate Collection Set: 0.7ms
[2026-03-27T14:07:47.804+0900][51.936s][info][gc,phases   ] GC(990)   Other: 0.2ms
[2026-03-27T14:07:47.804+0900][51.936s][info][gc,heap     ] GC(990) Eden regions: 1->0(127)
[2026-03-27T14:07:47.804+0900][51.936s][info][gc,heap     ] GC(990) Survivor regions: 1->1(16)
[2026-03-27T14:07:47.804+0900][51.936s][info][gc,heap     ] GC(990) Old regions: 1->1
[2026-03-27T14:07:47.804+0900][51.936s][info][gc,heap     ] GC(990) Archive regions: 0->0
[2026-03-27T14:07:47.804+0900][51.936s][info][gc,heap     ] GC(990) Humongous regions: 331->330
[2026-03-27T14:07:47.804+0900][51.936s][info][gc,metaspace] GC(990) Metaspace: 166K(384K)->166K(384K) NonClass: 157K(256K)->157K(256K) Class: 9K(128K)->9K(128K)
[2026-03-27T14:07:47.804+0900][51.937s][info][gc          ] GC(990) Pause Young (Concurrent Start) (G1 Humongous Allocation) 332M->330M(512M) 2.077ms
[2026-03-27T14:07:47.804+0900][51.937s][info][gc,cpu      ] GC(990) User=0.00s Sys=0.00s Real=0.00s
[2026-03-27T14:07:47.804+0900][51.937s][info][gc          ] GC(991) Concurrent Mark Cycle
[2026-03-27T14:07:47.804+0900][51.937s][info][gc,marking  ] GC(991) Concurrent Clear Claimed Marks
[2026-03-27T14:07:47.804+0900][51.937s][info][gc,marking  ] GC(991) Concurrent Clear Claimed Marks 0.027ms
[2026-03-27T14:07:47.804+0900][51.937s][info][gc,marking  ] GC(991) Concurrent Scan Root Regions
[2026-03-27T14:07:47.804+0900][51.937s][info][gc,marking  ] GC(991) Concurrent Scan Root Regions 0.188ms
[2026-03-27T14:07:47.804+0900][51.937s][info][gc,marking  ] GC(991) Concurrent Mark
[2026-03-27T14:07:47.804+0900][51.937s][info][gc,marking  ] GC(991) Concurrent Mark From Roots
[2026-03-27T14:07:47.804+0900][51.937s][info][gc,task     ] GC(991) Using 2 workers of 2 for marking
[2026-03-27T14:07:47.804+0900][51.938s][info][gc,marking  ] GC(991) Concurrent Mark From Roots 1.306ms
[2026-03-27T14:07:47.804+0900][51.938s][info][gc,marking  ] GC(991) Concurrent Preclean
[2026-03-27T14:07:47.804+0900][51.938s][info][gc,marking  ] GC(991) Concurrent Preclean 0.026ms
[2026-03-27T14:07:47.804+0900][51.939s][info][gc,start    ] GC(991) Pause Remark
[2026-03-27T14:07:47.804+0900][51.940s][info][gc          ] GC(991) Pause Remark 331M->331M(512M) 0.977ms
[2026-03-27T14:07:47.804+0900][51.940s][info][gc,cpu      ] GC(991) User=0.00s Sys=0.00s Real=0.00s
[2026-03-27T14:07:47.804+0900][51.940s][info][gc,marking  ] GC(991) Concurrent Mark 2.843ms
[2026-03-27T14:07:47.804+0900][51.940s][info][gc,marking  ] GC(991) Concurrent Rebuild Remembered Sets
[2026-03-27T14:07:47.804+0900][51.941s][info][gc,marking  ] GC(991) Concurrent Rebuild Remembered Sets 0.696ms
[2026-03-27T14:07:47.804+0900][51.941s][info][gc,start    ] GC(991) Pause Cleanup
[2026-03-27T14:07:47.804+0900][51.941s][info][gc          ] GC(991) Pause Cleanup 331M->331M(512M) 0.228ms
[2026-03-27T14:07:47.804+0900][51.941s][info][gc,cpu      ] GC(991) User=0.00s Sys=0.00s Real=0.00s
[2026-03-27T14:07:47.804+0900][51.941s][info][gc,marking  ] GC(991) Concurrent Cleanup for Next Mark
[2026-03-27T14:07:47.804+0900][51.942s][info][gc,marking  ] GC(991) Concurrent Cleanup for Next Mark 0.409ms
[2026-03-27T14:07:47.804+0900][51.942s][info][gc          ] GC(991) Concurrent Mark Cycle 5.145ms
[2026-03-27T14:07:47.868+0900][51.998s][info][gc,start    ] GC(992) Pause Young (Concurrent Start) (G1 Humongous Allocation)
[2026-03-27T14:07:47.868+0900][51.999s][info][gc,task     ] GC(992) Using 8 workers of 8 for evacuation
[2026-03-27T14:07:47.868+0900][52.000s][info][gc,phases   ] GC(992)   Pre Evacuate Collection Set: 0.3ms
[2026-03-27T14:07:47.868+0900][52.001s][info][gc,phases   ] GC(992)   Merge Heap Roots: 0.4ms
[2026-03-27T14:07:47.868+0900][52.001s][info][gc,phases   ] GC(992)   Evacuate Collection Set: 0.3ms
[2026-03-27T14:07:47.868+0900][52.001s][info][gc,phases   ] GC(992)   Post Evacuate Collection Set: 0.7ms
[2026-03-27T14:07:47.868+0900][52.001s][info][gc,phases   ] GC(992)   Other: 0.2ms
[2026-03-27T14:07:47.868+0900][52.001s][info][gc,heap     ] GC(992) Eden regions: 1->0(127)
[2026-03-27T14:07:47.868+0900][52.001s][info][gc,heap     ] GC(992) Survivor regions: 1->1(16)
[2026-03-27T14:07:47.868+0900][52.001s][info][gc,heap     ] GC(992) Old regions: 1->1
[2026-03-27T14:07:47.868+0900][52.001s][info][gc,heap     ] GC(992) Archive regions: 0->0
[2026-03-27T14:07:47.868+0900][52.001s][info][gc,heap     ] GC(992) Humongous regions: 331->330
[2026-03-27T14:07:47.868+0900][52.001s][info][gc,metaspace] GC(992) Metaspace: 166K(384K)->166K(384K) NonClass: 157K(256K)->157K(256K) Class: 9K(128K)->9K(128K)
[2026-03-27T14:07:47.868+0900][52.001s][info][gc          ] GC(992) Pause Young (Concurrent Start) (G1 Humongous Allocation) 332M->330M(512M) 2.489ms
[2026-03-27T14:07:47.868+0900][52.001s][info][gc,cpu      ] GC(992) User=0.00s Sys=0.00s Real=0.00s
[2026-03-27T14:07:47.868+0900][52.001s][info][gc          ] GC(993) Concurrent Mark Cycle
[2026-03-27T14:07:47.868+0900][52.001s][info][gc,marking  ] GC(993) Concurrent Clear Claimed Marks
[2026-03-27T14:07:47.868+0900][52.001s][info][gc,marking  ] GC(993) Concurrent Clear Claimed Marks 0.030ms
[2026-03-27T14:07:47.868+0900][52.001s][info][gc,marking  ] GC(993) Concurrent Scan Root Regions
[2026-03-27T14:07:47.868+0900][52.001s][info][gc,marking  ] GC(993) Concurrent Scan Root Regions 0.139ms
[2026-03-27T14:07:47.868+0900][52.001s][info][gc,marking  ] GC(993) Concurrent Mark
[2026-03-27T14:07:47.868+0900][52.001s][info][gc,marking  ] GC(993) Concurrent Mark From Roots
[2026-03-27T14:07:47.868+0900][52.001s][info][gc,task     ] GC(993) Using 2 workers of 2 for marking
[2026-03-27T14:07:47.868+0900][52.003s][info][gc,marking  ] GC(993) Concurrent Mark From Roots 1.482ms
[2026-03-27T14:07:47.868+0900][52.003s][info][gc,marking  ] GC(993) Concurrent Preclean
[2026-03-27T14:07:47.868+0900][52.003s][info][gc,marking  ] GC(993) Concurrent Preclean 0.033ms
[2026-03-27T14:07:47.868+0900][52.003s][info][gc,start    ] GC(993) Pause Remark
[2026-03-27T14:07:47.868+0900][52.005s][info][gc          ] GC(993) Pause Remark 333M->333M(512M) 1.229ms
[2026-03-27T14:07:47.868+0900][52.005s][info][gc,cpu      ] GC(993) User=0.00s Sys=0.00s Real=0.00s
[2026-03-27T14:07:47.868+0900][52.005s][info][gc,marking  ] GC(993) Concurrent Mark 3.352ms
[2026-03-27T14:07:47.868+0900][52.005s][info][gc,marking  ] GC(993) Concurrent Rebuild Remembered Sets
[2026-03-27T14:07:47.868+0900][52.006s][info][gc,marking  ] GC(993) Concurrent Rebuild Remembered Sets 0.858ms
[2026-03-27T14:07:47.868+0900][52.006s][info][gc,start    ] GC(993) Pause Cleanup
[2026-03-27T14:07:47.868+0900][52.006s][info][gc          ] GC(993) Pause Cleanup 333M->333M(512M) 0.281ms
[2026-03-27T14:07:47.868+0900][52.006s][info][gc,cpu      ] GC(993) User=0.00s Sys=0.00s Real=0.00s
[2026-03-27T14:07:47.868+0900][52.006s][info][gc,marking  ] GC(993) Concurrent Cleanup for Next Mark
[2026-03-27T14:07:47.868+0900][52.007s][info][gc,marking  ] GC(993) Concurrent Cleanup for Next Mark 0.565ms
[2026-03-27T14:07:47.868+0900][52.007s][info][gc          ] GC(993) Concurrent Mark Cycle 6.108ms
[2026-03-27T14:07:47.931+0900][52.061s][info][gc,start    ] GC(994) Pause Young (Concurrent Start) (G1 Humongous Allocation)
[2026-03-27T14:07:47.931+0900][52.062s][info][gc,task     ] GC(994) Using 8 workers of 8 for evacuation
[2026-03-27T14:07:47.931+0900][52.063s][info][gc,phases   ] GC(994)   Pre Evacuate Collection Set: 0.2ms
[2026-03-27T14:07:47.931+0900][52.063s][info][gc,phases   ] GC(994)   Merge Heap Roots: 0.2ms
[2026-03-27T14:07:47.931+0900][52.063s][info][gc,phases   ] GC(994)   Evacuate Collection Set: 0.3ms
[2026-03-27T14:07:47.931+0900][52.063s][info][gc,phases   ] GC(994)   Post Evacuate Collection Set: 0.6ms
[2026-03-27T14:07:47.931+0900][52.064s][info][gc,phases   ] GC(994)   Other: 0.3ms
[2026-03-27T14:07:47.931+0900][52.064s][info][gc,heap     ] GC(994) Eden regions: 1->0(125)
[2026-03-27T14:07:47.931+0900][52.064s][info][gc,heap     ] GC(994) Survivor regions: 1->1(16)
[2026-03-27T14:07:47.931+0900][52.064s][info][gc,heap     ] GC(994) Old regions: 1->1
[2026-03-27T14:07:47.931+0900][52.064s][info][gc,heap     ] GC(994) Archive regions: 0->0
[2026-03-27T14:07:47.931+0900][52.064s][info][gc,heap     ] GC(994) Humongous regions: 333->332
[2026-03-27T14:07:47.931+0900][52.064s][info][gc,metaspace] GC(994) Metaspace: 166K(384K)->166K(384K) NonClass: 157K(256K)->157K(256K) Class: 9K(128K)->9K(128K)
[2026-03-27T14:07:47.931+0900][52.064s][info][gc          ] GC(994) Pause Young (Concurrent Start) (G1 Humongous Allocation) 334M->332M(512M) 2.230ms
[2026-03-27T14:07:47.931+0900][52.064s][info][gc,cpu      ] GC(994) User=0.00s Sys=0.00s Real=0.00s
[2026-03-27T14:07:47.931+0900][52.064s][info][gc          ] GC(995) Concurrent Mark Cycle
[2026-03-27T14:07:47.931+0900][52.064s][info][gc,marking  ] GC(995) Concurrent Clear Claimed Marks
[2026-03-27T14:07:47.931+0900][52.064s][info][gc,marking  ] GC(995) Concurrent Clear Claimed Marks 0.034ms
[2026-03-27T14:07:47.931+0900][52.064s][info][gc,marking  ] GC(995) Concurrent Scan Root Regions
[2026-03-27T14:07:47.931+0900][52.064s][info][gc,marking  ] GC(995) Concurrent Scan Root Regions 0.189ms
[2026-03-27T14:07:47.931+0900][52.064s][info][gc,marking  ] GC(995) Concurrent Mark
[2026-03-27T14:07:47.931+0900][52.064s][info][gc,marking  ] GC(995) Concurrent Mark From Roots
[2026-03-27T14:07:47.931+0900][52.064s][info][gc,task     ] GC(995) Using 2 workers of 2 for marking
[2026-03-27T14:07:47.931+0900][52.066s][info][gc,marking  ] GC(995) Concurrent Mark From Roots 1.700ms
[2026-03-27T14:07:47.931+0900][52.066s][info][gc,marking  ] GC(995) Concurrent Preclean
[2026-03-27T14:07:47.931+0900][52.066s][info][gc,marking  ] GC(995) Concurrent Preclean 0.031ms
[2026-03-27T14:07:47.931+0900][52.066s][info][gc,start    ] GC(995) Pause Remark
[2026-03-27T14:07:47.931+0900][52.068s][info][gc          ] GC(995) Pause Remark 333M->333M(512M) 1.044ms
[2026-03-27T14:07:47.931+0900][52.068s][info][gc,cpu      ] GC(995) User=0.00s Sys=0.00s Real=0.00s
[2026-03-27T14:07:47.931+0900][52.068s][info][gc,marking  ] GC(995) Concurrent Mark 3.398ms
[2026-03-27T14:07:47.931+0900][52.068s][info][gc,marking  ] GC(995) Concurrent Rebuild Remembered Sets
[2026-03-27T14:07:47.931+0900][52.069s][info][gc,marking  ] GC(995) Concurrent Rebuild Remembered Sets 0.770ms
[2026-03-27T14:07:47.931+0900][52.069s][info][gc,start    ] GC(995) Pause Cleanup
[2026-03-27T14:07:47.931+0900][52.069s][info][gc          ] GC(995) Pause Cleanup 333M->333M(512M) 0.230ms
[2026-03-27T14:07:47.931+0900][52.069s][info][gc,cpu      ] GC(995) User=0.00s Sys=0.00s Real=0.00s
[2026-03-27T14:07:47.931+0900][52.069s][info][gc,marking  ] GC(995) Concurrent Cleanup for Next Mark
[2026-03-27T14:07:47.931+0900][52.070s][info][gc,marking  ] GC(995) Concurrent Cleanup for Next Mark 0.441ms
[2026-03-27T14:07:47.931+0900][52.070s][info][gc          ] GC(995) Concurrent Mark Cycle 5.910ms
[2026-03-27T14:07:47.995+0900][52.126s][info][gc,start    ] GC(996) Pause Young (Concurrent Start) (G1 Humongous Allocation)
[2026-03-27T14:07:47.995+0900][52.126s][info][gc,task     ] GC(996) Using 8 workers of 8 for evacuation
[2026-03-27T14:07:47.995+0900][52.127s][info][gc,phases   ] GC(996)   Pre Evacuate Collection Set: 0.3ms
[2026-03-27T14:07:47.995+0900][52.128s][info][gc,phases   ] GC(996)   Merge Heap Roots: 0.4ms
[2026-03-27T14:07:47.995+0900][52.128s][info][gc,phases   ] GC(996)   Evacuate Collection Set: 0.2ms
[2026-03-27T14:07:47.995+0900][52.128s][info][gc,phases   ] GC(996)   Post Evacuate Collection Set: 0.6ms
[2026-03-27T14:07:47.995+0900][52.128s][info][gc,phases   ] GC(996)   Other: 0.2ms
[2026-03-27T14:07:47.995+0900][52.128s][info][gc,heap     ] GC(996) Eden regions: 1->0(125)
[2026-03-27T14:07:47.995+0900][52.128s][info][gc,heap     ] GC(996) Survivor regions: 1->1(16)
[2026-03-27T14:07:47.995+0900][52.128s][info][gc,heap     ] GC(996) Old regions: 1->1
[2026-03-27T14:07:47.995+0900][52.128s][info][gc,heap     ] GC(996) Archive regions: 0->0
[2026-03-27T14:07:47.995+0900][52.128s][info][gc,heap     ] GC(996) Humongous regions: 333->332
[2026-03-27T14:07:47.995+0900][52.128s][info][gc,metaspace] GC(996) Metaspace: 166K(384K)->166K(384K) NonClass: 157K(256K)->157K(256K) Class: 9K(128K)->9K(128K)
[2026-03-27T14:07:47.995+0900][52.128s][info][gc          ] GC(996) Pause Young (Concurrent Start) (G1 Humongous Allocation) 334M->332M(512M) 2.602ms
[2026-03-27T14:07:47.995+0900][52.128s][info][gc,cpu      ] GC(996) User=0.00s Sys=0.00s Real=0.00s
[2026-03-27T14:07:47.995+0900][52.128s][info][gc          ] GC(997) Concurrent Mark Cycle
[2026-03-27T14:07:47.995+0900][52.128s][info][gc,marking  ] GC(997) Concurrent Clear Claimed Marks
[2026-03-27T14:07:47.995+0900][52.128s][info][gc,marking  ] GC(997) Concurrent Clear Claimed Marks 0.041ms
[2026-03-27T14:07:47.995+0900][52.129s][info][gc,marking  ] GC(997) Concurrent Scan Root Regions
[2026-03-27T14:07:47.995+0900][52.129s][info][gc,marking  ] GC(997) Concurrent Scan Root Regions 0.228ms
[2026-03-27T14:07:47.995+0900][52.129s][info][gc,marking  ] GC(997) Concurrent Mark
[2026-03-27T14:07:47.995+0900][52.129s][info][gc,marking  ] GC(997) Concurrent Mark From Roots
[2026-03-27T14:07:47.995+0900][52.129s][info][gc,task     ] GC(997) Using 2 workers of 2 for marking
[2026-03-27T14:07:47.995+0900][52.131s][info][gc,marking  ] GC(997) Concurrent Mark From Roots 2.092ms
[2026-03-27T14:07:47.995+0900][52.131s][info][gc,marking  ] GC(997) Concurrent Preclean
[2026-03-27T14:07:47.995+0900][52.131s][info][gc,marking  ] GC(997) Concurrent Preclean 0.042ms
[2026-03-27T14:07:47.995+0900][52.132s][info][gc,start    ] GC(997) Pause Remark
[2026-03-27T14:07:47.995+0900][52.133s][info][gc          ] GC(997) Pause Remark 333M->333M(512M) 1.159ms
[2026-03-27T14:07:47.995+0900][52.133s][info][gc,cpu      ] GC(997) User=0.00s Sys=0.00s Real=0.00s
[2026-03-27T14:07:47.995+0900][52.133s][info][gc,marking  ] GC(997) Concurrent Mark 4.100ms
[2026-03-27T14:07:47.995+0900][52.133s][info][gc,marking  ] GC(997) Concurrent Rebuild Remembered Sets
[2026-03-27T14:07:47.995+0900][52.134s][info][gc,marking  ] GC(997) Concurrent Rebuild Remembered Sets 1.147ms
[2026-03-27T14:07:47.995+0900][52.135s][info][gc,start    ] GC(997) Pause Cleanup
[2026-03-27T14:07:47.995+0900][52.135s][info][gc          ] GC(997) Pause Cleanup 333M->333M(512M) 0.325ms
[2026-03-27T14:07:47.995+0900][52.135s][info][gc,cpu      ] GC(997) User=0.00s Sys=0.00s Real=0.00s
[2026-03-27T14:07:47.995+0900][52.135s][info][gc,marking  ] GC(997) Concurrent Cleanup for Next Mark
[2026-03-27T14:07:47.995+0900][52.136s][info][gc,marking  ] GC(997) Concurrent Cleanup for Next Mark 0.610ms
[2026-03-27T14:07:47.995+0900][52.136s][info][gc          ] GC(997) Concurrent Mark Cycle 7.558ms
[2026-03-27T14:07:48.059+0900][52.189s][info][gc,start    ] GC(998) Pause Young (Concurrent Start) (G1 Humongous Allocation)
[2026-03-27T14:07:48.059+0900][52.189s][info][gc,task     ] GC(998) Using 8 workers of 8 for evacuation
[2026-03-27T14:07:48.059+0900][52.191s][info][gc,phases   ] GC(998)   Pre Evacuate Collection Set: 0.2ms
[2026-03-27T14:07:48.059+0900][52.191s][info][gc,phases   ] GC(998)   Merge Heap Roots: 0.2ms
[2026-03-27T14:07:48.059+0900][52.191s][info][gc,phases   ] GC(998)   Evacuate Collection Set: 0.2ms
[2026-03-27T14:07:48.059+0900][52.191s][info][gc,phases   ] GC(998)   Post Evacuate Collection Set: 0.7ms
[2026-03-27T14:07:48.059+0900][52.191s][info][gc,phases   ] GC(998)   Other: 0.2ms
[2026-03-27T14:07:48.059+0900][52.191s][info][gc,heap     ] GC(998) Eden regions: 1->0(125)
[2026-03-27T14:07:48.059+0900][52.191s][info][gc,heap     ] GC(998) Survivor regions: 1->1(16)
[2026-03-27T14:07:48.059+0900][52.191s][info][gc,heap     ] GC(998) Old regions: 1->1
[2026-03-27T14:07:48.059+0900][52.191s][info][gc,heap     ] GC(998) Archive regions: 0->0
[2026-03-27T14:07:48.059+0900][52.191s][info][gc,heap     ] GC(998) Humongous regions: 333->332
[2026-03-27T14:07:48.059+0900][52.191s][info][gc,metaspace] GC(998) Metaspace: 166K(384K)->166K(384K) NonClass: 157K(256K)->157K(256K) Class: 9K(128K)->9K(128K)
[2026-03-27T14:07:48.059+0900][52.191s][info][gc          ] GC(998) Pause Young (Concurrent Start) (G1 Humongous Allocation) 334M->332M(512M) 1.954ms
[2026-03-27T14:07:48.059+0900][52.191s][info][gc,cpu      ] GC(998) User=0.00s Sys=0.00s Real=0.00s
[2026-03-27T14:07:48.059+0900][52.191s][info][gc          ] GC(999) Concurrent Mark Cycle
[2026-03-27T14:07:48.059+0900][52.191s][info][gc,marking  ] GC(999) Concurrent Clear Claimed Marks
[2026-03-27T14:07:48.059+0900][52.191s][info][gc,marking  ] GC(999) Concurrent Clear Claimed Marks 0.021ms
[2026-03-27T14:07:48.059+0900][52.191s][info][gc,marking  ] GC(999) Concurrent Scan Root Regions
[2026-03-27T14:07:48.059+0900][52.191s][info][gc,marking  ] GC(999) Concurrent Scan Root Regions 0.099ms
[2026-03-27T14:07:48.059+0900][52.191s][info][gc,marking  ] GC(999) Concurrent Mark
[2026-03-27T14:07:48.059+0900][52.191s][info][gc,marking  ] GC(999) Concurrent Mark From Roots
[2026-03-27T14:07:48.059+0900][52.191s][info][gc,task     ] GC(999) Using 2 workers of 2 for marking
[2026-03-27T14:07:48.059+0900][52.192s][info][gc,marking  ] GC(999) Concurrent Mark From Roots 0.937ms
[2026-03-27T14:07:48.059+0900][52.192s][info][gc,marking  ] GC(999) Concurrent Preclean
[2026-03-27T14:07:48.059+0900][52.192s][info][gc,marking  ] GC(999) Concurrent Preclean 0.011ms
[2026-03-27T14:07:48.059+0900][52.193s][info][gc,start    ] GC(999) Pause Remark
[2026-03-27T14:07:48.059+0900][52.193s][info][gc          ] GC(999) Pause Remark 333M->333M(512M) 0.519ms
[2026-03-27T14:07:48.059+0900][52.193s][info][gc,cpu      ] GC(999) User=0.00s Sys=0.00s Real=0.00s
[2026-03-27T14:07:48.059+0900][52.193s][info][gc,marking  ] GC(999) Concurrent Mark 1.800ms
[2026-03-27T14:07:48.059+0900][52.193s][info][gc,marking  ] GC(999) Concurrent Rebuild Remembered Sets
[2026-03-27T14:07:48.059+0900][52.194s][info][gc,marking  ] GC(999) Concurrent Rebuild Remembered Sets 0.381ms
[2026-03-27T14:07:48.059+0900][52.194s][info][gc,start    ] GC(999) Pause Cleanup
[2026-03-27T14:07:48.059+0900][52.194s][info][gc          ] GC(999) Pause Cleanup 333M->333M(512M) 0.100ms
[2026-03-27T14:07:48.059+0900][52.194s][info][gc,cpu      ] GC(999) User=0.00s Sys=0.00s Real=0.00s
[2026-03-27T14:07:48.059+0900][52.194s][info][gc,marking  ] GC(999) Concurrent Cleanup for Next Mark
[2026-03-27T14:07:48.059+0900][52.194s][info][gc,marking  ] GC(999) Concurrent Cleanup for Next Mark 0.230ms
[2026-03-27T14:07:48.059+0900][52.194s][info][gc          ] GC(999) Concurrent Mark Cycle 3.146ms
[2026-03-27T14:07:48.122+0900][52.252s][info][gc,start    ] GC(1000) Pause Young (Concurrent Start) (G1 Humongous Allocation)
[2026-03-27T14:07:48.122+0900][52.253s][info][gc,task     ] GC(1000) Using 8 workers of 8 for evacuation
[2026-03-27T14:07:48.122+0900][52.254s][info][gc,phases   ] GC(1000)   Pre Evacuate Collection Set: 0.2ms
[2026-03-27T14:07:48.122+0900][52.255s][info][gc,phases   ] GC(1000)   Merge Heap Roots: 0.3ms
[2026-03-27T14:07:48.122+0900][52.255s][info][gc,phases   ] GC(1000)   Evacuate Collection Set: 0.3ms
[2026-03-27T14:07:48.122+0900][52.255s][info][gc,phases   ] GC(1000)   Post Evacuate Collection Set: 0.7ms
[2026-03-27T14:07:48.122+0900][52.255s][info][gc,phases   ] GC(1000)   Other: 0.2ms
[2026-03-27T14:07:48.122+0900][52.255s][info][gc,heap     ] GC(1000) Eden regions: 1->0(125)
[2026-03-27T14:07:48.122+0900][52.255s][info][gc,heap     ] GC(1000) Survivor regions: 1->1(16)
[2026-03-27T14:07:48.122+0900][52.255s][info][gc,heap     ] GC(1000) Old regions: 1->1
[2026-03-27T14:07:48.122+0900][52.255s][info][gc,heap     ] GC(1000) Archive regions: 0->0
[2026-03-27T14:07:48.122+0900][52.255s][info][gc,heap     ] GC(1000) Humongous regions: 333->332
[2026-03-27T14:07:48.122+0900][52.255s][info][gc,metaspace] GC(1000) Metaspace: 166K(384K)->166K(384K) NonClass: 157K(256K)->157K(256K) Class: 9K(128K)->9K(128K)
[2026-03-27T14:07:48.122+0900][52.255s][info][gc          ] GC(1000) Pause Young (Concurrent Start) (G1 Humongous Allocation) 334M->332M(512M) 2.478ms
[2026-03-27T14:07:48.122+0900][52.255s][info][gc,cpu      ] GC(1000) User=0.00s Sys=0.00s Real=0.00s
[2026-03-27T14:07:48.122+0900][52.255s][info][gc          ] GC(1001) Concurrent Mark Cycle
[2026-03-27T14:07:48.122+0900][52.255s][info][gc,marking  ] GC(1001) Concurrent Clear Claimed Marks
[2026-03-27T14:07:48.122+0900][52.255s][info][gc,marking  ] GC(1001) Concurrent Clear Claimed Marks 0.034ms
[2026-03-27T14:07:48.122+0900][52.255s][info][gc,marking  ] GC(1001) Concurrent Scan Root Regions
[2026-03-27T14:07:48.122+0900][52.255s][info][gc,marking  ] GC(1001) Concurrent Scan Root Regions 0.178ms
[2026-03-27T14:07:48.122+0900][52.255s][info][gc,marking  ] GC(1001) Concurrent Mark
[2026-03-27T14:07:48.122+0900][52.256s][info][gc,marking  ] GC(1001) Concurrent Mark From Roots
[2026-03-27T14:07:48.122+0900][52.256s][info][gc,task     ] GC(1001) Using 2 workers of 2 for marking
[2026-03-27T14:07:48.122+0900][52.257s][info][gc,marking  ] GC(1001) Concurrent Mark From Roots 1.437ms
[2026-03-27T14:07:48.122+0900][52.257s][info][gc,marking  ] GC(1001) Concurrent Preclean
[2026-03-27T14:07:48.122+0900][52.257s][info][gc,marking  ] GC(1001) Concurrent Preclean 0.032ms
[2026-03-27T14:07:48.122+0900][52.257s][info][gc,start    ] GC(1001) Pause Remark
[2026-03-27T14:07:48.122+0900][52.258s][info][gc          ] GC(1001) Pause Remark 333M->333M(512M) 0.796ms
[2026-03-27T14:07:48.122+0900][52.258s][info][gc,cpu      ] GC(1001) User=0.00s Sys=0.00s Real=0.00s
[2026-03-27T14:07:48.122+0900][52.258s][info][gc,marking  ] GC(1001) Concurrent Mark 2.877ms
[2026-03-27T14:07:48.122+0900][52.258s][info][gc,marking  ] GC(1001) Concurrent Rebuild Remembered Sets
[2026-03-27T14:07:48.122+0900][52.259s][info][gc,marking  ] GC(1001) Concurrent Rebuild Remembered Sets 0.860ms
[2026-03-27T14:07:48.122+0900][52.260s][info][gc,start    ] GC(1001) Pause Cleanup
[2026-03-27T14:07:48.122+0900][52.260s][info][gc          ] GC(1001) Pause Cleanup 333M->333M(512M) 0.388ms
[2026-03-27T14:07:48.122+0900][52.260s][info][gc,cpu      ] GC(1001) User=0.00s Sys=0.00s Real=0.00s
[2026-03-27T14:07:48.122+0900][52.260s][info][gc,marking  ] GC(1001) Concurrent Cleanup for Next Mark
[2026-03-27T14:07:48.122+0900][52.260s][info][gc,marking  ] GC(1001) Concurrent Cleanup for Next Mark 0.357ms
[2026-03-27T14:07:48.122+0900][52.260s][info][gc          ] GC(1001) Concurrent Mark Cycle 5.351ms
[2026-03-27T14:07:48.185+0900][52.316s][info][gc,start    ] GC(1002) Pause Young (Concurrent Start) (G1 Humongous Allocation)
[2026-03-27T14:07:48.185+0900][52.316s][info][gc,task     ] GC(1002) Using 8 workers of 8 for evacuation
[2026-03-27T14:07:48.186+0900][52.316s][info][gc,phases   ] GC(1002)   Pre Evacuate Collection Set: 0.1ms
[2026-03-27T14:07:48.186+0900][52.317s][info][gc,phases   ] GC(1002)   Merge Heap Roots: 0.2ms
[2026-03-27T14:07:48.186+0900][52.317s][info][gc,phases   ] GC(1002)   Evacuate Collection Set: 0.1ms
[2026-03-27T14:07:48.186+0900][52.317s][info][gc,phases   ] GC(1002)   Post Evacuate Collection Set: 0.4ms
[2026-03-27T14:07:48.186+0900][52.317s][info][gc,phases   ] GC(1002)   Other: 0.1ms
[2026-03-27T14:07:48.186+0900][52.317s][info][gc,heap     ] GC(1002) Eden regions: 1->0(125)
[2026-03-27T14:07:48.186+0900][52.317s][info][gc,heap     ] GC(1002) Survivor regions: 1->1(16)
[2026-03-27T14:07:48.186+0900][52.317s][info][gc,heap     ] GC(1002) Old regions: 1->1
[2026-03-27T14:07:48.186+0900][52.317s][info][gc,heap     ] GC(1002) Archive regions: 0->0
[2026-03-27T14:07:48.186+0900][52.317s][info][gc,heap     ] GC(1002) Humongous regions: 333->332
[2026-03-27T14:07:48.186+0900][52.317s][info][gc,metaspace] GC(1002) Metaspace: 166K(384K)->166K(384K) NonClass: 157K(256K)->157K(256K) Class: 9K(128K)->9K(128K)
[2026-03-27T14:07:48.186+0900][52.317s][info][gc          ] GC(1002) Pause Young (Concurrent Start) (G1 Humongous Allocation) 334M->332M(512M) 1.217ms
[2026-03-27T14:07:48.186+0900][52.317s][info][gc,cpu      ] GC(1002) User=0.00s Sys=0.00s Real=0.00s
[2026-03-27T14:07:48.186+0900][52.317s][info][gc          ] GC(1003) Concurrent Mark Cycle
[2026-03-27T14:07:48.186+0900][52.317s][info][gc,marking  ] GC(1003) Concurrent Clear Claimed Marks
[2026-03-27T14:07:48.186+0900][52.317s][info][gc,marking  ] GC(1003) Concurrent Clear Claimed Marks 0.021ms
[2026-03-27T14:07:48.186+0900][52.317s][info][gc,marking  ] GC(1003) Concurrent Scan Root Regions
[2026-03-27T14:07:48.186+0900][52.317s][info][gc,marking  ] GC(1003) Concurrent Scan Root Regions 0.047ms
[2026-03-27T14:07:48.186+0900][52.317s][info][gc,marking  ] GC(1003) Concurrent Mark
[2026-03-27T14:07:48.186+0900][52.317s][info][gc,marking  ] GC(1003) Concurrent Mark From Roots
[2026-03-27T14:07:48.186+0900][52.317s][info][gc,task     ] GC(1003) Using 2 workers of 2 for marking
[2026-03-27T14:07:48.186+0900][52.318s][info][gc,marking  ] GC(1003) Concurrent Mark From Roots 0.849ms
[2026-03-27T14:07:48.186+0900][52.318s][info][gc,marking  ] GC(1003) Concurrent Preclean
[2026-03-27T14:07:48.186+0900][52.318s][info][gc,marking  ] GC(1003) Concurrent Preclean 0.013ms
[2026-03-27T14:07:48.186+0900][52.318s][info][gc,start    ] GC(1003) Pause Remark
[2026-03-27T14:07:48.186+0900][52.319s][info][gc          ] GC(1003) Pause Remark 335M->335M(512M) 0.732ms
[2026-03-27T14:07:48.186+0900][52.319s][info][gc,cpu      ] GC(1003) User=0.00s Sys=0.00s Real=0.00s
[2026-03-27T14:07:48.186+0900][52.319s][info][gc,marking  ] GC(1003) Concurrent Mark 1.948ms
[2026-03-27T14:07:48.186+0900][52.319s][info][gc,marking  ] GC(1003) Concurrent Rebuild Remembered Sets
[2026-03-27T14:07:48.186+0900][52.319s][info][gc,marking  ] GC(1003) Concurrent Rebuild Remembered Sets 0.465ms
[2026-03-27T14:07:48.186+0900][52.320s][info][gc,start    ] GC(1003) Pause Cleanup
[2026-03-27T14:07:48.186+0900][52.320s][info][gc          ] GC(1003) Pause Cleanup 335M->335M(512M) 0.209ms
[2026-03-27T14:07:48.186+0900][52.320s][info][gc,cpu      ] GC(1003) User=0.00s Sys=0.00s Real=0.00s
[2026-03-27T14:07:48.186+0900][52.320s][info][gc,marking  ] GC(1003) Concurrent Cleanup for Next Mark
[2026-03-27T14:07:48.186+0900][52.320s][info][gc,marking  ] GC(1003) Concurrent Cleanup for Next Mark 0.305ms
[2026-03-27T14:07:48.186+0900][52.320s][info][gc          ] GC(1003) Concurrent Mark Cycle 3.416ms
[2026-03-27T14:07:48.249+0900][52.380s][info][gc,start    ] GC(1004) Pause Young (Concurrent Start) (G1 Humongous Allocation)
[2026-03-27T14:07:48.249+0900][52.380s][info][gc,task     ] GC(1004) Using 8 workers of 8 for evacuation
[2026-03-27T14:07:48.249+0900][52.382s][info][gc,phases   ] GC(1004)   Pre Evacuate Collection Set: 0.3ms
[2026-03-27T14:07:48.249+0900][52.382s][info][gc,phases   ] GC(1004)   Merge Heap Roots: 0.4ms
[2026-03-27T14:07:48.249+0900][52.382s][info][gc,phases   ] GC(1004)   Evacuate Collection Set: 0.4ms
[2026-03-27T14:07:48.249+0900][52.382s][info][gc,phases   ] GC(1004)   Post Evacuate Collection Set: 0.8ms
[2026-03-27T14:07:48.249+0900][52.382s][info][gc,phases   ] GC(1004)   Other: 0.3ms
[2026-03-27T14:07:48.249+0900][52.382s][info][gc,heap     ] GC(1004) Eden regions: 1->0(123)
[2026-03-27T14:07:48.249+0900][52.382s][info][gc,heap     ] GC(1004) Survivor regions: 1->1(16)
[2026-03-27T14:07:48.249+0900][52.382s][info][gc,heap     ] GC(1004) Old regions: 1->1
[2026-03-27T14:07:48.249+0900][52.382s][info][gc,heap     ] GC(1004) Archive regions: 0->0
[2026-03-27T14:07:48.249+0900][52.383s][info][gc,heap     ] GC(1004) Humongous regions: 335->334
[2026-03-27T14:07:48.249+0900][52.383s][info][gc,metaspace] GC(1004) Metaspace: 166K(384K)->166K(384K) NonClass: 157K(256K)->157K(256K) Class: 9K(128K)->9K(128K)
[2026-03-27T14:07:48.249+0900][52.383s][info][gc          ] GC(1004) Pause Young (Concurrent Start) (G1 Humongous Allocation) 336M->334M(512M) 2.805ms
[2026-03-27T14:07:48.249+0900][52.383s][info][gc,cpu      ] GC(1004) User=0.00s Sys=0.00s Real=0.00s
[2026-03-27T14:07:48.249+0900][52.383s][info][gc          ] GC(1005) Concurrent Mark Cycle
[2026-03-27T14:07:48.249+0900][52.383s][info][gc,marking  ] GC(1005) Concurrent Clear Claimed Marks
[2026-03-27T14:07:48.249+0900][52.383s][info][gc,marking  ] GC(1005) Concurrent Clear Claimed Marks 0.041ms
[2026-03-27T14:07:48.249+0900][52.383s][info][gc,marking  ] GC(1005) Concurrent Scan Root Regions
[2026-03-27T14:07:48.249+0900][52.383s][info][gc,marking  ] GC(1005) Concurrent Scan Root Regions 0.264ms
[2026-03-27T14:07:48.249+0900][52.383s][info][gc,marking  ] GC(1005) Concurrent Mark
[2026-03-27T14:07:48.249+0900][52.384s][info][gc,marking  ] GC(1005) Concurrent Mark From Roots
[2026-03-27T14:07:48.249+0900][52.384s][info][gc,task     ] GC(1005) Using 2 workers of 2 for marking
[2026-03-27T14:07:48.249+0900][52.386s][info][gc,marking  ] GC(1005) Concurrent Mark From Roots 2.045ms
[2026-03-27T14:07:48.249+0900][52.386s][info][gc,marking  ] GC(1005) Concurrent Preclean
[2026-03-27T14:07:48.249+0900][52.386s][info][gc,marking  ] GC(1005) Concurrent Preclean 0.045ms
[2026-03-27T14:07:48.249+0900][52.386s][info][gc,start    ] GC(1005) Pause Remark
[2026-03-27T14:07:48.249+0900][52.388s][info][gc          ] GC(1005) Pause Remark 335M->335M(512M) 1.596ms
[2026-03-27T14:07:48.249+0900][52.388s][info][gc,cpu      ] GC(1005) User=0.00s Sys=0.00s Real=0.00s
[2026-03-27T14:07:48.249+0900][52.388s][info][gc,marking  ] GC(1005) Concurrent Mark 4.542ms
[2026-03-27T14:07:48.249+0900][52.388s][info][gc,marking  ] GC(1005) Concurrent Rebuild Remembered Sets
[2026-03-27T14:07:48.249+0900][52.389s][info][gc,marking  ] GC(1005) Concurrent Rebuild Remembered Sets 1.125ms
[2026-03-27T14:07:48.249+0900][52.390s][info][gc,start    ] GC(1005) Pause Cleanup
[2026-03-27T14:07:48.249+0900][52.390s][info][gc          ] GC(1005) Pause Cleanup 335M->335M(512M) 0.357ms
[2026-03-27T14:07:48.249+0900][52.390s][info][gc,cpu      ] GC(1005) User=0.00s Sys=0.00s Real=0.00s
[2026-03-27T14:07:48.249+0900][52.390s][info][gc,marking  ] GC(1005) Concurrent Cleanup for Next Mark
[2026-03-27T14:07:48.249+0900][52.391s][info][gc,marking  ] GC(1005) Concurrent Cleanup for Next Mark 0.657ms
[2026-03-27T14:07:48.249+0900][52.391s][info][gc          ] GC(1005) Concurrent Mark Cycle 8.066ms
[2026-03-27T14:07:48.314+0900][52.444s][info][gc,start    ] GC(1006) Pause Young (Concurrent Start) (G1 Humongous Allocation)
[2026-03-27T14:07:48.314+0900][52.444s][info][gc,task     ] GC(1006) Using 8 workers of 8 for evacuation
[2026-03-27T14:07:48.314+0900][52.446s][info][gc,phases   ] GC(1006)   Pre Evacuate Collection Set: 0.3ms
[2026-03-27T14:07:48.314+0900][52.447s][info][gc,phases   ] GC(1006)   Merge Heap Roots: 0.4ms
[2026-03-27T14:07:48.314+0900][52.447s][info][gc,phases   ] GC(1006)   Evacuate Collection Set: 0.3ms
[2026-03-27T14:07:48.314+0900][52.447s][info][gc,phases   ] GC(1006)   Post Evacuate Collection Set: 0.9ms
[2026-03-27T14:07:48.314+0900][52.447s][info][gc,phases   ] GC(1006)   Other: 0.3ms
[2026-03-27T14:07:48.314+0900][52.447s][info][gc,heap     ] GC(1006) Eden regions: 1->0(123)
[2026-03-27T14:07:48.314+0900][52.447s][info][gc,heap     ] GC(1006) Survivor regions: 1->1(16)
[2026-03-27T14:07:48.314+0900][52.447s][info][gc,heap     ] GC(1006) Old regions: 1->1
[2026-03-27T14:07:48.314+0900][52.447s][info][gc,heap     ] GC(1006) Archive regions: 0->0
[2026-03-27T14:07:48.314+0900][52.447s][info][gc,heap     ] GC(1006) Humongous regions: 335->334
[2026-03-27T14:07:48.314+0900][52.447s][info][gc,metaspace] GC(1006) Metaspace: 166K(384K)->166K(384K) NonClass: 157K(256K)->157K(256K) Class: 9K(128K)->9K(128K)
[2026-03-27T14:07:48.314+0900][52.447s][info][gc          ] GC(1006) Pause Young (Concurrent Start) (G1 Humongous Allocation) 336M->334M(512M) 2.770ms
[2026-03-27T14:07:48.314+0900][52.447s][info][gc,cpu      ] GC(1006) User=0.00s Sys=0.00s Real=0.00s
[2026-03-27T14:07:48.314+0900][52.447s][info][gc          ] GC(1007) Concurrent Mark Cycle
[2026-03-27T14:07:48.314+0900][52.447s][info][gc,marking  ] GC(1007) Concurrent Clear Claimed Marks
[2026-03-27T14:07:48.314+0900][52.447s][info][gc,marking  ] GC(1007) Concurrent Clear Claimed Marks 0.049ms
[2026-03-27T14:07:48.314+0900][52.447s][info][gc,marking  ] GC(1007) Concurrent Scan Root Regions
[2026-03-27T14:07:48.314+0900][52.448s][info][gc,marking  ] GC(1007) Concurrent Scan Root Regions 0.201ms
[2026-03-27T14:07:48.314+0900][52.448s][info][gc,marking  ] GC(1007) Concurrent Mark
[2026-03-27T14:07:48.314+0900][52.448s][info][gc,marking  ] GC(1007) Concurrent Mark From Roots
[2026-03-27T14:07:48.314+0900][52.448s][info][gc,task     ] GC(1007) Using 2 workers of 2 for marking
[2026-03-27T14:07:48.314+0900][52.450s][info][gc,marking  ] GC(1007) Concurrent Mark From Roots 2.090ms
[2026-03-27T14:07:48.314+0900][52.450s][info][gc,marking  ] GC(1007) Concurrent Preclean
[2026-03-27T14:07:48.314+0900][52.450s][info][gc,marking  ] GC(1007) Concurrent Preclean 0.045ms
[2026-03-27T14:07:48.314+0900][52.450s][info][gc,start    ] GC(1007) Pause Remark
[2026-03-27T14:07:48.314+0900][52.452s][info][gc          ] GC(1007) Pause Remark 335M->335M(512M) 1.416ms
[2026-03-27T14:07:48.314+0900][52.452s][info][gc,cpu      ] GC(1007) User=0.00s Sys=0.00s Real=0.00s
[2026-03-27T14:07:48.314+0900][52.452s][info][gc,marking  ] GC(1007) Concurrent Mark 4.423ms
[2026-03-27T14:07:48.314+0900][52.452s][info][gc,marking  ] GC(1007) Concurrent Rebuild Remembered Sets
[2026-03-27T14:07:48.314+0900][52.453s][info][gc,marking  ] GC(1007) Concurrent Rebuild Remembered Sets 1.167ms
[2026-03-27T14:07:48.314+0900][52.454s][info][gc,start    ] GC(1007) Pause Cleanup
[2026-03-27T14:07:48.314+0900][52.454s][info][gc          ] GC(1007) Pause Cleanup 335M->335M(512M) 0.388ms
[2026-03-27T14:07:48.314+0900][52.454s][info][gc,cpu      ] GC(1007) User=0.00s Sys=0.00s Real=0.00s
[2026-03-27T14:07:48.314+0900][52.455s][info][gc,marking  ] GC(1007) Concurrent Cleanup for Next Mark
[2026-03-27T14:07:48.314+0900][52.455s][info][gc,marking  ] GC(1007) Concurrent Cleanup for Next Mark 0.759ms
[2026-03-27T14:07:48.314+0900][52.455s][info][gc          ] GC(1007) Concurrent Mark Cycle 8.240ms
[2026-03-27T14:07:48.378+0900][52.509s][info][gc,start    ] GC(1008) Pause Young (Concurrent Start) (G1 Humongous Allocation)
[2026-03-27T14:07:48.378+0900][52.509s][info][gc,task     ] GC(1008) Using 8 workers of 8 for evacuation
[2026-03-27T14:07:48.378+0900][52.510s][info][gc,phases   ] GC(1008)   Pre Evacuate Collection Set: 0.1ms
[2026-03-27T14:07:48.378+0900][52.510s][info][gc,phases   ] GC(1008)   Merge Heap Roots: 0.2ms
[2026-03-27T14:07:48.378+0900][52.510s][info][gc,phases   ] GC(1008)   Evacuate Collection Set: 0.1ms
[2026-03-27T14:07:48.378+0900][52.510s][info][gc,phases   ] GC(1008)   Post Evacuate Collection Set: 0.5ms
[2026-03-27T14:07:48.378+0900][52.510s][info][gc,phases   ] GC(1008)   Other: 0.1ms
[2026-03-27T14:07:48.378+0900][52.510s][info][gc,heap     ] GC(1008) Eden regions: 1->0(123)
[2026-03-27T14:07:48.378+0900][52.510s][info][gc,heap     ] GC(1008) Survivor regions: 1->1(16)
[2026-03-27T14:07:48.378+0900][52.510s][info][gc,heap     ] GC(1008) Old regions: 1->1
[2026-03-27T14:07:48.378+0900][52.510s][info][gc,heap     ] GC(1008) Archive regions: 0->0
[2026-03-27T14:07:48.378+0900][52.510s][info][gc,heap     ] GC(1008) Humongous regions: 335->334
[2026-03-27T14:07:48.378+0900][52.510s][info][gc,metaspace] GC(1008) Metaspace: 166K(384K)->166K(384K) NonClass: 157K(256K)->157K(256K) Class: 9K(128K)->9K(128K)
[2026-03-27T14:07:48.378+0900][52.510s][info][gc          ] GC(1008) Pause Young (Concurrent Start) (G1 Humongous Allocation) 336M->334M(512M) 1.399ms
[2026-03-27T14:07:48.378+0900][52.510s][info][gc,cpu      ] GC(1008) User=0.02s Sys=0.00s Real=0.00s
[2026-03-27T14:07:48.378+0900][52.510s][info][gc          ] GC(1009) Concurrent Mark Cycle
[2026-03-27T14:07:48.378+0900][52.510s][info][gc,marking  ] GC(1009) Concurrent Clear Claimed Marks
[2026-03-27T14:07:48.378+0900][52.510s][info][gc,marking  ] GC(1009) Concurrent Clear Claimed Marks 0.013ms
[2026-03-27T14:07:48.378+0900][52.510s][info][gc,marking  ] GC(1009) Concurrent Scan Root Regions
[2026-03-27T14:07:48.378+0900][52.510s][info][gc,marking  ] GC(1009) Concurrent Scan Root Regions 0.117ms
[2026-03-27T14:07:48.378+0900][52.510s][info][gc,marking  ] GC(1009) Concurrent Mark
[2026-03-27T14:07:48.378+0900][52.510s][info][gc,marking  ] GC(1009) Concurrent Mark From Roots
[2026-03-27T14:07:48.378+0900][52.510s][info][gc,task     ] GC(1009) Using 2 workers of 2 for marking
[2026-03-27T14:07:48.378+0900][52.511s][info][gc,marking  ] GC(1009) Concurrent Mark From Roots 0.794ms
[2026-03-27T14:07:48.378+0900][52.511s][info][gc,marking  ] GC(1009) Concurrent Preclean
[2026-03-27T14:07:48.378+0900][52.511s][info][gc,marking  ] GC(1009) Concurrent Preclean 0.013ms
[2026-03-27T14:07:48.378+0900][52.511s][info][gc,start    ] GC(1009) Pause Remark
[2026-03-27T14:07:48.378+0900][52.512s][info][gc          ] GC(1009) Pause Remark 335M->335M(512M) 0.871ms
[2026-03-27T14:07:48.378+0900][52.512s][info][gc,cpu      ] GC(1009) User=0.00s Sys=0.00s Real=0.00s
[2026-03-27T14:07:48.378+0900][52.512s][info][gc,marking  ] GC(1009) Concurrent Mark 2.082ms
[2026-03-27T14:07:48.378+0900][52.512s][info][gc,marking  ] GC(1009) Concurrent Rebuild Remembered Sets
[2026-03-27T14:07:48.378+0900][52.513s][info][gc,marking  ] GC(1009) Concurrent Rebuild Remembered Sets 0.453ms
[2026-03-27T14:07:48.378+0900][52.513s][info][gc,start    ] GC(1009) Pause Cleanup
[2026-03-27T14:07:48.378+0900][52.513s][info][gc          ] GC(1009) Pause Cleanup 335M->335M(512M) 0.171ms
[2026-03-27T14:07:48.378+0900][52.513s][info][gc,cpu      ] GC(1009) User=0.00s Sys=0.00s Real=0.00s
[2026-03-27T14:07:48.378+0900][52.513s][info][gc,marking  ] GC(1009) Concurrent Cleanup for Next Mark
[2026-03-27T14:07:48.378+0900][52.514s][info][gc,marking  ] GC(1009) Concurrent Cleanup for Next Mark 0.297ms
[2026-03-27T14:07:48.378+0900][52.514s][info][gc          ] GC(1009) Concurrent Mark Cycle 3.694ms
[2026-03-27T14:07:48.442+0900][52.572s][info][gc,start    ] GC(1010) Pause Young (Concurrent Start) (G1 Humongous Allocation)
[2026-03-27T14:07:48.442+0900][52.573s][info][gc,task     ] GC(1010) Using 8 workers of 8 for evacuation
[2026-03-27T14:07:48.442+0900][52.575s][info][gc,phases   ] GC(1010)   Pre Evacuate Collection Set: 0.2ms
[2026-03-27T14:07:48.442+0900][52.575s][info][gc,phases   ] GC(1010)   Merge Heap Roots: 0.4ms
[2026-03-27T14:07:48.442+0900][52.575s][info][gc,phases   ] GC(1010)   Evacuate Collection Set: 0.4ms
[2026-03-27T14:07:48.442+0900][52.575s][info][gc,phases   ] GC(1010)   Post Evacuate Collection Set: 0.9ms
[2026-03-27T14:07:48.442+0900][52.575s][info][gc,phases   ] GC(1010)   Other: 0.2ms
[2026-03-27T14:07:48.442+0900][52.575s][info][gc,heap     ] GC(1010) Eden regions: 1->0(123)
[2026-03-27T14:07:48.442+0900][52.575s][info][gc,heap     ] GC(1010) Survivor regions: 1->1(16)
[2026-03-27T14:07:48.442+0900][52.575s][info][gc,heap     ] GC(1010) Old regions: 1->1
[2026-03-27T14:07:48.442+0900][52.575s][info][gc,heap     ] GC(1010) Archive regions: 0->0
[2026-03-27T14:07:48.442+0900][52.575s][info][gc,heap     ] GC(1010) Humongous regions: 335->334
[2026-03-27T14:07:48.442+0900][52.575s][info][gc,metaspace] GC(1010) Metaspace: 166K(384K)->166K(384K) NonClass: 157K(256K)->157K(256K) Class: 9K(128K)->9K(128K)
[2026-03-27T14:07:48.442+0900][52.575s][info][gc          ] GC(1010) Pause Young (Concurrent Start) (G1 Humongous Allocation) 336M->334M(512M) 2.856ms
[2026-03-27T14:07:48.442+0900][52.575s][info][gc,cpu      ] GC(1010) User=0.00s Sys=0.00s Real=0.00s
[2026-03-27T14:07:48.442+0900][52.575s][info][gc          ] GC(1011) Concurrent Mark Cycle
[2026-03-27T14:07:48.442+0900][52.576s][info][gc,marking  ] GC(1011) Concurrent Clear Claimed Marks
[2026-03-27T14:07:48.442+0900][52.576s][info][gc,marking  ] GC(1011) Concurrent Clear Claimed Marks 0.041ms
[2026-03-27T14:07:48.442+0900][52.576s][info][gc,marking  ] GC(1011) Concurrent Scan Root Regions
[2026-03-27T14:07:48.442+0900][52.576s][info][gc,marking  ] GC(1011) Concurrent Scan Root Regions 0.181ms
[2026-03-27T14:07:48.442+0900][52.576s][info][gc,marking  ] GC(1011) Concurrent Mark
[2026-03-27T14:07:48.442+0900][52.576s][info][gc,marking  ] GC(1011) Concurrent Mark From Roots
[2026-03-27T14:07:48.442+0900][52.576s][info][gc,task     ] GC(1011) Using 2 workers of 2 for marking
[2026-03-27T14:07:48.442+0900][52.578s][info][gc,marking  ] GC(1011) Concurrent Mark From Roots 2.015ms
[2026-03-27T14:07:48.442+0900][52.578s][info][gc,marking  ] GC(1011) Concurrent Preclean
[2026-03-27T14:07:48.442+0900][52.578s][info][gc,marking  ] GC(1011) Concurrent Preclean 0.045ms
[2026-03-27T14:07:48.442+0900][52.579s][info][gc,start    ] GC(1011) Pause Remark
[2026-03-27T14:07:48.442+0900][52.580s][info][gc          ] GC(1011) Pause Remark 335M->335M(512M) 1.528ms
[2026-03-27T14:07:48.442+0900][52.580s][info][gc,cpu      ] GC(1011) User=0.00s Sys=0.00s Real=0.00s
[2026-03-27T14:07:48.442+0900][52.580s][info][gc,marking  ] GC(1011) Concurrent Mark 4.468ms
[2026-03-27T14:07:48.442+0900][52.580s][info][gc,marking  ] GC(1011) Concurrent Rebuild Remembered Sets
[2026-03-27T14:07:48.442+0900][52.582s][info][gc,marking  ] GC(1011) Concurrent Rebuild Remembered Sets 1.218ms
[2026-03-27T14:07:48.442+0900][52.582s][info][gc,start    ] GC(1011) Pause Cleanup
[2026-03-27T14:07:48.442+0900][52.583s][info][gc          ] GC(1011) Pause Cleanup 335M->335M(512M) 0.345ms
[2026-03-27T14:07:48.442+0900][52.583s][info][gc,cpu      ] GC(1011) User=0.00s Sys=0.00s Real=0.00s
[2026-03-27T14:07:48.442+0900][52.583s][info][gc,marking  ] GC(1011) Concurrent Cleanup for Next Mark
[2026-03-27T14:07:48.442+0900][52.583s][info][gc,marking  ] GC(1011) Concurrent Cleanup for Next Mark 0.570ms
[2026-03-27T14:07:48.442+0900][52.583s][info][gc          ] GC(1011) Concurrent Mark Cycle 7.949ms
[2026-03-27T14:07:48.506+0900][52.637s][info][gc,start    ] GC(1012) Pause Young (Concurrent Start) (G1 Humongous Allocation)
[2026-03-27T14:07:48.506+0900][52.637s][info][gc,task     ] GC(1012) Using 8 workers of 8 for evacuation
[2026-03-27T14:07:48.506+0900][52.639s][info][gc,phases   ] GC(1012)   Pre Evacuate Collection Set: 0.2ms
[2026-03-27T14:07:48.506+0900][52.639s][info][gc,phases   ] GC(1012)   Merge Heap Roots: 0.4ms
[2026-03-27T14:07:48.506+0900][52.639s][info][gc,phases   ] GC(1012)   Evacuate Collection Set: 0.4ms
[2026-03-27T14:07:48.506+0900][52.639s][info][gc,phases   ] GC(1012)   Post Evacuate Collection Set: 0.9ms
[2026-03-27T14:07:48.506+0900][52.639s][info][gc,phases   ] GC(1012)   Other: 0.3ms
[2026-03-27T14:07:48.506+0900][52.639s][info][gc,heap     ] GC(1012) Eden regions: 1->0(123)
[2026-03-27T14:07:48.506+0900][52.639s][info][gc,heap     ] GC(1012) Survivor regions: 1->1(16)
[2026-03-27T14:07:48.506+0900][52.639s][info][gc,heap     ] GC(1012) Old regions: 1->1
[2026-03-27T14:07:48.506+0900][52.639s][info][gc,heap     ] GC(1012) Archive regions: 0->0
[2026-03-27T14:07:48.506+0900][52.640s][info][gc,heap     ] GC(1012) Humongous regions: 335->334
[2026-03-27T14:07:48.506+0900][52.640s][info][gc,metaspace] GC(1012) Metaspace: 166K(384K)->166K(384K) NonClass: 157K(256K)->157K(256K) Class: 9K(128K)->9K(128K)
[2026-03-27T14:07:48.506+0900][52.640s][info][gc          ] GC(1012) Pause Young (Concurrent Start) (G1 Humongous Allocation) 336M->334M(512M) 3.070ms
[2026-03-27T14:07:48.506+0900][52.640s][info][gc,cpu      ] GC(1012) User=0.00s Sys=0.00s Real=0.00s
[2026-03-27T14:07:48.506+0900][52.640s][info][gc          ] GC(1013) Concurrent Mark Cycle
[2026-03-27T14:07:48.506+0900][52.640s][info][gc,marking  ] GC(1013) Concurrent Clear Claimed Marks
[2026-03-27T14:07:48.506+0900][52.640s][info][gc,marking  ] GC(1013) Concurrent Clear Claimed Marks 0.042ms
[2026-03-27T14:07:48.506+0900][52.640s][info][gc,marking  ] GC(1013) Concurrent Scan Root Regions
[2026-03-27T14:07:48.506+0900][52.640s][info][gc,marking  ] GC(1013) Concurrent Scan Root Regions 0.274ms
[2026-03-27T14:07:48.506+0900][52.640s][info][gc,marking  ] GC(1013) Concurrent Mark
[2026-03-27T14:07:48.506+0900][52.640s][info][gc,marking  ] GC(1013) Concurrent Mark From Roots
[2026-03-27T14:07:48.506+0900][52.640s][info][gc,task     ] GC(1013) Using 2 workers of 2 for marking
[2026-03-27T14:07:48.512+0900][52.643s][info][gc,marking  ] GC(1013) Concurrent Mark From Roots 2.129ms
[2026-03-27T14:07:48.512+0900][52.643s][info][gc,marking  ] GC(1013) Concurrent Preclean
[2026-03-27T14:07:48.512+0900][52.643s][info][gc,marking  ] GC(1013) Concurrent Preclean 0.045ms
[2026-03-27T14:07:48.512+0900][52.643s][info][gc,start    ] GC(1013) Pause Remark
[2026-03-27T14:07:48.512+0900][52.645s][info][gc          ] GC(1013) Pause Remark 337M->337M(512M) 1.500ms
[2026-03-27T14:07:48.512+0900][52.645s][info][gc,cpu      ] GC(1013) User=0.00s Sys=0.00s Real=0.00s
[2026-03-27T14:07:48.512+0900][52.645s][info][gc,marking  ] GC(1013) Concurrent Mark 4.562ms
[2026-03-27T14:07:48.512+0900][52.645s][info][gc,marking  ] GC(1013) Concurrent Rebuild Remembered Sets
[2026-03-27T14:07:48.512+0900][52.646s][info][gc,marking  ] GC(1013) Concurrent Rebuild Remembered Sets 0.931ms
[2026-03-27T14:07:48.512+0900][52.646s][info][gc,start    ] GC(1013) Pause Cleanup
[2026-03-27T14:07:48.512+0900][52.647s][info][gc          ] GC(1013) Pause Cleanup 337M->337M(512M) 0.298ms
[2026-03-27T14:07:48.512+0900][52.647s][info][gc,cpu      ] GC(1013) User=0.00s Sys=0.00s Real=0.00s
[2026-03-27T14:07:48.512+0900][52.647s][info][gc,marking  ] GC(1013) Concurrent Cleanup for Next Mark
[2026-03-27T14:07:48.512+0900][52.647s][info][gc,marking  ] GC(1013) Concurrent Cleanup for Next Mark 0.581ms
[2026-03-27T14:07:48.512+0900][52.648s][info][gc          ] GC(1013) Concurrent Mark Cycle 7.731ms
[2026-03-27T14:07:48.570+0900][52.700s][info][gc,start    ] GC(1014) Pause Young (Concurrent Start) (G1 Humongous Allocation)
[2026-03-27T14:07:48.570+0900][52.700s][info][gc,task     ] GC(1014) Using 8 workers of 8 for evacuation
[2026-03-27T14:07:48.570+0900][52.702s][info][gc,phases   ] GC(1014)   Pre Evacuate Collection Set: 0.2ms
[2026-03-27T14:07:48.570+0900][52.702s][info][gc,phases   ] GC(1014)   Merge Heap Roots: 0.3ms
[2026-03-27T14:07:48.570+0900][52.702s][info][gc,phases   ] GC(1014)   Evacuate Collection Set: 0.3ms
[2026-03-27T14:07:48.570+0900][52.702s][info][gc,phases   ] GC(1014)   Post Evacuate Collection Set: 0.7ms
[2026-03-27T14:07:48.570+0900][52.702s][info][gc,phases   ] GC(1014)   Other: 0.2ms
[2026-03-27T14:07:48.570+0900][52.702s][info][gc,heap     ] GC(1014) Eden regions: 1->0(121)
[2026-03-27T14:07:48.570+0900][52.702s][info][gc,heap     ] GC(1014) Survivor regions: 1->1(16)
[2026-03-27T14:07:48.570+0900][52.702s][info][gc,heap     ] GC(1014) Old regions: 1->1
[2026-03-27T14:07:48.570+0900][52.702s][info][gc,heap     ] GC(1014) Archive regions: 0->0
[2026-03-27T14:07:48.570+0900][52.702s][info][gc,heap     ] GC(1014) Humongous regions: 337->336
[2026-03-27T14:07:48.570+0900][52.702s][info][gc,metaspace] GC(1014) Metaspace: 166K(384K)->166K(384K) NonClass: 157K(256K)->157K(256K) Class: 9K(128K)->9K(128K)
[2026-03-27T14:07:48.570+0900][52.703s][info][gc          ] GC(1014) Pause Young (Concurrent Start) (G1 Humongous Allocation) 338M->336M(512M) 2.386ms
[2026-03-27T14:07:48.570+0900][52.703s][info][gc,cpu      ] GC(1014) User=0.00s Sys=0.00s Real=0.00s
[2026-03-27T14:07:48.570+0900][52.703s][info][gc          ] GC(1015) Concurrent Mark Cycle
[2026-03-27T14:07:48.570+0900][52.703s][info][gc,marking  ] GC(1015) Concurrent Clear Claimed Marks
[2026-03-27T14:07:48.570+0900][52.703s][info][gc,marking  ] GC(1015) Concurrent Clear Claimed Marks 0.041ms
[2026-03-27T14:07:48.570+0900][52.703s][info][gc,marking  ] GC(1015) Concurrent Scan Root Regions
[2026-03-27T14:07:48.570+0900][52.703s][info][gc,marking  ] GC(1015) Concurrent Scan Root Regions 0.204ms
[2026-03-27T14:07:48.570+0900][52.703s][info][gc,marking  ] GC(1015) Concurrent Mark
[2026-03-27T14:07:48.570+0900][52.703s][info][gc,marking  ] GC(1015) Concurrent Mark From Roots
[2026-03-27T14:07:48.570+0900][52.703s][info][gc,task     ] GC(1015) Using 2 workers of 2 for marking
[2026-03-27T14:07:48.570+0900][52.705s][info][gc,marking  ] GC(1015) Concurrent Mark From Roots 2.030ms
[2026-03-27T14:07:48.570+0900][52.705s][info][gc,marking  ] GC(1015) Concurrent Preclean
[2026-03-27T14:07:48.570+0900][52.705s][info][gc,marking  ] GC(1015) Concurrent Preclean 0.046ms
[2026-03-27T14:07:48.570+0900][52.706s][info][gc,start    ] GC(1015) Pause Remark
[2026-03-27T14:07:48.570+0900][52.707s][info][gc          ] GC(1015) Pause Remark 337M->337M(512M) 1.591ms
[2026-03-27T14:07:48.570+0900][52.708s][info][gc,cpu      ] GC(1015) User=0.00s Sys=0.00s Real=0.00s
[2026-03-27T14:07:48.570+0900][52.708s][info][gc,marking  ] GC(1015) Concurrent Mark 4.533ms
[2026-03-27T14:07:48.570+0900][52.708s][info][gc,marking  ] GC(1015) Concurrent Rebuild Remembered Sets
[2026-03-27T14:07:48.570+0900][52.709s][info][gc,marking  ] GC(1015) Concurrent Rebuild Remembered Sets 1.026ms
[2026-03-27T14:07:48.570+0900][52.709s][info][gc,start    ] GC(1015) Pause Cleanup
[2026-03-27T14:07:48.570+0900][52.710s][info][gc          ] GC(1015) Pause Cleanup 337M->337M(512M) 0.367ms
[2026-03-27T14:07:48.570+0900][52.710s][info][gc,cpu      ] GC(1015) User=0.00s Sys=0.00s Real=0.00s
[2026-03-27T14:07:48.570+0900][52.710s][info][gc,marking  ] GC(1015) Concurrent Cleanup for Next Mark
[2026-03-27T14:07:48.570+0900][52.710s][info][gc,marking  ] GC(1015) Concurrent Cleanup for Next Mark 0.639ms
[2026-03-27T14:07:48.570+0900][52.711s][info][gc          ] GC(1015) Concurrent Mark Cycle 7.869ms
[2026-03-27T14:07:48.634+0900][52.765s][info][gc,start    ] GC(1016) Pause Young (Concurrent Start) (G1 Humongous Allocation)
[2026-03-27T14:07:48.634+0900][52.765s][info][gc,task     ] GC(1016) Using 8 workers of 8 for evacuation
[2026-03-27T14:07:48.634+0900][52.767s][info][gc,phases   ] GC(1016)   Pre Evacuate Collection Set: 0.3ms
[2026-03-27T14:07:48.634+0900][52.767s][info][gc,phases   ] GC(1016)   Merge Heap Roots: 0.4ms
[2026-03-27T14:07:48.634+0900][52.767s][info][gc,phases   ] GC(1016)   Evacuate Collection Set: 0.4ms
[2026-03-27T14:07:48.634+0900][52.767s][info][gc,phases   ] GC(1016)   Post Evacuate Collection Set: 0.9ms
[2026-03-27T14:07:48.634+0900][52.767s][info][gc,phases   ] GC(1016)   Other: 0.2ms
[2026-03-27T14:07:48.634+0900][52.767s][info][gc,heap     ] GC(1016) Eden regions: 1->0(121)
[2026-03-27T14:07:48.634+0900][52.767s][info][gc,heap     ] GC(1016) Survivor regions: 1->1(16)
[2026-03-27T14:07:48.634+0900][52.767s][info][gc,heap     ] GC(1016) Old regions: 1->1
[2026-03-27T14:07:48.634+0900][52.767s][info][gc,heap     ] GC(1016) Archive regions: 0->0
[2026-03-27T14:07:48.634+0900][52.768s][info][gc,heap     ] GC(1016) Humongous regions: 337->336
[2026-03-27T14:07:48.634+0900][52.768s][info][gc,metaspace] GC(1016) Metaspace: 166K(384K)->166K(384K) NonClass: 157K(256K)->157K(256K) Class: 9K(128K)->9K(128K)
[2026-03-27T14:07:48.634+0900][52.768s][info][gc          ] GC(1016) Pause Young (Concurrent Start) (G1 Humongous Allocation) 338M->336M(512M) 2.919ms
[2026-03-27T14:07:48.634+0900][52.768s][info][gc,cpu      ] GC(1016) User=0.00s Sys=0.00s Real=0.00s
[2026-03-27T14:07:48.634+0900][52.768s][info][gc          ] GC(1017) Concurrent Mark Cycle
[2026-03-27T14:07:48.634+0900][52.768s][info][gc,marking  ] GC(1017) Concurrent Clear Claimed Marks
[2026-03-27T14:07:48.634+0900][52.768s][info][gc,marking  ] GC(1017) Concurrent Clear Claimed Marks 0.044ms
[2026-03-27T14:07:48.634+0900][52.768s][info][gc,marking  ] GC(1017) Concurrent Scan Root Regions
[2026-03-27T14:07:48.634+0900][52.768s][info][gc,marking  ] GC(1017) Concurrent Scan Root Regions 0.247ms
[2026-03-27T14:07:48.634+0900][52.768s][info][gc,marking  ] GC(1017) Concurrent Mark
[2026-03-27T14:07:48.634+0900][52.768s][info][gc,marking  ] GC(1017) Concurrent Mark From Roots
[2026-03-27T14:07:48.634+0900][52.768s][info][gc,task     ] GC(1017) Using 2 workers of 2 for marking
[2026-03-27T14:07:48.634+0900][52.770s][info][gc,marking  ] GC(1017) Concurrent Mark From Roots 2.003ms
[2026-03-27T14:07:48.634+0900][52.771s][info][gc,marking  ] GC(1017) Concurrent Preclean
[2026-03-27T14:07:48.634+0900][52.771s][info][gc,marking  ] GC(1017) Concurrent Preclean 0.056ms
[2026-03-27T14:07:48.634+0900][52.771s][info][gc,start    ] GC(1017) Pause Remark
[2026-03-27T14:07:48.634+0900][52.772s][info][gc          ] GC(1017) Pause Remark 337M->337M(512M) 1.300ms
[2026-03-27T14:07:48.634+0900][52.772s][info][gc,cpu      ] GC(1017) User=0.00s Sys=0.00s Real=0.00s
[2026-03-27T14:07:48.634+0900][52.773s][info][gc,marking  ] GC(1017) Concurrent Mark 4.184ms
[2026-03-27T14:07:48.634+0900][52.773s][info][gc,marking  ] GC(1017) Concurrent Rebuild Remembered Sets
[2026-03-27T14:07:48.634+0900][52.774s][info][gc,marking  ] GC(1017) Concurrent Rebuild Remembered Sets 1.023ms
[2026-03-27T14:07:48.634+0900][52.774s][info][gc,start    ] GC(1017) Pause Cleanup
[2026-03-27T14:07:48.634+0900][52.774s][info][gc          ] GC(1017) Pause Cleanup 337M->337M(512M) 0.346ms
[2026-03-27T14:07:48.634+0900][52.775s][info][gc,cpu      ] GC(1017) User=0.00s Sys=0.00s Real=0.00s
[2026-03-27T14:07:48.634+0900][52.775s][info][gc,marking  ] GC(1017) Concurrent Cleanup for Next Mark
[2026-03-27T14:07:48.634+0900][52.775s][info][gc,marking  ] GC(1017) Concurrent Cleanup for Next Mark 0.628ms
[2026-03-27T14:07:48.634+0900][52.775s][info][gc          ] GC(1017) Concurrent Mark Cycle 7.551ms
[2026-03-27T14:07:48.698+0900][52.828s][info][gc,start    ] GC(1018) Pause Young (Concurrent Start) (G1 Humongous Allocation)
[2026-03-27T14:07:48.698+0900][52.828s][info][gc,task     ] GC(1018) Using 8 workers of 8 for evacuation
[2026-03-27T14:07:48.698+0900][52.829s][info][gc,phases   ] GC(1018)   Pre Evacuate Collection Set: 0.2ms
[2026-03-27T14:07:48.698+0900][52.829s][info][gc,phases   ] GC(1018)   Merge Heap Roots: 0.2ms
[2026-03-27T14:07:48.698+0900][52.829s][info][gc,phases   ] GC(1018)   Evacuate Collection Set: 0.2ms
[2026-03-27T14:07:48.698+0900][52.829s][info][gc,phases   ] GC(1018)   Post Evacuate Collection Set: 0.3ms
[2026-03-27T14:07:48.698+0900][52.829s][info][gc,phases   ] GC(1018)   Other: 0.1ms
[2026-03-27T14:07:48.698+0900][52.829s][info][gc,heap     ] GC(1018) Eden regions: 1->0(121)
[2026-03-27T14:07:48.698+0900][52.829s][info][gc,heap     ] GC(1018) Survivor regions: 1->1(16)
[2026-03-27T14:07:48.698+0900][52.829s][info][gc,heap     ] GC(1018) Old regions: 1->1
[2026-03-27T14:07:48.698+0900][52.829s][info][gc,heap     ] GC(1018) Archive regions: 0->0
[2026-03-27T14:07:48.698+0900][52.829s][info][gc,heap     ] GC(1018) Humongous regions: 337->336
[2026-03-27T14:07:48.698+0900][52.829s][info][gc,metaspace] GC(1018) Metaspace: 166K(384K)->166K(384K) NonClass: 157K(256K)->157K(256K) Class: 9K(128K)->9K(128K)
[2026-03-27T14:07:48.698+0900][52.829s][info][gc          ] GC(1018) Pause Young (Concurrent Start) (G1 Humongous Allocation) 338M->336M(512M) 1.282ms
[2026-03-27T14:07:48.698+0900][52.829s][info][gc,cpu      ] GC(1018) User=0.00s Sys=0.00s Real=0.00s
[2026-03-27T14:07:48.698+0900][52.829s][info][gc          ] GC(1019) Concurrent Mark Cycle
[2026-03-27T14:07:48.698+0900][52.829s][info][gc,marking  ] GC(1019) Concurrent Clear Claimed Marks
[2026-03-27T14:07:48.698+0900][52.829s][info][gc,marking  ] GC(1019) Concurrent Clear Claimed Marks 0.013ms
[2026-03-27T14:07:48.698+0900][52.829s][info][gc,marking  ] GC(1019) Concurrent Scan Root Regions
[2026-03-27T14:07:48.698+0900][52.829s][info][gc,marking  ] GC(1019) Concurrent Scan Root Regions 0.030ms
[2026-03-27T14:07:48.698+0900][52.829s][info][gc,marking  ] GC(1019) Concurrent Mark
[2026-03-27T14:07:48.698+0900][52.829s][info][gc,marking  ] GC(1019) Concurrent Mark From Roots
[2026-03-27T14:07:48.698+0900][52.829s][info][gc,task     ] GC(1019) Using 2 workers of 2 for marking
[2026-03-27T14:07:48.698+0900][52.830s][info][gc,marking  ] GC(1019) Concurrent Mark From Roots 0.710ms
[2026-03-27T14:07:48.698+0900][52.830s][info][gc,marking  ] GC(1019) Concurrent Preclean
[2026-03-27T14:07:48.698+0900][52.830s][info][gc,marking  ] GC(1019) Concurrent Preclean 0.013ms
[2026-03-27T14:07:48.698+0900][52.830s][info][gc,start    ] GC(1019) Pause Remark
[2026-03-27T14:07:48.698+0900][52.830s][info][gc          ] GC(1019) Pause Remark 337M->337M(512M) 0.203ms
[2026-03-27T14:07:48.698+0900][52.830s][info][gc,cpu      ] GC(1019) User=0.00s Sys=0.00s Real=0.00s
[2026-03-27T14:07:48.698+0900][52.830s][info][gc,marking  ] GC(1019) Concurrent Mark 1.088ms
[2026-03-27T14:07:48.698+0900][52.830s][info][gc,marking  ] GC(1019) Concurrent Rebuild Remembered Sets
[2026-03-27T14:07:48.698+0900][52.831s][info][gc,marking  ] GC(1019) Concurrent Rebuild Remembered Sets 0.377ms
[2026-03-27T14:07:48.698+0900][52.831s][info][gc,start    ] GC(1019) Pause Cleanup
[2026-03-27T14:07:48.698+0900][52.831s][info][gc          ] GC(1019) Pause Cleanup 337M->337M(512M) 0.054ms
[2026-03-27T14:07:48.698+0900][52.831s][info][gc,cpu      ] GC(1019) User=0.00s Sys=0.00s Real=0.00s
[2026-03-27T14:07:48.698+0900][52.831s][info][gc,marking  ] GC(1019) Concurrent Cleanup for Next Mark
[2026-03-27T14:07:48.698+0900][52.831s][info][gc,marking  ] GC(1019) Concurrent Cleanup for Next Mark 0.183ms
[2026-03-27T14:07:48.698+0900][52.831s][info][gc          ] GC(1019) Concurrent Mark Cycle 1.993ms
[2026-03-27T14:07:48.761+0900][52.892s][info][gc,start    ] GC(1020) Pause Young (Concurrent Start) (G1 Humongous Allocation)
[2026-03-27T14:07:48.761+0900][52.892s][info][gc,task     ] GC(1020) Using 8 workers of 8 for evacuation
[2026-03-27T14:07:48.761+0900][52.895s][info][gc,phases   ] GC(1020)   Pre Evacuate Collection Set: 0.2ms
[2026-03-27T14:07:48.761+0900][52.895s][info][gc,phases   ] GC(1020)   Merge Heap Roots: 0.4ms
[2026-03-27T14:07:48.761+0900][52.895s][info][gc,phases   ] GC(1020)   Evacuate Collection Set: 0.9ms
[2026-03-27T14:07:48.761+0900][52.895s][info][gc,phases   ] GC(1020)   Post Evacuate Collection Set: 0.8ms
[2026-03-27T14:07:48.761+0900][52.895s][info][gc,phases   ] GC(1020)   Other: 0.2ms
[2026-03-27T14:07:48.761+0900][52.895s][info][gc,heap     ] GC(1020) Eden regions: 1->0(121)
[2026-03-27T14:07:48.761+0900][52.895s][info][gc,heap     ] GC(1020) Survivor regions: 1->1(16)
[2026-03-27T14:07:48.761+0900][52.895s][info][gc,heap     ] GC(1020) Old regions: 1->1
[2026-03-27T14:07:48.761+0900][52.895s][info][gc,heap     ] GC(1020) Archive regions: 0->0
[2026-03-27T14:07:48.761+0900][52.895s][info][gc,heap     ] GC(1020) Humongous regions: 337->336
[2026-03-27T14:07:48.761+0900][52.895s][info][gc,metaspace] GC(1020) Metaspace: 166K(384K)->166K(384K) NonClass: 157K(256K)->157K(256K) Class: 9K(128K)->9K(128K)
[2026-03-27T14:07:48.761+0900][52.895s][info][gc          ] GC(1020) Pause Young (Concurrent Start) (G1 Humongous Allocation) 338M->336M(512M) 3.202ms
[2026-03-27T14:07:48.761+0900][52.895s][info][gc,cpu      ] GC(1020) User=0.00s Sys=0.00s Real=0.00s
[2026-03-27T14:07:48.761+0900][52.895s][info][gc          ] GC(1021) Concurrent Mark Cycle
[2026-03-27T14:07:48.761+0900][52.895s][info][gc,marking  ] GC(1021) Concurrent Clear Claimed Marks
[2026-03-27T14:07:48.761+0900][52.896s][info][gc,marking  ] GC(1021) Concurrent Clear Claimed Marks 0.042ms
[2026-03-27T14:07:48.761+0900][52.896s][info][gc,marking  ] GC(1021) Concurrent Scan Root Regions
[2026-03-27T14:07:48.761+0900][52.896s][info][gc,marking  ] GC(1021) Concurrent Scan Root Regions 0.168ms
[2026-03-27T14:07:48.761+0900][52.896s][info][gc,marking  ] GC(1021) Concurrent Mark
[2026-03-27T14:07:48.761+0900][52.896s][info][gc,marking  ] GC(1021) Concurrent Mark From Roots
[2026-03-27T14:07:48.761+0900][52.896s][info][gc,task     ] GC(1021) Using 2 workers of 2 for marking
[2026-03-27T14:07:48.761+0900][52.898s][info][gc,marking  ] GC(1021) Concurrent Mark From Roots 2.000ms
[2026-03-27T14:07:48.761+0900][52.898s][info][gc,marking  ] GC(1021) Concurrent Preclean
[2026-03-27T14:07:48.761+0900][52.898s][info][gc,marking  ] GC(1021) Concurrent Preclean 0.045ms
[2026-03-27T14:07:48.761+0900][52.898s][info][gc,start    ] GC(1021) Pause Remark
[2026-03-27T14:07:48.761+0900][52.900s][info][gc          ] GC(1021) Pause Remark 337M->337M(512M) 1.082ms
[2026-03-27T14:07:48.761+0900][52.900s][info][gc,cpu      ] GC(1021) User=0.00s Sys=0.00s Real=0.00s
[2026-03-27T14:07:48.761+0900][52.900s][info][gc,marking  ] GC(1021) Concurrent Mark 3.988ms
[2026-03-27T14:07:48.761+0900][52.900s][info][gc,marking  ] GC(1021) Concurrent Rebuild Remembered Sets
[2026-03-27T14:07:48.761+0900][52.901s][info][gc,marking  ] GC(1021) Concurrent Rebuild Remembered Sets 1.044ms
[2026-03-27T14:07:48.761+0900][52.901s][info][gc,start    ] GC(1021) Pause Cleanup
[2026-03-27T14:07:48.761+0900][52.902s][info][gc          ] GC(1021) Pause Cleanup 337M->337M(512M) 0.316ms
[2026-03-27T14:07:48.761+0900][52.902s][info][gc,cpu      ] GC(1021) User=0.00s Sys=0.00s Real=0.00s
[2026-03-27T14:07:48.761+0900][52.902s][info][gc,marking  ] GC(1021) Concurrent Cleanup for Next Mark
[2026-03-27T14:07:48.761+0900][52.903s][info][gc,marking  ] GC(1021) Concurrent Cleanup for Next Mark 0.587ms
[2026-03-27T14:07:48.761+0900][52.903s][info][gc          ] GC(1021) Concurrent Mark Cycle 7.202ms
[2026-03-27T14:07:48.825+0900][52.956s][info][gc,start    ] GC(1022) Pause Young (Concurrent Start) (G1 Humongous Allocation)
[2026-03-27T14:07:48.825+0900][52.956s][info][gc,task     ] GC(1022) Using 8 workers of 8 for evacuation
[2026-03-27T14:07:48.825+0900][52.958s][info][gc,phases   ] GC(1022)   Pre Evacuate Collection Set: 0.3ms
[2026-03-27T14:07:48.825+0900][52.959s][info][gc,phases   ] GC(1022)   Merge Heap Roots: 0.4ms
[2026-03-27T14:07:48.825+0900][52.959s][info][gc,phases   ] GC(1022)   Evacuate Collection Set: 0.3ms
[2026-03-27T14:07:48.825+0900][52.959s][info][gc,phases   ] GC(1022)   Post Evacuate Collection Set: 1.0ms
[2026-03-27T14:07:48.825+0900][52.959s][info][gc,phases   ] GC(1022)   Other: 0.2ms
[2026-03-27T14:07:48.825+0900][52.959s][info][gc,heap     ] GC(1022) Eden regions: 1->0(121)
[2026-03-27T14:07:48.825+0900][52.959s][info][gc,heap     ] GC(1022) Survivor regions: 1->1(16)
[2026-03-27T14:07:48.825+0900][52.959s][info][gc,heap     ] GC(1022) Old regions: 1->1
[2026-03-27T14:07:48.825+0900][52.959s][info][gc,heap     ] GC(1022) Archive regions: 0->0
[2026-03-27T14:07:48.825+0900][52.959s][info][gc,heap     ] GC(1022) Humongous regions: 337->336
[2026-03-27T14:07:48.825+0900][52.959s][info][gc,metaspace] GC(1022) Metaspace: 166K(384K)->166K(384K) NonClass: 157K(256K)->157K(256K) Class: 9K(128K)->9K(128K)
[2026-03-27T14:07:48.825+0900][52.959s][info][gc          ] GC(1022) Pause Young (Concurrent Start) (G1 Humongous Allocation) 338M->336M(512M) 2.972ms
[2026-03-27T14:07:48.825+0900][52.959s][info][gc,cpu      ] GC(1022) User=0.00s Sys=0.00s Real=0.00s
[2026-03-27T14:07:48.825+0900][52.959s][info][gc          ] GC(1023) Concurrent Mark Cycle
[2026-03-27T14:07:48.825+0900][52.959s][info][gc,marking  ] GC(1023) Concurrent Clear Claimed Marks
[2026-03-27T14:07:48.825+0900][52.959s][info][gc,marking  ] GC(1023) Concurrent Clear Claimed Marks 0.041ms
[2026-03-27T14:07:48.825+0900][52.959s][info][gc,marking  ] GC(1023) Concurrent Scan Root Regions
[2026-03-27T14:07:48.825+0900][52.960s][info][gc,marking  ] GC(1023) Concurrent Scan Root Regions 0.226ms
[2026-03-27T14:07:48.825+0900][52.960s][info][gc,marking  ] GC(1023) Concurrent Mark
[2026-03-27T14:07:48.825+0900][52.960s][info][gc,marking  ] GC(1023) Concurrent Mark From Roots
[2026-03-27T14:07:48.825+0900][52.960s][info][gc,task     ] GC(1023) Using 2 workers of 2 for marking
[2026-03-27T14:07:48.832+0900][52.962s][info][gc,marking  ] GC(1023) Concurrent Mark From Roots 2.046ms
[2026-03-27T14:07:48.832+0900][52.962s][info][gc,marking  ] GC(1023) Concurrent Preclean
[2026-03-27T14:07:48.832+0900][52.962s][info][gc,marking  ] GC(1023) Concurrent Preclean 0.045ms
[2026-03-27T14:07:48.832+0900][52.962s][info][gc,start    ] GC(1023) Pause Remark
[2026-03-27T14:07:48.832+0900][52.964s][info][gc          ] GC(1023) Pause Remark 339M->339M(512M) 1.268ms
[2026-03-27T14:07:48.832+0900][52.964s][info][gc,cpu      ] GC(1023) User=0.00s Sys=0.00s Real=0.00s
[2026-03-27T14:07:48.832+0900][52.964s][info][gc,marking  ] GC(1023) Concurrent Mark 4.158ms
[2026-03-27T14:07:48.832+0900][52.964s][info][gc,marking  ] GC(1023) Concurrent Rebuild Remembered Sets
[2026-03-27T14:07:48.832+0900][52.965s][info][gc,marking  ] GC(1023) Concurrent Rebuild Remembered Sets 0.919ms
[2026-03-27T14:07:48.832+0900][52.965s][info][gc,start    ] GC(1023) Pause Cleanup
[2026-03-27T14:07:48.832+0900][52.965s][info][gc          ] GC(1023) Pause Cleanup 339M->339M(512M) 0.269ms
[2026-03-27T14:07:48.832+0900][52.966s][info][gc,cpu      ] GC(1023) User=0.00s Sys=0.00s Real=0.00s
[2026-03-27T14:07:48.832+0900][52.966s][info][gc,marking  ] GC(1023) Concurrent Cleanup for Next Mark
[2026-03-27T14:07:48.832+0900][52.966s][info][gc,marking  ] GC(1023) Concurrent Cleanup for Next Mark 0.588ms
[2026-03-27T14:07:48.832+0900][52.966s][info][gc          ] GC(1023) Concurrent Mark Cycle 7.174ms
[2026-03-27T14:07:48.890+0900][53.020s][info][gc,start    ] GC(1024) Pause Young (Concurrent Start) (G1 Humongous Allocation)
[2026-03-27T14:07:48.890+0900][53.020s][info][gc,task     ] GC(1024) Using 8 workers of 8 for evacuation
[2026-03-27T14:07:48.890+0900][53.022s][info][gc,phases   ] GC(1024)   Pre Evacuate Collection Set: 0.3ms
[2026-03-27T14:07:48.890+0900][53.023s][info][gc,phases   ] GC(1024)   Merge Heap Roots: 0.4ms
[2026-03-27T14:07:48.890+0900][53.023s][info][gc,phases   ] GC(1024)   Evacuate Collection Set: 0.3ms
[2026-03-27T14:07:48.890+0900][53.023s][info][gc,phases   ] GC(1024)   Post Evacuate Collection Set: 0.9ms
[2026-03-27T14:07:48.890+0900][53.023s][info][gc,phases   ] GC(1024)   Other: 0.2ms
[2026-03-27T14:07:48.890+0900][53.023s][info][gc,heap     ] GC(1024) Eden regions: 1->0(119)
[2026-03-27T14:07:48.890+0900][53.023s][info][gc,heap     ] GC(1024) Survivor regions: 1->1(16)
[2026-03-27T14:07:48.890+0900][53.023s][info][gc,heap     ] GC(1024) Old regions: 1->1
[2026-03-27T14:07:48.890+0900][53.023s][info][gc,heap     ] GC(1024) Archive regions: 0->0
[2026-03-27T14:07:48.890+0900][53.023s][info][gc,heap     ] GC(1024) Humongous regions: 339->338
[2026-03-27T14:07:48.890+0900][53.023s][info][gc,metaspace] GC(1024) Metaspace: 166K(384K)->166K(384K) NonClass: 157K(256K)->157K(256K) Class: 9K(128K)->9K(128K)
[2026-03-27T14:07:48.890+0900][53.023s][info][gc          ] GC(1024) Pause Young (Concurrent Start) (G1 Humongous Allocation) 340M->338M(512M) 2.787ms
[2026-03-27T14:07:48.890+0900][53.023s][info][gc,cpu      ] GC(1024) User=0.00s Sys=0.00s Real=0.00s
[2026-03-27T14:07:48.890+0900][53.023s][info][gc          ] GC(1025) Concurrent Mark Cycle
[2026-03-27T14:07:48.890+0900][53.023s][info][gc,marking  ] GC(1025) Concurrent Clear Claimed Marks
[2026-03-27T14:07:48.890+0900][53.023s][info][gc,marking  ] GC(1025) Concurrent Clear Claimed Marks 0.048ms
[2026-03-27T14:07:48.890+0900][53.023s][info][gc,marking  ] GC(1025) Concurrent Scan Root Regions
[2026-03-27T14:07:48.890+0900][53.024s][info][gc,marking  ] GC(1025) Concurrent Scan Root Regions 0.267ms
[2026-03-27T14:07:48.890+0900][53.024s][info][gc,marking  ] GC(1025) Concurrent Mark
[2026-03-27T14:07:48.890+0900][53.024s][info][gc,marking  ] GC(1025) Concurrent Mark From Roots
[2026-03-27T14:07:48.890+0900][53.024s][info][gc,task     ] GC(1025) Using 2 workers of 2 for marking
[2026-03-27T14:07:48.890+0900][53.026s][info][gc,marking  ] GC(1025) Concurrent Mark From Roots 2.153ms
[2026-03-27T14:07:48.890+0900][53.026s][info][gc,marking  ] GC(1025) Concurrent Preclean
[2026-03-27T14:07:48.890+0900][53.026s][info][gc,marking  ] GC(1025) Concurrent Preclean 0.045ms
[2026-03-27T14:07:48.890+0900][53.027s][info][gc,start    ] GC(1025) Pause Remark
[2026-03-27T14:07:48.890+0900][53.028s][info][gc          ] GC(1025) Pause Remark 339M->339M(512M) 1.478ms
[2026-03-27T14:07:48.890+0900][53.028s][info][gc,cpu      ] GC(1025) User=0.00s Sys=0.00s Real=0.00s
[2026-03-27T14:07:48.890+0900][53.028s][info][gc,marking  ] GC(1025) Concurrent Mark 4.560ms
[2026-03-27T14:07:48.890+0900][53.028s][info][gc,marking  ] GC(1025) Concurrent Rebuild Remembered Sets
[2026-03-27T14:07:48.890+0900][53.030s][info][gc,marking  ] GC(1025) Concurrent Rebuild Remembered Sets 1.143ms
[2026-03-27T14:07:48.890+0900][53.030s][info][gc,start    ] GC(1025) Pause Cleanup
[2026-03-27T14:07:48.890+0900][53.030s][info][gc          ] GC(1025) Pause Cleanup 339M->339M(512M) 0.377ms
[2026-03-27T14:07:48.890+0900][53.031s][info][gc,cpu      ] GC(1025) User=0.00s Sys=0.00s Real=0.00s
[2026-03-27T14:07:48.890+0900][53.031s][info][gc,marking  ] GC(1025) Concurrent Cleanup for Next Mark
[2026-03-27T14:07:48.890+0900][53.031s][info][gc,marking  ] GC(1025) Concurrent Cleanup for Next Mark 0.676ms
[2026-03-27T14:07:48.890+0900][53.031s][info][gc          ] GC(1025) Concurrent Mark Cycle 8.289ms
[2026-03-27T14:07:48.954+0900][53.084s][info][gc,start    ] GC(1026) Pause Young (Concurrent Start) (G1 Humongous Allocation)
[2026-03-27T14:07:48.954+0900][53.085s][info][gc,task     ] GC(1026) Using 8 workers of 8 for evacuation
[2026-03-27T14:07:48.954+0900][53.087s][info][gc,phases   ] GC(1026)   Pre Evacuate Collection Set: 0.2ms
[2026-03-27T14:07:48.954+0900][53.087s][info][gc,phases   ] GC(1026)   Merge Heap Roots: 0.4ms
[2026-03-27T14:07:48.954+0900][53.087s][info][gc,phases   ] GC(1026)   Evacuate Collection Set: 0.3ms
[2026-03-27T14:07:48.954+0900][53.087s][info][gc,phases   ] GC(1026)   Post Evacuate Collection Set: 0.9ms
[2026-03-27T14:07:48.954+0900][53.087s][info][gc,phases   ] GC(1026)   Other: 0.3ms
[2026-03-27T14:07:48.954+0900][53.087s][info][gc,heap     ] GC(1026) Eden regions: 1->0(119)
[2026-03-27T14:07:48.954+0900][53.087s][info][gc,heap     ] GC(1026) Survivor regions: 1->1(15)
[2026-03-27T14:07:48.954+0900][53.087s][info][gc,heap     ] GC(1026) Old regions: 1->1
[2026-03-27T14:07:48.954+0900][53.087s][info][gc,heap     ] GC(1026) Archive regions: 0->0
[2026-03-27T14:07:48.954+0900][53.087s][info][gc,heap     ] GC(1026) Humongous regions: 339->338
[2026-03-27T14:07:48.954+0900][53.087s][info][gc,metaspace] GC(1026) Metaspace: 166K(384K)->166K(384K) NonClass: 157K(256K)->157K(256K) Class: 9K(128K)->9K(128K)
[2026-03-27T14:07:48.954+0900][53.087s][info][gc          ] GC(1026) Pause Young (Concurrent Start) (G1 Humongous Allocation) 340M->338M(512M) 2.826ms
[2026-03-27T14:07:48.954+0900][53.087s][info][gc,cpu      ] GC(1026) User=0.00s Sys=0.00s Real=0.00s
[2026-03-27T14:07:48.954+0900][53.087s][info][gc          ] GC(1027) Concurrent Mark Cycle
[2026-03-27T14:07:48.954+0900][53.088s][info][gc,marking  ] GC(1027) Concurrent Clear Claimed Marks
[2026-03-27T14:07:48.954+0900][53.088s][info][gc,marking  ] GC(1027) Concurrent Clear Claimed Marks 0.049ms
[2026-03-27T14:07:48.954+0900][53.088s][info][gc,marking  ] GC(1027) Concurrent Scan Root Regions
[2026-03-27T14:07:48.954+0900][53.088s][info][gc,marking  ] GC(1027) Concurrent Scan Root Regions 0.188ms
[2026-03-27T14:07:48.954+0900][53.088s][info][gc,marking  ] GC(1027) Concurrent Mark
[2026-03-27T14:07:48.954+0900][53.088s][info][gc,marking  ] GC(1027) Concurrent Mark From Roots
[2026-03-27T14:07:48.954+0900][53.088s][info][gc,task     ] GC(1027) Using 2 workers of 2 for marking
[2026-03-27T14:07:48.954+0900][53.090s][info][gc,marking  ] GC(1027) Concurrent Mark From Roots 2.032ms
[2026-03-27T14:07:48.954+0900][53.090s][info][gc,marking  ] GC(1027) Concurrent Preclean
[2026-03-27T14:07:48.954+0900][53.090s][info][gc,marking  ] GC(1027) Concurrent Preclean 0.045ms
[2026-03-27T14:07:48.954+0900][53.091s][info][gc,start    ] GC(1027) Pause Remark
[2026-03-27T14:07:48.954+0900][53.092s][info][gc          ] GC(1027) Pause Remark 339M->339M(512M) 1.616ms
[2026-03-27T14:07:48.954+0900][53.092s][info][gc,cpu      ] GC(1027) User=0.00s Sys=0.00s Real=0.00s
[2026-03-27T14:07:48.954+0900][53.093s][info][gc,marking  ] GC(1027) Concurrent Mark 4.579ms
[2026-03-27T14:07:48.954+0900][53.093s][info][gc,marking  ] GC(1027) Concurrent Rebuild Remembered Sets
[2026-03-27T14:07:48.954+0900][53.094s][info][gc,marking  ] GC(1027) Concurrent Rebuild Remembered Sets 1.029ms
[2026-03-27T14:07:48.954+0900][53.094s][info][gc,start    ] GC(1027) Pause Cleanup
[2026-03-27T14:07:48.954+0900][53.094s][info][gc          ] GC(1027) Pause Cleanup 339M->339M(512M) 0.352ms
[2026-03-27T14:07:48.954+0900][53.095s][info][gc,cpu      ] GC(1027) User=0.00s Sys=0.00s Real=0.00s
[2026-03-27T14:07:48.954+0900][53.095s][info][gc,marking  ] GC(1027) Concurrent Cleanup for Next Mark
[2026-03-27T14:07:48.954+0900][53.095s][info][gc,marking  ] GC(1027) Concurrent Cleanup for Next Mark 0.654ms
[2026-03-27T14:07:48.954+0900][53.095s][info][gc          ] GC(1027) Concurrent Mark Cycle 8.042ms
[2026-03-27T14:07:49.017+0900][53.148s][info][gc,start    ] GC(1028) Pause Young (Concurrent Start) (G1 Humongous Allocation)
[2026-03-27T14:07:49.017+0900][53.148s][info][gc,task     ] GC(1028) Using 8 workers of 8 for evacuation
[2026-03-27T14:07:49.018+0900][53.150s][info][gc,phases   ] GC(1028)   Pre Evacuate Collection Set: 0.3ms
[2026-03-27T14:07:49.018+0900][53.150s][info][gc,phases   ] GC(1028)   Merge Heap Roots: 0.4ms
[2026-03-27T14:07:49.018+0900][53.150s][info][gc,phases   ] GC(1028)   Evacuate Collection Set: 0.3ms
[2026-03-27T14:07:49.018+0900][53.150s][info][gc,phases   ] GC(1028)   Post Evacuate Collection Set: 0.7ms
[2026-03-27T14:07:49.018+0900][53.150s][info][gc,phases   ] GC(1028)   Other: 0.2ms
[2026-03-27T14:07:49.018+0900][53.150s][info][gc,heap     ] GC(1028) Eden regions: 1->0(119)
[2026-03-27T14:07:49.018+0900][53.150s][info][gc,heap     ] GC(1028) Survivor regions: 1->1(15)
[2026-03-27T14:07:49.018+0900][53.150s][info][gc,heap     ] GC(1028) Old regions: 1->1
[2026-03-27T14:07:49.018+0900][53.150s][info][gc,heap     ] GC(1028) Archive regions: 0->0
[2026-03-27T14:07:49.018+0900][53.150s][info][gc,heap     ] GC(1028) Humongous regions: 339->338
[2026-03-27T14:07:49.018+0900][53.150s][info][gc,metaspace] GC(1028) Metaspace: 166K(384K)->166K(384K) NonClass: 157K(256K)->157K(256K) Class: 9K(128K)->9K(128K)
[2026-03-27T14:07:49.018+0900][53.150s][info][gc          ] GC(1028) Pause Young (Concurrent Start) (G1 Humongous Allocation) 340M->338M(512M) 2.625ms
[2026-03-27T14:07:49.018+0900][53.150s][info][gc,cpu      ] GC(1028) User=0.00s Sys=0.00s Real=0.00s
[2026-03-27T14:07:49.018+0900][53.151s][info][gc          ] GC(1029) Concurrent Mark Cycle
[2026-03-27T14:07:49.018+0900][53.151s][info][gc,marking  ] GC(1029) Concurrent Clear Claimed Marks
[2026-03-27T14:07:49.018+0900][53.151s][info][gc,marking  ] GC(1029) Concurrent Clear Claimed Marks 0.045ms
[2026-03-27T14:07:49.018+0900][53.151s][info][gc,marking  ] GC(1029) Concurrent Scan Root Regions
[2026-03-27T14:07:49.018+0900][53.151s][info][gc,marking  ] GC(1029) Concurrent Scan Root Regions 0.198ms
[2026-03-27T14:07:49.018+0900][53.151s][info][gc,marking  ] GC(1029) Concurrent Mark
[2026-03-27T14:07:49.018+0900][53.151s][info][gc,marking  ] GC(1029) Concurrent Mark From Roots
[2026-03-27T14:07:49.018+0900][53.151s][info][gc,task     ] GC(1029) Using 2 workers of 2 for marking
[2026-03-27T14:07:49.023+0900][53.154s][info][gc,marking  ] GC(1029) Concurrent Mark From Roots 2.804ms
[2026-03-27T14:07:49.023+0900][53.154s][info][gc,marking  ] GC(1029) Concurrent Preclean
[2026-03-27T14:07:49.023+0900][53.154s][info][gc,marking  ] GC(1029) Concurrent Preclean 0.031ms
[2026-03-27T14:07:49.024+0900][53.154s][info][gc,start    ] GC(1029) Pause Remark
[2026-03-27T14:07:49.024+0900][53.155s][info][gc          ] GC(1029) Pause Remark 339M->339M(512M) 0.818ms
[2026-03-27T14:07:49.024+0900][53.155s][info][gc,cpu      ] GC(1029) User=0.00s Sys=0.00s Real=0.00s
[2026-03-27T14:07:49.024+0900][53.155s][info][gc,marking  ] GC(1029) Concurrent Mark 4.203ms
[2026-03-27T14:07:49.024+0900][53.155s][info][gc,marking  ] GC(1029) Concurrent Rebuild Remembered Sets
[2026-03-27T14:07:49.024+0900][53.156s][info][gc,marking  ] GC(1029) Concurrent Rebuild Remembered Sets 0.951ms
[2026-03-27T14:07:49.024+0900][53.157s][info][gc,start    ] GC(1029) Pause Cleanup
[2026-03-27T14:07:49.024+0900][53.157s][info][gc          ] GC(1029) Pause Cleanup 339M->339M(512M) 0.320ms
[2026-03-27T14:07:49.024+0900][53.157s][info][gc,cpu      ] GC(1029) User=0.00s Sys=0.00s Real=0.00s
[2026-03-27T14:07:49.024+0900][53.157s][info][gc,marking  ] GC(1029) Concurrent Cleanup for Next Mark
[2026-03-27T14:07:49.024+0900][53.158s][info][gc,marking  ] GC(1029) Concurrent Cleanup for Next Mark 0.584ms
[2026-03-27T14:07:49.024+0900][53.158s][info][gc          ] GC(1029) Concurrent Mark Cycle 7.379ms
[2026-03-27T14:07:49.073+0900][53.203s][info][gc,start    ] GC(1030) Pause Young (Concurrent Start) (G1 Humongous Allocation)
[2026-03-27T14:07:49.073+0900][53.204s][info][gc,task     ] GC(1030) Using 8 workers of 8 for evacuation
[2026-03-27T14:07:49.073+0900][53.206s][info][gc,phases   ] GC(1030)   Pre Evacuate Collection Set: 0.3ms
[2026-03-27T14:07:49.073+0900][53.206s][info][gc,phases   ] GC(1030)   Merge Heap Roots: 0.5ms
[2026-03-27T14:07:49.073+0900][53.206s][info][gc,phases   ] GC(1030)   Evacuate Collection Set: 0.3ms
[2026-03-27T14:07:49.073+0900][53.206s][info][gc,phases   ] GC(1030)   Post Evacuate Collection Set: 1.0ms
[2026-03-27T14:07:49.073+0900][53.206s][info][gc,phases   ] GC(1030)   Other: 0.2ms
[2026-03-27T14:07:49.073+0900][53.206s][info][gc,heap     ] GC(1030) Eden regions: 1->0(119)
[2026-03-27T14:07:49.073+0900][53.206s][info][gc,heap     ] GC(1030) Survivor regions: 1->1(15)
[2026-03-27T14:07:49.073+0900][53.206s][info][gc,heap     ] GC(1030) Old regions: 1->1
[2026-03-27T14:07:49.073+0900][53.206s][info][gc,heap     ] GC(1030) Archive regions: 0->0
[2026-03-27T14:07:49.073+0900][53.206s][info][gc,heap     ] GC(1030) Humongous regions: 339->338
[2026-03-27T14:07:49.073+0900][53.206s][info][gc,metaspace] GC(1030) Metaspace: 166K(384K)->166K(384K) NonClass: 157K(256K)->157K(256K) Class: 9K(128K)->9K(128K)
[2026-03-27T14:07:49.073+0900][53.206s][info][gc          ] GC(1030) Pause Young (Concurrent Start) (G1 Humongous Allocation) 340M->338M(512M) 2.975ms
[2026-03-27T14:07:49.073+0900][53.206s][info][gc,cpu      ] GC(1030) User=0.00s Sys=0.00s Real=0.00s
[2026-03-27T14:07:49.073+0900][53.206s][info][gc          ] GC(1031) Concurrent Mark Cycle
[2026-03-27T14:07:49.073+0900][53.207s][info][gc,marking  ] GC(1031) Concurrent Clear Claimed Marks
[2026-03-27T14:07:49.073+0900][53.207s][info][gc,marking  ] GC(1031) Concurrent Clear Claimed Marks 0.042ms
[2026-03-27T14:07:49.073+0900][53.207s][info][gc,marking  ] GC(1031) Concurrent Scan Root Regions
[2026-03-27T14:07:49.073+0900][53.207s][info][gc,marking  ] GC(1031) Concurrent Scan Root Regions 0.244ms
[2026-03-27T14:07:49.073+0900][53.207s][info][gc,marking  ] GC(1031) Concurrent Mark
[2026-03-27T14:07:49.073+0900][53.207s][info][gc,marking  ] GC(1031) Concurrent Mark From Roots
[2026-03-27T14:07:49.073+0900][53.207s][info][gc,task     ] GC(1031) Using 2 workers of 2 for marking
[2026-03-27T14:07:49.079+0900][53.209s][info][gc,marking  ] GC(1031) Concurrent Mark From Roots 2.031ms
[2026-03-27T14:07:49.079+0900][53.209s][info][gc,marking  ] GC(1031) Concurrent Preclean
[2026-03-27T14:07:49.079+0900][53.209s][info][gc,marking  ] GC(1031) Concurrent Preclean 0.045ms
[2026-03-27T14:07:49.079+0900][53.210s][info][gc,start    ] GC(1031) Pause Remark
[2026-03-27T14:07:49.079+0900][53.211s][info][gc          ] GC(1031) Pause Remark 339M->339M(512M) 1.442ms
[2026-03-27T14:07:49.079+0900][53.211s][info][gc,cpu      ] GC(1031) User=0.00s Sys=0.00s Real=0.00s
[2026-03-27T14:07:49.079+0900][53.211s][info][gc,marking  ] GC(1031) Concurrent Mark 4.396ms
[2026-03-27T14:07:49.079+0900][53.211s][info][gc,marking  ] GC(1031) Concurrent Rebuild Remembered Sets
[2026-03-27T14:07:49.079+0900][53.212s][info][gc,marking  ] GC(1031) Concurrent Rebuild Remembered Sets 0.931ms
[2026-03-27T14:07:49.079+0900][53.213s][info][gc,start    ] GC(1031) Pause Cleanup
[2026-03-27T14:07:49.079+0900][53.213s][info][gc          ] GC(1031) Pause Cleanup 339M->339M(512M) 0.330ms
[2026-03-27T14:07:49.079+0900][53.213s][info][gc,cpu      ] GC(1031) User=0.00s Sys=0.00s Real=0.00s
[2026-03-27T14:07:49.079+0900][53.213s][info][gc,marking  ] GC(1031) Concurrent Cleanup for Next Mark
[2026-03-27T14:07:49.079+0900][53.214s][info][gc,marking  ] GC(1031) Concurrent Cleanup for Next Mark 0.541ms
[2026-03-27T14:07:49.079+0900][53.214s][info][gc          ] GC(1031) Concurrent Mark Cycle 7.537ms
[2026-03-27T14:07:49.137+0900][53.267s][info][gc,start    ] GC(1032) Pause Young (Concurrent Start) (G1 Humongous Allocation)
[2026-03-27T14:07:49.137+0900][53.267s][info][gc,task     ] GC(1032) Using 8 workers of 8 for evacuation
[2026-03-27T14:07:49.137+0900][53.268s][info][gc,phases   ] GC(1032)   Pre Evacuate Collection Set: 0.1ms
[2026-03-27T14:07:49.137+0900][53.268s][info][gc,phases   ] GC(1032)   Merge Heap Roots: 0.2ms
[2026-03-27T14:07:49.137+0900][53.268s][info][gc,phases   ] GC(1032)   Evacuate Collection Set: 0.1ms
[2026-03-27T14:07:49.137+0900][53.268s][info][gc,phases   ] GC(1032)   Post Evacuate Collection Set: 0.2ms
[2026-03-27T14:07:49.137+0900][53.268s][info][gc,phases   ] GC(1032)   Other: 0.1ms
[2026-03-27T14:07:49.137+0900][53.268s][info][gc,heap     ] GC(1032) Eden regions: 1->0(119)
[2026-03-27T14:07:49.137+0900][53.268s][info][gc,heap     ] GC(1032) Survivor regions: 1->1(15)
[2026-03-27T14:07:49.137+0900][53.268s][info][gc,heap     ] GC(1032) Old regions: 1->1
[2026-03-27T14:07:49.137+0900][53.268s][info][gc,heap     ] GC(1032) Archive regions: 0->0
[2026-03-27T14:07:49.137+0900][53.268s][info][gc,heap     ] GC(1032) Humongous regions: 339->338
[2026-03-27T14:07:49.137+0900][53.268s][info][gc,metaspace] GC(1032) Metaspace: 166K(384K)->166K(384K) NonClass: 157K(256K)->157K(256K) Class: 9K(128K)->9K(128K)
[2026-03-27T14:07:49.137+0900][53.268s][info][gc          ] GC(1032) Pause Young (Concurrent Start) (G1 Humongous Allocation) 340M->338M(512M) 0.912ms
[2026-03-27T14:07:49.137+0900][53.268s][info][gc,cpu      ] GC(1032) User=0.00s Sys=0.00s Real=0.00s
[2026-03-27T14:07:49.137+0900][53.268s][info][gc          ] GC(1033) Concurrent Mark Cycle
[2026-03-27T14:07:49.137+0900][53.268s][info][gc,marking  ] GC(1033) Concurrent Clear Claimed Marks
[2026-03-27T14:07:49.137+0900][53.268s][info][gc,marking  ] GC(1033) Concurrent Clear Claimed Marks 0.018ms
[2026-03-27T14:07:49.137+0900][53.268s][info][gc,marking  ] GC(1033) Concurrent Scan Root Regions
[2026-03-27T14:07:49.137+0900][53.268s][info][gc,marking  ] GC(1033) Concurrent Scan Root Regions 0.041ms
[2026-03-27T14:07:49.137+0900][53.268s][info][gc,marking  ] GC(1033) Concurrent Mark
[2026-03-27T14:07:49.137+0900][53.268s][info][gc,marking  ] GC(1033) Concurrent Mark From Roots
[2026-03-27T14:07:49.137+0900][53.268s][info][gc,task     ] GC(1033) Using 2 workers of 2 for marking
[2026-03-27T14:07:49.137+0900][53.269s][info][gc,marking  ] GC(1033) Concurrent Mark From Roots 0.753ms
[2026-03-27T14:07:49.137+0900][53.269s][info][gc,marking  ] GC(1033) Concurrent Preclean
[2026-03-27T14:07:49.137+0900][53.269s][info][gc,marking  ] GC(1033) Concurrent Preclean 0.014ms
[2026-03-27T14:07:49.137+0900][53.269s][info][gc,start    ] GC(1033) Pause Remark
[2026-03-27T14:07:49.137+0900][53.269s][info][gc          ] GC(1033) Pause Remark 341M->341M(512M) 0.289ms
[2026-03-27T14:07:49.137+0900][53.269s][info][gc,cpu      ] GC(1033) User=0.00s Sys=0.00s Real=0.00s
[2026-03-27T14:07:49.137+0900][53.269s][info][gc,marking  ] GC(1033) Concurrent Mark 1.217ms
[2026-03-27T14:07:49.137+0900][53.269s][info][gc,marking  ] GC(1033) Concurrent Rebuild Remembered Sets
[2026-03-27T14:07:49.137+0900][53.270s][info][gc,marking  ] GC(1033) Concurrent Rebuild Remembered Sets 0.356ms
[2026-03-27T14:07:49.137+0900][53.270s][info][gc,start    ] GC(1033) Pause Cleanup
[2026-03-27T14:07:49.137+0900][53.270s][info][gc          ] GC(1033) Pause Cleanup 341M->341M(512M) 0.100ms
[2026-03-27T14:07:49.137+0900][53.270s][info][gc,cpu      ] GC(1033) User=0.00s Sys=0.00s Real=0.00s
[2026-03-27T14:07:49.137+0900][53.270s][info][gc,marking  ] GC(1033) Concurrent Cleanup for Next Mark
[2026-03-27T14:07:49.137+0900][53.270s][info][gc,marking  ] GC(1033) Concurrent Cleanup for Next Mark 0.197ms
[2026-03-27T14:07:49.137+0900][53.270s][info][gc          ] GC(1033) Concurrent Mark Cycle 2.207ms
[2026-03-27T14:07:49.200+0900][53.330s][info][gc,start    ] GC(1034) Pause Young (Concurrent Start) (G1 Humongous Allocation)
[2026-03-27T14:07:49.200+0900][53.330s][info][gc,task     ] GC(1034) Using 8 workers of 8 for evacuation
[2026-03-27T14:07:49.200+0900][53.331s][info][gc,phases   ] GC(1034)   Pre Evacuate Collection Set: 0.1ms
[2026-03-27T14:07:49.200+0900][53.331s][info][gc,phases   ] GC(1034)   Merge Heap Roots: 0.1ms
[2026-03-27T14:07:49.200+0900][53.331s][info][gc,phases   ] GC(1034)   Evacuate Collection Set: 0.1ms
[2026-03-27T14:07:49.200+0900][53.331s][info][gc,phases   ] GC(1034)   Post Evacuate Collection Set: 0.1ms
[2026-03-27T14:07:49.200+0900][53.331s][info][gc,phases   ] GC(1034)   Other: 0.1ms
[2026-03-27T14:07:49.200+0900][53.331s][info][gc,heap     ] GC(1034) Eden regions: 1->0(117)
[2026-03-27T14:07:49.200+0900][53.331s][info][gc,heap     ] GC(1034) Survivor regions: 1->1(15)
[2026-03-27T14:07:49.200+0900][53.331s][info][gc,heap     ] GC(1034) Old regions: 1->1
[2026-03-27T14:07:49.200+0900][53.331s][info][gc,heap     ] GC(1034) Archive regions: 0->0
[2026-03-27T14:07:49.200+0900][53.331s][info][gc,heap     ] GC(1034) Humongous regions: 341->340
[2026-03-27T14:07:49.200+0900][53.331s][info][gc,metaspace] GC(1034) Metaspace: 166K(384K)->166K(384K) NonClass: 157K(256K)->157K(256K) Class: 9K(128K)->9K(128K)
[2026-03-27T14:07:49.200+0900][53.331s][info][gc          ] GC(1034) Pause Young (Concurrent Start) (G1 Humongous Allocation) 342M->341M(512M) 0.852ms
[2026-03-27T14:07:49.200+0900][53.331s][info][gc,cpu      ] GC(1034) User=0.00s Sys=0.00s Real=0.00s
[2026-03-27T14:07:49.200+0900][53.331s][info][gc          ] GC(1035) Concurrent Mark Cycle
[2026-03-27T14:07:49.200+0900][53.331s][info][gc,marking  ] GC(1035) Concurrent Clear Claimed Marks
[2026-03-27T14:07:49.200+0900][53.331s][info][gc,marking  ] GC(1035) Concurrent Clear Claimed Marks 0.018ms
[2026-03-27T14:07:49.200+0900][53.331s][info][gc,marking  ] GC(1035) Concurrent Scan Root Regions
[2026-03-27T14:07:49.200+0900][53.331s][info][gc,marking  ] GC(1035) Concurrent Scan Root Regions 0.037ms
[2026-03-27T14:07:49.200+0900][53.331s][info][gc,marking  ] GC(1035) Concurrent Mark
[2026-03-27T14:07:49.200+0900][53.331s][info][gc,marking  ] GC(1035) Concurrent Mark From Roots
[2026-03-27T14:07:49.200+0900][53.331s][info][gc,task     ] GC(1035) Using 2 workers of 2 for marking
[2026-03-27T14:07:49.200+0900][53.332s][info][gc,marking  ] GC(1035) Concurrent Mark From Roots 0.952ms
[2026-03-27T14:07:49.200+0900][53.332s][info][gc,marking  ] GC(1035) Concurrent Preclean
[2026-03-27T14:07:49.200+0900][53.332s][info][gc,marking  ] GC(1035) Concurrent Preclean 0.015ms
[2026-03-27T14:07:49.200+0900][53.332s][info][gc,start    ] GC(1035) Pause Remark
[2026-03-27T14:07:49.200+0900][53.333s][info][gc          ] GC(1035) Pause Remark 342M->342M(512M) 0.278ms
[2026-03-27T14:07:49.200+0900][53.333s][info][gc,cpu      ] GC(1035) User=0.00s Sys=0.00s Real=0.00s
[2026-03-27T14:07:49.200+0900][53.333s][info][gc,marking  ] GC(1035) Concurrent Mark 1.466ms
[2026-03-27T14:07:49.200+0900][53.333s][info][gc,marking  ] GC(1035) Concurrent Rebuild Remembered Sets
[2026-03-27T14:07:49.200+0900][53.333s][info][gc,marking  ] GC(1035) Concurrent Rebuild Remembered Sets 0.451ms
[2026-03-27T14:07:49.200+0900][53.333s][info][gc,start    ] GC(1035) Pause Cleanup
[2026-03-27T14:07:49.200+0900][53.333s][info][gc          ] GC(1035) Pause Cleanup 342M->342M(512M) 0.074ms
[2026-03-27T14:07:49.200+0900][53.333s][info][gc,cpu      ] GC(1035) User=0.00s Sys=0.00s Real=0.00s
[2026-03-27T14:07:49.200+0900][53.333s][info][gc,marking  ] GC(1035) Concurrent Cleanup for Next Mark
[2026-03-27T14:07:49.200+0900][53.334s][info][gc,marking  ] GC(1035) Concurrent Cleanup for Next Mark 0.266ms
[2026-03-27T14:07:49.200+0900][53.334s][info][gc          ] GC(1035) Concurrent Mark Cycle 2.554ms
[2026-03-27T14:07:49.264+0900][53.394s][info][gc,start    ] GC(1036) Pause Young (Concurrent Start) (G1 Humongous Allocation)
[2026-03-27T14:07:49.264+0900][53.394s][info][gc,task     ] GC(1036) Using 8 workers of 8 for evacuation
[2026-03-27T14:07:49.264+0900][53.395s][info][gc,phases   ] GC(1036)   Pre Evacuate Collection Set: 0.1ms
[2026-03-27T14:07:49.264+0900][53.395s][info][gc,phases   ] GC(1036)   Merge Heap Roots: 0.1ms
[2026-03-27T14:07:49.264+0900][53.395s][info][gc,phases   ] GC(1036)   Evacuate Collection Set: 0.1ms
[2026-03-27T14:07:49.264+0900][53.395s][info][gc,phases   ] GC(1036)   Post Evacuate Collection Set: 0.2ms
[2026-03-27T14:07:49.264+0900][53.395s][info][gc,phases   ] GC(1036)   Other: 0.1ms
[2026-03-27T14:07:49.264+0900][53.395s][info][gc,heap     ] GC(1036) Eden regions: 1->0(117)
[2026-03-27T14:07:49.264+0900][53.395s][info][gc,heap     ] GC(1036) Survivor regions: 1->1(15)
[2026-03-27T14:07:49.264+0900][53.395s][info][gc,heap     ] GC(1036) Old regions: 1->1
[2026-03-27T14:07:49.264+0900][53.395s][info][gc,heap     ] GC(1036) Archive regions: 0->0
[2026-03-27T14:07:49.264+0900][53.395s][info][gc,heap     ] GC(1036) Humongous regions: 341->340
[2026-03-27T14:07:49.264+0900][53.395s][info][gc,metaspace] GC(1036) Metaspace: 166K(384K)->166K(384K) NonClass: 157K(256K)->157K(256K) Class: 9K(128K)->9K(128K)
[2026-03-27T14:07:49.264+0900][53.395s][info][gc          ] GC(1036) Pause Young (Concurrent Start) (G1 Humongous Allocation) 342M->341M(512M) 0.930ms
[2026-03-27T14:07:49.264+0900][53.395s][info][gc,cpu      ] GC(1036) User=0.00s Sys=0.00s Real=0.00s
[2026-03-27T14:07:49.264+0900][53.395s][info][gc          ] GC(1037) Concurrent Mark Cycle
[2026-03-27T14:07:49.264+0900][53.395s][info][gc,marking  ] GC(1037) Concurrent Clear Claimed Marks
[2026-03-27T14:07:49.264+0900][53.395s][info][gc,marking  ] GC(1037) Concurrent Clear Claimed Marks 0.027ms
[2026-03-27T14:07:49.264+0900][53.395s][info][gc,marking  ] GC(1037) Concurrent Scan Root Regions
[2026-03-27T14:07:49.265+0900][53.395s][info][gc,marking  ] GC(1037) Concurrent Scan Root Regions 0.042ms
[2026-03-27T14:07:49.265+0900][53.395s][info][gc,marking  ] GC(1037) Concurrent Mark
[2026-03-27T14:07:49.265+0900][53.395s][info][gc,marking  ] GC(1037) Concurrent Mark From Roots
[2026-03-27T14:07:49.265+0900][53.395s][info][gc,task     ] GC(1037) Using 2 workers of 2 for marking
[2026-03-27T14:07:49.265+0900][53.396s][info][gc,marking  ] GC(1037) Concurrent Mark From Roots 0.857ms
[2026-03-27T14:07:49.265+0900][53.396s][info][gc,marking  ] GC(1037) Concurrent Preclean
[2026-03-27T14:07:49.265+0900][53.396s][info][gc,marking  ] GC(1037) Concurrent Preclean 0.015ms
[2026-03-27T14:07:49.265+0900][53.396s][info][gc,start    ] GC(1037) Pause Remark
[2026-03-27T14:07:49.265+0900][53.397s][info][gc          ] GC(1037) Pause Remark 342M->342M(512M) 0.451ms
[2026-03-27T14:07:49.265+0900][53.397s][info][gc,cpu      ] GC(1037) User=0.00s Sys=0.00s Real=0.00s
[2026-03-27T14:07:49.265+0900][53.397s][info][gc,marking  ] GC(1037) Concurrent Mark 1.525ms
[2026-03-27T14:07:49.265+0900][53.397s][info][gc,marking  ] GC(1037) Concurrent Rebuild Remembered Sets
[2026-03-27T14:07:49.265+0900][53.397s][info][gc,marking  ] GC(1037) Concurrent Rebuild Remembered Sets 0.564ms
[2026-03-27T14:07:49.265+0900][53.397s][info][gc,start    ] GC(1037) Pause Cleanup
[2026-03-27T14:07:49.265+0900][53.398s][info][gc          ] GC(1037) Pause Cleanup 342M->342M(512M) 0.169ms
[2026-03-27T14:07:49.265+0900][53.398s][info][gc,cpu      ] GC(1037) User=0.00s Sys=0.00s Real=0.00s
[2026-03-27T14:07:49.265+0900][53.398s][info][gc,marking  ] GC(1037) Concurrent Cleanup for Next Mark
[2026-03-27T14:07:49.265+0900][53.398s][info][gc,marking  ] GC(1037) Concurrent Cleanup for Next Mark 0.368ms
[2026-03-27T14:07:49.265+0900][53.398s][info][gc          ] GC(1037) Concurrent Mark Cycle 3.061ms
[2026-03-27T14:07:49.328+0900][53.458s][info][gc,start    ] GC(1038) Pause Young (Concurrent Start) (G1 Humongous Allocation)
[2026-03-27T14:07:49.328+0900][53.458s][info][gc,task     ] GC(1038) Using 8 workers of 8 for evacuation
[2026-03-27T14:07:49.328+0900][53.459s][info][gc,phases   ] GC(1038)   Pre Evacuate Collection Set: 0.1ms
[2026-03-27T14:07:49.328+0900][53.459s][info][gc,phases   ] GC(1038)   Merge Heap Roots: 0.1ms
[2026-03-27T14:07:49.328+0900][53.459s][info][gc,phases   ] GC(1038)   Evacuate Collection Set: 0.1ms
[2026-03-27T14:07:49.328+0900][53.459s][info][gc,phases   ] GC(1038)   Post Evacuate Collection Set: 0.1ms
[2026-03-27T14:07:49.328+0900][53.459s][info][gc,phases   ] GC(1038)   Other: 0.1ms
[2026-03-27T14:07:49.328+0900][53.459s][info][gc,heap     ] GC(1038) Eden regions: 1->0(117)
[2026-03-27T14:07:49.328+0900][53.459s][info][gc,heap     ] GC(1038) Survivor regions: 1->1(15)
[2026-03-27T14:07:49.328+0900][53.459s][info][gc,heap     ] GC(1038) Old regions: 1->1
[2026-03-27T14:07:49.328+0900][53.459s][info][gc,heap     ] GC(1038) Archive regions: 0->0
[2026-03-27T14:07:49.328+0900][53.459s][info][gc,heap     ] GC(1038) Humongous regions: 341->340
[2026-03-27T14:07:49.328+0900][53.459s][info][gc,metaspace] GC(1038) Metaspace: 166K(384K)->166K(384K) NonClass: 157K(256K)->157K(256K) Class: 9K(128K)->9K(128K)
[2026-03-27T14:07:49.328+0900][53.459s][info][gc          ] GC(1038) Pause Young (Concurrent Start) (G1 Humongous Allocation) 342M->341M(512M) 0.797ms
[2026-03-27T14:07:49.328+0900][53.459s][info][gc,cpu      ] GC(1038) User=0.00s Sys=0.00s Real=0.00s
[2026-03-27T14:07:49.328+0900][53.459s][info][gc          ] GC(1039) Concurrent Mark Cycle
[2026-03-27T14:07:49.328+0900][53.459s][info][gc,marking  ] GC(1039) Concurrent Clear Claimed Marks
[2026-03-27T14:07:49.328+0900][53.459s][info][gc,marking  ] GC(1039) Concurrent Clear Claimed Marks 0.013ms
[2026-03-27T14:07:49.328+0900][53.459s][info][gc,marking  ] GC(1039) Concurrent Scan Root Regions
[2026-03-27T14:07:49.328+0900][53.459s][info][gc,marking  ] GC(1039) Concurrent Scan Root Regions 0.027ms
[2026-03-27T14:07:49.328+0900][53.459s][info][gc,marking  ] GC(1039) Concurrent Mark
[2026-03-27T14:07:49.328+0900][53.459s][info][gc,marking  ] GC(1039) Concurrent Mark From Roots
[2026-03-27T14:07:49.328+0900][53.459s][info][gc,task     ] GC(1039) Using 2 workers of 2 for marking
[2026-03-27T14:07:49.328+0900][53.460s][info][gc,marking  ] GC(1039) Concurrent Mark From Roots 0.686ms
[2026-03-27T14:07:49.328+0900][53.460s][info][gc,marking  ] GC(1039) Concurrent Preclean
[2026-03-27T14:07:49.328+0900][53.460s][info][gc,marking  ] GC(1039) Concurrent Preclean 0.013ms
[2026-03-27T14:07:49.328+0900][53.460s][info][gc,start    ] GC(1039) Pause Remark
[2026-03-27T14:07:49.328+0900][53.460s][info][gc          ] GC(1039) Pause Remark 342M->342M(512M) 0.294ms
[2026-03-27T14:07:49.328+0900][53.460s][info][gc,cpu      ] GC(1039) User=0.00s Sys=0.00s Real=0.00s
[2026-03-27T14:07:49.328+0900][53.460s][info][gc,marking  ] GC(1039) Concurrent Mark 1.161ms
[2026-03-27T14:07:49.328+0900][53.460s][info][gc,marking  ] GC(1039) Concurrent Rebuild Remembered Sets
[2026-03-27T14:07:49.328+0900][53.461s][info][gc,marking  ] GC(1039) Concurrent Rebuild Remembered Sets 0.447ms
[2026-03-27T14:07:49.328+0900][53.461s][info][gc,start    ] GC(1039) Pause Cleanup
[2026-03-27T14:07:49.328+0900][53.461s][info][gc          ] GC(1039) Pause Cleanup 342M->342M(512M) 0.100ms
[2026-03-27T14:07:49.328+0900][53.461s][info][gc,cpu      ] GC(1039) User=0.00s Sys=0.00s Real=0.00s
[2026-03-27T14:07:49.328+0900][53.461s][info][gc,marking  ] GC(1039) Concurrent Cleanup for Next Mark
[2026-03-27T14:07:49.328+0900][53.461s][info][gc,marking  ] GC(1039) Concurrent Cleanup for Next Mark 0.251ms
[2026-03-27T14:07:49.328+0900][53.461s][info][gc          ] GC(1039) Concurrent Mark Cycle 2.350ms
[2026-03-27T14:07:49.391+0900][53.522s][info][gc,start    ] GC(1040) Pause Young (Concurrent Start) (G1 Humongous Allocation)
[2026-03-27T14:07:49.391+0900][53.522s][info][gc,task     ] GC(1040) Using 8 workers of 8 for evacuation
[2026-03-27T14:07:49.391+0900][53.523s][info][gc,phases   ] GC(1040)   Pre Evacuate Collection Set: 0.1ms
[2026-03-27T14:07:49.391+0900][53.523s][info][gc,phases   ] GC(1040)   Merge Heap Roots: 0.2ms
[2026-03-27T14:07:49.391+0900][53.523s][info][gc,phases   ] GC(1040)   Evacuate Collection Set: 0.2ms
[2026-03-27T14:07:49.391+0900][53.523s][info][gc,phases   ] GC(1040)   Post Evacuate Collection Set: 0.5ms
[2026-03-27T14:07:49.391+0900][53.523s][info][gc,phases   ] GC(1040)   Other: 0.2ms
[2026-03-27T14:07:49.391+0900][53.523s][info][gc,heap     ] GC(1040) Eden regions: 1->0(117)
[2026-03-27T14:07:49.391+0900][53.523s][info][gc,heap     ] GC(1040) Survivor regions: 1->1(15)
[2026-03-27T14:07:49.391+0900][53.523s][info][gc,heap     ] GC(1040) Old regions: 1->1
[2026-03-27T14:07:49.391+0900][53.523s][info][gc,heap     ] GC(1040) Archive regions: 0->0
[2026-03-27T14:07:49.391+0900][53.523s][info][gc,heap     ] GC(1040) Humongous regions: 341->340
[2026-03-27T14:07:49.391+0900][53.523s][info][gc,metaspace] GC(1040) Metaspace: 166K(384K)->166K(384K) NonClass: 157K(256K)->157K(256K) Class: 9K(128K)->9K(128K)
[2026-03-27T14:07:49.391+0900][53.523s][info][gc          ] GC(1040) Pause Young (Concurrent Start) (G1 Humongous Allocation) 342M->340M(512M) 1.467ms
[2026-03-27T14:07:49.391+0900][53.523s][info][gc,cpu      ] GC(1040) User=0.00s Sys=0.00s Real=0.00s
[2026-03-27T14:07:49.391+0900][53.523s][info][gc          ] GC(1041) Concurrent Mark Cycle
[2026-03-27T14:07:49.391+0900][53.523s][info][gc,marking  ] GC(1041) Concurrent Clear Claimed Marks
[2026-03-27T14:07:49.391+0900][53.523s][info][gc,marking  ] GC(1041) Concurrent Clear Claimed Marks 0.013ms
[2026-03-27T14:07:49.391+0900][53.523s][info][gc,marking  ] GC(1041) Concurrent Scan Root Regions
[2026-03-27T14:07:49.391+0900][53.523s][info][gc,marking  ] GC(1041) Concurrent Scan Root Regions 0.077ms
[2026-03-27T14:07:49.391+0900][53.523s][info][gc,marking  ] GC(1041) Concurrent Mark
[2026-03-27T14:07:49.391+0900][53.523s][info][gc,marking  ] GC(1041) Concurrent Mark From Roots
[2026-03-27T14:07:49.391+0900][53.523s][info][gc,task     ] GC(1041) Using 2 workers of 2 for marking
[2026-03-27T14:07:49.391+0900][53.524s][info][gc,marking  ] GC(1041) Concurrent Mark From Roots 0.994ms
[2026-03-27T14:07:49.391+0900][53.524s][info][gc,marking  ] GC(1041) Concurrent Preclean
[2026-03-27T14:07:49.391+0900][53.524s][info][gc,marking  ] GC(1041) Concurrent Preclean 0.015ms
[2026-03-27T14:07:49.391+0900][53.524s][info][gc,start    ] GC(1041) Pause Remark
[2026-03-27T14:07:49.391+0900][53.525s][info][gc          ] GC(1041) Pause Remark 341M->341M(512M) 0.465ms
[2026-03-27T14:07:49.391+0900][53.525s][info][gc,cpu      ] GC(1041) User=0.02s Sys=0.00s Real=0.00s
[2026-03-27T14:07:49.391+0900][53.525s][info][gc,marking  ] GC(1041) Concurrent Mark 1.698ms
[2026-03-27T14:07:49.391+0900][53.525s][info][gc,marking  ] GC(1041) Concurrent Rebuild Remembered Sets
[2026-03-27T14:07:49.391+0900][53.525s][info][gc,marking  ] GC(1041) Concurrent Rebuild Remembered Sets 0.394ms
[2026-03-27T14:07:49.391+0900][53.526s][info][gc,start    ] GC(1041) Pause Cleanup
[2026-03-27T14:07:49.391+0900][53.526s][info][gc          ] GC(1041) Pause Cleanup 341M->341M(512M) 0.105ms
[2026-03-27T14:07:49.391+0900][53.526s][info][gc,cpu      ] GC(1041) User=0.00s Sys=0.00s Real=0.00s
[2026-03-27T14:07:49.391+0900][53.526s][info][gc,marking  ] GC(1041) Concurrent Cleanup for Next Mark
[2026-03-27T14:07:49.391+0900][53.526s][info][gc,marking  ] GC(1041) Concurrent Cleanup for Next Mark 0.223ms
[2026-03-27T14:07:49.391+0900][53.526s][info][gc          ] GC(1041) Concurrent Mark Cycle 2.894ms
[2026-03-27T14:07:49.454+0900][53.585s][info][gc,start    ] GC(1042) Pause Young (Concurrent Start) (G1 Humongous Allocation)
[2026-03-27T14:07:49.454+0900][53.585s][info][gc,task     ] GC(1042) Using 8 workers of 8 for evacuation
[2026-03-27T14:07:49.454+0900][53.586s][info][gc,phases   ] GC(1042)   Pre Evacuate Collection Set: 0.1ms
[2026-03-27T14:07:49.454+0900][53.586s][info][gc,phases   ] GC(1042)   Merge Heap Roots: 0.2ms
[2026-03-27T14:07:49.454+0900][53.586s][info][gc,phases   ] GC(1042)   Evacuate Collection Set: 0.4ms
[2026-03-27T14:07:49.454+0900][53.586s][info][gc,phases   ] GC(1042)   Post Evacuate Collection Set: 0.5ms
[2026-03-27T14:07:49.454+0900][53.586s][info][gc,phases   ] GC(1042)   Other: 0.2ms
[2026-03-27T14:07:49.454+0900][53.586s][info][gc,heap     ] GC(1042) Eden regions: 1->0(117)
[2026-03-27T14:07:49.454+0900][53.586s][info][gc,heap     ] GC(1042) Survivor regions: 1->1(15)
[2026-03-27T14:07:49.454+0900][53.586s][info][gc,heap     ] GC(1042) Old regions: 1->1
[2026-03-27T14:07:49.454+0900][53.586s][info][gc,heap     ] GC(1042) Archive regions: 0->0
[2026-03-27T14:07:49.454+0900][53.586s][info][gc,heap     ] GC(1042) Humongous regions: 341->340
[2026-03-27T14:07:49.454+0900][53.586s][info][gc,metaspace] GC(1042) Metaspace: 166K(384K)->166K(384K) NonClass: 157K(256K)->157K(256K) Class: 9K(128K)->9K(128K)
[2026-03-27T14:07:49.454+0900][53.586s][info][gc          ] GC(1042) Pause Young (Concurrent Start) (G1 Humongous Allocation) 342M->341M(512M) 1.675ms
[2026-03-27T14:07:49.454+0900][53.587s][info][gc,cpu      ] GC(1042) User=0.00s Sys=0.00s Real=0.00s
[2026-03-27T14:07:49.454+0900][53.587s][info][gc          ] GC(1043) Concurrent Mark Cycle
[2026-03-27T14:07:49.454+0900][53.587s][info][gc,marking  ] GC(1043) Concurrent Clear Claimed Marks
[2026-03-27T14:07:49.454+0900][53.587s][info][gc,marking  ] GC(1043) Concurrent Clear Claimed Marks 0.013ms
[2026-03-27T14:07:49.454+0900][53.587s][info][gc,marking  ] GC(1043) Concurrent Scan Root Regions
[2026-03-27T14:07:49.454+0900][53.587s][info][gc,marking  ] GC(1043) Concurrent Scan Root Regions 0.109ms
[2026-03-27T14:07:49.454+0900][53.587s][info][gc,marking  ] GC(1043) Concurrent Mark
[2026-03-27T14:07:49.454+0900][53.587s][info][gc,marking  ] GC(1043) Concurrent Mark From Roots
[2026-03-27T14:07:49.454+0900][53.587s][info][gc,task     ] GC(1043) Using 2 workers of 2 for marking
[2026-03-27T14:07:49.454+0900][53.588s][info][gc,marking  ] GC(1043) Concurrent Mark From Roots 0.834ms
[2026-03-27T14:07:49.454+0900][53.588s][info][gc,marking  ] GC(1043) Concurrent Preclean
[2026-03-27T14:07:49.454+0900][53.588s][info][gc,marking  ] GC(1043) Concurrent Preclean 0.012ms
[2026-03-27T14:07:49.454+0900][53.588s][info][gc,start    ] GC(1043) Pause Remark
[2026-03-27T14:07:49.454+0900][53.589s][info][gc          ] GC(1043) Pause Remark 344M->344M(512M) 0.824ms
[2026-03-27T14:07:49.454+0900][53.589s][info][gc,cpu      ] GC(1043) User=0.00s Sys=0.00s Real=0.00s
[2026-03-27T14:07:49.454+0900][53.589s][info][gc,marking  ] GC(1043) Concurrent Mark 2.030ms
[2026-03-27T14:07:49.454+0900][53.589s][info][gc,marking  ] GC(1043) Concurrent Rebuild Remembered Sets
[2026-03-27T14:07:49.454+0900][53.589s][info][gc,marking  ] GC(1043) Concurrent Rebuild Remembered Sets 0.391ms
[2026-03-27T14:07:49.454+0900][53.590s][info][gc,start    ] GC(1043) Pause Cleanup
[2026-03-27T14:07:49.454+0900][53.590s][info][gc          ] GC(1043) Pause Cleanup 344M->344M(512M) 0.174ms
[2026-03-27T14:07:49.454+0900][53.590s][info][gc,cpu      ] GC(1043) User=0.00s Sys=0.00s Real=0.00s
[2026-03-27T14:07:49.454+0900][53.590s][info][gc,marking  ] GC(1043) Concurrent Cleanup for Next Mark
[2026-03-27T14:07:49.454+0900][53.590s][info][gc,marking  ] GC(1043) Concurrent Cleanup for Next Mark 0.314ms
[2026-03-27T14:07:49.454+0900][53.590s][info][gc          ] GC(1043) Concurrent Mark Cycle 3.655ms
[2026-03-27T14:07:49.518+0900][53.648s][info][gc,start    ] GC(1044) Pause Young (Concurrent Start) (G1 Humongous Allocation)
[2026-03-27T14:07:49.518+0900][53.648s][info][gc,task     ] GC(1044) Using 8 workers of 8 for evacuation
[2026-03-27T14:07:49.518+0900][53.649s][info][gc,phases   ] GC(1044)   Pre Evacuate Collection Set: 0.1ms
[2026-03-27T14:07:49.518+0900][53.649s][info][gc,phases   ] GC(1044)   Merge Heap Roots: 0.3ms
[2026-03-27T14:07:49.518+0900][53.649s][info][gc,phases   ] GC(1044)   Evacuate Collection Set: 0.1ms
[2026-03-27T14:07:49.518+0900][53.649s][info][gc,phases   ] GC(1044)   Post Evacuate Collection Set: 0.6ms
[2026-03-27T14:07:49.518+0900][53.649s][info][gc,phases   ] GC(1044)   Other: 0.1ms
[2026-03-27T14:07:49.518+0900][53.649s][info][gc,heap     ] GC(1044) Eden regions: 1->0(115)
[2026-03-27T14:07:49.518+0900][53.649s][info][gc,heap     ] GC(1044) Survivor regions: 1->1(15)
[2026-03-27T14:07:49.518+0900][53.649s][info][gc,heap     ] GC(1044) Old regions: 1->1
[2026-03-27T14:07:49.518+0900][53.649s][info][gc,heap     ] GC(1044) Archive regions: 0->0
[2026-03-27T14:07:49.518+0900][53.649s][info][gc,heap     ] GC(1044) Humongous regions: 343->342
[2026-03-27T14:07:49.518+0900][53.649s][info][gc,metaspace] GC(1044) Metaspace: 166K(384K)->166K(384K) NonClass: 157K(256K)->157K(256K) Class: 9K(128K)->9K(128K)
[2026-03-27T14:07:49.518+0900][53.649s][info][gc          ] GC(1044) Pause Young (Concurrent Start) (G1 Humongous Allocation) 344M->343M(512M) 1.577ms
[2026-03-27T14:07:49.518+0900][53.649s][info][gc,cpu      ] GC(1044) User=0.00s Sys=0.00s Real=0.00s
[2026-03-27T14:07:49.518+0900][53.649s][info][gc          ] GC(1045) Concurrent Mark Cycle
[2026-03-27T14:07:49.518+0900][53.650s][info][gc,marking  ] GC(1045) Concurrent Clear Claimed Marks
[2026-03-27T14:07:49.518+0900][53.650s][info][gc,marking  ] GC(1045) Concurrent Clear Claimed Marks 0.014ms
[2026-03-27T14:07:49.518+0900][53.650s][info][gc,marking  ] GC(1045) Concurrent Scan Root Regions
[2026-03-27T14:07:49.518+0900][53.650s][info][gc,marking  ] GC(1045) Concurrent Scan Root Regions 0.125ms
[2026-03-27T14:07:49.518+0900][53.650s][info][gc,marking  ] GC(1045) Concurrent Mark
[2026-03-27T14:07:49.518+0900][53.650s][info][gc,marking  ] GC(1045) Concurrent Mark From Roots
[2026-03-27T14:07:49.518+0900][53.650s][info][gc,task     ] GC(1045) Using 2 workers of 2 for marking
[2026-03-27T14:07:49.518+0900][53.650s][info][gc,marking  ] GC(1045) Concurrent Mark From Roots 0.723ms
[2026-03-27T14:07:49.518+0900][53.650s][info][gc,marking  ] GC(1045) Concurrent Preclean
[2026-03-27T14:07:49.518+0900][53.650s][info][gc,marking  ] GC(1045) Concurrent Preclean 0.014ms
[2026-03-27T14:07:49.518+0900][53.651s][info][gc,start    ] GC(1045) Pause Remark
[2026-03-27T14:07:49.518+0900][53.651s][info][gc          ] GC(1045) Pause Remark 344M->344M(512M) 0.649ms
[2026-03-27T14:07:49.518+0900][53.651s][info][gc,cpu      ] GC(1045) User=0.00s Sys=0.00s Real=0.00s
[2026-03-27T14:07:49.518+0900][53.651s][info][gc,marking  ] GC(1045) Concurrent Mark 1.651ms
[2026-03-27T14:07:49.518+0900][53.651s][info][gc,marking  ] GC(1045) Concurrent Rebuild Remembered Sets
[2026-03-27T14:07:49.518+0900][53.652s][info][gc,marking  ] GC(1045) Concurrent Rebuild Remembered Sets 0.509ms
[2026-03-27T14:07:49.518+0900][53.652s][info][gc,start    ] GC(1045) Pause Cleanup
[2026-03-27T14:07:49.518+0900][53.652s][info][gc          ] GC(1045) Pause Cleanup 344M->344M(512M) 0.122ms
[2026-03-27T14:07:49.518+0900][53.652s][info][gc,cpu      ] GC(1045) User=0.00s Sys=0.00s Real=0.00s
[2026-03-27T14:07:49.518+0900][53.652s][info][gc,marking  ] GC(1045) Concurrent Cleanup for Next Mark
[2026-03-27T14:07:49.518+0900][53.652s][info][gc,marking  ] GC(1045) Concurrent Cleanup for Next Mark 0.265ms
[2026-03-27T14:07:49.518+0900][53.652s][info][gc          ] GC(1045) Concurrent Mark Cycle 3.022ms
[2026-03-27T14:07:49.570+0900][53.700s][info][gc,start    ] GC(1046) Pause Young (Concurrent Start) (G1 Humongous Allocation)
[2026-03-27T14:07:49.570+0900][53.701s][info][gc,task     ] GC(1046) Using 8 workers of 8 for evacuation
[2026-03-27T14:07:49.570+0900][53.702s][info][gc,phases   ] GC(1046)   Pre Evacuate Collection Set: 0.2ms
[2026-03-27T14:07:49.570+0900][53.702s][info][gc,phases   ] GC(1046)   Merge Heap Roots: 0.3ms
[2026-03-27T14:07:49.570+0900][53.702s][info][gc,phases   ] GC(1046)   Evacuate Collection Set: 0.2ms
[2026-03-27T14:07:49.570+0900][53.702s][info][gc,phases   ] GC(1046)   Post Evacuate Collection Set: 0.7ms
[2026-03-27T14:07:49.570+0900][53.702s][info][gc,phases   ] GC(1046)   Other: 0.2ms
[2026-03-27T14:07:49.570+0900][53.702s][info][gc,heap     ] GC(1046) Eden regions: 1->0(115)
[2026-03-27T14:07:49.570+0900][53.702s][info][gc,heap     ] GC(1046) Survivor regions: 1->1(15)
[2026-03-27T14:07:49.570+0900][53.702s][info][gc,heap     ] GC(1046) Old regions: 1->1
[2026-03-27T14:07:49.570+0900][53.702s][info][gc,heap     ] GC(1046) Archive regions: 0->0
[2026-03-27T14:07:49.570+0900][53.702s][info][gc,heap     ] GC(1046) Humongous regions: 343->342
[2026-03-27T14:07:49.570+0900][53.702s][info][gc,metaspace] GC(1046) Metaspace: 166K(384K)->166K(384K) NonClass: 157K(256K)->157K(256K) Class: 9K(128K)->9K(128K)
[2026-03-27T14:07:49.570+0900][53.703s][info][gc          ] GC(1046) Pause Young (Concurrent Start) (G1 Humongous Allocation) 344M->342M(512M) 2.100ms
[2026-03-27T14:07:49.570+0900][53.703s][info][gc,cpu      ] GC(1046) User=0.00s Sys=0.00s Real=0.00s
[2026-03-27T14:07:49.570+0900][53.703s][info][gc          ] GC(1047) Concurrent Mark Cycle
[2026-03-27T14:07:49.570+0900][53.703s][info][gc,marking  ] GC(1047) Concurrent Clear Claimed Marks
[2026-03-27T14:07:49.570+0900][53.703s][info][gc,marking  ] GC(1047) Concurrent Clear Claimed Marks 0.028ms
[2026-03-27T14:07:49.570+0900][53.703s][info][gc,marking  ] GC(1047) Concurrent Scan Root Regions
[2026-03-27T14:07:49.570+0900][53.703s][info][gc,marking  ] GC(1047) Concurrent Scan Root Regions 0.146ms
[2026-03-27T14:07:49.570+0900][53.703s][info][gc,marking  ] GC(1047) Concurrent Mark
[2026-03-27T14:07:49.570+0900][53.703s][info][gc,marking  ] GC(1047) Concurrent Mark From Roots
[2026-03-27T14:07:49.570+0900][53.703s][info][gc,task     ] GC(1047) Using 2 workers of 2 for marking
[2026-03-27T14:07:49.570+0900][53.704s][info][gc,marking  ] GC(1047) Concurrent Mark From Roots 1.407ms
[2026-03-27T14:07:49.570+0900][53.705s][info][gc,marking  ] GC(1047) Concurrent Preclean
[2026-03-27T14:07:49.570+0900][53.705s][info][gc,marking  ] GC(1047) Concurrent Preclean 0.026ms
[2026-03-27T14:07:49.570+0900][53.705s][info][gc,start    ] GC(1047) Pause Remark
[2026-03-27T14:07:49.570+0900][53.706s][info][gc          ] GC(1047) Pause Remark 343M->343M(512M) 1.038ms
[2026-03-27T14:07:49.570+0900][53.706s][info][gc,cpu      ] GC(1047) User=0.00s Sys=0.00s Real=0.00s
[2026-03-27T14:07:49.570+0900][53.706s][info][gc,marking  ] GC(1047) Concurrent Mark 3.039ms
[2026-03-27T14:07:49.570+0900][53.706s][info][gc,marking  ] GC(1047) Concurrent Rebuild Remembered Sets
[2026-03-27T14:07:49.570+0900][53.707s][info][gc,marking  ] GC(1047) Concurrent Rebuild Remembered Sets 0.755ms
[2026-03-27T14:07:49.570+0900][53.707s][info][gc,start    ] GC(1047) Pause Cleanup
[2026-03-27T14:07:49.570+0900][53.708s][info][gc          ] GC(1047) Pause Cleanup 343M->343M(512M) 0.250ms
[2026-03-27T14:07:49.570+0900][53.708s][info][gc,cpu      ] GC(1047) User=0.00s Sys=0.00s Real=0.00s
[2026-03-27T14:07:49.570+0900][53.708s][info][gc,marking  ] GC(1047) Concurrent Cleanup for Next Mark
[2026-03-27T14:07:49.570+0900][53.708s][info][gc,marking  ] GC(1047) Concurrent Cleanup for Next Mark 0.476ms
[2026-03-27T14:07:49.570+0900][53.708s][info][gc          ] GC(1047) Concurrent Mark Cycle 5.489ms
[2026-03-27T14:07:49.633+0900][53.764s][info][gc,start    ] GC(1048) Pause Young (Concurrent Start) (G1 Humongous Allocation)
[2026-03-27T14:07:49.633+0900][53.764s][info][gc,task     ] GC(1048) Using 8 workers of 8 for evacuation
[2026-03-27T14:07:49.635+0900][53.766s][info][gc,phases   ] GC(1048)   Pre Evacuate Collection Set: 0.3ms
[2026-03-27T14:07:49.636+0900][53.766s][info][gc,phases   ] GC(1048)   Merge Heap Roots: 0.5ms
[2026-03-27T14:07:49.636+0900][53.766s][info][gc,phases   ] GC(1048)   Evacuate Collection Set: 0.3ms
[2026-03-27T14:07:49.636+0900][53.766s][info][gc,phases   ] GC(1048)   Post Evacuate Collection Set: 0.8ms
[2026-03-27T14:07:49.636+0900][53.766s][info][gc,phases   ] GC(1048)   Other: 0.2ms
[2026-03-27T14:07:49.636+0900][53.766s][info][gc,heap     ] GC(1048) Eden regions: 1->0(115)
[2026-03-27T14:07:49.636+0900][53.766s][info][gc,heap     ] GC(1048) Survivor regions: 1->1(15)
[2026-03-27T14:07:49.636+0900][53.767s][info][gc,heap     ] GC(1048) Old regions: 1->1
[2026-03-27T14:07:49.636+0900][53.767s][info][gc,heap     ] GC(1048) Archive regions: 0->0
[2026-03-27T14:07:49.636+0900][53.767s][info][gc,heap     ] GC(1048) Humongous regions: 343->342
[2026-03-27T14:07:49.636+0900][53.767s][info][gc,metaspace] GC(1048) Metaspace: 166K(384K)->166K(384K) NonClass: 157K(256K)->157K(256K) Class: 9K(128K)->9K(128K)
[2026-03-27T14:07:49.636+0900][53.767s][info][gc          ] GC(1048) Pause Young (Concurrent Start) (G1 Humongous Allocation) 344M->343M(512M) 2.778ms
[2026-03-27T14:07:49.636+0900][53.767s][info][gc,cpu      ] GC(1048) User=0.00s Sys=0.00s Real=0.00s
[2026-03-27T14:07:49.636+0900][53.767s][info][gc          ] GC(1049) Concurrent Mark Cycle
[2026-03-27T14:07:49.636+0900][53.767s][info][gc,marking  ] GC(1049) Concurrent Clear Claimed Marks
[2026-03-27T14:07:49.636+0900][53.767s][info][gc,marking  ] GC(1049) Concurrent Clear Claimed Marks 0.041ms
[2026-03-27T14:07:49.636+0900][53.767s][info][gc,marking  ] GC(1049) Concurrent Scan Root Regions
[2026-03-27T14:07:49.636+0900][53.767s][info][gc,marking  ] GC(1049) Concurrent Scan Root Regions 0.244ms
[2026-03-27T14:07:49.636+0900][53.767s][info][gc,marking  ] GC(1049) Concurrent Mark
[2026-03-27T14:07:49.636+0900][53.767s][info][gc,marking  ] GC(1049) Concurrent Mark From Roots
[2026-03-27T14:07:49.636+0900][53.767s][info][gc,task     ] GC(1049) Using 2 workers of 2 for marking
[2026-03-27T14:07:49.638+0900][53.769s][info][gc,marking  ] GC(1049) Concurrent Mark From Roots 1.915ms
[2026-03-27T14:07:49.638+0900][53.769s][info][gc,marking  ] GC(1049) Concurrent Preclean
[2026-03-27T14:07:49.638+0900][53.769s][info][gc,marking  ] GC(1049) Concurrent Preclean 0.044ms
[2026-03-27T14:07:49.638+0900][53.770s][info][gc,start    ] GC(1049) Pause Remark
[2026-03-27T14:07:49.638+0900][53.771s][info][gc          ] GC(1049) Pause Remark 344M->344M(512M) 1.291ms
[2026-03-27T14:07:49.638+0900][53.771s][info][gc,cpu      ] GC(1049) User=0.00s Sys=0.00s Real=0.00s
[2026-03-27T14:07:49.638+0900][53.771s][info][gc,marking  ] GC(1049) Concurrent Mark 3.992ms
[2026-03-27T14:07:49.638+0900][53.771s][info][gc,marking  ] GC(1049) Concurrent Rebuild Remembered Sets
[2026-03-27T14:07:49.638+0900][53.772s][info][gc,marking  ] GC(1049) Concurrent Rebuild Remembered Sets 0.884ms
[2026-03-27T14:07:49.638+0900][53.773s][info][gc,start    ] GC(1049) Pause Cleanup
[2026-03-27T14:07:49.638+0900][53.773s][info][gc          ] GC(1049) Pause Cleanup 344M->344M(512M) 0.247ms
[2026-03-27T14:07:49.638+0900][53.773s][info][gc,cpu      ] GC(1049) User=0.00s Sys=0.00s Real=0.00s
[2026-03-27T14:07:49.638+0900][53.773s][info][gc,marking  ] GC(1049) Concurrent Cleanup for Next Mark
[2026-03-27T14:07:49.638+0900][53.774s][info][gc,marking  ] GC(1049) Concurrent Cleanup for Next Mark 0.488ms
[2026-03-27T14:07:49.638+0900][53.774s][info][gc          ] GC(1049) Concurrent Mark Cycle 6.755ms
[2026-03-27T14:07:49.698+0900][53.828s][info][gc,start    ] GC(1050) Pause Young (Concurrent Start) (G1 Humongous Allocation)
[2026-03-27T14:07:49.698+0900][53.828s][info][gc,task     ] GC(1050) Using 8 workers of 8 for evacuation
[2026-03-27T14:07:49.698+0900][53.830s][info][gc,phases   ] GC(1050)   Pre Evacuate Collection Set: 0.3ms
[2026-03-27T14:07:49.698+0900][53.831s][info][gc,phases   ] GC(1050)   Merge Heap Roots: 0.4ms
[2026-03-27T14:07:49.698+0900][53.831s][info][gc,phases   ] GC(1050)   Evacuate Collection Set: 0.3ms
[2026-03-27T14:07:49.698+0900][53.831s][info][gc,phases   ] GC(1050)   Post Evacuate Collection Set: 0.7ms
[2026-03-27T14:07:49.698+0900][53.831s][info][gc,phases   ] GC(1050)   Other: 0.2ms
[2026-03-27T14:07:49.698+0900][53.831s][info][gc,heap     ] GC(1050) Eden regions: 1->0(115)
[2026-03-27T14:07:49.698+0900][53.831s][info][gc,heap     ] GC(1050) Survivor regions: 1->1(15)
[2026-03-27T14:07:49.698+0900][53.831s][info][gc,heap     ] GC(1050) Old regions: 1->1
[2026-03-27T14:07:49.698+0900][53.831s][info][gc,heap     ] GC(1050) Archive regions: 0->0
[2026-03-27T14:07:49.698+0900][53.831s][info][gc,heap     ] GC(1050) Humongous regions: 343->342
[2026-03-27T14:07:49.698+0900][53.831s][info][gc,metaspace] GC(1050) Metaspace: 166K(384K)->166K(384K) NonClass: 157K(256K)->157K(256K) Class: 9K(128K)->9K(128K)
[2026-03-27T14:07:49.698+0900][53.831s][info][gc          ] GC(1050) Pause Young (Concurrent Start) (G1 Humongous Allocation) 344M->342M(512M) 2.733ms
[2026-03-27T14:07:49.698+0900][53.831s][info][gc,cpu      ] GC(1050) User=0.00s Sys=0.00s Real=0.00s
[2026-03-27T14:07:49.698+0900][53.831s][info][gc          ] GC(1051) Concurrent Mark Cycle
[2026-03-27T14:07:49.698+0900][53.831s][info][gc,marking  ] GC(1051) Concurrent Clear Claimed Marks
[2026-03-27T14:07:49.698+0900][53.831s][info][gc,marking  ] GC(1051) Concurrent Clear Claimed Marks 0.066ms
[2026-03-27T14:07:49.698+0900][53.831s][info][gc,marking  ] GC(1051) Concurrent Scan Root Regions
[2026-03-27T14:07:49.698+0900][53.832s][info][gc,marking  ] GC(1051) Concurrent Scan Root Regions 0.200ms
[2026-03-27T14:07:49.698+0900][53.832s][info][gc,marking  ] GC(1051) Concurrent Mark
[2026-03-27T14:07:49.698+0900][53.832s][info][gc,marking  ] GC(1051) Concurrent Mark From Roots
[2026-03-27T14:07:49.698+0900][53.832s][info][gc,task     ] GC(1051) Using 2 workers of 2 for marking
[2026-03-27T14:07:49.704+0900][53.834s][info][gc,marking  ] GC(1051) Concurrent Mark From Roots 2.122ms
[2026-03-27T14:07:49.704+0900][53.834s][info][gc,marking  ] GC(1051) Concurrent Preclean
[2026-03-27T14:07:49.704+0900][53.834s][info][gc,marking  ] GC(1051) Concurrent Preclean 0.046ms
[2026-03-27T14:07:49.704+0900][53.834s][info][gc,start    ] GC(1051) Pause Remark
[2026-03-27T14:07:49.704+0900][53.836s][info][gc          ] GC(1051) Pause Remark 343M->343M(512M) 1.421ms
[2026-03-27T14:07:49.704+0900][53.836s][info][gc,cpu      ] GC(1051) User=0.00s Sys=0.00s Real=0.00s
[2026-03-27T14:07:49.704+0900][53.836s][info][gc,marking  ] GC(1051) Concurrent Mark 4.460ms
[2026-03-27T14:07:49.704+0900][53.836s][info][gc,marking  ] GC(1051) Concurrent Rebuild Remembered Sets
[2026-03-27T14:07:49.704+0900][53.837s][info][gc,marking  ] GC(1051) Concurrent Rebuild Remembered Sets 1.103ms
[2026-03-27T14:07:49.704+0900][53.838s][info][gc,start    ] GC(1051) Pause Cleanup
[2026-03-27T14:07:49.704+0900][53.838s][info][gc          ] GC(1051) Pause Cleanup 343M->343M(512M) 0.351ms
[2026-03-27T14:07:49.704+0900][53.838s][info][gc,cpu      ] GC(1051) User=0.00s Sys=0.00s Real=0.00s
[2026-03-27T14:07:49.704+0900][53.838s][info][gc,marking  ] GC(1051) Concurrent Cleanup for Next Mark
[2026-03-27T14:07:49.704+0900][53.839s][info][gc,marking  ] GC(1051) Concurrent Cleanup for Next Mark 0.643ms
[2026-03-27T14:07:49.704+0900][53.839s][info][gc          ] GC(1051) Concurrent Mark Cycle 7.996ms
[2026-03-27T14:07:49.762+0900][53.892s][info][gc,start    ] GC(1052) Pause Young (Concurrent Start) (G1 Humongous Allocation)
[2026-03-27T14:07:49.762+0900][53.893s][info][gc,task     ] GC(1052) Using 8 workers of 8 for evacuation
[2026-03-27T14:07:49.762+0900][53.894s][info][gc,phases   ] GC(1052)   Pre Evacuate Collection Set: 0.1ms
[2026-03-27T14:07:49.762+0900][53.894s][info][gc,phases   ] GC(1052)   Merge Heap Roots: 0.2ms
[2026-03-27T14:07:49.762+0900][53.894s][info][gc,phases   ] GC(1052)   Evacuate Collection Set: 0.1ms
[2026-03-27T14:07:49.762+0900][53.894s][info][gc,phases   ] GC(1052)   Post Evacuate Collection Set: 0.7ms
[2026-03-27T14:07:49.762+0900][53.894s][info][gc,phases   ] GC(1052)   Other: 0.1ms
[2026-03-27T14:07:49.762+0900][53.894s][info][gc,heap     ] GC(1052) Eden regions: 1->0(115)
[2026-03-27T14:07:49.762+0900][53.894s][info][gc,heap     ] GC(1052) Survivor regions: 1->1(15)
[2026-03-27T14:07:49.762+0900][53.894s][info][gc,heap     ] GC(1052) Old regions: 1->1
[2026-03-27T14:07:49.762+0900][53.894s][info][gc,heap     ] GC(1052) Archive regions: 0->0
[2026-03-27T14:07:49.762+0900][53.894s][info][gc,heap     ] GC(1052) Humongous regions: 343->342
[2026-03-27T14:07:49.762+0900][53.894s][info][gc,metaspace] GC(1052) Metaspace: 166K(384K)->166K(384K) NonClass: 157K(256K)->157K(256K) Class: 9K(128K)->9K(128K)
[2026-03-27T14:07:49.762+0900][53.894s][info][gc          ] GC(1052) Pause Young (Concurrent Start) (G1 Humongous Allocation) 344M->343M(512M) 1.524ms
[2026-03-27T14:07:49.762+0900][53.894s][info][gc,cpu      ] GC(1052) User=0.00s Sys=0.00s Real=0.00s
[2026-03-27T14:07:49.762+0900][53.894s][info][gc          ] GC(1053) Concurrent Mark Cycle
[2026-03-27T14:07:49.762+0900][53.894s][info][gc,marking  ] GC(1053) Concurrent Clear Claimed Marks
[2026-03-27T14:07:49.762+0900][53.894s][info][gc,marking  ] GC(1053) Concurrent Clear Claimed Marks 0.017ms
[2026-03-27T14:07:49.762+0900][53.894s][info][gc,marking  ] GC(1053) Concurrent Scan Root Regions
[2026-03-27T14:07:49.762+0900][53.894s][info][gc,marking  ] GC(1053) Concurrent Scan Root Regions 0.120ms
[2026-03-27T14:07:49.762+0900][53.894s][info][gc,marking  ] GC(1053) Concurrent Mark
[2026-03-27T14:07:49.762+0900][53.894s][info][gc,marking  ] GC(1053) Concurrent Mark From Roots
[2026-03-27T14:07:49.762+0900][53.894s][info][gc,task     ] GC(1053) Using 2 workers of 2 for marking
[2026-03-27T14:07:49.762+0900][53.895s][info][gc,marking  ] GC(1053) Concurrent Mark From Roots 0.856ms
[2026-03-27T14:07:49.762+0900][53.895s][info][gc,marking  ] GC(1053) Concurrent Preclean
[2026-03-27T14:07:49.762+0900][53.895s][info][gc,marking  ] GC(1053) Concurrent Preclean 0.024ms
[2026-03-27T14:07:49.762+0900][53.896s][info][gc,start    ] GC(1053) Pause Remark
[2026-03-27T14:07:49.762+0900][53.897s][info][gc          ] GC(1053) Pause Remark 346M->346M(512M) 1.077ms
[2026-03-27T14:07:49.762+0900][53.897s][info][gc,cpu      ] GC(1053) User=0.00s Sys=0.00s Real=0.00s
[2026-03-27T14:07:49.762+0900][53.897s][info][gc,marking  ] GC(1053) Concurrent Mark 2.586ms
[2026-03-27T14:07:49.762+0900][53.897s][info][gc,marking  ] GC(1053) Concurrent Rebuild Remembered Sets
[2026-03-27T14:07:49.762+0900][53.898s][info][gc,marking  ] GC(1053) Concurrent Rebuild Remembered Sets 0.722ms
[2026-03-27T14:07:49.762+0900][53.898s][info][gc,start    ] GC(1053) Pause Cleanup
[2026-03-27T14:07:49.762+0900][53.898s][info][gc          ] GC(1053) Pause Cleanup 346M->346M(512M) 0.179ms
[2026-03-27T14:07:49.762+0900][53.898s][info][gc,cpu      ] GC(1053) User=0.00s Sys=0.00s Real=0.00s
[2026-03-27T14:07:49.762+0900][53.898s][info][gc,marking  ] GC(1053) Concurrent Cleanup for Next Mark
[2026-03-27T14:07:49.762+0900][53.899s][info][gc,marking  ] GC(1053) Concurrent Cleanup for Next Mark 0.412ms
[2026-03-27T14:07:49.762+0900][53.899s][info][gc          ] GC(1053) Concurrent Mark Cycle 4.599ms
[2026-03-27T14:07:49.826+0900][53.956s][info][gc,start    ] GC(1054) Pause Young (Concurrent Start) (G1 Humongous Allocation)
[2026-03-27T14:07:49.826+0900][53.957s][info][gc,task     ] GC(1054) Using 8 workers of 8 for evacuation
[2026-03-27T14:07:49.826+0900][53.959s][info][gc,phases   ] GC(1054)   Pre Evacuate Collection Set: 0.2ms
[2026-03-27T14:07:49.826+0900][53.959s][info][gc,phases   ] GC(1054)   Merge Heap Roots: 0.4ms
[2026-03-27T14:07:49.826+0900][53.959s][info][gc,phases   ] GC(1054)   Evacuate Collection Set: 0.4ms
[2026-03-27T14:07:49.826+0900][53.959s][info][gc,phases   ] GC(1054)   Post Evacuate Collection Set: 0.9ms
[2026-03-27T14:07:49.826+0900][53.959s][info][gc,phases   ] GC(1054)   Other: 0.3ms
[2026-03-27T14:07:49.826+0900][53.959s][info][gc,heap     ] GC(1054) Eden regions: 1->0(113)
[2026-03-27T14:07:49.826+0900][53.959s][info][gc,heap     ] GC(1054) Survivor regions: 1->1(15)
[2026-03-27T14:07:49.826+0900][53.959s][info][gc,heap     ] GC(1054) Old regions: 1->1
[2026-03-27T14:07:49.826+0900][53.959s][info][gc,heap     ] GC(1054) Archive regions: 0->0
[2026-03-27T14:07:49.826+0900][53.959s][info][gc,heap     ] GC(1054) Humongous regions: 345->344
[2026-03-27T14:07:49.826+0900][53.959s][info][gc,metaspace] GC(1054) Metaspace: 166K(384K)->166K(384K) NonClass: 157K(256K)->157K(256K) Class: 9K(128K)->9K(128K)
[2026-03-27T14:07:49.826+0900][53.959s][info][gc          ] GC(1054) Pause Young (Concurrent Start) (G1 Humongous Allocation) 346M->345M(512M) 2.967ms
[2026-03-27T14:07:49.826+0900][53.959s][info][gc,cpu      ] GC(1054) User=0.00s Sys=0.00s Real=0.00s
[2026-03-27T14:07:49.826+0900][53.960s][info][gc          ] GC(1055) Concurrent Mark Cycle
[2026-03-27T14:07:49.826+0900][53.960s][info][gc,marking  ] GC(1055) Concurrent Clear Claimed Marks
[2026-03-27T14:07:49.826+0900][53.960s][info][gc,marking  ] GC(1055) Concurrent Clear Claimed Marks 0.042ms
[2026-03-27T14:07:49.826+0900][53.960s][info][gc,marking  ] GC(1055) Concurrent Scan Root Regions
[2026-03-27T14:07:49.826+0900][53.960s][info][gc,marking  ] GC(1055) Concurrent Scan Root Regions 0.273ms
[2026-03-27T14:07:49.826+0900][53.960s][info][gc,marking  ] GC(1055) Concurrent Mark
[2026-03-27T14:07:49.826+0900][53.960s][info][gc,marking  ] GC(1055) Concurrent Mark From Roots
[2026-03-27T14:07:49.826+0900][53.960s][info][gc,task     ] GC(1055) Using 2 workers of 2 for marking
[2026-03-27T14:07:49.826+0900][53.962s][info][gc,marking  ] GC(1055) Concurrent Mark From Roots 1.997ms
[2026-03-27T14:07:49.826+0900][53.962s][info][gc,marking  ] GC(1055) Concurrent Preclean
[2026-03-27T14:07:49.826+0900][53.962s][info][gc,marking  ] GC(1055) Concurrent Preclean 0.038ms
[2026-03-27T14:07:49.826+0900][53.963s][info][gc,start    ] GC(1055) Pause Remark
[2026-03-27T14:07:49.826+0900][53.964s][info][gc          ] GC(1055) Pause Remark 346M->346M(512M) 1.480ms
[2026-03-27T14:07:49.826+0900][53.964s][info][gc,cpu      ] GC(1055) User=0.00s Sys=0.00s Real=0.00s
[2026-03-27T14:07:49.826+0900][53.964s][info][gc,marking  ] GC(1055) Concurrent Mark 4.300ms
[2026-03-27T14:07:49.826+0900][53.964s][info][gc,marking  ] GC(1055) Concurrent Rebuild Remembered Sets
[2026-03-27T14:07:49.826+0900][53.965s][info][gc,marking  ] GC(1055) Concurrent Rebuild Remembered Sets 0.950ms
[2026-03-27T14:07:49.826+0900][53.966s][info][gc,start    ] GC(1055) Pause Cleanup
[2026-03-27T14:07:49.826+0900][53.966s][info][gc          ] GC(1055) Pause Cleanup 346M->346M(512M) 0.300ms
[2026-03-27T14:07:49.826+0900][53.966s][info][gc,cpu      ] GC(1055) User=0.00s Sys=0.00s Real=0.00s
[2026-03-27T14:07:49.826+0900][53.966s][info][gc,marking  ] GC(1055) Concurrent Cleanup for Next Mark
[2026-03-27T14:07:49.826+0900][53.967s][info][gc,marking  ] GC(1055) Concurrent Cleanup for Next Mark 0.494ms
[2026-03-27T14:07:49.826+0900][53.967s][info][gc          ] GC(1055) Concurrent Mark Cycle 7.356ms
[2026-03-27T14:07:49.890+0900][54.020s][info][gc,start    ] GC(1056) Pause Young (Concurrent Start) (G1 Humongous Allocation)
[2026-03-27T14:07:49.890+0900][54.020s][info][gc,task     ] GC(1056) Using 8 workers of 8 for evacuation
[2026-03-27T14:07:49.891+0900][54.022s][info][gc,phases   ] GC(1056)   Pre Evacuate Collection Set: 0.1ms
[2026-03-27T14:07:49.891+0900][54.022s][info][gc,phases   ] GC(1056)   Merge Heap Roots: 0.2ms
[2026-03-27T14:07:49.891+0900][54.022s][info][gc,phases   ] GC(1056)   Evacuate Collection Set: 0.1ms
[2026-03-27T14:07:49.891+0900][54.022s][info][gc,phases   ] GC(1056)   Post Evacuate Collection Set: 0.7ms
[2026-03-27T14:07:49.891+0900][54.022s][info][gc,phases   ] GC(1056)   Other: 0.1ms
[2026-03-27T14:07:49.891+0900][54.022s][info][gc,heap     ] GC(1056) Eden regions: 1->0(113)
[2026-03-27T14:07:49.891+0900][54.022s][info][gc,heap     ] GC(1056) Survivor regions: 1->1(15)
[2026-03-27T14:07:49.891+0900][54.022s][info][gc,heap     ] GC(1056) Old regions: 1->1
[2026-03-27T14:07:49.891+0900][54.022s][info][gc,heap     ] GC(1056) Archive regions: 0->0
[2026-03-27T14:07:49.891+0900][54.022s][info][gc,heap     ] GC(1056) Humongous regions: 345->344
[2026-03-27T14:07:49.891+0900][54.022s][info][gc,metaspace] GC(1056) Metaspace: 166K(384K)->166K(384K) NonClass: 157K(256K)->157K(256K) Class: 9K(128K)->9K(128K)
[2026-03-27T14:07:49.891+0900][54.022s][info][gc          ] GC(1056) Pause Young (Concurrent Start) (G1 Humongous Allocation) 346M->345M(512M) 1.570ms
[2026-03-27T14:07:49.891+0900][54.022s][info][gc,cpu      ] GC(1056) User=0.00s Sys=0.00s Real=0.00s
[2026-03-27T14:07:49.891+0900][54.022s][info][gc          ] GC(1057) Concurrent Mark Cycle
[2026-03-27T14:07:49.891+0900][54.022s][info][gc,marking  ] GC(1057) Concurrent Clear Claimed Marks
[2026-03-27T14:07:49.891+0900][54.022s][info][gc,marking  ] GC(1057) Concurrent Clear Claimed Marks 0.029ms
[2026-03-27T14:07:49.891+0900][54.022s][info][gc,marking  ] GC(1057) Concurrent Scan Root Regions
[2026-03-27T14:07:49.891+0900][54.022s][info][gc,marking  ] GC(1057) Concurrent Scan Root Regions 0.164ms
[2026-03-27T14:07:49.891+0900][54.022s][info][gc,marking  ] GC(1057) Concurrent Mark
[2026-03-27T14:07:49.891+0900][54.022s][info][gc,marking  ] GC(1057) Concurrent Mark From Roots
[2026-03-27T14:07:49.891+0900][54.022s][info][gc,task     ] GC(1057) Using 2 workers of 2 for marking
[2026-03-27T14:07:49.891+0900][54.023s][info][gc,marking  ] GC(1057) Concurrent Mark From Roots 1.032ms
[2026-03-27T14:07:49.891+0900][54.023s][info][gc,marking  ] GC(1057) Concurrent Preclean
[2026-03-27T14:07:49.891+0900][54.023s][info][gc,marking  ] GC(1057) Concurrent Preclean 0.021ms
[2026-03-27T14:07:49.891+0900][54.024s][info][gc,start    ] GC(1057) Pause Remark
[2026-03-27T14:07:49.891+0900][54.024s][info][gc          ] GC(1057) Pause Remark 346M->346M(512M) 0.788ms
[2026-03-27T14:07:49.891+0900][54.024s][info][gc,cpu      ] GC(1057) User=0.00s Sys=0.00s Real=0.00s
[2026-03-27T14:07:49.891+0900][54.024s][info][gc,marking  ] GC(1057) Concurrent Mark 2.259ms
[2026-03-27T14:07:49.891+0900][54.025s][info][gc,marking  ] GC(1057) Concurrent Rebuild Remembered Sets
[2026-03-27T14:07:49.891+0900][54.025s][info][gc,marking  ] GC(1057) Concurrent Rebuild Remembered Sets 0.628ms
[2026-03-27T14:07:49.891+0900][54.025s][info][gc,start    ] GC(1057) Pause Cleanup
[2026-03-27T14:07:49.891+0900][54.026s][info][gc          ] GC(1057) Pause Cleanup 346M->346M(512M) 0.203ms
[2026-03-27T14:07:49.891+0900][54.026s][info][gc,cpu      ] GC(1057) User=0.00s Sys=0.00s Real=0.00s
[2026-03-27T14:07:49.891+0900][54.026s][info][gc,marking  ] GC(1057) Concurrent Cleanup for Next Mark
[2026-03-27T14:07:49.891+0900][54.026s][info][gc,marking  ] GC(1057) Concurrent Cleanup for Next Mark 0.397ms
[2026-03-27T14:07:49.891+0900][54.026s][info][gc          ] GC(1057) Concurrent Mark Cycle 4.382ms
[2026-03-27T14:07:49.954+0900][54.085s][info][gc,start    ] GC(1058) Pause Young (Concurrent Start) (G1 Humongous Allocation)
[2026-03-27T14:07:49.964+0900][54.094s][info][gc,task     ] GC(1058) Using 8 workers of 8 for evacuation
[2026-03-27T14:07:49.964+0900][54.097s][info][gc,phases   ] GC(1058)   Pre Evacuate Collection Set: 0.3ms
[2026-03-27T14:07:49.964+0900][54.097s][info][gc,phases   ] GC(1058)   Merge Heap Roots: 0.4ms
[2026-03-27T14:07:49.964+0900][54.097s][info][gc,phases   ] GC(1058)   Evacuate Collection Set: 0.6ms
[2026-03-27T14:07:49.964+0900][54.097s][info][gc,phases   ] GC(1058)   Post Evacuate Collection Set: 0.9ms
[2026-03-27T14:07:49.964+0900][54.097s][info][gc,phases   ] GC(1058)   Other: 0.4ms
[2026-03-27T14:07:49.964+0900][54.097s][info][gc,heap     ] GC(1058) Eden regions: 1->0(113)
[2026-03-27T14:07:49.964+0900][54.097s][info][gc,heap     ] GC(1058) Survivor regions: 1->1(15)
[2026-03-27T14:07:49.964+0900][54.097s][info][gc,heap     ] GC(1058) Old regions: 1->1
[2026-03-27T14:07:49.964+0900][54.097s][info][gc,heap     ] GC(1058) Archive regions: 0->0
[2026-03-27T14:07:49.964+0900][54.097s][info][gc,heap     ] GC(1058) Humongous regions: 345->344
[2026-03-27T14:07:49.964+0900][54.097s][info][gc,metaspace] GC(1058) Metaspace: 166K(384K)->166K(384K) NonClass: 157K(256K)->157K(256K) Class: 9K(128K)->9K(128K)
[2026-03-27T14:07:49.964+0900][54.097s][info][gc          ] GC(1058) Pause Young (Concurrent Start) (G1 Humongous Allocation) 346M->345M(512M) 12.747ms
[2026-03-27T14:07:49.964+0900][54.097s][info][gc,cpu      ] GC(1058) User=0.00s Sys=0.00s Real=0.01s
[2026-03-27T14:07:49.964+0900][54.097s][info][gc          ] GC(1059) Concurrent Mark Cycle
[2026-03-27T14:07:49.964+0900][54.098s][info][gc,marking  ] GC(1059) Concurrent Clear Claimed Marks
[2026-03-27T14:07:49.964+0900][54.098s][info][gc,marking  ] GC(1059) Concurrent Clear Claimed Marks 0.038ms
[2026-03-27T14:07:49.964+0900][54.098s][info][gc,marking  ] GC(1059) Concurrent Scan Root Regions
[2026-03-27T14:07:49.964+0900][54.098s][info][gc,marking  ] GC(1059) Concurrent Scan Root Regions 0.250ms
[2026-03-27T14:07:49.964+0900][54.098s][info][gc,marking  ] GC(1059) Concurrent Mark
[2026-03-27T14:07:49.964+0900][54.098s][info][gc,marking  ] GC(1059) Concurrent Mark From Roots
[2026-03-27T14:07:49.964+0900][54.098s][info][gc,task     ] GC(1059) Using 2 workers of 2 for marking
[2026-03-27T14:07:49.970+0900][54.100s][info][gc,marking  ] GC(1059) Concurrent Mark From Roots 1.788ms
[2026-03-27T14:07:49.970+0900][54.100s][info][gc,marking  ] GC(1059) Concurrent Preclean
[2026-03-27T14:07:49.970+0900][54.100s][info][gc,marking  ] GC(1059) Concurrent Preclean 0.052ms
[2026-03-27T14:07:49.970+0900][54.100s][info][gc,start    ] GC(1059) Pause Remark
[2026-03-27T14:07:49.970+0900][54.101s][info][gc          ] GC(1059) Pause Remark 346M->346M(512M) 1.076ms
[2026-03-27T14:07:49.970+0900][54.101s][info][gc,cpu      ] GC(1059) User=0.00s Sys=0.00s Real=0.00s
[2026-03-27T14:07:49.970+0900][54.102s][info][gc,marking  ] GC(1059) Concurrent Mark 3.544ms
[2026-03-27T14:07:49.970+0900][54.102s][info][gc,marking  ] GC(1059) Concurrent Rebuild Remembered Sets
[2026-03-27T14:07:49.970+0900][54.103s][info][gc,marking  ] GC(1059) Concurrent Rebuild Remembered Sets 0.862ms
[2026-03-27T14:07:49.970+0900][54.103s][info][gc,start    ] GC(1059) Pause Cleanup
[2026-03-27T14:07:49.970+0900][54.103s][info][gc          ] GC(1059) Pause Cleanup 346M->346M(512M) 0.262ms
[2026-03-27T14:07:49.970+0900][54.103s][info][gc,cpu      ] GC(1059) User=0.00s Sys=0.00s Real=0.00s
[2026-03-27T14:07:49.970+0900][54.103s][info][gc,marking  ] GC(1059) Concurrent Cleanup for Next Mark
[2026-03-27T14:07:49.970+0900][54.104s][info][gc,marking  ] GC(1059) Concurrent Cleanup for Next Mark 0.446ms
[2026-03-27T14:07:49.970+0900][54.104s][info][gc          ] GC(1059) Concurrent Mark Cycle 6.410ms
[2026-03-27T14:07:50.018+0900][54.148s][info][gc,start    ] GC(1060) Pause Young (Concurrent Start) (G1 Humongous Allocation)
[2026-03-27T14:07:50.018+0900][54.148s][info][gc,task     ] GC(1060) Using 8 workers of 8 for evacuation
[2026-03-27T14:07:50.018+0900][54.149s][info][gc,phases   ] GC(1060)   Pre Evacuate Collection Set: 0.2ms
[2026-03-27T14:07:50.018+0900][54.149s][info][gc,phases   ] GC(1060)   Merge Heap Roots: 0.2ms
[2026-03-27T14:07:50.018+0900][54.149s][info][gc,phases   ] GC(1060)   Evacuate Collection Set: 0.1ms
[2026-03-27T14:07:50.018+0900][54.149s][info][gc,phases   ] GC(1060)   Post Evacuate Collection Set: 0.2ms
[2026-03-27T14:07:50.018+0900][54.149s][info][gc,phases   ] GC(1060)   Other: 0.1ms
[2026-03-27T14:07:50.018+0900][54.149s][info][gc,heap     ] GC(1060) Eden regions: 1->0(113)
[2026-03-27T14:07:50.018+0900][54.149s][info][gc,heap     ] GC(1060) Survivor regions: 1->1(15)
[2026-03-27T14:07:50.018+0900][54.149s][info][gc,heap     ] GC(1060) Old regions: 1->1
[2026-03-27T14:07:50.018+0900][54.149s][info][gc,heap     ] GC(1060) Archive regions: 0->0
[2026-03-27T14:07:50.018+0900][54.149s][info][gc,heap     ] GC(1060) Humongous regions: 345->344
[2026-03-27T14:07:50.018+0900][54.149s][info][gc,metaspace] GC(1060) Metaspace: 166K(384K)->166K(384K) NonClass: 157K(256K)->157K(256K) Class: 9K(128K)->9K(128K)
[2026-03-27T14:07:50.018+0900][54.149s][info][gc          ] GC(1060) Pause Young (Concurrent Start) (G1 Humongous Allocation) 346M->345M(512M) 1.157ms
[2026-03-27T14:07:50.018+0900][54.149s][info][gc,cpu      ] GC(1060) User=0.00s Sys=0.00s Real=0.00s
[2026-03-27T14:07:50.018+0900][54.149s][info][gc          ] GC(1061) Concurrent Mark Cycle
[2026-03-27T14:07:50.018+0900][54.150s][info][gc,marking  ] GC(1061) Concurrent Clear Claimed Marks
[2026-03-27T14:07:50.018+0900][54.150s][info][gc,marking  ] GC(1061) Concurrent Clear Claimed Marks 0.067ms
[2026-03-27T14:07:50.018+0900][54.150s][info][gc,marking  ] GC(1061) Concurrent Scan Root Regions
[2026-03-27T14:07:50.018+0900][54.150s][info][gc,marking  ] GC(1061) Concurrent Scan Root Regions 0.114ms
[2026-03-27T14:07:50.018+0900][54.150s][info][gc,marking  ] GC(1061) Concurrent Mark
[2026-03-27T14:07:50.018+0900][54.150s][info][gc,marking  ] GC(1061) Concurrent Mark From Roots
[2026-03-27T14:07:50.018+0900][54.150s][info][gc,task     ] GC(1061) Using 2 workers of 2 for marking
[2026-03-27T14:07:50.018+0900][54.151s][info][gc,marking  ] GC(1061) Concurrent Mark From Roots 0.854ms
[2026-03-27T14:07:50.018+0900][54.151s][info][gc,marking  ] GC(1061) Concurrent Preclean
[2026-03-27T14:07:50.018+0900][54.151s][info][gc,marking  ] GC(1061) Concurrent Preclean 0.013ms
[2026-03-27T14:07:50.018+0900][54.151s][info][gc,start    ] GC(1061) Pause Remark
[2026-03-27T14:07:50.018+0900][54.152s][info][gc          ] GC(1061) Pause Remark 346M->346M(512M) 0.693ms
[2026-03-27T14:07:50.018+0900][54.152s][info][gc,cpu      ] GC(1061) User=0.00s Sys=0.00s Real=0.00s
[2026-03-27T14:07:50.018+0900][54.152s][info][gc,marking  ] GC(1061) Concurrent Mark 1.924ms
[2026-03-27T14:07:50.018+0900][54.152s][info][gc,marking  ] GC(1061) Concurrent Rebuild Remembered Sets
[2026-03-27T14:07:50.018+0900][54.152s][info][gc,marking  ] GC(1061) Concurrent Rebuild Remembered Sets 0.403ms
[2026-03-27T14:07:50.018+0900][54.152s][info][gc,start    ] GC(1061) Pause Cleanup
[2026-03-27T14:07:50.018+0900][54.153s][info][gc          ] GC(1061) Pause Cleanup 346M->346M(512M) 0.264ms
[2026-03-27T14:07:50.018+0900][54.153s][info][gc,cpu      ] GC(1061) User=0.00s Sys=0.00s Real=0.00s
[2026-03-27T14:07:50.018+0900][54.153s][info][gc,marking  ] GC(1061) Concurrent Cleanup for Next Mark
[2026-03-27T14:07:50.018+0900][54.153s][info][gc,marking  ] GC(1061) Concurrent Cleanup for Next Mark 0.314ms
[2026-03-27T14:07:50.018+0900][54.153s][info][gc          ] GC(1061) Concurrent Mark Cycle 3.674ms
[2026-03-27T14:07:50.071+0900][54.202s][info][gc,start    ] GC(1062) Pause Young (Concurrent Start) (G1 Humongous Allocation)
[2026-03-27T14:07:50.071+0900][54.202s][info][gc,task     ] GC(1062) Using 8 workers of 8 for evacuation
[2026-03-27T14:07:50.071+0900][54.203s][info][gc,phases   ] GC(1062)   Pre Evacuate Collection Set: 0.2ms
[2026-03-27T14:07:50.071+0900][54.203s][info][gc,phases   ] GC(1062)   Merge Heap Roots: 0.2ms
[2026-03-27T14:07:50.071+0900][54.203s][info][gc,phases   ] GC(1062)   Evacuate Collection Set: 0.2ms
[2026-03-27T14:07:50.071+0900][54.203s][info][gc,phases   ] GC(1062)   Post Evacuate Collection Set: 0.5ms
[2026-03-27T14:07:50.071+0900][54.203s][info][gc,phases   ] GC(1062)   Other: 0.2ms
[2026-03-27T14:07:50.071+0900][54.203s][info][gc,heap     ] GC(1062) Eden regions: 1->0(113)
[2026-03-27T14:07:50.071+0900][54.203s][info][gc,heap     ] GC(1062) Survivor regions: 1->1(15)
[2026-03-27T14:07:50.071+0900][54.203s][info][gc,heap     ] GC(1062) Old regions: 1->1
[2026-03-27T14:07:50.071+0900][54.203s][info][gc,heap     ] GC(1062) Archive regions: 0->0
[2026-03-27T14:07:50.071+0900][54.203s][info][gc,heap     ] GC(1062) Humongous regions: 345->344
[2026-03-27T14:07:50.071+0900][54.203s][info][gc,metaspace] GC(1062) Metaspace: 166K(384K)->166K(384K) NonClass: 157K(256K)->157K(256K) Class: 9K(128K)->9K(128K)
[2026-03-27T14:07:50.071+0900][54.203s][info][gc          ] GC(1062) Pause Young (Concurrent Start) (G1 Humongous Allocation) 346M->345M(512M) 1.518ms
[2026-03-27T14:07:50.071+0900][54.203s][info][gc,cpu      ] GC(1062) User=0.00s Sys=0.00s Real=0.00s
[2026-03-27T14:07:50.071+0900][54.203s][info][gc          ] GC(1063) Concurrent Mark Cycle
[2026-03-27T14:07:50.071+0900][54.203s][info][gc,marking  ] GC(1063) Concurrent Clear Claimed Marks
[2026-03-27T14:07:50.071+0900][54.203s][info][gc,marking  ] GC(1063) Concurrent Clear Claimed Marks 0.013ms
[2026-03-27T14:07:50.071+0900][54.203s][info][gc,marking  ] GC(1063) Concurrent Scan Root Regions
[2026-03-27T14:07:50.071+0900][54.203s][info][gc,marking  ] GC(1063) Concurrent Scan Root Regions 0.092ms
[2026-03-27T14:07:50.071+0900][54.203s][info][gc,marking  ] GC(1063) Concurrent Mark
[2026-03-27T14:07:50.071+0900][54.204s][info][gc,marking  ] GC(1063) Concurrent Mark From Roots
[2026-03-27T14:07:50.071+0900][54.204s][info][gc,task     ] GC(1063) Using 2 workers of 2 for marking
[2026-03-27T14:07:50.071+0900][54.204s][info][gc,marking  ] GC(1063) Concurrent Mark From Roots 0.850ms
[2026-03-27T14:07:50.071+0900][54.204s][info][gc,marking  ] GC(1063) Concurrent Preclean
[2026-03-27T14:07:50.071+0900][54.204s][info][gc,marking  ] GC(1063) Concurrent Preclean 0.019ms
[2026-03-27T14:07:50.071+0900][54.205s][info][gc,start    ] GC(1063) Pause Remark
[2026-03-27T14:07:50.071+0900][54.205s][info][gc          ] GC(1063) Pause Remark 348M->348M(512M) 0.830ms
[2026-03-27T14:07:50.071+0900][54.206s][info][gc,cpu      ] GC(1063) User=0.00s Sys=0.00s Real=0.00s
[2026-03-27T14:07:50.071+0900][54.206s][info][gc,marking  ] GC(1063) Concurrent Mark 2.046ms
[2026-03-27T14:07:50.071+0900][54.206s][info][gc,marking  ] GC(1063) Concurrent Rebuild Remembered Sets
[2026-03-27T14:07:50.071+0900][54.206s][info][gc,marking  ] GC(1063) Concurrent Rebuild Remembered Sets 0.419ms
[2026-03-27T14:07:50.071+0900][54.206s][info][gc,start    ] GC(1063) Pause Cleanup
[2026-03-27T14:07:50.071+0900][54.206s][info][gc          ] GC(1063) Pause Cleanup 348M->348M(512M) 0.124ms
[2026-03-27T14:07:50.071+0900][54.206s][info][gc,cpu      ] GC(1063) User=0.00s Sys=0.00s Real=0.00s
[2026-03-27T14:07:50.071+0900][54.206s][info][gc,marking  ] GC(1063) Concurrent Cleanup for Next Mark
[2026-03-27T14:07:50.071+0900][54.207s][info][gc,marking  ] GC(1063) Concurrent Cleanup for Next Mark 0.214ms
[2026-03-27T14:07:50.071+0900][54.207s][info][gc          ] GC(1063) Concurrent Mark Cycle 3.376ms
[2026-03-27T14:07:50.135+0900][54.265s][info][gc,start    ] GC(1064) Pause Young (Concurrent Start) (G1 Humongous Allocation)
[2026-03-27T14:07:50.135+0900][54.266s][info][gc,task     ] GC(1064) Using 8 workers of 8 for evacuation
[2026-03-27T14:07:50.135+0900][54.267s][info][gc,phases   ] GC(1064)   Pre Evacuate Collection Set: 0.2ms
[2026-03-27T14:07:50.135+0900][54.267s][info][gc,phases   ] GC(1064)   Merge Heap Roots: 0.3ms
[2026-03-27T14:07:50.135+0900][54.267s][info][gc,phases   ] GC(1064)   Evacuate Collection Set: 0.2ms
[2026-03-27T14:07:50.135+0900][54.267s][info][gc,phases   ] GC(1064)   Post Evacuate Collection Set: 0.6ms
[2026-03-27T14:07:50.135+0900][54.267s][info][gc,phases   ] GC(1064)   Other: 0.1ms
[2026-03-27T14:07:50.135+0900][54.267s][info][gc,heap     ] GC(1064) Eden regions: 1->0(111)
[2026-03-27T14:07:50.135+0900][54.267s][info][gc,heap     ] GC(1064) Survivor regions: 1->1(15)
[2026-03-27T14:07:50.135+0900][54.267s][info][gc,heap     ] GC(1064) Old regions: 1->1
[2026-03-27T14:07:50.135+0900][54.267s][info][gc,heap     ] GC(1064) Archive regions: 0->0
[2026-03-27T14:07:50.135+0900][54.267s][info][gc,heap     ] GC(1064) Humongous regions: 347->346
[2026-03-27T14:07:50.135+0900][54.267s][info][gc,metaspace] GC(1064) Metaspace: 166K(384K)->166K(384K) NonClass: 157K(256K)->157K(256K) Class: 9K(128K)->9K(128K)
[2026-03-27T14:07:50.135+0900][54.267s][info][gc          ] GC(1064) Pause Young (Concurrent Start) (G1 Humongous Allocation) 348M->347M(512M) 1.727ms
[2026-03-27T14:07:50.135+0900][54.267s][info][gc,cpu      ] GC(1064) User=0.00s Sys=0.00s Real=0.00s
[2026-03-27T14:07:50.135+0900][54.267s][info][gc          ] GC(1065) Concurrent Mark Cycle
[2026-03-27T14:07:50.135+0900][54.267s][info][gc,marking  ] GC(1065) Concurrent Clear Claimed Marks
[2026-03-27T14:07:50.135+0900][54.267s][info][gc,marking  ] GC(1065) Concurrent Clear Claimed Marks 0.023ms
[2026-03-27T14:07:50.135+0900][54.267s][info][gc,marking  ] GC(1065) Concurrent Scan Root Regions
[2026-03-27T14:07:50.135+0900][54.267s][info][gc,marking  ] GC(1065) Concurrent Scan Root Regions 0.102ms
[2026-03-27T14:07:50.135+0900][54.267s][info][gc,marking  ] GC(1065) Concurrent Mark
[2026-03-27T14:07:50.135+0900][54.267s][info][gc,marking  ] GC(1065) Concurrent Mark From Roots
[2026-03-27T14:07:50.135+0900][54.267s][info][gc,task     ] GC(1065) Using 2 workers of 2 for marking
[2026-03-27T14:07:50.135+0900][54.268s][info][gc,marking  ] GC(1065) Concurrent Mark From Roots 0.919ms
[2026-03-27T14:07:50.135+0900][54.268s][info][gc,marking  ] GC(1065) Concurrent Preclean
[2026-03-27T14:07:50.135+0900][54.268s][info][gc,marking  ] GC(1065) Concurrent Preclean 0.013ms
[2026-03-27T14:07:50.135+0900][54.269s][info][gc,start    ] GC(1065) Pause Remark
[2026-03-27T14:07:50.135+0900][54.269s][info][gc          ] GC(1065) Pause Remark 348M->348M(512M) 0.492ms
[2026-03-27T14:07:50.135+0900][54.269s][info][gc,cpu      ] GC(1065) User=0.00s Sys=0.00s Real=0.00s
[2026-03-27T14:07:50.135+0900][54.269s][info][gc,marking  ] GC(1065) Concurrent Mark 1.749ms
[2026-03-27T14:07:50.135+0900][54.269s][info][gc,marking  ] GC(1065) Concurrent Rebuild Remembered Sets
[2026-03-27T14:07:50.135+0900][54.270s][info][gc,marking  ] GC(1065) Concurrent Rebuild Remembered Sets 0.375ms
[2026-03-27T14:07:50.135+0900][54.270s][info][gc,start    ] GC(1065) Pause Cleanup
[2026-03-27T14:07:50.135+0900][54.270s][info][gc          ] GC(1065) Pause Cleanup 348M->348M(512M) 0.095ms
[2026-03-27T14:07:50.135+0900][54.270s][info][gc,cpu      ] GC(1065) User=0.00s Sys=0.00s Real=0.00s
[2026-03-27T14:07:50.135+0900][54.270s][info][gc,marking  ] GC(1065) Concurrent Cleanup for Next Mark
[2026-03-27T14:07:50.135+0900][54.270s][info][gc,marking  ] GC(1065) Concurrent Cleanup for Next Mark 0.245ms
[2026-03-27T14:07:50.135+0900][54.270s][info][gc          ] GC(1065) Concurrent Mark Cycle 2.976ms
[2026-03-27T14:07:57.322+0900][61.452s][info][gc,start    ] GC(1066) Pause Young (Prepare Mixed) (G1 Preventive Collection)
[2026-03-27T14:07:57.322+0900][61.452s][info][gc,task     ] GC(1066) Using 8 workers of 8 for evacuation
[2026-03-27T14:07:57.322+0900][61.453s][info][gc,phases   ] GC(1066)   Pre Evacuate Collection Set: 0.1ms
[2026-03-27T14:07:57.322+0900][61.453s][info][gc,phases   ] GC(1066)   Merge Heap Roots: 0.2ms
[2026-03-27T14:07:57.322+0900][61.453s][info][gc,phases   ] GC(1066)   Evacuate Collection Set: 0.1ms
[2026-03-27T14:07:57.322+0900][61.453s][info][gc,phases   ] GC(1066)   Post Evacuate Collection Set: 0.5ms
[2026-03-27T14:07:57.322+0900][61.453s][info][gc,phases   ] GC(1066)   Other: 0.1ms
[2026-03-27T14:07:57.322+0900][61.453s][info][gc,heap     ] GC(1066) Eden regions: 1->0(24)
[2026-03-27T14:07:57.322+0900][61.453s][info][gc,heap     ] GC(1066) Survivor regions: 1->1(1)
[2026-03-27T14:07:57.322+0900][61.454s][info][gc,heap     ] GC(1066) Old regions: 1->1
[2026-03-27T14:07:57.322+0900][61.454s][info][gc,heap     ] GC(1066) Archive regions: 0->0
[2026-03-27T14:07:57.322+0900][61.454s][info][gc,heap     ] GC(1066) Humongous regions: 508->392
[2026-03-27T14:07:57.322+0900][61.454s][info][gc,metaspace] GC(1066) Metaspace: 166K(384K)->166K(384K) NonClass: 157K(256K)->157K(256K) Class: 9K(128K)->9K(128K)
[2026-03-27T14:07:57.322+0900][61.454s][info][gc          ] GC(1066) Pause Young (Prepare Mixed) (G1 Preventive Collection) 509M->393M(512M) 1.642ms
[2026-03-27T14:07:57.322+0900][61.454s][info][gc,cpu      ] GC(1066) User=0.00s Sys=0.00s Real=0.00s
[2026-03-27T14:07:58.788+0900][62.919s][info][gc,heap,exit] Heap
[2026-03-27T14:07:58.788+0900][62.919s][info][gc,heap,exit]  garbage-first heap   total 524288K, used 435185K [0x00000000e0000000, 0x0000000100000000)
[2026-03-27T14:07:58.788+0900][62.919s][info][gc,heap,exit]   region size 1024K, 2 young (2048K), 1 survivors (1024K)
[2026-03-27T14:07:58.788+0900][62.919s][info][gc,heap,exit]  Metaspace       used 169K, committed 384K, reserved 1114112K
[2026-03-27T14:07:58.788+0900][62.919s][info][gc,heap,exit]   class space    used 9K, committed 128K, reserved 1048576K
