[2026-03-25T16:36:29.548+0900][0.008s][info][gc,init] CardTable entry size: 512
[2026-03-25T16:36:29.548+0900][0.008s][info][gc     ] Using G1
[2026-03-25T16:36:29.549+0900][0.009s][info][gc,init] Version: 18.0.2.1+1-1 (release)
[2026-03-25T16:36:29.549+0900][0.009s][info][gc,init] CPUs: 8 total, 8 available
[2026-03-25T16:36:29.549+0900][0.009s][info][gc,init] Memory: 16092M
[2026-03-25T16:36:29.549+0900][0.009s][info][gc,init] Large Page Support: Disabled
[2026-03-25T16:36:29.549+0900][0.009s][info][gc,init] NUMA Support: Disabled
[2026-03-25T16:36:29.549+0900][0.009s][info][gc,init] Compressed Oops: Enabled (32-bit)
[2026-03-25T16:36:29.550+0900][0.009s][info][gc,init] Heap Region Size: 8M
[2026-03-25T16:36:29.550+0900][0.009s][info][gc,init] Heap Min Capacity: 256M
[2026-03-25T16:36:29.550+0900][0.009s][info][gc,init] Heap Initial Capacity: 256M
[2026-03-25T16:36:29.550+0900][0.009s][info][gc,init] Heap Max Capacity: 512M
[2026-03-25T16:36:29.550+0900][0.009s][info][gc,init] Pre-touch: Disabled
[2026-03-25T16:36:29.550+0900][0.009s][info][gc,init] Parallel Workers: 8
[2026-03-25T16:36:29.550+0900][0.009s][info][gc,init] Concurrent Workers: 2
[2026-03-25T16:36:29.550+0900][0.009s][info][gc,init] Concurrent Refinement Workers: 8
[2026-03-25T16:36:29.550+0900][0.009s][info][gc,init] Periodic GC: Disabled
[2026-03-25T16:36:29.550+0900][0.010s][info][gc,metaspace] CDS archive(s) mapped at: [0x0000000800000000-0x0000000800ba0000-0x0000000800ba0000), size 12189696, SharedBaseAddress: 0x0000000800000000, ArchiveRelocationMode: 0.
[2026-03-25T16:36:29.550+0900][0.010s][info][gc,metaspace] Compressed class space mapped at: 0x0000000800c00000-0x0000000840c00000, reserved size: 1073741824
[2026-03-25T16:36:29.550+0900][0.010s][info][gc,metaspace] Narrow klass base: 0x0000000800000000, Narrow klass shift: 0, Narrow klass range: 0x100000000
[2026-03-25T16:36:29.792+0900][0.252s][info][gc,start    ] GC(0) Pause Young (Normal) (G1 Evacuation Pause)
[2026-03-25T16:36:29.792+0900][0.252s][info][gc,task     ] GC(0) Using 8 workers of 8 for evacuation
[2026-03-25T16:36:29.793+0900][0.254s][info][gc,phases   ] GC(0)   Pre Evacuate Collection Set: 0.0ms
[2026-03-25T16:36:29.793+0900][0.254s][info][gc,phases   ] GC(0)   Merge Heap Roots: 0.0ms
[2026-03-25T16:36:29.793+0900][0.254s][info][gc,phases   ] GC(0)   Evacuate Collection Set: 0.9ms
[2026-03-25T16:36:29.793+0900][0.254s][info][gc,phases   ] GC(0)   Post Evacuate Collection Set: 0.5ms
[2026-03-25T16:36:29.793+0900][0.254s][info][gc,phases   ] GC(0)   Other: 0.5ms
[2026-03-25T16:36:29.793+0900][0.254s][info][gc,heap     ] GC(0) Eden regions: 2->0(5)
[2026-03-25T16:36:29.793+0900][0.254s][info][gc,heap     ] GC(0) Survivor regions: 0->1(1)
[2026-03-25T16:36:29.793+0900][0.254s][info][gc,heap     ] GC(0) Old regions: 0->0
[2026-03-25T16:36:29.794+0900][0.254s][info][gc,heap     ] GC(0) Archive regions: 0->0
[2026-03-25T16:36:29.794+0900][0.254s][info][gc,heap     ] GC(0) Humongous regions: 0->0
[2026-03-25T16:36:29.794+0900][0.254s][info][gc,metaspace] GC(0) Metaspace: 177K(384K)->177K(384K) NonClass: 167K(256K)->167K(256K) Class: 10K(128K)->10K(128K)
[2026-03-25T16:36:29.794+0900][0.254s][info][gc          ] GC(0) Pause Young (Normal) (G1 Evacuation Pause) 16M->1M(256M) 2.252ms
[2026-03-25T16:36:29.794+0900][0.254s][info][gc,cpu      ] GC(0) User=0.00s Sys=0.00s Real=0.00s
[2026-03-25T16:36:30.335+0900][0.795s][info][gc,start    ] GC(1) Pause Young (Normal) (G1 Evacuation Pause)
[2026-03-25T16:36:30.335+0900][0.795s][info][gc,task     ] GC(1) Using 8 workers of 8 for evacuation
[2026-03-25T16:36:30.338+0900][0.798s][info][gc,phases   ] GC(1)   Pre Evacuate Collection Set: 0.2ms
[2026-03-25T16:36:30.338+0900][0.798s][info][gc,phases   ] GC(1)   Merge Heap Roots: 0.2ms
[2026-03-25T16:36:30.338+0900][0.798s][info][gc,phases   ] GC(1)   Evacuate Collection Set: 2.1ms
[2026-03-25T16:36:30.338+0900][0.798s][info][gc,phases   ] GC(1)   Post Evacuate Collection Set: 0.4ms
[2026-03-25T16:36:30.338+0900][0.798s][info][gc,phases   ] GC(1)   Other: 0.1ms
[2026-03-25T16:36:30.338+0900][0.798s][info][gc,heap     ] GC(1) Eden regions: 5->0(18)
[2026-03-25T16:36:30.338+0900][0.798s][info][gc,heap     ] GC(1) Survivor regions: 1->1(1)
[2026-03-25T16:36:30.338+0900][0.798s][info][gc,heap     ] GC(1) Old regions: 0->0
[2026-03-25T16:36:30.338+0900][0.798s][info][gc,heap     ] GC(1) Archive regions: 0->0
[2026-03-25T16:36:30.338+0900][0.798s][info][gc,heap     ] GC(1) Humongous regions: 0->0
[2026-03-25T16:36:30.338+0900][0.798s][info][gc,metaspace] GC(1) Metaspace: 177K(384K)->177K(384K) NonClass: 167K(256K)->167K(256K) Class: 10K(128K)->10K(128K)
[2026-03-25T16:36:30.338+0900][0.798s][info][gc          ] GC(1) Pause Young (Normal) (G1 Evacuation Pause) 40M->4M(256M) 3.664ms
[2026-03-25T16:36:30.338+0900][0.798s][info][gc,cpu      ] GC(1) User=0.00s Sys=0.00s Real=0.00s
[2026-03-25T16:36:33.015+0900][3.475s][info][gc,start    ] GC(2) Pause Young (Normal) (G1 Evacuation Pause)
[2026-03-25T16:36:33.015+0900][3.475s][info][gc,task     ] GC(2) Using 8 workers of 8 for evacuation
[2026-03-25T16:36:33.022+0900][3.482s][info][gc,phases   ] GC(2)   Pre Evacuate Collection Set: 0.2ms
[2026-03-25T16:36:33.022+0900][3.482s][info][gc,phases   ] GC(2)   Merge Heap Roots: 0.2ms
[2026-03-25T16:36:33.022+0900][3.482s][info][gc,phases   ] GC(2)   Evacuate Collection Set: 5.7ms
[2026-03-25T16:36:33.022+0900][3.482s][info][gc,phases   ] GC(2)   Post Evacuate Collection Set: 0.6ms
[2026-03-25T16:36:33.022+0900][3.482s][info][gc,phases   ] GC(2)   Other: 0.1ms
[2026-03-25T16:36:33.022+0900][3.482s][info][gc,heap     ] GC(2) Eden regions: 18->0(16)
[2026-03-25T16:36:33.022+0900][3.482s][info][gc,heap     ] GC(2) Survivor regions: 1->3(3)
[2026-03-25T16:36:33.022+0900][3.482s][info][gc,heap     ] GC(2) Old regions: 0->0
[2026-03-25T16:36:33.022+0900][3.482s][info][gc,heap     ] GC(2) Archive regions: 0->0
[2026-03-25T16:36:33.022+0900][3.482s][info][gc,heap     ] GC(2) Humongous regions: 0->0
[2026-03-25T16:36:33.022+0900][3.482s][info][gc,metaspace] GC(2) Metaspace: 179K(384K)->179K(384K) NonClass: 169K(256K)->169K(256K) Class: 10K(128K)->10K(128K)
[2026-03-25T16:36:33.022+0900][3.482s][info][gc          ] GC(2) Pause Young (Normal) (G1 Evacuation Pause) 147M->17M(256M) 7.238ms
[2026-03-25T16:36:33.022+0900][3.482s][info][gc,cpu      ] GC(2) User=0.00s Sys=0.00s Real=0.01s
[2026-03-25T16:36:37.432+0900][7.892s][info][gc,start    ] GC(3) Pause Young (Normal) (G1 Evacuation Pause)
[2026-03-25T16:36:37.432+0900][7.892s][info][gc,task     ] GC(3) Using 8 workers of 8 for evacuation
[2026-03-25T16:36:37.436+0900][7.896s][info][gc,phases   ] GC(3)   Pre Evacuate Collection Set: 0.1ms
[2026-03-25T16:36:37.436+0900][7.896s][info][gc,phases   ] GC(3)   Merge Heap Roots: 0.1ms
[2026-03-25T16:36:37.436+0900][7.896s][info][gc,phases   ] GC(3)   Evacuate Collection Set: 3.7ms
[2026-03-25T16:36:37.436+0900][7.896s][info][gc,phases   ] GC(3)   Post Evacuate Collection Set: 0.2ms
[2026-03-25T16:36:37.436+0900][7.896s][info][gc,phases   ] GC(3)   Other: 0.1ms
[2026-03-25T16:36:37.436+0900][7.896s][info][gc,heap     ] GC(3) Eden regions: 16->0(15)
[2026-03-25T16:36:37.436+0900][7.896s][info][gc,heap     ] GC(3) Survivor regions: 3->3(3)
[2026-03-25T16:36:37.436+0900][7.896s][info][gc,heap     ] GC(3) Old regions: 0->3
[2026-03-25T16:36:37.436+0900][7.896s][info][gc,heap     ] GC(3) Archive regions: 0->0
[2026-03-25T16:36:37.436+0900][7.896s][info][gc,heap     ] GC(3) Humongous regions: 0->0
[2026-03-25T16:36:37.436+0900][7.896s][info][gc,metaspace] GC(3) Metaspace: 181K(384K)->181K(384K) NonClass: 170K(256K)->170K(256K) Class: 10K(128K)->10K(128K)
[2026-03-25T16:36:37.436+0900][7.896s][info][gc          ] GC(3) Pause Young (Normal) (G1 Evacuation Pause) 143M->40M(256M) 4.551ms
[2026-03-25T16:36:37.436+0900][7.896s][info][gc,cpu      ] GC(3) User=0.00s Sys=0.00s Real=0.00s
[2026-03-25T16:36:41.319+0900][11.779s][info][gc,start    ] GC(4) Pause Young (Normal) (G1 Evacuation Pause)
[2026-03-25T16:36:41.319+0900][11.779s][info][gc,task     ] GC(4) Using 8 workers of 8 for evacuation
[2026-03-25T16:36:41.325+0900][11.785s][info][gc,phases   ] GC(4)   Pre Evacuate Collection Set: 0.1ms
[2026-03-25T16:36:41.325+0900][11.785s][info][gc,phases   ] GC(4)   Merge Heap Roots: 0.1ms
[2026-03-25T16:36:41.325+0900][11.785s][info][gc,phases   ] GC(4)   Evacuate Collection Set: 4.9ms
[2026-03-25T16:36:41.325+0900][11.785s][info][gc,phases   ] GC(4)   Post Evacuate Collection Set: 0.5ms
[2026-03-25T16:36:41.325+0900][11.785s][info][gc,phases   ] GC(4)   Other: 0.1ms
[2026-03-25T16:36:41.325+0900][11.785s][info][gc,heap     ] GC(4) Eden regions: 15->0(13)
[2026-03-25T16:36:41.325+0900][11.785s][info][gc,heap     ] GC(4) Survivor regions: 3->3(3)
[2026-03-25T16:36:41.325+0900][11.785s][info][gc,heap     ] GC(4) Old regions: 3->6
[2026-03-25T16:36:41.325+0900][11.785s][info][gc,heap     ] GC(4) Archive regions: 0->0
[2026-03-25T16:36:41.325+0900][11.785s][info][gc,heap     ] GC(4) Humongous regions: 0->0
[2026-03-25T16:36:41.325+0900][11.785s][info][gc,metaspace] GC(4) Metaspace: 181K(384K)->181K(384K) NonClass: 170K(256K)->170K(256K) Class: 10K(128K)->10K(128K)
[2026-03-25T16:36:41.325+0900][11.785s][info][gc          ] GC(4) Pause Young (Normal) (G1 Evacuation Pause) 158M->62M(256M) 6.108ms
[2026-03-25T16:36:41.325+0900][11.785s][info][gc,cpu      ] GC(4) User=0.00s Sys=0.00s Real=0.01s
[2026-03-25T16:36:44.626+0900][15.085s][info][gc,start    ] GC(5) Pause Young (Normal) (G1 Evacuation Pause)
[2026-03-25T16:36:44.626+0900][15.086s][info][gc,task     ] GC(5) Using 8 workers of 8 for evacuation
[2026-03-25T16:36:44.632+0900][15.092s][info][gc,phases   ] GC(5)   Pre Evacuate Collection Set: 0.2ms
[2026-03-25T16:36:44.632+0900][15.092s][info][gc,phases   ] GC(5)   Merge Heap Roots: 0.2ms
[2026-03-25T16:36:44.632+0900][15.092s][info][gc,phases   ] GC(5)   Evacuate Collection Set: 6.0ms
[2026-03-25T16:36:44.632+0900][15.092s][info][gc,phases   ] GC(5)   Post Evacuate Collection Set: 0.2ms
[2026-03-25T16:36:44.632+0900][15.092s][info][gc,phases   ] GC(5)   Other: 0.1ms
[2026-03-25T16:36:44.632+0900][15.092s][info][gc,heap     ] GC(5) Eden regions: 13->0(11)
[2026-03-25T16:36:44.632+0900][15.092s][info][gc,heap     ] GC(5) Survivor regions: 3->2(2)
[2026-03-25T16:36:44.632+0900][15.092s][info][gc,heap     ] GC(5) Old regions: 6->9
[2026-03-25T16:36:44.632+0900][15.092s][info][gc,heap     ] GC(5) Archive regions: 0->0
[2026-03-25T16:36:44.632+0900][15.092s][info][gc,heap     ] GC(5) Humongous regions: 0->0
[2026-03-25T16:36:44.632+0900][15.092s][info][gc,metaspace] GC(5) Metaspace: 181K(384K)->181K(384K) NonClass: 170K(256K)->170K(256K) Class: 10K(128K)->10K(128K)
[2026-03-25T16:36:44.632+0900][15.093s][info][gc          ] GC(5) Pause Young (Normal) (G1 Evacuation Pause) 164M->81M(256M) 7.138ms
[2026-03-25T16:36:44.632+0900][15.093s][info][gc,cpu      ] GC(5) User=0.00s Sys=0.02s Real=0.01s
[2026-03-25T16:36:47.454+0900][17.914s][info][gc,start    ] GC(6) Pause Young (Normal) (G1 Evacuation Pause)
[2026-03-25T16:36:47.454+0900][17.914s][info][gc,task     ] GC(6) Using 8 workers of 8 for evacuation
[2026-03-25T16:36:47.461+0900][17.921s][info][gc,phases   ] GC(6)   Pre Evacuate Collection Set: 0.3ms
[2026-03-25T16:36:47.461+0900][17.921s][info][gc,phases   ] GC(6)   Merge Heap Roots: 0.2ms
[2026-03-25T16:36:47.461+0900][17.921s][info][gc,phases   ] GC(6)   Evacuate Collection Set: 5.7ms
[2026-03-25T16:36:47.461+0900][17.921s][info][gc,phases   ] GC(6)   Post Evacuate Collection Set: 0.5ms
[2026-03-25T16:36:47.461+0900][17.921s][info][gc,phases   ] GC(6)   Other: 0.1ms
[2026-03-25T16:36:47.461+0900][17.921s][info][gc,heap     ] GC(6) Eden regions: 11->0(10)
[2026-03-25T16:36:47.461+0900][17.921s][info][gc,heap     ] GC(6) Survivor regions: 2->2(2)
[2026-03-25T16:36:47.461+0900][17.921s][info][gc,heap     ] GC(6) Old regions: 9->11
[2026-03-25T16:36:47.461+0900][17.921s][info][gc,heap     ] GC(6) Archive regions: 0->0
[2026-03-25T16:36:47.461+0900][17.921s][info][gc,heap     ] GC(6) Humongous regions: 0->0
[2026-03-25T16:36:47.461+0900][17.921s][info][gc,metaspace] GC(6) Metaspace: 181K(384K)->181K(384K) NonClass: 170K(256K)->170K(256K) Class: 10K(128K)->10K(128K)
[2026-03-25T16:36:47.461+0900][17.921s][info][gc          ] GC(6) Pause Young (Normal) (G1 Evacuation Pause) 167M->96M(256M) 7.103ms
[2026-03-25T16:36:47.461+0900][17.921s][info][gc,cpu      ] GC(6) User=0.00s Sys=0.02s Real=0.01s
[2026-03-25T16:36:50.105+0900][20.565s][info][gc,start    ] GC(7) Pause Young (Concurrent Start) (G1 Evacuation Pause)
[2026-03-25T16:36:50.105+0900][20.565s][info][gc,task     ] GC(7) Using 8 workers of 8 for evacuation
[2026-03-25T16:36:50.119+0900][20.578s][info][gc,phases   ] GC(7)   Pre Evacuate Collection Set: 18.3ms
[2026-03-25T16:36:50.119+0900][20.578s][info][gc,phases   ] GC(7)   Merge Heap Roots: 0.2ms
[2026-03-25T16:36:50.119+0900][20.578s][info][gc,phases   ] GC(7)   Evacuate Collection Set: 3.9ms
[2026-03-25T16:36:50.119+0900][20.578s][info][gc,phases   ] GC(7)   Post Evacuate Collection Set: 0.5ms
[2026-03-25T16:36:50.119+0900][20.578s][info][gc,phases   ] GC(7)   Other: -10.0ms
[2026-03-25T16:36:50.119+0900][20.578s][info][gc,heap     ] GC(7) Eden regions: 10->0(8)
[2026-03-25T16:36:50.119+0900][20.578s][info][gc,heap     ] GC(7) Survivor regions: 2->2(2)
[2026-03-25T16:36:50.119+0900][20.578s][info][gc,heap     ] GC(7) Old regions: 11->13
[2026-03-25T16:36:50.119+0900][20.578s][info][gc,heap     ] GC(7) Archive regions: 0->0
[2026-03-25T16:36:50.119+0900][20.578s][info][gc,heap     ] GC(7) Humongous regions: 0->0
[2026-03-25T16:36:50.119+0900][20.578s][info][gc,metaspace] GC(7) Metaspace: 181K(384K)->181K(384K) NonClass: 170K(256K)->170K(256K) Class: 10K(128K)->10K(128K)
[2026-03-25T16:36:50.119+0900][20.578s][info][gc          ] GC(7) Pause Young (Concurrent Start) (G1 Evacuation Pause) 174M->111M(256M) 13.399ms
[2026-03-25T16:36:50.119+0900][20.578s][info][gc,cpu      ] GC(7) User=0.00s Sys=0.02s Real=0.01s
[2026-03-25T16:36:50.119+0900][20.578s][info][gc          ] GC(8) Concurrent Mark Cycle
[2026-03-25T16:36:50.119+0900][20.579s][info][gc,marking  ] GC(8) Concurrent Clear Claimed Marks
[2026-03-25T16:36:50.119+0900][20.579s][info][gc,marking  ] GC(8) Concurrent Clear Claimed Marks 0.026ms
[2026-03-25T16:36:50.119+0900][20.579s][info][gc,marking  ] GC(8) Concurrent Scan Root Regions
[2026-03-25T16:36:50.120+0900][20.579s][info][gc,marking  ] GC(8) Concurrent Scan Root Regions 0.477ms
[2026-03-25T16:36:50.120+0900][20.579s][info][gc,marking  ] GC(8) Concurrent Mark
[2026-03-25T16:36:50.120+0900][20.579s][info][gc,marking  ] GC(8) Concurrent Mark From Roots
[2026-03-25T16:36:50.120+0900][20.579s][info][gc,task     ] GC(8) Using 2 workers of 2 for marking
[2026-03-25T16:36:50.122+0900][20.582s][info][gc,marking  ] GC(8) Concurrent Mark From Roots 2.337ms
[2026-03-25T16:36:50.122+0900][20.582s][info][gc,marking  ] GC(8) Concurrent Preclean
[2026-03-25T16:36:50.122+0900][20.582s][info][gc,marking  ] GC(8) Concurrent Preclean 0.022ms
[2026-03-25T16:36:50.122+0900][20.582s][info][gc,start    ] GC(8) Pause Remark
[2026-03-25T16:36:50.123+0900][20.583s][info][gc          ] GC(8) Pause Remark 113M->113M(256M) 0.754ms
[2026-03-25T16:36:50.123+0900][20.583s][info][gc,cpu      ] GC(8) User=0.00s Sys=0.00s Real=0.00s
[2026-03-25T16:36:50.123+0900][20.583s][info][gc,marking  ] GC(8) Concurrent Mark 3.650ms
[2026-03-25T16:36:50.123+0900][20.583s][info][gc,marking  ] GC(8) Concurrent Rebuild Remembered Sets
[2026-03-25T16:36:50.124+0900][20.583s][info][gc,marking  ] GC(8) Concurrent Rebuild Remembered Sets 0.610ms
[2026-03-25T16:36:50.124+0900][20.584s][info][gc,start    ] GC(8) Pause Cleanup
[2026-03-25T16:36:50.124+0900][20.584s][info][gc          ] GC(8) Pause Cleanup 113M->113M(256M) 0.073ms
[2026-03-25T16:36:50.124+0900][20.584s][info][gc,cpu      ] GC(8) User=0.00s Sys=0.00s Real=0.00s
[2026-03-25T16:36:50.124+0900][20.584s][info][gc,marking  ] GC(8) Concurrent Cleanup for Next Mark
[2026-03-25T16:36:50.125+0900][20.584s][info][gc,marking  ] GC(8) Concurrent Cleanup for Next Mark 0.747ms
[2026-03-25T16:36:50.125+0900][20.584s][info][gc          ] GC(8) Concurrent Mark Cycle 5.965ms
[2026-03-25T16:36:52.203+0900][22.663s][info][gc,start    ] GC(9) Pause Young (Normal) (G1 Evacuation Pause)
[2026-03-25T16:36:52.203+0900][22.663s][info][gc,task     ] GC(9) Using 8 workers of 8 for evacuation
[2026-03-25T16:36:52.206+0900][22.666s][info][gc,phases   ] GC(9)   Pre Evacuate Collection Set: 0.2ms
[2026-03-25T16:36:52.206+0900][22.666s][info][gc,phases   ] GC(9)   Merge Heap Roots: 0.2ms
[2026-03-25T16:36:52.206+0900][22.666s][info][gc,phases   ] GC(9)   Evacuate Collection Set: 1.8ms
[2026-03-25T16:36:52.207+0900][22.666s][info][gc,phases   ] GC(9)   Post Evacuate Collection Set: 0.9ms
[2026-03-25T16:36:52.207+0900][22.667s][info][gc,phases   ] GC(9)   Other: 0.1ms
[2026-03-25T16:36:52.207+0900][22.667s][info][gc,heap     ] GC(9) Eden regions: 8->0(8)
[2026-03-25T16:36:52.207+0900][22.667s][info][gc,heap     ] GC(9) Survivor regions: 2->2(2)
[2026-03-25T16:36:52.207+0900][22.667s][info][gc,heap     ] GC(9) Old regions: 13->14
[2026-03-25T16:36:52.207+0900][22.667s][info][gc,heap     ] GC(9) Archive regions: 0->0
[2026-03-25T16:36:52.207+0900][22.667s][info][gc,heap     ] GC(9) Humongous regions: 0->0
[2026-03-25T16:36:52.207+0900][22.667s][info][gc,metaspace] GC(9) Metaspace: 181K(384K)->181K(384K) NonClass: 170K(256K)->170K(256K) Class: 10K(128K)->10K(128K)
[2026-03-25T16:36:52.207+0900][22.667s][info][gc          ] GC(9) Pause Young (Normal) (G1 Evacuation Pause) 173M->123M(256M) 3.926ms
[2026-03-25T16:36:52.207+0900][22.667s][info][gc,cpu      ] GC(9) User=0.00s Sys=0.00s Real=0.00s
[2026-03-25T16:36:54.278+0900][24.737s][info][gc,start    ] GC(10) Pause Young (Concurrent Start) (G1 Evacuation Pause)
[2026-03-25T16:36:54.278+0900][24.738s][info][gc,task     ] GC(10) Using 8 workers of 8 for evacuation
[2026-03-25T16:36:54.280+0900][24.740s][info][gc,phases   ] GC(10)   Pre Evacuate Collection Set: 0.2ms
[2026-03-25T16:36:54.280+0900][24.740s][info][gc,phases   ] GC(10)   Merge Heap Roots: 0.2ms
[2026-03-25T16:36:54.280+0900][24.740s][info][gc,phases   ] GC(10)   Evacuate Collection Set: 1.0ms
[2026-03-25T16:36:54.280+0900][24.740s][info][gc,phases   ] GC(10)   Post Evacuate Collection Set: 0.5ms
[2026-03-25T16:36:54.281+0900][24.740s][info][gc,phases   ] GC(10)   Other: 0.3ms
[2026-03-25T16:36:54.281+0900][24.740s][info][gc,heap     ] GC(10) Eden regions: 8->0(6)
[2026-03-25T16:36:54.281+0900][24.740s][info][gc,heap     ] GC(10) Survivor regions: 2->2(2)
[2026-03-25T16:36:54.281+0900][24.740s][info][gc,heap     ] GC(10) Old regions: 14->16
[2026-03-25T16:36:54.281+0900][24.740s][info][gc,heap     ] GC(10) Archive regions: 0->0
[2026-03-25T16:36:54.281+0900][24.740s][info][gc,heap     ] GC(10) Humongous regions: 0->0
[2026-03-25T16:36:54.281+0900][24.740s][info][gc,metaspace] GC(10) Metaspace: 181K(384K)->181K(384K) NonClass: 170K(256K)->170K(256K) Class: 10K(128K)->10K(128K)
[2026-03-25T16:36:54.281+0900][24.740s][info][gc          ] GC(10) Pause Young (Concurrent Start) (G1 Evacuation Pause) 185M->135M(256M) 2.647ms
[2026-03-25T16:36:54.281+0900][24.740s][info][gc,cpu      ] GC(10) User=0.00s Sys=0.00s Real=0.00s
[2026-03-25T16:36:54.281+0900][24.740s][info][gc          ] GC(11) Concurrent Mark Cycle
[2026-03-25T16:36:54.281+0900][24.740s][info][gc,marking  ] GC(11) Concurrent Clear Claimed Marks
[2026-03-25T16:36:54.281+0900][24.740s][info][gc,marking  ] GC(11) Concurrent Clear Claimed Marks 0.036ms
[2026-03-25T16:36:54.281+0900][24.740s][info][gc,marking  ] GC(11) Concurrent Scan Root Regions
[2026-03-25T16:36:54.281+0900][24.740s][info][gc,marking  ] GC(11) Concurrent Scan Root Regions 0.132ms
[2026-03-25T16:36:54.281+0900][24.741s][info][gc,marking  ] GC(11) Concurrent Mark
[2026-03-25T16:36:54.281+0900][24.741s][info][gc,marking  ] GC(11) Concurrent Mark From Roots
[2026-03-25T16:36:54.281+0900][24.741s][info][gc,task     ] GC(11) Using 2 workers of 2 for marking
[2026-03-25T16:36:54.283+0900][24.742s][info][gc,marking  ] GC(11) Concurrent Mark From Roots 1.611ms
[2026-03-25T16:36:54.283+0900][24.742s][info][gc,marking  ] GC(11) Concurrent Preclean
[2026-03-25T16:36:54.283+0900][24.742s][info][gc,marking  ] GC(11) Concurrent Preclean 0.042ms
[2026-03-25T16:36:54.283+0900][24.743s][info][gc,start    ] GC(11) Pause Remark
[2026-03-25T16:36:54.284+0900][24.744s][info][gc          ] GC(11) Pause Remark 137M->137M(256M) 0.922ms
[2026-03-25T16:36:54.284+0900][24.744s][info][gc,cpu      ] GC(11) User=0.00s Sys=0.00s Real=0.00s
[2026-03-25T16:36:54.284+0900][24.744s][info][gc,marking  ] GC(11) Concurrent Mark 3.116ms
[2026-03-25T16:36:54.284+0900][24.744s][info][gc,marking  ] GC(11) Concurrent Rebuild Remembered Sets
[2026-03-25T16:36:54.285+0900][24.744s][info][gc,marking  ] GC(11) Concurrent Rebuild Remembered Sets 0.400ms
[2026-03-25T16:36:54.285+0900][24.744s][info][gc,start    ] GC(11) Pause Cleanup
[2026-03-25T16:36:54.285+0900][24.744s][info][gc          ] GC(11) Pause Cleanup 137M->137M(256M) 0.143ms
[2026-03-25T16:36:54.285+0900][24.744s][info][gc,cpu      ] GC(11) User=0.00s Sys=0.00s Real=0.00s
[2026-03-25T16:36:54.285+0900][24.745s][info][gc,marking  ] GC(11) Concurrent Cleanup for Next Mark
[2026-03-25T16:36:54.286+0900][24.745s][info][gc,marking  ] GC(11) Concurrent Cleanup for Next Mark 0.805ms
[2026-03-25T16:36:54.286+0900][24.745s][info][gc          ] GC(11) Concurrent Mark Cycle 5.149ms
[2026-03-25T16:36:55.850+0900][26.310s][info][gc,start    ] GC(12) Pause Young (Normal) (G1 Evacuation Pause)
[2026-03-25T16:36:55.850+0900][26.310s][info][gc,task     ] GC(12) Using 8 workers of 8 for evacuation
[2026-03-25T16:36:55.854+0900][26.314s][info][gc,phases   ] GC(12)   Pre Evacuate Collection Set: 0.3ms
[2026-03-25T16:36:55.854+0900][26.314s][info][gc,phases   ] GC(12)   Merge Heap Roots: 0.2ms
[2026-03-25T16:36:55.854+0900][26.314s][info][gc,phases   ] GC(12)   Evacuate Collection Set: 1.8ms
[2026-03-25T16:36:55.854+0900][26.314s][info][gc,phases   ] GC(12)   Post Evacuate Collection Set: 0.9ms
[2026-03-25T16:36:55.854+0900][26.314s][info][gc,phases   ] GC(12)   Other: 0.1ms
[2026-03-25T16:36:55.854+0900][26.314s][info][gc,heap     ] GC(12) Eden regions: 6->0(6)
[2026-03-25T16:36:55.854+0900][26.314s][info][gc,heap     ] GC(12) Survivor regions: 2->1(1)
[2026-03-25T16:36:55.854+0900][26.314s][info][gc,heap     ] GC(12) Old regions: 16->18
[2026-03-25T16:36:55.854+0900][26.314s][info][gc,heap     ] GC(12) Archive regions: 0->0
[2026-03-25T16:36:55.854+0900][26.314s][info][gc,heap     ] GC(12) Humongous regions: 0->0
[2026-03-25T16:36:55.854+0900][26.314s][info][gc,metaspace] GC(12) Metaspace: 181K(384K)->181K(384K) NonClass: 170K(256K)->170K(256K) Class: 10K(128K)->10K(128K)
[2026-03-25T16:36:55.854+0900][26.314s][info][gc          ] GC(12) Pause Young (Normal) (G1 Evacuation Pause) 181M->144M(256M) 4.062ms
[2026-03-25T16:36:55.854+0900][26.314s][info][gc,cpu      ] GC(12) User=0.00s Sys=0.00s Real=0.00s
[2026-03-25T16:36:57.475+0900][27.934s][info][gc,start    ] GC(13) Pause Young (Concurrent Start) (G1 Evacuation Pause)
[2026-03-25T16:36:57.475+0900][27.935s][info][gc,task     ] GC(13) Using 8 workers of 8 for evacuation
[2026-03-25T16:36:57.477+0900][27.937s][info][gc,phases   ] GC(13)   Pre Evacuate Collection Set: 0.2ms
[2026-03-25T16:36:57.477+0900][27.937s][info][gc,phases   ] GC(13)   Merge Heap Roots: 0.2ms
[2026-03-25T16:36:57.477+0900][27.937s][info][gc,phases   ] GC(13)   Evacuate Collection Set: 0.4ms
[2026-03-25T16:36:57.477+0900][27.937s][info][gc,phases   ] GC(13)   Post Evacuate Collection Set: 0.9ms
[2026-03-25T16:36:57.477+0900][27.937s][info][gc,phases   ] GC(13)   Other: 0.3ms
[2026-03-25T16:36:57.477+0900][27.937s][info][gc,heap     ] GC(13) Eden regions: 6->0(6)
[2026-03-25T16:36:57.477+0900][27.937s][info][gc,heap     ] GC(13) Survivor regions: 1->1(1)
[2026-03-25T16:36:57.477+0900][27.937s][info][gc,heap     ] GC(13) Old regions: 18->18
[2026-03-25T16:36:57.477+0900][27.937s][info][gc,heap     ] GC(13) Archive regions: 0->0
[2026-03-25T16:36:57.477+0900][27.937s][info][gc,heap     ] GC(13) Humongous regions: 0->0
[2026-03-25T16:36:57.478+0900][27.937s][info][gc,metaspace] GC(13) Metaspace: 181K(384K)->181K(384K) NonClass: 170K(256K)->170K(256K) Class: 10K(128K)->10K(128K)
[2026-03-25T16:36:57.478+0900][27.937s][info][gc          ] GC(13) Pause Young (Concurrent Start) (G1 Evacuation Pause) 190M->140M(256M) 2.751ms
[2026-03-25T16:36:57.478+0900][27.937s][info][gc,cpu      ] GC(13) User=0.00s Sys=0.00s Real=0.00s
[2026-03-25T16:36:57.478+0900][27.937s][info][gc          ] GC(14) Concurrent Mark Cycle
[2026-03-25T16:36:57.478+0900][27.937s][info][gc,marking  ] GC(14) Concurrent Clear Claimed Marks
[2026-03-25T16:36:57.478+0900][27.937s][info][gc,marking  ] GC(14) Concurrent Clear Claimed Marks 0.038ms
[2026-03-25T16:36:57.478+0900][27.937s][info][gc,marking  ] GC(14) Concurrent Scan Root Regions
[2026-03-25T16:36:57.478+0900][27.938s][info][gc,marking  ] GC(14) Concurrent Scan Root Regions 0.255ms
[2026-03-25T16:36:57.478+0900][27.938s][info][gc,marking  ] GC(14) Concurrent Mark
[2026-03-25T16:36:57.478+0900][27.938s][info][gc,marking  ] GC(14) Concurrent Mark From Roots
[2026-03-25T16:36:57.478+0900][27.938s][info][gc,task     ] GC(14) Using 2 workers of 2 for marking
[2026-03-25T16:36:57.480+0900][27.940s][info][gc,marking  ] GC(14) Concurrent Mark From Roots 1.875ms
[2026-03-25T16:36:57.480+0900][27.940s][info][gc,marking  ] GC(14) Concurrent Preclean
[2026-03-25T16:36:57.480+0900][27.940s][info][gc,marking  ] GC(14) Concurrent Preclean 0.040ms
[2026-03-25T16:36:57.481+0900][27.940s][info][gc,start    ] GC(14) Pause Remark
[2026-03-25T16:36:57.482+0900][27.941s][info][gc          ] GC(14) Pause Remark 142M->22M(256M) 1.175ms
[2026-03-25T16:36:57.482+0900][27.941s][info][gc,cpu      ] GC(14) User=0.00s Sys=0.00s Real=0.00s
[2026-03-25T16:36:57.482+0900][27.942s][info][gc,marking  ] GC(14) Concurrent Mark 3.983ms
[2026-03-25T16:36:57.482+0900][27.942s][info][gc,marking  ] GC(14) Concurrent Rebuild Remembered Sets
[2026-03-25T16:36:57.483+0900][27.942s][info][gc,marking  ] GC(14) Concurrent Rebuild Remembered Sets 0.346ms
[2026-03-25T16:36:57.483+0900][27.942s][info][gc,start    ] GC(14) Pause Cleanup
[2026-03-25T16:36:57.483+0900][27.942s][info][gc          ] GC(14) Pause Cleanup 22M->22M(256M) 0.040ms
[2026-03-25T16:36:57.483+0900][27.942s][info][gc,cpu      ] GC(14) User=0.00s Sys=0.00s Real=0.00s
[2026-03-25T16:36:57.483+0900][27.942s][info][gc,marking  ] GC(14) Concurrent Cleanup for Next Mark
[2026-03-25T16:36:57.483+0900][27.942s][info][gc,marking  ] GC(14) Concurrent Cleanup for Next Mark 0.096ms
[2026-03-25T16:36:57.483+0900][27.942s][info][gc          ] GC(14) Concurrent Mark Cycle 5.114ms
[2026-03-25T16:36:59.017+0900][29.477s][info][gc,start    ] GC(15) Pause Young (Prepare Mixed) (G1 Evacuation Pause)
[2026-03-25T16:36:59.017+0900][29.477s][info][gc,task     ] GC(15) Using 8 workers of 8 for evacuation
[2026-03-25T16:36:59.019+0900][29.479s][info][gc,phases   ] GC(15)   Pre Evacuate Collection Set: 0.2ms
[2026-03-25T16:36:59.019+0900][29.479s][info][gc,phases   ] GC(15)   Merge Heap Roots: 0.1ms
[2026-03-25T16:36:59.019+0900][29.479s][info][gc,phases   ] GC(15)   Evacuate Collection Set: 0.8ms
[2026-03-25T16:36:59.019+0900][29.479s][info][gc,phases   ] GC(15)   Post Evacuate Collection Set: 0.6ms
[2026-03-25T16:36:59.019+0900][29.479s][info][gc,phases   ] GC(15)   Other: 0.1ms
[2026-03-25T16:36:59.019+0900][29.479s][info][gc,heap     ] GC(15) Eden regions: 6->0(1)
[2026-03-25T16:36:59.019+0900][29.479s][info][gc,heap     ] GC(15) Survivor regions: 1->1(1)
[2026-03-25T16:36:59.019+0900][29.479s][info][gc,heap     ] GC(15) Old regions: 2->3
[2026-03-25T16:36:59.019+0900][29.479s][info][gc,heap     ] GC(15) Archive regions: 0->0
[2026-03-25T16:36:59.019+0900][29.479s][info][gc,heap     ] GC(15) Humongous regions: 0->0
[2026-03-25T16:36:59.019+0900][29.479s][info][gc,metaspace] GC(15) Metaspace: 181K(384K)->181K(384K) NonClass: 170K(256K)->170K(256K) Class: 10K(128K)->10K(128K)
[2026-03-25T16:36:59.019+0900][29.479s][info][gc          ] GC(15) Pause Young (Prepare Mixed) (G1 Evacuation Pause) 66M->29M(256M) 2.014ms
[2026-03-25T16:36:59.019+0900][29.479s][info][gc,cpu      ] GC(15) User=0.00s Sys=0.00s Real=0.00s
[2026-03-25T16:36:59.295+0900][29.755s][info][gc,start    ] GC(16) Pause Young (Mixed) (G1 Evacuation Pause)
[2026-03-25T16:36:59.295+0900][29.755s][info][gc,task     ] GC(16) Using 8 workers of 8 for evacuation
[2026-03-25T16:36:59.298+0900][29.757s][info][gc,phases   ] GC(16)   Pre Evacuate Collection Set: 0.4ms
[2026-03-25T16:36:59.298+0900][29.757s][info][gc,phases   ] GC(16)   Merge Heap Roots: 0.1ms
[2026-03-25T16:36:59.298+0900][29.757s][info][gc,phases   ] GC(16)   Evacuate Collection Set: 0.7ms
[2026-03-25T16:36:59.298+0900][29.757s][info][gc,phases   ] GC(16)   Post Evacuate Collection Set: 0.9ms
[2026-03-25T16:36:59.298+0900][29.757s][info][gc,phases   ] GC(16)   Other: 0.1ms
[2026-03-25T16:36:59.298+0900][29.758s][info][gc,heap     ] GC(16) Eden regions: 1->0(15)
[2026-03-25T16:36:59.298+0900][29.758s][info][gc,heap     ] GC(16) Survivor regions: 1->1(1)
[2026-03-25T16:36:59.298+0900][29.758s][info][gc,heap     ] GC(16) Old regions: 3->3
[2026-03-25T16:36:59.298+0900][29.758s][info][gc,heap     ] GC(16) Archive regions: 0->0
[2026-03-25T16:36:59.298+0900][29.758s][info][gc,heap     ] GC(16) Humongous regions: 0->0
[2026-03-25T16:36:59.298+0900][29.758s][info][gc,metaspace] GC(16) Metaspace: 181K(384K)->181K(384K) NonClass: 170K(256K)->170K(256K) Class: 10K(128K)->10K(128K)
[2026-03-25T16:36:59.298+0900][29.758s][info][gc          ] GC(16) Pause Young (Mixed) (G1 Evacuation Pause) 36M->22M(256M) 2.848ms
[2026-03-25T16:36:59.298+0900][29.758s][info][gc,cpu      ] GC(16) User=0.00s Sys=0.00s Real=0.00s
[2026-03-25T16:37:03.213+0900][33.673s][info][gc,start    ] GC(17) Pause Young (Normal) (G1 Evacuation Pause)
[2026-03-25T16:37:03.213+0900][33.673s][info][gc,task     ] GC(17) Using 8 workers of 8 for evacuation
[2026-03-25T16:37:03.216+0900][33.676s][info][gc,phases   ] GC(17)   Pre Evacuate Collection Set: 0.2ms
[2026-03-25T16:37:03.216+0900][33.676s][info][gc,phases   ] GC(17)   Merge Heap Roots: 0.2ms
[2026-03-25T16:37:03.216+0900][33.676s][info][gc,phases   ] GC(17)   Evacuate Collection Set: 1.3ms
[2026-03-25T16:37:03.216+0900][33.676s][info][gc,phases   ] GC(17)   Post Evacuate Collection Set: 0.8ms
[2026-03-25T16:37:03.216+0900][33.676s][info][gc,phases   ] GC(17)   Other: 0.1ms
[2026-03-25T16:37:03.216+0900][33.676s][info][gc,heap     ] GC(17) Eden regions: 15->0(14)
[2026-03-25T16:37:03.216+0900][33.676s][info][gc,heap     ] GC(17) Survivor regions: 1->2(2)
[2026-03-25T16:37:03.216+0900][33.676s][info][gc,heap     ] GC(17) Old regions: 3->4
[2026-03-25T16:37:03.216+0900][33.676s][info][gc,heap     ] GC(17) Archive regions: 0->0
[2026-03-25T16:37:03.216+0900][33.676s][info][gc,heap     ] GC(17) Humongous regions: 0->0
[2026-03-25T16:37:03.216+0900][33.676s][info][gc,metaspace] GC(17) Metaspace: 181K(384K)->181K(384K) NonClass: 170K(256K)->170K(256K) Class: 10K(128K)->10K(128K)
[2026-03-25T16:37:03.216+0900][33.676s][info][gc          ] GC(17) Pause Young (Normal) (G1 Evacuation Pause) 140M->44M(256M) 3.256ms
[2026-03-25T16:37:03.216+0900][33.677s][info][gc,cpu      ] GC(17) User=0.00s Sys=0.00s Real=0.00s
[2026-03-25T16:37:06.786+0900][37.246s][info][gc,start    ] GC(18) Pause Young (Normal) (G1 Evacuation Pause)
[2026-03-25T16:37:06.786+0900][37.246s][info][gc,task     ] GC(18) Using 8 workers of 8 for evacuation
[2026-03-25T16:37:06.789+0900][37.250s][info][gc,phases   ] GC(18)   Pre Evacuate Collection Set: 0.2ms
[2026-03-25T16:37:06.789+0900][37.250s][info][gc,phases   ] GC(18)   Merge Heap Roots: 0.2ms
[2026-03-25T16:37:06.789+0900][37.250s][info][gc,phases   ] GC(18)   Evacuate Collection Set: 1.9ms
[2026-03-25T16:37:06.789+0900][37.250s][info][gc,phases   ] GC(18)   Post Evacuate Collection Set: 0.8ms
[2026-03-25T16:37:06.790+0900][37.250s][info][gc,phases   ] GC(18)   Other: 0.1ms
[2026-03-25T16:37:06.790+0900][37.250s][info][gc,heap     ] GC(18) Eden regions: 14->0(12)
[2026-03-25T16:37:06.790+0900][37.250s][info][gc,heap     ] GC(18) Survivor regions: 2->2(2)
[2026-03-25T16:37:06.790+0900][37.250s][info][gc,heap     ] GC(18) Old regions: 4->7
[2026-03-25T16:37:06.790+0900][37.250s][info][gc,heap     ] GC(18) Archive regions: 0->0
[2026-03-25T16:37:06.790+0900][37.250s][info][gc,heap     ] GC(18) Humongous regions: 0->0
[2026-03-25T16:37:06.790+0900][37.250s][info][gc,metaspace] GC(18) Metaspace: 181K(384K)->181K(384K) NonClass: 170K(256K)->170K(256K) Class: 10K(128K)->10K(128K)
[2026-03-25T16:37:06.790+0900][37.250s][info][gc          ] GC(18) Pause Young (Normal) (G1 Evacuation Pause) 154M->65M(256M) 4.141ms
[2026-03-25T16:37:06.790+0900][37.250s][info][gc,cpu      ] GC(18) User=0.00s Sys=0.00s Real=0.00s
[2026-03-25T16:37:09.841+0900][40.301s][info][gc,start    ] GC(19) Pause Young (Normal) (G1 Evacuation Pause)
[2026-03-25T16:37:09.841+0900][40.301s][info][gc,task     ] GC(19) Using 8 workers of 8 for evacuation
[2026-03-25T16:37:09.844+0900][40.304s][info][gc,phases   ] GC(19)   Pre Evacuate Collection Set: 0.2ms
[2026-03-25T16:37:09.844+0900][40.304s][info][gc,phases   ] GC(19)   Merge Heap Roots: 0.2ms
[2026-03-25T16:37:09.844+0900][40.304s][info][gc,phases   ] GC(19)   Evacuate Collection Set: 1.9ms
[2026-03-25T16:37:09.844+0900][40.304s][info][gc,phases   ] GC(19)   Post Evacuate Collection Set: 0.8ms
[2026-03-25T16:37:09.844+0900][40.304s][info][gc,phases   ] GC(19)   Other: 0.1ms
[2026-03-25T16:37:09.844+0900][40.304s][info][gc,heap     ] GC(19) Eden regions: 12->0(11)
[2026-03-25T16:37:09.844+0900][40.304s][info][gc,heap     ] GC(19) Survivor regions: 2->2(2)
[2026-03-25T16:37:09.844+0900][40.304s][info][gc,heap     ] GC(19) Old regions: 7->9
[2026-03-25T16:37:09.844+0900][40.304s][info][gc,heap     ] GC(19) Archive regions: 0->0
[2026-03-25T16:37:09.844+0900][40.304s][info][gc,heap     ] GC(19) Humongous regions: 0->0
[2026-03-25T16:37:09.844+0900][40.304s][info][gc,metaspace] GC(19) Metaspace: 181K(384K)->181K(384K) NonClass: 170K(256K)->170K(256K) Class: 10K(128K)->10K(128K)
[2026-03-25T16:37:09.844+0900][40.304s][info][gc          ] GC(19) Pause Young (Normal) (G1 Evacuation Pause) 159M->82M(256M) 3.890ms
[2026-03-25T16:37:09.844+0900][40.304s][info][gc,cpu      ] GC(19) User=0.00s Sys=0.00s Real=0.00s
[2026-03-25T16:37:12.726+0900][43.185s][info][gc,start    ] GC(20) Pause Young (Normal) (G1 Evacuation Pause)
[2026-03-25T16:37:12.726+0900][43.186s][info][gc,task     ] GC(20) Using 8 workers of 8 for evacuation
[2026-03-25T16:37:12.729+0900][43.189s][info][gc,phases   ] GC(20)   Pre Evacuate Collection Set: 0.2ms
[2026-03-25T16:37:12.730+0900][43.189s][info][gc,phases   ] GC(20)   Merge Heap Roots: 0.2ms
[2026-03-25T16:37:12.730+0900][43.189s][info][gc,phases   ] GC(20)   Evacuate Collection Set: 1.8ms
[2026-03-25T16:37:12.730+0900][43.189s][info][gc,phases   ] GC(20)   Post Evacuate Collection Set: 0.9ms
[2026-03-25T16:37:12.730+0900][43.189s][info][gc,phases   ] GC(20)   Other: 0.1ms
[2026-03-25T16:37:12.730+0900][43.189s][info][gc,heap     ] GC(20) Eden regions: 11->0(10)
[2026-03-25T16:37:12.730+0900][43.189s][info][gc,heap     ] GC(20) Survivor regions: 2->2(2)
[2026-03-25T16:37:12.730+0900][43.189s][info][gc,heap     ] GC(20) Old regions: 9->11
[2026-03-25T16:37:12.730+0900][43.189s][info][gc,heap     ] GC(20) Archive regions: 0->0
[2026-03-25T16:37:12.730+0900][43.189s][info][gc,heap     ] GC(20) Humongous regions: 0->0
[2026-03-25T16:37:12.730+0900][43.189s][info][gc,metaspace] GC(20) Metaspace: 181K(384K)->181K(384K) NonClass: 170K(256K)->170K(256K) Class: 10K(128K)->10K(128K)
[2026-03-25T16:37:12.730+0900][43.189s][info][gc          ] GC(20) Pause Young (Normal) (G1 Evacuation Pause) 168M->98M(256M) 3.867ms
[2026-03-25T16:37:12.730+0900][43.189s][info][gc,cpu      ] GC(20) User=0.00s Sys=0.00s Real=0.00s
[2026-03-25T16:37:15.302+0900][45.762s][info][gc,start    ] GC(21) Pause Young (Concurrent Start) (G1 Evacuation Pause)
[2026-03-25T16:37:15.302+0900][45.762s][info][gc,task     ] GC(21) Using 8 workers of 8 for evacuation
[2026-03-25T16:37:15.305+0900][45.765s][info][gc,phases   ] GC(21)   Pre Evacuate Collection Set: 0.3ms
[2026-03-25T16:37:15.305+0900][45.765s][info][gc,phases   ] GC(21)   Merge Heap Roots: 0.2ms
[2026-03-25T16:37:15.305+0900][45.765s][info][gc,phases   ] GC(21)   Evacuate Collection Set: 1.8ms
[2026-03-25T16:37:15.305+0900][45.765s][info][gc,phases   ] GC(21)   Post Evacuate Collection Set: 0.8ms
[2026-03-25T16:37:15.305+0900][45.766s][info][gc,phases   ] GC(21)   Other: 0.3ms
[2026-03-25T16:37:15.305+0900][45.766s][info][gc,heap     ] GC(21) Eden regions: 10->0(8)
[2026-03-25T16:37:15.305+0900][45.766s][info][gc,heap     ] GC(21) Survivor regions: 2->2(2)
[2026-03-25T16:37:15.305+0900][45.766s][info][gc,heap     ] GC(21) Old regions: 11->13
[2026-03-25T16:37:15.305+0900][45.766s][info][gc,heap     ] GC(21) Archive regions: 0->0
[2026-03-25T16:37:15.305+0900][45.766s][info][gc,heap     ] GC(21) Humongous regions: 0->0
[2026-03-25T16:37:15.305+0900][45.766s][info][gc,metaspace] GC(21) Metaspace: 181K(384K)->181K(384K) NonClass: 170K(256K)->170K(256K) Class: 10K(128K)->10K(128K)
[2026-03-25T16:37:15.306+0900][45.766s][info][gc          ] GC(21) Pause Young (Concurrent Start) (G1 Evacuation Pause) 176M->113M(256M) 4.255ms
[2026-03-25T16:37:15.306+0900][45.766s][info][gc,cpu      ] GC(21) User=0.00s Sys=0.00s Real=0.00s
[2026-03-25T16:37:15.306+0900][45.766s][info][gc          ] GC(22) Concurrent Mark Cycle
[2026-03-25T16:37:15.306+0900][45.766s][info][gc,marking  ] GC(22) Concurrent Clear Claimed Marks
[2026-03-25T16:37:15.306+0900][45.766s][info][gc,marking  ] GC(22) Concurrent Clear Claimed Marks 0.038ms
[2026-03-25T16:37:15.306+0900][45.766s][info][gc,marking  ] GC(22) Concurrent Scan Root Regions
[2026-03-25T16:37:15.306+0900][45.766s][info][gc,marking  ] GC(22) Concurrent Scan Root Regions 0.241ms
[2026-03-25T16:37:15.306+0900][45.766s][info][gc,marking  ] GC(22) Concurrent Mark
[2026-03-25T16:37:15.306+0900][45.766s][info][gc,marking  ] GC(22) Concurrent Mark From Roots
[2026-03-25T16:37:15.306+0900][45.766s][info][gc,task     ] GC(22) Using 2 workers of 2 for marking
[2026-03-25T16:37:15.308+0900][45.768s][info][gc,marking  ] GC(22) Concurrent Mark From Roots 1.714ms
[2026-03-25T16:37:15.308+0900][45.768s][info][gc,marking  ] GC(22) Concurrent Preclean
[2026-03-25T16:37:15.308+0900][45.768s][info][gc,marking  ] GC(22) Concurrent Preclean 0.037ms
[2026-03-25T16:37:15.308+0900][45.769s][info][gc,start    ] GC(22) Pause Remark
[2026-03-25T16:37:15.309+0900][45.769s][info][gc          ] GC(22) Pause Remark 115M->115M(256M) 0.796ms
[2026-03-25T16:37:15.309+0900][45.770s][info][gc,cpu      ] GC(22) User=0.00s Sys=0.00s Real=0.00s
[2026-03-25T16:37:15.309+0900][45.770s][info][gc,marking  ] GC(22) Concurrent Mark 3.178ms
[2026-03-25T16:37:15.309+0900][45.770s][info][gc,marking  ] GC(22) Concurrent Rebuild Remembered Sets
[2026-03-25T16:37:15.310+0900][45.770s][info][gc,marking  ] GC(22) Concurrent Rebuild Remembered Sets 0.314ms
[2026-03-25T16:37:15.310+0900][45.770s][info][gc,start    ] GC(22) Pause Cleanup
[2026-03-25T16:37:15.310+0900][45.770s][info][gc          ] GC(22) Pause Cleanup 115M->115M(256M) 0.041ms
[2026-03-25T16:37:15.310+0900][45.770s][info][gc,cpu      ] GC(22) User=0.00s Sys=0.00s Real=0.00s
[2026-03-25T16:37:15.310+0900][45.770s][info][gc,marking  ] GC(22) Concurrent Cleanup for Next Mark
[2026-03-25T16:37:15.310+0900][45.770s][info][gc,marking  ] GC(22) Concurrent Cleanup for Next Mark 0.097ms
[2026-03-25T16:37:15.310+0900][45.770s][info][gc          ] GC(22) Concurrent Mark Cycle 4.281ms
[2026-03-25T16:37:17.420+0900][47.880s][info][gc,start    ] GC(23) Pause Young (Prepare Mixed) (G1 Evacuation Pause)
[2026-03-25T16:37:17.420+0900][47.880s][info][gc,task     ] GC(23) Using 8 workers of 8 for evacuation
[2026-03-25T16:37:17.422+0900][47.882s][info][gc,phases   ] GC(23)   Pre Evacuate Collection Set: 0.1ms
[2026-03-25T16:37:17.422+0900][47.882s][info][gc,phases   ] GC(23)   Merge Heap Roots: 0.1ms
[2026-03-25T16:37:17.422+0900][47.882s][info][gc,phases   ] GC(23)   Evacuate Collection Set: 1.1ms
[2026-03-25T16:37:17.422+0900][47.882s][info][gc,phases   ] GC(23)   Post Evacuate Collection Set: 0.4ms
[2026-03-25T16:37:17.422+0900][47.882s][info][gc,phases   ] GC(23)   Other: 0.1ms
[2026-03-25T16:37:17.422+0900][47.882s][info][gc,heap     ] GC(23) Eden regions: 8->0(1)
[2026-03-25T16:37:17.422+0900][47.882s][info][gc,heap     ] GC(23) Survivor regions: 2->2(2)
[2026-03-25T16:37:17.422+0900][47.882s][info][gc,heap     ] GC(23) Old regions: 13->15
[2026-03-25T16:37:17.422+0900][47.882s][info][gc,heap     ] GC(23) Archive regions: 0->0
[2026-03-25T16:37:17.422+0900][47.882s][info][gc,heap     ] GC(23) Humongous regions: 0->0
[2026-03-25T16:37:17.422+0900][47.882s][info][gc,metaspace] GC(23) Metaspace: 181K(384K)->181K(384K) NonClass: 170K(256K)->170K(256K) Class: 10K(128K)->10K(128K)
[2026-03-25T16:37:17.422+0900][47.882s][info][gc          ] GC(23) Pause Young (Prepare Mixed) (G1 Evacuation Pause) 175M->125M(256M) 2.199ms
[2026-03-25T16:37:17.422+0900][47.882s][info][gc,cpu      ] GC(23) User=0.00s Sys=0.00s Real=0.00s
[2026-03-25T16:37:17.677+0900][48.137s][info][gc,start    ] GC(24) Pause Young (Mixed) (G1 Evacuation Pause)
[2026-03-25T16:37:17.677+0900][48.137s][info][gc,task     ] GC(24) Using 8 workers of 8 for evacuation
[2026-03-25T16:37:17.680+0900][48.140s][info][gc,phases   ] GC(24)   Pre Evacuate Collection Set: 0.2ms
[2026-03-25T16:37:17.680+0900][48.140s][info][gc,phases   ] GC(24)   Merge Heap Roots: 0.2ms
[2026-03-25T16:37:17.680+0900][48.140s][info][gc,phases   ] GC(24)   Evacuate Collection Set: 1.3ms
[2026-03-25T16:37:17.680+0900][48.140s][info][gc,phases   ] GC(24)   Post Evacuate Collection Set: 0.9ms
[2026-03-25T16:37:17.680+0900][48.140s][info][gc,phases   ] GC(24)   Other: 0.2ms
[2026-03-25T16:37:17.680+0900][48.140s][info][gc,heap     ] GC(24) Eden regions: 1->0(8)
[2026-03-25T16:37:17.680+0900][48.140s][info][gc,heap     ] GC(24) Survivor regions: 2->1(1)
[2026-03-25T16:37:17.680+0900][48.140s][info][gc,heap     ] GC(24) Old regions: 15->15
[2026-03-25T16:37:17.680+0900][48.140s][info][gc,heap     ] GC(24) Archive regions: 0->0
[2026-03-25T16:37:17.680+0900][48.140s][info][gc,heap     ] GC(24) Humongous regions: 0->0
[2026-03-25T16:37:17.680+0900][48.140s][info][gc,metaspace] GC(24) Metaspace: 181K(384K)->181K(384K) NonClass: 170K(256K)->170K(256K) Class: 10K(128K)->10K(128K)
[2026-03-25T16:37:17.681+0900][48.140s][info][gc          ] GC(24) Pause Young (Mixed) (G1 Evacuation Pause) 132M->119M(256M) 3.634ms
[2026-03-25T16:37:17.681+0900][48.140s][info][gc,cpu      ] GC(24) User=0.02s Sys=0.00s Real=0.00s
[2026-03-25T16:37:19.750+0900][50.210s][info][gc,start    ] GC(25) Pause Young (Concurrent Start) (G1 Evacuation Pause)
[2026-03-25T16:37:19.750+0900][50.210s][info][gc,task     ] GC(25) Using 8 workers of 8 for evacuation
[2026-03-25T16:37:19.753+0900][50.212s][info][gc,phases   ] GC(25)   Pre Evacuate Collection Set: 0.3ms
[2026-03-25T16:37:19.753+0900][50.212s][info][gc,phases   ] GC(25)   Merge Heap Roots: 0.1ms
[2026-03-25T16:37:19.753+0900][50.212s][info][gc,phases   ] GC(25)   Evacuate Collection Set: 0.9ms
[2026-03-25T16:37:19.753+0900][50.212s][info][gc,phases   ] GC(25)   Post Evacuate Collection Set: 0.7ms
[2026-03-25T16:37:19.753+0900][50.212s][info][gc,phases   ] GC(25)   Other: 0.2ms
[2026-03-25T16:37:19.753+0900][50.212s][info][gc,heap     ] GC(25) Eden regions: 8->0(7)
[2026-03-25T16:37:19.753+0900][50.212s][info][gc,heap     ] GC(25) Survivor regions: 1->2(2)
[2026-03-25T16:37:19.753+0900][50.212s][info][gc,heap     ] GC(25) Old regions: 15->15
[2026-03-25T16:37:19.753+0900][50.212s][info][gc,heap     ] GC(25) Archive regions: 0->0
[2026-03-25T16:37:19.753+0900][50.212s][info][gc,heap     ] GC(25) Humongous regions: 0->0
[2026-03-25T16:37:19.753+0900][50.212s][info][gc,metaspace] GC(25) Metaspace: 181K(384K)->181K(384K) NonClass: 170K(256K)->170K(256K) Class: 10K(128K)->10K(128K)
[2026-03-25T16:37:19.753+0900][50.213s][info][gc          ] GC(25) Pause Young (Concurrent Start) (G1 Evacuation Pause) 181M->131M(256M) 3.021ms
[2026-03-25T16:37:19.753+0900][50.213s][info][gc,cpu      ] GC(25) User=0.00s Sys=0.00s Real=0.00s
[2026-03-25T16:37:19.753+0900][50.213s][info][gc          ] GC(26) Concurrent Mark Cycle
[2026-03-25T16:37:19.753+0900][50.213s][info][gc,marking  ] GC(26) Concurrent Clear Claimed Marks
[2026-03-25T16:37:19.754+0900][50.213s][info][gc,marking  ] GC(26) Concurrent Clear Claimed Marks 0.064ms
[2026-03-25T16:37:19.754+0900][50.213s][info][gc,marking  ] GC(26) Concurrent Scan Root Regions
[2026-03-25T16:37:19.754+0900][50.213s][info][gc,marking  ] GC(26) Concurrent Scan Root Regions 0.214ms
[2026-03-25T16:37:19.754+0900][50.213s][info][gc,marking  ] GC(26) Concurrent Mark
[2026-03-25T16:37:19.754+0900][50.213s][info][gc,marking  ] GC(26) Concurrent Mark From Roots
[2026-03-25T16:37:19.754+0900][50.213s][info][gc,task     ] GC(26) Using 2 workers of 2 for marking
[2026-03-25T16:37:19.756+0900][50.215s][info][gc,marking  ] GC(26) Concurrent Mark From Roots 1.772ms
[2026-03-25T16:37:19.756+0900][50.215s][info][gc,marking  ] GC(26) Concurrent Preclean
[2026-03-25T16:37:19.756+0900][50.215s][info][gc,marking  ] GC(26) Concurrent Preclean 0.035ms
[2026-03-25T16:37:19.756+0900][50.216s][info][gc,start    ] GC(26) Pause Remark
[2026-03-25T16:37:19.757+0900][50.217s][info][gc          ] GC(26) Pause Remark 133M->133M(256M) 1.091ms
[2026-03-25T16:37:19.757+0900][50.217s][info][gc,cpu      ] GC(26) User=0.02s Sys=0.00s Real=0.00s
[2026-03-25T16:37:19.758+0900][50.217s][info][gc,marking  ] GC(26) Concurrent Mark 3.591ms
[2026-03-25T16:37:19.758+0900][50.217s][info][gc,marking  ] GC(26) Concurrent Rebuild Remembered Sets
[2026-03-25T16:37:19.758+0900][50.217s][info][gc,marking  ] GC(26) Concurrent Rebuild Remembered Sets 0.437ms
[2026-03-25T16:37:19.758+0900][50.218s][info][gc,start    ] GC(26) Pause Cleanup
[2026-03-25T16:37:19.758+0900][50.218s][info][gc          ] GC(26) Pause Cleanup 133M->133M(256M) 0.086ms
[2026-03-25T16:37:19.758+0900][50.218s][info][gc,cpu      ] GC(26) User=0.00s Sys=0.00s Real=0.00s
[2026-03-25T16:37:19.758+0900][50.218s][info][gc,marking  ] GC(26) Concurrent Cleanup for Next Mark
[2026-03-25T16:37:19.759+0900][50.218s][info][gc,marking  ] GC(26) Concurrent Cleanup for Next Mark 0.160ms
[2026-03-25T16:37:19.759+0900][50.218s][info][gc          ] GC(26) Concurrent Mark Cycle 5.255ms
[2026-03-25T16:37:21.608+0900][52.067s][info][gc,start    ] GC(27) Pause Young (Normal) (G1 Evacuation Pause)
[2026-03-25T16:37:21.608+0900][52.067s][info][gc,task     ] GC(27) Using 8 workers of 8 for evacuation
[2026-03-25T16:37:21.611+0900][52.070s][info][gc,phases   ] GC(27)   Pre Evacuate Collection Set: 0.2ms
[2026-03-25T16:37:21.611+0900][52.070s][info][gc,phases   ] GC(27)   Merge Heap Roots: 0.2ms
[2026-03-25T16:37:21.611+0900][52.070s][info][gc,phases   ] GC(27)   Evacuate Collection Set: 1.3ms
[2026-03-25T16:37:21.611+0900][52.070s][info][gc,phases   ] GC(27)   Post Evacuate Collection Set: 0.9ms
[2026-03-25T16:37:21.611+0900][52.070s][info][gc,phases   ] GC(27)   Other: 0.2ms
[2026-03-25T16:37:21.611+0900][52.070s][info][gc,heap     ] GC(27) Eden regions: 7->0(6)
[2026-03-25T16:37:21.611+0900][52.070s][info][gc,heap     ] GC(27) Survivor regions: 2->2(2)
[2026-03-25T16:37:21.611+0900][52.070s][info][gc,heap     ] GC(27) Old regions: 15->17
[2026-03-25T16:37:21.611+0900][52.070s][info][gc,heap     ] GC(27) Archive regions: 0->0
[2026-03-25T16:37:21.611+0900][52.070s][info][gc,heap     ] GC(27) Humongous regions: 0->0
[2026-03-25T16:37:21.611+0900][52.071s][info][gc,metaspace] GC(27) Metaspace: 181K(384K)->181K(384K) NonClass: 170K(256K)->170K(256K) Class: 10K(128K)->10K(128K)
[2026-03-25T16:37:21.611+0900][52.071s][info][gc          ] GC(27) Pause Young (Normal) (G1 Evacuation Pause) 185M->141M(256M) 3.448ms
[2026-03-25T16:37:21.611+0900][52.071s][info][gc,cpu      ] GC(27) User=0.00s Sys=0.00s Real=0.00s
[2026-03-25T16:37:23.178+0900][53.637s][info][gc,start    ] GC(28) Pause Young (Concurrent Start) (G1 Evacuation Pause)
[2026-03-25T16:37:23.178+0900][53.637s][info][gc,task     ] GC(28) Using 8 workers of 8 for evacuation
[2026-03-25T16:37:23.180+0900][53.640s][info][gc,phases   ] GC(28)   Pre Evacuate Collection Set: 0.3ms
[2026-03-25T16:37:23.181+0900][53.640s][info][gc,phases   ] GC(28)   Merge Heap Roots: 0.2ms
[2026-03-25T16:37:23.181+0900][53.640s][info][gc,phases   ] GC(28)   Evacuate Collection Set: 0.6ms
[2026-03-25T16:37:23.181+0900][53.640s][info][gc,phases   ] GC(28)   Post Evacuate Collection Set: 0.9ms
[2026-03-25T16:37:23.181+0900][53.640s][info][gc,phases   ] GC(28)   Other: 0.3ms
[2026-03-25T16:37:23.181+0900][53.640s][info][gc,heap     ] GC(28) Eden regions: 6->0(6)
[2026-03-25T16:37:23.181+0900][53.640s][info][gc,heap     ] GC(28) Survivor regions: 2->1(1)
[2026-03-25T16:37:23.181+0900][53.640s][info][gc,heap     ] GC(28) Old regions: 17->17
[2026-03-25T16:37:23.181+0900][53.640s][info][gc,heap     ] GC(28) Archive regions: 0->0
[2026-03-25T16:37:23.181+0900][53.640s][info][gc,heap     ] GC(28) Humongous regions: 0->0
[2026-03-25T16:37:23.181+0900][53.640s][info][gc,metaspace] GC(28) Metaspace: 181K(384K)->181K(384K) NonClass: 170K(256K)->170K(256K) Class: 10K(128K)->10K(128K)
[2026-03-25T16:37:23.181+0900][53.640s][info][gc          ] GC(28) Pause Young (Concurrent Start) (G1 Evacuation Pause) 187M->133M(256M) 2.860ms
[2026-03-25T16:37:23.181+0900][53.640s][info][gc,cpu      ] GC(28) User=0.00s Sys=0.00s Real=0.00s
[2026-03-25T16:37:23.181+0900][53.640s][info][gc          ] GC(29) Concurrent Mark Cycle
[2026-03-25T16:37:23.181+0900][53.640s][info][gc,marking  ] GC(29) Concurrent Clear Claimed Marks
[2026-03-25T16:37:23.181+0900][53.640s][info][gc,marking  ] GC(29) Concurrent Clear Claimed Marks 0.011ms
[2026-03-25T16:37:23.181+0900][53.640s][info][gc,marking  ] GC(29) Concurrent Scan Root Regions
[2026-03-25T16:37:23.181+0900][53.640s][info][gc,marking  ] GC(29) Concurrent Scan Root Regions 0.032ms
[2026-03-25T16:37:23.181+0900][53.640s][info][gc,marking  ] GC(29) Concurrent Mark
[2026-03-25T16:37:23.181+0900][53.640s][info][gc,marking  ] GC(29) Concurrent Mark From Roots
[2026-03-25T16:37:23.181+0900][53.640s][info][gc,task     ] GC(29) Using 2 workers of 2 for marking
[2026-03-25T16:37:23.181+0900][53.641s][info][gc,marking  ] GC(29) Concurrent Mark From Roots 0.453ms
[2026-03-25T16:37:23.181+0900][53.641s][info][gc,marking  ] GC(29) Concurrent Preclean
[2026-03-25T16:37:23.181+0900][53.641s][info][gc,marking  ] GC(29) Concurrent Preclean 0.012ms
[2026-03-25T16:37:23.182+0900][53.641s][info][gc,start    ] GC(29) Pause Remark
[2026-03-25T16:37:23.182+0900][53.641s][info][gc          ] GC(29) Pause Remark 135M->27M(256M) 0.176ms
[2026-03-25T16:37:23.182+0900][53.641s][info][gc,cpu      ] GC(29) User=0.00s Sys=0.00s Real=0.00s
[2026-03-25T16:37:23.182+0900][53.641s][info][gc,marking  ] GC(29) Concurrent Mark 0.873ms
[2026-03-25T16:37:23.182+0900][53.641s][info][gc,marking  ] GC(29) Concurrent Rebuild Remembered Sets
[2026-03-25T16:37:23.182+0900][53.641s][info][gc,marking  ] GC(29) Concurrent Rebuild Remembered Sets 0.248ms
[2026-03-25T16:37:23.182+0900][53.641s][info][gc,start    ] GC(29) Pause Cleanup
[2026-03-25T16:37:23.182+0900][53.642s][info][gc          ] GC(29) Pause Cleanup 27M->27M(256M) 0.035ms
[2026-03-25T16:37:23.182+0900][53.642s][info][gc,cpu      ] GC(29) User=0.00s Sys=0.00s Real=0.00s
[2026-03-25T16:37:23.182+0900][53.642s][info][gc,marking  ] GC(29) Concurrent Cleanup for Next Mark
[2026-03-25T16:37:23.182+0900][53.642s][info][gc,marking  ] GC(29) Concurrent Cleanup for Next Mark 0.095ms
[2026-03-25T16:37:23.182+0900][53.642s][info][gc          ] GC(29) Concurrent Mark Cycle 1.488ms
[2026-03-25T16:37:24.757+0900][55.217s][info][gc,start    ] GC(30) Pause Young (Prepare Mixed) (G1 Evacuation Pause)
[2026-03-25T16:37:24.757+0900][55.217s][info][gc,task     ] GC(30) Using 8 workers of 8 for evacuation
[2026-03-25T16:37:24.759+0900][55.219s][info][gc,phases   ] GC(30)   Pre Evacuate Collection Set: 0.3ms
[2026-03-25T16:37:24.759+0900][55.219s][info][gc,phases   ] GC(30)   Merge Heap Roots: 0.1ms
[2026-03-25T16:37:24.759+0900][55.219s][info][gc,phases   ] GC(30)   Evacuate Collection Set: 0.7ms
[2026-03-25T16:37:24.759+0900][55.219s][info][gc,phases   ] GC(30)   Post Evacuate Collection Set: 0.5ms
[2026-03-25T16:37:24.759+0900][55.219s][info][gc,phases   ] GC(30)   Other: 0.1ms
[2026-03-25T16:37:24.759+0900][55.219s][info][gc,heap     ] GC(30) Eden regions: 6->0(1)
[2026-03-25T16:37:24.759+0900][55.219s][info][gc,heap     ] GC(30) Survivor regions: 1->1(1)
[2026-03-25T16:37:24.759+0900][55.219s][info][gc,heap     ] GC(30) Old regions: 3->4
[2026-03-25T16:37:24.759+0900][55.219s][info][gc,heap     ] GC(30) Archive regions: 0->0
[2026-03-25T16:37:24.759+0900][55.219s][info][gc,heap     ] GC(30) Humongous regions: 0->0
[2026-03-25T16:37:24.759+0900][55.220s][info][gc,metaspace] GC(30) Metaspace: 181K(384K)->181K(384K) NonClass: 170K(256K)->170K(256K) Class: 10K(128K)->10K(128K)
[2026-03-25T16:37:24.759+0900][55.220s][info][gc          ] GC(30) Pause Young (Prepare Mixed) (G1 Evacuation Pause) 71M->34M(256M) 2.561ms
[2026-03-25T16:37:24.760+0900][55.220s][info][gc,cpu      ] GC(30) User=0.00s Sys=0.00s Real=0.00s
[2026-03-25T16:37:25.021+0900][55.480s][info][gc,start    ] GC(31) Pause Young (Mixed) (G1 Evacuation Pause)
[2026-03-25T16:37:25.021+0900][55.480s][info][gc,task     ] GC(31) Using 8 workers of 8 for evacuation
[2026-03-25T16:37:25.022+0900][55.483s][info][gc,phases   ] GC(31)   Pre Evacuate Collection Set: 0.3ms
[2026-03-25T16:37:25.023+0900][55.483s][info][gc,phases   ] GC(31)   Merge Heap Roots: 0.2ms
[2026-03-25T16:37:25.023+0900][55.483s][info][gc,phases   ] GC(31)   Evacuate Collection Set: 0.8ms
[2026-03-25T16:37:25.023+0900][55.483s][info][gc,phases   ] GC(31)   Post Evacuate Collection Set: 0.8ms
[2026-03-25T16:37:25.023+0900][55.483s][info][gc,phases   ] GC(31)   Other: 0.1ms
[2026-03-25T16:37:25.023+0900][55.483s][info][gc,heap     ] GC(31) Eden regions: 1->0(15)
[2026-03-25T16:37:25.023+0900][55.483s][info][gc,heap     ] GC(31) Survivor regions: 1->1(1)
[2026-03-25T16:37:25.023+0900][55.483s][info][gc,heap     ] GC(31) Old regions: 4->3
[2026-03-25T16:37:25.023+0900][55.483s][info][gc,heap     ] GC(31) Archive regions: 0->0
[2026-03-25T16:37:25.023+0900][55.483s][info][gc,heap     ] GC(31) Humongous regions: 0->0
[2026-03-25T16:37:25.023+0900][55.483s][info][gc,metaspace] GC(31) Metaspace: 181K(384K)->181K(384K) NonClass: 170K(256K)->170K(256K) Class: 10K(128K)->10K(128K)
[2026-03-25T16:37:25.023+0900][55.483s][info][gc          ] GC(31) Pause Young (Mixed) (G1 Evacuation Pause) 42M->20M(256M) 2.950ms
[2026-03-25T16:37:25.023+0900][55.483s][info][gc,cpu      ] GC(31) User=0.00s Sys=0.00s Real=0.00s
[2026-03-25T16:37:29.005+0900][59.465s][info][gc,start    ] GC(32) Pause Young (Normal) (G1 Evacuation Pause)
[2026-03-25T16:37:29.005+0900][59.465s][info][gc,task     ] GC(32) Using 8 workers of 8 for evacuation
[2026-03-25T16:37:29.008+0900][59.468s][info][gc,phases   ] GC(32)   Pre Evacuate Collection Set: 0.3ms
[2026-03-25T16:37:29.008+0900][59.468s][info][gc,phases   ] GC(32)   Merge Heap Roots: 0.2ms
[2026-03-25T16:37:29.008+0900][59.468s][info][gc,phases   ] GC(32)   Evacuate Collection Set: 1.5ms
[2026-03-25T16:37:29.008+0900][59.468s][info][gc,phases   ] GC(32)   Post Evacuate Collection Set: 0.8ms
[2026-03-25T16:37:29.008+0900][59.468s][info][gc,phases   ] GC(32)   Other: 0.1ms
[2026-03-25T16:37:29.008+0900][59.468s][info][gc,heap     ] GC(32) Eden regions: 15->0(14)
[2026-03-25T16:37:29.008+0900][59.468s][info][gc,heap     ] GC(32) Survivor regions: 1->2(2)
[2026-03-25T16:37:29.008+0900][59.468s][info][gc,heap     ] GC(32) Old regions: 3->4
[2026-03-25T16:37:29.008+0900][59.468s][info][gc,heap     ] GC(32) Archive regions: 0->0
[2026-03-25T16:37:29.008+0900][59.468s][info][gc,heap     ] GC(32) Humongous regions: 0->0
[2026-03-25T16:37:29.008+0900][59.468s][info][gc,metaspace] GC(32) Metaspace: 181K(384K)->181K(384K) NonClass: 170K(256K)->170K(256K) Class: 10K(128K)->10K(128K)
[2026-03-25T16:37:29.009+0900][59.468s][info][gc          ] GC(32) Pause Young (Normal) (G1 Evacuation Pause) 138M->42M(256M) 3.603ms
[2026-03-25T16:37:29.009+0900][59.468s][info][gc,cpu      ] GC(32) User=0.00s Sys=0.00s Real=0.00s
[2026-03-25T16:37:32.585+0900][63.045s][info][gc,start    ] GC(33) Pause Young (Normal) (G1 Evacuation Pause)
[2026-03-25T16:37:32.585+0900][63.045s][info][gc,task     ] GC(33) Using 8 workers of 8 for evacuation
[2026-03-25T16:37:32.588+0900][63.049s][info][gc,phases   ] GC(33)   Pre Evacuate Collection Set: 0.3ms
[2026-03-25T16:37:32.588+0900][63.049s][info][gc,phases   ] GC(33)   Merge Heap Roots: 0.2ms
[2026-03-25T16:37:32.588+0900][63.049s][info][gc,phases   ] GC(33)   Evacuate Collection Set: 2.0ms
[2026-03-25T16:37:32.588+0900][63.049s][info][gc,phases   ] GC(33)   Post Evacuate Collection Set: 0.8ms
[2026-03-25T16:37:32.588+0900][63.049s][info][gc,phases   ] GC(33)   Other: 0.1ms
[2026-03-25T16:37:32.588+0900][63.049s][info][gc,heap     ] GC(33) Eden regions: 14->0(13)
[2026-03-25T16:37:32.589+0900][63.049s][info][gc,heap     ] GC(33) Survivor regions: 2->2(2)
[2026-03-25T16:37:32.589+0900][63.049s][info][gc,heap     ] GC(33) Old regions: 4->6
[2026-03-25T16:37:32.589+0900][63.049s][info][gc,heap     ] GC(33) Archive regions: 0->0
[2026-03-25T16:37:32.589+0900][63.049s][info][gc,heap     ] GC(33) Humongous regions: 0->0
[2026-03-25T16:37:32.589+0900][63.049s][info][gc,metaspace] GC(33) Metaspace: 181K(384K)->181K(384K) NonClass: 170K(256K)->170K(256K) Class: 10K(128K)->10K(128K)
[2026-03-25T16:37:32.589+0900][63.049s][info][gc          ] GC(33) Pause Young (Normal) (G1 Evacuation Pause) 152M->62M(256M) 4.104ms
[2026-03-25T16:37:32.589+0900][63.049s][info][gc,cpu      ] GC(33) User=0.00s Sys=0.00s Real=0.00s
[2026-03-25T16:37:35.958+0900][66.418s][info][gc,start    ] GC(34) Pause Young (Normal) (G1 Evacuation Pause)
[2026-03-25T16:37:35.958+0900][66.418s][info][gc,task     ] GC(34) Using 8 workers of 8 for evacuation
[2026-03-25T16:37:35.961+0900][66.422s][info][gc,phases   ] GC(34)   Pre Evacuate Collection Set: 0.3ms
[2026-03-25T16:37:35.962+0900][66.422s][info][gc,phases   ] GC(34)   Merge Heap Roots: 0.2ms
[2026-03-25T16:37:35.962+0900][66.422s][info][gc,phases   ] GC(34)   Evacuate Collection Set: 1.9ms
[2026-03-25T16:37:35.962+0900][66.422s][info][gc,phases   ] GC(34)   Post Evacuate Collection Set: 0.7ms
[2026-03-25T16:37:35.962+0900][66.422s][info][gc,phases   ] GC(34)   Other: 0.1ms
[2026-03-25T16:37:35.962+0900][66.422s][info][gc,heap     ] GC(34) Eden regions: 13->0(11)
[2026-03-25T16:37:35.962+0900][66.422s][info][gc,heap     ] GC(34) Survivor regions: 2->2(2)
[2026-03-25T16:37:35.962+0900][66.422s][info][gc,heap     ] GC(34) Old regions: 6->9
[2026-03-25T16:37:35.962+0900][66.422s][info][gc,heap     ] GC(34) Archive regions: 0->0
[2026-03-25T16:37:35.962+0900][66.422s][info][gc,heap     ] GC(34) Humongous regions: 0->0
[2026-03-25T16:37:35.962+0900][66.422s][info][gc,metaspace] GC(34) Metaspace: 181K(384K)->181K(384K) NonClass: 170K(256K)->170K(256K) Class: 10K(128K)->10K(128K)
[2026-03-25T16:37:35.962+0900][66.422s][info][gc          ] GC(34) Pause Young (Normal) (G1 Evacuation Pause) 164M->81M(256M) 3.813ms
[2026-03-25T16:37:35.962+0900][66.422s][info][gc,cpu      ] GC(34) User=0.00s Sys=0.02s Real=0.00s
[2026-03-25T16:37:38.845+0900][69.304s][info][gc,start    ] GC(35) Pause Young (Normal) (G1 Evacuation Pause)
[2026-03-25T16:37:38.845+0900][69.305s][info][gc,task     ] GC(35) Using 8 workers of 8 for evacuation
[2026-03-25T16:37:38.848+0900][69.307s][info][gc,phases   ] GC(35)   Pre Evacuate Collection Set: 0.2ms
[2026-03-25T16:37:38.848+0900][69.307s][info][gc,phases   ] GC(35)   Merge Heap Roots: 0.2ms
[2026-03-25T16:37:38.848+0900][69.307s][info][gc,phases   ] GC(35)   Evacuate Collection Set: 1.2ms
[2026-03-25T16:37:38.848+0900][69.307s][info][gc,phases   ] GC(35)   Post Evacuate Collection Set: 0.5ms
[2026-03-25T16:37:38.848+0900][69.307s][info][gc,phases   ] GC(35)   Other: 0.1ms
[2026-03-25T16:37:38.848+0900][69.307s][info][gc,heap     ] GC(35) Eden regions: 11->0(10)
[2026-03-25T16:37:38.848+0900][69.307s][info][gc,heap     ] GC(35) Survivor regions: 2->2(2)
[2026-03-25T16:37:38.848+0900][69.307s][info][gc,heap     ] GC(35) Old regions: 9->11
[2026-03-25T16:37:38.848+0900][69.307s][info][gc,heap     ] GC(35) Archive regions: 0->0
[2026-03-25T16:37:38.848+0900][69.307s][info][gc,heap     ] GC(35) Humongous regions: 0->0
[2026-03-25T16:37:38.848+0900][69.307s][info][gc,metaspace] GC(35) Metaspace: 181K(384K)->181K(384K) NonClass: 170K(256K)->170K(256K) Class: 10K(128K)->10K(128K)
[2026-03-25T16:37:38.848+0900][69.307s][info][gc          ] GC(35) Pause Young (Normal) (G1 Evacuation Pause) 167M->97M(256M) 2.575ms
[2026-03-25T16:37:38.848+0900][69.307s][info][gc,cpu      ] GC(35) User=0.00s Sys=0.00s Real=0.00s
[2026-03-25T16:37:41.468+0900][71.927s][info][gc,start    ] GC(36) Pause Young (Normal) (G1 Evacuation Pause)
[2026-03-25T16:37:41.468+0900][71.928s][info][gc,task     ] GC(36) Using 8 workers of 8 for evacuation
[2026-03-25T16:37:41.470+0900][71.930s][info][gc,phases   ] GC(36)   Pre Evacuate Collection Set: 0.2ms
[2026-03-25T16:37:41.470+0900][71.930s][info][gc,phases   ] GC(36)   Merge Heap Roots: 0.1ms
[2026-03-25T16:37:41.470+0900][71.930s][info][gc,phases   ] GC(36)   Evacuate Collection Set: 1.2ms
[2026-03-25T16:37:41.470+0900][71.930s][info][gc,phases   ] GC(36)   Post Evacuate Collection Set: 0.6ms
[2026-03-25T16:37:41.470+0900][71.930s][info][gc,phases   ] GC(36)   Other: 0.1ms
[2026-03-25T16:37:41.470+0900][71.930s][info][gc,heap     ] GC(36) Eden regions: 10->0(8)
[2026-03-25T16:37:41.470+0900][71.930s][info][gc,heap     ] GC(36) Survivor regions: 2->2(2)
[2026-03-25T16:37:41.470+0900][71.930s][info][gc,heap     ] GC(36) Old regions: 11->13
[2026-03-25T16:37:41.470+0900][71.930s][info][gc,heap     ] GC(36) Archive regions: 0->0
[2026-03-25T16:37:41.470+0900][71.930s][info][gc,heap     ] GC(36) Humongous regions: 0->0
[2026-03-25T16:37:41.470+0900][71.930s][info][gc,metaspace] GC(36) Metaspace: 181K(384K)->181K(384K) NonClass: 170K(256K)->170K(256K) Class: 10K(128K)->10K(128K)
[2026-03-25T16:37:41.470+0900][71.930s][info][gc          ] GC(36) Pause Young (Normal) (G1 Evacuation Pause) 175M->112M(256M) 2.637ms
[2026-03-25T16:37:41.470+0900][71.930s][info][gc,cpu      ] GC(36) User=0.00s Sys=0.00s Real=0.00s
[2026-03-25T16:37:43.582+0900][74.042s][info][gc,start    ] GC(37) Pause Young (Normal) (G1 Evacuation Pause)
[2026-03-25T16:37:43.582+0900][74.042s][info][gc,task     ] GC(37) Using 8 workers of 8 for evacuation
[2026-03-25T16:37:43.584+0900][74.044s][info][gc,phases   ] GC(37)   Pre Evacuate Collection Set: 0.1ms
[2026-03-25T16:37:43.584+0900][74.044s][info][gc,phases   ] GC(37)   Merge Heap Roots: 0.1ms
[2026-03-25T16:37:43.584+0900][74.044s][info][gc,phases   ] GC(37)   Evacuate Collection Set: 1.5ms
[2026-03-25T16:37:43.584+0900][74.044s][info][gc,phases   ] GC(37)   Post Evacuate Collection Set: 0.6ms
[2026-03-25T16:37:43.584+0900][74.044s][info][gc,phases   ] GC(37)   Other: 0.1ms
[2026-03-25T16:37:43.585+0900][74.044s][info][gc,heap     ] GC(37) Eden regions: 8->0(7)
[2026-03-25T16:37:43.585+0900][74.044s][info][gc,heap     ] GC(37) Survivor regions: 2->2(2)
[2026-03-25T16:37:43.585+0900][74.044s][info][gc,heap     ] GC(37) Old regions: 13->15
[2026-03-25T16:37:43.585+0900][74.044s][info][gc,heap     ] GC(37) Archive regions: 0->0
[2026-03-25T16:37:43.585+0900][74.044s][info][gc,heap     ] GC(37) Humongous regions: 0->0
[2026-03-25T16:37:43.585+0900][74.045s][info][gc,metaspace] GC(37) Metaspace: 181K(384K)->181K(384K) NonClass: 170K(256K)->170K(256K) Class: 10K(128K)->10K(128K)
[2026-03-25T16:37:43.585+0900][74.045s][info][gc          ] GC(37) Pause Young (Normal) (G1 Evacuation Pause) 175M->124M(256M) 2.847ms
[2026-03-25T16:37:43.585+0900][74.045s][info][gc,cpu      ] GC(37) User=0.00s Sys=0.00s Real=0.00s
[2026-03-25T16:37:45.424+0900][75.884s][info][gc,start    ] GC(38) Pause Young (Normal) (G1 Evacuation Pause)
[2026-03-25T16:37:45.424+0900][75.884s][info][gc,task     ] GC(38) Using 8 workers of 8 for evacuation
[2026-03-25T16:37:45.426+0900][75.887s][info][gc,phases   ] GC(38)   Pre Evacuate Collection Set: 0.2ms
[2026-03-25T16:37:45.426+0900][75.887s][info][gc,phases   ] GC(38)   Merge Heap Roots: 0.2ms
[2026-03-25T16:37:45.426+0900][75.887s][info][gc,phases   ] GC(38)   Evacuate Collection Set: 1.2ms
[2026-03-25T16:37:45.426+0900][75.887s][info][gc,phases   ] GC(38)   Post Evacuate Collection Set: 0.8ms
[2026-03-25T16:37:45.426+0900][75.887s][info][gc,phases   ] GC(38)   Other: 0.1ms
[2026-03-25T16:37:45.427+0900][75.887s][info][gc,heap     ] GC(38) Eden regions: 7->0(6)
[2026-03-25T16:37:45.427+0900][75.887s][info][gc,heap     ] GC(38) Survivor regions: 2->2(2)
[2026-03-25T16:37:45.427+0900][75.887s][info][gc,heap     ] GC(38) Old regions: 15->16
[2026-03-25T16:37:45.427+0900][75.887s][info][gc,heap     ] GC(38) Archive regions: 0->0
[2026-03-25T16:37:45.427+0900][75.887s][info][gc,heap     ] GC(38) Humongous regions: 0->0
[2026-03-25T16:37:45.427+0900][75.887s][info][gc,metaspace] GC(38) Metaspace: 181K(384K)->181K(384K) NonClass: 170K(256K)->170K(256K) Class: 10K(128K)->10K(128K)
[2026-03-25T16:37:45.427+0900][75.887s][info][gc          ] GC(38) Pause Young (Normal) (G1 Evacuation Pause) 178M->134M(256M) 3.319ms
[2026-03-25T16:37:45.427+0900][75.887s][info][gc,cpu      ] GC(38) User=0.00s Sys=0.00s Real=0.00s
[2026-03-25T16:37:47.016+0900][77.475s][info][gc,start    ] GC(39) Pause Young (Normal) (G1 Evacuation Pause)
[2026-03-25T16:37:47.016+0900][77.475s][info][gc,task     ] GC(39) Using 8 workers of 8 for evacuation
[2026-03-25T16:37:47.018+0900][77.478s][info][gc,phases   ] GC(39)   Pre Evacuate Collection Set: 0.2ms
[2026-03-25T16:37:47.018+0900][77.478s][info][gc,phases   ] GC(39)   Merge Heap Roots: 0.2ms
[2026-03-25T16:37:47.018+0900][77.478s][info][gc,phases   ] GC(39)   Evacuate Collection Set: 1.2ms
[2026-03-25T16:37:47.018+0900][77.478s][info][gc,phases   ] GC(39)   Post Evacuate Collection Set: 0.9ms
[2026-03-25T16:37:47.019+0900][77.478s][info][gc,phases   ] GC(39)   Other: 0.1ms
[2026-03-25T16:37:47.019+0900][77.478s][info][gc,heap     ] GC(39) Eden regions: 6->0(6)
[2026-03-25T16:37:47.019+0900][77.478s][info][gc,heap     ] GC(39) Survivor regions: 2->1(1)
[2026-03-25T16:37:47.019+0900][77.478s][info][gc,heap     ] GC(39) Old regions: 16->17
[2026-03-25T16:37:47.019+0900][77.479s][info][gc,heap     ] GC(39) Archive regions: 0->0
[2026-03-25T16:37:47.019+0900][77.479s][info][gc,heap     ] GC(39) Humongous regions: 0->0
[2026-03-25T16:37:47.019+0900][77.479s][info][gc,metaspace] GC(39) Metaspace: 181K(384K)->181K(384K) NonClass: 170K(256K)->170K(256K) Class: 10K(128K)->10K(128K)
[2026-03-25T16:37:47.019+0900][77.479s][info][gc          ] GC(39) Pause Young (Normal) (G1 Evacuation Pause) 180M->143M(256M) 3.380ms
[2026-03-25T16:37:47.019+0900][77.479s][info][gc,cpu      ] GC(39) User=0.00s Sys=0.00s Real=0.00s
[2026-03-25T16:37:48.588+0900][79.047s][info][gc,start    ] GC(40) Pause Young (Normal) (G1 Evacuation Pause)
[2026-03-25T16:37:48.588+0900][79.047s][info][gc,task     ] GC(40) Using 8 workers of 8 for evacuation
[2026-03-25T16:37:48.590+0900][79.050s][info][gc,phases   ] GC(40)   Pre Evacuate Collection Set: 0.2ms
[2026-03-25T16:37:48.590+0900][79.050s][info][gc,phases   ] GC(40)   Merge Heap Roots: 0.2ms
[2026-03-25T16:37:48.590+0900][79.050s][info][gc,phases   ] GC(40)   Evacuate Collection Set: 1.1ms
[2026-03-25T16:37:48.590+0900][79.050s][info][gc,phases   ] GC(40)   Post Evacuate Collection Set: 0.8ms
[2026-03-25T16:37:48.590+0900][79.050s][info][gc,phases   ] GC(40)   Other: 0.1ms
[2026-03-25T16:37:48.590+0900][79.050s][info][gc,heap     ] GC(40) Eden regions: 6->0(5)
[2026-03-25T16:37:48.590+0900][79.050s][info][gc,heap     ] GC(40) Survivor regions: 1->1(1)
[2026-03-25T16:37:48.590+0900][79.050s][info][gc,heap     ] GC(40) Old regions: 17->19
[2026-03-25T16:37:48.591+0900][79.050s][info][gc,heap     ] GC(40) Archive regions: 0->0
[2026-03-25T16:37:48.591+0900][79.050s][info][gc,heap     ] GC(40) Humongous regions: 0->0
[2026-03-25T16:37:48.591+0900][79.050s][info][gc,metaspace] GC(40) Metaspace: 181K(384K)->181K(384K) NonClass: 170K(256K)->170K(256K) Class: 10K(128K)->10K(128K)
[2026-03-25T16:37:48.591+0900][79.050s][info][gc          ] GC(40) Pause Young (Normal) (G1 Evacuation Pause) 189M->152M(256M) 3.098ms
[2026-03-25T16:37:48.591+0900][79.050s][info][gc,cpu      ] GC(40) User=0.00s Sys=0.00s Real=0.00s
[2026-03-25T16:37:49.931+0900][80.391s][info][gc,start    ] GC(41) Pause Young (Normal) (G1 Evacuation Pause)
[2026-03-25T16:37:49.931+0900][80.391s][info][gc,task     ] GC(41) Using 8 workers of 8 for evacuation
[2026-03-25T16:37:49.934+0900][80.393s][info][gc,phases   ] GC(41)   Pre Evacuate Collection Set: 0.2ms
[2026-03-25T16:37:49.934+0900][80.393s][info][gc,phases   ] GC(41)   Merge Heap Roots: 0.2ms
[2026-03-25T16:37:49.934+0900][80.393s][info][gc,phases   ] GC(41)   Evacuate Collection Set: 0.6ms
[2026-03-25T16:37:49.934+0900][80.393s][info][gc,phases   ] GC(41)   Post Evacuate Collection Set: 0.7ms
[2026-03-25T16:37:49.934+0900][80.393s][info][gc,phases   ] GC(41)   Other: 0.1ms
[2026-03-25T16:37:49.934+0900][80.393s][info][gc,heap     ] GC(41) Eden regions: 5->0(5)
[2026-03-25T16:37:49.934+0900][80.393s][info][gc,heap     ] GC(41) Survivor regions: 1->1(1)
[2026-03-25T16:37:49.934+0900][80.393s][info][gc,heap     ] GC(41) Old regions: 19->19
[2026-03-25T16:37:49.934+0900][80.393s][info][gc,heap     ] GC(41) Archive regions: 0->0
[2026-03-25T16:37:49.934+0900][80.393s][info][gc,heap     ] GC(41) Humongous regions: 0->0
[2026-03-25T16:37:49.934+0900][80.393s][info][gc,metaspace] GC(41) Metaspace: 181K(384K)->181K(384K) NonClass: 170K(256K)->170K(256K) Class: 10K(128K)->10K(128K)
[2026-03-25T16:37:49.934+0900][80.393s][info][gc          ] GC(41) Pause Young (Normal) (G1 Evacuation Pause) 190M->148M(256M) 2.326ms
[2026-03-25T16:37:49.934+0900][80.393s][info][gc,cpu      ] GC(41) User=0.00s Sys=0.00s Real=0.00s
[2026-03-25T16:37:51.262+0900][81.721s][info][gc,start    ] GC(42) Pause Young (Normal) (G1 Evacuation Pause)
[2026-03-25T16:37:51.262+0900][81.722s][info][gc,task     ] GC(42) Using 8 workers of 8 for evacuation
[2026-03-25T16:37:51.265+0900][81.724s][info][gc,phases   ] GC(42)   Pre Evacuate Collection Set: 0.2ms
[2026-03-25T16:37:51.265+0900][81.724s][info][gc,phases   ] GC(42)   Merge Heap Roots: 0.2ms
[2026-03-25T16:37:51.265+0900][81.724s][info][gc,phases   ] GC(42)   Evacuate Collection Set: 0.9ms
[2026-03-25T16:37:51.265+0900][81.724s][info][gc,phases   ] GC(42)   Post Evacuate Collection Set: 0.9ms
[2026-03-25T16:37:51.265+0900][81.724s][info][gc,phases   ] GC(42)   Other: 0.2ms
[2026-03-25T16:37:51.265+0900][81.724s][info][gc,heap     ] GC(42) Eden regions: 5->0(5)
[2026-03-25T16:37:51.265+0900][81.724s][info][gc,heap     ] GC(42) Survivor regions: 1->1(1)
[2026-03-25T16:37:51.265+0900][81.724s][info][gc,heap     ] GC(42) Old regions: 19->19
[2026-03-25T16:37:51.265+0900][81.724s][info][gc,heap     ] GC(42) Archive regions: 0->0
[2026-03-25T16:37:51.265+0900][81.724s][info][gc,heap     ] GC(42) Humongous regions: 0->0
[2026-03-25T16:37:51.265+0900][81.724s][info][gc,metaspace] GC(42) Metaspace: 181K(384K)->181K(384K) NonClass: 170K(256K)->170K(256K) Class: 10K(128K)->10K(128K)
[2026-03-25T16:37:51.265+0900][81.724s][info][gc          ] GC(42) Pause Young (Normal) (G1 Evacuation Pause) 186M->155M(256M) 3.029ms
[2026-03-25T16:37:51.265+0900][81.724s][info][gc,cpu      ] GC(42) User=0.00s Sys=0.00s Real=0.00s
[2026-03-25T16:37:52.593+0900][83.053s][info][gc,start    ] GC(43) Pause Young (Normal) (G1 Evacuation Pause)
[2026-03-25T16:37:52.593+0900][83.053s][info][gc,task     ] GC(43) Using 8 workers of 8 for evacuation
[2026-03-25T16:37:52.595+0900][83.055s][info][gc,phases   ] GC(43)   Pre Evacuate Collection Set: 0.2ms
[2026-03-25T16:37:52.595+0900][83.055s][info][gc,phases   ] GC(43)   Merge Heap Roots: 0.1ms
[2026-03-25T16:37:52.595+0900][83.055s][info][gc,phases   ] GC(43)   Evacuate Collection Set: 0.6ms
[2026-03-25T16:37:52.595+0900][83.055s][info][gc,phases   ] GC(43)   Post Evacuate Collection Set: 0.5ms
[2026-03-25T16:37:52.595+0900][83.055s][info][gc,phases   ] GC(43)   Other: 0.1ms
[2026-03-25T16:37:52.595+0900][83.055s][info][gc,heap     ] GC(43) Eden regions: 5->0(4)
[2026-03-25T16:37:52.595+0900][83.055s][info][gc,heap     ] GC(43) Survivor regions: 1->1(1)
[2026-03-25T16:37:52.595+0900][83.055s][info][gc,heap     ] GC(43) Old regions: 19->20
[2026-03-25T16:37:52.595+0900][83.055s][info][gc,heap     ] GC(43) Archive regions: 0->0
[2026-03-25T16:37:52.595+0900][83.055s][info][gc,heap     ] GC(43) Humongous regions: 0->0
[2026-03-25T16:37:52.595+0900][83.055s][info][gc,metaspace] GC(43) Metaspace: 181K(384K)->181K(384K) NonClass: 170K(256K)->170K(256K) Class: 10K(128K)->10K(128K)
[2026-03-25T16:37:52.595+0900][83.055s][info][gc          ] GC(43) Pause Young (Normal) (G1 Evacuation Pause) 193M->163M(256M) 1.931ms
[2026-03-25T16:37:52.595+0900][83.055s][info][gc,cpu      ] GC(43) User=0.00s Sys=0.00s Real=0.00s
[2026-03-25T16:37:53.652+0900][84.111s][info][gc,start    ] GC(44) Pause Young (Normal) (G1 Evacuation Pause)
[2026-03-25T16:37:53.652+0900][84.111s][info][gc,task     ] GC(44) Using 8 workers of 8 for evacuation
[2026-03-25T16:37:53.654+0900][84.114s][info][gc,phases   ] GC(44)   Pre Evacuate Collection Set: 0.2ms
[2026-03-25T16:37:53.654+0900][84.114s][info][gc,phases   ] GC(44)   Merge Heap Roots: 0.2ms
[2026-03-25T16:37:53.654+0900][84.114s][info][gc,phases   ] GC(44)   Evacuate Collection Set: 1.0ms
[2026-03-25T16:37:53.654+0900][84.114s][info][gc,phases   ] GC(44)   Post Evacuate Collection Set: 0.9ms
[2026-03-25T16:37:53.654+0900][84.114s][info][gc,phases   ] GC(44)   Other: 0.1ms
[2026-03-25T16:37:53.654+0900][84.114s][info][gc,heap     ] GC(44) Eden regions: 4->0(3)
[2026-03-25T16:37:53.654+0900][84.114s][info][gc,heap     ] GC(44) Survivor regions: 1->1(1)
[2026-03-25T16:37:53.654+0900][84.114s][info][gc,heap     ] GC(44) Old regions: 20->21
[2026-03-25T16:37:53.654+0900][84.114s][info][gc,heap     ] GC(44) Archive regions: 0->0
[2026-03-25T16:37:53.654+0900][84.114s][info][gc,heap     ] GC(44) Humongous regions: 0->0
[2026-03-25T16:37:53.654+0900][84.114s][info][gc,metaspace] GC(44) Metaspace: 181K(384K)->181K(384K) NonClass: 170K(256K)->170K(256K) Class: 10K(128K)->10K(128K)
[2026-03-25T16:37:53.654+0900][84.114s][info][gc          ] GC(44) Pause Young (Normal) (G1 Evacuation Pause) 193M->169M(256M) 3.145ms
[2026-03-25T16:37:53.654+0900][84.114s][info][gc,cpu      ] GC(44) User=0.00s Sys=0.00s Real=0.00s
[2026-03-25T16:37:54.465+0900][84.924s][info][gc,start    ] GC(45) Pause Young (Normal) (G1 Evacuation Pause)
[2026-03-25T16:37:54.465+0900][84.924s][info][gc,task     ] GC(45) Using 8 workers of 8 for evacuation
[2026-03-25T16:37:54.467+0900][84.927s][info][gc,phases   ] GC(45)   Pre Evacuate Collection Set: 0.2ms
[2026-03-25T16:37:54.467+0900][84.927s][info][gc,phases   ] GC(45)   Merge Heap Roots: 0.2ms
[2026-03-25T16:37:54.467+0900][84.927s][info][gc,phases   ] GC(45)   Evacuate Collection Set: 1.0ms
[2026-03-25T16:37:54.467+0900][84.927s][info][gc,phases   ] GC(45)   Post Evacuate Collection Set: 0.5ms
[2026-03-25T16:37:54.467+0900][84.927s][info][gc,phases   ] GC(45)   Other: 0.1ms
[2026-03-25T16:37:54.467+0900][84.927s][info][gc,heap     ] GC(45) Eden regions: 3->0(3)
[2026-03-25T16:37:54.467+0900][84.927s][info][gc,heap     ] GC(45) Survivor regions: 1->1(1)
[2026-03-25T16:37:54.467+0900][84.927s][info][gc,heap     ] GC(45) Old regions: 21->22
[2026-03-25T16:37:54.467+0900][84.927s][info][gc,heap     ] GC(45) Archive regions: 0->0
[2026-03-25T16:37:54.467+0900][84.927s][info][gc,heap     ] GC(45) Humongous regions: 0->0
[2026-03-25T16:37:54.467+0900][84.927s][info][gc,metaspace] GC(45) Metaspace: 181K(384K)->181K(384K) NonClass: 170K(256K)->170K(256K) Class: 10K(128K)->10K(128K)
[2026-03-25T16:37:54.467+0900][84.927s][info][gc          ] GC(45) Pause Young (Normal) (G1 Evacuation Pause) 191M->173M(256M) 2.711ms
[2026-03-25T16:37:54.467+0900][84.927s][info][gc,cpu      ] GC(45) User=0.00s Sys=0.00s Real=0.00s
[2026-03-25T16:37:55.246+0900][85.705s][info][gc,start    ] GC(46) Pause Young (Normal) (G1 Evacuation Pause)
[2026-03-25T16:37:55.246+0900][85.705s][info][gc,task     ] GC(46) Using 8 workers of 8 for evacuation
[2026-03-25T16:37:55.248+0900][85.707s][info][gc,phases   ] GC(46)   Pre Evacuate Collection Set: 0.2ms
[2026-03-25T16:37:55.248+0900][85.707s][info][gc,phases   ] GC(46)   Merge Heap Roots: 0.2ms
[2026-03-25T16:37:55.248+0900][85.707s][info][gc,phases   ] GC(46)   Evacuate Collection Set: 0.6ms
[2026-03-25T16:37:55.248+0900][85.707s][info][gc,phases   ] GC(46)   Post Evacuate Collection Set: 0.8ms
[2026-03-25T16:37:55.248+0900][85.707s][info][gc,phases   ] GC(46)   Other: 0.1ms
[2026-03-25T16:37:55.248+0900][85.707s][info][gc,heap     ] GC(46) Eden regions: 3->0(3)
[2026-03-25T16:37:55.248+0900][85.707s][info][gc,heap     ] GC(46) Survivor regions: 1->1(1)
[2026-03-25T16:37:55.248+0900][85.708s][info][gc,heap     ] GC(46) Old regions: 22->22
[2026-03-25T16:37:55.248+0900][85.708s][info][gc,heap     ] GC(46) Archive regions: 0->0
[2026-03-25T16:37:55.248+0900][85.708s][info][gc,heap     ] GC(46) Humongous regions: 0->0
[2026-03-25T16:37:55.248+0900][85.708s][info][gc,metaspace] GC(46) Metaspace: 181K(384K)->181K(384K) NonClass: 170K(256K)->170K(256K) Class: 10K(128K)->10K(128K)
[2026-03-25T16:37:55.248+0900][85.708s][info][gc          ] GC(46) Pause Young (Normal) (G1 Evacuation Pause) 196M->178M(256M) 2.634ms
[2026-03-25T16:37:55.248+0900][85.708s][info][gc,cpu      ] GC(46) User=0.00s Sys=0.00s Real=0.00s
[2026-03-25T16:37:56.061+0900][86.521s][info][gc,start    ] GC(47) Pause Young (Normal) (G1 Evacuation Pause)
[2026-03-25T16:37:56.061+0900][86.521s][info][gc,task     ] GC(47) Using 8 workers of 8 for evacuation
[2026-03-25T16:37:56.063+0900][86.523s][info][gc,phases   ] GC(47)   Pre Evacuate Collection Set: 0.1ms
[2026-03-25T16:37:56.063+0900][86.523s][info][gc,phases   ] GC(47)   Merge Heap Roots: 0.1ms
[2026-03-25T16:37:56.063+0900][86.523s][info][gc,phases   ] GC(47)   Evacuate Collection Set: 0.7ms
[2026-03-25T16:37:56.063+0900][86.523s][info][gc,phases   ] GC(47)   Post Evacuate Collection Set: 0.8ms
[2026-03-25T16:37:56.063+0900][86.523s][info][gc,phases   ] GC(47)   Other: 0.1ms
[2026-03-25T16:37:56.063+0900][86.523s][info][gc,heap     ] GC(47) Eden regions: 3->0(2)
[2026-03-25T16:37:56.063+0900][86.523s][info][gc,heap     ] GC(47) Survivor regions: 1->1(1)
[2026-03-25T16:37:56.063+0900][86.523s][info][gc,heap     ] GC(47) Old regions: 22->23
[2026-03-25T16:37:56.063+0900][86.523s][info][gc,heap     ] GC(47) Archive regions: 0->0
[2026-03-25T16:37:56.063+0900][86.524s][info][gc,heap     ] GC(47) Humongous regions: 0->0
[2026-03-25T16:37:56.063+0900][86.524s][info][gc,metaspace] GC(47) Metaspace: 181K(384K)->181K(384K) NonClass: 170K(256K)->170K(256K) Class: 10K(128K)->10K(128K)
[2026-03-25T16:37:56.064+0900][86.524s][info][gc          ] GC(47) Pause Young (Normal) (G1 Evacuation Pause) 200M->182M(256M) 2.556ms
[2026-03-25T16:37:56.064+0900][86.524s][info][gc,cpu      ] GC(47) User=0.00s Sys=0.00s Real=0.00s
[2026-03-25T16:37:56.580+0900][87.040s][info][gc,start    ] GC(48) Pause Young (Normal) (G1 Evacuation Pause)
[2026-03-25T16:37:56.580+0900][87.040s][info][gc,task     ] GC(48) Using 8 workers of 8 for evacuation
[2026-03-25T16:37:56.582+0900][87.042s][info][gc,phases   ] GC(48)   Pre Evacuate Collection Set: 0.2ms
[2026-03-25T16:37:56.582+0900][87.042s][info][gc,phases   ] GC(48)   Merge Heap Roots: 0.1ms
[2026-03-25T16:37:56.582+0900][87.042s][info][gc,phases   ] GC(48)   Evacuate Collection Set: 0.6ms
[2026-03-25T16:37:56.582+0900][87.042s][info][gc,phases   ] GC(48)   Post Evacuate Collection Set: 0.8ms
[2026-03-25T16:37:56.582+0900][87.042s][info][gc,phases   ] GC(48)   Other: 0.1ms
[2026-03-25T16:37:56.582+0900][87.042s][info][gc,heap     ] GC(48) Eden regions: 2->0(2)
[2026-03-25T16:37:56.582+0900][87.042s][info][gc,heap     ] GC(48) Survivor regions: 1->1(1)
[2026-03-25T16:37:56.582+0900][87.042s][info][gc,heap     ] GC(48) Old regions: 23->23
[2026-03-25T16:37:56.582+0900][87.042s][info][gc,heap     ] GC(48) Archive regions: 0->0
[2026-03-25T16:37:56.582+0900][87.042s][info][gc,heap     ] GC(48) Humongous regions: 0->0
[2026-03-25T16:37:56.582+0900][87.043s][info][gc,metaspace] GC(48) Metaspace: 181K(384K)->181K(384K) NonClass: 170K(256K)->170K(256K) Class: 10K(128K)->10K(128K)
[2026-03-25T16:37:56.582+0900][87.043s][info][gc          ] GC(48) Pause Young (Normal) (G1 Evacuation Pause) 197M->185M(256M) 2.586ms
[2026-03-25T16:37:56.582+0900][87.043s][info][gc,cpu      ] GC(48) User=0.00s Sys=0.00s Real=0.00s
[2026-03-25T16:37:57.107+0900][87.566s][info][gc,start    ] GC(49) Pause Young (Normal) (G1 Evacuation Pause)
[2026-03-25T16:37:57.107+0900][87.566s][info][gc,task     ] GC(49) Using 8 workers of 8 for evacuation
[2026-03-25T16:37:57.109+0900][87.568s][info][gc,phases   ] GC(49)   Pre Evacuate Collection Set: 0.2ms
[2026-03-25T16:37:57.109+0900][87.568s][info][gc,phases   ] GC(49)   Merge Heap Roots: 0.2ms
[2026-03-25T16:37:57.109+0900][87.568s][info][gc,phases   ] GC(49)   Evacuate Collection Set: 0.7ms
[2026-03-25T16:37:57.109+0900][87.568s][info][gc,phases   ] GC(49)   Post Evacuate Collection Set: 0.7ms
[2026-03-25T16:37:57.109+0900][87.569s][info][gc,phases   ] GC(49)   Other: 0.1ms
[2026-03-25T16:37:57.109+0900][87.569s][info][gc,heap     ] GC(49) Eden regions: 2->0(2)
[2026-03-25T16:37:57.109+0900][87.569s][info][gc,heap     ] GC(49) Survivor regions: 1->1(1)
[2026-03-25T16:37:57.109+0900][87.569s][info][gc,heap     ] GC(49) Old regions: 23->23
[2026-03-25T16:37:57.109+0900][87.569s][info][gc,heap     ] GC(49) Archive regions: 0->0
[2026-03-25T16:37:57.109+0900][87.569s][info][gc,heap     ] GC(49) Humongous regions: 0->0
[2026-03-25T16:37:57.109+0900][87.569s][info][gc,metaspace] GC(49) Metaspace: 181K(384K)->181K(384K) NonClass: 170K(256K)->170K(256K) Class: 10K(128K)->10K(128K)
[2026-03-25T16:37:57.109+0900][87.569s][info][gc          ] GC(49) Pause Young (Normal) (G1 Evacuation Pause) 200M->188M(256M) 2.645ms
[2026-03-25T16:37:57.110+0900][87.569s][info][gc,cpu      ] GC(49) User=0.00s Sys=0.00s Real=0.00s
[2026-03-25T16:37:57.623+0900][88.083s][info][gc,start    ] GC(50) Pause Young (Normal) (G1 Evacuation Pause)
[2026-03-25T16:37:57.623+0900][88.083s][info][gc,task     ] GC(50) Using 8 workers of 8 for evacuation
[2026-03-25T16:37:57.625+0900][88.084s][info][gc,phases   ] GC(50)   Pre Evacuate Collection Set: 0.2ms
[2026-03-25T16:37:57.625+0900][88.084s][info][gc,phases   ] GC(50)   Merge Heap Roots: 0.1ms
[2026-03-25T16:37:57.625+0900][88.084s][info][gc,phases   ] GC(50)   Evacuate Collection Set: 0.6ms
[2026-03-25T16:37:57.625+0900][88.084s][info][gc,phases   ] GC(50)   Post Evacuate Collection Set: 0.7ms
[2026-03-25T16:37:57.625+0900][88.084s][info][gc,phases   ] GC(50)   Other: 0.1ms
[2026-03-25T16:37:57.625+0900][88.085s][info][gc,heap     ] GC(50) Eden regions: 2->0(1)
[2026-03-25T16:37:57.625+0900][88.085s][info][gc,heap     ] GC(50) Survivor regions: 1->1(1)
[2026-03-25T16:37:57.625+0900][88.085s][info][gc,heap     ] GC(50) Old regions: 23->24
[2026-03-25T16:37:57.625+0900][88.085s][info][gc,heap     ] GC(50) Archive regions: 0->0
[2026-03-25T16:37:57.625+0900][88.085s][info][gc,heap     ] GC(50) Humongous regions: 0->0
[2026-03-25T16:37:57.625+0900][88.085s][info][gc,metaspace] GC(50) Metaspace: 181K(384K)->181K(384K) NonClass: 170K(256K)->170K(256K) Class: 10K(128K)->10K(128K)
[2026-03-25T16:37:57.625+0900][88.085s][info][gc          ] GC(50) Pause Young (Normal) (G1 Evacuation Pause) 203M->191M(256M) 2.174ms
[2026-03-25T16:37:57.625+0900][88.085s][info][gc,cpu      ] GC(50) User=0.00s Sys=0.00s Real=0.00s
[2026-03-25T16:37:57.889+0900][88.348s][info][gc,start    ] GC(51) Pause Young (Normal) (G1 Evacuation Pause)
[2026-03-25T16:37:57.889+0900][88.349s][info][gc,task     ] GC(51) Using 8 workers of 8 for evacuation
[2026-03-25T16:37:57.891+0900][88.351s][info][gc,phases   ] GC(51)   Pre Evacuate Collection Set: 0.3ms
[2026-03-25T16:37:57.891+0900][88.351s][info][gc,phases   ] GC(51)   Merge Heap Roots: 0.2ms
[2026-03-25T16:37:57.891+0900][88.351s][info][gc,phases   ] GC(51)   Evacuate Collection Set: 0.6ms
[2026-03-25T16:37:57.891+0900][88.351s][info][gc,phases   ] GC(51)   Post Evacuate Collection Set: 0.9ms
[2026-03-25T16:37:57.891+0900][88.351s][info][gc,phases   ] GC(51)   Other: 0.1ms
[2026-03-25T16:37:57.891+0900][88.351s][info][gc,heap     ] GC(51) Eden regions: 1->0(1)
[2026-03-25T16:37:57.891+0900][88.351s][info][gc,heap     ] GC(51) Survivor regions: 1->1(1)
[2026-03-25T16:37:57.891+0900][88.351s][info][gc,heap     ] GC(51) Old regions: 24->24
[2026-03-25T16:37:57.891+0900][88.351s][info][gc,heap     ] GC(51) Archive regions: 0->0
[2026-03-25T16:37:57.891+0900][88.351s][info][gc,heap     ] GC(51) Humongous regions: 0->0
[2026-03-25T16:37:57.892+0900][88.351s][info][gc,metaspace] GC(51) Metaspace: 181K(384K)->181K(384K) NonClass: 170K(256K)->170K(256K) Class: 10K(128K)->10K(128K)
[2026-03-25T16:37:57.892+0900][88.351s][info][gc          ] GC(51) Pause Young (Normal) (G1 Evacuation Pause) 198M->192M(256M) 2.759ms
[2026-03-25T16:37:57.892+0900][88.351s][info][gc,cpu      ] GC(51) User=0.00s Sys=0.00s Real=0.00s
[2026-03-25T16:37:58.145+0900][88.605s][info][gc,start    ] GC(52) Pause Young (Normal) (G1 Evacuation Pause)
[2026-03-25T16:37:58.145+0900][88.605s][info][gc,task     ] GC(52) Using 8 workers of 8 for evacuation
[2026-03-25T16:37:58.148+0900][88.607s][info][gc,phases   ] GC(52)   Pre Evacuate Collection Set: 0.3ms
[2026-03-25T16:37:58.148+0900][88.607s][info][gc,phases   ] GC(52)   Merge Heap Roots: 0.2ms
[2026-03-25T16:37:58.148+0900][88.607s][info][gc,phases   ] GC(52)   Evacuate Collection Set: 0.8ms
[2026-03-25T16:37:58.148+0900][88.607s][info][gc,phases   ] GC(52)   Post Evacuate Collection Set: 0.9ms
[2026-03-25T16:37:58.148+0900][88.607s][info][gc,phases   ] GC(52)   Other: 0.1ms
[2026-03-25T16:37:58.148+0900][88.608s][info][gc,heap     ] GC(52) Eden regions: 1->0(1)
[2026-03-25T16:37:58.148+0900][88.608s][info][gc,heap     ] GC(52) Survivor regions: 1->1(1)
[2026-03-25T16:37:58.148+0900][88.608s][info][gc,heap     ] GC(52) Old regions: 24->24
[2026-03-25T16:37:58.148+0900][88.608s][info][gc,heap     ] GC(52) Archive regions: 0->0
[2026-03-25T16:37:58.148+0900][88.608s][info][gc,heap     ] GC(52) Humongous regions: 0->0
[2026-03-25T16:37:58.148+0900][88.608s][info][gc,metaspace] GC(52) Metaspace: 181K(384K)->181K(384K) NonClass: 170K(256K)->170K(256K) Class: 10K(128K)->10K(128K)
[2026-03-25T16:37:58.148+0900][88.608s][info][gc          ] GC(52) Pause Young (Normal) (G1 Evacuation Pause) 200M->194M(256M) 2.789ms
[2026-03-25T16:37:58.148+0900][88.608s][info][gc,cpu      ] GC(52) User=0.00s Sys=0.00s Real=0.00s
[2026-03-25T16:37:58.414+0900][88.873s][info][gc,start    ] GC(53) Pause Young (Normal) (G1 Evacuation Pause)
[2026-03-25T16:37:58.414+0900][88.874s][info][gc,task     ] GC(53) Using 8 workers of 8 for evacuation
[2026-03-25T16:37:58.415+0900][88.875s][info][gc,phases   ] GC(53)   Pre Evacuate Collection Set: 0.2ms
[2026-03-25T16:37:58.415+0900][88.875s][info][gc,phases   ] GC(53)   Merge Heap Roots: 0.1ms
[2026-03-25T16:37:58.415+0900][88.875s][info][gc,phases   ] GC(53)   Evacuate Collection Set: 0.2ms
[2026-03-25T16:37:58.415+0900][88.875s][info][gc,phases   ] GC(53)   Post Evacuate Collection Set: 0.5ms
[2026-03-25T16:37:58.415+0900][88.875s][info][gc,phases   ] GC(53)   Other: 0.1ms
[2026-03-25T16:37:58.415+0900][88.875s][info][gc,heap     ] GC(53) Eden regions: 1->0(1)
[2026-03-25T16:37:58.415+0900][88.875s][info][gc,heap     ] GC(53) Survivor regions: 1->1(1)
[2026-03-25T16:37:58.415+0900][88.875s][info][gc,heap     ] GC(53) Old regions: 24->24
[2026-03-25T16:37:58.415+0900][88.875s][info][gc,heap     ] GC(53) Archive regions: 0->0
[2026-03-25T16:37:58.415+0900][88.875s][info][gc,heap     ] GC(53) Humongous regions: 0->0
[2026-03-25T16:37:58.415+0900][88.875s][info][gc,metaspace] GC(53) Metaspace: 181K(384K)->181K(384K) NonClass: 170K(256K)->170K(256K) Class: 10K(128K)->10K(128K)
[2026-03-25T16:37:58.415+0900][88.875s][info][gc          ] GC(53) Pause Young (Normal) (G1 Evacuation Pause) 201M->195M(256M) 1.507ms
[2026-03-25T16:37:58.415+0900][88.875s][info][gc,cpu      ] GC(53) User=0.00s Sys=0.00s Real=0.00s
[2026-03-25T16:37:58.694+0900][89.153s][info][gc,start    ] GC(54) Pause Young (Normal) (G1 Evacuation Pause)
[2026-03-25T16:37:58.694+0900][89.153s][info][gc,task     ] GC(54) Using 8 workers of 8 for evacuation
[2026-03-25T16:37:58.694+0900][89.155s][info][gc,phases   ] GC(54)   Pre Evacuate Collection Set: 0.2ms
[2026-03-25T16:37:58.695+0900][89.155s][info][gc,phases   ] GC(54)   Merge Heap Roots: 0.3ms
[2026-03-25T16:37:58.695+0900][89.155s][info][gc,phases   ] GC(54)   Evacuate Collection Set: 0.3ms
[2026-03-25T16:37:58.695+0900][89.155s][info][gc,phases   ] GC(54)   Post Evacuate Collection Set: 0.4ms
[2026-03-25T16:37:58.695+0900][89.155s][info][gc,phases   ] GC(54)   Other: 0.1ms
[2026-03-25T16:37:58.695+0900][89.155s][info][gc,heap     ] GC(54) Eden regions: 1->0(1)
[2026-03-25T16:37:58.695+0900][89.155s][info][gc,heap     ] GC(54) Survivor regions: 1->1(1)
[2026-03-25T16:37:58.695+0900][89.155s][info][gc,heap     ] GC(54) Old regions: 24->25
[2026-03-25T16:37:58.695+0900][89.155s][info][gc,heap     ] GC(54) Archive regions: 0->0
[2026-03-25T16:37:58.695+0900][89.155s][info][gc,heap     ] GC(54) Humongous regions: 0->0
[2026-03-25T16:37:58.695+0900][89.155s][info][gc,metaspace] GC(54) Metaspace: 181K(384K)->181K(384K) NonClass: 170K(256K)->170K(256K) Class: 10K(128K)->10K(128K)
[2026-03-25T16:37:58.695+0900][89.155s][info][gc          ] GC(54) Pause Young (Normal) (G1 Evacuation Pause) 203M->197M(256M) 1.639ms
[2026-03-25T16:37:58.695+0900][89.155s][info][gc,cpu      ] GC(54) User=0.00s Sys=0.00s Real=0.00s
[2026-03-25T16:37:58.965+0900][89.425s][info][gc,start    ] GC(55) Pause Young (Normal) (G1 Evacuation Pause)
[2026-03-25T16:37:58.965+0900][89.425s][info][gc,task     ] GC(55) Using 8 workers of 8 for evacuation
[2026-03-25T16:37:58.967+0900][89.427s][info][gc,phases   ] GC(55)   Pre Evacuate Collection Set: 0.2ms
[2026-03-25T16:37:58.967+0900][89.427s][info][gc,phases   ] GC(55)   Merge Heap Roots: 0.2ms
[2026-03-25T16:37:58.967+0900][89.427s][info][gc,phases   ] GC(55)   Evacuate Collection Set: 0.5ms
[2026-03-25T16:37:58.967+0900][89.427s][info][gc,phases   ] GC(55)   Post Evacuate Collection Set: 0.9ms
[2026-03-25T16:37:58.967+0900][89.427s][info][gc,phases   ] GC(55)   Other: 0.1ms
[2026-03-25T16:37:58.967+0900][89.427s][info][gc,heap     ] GC(55) Eden regions: 1->0(1)
[2026-03-25T16:37:58.967+0900][89.427s][info][gc,heap     ] GC(55) Survivor regions: 1->1(1)
[2026-03-25T16:37:58.967+0900][89.427s][info][gc,heap     ] GC(55) Old regions: 25->25
[2026-03-25T16:37:58.967+0900][89.427s][info][gc,heap     ] GC(55) Archive regions: 0->0
[2026-03-25T16:37:58.967+0900][89.427s][info][gc,heap     ] GC(55) Humongous regions: 0->0
[2026-03-25T16:37:58.967+0900][89.427s][info][gc,metaspace] GC(55) Metaspace: 181K(384K)->181K(384K) NonClass: 170K(256K)->170K(256K) Class: 10K(128K)->10K(128K)
[2026-03-25T16:37:58.967+0900][89.427s][info][gc          ] GC(55) Pause Young (Normal) (G1 Evacuation Pause) 204M->198M(256M) 2.620ms
[2026-03-25T16:37:58.967+0900][89.428s][info][gc,cpu      ] GC(55) User=0.00s Sys=0.00s Real=0.00s
[2026-03-25T16:37:59.218+0900][89.678s][info][gc,start    ] GC(56) Pause Young (Normal) (G1 Evacuation Pause)
[2026-03-25T16:37:59.218+0900][89.678s][info][gc,task     ] GC(56) Using 8 workers of 8 for evacuation
[2026-03-25T16:37:59.220+0900][89.680s][info][gc,phases   ] GC(56)   Pre Evacuate Collection Set: 0.3ms
[2026-03-25T16:37:59.220+0900][89.680s][info][gc,phases   ] GC(56)   Merge Heap Roots: 0.2ms
[2026-03-25T16:37:59.220+0900][89.680s][info][gc,phases   ] GC(56)   Evacuate Collection Set: 0.7ms
[2026-03-25T16:37:59.220+0900][89.680s][info][gc,phases   ] GC(56)   Post Evacuate Collection Set: 0.9ms
[2026-03-25T16:37:59.220+0900][89.680s][info][gc,phases   ] GC(56)   Other: 0.1ms
[2026-03-25T16:37:59.220+0900][89.680s][info][gc,heap     ] GC(56) Eden regions: 1->0(1)
[2026-03-25T16:37:59.220+0900][89.680s][info][gc,heap     ] GC(56) Survivor regions: 1->1(1)
[2026-03-25T16:37:59.220+0900][89.680s][info][gc,heap     ] GC(56) Old regions: 25->25
[2026-03-25T16:37:59.220+0900][89.680s][info][gc,heap     ] GC(56) Archive regions: 0->0
[2026-03-25T16:37:59.220+0900][89.680s][info][gc,heap     ] GC(56) Humongous regions: 0->0
[2026-03-25T16:37:59.220+0900][89.680s][info][gc,metaspace] GC(56) Metaspace: 181K(384K)->181K(384K) NonClass: 170K(256K)->170K(256K) Class: 10K(128K)->10K(128K)
[2026-03-25T16:37:59.220+0900][89.680s][info][gc          ] GC(56) Pause Young (Normal) (G1 Evacuation Pause) 206M->200M(256M) 2.948ms
[2026-03-25T16:37:59.220+0900][89.681s][info][gc,cpu      ] GC(56) User=0.00s Sys=0.00s Real=0.00s
[2026-03-25T16:37:59.484+0900][89.944s][info][gc,start    ] GC(57) Pause Young (Normal) (G1 Evacuation Pause)
[2026-03-25T16:37:59.484+0900][89.944s][info][gc,task     ] GC(57) Using 8 workers of 8 for evacuation
[2026-03-25T16:37:59.486+0900][89.946s][info][gc,phases   ] GC(57)   Pre Evacuate Collection Set: 0.2ms
[2026-03-25T16:37:59.487+0900][89.946s][info][gc,phases   ] GC(57)   Merge Heap Roots: 0.2ms
[2026-03-25T16:37:59.487+0900][89.946s][info][gc,phases   ] GC(57)   Evacuate Collection Set: 0.8ms
[2026-03-25T16:37:59.487+0900][89.946s][info][gc,phases   ] GC(57)   Post Evacuate Collection Set: 0.9ms
[2026-03-25T16:37:59.487+0900][89.946s][info][gc,phases   ] GC(57)   Other: 0.1ms
[2026-03-25T16:37:59.487+0900][89.946s][info][gc,heap     ] GC(57) Eden regions: 1->0(1)
[2026-03-25T16:37:59.487+0900][89.946s][info][gc,heap     ] GC(57) Survivor regions: 1->1(1)
[2026-03-25T16:37:59.487+0900][89.946s][info][gc,heap     ] GC(57) Old regions: 25->25
[2026-03-25T16:37:59.487+0900][89.946s][info][gc,heap     ] GC(57) Archive regions: 0->0
[2026-03-25T16:37:59.487+0900][89.946s][info][gc,heap     ] GC(57) Humongous regions: 0->0
[2026-03-25T16:37:59.487+0900][89.946s][info][gc,metaspace] GC(57) Metaspace: 181K(384K)->181K(384K) NonClass: 170K(256K)->170K(256K) Class: 10K(128K)->10K(128K)
[2026-03-25T16:37:59.487+0900][89.947s][info][gc          ] GC(57) Pause Young (Normal) (G1 Evacuation Pause) 207M->201M(256M) 2.981ms
[2026-03-25T16:37:59.487+0900][89.947s][info][gc,cpu      ] GC(57) User=0.00s Sys=0.00s Real=0.00s
[2026-03-25T16:37:59.741+0900][90.200s][info][gc,start    ] GC(58) Pause Young (Normal) (G1 Evacuation Pause)
[2026-03-25T16:37:59.741+0900][90.201s][info][gc,task     ] GC(58) Using 8 workers of 8 for evacuation
[2026-03-25T16:37:59.742+0900][90.203s][info][gc,phases   ] GC(58)   Pre Evacuate Collection Set: 0.3ms
[2026-03-25T16:37:59.742+0900][90.203s][info][gc,phases   ] GC(58)   Merge Heap Roots: 0.2ms
[2026-03-25T16:37:59.742+0900][90.203s][info][gc,phases   ] GC(58)   Evacuate Collection Set: 0.5ms
[2026-03-25T16:37:59.743+0900][90.203s][info][gc,phases   ] GC(58)   Post Evacuate Collection Set: 0.9ms
[2026-03-25T16:37:59.743+0900][90.203s][info][gc,phases   ] GC(58)   Other: 0.1ms
[2026-03-25T16:37:59.743+0900][90.203s][info][gc,heap     ] GC(58) Eden regions: 1->0(1)
[2026-03-25T16:37:59.743+0900][90.203s][info][gc,heap     ] GC(58) Survivor regions: 1->1(1)
[2026-03-25T16:37:59.743+0900][90.203s][info][gc,heap     ] GC(58) Old regions: 25->25
[2026-03-25T16:37:59.743+0900][90.203s][info][gc,heap     ] GC(58) Archive regions: 0->0
[2026-03-25T16:37:59.743+0900][90.203s][info][gc,heap     ] GC(58) Humongous regions: 0->0
[2026-03-25T16:37:59.743+0900][90.203s][info][gc,metaspace] GC(58) Metaspace: 181K(384K)->181K(384K) NonClass: 170K(256K)->170K(256K) Class: 10K(128K)->10K(128K)
[2026-03-25T16:37:59.743+0900][90.203s][info][gc          ] GC(58) Pause Young (Normal) (G1 Evacuation Pause) 209M->203M(256M) 2.637ms
[2026-03-25T16:37:59.743+0900][90.203s][info][gc,cpu      ] GC(58) User=0.00s Sys=0.00s Real=0.00s
[2026-03-25T16:38:00.004+0900][90.464s][info][gc,start    ] GC(59) Pause Young (Normal) (G1 Evacuation Pause)
[2026-03-25T16:38:00.004+0900][90.464s][info][gc,task     ] GC(59) Using 8 workers of 8 for evacuation
[2026-03-25T16:38:00.006+0900][90.466s][info][gc,phases   ] GC(59)   Pre Evacuate Collection Set: 0.3ms
[2026-03-25T16:38:00.006+0900][90.466s][info][gc,phases   ] GC(59)   Merge Heap Roots: 0.2ms
[2026-03-25T16:38:00.006+0900][90.466s][info][gc,phases   ] GC(59)   Evacuate Collection Set: 0.5ms
[2026-03-25T16:38:00.006+0900][90.466s][info][gc,phases   ] GC(59)   Post Evacuate Collection Set: 0.9ms
[2026-03-25T16:38:00.006+0900][90.466s][info][gc,phases   ] GC(59)   Other: 0.1ms
[2026-03-25T16:38:00.006+0900][90.466s][info][gc,heap     ] GC(59) Eden regions: 1->0(1)
[2026-03-25T16:38:00.006+0900][90.466s][info][gc,heap     ] GC(59) Survivor regions: 1->1(1)
[2026-03-25T16:38:00.006+0900][90.466s][info][gc,heap     ] GC(59) Old regions: 25->26
[2026-03-25T16:38:00.006+0900][90.466s][info][gc,heap     ] GC(59) Archive regions: 0->0
[2026-03-25T16:38:00.006+0900][90.466s][info][gc,heap     ] GC(59) Humongous regions: 0->0
[2026-03-25T16:38:00.006+0900][90.466s][info][gc,metaspace] GC(59) Metaspace: 181K(384K)->181K(384K) NonClass: 170K(256K)->170K(256K) Class: 10K(128K)->10K(128K)
[2026-03-25T16:38:00.007+0900][90.466s][info][gc          ] GC(59) Pause Young (Normal) (G1 Evacuation Pause) 210M->204M(256M) 2.688ms
[2026-03-25T16:38:00.007+0900][90.466s][info][gc,cpu      ] GC(59) User=0.00s Sys=0.00s Real=0.00s
[2026-03-25T16:38:00.265+0900][90.725s][info][gc,start    ] GC(60) Pause Young (Normal) (G1 Evacuation Pause)
[2026-03-25T16:38:00.265+0900][90.725s][info][gc,task     ] GC(60) Using 8 workers of 8 for evacuation
[2026-03-25T16:38:00.266+0900][90.726s][info][gc,phases   ] GC(60)   Pre Evacuate Collection Set: 0.2ms
[2026-03-25T16:38:00.266+0900][90.726s][info][gc,phases   ] GC(60)   Merge Heap Roots: 0.2ms
[2026-03-25T16:38:00.266+0900][90.726s][info][gc,phases   ] GC(60)   Evacuate Collection Set: 0.4ms
[2026-03-25T16:38:00.266+0900][90.726s][info][gc,phases   ] GC(60)   Post Evacuate Collection Set: 0.6ms
[2026-03-25T16:38:00.266+0900][90.726s][info][gc,phases   ] GC(60)   Other: 0.1ms
[2026-03-25T16:38:00.266+0900][90.726s][info][gc,heap     ] GC(60) Eden regions: 1->0(1)
[2026-03-25T16:38:00.266+0900][90.726s][info][gc,heap     ] GC(60) Survivor regions: 1->1(1)
[2026-03-25T16:38:00.266+0900][90.726s][info][gc,heap     ] GC(60) Old regions: 26->26
[2026-03-25T16:38:00.266+0900][90.726s][info][gc,heap     ] GC(60) Archive regions: 0->0
[2026-03-25T16:38:00.266+0900][90.727s][info][gc,heap     ] GC(60) Humongous regions: 0->0
[2026-03-25T16:38:00.266+0900][90.727s][info][gc,metaspace] GC(60) Metaspace: 181K(384K)->181K(384K) NonClass: 170K(256K)->170K(256K) Class: 10K(128K)->10K(128K)
[2026-03-25T16:38:00.266+0900][90.727s][info][gc          ] GC(60) Pause Young (Normal) (G1 Evacuation Pause) 212M->206M(256M) 1.949ms
[2026-03-25T16:38:00.266+0900][90.727s][info][gc,cpu      ] GC(60) User=0.00s Sys=0.00s Real=0.00s
[2026-03-25T16:38:00.527+0900][90.987s][info][gc,start    ] GC(61) Pause Young (Normal) (G1 Evacuation Pause)
[2026-03-25T16:38:00.529+0900][90.989s][info][gc,task     ] GC(61) Using 8 workers of 8 for evacuation
[2026-03-25T16:38:00.530+0900][90.990s][info][gc,phases   ] GC(61)   Pre Evacuate Collection Set: 0.2ms
[2026-03-25T16:38:00.530+0900][90.990s][info][gc,phases   ] GC(61)   Merge Heap Roots: 0.2ms
[2026-03-25T16:38:00.530+0900][90.990s][info][gc,phases   ] GC(61)   Evacuate Collection Set: 0.4ms
[2026-03-25T16:38:00.530+0900][90.990s][info][gc,phases   ] GC(61)   Post Evacuate Collection Set: 0.6ms
[2026-03-25T16:38:00.530+0900][90.991s][info][gc,phases   ] GC(61)   Other: 0.2ms
[2026-03-25T16:38:00.531+0900][90.991s][info][gc,heap     ] GC(61) Eden regions: 1->0(1)
[2026-03-25T16:38:00.531+0900][90.991s][info][gc,heap     ] GC(61) Survivor regions: 1->1(1)
[2026-03-25T16:38:00.531+0900][90.991s][info][gc,heap     ] GC(61) Old regions: 26->26
[2026-03-25T16:38:00.531+0900][90.991s][info][gc,heap     ] GC(61) Archive regions: 0->0
[2026-03-25T16:38:00.531+0900][90.991s][info][gc,heap     ] GC(61) Humongous regions: 0->0
[2026-03-25T16:38:00.531+0900][90.991s][info][gc,metaspace] GC(61) Metaspace: 181K(384K)->181K(384K) NonClass: 170K(256K)->170K(256K) Class: 10K(128K)->10K(128K)
[2026-03-25T16:38:00.531+0900][90.991s][info][gc          ] GC(61) Pause Young (Normal) (G1 Evacuation Pause) 213M->207M(256M) 4.031ms
[2026-03-25T16:38:00.531+0900][90.991s][info][gc,cpu      ] GC(61) User=0.00s Sys=0.00s Real=0.00s
[2026-03-25T16:38:00.797+0900][91.257s][info][gc,start    ] GC(62) Pause Young (Normal) (G1 Evacuation Pause)
[2026-03-25T16:38:00.797+0900][91.257s][info][gc,task     ] GC(62) Using 8 workers of 8 for evacuation
[2026-03-25T16:38:00.799+0900][91.258s][info][gc,phases   ] GC(62)   Pre Evacuate Collection Set: 0.2ms
[2026-03-25T16:38:00.799+0900][91.258s][info][gc,phases   ] GC(62)   Merge Heap Roots: 0.1ms
[2026-03-25T16:38:00.799+0900][91.258s][info][gc,phases   ] GC(62)   Evacuate Collection Set: 0.3ms
[2026-03-25T16:38:00.799+0900][91.258s][info][gc,phases   ] GC(62)   Post Evacuate Collection Set: 0.5ms
[2026-03-25T16:38:00.799+0900][91.258s][info][gc,phases   ] GC(62)   Other: 0.1ms
[2026-03-25T16:38:00.799+0900][91.258s][info][gc,heap     ] GC(62) Eden regions: 1->0(1)
[2026-03-25T16:38:00.799+0900][91.258s][info][gc,heap     ] GC(62) Survivor regions: 1->1(1)
[2026-03-25T16:38:00.799+0900][91.258s][info][gc,heap     ] GC(62) Old regions: 26->26
[2026-03-25T16:38:00.799+0900][91.258s][info][gc,heap     ] GC(62) Archive regions: 0->0
[2026-03-25T16:38:00.799+0900][91.258s][info][gc,heap     ] GC(62) Humongous regions: 0->0
[2026-03-25T16:38:00.799+0900][91.258s][info][gc,metaspace] GC(62) Metaspace: 181K(384K)->181K(384K) NonClass: 170K(256K)->170K(256K) Class: 10K(128K)->10K(128K)
[2026-03-25T16:38:00.799+0900][91.258s][info][gc          ] GC(62) Pause Young (Normal) (G1 Evacuation Pause) 215M->209M(256M) 1.581ms
[2026-03-25T16:38:00.799+0900][91.258s][info][gc,cpu      ] GC(62) User=0.00s Sys=0.00s Real=0.00s
[2026-03-25T16:38:01.126+0900][91.585s][info][gc,start    ] GC(63) Pause Young (Normal) (G1 Evacuation Pause)
[2026-03-25T16:38:01.126+0900][91.585s][info][gc,task     ] GC(63) Using 8 workers of 8 for evacuation
[2026-03-25T16:38:01.127+0900][91.586s][info][gc,phases   ] GC(63)   Pre Evacuate Collection Set: 0.1ms
[2026-03-25T16:38:01.127+0900][91.586s][info][gc,phases   ] GC(63)   Merge Heap Roots: 0.1ms
[2026-03-25T16:38:01.127+0900][91.586s][info][gc,phases   ] GC(63)   Evacuate Collection Set: 0.4ms
[2026-03-25T16:38:01.127+0900][91.586s][info][gc,phases   ] GC(63)   Post Evacuate Collection Set: 0.5ms
[2026-03-25T16:38:01.127+0900][91.586s][info][gc,phases   ] GC(63)   Other: 0.1ms
[2026-03-25T16:38:01.127+0900][91.586s][info][gc,heap     ] GC(63) Eden regions: 1->0(1)
[2026-03-25T16:38:01.127+0900][91.586s][info][gc,heap     ] GC(63) Survivor regions: 1->1(1)
[2026-03-25T16:38:01.127+0900][91.586s][info][gc,heap     ] GC(63) Old regions: 26->26
[2026-03-25T16:38:01.127+0900][91.586s][info][gc,heap     ] GC(63) Archive regions: 0->0
[2026-03-25T16:38:01.127+0900][91.586s][info][gc,heap     ] GC(63) Humongous regions: 0->0
[2026-03-25T16:38:01.127+0900][91.586s][info][gc,metaspace] GC(63) Metaspace: 181K(384K)->181K(384K) NonClass: 170K(256K)->170K(256K) Class: 10K(128K)->10K(128K)
[2026-03-25T16:38:01.127+0900][91.587s][info][gc          ] GC(63) Pause Young (Normal) (G1 Evacuation Pause) 216M->210M(256M) 1.443ms
[2026-03-25T16:38:01.127+0900][91.587s][info][gc,cpu      ] GC(63) User=0.00s Sys=0.00s Real=0.00s
[2026-03-25T16:38:01.397+0900][91.857s][info][gc,start    ] GC(64) Pause Young (Normal) (G1 Evacuation Pause)
[2026-03-25T16:38:01.397+0900][91.857s][info][gc,task     ] GC(64) Using 8 workers of 8 for evacuation
[2026-03-25T16:38:01.399+0900][91.859s][info][gc,phases   ] GC(64)   Pre Evacuate Collection Set: 0.2ms
[2026-03-25T16:38:01.399+0900][91.859s][info][gc,phases   ] GC(64)   Merge Heap Roots: 0.2ms
[2026-03-25T16:38:01.399+0900][91.859s][info][gc,phases   ] GC(64)   Evacuate Collection Set: 0.5ms
[2026-03-25T16:38:01.399+0900][91.859s][info][gc,phases   ] GC(64)   Post Evacuate Collection Set: 0.8ms
[2026-03-25T16:38:01.399+0900][91.859s][info][gc,phases   ] GC(64)   Other: 0.1ms
[2026-03-25T16:38:01.399+0900][91.859s][info][gc,heap     ] GC(64) Eden regions: 1->0(1)
[2026-03-25T16:38:01.399+0900][91.859s][info][gc,heap     ] GC(64) Survivor regions: 1->1(1)
[2026-03-25T16:38:01.399+0900][91.859s][info][gc,heap     ] GC(64) Old regions: 26->26
[2026-03-25T16:38:01.399+0900][91.859s][info][gc,heap     ] GC(64) Archive regions: 0->0
[2026-03-25T16:38:01.399+0900][91.859s][info][gc,heap     ] GC(64) Humongous regions: 0->0
[2026-03-25T16:38:01.399+0900][91.859s][info][gc,metaspace] GC(64) Metaspace: 181K(384K)->181K(384K) NonClass: 170K(256K)->170K(256K) Class: 10K(128K)->10K(128K)
[2026-03-25T16:38:01.400+0900][91.859s][info][gc          ] GC(64) Pause Young (Normal) (G1 Evacuation Pause) 218M->212M(256M) 2.558ms
[2026-03-25T16:38:01.400+0900][91.859s][info][gc,cpu      ] GC(64) User=0.00s Sys=0.00s Real=0.00s
[2026-03-25T16:38:01.662+0900][92.121s][info][gc,start    ] GC(65) Pause Young (Normal) (G1 Evacuation Pause)
[2026-03-25T16:38:01.662+0900][92.122s][info][gc,task     ] GC(65) Using 8 workers of 8 for evacuation
[2026-03-25T16:38:01.664+0900][92.123s][info][gc,phases   ] GC(65)   Pre Evacuate Collection Set: 0.2ms
[2026-03-25T16:38:01.664+0900][92.124s][info][gc,phases   ] GC(65)   Merge Heap Roots: 0.1ms
[2026-03-25T16:38:01.664+0900][92.124s][info][gc,phases   ] GC(65)   Evacuate Collection Set: 0.6ms
[2026-03-25T16:38:01.664+0900][92.124s][info][gc,phases   ] GC(65)   Post Evacuate Collection Set: 0.9ms
[2026-03-25T16:38:01.664+0900][92.124s][info][gc,phases   ] GC(65)   Other: 0.1ms
[2026-03-25T16:38:01.664+0900][92.124s][info][gc,heap     ] GC(65) Eden regions: 1->0(1)
[2026-03-25T16:38:01.664+0900][92.124s][info][gc,heap     ] GC(65) Survivor regions: 1->1(1)
[2026-03-25T16:38:01.664+0900][92.124s][info][gc,heap     ] GC(65) Old regions: 26->27
[2026-03-25T16:38:01.664+0900][92.124s][info][gc,heap     ] GC(65) Archive regions: 0->0
[2026-03-25T16:38:01.664+0900][92.124s][info][gc,heap     ] GC(65) Humongous regions: 0->0
[2026-03-25T16:38:01.664+0900][92.124s][info][gc,metaspace] GC(65) Metaspace: 181K(384K)->181K(384K) NonClass: 170K(256K)->170K(256K) Class: 10K(128K)->10K(128K)
[2026-03-25T16:38:01.664+0900][92.124s][info][gc          ] GC(65) Pause Young (Normal) (G1 Evacuation Pause) 219M->213M(256M) 2.579ms
[2026-03-25T16:38:01.664+0900][92.124s][info][gc,cpu      ] GC(65) User=0.00s Sys=0.02s Real=0.00s
[2026-03-25T16:38:01.917+0900][92.377s][info][gc,start    ] GC(66) Pause Young (Normal) (G1 Evacuation Pause)
[2026-03-25T16:38:01.917+0900][92.377s][info][gc,task     ] GC(66) Using 8 workers of 8 for evacuation
[2026-03-25T16:38:01.919+0900][92.379s][info][gc,phases   ] GC(66)   Pre Evacuate Collection Set: 0.2ms
[2026-03-25T16:38:01.919+0900][92.379s][info][gc,phases   ] GC(66)   Merge Heap Roots: 0.2ms
[2026-03-25T16:38:01.919+0900][92.379s][info][gc,phases   ] GC(66)   Evacuate Collection Set: 0.5ms
[2026-03-25T16:38:01.919+0900][92.379s][info][gc,phases   ] GC(66)   Post Evacuate Collection Set: 0.8ms
[2026-03-25T16:38:01.919+0900][92.379s][info][gc,phases   ] GC(66)   Other: 0.1ms
[2026-03-25T16:38:01.919+0900][92.379s][info][gc,heap     ] GC(66) Eden regions: 1->0(1)
[2026-03-25T16:38:01.919+0900][92.379s][info][gc,heap     ] GC(66) Survivor regions: 1->1(1)
[2026-03-25T16:38:01.919+0900][92.379s][info][gc,heap     ] GC(66) Old regions: 27->27
[2026-03-25T16:38:01.919+0900][92.379s][info][gc,heap     ] GC(66) Archive regions: 0->0
[2026-03-25T16:38:01.919+0900][92.379s][info][gc,heap     ] GC(66) Humongous regions: 0->0
[2026-03-25T16:38:01.920+0900][92.379s][info][gc,metaspace] GC(66) Metaspace: 181K(384K)->181K(384K) NonClass: 170K(256K)->170K(256K) Class: 10K(128K)->10K(128K)
[2026-03-25T16:38:01.920+0900][92.379s][info][gc          ] GC(66) Pause Young (Normal) (G1 Evacuation Pause) 221M->215M(256M) 2.566ms
[2026-03-25T16:38:01.920+0900][92.379s][info][gc,cpu      ] GC(66) User=0.00s Sys=0.00s Real=0.00s
[2026-03-25T16:38:02.174+0900][92.634s][info][gc,start    ] GC(67) Pause Young (Normal) (G1 Evacuation Pause)
[2026-03-25T16:38:02.174+0900][92.634s][info][gc,task     ] GC(67) Using 8 workers of 8 for evacuation
[2026-03-25T16:38:02.176+0900][92.636s][info][gc,phases   ] GC(67)   Pre Evacuate Collection Set: 0.2ms
[2026-03-25T16:38:02.176+0900][92.636s][info][gc,phases   ] GC(67)   Merge Heap Roots: 0.2ms
[2026-03-25T16:38:02.176+0900][92.636s][info][gc,phases   ] GC(67)   Evacuate Collection Set: 0.5ms
[2026-03-25T16:38:02.176+0900][92.636s][info][gc,phases   ] GC(67)   Post Evacuate Collection Set: 0.9ms
[2026-03-25T16:38:02.176+0900][92.636s][info][gc,phases   ] GC(67)   Other: 0.1ms
[2026-03-25T16:38:02.177+0900][92.636s][info][gc,heap     ] GC(67) Eden regions: 1->0(1)
[2026-03-25T16:38:02.177+0900][92.636s][info][gc,heap     ] GC(67) Survivor regions: 1->1(1)
[2026-03-25T16:38:02.177+0900][92.636s][info][gc,heap     ] GC(67) Old regions: 27->27
[2026-03-25T16:38:02.177+0900][92.636s][info][gc,heap     ] GC(67) Archive regions: 0->0
[2026-03-25T16:38:02.177+0900][92.636s][info][gc,heap     ] GC(67) Humongous regions: 0->0
[2026-03-25T16:38:02.177+0900][92.636s][info][gc,metaspace] GC(67) Metaspace: 181K(384K)->181K(384K) NonClass: 170K(256K)->170K(256K) Class: 10K(128K)->10K(128K)
[2026-03-25T16:38:02.177+0900][92.636s][info][gc          ] GC(67) Pause Young (Normal) (G1 Evacuation Pause) 222M->216M(256M) 2.607ms
[2026-03-25T16:38:02.177+0900][92.636s][info][gc,cpu      ] GC(67) User=0.00s Sys=0.00s Real=0.00s
[2026-03-25T16:38:02.453+0900][92.913s][info][gc,start    ] GC(68) Pause Young (Normal) (G1 Evacuation Pause)
[2026-03-25T16:38:02.453+0900][92.913s][info][gc,task     ] GC(68) Using 8 workers of 8 for evacuation
[2026-03-25T16:38:02.455+0900][92.915s][info][gc,phases   ] GC(68)   Pre Evacuate Collection Set: 0.1ms
[2026-03-25T16:38:02.455+0900][92.915s][info][gc,phases   ] GC(68)   Merge Heap Roots: 0.1ms
[2026-03-25T16:38:02.455+0900][92.915s][info][gc,phases   ] GC(68)   Evacuate Collection Set: 0.6ms
[2026-03-25T16:38:02.455+0900][92.915s][info][gc,phases   ] GC(68)   Post Evacuate Collection Set: 0.8ms
[2026-03-25T16:38:02.455+0900][92.915s][info][gc,phases   ] GC(68)   Other: 0.1ms
[2026-03-25T16:38:02.455+0900][92.915s][info][gc,heap     ] GC(68) Eden regions: 1->0(1)
[2026-03-25T16:38:02.455+0900][92.915s][info][gc,heap     ] GC(68) Survivor regions: 1->1(1)
[2026-03-25T16:38:02.455+0900][92.915s][info][gc,heap     ] GC(68) Old regions: 27->27
[2026-03-25T16:38:02.455+0900][92.915s][info][gc,heap     ] GC(68) Archive regions: 0->0
[2026-03-25T16:38:02.455+0900][92.915s][info][gc,heap     ] GC(68) Humongous regions: 0->0
[2026-03-25T16:38:02.455+0900][92.915s][info][gc,metaspace] GC(68) Metaspace: 181K(384K)->181K(384K) NonClass: 170K(256K)->170K(256K) Class: 10K(128K)->10K(128K)
[2026-03-25T16:38:02.455+0900][92.915s][info][gc          ] GC(68) Pause Young (Normal) (G1 Evacuation Pause) 224M->218M(256M) 2.483ms
[2026-03-25T16:38:02.455+0900][92.916s][info][gc,cpu      ] GC(68) User=0.00s Sys=0.00s Real=0.00s
[2026-03-25T16:38:02.717+0900][93.177s][info][gc,start    ] GC(69) Pause Young (Normal) (G1 Evacuation Pause)
[2026-03-25T16:38:02.717+0900][93.177s][info][gc,task     ] GC(69) Using 8 workers of 8 for evacuation
[2026-03-25T16:38:02.718+0900][93.178s][info][gc,phases   ] GC(69)   Pre Evacuate Collection Set: 0.1ms
[2026-03-25T16:38:02.719+0900][93.178s][info][gc,phases   ] GC(69)   Merge Heap Roots: 0.2ms
[2026-03-25T16:38:02.719+0900][93.178s][info][gc,phases   ] GC(69)   Evacuate Collection Set: 0.3ms
[2026-03-25T16:38:02.719+0900][93.178s][info][gc,phases   ] GC(69)   Post Evacuate Collection Set: 0.6ms
[2026-03-25T16:38:02.719+0900][93.178s][info][gc,phases   ] GC(69)   Other: 0.1ms
[2026-03-25T16:38:02.719+0900][93.178s][info][gc,heap     ] GC(69) Eden regions: 1->0(1)
[2026-03-25T16:38:02.719+0900][93.178s][info][gc,heap     ] GC(69) Survivor regions: 1->1(1)
[2026-03-25T16:38:02.719+0900][93.179s][info][gc,heap     ] GC(69) Old regions: 27->27
[2026-03-25T16:38:02.719+0900][93.179s][info][gc,heap     ] GC(69) Archive regions: 0->0
[2026-03-25T16:38:02.719+0900][93.179s][info][gc,heap     ] GC(69) Humongous regions: 0->0
[2026-03-25T16:38:02.719+0900][93.179s][info][gc,metaspace] GC(69) Metaspace: 181K(384K)->181K(384K) NonClass: 170K(256K)->170K(256K) Class: 10K(128K)->10K(128K)
[2026-03-25T16:38:02.719+0900][93.179s][info][gc          ] GC(69) Pause Young (Normal) (G1 Evacuation Pause) 225M->219M(256M) 1.723ms
[2026-03-25T16:38:02.719+0900][93.179s][info][gc,cpu      ] GC(69) User=0.00s Sys=0.00s Real=0.00s
[2026-03-25T16:38:02.975+0900][93.434s][info][gc,start    ] GC(70) Pause Young (Normal) (G1 Evacuation Pause)
[2026-03-25T16:38:02.975+0900][93.434s][info][gc,task     ] GC(70) Using 8 workers of 8 for evacuation
[2026-03-25T16:38:02.976+0900][93.436s][info][gc,phases   ] GC(70)   Pre Evacuate Collection Set: 0.2ms
[2026-03-25T16:38:02.976+0900][93.436s][info][gc,phases   ] GC(70)   Merge Heap Roots: 0.2ms
[2026-03-25T16:38:02.976+0900][93.436s][info][gc,phases   ] GC(70)   Evacuate Collection Set: 0.5ms
[2026-03-25T16:38:02.976+0900][93.436s][info][gc,phases   ] GC(70)   Post Evacuate Collection Set: 0.8ms
[2026-03-25T16:38:02.976+0900][93.436s][info][gc,phases   ] GC(70)   Other: 0.1ms
[2026-03-25T16:38:02.976+0900][93.436s][info][gc,heap     ] GC(70) Eden regions: 1->0(1)
[2026-03-25T16:38:02.976+0900][93.436s][info][gc,heap     ] GC(70) Survivor regions: 1->1(1)
[2026-03-25T16:38:02.976+0900][93.436s][info][gc,heap     ] GC(70) Old regions: 27->28
[2026-03-25T16:38:02.976+0900][93.436s][info][gc,heap     ] GC(70) Archive regions: 0->0
[2026-03-25T16:38:02.976+0900][93.436s][info][gc,heap     ] GC(70) Humongous regions: 0->0
[2026-03-25T16:38:02.976+0900][93.436s][info][gc,metaspace] GC(70) Metaspace: 181K(384K)->181K(384K) NonClass: 170K(256K)->170K(256K) Class: 10K(128K)->10K(128K)
[2026-03-25T16:38:02.976+0900][93.437s][info][gc          ] GC(70) Pause Young (Normal) (G1 Evacuation Pause) 227M->221M(256M) 2.515ms
[2026-03-25T16:38:02.976+0900][93.437s][info][gc,cpu      ] GC(70) User=0.00s Sys=0.00s Real=0.00s
[2026-03-25T16:38:03.243+0900][93.703s][info][gc,start    ] GC(71) Pause Young (Normal) (G1 Evacuation Pause)
[2026-03-25T16:38:03.248+0900][93.708s][info][gc,task     ] GC(71) Using 8 workers of 8 for evacuation
[2026-03-25T16:38:03.250+0900][93.710s][info][gc,phases   ] GC(71)   Pre Evacuate Collection Set: 0.3ms
[2026-03-25T16:38:03.250+0900][93.710s][info][gc,phases   ] GC(71)   Merge Heap Roots: 0.2ms
[2026-03-25T16:38:03.250+0900][93.710s][info][gc,phases   ] GC(71)   Evacuate Collection Set: 0.5ms
[2026-03-25T16:38:03.250+0900][93.710s][info][gc,phases   ] GC(71)   Post Evacuate Collection Set: 0.9ms
[2026-03-25T16:38:03.250+0900][93.710s][info][gc,phases   ] GC(71)   Other: 0.2ms
[2026-03-25T16:38:03.250+0900][93.710s][info][gc,heap     ] GC(71) Eden regions: 1->0(1)
[2026-03-25T16:38:03.250+0900][93.710s][info][gc,heap     ] GC(71) Survivor regions: 1->1(1)
[2026-03-25T16:38:03.250+0900][93.710s][info][gc,heap     ] GC(71) Old regions: 28->28
[2026-03-25T16:38:03.250+0900][93.710s][info][gc,heap     ] GC(71) Archive regions: 0->0
[2026-03-25T16:38:03.250+0900][93.710s][info][gc,heap     ] GC(71) Humongous regions: 0->0
[2026-03-25T16:38:03.250+0900][93.710s][info][gc,metaspace] GC(71) Metaspace: 181K(384K)->181K(384K) NonClass: 170K(256K)->170K(256K) Class: 10K(128K)->10K(128K)
[2026-03-25T16:38:03.251+0900][93.710s][info][gc          ] GC(71) Pause Young (Normal) (G1 Evacuation Pause) 228M->222M(256M) 7.301ms
[2026-03-25T16:38:03.251+0900][93.711s][info][gc,cpu      ] GC(71) User=0.00s Sys=0.00s Real=0.01s
[2026-03-25T16:38:03.505+0900][93.964s][info][gc,start    ] GC(72) Pause Young (Normal) (G1 Evacuation Pause)
[2026-03-25T16:38:03.505+0900][93.964s][info][gc,task     ] GC(72) Using 8 workers of 8 for evacuation
[2026-03-25T16:38:03.506+0900][93.967s][info][gc,phases   ] GC(72)   Pre Evacuate Collection Set: 0.3ms
[2026-03-25T16:38:03.507+0900][93.967s][info][gc,phases   ] GC(72)   Merge Heap Roots: 0.2ms
[2026-03-25T16:38:03.507+0900][93.967s][info][gc,phases   ] GC(72)   Evacuate Collection Set: 0.7ms
[2026-03-25T16:38:03.507+0900][93.967s][info][gc,phases   ] GC(72)   Post Evacuate Collection Set: 0.9ms
[2026-03-25T16:38:03.507+0900][93.967s][info][gc,phases   ] GC(72)   Other: 0.1ms
[2026-03-25T16:38:03.507+0900][93.967s][info][gc,heap     ] GC(72) Eden regions: 1->0(1)
[2026-03-25T16:38:03.507+0900][93.967s][info][gc,heap     ] GC(72) Survivor regions: 1->1(1)
[2026-03-25T16:38:03.507+0900][93.967s][info][gc,heap     ] GC(72) Old regions: 28->28
[2026-03-25T16:38:03.507+0900][93.967s][info][gc,heap     ] GC(72) Archive regions: 0->0
[2026-03-25T16:38:03.507+0900][93.967s][info][gc,heap     ] GC(72) Humongous regions: 0->0
[2026-03-25T16:38:03.507+0900][93.967s][info][gc,metaspace] GC(72) Metaspace: 181K(384K)->181K(384K) NonClass: 170K(256K)->170K(256K) Class: 10K(128K)->10K(128K)
[2026-03-25T16:38:03.507+0900][93.967s][info][gc          ] GC(72) Pause Young (Normal) (G1 Evacuation Pause) 230M->224M(256M) 2.889ms
[2026-03-25T16:38:03.507+0900][93.967s][info][gc,cpu      ] GC(72) User=0.00s Sys=0.00s Real=0.00s
[2026-03-25T16:38:03.773+0900][94.233s][info][gc,start    ] GC(73) Pause Young (Normal) (G1 Evacuation Pause)
[2026-03-25T16:38:03.773+0900][94.233s][info][gc,task     ] GC(73) Using 8 workers of 8 for evacuation
[2026-03-25T16:38:03.775+0900][94.235s][info][gc,phases   ] GC(73)   Pre Evacuate Collection Set: 0.2ms
[2026-03-25T16:38:03.775+0900][94.235s][info][gc,phases   ] GC(73)   Merge Heap Roots: 0.2ms
[2026-03-25T16:38:03.775+0900][94.235s][info][gc,phases   ] GC(73)   Evacuate Collection Set: 0.4ms
[2026-03-25T16:38:03.775+0900][94.235s][info][gc,phases   ] GC(73)   Post Evacuate Collection Set: 0.8ms
[2026-03-25T16:38:03.775+0900][94.235s][info][gc,phases   ] GC(73)   Other: 0.1ms
[2026-03-25T16:38:03.775+0900][94.235s][info][gc,heap     ] GC(73) Eden regions: 1->0(1)
[2026-03-25T16:38:03.775+0900][94.235s][info][gc,heap     ] GC(73) Survivor regions: 1->1(1)
[2026-03-25T16:38:03.775+0900][94.235s][info][gc,heap     ] GC(73) Old regions: 28->28
[2026-03-25T16:38:03.775+0900][94.235s][info][gc,heap     ] GC(73) Archive regions: 0->0
[2026-03-25T16:38:03.775+0900][94.235s][info][gc,heap     ] GC(73) Humongous regions: 0->0
[2026-03-25T16:38:03.775+0900][94.235s][info][gc,metaspace] GC(73) Metaspace: 181K(384K)->181K(384K) NonClass: 170K(256K)->170K(256K) Class: 10K(128K)->10K(128K)
[2026-03-25T16:38:03.775+0900][94.235s][info][gc          ] GC(73) Pause Young (Normal) (G1 Evacuation Pause) 231M->225M(256M) 2.469ms
[2026-03-25T16:38:03.775+0900][94.235s][info][gc,cpu      ] GC(73) User=0.00s Sys=0.00s Real=0.00s
[2026-03-25T16:38:04.029+0900][94.489s][info][gc,start    ] GC(74) Pause Young (Normal) (G1 Evacuation Pause)
[2026-03-25T16:38:04.029+0900][94.489s][info][gc,task     ] GC(74) Using 8 workers of 8 for evacuation
[2026-03-25T16:38:04.031+0900][94.491s][info][gc,phases   ] GC(74)   Pre Evacuate Collection Set: 0.3ms
[2026-03-25T16:38:04.031+0900][94.491s][info][gc,phases   ] GC(74)   Merge Heap Roots: 0.2ms
[2026-03-25T16:38:04.031+0900][94.491s][info][gc,phases   ] GC(74)   Evacuate Collection Set: 0.5ms
[2026-03-25T16:38:04.031+0900][94.491s][info][gc,phases   ] GC(74)   Post Evacuate Collection Set: 0.8ms
[2026-03-25T16:38:04.031+0900][94.491s][info][gc,phases   ] GC(74)   Other: 0.1ms
[2026-03-25T16:38:04.031+0900][94.491s][info][gc,heap     ] GC(74) Eden regions: 1->0(1)
[2026-03-25T16:38:04.031+0900][94.491s][info][gc,heap     ] GC(74) Survivor regions: 1->1(1)
[2026-03-25T16:38:04.031+0900][94.491s][info][gc,heap     ] GC(74) Old regions: 28->28
[2026-03-25T16:38:04.031+0900][94.491s][info][gc,heap     ] GC(74) Archive regions: 0->0
[2026-03-25T16:38:04.031+0900][94.491s][info][gc,heap     ] GC(74) Humongous regions: 0->0
[2026-03-25T16:38:04.032+0900][94.491s][info][gc,metaspace] GC(74) Metaspace: 181K(384K)->181K(384K) NonClass: 170K(256K)->170K(256K) Class: 10K(128K)->10K(128K)
[2026-03-25T16:38:04.032+0900][94.491s][info][gc          ] GC(74) Pause Young (Normal) (G1 Evacuation Pause) 233M->227M(256M) 2.588ms
[2026-03-25T16:38:04.032+0900][94.491s][info][gc,cpu      ] GC(74) User=0.00s Sys=0.00s Real=0.00s
[2026-03-25T16:38:04.286+0900][94.745s][info][gc,start    ] GC(75) Pause Young (Normal) (G1 Evacuation Pause)
[2026-03-25T16:38:04.286+0900][94.746s][info][gc,task     ] GC(75) Using 8 workers of 8 for evacuation
[2026-03-25T16:38:04.287+0900][94.747s][info][gc,phases   ] GC(75)   Pre Evacuate Collection Set: 0.2ms
[2026-03-25T16:38:04.287+0900][94.748s][info][gc,phases   ] GC(75)   Merge Heap Roots: 0.2ms
[2026-03-25T16:38:04.287+0900][94.748s][info][gc,phases   ] GC(75)   Evacuate Collection Set: 0.4ms
[2026-03-25T16:38:04.287+0900][94.748s][info][gc,phases   ] GC(75)   Post Evacuate Collection Set: 0.9ms
[2026-03-25T16:38:04.287+0900][94.748s][info][gc,phases   ] GC(75)   Other: 0.1ms
[2026-03-25T16:38:04.288+0900][94.748s][info][gc,heap     ] GC(75) Eden regions: 1->0(1)
[2026-03-25T16:38:04.288+0900][94.748s][info][gc,heap     ] GC(75) Survivor regions: 1->1(1)
[2026-03-25T16:38:04.288+0900][94.748s][info][gc,heap     ] GC(75) Old regions: 28->29
[2026-03-25T16:38:04.288+0900][94.748s][info][gc,heap     ] GC(75) Archive regions: 0->0
[2026-03-25T16:38:04.288+0900][94.748s][info][gc,heap     ] GC(75) Humongous regions: 0->0
[2026-03-25T16:38:04.288+0900][94.748s][info][gc,metaspace] GC(75) Metaspace: 181K(384K)->181K(384K) NonClass: 170K(256K)->170K(256K) Class: 10K(128K)->10K(128K)
[2026-03-25T16:38:04.288+0900][94.748s][info][gc          ] GC(75) Pause Young (Normal) (G1 Evacuation Pause) 234M->228M(256M) 2.575ms
[2026-03-25T16:38:04.288+0900][94.748s][info][gc,cpu      ] GC(75) User=0.00s Sys=0.00s Real=0.00s
[2026-03-25T16:38:04.561+0900][95.021s][info][gc,start    ] GC(76) Pause Young (Concurrent Start) (G1 Evacuation Pause)
[2026-03-25T16:38:04.561+0900][95.021s][info][gc,task     ] GC(76) Using 8 workers of 8 for evacuation
[2026-03-25T16:38:04.563+0900][95.023s][info][gc,phases   ] GC(76)   Pre Evacuate Collection Set: 0.2ms
[2026-03-25T16:38:04.563+0900][95.023s][info][gc,phases   ] GC(76)   Merge Heap Roots: 0.2ms
[2026-03-25T16:38:04.563+0900][95.023s][info][gc,phases   ] GC(76)   Evacuate Collection Set: 0.5ms
[2026-03-25T16:38:04.563+0900][95.023s][info][gc,phases   ] GC(76)   Post Evacuate Collection Set: 0.8ms
[2026-03-25T16:38:04.563+0900][95.023s][info][gc,phases   ] GC(76)   Other: 0.2ms
[2026-03-25T16:38:04.563+0900][95.023s][info][gc,heap     ] GC(76) Eden regions: 1->0(1)
[2026-03-25T16:38:04.563+0900][95.023s][info][gc,heap     ] GC(76) Survivor regions: 1->1(1)
[2026-03-25T16:38:04.563+0900][95.023s][info][gc,heap     ] GC(76) Old regions: 29->29
[2026-03-25T16:38:04.563+0900][95.023s][info][gc,heap     ] GC(76) Archive regions: 0->0
[2026-03-25T16:38:04.564+0900][95.023s][info][gc,heap     ] GC(76) Humongous regions: 0->0
[2026-03-25T16:38:04.564+0900][95.023s][info][gc,metaspace] GC(76) Metaspace: 181K(384K)->181K(384K) NonClass: 170K(256K)->170K(256K) Class: 10K(128K)->10K(128K)
[2026-03-25T16:38:04.564+0900][95.023s][info][gc          ] GC(76) Pause Young (Concurrent Start) (G1 Evacuation Pause) 236M->229M(256M) 2.619ms
[2026-03-25T16:38:04.564+0900][95.023s][info][gc,cpu      ] GC(76) User=0.00s Sys=0.00s Real=0.00s
[2026-03-25T16:38:04.564+0900][95.023s][info][gc          ] GC(77) Concurrent Mark Cycle
[2026-03-25T16:38:04.564+0900][95.024s][info][gc,marking  ] GC(77) Concurrent Clear Claimed Marks
[2026-03-25T16:38:04.564+0900][95.024s][info][gc,marking  ] GC(77) Concurrent Clear Claimed Marks 0.042ms
[2026-03-25T16:38:04.564+0900][95.024s][info][gc,marking  ] GC(77) Concurrent Scan Root Regions
[2026-03-25T16:38:04.564+0900][95.024s][info][gc,marking  ] GC(77) Concurrent Scan Root Regions 0.157ms
[2026-03-25T16:38:04.564+0900][95.024s][info][gc,marking  ] GC(77) Concurrent Mark
[2026-03-25T16:38:04.564+0900][95.024s][info][gc,marking  ] GC(77) Concurrent Mark From Roots
[2026-03-25T16:38:04.564+0900][95.024s][info][gc,task     ] GC(77) Using 2 workers of 2 for marking
[2026-03-25T16:38:04.566+0900][95.026s][info][gc,marking  ] GC(77) Concurrent Mark From Roots 1.731ms
[2026-03-25T16:38:04.566+0900][95.026s][info][gc,marking  ] GC(77) Concurrent Preclean
[2026-03-25T16:38:04.566+0900][95.026s][info][gc,marking  ] GC(77) Concurrent Preclean 0.042ms
[2026-03-25T16:38:04.567+0900][95.026s][info][gc,start    ] GC(77) Pause Remark
[2026-03-25T16:38:04.568+0900][95.028s][info][gc          ] GC(77) Pause Remark 231M->103M(256M) 1.365ms
[2026-03-25T16:38:04.568+0900][95.028s][info][gc,cpu      ] GC(77) User=0.00s Sys=0.00s Real=0.00s
[2026-03-25T16:38:04.568+0900][95.028s][info][gc,marking  ] GC(77) Concurrent Mark 4.080ms
[2026-03-25T16:38:04.568+0900][95.028s][info][gc,marking  ] GC(77) Concurrent Rebuild Remembered Sets
[2026-03-25T16:38:04.569+0900][95.029s][info][gc,marking  ] GC(77) Concurrent Rebuild Remembered Sets 1.012ms
[2026-03-25T16:38:04.570+0900][95.029s][info][gc,start    ] GC(77) Pause Cleanup
[2026-03-25T16:38:04.570+0900][95.029s][info][gc          ] GC(77) Pause Cleanup 103M->103M(256M) 0.093ms
[2026-03-25T16:38:04.570+0900][95.029s][info][gc,cpu      ] GC(77) User=0.00s Sys=0.00s Real=0.00s
[2026-03-25T16:38:04.570+0900][95.029s][info][gc,marking  ] GC(77) Concurrent Cleanup for Next Mark
[2026-03-25T16:38:04.570+0900][95.030s][info][gc,marking  ] GC(77) Concurrent Cleanup for Next Mark 0.108ms
[2026-03-25T16:38:04.570+0900][95.030s][info][gc          ] GC(77) Concurrent Mark Cycle 6.162ms
[2026-03-25T16:38:04.835+0900][95.294s][info][gc,start    ] GC(78) Pause Young (Prepare Mixed) (G1 Evacuation Pause)
[2026-03-25T16:38:04.835+0900][95.295s][info][gc,task     ] GC(78) Using 8 workers of 8 for evacuation
[2026-03-25T16:38:04.836+0900][95.296s][info][gc,phases   ] GC(78)   Pre Evacuate Collection Set: 0.2ms
[2026-03-25T16:38:04.836+0900][95.296s][info][gc,phases   ] GC(78)   Merge Heap Roots: 0.2ms
[2026-03-25T16:38:04.836+0900][95.296s][info][gc,phases   ] GC(78)   Evacuate Collection Set: 0.3ms
[2026-03-25T16:38:04.836+0900][95.296s][info][gc,phases   ] GC(78)   Post Evacuate Collection Set: 0.7ms
[2026-03-25T16:38:04.836+0900][95.296s][info][gc,phases   ] GC(78)   Other: 0.1ms
[2026-03-25T16:38:04.836+0900][95.296s][info][gc,heap     ] GC(78) Eden regions: 1->0(1)
[2026-03-25T16:38:04.836+0900][95.296s][info][gc,heap     ] GC(78) Survivor regions: 1->1(1)
[2026-03-25T16:38:04.836+0900][95.296s][info][gc,heap     ] GC(78) Old regions: 13->13
[2026-03-25T16:38:04.836+0900][95.296s][info][gc,heap     ] GC(78) Archive regions: 0->0
[2026-03-25T16:38:04.836+0900][95.296s][info][gc,heap     ] GC(78) Humongous regions: 0->0
[2026-03-25T16:38:04.836+0900][95.296s][info][gc,metaspace] GC(78) Metaspace: 181K(384K)->181K(384K) NonClass: 170K(256K)->170K(256K) Class: 10K(128K)->10K(128K)
[2026-03-25T16:38:04.836+0900][95.296s][info][gc          ] GC(78) Pause Young (Prepare Mixed) (G1 Evacuation Pause) 109M->103M(256M) 1.756ms
[2026-03-25T16:38:04.836+0900][95.296s][info][gc,cpu      ] GC(78) User=0.00s Sys=0.00s Real=0.00s
[2026-03-25T16:38:05.104+0900][95.564s][info][gc,start    ] GC(79) Pause Young (Mixed) (G1 Evacuation Pause)
[2026-03-25T16:38:05.104+0900][95.564s][info][gc,task     ] GC(79) Using 8 workers of 8 for evacuation
[2026-03-25T16:38:05.105+0900][95.565s][info][gc,phases   ] GC(79)   Pre Evacuate Collection Set: 0.1ms
[2026-03-25T16:38:05.105+0900][95.565s][info][gc,phases   ] GC(79)   Merge Heap Roots: 0.2ms
[2026-03-25T16:38:05.105+0900][95.565s][info][gc,phases   ] GC(79)   Evacuate Collection Set: 0.5ms
[2026-03-25T16:38:05.105+0900][95.565s][info][gc,phases   ] GC(79)   Post Evacuate Collection Set: 0.5ms
[2026-03-25T16:38:05.105+0900][95.565s][info][gc,phases   ] GC(79)   Other: 0.1ms
[2026-03-25T16:38:05.105+0900][95.565s][info][gc,heap     ] GC(79) Eden regions: 1->0(10)
[2026-03-25T16:38:05.105+0900][95.565s][info][gc,heap     ] GC(79) Survivor regions: 1->1(1)
[2026-03-25T16:38:05.105+0900][95.565s][info][gc,heap     ] GC(79) Old regions: 13->12
[2026-03-25T16:38:05.105+0900][95.565s][info][gc,heap     ] GC(79) Archive regions: 0->0
[2026-03-25T16:38:05.105+0900][95.565s][info][gc,heap     ] GC(79) Humongous regions: 0->0
[2026-03-25T16:38:05.105+0900][95.565s][info][gc,metaspace] GC(79) Metaspace: 181K(384K)->181K(384K) NonClass: 170K(256K)->170K(256K) Class: 10K(128K)->10K(128K)
[2026-03-25T16:38:05.105+0900][95.565s][info][gc          ] GC(79) Pause Young (Mixed) (G1 Evacuation Pause) 110M->97M(256M) 1.742ms
[2026-03-25T16:38:05.105+0900][95.565s][info][gc,cpu      ] GC(79) User=0.00s Sys=0.00s Real=0.00s
[2026-03-25T16:38:07.723+0900][98.182s][info][gc,start    ] GC(80) Pause Young (Normal) (G1 Evacuation Pause)
[2026-03-25T16:38:07.723+0900][98.182s][info][gc,task     ] GC(80) Using 8 workers of 8 for evacuation
[2026-03-25T16:38:07.724+0900][98.183s][info][gc,phases   ] GC(80)   Pre Evacuate Collection Set: 0.2ms
[2026-03-25T16:38:07.724+0900][98.184s][info][gc,phases   ] GC(80)   Merge Heap Roots: 0.2ms
[2026-03-25T16:38:07.724+0900][98.184s][info][gc,phases   ] GC(80)   Evacuate Collection Set: 0.8ms
[2026-03-25T16:38:07.724+0900][98.184s][info][gc,phases   ] GC(80)   Post Evacuate Collection Set: 0.3ms
[2026-03-25T16:38:07.724+0900][98.184s][info][gc,phases   ] GC(80)   Other: 0.1ms
[2026-03-25T16:38:07.724+0900][98.184s][info][gc,heap     ] GC(80) Eden regions: 10->0(8)
[2026-03-25T16:38:07.724+0900][98.184s][info][gc,heap     ] GC(80) Survivor regions: 1->2(2)
[2026-03-25T16:38:07.724+0900][98.184s][info][gc,heap     ] GC(80) Old regions: 12->13
[2026-03-25T16:38:07.724+0900][98.184s][info][gc,heap     ] GC(80) Archive regions: 0->0
[2026-03-25T16:38:07.724+0900][98.184s][info][gc,heap     ] GC(80) Humongous regions: 0->0
[2026-03-25T16:38:07.724+0900][98.184s][info][gc,metaspace] GC(80) Metaspace: 181K(384K)->181K(384K) NonClass: 170K(256K)->170K(256K) Class: 10K(128K)->10K(128K)
[2026-03-25T16:38:07.724+0900][98.184s][info][gc          ] GC(80) Pause Young (Normal) (G1 Evacuation Pause) 175M->112M(256M) 1.722ms
[2026-03-25T16:38:07.724+0900][98.184s][info][gc,cpu      ] GC(80) User=0.00s Sys=0.00s Real=0.00s
[2026-03-25T16:38:09.831+0900][100.290s][info][gc,start    ] GC(81) Pause Young (Normal) (G1 Evacuation Pause)
[2026-03-25T16:38:09.831+0900][100.290s][info][gc,task     ] GC(81) Using 8 workers of 8 for evacuation
[2026-03-25T16:38:09.833+0900][100.293s][info][gc,phases   ] GC(81)   Pre Evacuate Collection Set: 0.2ms
[2026-03-25T16:38:09.833+0900][100.294s][info][gc,phases   ] GC(81)   Merge Heap Roots: 0.2ms
[2026-03-25T16:38:09.833+0900][100.294s][info][gc,phases   ] GC(81)   Evacuate Collection Set: 1.6ms
[2026-03-25T16:38:09.833+0900][100.294s][info][gc,phases   ] GC(81)   Post Evacuate Collection Set: 0.8ms
[2026-03-25T16:38:09.833+0900][100.294s][info][gc,phases   ] GC(81)   Other: 0.1ms
[2026-03-25T16:38:09.833+0900][100.294s][info][gc,heap     ] GC(81) Eden regions: 8->0(7)
[2026-03-25T16:38:09.834+0900][100.294s][info][gc,heap     ] GC(81) Survivor regions: 2->2(2)
[2026-03-25T16:38:09.834+0900][100.294s][info][gc,heap     ] GC(81) Old regions: 13->15
[2026-03-25T16:38:09.834+0900][100.294s][info][gc,heap     ] GC(81) Archive regions: 0->0
[2026-03-25T16:38:09.834+0900][100.294s][info][gc,heap     ] GC(81) Humongous regions: 0->0
[2026-03-25T16:38:09.834+0900][100.294s][info][gc,metaspace] GC(81) Metaspace: 181K(384K)->181K(384K) NonClass: 170K(256K)->170K(256K) Class: 10K(128K)->10K(128K)
[2026-03-25T16:38:09.834+0900][100.294s][info][gc          ] GC(81) Pause Young (Normal) (G1 Evacuation Pause) 174M->123M(256M) 3.727ms
[2026-03-25T16:38:09.834+0900][100.294s][info][gc,cpu      ] GC(81) User=0.02s Sys=0.00s Real=0.00s
[2026-03-25T16:38:11.656+0900][102.115s][info][gc,start    ] GC(82) Pause Young (Normal) (G1 Evacuation Pause)
[2026-03-25T16:38:11.656+0900][102.115s][info][gc,task     ] GC(82) Using 8 workers of 8 for evacuation
[2026-03-25T16:38:11.658+0900][102.117s][info][gc,phases   ] GC(82)   Pre Evacuate Collection Set: 0.2ms
[2026-03-25T16:38:11.658+0900][102.118s][info][gc,phases   ] GC(82)   Merge Heap Roots: 0.1ms
[2026-03-25T16:38:11.658+0900][102.118s][info][gc,phases   ] GC(82)   Evacuate Collection Set: 1.0ms
[2026-03-25T16:38:11.658+0900][102.118s][info][gc,phases   ] GC(82)   Post Evacuate Collection Set: 0.6ms
[2026-03-25T16:38:11.658+0900][102.118s][info][gc,phases   ] GC(82)   Other: 0.1ms
[2026-03-25T16:38:11.658+0900][102.118s][info][gc,heap     ] GC(82) Eden regions: 7->0(6)
[2026-03-25T16:38:11.658+0900][102.118s][info][gc,heap     ] GC(82) Survivor regions: 2->2(2)
[2026-03-25T16:38:11.658+0900][102.118s][info][gc,heap     ] GC(82) Old regions: 15->16
[2026-03-25T16:38:11.658+0900][102.118s][info][gc,heap     ] GC(82) Archive regions: 0->0
[2026-03-25T16:38:11.658+0900][102.118s][info][gc,heap     ] GC(82) Humongous regions: 0->0
[2026-03-25T16:38:11.658+0900][102.118s][info][gc,metaspace] GC(82) Metaspace: 181K(384K)->181K(384K) NonClass: 170K(256K)->170K(256K) Class: 10K(128K)->10K(128K)
[2026-03-25T16:38:11.658+0900][102.118s][info][gc          ] GC(82) Pause Young (Normal) (G1 Evacuation Pause) 177M->134M(256M) 2.354ms
[2026-03-25T16:38:11.658+0900][102.118s][info][gc,cpu      ] GC(82) User=0.00s Sys=0.00s Real=0.00s
[2026-03-25T16:38:13.240+0900][103.700s][info][gc,start    ] GC(83) Pause Young (Normal) (G1 Evacuation Pause)
[2026-03-25T16:38:13.240+0900][103.700s][info][gc,task     ] GC(83) Using 8 workers of 8 for evacuation
[2026-03-25T16:38:13.242+0900][103.702s][info][gc,phases   ] GC(83)   Pre Evacuate Collection Set: 0.2ms
[2026-03-25T16:38:13.242+0900][103.702s][info][gc,phases   ] GC(83)   Merge Heap Roots: 0.2ms
[2026-03-25T16:38:13.242+0900][103.702s][info][gc,phases   ] GC(83)   Evacuate Collection Set: 1.2ms
[2026-03-25T16:38:13.242+0900][103.702s][info][gc,phases   ] GC(83)   Post Evacuate Collection Set: 0.8ms
[2026-03-25T16:38:13.242+0900][103.703s][info][gc,phases   ] GC(83)   Other: 0.1ms
[2026-03-25T16:38:13.242+0900][103.703s][info][gc,heap     ] GC(83) Eden regions: 6->0(6)
[2026-03-25T16:38:13.242+0900][103.703s][info][gc,heap     ] GC(83) Survivor regions: 2->1(1)
[2026-03-25T16:38:13.243+0900][103.703s][info][gc,heap     ] GC(83) Old regions: 16->17
[2026-03-25T16:38:13.243+0900][103.703s][info][gc,heap     ] GC(83) Archive regions: 0->0
[2026-03-25T16:38:13.243+0900][103.703s][info][gc,heap     ] GC(83) Humongous regions: 0->0
[2026-03-25T16:38:13.243+0900][103.703s][info][gc,metaspace] GC(83) Metaspace: 181K(384K)->181K(384K) NonClass: 170K(256K)->170K(256K) Class: 10K(128K)->10K(128K)
[2026-03-25T16:38:13.243+0900][103.703s][info][gc          ] GC(83) Pause Young (Normal) (G1 Evacuation Pause) 180M->143M(256M) 3.209ms
[2026-03-25T16:38:13.243+0900][103.703s][info][gc,cpu      ] GC(83) User=0.00s Sys=0.00s Real=0.00s
[2026-03-25T16:38:14.822+0900][105.281s][info][gc,start    ] GC(84) Pause Young (Normal) (G1 Evacuation Pause)
[2026-03-25T16:38:14.822+0900][105.281s][info][gc,task     ] GC(84) Using 8 workers of 8 for evacuation
[2026-03-25T16:38:14.823+0900][105.283s][info][gc,phases   ] GC(84)   Pre Evacuate Collection Set: 0.2ms
[2026-03-25T16:38:14.823+0900][105.283s][info][gc,phases   ] GC(84)   Merge Heap Roots: 0.1ms
[2026-03-25T16:38:14.823+0900][105.283s][info][gc,phases   ] GC(84)   Evacuate Collection Set: 0.9ms
[2026-03-25T16:38:14.823+0900][105.283s][info][gc,phases   ] GC(84)   Post Evacuate Collection Set: 0.5ms
[2026-03-25T16:38:14.823+0900][105.283s][info][gc,phases   ] GC(84)   Other: 0.1ms
[2026-03-25T16:38:14.824+0900][105.283s][info][gc,heap     ] GC(84) Eden regions: 6->0(5)
[2026-03-25T16:38:14.824+0900][105.283s][info][gc,heap     ] GC(84) Survivor regions: 1->1(1)
[2026-03-25T16:38:14.824+0900][105.283s][info][gc,heap     ] GC(84) Old regions: 17->19
[2026-03-25T16:38:14.824+0900][105.283s][info][gc,heap     ] GC(84) Archive regions: 0->0
[2026-03-25T16:38:14.824+0900][105.283s][info][gc,heap     ] GC(84) Humongous regions: 0->0
[2026-03-25T16:38:14.824+0900][105.283s][info][gc,metaspace] GC(84) Metaspace: 181K(384K)->181K(384K) NonClass: 170K(256K)->170K(256K) Class: 10K(128K)->10K(128K)
[2026-03-25T16:38:14.824+0900][105.283s][info][gc          ] GC(84) Pause Young (Normal) (G1 Evacuation Pause) 189M->152M(256M) 2.052ms
[2026-03-25T16:38:14.824+0900][105.283s][info][gc,cpu      ] GC(84) User=0.00s Sys=0.00s Real=0.00s
[2026-03-25T16:38:16.147+0900][106.607s][info][gc,start    ] GC(85) Pause Young (Normal) (G1 Evacuation Pause)
[2026-03-25T16:38:16.147+0900][106.607s][info][gc,task     ] GC(85) Using 8 workers of 8 for evacuation
[2026-03-25T16:38:16.149+0900][106.609s][info][gc,phases   ] GC(85)   Pre Evacuate Collection Set: 0.2ms
[2026-03-25T16:38:16.149+0900][106.609s][info][gc,phases   ] GC(85)   Merge Heap Roots: 0.2ms
[2026-03-25T16:38:16.149+0900][106.609s][info][gc,phases   ] GC(85)   Evacuate Collection Set: 0.4ms
[2026-03-25T16:38:16.149+0900][106.609s][info][gc,phases   ] GC(85)   Post Evacuate Collection Set: 0.8ms
[2026-03-25T16:38:16.149+0900][106.609s][info][gc,phases   ] GC(85)   Other: 0.2ms
[2026-03-25T16:38:16.149+0900][106.609s][info][gc,heap     ] GC(85) Eden regions: 5->0(5)
[2026-03-25T16:38:16.149+0900][106.609s][info][gc,heap     ] GC(85) Survivor regions: 1->1(1)
[2026-03-25T16:38:16.150+0900][106.609s][info][gc,heap     ] GC(85) Old regions: 19->19
[2026-03-25T16:38:16.150+0900][106.609s][info][gc,heap     ] GC(85) Archive regions: 0->0
[2026-03-25T16:38:16.150+0900][106.609s][info][gc,heap     ] GC(85) Humongous regions: 0->0
[2026-03-25T16:38:16.150+0900][106.610s][info][gc,metaspace] GC(85) Metaspace: 181K(384K)->181K(384K) NonClass: 170K(256K)->170K(256K) Class: 10K(128K)->10K(128K)
[2026-03-25T16:38:16.150+0900][106.610s][info][gc          ] GC(85) Pause Young (Normal) (G1 Evacuation Pause) 190M->146M(256M) 2.635ms
[2026-03-25T16:38:16.150+0900][106.610s][info][gc,cpu      ] GC(85) User=0.00s Sys=0.00s Real=0.00s
[2026-03-25T16:38:17.448+0900][107.908s][info][gc,start    ] GC(86) Pause Young (Normal) (G1 Evacuation Pause)
[2026-03-25T16:38:17.448+0900][107.908s][info][gc,task     ] GC(86) Using 8 workers of 8 for evacuation
[2026-03-25T16:38:17.451+0900][107.910s][info][gc,phases   ] GC(86)   Pre Evacuate Collection Set: 0.2ms
[2026-03-25T16:38:17.451+0900][107.910s][info][gc,phases   ] GC(86)   Merge Heap Roots: 0.2ms
[2026-03-25T16:38:17.451+0900][107.910s][info][gc,phases   ] GC(86)   Evacuate Collection Set: 0.7ms
[2026-03-25T16:38:17.451+0900][107.910s][info][gc,phases   ] GC(86)   Post Evacuate Collection Set: 0.8ms
[2026-03-25T16:38:17.451+0900][107.910s][info][gc,phases   ] GC(86)   Other: 0.1ms
[2026-03-25T16:38:17.451+0900][107.910s][info][gc,heap     ] GC(86) Eden regions: 5->0(5)
[2026-03-25T16:38:17.451+0900][107.910s][info][gc,heap     ] GC(86) Survivor regions: 1->1(1)
[2026-03-25T16:38:17.451+0900][107.910s][info][gc,heap     ] GC(86) Old regions: 19->19
[2026-03-25T16:38:17.451+0900][107.911s][info][gc,heap     ] GC(86) Archive regions: 0->0
[2026-03-25T16:38:17.451+0900][107.911s][info][gc,heap     ] GC(86) Humongous regions: 0->0
[2026-03-25T16:38:17.451+0900][107.911s][info][gc,metaspace] GC(86) Metaspace: 181K(384K)->181K(384K) NonClass: 170K(256K)->170K(256K) Class: 10K(128K)->10K(128K)
[2026-03-25T16:38:17.451+0900][107.911s][info][gc          ] GC(86) Pause Young (Normal) (G1 Evacuation Pause) 184M->153M(256M) 2.658ms
[2026-03-25T16:38:17.451+0900][107.911s][info][gc,cpu      ] GC(86) User=0.00s Sys=0.00s Real=0.00s
[2026-03-25T16:38:18.761+0900][109.220s][info][gc,start    ] GC(87) Pause Young (Normal) (G1 Evacuation Pause)
[2026-03-25T16:38:18.761+0900][109.220s][info][gc,task     ] GC(87) Using 8 workers of 8 for evacuation
[2026-03-25T16:38:18.763+0900][109.223s][info][gc,phases   ] GC(87)   Pre Evacuate Collection Set: 0.2ms
[2026-03-25T16:38:18.763+0900][109.223s][info][gc,phases   ] GC(87)   Merge Heap Roots: 0.2ms
[2026-03-25T16:38:18.763+0900][109.223s][info][gc,phases   ] GC(87)   Evacuate Collection Set: 1.0ms
[2026-03-25T16:38:18.763+0900][109.223s][info][gc,phases   ] GC(87)   Post Evacuate Collection Set: 0.8ms
[2026-03-25T16:38:18.763+0900][109.223s][info][gc,phases   ] GC(87)   Other: 0.1ms
[2026-03-25T16:38:18.763+0900][109.223s][info][gc,heap     ] GC(87) Eden regions: 5->0(4)
[2026-03-25T16:38:18.764+0900][109.223s][info][gc,heap     ] GC(87) Survivor regions: 1->1(1)
[2026-03-25T16:38:18.764+0900][109.223s][info][gc,heap     ] GC(87) Old regions: 19->20
[2026-03-25T16:38:18.764+0900][109.223s][info][gc,heap     ] GC(87) Archive regions: 0->0
[2026-03-25T16:38:18.764+0900][109.223s][info][gc,heap     ] GC(87) Humongous regions: 0->0
[2026-03-25T16:38:18.764+0900][109.223s][info][gc,metaspace] GC(87) Metaspace: 181K(384K)->181K(384K) NonClass: 170K(256K)->170K(256K) Class: 10K(128K)->10K(128K)
[2026-03-25T16:38:18.764+0900][109.223s][info][gc          ] GC(87) Pause Young (Normal) (G1 Evacuation Pause) 191M->161M(256M) 3.139ms
[2026-03-25T16:38:18.764+0900][109.223s][info][gc,cpu      ] GC(87) User=0.00s Sys=0.00s Real=0.00s
[2026-03-25T16:38:19.783+0900][110.243s][info][gc,start    ] GC(88) Pause Young (Normal) (G1 Evacuation Pause)
[2026-03-25T16:38:19.783+0900][110.243s][info][gc,task     ] GC(88) Using 8 workers of 8 for evacuation
[2026-03-25T16:38:19.786+0900][110.245s][info][gc,phases   ] GC(88)   Pre Evacuate Collection Set: 0.2ms
[2026-03-25T16:38:19.786+0900][110.245s][info][gc,phases   ] GC(88)   Merge Heap Roots: 0.2ms
[2026-03-25T16:38:19.786+0900][110.245s][info][gc,phases   ] GC(88)   Evacuate Collection Set: 0.9ms
[2026-03-25T16:38:19.786+0900][110.246s][info][gc,phases   ] GC(88)   Post Evacuate Collection Set: 0.8ms
[2026-03-25T16:38:19.786+0900][110.246s][info][gc,phases   ] GC(88)   Other: 0.1ms
[2026-03-25T16:38:19.786+0900][110.246s][info][gc,heap     ] GC(88) Eden regions: 4->0(3)
[2026-03-25T16:38:19.786+0900][110.246s][info][gc,heap     ] GC(88) Survivor regions: 1->1(1)
[2026-03-25T16:38:19.786+0900][110.246s][info][gc,heap     ] GC(88) Old regions: 20->21
[2026-03-25T16:38:19.786+0900][110.246s][info][gc,heap     ] GC(88) Archive regions: 0->0
[2026-03-25T16:38:19.786+0900][110.246s][info][gc,heap     ] GC(88) Humongous regions: 0->0
[2026-03-25T16:38:19.786+0900][110.246s][info][gc,metaspace] GC(88) Metaspace: 181K(384K)->181K(384K) NonClass: 170K(256K)->170K(256K) Class: 10K(128K)->10K(128K)
[2026-03-25T16:38:19.786+0900][110.246s][info][gc          ] GC(88) Pause Young (Normal) (G1 Evacuation Pause) 191M->166M(256M) 2.998ms
[2026-03-25T16:38:19.786+0900][110.246s][info][gc,cpu      ] GC(88) User=0.00s Sys=0.00s Real=0.00s
[2026-03-25T16:38:20.575+0900][111.035s][info][gc,start    ] GC(89) Pause Young (Normal) (G1 Evacuation Pause)
[2026-03-25T16:38:20.575+0900][111.035s][info][gc,task     ] GC(89) Using 8 workers of 8 for evacuation
[2026-03-25T16:38:20.577+0900][111.037s][info][gc,phases   ] GC(89)   Pre Evacuate Collection Set: 0.3ms
[2026-03-25T16:38:20.577+0900][111.037s][info][gc,phases   ] GC(89)   Merge Heap Roots: 0.1ms
[2026-03-25T16:38:20.577+0900][111.037s][info][gc,phases   ] GC(89)   Evacuate Collection Set: 0.8ms
[2026-03-25T16:38:20.577+0900][111.037s][info][gc,phases   ] GC(89)   Post Evacuate Collection Set: 0.6ms
[2026-03-25T16:38:20.578+0900][111.037s][info][gc,phases   ] GC(89)   Other: 0.1ms
[2026-03-25T16:38:20.578+0900][111.037s][info][gc,heap     ] GC(89) Eden regions: 3->0(3)
[2026-03-25T16:38:20.578+0900][111.037s][info][gc,heap     ] GC(89) Survivor regions: 1->1(1)
[2026-03-25T16:38:20.578+0900][111.037s][info][gc,heap     ] GC(89) Old regions: 21->21
[2026-03-25T16:38:20.578+0900][111.037s][info][gc,heap     ] GC(89) Archive regions: 0->0
[2026-03-25T16:38:20.578+0900][111.037s][info][gc,heap     ] GC(89) Humongous regions: 0->0
[2026-03-25T16:38:20.578+0900][111.037s][info][gc,metaspace] GC(89) Metaspace: 181K(384K)->181K(384K) NonClass: 170K(256K)->170K(256K) Class: 10K(128K)->10K(128K)
[2026-03-25T16:38:20.578+0900][111.038s][info][gc          ] GC(89) Pause Young (Normal) (G1 Evacuation Pause) 189M->171M(256M) 2.607ms
[2026-03-25T16:38:20.578+0900][111.038s][info][gc,cpu      ] GC(89) User=0.00s Sys=0.00s Real=0.00s
[2026-03-25T16:38:21.376+0900][111.835s][info][gc,start    ] GC(90) Pause Young (Normal) (G1 Evacuation Pause)
[2026-03-25T16:38:21.376+0900][111.835s][info][gc,task     ] GC(90) Using 8 workers of 8 for evacuation
[2026-03-25T16:38:21.377+0900][111.838s][info][gc,phases   ] GC(90)   Pre Evacuate Collection Set: 0.2ms
[2026-03-25T16:38:21.377+0900][111.838s][info][gc,phases   ] GC(90)   Merge Heap Roots: 0.2ms
[2026-03-25T16:38:21.377+0900][111.838s][info][gc,phases   ] GC(90)   Evacuate Collection Set: 0.8ms
[2026-03-25T16:38:21.378+0900][111.838s][info][gc,phases   ] GC(90)   Post Evacuate Collection Set: 0.9ms
[2026-03-25T16:38:21.378+0900][111.838s][info][gc,phases   ] GC(90)   Other: 0.1ms
[2026-03-25T16:38:21.378+0900][111.838s][info][gc,heap     ] GC(90) Eden regions: 3->0(3)
[2026-03-25T16:38:21.378+0900][111.838s][info][gc,heap     ] GC(90) Survivor regions: 1->1(1)
[2026-03-25T16:38:21.378+0900][111.838s][info][gc,heap     ] GC(90) Old regions: 21->22
[2026-03-25T16:38:21.378+0900][111.838s][info][gc,heap     ] GC(90) Archive regions: 0->0
[2026-03-25T16:38:21.378+0900][111.838s][info][gc,heap     ] GC(90) Humongous regions: 0->0
[2026-03-25T16:38:21.378+0900][111.838s][info][gc,metaspace] GC(90) Metaspace: 181K(384K)->181K(384K) NonClass: 170K(256K)->170K(256K) Class: 10K(128K)->10K(128K)
[2026-03-25T16:38:21.378+0900][111.838s][info][gc          ] GC(90) Pause Young (Normal) (G1 Evacuation Pause) 193M->175M(256M) 3.018ms
[2026-03-25T16:38:21.378+0900][111.838s][info][gc,cpu      ] GC(90) User=0.00s Sys=0.00s Real=0.00s
[2026-03-25T16:38:22.160+0900][112.620s][info][gc,start    ] GC(91) Pause Young (Normal) (G1 Evacuation Pause)
[2026-03-25T16:38:22.160+0900][112.620s][info][gc,task     ] GC(91) Using 8 workers of 8 for evacuation
[2026-03-25T16:38:22.162+0900][112.622s][info][gc,phases   ] GC(91)   Pre Evacuate Collection Set: 0.2ms
[2026-03-25T16:38:22.162+0900][112.622s][info][gc,phases   ] GC(91)   Merge Heap Roots: 0.2ms
[2026-03-25T16:38:22.162+0900][112.622s][info][gc,phases   ] GC(91)   Evacuate Collection Set: 0.6ms
[2026-03-25T16:38:22.162+0900][112.622s][info][gc,phases   ] GC(91)   Post Evacuate Collection Set: 0.8ms
[2026-03-25T16:38:22.162+0900][112.622s][info][gc,phases   ] GC(91)   Other: 0.1ms
[2026-03-25T16:38:22.163+0900][112.622s][info][gc,heap     ] GC(91) Eden regions: 3->0(3)
[2026-03-25T16:38:22.163+0900][112.622s][info][gc,heap     ] GC(91) Survivor regions: 1->1(1)
[2026-03-25T16:38:22.163+0900][112.622s][info][gc,heap     ] GC(91) Old regions: 22->22
[2026-03-25T16:38:22.163+0900][112.622s][info][gc,heap     ] GC(91) Archive regions: 0->0
[2026-03-25T16:38:22.163+0900][112.622s][info][gc,heap     ] GC(91) Humongous regions: 0->0
[2026-03-25T16:38:22.163+0900][112.623s][info][gc,metaspace] GC(91) Metaspace: 181K(384K)->181K(384K) NonClass: 170K(256K)->170K(256K) Class: 10K(128K)->10K(128K)
[2026-03-25T16:38:22.163+0900][112.623s][info][gc          ] GC(91) Pause Young (Normal) (G1 Evacuation Pause) 198M->180M(256M) 2.740ms
[2026-03-25T16:38:22.163+0900][112.623s][info][gc,cpu      ] GC(91) User=0.00s Sys=0.02s Real=0.00s
[2026-03-25T16:38:22.961+0900][113.421s][info][gc,start    ] GC(92) Pause Young (Normal) (G1 Evacuation Pause)
[2026-03-25T16:38:22.961+0900][113.421s][info][gc,task     ] GC(92) Using 8 workers of 8 for evacuation
[2026-03-25T16:38:22.963+0900][113.423s][info][gc,phases   ] GC(92)   Pre Evacuate Collection Set: 0.2ms
[2026-03-25T16:38:22.964+0900][113.423s][info][gc,phases   ] GC(92)   Merge Heap Roots: 0.2ms
[2026-03-25T16:38:22.964+0900][113.423s][info][gc,phases   ] GC(92)   Evacuate Collection Set: 0.7ms
[2026-03-25T16:38:22.964+0900][113.423s][info][gc,phases   ] GC(92)   Post Evacuate Collection Set: 0.7ms
[2026-03-25T16:38:22.964+0900][113.423s][info][gc,phases   ] GC(92)   Other: 0.1ms
[2026-03-25T16:38:22.964+0900][113.423s][info][gc,heap     ] GC(92) Eden regions: 3->0(2)
[2026-03-25T16:38:22.964+0900][113.423s][info][gc,heap     ] GC(92) Survivor regions: 1->1(1)
[2026-03-25T16:38:22.964+0900][113.423s][info][gc,heap     ] GC(92) Old regions: 22->23
[2026-03-25T16:38:22.964+0900][113.423s][info][gc,heap     ] GC(92) Archive regions: 0->0
[2026-03-25T16:38:22.964+0900][113.423s][info][gc,heap     ] GC(92) Humongous regions: 0->0
[2026-03-25T16:38:22.964+0900][113.423s][info][gc,metaspace] GC(92) Metaspace: 181K(384K)->181K(384K) NonClass: 170K(256K)->170K(256K) Class: 10K(128K)->10K(128K)
[2026-03-25T16:38:22.964+0900][113.424s][info][gc          ] GC(92) Pause Young (Normal) (G1 Evacuation Pause) 202M->184M(256M) 2.673ms
[2026-03-25T16:38:22.964+0900][113.424s][info][gc,cpu      ] GC(92) User=0.00s Sys=0.00s Real=0.00s
[2026-03-25T16:38:23.503+0900][113.962s][info][gc,start    ] GC(93) Pause Young (Normal) (G1 Evacuation Pause)
[2026-03-25T16:38:23.503+0900][113.963s][info][gc,task     ] GC(93) Using 8 workers of 8 for evacuation
[2026-03-25T16:38:23.505+0900][113.965s][info][gc,phases   ] GC(93)   Pre Evacuate Collection Set: 0.2ms
[2026-03-25T16:38:23.505+0900][113.965s][info][gc,phases   ] GC(93)   Merge Heap Roots: 0.2ms
[2026-03-25T16:38:23.505+0900][113.965s][info][gc,phases   ] GC(93)   Evacuate Collection Set: 0.5ms
[2026-03-25T16:38:23.505+0900][113.965s][info][gc,phases   ] GC(93)   Post Evacuate Collection Set: 0.9ms
[2026-03-25T16:38:23.505+0900][113.965s][info][gc,phases   ] GC(93)   Other: 0.2ms
[2026-03-25T16:38:23.505+0900][113.965s][info][gc,heap     ] GC(93) Eden regions: 2->0(1)
[2026-03-25T16:38:23.505+0900][113.965s][info][gc,heap     ] GC(93) Survivor regions: 1->1(1)
[2026-03-25T16:38:23.505+0900][113.965s][info][gc,heap     ] GC(93) Old regions: 23->24
[2026-03-25T16:38:23.506+0900][113.965s][info][gc,heap     ] GC(93) Archive regions: 0->0
[2026-03-25T16:38:23.506+0900][113.965s][info][gc,heap     ] GC(93) Humongous regions: 0->0
[2026-03-25T16:38:23.506+0900][113.965s][info][gc,metaspace] GC(93) Metaspace: 181K(384K)->181K(384K) NonClass: 170K(256K)->170K(256K) Class: 10K(128K)->10K(128K)
[2026-03-25T16:38:23.506+0900][113.965s][info][gc          ] GC(93) Pause Young (Normal) (G1 Evacuation Pause) 199M->187M(256M) 2.776ms
[2026-03-25T16:38:23.506+0900][113.965s][info][gc,cpu      ] GC(93) User=0.00s Sys=0.00s Real=0.00s
[2026-03-25T16:38:23.771+0900][114.231s][info][gc,start    ] GC(94) Pause Young (Normal) (G1 Evacuation Pause)
[2026-03-25T16:38:23.771+0900][114.231s][info][gc,task     ] GC(94) Using 8 workers of 8 for evacuation
[2026-03-25T16:38:23.772+0900][114.232s][info][gc,phases   ] GC(94)   Pre Evacuate Collection Set: 0.2ms
[2026-03-25T16:38:23.772+0900][114.232s][info][gc,phases   ] GC(94)   Merge Heap Roots: 0.2ms
[2026-03-25T16:38:23.773+0900][114.232s][info][gc,phases   ] GC(94)   Evacuate Collection Set: 0.3ms
[2026-03-25T16:38:23.773+0900][114.232s][info][gc,phases   ] GC(94)   Post Evacuate Collection Set: 0.5ms
[2026-03-25T16:38:23.773+0900][114.232s][info][gc,phases   ] GC(94)   Other: 0.1ms
[2026-03-25T16:38:23.773+0900][114.232s][info][gc,heap     ] GC(94) Eden regions: 1->0(1)
[2026-03-25T16:38:23.773+0900][114.232s][info][gc,heap     ] GC(94) Survivor regions: 1->1(1)
[2026-03-25T16:38:23.773+0900][114.232s][info][gc,heap     ] GC(94) Old regions: 24->24
[2026-03-25T16:38:23.773+0900][114.232s][info][gc,heap     ] GC(94) Archive regions: 0->0
[2026-03-25T16:38:23.773+0900][114.233s][info][gc,heap     ] GC(94) Humongous regions: 0->0
[2026-03-25T16:38:23.773+0900][114.233s][info][gc,metaspace] GC(94) Metaspace: 181K(384K)->181K(384K) NonClass: 170K(256K)->170K(256K) Class: 10K(128K)->10K(128K)
[2026-03-25T16:38:23.773+0900][114.233s][info][gc          ] GC(94) Pause Young (Normal) (G1 Evacuation Pause) 195M->189M(256M) 1.596ms
[2026-03-25T16:38:23.773+0900][114.233s][info][gc,cpu      ] GC(94) User=0.00s Sys=0.00s Real=0.00s
[2026-03-25T16:38:24.040+0900][114.499s][info][gc,start    ] GC(95) Pause Young (Normal) (G1 Evacuation Pause)
[2026-03-25T16:38:24.040+0900][114.499s][info][gc,task     ] GC(95) Using 8 workers of 8 for evacuation
[2026-03-25T16:38:24.041+0900][114.501s][info][gc,phases   ] GC(95)   Pre Evacuate Collection Set: 0.3ms
[2026-03-25T16:38:24.041+0900][114.501s][info][gc,phases   ] GC(95)   Merge Heap Roots: 0.2ms
[2026-03-25T16:38:24.041+0900][114.501s][info][gc,phases   ] GC(95)   Evacuate Collection Set: 0.5ms
[2026-03-25T16:38:24.041+0900][114.501s][info][gc,phases   ] GC(95)   Post Evacuate Collection Set: 0.8ms
[2026-03-25T16:38:24.041+0900][114.501s][info][gc,phases   ] GC(95)   Other: 0.1ms
[2026-03-25T16:38:24.041+0900][114.501s][info][gc,heap     ] GC(95) Eden regions: 1->0(1)
[2026-03-25T16:38:24.041+0900][114.501s][info][gc,heap     ] GC(95) Survivor regions: 1->1(1)
[2026-03-25T16:38:24.041+0900][114.501s][info][gc,heap     ] GC(95) Old regions: 24->24
[2026-03-25T16:38:24.041+0900][114.501s][info][gc,heap     ] GC(95) Archive regions: 0->0
[2026-03-25T16:38:24.041+0900][114.501s][info][gc,heap     ] GC(95) Humongous regions: 0->0
[2026-03-25T16:38:24.042+0900][114.502s][info][gc,metaspace] GC(95) Metaspace: 181K(384K)->181K(384K) NonClass: 170K(256K)->170K(256K) Class: 10K(128K)->10K(128K)
[2026-03-25T16:38:24.042+0900][114.502s][info][gc          ] GC(95) Pause Young (Normal) (G1 Evacuation Pause) 196M->190M(256M) 2.610ms
[2026-03-25T16:38:24.042+0900][114.502s][info][gc,cpu      ] GC(95) User=0.00s Sys=0.00s Real=0.00s
[2026-03-25T16:38:24.303+0900][114.762s][info][gc,start    ] GC(96) Pause Young (Normal) (G1 Evacuation Pause)
[2026-03-25T16:38:24.303+0900][114.762s][info][gc,task     ] GC(96) Using 8 workers of 8 for evacuation
[2026-03-25T16:38:24.304+0900][114.764s][info][gc,phases   ] GC(96)   Pre Evacuate Collection Set: 0.3ms
[2026-03-25T16:38:24.304+0900][114.764s][info][gc,phases   ] GC(96)   Merge Heap Roots: 0.2ms
[2026-03-25T16:38:24.304+0900][114.764s][info][gc,phases   ] GC(96)   Evacuate Collection Set: 0.5ms
[2026-03-25T16:38:24.304+0900][114.765s][info][gc,phases   ] GC(96)   Post Evacuate Collection Set: 0.8ms
[2026-03-25T16:38:24.304+0900][114.765s][info][gc,phases   ] GC(96)   Other: 0.1ms
[2026-03-25T16:38:24.304+0900][114.765s][info][gc,heap     ] GC(96) Eden regions: 1->0(1)
[2026-03-25T16:38:24.304+0900][114.765s][info][gc,heap     ] GC(96) Survivor regions: 1->1(1)
[2026-03-25T16:38:24.304+0900][114.765s][info][gc,heap     ] GC(96) Old regions: 24->24
[2026-03-25T16:38:24.304+0900][114.765s][info][gc,heap     ] GC(96) Archive regions: 0->0
[2026-03-25T16:38:24.304+0900][114.765s][info][gc,heap     ] GC(96) Humongous regions: 0->0
[2026-03-25T16:38:24.304+0900][114.765s][info][gc,metaspace] GC(96) Metaspace: 181K(384K)->181K(384K) NonClass: 170K(256K)->170K(256K) Class: 10K(128K)->10K(128K)
[2026-03-25T16:38:24.305+0900][114.765s][info][gc          ] GC(96) Pause Young (Normal) (G1 Evacuation Pause) 198M->192M(256M) 2.593ms
[2026-03-25T16:38:24.305+0900][114.765s][info][gc,cpu      ] GC(96) User=0.00s Sys=0.00s Real=0.00s
[2026-03-25T16:38:24.568+0900][115.028s][info][gc,start    ] GC(97) Pause Young (Normal) (G1 Evacuation Pause)
[2026-03-25T16:38:24.568+0900][115.028s][info][gc,task     ] GC(97) Using 8 workers of 8 for evacuation
[2026-03-25T16:38:24.571+0900][115.030s][info][gc,phases   ] GC(97)   Pre Evacuate Collection Set: 0.2ms
[2026-03-25T16:38:24.571+0900][115.030s][info][gc,phases   ] GC(97)   Merge Heap Roots: 0.2ms
[2026-03-25T16:38:24.571+0900][115.030s][info][gc,phases   ] GC(97)   Evacuate Collection Set: 0.5ms
[2026-03-25T16:38:24.571+0900][115.030s][info][gc,phases   ] GC(97)   Post Evacuate Collection Set: 0.8ms
[2026-03-25T16:38:24.571+0900][115.030s][info][gc,phases   ] GC(97)   Other: 0.1ms
[2026-03-25T16:38:24.571+0900][115.030s][info][gc,heap     ] GC(97) Eden regions: 1->0(1)
[2026-03-25T16:38:24.571+0900][115.030s][info][gc,heap     ] GC(97) Survivor regions: 1->1(1)
[2026-03-25T16:38:24.571+0900][115.030s][info][gc,heap     ] GC(97) Old regions: 24->24
[2026-03-25T16:38:24.571+0900][115.030s][info][gc,heap     ] GC(97) Archive regions: 0->0
[2026-03-25T16:38:24.571+0900][115.031s][info][gc,heap     ] GC(97) Humongous regions: 0->0
[2026-03-25T16:38:24.571+0900][115.031s][info][gc,metaspace] GC(97) Metaspace: 181K(384K)->181K(384K) NonClass: 170K(256K)->170K(256K) Class: 10K(128K)->10K(128K)
[2026-03-25T16:38:24.571+0900][115.031s][info][gc          ] GC(97) Pause Young (Normal) (G1 Evacuation Pause) 199M->193M(256M) 2.525ms
[2026-03-25T16:38:24.571+0900][115.031s][info][gc,cpu      ] GC(97) User=0.02s Sys=0.00s Real=0.00s
[2026-03-25T16:38:24.824+0900][115.283s][info][gc,start    ] GC(98) Pause Young (Normal) (G1 Evacuation Pause)
[2026-03-25T16:38:24.824+0900][115.284s][info][gc,task     ] GC(98) Using 8 workers of 8 for evacuation
[2026-03-25T16:38:24.825+0900][115.285s][info][gc,phases   ] GC(98)   Pre Evacuate Collection Set: 0.2ms
[2026-03-25T16:38:24.825+0900][115.285s][info][gc,phases   ] GC(98)   Merge Heap Roots: 0.1ms
[2026-03-25T16:38:24.825+0900][115.285s][info][gc,phases   ] GC(98)   Evacuate Collection Set: 0.4ms
[2026-03-25T16:38:24.825+0900][115.285s][info][gc,phases   ] GC(98)   Post Evacuate Collection Set: 0.5ms
[2026-03-25T16:38:24.825+0900][115.285s][info][gc,phases   ] GC(98)   Other: 0.1ms
[2026-03-25T16:38:24.825+0900][115.285s][info][gc,heap     ] GC(98) Eden regions: 1->0(1)
[2026-03-25T16:38:24.825+0900][115.285s][info][gc,heap     ] GC(98) Survivor regions: 1->1(1)
[2026-03-25T16:38:24.825+0900][115.285s][info][gc,heap     ] GC(98) Old regions: 24->24
[2026-03-25T16:38:24.825+0900][115.285s][info][gc,heap     ] GC(98) Archive regions: 0->0
[2026-03-25T16:38:24.825+0900][115.285s][info][gc,heap     ] GC(98) Humongous regions: 0->0
[2026-03-25T16:38:24.825+0900][115.285s][info][gc,metaspace] GC(98) Metaspace: 181K(384K)->181K(384K) NonClass: 170K(256K)->170K(256K) Class: 10K(128K)->10K(128K)
[2026-03-25T16:38:24.825+0900][115.285s][info][gc          ] GC(98) Pause Young (Normal) (G1 Evacuation Pause) 201M->195M(256M) 1.741ms
[2026-03-25T16:38:24.825+0900][115.285s][info][gc,cpu      ] GC(98) User=0.00s Sys=0.00s Real=0.00s
[2026-03-25T16:38:25.085+0900][115.545s][info][gc,start    ] GC(99) Pause Young (Normal) (G1 Evacuation Pause)
[2026-03-25T16:38:25.085+0900][115.545s][info][gc,task     ] GC(99) Using 8 workers of 8 for evacuation
[2026-03-25T16:38:25.087+0900][115.547s][info][gc,phases   ] GC(99)   Pre Evacuate Collection Set: 0.2ms
[2026-03-25T16:38:25.087+0900][115.547s][info][gc,phases   ] GC(99)   Merge Heap Roots: 0.2ms
[2026-03-25T16:38:25.087+0900][115.547s][info][gc,phases   ] GC(99)   Evacuate Collection Set: 0.6ms
[2026-03-25T16:38:25.087+0900][115.547s][info][gc,phases   ] GC(99)   Post Evacuate Collection Set: 0.8ms
[2026-03-25T16:38:25.088+0900][115.547s][info][gc,phases   ] GC(99)   Other: 0.1ms
[2026-03-25T16:38:25.088+0900][115.547s][info][gc,heap     ] GC(99) Eden regions: 1->0(1)
[2026-03-25T16:38:25.088+0900][115.547s][info][gc,heap     ] GC(99) Survivor regions: 1->1(1)
[2026-03-25T16:38:25.088+0900][115.547s][info][gc,heap     ] GC(99) Old regions: 24->25
[2026-03-25T16:38:25.088+0900][115.547s][info][gc,heap     ] GC(99) Archive regions: 0->0
[2026-03-25T16:38:25.088+0900][115.547s][info][gc,heap     ] GC(99) Humongous regions: 0->0
[2026-03-25T16:38:25.088+0900][115.547s][info][gc,metaspace] GC(99) Metaspace: 181K(384K)->181K(384K) NonClass: 170K(256K)->170K(256K) Class: 10K(128K)->10K(128K)
[2026-03-25T16:38:25.088+0900][115.547s][info][gc          ] GC(99) Pause Young (Normal) (G1 Evacuation Pause) 202M->196M(256M) 2.513ms
[2026-03-25T16:38:25.088+0900][115.547s][info][gc,cpu      ] GC(99) User=0.00s Sys=0.00s Real=0.00s
[2026-03-25T16:38:25.342+0900][115.802s][info][gc,start    ] GC(100) Pause Young (Normal) (G1 Evacuation Pause)
[2026-03-25T16:38:25.342+0900][115.802s][info][gc,task     ] GC(100) Using 8 workers of 8 for evacuation
[2026-03-25T16:38:25.344+0900][115.804s][info][gc,phases   ] GC(100)   Pre Evacuate Collection Set: 0.3ms
[2026-03-25T16:38:25.344+0900][115.804s][info][gc,phases   ] GC(100)   Merge Heap Roots: 0.1ms
[2026-03-25T16:38:25.344+0900][115.804s][info][gc,phases   ] GC(100)   Evacuate Collection Set: 0.6ms
[2026-03-25T16:38:25.344+0900][115.804s][info][gc,phases   ] GC(100)   Post Evacuate Collection Set: 0.6ms
[2026-03-25T16:38:25.344+0900][115.804s][info][gc,phases   ] GC(100)   Other: 0.1ms
[2026-03-25T16:38:25.344+0900][115.804s][info][gc,heap     ] GC(100) Eden regions: 1->0(1)
[2026-03-25T16:38:25.344+0900][115.804s][info][gc,heap     ] GC(100) Survivor regions: 1->1(1)
[2026-03-25T16:38:25.344+0900][115.804s][info][gc,heap     ] GC(100) Old regions: 25->25
[2026-03-25T16:38:25.344+0900][115.804s][info][gc,heap     ] GC(100) Archive regions: 0->0
[2026-03-25T16:38:25.344+0900][115.804s][info][gc,heap     ] GC(100) Humongous regions: 0->0
[2026-03-25T16:38:25.344+0900][115.804s][info][gc,metaspace] GC(100) Metaspace: 181K(384K)->181K(384K) NonClass: 170K(256K)->170K(256K) Class: 10K(128K)->10K(128K)
[2026-03-25T16:38:25.344+0900][115.804s][info][gc          ] GC(100) Pause Young (Normal) (G1 Evacuation Pause) 204M->198M(256M) 2.447ms
[2026-03-25T16:38:25.344+0900][115.804s][info][gc,cpu      ] GC(100) User=0.00s Sys=0.00s Real=0.00s
[2026-03-25T16:38:25.607+0900][116.067s][info][gc,start    ] GC(101) Pause Young (Normal) (G1 Evacuation Pause)
[2026-03-25T16:38:25.607+0900][116.067s][info][gc,task     ] GC(101) Using 8 workers of 8 for evacuation
[2026-03-25T16:38:25.608+0900][116.068s][info][gc,phases   ] GC(101)   Pre Evacuate Collection Set: 0.2ms
[2026-03-25T16:38:25.608+0900][116.068s][info][gc,phases   ] GC(101)   Merge Heap Roots: 0.2ms
[2026-03-25T16:38:25.608+0900][116.068s][info][gc,phases   ] GC(101)   Evacuate Collection Set: 0.3ms
[2026-03-25T16:38:25.608+0900][116.068s][info][gc,phases   ] GC(101)   Post Evacuate Collection Set: 0.5ms
[2026-03-25T16:38:25.608+0900][116.068s][info][gc,phases   ] GC(101)   Other: 0.1ms
[2026-03-25T16:38:25.608+0900][116.068s][info][gc,heap     ] GC(101) Eden regions: 1->0(1)
[2026-03-25T16:38:25.608+0900][116.068s][info][gc,heap     ] GC(101) Survivor regions: 1->1(1)
[2026-03-25T16:38:25.608+0900][116.068s][info][gc,heap     ] GC(101) Old regions: 25->25
[2026-03-25T16:38:25.608+0900][116.068s][info][gc,heap     ] GC(101) Archive regions: 0->0
[2026-03-25T16:38:25.608+0900][116.068s][info][gc,heap     ] GC(101) Humongous regions: 0->0
[2026-03-25T16:38:25.608+0900][116.068s][info][gc,metaspace] GC(101) Metaspace: 181K(384K)->181K(384K) NonClass: 170K(256K)->170K(256K) Class: 10K(128K)->10K(128K)
[2026-03-25T16:38:25.608+0900][116.068s][info][gc          ] GC(101) Pause Young (Normal) (G1 Evacuation Pause) 205M->199M(256M) 1.447ms
[2026-03-25T16:38:25.608+0900][116.068s][info][gc,cpu      ] GC(101) User=0.00s Sys=0.00s Real=0.00s
[2026-03-25T16:38:25.866+0900][116.326s][info][gc,start    ] GC(102) Pause Young (Normal) (G1 Evacuation Pause)
[2026-03-25T16:38:25.866+0900][116.326s][info][gc,task     ] GC(102) Using 8 workers of 8 for evacuation
[2026-03-25T16:38:25.867+0900][116.328s][info][gc,phases   ] GC(102)   Pre Evacuate Collection Set: 0.2ms
[2026-03-25T16:38:25.868+0900][116.328s][info][gc,phases   ] GC(102)   Merge Heap Roots: 0.2ms
[2026-03-25T16:38:25.868+0900][116.328s][info][gc,phases   ] GC(102)   Evacuate Collection Set: 0.5ms
[2026-03-25T16:38:25.868+0900][116.328s][info][gc,phases   ] GC(102)   Post Evacuate Collection Set: 0.7ms
[2026-03-25T16:38:25.868+0900][116.328s][info][gc,phases   ] GC(102)   Other: 0.1ms
[2026-03-25T16:38:25.868+0900][116.328s][info][gc,heap     ] GC(102) Eden regions: 1->0(1)
[2026-03-25T16:38:25.868+0900][116.328s][info][gc,heap     ] GC(102) Survivor regions: 1->1(1)
[2026-03-25T16:38:25.868+0900][116.328s][info][gc,heap     ] GC(102) Old regions: 25->25
[2026-03-25T16:38:25.868+0900][116.328s][info][gc,heap     ] GC(102) Archive regions: 0->0
[2026-03-25T16:38:25.868+0900][116.328s][info][gc,heap     ] GC(102) Humongous regions: 0->0
[2026-03-25T16:38:25.868+0900][116.328s][info][gc,metaspace] GC(102) Metaspace: 181K(384K)->181K(384K) NonClass: 170K(256K)->170K(256K) Class: 10K(128K)->10K(128K)
[2026-03-25T16:38:25.868+0900][116.328s][info][gc          ] GC(102) Pause Young (Normal) (G1 Evacuation Pause) 207M->201M(256M) 2.201ms
[2026-03-25T16:38:25.868+0900][116.328s][info][gc,cpu      ] GC(102) User=0.00s Sys=0.00s Real=0.00s
[2026-03-25T16:38:26.127+0900][116.586s][info][gc,start    ] GC(103) Pause Young (Normal) (G1 Evacuation Pause)
[2026-03-25T16:38:26.127+0900][116.586s][info][gc,task     ] GC(103) Using 8 workers of 8 for evacuation
[2026-03-25T16:38:26.128+0900][116.588s][info][gc,phases   ] GC(103)   Pre Evacuate Collection Set: 0.3ms
[2026-03-25T16:38:26.128+0900][116.588s][info][gc,phases   ] GC(103)   Merge Heap Roots: 0.2ms
[2026-03-25T16:38:26.128+0900][116.589s][info][gc,phases   ] GC(103)   Evacuate Collection Set: 0.7ms
[2026-03-25T16:38:26.129+0900][116.589s][info][gc,phases   ] GC(103)   Post Evacuate Collection Set: 0.8ms
[2026-03-25T16:38:26.129+0900][116.589s][info][gc,phases   ] GC(103)   Other: 0.1ms
[2026-03-25T16:38:26.129+0900][116.589s][info][gc,heap     ] GC(103) Eden regions: 1->0(1)
[2026-03-25T16:38:26.129+0900][116.589s][info][gc,heap     ] GC(103) Survivor regions: 1->1(1)
[2026-03-25T16:38:26.129+0900][116.589s][info][gc,heap     ] GC(103) Old regions: 25->25
[2026-03-25T16:38:26.129+0900][116.589s][info][gc,heap     ] GC(103) Archive regions: 0->0
[2026-03-25T16:38:26.129+0900][116.589s][info][gc,heap     ] GC(103) Humongous regions: 0->0
[2026-03-25T16:38:26.129+0900][116.589s][info][gc,metaspace] GC(103) Metaspace: 181K(384K)->181K(384K) NonClass: 170K(256K)->170K(256K) Class: 10K(128K)->10K(128K)
[2026-03-25T16:38:26.129+0900][116.589s][info][gc          ] GC(103) Pause Young (Normal) (G1 Evacuation Pause) 208M->202M(256M) 2.756ms
[2026-03-25T16:38:26.129+0900][116.589s][info][gc,cpu      ] GC(103) User=0.00s Sys=0.00s Real=0.00s
[2026-03-25T16:38:26.393+0900][116.853s][info][gc,start    ] GC(104) Pause Young (Normal) (G1 Evacuation Pause)
[2026-03-25T16:38:26.393+0900][116.853s][info][gc,task     ] GC(104) Using 8 workers of 8 for evacuation
[2026-03-25T16:38:26.395+0900][116.855s][info][gc,phases   ] GC(104)   Pre Evacuate Collection Set: 0.2ms
[2026-03-25T16:38:26.395+0900][116.855s][info][gc,phases   ] GC(104)   Merge Heap Roots: 0.2ms
[2026-03-25T16:38:26.395+0900][116.855s][info][gc,phases   ] GC(104)   Evacuate Collection Set: 0.6ms
[2026-03-25T16:38:26.395+0900][116.855s][info][gc,phases   ] GC(104)   Post Evacuate Collection Set: 0.8ms
[2026-03-25T16:38:26.395+0900][116.855s][info][gc,phases   ] GC(104)   Other: 0.1ms
[2026-03-25T16:38:26.396+0900][116.855s][info][gc,heap     ] GC(104) Eden regions: 1->0(1)
[2026-03-25T16:38:26.396+0900][116.855s][info][gc,heap     ] GC(104) Survivor regions: 1->1(1)
[2026-03-25T16:38:26.396+0900][116.855s][info][gc,heap     ] GC(104) Old regions: 25->25
[2026-03-25T16:38:26.396+0900][116.855s][info][gc,heap     ] GC(104) Archive regions: 0->0
[2026-03-25T16:38:26.396+0900][116.855s][info][gc,heap     ] GC(104) Humongous regions: 0->0
[2026-03-25T16:38:26.396+0900][116.855s][info][gc,metaspace] GC(104) Metaspace: 181K(384K)->181K(384K) NonClass: 170K(256K)->170K(256K) Class: 10K(128K)->10K(128K)
[2026-03-25T16:38:26.396+0900][116.855s][info][gc          ] GC(104) Pause Young (Normal) (G1 Evacuation Pause) 210M->203M(256M) 2.744ms
[2026-03-25T16:38:26.396+0900][116.855s][info][gc,cpu      ] GC(104) User=0.00s Sys=0.00s Real=0.00s
[2026-03-25T16:38:26.658+0900][117.118s][info][gc,start    ] GC(105) Pause Young (Normal) (G1 Evacuation Pause)
[2026-03-25T16:38:26.658+0900][117.118s][info][gc,task     ] GC(105) Using 8 workers of 8 for evacuation
[2026-03-25T16:38:26.660+0900][117.120s][info][gc,phases   ] GC(105)   Pre Evacuate Collection Set: 0.2ms
[2026-03-25T16:38:26.660+0900][117.120s][info][gc,phases   ] GC(105)   Merge Heap Roots: 0.2ms
[2026-03-25T16:38:26.660+0900][117.120s][info][gc,phases   ] GC(105)   Evacuate Collection Set: 0.5ms
[2026-03-25T16:38:26.660+0900][117.120s][info][gc,phases   ] GC(105)   Post Evacuate Collection Set: 0.9ms
[2026-03-25T16:38:26.660+0900][117.120s][info][gc,phases   ] GC(105)   Other: 0.2ms
[2026-03-25T16:38:26.660+0900][117.120s][info][gc,heap     ] GC(105) Eden regions: 1->0(1)
[2026-03-25T16:38:26.660+0900][117.120s][info][gc,heap     ] GC(105) Survivor regions: 1->1(1)
[2026-03-25T16:38:26.660+0900][117.120s][info][gc,heap     ] GC(105) Old regions: 25->26
[2026-03-25T16:38:26.660+0900][117.120s][info][gc,heap     ] GC(105) Archive regions: 0->0
[2026-03-25T16:38:26.660+0900][117.120s][info][gc,heap     ] GC(105) Humongous regions: 0->0
[2026-03-25T16:38:26.660+0900][117.120s][info][gc,metaspace] GC(105) Metaspace: 181K(384K)->181K(384K) NonClass: 170K(256K)->170K(256K) Class: 10K(128K)->10K(128K)
[2026-03-25T16:38:26.660+0900][117.120s][info][gc          ] GC(105) Pause Young (Normal) (G1 Evacuation Pause) 211M->205M(256M) 2.634ms
[2026-03-25T16:38:26.661+0900][117.120s][info][gc,cpu      ] GC(105) User=0.00s Sys=0.00s Real=0.00s
[2026-03-25T16:38:26.918+0900][117.378s][info][gc,start    ] GC(106) Pause Young (Normal) (G1 Evacuation Pause)
[2026-03-25T16:38:26.918+0900][117.378s][info][gc,task     ] GC(106) Using 8 workers of 8 for evacuation
[2026-03-25T16:38:26.920+0900][117.380s][info][gc,phases   ] GC(106)   Pre Evacuate Collection Set: 0.2ms
[2026-03-25T16:38:26.920+0900][117.380s][info][gc,phases   ] GC(106)   Merge Heap Roots: 0.2ms
[2026-03-25T16:38:26.920+0900][117.380s][info][gc,phases   ] GC(106)   Evacuate Collection Set: 0.5ms
[2026-03-25T16:38:26.920+0900][117.380s][info][gc,phases   ] GC(106)   Post Evacuate Collection Set: 0.8ms
[2026-03-25T16:38:26.920+0900][117.380s][info][gc,phases   ] GC(106)   Other: 0.1ms
[2026-03-25T16:38:26.920+0900][117.380s][info][gc,heap     ] GC(106) Eden regions: 1->0(1)
[2026-03-25T16:38:26.920+0900][117.380s][info][gc,heap     ] GC(106) Survivor regions: 1->1(1)
[2026-03-25T16:38:26.920+0900][117.380s][info][gc,heap     ] GC(106) Old regions: 26->26
[2026-03-25T16:38:26.920+0900][117.380s][info][gc,heap     ] GC(106) Archive regions: 0->0
[2026-03-25T16:38:26.920+0900][117.380s][info][gc,heap     ] GC(106) Humongous regions: 0->0
[2026-03-25T16:38:26.920+0900][117.380s][info][gc,metaspace] GC(106) Metaspace: 181K(384K)->181K(384K) NonClass: 170K(256K)->170K(256K) Class: 10K(128K)->10K(128K)
[2026-03-25T16:38:26.920+0900][117.381s][info][gc          ] GC(106) Pause Young (Normal) (G1 Evacuation Pause) 213M->206M(256M) 2.625ms
[2026-03-25T16:38:26.920+0900][117.381s][info][gc,cpu      ] GC(106) User=0.00s Sys=0.00s Real=0.00s
[2026-03-25T16:38:27.191+0900][117.651s][info][gc,start    ] GC(107) Pause Young (Normal) (G1 Evacuation Pause)
[2026-03-25T16:38:27.191+0900][117.651s][info][gc,task     ] GC(107) Using 8 workers of 8 for evacuation
[2026-03-25T16:38:27.193+0900][117.653s][info][gc,phases   ] GC(107)   Pre Evacuate Collection Set: 0.2ms
[2026-03-25T16:38:27.193+0900][117.653s][info][gc,phases   ] GC(107)   Merge Heap Roots: 0.2ms
[2026-03-25T16:38:27.193+0900][117.653s][info][gc,phases   ] GC(107)   Evacuate Collection Set: 0.3ms
[2026-03-25T16:38:27.193+0900][117.653s][info][gc,phases   ] GC(107)   Post Evacuate Collection Set: 0.5ms
[2026-03-25T16:38:27.193+0900][117.653s][info][gc,phases   ] GC(107)   Other: 0.1ms
[2026-03-25T16:38:27.193+0900][117.653s][info][gc,heap     ] GC(107) Eden regions: 1->0(1)
[2026-03-25T16:38:27.193+0900][117.653s][info][gc,heap     ] GC(107) Survivor regions: 1->1(1)
[2026-03-25T16:38:27.193+0900][117.653s][info][gc,heap     ] GC(107) Old regions: 26->26
[2026-03-25T16:38:27.193+0900][117.653s][info][gc,heap     ] GC(107) Archive regions: 0->0
[2026-03-25T16:38:27.193+0900][117.653s][info][gc,heap     ] GC(107) Humongous regions: 0->0
[2026-03-25T16:38:27.193+0900][117.653s][info][gc,metaspace] GC(107) Metaspace: 181K(384K)->181K(384K) NonClass: 170K(256K)->170K(256K) Class: 10K(128K)->10K(128K)
[2026-03-25T16:38:27.193+0900][117.653s][info][gc          ] GC(107) Pause Young (Normal) (G1 Evacuation Pause) 214M->208M(256M) 1.627ms
[2026-03-25T16:38:27.193+0900][117.653s][info][gc,cpu      ] GC(107) User=0.00s Sys=0.00s Real=0.00s
[2026-03-25T16:38:27.448+0900][117.907s][info][gc,start    ] GC(108) Pause Young (Normal) (G1 Evacuation Pause)
[2026-03-25T16:38:27.448+0900][117.907s][info][gc,task     ] GC(108) Using 8 workers of 8 for evacuation
[2026-03-25T16:38:27.448+0900][117.908s][info][gc,phases   ] GC(108)   Pre Evacuate Collection Set: 0.1ms
[2026-03-25T16:38:27.448+0900][117.908s][info][gc,phases   ] GC(108)   Merge Heap Roots: 0.0ms
[2026-03-25T16:38:27.448+0900][117.908s][info][gc,phases   ] GC(108)   Evacuate Collection Set: 0.3ms
[2026-03-25T16:38:27.448+0900][117.908s][info][gc,phases   ] GC(108)   Post Evacuate Collection Set: 0.2ms
[2026-03-25T16:38:27.448+0900][117.908s][info][gc,phases   ] GC(108)   Other: 0.0ms
[2026-03-25T16:38:27.448+0900][117.908s][info][gc,heap     ] GC(108) Eden regions: 1->0(1)
[2026-03-25T16:38:27.448+0900][117.908s][info][gc,heap     ] GC(108) Survivor regions: 1->1(1)
[2026-03-25T16:38:27.448+0900][117.908s][info][gc,heap     ] GC(108) Old regions: 26->26
[2026-03-25T16:38:27.448+0900][117.908s][info][gc,heap     ] GC(108) Archive regions: 0->0
[2026-03-25T16:38:27.448+0900][117.908s][info][gc,heap     ] GC(108) Humongous regions: 0->0
[2026-03-25T16:38:27.448+0900][117.908s][info][gc,metaspace] GC(108) Metaspace: 181K(384K)->181K(384K) NonClass: 170K(256K)->170K(256K) Class: 10K(128K)->10K(128K)
[2026-03-25T16:38:27.448+0900][117.908s][info][gc          ] GC(108) Pause Young (Normal) (G1 Evacuation Pause) 215M->209M(256M) 0.983ms
[2026-03-25T16:38:27.448+0900][117.908s][info][gc,cpu      ] GC(108) User=0.00s Sys=0.00s Real=0.00s
[2026-03-25T16:38:27.710+0900][118.169s][info][gc,start    ] GC(109) Pause Young (Normal) (G1 Evacuation Pause)
[2026-03-25T16:38:27.710+0900][118.169s][info][gc,task     ] GC(109) Using 8 workers of 8 for evacuation
[2026-03-25T16:38:27.712+0900][118.171s][info][gc,phases   ] GC(109)   Pre Evacuate Collection Set: 0.3ms
[2026-03-25T16:38:27.712+0900][118.171s][info][gc,phases   ] GC(109)   Merge Heap Roots: 0.2ms
[2026-03-25T16:38:27.712+0900][118.171s][info][gc,phases   ] GC(109)   Evacuate Collection Set: 0.5ms
[2026-03-25T16:38:27.712+0900][118.171s][info][gc,phases   ] GC(109)   Post Evacuate Collection Set: 0.8ms
[2026-03-25T16:38:27.712+0900][118.172s][info][gc,phases   ] GC(109)   Other: 0.1ms
[2026-03-25T16:38:27.712+0900][118.172s][info][gc,heap     ] GC(109) Eden regions: 1->0(1)
[2026-03-25T16:38:27.712+0900][118.172s][info][gc,heap     ] GC(109) Survivor regions: 1->1(1)
[2026-03-25T16:38:27.712+0900][118.172s][info][gc,heap     ] GC(109) Old regions: 26->26
[2026-03-25T16:38:27.712+0900][118.172s][info][gc,heap     ] GC(109) Archive regions: 0->0
[2026-03-25T16:38:27.712+0900][118.172s][info][gc,heap     ] GC(109) Humongous regions: 0->0
[2026-03-25T16:38:27.712+0900][118.172s][info][gc,metaspace] GC(109) Metaspace: 181K(384K)->181K(384K) NonClass: 170K(256K)->170K(256K) Class: 10K(128K)->10K(128K)
[2026-03-25T16:38:27.712+0900][118.172s][info][gc          ] GC(109) Pause Young (Normal) (G1 Evacuation Pause) 217M->211M(256M) 2.584ms
[2026-03-25T16:38:27.712+0900][118.172s][info][gc,cpu      ] GC(109) User=0.00s Sys=0.00s Real=0.00s
[2026-03-25T16:38:27.970+0900][118.429s][info][gc,start    ] GC(110) Pause Young (Normal) (G1 Evacuation Pause)
[2026-03-25T16:38:27.970+0900][118.430s][info][gc,task     ] GC(110) Using 8 workers of 8 for evacuation
[2026-03-25T16:38:27.972+0900][118.432s][info][gc,phases   ] GC(110)   Pre Evacuate Collection Set: 0.3ms
[2026-03-25T16:38:27.972+0900][118.432s][info][gc,phases   ] GC(110)   Merge Heap Roots: 0.2ms
[2026-03-25T16:38:27.972+0900][118.432s][info][gc,phases   ] GC(110)   Evacuate Collection Set: 0.6ms
[2026-03-25T16:38:27.972+0900][118.432s][info][gc,phases   ] GC(110)   Post Evacuate Collection Set: 0.8ms
[2026-03-25T16:38:27.972+0900][118.432s][info][gc,phases   ] GC(110)   Other: 0.1ms
[2026-03-25T16:38:27.972+0900][118.432s][info][gc,heap     ] GC(110) Eden regions: 1->0(1)
[2026-03-25T16:38:27.972+0900][118.432s][info][gc,heap     ] GC(110) Survivor regions: 1->1(1)
[2026-03-25T16:38:27.972+0900][118.432s][info][gc,heap     ] GC(110) Old regions: 26->27
[2026-03-25T16:38:27.972+0900][118.432s][info][gc,heap     ] GC(110) Archive regions: 0->0
[2026-03-25T16:38:27.972+0900][118.432s][info][gc,heap     ] GC(110) Humongous regions: 0->0
[2026-03-25T16:38:27.972+0900][118.432s][info][gc,metaspace] GC(110) Metaspace: 181K(384K)->181K(384K) NonClass: 170K(256K)->170K(256K) Class: 10K(128K)->10K(128K)
[2026-03-25T16:38:27.972+0900][118.432s][info][gc          ] GC(110) Pause Young (Normal) (G1 Evacuation Pause) 218M->212M(256M) 2.688ms
[2026-03-25T16:38:27.973+0900][118.432s][info][gc,cpu      ] GC(110) User=0.00s Sys=0.00s Real=0.00s
[2026-03-25T16:38:28.229+0900][118.689s][info][gc,start    ] GC(111) Pause Young (Normal) (G1 Evacuation Pause)
[2026-03-25T16:38:28.229+0900][118.689s][info][gc,task     ] GC(111) Using 8 workers of 8 for evacuation
[2026-03-25T16:38:28.231+0900][118.691s][info][gc,phases   ] GC(111)   Pre Evacuate Collection Set: 0.2ms
[2026-03-25T16:38:28.231+0900][118.691s][info][gc,phases   ] GC(111)   Merge Heap Roots: 0.2ms
[2026-03-25T16:38:28.231+0900][118.691s][info][gc,phases   ] GC(111)   Evacuate Collection Set: 0.4ms
[2026-03-25T16:38:28.231+0900][118.691s][info][gc,phases   ] GC(111)   Post Evacuate Collection Set: 0.8ms
[2026-03-25T16:38:28.231+0900][118.691s][info][gc,phases   ] GC(111)   Other: 0.1ms
[2026-03-25T16:38:28.231+0900][118.691s][info][gc,heap     ] GC(111) Eden regions: 1->0(1)
[2026-03-25T16:38:28.231+0900][118.691s][info][gc,heap     ] GC(111) Survivor regions: 1->1(1)
[2026-03-25T16:38:28.231+0900][118.691s][info][gc,heap     ] GC(111) Old regions: 27->27
[2026-03-25T16:38:28.231+0900][118.691s][info][gc,heap     ] GC(111) Archive regions: 0->0
[2026-03-25T16:38:28.231+0900][118.691s][info][gc,heap     ] GC(111) Humongous regions: 0->0
[2026-03-25T16:38:28.231+0900][118.691s][info][gc,metaspace] GC(111) Metaspace: 181K(384K)->181K(384K) NonClass: 170K(256K)->170K(256K) Class: 10K(128K)->10K(128K)
[2026-03-25T16:38:28.231+0900][118.691s][info][gc          ] GC(111) Pause Young (Normal) (G1 Evacuation Pause) 220M->214M(256M) 2.508ms
[2026-03-25T16:38:28.231+0900][118.691s][info][gc,cpu      ] GC(111) User=0.00s Sys=0.00s Real=0.00s
[2026-03-25T16:38:28.499+0900][118.959s][info][gc,start    ] GC(112) Pause Young (Normal) (G1 Evacuation Pause)
[2026-03-25T16:38:28.499+0900][118.959s][info][gc,task     ] GC(112) Using 8 workers of 8 for evacuation
[2026-03-25T16:38:28.502+0900][118.961s][info][gc,phases   ] GC(112)   Pre Evacuate Collection Set: 0.2ms
[2026-03-25T16:38:28.502+0900][118.961s][info][gc,phases   ] GC(112)   Merge Heap Roots: 0.2ms
[2026-03-25T16:38:28.502+0900][118.961s][info][gc,phases   ] GC(112)   Evacuate Collection Set: 0.7ms
[2026-03-25T16:38:28.502+0900][118.961s][info][gc,phases   ] GC(112)   Post Evacuate Collection Set: 0.9ms
[2026-03-25T16:38:28.502+0900][118.961s][info][gc,phases   ] GC(112)   Other: 0.1ms
[2026-03-25T16:38:28.502+0900][118.961s][info][gc,heap     ] GC(112) Eden regions: 1->0(1)
[2026-03-25T16:38:28.502+0900][118.961s][info][gc,heap     ] GC(112) Survivor regions: 1->1(1)
[2026-03-25T16:38:28.502+0900][118.961s][info][gc,heap     ] GC(112) Old regions: 27->27
[2026-03-25T16:38:28.502+0900][118.961s][info][gc,heap     ] GC(112) Archive regions: 0->0
[2026-03-25T16:38:28.502+0900][118.961s][info][gc,heap     ] GC(112) Humongous regions: 0->0
[2026-03-25T16:38:28.502+0900][118.961s][info][gc,metaspace] GC(112) Metaspace: 181K(384K)->181K(384K) NonClass: 170K(256K)->170K(256K) Class: 10K(128K)->10K(128K)
[2026-03-25T16:38:28.502+0900][118.961s][info][gc          ] GC(112) Pause Young (Normal) (G1 Evacuation Pause) 221M->215M(256M) 2.800ms
[2026-03-25T16:38:28.502+0900][118.962s][info][gc,cpu      ] GC(112) User=0.00s Sys=0.00s Real=0.00s
[2026-03-25T16:38:28.781+0900][119.240s][info][gc,start    ] GC(113) Pause Young (Normal) (G1 Evacuation Pause)
[2026-03-25T16:38:28.781+0900][119.241s][info][gc,task     ] GC(113) Using 8 workers of 8 for evacuation
[2026-03-25T16:38:28.783+0900][119.243s][info][gc,phases   ] GC(113)   Pre Evacuate Collection Set: 0.2ms
[2026-03-25T16:38:28.783+0900][119.243s][info][gc,phases   ] GC(113)   Merge Heap Roots: 0.2ms
[2026-03-25T16:38:28.783+0900][119.243s][info][gc,phases   ] GC(113)   Evacuate Collection Set: 0.6ms
[2026-03-25T16:38:28.783+0900][119.243s][info][gc,phases   ] GC(113)   Post Evacuate Collection Set: 0.9ms
[2026-03-25T16:38:28.783+0900][119.243s][info][gc,phases   ] GC(113)   Other: 0.1ms
[2026-03-25T16:38:28.784+0900][119.243s][info][gc,heap     ] GC(113) Eden regions: 1->0(1)
[2026-03-25T16:38:28.784+0900][119.243s][info][gc,heap     ] GC(113) Survivor regions: 1->1(1)
[2026-03-25T16:38:28.784+0900][119.243s][info][gc,heap     ] GC(113) Old regions: 27->27
[2026-03-25T16:38:28.784+0900][119.243s][info][gc,heap     ] GC(113) Archive regions: 0->0
[2026-03-25T16:38:28.784+0900][119.243s][info][gc,heap     ] GC(113) Humongous regions: 0->0
[2026-03-25T16:38:28.784+0900][119.243s][info][gc,metaspace] GC(113) Metaspace: 181K(384K)->181K(384K) NonClass: 170K(256K)->170K(256K) Class: 10K(128K)->10K(128K)
[2026-03-25T16:38:28.784+0900][119.243s][info][gc          ] GC(113) Pause Young (Normal) (G1 Evacuation Pause) 223M->217M(256M) 2.752ms
[2026-03-25T16:38:28.784+0900][119.243s][info][gc,cpu      ] GC(113) User=0.00s Sys=0.00s Real=0.00s
[2026-03-25T16:38:29.053+0900][119.513s][info][gc,start    ] GC(114) Pause Young (Normal) (G1 Evacuation Pause)
[2026-03-25T16:38:29.053+0900][119.513s][info][gc,task     ] GC(114) Using 8 workers of 8 for evacuation
[2026-03-25T16:38:29.055+0900][119.515s][info][gc,phases   ] GC(114)   Pre Evacuate Collection Set: 0.3ms
[2026-03-25T16:38:29.055+0900][119.515s][info][gc,phases   ] GC(114)   Merge Heap Roots: 0.2ms
[2026-03-25T16:38:29.055+0900][119.515s][info][gc,phases   ] GC(114)   Evacuate Collection Set: 0.7ms
[2026-03-25T16:38:29.055+0900][119.515s][info][gc,phases   ] GC(114)   Post Evacuate Collection Set: 0.9ms
[2026-03-25T16:38:29.055+0900][119.515s][info][gc,phases   ] GC(114)   Other: 0.1ms
[2026-03-25T16:38:29.055+0900][119.515s][info][gc,heap     ] GC(114) Eden regions: 1->0(1)
[2026-03-25T16:38:29.055+0900][119.515s][info][gc,heap     ] GC(114) Survivor regions: 1->1(1)
[2026-03-25T16:38:29.055+0900][119.515s][info][gc,heap     ] GC(114) Old regions: 27->27
[2026-03-25T16:38:29.055+0900][119.515s][info][gc,heap     ] GC(114) Archive regions: 0->0
[2026-03-25T16:38:29.055+0900][119.516s][info][gc,heap     ] GC(114) Humongous regions: 0->0
[2026-03-25T16:38:29.055+0900][119.516s][info][gc,metaspace] GC(114) Metaspace: 181K(384K)->181K(384K) NonClass: 170K(256K)->170K(256K) Class: 10K(128K)->10K(128K)
[2026-03-25T16:38:29.055+0900][119.516s][info][gc          ] GC(114) Pause Young (Normal) (G1 Evacuation Pause) 224M->218M(256M) 2.838ms
[2026-03-25T16:38:29.055+0900][119.516s][info][gc,cpu      ] GC(114) User=0.00s Sys=0.00s Real=0.00s
[2026-03-25T16:38:29.318+0900][119.778s][info][gc,start    ] GC(115) Pause Young (Normal) (G1 Evacuation Pause)
[2026-03-25T16:38:29.318+0900][119.778s][info][gc,task     ] GC(115) Using 8 workers of 8 for evacuation
[2026-03-25T16:38:29.320+0900][119.780s][info][gc,phases   ] GC(115)   Pre Evacuate Collection Set: 0.2ms
[2026-03-25T16:38:29.320+0900][119.780s][info][gc,phases   ] GC(115)   Merge Heap Roots: 0.1ms
[2026-03-25T16:38:29.320+0900][119.780s][info][gc,phases   ] GC(115)   Evacuate Collection Set: 0.4ms
[2026-03-25T16:38:29.320+0900][119.780s][info][gc,phases   ] GC(115)   Post Evacuate Collection Set: 0.6ms
[2026-03-25T16:38:29.320+0900][119.780s][info][gc,phases   ] GC(115)   Other: 0.1ms
[2026-03-25T16:38:29.320+0900][119.780s][info][gc,heap     ] GC(115) Eden regions: 1->0(1)
[2026-03-25T16:38:29.320+0900][119.780s][info][gc,heap     ] GC(115) Survivor regions: 1->1(1)
[2026-03-25T16:38:29.320+0900][119.780s][info][gc,heap     ] GC(115) Old regions: 27->27
[2026-03-25T16:38:29.320+0900][119.780s][info][gc,heap     ] GC(115) Archive regions: 0->0
[2026-03-25T16:38:29.320+0900][119.780s][info][gc,heap     ] GC(115) Humongous regions: 0->0
[2026-03-25T16:38:29.320+0900][119.780s][info][gc,metaspace] GC(115) Metaspace: 181K(384K)->181K(384K) NonClass: 170K(256K)->170K(256K) Class: 10K(128K)->10K(128K)
[2026-03-25T16:38:29.320+0900][119.780s][info][gc          ] GC(115) Pause Young (Normal) (G1 Evacuation Pause) 226M->220M(256M) 1.720ms
[2026-03-25T16:38:29.320+0900][119.780s][info][gc,cpu      ] GC(115) User=0.02s Sys=0.00s Real=0.00s
[2026-03-25T16:38:29.589+0900][120.049s][info][gc,start    ] GC(116) Pause Young (Normal) (G1 Evacuation Pause)
[2026-03-25T16:38:29.589+0900][120.049s][info][gc,task     ] GC(116) Using 8 workers of 8 for evacuation
[2026-03-25T16:38:29.591+0900][120.051s][info][gc,phases   ] GC(116)   Pre Evacuate Collection Set: 0.3ms
[2026-03-25T16:38:29.591+0900][120.051s][info][gc,phases   ] GC(116)   Merge Heap Roots: 0.2ms
[2026-03-25T16:38:29.591+0900][120.051s][info][gc,phases   ] GC(116)   Evacuate Collection Set: 0.4ms
[2026-03-25T16:38:29.591+0900][120.051s][info][gc,phases   ] GC(116)   Post Evacuate Collection Set: 0.5ms
[2026-03-25T16:38:29.591+0900][120.051s][info][gc,phases   ] GC(116)   Other: 0.1ms
[2026-03-25T16:38:29.591+0900][120.051s][info][gc,heap     ] GC(116) Eden regions: 1->0(1)
[2026-03-25T16:38:29.591+0900][120.051s][info][gc,heap     ] GC(116) Survivor regions: 1->1(1)
[2026-03-25T16:38:29.591+0900][120.051s][info][gc,heap     ] GC(116) Old regions: 27->28
[2026-03-25T16:38:29.591+0900][120.051s][info][gc,heap     ] GC(116) Archive regions: 0->0
[2026-03-25T16:38:29.591+0900][120.051s][info][gc,heap     ] GC(116) Humongous regions: 0->0
[2026-03-25T16:38:29.591+0900][120.052s][info][gc,metaspace] GC(116) Metaspace: 181K(384K)->181K(384K) NonClass: 170K(256K)->170K(256K) Class: 10K(128K)->10K(128K)
[2026-03-25T16:38:29.591+0900][120.052s][info][gc          ] GC(116) Pause Young (Normal) (G1 Evacuation Pause) 227M->221M(256M) 2.300ms
[2026-03-25T16:38:29.592+0900][120.052s][info][gc,cpu      ] GC(116) User=0.00s Sys=0.00s Real=0.00s
[2026-03-25T16:38:29.846+0900][120.305s][info][gc,start    ] GC(117) Pause Young (Normal) (G1 Evacuation Pause)
[2026-03-25T16:38:29.846+0900][120.305s][info][gc,task     ] GC(117) Using 8 workers of 8 for evacuation
[2026-03-25T16:38:29.847+0900][120.307s][info][gc,phases   ] GC(117)   Pre Evacuate Collection Set: 0.1ms
[2026-03-25T16:38:29.848+0900][120.307s][info][gc,phases   ] GC(117)   Merge Heap Roots: 0.2ms
[2026-03-25T16:38:29.848+0900][120.307s][info][gc,phases   ] GC(117)   Evacuate Collection Set: 0.3ms
[2026-03-25T16:38:29.848+0900][120.307s][info][gc,phases   ] GC(117)   Post Evacuate Collection Set: 0.6ms
[2026-03-25T16:38:29.848+0900][120.307s][info][gc,phases   ] GC(117)   Other: 0.1ms
[2026-03-25T16:38:29.848+0900][120.307s][info][gc,heap     ] GC(117) Eden regions: 1->0(1)
[2026-03-25T16:38:29.848+0900][120.307s][info][gc,heap     ] GC(117) Survivor regions: 1->1(1)
[2026-03-25T16:38:29.848+0900][120.307s][info][gc,heap     ] GC(117) Old regions: 28->28
[2026-03-25T16:38:29.848+0900][120.307s][info][gc,heap     ] GC(117) Archive regions: 0->0
[2026-03-25T16:38:29.848+0900][120.307s][info][gc,heap     ] GC(117) Humongous regions: 0->0
[2026-03-25T16:38:29.848+0900][120.307s][info][gc,metaspace] GC(117) Metaspace: 181K(384K)->181K(384K) NonClass: 170K(256K)->170K(256K) Class: 10K(128K)->10K(128K)
[2026-03-25T16:38:29.848+0900][120.307s][info][gc          ] GC(117) Pause Young (Normal) (G1 Evacuation Pause) 229M->223M(256M) 1.696ms
[2026-03-25T16:38:29.848+0900][120.307s][info][gc,cpu      ] GC(117) User=0.00s Sys=0.00s Real=0.00s
[2026-03-25T16:38:30.108+0900][120.568s][info][gc,start    ] GC(118) Pause Young (Normal) (G1 Evacuation Pause)
[2026-03-25T16:38:30.108+0900][120.568s][info][gc,task     ] GC(118) Using 8 workers of 8 for evacuation
[2026-03-25T16:38:30.111+0900][120.570s][info][gc,phases   ] GC(118)   Pre Evacuate Collection Set: 0.3ms
[2026-03-25T16:38:30.111+0900][120.570s][info][gc,phases   ] GC(118)   Merge Heap Roots: 0.2ms
[2026-03-25T16:38:30.111+0900][120.570s][info][gc,phases   ] GC(118)   Evacuate Collection Set: 0.5ms
[2026-03-25T16:38:30.111+0900][120.570s][info][gc,phases   ] GC(118)   Post Evacuate Collection Set: 0.9ms
[2026-03-25T16:38:30.111+0900][120.570s][info][gc,phases   ] GC(118)   Other: 0.1ms
[2026-03-25T16:38:30.111+0900][120.571s][info][gc,heap     ] GC(118) Eden regions: 1->0(1)
[2026-03-25T16:38:30.111+0900][120.571s][info][gc,heap     ] GC(118) Survivor regions: 1->1(1)
[2026-03-25T16:38:30.111+0900][120.571s][info][gc,heap     ] GC(118) Old regions: 28->28
[2026-03-25T16:38:30.111+0900][120.571s][info][gc,heap     ] GC(118) Archive regions: 0->0
[2026-03-25T16:38:30.111+0900][120.571s][info][gc,heap     ] GC(118) Humongous regions: 0->0
[2026-03-25T16:38:30.111+0900][120.571s][info][gc,metaspace] GC(118) Metaspace: 181K(384K)->181K(384K) NonClass: 170K(256K)->170K(256K) Class: 10K(128K)->10K(128K)
[2026-03-25T16:38:30.111+0900][120.571s][info][gc          ] GC(118) Pause Young (Normal) (G1 Evacuation Pause) 230M->224M(256M) 2.722ms
[2026-03-25T16:38:30.111+0900][120.571s][info][gc,cpu      ] GC(118) User=0.00s Sys=0.00s Real=0.00s
[2026-03-25T16:38:30.377+0900][120.837s][info][gc,start    ] GC(119) Pause Young (Normal) (G1 Evacuation Pause)
[2026-03-25T16:38:30.377+0900][120.837s][info][gc,task     ] GC(119) Using 8 workers of 8 for evacuation
[2026-03-25T16:38:30.379+0900][120.839s][info][gc,phases   ] GC(119)   Pre Evacuate Collection Set: 0.2ms
[2026-03-25T16:38:30.379+0900][120.839s][info][gc,phases   ] GC(119)   Merge Heap Roots: 0.2ms
[2026-03-25T16:38:30.379+0900][120.839s][info][gc,phases   ] GC(119)   Evacuate Collection Set: 0.5ms
[2026-03-25T16:38:30.379+0900][120.839s][info][gc,phases   ] GC(119)   Post Evacuate Collection Set: 0.8ms
[2026-03-25T16:38:30.379+0900][120.839s][info][gc,phases   ] GC(119)   Other: 0.1ms
[2026-03-25T16:38:30.379+0900][120.839s][info][gc,heap     ] GC(119) Eden regions: 1->0(1)
[2026-03-25T16:38:30.379+0900][120.839s][info][gc,heap     ] GC(119) Survivor regions: 1->1(1)
[2026-03-25T16:38:30.379+0900][120.839s][info][gc,heap     ] GC(119) Old regions: 28->28
[2026-03-25T16:38:30.379+0900][120.839s][info][gc,heap     ] GC(119) Archive regions: 0->0
[2026-03-25T16:38:30.379+0900][120.839s][info][gc,heap     ] GC(119) Humongous regions: 0->0
[2026-03-25T16:38:30.379+0900][120.839s][info][gc,metaspace] GC(119) Metaspace: 181K(384K)->181K(384K) NonClass: 170K(256K)->170K(256K) Class: 10K(128K)->10K(128K)
[2026-03-25T16:38:30.379+0900][120.839s][info][gc          ] GC(119) Pause Young (Normal) (G1 Evacuation Pause) 232M->226M(256M) 2.629ms
[2026-03-25T16:38:30.379+0900][120.839s][info][gc,cpu      ] GC(119) User=0.00s Sys=0.00s Real=0.00s
[2026-03-25T16:38:30.639+0900][121.098s][info][gc,start    ] GC(120) Pause Young (Normal) (G1 Evacuation Pause)
[2026-03-25T16:38:30.639+0900][121.098s][info][gc,task     ] GC(120) Using 8 workers of 8 for evacuation
[2026-03-25T16:38:30.640+0900][121.100s][info][gc,phases   ] GC(120)   Pre Evacuate Collection Set: 0.2ms
[2026-03-25T16:38:30.641+0900][121.101s][info][gc,phases   ] GC(120)   Merge Heap Roots: 0.2ms
[2026-03-25T16:38:30.641+0900][121.101s][info][gc,phases   ] GC(120)   Evacuate Collection Set: 0.7ms
[2026-03-25T16:38:30.641+0900][121.101s][info][gc,phases   ] GC(120)   Post Evacuate Collection Set: 0.9ms
[2026-03-25T16:38:30.641+0900][121.101s][info][gc,phases   ] GC(120)   Other: 0.1ms
[2026-03-25T16:38:30.641+0900][121.101s][info][gc,heap     ] GC(120) Eden regions: 1->0(1)
[2026-03-25T16:38:30.641+0900][121.101s][info][gc,heap     ] GC(120) Survivor regions: 1->1(1)
[2026-03-25T16:38:30.641+0900][121.101s][info][gc,heap     ] GC(120) Old regions: 28->28
[2026-03-25T16:38:30.641+0900][121.101s][info][gc,heap     ] GC(120) Archive regions: 0->0
[2026-03-25T16:38:30.641+0900][121.101s][info][gc,heap     ] GC(120) Humongous regions: 0->0
[2026-03-25T16:38:30.641+0900][121.101s][info][gc,metaspace] GC(120) Metaspace: 181K(384K)->181K(384K) NonClass: 170K(256K)->170K(256K) Class: 10K(128K)->10K(128K)
[2026-03-25T16:38:30.641+0900][121.101s][info][gc          ] GC(120) Pause Young (Normal) (G1 Evacuation Pause) 233M->227M(256M) 2.868ms
[2026-03-25T16:38:30.641+0900][121.101s][info][gc,cpu      ] GC(120) User=0.00s Sys=0.00s Real=0.00s
[2026-03-25T16:38:30.900+0900][121.359s][info][gc,start    ] GC(121) Pause Young (Normal) (G1 Evacuation Pause)
[2026-03-25T16:38:30.900+0900][121.359s][info][gc,task     ] GC(121) Using 8 workers of 8 for evacuation
[2026-03-25T16:38:30.902+0900][121.361s][info][gc,phases   ] GC(121)   Pre Evacuate Collection Set: 0.2ms
[2026-03-25T16:38:30.902+0900][121.361s][info][gc,phases   ] GC(121)   Merge Heap Roots: 0.2ms
[2026-03-25T16:38:30.902+0900][121.361s][info][gc,phases   ] GC(121)   Evacuate Collection Set: 0.5ms
[2026-03-25T16:38:30.902+0900][121.362s][info][gc,phases   ] GC(121)   Post Evacuate Collection Set: 0.8ms
[2026-03-25T16:38:30.902+0900][121.362s][info][gc,phases   ] GC(121)   Other: 0.1ms
[2026-03-25T16:38:30.902+0900][121.362s][info][gc,heap     ] GC(121) Eden regions: 1->0(1)
[2026-03-25T16:38:30.902+0900][121.362s][info][gc,heap     ] GC(121) Survivor regions: 1->1(1)
[2026-03-25T16:38:30.902+0900][121.362s][info][gc,heap     ] GC(121) Old regions: 28->29
[2026-03-25T16:38:30.902+0900][121.362s][info][gc,heap     ] GC(121) Archive regions: 0->0
[2026-03-25T16:38:30.902+0900][121.362s][info][gc,heap     ] GC(121) Humongous regions: 0->0
[2026-03-25T16:38:30.902+0900][121.362s][info][gc,metaspace] GC(121) Metaspace: 181K(384K)->181K(384K) NonClass: 170K(256K)->170K(256K) Class: 10K(128K)->10K(128K)
[2026-03-25T16:38:30.902+0900][121.362s][info][gc          ] GC(121) Pause Young (Normal) (G1 Evacuation Pause) 235M->229M(256M) 2.593ms
[2026-03-25T16:38:30.902+0900][121.362s][info][gc,cpu      ] GC(121) User=0.00s Sys=0.00s Real=0.00s
[2026-03-25T16:38:31.166+0900][121.625s][info][gc,start    ] GC(122) Pause Young (Concurrent Start) (G1 Evacuation Pause)
[2026-03-25T16:38:31.166+0900][121.625s][info][gc,task     ] GC(122) Using 8 workers of 8 for evacuation
[2026-03-25T16:38:31.168+0900][121.627s][info][gc,phases   ] GC(122)   Pre Evacuate Collection Set: 0.3ms
[2026-03-25T16:38:31.168+0900][121.627s][info][gc,phases   ] GC(122)   Merge Heap Roots: 0.2ms
[2026-03-25T16:38:31.168+0900][121.627s][info][gc,phases   ] GC(122)   Evacuate Collection Set: 0.4ms
[2026-03-25T16:38:31.168+0900][121.627s][info][gc,phases   ] GC(122)   Post Evacuate Collection Set: 0.7ms
[2026-03-25T16:38:31.168+0900][121.627s][info][gc,phases   ] GC(122)   Other: 0.2ms
[2026-03-25T16:38:31.168+0900][121.627s][info][gc,heap     ] GC(122) Eden regions: 1->0(1)
[2026-03-25T16:38:31.168+0900][121.627s][info][gc,heap     ] GC(122) Survivor regions: 1->1(1)
[2026-03-25T16:38:31.168+0900][121.627s][info][gc,heap     ] GC(122) Old regions: 29->29
[2026-03-25T16:38:31.168+0900][121.627s][info][gc,heap     ] GC(122) Archive regions: 0->0
[2026-03-25T16:38:31.168+0900][121.627s][info][gc,heap     ] GC(122) Humongous regions: 0->0
[2026-03-25T16:38:31.168+0900][121.628s][info][gc,metaspace] GC(122) Metaspace: 181K(384K)->181K(384K) NonClass: 170K(256K)->170K(256K) Class: 10K(128K)->10K(128K)
[2026-03-25T16:38:31.168+0900][121.628s][info][gc          ] GC(122) Pause Young (Concurrent Start) (G1 Evacuation Pause) 236M->230M(256M) 2.343ms
[2026-03-25T16:38:31.168+0900][121.628s][info][gc,cpu      ] GC(122) User=0.00s Sys=0.00s Real=0.00s
[2026-03-25T16:38:31.168+0900][121.628s][info][gc          ] GC(123) Concurrent Mark Cycle
[2026-03-25T16:38:31.168+0900][121.628s][info][gc,marking  ] GC(123) Concurrent Clear Claimed Marks
[2026-03-25T16:38:31.168+0900][121.628s][info][gc,marking  ] GC(123) Concurrent Clear Claimed Marks 0.035ms
[2026-03-25T16:38:31.168+0900][121.628s][info][gc,marking  ] GC(123) Concurrent Scan Root Regions
[2026-03-25T16:38:31.168+0900][121.628s][info][gc,marking  ] GC(123) Concurrent Scan Root Regions 0.134ms
[2026-03-25T16:38:31.168+0900][121.628s][info][gc,marking  ] GC(123) Concurrent Mark
[2026-03-25T16:38:31.169+0900][121.628s][info][gc,marking  ] GC(123) Concurrent Mark From Roots
[2026-03-25T16:38:31.169+0900][121.628s][info][gc,task     ] GC(123) Using 2 workers of 2 for marking
[2026-03-25T16:38:31.170+0900][121.630s][info][gc,marking  ] GC(123) Concurrent Mark From Roots 1.803ms
[2026-03-25T16:38:31.170+0900][121.630s][info][gc,marking  ] GC(123) Concurrent Preclean
[2026-03-25T16:38:31.170+0900][121.630s][info][gc,marking  ] GC(123) Concurrent Preclean 0.028ms
[2026-03-25T16:38:31.171+0900][121.630s][info][gc,start    ] GC(123) Pause Remark
[2026-03-25T16:38:31.172+0900][121.631s][info][gc          ] GC(123) Pause Remark 232M->112M(256M) 0.881ms
[2026-03-25T16:38:31.172+0900][121.631s][info][gc,cpu      ] GC(123) User=0.00s Sys=0.00s Real=0.00s
[2026-03-25T16:38:31.172+0900][121.631s][info][gc,marking  ] GC(123) Concurrent Mark 3.261ms
[2026-03-25T16:38:31.172+0900][121.631s][info][gc,marking  ] GC(123) Concurrent Rebuild Remembered Sets
[2026-03-25T16:38:31.172+0900][121.632s][info][gc,marking  ] GC(123) Concurrent Rebuild Remembered Sets 0.494ms
[2026-03-25T16:38:31.172+0900][121.632s][info][gc,start    ] GC(123) Pause Cleanup
[2026-03-25T16:38:31.172+0900][121.632s][info][gc          ] GC(123) Pause Cleanup 112M->112M(256M) 0.036ms
[2026-03-25T16:38:31.172+0900][121.632s][info][gc,cpu      ] GC(123) User=0.00s Sys=0.00s Real=0.00s
[2026-03-25T16:38:31.172+0900][121.632s][info][gc,marking  ] GC(123) Concurrent Cleanup for Next Mark
[2026-03-25T16:38:31.173+0900][121.632s][info][gc,marking  ] GC(123) Concurrent Cleanup for Next Mark 0.268ms
[2026-03-25T16:38:31.173+0900][121.632s][info][gc          ] GC(123) Concurrent Mark Cycle 4.762ms
[2026-03-25T16:38:31.428+0900][121.887s][info][gc,start    ] GC(124) Pause Young (Prepare Mixed) (G1 Evacuation Pause)
[2026-03-25T16:38:31.428+0900][121.888s][info][gc,task     ] GC(124) Using 8 workers of 8 for evacuation
[2026-03-25T16:38:31.429+0900][121.889s][info][gc,phases   ] GC(124)   Pre Evacuate Collection Set: 0.1ms
[2026-03-25T16:38:31.429+0900][121.889s][info][gc,phases   ] GC(124)   Merge Heap Roots: 0.1ms
[2026-03-25T16:38:31.429+0900][121.889s][info][gc,phases   ] GC(124)   Evacuate Collection Set: 0.3ms
[2026-03-25T16:38:31.429+0900][121.889s][info][gc,phases   ] GC(124)   Post Evacuate Collection Set: 0.5ms
[2026-03-25T16:38:31.429+0900][121.889s][info][gc,phases   ] GC(124)   Other: 0.1ms
[2026-03-25T16:38:31.429+0900][121.889s][info][gc,heap     ] GC(124) Eden regions: 1->0(1)
[2026-03-25T16:38:31.429+0900][121.889s][info][gc,heap     ] GC(124) Survivor regions: 1->1(1)
[2026-03-25T16:38:31.429+0900][121.889s][info][gc,heap     ] GC(124) Old regions: 14->14
[2026-03-25T16:38:31.429+0900][121.889s][info][gc,heap     ] GC(124) Archive regions: 0->0
[2026-03-25T16:38:31.429+0900][121.889s][info][gc,heap     ] GC(124) Humongous regions: 0->0
[2026-03-25T16:38:31.429+0900][121.889s][info][gc,metaspace] GC(124) Metaspace: 181K(384K)->181K(384K) NonClass: 170K(256K)->170K(256K) Class: 10K(128K)->10K(128K)
[2026-03-25T16:38:31.429+0900][121.889s][info][gc          ] GC(124) Pause Young (Prepare Mixed) (G1 Evacuation Pause) 118M->112M(256M) 1.551ms
[2026-03-25T16:38:31.429+0900][121.889s][info][gc,cpu      ] GC(124) User=0.02s Sys=0.00s Real=0.00s
[2026-03-25T16:38:31.702+0900][122.161s][info][gc,start    ] GC(125) Pause Young (Mixed) (G1 Evacuation Pause)
[2026-03-25T16:38:31.702+0900][122.161s][info][gc,task     ] GC(125) Using 8 workers of 8 for evacuation
[2026-03-25T16:38:31.704+0900][122.163s][info][gc,phases   ] GC(125)   Pre Evacuate Collection Set: 0.2ms
[2026-03-25T16:38:31.704+0900][122.164s][info][gc,phases   ] GC(125)   Merge Heap Roots: 0.2ms
[2026-03-25T16:38:31.704+0900][122.164s][info][gc,phases   ] GC(125)   Evacuate Collection Set: 0.6ms
[2026-03-25T16:38:31.704+0900][122.164s][info][gc,phases   ] GC(125)   Post Evacuate Collection Set: 0.8ms
[2026-03-25T16:38:31.704+0900][122.164s][info][gc,phases   ] GC(125)   Other: 0.1ms
[2026-03-25T16:38:31.704+0900][122.164s][info][gc,heap     ] GC(125) Eden regions: 1->0(10)
[2026-03-25T16:38:31.704+0900][122.164s][info][gc,heap     ] GC(125) Survivor regions: 1->1(1)
[2026-03-25T16:38:31.704+0900][122.164s][info][gc,heap     ] GC(125) Old regions: 14->12
[2026-03-25T16:38:31.704+0900][122.164s][info][gc,heap     ] GC(125) Archive regions: 0->0
[2026-03-25T16:38:31.704+0900][122.164s][info][gc,heap     ] GC(125) Humongous regions: 0->0
[2026-03-25T16:38:31.704+0900][122.164s][info][gc,metaspace] GC(125) Metaspace: 181K(384K)->181K(384K) NonClass: 170K(256K)->170K(256K) Class: 10K(128K)->10K(128K)
[2026-03-25T16:38:31.704+0900][122.164s][info][gc          ] GC(125) Pause Young (Mixed) (G1 Evacuation Pause) 119M->97M(256M) 2.642ms
[2026-03-25T16:38:31.704+0900][122.164s][info][gc,cpu      ] GC(125) User=0.00s Sys=0.00s Real=0.00s
[2026-03-25T16:38:34.323+0900][124.783s][info][gc,start    ] GC(126) Pause Young (Normal) (G1 Evacuation Pause)
[2026-03-25T16:38:34.323+0900][124.783s][info][gc,task     ] GC(126) Using 8 workers of 8 for evacuation
[2026-03-25T16:38:34.325+0900][124.785s][info][gc,phases   ] GC(126)   Pre Evacuate Collection Set: 0.2ms
[2026-03-25T16:38:34.325+0900][124.785s][info][gc,phases   ] GC(126)   Merge Heap Roots: 0.1ms
[2026-03-25T16:38:34.325+0900][124.785s][info][gc,phases   ] GC(126)   Evacuate Collection Set: 1.1ms
[2026-03-25T16:38:34.326+0900][124.785s][info][gc,phases   ] GC(126)   Post Evacuate Collection Set: 0.7ms
[2026-03-25T16:38:34.326+0900][124.785s][info][gc,phases   ] GC(126)   Other: 0.1ms
[2026-03-25T16:38:34.326+0900][124.785s][info][gc,heap     ] GC(126) Eden regions: 10->0(8)
[2026-03-25T16:38:34.326+0900][124.785s][info][gc,heap     ] GC(126) Survivor regions: 1->2(2)
[2026-03-25T16:38:34.326+0900][124.785s][info][gc,heap     ] GC(126) Old regions: 12->13
[2026-03-25T16:38:34.326+0900][124.785s][info][gc,heap     ] GC(126) Archive regions: 0->0
[2026-03-25T16:38:34.326+0900][124.785s][info][gc,heap     ] GC(126) Humongous regions: 0->0
[2026-03-25T16:38:34.326+0900][124.786s][info][gc,metaspace] GC(126) Metaspace: 181K(384K)->181K(384K) NonClass: 170K(256K)->170K(256K) Class: 10K(128K)->10K(128K)
[2026-03-25T16:38:34.326+0900][124.786s][info][gc          ] GC(126) Pause Young (Normal) (G1 Evacuation Pause) 175M->112M(256M) 2.860ms
[2026-03-25T16:38:34.326+0900][124.786s][info][gc,cpu      ] GC(126) User=0.00s Sys=0.00s Real=0.00s
[2026-03-25T16:38:36.471+0900][126.930s][info][gc,start    ] GC(127) Pause Young (Normal) (G1 Evacuation Pause)
[2026-03-25T16:38:36.471+0900][126.930s][info][gc,task     ] GC(127) Using 8 workers of 8 for evacuation
[2026-03-25T16:38:36.472+0900][126.932s][info][gc,phases   ] GC(127)   Pre Evacuate Collection Set: 0.0ms
[2026-03-25T16:38:36.472+0900][126.932s][info][gc,phases   ] GC(127)   Merge Heap Roots: 0.0ms
[2026-03-25T16:38:36.472+0900][126.932s][info][gc,phases   ] GC(127)   Evacuate Collection Set: 1.1ms
[2026-03-25T16:38:36.472+0900][126.932s][info][gc,phases   ] GC(127)   Post Evacuate Collection Set: 0.1ms
[2026-03-25T16:38:36.472+0900][126.932s][info][gc,phases   ] GC(127)   Other: 0.1ms
[2026-03-25T16:38:36.472+0900][126.932s][info][gc,heap     ] GC(127) Eden regions: 8->0(7)
[2026-03-25T16:38:36.472+0900][126.932s][info][gc,heap     ] GC(127) Survivor regions: 2->2(2)
[2026-03-25T16:38:36.472+0900][126.932s][info][gc,heap     ] GC(127) Old regions: 13->15
[2026-03-25T16:38:36.472+0900][126.932s][info][gc,heap     ] GC(127) Archive regions: 0->0
[2026-03-25T16:38:36.472+0900][126.932s][info][gc,heap     ] GC(127) Humongous regions: 0->0
[2026-03-25T16:38:36.472+0900][126.932s][info][gc,metaspace] GC(127) Metaspace: 181K(384K)->181K(384K) NonClass: 170K(256K)->170K(256K) Class: 10K(128K)->10K(128K)
[2026-03-25T16:38:36.472+0900][126.932s][info][gc          ] GC(127) Pause Young (Normal) (G1 Evacuation Pause) 174M->124M(256M) 1.686ms
[2026-03-25T16:38:36.472+0900][126.932s][info][gc,cpu      ] GC(127) User=0.00s Sys=0.00s Real=0.00s
[2026-03-25T16:38:38.484+0900][128.944s][info][gc,start    ] GC(128) Pause Young (Normal) (G1 Evacuation Pause)
[2026-03-25T16:38:38.484+0900][128.944s][info][gc,task     ] GC(128) Using 8 workers of 8 for evacuation
[2026-03-25T16:38:38.486+0900][128.946s][info][gc,phases   ] GC(128)   Pre Evacuate Collection Set: 0.2ms
[2026-03-25T16:38:38.486+0900][128.946s][info][gc,phases   ] GC(128)   Merge Heap Roots: 0.1ms
[2026-03-25T16:38:38.486+0900][128.946s][info][gc,phases   ] GC(128)   Evacuate Collection Set: 1.0ms
[2026-03-25T16:38:38.486+0900][128.946s][info][gc,phases   ] GC(128)   Post Evacuate Collection Set: 0.6ms
[2026-03-25T16:38:38.486+0900][128.946s][info][gc,phases   ] GC(128)   Other: 0.1ms
[2026-03-25T16:38:38.486+0900][128.946s][info][gc,heap     ] GC(128) Eden regions: 7->0(6)
[2026-03-25T16:38:38.486+0900][128.946s][info][gc,heap     ] GC(128) Survivor regions: 2->2(2)
[2026-03-25T16:38:38.486+0900][128.946s][info][gc,heap     ] GC(128) Old regions: 15->16
[2026-03-25T16:38:38.486+0900][128.946s][info][gc,heap     ] GC(128) Archive regions: 0->0
[2026-03-25T16:38:38.486+0900][128.946s][info][gc,heap     ] GC(128) Humongous regions: 0->0
[2026-03-25T16:38:38.486+0900][128.946s][info][gc,metaspace] GC(128) Metaspace: 181K(384K)->181K(384K) NonClass: 170K(256K)->170K(256K) Class: 10K(128K)->10K(128K)
[2026-03-25T16:38:38.486+0900][128.946s][info][gc          ] GC(128) Pause Young (Normal) (G1 Evacuation Pause) 178M->134M(256M) 2.615ms
[2026-03-25T16:38:38.487+0900][128.946s][info][gc,cpu      ] GC(128) User=0.00s Sys=0.00s Real=0.00s
[2026-03-25T16:38:40.071+0900][130.531s][info][gc,start    ] GC(129) Pause Young (Normal) (G1 Evacuation Pause)
[2026-03-25T16:38:40.071+0900][130.532s][info][gc,task     ] GC(129) Using 8 workers of 8 for evacuation
[2026-03-25T16:38:40.074+0900][130.535s][info][gc,phases   ] GC(129)   Pre Evacuate Collection Set: 0.3ms
[2026-03-25T16:38:40.075+0900][130.535s][info][gc,phases   ] GC(129)   Merge Heap Roots: 0.3ms
[2026-03-25T16:38:40.075+0900][130.535s][info][gc,phases   ] GC(129)   Evacuate Collection Set: 1.1ms
[2026-03-25T16:38:40.075+0900][130.535s][info][gc,phases   ] GC(129)   Post Evacuate Collection Set: 1.1ms
[2026-03-25T16:38:40.075+0900][130.535s][info][gc,phases   ] GC(129)   Other: 0.2ms
[2026-03-25T16:38:40.075+0900][130.535s][info][gc,heap     ] GC(129) Eden regions: 6->0(6)
[2026-03-25T16:38:40.075+0900][130.535s][info][gc,heap     ] GC(129) Survivor regions: 2->1(1)
[2026-03-25T16:38:40.075+0900][130.535s][info][gc,heap     ] GC(129) Old regions: 16->17
[2026-03-25T16:38:40.075+0900][130.535s][info][gc,heap     ] GC(129) Archive regions: 0->0
[2026-03-25T16:38:40.075+0900][130.535s][info][gc,heap     ] GC(129) Humongous regions: 0->0
[2026-03-25T16:38:40.075+0900][130.535s][info][gc,metaspace] GC(129) Metaspace: 181K(384K)->181K(384K) NonClass: 170K(256K)->170K(256K) Class: 10K(128K)->10K(128K)
[2026-03-25T16:38:40.075+0900][130.535s][info][gc          ] GC(129) Pause Young (Normal) (G1 Evacuation Pause) 180M->143M(256M) 4.033ms
[2026-03-25T16:38:40.075+0900][130.535s][info][gc,cpu      ] GC(129) User=0.00s Sys=0.00s Real=0.00s
[2026-03-25T16:38:41.638+0900][132.097s][info][gc,start    ] GC(130) Pause Young (Normal) (G1 Evacuation Pause)
[2026-03-25T16:38:41.638+0900][132.097s][info][gc,task     ] GC(130) Using 8 workers of 8 for evacuation
[2026-03-25T16:38:41.639+0900][132.099s][info][gc,phases   ] GC(130)   Pre Evacuate Collection Set: 0.1ms
[2026-03-25T16:38:41.639+0900][132.099s][info][gc,phases   ] GC(130)   Merge Heap Roots: 0.1ms
[2026-03-25T16:38:41.639+0900][132.099s][info][gc,phases   ] GC(130)   Evacuate Collection Set: 0.7ms
[2026-03-25T16:38:41.639+0900][132.099s][info][gc,phases   ] GC(130)   Post Evacuate Collection Set: 0.3ms
[2026-03-25T16:38:41.639+0900][132.099s][info][gc,phases   ] GC(130)   Other: 0.0ms
[2026-03-25T16:38:41.639+0900][132.099s][info][gc,heap     ] GC(130) Eden regions: 6->0(5)
[2026-03-25T16:38:41.639+0900][132.099s][info][gc,heap     ] GC(130) Survivor regions: 1->1(1)
[2026-03-25T16:38:41.639+0900][132.099s][info][gc,heap     ] GC(130) Old regions: 17->19
[2026-03-25T16:38:41.639+0900][132.099s][info][gc,heap     ] GC(130) Archive regions: 0->0
[2026-03-25T16:38:41.639+0900][132.099s][info][gc,heap     ] GC(130) Humongous regions: 0->0
[2026-03-25T16:38:41.639+0900][132.099s][info][gc,metaspace] GC(130) Metaspace: 181K(384K)->181K(384K) NonClass: 170K(256K)->170K(256K) Class: 10K(128K)->10K(128K)
[2026-03-25T16:38:41.639+0900][132.099s][info][gc          ] GC(130) Pause Young (Normal) (G1 Evacuation Pause) 189M->152M(256M) 1.398ms
[2026-03-25T16:38:41.639+0900][132.099s][info][gc,cpu      ] GC(130) User=0.00s Sys=0.00s Real=0.00s
[2026-03-25T16:38:42.971+0900][133.431s][info][gc,start    ] GC(131) Pause Young (Normal) (G1 Evacuation Pause)
[2026-03-25T16:38:42.971+0900][133.431s][info][gc,task     ] GC(131) Using 8 workers of 8 for evacuation
[2026-03-25T16:38:42.972+0900][133.432s][info][gc,phases   ] GC(131)   Pre Evacuate Collection Set: 0.2ms
[2026-03-25T16:38:42.972+0900][133.432s][info][gc,phases   ] GC(131)   Merge Heap Roots: 0.2ms
[2026-03-25T16:38:42.972+0900][133.432s][info][gc,phases   ] GC(131)   Evacuate Collection Set: 0.2ms
[2026-03-25T16:38:42.972+0900][133.432s][info][gc,phases   ] GC(131)   Post Evacuate Collection Set: 0.6ms
[2026-03-25T16:38:42.972+0900][133.432s][info][gc,phases   ] GC(131)   Other: 0.1ms
[2026-03-25T16:38:42.972+0900][133.432s][info][gc,heap     ] GC(131) Eden regions: 5->0(5)
[2026-03-25T16:38:42.972+0900][133.432s][info][gc,heap     ] GC(131) Survivor regions: 1->1(1)
[2026-03-25T16:38:42.972+0900][133.432s][info][gc,heap     ] GC(131) Old regions: 19->19
[2026-03-25T16:38:42.972+0900][133.432s][info][gc,heap     ] GC(131) Archive regions: 0->0
[2026-03-25T16:38:42.972+0900][133.432s][info][gc,heap     ] GC(131) Humongous regions: 0->0
[2026-03-25T16:38:42.972+0900][133.433s][info][gc,metaspace] GC(131) Metaspace: 181K(384K)->181K(384K) NonClass: 170K(256K)->170K(256K) Class: 10K(128K)->10K(128K)
[2026-03-25T16:38:42.972+0900][133.433s][info][gc          ] GC(131) Pause Young (Normal) (G1 Evacuation Pause) 190M->148M(256M) 1.721ms
[2026-03-25T16:38:42.972+0900][133.433s][info][gc,cpu      ] GC(131) User=0.00s Sys=0.00s Real=0.00s
[2026-03-25T16:38:44.267+0900][134.727s][info][gc,start    ] GC(132) Pause Young (Normal) (G1 Evacuation Pause)
[2026-03-25T16:38:44.267+0900][134.727s][info][gc,task     ] GC(132) Using 8 workers of 8 for evacuation
[2026-03-25T16:38:44.269+0900][134.729s][info][gc,phases   ] GC(132)   Pre Evacuate Collection Set: 0.2ms
[2026-03-25T16:38:44.269+0900][134.729s][info][gc,phases   ] GC(132)   Merge Heap Roots: 0.2ms
[2026-03-25T16:38:44.269+0900][134.729s][info][gc,phases   ] GC(132)   Evacuate Collection Set: 0.7ms
[2026-03-25T16:38:44.269+0900][134.729s][info][gc,phases   ] GC(132)   Post Evacuate Collection Set: 0.8ms
[2026-03-25T16:38:44.269+0900][134.729s][info][gc,phases   ] GC(132)   Other: 0.1ms
[2026-03-25T16:38:44.270+0900][134.729s][info][gc,heap     ] GC(132) Eden regions: 5->0(5)
[2026-03-25T16:38:44.270+0900][134.729s][info][gc,heap     ] GC(132) Survivor regions: 1->1(1)
[2026-03-25T16:38:44.270+0900][134.729s][info][gc,heap     ] GC(132) Old regions: 19->19
[2026-03-25T16:38:44.270+0900][134.729s][info][gc,heap     ] GC(132) Archive regions: 0->0
[2026-03-25T16:38:44.270+0900][134.729s][info][gc,heap     ] GC(132) Humongous regions: 0->0
[2026-03-25T16:38:44.270+0900][134.729s][info][gc,metaspace] GC(132) Metaspace: 181K(384K)->181K(384K) NonClass: 170K(256K)->170K(256K) Class: 10K(128K)->10K(128K)
[2026-03-25T16:38:44.270+0900][134.729s][info][gc          ] GC(132) Pause Young (Normal) (G1 Evacuation Pause) 186M->155M(256M) 2.750ms
[2026-03-25T16:38:44.270+0900][134.729s][info][gc,cpu      ] GC(132) User=0.00s Sys=0.00s Real=0.00s
[2026-03-25T16:38:45.594+0900][136.053s][info][gc,start    ] GC(133) Pause Young (Normal) (G1 Evacuation Pause)
[2026-03-25T16:38:45.594+0900][136.053s][info][gc,task     ] GC(133) Using 8 workers of 8 for evacuation
[2026-03-25T16:38:45.595+0900][136.056s][info][gc,phases   ] GC(133)   Pre Evacuate Collection Set: 0.2ms
[2026-03-25T16:38:45.596+0900][136.056s][info][gc,phases   ] GC(133)   Merge Heap Roots: 0.1ms
[2026-03-25T16:38:45.596+0900][136.056s][info][gc,phases   ] GC(133)   Evacuate Collection Set: 0.9ms
[2026-03-25T16:38:45.596+0900][136.056s][info][gc,phases   ] GC(133)   Post Evacuate Collection Set: 0.7ms
[2026-03-25T16:38:45.596+0900][136.056s][info][gc,phases   ] GC(133)   Other: 0.1ms
[2026-03-25T16:38:45.596+0900][136.056s][info][gc,heap     ] GC(133) Eden regions: 5->0(4)
[2026-03-25T16:38:45.596+0900][136.056s][info][gc,heap     ] GC(133) Survivor regions: 1->1(1)
[2026-03-25T16:38:45.596+0900][136.056s][info][gc,heap     ] GC(133) Old regions: 19->20
[2026-03-25T16:38:45.596+0900][136.056s][info][gc,heap     ] GC(133) Archive regions: 0->0
[2026-03-25T16:38:45.596+0900][136.056s][info][gc,heap     ] GC(133) Humongous regions: 0->0
[2026-03-25T16:38:45.596+0900][136.056s][info][gc,metaspace] GC(133) Metaspace: 181K(384K)->181K(384K) NonClass: 170K(256K)->170K(256K) Class: 10K(128K)->10K(128K)
[2026-03-25T16:38:45.596+0900][136.056s][info][gc          ] GC(133) Pause Young (Normal) (G1 Evacuation Pause) 193M->163M(256M) 2.777ms
[2026-03-25T16:38:45.596+0900][136.056s][info][gc,cpu      ] GC(133) User=0.00s Sys=0.00s Real=0.00s
[2026-03-25T16:38:46.662+0900][137.121s][info][gc,start    ] GC(134) Pause Young (Normal) (G1 Evacuation Pause)
[2026-03-25T16:38:46.662+0900][137.121s][info][gc,task     ] GC(134) Using 8 workers of 8 for evacuation
[2026-03-25T16:38:46.663+0900][137.124s][info][gc,phases   ] GC(134)   Pre Evacuate Collection Set: 0.2ms
[2026-03-25T16:38:46.664+0900][137.124s][info][gc,phases   ] GC(134)   Merge Heap Roots: 0.2ms
[2026-03-25T16:38:46.664+0900][137.124s][info][gc,phases   ] GC(134)   Evacuate Collection Set: 0.9ms
[2026-03-25T16:38:46.664+0900][137.124s][info][gc,phases   ] GC(134)   Post Evacuate Collection Set: 0.8ms
[2026-03-25T16:38:46.664+0900][137.124s][info][gc,phases   ] GC(134)   Other: 0.1ms
[2026-03-25T16:38:46.664+0900][137.124s][info][gc,heap     ] GC(134) Eden regions: 4->0(3)
[2026-03-25T16:38:46.664+0900][137.124s][info][gc,heap     ] GC(134) Survivor regions: 1->1(1)
[2026-03-25T16:38:46.664+0900][137.124s][info][gc,heap     ] GC(134) Old regions: 20->21
[2026-03-25T16:38:46.664+0900][137.124s][info][gc,heap     ] GC(134) Archive regions: 0->0
[2026-03-25T16:38:46.664+0900][137.124s][info][gc,heap     ] GC(134) Humongous regions: 0->0
[2026-03-25T16:38:46.664+0900][137.124s][info][gc,metaspace] GC(134) Metaspace: 181K(384K)->181K(384K) NonClass: 170K(256K)->170K(256K) Class: 10K(128K)->10K(128K)
[2026-03-25T16:38:46.664+0900][137.124s][info][gc          ] GC(134) Pause Young (Normal) (G1 Evacuation Pause) 193M->169M(256M) 3.036ms
[2026-03-25T16:38:46.664+0900][137.124s][info][gc,cpu      ] GC(134) User=0.00s Sys=0.00s Real=0.00s
[2026-03-25T16:38:47.471+0900][137.931s][info][gc,start    ] GC(135) Pause Young (Normal) (G1 Evacuation Pause)
[2026-03-25T16:38:47.471+0900][137.931s][info][gc,task     ] GC(135) Using 8 workers of 8 for evacuation
[2026-03-25T16:38:47.474+0900][137.933s][info][gc,phases   ] GC(135)   Pre Evacuate Collection Set: 0.2ms
[2026-03-25T16:38:47.474+0900][137.933s][info][gc,phases   ] GC(135)   Merge Heap Roots: 0.2ms
[2026-03-25T16:38:47.474+0900][137.933s][info][gc,phases   ] GC(135)   Evacuate Collection Set: 0.8ms
[2026-03-25T16:38:47.474+0900][137.933s][info][gc,phases   ] GC(135)   Post Evacuate Collection Set: 0.8ms
[2026-03-25T16:38:47.474+0900][137.933s][info][gc,phases   ] GC(135)   Other: 0.1ms
[2026-03-25T16:38:47.474+0900][137.934s][info][gc,heap     ] GC(135) Eden regions: 3->0(3)
[2026-03-25T16:38:47.474+0900][137.934s][info][gc,heap     ] GC(135) Survivor regions: 1->1(1)
[2026-03-25T16:38:47.474+0900][137.934s][info][gc,heap     ] GC(135) Old regions: 21->22
[2026-03-25T16:38:47.474+0900][137.934s][info][gc,heap     ] GC(135) Archive regions: 0->0
[2026-03-25T16:38:47.474+0900][137.934s][info][gc,heap     ] GC(135) Humongous regions: 0->0
[2026-03-25T16:38:47.474+0900][137.934s][info][gc,metaspace] GC(135) Metaspace: 181K(384K)->181K(384K) NonClass: 170K(256K)->170K(256K) Class: 10K(128K)->10K(128K)
[2026-03-25T16:38:47.475+0900][137.934s][info][gc          ] GC(135) Pause Young (Normal) (G1 Evacuation Pause) 191M->173M(256M) 2.979ms
[2026-03-25T16:38:47.475+0900][137.934s][info][gc,cpu      ] GC(135) User=0.00s Sys=0.00s Real=0.00s
[2026-03-25T16:38:48.273+0900][138.732s][info][gc,start    ] GC(136) Pause Young (Normal) (G1 Evacuation Pause)
[2026-03-25T16:38:48.273+0900][138.732s][info][gc,task     ] GC(136) Using 8 workers of 8 for evacuation
[2026-03-25T16:38:48.274+0900][138.733s][info][gc,phases   ] GC(136)   Pre Evacuate Collection Set: 0.2ms
[2026-03-25T16:38:48.274+0900][138.733s][info][gc,phases   ] GC(136)   Merge Heap Roots: 0.1ms
[2026-03-25T16:38:48.274+0900][138.733s][info][gc,phases   ] GC(136)   Evacuate Collection Set: 0.4ms
[2026-03-25T16:38:48.274+0900][138.733s][info][gc,phases   ] GC(136)   Post Evacuate Collection Set: 0.3ms
[2026-03-25T16:38:48.274+0900][138.733s][info][gc,phases   ] GC(136)   Other: 0.1ms
[2026-03-25T16:38:48.274+0900][138.733s][info][gc,heap     ] GC(136) Eden regions: 3->0(3)
[2026-03-25T16:38:48.274+0900][138.733s][info][gc,heap     ] GC(136) Survivor regions: 1->1(1)
[2026-03-25T16:38:48.274+0900][138.733s][info][gc,heap     ] GC(136) Old regions: 22->22
[2026-03-25T16:38:48.274+0900][138.733s][info][gc,heap     ] GC(136) Archive regions: 0->0
[2026-03-25T16:38:48.274+0900][138.733s][info][gc,heap     ] GC(136) Humongous regions: 0->0
[2026-03-25T16:38:48.274+0900][138.733s][info][gc,metaspace] GC(136) Metaspace: 181K(384K)->181K(384K) NonClass: 170K(256K)->170K(256K) Class: 10K(128K)->10K(128K)
[2026-03-25T16:38:48.274+0900][138.733s][info][gc          ] GC(136) Pause Young (Normal) (G1 Evacuation Pause) 196M->177M(256M) 1.367ms
[2026-03-25T16:38:48.274+0900][138.733s][info][gc,cpu      ] GC(136) User=0.00s Sys=0.00s Real=0.00s
[2026-03-25T16:38:49.091+0900][139.550s][info][gc,start    ] GC(137) Pause Young (Normal) (G1 Evacuation Pause)
[2026-03-25T16:38:49.091+0900][139.551s][info][gc,task     ] GC(137) Using 8 workers of 8 for evacuation
[2026-03-25T16:38:49.092+0900][139.552s][info][gc,phases   ] GC(137)   Pre Evacuate Collection Set: 0.2ms
[2026-03-25T16:38:49.092+0900][139.552s][info][gc,phases   ] GC(137)   Merge Heap Roots: 0.2ms
[2026-03-25T16:38:49.092+0900][139.552s][info][gc,phases   ] GC(137)   Evacuate Collection Set: 0.6ms
[2026-03-25T16:38:49.092+0900][139.552s][info][gc,phases   ] GC(137)   Post Evacuate Collection Set: 0.5ms
[2026-03-25T16:38:49.092+0900][139.552s][info][gc,phases   ] GC(137)   Other: 0.1ms
[2026-03-25T16:38:49.093+0900][139.552s][info][gc,heap     ] GC(137) Eden regions: 3->0(2)
[2026-03-25T16:38:49.093+0900][139.553s][info][gc,heap     ] GC(137) Survivor regions: 1->1(1)
[2026-03-25T16:38:49.093+0900][139.553s][info][gc,heap     ] GC(137) Old regions: 22->23
[2026-03-25T16:38:49.093+0900][139.553s][info][gc,heap     ] GC(137) Archive regions: 0->0
[2026-03-25T16:38:49.093+0900][139.553s][info][gc,heap     ] GC(137) Humongous regions: 0->0
[2026-03-25T16:38:49.093+0900][139.553s][info][gc,metaspace] GC(137) Metaspace: 181K(384K)->181K(384K) NonClass: 170K(256K)->170K(256K) Class: 10K(128K)->10K(128K)
[2026-03-25T16:38:49.093+0900][139.553s][info][gc          ] GC(137) Pause Young (Normal) (G1 Evacuation Pause) 200M->182M(256M) 2.142ms
[2026-03-25T16:38:49.093+0900][139.553s][info][gc,cpu      ] GC(137) User=0.00s Sys=0.00s Real=0.00s
[2026-03-25T16:38:49.614+0900][140.074s][info][gc,start    ] GC(138) Pause Young (Normal) (G1 Evacuation Pause)
[2026-03-25T16:38:49.614+0900][140.074s][info][gc,task     ] GC(138) Using 8 workers of 8 for evacuation
[2026-03-25T16:38:49.616+0900][140.075s][info][gc,phases   ] GC(138)   Pre Evacuate Collection Set: 0.1ms
[2026-03-25T16:38:49.616+0900][140.075s][info][gc,phases   ] GC(138)   Merge Heap Roots: 0.1ms
[2026-03-25T16:38:49.616+0900][140.075s][info][gc,phases   ] GC(138)   Evacuate Collection Set: 0.4ms
[2026-03-25T16:38:49.616+0900][140.075s][info][gc,phases   ] GC(138)   Post Evacuate Collection Set: 0.6ms
[2026-03-25T16:38:49.616+0900][140.075s][info][gc,phases   ] GC(138)   Other: 0.1ms
[2026-03-25T16:38:49.616+0900][140.075s][info][gc,heap     ] GC(138) Eden regions: 2->0(2)
[2026-03-25T16:38:49.616+0900][140.075s][info][gc,heap     ] GC(138) Survivor regions: 1->1(1)
[2026-03-25T16:38:49.616+0900][140.075s][info][gc,heap     ] GC(138) Old regions: 23->23
[2026-03-25T16:38:49.616+0900][140.075s][info][gc,heap     ] GC(138) Archive regions: 0->0
[2026-03-25T16:38:49.616+0900][140.075s][info][gc,heap     ] GC(138) Humongous regions: 0->0
[2026-03-25T16:38:49.616+0900][140.075s][info][gc,metaspace] GC(138) Metaspace: 181K(384K)->181K(384K) NonClass: 170K(256K)->170K(256K) Class: 10K(128K)->10K(128K)
[2026-03-25T16:38:49.616+0900][140.075s][info][gc          ] GC(138) Pause Young (Normal) (G1 Evacuation Pause) 197M->185M(256M) 1.825ms
[2026-03-25T16:38:49.616+0900][140.075s][info][gc,cpu      ] GC(138) User=0.00s Sys=0.00s Real=0.00s
[2026-03-25T16:38:50.127+0900][140.586s][info][gc,start    ] GC(139) Pause Young (Normal) (G1 Evacuation Pause)
[2026-03-25T16:38:50.127+0900][140.586s][info][gc,task     ] GC(139) Using 8 workers of 8 for evacuation
[2026-03-25T16:38:50.128+0900][140.589s][info][gc,phases   ] GC(139)   Pre Evacuate Collection Set: 0.3ms
[2026-03-25T16:38:50.128+0900][140.589s][info][gc,phases   ] GC(139)   Merge Heap Roots: 0.2ms
[2026-03-25T16:38:50.128+0900][140.589s][info][gc,phases   ] GC(139)   Evacuate Collection Set: 0.6ms
[2026-03-25T16:38:50.128+0900][140.589s][info][gc,phases   ] GC(139)   Post Evacuate Collection Set: 0.9ms
[2026-03-25T16:38:50.128+0900][140.589s][info][gc,phases   ] GC(139)   Other: 0.1ms
[2026-03-25T16:38:50.129+0900][140.589s][info][gc,heap     ] GC(139) Eden regions: 2->0(2)
[2026-03-25T16:38:50.129+0900][140.589s][info][gc,heap     ] GC(139) Survivor regions: 1->1(1)
[2026-03-25T16:38:50.129+0900][140.589s][info][gc,heap     ] GC(139) Old regions: 23->23
[2026-03-25T16:38:50.129+0900][140.589s][info][gc,heap     ] GC(139) Archive regions: 0->0
[2026-03-25T16:38:50.129+0900][140.589s][info][gc,heap     ] GC(139) Humongous regions: 0->0
[2026-03-25T16:38:50.129+0900][140.589s][info][gc,metaspace] GC(139) Metaspace: 181K(384K)->181K(384K) NonClass: 170K(256K)->170K(256K) Class: 10K(128K)->10K(128K)
[2026-03-25T16:38:50.129+0900][140.589s][info][gc          ] GC(139) Pause Young (Normal) (G1 Evacuation Pause) 200M->188M(256M) 2.774ms
[2026-03-25T16:38:50.129+0900][140.589s][info][gc,cpu      ] GC(139) User=0.00s Sys=0.00s Real=0.00s
[2026-03-25T16:38:50.665+0900][141.125s][info][gc,start    ] GC(140) Pause Young (Normal) (G1 Evacuation Pause)
[2026-03-25T16:38:50.665+0900][141.125s][info][gc,task     ] GC(140) Using 8 workers of 8 for evacuation
[2026-03-25T16:38:50.667+0900][141.128s][info][gc,phases   ] GC(140)   Pre Evacuate Collection Set: 0.2ms
[2026-03-25T16:38:50.667+0900][141.128s][info][gc,phases   ] GC(140)   Merge Heap Roots: 0.2ms
[2026-03-25T16:38:50.667+0900][141.128s][info][gc,phases   ] GC(140)   Evacuate Collection Set: 0.7ms
[2026-03-25T16:38:50.667+0900][141.128s][info][gc,phases   ] GC(140)   Post Evacuate Collection Set: 0.9ms
[2026-03-25T16:38:50.668+0900][141.128s][info][gc,phases   ] GC(140)   Other: 0.1ms
[2026-03-25T16:38:50.668+0900][141.128s][info][gc,heap     ] GC(140) Eden regions: 2->0(1)
[2026-03-25T16:38:50.668+0900][141.128s][info][gc,heap     ] GC(140) Survivor regions: 1->1(1)
[2026-03-25T16:38:50.668+0900][141.128s][info][gc,heap     ] GC(140) Old regions: 23->24
[2026-03-25T16:38:50.668+0900][141.128s][info][gc,heap     ] GC(140) Archive regions: 0->0
[2026-03-25T16:38:50.668+0900][141.128s][info][gc,heap     ] GC(140) Humongous regions: 0->0
[2026-03-25T16:38:50.668+0900][141.128s][info][gc,metaspace] GC(140) Metaspace: 181K(384K)->181K(384K) NonClass: 170K(256K)->170K(256K) Class: 10K(128K)->10K(128K)
[2026-03-25T16:38:50.668+0900][141.128s][info][gc          ] GC(140) Pause Young (Normal) (G1 Evacuation Pause) 203M->191M(256M) 2.859ms
[2026-03-25T16:38:50.668+0900][141.128s][info][gc,cpu      ] GC(140) User=0.00s Sys=0.00s Real=0.00s
[2026-03-25T16:38:50.930+0900][141.390s][info][gc,start    ] GC(141) Pause Young (Normal) (G1 Evacuation Pause)
[2026-03-25T16:38:50.931+0900][141.390s][info][gc,task     ] GC(141) Using 8 workers of 8 for evacuation
[2026-03-25T16:38:50.933+0900][141.392s][info][gc,phases   ] GC(141)   Pre Evacuate Collection Set: 0.2ms
[2026-03-25T16:38:50.933+0900][141.392s][info][gc,phases   ] GC(141)   Merge Heap Roots: 0.2ms
[2026-03-25T16:38:50.933+0900][141.393s][info][gc,phases   ] GC(141)   Evacuate Collection Set: 0.6ms
[2026-03-25T16:38:50.933+0900][141.393s][info][gc,phases   ] GC(141)   Post Evacuate Collection Set: 0.9ms
[2026-03-25T16:38:50.933+0900][141.393s][info][gc,phases   ] GC(141)   Other: 0.1ms
[2026-03-25T16:38:50.933+0900][141.393s][info][gc,heap     ] GC(141) Eden regions: 1->0(1)
[2026-03-25T16:38:50.933+0900][141.393s][info][gc,heap     ] GC(141) Survivor regions: 1->1(1)
[2026-03-25T16:38:50.933+0900][141.393s][info][gc,heap     ] GC(141) Old regions: 24->24
[2026-03-25T16:38:50.933+0900][141.393s][info][gc,heap     ] GC(141) Archive regions: 0->0
[2026-03-25T16:38:50.933+0900][141.393s][info][gc,heap     ] GC(141) Humongous regions: 0->0
[2026-03-25T16:38:50.933+0900][141.393s][info][gc,metaspace] GC(141) Metaspace: 181K(384K)->181K(384K) NonClass: 170K(256K)->170K(256K) Class: 10K(128K)->10K(128K)
[2026-03-25T16:38:50.933+0900][141.393s][info][gc          ] GC(141) Pause Young (Normal) (G1 Evacuation Pause) 198M->192M(256M) 2.858ms
[2026-03-25T16:38:50.933+0900][141.393s][info][gc,cpu      ] GC(141) User=0.00s Sys=0.00s Real=0.00s
[2026-03-25T16:38:51.195+0900][141.655s][info][gc,start    ] GC(142) Pause Young (Normal) (G1 Evacuation Pause)
[2026-03-25T16:38:51.195+0900][141.655s][info][gc,task     ] GC(142) Using 8 workers of 8 for evacuation
[2026-03-25T16:38:51.196+0900][141.656s][info][gc,phases   ] GC(142)   Pre Evacuate Collection Set: 0.2ms
[2026-03-25T16:38:51.196+0900][141.656s][info][gc,phases   ] GC(142)   Merge Heap Roots: 0.2ms
[2026-03-25T16:38:51.196+0900][141.656s][info][gc,phases   ] GC(142)   Evacuate Collection Set: 0.5ms
[2026-03-25T16:38:51.196+0900][141.656s][info][gc,phases   ] GC(142)   Post Evacuate Collection Set: 0.5ms
[2026-03-25T16:38:51.196+0900][141.656s][info][gc,phases   ] GC(142)   Other: 0.1ms
[2026-03-25T16:38:51.196+0900][141.656s][info][gc,heap     ] GC(142) Eden regions: 1->0(1)
[2026-03-25T16:38:51.196+0900][141.656s][info][gc,heap     ] GC(142) Survivor regions: 1->1(1)
[2026-03-25T16:38:51.196+0900][141.656s][info][gc,heap     ] GC(142) Old regions: 24->24
[2026-03-25T16:38:51.196+0900][141.656s][info][gc,heap     ] GC(142) Archive regions: 0->0
[2026-03-25T16:38:51.196+0900][141.656s][info][gc,heap     ] GC(142) Humongous regions: 0->0
[2026-03-25T16:38:51.196+0900][141.657s][info][gc,metaspace] GC(142) Metaspace: 181K(384K)->181K(384K) NonClass: 170K(256K)->170K(256K) Class: 10K(128K)->10K(128K)
[2026-03-25T16:38:51.196+0900][141.657s][info][gc          ] GC(142) Pause Young (Normal) (G1 Evacuation Pause) 200M->194M(256M) 1.871ms
[2026-03-25T16:38:51.196+0900][141.657s][info][gc,cpu      ] GC(142) User=0.00s Sys=0.00s Real=0.00s
[2026-03-25T16:38:51.465+0900][141.925s][info][gc,start    ] GC(143) Pause Young (Normal) (G1 Evacuation Pause)
[2026-03-25T16:38:51.465+0900][141.925s][info][gc,task     ] GC(143) Using 8 workers of 8 for evacuation
[2026-03-25T16:38:51.466+0900][141.926s][info][gc,phases   ] GC(143)   Pre Evacuate Collection Set: 0.1ms
[2026-03-25T16:38:51.466+0900][141.926s][info][gc,phases   ] GC(143)   Merge Heap Roots: 0.1ms
[2026-03-25T16:38:51.466+0900][141.926s][info][gc,phases   ] GC(143)   Evacuate Collection Set: 0.2ms
[2026-03-25T16:38:51.466+0900][141.926s][info][gc,phases   ] GC(143)   Post Evacuate Collection Set: 0.3ms
[2026-03-25T16:38:51.466+0900][141.926s][info][gc,phases   ] GC(143)   Other: 0.1ms
[2026-03-25T16:38:51.466+0900][141.926s][info][gc,heap     ] GC(143) Eden regions: 1->0(1)
[2026-03-25T16:38:51.466+0900][141.926s][info][gc,heap     ] GC(143) Survivor regions: 1->1(1)
[2026-03-25T16:38:51.466+0900][141.926s][info][gc,heap     ] GC(143) Old regions: 24->24
[2026-03-25T16:38:51.466+0900][141.926s][info][gc,heap     ] GC(143) Archive regions: 0->0
[2026-03-25T16:38:51.466+0900][141.926s][info][gc,heap     ] GC(143) Humongous regions: 0->0
[2026-03-25T16:38:51.466+0900][141.926s][info][gc,metaspace] GC(143) Metaspace: 181K(384K)->181K(384K) NonClass: 170K(256K)->170K(256K) Class: 10K(128K)->10K(128K)
[2026-03-25T16:38:51.466+0900][141.926s][info][gc          ] GC(143) Pause Young (Normal) (G1 Evacuation Pause) 201M->195M(256M) 0.961ms
[2026-03-25T16:38:51.466+0900][141.926s][info][gc,cpu      ] GC(143) User=0.00s Sys=0.00s Real=0.00s
[2026-03-25T16:38:51.734+0900][142.193s][info][gc,start    ] GC(144) Pause Young (Normal) (G1 Evacuation Pause)
[2026-03-25T16:38:51.734+0900][142.193s][info][gc,task     ] GC(144) Using 8 workers of 8 for evacuation
[2026-03-25T16:38:51.735+0900][142.195s][info][gc,phases   ] GC(144)   Pre Evacuate Collection Set: 0.2ms
[2026-03-25T16:38:51.735+0900][142.195s][info][gc,phases   ] GC(144)   Merge Heap Roots: 0.2ms
[2026-03-25T16:38:51.735+0900][142.195s][info][gc,phases   ] GC(144)   Evacuate Collection Set: 0.6ms
[2026-03-25T16:38:51.735+0900][142.196s][info][gc,phases   ] GC(144)   Post Evacuate Collection Set: 0.8ms
[2026-03-25T16:38:51.735+0900][142.196s][info][gc,phases   ] GC(144)   Other: 0.2ms
[2026-03-25T16:38:51.736+0900][142.196s][info][gc,heap     ] GC(144) Eden regions: 1->0(1)
[2026-03-25T16:38:51.736+0900][142.196s][info][gc,heap     ] GC(144) Survivor regions: 1->1(1)
[2026-03-25T16:38:51.736+0900][142.196s][info][gc,heap     ] GC(144) Old regions: 24->25
[2026-03-25T16:38:51.736+0900][142.196s][info][gc,heap     ] GC(144) Archive regions: 0->0
[2026-03-25T16:38:51.736+0900][142.196s][info][gc,heap     ] GC(144) Humongous regions: 0->0
[2026-03-25T16:38:51.736+0900][142.196s][info][gc,metaspace] GC(144) Metaspace: 181K(384K)->181K(384K) NonClass: 170K(256K)->170K(256K) Class: 10K(128K)->10K(128K)
[2026-03-25T16:38:51.736+0900][142.196s][info][gc          ] GC(144) Pause Young (Normal) (G1 Evacuation Pause) 203M->197M(256M) 2.738ms
[2026-03-25T16:38:51.736+0900][142.196s][info][gc,cpu      ] GC(144) User=0.00s Sys=0.00s Real=0.00s
[2026-03-25T16:38:51.998+0900][142.458s][info][gc,start    ] GC(145) Pause Young (Normal) (G1 Evacuation Pause)
[2026-03-25T16:38:51.998+0900][142.458s][info][gc,task     ] GC(145) Using 8 workers of 8 for evacuation
[2026-03-25T16:38:51.999+0900][142.459s][info][gc,phases   ] GC(145)   Pre Evacuate Collection Set: 0.1ms
[2026-03-25T16:38:51.999+0900][142.459s][info][gc,phases   ] GC(145)   Merge Heap Roots: 0.1ms
[2026-03-25T16:38:51.999+0900][142.459s][info][gc,phases   ] GC(145)   Evacuate Collection Set: 0.3ms
[2026-03-25T16:38:51.999+0900][142.459s][info][gc,phases   ] GC(145)   Post Evacuate Collection Set: 0.4ms
[2026-03-25T16:38:51.999+0900][142.459s][info][gc,phases   ] GC(145)   Other: 0.1ms
[2026-03-25T16:38:51.999+0900][142.459s][info][gc,heap     ] GC(145) Eden regions: 1->0(1)
[2026-03-25T16:38:51.999+0900][142.459s][info][gc,heap     ] GC(145) Survivor regions: 1->1(1)
[2026-03-25T16:38:51.999+0900][142.459s][info][gc,heap     ] GC(145) Old regions: 25->25
[2026-03-25T16:38:51.999+0900][142.459s][info][gc,heap     ] GC(145) Archive regions: 0->0
[2026-03-25T16:38:51.999+0900][142.459s][info][gc,heap     ] GC(145) Humongous regions: 0->0
[2026-03-25T16:38:51.999+0900][142.459s][info][gc,metaspace] GC(145) Metaspace: 181K(384K)->181K(384K) NonClass: 170K(256K)->170K(256K) Class: 10K(128K)->10K(128K)
[2026-03-25T16:38:51.999+0900][142.459s][info][gc          ] GC(145) Pause Young (Normal) (G1 Evacuation Pause) 204M->198M(256M) 1.187ms
[2026-03-25T16:38:51.999+0900][142.459s][info][gc,cpu      ] GC(145) User=0.00s Sys=0.00s Real=0.00s
[2026-03-25T16:38:52.260+0900][142.719s][info][gc,start    ] GC(146) Pause Young (Normal) (G1 Evacuation Pause)
[2026-03-25T16:38:52.260+0900][142.720s][info][gc,task     ] GC(146) Using 8 workers of 8 for evacuation
[2026-03-25T16:38:52.261+0900][142.722s][info][gc,phases   ] GC(146)   Pre Evacuate Collection Set: 0.2ms
[2026-03-25T16:38:52.261+0900][142.722s][info][gc,phases   ] GC(146)   Merge Heap Roots: 0.2ms
[2026-03-25T16:38:52.261+0900][142.722s][info][gc,phases   ] GC(146)   Evacuate Collection Set: 0.5ms
[2026-03-25T16:38:52.261+0900][142.722s][info][gc,phases   ] GC(146)   Post Evacuate Collection Set: 0.9ms
[2026-03-25T16:38:52.262+0900][142.722s][info][gc,phases   ] GC(146)   Other: 0.1ms
[2026-03-25T16:38:52.262+0900][142.722s][info][gc,heap     ] GC(146) Eden regions: 1->0(1)
[2026-03-25T16:38:52.262+0900][142.722s][info][gc,heap     ] GC(146) Survivor regions: 1->1(1)
[2026-03-25T16:38:52.262+0900][142.722s][info][gc,heap     ] GC(146) Old regions: 25->25
[2026-03-25T16:38:52.262+0900][142.722s][info][gc,heap     ] GC(146) Archive regions: 0->0
[2026-03-25T16:38:52.262+0900][142.722s][info][gc,heap     ] GC(146) Humongous regions: 0->0
[2026-03-25T16:38:52.262+0900][142.722s][info][gc,metaspace] GC(146) Metaspace: 181K(384K)->181K(384K) NonClass: 170K(256K)->170K(256K) Class: 10K(128K)->10K(128K)
[2026-03-25T16:38:52.262+0900][142.722s][info][gc          ] GC(146) Pause Young (Normal) (G1 Evacuation Pause) 206M->200M(256M) 2.603ms
[2026-03-25T16:38:52.262+0900][142.722s][info][gc,cpu      ] GC(146) User=0.00s Sys=0.00s Real=0.00s
[2026-03-25T16:38:52.518+0900][142.977s][info][gc,start    ] GC(147) Pause Young (Normal) (G1 Evacuation Pause)
[2026-03-25T16:38:52.518+0900][142.978s][info][gc,task     ] GC(147) Using 8 workers of 8 for evacuation
[2026-03-25T16:38:52.520+0900][142.979s][info][gc,phases   ] GC(147)   Pre Evacuate Collection Set: 0.3ms
[2026-03-25T16:38:52.520+0900][142.979s][info][gc,phases   ] GC(147)   Merge Heap Roots: 0.2ms
[2026-03-25T16:38:52.520+0900][142.979s][info][gc,phases   ] GC(147)   Evacuate Collection Set: 0.3ms
[2026-03-25T16:38:52.520+0900][142.979s][info][gc,phases   ] GC(147)   Post Evacuate Collection Set: 0.6ms
[2026-03-25T16:38:52.520+0900][142.979s][info][gc,phases   ] GC(147)   Other: 0.1ms
[2026-03-25T16:38:52.520+0900][142.979s][info][gc,heap     ] GC(147) Eden regions: 1->0(1)
[2026-03-25T16:38:52.520+0900][142.979s][info][gc,heap     ] GC(147) Survivor regions: 1->1(1)
[2026-03-25T16:38:52.520+0900][142.979s][info][gc,heap     ] GC(147) Old regions: 25->25
[2026-03-25T16:38:52.520+0900][142.979s][info][gc,heap     ] GC(147) Archive regions: 0->0
[2026-03-25T16:38:52.520+0900][142.979s][info][gc,heap     ] GC(147) Humongous regions: 0->0
[2026-03-25T16:38:52.520+0900][142.979s][info][gc,metaspace] GC(147) Metaspace: 181K(384K)->181K(384K) NonClass: 170K(256K)->170K(256K) Class: 10K(128K)->10K(128K)
[2026-03-25T16:38:52.520+0900][142.979s][info][gc          ] GC(147) Pause Young (Normal) (G1 Evacuation Pause) 207M->201M(256M) 1.984ms
[2026-03-25T16:38:52.520+0900][142.979s][info][gc,cpu      ] GC(147) User=0.00s Sys=0.00s Real=0.00s
[2026-03-25T16:38:52.772+0900][143.232s][info][gc,start    ] GC(148) Pause Young (Normal) (G1 Evacuation Pause)
[2026-03-25T16:38:52.772+0900][143.232s][info][gc,task     ] GC(148) Using 8 workers of 8 for evacuation
[2026-03-25T16:38:52.774+0900][143.233s][info][gc,phases   ] GC(148)   Pre Evacuate Collection Set: 0.2ms
[2026-03-25T16:38:52.774+0900][143.234s][info][gc,phases   ] GC(148)   Merge Heap Roots: 0.2ms
[2026-03-25T16:38:52.774+0900][143.234s][info][gc,phases   ] GC(148)   Evacuate Collection Set: 0.4ms
[2026-03-25T16:38:52.774+0900][143.234s][info][gc,phases   ] GC(148)   Post Evacuate Collection Set: 0.7ms
[2026-03-25T16:38:52.774+0900][143.234s][info][gc,phases   ] GC(148)   Other: 0.1ms
[2026-03-25T16:38:52.774+0900][143.234s][info][gc,heap     ] GC(148) Eden regions: 1->0(1)
[2026-03-25T16:38:52.774+0900][143.234s][info][gc,heap     ] GC(148) Survivor regions: 1->1(1)
[2026-03-25T16:38:52.774+0900][143.234s][info][gc,heap     ] GC(148) Old regions: 25->25
[2026-03-25T16:38:52.774+0900][143.234s][info][gc,heap     ] GC(148) Archive regions: 0->0
[2026-03-25T16:38:52.774+0900][143.234s][info][gc,heap     ] GC(148) Humongous regions: 0->0
[2026-03-25T16:38:52.774+0900][143.234s][info][gc,metaspace] GC(148) Metaspace: 181K(384K)->181K(384K) NonClass: 170K(256K)->170K(256K) Class: 10K(128K)->10K(128K)
[2026-03-25T16:38:52.774+0900][143.234s][info][gc          ] GC(148) Pause Young (Normal) (G1 Evacuation Pause) 209M->203M(256M) 2.299ms
[2026-03-25T16:38:52.774+0900][143.234s][info][gc,cpu      ] GC(148) User=0.00s Sys=0.00s Real=0.00s
[2026-03-25T16:38:53.043+0900][143.503s][info][gc,start    ] GC(149) Pause Young (Normal) (G1 Evacuation Pause)
[2026-03-25T16:38:53.043+0900][143.503s][info][gc,task     ] GC(149) Using 8 workers of 8 for evacuation
[2026-03-25T16:38:53.045+0900][143.505s][info][gc,phases   ] GC(149)   Pre Evacuate Collection Set: 0.2ms
[2026-03-25T16:38:53.045+0900][143.505s][info][gc,phases   ] GC(149)   Merge Heap Roots: 0.1ms
[2026-03-25T16:38:53.045+0900][143.505s][info][gc,phases   ] GC(149)   Evacuate Collection Set: 0.5ms
[2026-03-25T16:38:53.045+0900][143.505s][info][gc,phases   ] GC(149)   Post Evacuate Collection Set: 0.8ms
[2026-03-25T16:38:53.045+0900][143.505s][info][gc,phases   ] GC(149)   Other: 0.2ms
[2026-03-25T16:38:53.045+0900][143.505s][info][gc,heap     ] GC(149) Eden regions: 1->0(1)
[2026-03-25T16:38:53.045+0900][143.505s][info][gc,heap     ] GC(149) Survivor regions: 1->1(1)
[2026-03-25T16:38:53.045+0900][143.505s][info][gc,heap     ] GC(149) Old regions: 25->26
[2026-03-25T16:38:53.045+0900][143.505s][info][gc,heap     ] GC(149) Archive regions: 0->0
[2026-03-25T16:38:53.045+0900][143.505s][info][gc,heap     ] GC(149) Humongous regions: 0->0
[2026-03-25T16:38:53.045+0900][143.505s][info][gc,metaspace] GC(149) Metaspace: 181K(384K)->181K(384K) NonClass: 170K(256K)->170K(256K) Class: 10K(128K)->10K(128K)
[2026-03-25T16:38:53.045+0900][143.505s][info][gc          ] GC(149) Pause Young (Normal) (G1 Evacuation Pause) 210M->204M(256M) 2.462ms
[2026-03-25T16:38:53.045+0900][143.505s][info][gc,cpu      ] GC(149) User=0.00s Sys=0.00s Real=0.00s
[2026-03-25T16:38:53.320+0900][143.780s][info][gc,start    ] GC(150) Pause Young (Normal) (G1 Evacuation Pause)
[2026-03-25T16:38:53.320+0900][143.780s][info][gc,task     ] GC(150) Using 8 workers of 8 for evacuation
[2026-03-25T16:38:53.321+0900][143.781s][info][gc,phases   ] GC(150)   Pre Evacuate Collection Set: 0.2ms
[2026-03-25T16:38:53.321+0900][143.781s][info][gc,phases   ] GC(150)   Merge Heap Roots: 0.2ms
[2026-03-25T16:38:53.321+0900][143.781s][info][gc,phases   ] GC(150)   Evacuate Collection Set: 0.5ms
[2026-03-25T16:38:53.321+0900][143.781s][info][gc,phases   ] GC(150)   Post Evacuate Collection Set: 0.5ms
[2026-03-25T16:38:53.321+0900][143.781s][info][gc,phases   ] GC(150)   Other: 0.1ms
[2026-03-25T16:38:53.321+0900][143.781s][info][gc,heap     ] GC(150) Eden regions: 1->0(1)
[2026-03-25T16:38:53.321+0900][143.781s][info][gc,heap     ] GC(150) Survivor regions: 1->1(1)
[2026-03-25T16:38:53.321+0900][143.781s][info][gc,heap     ] GC(150) Old regions: 26->26
[2026-03-25T16:38:53.321+0900][143.781s][info][gc,heap     ] GC(150) Archive regions: 0->0
[2026-03-25T16:38:53.321+0900][143.781s][info][gc,heap     ] GC(150) Humongous regions: 0->0
[2026-03-25T16:38:53.321+0900][143.781s][info][gc,metaspace] GC(150) Metaspace: 181K(384K)->181K(384K) NonClass: 170K(256K)->170K(256K) Class: 10K(128K)->10K(128K)
[2026-03-25T16:38:53.321+0900][143.781s][info][gc          ] GC(150) Pause Young (Normal) (G1 Evacuation Pause) 212M->206M(256M) 1.851ms
[2026-03-25T16:38:53.321+0900][143.781s][info][gc,cpu      ] GC(150) User=0.00s Sys=0.00s Real=0.00s
[2026-03-25T16:38:53.593+0900][144.052s][info][gc,start    ] GC(151) Pause Young (Normal) (G1 Evacuation Pause)
[2026-03-25T16:38:53.593+0900][144.052s][info][gc,task     ] GC(151) Using 8 workers of 8 for evacuation
[2026-03-25T16:38:53.595+0900][144.054s][info][gc,phases   ] GC(151)   Pre Evacuate Collection Set: 0.2ms
[2026-03-25T16:38:53.595+0900][144.054s][info][gc,phases   ] GC(151)   Merge Heap Roots: 0.2ms
[2026-03-25T16:38:53.595+0900][144.054s][info][gc,phases   ] GC(151)   Evacuate Collection Set: 0.4ms
[2026-03-25T16:38:53.595+0900][144.054s][info][gc,phases   ] GC(151)   Post Evacuate Collection Set: 0.8ms
[2026-03-25T16:38:53.595+0900][144.054s][info][gc,phases   ] GC(151)   Other: 0.1ms
[2026-03-25T16:38:53.595+0900][144.055s][info][gc,heap     ] GC(151) Eden regions: 1->0(1)
[2026-03-25T16:38:53.595+0900][144.055s][info][gc,heap     ] GC(151) Survivor regions: 1->1(1)
[2026-03-25T16:38:53.595+0900][144.055s][info][gc,heap     ] GC(151) Old regions: 26->26
[2026-03-25T16:38:53.595+0900][144.055s][info][gc,heap     ] GC(151) Archive regions: 0->0
[2026-03-25T16:38:53.595+0900][144.055s][info][gc,heap     ] GC(151) Humongous regions: 0->0
[2026-03-25T16:38:53.595+0900][144.055s][info][gc,metaspace] GC(151) Metaspace: 181K(384K)->181K(384K) NonClass: 170K(256K)->170K(256K) Class: 10K(128K)->10K(128K)
[2026-03-25T16:38:53.595+0900][144.055s][info][gc          ] GC(151) Pause Young (Normal) (G1 Evacuation Pause) 213M->207M(256M) 2.485ms
[2026-03-25T16:38:53.595+0900][144.055s][info][gc,cpu      ] GC(151) User=0.00s Sys=0.00s Real=0.00s
[2026-03-25T16:38:53.848+0900][144.308s][info][gc,start    ] GC(152) Pause Young (Normal) (G1 Evacuation Pause)
[2026-03-25T16:38:53.848+0900][144.308s][info][gc,task     ] GC(152) Using 8 workers of 8 for evacuation
[2026-03-25T16:38:53.850+0900][144.310s][info][gc,phases   ] GC(152)   Pre Evacuate Collection Set: 0.2ms
[2026-03-25T16:38:53.850+0900][144.310s][info][gc,phases   ] GC(152)   Merge Heap Roots: 0.1ms
[2026-03-25T16:38:53.850+0900][144.310s][info][gc,phases   ] GC(152)   Evacuate Collection Set: 0.6ms
[2026-03-25T16:38:53.850+0900][144.310s][info][gc,phases   ] GC(152)   Post Evacuate Collection Set: 0.8ms
[2026-03-25T16:38:53.850+0900][144.311s][info][gc,phases   ] GC(152)   Other: 0.1ms
[2026-03-25T16:38:53.850+0900][144.311s][info][gc,heap     ] GC(152) Eden regions: 1->0(1)
[2026-03-25T16:38:53.850+0900][144.311s][info][gc,heap     ] GC(152) Survivor regions: 1->1(1)
[2026-03-25T16:38:53.850+0900][144.311s][info][gc,heap     ] GC(152) Old regions: 26->26
[2026-03-25T16:38:53.850+0900][144.311s][info][gc,heap     ] GC(152) Archive regions: 0->0
[2026-03-25T16:38:53.850+0900][144.311s][info][gc,heap     ] GC(152) Humongous regions: 0->0
[2026-03-25T16:38:53.850+0900][144.311s][info][gc,metaspace] GC(152) Metaspace: 181K(384K)->181K(384K) NonClass: 170K(256K)->170K(256K) Class: 10K(128K)->10K(128K)
[2026-03-25T16:38:53.850+0900][144.311s][info][gc          ] GC(152) Pause Young (Normal) (G1 Evacuation Pause) 215M->209M(256M) 2.529ms
[2026-03-25T16:38:53.850+0900][144.311s][info][gc,cpu      ] GC(152) User=0.00s Sys=0.00s Real=0.00s
[2026-03-25T16:38:54.112+0900][144.572s][info][gc,start    ] GC(153) Pause Young (Normal) (G1 Evacuation Pause)
[2026-03-25T16:38:54.112+0900][144.572s][info][gc,task     ] GC(153) Using 8 workers of 8 for evacuation
[2026-03-25T16:38:54.114+0900][144.573s][info][gc,phases   ] GC(153)   Pre Evacuate Collection Set: 0.2ms
[2026-03-25T16:38:54.114+0900][144.573s][info][gc,phases   ] GC(153)   Merge Heap Roots: 0.2ms
[2026-03-25T16:38:54.114+0900][144.573s][info][gc,phases   ] GC(153)   Evacuate Collection Set: 0.4ms
[2026-03-25T16:38:54.114+0900][144.573s][info][gc,phases   ] GC(153)   Post Evacuate Collection Set: 0.5ms
[2026-03-25T16:38:54.114+0900][144.573s][info][gc,phases   ] GC(153)   Other: 0.1ms
[2026-03-25T16:38:54.114+0900][144.573s][info][gc,heap     ] GC(153) Eden regions: 1->0(1)
[2026-03-25T16:38:54.114+0900][144.573s][info][gc,heap     ] GC(153) Survivor regions: 1->1(1)
[2026-03-25T16:38:54.114+0900][144.573s][info][gc,heap     ] GC(153) Old regions: 26->26
[2026-03-25T16:38:54.114+0900][144.574s][info][gc,heap     ] GC(153) Archive regions: 0->0
[2026-03-25T16:38:54.114+0900][144.574s][info][gc,heap     ] GC(153) Humongous regions: 0->0
[2026-03-25T16:38:54.114+0900][144.574s][info][gc,metaspace] GC(153) Metaspace: 181K(384K)->181K(384K) NonClass: 170K(256K)->170K(256K) Class: 10K(128K)->10K(128K)
[2026-03-25T16:38:54.114+0900][144.574s][info][gc          ] GC(153) Pause Young (Normal) (G1 Evacuation Pause) 216M->210M(256M) 1.637ms
[2026-03-25T16:38:54.114+0900][144.574s][info][gc,cpu      ] GC(153) User=0.00s Sys=0.00s Real=0.00s
[2026-03-25T16:38:54.384+0900][144.843s][info][gc,start    ] GC(154) Pause Young (Normal) (G1 Evacuation Pause)
[2026-03-25T16:38:54.384+0900][144.844s][info][gc,task     ] GC(154) Using 8 workers of 8 for evacuation
[2026-03-25T16:38:54.386+0900][144.846s][info][gc,phases   ] GC(154)   Pre Evacuate Collection Set: 0.3ms
[2026-03-25T16:38:54.386+0900][144.846s][info][gc,phases   ] GC(154)   Merge Heap Roots: 0.2ms
[2026-03-25T16:38:54.386+0900][144.846s][info][gc,phases   ] GC(154)   Evacuate Collection Set: 0.6ms
[2026-03-25T16:38:54.386+0900][144.846s][info][gc,phases   ] GC(154)   Post Evacuate Collection Set: 0.9ms
[2026-03-25T16:38:54.386+0900][144.846s][info][gc,phases   ] GC(154)   Other: 0.1ms
[2026-03-25T16:38:54.387+0900][144.846s][info][gc,heap     ] GC(154) Eden regions: 1->0(1)
[2026-03-25T16:38:54.387+0900][144.846s][info][gc,heap     ] GC(154) Survivor regions: 1->1(1)
[2026-03-25T16:38:54.387+0900][144.846s][info][gc,heap     ] GC(154) Old regions: 26->26
[2026-03-25T16:38:54.387+0900][144.846s][info][gc,heap     ] GC(154) Archive regions: 0->0
[2026-03-25T16:38:54.387+0900][144.846s][info][gc,heap     ] GC(154) Humongous regions: 0->0
[2026-03-25T16:38:54.387+0900][144.846s][info][gc,metaspace] GC(154) Metaspace: 181K(384K)->181K(384K) NonClass: 170K(256K)->170K(256K) Class: 10K(128K)->10K(128K)
[2026-03-25T16:38:54.387+0900][144.846s][info][gc          ] GC(154) Pause Young (Normal) (G1 Evacuation Pause) 218M->211M(256M) 2.790ms
[2026-03-25T16:38:54.387+0900][144.846s][info][gc,cpu      ] GC(154) User=0.00s Sys=0.00s Real=0.00s
[2026-03-25T16:38:54.656+0900][145.115s][info][gc,start    ] GC(155) Pause Young (Normal) (G1 Evacuation Pause)
[2026-03-25T16:38:54.656+0900][145.115s][info][gc,task     ] GC(155) Using 8 workers of 8 for evacuation
[2026-03-25T16:38:54.658+0900][145.117s][info][gc,phases   ] GC(155)   Pre Evacuate Collection Set: 0.2ms
[2026-03-25T16:38:54.658+0900][145.117s][info][gc,phases   ] GC(155)   Merge Heap Roots: 0.2ms
[2026-03-25T16:38:54.658+0900][145.118s][info][gc,phases   ] GC(155)   Evacuate Collection Set: 0.4ms
[2026-03-25T16:38:54.658+0900][145.118s][info][gc,phases   ] GC(155)   Post Evacuate Collection Set: 0.8ms
[2026-03-25T16:38:54.658+0900][145.118s][info][gc,phases   ] GC(155)   Other: 0.2ms
[2026-03-25T16:38:54.658+0900][145.118s][info][gc,heap     ] GC(155) Eden regions: 1->0(1)
[2026-03-25T16:38:54.658+0900][145.118s][info][gc,heap     ] GC(155) Survivor regions: 1->1(1)
[2026-03-25T16:38:54.658+0900][145.118s][info][gc,heap     ] GC(155) Old regions: 26->27
[2026-03-25T16:38:54.658+0900][145.118s][info][gc,heap     ] GC(155) Archive regions: 0->0
[2026-03-25T16:38:54.658+0900][145.118s][info][gc,heap     ] GC(155) Humongous regions: 0->0
[2026-03-25T16:38:54.658+0900][145.118s][info][gc,metaspace] GC(155) Metaspace: 181K(384K)->181K(384K) NonClass: 170K(256K)->170K(256K) Class: 10K(128K)->10K(128K)
[2026-03-25T16:38:54.658+0900][145.118s][info][gc          ] GC(155) Pause Young (Normal) (G1 Evacuation Pause) 219M->213M(256M) 2.545ms
[2026-03-25T16:38:54.658+0900][145.118s][info][gc,cpu      ] GC(155) User=0.00s Sys=0.00s Real=0.00s
[2026-03-25T16:38:54.912+0900][145.372s][info][gc,start    ] GC(156) Pause Young (Normal) (G1 Evacuation Pause)
[2026-03-25T16:38:54.912+0900][145.372s][info][gc,task     ] GC(156) Using 8 workers of 8 for evacuation
[2026-03-25T16:38:54.914+0900][145.374s][info][gc,phases   ] GC(156)   Pre Evacuate Collection Set: 0.2ms
[2026-03-25T16:38:54.914+0900][145.374s][info][gc,phases   ] GC(156)   Merge Heap Roots: 0.2ms
[2026-03-25T16:38:54.914+0900][145.374s][info][gc,phases   ] GC(156)   Evacuate Collection Set: 0.5ms
[2026-03-25T16:38:54.914+0900][145.374s][info][gc,phases   ] GC(156)   Post Evacuate Collection Set: 0.8ms
[2026-03-25T16:38:54.914+0900][145.374s][info][gc,phases   ] GC(156)   Other: 0.1ms
[2026-03-25T16:38:54.914+0900][145.374s][info][gc,heap     ] GC(156) Eden regions: 1->0(1)
[2026-03-25T16:38:54.914+0900][145.375s][info][gc,heap     ] GC(156) Survivor regions: 1->1(1)
[2026-03-25T16:38:54.914+0900][145.375s][info][gc,heap     ] GC(156) Old regions: 27->27
[2026-03-25T16:38:54.914+0900][145.375s][info][gc,heap     ] GC(156) Archive regions: 0->0
[2026-03-25T16:38:54.914+0900][145.375s][info][gc,heap     ] GC(156) Humongous regions: 0->0
[2026-03-25T16:38:54.914+0900][145.375s][info][gc,metaspace] GC(156) Metaspace: 181K(384K)->181K(384K) NonClass: 170K(256K)->170K(256K) Class: 10K(128K)->10K(128K)
[2026-03-25T16:38:54.915+0900][145.375s][info][gc          ] GC(156) Pause Young (Normal) (G1 Evacuation Pause) 221M->214M(256M) 2.478ms
[2026-03-25T16:38:54.915+0900][145.375s][info][gc,cpu      ] GC(156) User=0.00s Sys=0.00s Real=0.00s
[2026-03-25T16:38:55.185+0900][145.644s][info][gc,start    ] GC(157) Pause Young (Normal) (G1 Evacuation Pause)
[2026-03-25T16:38:55.185+0900][145.644s][info][gc,task     ] GC(157) Using 8 workers of 8 for evacuation
[2026-03-25T16:38:55.186+0900][145.646s][info][gc,phases   ] GC(157)   Pre Evacuate Collection Set: 0.2ms
[2026-03-25T16:38:55.186+0900][145.646s][info][gc,phases   ] GC(157)   Merge Heap Roots: 0.2ms
[2026-03-25T16:38:55.186+0900][145.646s][info][gc,phases   ] GC(157)   Evacuate Collection Set: 0.3ms
[2026-03-25T16:38:55.187+0900][145.646s][info][gc,phases   ] GC(157)   Post Evacuate Collection Set: 0.6ms
[2026-03-25T16:38:55.187+0900][145.646s][info][gc,phases   ] GC(157)   Other: 0.1ms
[2026-03-25T16:38:55.187+0900][145.646s][info][gc,heap     ] GC(157) Eden regions: 1->0(1)
[2026-03-25T16:38:55.187+0900][145.646s][info][gc,heap     ] GC(157) Survivor regions: 1->1(1)
[2026-03-25T16:38:55.187+0900][145.646s][info][gc,heap     ] GC(157) Old regions: 27->27
[2026-03-25T16:38:55.187+0900][145.646s][info][gc,heap     ] GC(157) Archive regions: 0->0
[2026-03-25T16:38:55.187+0900][145.646s][info][gc,heap     ] GC(157) Humongous regions: 0->0
[2026-03-25T16:38:55.187+0900][145.646s][info][gc,metaspace] GC(157) Metaspace: 181K(384K)->181K(384K) NonClass: 170K(256K)->170K(256K) Class: 10K(128K)->10K(128K)
[2026-03-25T16:38:55.187+0900][145.646s][info][gc          ] GC(157) Pause Young (Normal) (G1 Evacuation Pause) 222M->216M(256M) 1.759ms
[2026-03-25T16:38:55.187+0900][145.646s][info][gc,cpu      ] GC(157) User=0.00s Sys=0.00s Real=0.00s
[2026-03-25T16:38:55.454+0900][145.913s][info][gc,start    ] GC(158) Pause Young (Normal) (G1 Evacuation Pause)
[2026-03-25T16:38:55.454+0900][145.914s][info][gc,task     ] GC(158) Using 8 workers of 8 for evacuation
[2026-03-25T16:38:55.456+0900][145.915s][info][gc,phases   ] GC(158)   Pre Evacuate Collection Set: 0.2ms
[2026-03-25T16:38:55.456+0900][145.916s][info][gc,phases   ] GC(158)   Merge Heap Roots: 0.2ms
[2026-03-25T16:38:55.456+0900][145.916s][info][gc,phases   ] GC(158)   Evacuate Collection Set: 0.5ms
[2026-03-25T16:38:55.456+0900][145.916s][info][gc,phases   ] GC(158)   Post Evacuate Collection Set: 0.8ms
[2026-03-25T16:38:55.456+0900][145.916s][info][gc,phases   ] GC(158)   Other: 0.1ms
[2026-03-25T16:38:55.456+0900][145.916s][info][gc,heap     ] GC(158) Eden regions: 1->0(1)
[2026-03-25T16:38:55.456+0900][145.916s][info][gc,heap     ] GC(158) Survivor regions: 1->1(1)
[2026-03-25T16:38:55.456+0900][145.916s][info][gc,heap     ] GC(158) Old regions: 27->27
[2026-03-25T16:38:55.456+0900][145.916s][info][gc,heap     ] GC(158) Archive regions: 0->0
[2026-03-25T16:38:55.456+0900][145.916s][info][gc,heap     ] GC(158) Humongous regions: 0->0
[2026-03-25T16:38:55.456+0900][145.916s][info][gc,metaspace] GC(158) Metaspace: 181K(384K)->181K(384K) NonClass: 170K(256K)->170K(256K) Class: 10K(128K)->10K(128K)
[2026-03-25T16:38:55.456+0900][145.916s][info][gc          ] GC(158) Pause Young (Normal) (G1 Evacuation Pause) 223M->217M(256M) 2.546ms
[2026-03-25T16:38:55.456+0900][145.916s][info][gc,cpu      ] GC(158) User=0.00s Sys=0.00s Real=0.00s
[2026-03-25T16:38:55.721+0900][146.180s][info][gc,start    ] GC(159) Pause Young (Normal) (G1 Evacuation Pause)
[2026-03-25T16:38:55.721+0900][146.181s][info][gc,task     ] GC(159) Using 8 workers of 8 for evacuation
[2026-03-25T16:38:55.723+0900][146.182s][info][gc,phases   ] GC(159)   Pre Evacuate Collection Set: 0.2ms
[2026-03-25T16:38:55.723+0900][146.183s][info][gc,phases   ] GC(159)   Merge Heap Roots: 0.2ms
[2026-03-25T16:38:55.723+0900][146.183s][info][gc,phases   ] GC(159)   Evacuate Collection Set: 0.4ms
[2026-03-25T16:38:55.723+0900][146.183s][info][gc,phases   ] GC(159)   Post Evacuate Collection Set: 0.9ms
[2026-03-25T16:38:55.723+0900][146.183s][info][gc,phases   ] GC(159)   Other: 0.2ms
[2026-03-25T16:38:55.723+0900][146.183s][info][gc,heap     ] GC(159) Eden regions: 1->0(1)
[2026-03-25T16:38:55.723+0900][146.183s][info][gc,heap     ] GC(159) Survivor regions: 1->1(1)
[2026-03-25T16:38:55.723+0900][146.183s][info][gc,heap     ] GC(159) Old regions: 27->27
[2026-03-25T16:38:55.723+0900][146.183s][info][gc,heap     ] GC(159) Archive regions: 0->0
[2026-03-25T16:38:55.723+0900][146.183s][info][gc,heap     ] GC(159) Humongous regions: 0->0
[2026-03-25T16:38:55.723+0900][146.183s][info][gc,metaspace] GC(159) Metaspace: 181K(384K)->181K(384K) NonClass: 170K(256K)->170K(256K) Class: 10K(128K)->10K(128K)
[2026-03-25T16:38:55.723+0900][146.183s][info][gc          ] GC(159) Pause Young (Normal) (G1 Evacuation Pause) 225M->219M(256M) 2.547ms
[2026-03-25T16:38:55.723+0900][146.183s][info][gc,cpu      ] GC(159) User=0.00s Sys=0.00s Real=0.00s
[2026-03-25T16:38:55.983+0900][146.442s][info][gc,start    ] GC(160) Pause Young (Normal) (G1 Evacuation Pause)
[2026-03-25T16:38:55.983+0900][146.443s][info][gc,task     ] GC(160) Using 8 workers of 8 for evacuation
[2026-03-25T16:38:55.985+0900][146.445s][info][gc,phases   ] GC(160)   Pre Evacuate Collection Set: 0.3ms
[2026-03-25T16:38:55.985+0900][146.445s][info][gc,phases   ] GC(160)   Merge Heap Roots: 0.2ms
[2026-03-25T16:38:55.985+0900][146.445s][info][gc,phases   ] GC(160)   Evacuate Collection Set: 0.4ms
[2026-03-25T16:38:55.985+0900][146.445s][info][gc,phases   ] GC(160)   Post Evacuate Collection Set: 0.9ms
[2026-03-25T16:38:55.985+0900][146.445s][info][gc,phases   ] GC(160)   Other: 0.1ms
[2026-03-25T16:38:55.985+0900][146.445s][info][gc,heap     ] GC(160) Eden regions: 1->0(1)
[2026-03-25T16:38:55.985+0900][146.445s][info][gc,heap     ] GC(160) Survivor regions: 1->1(1)
[2026-03-25T16:38:55.985+0900][146.445s][info][gc,heap     ] GC(160) Old regions: 27->28
[2026-03-25T16:38:55.985+0900][146.445s][info][gc,heap     ] GC(160) Archive regions: 0->0
[2026-03-25T16:38:55.985+0900][146.445s][info][gc,heap     ] GC(160) Humongous regions: 0->0
[2026-03-25T16:38:55.985+0900][146.445s][info][gc,metaspace] GC(160) Metaspace: 181K(384K)->181K(384K) NonClass: 170K(256K)->170K(256K) Class: 10K(128K)->10K(128K)
[2026-03-25T16:38:55.986+0900][146.445s][info][gc          ] GC(160) Pause Young (Normal) (G1 Evacuation Pause) 226M->220M(256M) 2.619ms
[2026-03-25T16:38:55.986+0900][146.445s][info][gc,cpu      ] GC(160) User=0.00s Sys=0.00s Real=0.00s
[2026-03-25T16:38:56.260+0900][146.719s][info][gc,start    ] GC(161) Pause Young (Normal) (G1 Evacuation Pause)
[2026-03-25T16:38:56.260+0900][146.719s][info][gc,task     ] GC(161) Using 8 workers of 8 for evacuation
[2026-03-25T16:38:56.261+0900][146.721s][info][gc,phases   ] GC(161)   Pre Evacuate Collection Set: 0.2ms
[2026-03-25T16:38:56.261+0900][146.721s][info][gc,phases   ] GC(161)   Merge Heap Roots: 0.2ms
[2026-03-25T16:38:56.261+0900][146.721s][info][gc,phases   ] GC(161)   Evacuate Collection Set: 0.6ms
[2026-03-25T16:38:56.261+0900][146.722s][info][gc,phases   ] GC(161)   Post Evacuate Collection Set: 0.9ms
[2026-03-25T16:38:56.261+0900][146.722s][info][gc,phases   ] GC(161)   Other: 0.1ms
[2026-03-25T16:38:56.262+0900][146.722s][info][gc,heap     ] GC(161) Eden regions: 1->0(1)
[2026-03-25T16:38:56.262+0900][146.722s][info][gc,heap     ] GC(161) Survivor regions: 1->1(1)
[2026-03-25T16:38:56.262+0900][146.722s][info][gc,heap     ] GC(161) Old regions: 28->28
[2026-03-25T16:38:56.262+0900][146.722s][info][gc,heap     ] GC(161) Archive regions: 0->0
[2026-03-25T16:38:56.262+0900][146.722s][info][gc,heap     ] GC(161) Humongous regions: 0->0
[2026-03-25T16:38:56.262+0900][146.722s][info][gc,metaspace] GC(161) Metaspace: 181K(384K)->181K(384K) NonClass: 170K(256K)->170K(256K) Class: 10K(128K)->10K(128K)
[2026-03-25T16:38:56.262+0900][146.722s][info][gc          ] GC(161) Pause Young (Normal) (G1 Evacuation Pause) 228M->222M(256M) 2.885ms
[2026-03-25T16:38:56.262+0900][146.722s][info][gc,cpu      ] GC(161) User=0.00s Sys=0.00s Real=0.00s
[2026-03-25T16:38:56.525+0900][146.985s][info][gc,start    ] GC(162) Pause Young (Normal) (G1 Evacuation Pause)
[2026-03-25T16:38:56.525+0900][146.985s][info][gc,task     ] GC(162) Using 8 workers of 8 for evacuation
[2026-03-25T16:38:56.527+0900][146.987s][info][gc,phases   ] GC(162)   Pre Evacuate Collection Set: 0.3ms
[2026-03-25T16:38:56.528+0900][146.987s][info][gc,phases   ] GC(162)   Merge Heap Roots: 0.2ms
[2026-03-25T16:38:56.528+0900][146.988s][info][gc,phases   ] GC(162)   Evacuate Collection Set: 0.7ms
[2026-03-25T16:38:56.528+0900][146.988s][info][gc,phases   ] GC(162)   Post Evacuate Collection Set: 0.9ms
[2026-03-25T16:38:56.528+0900][146.988s][info][gc,phases   ] GC(162)   Other: 0.1ms
[2026-03-25T16:38:56.528+0900][146.988s][info][gc,heap     ] GC(162) Eden regions: 1->0(1)
[2026-03-25T16:38:56.528+0900][146.988s][info][gc,heap     ] GC(162) Survivor regions: 1->1(1)
[2026-03-25T16:38:56.528+0900][146.988s][info][gc,heap     ] GC(162) Old regions: 28->28
[2026-03-25T16:38:56.528+0900][146.988s][info][gc,heap     ] GC(162) Archive regions: 0->0
[2026-03-25T16:38:56.528+0900][146.988s][info][gc,heap     ] GC(162) Humongous regions: 0->0
[2026-03-25T16:38:56.528+0900][146.988s][info][gc,metaspace] GC(162) Metaspace: 181K(384K)->181K(384K) NonClass: 170K(256K)->170K(256K) Class: 10K(128K)->10K(128K)
[2026-03-25T16:38:56.528+0900][146.988s][info][gc          ] GC(162) Pause Young (Normal) (G1 Evacuation Pause) 229M->223M(256M) 3.011ms
[2026-03-25T16:38:56.528+0900][146.988s][info][gc,cpu      ] GC(162) User=0.00s Sys=0.00s Real=0.00s
[2026-03-25T16:38:56.806+0900][147.266s][info][gc,start    ] GC(163) Pause Young (Normal) (G1 Evacuation Pause)
[2026-03-25T16:38:56.806+0900][147.266s][info][gc,task     ] GC(163) Using 8 workers of 8 for evacuation
[2026-03-25T16:38:56.808+0900][147.268s][info][gc,phases   ] GC(163)   Pre Evacuate Collection Set: 0.3ms
[2026-03-25T16:38:56.808+0900][147.268s][info][gc,phases   ] GC(163)   Merge Heap Roots: 0.2ms
[2026-03-25T16:38:56.808+0900][147.268s][info][gc,phases   ] GC(163)   Evacuate Collection Set: 0.5ms
[2026-03-25T16:38:56.808+0900][147.268s][info][gc,phases   ] GC(163)   Post Evacuate Collection Set: 0.5ms
[2026-03-25T16:38:56.808+0900][147.268s][info][gc,phases   ] GC(163)   Other: 0.1ms
[2026-03-25T16:38:56.808+0900][147.268s][info][gc,heap     ] GC(163) Eden regions: 1->0(1)
[2026-03-25T16:38:56.808+0900][147.268s][info][gc,heap     ] GC(163) Survivor regions: 1->1(1)
[2026-03-25T16:38:56.808+0900][147.268s][info][gc,heap     ] GC(163) Old regions: 28->28
[2026-03-25T16:38:56.808+0900][147.268s][info][gc,heap     ] GC(163) Archive regions: 0->0
[2026-03-25T16:38:56.808+0900][147.268s][info][gc,heap     ] GC(163) Humongous regions: 0->0
[2026-03-25T16:38:56.808+0900][147.268s][info][gc,metaspace] GC(163) Metaspace: 181K(384K)->181K(384K) NonClass: 170K(256K)->170K(256K) Class: 10K(128K)->10K(128K)
[2026-03-25T16:38:56.808+0900][147.268s][info][gc          ] GC(163) Pause Young (Normal) (G1 Evacuation Pause) 231M->225M(256M) 2.336ms
[2026-03-25T16:38:56.808+0900][147.268s][info][gc,cpu      ] GC(163) User=0.00s Sys=0.00s Real=0.00s
[2026-03-25T16:38:57.081+0900][147.540s][info][gc,start    ] GC(164) Pause Young (Normal) (G1 Evacuation Pause)
[2026-03-25T16:38:57.081+0900][147.540s][info][gc,task     ] GC(164) Using 8 workers of 8 for evacuation
[2026-03-25T16:38:57.082+0900][147.542s][info][gc,phases   ] GC(164)   Pre Evacuate Collection Set: 0.2ms
[2026-03-25T16:38:57.082+0900][147.542s][info][gc,phases   ] GC(164)   Merge Heap Roots: 0.1ms
[2026-03-25T16:38:57.082+0900][147.542s][info][gc,phases   ] GC(164)   Evacuate Collection Set: 0.4ms
[2026-03-25T16:38:57.082+0900][147.542s][info][gc,phases   ] GC(164)   Post Evacuate Collection Set: 0.5ms
[2026-03-25T16:38:57.082+0900][147.542s][info][gc,phases   ] GC(164)   Other: 0.1ms
[2026-03-25T16:38:57.082+0900][147.542s][info][gc,heap     ] GC(164) Eden regions: 1->0(1)
[2026-03-25T16:38:57.082+0900][147.542s][info][gc,heap     ] GC(164) Survivor regions: 1->1(1)
[2026-03-25T16:38:57.082+0900][147.542s][info][gc,heap     ] GC(164) Old regions: 28->28
[2026-03-25T16:38:57.082+0900][147.542s][info][gc,heap     ] GC(164) Archive regions: 0->0
[2026-03-25T16:38:57.082+0900][147.542s][info][gc,heap     ] GC(164) Humongous regions: 0->0
[2026-03-25T16:38:57.082+0900][147.542s][info][gc,metaspace] GC(164) Metaspace: 181K(384K)->181K(384K) NonClass: 170K(256K)->170K(256K) Class: 10K(128K)->10K(128K)
[2026-03-25T16:38:57.083+0900][147.542s][info][gc          ] GC(164) Pause Young (Normal) (G1 Evacuation Pause) 232M->226M(256M) 1.847ms
[2026-03-25T16:38:57.083+0900][147.542s][info][gc,cpu      ] GC(164) User=0.00s Sys=0.00s Real=0.00s
[2026-03-25T16:38:57.344+0900][147.804s][info][gc,start    ] GC(165) Pause Young (Normal) (G1 Evacuation Pause)
[2026-03-25T16:38:57.344+0900][147.804s][info][gc,task     ] GC(165) Using 8 workers of 8 for evacuation
[2026-03-25T16:38:57.346+0900][147.806s][info][gc,phases   ] GC(165)   Pre Evacuate Collection Set: 0.2ms
[2026-03-25T16:38:57.346+0900][147.806s][info][gc,phases   ] GC(165)   Merge Heap Roots: 0.2ms
[2026-03-25T16:38:57.346+0900][147.806s][info][gc,phases   ] GC(165)   Evacuate Collection Set: 0.6ms
[2026-03-25T16:38:57.347+0900][147.806s][info][gc,phases   ] GC(165)   Post Evacuate Collection Set: 0.9ms
[2026-03-25T16:38:57.347+0900][147.806s][info][gc,phases   ] GC(165)   Other: 0.1ms
[2026-03-25T16:38:57.347+0900][147.806s][info][gc,heap     ] GC(165) Eden regions: 1->0(1)
[2026-03-25T16:38:57.347+0900][147.806s][info][gc,heap     ] GC(165) Survivor regions: 1->1(1)
[2026-03-25T16:38:57.347+0900][147.806s][info][gc,heap     ] GC(165) Old regions: 28->28
[2026-03-25T16:38:57.347+0900][147.806s][info][gc,heap     ] GC(165) Archive regions: 0->0
[2026-03-25T16:38:57.347+0900][147.806s][info][gc,heap     ] GC(165) Humongous regions: 0->0
[2026-03-25T16:38:57.347+0900][147.806s][info][gc,metaspace] GC(165) Metaspace: 181K(384K)->181K(384K) NonClass: 170K(256K)->170K(256K) Class: 10K(128K)->10K(128K)
[2026-03-25T16:38:57.347+0900][147.806s][info][gc          ] GC(165) Pause Young (Normal) (G1 Evacuation Pause) 234M->228M(256M) 2.676ms
[2026-03-25T16:38:57.347+0900][147.806s][info][gc,cpu      ] GC(165) User=0.00s Sys=0.00s Real=0.00s
[2026-03-25T16:38:57.607+0900][148.067s][info][gc,start    ] GC(166) Pause Young (Normal) (G1 Evacuation Pause)
[2026-03-25T16:38:57.607+0900][148.067s][info][gc,task     ] GC(166) Using 8 workers of 8 for evacuation
[2026-03-25T16:38:57.609+0900][148.069s][info][gc,phases   ] GC(166)   Pre Evacuate Collection Set: 0.2ms
[2026-03-25T16:38:57.609+0900][148.069s][info][gc,phases   ] GC(166)   Merge Heap Roots: 0.2ms
[2026-03-25T16:38:57.609+0900][148.069s][info][gc,phases   ] GC(166)   Evacuate Collection Set: 0.5ms
[2026-03-25T16:38:57.609+0900][148.069s][info][gc,phases   ] GC(166)   Post Evacuate Collection Set: 0.9ms
[2026-03-25T16:38:57.609+0900][148.069s][info][gc,phases   ] GC(166)   Other: 0.1ms
[2026-03-25T16:38:57.609+0900][148.069s][info][gc,heap     ] GC(166) Eden regions: 1->0(1)
[2026-03-25T16:38:57.609+0900][148.069s][info][gc,heap     ] GC(166) Survivor regions: 1->1(1)
[2026-03-25T16:38:57.609+0900][148.069s][info][gc,heap     ] GC(166) Old regions: 28->29
[2026-03-25T16:38:57.609+0900][148.069s][info][gc,heap     ] GC(166) Archive regions: 0->0
[2026-03-25T16:38:57.609+0900][148.069s][info][gc,heap     ] GC(166) Humongous regions: 0->0
[2026-03-25T16:38:57.609+0900][148.069s][info][gc,metaspace] GC(166) Metaspace: 181K(384K)->181K(384K) NonClass: 170K(256K)->170K(256K) Class: 10K(128K)->10K(128K)
[2026-03-25T16:38:57.609+0900][148.069s][info][gc          ] GC(166) Pause Young (Normal) (G1 Evacuation Pause) 235M->229M(256M) 2.623ms
[2026-03-25T16:38:57.609+0900][148.069s][info][gc,cpu      ] GC(166) User=0.00s Sys=0.00s Real=0.00s
[2026-03-25T16:38:57.876+0900][148.335s][info][gc,start    ] GC(167) Pause Young (Concurrent Start) (G1 Evacuation Pause)
[2026-03-25T16:38:57.876+0900][148.336s][info][gc,task     ] GC(167) Using 8 workers of 8 for evacuation
[2026-03-25T16:38:57.878+0900][148.338s][info][gc,phases   ] GC(167)   Pre Evacuate Collection Set: 0.3ms
[2026-03-25T16:38:57.879+0900][148.338s][info][gc,phases   ] GC(167)   Merge Heap Roots: 0.2ms
[2026-03-25T16:38:57.879+0900][148.338s][info][gc,phases   ] GC(167)   Evacuate Collection Set: 0.5ms
[2026-03-25T16:38:57.879+0900][148.338s][info][gc,phases   ] GC(167)   Post Evacuate Collection Set: 0.9ms
[2026-03-25T16:38:57.879+0900][148.338s][info][gc,phases   ] GC(167)   Other: 0.3ms
[2026-03-25T16:38:57.879+0900][148.338s][info][gc,heap     ] GC(167) Eden regions: 1->0(1)
[2026-03-25T16:38:57.879+0900][148.338s][info][gc,heap     ] GC(167) Survivor regions: 1->1(1)
[2026-03-25T16:38:57.879+0900][148.338s][info][gc,heap     ] GC(167) Old regions: 29->29
[2026-03-25T16:38:57.879+0900][148.338s][info][gc,heap     ] GC(167) Archive regions: 0->0
[2026-03-25T16:38:57.879+0900][148.338s][info][gc,heap     ] GC(167) Humongous regions: 0->0
[2026-03-25T16:38:57.879+0900][148.338s][info][gc,metaspace] GC(167) Metaspace: 181K(384K)->181K(384K) NonClass: 170K(256K)->170K(256K) Class: 10K(128K)->10K(128K)
[2026-03-25T16:38:57.879+0900][148.338s][info][gc          ] GC(167) Pause Young (Concurrent Start) (G1 Evacuation Pause) 237M->231M(256M) 2.953ms
[2026-03-25T16:38:57.879+0900][148.338s][info][gc,cpu      ] GC(167) User=0.00s Sys=0.00s Real=0.00s
[2026-03-25T16:38:57.879+0900][148.339s][info][gc          ] GC(168) Concurrent Mark Cycle
[2026-03-25T16:38:57.879+0900][148.339s][info][gc,marking  ] GC(168) Concurrent Clear Claimed Marks
[2026-03-25T16:38:57.879+0900][148.339s][info][gc,marking  ] GC(168) Concurrent Clear Claimed Marks 0.038ms
[2026-03-25T16:38:57.879+0900][148.339s][info][gc,marking  ] GC(168) Concurrent Scan Root Regions
[2026-03-25T16:38:57.880+0900][148.339s][info][gc,marking  ] GC(168) Concurrent Scan Root Regions 0.209ms
[2026-03-25T16:38:57.880+0900][148.339s][info][gc,marking  ] GC(168) Concurrent Mark
[2026-03-25T16:38:57.880+0900][148.339s][info][gc,marking  ] GC(168) Concurrent Mark From Roots
[2026-03-25T16:38:57.880+0900][148.339s][info][gc,task     ] GC(168) Using 2 workers of 2 for marking
[2026-03-25T16:38:57.881+0900][148.341s][info][gc,marking  ] GC(168) Concurrent Mark From Roots 1.764ms
[2026-03-25T16:38:57.882+0900][148.341s][info][gc,marking  ] GC(168) Concurrent Preclean
[2026-03-25T16:38:57.882+0900][148.341s][info][gc,marking  ] GC(168) Concurrent Preclean 0.043ms
[2026-03-25T16:38:57.882+0900][148.341s][info][gc,start    ] GC(168) Pause Remark
[2026-03-25T16:38:57.883+0900][148.342s][info][gc          ] GC(168) Pause Remark 233M->105M(256M) 1.019ms
[2026-03-25T16:38:57.883+0900][148.343s][info][gc,cpu      ] GC(168) User=0.00s Sys=0.00s Real=0.00s
[2026-03-25T16:38:57.883+0900][148.343s][info][gc,marking  ] GC(168) Concurrent Mark 3.538ms
[2026-03-25T16:38:57.883+0900][148.343s][info][gc,marking  ] GC(168) Concurrent Rebuild Remembered Sets
[2026-03-25T16:38:57.884+0900][148.343s][info][gc,marking  ] GC(168) Concurrent Rebuild Remembered Sets 0.539ms
[2026-03-25T16:38:57.884+0900][148.343s][info][gc,start    ] GC(168) Pause Cleanup
[2026-03-25T16:38:57.884+0900][148.343s][info][gc          ] GC(168) Pause Cleanup 105M->105M(256M) 0.039ms
[2026-03-25T16:38:57.884+0900][148.343s][info][gc,cpu      ] GC(168) User=0.00s Sys=0.00s Real=0.00s
[2026-03-25T16:38:57.884+0900][148.343s][info][gc,marking  ] GC(168) Concurrent Cleanup for Next Mark
[2026-03-25T16:38:57.884+0900][148.343s][info][gc,marking  ] GC(168) Concurrent Cleanup for Next Mark 0.118ms
[2026-03-25T16:38:57.884+0900][148.344s][info][gc          ] GC(168) Concurrent Mark Cycle 4.922ms
[2026-03-25T16:38:58.148+0900][148.607s][info][gc,start    ] GC(169) Pause Young (Prepare Mixed) (G1 Evacuation Pause)
[2026-03-25T16:38:58.148+0900][148.607s][info][gc,task     ] GC(169) Using 8 workers of 8 for evacuation
[2026-03-25T16:38:58.149+0900][148.609s][info][gc,phases   ] GC(169)   Pre Evacuate Collection Set: 0.3ms
[2026-03-25T16:38:58.149+0900][148.610s][info][gc,phases   ] GC(169)   Merge Heap Roots: 0.2ms
[2026-03-25T16:38:58.149+0900][148.610s][info][gc,phases   ] GC(169)   Evacuate Collection Set: 0.6ms
[2026-03-25T16:38:58.150+0900][148.610s][info][gc,phases   ] GC(169)   Post Evacuate Collection Set: 0.9ms
[2026-03-25T16:38:58.150+0900][148.610s][info][gc,phases   ] GC(169)   Other: 0.1ms
[2026-03-25T16:38:58.150+0900][148.610s][info][gc,heap     ] GC(169) Eden regions: 1->0(1)
[2026-03-25T16:38:58.150+0900][148.610s][info][gc,heap     ] GC(169) Survivor regions: 1->1(1)
[2026-03-25T16:38:58.150+0900][148.610s][info][gc,heap     ] GC(169) Old regions: 13->13
[2026-03-25T16:38:58.150+0900][148.610s][info][gc,heap     ] GC(169) Archive regions: 0->0
[2026-03-25T16:38:58.150+0900][148.610s][info][gc,heap     ] GC(169) Humongous regions: 0->0
[2026-03-25T16:38:58.150+0900][148.610s][info][gc,metaspace] GC(169) Metaspace: 181K(384K)->181K(384K) NonClass: 170K(256K)->170K(256K) Class: 10K(128K)->10K(128K)
[2026-03-25T16:38:58.150+0900][148.610s][info][gc          ] GC(169) Pause Young (Prepare Mixed) (G1 Evacuation Pause) 110M->104M(256M) 3.014ms
[2026-03-25T16:38:58.150+0900][148.610s][info][gc,cpu      ] GC(169) User=0.00s Sys=0.00s Real=0.00s
[2026-03-25T16:38:58.412+0900][148.871s][info][gc,start    ] GC(170) Pause Young (Mixed) (G1 Evacuation Pause)
[2026-03-25T16:38:58.412+0900][148.871s][info][gc,task     ] GC(170) Using 8 workers of 8 for evacuation
[2026-03-25T16:38:58.413+0900][148.873s][info][gc,phases   ] GC(170)   Pre Evacuate Collection Set: 0.2ms
[2026-03-25T16:38:58.413+0900][148.873s][info][gc,phases   ] GC(170)   Merge Heap Roots: 0.1ms
[2026-03-25T16:38:58.413+0900][148.873s][info][gc,phases   ] GC(170)   Evacuate Collection Set: 0.4ms
[2026-03-25T16:38:58.413+0900][148.873s][info][gc,phases   ] GC(170)   Post Evacuate Collection Set: 0.7ms
[2026-03-25T16:38:58.413+0900][148.873s][info][gc,phases   ] GC(170)   Other: 0.1ms
[2026-03-25T16:38:58.413+0900][148.873s][info][gc,heap     ] GC(170) Eden regions: 1->0(10)
[2026-03-25T16:38:58.413+0900][148.873s][info][gc,heap     ] GC(170) Survivor regions: 1->1(1)
[2026-03-25T16:38:58.413+0900][148.873s][info][gc,heap     ] GC(170) Old regions: 13->12
[2026-03-25T16:38:58.413+0900][148.873s][info][gc,heap     ] GC(170) Archive regions: 0->0
[2026-03-25T16:38:58.413+0900][148.873s][info][gc,heap     ] GC(170) Humongous regions: 0->0
[2026-03-25T16:38:58.413+0900][148.873s][info][gc,metaspace] GC(170) Metaspace: 181K(384K)->181K(384K) NonClass: 170K(256K)->170K(256K) Class: 10K(128K)->10K(128K)
[2026-03-25T16:38:58.414+0900][148.873s][info][gc          ] GC(170) Pause Young (Mixed) (G1 Evacuation Pause) 112M->98M(256M) 1.914ms
[2026-03-25T16:38:58.414+0900][148.873s][info][gc,cpu      ] GC(170) User=0.00s Sys=0.00s Real=0.00s
[2026-03-25T16:39:01.090+0900][151.550s][info][gc,start    ] GC(171) Pause Young (Normal) (G1 Evacuation Pause)
[2026-03-25T16:39:01.090+0900][151.550s][info][gc,task     ] GC(171) Using 8 workers of 8 for evacuation
[2026-03-25T16:39:01.092+0900][151.551s][info][gc,phases   ] GC(171)   Pre Evacuate Collection Set: 0.1ms
[2026-03-25T16:39:01.092+0900][151.551s][info][gc,phases   ] GC(171)   Merge Heap Roots: 0.1ms
[2026-03-25T16:39:01.092+0900][151.551s][info][gc,phases   ] GC(171)   Evacuate Collection Set: 0.8ms
[2026-03-25T16:39:01.092+0900][151.551s][info][gc,phases   ] GC(171)   Post Evacuate Collection Set: 0.5ms
[2026-03-25T16:39:01.092+0900][151.551s][info][gc,phases   ] GC(171)   Other: 0.1ms
[2026-03-25T16:39:01.092+0900][151.551s][info][gc,heap     ] GC(171) Eden regions: 10->0(8)
[2026-03-25T16:39:01.092+0900][151.551s][info][gc,heap     ] GC(171) Survivor regions: 1->2(2)
[2026-03-25T16:39:01.092+0900][151.552s][info][gc,heap     ] GC(171) Old regions: 12->13
[2026-03-25T16:39:01.092+0900][151.552s][info][gc,heap     ] GC(171) Archive regions: 0->0
[2026-03-25T16:39:01.092+0900][151.552s][info][gc,heap     ] GC(171) Humongous regions: 0->0
[2026-03-25T16:39:01.092+0900][151.552s][info][gc,metaspace] GC(171) Metaspace: 181K(384K)->181K(384K) NonClass: 170K(256K)->170K(256K) Class: 10K(128K)->10K(128K)
[2026-03-25T16:39:01.092+0900][151.552s][info][gc          ] GC(171) Pause Young (Normal) (G1 Evacuation Pause) 176M->113M(256M) 1.947ms
[2026-03-25T16:39:01.092+0900][151.552s][info][gc,cpu      ] GC(171) User=0.00s Sys=0.00s Real=0.00s
[2026-03-25T16:39:03.169+0900][153.629s][info][gc,start    ] GC(172) Pause Young (Normal) (G1 Evacuation Pause)
[2026-03-25T16:39:03.169+0900][153.629s][info][gc,task     ] GC(172) Using 8 workers of 8 for evacuation
[2026-03-25T16:39:03.172+0900][153.632s][info][gc,phases   ] GC(172)   Pre Evacuate Collection Set: 0.1ms
[2026-03-25T16:39:03.173+0900][153.633s][info][gc,phases   ] GC(172)   Merge Heap Roots: 0.1ms
[2026-03-25T16:39:03.173+0900][153.633s][info][gc,phases   ] GC(172)   Evacuate Collection Set: 2.1ms
[2026-03-25T16:39:03.173+0900][153.633s][info][gc,phases   ] GC(172)   Post Evacuate Collection Set: 0.7ms
[2026-03-25T16:39:03.173+0900][153.633s][info][gc,phases   ] GC(172)   Other: 0.1ms
[2026-03-25T16:39:03.173+0900][153.633s][info][gc,heap     ] GC(172) Eden regions: 8->0(7)
[2026-03-25T16:39:03.173+0900][153.633s][info][gc,heap     ] GC(172) Survivor regions: 2->2(2)
[2026-03-25T16:39:03.173+0900][153.633s][info][gc,heap     ] GC(172) Old regions: 13->15
[2026-03-25T16:39:03.173+0900][153.633s][info][gc,heap     ] GC(172) Archive regions: 0->0
[2026-03-25T16:39:03.173+0900][153.633s][info][gc,heap     ] GC(172) Humongous regions: 0->0
[2026-03-25T16:39:03.173+0900][153.633s][info][gc,metaspace] GC(172) Metaspace: 181K(384K)->181K(384K) NonClass: 170K(256K)->170K(256K) Class: 10K(128K)->10K(128K)
[2026-03-25T16:39:03.173+0900][153.633s][info][gc          ] GC(172) Pause Young (Normal) (G1 Evacuation Pause) 175M->125M(256M) 3.852ms
[2026-03-25T16:39:03.173+0900][153.633s][info][gc,cpu      ] GC(172) User=0.00s Sys=0.00s Real=0.00s
[2026-03-25T16:39:05.015+0900][155.475s][info][gc,start    ] GC(173) Pause Young (Normal) (G1 Evacuation Pause)
[2026-03-25T16:39:05.015+0900][155.475s][info][gc,task     ] GC(173) Using 8 workers of 8 for evacuation
[2026-03-25T16:39:05.017+0900][155.477s][info][gc,phases   ] GC(173)   Pre Evacuate Collection Set: 0.3ms
[2026-03-25T16:39:05.017+0900][155.477s][info][gc,phases   ] GC(173)   Merge Heap Roots: 0.2ms
[2026-03-25T16:39:05.018+0900][155.477s][info][gc,phases   ] GC(173)   Evacuate Collection Set: 1.3ms
[2026-03-25T16:39:05.018+0900][155.478s][info][gc,phases   ] GC(173)   Post Evacuate Collection Set: 0.6ms
[2026-03-25T16:39:05.018+0900][155.478s][info][gc,phases   ] GC(173)   Other: 0.1ms
[2026-03-25T16:39:05.018+0900][155.478s][info][gc,heap     ] GC(173) Eden regions: 7->0(6)
[2026-03-25T16:39:05.018+0900][155.478s][info][gc,heap     ] GC(173) Survivor regions: 2->2(2)
[2026-03-25T16:39:05.018+0900][155.478s][info][gc,heap     ] GC(173) Old regions: 15->16
[2026-03-25T16:39:05.018+0900][155.478s][info][gc,heap     ] GC(173) Archive regions: 0->0
[2026-03-25T16:39:05.018+0900][155.478s][info][gc,heap     ] GC(173) Humongous regions: 0->0
[2026-03-25T16:39:05.018+0900][155.478s][info][gc,metaspace] GC(173) Metaspace: 181K(384K)->181K(384K) NonClass: 170K(256K)->170K(256K) Class: 10K(128K)->10K(128K)
[2026-03-25T16:39:05.018+0900][155.478s][info][gc          ] GC(173) Pause Young (Normal) (G1 Evacuation Pause) 179M->135M(256M) 3.201ms
[2026-03-25T16:39:05.018+0900][155.478s][info][gc,cpu      ] GC(173) User=0.00s Sys=0.00s Real=0.00s
[2026-03-25T16:39:06.594+0900][157.054s][info][gc,start    ] GC(174) Pause Young (Normal) (G1 Evacuation Pause)
[2026-03-25T16:39:06.594+0900][157.054s][info][gc,task     ] GC(174) Using 8 workers of 8 for evacuation
[2026-03-25T16:39:06.597+0900][157.056s][info][gc,phases   ] GC(174)   Pre Evacuate Collection Set: 0.1ms
[2026-03-25T16:39:06.597+0900][157.056s][info][gc,phases   ] GC(174)   Merge Heap Roots: 0.1ms
[2026-03-25T16:39:06.597+0900][157.056s][info][gc,phases   ] GC(174)   Evacuate Collection Set: 1.2ms
[2026-03-25T16:39:06.597+0900][157.056s][info][gc,phases   ] GC(174)   Post Evacuate Collection Set: 0.6ms
[2026-03-25T16:39:06.597+0900][157.056s][info][gc,phases   ] GC(174)   Other: 0.1ms
[2026-03-25T16:39:06.597+0900][157.056s][info][gc,heap     ] GC(174) Eden regions: 6->0(5)
[2026-03-25T16:39:06.597+0900][157.056s][info][gc,heap     ] GC(174) Survivor regions: 2->1(1)
[2026-03-25T16:39:06.597+0900][157.056s][info][gc,heap     ] GC(174) Old regions: 16->18
[2026-03-25T16:39:06.597+0900][157.056s][info][gc,heap     ] GC(174) Archive regions: 0->0
[2026-03-25T16:39:06.597+0900][157.056s][info][gc,heap     ] GC(174) Humongous regions: 0->0
[2026-03-25T16:39:06.597+0900][157.056s][info][gc,metaspace] GC(174) Metaspace: 181K(384K)->181K(384K) NonClass: 170K(256K)->170K(256K) Class: 10K(128K)->10K(128K)
[2026-03-25T16:39:06.597+0900][157.057s][info][gc          ] GC(174) Pause Young (Normal) (G1 Evacuation Pause) 181M->144M(256M) 2.885ms
[2026-03-25T16:39:06.597+0900][157.057s][info][gc,cpu      ] GC(174) User=0.00s Sys=0.00s Real=0.00s
[2026-03-25T16:39:07.932+0900][158.392s][info][gc,start    ] GC(175) Pause Young (Normal) (G1 Evacuation Pause)
[2026-03-25T16:39:07.932+0900][158.392s][info][gc,task     ] GC(175) Using 8 workers of 8 for evacuation
[2026-03-25T16:39:07.934+0900][158.394s][info][gc,phases   ] GC(175)   Pre Evacuate Collection Set: 0.3ms
[2026-03-25T16:39:07.934+0900][158.394s][info][gc,phases   ] GC(175)   Merge Heap Roots: 0.1ms
[2026-03-25T16:39:07.934+0900][158.394s][info][gc,phases   ] GC(175)   Evacuate Collection Set: 0.9ms
[2026-03-25T16:39:07.935+0900][158.394s][info][gc,phases   ] GC(175)   Post Evacuate Collection Set: 0.7ms
[2026-03-25T16:39:07.935+0900][158.394s][info][gc,phases   ] GC(175)   Other: 0.1ms
[2026-03-25T16:39:07.935+0900][158.394s][info][gc,heap     ] GC(175) Eden regions: 5->0(5)
[2026-03-25T16:39:07.935+0900][158.395s][info][gc,heap     ] GC(175) Survivor regions: 1->1(1)
[2026-03-25T16:39:07.935+0900][158.395s][info][gc,heap     ] GC(175) Old regions: 18->19
[2026-03-25T16:39:07.935+0900][158.395s][info][gc,heap     ] GC(175) Archive regions: 0->0
[2026-03-25T16:39:07.935+0900][158.395s][info][gc,heap     ] GC(175) Humongous regions: 0->0
[2026-03-25T16:39:07.935+0900][158.395s][info][gc,metaspace] GC(175) Metaspace: 181K(384K)->181K(384K) NonClass: 170K(256K)->170K(256K) Class: 10K(128K)->10K(128K)
[2026-03-25T16:39:07.935+0900][158.395s][info][gc          ] GC(175) Pause Young (Normal) (G1 Evacuation Pause) 182M->151M(256M) 2.721ms
[2026-03-25T16:39:07.935+0900][158.395s][info][gc,cpu      ] GC(175) User=0.00s Sys=0.00s Real=0.00s
[2026-03-25T16:39:09.224+0900][159.683s][info][gc,start    ] GC(176) Pause Young (Normal) (G1 Evacuation Pause)
[2026-03-25T16:39:09.224+0900][159.683s][info][gc,task     ] GC(176) Using 8 workers of 8 for evacuation
[2026-03-25T16:39:09.225+0900][159.685s][info][gc,phases   ] GC(176)   Pre Evacuate Collection Set: 0.2ms
[2026-03-25T16:39:09.226+0900][159.685s][info][gc,phases   ] GC(176)   Merge Heap Roots: 0.2ms
[2026-03-25T16:39:09.226+0900][159.686s][info][gc,phases   ] GC(176)   Evacuate Collection Set: 0.4ms
[2026-03-25T16:39:09.226+0900][159.686s][info][gc,phases   ] GC(176)   Post Evacuate Collection Set: 0.9ms
[2026-03-25T16:39:09.226+0900][159.686s][info][gc,phases   ] GC(176)   Other: 0.1ms
[2026-03-25T16:39:09.226+0900][159.686s][info][gc,heap     ] GC(176) Eden regions: 5->0(5)
[2026-03-25T16:39:09.226+0900][159.686s][info][gc,heap     ] GC(176) Survivor regions: 1->1(1)
[2026-03-25T16:39:09.226+0900][159.686s][info][gc,heap     ] GC(176) Old regions: 19->19
[2026-03-25T16:39:09.226+0900][159.686s][info][gc,heap     ] GC(176) Archive regions: 0->0
[2026-03-25T16:39:09.226+0900][159.686s][info][gc,heap     ] GC(176) Humongous regions: 0->0
[2026-03-25T16:39:09.226+0900][159.686s][info][gc,metaspace] GC(176) Metaspace: 181K(384K)->181K(384K) NonClass: 170K(256K)->170K(256K) Class: 10K(128K)->10K(128K)
[2026-03-25T16:39:09.226+0900][159.686s][info][gc          ] GC(176) Pause Young (Normal) (G1 Evacuation Pause) 189M->146M(256M) 2.566ms
[2026-03-25T16:39:09.226+0900][159.686s][info][gc,cpu      ] GC(176) User=0.00s Sys=0.00s Real=0.00s
[2026-03-25T16:39:10.543+0900][161.003s][info][gc,start    ] GC(177) Pause Young (Normal) (G1 Evacuation Pause)
[2026-03-25T16:39:10.543+0900][161.003s][info][gc,task     ] GC(177) Using 8 workers of 8 for evacuation
[2026-03-25T16:39:10.545+0900][161.004s][info][gc,phases   ] GC(177)   Pre Evacuate Collection Set: 0.2ms
[2026-03-25T16:39:10.545+0900][161.005s][info][gc,phases   ] GC(177)   Merge Heap Roots: 0.2ms
[2026-03-25T16:39:10.545+0900][161.005s][info][gc,phases   ] GC(177)   Evacuate Collection Set: 0.7ms
[2026-03-25T16:39:10.545+0900][161.005s][info][gc,phases   ] GC(177)   Post Evacuate Collection Set: 0.4ms
[2026-03-25T16:39:10.545+0900][161.005s][info][gc,phases   ] GC(177)   Other: 0.1ms
[2026-03-25T16:39:10.545+0900][161.005s][info][gc,heap     ] GC(177) Eden regions: 5->0(5)
[2026-03-25T16:39:10.545+0900][161.005s][info][gc,heap     ] GC(177) Survivor regions: 1->1(1)
[2026-03-25T16:39:10.546+0900][161.005s][info][gc,heap     ] GC(177) Old regions: 19->19
[2026-03-25T16:39:10.546+0900][161.005s][info][gc,heap     ] GC(177) Archive regions: 0->0
[2026-03-25T16:39:10.546+0900][161.005s][info][gc,heap     ] GC(177) Humongous regions: 0->0
[2026-03-25T16:39:10.546+0900][161.005s][info][gc,metaspace] GC(177) Metaspace: 181K(384K)->181K(384K) NonClass: 170K(256K)->170K(256K) Class: 10K(128K)->10K(128K)
[2026-03-25T16:39:10.546+0900][161.005s][info][gc          ] GC(177) Pause Young (Normal) (G1 Evacuation Pause) 184M->153M(256M) 2.609ms
[2026-03-25T16:39:10.546+0900][161.005s][info][gc,cpu      ] GC(177) User=0.00s Sys=0.00s Real=0.00s
[2026-03-25T16:39:11.830+0900][162.290s][info][gc,start    ] GC(178) Pause Young (Normal) (G1 Evacuation Pause)
[2026-03-25T16:39:11.830+0900][162.290s][info][gc,task     ] GC(178) Using 8 workers of 8 for evacuation
[2026-03-25T16:39:11.832+0900][162.292s][info][gc,phases   ] GC(178)   Pre Evacuate Collection Set: 0.2ms
[2026-03-25T16:39:11.832+0900][162.292s][info][gc,phases   ] GC(178)   Merge Heap Roots: 0.2ms
[2026-03-25T16:39:11.832+0900][162.292s][info][gc,phases   ] GC(178)   Evacuate Collection Set: 1.0ms
[2026-03-25T16:39:11.832+0900][162.292s][info][gc,phases   ] GC(178)   Post Evacuate Collection Set: 0.9ms
[2026-03-25T16:39:11.832+0900][162.292s][info][gc,phases   ] GC(178)   Other: 0.1ms
[2026-03-25T16:39:11.832+0900][162.292s][info][gc,heap     ] GC(178) Eden regions: 5->0(4)
[2026-03-25T16:39:11.832+0900][162.292s][info][gc,heap     ] GC(178) Survivor regions: 1->1(1)
[2026-03-25T16:39:11.832+0900][162.293s][info][gc,heap     ] GC(178) Old regions: 19->20
[2026-03-25T16:39:11.832+0900][162.293s][info][gc,heap     ] GC(178) Archive regions: 0->0
[2026-03-25T16:39:11.832+0900][162.293s][info][gc,heap     ] GC(178) Humongous regions: 0->0
[2026-03-25T16:39:11.833+0900][162.293s][info][gc,metaspace] GC(178) Metaspace: 181K(384K)->181K(384K) NonClass: 170K(256K)->170K(256K) Class: 10K(128K)->10K(128K)
[2026-03-25T16:39:11.833+0900][162.293s][info][gc          ] GC(178) Pause Young (Normal) (G1 Evacuation Pause) 191M->161M(256M) 3.187ms
[2026-03-25T16:39:11.833+0900][162.293s][info][gc,cpu      ] GC(178) User=0.00s Sys=0.00s Real=0.00s
[2026-03-25T16:39:12.895+0900][163.355s][info][gc,start    ] GC(179) Pause Young (Normal) (G1 Evacuation Pause)
[2026-03-25T16:39:12.896+0900][163.355s][info][gc,task     ] GC(179) Using 8 workers of 8 for evacuation
[2026-03-25T16:39:12.897+0900][163.357s][info][gc,phases   ] GC(179)   Pre Evacuate Collection Set: 0.2ms
[2026-03-25T16:39:12.897+0900][163.357s][info][gc,phases   ] GC(179)   Merge Heap Roots: 0.2ms
[2026-03-25T16:39:12.897+0900][163.357s][info][gc,phases   ] GC(179)   Evacuate Collection Set: 0.9ms
[2026-03-25T16:39:12.897+0900][163.357s][info][gc,phases   ] GC(179)   Post Evacuate Collection Set: 0.9ms
[2026-03-25T16:39:12.897+0900][163.357s][info][gc,phases   ] GC(179)   Other: 0.1ms
[2026-03-25T16:39:12.897+0900][163.358s][info][gc,heap     ] GC(179) Eden regions: 4->0(3)
[2026-03-25T16:39:12.897+0900][163.358s][info][gc,heap     ] GC(179) Survivor regions: 1->1(1)
[2026-03-25T16:39:12.897+0900][163.358s][info][gc,heap     ] GC(179) Old regions: 20->21
[2026-03-25T16:39:12.897+0900][163.358s][info][gc,heap     ] GC(179) Archive regions: 0->0
[2026-03-25T16:39:12.897+0900][163.358s][info][gc,heap     ] GC(179) Humongous regions: 0->0
[2026-03-25T16:39:12.897+0900][163.358s][info][gc,metaspace] GC(179) Metaspace: 181K(384K)->181K(384K) NonClass: 170K(256K)->170K(256K) Class: 10K(128K)->10K(128K)
[2026-03-25T16:39:12.898+0900][163.358s][info][gc          ] GC(179) Pause Young (Normal) (G1 Evacuation Pause) 191M->167M(256M) 3.099ms
[2026-03-25T16:39:12.898+0900][163.358s][info][gc,cpu      ] GC(179) User=0.02s Sys=0.00s Real=0.00s
[2026-03-25T16:39:13.758+0900][164.217s][info][gc,start    ] GC(180) Pause Young (Normal) (G1 Evacuation Pause)
[2026-03-25T16:39:13.758+0900][164.217s][info][gc,task     ] GC(180) Using 8 workers of 8 for evacuation
[2026-03-25T16:39:13.758+0900][164.218s][info][gc,phases   ] GC(180)   Pre Evacuate Collection Set: 0.0ms
[2026-03-25T16:39:13.758+0900][164.218s][info][gc,phases   ] GC(180)   Merge Heap Roots: 0.0ms
[2026-03-25T16:39:13.758+0900][164.218s][info][gc,phases   ] GC(180)   Evacuate Collection Set: 0.4ms
[2026-03-25T16:39:13.758+0900][164.218s][info][gc,phases   ] GC(180)   Post Evacuate Collection Set: 0.1ms
[2026-03-25T16:39:13.758+0900][164.218s][info][gc,phases   ] GC(180)   Other: 0.0ms
[2026-03-25T16:39:13.758+0900][164.218s][info][gc,heap     ] GC(180) Eden regions: 3->0(3)
[2026-03-25T16:39:13.758+0900][164.218s][info][gc,heap     ] GC(180) Survivor regions: 1->1(1)
[2026-03-25T16:39:13.758+0900][164.218s][info][gc,heap     ] GC(180) Old regions: 21->21
[2026-03-25T16:39:13.758+0900][164.218s][info][gc,heap     ] GC(180) Archive regions: 0->0
[2026-03-25T16:39:13.758+0900][164.218s][info][gc,heap     ] GC(180) Humongous regions: 0->0
[2026-03-25T16:39:13.758+0900][164.218s][info][gc,metaspace] GC(180) Metaspace: 181K(384K)->181K(384K) NonClass: 170K(256K)->170K(256K) Class: 10K(128K)->10K(128K)
[2026-03-25T16:39:13.758+0900][164.218s][info][gc          ] GC(180) Pause Young (Normal) (G1 Evacuation Pause) 189M->171M(256M) 0.889ms
[2026-03-25T16:39:13.758+0900][164.218s][info][gc,cpu      ] GC(180) User=0.00s Sys=0.00s Real=0.00s
[2026-03-25T16:39:14.515+0900][164.975s][info][gc,start    ] GC(181) Pause Young (Normal) (G1 Evacuation Pause)
[2026-03-25T16:39:14.515+0900][164.975s][info][gc,task     ] GC(181) Using 8 workers of 8 for evacuation
[2026-03-25T16:39:14.517+0900][164.977s][info][gc,phases   ] GC(181)   Pre Evacuate Collection Set: 0.2ms
[2026-03-25T16:39:14.517+0900][164.977s][info][gc,phases   ] GC(181)   Merge Heap Roots: 0.2ms
[2026-03-25T16:39:14.517+0900][164.977s][info][gc,phases   ] GC(181)   Evacuate Collection Set: 0.6ms
[2026-03-25T16:39:14.517+0900][164.977s][info][gc,phases   ] GC(181)   Post Evacuate Collection Set: 0.8ms
[2026-03-25T16:39:14.517+0900][164.977s][info][gc,phases   ] GC(181)   Other: 0.1ms
[2026-03-25T16:39:14.517+0900][164.977s][info][gc,heap     ] GC(181) Eden regions: 3->0(3)
[2026-03-25T16:39:14.517+0900][164.977s][info][gc,heap     ] GC(181) Survivor regions: 1->1(1)
[2026-03-25T16:39:14.517+0900][164.977s][info][gc,heap     ] GC(181) Old regions: 21->22
[2026-03-25T16:39:14.518+0900][164.977s][info][gc,heap     ] GC(181) Archive regions: 0->0
[2026-03-25T16:39:14.518+0900][164.977s][info][gc,heap     ] GC(181) Humongous regions: 0->0
[2026-03-25T16:39:14.518+0900][164.977s][info][gc,metaspace] GC(181) Metaspace: 181K(384K)->181K(384K) NonClass: 170K(256K)->170K(256K) Class: 10K(128K)->10K(128K)
[2026-03-25T16:39:14.518+0900][164.977s][info][gc          ] GC(181) Pause Young (Normal) (G1 Evacuation Pause) 194M->176M(256M) 2.647ms
[2026-03-25T16:39:14.518+0900][164.978s][info][gc,cpu      ] GC(181) User=0.00s Sys=0.00s Real=0.00s
[2026-03-25T16:39:15.318+0900][165.777s][info][gc,start    ] GC(182) Pause Young (Normal) (G1 Evacuation Pause)
[2026-03-25T16:39:15.318+0900][165.778s][info][gc,task     ] GC(182) Using 8 workers of 8 for evacuation
[2026-03-25T16:39:15.320+0900][165.780s][info][gc,phases   ] GC(182)   Pre Evacuate Collection Set: 0.2ms
[2026-03-25T16:39:15.320+0900][165.780s][info][gc,phases   ] GC(182)   Merge Heap Roots: 0.2ms
[2026-03-25T16:39:15.320+0900][165.780s][info][gc,phases   ] GC(182)   Evacuate Collection Set: 0.6ms
[2026-03-25T16:39:15.320+0900][165.780s][info][gc,phases   ] GC(182)   Post Evacuate Collection Set: 0.9ms
[2026-03-25T16:39:15.320+0900][165.780s][info][gc,phases   ] GC(182)   Other: 0.1ms
[2026-03-25T16:39:15.320+0900][165.780s][info][gc,heap     ] GC(182) Eden regions: 3->0(2)
[2026-03-25T16:39:15.320+0900][165.780s][info][gc,heap     ] GC(182) Survivor regions: 1->1(1)
[2026-03-25T16:39:15.320+0900][165.780s][info][gc,heap     ] GC(182) Old regions: 22->23
[2026-03-25T16:39:15.320+0900][165.780s][info][gc,heap     ] GC(182) Archive regions: 0->0
[2026-03-25T16:39:15.320+0900][165.780s][info][gc,heap     ] GC(182) Humongous regions: 0->0
[2026-03-25T16:39:15.320+0900][165.780s][info][gc,metaspace] GC(182) Metaspace: 181K(384K)->181K(384K) NonClass: 170K(256K)->170K(256K) Class: 10K(128K)->10K(128K)
[2026-03-25T16:39:15.321+0900][165.780s][info][gc          ] GC(182) Pause Young (Normal) (G1 Evacuation Pause) 198M->180M(256M) 2.746ms
[2026-03-25T16:39:15.321+0900][165.780s][info][gc,cpu      ] GC(182) User=0.00s Sys=0.00s Real=0.00s
[2026-03-25T16:39:15.842+0900][166.301s][info][gc,start    ] GC(183) Pause Young (Normal) (G1 Evacuation Pause)
[2026-03-25T16:39:15.842+0900][166.302s][info][gc,task     ] GC(183) Using 8 workers of 8 for evacuation
[2026-03-25T16:39:15.844+0900][166.304s][info][gc,phases   ] GC(183)   Pre Evacuate Collection Set: 0.3ms
[2026-03-25T16:39:15.844+0900][166.304s][info][gc,phases   ] GC(183)   Merge Heap Roots: 0.2ms
[2026-03-25T16:39:15.844+0900][166.304s][info][gc,phases   ] GC(183)   Evacuate Collection Set: 0.5ms
[2026-03-25T16:39:15.844+0900][166.304s][info][gc,phases   ] GC(183)   Post Evacuate Collection Set: 0.9ms
[2026-03-25T16:39:15.844+0900][166.304s][info][gc,phases   ] GC(183)   Other: 0.1ms
[2026-03-25T16:39:15.844+0900][166.304s][info][gc,heap     ] GC(183) Eden regions: 2->0(2)
[2026-03-25T16:39:15.844+0900][166.304s][info][gc,heap     ] GC(183) Survivor regions: 1->1(1)
[2026-03-25T16:39:15.844+0900][166.304s][info][gc,heap     ] GC(183) Old regions: 23->23
[2026-03-25T16:39:15.844+0900][166.304s][info][gc,heap     ] GC(183) Archive regions: 0->0
[2026-03-25T16:39:15.844+0900][166.304s][info][gc,heap     ] GC(183) Humongous regions: 0->0
[2026-03-25T16:39:15.844+0900][166.304s][info][gc,metaspace] GC(183) Metaspace: 181K(384K)->181K(384K) NonClass: 170K(256K)->170K(256K) Class: 10K(128K)->10K(128K)
[2026-03-25T16:39:15.844+0900][166.304s][info][gc          ] GC(183) Pause Young (Normal) (G1 Evacuation Pause) 195M->183M(256M) 2.821ms
[2026-03-25T16:39:15.844+0900][166.304s][info][gc,cpu      ] GC(183) User=0.00s Sys=0.00s Real=0.00s
[2026-03-25T16:39:16.371+0900][166.831s][info][gc,start    ] GC(184) Pause Young (Normal) (G1 Evacuation Pause)
[2026-03-25T16:39:16.371+0900][166.831s][info][gc,task     ] GC(184) Using 8 workers of 8 for evacuation
[2026-03-25T16:39:16.373+0900][166.833s][info][gc,phases   ] GC(184)   Pre Evacuate Collection Set: 0.2ms
[2026-03-25T16:39:16.373+0900][166.833s][info][gc,phases   ] GC(184)   Merge Heap Roots: 0.2ms
[2026-03-25T16:39:16.373+0900][166.833s][info][gc,phases   ] GC(184)   Evacuate Collection Set: 0.5ms
[2026-03-25T16:39:16.373+0900][166.833s][info][gc,phases   ] GC(184)   Post Evacuate Collection Set: 0.7ms
[2026-03-25T16:39:16.374+0900][166.833s][info][gc,phases   ] GC(184)   Other: 0.1ms
[2026-03-25T16:39:16.374+0900][166.833s][info][gc,heap     ] GC(184) Eden regions: 2->0(2)
[2026-03-25T16:39:16.374+0900][166.833s][info][gc,heap     ] GC(184) Survivor regions: 1->1(1)
[2026-03-25T16:39:16.374+0900][166.833s][info][gc,heap     ] GC(184) Old regions: 23->23
[2026-03-25T16:39:16.374+0900][166.833s][info][gc,heap     ] GC(184) Archive regions: 0->0
[2026-03-25T16:39:16.374+0900][166.833s][info][gc,heap     ] GC(184) Humongous regions: 0->0
[2026-03-25T16:39:16.374+0900][166.833s][info][gc,metaspace] GC(184) Metaspace: 181K(384K)->181K(384K) NonClass: 170K(256K)->170K(256K) Class: 10K(128K)->10K(128K)
[2026-03-25T16:39:16.374+0900][166.833s][info][gc          ] GC(184) Pause Young (Normal) (G1 Evacuation Pause) 198M->186M(256M) 2.274ms
[2026-03-25T16:39:16.374+0900][166.833s][info][gc,cpu      ] GC(184) User=0.00s Sys=0.00s Real=0.00s
[2026-03-25T16:39:16.966+0900][167.425s][info][gc,start    ] GC(185) Pause Young (Normal) (G1 Evacuation Pause)
[2026-03-25T16:39:16.966+0900][167.425s][info][gc,task     ] GC(185) Using 8 workers of 8 for evacuation
[2026-03-25T16:39:16.968+0900][167.428s][info][gc,phases   ] GC(185)   Pre Evacuate Collection Set: 0.3ms
[2026-03-25T16:39:16.968+0900][167.428s][info][gc,phases   ] GC(185)   Merge Heap Roots: 0.2ms
[2026-03-25T16:39:16.968+0900][167.428s][info][gc,phases   ] GC(185)   Evacuate Collection Set: 0.8ms
[2026-03-25T16:39:16.968+0900][167.428s][info][gc,phases   ] GC(185)   Post Evacuate Collection Set: 0.9ms
[2026-03-25T16:39:16.968+0900][167.428s][info][gc,phases   ] GC(185)   Other: 0.1ms
[2026-03-25T16:39:16.968+0900][167.428s][info][gc,heap     ] GC(185) Eden regions: 2->0(2)
[2026-03-25T16:39:16.968+0900][167.428s][info][gc,heap     ] GC(185) Survivor regions: 1->1(1)
[2026-03-25T16:39:16.968+0900][167.428s][info][gc,heap     ] GC(185) Old regions: 23->23
[2026-03-25T16:39:16.968+0900][167.428s][info][gc,heap     ] GC(185) Archive regions: 0->0
[2026-03-25T16:39:16.968+0900][167.428s][info][gc,heap     ] GC(185) Humongous regions: 0->0
[2026-03-25T16:39:16.968+0900][167.428s][info][gc,metaspace] GC(185) Metaspace: 181K(384K)->181K(384K) NonClass: 170K(256K)->170K(256K) Class: 10K(128K)->10K(128K)
[2026-03-25T16:39:16.968+0900][167.428s][info][gc          ] GC(185) Pause Young (Normal) (G1 Evacuation Pause) 201M->189M(256M) 3.004ms
[2026-03-25T16:39:16.969+0900][167.428s][info][gc,cpu      ] GC(185) User=0.00s Sys=0.00s Real=0.00s
[2026-03-25T16:39:17.521+0900][167.980s][info][gc,start    ] GC(186) Pause Young (Normal) (G1 Evacuation Pause)
[2026-03-25T16:39:17.521+0900][167.981s][info][gc,task     ] GC(186) Using 8 workers of 8 for evacuation
[2026-03-25T16:39:17.522+0900][167.982s][info][gc,phases   ] GC(186)   Pre Evacuate Collection Set: 0.2ms
[2026-03-25T16:39:17.522+0900][167.982s][info][gc,phases   ] GC(186)   Merge Heap Roots: 0.1ms
[2026-03-25T16:39:17.522+0900][167.982s][info][gc,phases   ] GC(186)   Evacuate Collection Set: 0.4ms
[2026-03-25T16:39:17.522+0900][167.982s][info][gc,phases   ] GC(186)   Post Evacuate Collection Set: 0.5ms
[2026-03-25T16:39:17.522+0900][167.982s][info][gc,phases   ] GC(186)   Other: 0.1ms
[2026-03-25T16:39:17.522+0900][167.982s][info][gc,heap     ] GC(186) Eden regions: 2->0(1)
[2026-03-25T16:39:17.522+0900][167.982s][info][gc,heap     ] GC(186) Survivor regions: 1->1(1)
[2026-03-25T16:39:17.522+0900][167.982s][info][gc,heap     ] GC(186) Old regions: 23->24
[2026-03-25T16:39:17.523+0900][167.982s][info][gc,heap     ] GC(186) Archive regions: 0->0
[2026-03-25T16:39:17.523+0900][167.982s][info][gc,heap     ] GC(186) Humongous regions: 0->0
[2026-03-25T16:39:17.523+0900][167.982s][info][gc,metaspace] GC(186) Metaspace: 181K(384K)->181K(384K) NonClass: 170K(256K)->170K(256K) Class: 10K(128K)->10K(128K)
[2026-03-25T16:39:17.523+0900][167.982s][info][gc          ] GC(186) Pause Young (Normal) (G1 Evacuation Pause) 204M->192M(256M) 1.622ms
[2026-03-25T16:39:17.523+0900][167.982s][info][gc,cpu      ] GC(186) User=0.02s Sys=0.00s Real=0.00s
[2026-03-25T16:39:17.787+0900][168.246s][info][gc,start    ] GC(187) Pause Young (Normal) (G1 Evacuation Pause)
[2026-03-25T16:39:17.787+0900][168.246s][info][gc,task     ] GC(187) Using 8 workers of 8 for evacuation
[2026-03-25T16:39:17.789+0900][168.248s][info][gc,phases   ] GC(187)   Pre Evacuate Collection Set: 0.2ms
[2026-03-25T16:39:17.789+0900][168.248s][info][gc,phases   ] GC(187)   Merge Heap Roots: 0.2ms
[2026-03-25T16:39:17.789+0900][168.248s][info][gc,phases   ] GC(187)   Evacuate Collection Set: 0.5ms
[2026-03-25T16:39:17.789+0900][168.248s][info][gc,phases   ] GC(187)   Post Evacuate Collection Set: 0.7ms
[2026-03-25T16:39:17.789+0900][168.248s][info][gc,phases   ] GC(187)   Other: 0.1ms
[2026-03-25T16:39:17.789+0900][168.248s][info][gc,heap     ] GC(187) Eden regions: 1->0(1)
[2026-03-25T16:39:17.789+0900][168.248s][info][gc,heap     ] GC(187) Survivor regions: 1->1(1)
[2026-03-25T16:39:17.789+0900][168.248s][info][gc,heap     ] GC(187) Old regions: 24->24
[2026-03-25T16:39:17.789+0900][168.248s][info][gc,heap     ] GC(187) Archive regions: 0->0
[2026-03-25T16:39:17.789+0900][168.249s][info][gc,heap     ] GC(187) Humongous regions: 0->0
[2026-03-25T16:39:17.789+0900][168.249s][info][gc,metaspace] GC(187) Metaspace: 181K(384K)->181K(384K) NonClass: 170K(256K)->170K(256K) Class: 10K(128K)->10K(128K)
[2026-03-25T16:39:17.789+0900][168.249s][info][gc          ] GC(187) Pause Young (Normal) (G1 Evacuation Pause) 199M->193M(256M) 2.498ms
[2026-03-25T16:39:17.789+0900][168.249s][info][gc,cpu      ] GC(187) User=0.02s Sys=0.00s Real=0.00s
[2026-03-25T16:39:18.045+0900][168.504s][info][gc,start    ] GC(188) Pause Young (Normal) (G1 Evacuation Pause)
[2026-03-25T16:39:18.045+0900][168.504s][info][gc,task     ] GC(188) Using 8 workers of 8 for evacuation
[2026-03-25T16:39:18.046+0900][168.506s][info][gc,phases   ] GC(188)   Pre Evacuate Collection Set: 0.2ms
[2026-03-25T16:39:18.046+0900][168.506s][info][gc,phases   ] GC(188)   Merge Heap Roots: 0.2ms
[2026-03-25T16:39:18.046+0900][168.506s][info][gc,phases   ] GC(188)   Evacuate Collection Set: 0.6ms
[2026-03-25T16:39:18.046+0900][168.506s][info][gc,phases   ] GC(188)   Post Evacuate Collection Set: 0.8ms
[2026-03-25T16:39:18.046+0900][168.507s][info][gc,phases   ] GC(188)   Other: 0.1ms
[2026-03-25T16:39:18.046+0900][168.507s][info][gc,heap     ] GC(188) Eden regions: 1->0(1)
[2026-03-25T16:39:18.046+0900][168.507s][info][gc,heap     ] GC(188) Survivor regions: 1->1(1)
[2026-03-25T16:39:18.046+0900][168.507s][info][gc,heap     ] GC(188) Old regions: 24->25
[2026-03-25T16:39:18.046+0900][168.507s][info][gc,heap     ] GC(188) Archive regions: 0->0
[2026-03-25T16:39:18.046+0900][168.507s][info][gc,heap     ] GC(188) Humongous regions: 0->0
[2026-03-25T16:39:18.046+0900][168.507s][info][gc,metaspace] GC(188) Metaspace: 181K(384K)->181K(384K) NonClass: 170K(256K)->170K(256K) Class: 10K(128K)->10K(128K)
[2026-03-25T16:39:18.046+0900][168.507s][info][gc          ] GC(188) Pause Young (Normal) (G1 Evacuation Pause) 201M->195M(256M) 2.452ms
[2026-03-25T16:39:18.046+0900][168.507s][info][gc,cpu      ] GC(188) User=0.00s Sys=0.00s Real=0.00s
[2026-03-25T16:39:18.303+0900][168.763s][info][gc,start    ] GC(189) Pause Young (Normal) (G1 Evacuation Pause)
[2026-03-25T16:39:18.303+0900][168.763s][info][gc,task     ] GC(189) Using 8 workers of 8 for evacuation
[2026-03-25T16:39:18.304+0900][168.764s][info][gc,phases   ] GC(189)   Pre Evacuate Collection Set: 0.3ms
[2026-03-25T16:39:18.304+0900][168.764s][info][gc,phases   ] GC(189)   Merge Heap Roots: 0.1ms
[2026-03-25T16:39:18.304+0900][168.764s][info][gc,phases   ] GC(189)   Evacuate Collection Set: 0.3ms
[2026-03-25T16:39:18.304+0900][168.764s][info][gc,phases   ] GC(189)   Post Evacuate Collection Set: 0.6ms
[2026-03-25T16:39:18.304+0900][168.764s][info][gc,phases   ] GC(189)   Other: 0.1ms
[2026-03-25T16:39:18.305+0900][168.764s][info][gc,heap     ] GC(189) Eden regions: 1->0(1)
[2026-03-25T16:39:18.305+0900][168.765s][info][gc,heap     ] GC(189) Survivor regions: 1->1(1)
[2026-03-25T16:39:18.305+0900][168.765s][info][gc,heap     ] GC(189) Old regions: 25->25
[2026-03-25T16:39:18.305+0900][168.765s][info][gc,heap     ] GC(189) Archive regions: 0->0
[2026-03-25T16:39:18.305+0900][168.765s][info][gc,heap     ] GC(189) Humongous regions: 0->0
[2026-03-25T16:39:18.305+0900][168.765s][info][gc,metaspace] GC(189) Metaspace: 181K(384K)->181K(384K) NonClass: 170K(256K)->170K(256K) Class: 10K(128K)->10K(128K)
[2026-03-25T16:39:18.305+0900][168.765s][info][gc          ] GC(189) Pause Young (Normal) (G1 Evacuation Pause) 202M->196M(256M) 2.082ms
[2026-03-25T16:39:18.305+0900][168.765s][info][gc,cpu      ] GC(189) User=0.00s Sys=0.00s Real=0.00s
[2026-03-25T16:39:18.568+0900][169.028s][info][gc,start    ] GC(190) Pause Young (Normal) (G1 Evacuation Pause)
[2026-03-25T16:39:18.568+0900][169.028s][info][gc,task     ] GC(190) Using 8 workers of 8 for evacuation
[2026-03-25T16:39:18.570+0900][169.029s][info][gc,phases   ] GC(190)   Pre Evacuate Collection Set: 0.2ms
[2026-03-25T16:39:18.570+0900][169.030s][info][gc,phases   ] GC(190)   Merge Heap Roots: 0.4ms
[2026-03-25T16:39:18.570+0900][169.030s][info][gc,phases   ] GC(190)   Evacuate Collection Set: 0.5ms
[2026-03-25T16:39:18.570+0900][169.030s][info][gc,phases   ] GC(190)   Post Evacuate Collection Set: 0.5ms
[2026-03-25T16:39:18.570+0900][169.030s][info][gc,phases   ] GC(190)   Other: 0.1ms
[2026-03-25T16:39:18.570+0900][169.030s][info][gc,heap     ] GC(190) Eden regions: 1->0(1)
[2026-03-25T16:39:18.570+0900][169.030s][info][gc,heap     ] GC(190) Survivor regions: 1->1(1)
[2026-03-25T16:39:18.570+0900][169.030s][info][gc,heap     ] GC(190) Old regions: 25->25
[2026-03-25T16:39:18.570+0900][169.030s][info][gc,heap     ] GC(190) Archive regions: 0->0
[2026-03-25T16:39:18.570+0900][169.030s][info][gc,heap     ] GC(190) Humongous regions: 0->0
[2026-03-25T16:39:18.570+0900][169.030s][info][gc,metaspace] GC(190) Metaspace: 181K(384K)->181K(384K) NonClass: 170K(256K)->170K(256K) Class: 10K(128K)->10K(128K)
[2026-03-25T16:39:18.570+0900][169.030s][info][gc          ] GC(190) Pause Young (Normal) (G1 Evacuation Pause) 204M->198M(256M) 2.300ms
[2026-03-25T16:39:18.570+0900][169.030s][info][gc,cpu      ] GC(190) User=0.00s Sys=0.00s Real=0.00s
[2026-03-25T16:39:18.853+0900][169.312s][info][gc,start    ] GC(191) Pause Young (Normal) (G1 Evacuation Pause)
[2026-03-25T16:39:18.853+0900][169.313s][info][gc,task     ] GC(191) Using 8 workers of 8 for evacuation
[2026-03-25T16:39:18.854+0900][169.314s][info][gc,phases   ] GC(191)   Pre Evacuate Collection Set: 0.2ms
[2026-03-25T16:39:18.854+0900][169.314s][info][gc,phases   ] GC(191)   Merge Heap Roots: 0.1ms
[2026-03-25T16:39:18.854+0900][169.314s][info][gc,phases   ] GC(191)   Evacuate Collection Set: 0.4ms
[2026-03-25T16:39:18.854+0900][169.314s][info][gc,phases   ] GC(191)   Post Evacuate Collection Set: 0.7ms
[2026-03-25T16:39:18.854+0900][169.314s][info][gc,phases   ] GC(191)   Other: 0.1ms
[2026-03-25T16:39:18.854+0900][169.314s][info][gc,heap     ] GC(191) Eden regions: 1->0(1)
[2026-03-25T16:39:18.854+0900][169.314s][info][gc,heap     ] GC(191) Survivor regions: 1->1(1)
[2026-03-25T16:39:18.854+0900][169.314s][info][gc,heap     ] GC(191) Old regions: 25->25
[2026-03-25T16:39:18.854+0900][169.314s][info][gc,heap     ] GC(191) Archive regions: 0->0
[2026-03-25T16:39:18.854+0900][169.314s][info][gc,heap     ] GC(191) Humongous regions: 0->0
[2026-03-25T16:39:18.854+0900][169.314s][info][gc,metaspace] GC(191) Metaspace: 181K(384K)->181K(384K) NonClass: 170K(256K)->170K(256K) Class: 10K(128K)->10K(128K)
[2026-03-25T16:39:18.854+0900][169.314s][info][gc          ] GC(191) Pause Young (Normal) (G1 Evacuation Pause) 205M->199M(256M) 2.021ms
[2026-03-25T16:39:18.854+0900][169.314s][info][gc,cpu      ] GC(191) User=0.00s Sys=0.00s Real=0.00s
[2026-03-25T16:39:19.135+0900][169.595s][info][gc,start    ] GC(192) Pause Young (Normal) (G1 Evacuation Pause)
[2026-03-25T16:39:19.135+0900][169.595s][info][gc,task     ] GC(192) Using 8 workers of 8 for evacuation
[2026-03-25T16:39:19.138+0900][169.597s][info][gc,phases   ] GC(192)   Pre Evacuate Collection Set: 0.2ms
[2026-03-25T16:39:19.138+0900][169.597s][info][gc,phases   ] GC(192)   Merge Heap Roots: 0.2ms
[2026-03-25T16:39:19.138+0900][169.597s][info][gc,phases   ] GC(192)   Evacuate Collection Set: 0.5ms
[2026-03-25T16:39:19.138+0900][169.597s][info][gc,phases   ] GC(192)   Post Evacuate Collection Set: 0.9ms
[2026-03-25T16:39:19.138+0900][169.597s][info][gc,phases   ] GC(192)   Other: 0.1ms
[2026-03-25T16:39:19.138+0900][169.597s][info][gc,heap     ] GC(192) Eden regions: 1->0(1)
[2026-03-25T16:39:19.138+0900][169.597s][info][gc,heap     ] GC(192) Survivor regions: 1->1(1)
[2026-03-25T16:39:19.138+0900][169.597s][info][gc,heap     ] GC(192) Old regions: 25->25
[2026-03-25T16:39:19.138+0900][169.597s][info][gc,heap     ] GC(192) Archive regions: 0->0
[2026-03-25T16:39:19.138+0900][169.597s][info][gc,heap     ] GC(192) Humongous regions: 0->0
[2026-03-25T16:39:19.138+0900][169.597s][info][gc,metaspace] GC(192) Metaspace: 181K(384K)->181K(384K) NonClass: 170K(256K)->170K(256K) Class: 10K(128K)->10K(128K)
[2026-03-25T16:39:19.138+0900][169.597s][info][gc          ] GC(192) Pause Young (Normal) (G1 Evacuation Pause) 207M->201M(256M) 2.532ms
[2026-03-25T16:39:19.138+0900][169.597s][info][gc,cpu      ] GC(192) User=0.00s Sys=0.00s Real=0.00s
[2026-03-25T16:39:19.417+0900][169.877s][info][gc,start    ] GC(193) Pause Young (Normal) (G1 Evacuation Pause)
[2026-03-25T16:39:19.417+0900][169.877s][info][gc,task     ] GC(193) Using 8 workers of 8 for evacuation
[2026-03-25T16:39:19.419+0900][169.878s][info][gc,phases   ] GC(193)   Pre Evacuate Collection Set: 0.2ms
[2026-03-25T16:39:19.419+0900][169.879s][info][gc,phases   ] GC(193)   Merge Heap Roots: 0.2ms
[2026-03-25T16:39:19.419+0900][169.879s][info][gc,phases   ] GC(193)   Evacuate Collection Set: 0.4ms
[2026-03-25T16:39:19.419+0900][169.879s][info][gc,phases   ] GC(193)   Post Evacuate Collection Set: 0.6ms
[2026-03-25T16:39:19.419+0900][169.879s][info][gc,phases   ] GC(193)   Other: 0.1ms
[2026-03-25T16:39:19.419+0900][169.879s][info][gc,heap     ] GC(193) Eden regions: 1->0(1)
[2026-03-25T16:39:19.419+0900][169.879s][info][gc,heap     ] GC(193) Survivor regions: 1->1(1)
[2026-03-25T16:39:19.419+0900][169.879s][info][gc,heap     ] GC(193) Old regions: 25->25
[2026-03-25T16:39:19.419+0900][169.879s][info][gc,heap     ] GC(193) Archive regions: 0->0
[2026-03-25T16:39:19.419+0900][169.879s][info][gc,heap     ] GC(193) Humongous regions: 0->0
[2026-03-25T16:39:19.419+0900][169.879s][info][gc,metaspace] GC(193) Metaspace: 181K(384K)->181K(384K) NonClass: 170K(256K)->170K(256K) Class: 10K(128K)->10K(128K)
[2026-03-25T16:39:19.419+0900][169.879s][info][gc          ] GC(193) Pause Young (Normal) (G1 Evacuation Pause) 208M->202M(256M) 1.943ms
[2026-03-25T16:39:19.419+0900][169.879s][info][gc,cpu      ] GC(193) User=0.00s Sys=0.00s Real=0.00s
[2026-03-25T16:39:19.683+0900][170.142s][info][gc,start    ] GC(194) Pause Young (Normal) (G1 Evacuation Pause)
[2026-03-25T16:39:19.683+0900][170.142s][info][gc,task     ] GC(194) Using 8 workers of 8 for evacuation
[2026-03-25T16:39:19.684+0900][170.143s][info][gc,phases   ] GC(194)   Pre Evacuate Collection Set: 0.0ms
[2026-03-25T16:39:19.684+0900][170.143s][info][gc,phases   ] GC(194)   Merge Heap Roots: 0.1ms
[2026-03-25T16:39:19.684+0900][170.143s][info][gc,phases   ] GC(194)   Evacuate Collection Set: 0.3ms
[2026-03-25T16:39:19.684+0900][170.143s][info][gc,phases   ] GC(194)   Post Evacuate Collection Set: 0.5ms
[2026-03-25T16:39:19.684+0900][170.143s][info][gc,phases   ] GC(194)   Other: 0.1ms
[2026-03-25T16:39:19.684+0900][170.143s][info][gc,heap     ] GC(194) Eden regions: 1->0(1)
[2026-03-25T16:39:19.684+0900][170.143s][info][gc,heap     ] GC(194) Survivor regions: 1->1(1)
[2026-03-25T16:39:19.684+0900][170.143s][info][gc,heap     ] GC(194) Old regions: 25->25
[2026-03-25T16:39:19.684+0900][170.143s][info][gc,heap     ] GC(194) Archive regions: 0->0
[2026-03-25T16:39:19.684+0900][170.143s][info][gc,heap     ] GC(194) Humongous regions: 0->0
[2026-03-25T16:39:19.684+0900][170.143s][info][gc,metaspace] GC(194) Metaspace: 181K(384K)->181K(384K) NonClass: 170K(256K)->170K(256K) Class: 10K(128K)->10K(128K)
[2026-03-25T16:39:19.684+0900][170.143s][info][gc          ] GC(194) Pause Young (Normal) (G1 Evacuation Pause) 210M->204M(256M) 1.320ms
[2026-03-25T16:39:19.684+0900][170.143s][info][gc,cpu      ] GC(194) User=0.00s Sys=0.00s Real=0.00s
[2026-03-25T16:39:19.958+0900][170.418s][info][gc,start    ] GC(195) Pause Young (Normal) (G1 Evacuation Pause)
[2026-03-25T16:39:19.958+0900][170.418s][info][gc,task     ] GC(195) Using 8 workers of 8 for evacuation
[2026-03-25T16:39:19.960+0900][170.419s][info][gc,phases   ] GC(195)   Pre Evacuate Collection Set: 0.2ms
[2026-03-25T16:39:19.960+0900][170.419s][info][gc,phases   ] GC(195)   Merge Heap Roots: 0.1ms
[2026-03-25T16:39:19.960+0900][170.419s][info][gc,phases   ] GC(195)   Evacuate Collection Set: 0.3ms
[2026-03-25T16:39:19.960+0900][170.419s][info][gc,phases   ] GC(195)   Post Evacuate Collection Set: 0.5ms
[2026-03-25T16:39:19.960+0900][170.419s][info][gc,phases   ] GC(195)   Other: 0.1ms
[2026-03-25T16:39:19.960+0900][170.419s][info][gc,heap     ] GC(195) Eden regions: 1->0(1)
[2026-03-25T16:39:19.960+0900][170.420s][info][gc,heap     ] GC(195) Survivor regions: 1->1(1)
[2026-03-25T16:39:19.960+0900][170.420s][info][gc,heap     ] GC(195) Old regions: 25->26
[2026-03-25T16:39:19.960+0900][170.420s][info][gc,heap     ] GC(195) Archive regions: 0->0
[2026-03-25T16:39:19.960+0900][170.420s][info][gc,heap     ] GC(195) Humongous regions: 0->0
[2026-03-25T16:39:19.960+0900][170.420s][info][gc,metaspace] GC(195) Metaspace: 181K(384K)->181K(384K) NonClass: 170K(256K)->170K(256K) Class: 10K(128K)->10K(128K)
[2026-03-25T16:39:19.960+0900][170.420s][info][gc          ] GC(195) Pause Young (Normal) (G1 Evacuation Pause) 211M->205M(256M) 1.669ms
[2026-03-25T16:39:19.960+0900][170.420s][info][gc,cpu      ] GC(195) User=0.00s Sys=0.02s Real=0.00s
[2026-03-25T16:39:20.233+0900][170.693s][info][gc,start    ] GC(196) Pause Young (Normal) (G1 Evacuation Pause)
[2026-03-25T16:39:20.233+0900][170.693s][info][gc,task     ] GC(196) Using 8 workers of 8 for evacuation
[2026-03-25T16:39:20.234+0900][170.694s][info][gc,phases   ] GC(196)   Pre Evacuate Collection Set: 0.2ms
[2026-03-25T16:39:20.234+0900][170.694s][info][gc,phases   ] GC(196)   Merge Heap Roots: 0.2ms
[2026-03-25T16:39:20.234+0900][170.694s][info][gc,phases   ] GC(196)   Evacuate Collection Set: 0.3ms
[2026-03-25T16:39:20.234+0900][170.694s][info][gc,phases   ] GC(196)   Post Evacuate Collection Set: 0.5ms
[2026-03-25T16:39:20.234+0900][170.694s][info][gc,phases   ] GC(196)   Other: 0.1ms
[2026-03-25T16:39:20.234+0900][170.694s][info][gc,heap     ] GC(196) Eden regions: 1->0(1)
[2026-03-25T16:39:20.234+0900][170.694s][info][gc,heap     ] GC(196) Survivor regions: 1->1(1)
[2026-03-25T16:39:20.234+0900][170.694s][info][gc,heap     ] GC(196) Old regions: 26->26
[2026-03-25T16:39:20.234+0900][170.694s][info][gc,heap     ] GC(196) Archive regions: 0->0
[2026-03-25T16:39:20.234+0900][170.694s][info][gc,heap     ] GC(196) Humongous regions: 0->0
[2026-03-25T16:39:20.234+0900][170.694s][info][gc,metaspace] GC(196) Metaspace: 181K(384K)->181K(384K) NonClass: 170K(256K)->170K(256K) Class: 10K(128K)->10K(128K)
[2026-03-25T16:39:20.234+0900][170.694s][info][gc          ] GC(196) Pause Young (Normal) (G1 Evacuation Pause) 213M->207M(256M) 1.492ms
[2026-03-25T16:39:20.234+0900][170.694s][info][gc,cpu      ] GC(196) User=0.00s Sys=0.00s Real=0.00s
[2026-03-25T16:39:20.497+0900][170.957s][info][gc,start    ] GC(197) Pause Young (Normal) (G1 Evacuation Pause)
[2026-03-25T16:39:20.497+0900][170.957s][info][gc,task     ] GC(197) Using 8 workers of 8 for evacuation
[2026-03-25T16:39:20.499+0900][170.959s][info][gc,phases   ] GC(197)   Pre Evacuate Collection Set: 0.2ms
[2026-03-25T16:39:20.499+0900][170.959s][info][gc,phases   ] GC(197)   Merge Heap Roots: 0.2ms
[2026-03-25T16:39:20.499+0900][170.959s][info][gc,phases   ] GC(197)   Evacuate Collection Set: 0.5ms
[2026-03-25T16:39:20.499+0900][170.959s][info][gc,phases   ] GC(197)   Post Evacuate Collection Set: 0.9ms
[2026-03-25T16:39:20.499+0900][170.959s][info][gc,phases   ] GC(197)   Other: 0.1ms
[2026-03-25T16:39:20.499+0900][170.959s][info][gc,heap     ] GC(197) Eden regions: 1->0(1)
[2026-03-25T16:39:20.499+0900][170.959s][info][gc,heap     ] GC(197) Survivor regions: 1->1(1)
[2026-03-25T16:39:20.499+0900][170.959s][info][gc,heap     ] GC(197) Old regions: 26->26
[2026-03-25T16:39:20.499+0900][170.959s][info][gc,heap     ] GC(197) Archive regions: 0->0
[2026-03-25T16:39:20.499+0900][170.959s][info][gc,heap     ] GC(197) Humongous regions: 0->0
[2026-03-25T16:39:20.499+0900][170.959s][info][gc,metaspace] GC(197) Metaspace: 181K(384K)->181K(384K) NonClass: 170K(256K)->170K(256K) Class: 10K(128K)->10K(128K)
[2026-03-25T16:39:20.500+0900][170.959s][info][gc          ] GC(197) Pause Young (Normal) (G1 Evacuation Pause) 214M->208M(256M) 2.707ms
[2026-03-25T16:39:20.500+0900][170.959s][info][gc,cpu      ] GC(197) User=0.00s Sys=0.00s Real=0.00s
[2026-03-25T16:39:20.764+0900][171.223s][info][gc,start    ] GC(198) Pause Young (Normal) (G1 Evacuation Pause)
[2026-03-25T16:39:20.764+0900][171.223s][info][gc,task     ] GC(198) Using 8 workers of 8 for evacuation
[2026-03-25T16:39:20.766+0900][171.225s][info][gc,phases   ] GC(198)   Pre Evacuate Collection Set: 0.3ms
[2026-03-25T16:39:20.766+0900][171.225s][info][gc,phases   ] GC(198)   Merge Heap Roots: 0.2ms
[2026-03-25T16:39:20.766+0900][171.225s][info][gc,phases   ] GC(198)   Evacuate Collection Set: 0.5ms
[2026-03-25T16:39:20.766+0900][171.225s][info][gc,phases   ] GC(198)   Post Evacuate Collection Set: 0.9ms
[2026-03-25T16:39:20.766+0900][171.225s][info][gc,phases   ] GC(198)   Other: 0.1ms
[2026-03-25T16:39:20.766+0900][171.226s][info][gc,heap     ] GC(198) Eden regions: 1->0(1)
[2026-03-25T16:39:20.766+0900][171.226s][info][gc,heap     ] GC(198) Survivor regions: 1->1(1)
[2026-03-25T16:39:20.766+0900][171.226s][info][gc,heap     ] GC(198) Old regions: 26->26
[2026-03-25T16:39:20.766+0900][171.226s][info][gc,heap     ] GC(198) Archive regions: 0->0
[2026-03-25T16:39:20.766+0900][171.226s][info][gc,heap     ] GC(198) Humongous regions: 0->0
[2026-03-25T16:39:20.766+0900][171.226s][info][gc,metaspace] GC(198) Metaspace: 181K(384K)->181K(384K) NonClass: 170K(256K)->170K(256K) Class: 10K(128K)->10K(128K)
[2026-03-25T16:39:20.766+0900][171.226s][info][gc          ] GC(198) Pause Young (Normal) (G1 Evacuation Pause) 216M->210M(256M) 2.686ms
[2026-03-25T16:39:20.766+0900][171.226s][info][gc,cpu      ] GC(198) User=0.00s Sys=0.00s Real=0.00s
[2026-03-25T16:39:21.024+0900][171.484s][info][gc,start    ] GC(199) Pause Young (Normal) (G1 Evacuation Pause)
[2026-03-25T16:39:21.024+0900][171.484s][info][gc,task     ] GC(199) Using 8 workers of 8 for evacuation
[2026-03-25T16:39:21.026+0900][171.486s][info][gc,phases   ] GC(199)   Pre Evacuate Collection Set: 0.2ms
[2026-03-25T16:39:21.026+0900][171.486s][info][gc,phases   ] GC(199)   Merge Heap Roots: 0.2ms
[2026-03-25T16:39:21.026+0900][171.486s][info][gc,phases   ] GC(199)   Evacuate Collection Set: 0.5ms
[2026-03-25T16:39:21.026+0900][171.486s][info][gc,phases   ] GC(199)   Post Evacuate Collection Set: 0.9ms
[2026-03-25T16:39:21.026+0900][171.486s][info][gc,phases   ] GC(199)   Other: 0.1ms
[2026-03-25T16:39:21.027+0900][171.486s][info][gc,heap     ] GC(199) Eden regions: 1->0(1)
[2026-03-25T16:39:21.027+0900][171.486s][info][gc,heap     ] GC(199) Survivor regions: 1->1(1)
[2026-03-25T16:39:21.027+0900][171.486s][info][gc,heap     ] GC(199) Old regions: 26->26
[2026-03-25T16:39:21.027+0900][171.486s][info][gc,heap     ] GC(199) Archive regions: 0->0
[2026-03-25T16:39:21.027+0900][171.487s][info][gc,heap     ] GC(199) Humongous regions: 0->0
[2026-03-25T16:39:21.027+0900][171.487s][info][gc,metaspace] GC(199) Metaspace: 181K(384K)->181K(384K) NonClass: 170K(256K)->170K(256K) Class: 10K(128K)->10K(128K)
[2026-03-25T16:39:21.027+0900][171.487s][info][gc          ] GC(199) Pause Young (Normal) (G1 Evacuation Pause) 217M->211M(256M) 2.650ms
[2026-03-25T16:39:21.027+0900][171.487s][info][gc,cpu      ] GC(199) User=0.00s Sys=0.00s Real=0.00s
[2026-03-25T16:39:21.287+0900][171.747s][info][gc,start    ] GC(200) Pause Young (Normal) (G1 Evacuation Pause)
[2026-03-25T16:39:21.287+0900][171.747s][info][gc,task     ] GC(200) Using 8 workers of 8 for evacuation
[2026-03-25T16:39:21.289+0900][171.748s][info][gc,phases   ] GC(200)   Pre Evacuate Collection Set: 0.2ms
[2026-03-25T16:39:21.289+0900][171.748s][info][gc,phases   ] GC(200)   Merge Heap Roots: 0.2ms
[2026-03-25T16:39:21.289+0900][171.748s][info][gc,phases   ] GC(200)   Evacuate Collection Set: 0.3ms
[2026-03-25T16:39:21.289+0900][171.748s][info][gc,phases   ] GC(200)   Post Evacuate Collection Set: 0.6ms
[2026-03-25T16:39:21.289+0900][171.748s][info][gc,phases   ] GC(200)   Other: 0.1ms
[2026-03-25T16:39:21.289+0900][171.748s][info][gc,heap     ] GC(200) Eden regions: 1->0(1)
[2026-03-25T16:39:21.289+0900][171.748s][info][gc,heap     ] GC(200) Survivor regions: 1->1(1)
[2026-03-25T16:39:21.289+0900][171.748s][info][gc,heap     ] GC(200) Old regions: 26->27
[2026-03-25T16:39:21.289+0900][171.748s][info][gc,heap     ] GC(200) Archive regions: 0->0
[2026-03-25T16:39:21.289+0900][171.748s][info][gc,heap     ] GC(200) Humongous regions: 0->0
[2026-03-25T16:39:21.289+0900][171.748s][info][gc,metaspace] GC(200) Metaspace: 181K(384K)->181K(384K) NonClass: 170K(256K)->170K(256K) Class: 10K(128K)->10K(128K)
[2026-03-25T16:39:21.289+0900][171.748s][info][gc          ] GC(200) Pause Young (Normal) (G1 Evacuation Pause) 219M->213M(256M) 1.741ms
[2026-03-25T16:39:21.289+0900][171.748s][info][gc,cpu      ] GC(200) User=0.00s Sys=0.00s Real=0.00s
[2026-03-25T16:39:21.558+0900][172.018s][info][gc,start    ] GC(201) Pause Young (Normal) (G1 Evacuation Pause)
[2026-03-25T16:39:21.558+0900][172.018s][info][gc,task     ] GC(201) Using 8 workers of 8 for evacuation
[2026-03-25T16:39:21.558+0900][172.018s][info][gc,phases   ] GC(201)   Pre Evacuate Collection Set: 0.1ms
[2026-03-25T16:39:21.559+0900][172.018s][info][gc,phases   ] GC(201)   Merge Heap Roots: 0.1ms
[2026-03-25T16:39:21.559+0900][172.018s][info][gc,phases   ] GC(201)   Evacuate Collection Set: 0.3ms
[2026-03-25T16:39:21.559+0900][172.018s][info][gc,phases   ] GC(201)   Post Evacuate Collection Set: 0.3ms
[2026-03-25T16:39:21.559+0900][172.018s][info][gc,phases   ] GC(201)   Other: 0.0ms
[2026-03-25T16:39:21.559+0900][172.018s][info][gc,heap     ] GC(201) Eden regions: 1->0(1)
[2026-03-25T16:39:21.559+0900][172.019s][info][gc,heap     ] GC(201) Survivor regions: 1->1(1)
[2026-03-25T16:39:21.559+0900][172.019s][info][gc,heap     ] GC(201) Old regions: 27->27
[2026-03-25T16:39:21.559+0900][172.019s][info][gc,heap     ] GC(201) Archive regions: 0->0
[2026-03-25T16:39:21.559+0900][172.019s][info][gc,heap     ] GC(201) Humongous regions: 0->0
[2026-03-25T16:39:21.559+0900][172.019s][info][gc,metaspace] GC(201) Metaspace: 181K(384K)->181K(384K) NonClass: 170K(256K)->170K(256K) Class: 10K(128K)->10K(128K)
[2026-03-25T16:39:21.559+0900][172.019s][info][gc          ] GC(201) Pause Young (Normal) (G1 Evacuation Pause) 220M->214M(256M) 1.010ms
[2026-03-25T16:39:21.559+0900][172.019s][info][gc,cpu      ] GC(201) User=0.00s Sys=0.00s Real=0.00s
[2026-03-25T16:39:21.839+0900][172.298s][info][gc,start    ] GC(202) Pause Young (Normal) (G1 Evacuation Pause)
[2026-03-25T16:39:21.839+0900][172.298s][info][gc,task     ] GC(202) Using 8 workers of 8 for evacuation
[2026-03-25T16:39:21.840+0900][172.299s][info][gc,phases   ] GC(202)   Pre Evacuate Collection Set: 0.1ms
[2026-03-25T16:39:21.840+0900][172.299s][info][gc,phases   ] GC(202)   Merge Heap Roots: 0.0ms
[2026-03-25T16:39:21.840+0900][172.299s][info][gc,phases   ] GC(202)   Evacuate Collection Set: 0.3ms
[2026-03-25T16:39:21.840+0900][172.299s][info][gc,phases   ] GC(202)   Post Evacuate Collection Set: 0.3ms
[2026-03-25T16:39:21.840+0900][172.299s][info][gc,phases   ] GC(202)   Other: 0.0ms
[2026-03-25T16:39:21.840+0900][172.299s][info][gc,heap     ] GC(202) Eden regions: 1->0(1)
[2026-03-25T16:39:21.840+0900][172.299s][info][gc,heap     ] GC(202) Survivor regions: 1->1(1)
[2026-03-25T16:39:21.840+0900][172.299s][info][gc,heap     ] GC(202) Old regions: 27->27
[2026-03-25T16:39:21.840+0900][172.299s][info][gc,heap     ] GC(202) Archive regions: 0->0
[2026-03-25T16:39:21.840+0900][172.299s][info][gc,heap     ] GC(202) Humongous regions: 0->0
[2026-03-25T16:39:21.840+0900][172.299s][info][gc,metaspace] GC(202) Metaspace: 181K(384K)->181K(384K) NonClass: 170K(256K)->170K(256K) Class: 10K(128K)->10K(128K)
[2026-03-25T16:39:21.840+0900][172.299s][info][gc          ] GC(202) Pause Young (Normal) (G1 Evacuation Pause) 222M->216M(256M) 0.948ms
[2026-03-25T16:39:21.840+0900][172.299s][info][gc,cpu      ] GC(202) User=0.00s Sys=0.00s Real=0.00s
[2026-03-25T16:39:22.109+0900][172.569s][info][gc,start    ] GC(203) Pause Young (Normal) (G1 Evacuation Pause)
[2026-03-25T16:39:22.109+0900][172.569s][info][gc,task     ] GC(203) Using 8 workers of 8 for evacuation
[2026-03-25T16:39:22.111+0900][172.570s][info][gc,phases   ] GC(203)   Pre Evacuate Collection Set: 0.2ms
[2026-03-25T16:39:22.111+0900][172.570s][info][gc,phases   ] GC(203)   Merge Heap Roots: 0.2ms
[2026-03-25T16:39:22.111+0900][172.570s][info][gc,phases   ] GC(203)   Evacuate Collection Set: 0.5ms
[2026-03-25T16:39:22.111+0900][172.570s][info][gc,phases   ] GC(203)   Post Evacuate Collection Set: 0.6ms
[2026-03-25T16:39:22.111+0900][172.570s][info][gc,phases   ] GC(203)   Other: 0.1ms
[2026-03-25T16:39:22.111+0900][172.571s][info][gc,heap     ] GC(203) Eden regions: 1->0(1)
[2026-03-25T16:39:22.111+0900][172.571s][info][gc,heap     ] GC(203) Survivor regions: 1->1(1)
[2026-03-25T16:39:22.111+0900][172.571s][info][gc,heap     ] GC(203) Old regions: 27->27
[2026-03-25T16:39:22.111+0900][172.571s][info][gc,heap     ] GC(203) Archive regions: 0->0
[2026-03-25T16:39:22.111+0900][172.571s][info][gc,heap     ] GC(203) Humongous regions: 0->0
[2026-03-25T16:39:22.111+0900][172.571s][info][gc,metaspace] GC(203) Metaspace: 181K(384K)->181K(384K) NonClass: 170K(256K)->170K(256K) Class: 10K(128K)->10K(128K)
[2026-03-25T16:39:22.111+0900][172.571s][info][gc          ] GC(203) Pause Young (Normal) (G1 Evacuation Pause) 223M->217M(256M) 1.971ms
[2026-03-25T16:39:22.111+0900][172.571s][info][gc,cpu      ] GC(203) User=0.00s Sys=0.00s Real=0.00s
[2026-03-25T16:39:22.372+0900][172.831s][info][gc,start    ] GC(204) Pause Young (Normal) (G1 Evacuation Pause)
[2026-03-25T16:39:22.372+0900][172.832s][info][gc,task     ] GC(204) Using 8 workers of 8 for evacuation
[2026-03-25T16:39:22.372+0900][172.832s][info][gc,phases   ] GC(204)   Pre Evacuate Collection Set: 0.0ms
[2026-03-25T16:39:22.372+0900][172.832s][info][gc,phases   ] GC(204)   Merge Heap Roots: 0.0ms
[2026-03-25T16:39:22.372+0900][172.832s][info][gc,phases   ] GC(204)   Evacuate Collection Set: 0.3ms
[2026-03-25T16:39:22.372+0900][172.832s][info][gc,phases   ] GC(204)   Post Evacuate Collection Set: 0.1ms
[2026-03-25T16:39:22.372+0900][172.832s][info][gc,phases   ] GC(204)   Other: 0.1ms
[2026-03-25T16:39:22.372+0900][172.832s][info][gc,heap     ] GC(204) Eden regions: 1->0(1)
[2026-03-25T16:39:22.372+0900][172.832s][info][gc,heap     ] GC(204) Survivor regions: 1->1(1)
[2026-03-25T16:39:22.372+0900][172.832s][info][gc,heap     ] GC(204) Old regions: 27->27
[2026-03-25T16:39:22.372+0900][172.832s][info][gc,heap     ] GC(204) Archive regions: 0->0
[2026-03-25T16:39:22.372+0900][172.832s][info][gc,heap     ] GC(204) Humongous regions: 0->0
[2026-03-25T16:39:22.372+0900][172.832s][info][gc,metaspace] GC(204) Metaspace: 181K(384K)->181K(384K) NonClass: 170K(256K)->170K(256K) Class: 10K(128K)->10K(128K)
[2026-03-25T16:39:22.372+0900][172.832s][info][gc          ] GC(204) Pause Young (Normal) (G1 Evacuation Pause) 225M->219M(256M) 0.777ms
[2026-03-25T16:39:22.372+0900][172.832s][info][gc,cpu      ] GC(204) User=0.00s Sys=0.00s Real=0.00s
[2026-03-25T16:39:22.648+0900][173.108s][info][gc,start    ] GC(205) Pause Young (Normal) (G1 Evacuation Pause)
[2026-03-25T16:39:22.648+0900][173.108s][info][gc,task     ] GC(205) Using 8 workers of 8 for evacuation
[2026-03-25T16:39:22.648+0900][173.109s][info][gc,phases   ] GC(205)   Pre Evacuate Collection Set: 0.0ms
[2026-03-25T16:39:22.648+0900][173.109s][info][gc,phases   ] GC(205)   Merge Heap Roots: 0.0ms
[2026-03-25T16:39:22.648+0900][173.109s][info][gc,phases   ] GC(205)   Evacuate Collection Set: 0.3ms
[2026-03-25T16:39:22.648+0900][173.109s][info][gc,phases   ] GC(205)   Post Evacuate Collection Set: 0.2ms
[2026-03-25T16:39:22.648+0900][173.109s][info][gc,phases   ] GC(205)   Other: 0.0ms
[2026-03-25T16:39:22.648+0900][173.109s][info][gc,heap     ] GC(205) Eden regions: 1->0(1)
[2026-03-25T16:39:22.648+0900][173.109s][info][gc,heap     ] GC(205) Survivor regions: 1->1(1)
[2026-03-25T16:39:22.648+0900][173.109s][info][gc,heap     ] GC(205) Old regions: 27->28
[2026-03-25T16:39:22.648+0900][173.109s][info][gc,heap     ] GC(205) Archive regions: 0->0
[2026-03-25T16:39:22.649+0900][173.109s][info][gc,heap     ] GC(205) Humongous regions: 0->0
[2026-03-25T16:39:22.649+0900][173.109s][info][gc,metaspace] GC(205) Metaspace: 181K(384K)->181K(384K) NonClass: 170K(256K)->170K(256K) Class: 10K(128K)->10K(128K)
[2026-03-25T16:39:22.649+0900][173.109s][info][gc          ] GC(205) Pause Young (Normal) (G1 Evacuation Pause) 226M->220M(256M) 0.811ms
[2026-03-25T16:39:22.649+0900][173.109s][info][gc,cpu      ] GC(205) User=0.00s Sys=0.00s Real=0.00s
[2026-03-25T16:39:22.924+0900][173.383s][info][gc,start    ] GC(206) Pause Young (Normal) (G1 Evacuation Pause)
[2026-03-25T16:39:22.924+0900][173.383s][info][gc,task     ] GC(206) Using 8 workers of 8 for evacuation
[2026-03-25T16:39:22.925+0900][173.385s][info][gc,phases   ] GC(206)   Pre Evacuate Collection Set: 0.3ms
[2026-03-25T16:39:22.925+0900][173.386s][info][gc,phases   ] GC(206)   Merge Heap Roots: 0.2ms
[2026-03-25T16:39:22.925+0900][173.386s][info][gc,phases   ] GC(206)   Evacuate Collection Set: 0.4ms
[2026-03-25T16:39:22.925+0900][173.386s][info][gc,phases   ] GC(206)   Post Evacuate Collection Set: 0.9ms
[2026-03-25T16:39:22.925+0900][173.386s][info][gc,phases   ] GC(206)   Other: 0.1ms
[2026-03-25T16:39:22.925+0900][173.386s][info][gc,heap     ] GC(206) Eden regions: 1->0(1)
[2026-03-25T16:39:22.925+0900][173.386s][info][gc,heap     ] GC(206) Survivor regions: 1->1(1)
[2026-03-25T16:39:22.925+0900][173.386s][info][gc,heap     ] GC(206) Old regions: 28->28
[2026-03-25T16:39:22.925+0900][173.386s][info][gc,heap     ] GC(206) Archive regions: 0->0
[2026-03-25T16:39:22.925+0900][173.386s][info][gc,heap     ] GC(206) Humongous regions: 0->0
[2026-03-25T16:39:22.926+0900][173.386s][info][gc,metaspace] GC(206) Metaspace: 181K(384K)->181K(384K) NonClass: 170K(256K)->170K(256K) Class: 10K(128K)->10K(128K)
[2026-03-25T16:39:22.926+0900][173.386s][info][gc          ] GC(206) Pause Young (Normal) (G1 Evacuation Pause) 228M->221M(256M) 2.561ms
[2026-03-25T16:39:22.926+0900][173.386s][info][gc,cpu      ] GC(206) User=0.00s Sys=0.00s Real=0.00s
[2026-03-25T16:39:23.212+0900][173.672s][info][gc,start    ] GC(207) Pause Young (Normal) (G1 Evacuation Pause)
[2026-03-25T16:39:23.212+0900][173.672s][info][gc,task     ] GC(207) Using 8 workers of 8 for evacuation
[2026-03-25T16:39:23.213+0900][173.673s][info][gc,phases   ] GC(207)   Pre Evacuate Collection Set: 0.2ms
[2026-03-25T16:39:23.213+0900][173.673s][info][gc,phases   ] GC(207)   Merge Heap Roots: 0.1ms
[2026-03-25T16:39:23.213+0900][173.673s][info][gc,phases   ] GC(207)   Evacuate Collection Set: 0.3ms
[2026-03-25T16:39:23.213+0900][173.673s][info][gc,phases   ] GC(207)   Post Evacuate Collection Set: 0.3ms
[2026-03-25T16:39:23.213+0900][173.673s][info][gc,phases   ] GC(207)   Other: 0.0ms
[2026-03-25T16:39:23.213+0900][173.673s][info][gc,heap     ] GC(207) Eden regions: 1->0(1)
[2026-03-25T16:39:23.213+0900][173.673s][info][gc,heap     ] GC(207) Survivor regions: 1->1(1)
[2026-03-25T16:39:23.213+0900][173.673s][info][gc,heap     ] GC(207) Old regions: 28->28
[2026-03-25T16:39:23.213+0900][173.673s][info][gc,heap     ] GC(207) Archive regions: 0->0
[2026-03-25T16:39:23.213+0900][173.673s][info][gc,heap     ] GC(207) Humongous regions: 0->0
[2026-03-25T16:39:23.213+0900][173.673s][info][gc,metaspace] GC(207) Metaspace: 181K(384K)->181K(384K) NonClass: 170K(256K)->170K(256K) Class: 10K(128K)->10K(128K)
[2026-03-25T16:39:23.213+0900][173.673s][info][gc          ] GC(207) Pause Young (Normal) (G1 Evacuation Pause) 229M->223M(256M) 1.159ms
[2026-03-25T16:39:23.213+0900][173.673s][info][gc,cpu      ] GC(207) User=0.00s Sys=0.00s Real=0.00s
[2026-03-25T16:39:23.540+0900][174.000s][info][gc,start    ] GC(208) Pause Young (Normal) (G1 Evacuation Pause)
[2026-03-25T16:39:23.540+0900][174.000s][info][gc,task     ] GC(208) Using 8 workers of 8 for evacuation
[2026-03-25T16:39:23.540+0900][174.000s][info][gc,phases   ] GC(208)   Pre Evacuate Collection Set: 0.0ms
[2026-03-25T16:39:23.540+0900][174.000s][info][gc,phases   ] GC(208)   Merge Heap Roots: 0.0ms
[2026-03-25T16:39:23.540+0900][174.000s][info][gc,phases   ] GC(208)   Evacuate Collection Set: 0.3ms
[2026-03-25T16:39:23.540+0900][174.000s][info][gc,phases   ] GC(208)   Post Evacuate Collection Set: 0.1ms
[2026-03-25T16:39:23.540+0900][174.000s][info][gc,phases   ] GC(208)   Other: 0.0ms
[2026-03-25T16:39:23.540+0900][174.000s][info][gc,heap     ] GC(208) Eden regions: 1->0(1)
[2026-03-25T16:39:23.540+0900][174.000s][info][gc,heap     ] GC(208) Survivor regions: 1->1(1)
[2026-03-25T16:39:23.540+0900][174.000s][info][gc,heap     ] GC(208) Old regions: 28->28
[2026-03-25T16:39:23.540+0900][174.000s][info][gc,heap     ] GC(208) Archive regions: 0->0
[2026-03-25T16:39:23.540+0900][174.000s][info][gc,heap     ] GC(208) Humongous regions: 0->0
[2026-03-25T16:39:23.540+0900][174.000s][info][gc,metaspace] GC(208) Metaspace: 181K(384K)->181K(384K) NonClass: 170K(256K)->170K(256K) Class: 10K(128K)->10K(128K)
[2026-03-25T16:39:23.540+0900][174.000s][info][gc          ] GC(208) Pause Young (Normal) (G1 Evacuation Pause) 230M->224M(256M) 0.710ms
[2026-03-25T16:39:23.540+0900][174.000s][info][gc,cpu      ] GC(208) User=0.00s Sys=0.00s Real=0.00s
[2026-03-25T16:39:23.827+0900][174.286s][info][gc,start    ] GC(209) Pause Young (Normal) (G1 Evacuation Pause)
[2026-03-25T16:39:23.827+0900][174.286s][info][gc,task     ] GC(209) Using 8 workers of 8 for evacuation
[2026-03-25T16:39:23.828+0900][174.287s][info][gc,phases   ] GC(209)   Pre Evacuate Collection Set: 0.1ms
[2026-03-25T16:39:23.828+0900][174.287s][info][gc,phases   ] GC(209)   Merge Heap Roots: 0.1ms
[2026-03-25T16:39:23.828+0900][174.287s][info][gc,phases   ] GC(209)   Evacuate Collection Set: 0.3ms
[2026-03-25T16:39:23.828+0900][174.287s][info][gc,phases   ] GC(209)   Post Evacuate Collection Set: 0.5ms
[2026-03-25T16:39:23.828+0900][174.287s][info][gc,phases   ] GC(209)   Other: 0.1ms
[2026-03-25T16:39:23.828+0900][174.287s][info][gc,heap     ] GC(209) Eden regions: 1->0(1)
[2026-03-25T16:39:23.828+0900][174.288s][info][gc,heap     ] GC(209) Survivor regions: 1->1(1)
[2026-03-25T16:39:23.828+0900][174.288s][info][gc,heap     ] GC(209) Old regions: 28->28
[2026-03-25T16:39:23.828+0900][174.288s][info][gc,heap     ] GC(209) Archive regions: 0->0
[2026-03-25T16:39:23.828+0900][174.288s][info][gc,heap     ] GC(209) Humongous regions: 0->0
[2026-03-25T16:39:23.828+0900][174.288s][info][gc,metaspace] GC(209) Metaspace: 181K(384K)->181K(384K) NonClass: 170K(256K)->170K(256K) Class: 10K(128K)->10K(128K)
[2026-03-25T16:39:23.828+0900][174.288s][info][gc          ] GC(209) Pause Young (Normal) (G1 Evacuation Pause) 232M->226M(256M) 1.258ms
[2026-03-25T16:39:23.828+0900][174.288s][info][gc,cpu      ] GC(209) User=0.00s Sys=0.00s Real=0.00s
[2026-03-25T16:39:24.110+0900][174.569s][info][gc,start    ] GC(210) Pause Young (Normal) (G1 Evacuation Pause)
[2026-03-25T16:39:24.110+0900][174.569s][info][gc,task     ] GC(210) Using 8 workers of 8 for evacuation
[2026-03-25T16:39:24.110+0900][174.570s][info][gc,phases   ] GC(210)   Pre Evacuate Collection Set: 0.0ms
[2026-03-25T16:39:24.110+0900][174.570s][info][gc,phases   ] GC(210)   Merge Heap Roots: 0.0ms
[2026-03-25T16:39:24.110+0900][174.570s][info][gc,phases   ] GC(210)   Evacuate Collection Set: 0.3ms
[2026-03-25T16:39:24.110+0900][174.570s][info][gc,phases   ] GC(210)   Post Evacuate Collection Set: 0.1ms
[2026-03-25T16:39:24.110+0900][174.570s][info][gc,phases   ] GC(210)   Other: 0.0ms
[2026-03-25T16:39:24.110+0900][174.570s][info][gc,heap     ] GC(210) Eden regions: 1->0(1)
[2026-03-25T16:39:24.110+0900][174.570s][info][gc,heap     ] GC(210) Survivor regions: 1->1(1)
[2026-03-25T16:39:24.110+0900][174.570s][info][gc,heap     ] GC(210) Old regions: 28->28
[2026-03-25T16:39:24.110+0900][174.570s][info][gc,heap     ] GC(210) Archive regions: 0->0
[2026-03-25T16:39:24.110+0900][174.570s][info][gc,heap     ] GC(210) Humongous regions: 0->0
[2026-03-25T16:39:24.110+0900][174.570s][info][gc,metaspace] GC(210) Metaspace: 181K(384K)->181K(384K) NonClass: 170K(256K)->170K(256K) Class: 10K(128K)->10K(128K)
[2026-03-25T16:39:24.110+0900][174.570s][info][gc          ] GC(210) Pause Young (Normal) (G1 Evacuation Pause) 233M->227M(256M) 0.716ms
[2026-03-25T16:39:24.110+0900][174.570s][info][gc,cpu      ] GC(210) User=0.00s Sys=0.00s Real=0.00s
[2026-03-25T16:39:24.385+0900][174.844s][info][gc,start    ] GC(211) Pause Young (Normal) (G1 Evacuation Pause)
[2026-03-25T16:39:24.385+0900][174.845s][info][gc,task     ] GC(211) Using 8 workers of 8 for evacuation
[2026-03-25T16:39:24.385+0900][174.845s][info][gc,phases   ] GC(211)   Pre Evacuate Collection Set: 0.0ms
[2026-03-25T16:39:24.385+0900][174.845s][info][gc,phases   ] GC(211)   Merge Heap Roots: 0.0ms
[2026-03-25T16:39:24.385+0900][174.845s][info][gc,phases   ] GC(211)   Evacuate Collection Set: 0.2ms
[2026-03-25T16:39:24.385+0900][174.845s][info][gc,phases   ] GC(211)   Post Evacuate Collection Set: 0.1ms
[2026-03-25T16:39:24.385+0900][174.845s][info][gc,phases   ] GC(211)   Other: 0.1ms
[2026-03-25T16:39:24.385+0900][174.845s][info][gc,heap     ] GC(211) Eden regions: 1->0(1)
[2026-03-25T16:39:24.385+0900][174.845s][info][gc,heap     ] GC(211) Survivor regions: 1->1(1)
[2026-03-25T16:39:24.385+0900][174.845s][info][gc,heap     ] GC(211) Old regions: 28->29
[2026-03-25T16:39:24.385+0900][174.845s][info][gc,heap     ] GC(211) Archive regions: 0->0
[2026-03-25T16:39:24.385+0900][174.845s][info][gc,heap     ] GC(211) Humongous regions: 0->0
[2026-03-25T16:39:24.385+0900][174.845s][info][gc,metaspace] GC(211) Metaspace: 181K(384K)->181K(384K) NonClass: 170K(256K)->170K(256K) Class: 10K(128K)->10K(128K)
[2026-03-25T16:39:24.385+0900][174.845s][info][gc          ] GC(211) Pause Young (Normal) (G1 Evacuation Pause) 235M->229M(256M) 0.779ms
[2026-03-25T16:39:24.385+0900][174.845s][info][gc,cpu      ] GC(211) User=0.00s Sys=0.00s Real=0.00s
[2026-03-25T16:39:24.663+0900][175.123s][info][gc,start    ] GC(212) Pause Young (Concurrent Start) (G1 Evacuation Pause)
[2026-03-25T16:39:24.663+0900][175.123s][info][gc,task     ] GC(212) Using 8 workers of 8 for evacuation
[2026-03-25T16:39:24.664+0900][175.124s][info][gc,phases   ] GC(212)   Pre Evacuate Collection Set: 0.2ms
[2026-03-25T16:39:24.664+0900][175.124s][info][gc,phases   ] GC(212)   Merge Heap Roots: 0.1ms
[2026-03-25T16:39:24.664+0900][175.124s][info][gc,phases   ] GC(212)   Evacuate Collection Set: 0.3ms
[2026-03-25T16:39:24.664+0900][175.124s][info][gc,phases   ] GC(212)   Post Evacuate Collection Set: 0.3ms
[2026-03-25T16:39:24.664+0900][175.124s][info][gc,phases   ] GC(212)   Other: 0.2ms
[2026-03-25T16:39:24.664+0900][175.124s][info][gc,heap     ] GC(212) Eden regions: 1->0(1)
[2026-03-25T16:39:24.664+0900][175.124s][info][gc,heap     ] GC(212) Survivor regions: 1->1(1)
[2026-03-25T16:39:24.664+0900][175.124s][info][gc,heap     ] GC(212) Old regions: 29->29
[2026-03-25T16:39:24.664+0900][175.124s][info][gc,heap     ] GC(212) Archive regions: 0->0
[2026-03-25T16:39:24.664+0900][175.124s][info][gc,heap     ] GC(212) Humongous regions: 0->0
[2026-03-25T16:39:24.664+0900][175.124s][info][gc,metaspace] GC(212) Metaspace: 181K(384K)->181K(384K) NonClass: 170K(256K)->170K(256K) Class: 10K(128K)->10K(128K)
[2026-03-25T16:39:24.664+0900][175.124s][info][gc          ] GC(212) Pause Young (Concurrent Start) (G1 Evacuation Pause) 236M->230M(256M) 1.277ms
[2026-03-25T16:39:24.664+0900][175.124s][info][gc,cpu      ] GC(212) User=0.00s Sys=0.00s Real=0.00s
[2026-03-25T16:39:24.664+0900][175.124s][info][gc          ] GC(213) Concurrent Mark Cycle
[2026-03-25T16:39:24.664+0900][175.124s][info][gc,marking  ] GC(213) Concurrent Clear Claimed Marks
[2026-03-25T16:39:24.664+0900][175.124s][info][gc,marking  ] GC(213) Concurrent Clear Claimed Marks 0.011ms
[2026-03-25T16:39:24.664+0900][175.124s][info][gc,marking  ] GC(213) Concurrent Scan Root Regions
[2026-03-25T16:39:24.664+0900][175.124s][info][gc,marking  ] GC(213) Concurrent Scan Root Regions 0.032ms
[2026-03-25T16:39:24.664+0900][175.124s][info][gc,marking  ] GC(213) Concurrent Mark
[2026-03-25T16:39:24.664+0900][175.124s][info][gc,marking  ] GC(213) Concurrent Mark From Roots
[2026-03-25T16:39:24.664+0900][175.124s][info][gc,task     ] GC(213) Using 2 workers of 2 for marking
[2026-03-25T16:39:24.665+0900][175.125s][info][gc,marking  ] GC(213) Concurrent Mark From Roots 0.661ms
[2026-03-25T16:39:24.665+0900][175.125s][info][gc,marking  ] GC(213) Concurrent Preclean
[2026-03-25T16:39:24.665+0900][175.125s][info][gc,marking  ] GC(213) Concurrent Preclean 0.011ms
[2026-03-25T16:39:24.665+0900][175.125s][info][gc,start    ] GC(213) Pause Remark
[2026-03-25T16:39:24.665+0900][175.125s][info][gc          ] GC(213) Pause Remark 232M->104M(256M) 0.214ms
[2026-03-25T16:39:24.665+0900][175.125s][info][gc,cpu      ] GC(213) User=0.00s Sys=0.00s Real=0.00s
[2026-03-25T16:39:24.665+0900][175.125s][info][gc,marking  ] GC(213) Concurrent Mark 1.030ms
[2026-03-25T16:39:24.665+0900][175.125s][info][gc,marking  ] GC(213) Concurrent Rebuild Remembered Sets
[2026-03-25T16:39:24.666+0900][175.126s][info][gc,marking  ] GC(213) Concurrent Rebuild Remembered Sets 0.393ms
[2026-03-25T16:39:24.666+0900][175.126s][info][gc,start    ] GC(213) Pause Cleanup
[2026-03-25T16:39:24.666+0900][175.126s][info][gc          ] GC(213) Pause Cleanup 104M->104M(256M) 0.045ms
[2026-03-25T16:39:24.666+0900][175.126s][info][gc,cpu      ] GC(213) User=0.00s Sys=0.00s Real=0.00s
[2026-03-25T16:39:24.666+0900][175.126s][info][gc,marking  ] GC(213) Concurrent Cleanup for Next Mark
[2026-03-25T16:39:24.666+0900][175.126s][info][gc,marking  ] GC(213) Concurrent Cleanup for Next Mark 0.100ms
[2026-03-25T16:39:24.666+0900][175.126s][info][gc          ] GC(213) Concurrent Mark Cycle 1.821ms
[2026-03-25T16:39:24.958+0900][175.418s][info][gc,start    ] GC(214) Pause Young (Prepare Mixed) (G1 Evacuation Pause)
[2026-03-25T16:39:24.958+0900][175.418s][info][gc,task     ] GC(214) Using 8 workers of 8 for evacuation
[2026-03-25T16:39:24.958+0900][175.418s][info][gc,phases   ] GC(214)   Pre Evacuate Collection Set: 0.0ms
[2026-03-25T16:39:24.958+0900][175.418s][info][gc,phases   ] GC(214)   Merge Heap Roots: 0.0ms
[2026-03-25T16:39:24.958+0900][175.418s][info][gc,phases   ] GC(214)   Evacuate Collection Set: 0.3ms
[2026-03-25T16:39:24.958+0900][175.418s][info][gc,phases   ] GC(214)   Post Evacuate Collection Set: 0.1ms
[2026-03-25T16:39:24.958+0900][175.418s][info][gc,phases   ] GC(214)   Other: 0.0ms
[2026-03-25T16:39:24.958+0900][175.418s][info][gc,heap     ] GC(214) Eden regions: 1->0(1)
[2026-03-25T16:39:24.958+0900][175.418s][info][gc,heap     ] GC(214) Survivor regions: 1->1(1)
[2026-03-25T16:39:24.958+0900][175.418s][info][gc,heap     ] GC(214) Old regions: 13->13
[2026-03-25T16:39:24.958+0900][175.418s][info][gc,heap     ] GC(214) Archive regions: 0->0
[2026-03-25T16:39:24.958+0900][175.418s][info][gc,heap     ] GC(214) Humongous regions: 0->0
[2026-03-25T16:39:24.958+0900][175.418s][info][gc,metaspace] GC(214) Metaspace: 181K(384K)->181K(384K) NonClass: 170K(256K)->170K(256K) Class: 10K(128K)->10K(128K)
[2026-03-25T16:39:24.958+0900][175.418s][info][gc          ] GC(214) Pause Young (Prepare Mixed) (G1 Evacuation Pause) 110M->104M(256M) 0.720ms
[2026-03-25T16:39:24.958+0900][175.418s][info][gc,cpu      ] GC(214) User=0.00s Sys=0.00s Real=0.00s
[2026-03-25T16:39:25.256+0900][175.716s][info][gc,start    ] GC(215) Pause Young (Mixed) (G1 Evacuation Pause)
[2026-03-25T16:39:25.256+0900][175.716s][info][gc,task     ] GC(215) Using 8 workers of 8 for evacuation
[2026-03-25T16:39:25.256+0900][175.716s][info][gc,phases   ] GC(215)   Pre Evacuate Collection Set: 0.0ms
[2026-03-25T16:39:25.256+0900][175.716s][info][gc,phases   ] GC(215)   Merge Heap Roots: 0.0ms
[2026-03-25T16:39:25.256+0900][175.716s][info][gc,phases   ] GC(215)   Evacuate Collection Set: 0.3ms
[2026-03-25T16:39:25.256+0900][175.716s][info][gc,phases   ] GC(215)   Post Evacuate Collection Set: 0.1ms
[2026-03-25T16:39:25.256+0900][175.716s][info][gc,phases   ] GC(215)   Other: 0.0ms
[2026-03-25T16:39:25.256+0900][175.716s][info][gc,heap     ] GC(215) Eden regions: 1->0(10)
[2026-03-25T16:39:25.256+0900][175.716s][info][gc,heap     ] GC(215) Survivor regions: 1->1(1)
[2026-03-25T16:39:25.256+0900][175.716s][info][gc,heap     ] GC(215) Old regions: 13->12
[2026-03-25T16:39:25.256+0900][175.716s][info][gc,heap     ] GC(215) Archive regions: 0->0
[2026-03-25T16:39:25.256+0900][175.716s][info][gc,heap     ] GC(215) Humongous regions: 0->0
[2026-03-25T16:39:25.256+0900][175.716s][info][gc,metaspace] GC(215) Metaspace: 181K(384K)->181K(384K) NonClass: 170K(256K)->170K(256K) Class: 10K(128K)->10K(128K)
[2026-03-25T16:39:25.256+0900][175.717s][info][gc          ] GC(215) Pause Young (Mixed) (G1 Evacuation Pause) 111M->98M(256M) 0.781ms
[2026-03-25T16:39:25.256+0900][175.717s][info][gc,cpu      ] GC(215) User=0.00s Sys=0.00s Real=0.00s
[2026-03-25T16:39:26.957+0900][177.417s][info][gc,heap,exit] Heap
[2026-03-25T16:39:26.957+0900][177.418s][info][gc,heap,exit]  garbage-first heap   total 262144K, used 147535K [0x00000000e0000000, 0x0000000100000000)
[2026-03-25T16:39:26.957+0900][177.418s][info][gc,heap,exit]   region size 8192K, 7 young (57344K), 1 survivors (8192K)
[2026-03-25T16:39:26.957+0900][177.418s][info][gc,heap,exit]  Metaspace       used 184K, committed 384K, reserved 1114112K
[2026-03-25T16:39:26.957+0900][177.418s][info][gc,heap,exit]   class space    used 10K, committed 128K, reserved 1048576K
