[2026-03-26T16:52:22.401+0900][0.020s][info][gc,init] CardTable entry size: 512
[2026-03-26T16:52:22.402+0900][0.020s][info][gc     ] Using G1
[2026-03-26T16:52:22.405+0900][0.023s][info][gc,init] Version: 21.0.2+13-LTS-58 (release)
[2026-03-26T16:52:22.405+0900][0.023s][info][gc,init] CPUs: 16 total, 16 available
[2026-03-26T16:52:22.405+0900][0.023s][info][gc,init] Memory: 15943M
[2026-03-26T16:52:22.405+0900][0.023s][info][gc,init] Large Page Support: Disabled
[2026-03-26T16:52:22.405+0900][0.023s][info][gc,init] NUMA Support: Disabled
[2026-03-26T16:52:22.405+0900][0.023s][info][gc,init] Compressed Oops: Enabled (32-bit)
[2026-03-26T16:52:22.415+0900][0.033s][info][gc,init] Heap Region Size: 4M
[2026-03-26T16:52:22.415+0900][0.033s][info][gc,init] Heap Min Capacity: 256M
[2026-03-26T16:52:22.415+0900][0.033s][info][gc,init] Heap Initial Capacity: 256M
[2026-03-26T16:52:22.415+0900][0.033s][info][gc,init] Heap Max Capacity: 512M
[2026-03-26T16:52:22.415+0900][0.033s][info][gc,init] Pre-touch: Disabled
[2026-03-26T16:52:22.415+0900][0.033s][info][gc,init] Parallel Workers: 13
[2026-03-26T16:52:22.415+0900][0.033s][info][gc,init] Concurrent Workers: 3
[2026-03-26T16:52:22.415+0900][0.033s][info][gc,init] Concurrent Refinement Workers: 13
[2026-03-26T16:52:22.415+0900][0.033s][info][gc,init] Periodic GC: Disabled
[2026-03-26T16:52:22.430+0900][0.049s][info][gc,metaspace] CDS archive(s) mapped at: [0x000002754b000000-0x000002754bc90000-0x000002754bc90000), size 13172736, SharedBaseAddress: 0x000002754b000000, ArchiveRelocationMode: 1.
[2026-03-26T16:52:22.430+0900][0.049s][info][gc,metaspace] Compressed class space mapped at: 0x000002754c000000-0x000002758c000000, reserved size: 1073741824
[2026-03-26T16:52:22.430+0900][0.049s][info][gc,metaspace] Narrow klass base: 0x000002754b000000, Narrow klass shift: 0, Narrow klass range: 0x100000000
[2026-03-26T16:52:22.900+0900][0.518s][info][gc,start    ] GC(0) Pause Young (Normal) (G1 Evacuation Pause)
[2026-03-26T16:52:22.900+0900][0.519s][info][gc,task     ] GC(0) Using 6 workers of 13 for evacuation
[2026-03-26T16:52:22.902+0900][0.521s][info][gc,phases   ] GC(0)   Pre Evacuate Collection Set: 0.1ms
[2026-03-26T16:52:22.902+0900][0.521s][info][gc,phases   ] GC(0)   Merge Heap Roots: 0.1ms
[2026-03-26T16:52:22.902+0900][0.521s][info][gc,phases   ] GC(0)   Evacuate Collection Set: 1.5ms
[2026-03-26T16:52:22.902+0900][0.521s][info][gc,phases   ] GC(0)   Post Evacuate Collection Set: 0.4ms
[2026-03-26T16:52:22.902+0900][0.521s][info][gc,phases   ] GC(0)   Other: 0.9ms
[2026-03-26T16:52:22.902+0900][0.521s][info][gc,heap     ] GC(0) Eden regions: 3->0(2)
[2026-03-26T16:52:22.903+0900][0.521s][info][gc,heap     ] GC(0) Survivor regions: 0->1(1)
[2026-03-26T16:52:22.903+0900][0.521s][info][gc,heap     ] GC(0) Old regions: 0->0
[2026-03-26T16:52:22.903+0900][0.521s][info][gc,heap     ] GC(0) Humongous regions: 11->0
[2026-03-26T16:52:22.903+0900][0.521s][info][gc,metaspace] GC(0) Metaspace: 537K(704K)->537K(704K) NonClass: 499K(576K)->499K(576K) Class: 38K(128K)->38K(128K)
[2026-03-26T16:52:22.903+0900][0.521s][info][gc          ] GC(0) Pause Young (Normal) (G1 Evacuation Pause) 55M->2M(256M) 3.638ms
[2026-03-26T16:52:22.903+0900][0.521s][info][gc,cpu      ] GC(0) User=0.00s Sys=0.00s Real=0.00s
[2026-03-26T16:52:23.233+0900][0.852s][info][gc,start    ] GC(1) Pause Young (Normal) (G1 Evacuation Pause)
[2026-03-26T16:52:23.233+0900][0.852s][info][gc,task     ] GC(1) Using 6 workers of 13 for evacuation
[2026-03-26T16:52:23.236+0900][0.855s][info][gc,phases   ] GC(1)   Pre Evacuate Collection Set: 0.2ms
[2026-03-26T16:52:23.237+0900][0.855s][info][gc,phases   ] GC(1)   Merge Heap Roots: 0.1ms
[2026-03-26T16:52:23.237+0900][0.855s][info][gc,phases   ] GC(1)   Evacuate Collection Set: 2.1ms
[2026-03-26T16:52:23.237+0900][0.855s][info][gc,phases   ] GC(1)   Post Evacuate Collection Set: 0.7ms
[2026-03-26T16:52:23.237+0900][0.855s][info][gc,phases   ] GC(1)   Other: 0.1ms
[2026-03-26T16:52:23.237+0900][0.855s][info][gc,heap     ] GC(1) Eden regions: 2->0(6)
[2026-03-26T16:52:23.237+0900][0.856s][info][gc,heap     ] GC(1) Survivor regions: 1->1(1)
[2026-03-26T16:52:23.237+0900][0.856s][info][gc,heap     ] GC(1) Old regions: 0->1
[2026-03-26T16:52:23.237+0900][0.856s][info][gc,heap     ] GC(1) Humongous regions: 11->0
[2026-03-26T16:52:23.237+0900][0.856s][info][gc,metaspace] GC(1) Metaspace: 541K(704K)->541K(704K) NonClass: 503K(576K)->503K(576K) Class: 38K(128K)->38K(128K)
[2026-03-26T16:52:23.237+0900][0.856s][info][gc          ] GC(1) Pause Young (Normal) (G1 Evacuation Pause) 54M->3M(256M) 4.057ms
[2026-03-26T16:52:23.237+0900][0.856s][info][gc,cpu      ] GC(1) User=0.00s Sys=0.00s Real=0.00s
[2026-03-26T16:52:23.877+0900][1.496s][info][gc,start    ] GC(2) Pause Young (Concurrent Start) (G1 Humongous Allocation)
[2026-03-26T16:52:23.877+0900][1.496s][info][gc,task     ] GC(2) Using 6 workers of 13 for evacuation
[2026-03-26T16:52:23.879+0900][1.498s][info][gc,phases   ] GC(2)   Pre Evacuate Collection Set: 0.3ms
[2026-03-26T16:52:23.880+0900][1.498s][info][gc,phases   ] GC(2)   Merge Heap Roots: 0.1ms
[2026-03-26T16:52:23.880+0900][1.498s][info][gc,phases   ] GC(2)   Evacuate Collection Set: 1.0ms
[2026-03-26T16:52:23.880+0900][1.498s][info][gc,phases   ] GC(2)   Post Evacuate Collection Set: 0.4ms
[2026-03-26T16:52:23.880+0900][1.498s][info][gc,phases   ] GC(2)   Other: 0.3ms
[2026-03-26T16:52:23.880+0900][1.498s][info][gc,heap     ] GC(2) Eden regions: 4->0(37)
[2026-03-26T16:52:23.880+0900][1.498s][info][gc,heap     ] GC(2) Survivor regions: 1->1(1)
[2026-03-26T16:52:23.880+0900][1.498s][info][gc,heap     ] GC(2) Old regions: 1->1
[2026-03-26T16:52:23.880+0900][1.498s][info][gc,heap     ] GC(2) Humongous regions: 21->0
[2026-03-26T16:52:23.880+0900][1.498s][info][gc,metaspace] GC(2) Metaspace: 546K(704K)->546K(704K) NonClass: 508K(576K)->508K(576K) Class: 38K(128K)->38K(128K)
[2026-03-26T16:52:23.880+0900][1.498s][info][gc          ] GC(2) Pause Young (Concurrent Start) (G1 Humongous Allocation) 102M->4M(256M) 2.749ms
[2026-03-26T16:52:23.880+0900][1.498s][info][gc,cpu      ] GC(2) User=0.05s Sys=0.05s Real=0.00s
[2026-03-26T16:52:23.880+0900][1.498s][info][gc          ] GC(3) Concurrent Undo Cycle
[2026-03-26T16:52:23.880+0900][1.499s][info][gc,marking  ] GC(3) Concurrent Clear Claimed Marks
[2026-03-26T16:52:23.880+0900][1.499s][info][gc,marking  ] GC(3) Concurrent Clear Claimed Marks 0.039ms
[2026-03-26T16:52:23.880+0900][1.499s][info][gc,marking  ] GC(3) Concurrent Cleanup for Next Mark
[2026-03-26T16:52:23.880+0900][1.499s][info][gc,marking  ] GC(3) Concurrent Cleanup for Next Mark 0.112ms
[2026-03-26T16:52:23.880+0900][1.499s][info][gc          ] GC(3) Concurrent Undo Cycle 0.385ms
[2026-03-26T16:52:24.527+0900][2.145s][info][gc,start    ] GC(4) Pause Young (Concurrent Start) (G1 Humongous Allocation)
[2026-03-26T16:52:24.527+0900][2.146s][info][gc,task     ] GC(4) Using 6 workers of 13 for evacuation
[2026-03-26T16:52:24.530+0900][2.148s][info][gc,phases   ] GC(4)   Pre Evacuate Collection Set: 0.7ms
[2026-03-26T16:52:24.530+0900][2.148s][info][gc,phases   ] GC(4)   Merge Heap Roots: 0.1ms
[2026-03-26T16:52:24.530+0900][2.148s][info][gc,phases   ] GC(4)   Evacuate Collection Set: 0.7ms
[2026-03-26T16:52:24.530+0900][2.148s][info][gc,phases   ] GC(4)   Post Evacuate Collection Set: 0.3ms
[2026-03-26T16:52:24.530+0900][2.148s][info][gc,phases   ] GC(4)   Other: 0.3ms
[2026-03-26T16:52:24.530+0900][2.148s][info][gc,heap     ] GC(4) Eden regions: 4->0(37)
[2026-03-26T16:52:24.530+0900][2.148s][info][gc,heap     ] GC(4) Survivor regions: 1->1(5)
[2026-03-26T16:52:24.530+0900][2.148s][info][gc,heap     ] GC(4) Old regions: 1->1
[2026-03-26T16:52:24.530+0900][2.148s][info][gc,heap     ] GC(4) Humongous regions: 21->0
[2026-03-26T16:52:24.530+0900][2.148s][info][gc,metaspace] GC(4) Metaspace: 547K(704K)->547K(704K) NonClass: 509K(576K)->509K(576K) Class: 38K(128K)->38K(128K)
[2026-03-26T16:52:24.530+0900][2.148s][info][gc          ] GC(4) Pause Young (Concurrent Start) (G1 Humongous Allocation) 102M->5M(256M) 2.837ms
[2026-03-26T16:52:24.530+0900][2.148s][info][gc,cpu      ] GC(4) User=0.00s Sys=0.00s Real=0.00s
[2026-03-26T16:52:24.530+0900][2.148s][info][gc          ] GC(5) Concurrent Undo Cycle
[2026-03-26T16:52:24.531+0900][2.149s][info][gc,marking  ] GC(5) Concurrent Clear Claimed Marks
[2026-03-26T16:52:24.531+0900][2.149s][info][gc,marking  ] GC(5) Concurrent Clear Claimed Marks 0.072ms
[2026-03-26T16:52:24.531+0900][2.149s][info][gc,marking  ] GC(5) Concurrent Cleanup for Next Mark
[2026-03-26T16:52:24.531+0900][2.149s][info][gc,marking  ] GC(5) Concurrent Cleanup for Next Mark 0.113ms
[2026-03-26T16:52:24.531+0900][2.149s][info][gc          ] GC(5) Concurrent Undo Cycle 0.769ms
[2026-03-26T16:52:25.175+0900][2.794s][info][gc,start    ] GC(6) Pause Young (Concurrent Start) (G1 Humongous Allocation)
[2026-03-26T16:52:25.176+0900][2.794s][info][gc,task     ] GC(6) Using 6 workers of 13 for evacuation
[2026-03-26T16:52:25.180+0900][2.799s][info][gc,phases   ] GC(6)   Pre Evacuate Collection Set: 0.4ms
[2026-03-26T16:52:25.181+0900][2.799s][info][gc,phases   ] GC(6)   Merge Heap Roots: 0.2ms
[2026-03-26T16:52:25.181+0900][2.799s][info][gc,phases   ] GC(6)   Evacuate Collection Set: 1.4ms
[2026-03-26T16:52:25.181+0900][2.799s][info][gc,phases   ] GC(6)   Post Evacuate Collection Set: 2.2ms
[2026-03-26T16:52:25.181+0900][2.799s][info][gc,phases   ] GC(6)   Other: 0.4ms
[2026-03-26T16:52:25.181+0900][2.799s][info][gc,heap     ] GC(6) Eden regions: 4->0(36)
[2026-03-26T16:52:25.181+0900][2.799s][info][gc,heap     ] GC(6) Survivor regions: 1->2(5)
[2026-03-26T16:52:25.181+0900][2.799s][info][gc,heap     ] GC(6) Old regions: 1->1
[2026-03-26T16:52:25.181+0900][2.799s][info][gc,heap     ] GC(6) Humongous regions: 21->0
[2026-03-26T16:52:25.181+0900][2.799s][info][gc,metaspace] GC(6) Metaspace: 555K(704K)->555K(704K) NonClass: 517K(576K)->517K(576K) Class: 38K(128K)->38K(128K)
[2026-03-26T16:52:25.181+0900][2.799s][info][gc          ] GC(6) Pause Young (Concurrent Start) (G1 Humongous Allocation) 103M->6M(256M) 5.599ms
[2026-03-26T16:52:25.181+0900][2.799s][info][gc,cpu      ] GC(6) User=0.00s Sys=0.02s Real=0.01s
[2026-03-26T16:52:25.181+0900][2.799s][info][gc          ] GC(7) Concurrent Undo Cycle
[2026-03-26T16:52:25.181+0900][2.799s][info][gc,marking  ] GC(7) Concurrent Clear Claimed Marks
[2026-03-26T16:52:25.181+0900][2.800s][info][gc,marking  ] GC(7) Concurrent Clear Claimed Marks 0.035ms
[2026-03-26T16:52:25.181+0900][2.800s][info][gc,marking  ] GC(7) Concurrent Cleanup for Next Mark
[2026-03-26T16:52:25.182+0900][2.800s][info][gc,marking  ] GC(7) Concurrent Cleanup for Next Mark 0.387ms
[2026-03-26T16:52:25.182+0900][2.800s][info][gc          ] GC(7) Concurrent Undo Cycle 0.803ms
[2026-03-26T16:52:25.822+0900][3.441s][info][gc,start    ] GC(8) Pause Young (Concurrent Start) (G1 Humongous Allocation)
[2026-03-26T16:52:25.823+0900][3.442s][info][gc,task     ] GC(8) Using 6 workers of 13 for evacuation
[2026-03-26T16:52:25.829+0900][3.447s][info][gc,phases   ] GC(8)   Pre Evacuate Collection Set: 0.7ms
[2026-03-26T16:52:25.829+0900][3.447s][info][gc,phases   ] GC(8)   Merge Heap Roots: 0.5ms
[2026-03-26T16:52:25.829+0900][3.447s][info][gc,phases   ] GC(8)   Evacuate Collection Set: 2.0ms
[2026-03-26T16:52:25.829+0900][3.447s][info][gc,phases   ] GC(8)   Post Evacuate Collection Set: 1.8ms
[2026-03-26T16:52:25.829+0900][3.447s][info][gc,phases   ] GC(8)   Other: 0.8ms
[2026-03-26T16:52:25.829+0900][3.448s][info][gc,heap     ] GC(8) Eden regions: 4->0(36)
[2026-03-26T16:52:25.829+0900][3.448s][info][gc,heap     ] GC(8) Survivor regions: 2->2(5)
[2026-03-26T16:52:25.829+0900][3.448s][info][gc,heap     ] GC(8) Old regions: 1->1
[2026-03-26T16:52:25.829+0900][3.448s][info][gc,heap     ] GC(8) Humongous regions: 21->0
[2026-03-26T16:52:25.829+0900][3.448s][info][gc,metaspace] GC(8) Metaspace: 562K(768K)->562K(768K) NonClass: 524K(640K)->524K(640K) Class: 38K(128K)->38K(128K)
[2026-03-26T16:52:25.829+0900][3.448s][info][gc          ] GC(8) Pause Young (Concurrent Start) (G1 Humongous Allocation) 105M->7M(256M) 6.531ms
[2026-03-26T16:52:25.829+0900][3.448s][info][gc,cpu      ] GC(8) User=0.00s Sys=0.00s Real=0.01s
[2026-03-26T16:52:25.829+0900][3.448s][info][gc          ] GC(9) Concurrent Undo Cycle
[2026-03-26T16:52:25.829+0900][3.448s][info][gc,marking  ] GC(9) Concurrent Clear Claimed Marks
[2026-03-26T16:52:25.829+0900][3.448s][info][gc,marking  ] GC(9) Concurrent Clear Claimed Marks 0.031ms
[2026-03-26T16:52:25.829+0900][3.448s][info][gc,marking  ] GC(9) Concurrent Cleanup for Next Mark
[2026-03-26T16:52:25.830+0900][3.448s][info][gc,marking  ] GC(9) Concurrent Cleanup for Next Mark 0.358ms
[2026-03-26T16:52:25.830+0900][3.448s][info][gc          ] GC(9) Concurrent Undo Cycle 0.684ms
[2026-03-26T16:52:26.476+0900][4.095s][info][gc,start    ] GC(10) Pause Young (Concurrent Start) (G1 Humongous Allocation)
[2026-03-26T16:52:26.476+0900][4.095s][info][gc,task     ] GC(10) Using 6 workers of 13 for evacuation
[2026-03-26T16:52:26.480+0900][4.098s][info][gc,phases   ] GC(10)   Pre Evacuate Collection Set: 0.3ms
[2026-03-26T16:52:26.480+0900][4.099s][info][gc,phases   ] GC(10)   Merge Heap Roots: 0.2ms
[2026-03-26T16:52:26.480+0900][4.099s][info][gc,phases   ] GC(10)   Evacuate Collection Set: 1.5ms
[2026-03-26T16:52:26.480+0900][4.099s][info][gc,phases   ] GC(10)   Post Evacuate Collection Set: 1.3ms
[2026-03-26T16:52:26.480+0900][4.099s][info][gc,phases   ] GC(10)   Other: 0.3ms
[2026-03-26T16:52:26.480+0900][4.099s][info][gc,heap     ] GC(10) Eden regions: 4->0(36)
[2026-03-26T16:52:26.480+0900][4.099s][info][gc,heap     ] GC(10) Survivor regions: 2->2(5)
[2026-03-26T16:52:26.480+0900][4.099s][info][gc,heap     ] GC(10) Old regions: 1->1
[2026-03-26T16:52:26.480+0900][4.099s][info][gc,heap     ] GC(10) Humongous regions: 21->0
[2026-03-26T16:52:26.480+0900][4.099s][info][gc,metaspace] GC(10) Metaspace: 568K(768K)->568K(768K) NonClass: 529K(640K)->529K(640K) Class: 38K(128K)->38K(128K)
[2026-03-26T16:52:26.480+0900][4.099s][info][gc          ] GC(10) Pause Young (Concurrent Start) (G1 Humongous Allocation) 106M->8M(256M) 4.388ms
[2026-03-26T16:52:26.480+0900][4.099s][info][gc,cpu      ] GC(10) User=0.00s Sys=0.00s Real=0.00s
[2026-03-26T16:52:26.480+0900][4.099s][info][gc          ] GC(11) Concurrent Undo Cycle
[2026-03-26T16:52:26.480+0900][4.099s][info][gc,marking  ] GC(11) Concurrent Clear Claimed Marks
[2026-03-26T16:52:26.480+0900][4.099s][info][gc,marking  ] GC(11) Concurrent Clear Claimed Marks 0.044ms
[2026-03-26T16:52:26.480+0900][4.099s][info][gc,marking  ] GC(11) Concurrent Cleanup for Next Mark
[2026-03-26T16:52:26.480+0900][4.099s][info][gc,marking  ] GC(11) Concurrent Cleanup for Next Mark 0.132ms
[2026-03-26T16:52:26.480+0900][4.099s][info][gc          ] GC(11) Concurrent Undo Cycle 0.521ms
[2026-03-26T16:52:27.125+0900][4.743s][info][gc,start    ] GC(12) Pause Young (Concurrent Start) (G1 Humongous Allocation)
[2026-03-26T16:52:27.125+0900][4.743s][info][gc,task     ] GC(12) Using 6 workers of 13 for evacuation
[2026-03-26T16:52:27.130+0900][4.748s][info][gc,phases   ] GC(12)   Pre Evacuate Collection Set: 0.5ms
[2026-03-26T16:52:27.130+0900][4.749s][info][gc,phases   ] GC(12)   Merge Heap Roots: 0.1ms
[2026-03-26T16:52:27.130+0900][4.749s][info][gc,phases   ] GC(12)   Evacuate Collection Set: 2.4ms
[2026-03-26T16:52:27.130+0900][4.749s][info][gc,phases   ] GC(12)   Post Evacuate Collection Set: 1.8ms
[2026-03-26T16:52:27.130+0900][4.749s][info][gc,phases   ] GC(12)   Other: 0.3ms
[2026-03-26T16:52:27.130+0900][4.749s][info][gc,heap     ] GC(12) Eden regions: 4->0(36)
[2026-03-26T16:52:27.130+0900][4.749s][info][gc,heap     ] GC(12) Survivor regions: 2->2(5)
[2026-03-26T16:52:27.130+0900][4.749s][info][gc,heap     ] GC(12) Old regions: 1->1
[2026-03-26T16:52:27.130+0900][4.749s][info][gc,heap     ] GC(12) Humongous regions: 21->0
[2026-03-26T16:52:27.130+0900][4.749s][info][gc,metaspace] GC(12) Metaspace: 568K(768K)->568K(768K) NonClass: 529K(640K)->529K(640K) Class: 38K(128K)->38K(128K)
[2026-03-26T16:52:27.130+0900][4.749s][info][gc          ] GC(12) Pause Young (Concurrent Start) (G1 Humongous Allocation) 107M->9M(256M) 5.907ms
[2026-03-26T16:52:27.130+0900][4.749s][info][gc,cpu      ] GC(12) User=0.03s Sys=0.00s Real=0.01s
[2026-03-26T16:52:27.130+0900][4.749s][info][gc          ] GC(13) Concurrent Undo Cycle
[2026-03-26T16:52:27.130+0900][4.749s][info][gc,marking  ] GC(13) Concurrent Clear Claimed Marks
[2026-03-26T16:52:27.131+0900][4.749s][info][gc,marking  ] GC(13) Concurrent Clear Claimed Marks 0.030ms
[2026-03-26T16:52:27.131+0900][4.749s][info][gc,marking  ] GC(13) Concurrent Cleanup for Next Mark
[2026-03-26T16:52:27.131+0900][4.750s][info][gc,marking  ] GC(13) Concurrent Cleanup for Next Mark 0.132ms
[2026-03-26T16:52:27.131+0900][4.750s][info][gc          ] GC(13) Concurrent Undo Cycle 0.578ms
[2026-03-26T16:52:27.777+0900][5.396s][info][gc,start    ] GC(14) Pause Young (Concurrent Start) (G1 Humongous Allocation)
[2026-03-26T16:52:27.778+0900][5.396s][info][gc,task     ] GC(14) Using 6 workers of 13 for evacuation
[2026-03-26T16:52:27.782+0900][5.400s][info][gc,phases   ] GC(14)   Pre Evacuate Collection Set: 0.3ms
[2026-03-26T16:52:27.782+0900][5.400s][info][gc,phases   ] GC(14)   Merge Heap Roots: 0.1ms
[2026-03-26T16:52:27.782+0900][5.400s][info][gc,phases   ] GC(14)   Evacuate Collection Set: 1.7ms
[2026-03-26T16:52:27.782+0900][5.400s][info][gc,phases   ] GC(14)   Post Evacuate Collection Set: 1.2ms
[2026-03-26T16:52:27.782+0900][5.400s][info][gc,phases   ] GC(14)   Other: 0.2ms
[2026-03-26T16:52:27.782+0900][5.400s][info][gc,heap     ] GC(14) Eden regions: 4->0(35)
[2026-03-26T16:52:27.782+0900][5.400s][info][gc,heap     ] GC(14) Survivor regions: 2->3(5)
[2026-03-26T16:52:27.782+0900][5.401s][info][gc,heap     ] GC(14) Old regions: 1->1
[2026-03-26T16:52:27.782+0900][5.401s][info][gc,heap     ] GC(14) Humongous regions: 21->0
[2026-03-26T16:52:27.782+0900][5.401s][info][gc,metaspace] GC(14) Metaspace: 568K(768K)->568K(768K) NonClass: 529K(640K)->529K(640K) Class: 38K(128K)->38K(128K)
[2026-03-26T16:52:27.782+0900][5.401s][info][gc          ] GC(14) Pause Young (Concurrent Start) (G1 Humongous Allocation) 108M->11M(256M) 4.618ms
[2026-03-26T16:52:27.782+0900][5.401s][info][gc,cpu      ] GC(14) User=0.00s Sys=0.00s Real=0.01s
[2026-03-26T16:52:27.782+0900][5.401s][info][gc          ] GC(15) Concurrent Undo Cycle
[2026-03-26T16:52:27.783+0900][5.401s][info][gc,marking  ] GC(15) Concurrent Clear Claimed Marks
[2026-03-26T16:52:27.783+0900][5.401s][info][gc,marking  ] GC(15) Concurrent Clear Claimed Marks 0.047ms
[2026-03-26T16:52:27.783+0900][5.401s][info][gc,marking  ] GC(15) Concurrent Cleanup for Next Mark
[2026-03-26T16:52:27.783+0900][5.401s][info][gc,marking  ] GC(15) Concurrent Cleanup for Next Mark 0.134ms
[2026-03-26T16:52:27.783+0900][5.401s][info][gc          ] GC(15) Concurrent Undo Cycle 0.475ms
[2026-03-26T16:52:28.421+0900][6.039s][info][gc,start    ] GC(16) Pause Young (Concurrent Start) (G1 Humongous Allocation)
[2026-03-26T16:52:28.421+0900][6.040s][info][gc,task     ] GC(16) Using 6 workers of 13 for evacuation
[2026-03-26T16:52:28.424+0900][6.043s][info][gc,phases   ] GC(16)   Pre Evacuate Collection Set: 0.5ms
[2026-03-26T16:52:28.424+0900][6.043s][info][gc,phases   ] GC(16)   Merge Heap Roots: 0.1ms
[2026-03-26T16:52:28.424+0900][6.043s][info][gc,phases   ] GC(16)   Evacuate Collection Set: 1.5ms
[2026-03-26T16:52:28.425+0900][6.043s][info][gc,phases   ] GC(16)   Post Evacuate Collection Set: 0.5ms
[2026-03-26T16:52:28.425+0900][6.043s][info][gc,phases   ] GC(16)   Other: 0.3ms
[2026-03-26T16:52:28.425+0900][6.043s][info][gc,heap     ] GC(16) Eden regions: 4->0(35)
[2026-03-26T16:52:28.425+0900][6.043s][info][gc,heap     ] GC(16) Survivor regions: 3->3(5)
[2026-03-26T16:52:28.425+0900][6.043s][info][gc,heap     ] GC(16) Old regions: 1->1
[2026-03-26T16:52:28.425+0900][6.043s][info][gc,heap     ] GC(16) Humongous regions: 21->0
[2026-03-26T16:52:28.425+0900][6.043s][info][gc,metaspace] GC(16) Metaspace: 568K(768K)->568K(768K) NonClass: 529K(640K)->529K(640K) Class: 38K(128K)->38K(128K)
[2026-03-26T16:52:28.425+0900][6.043s][info][gc          ] GC(16) Pause Young (Concurrent Start) (G1 Humongous Allocation) 109M->12M(256M) 3.657ms
[2026-03-26T16:52:28.425+0900][6.043s][info][gc,cpu      ] GC(16) User=0.00s Sys=0.00s Real=0.00s
[2026-03-26T16:52:28.425+0900][6.043s][info][gc          ] GC(17) Concurrent Undo Cycle
[2026-03-26T16:52:28.425+0900][6.043s][info][gc,marking  ] GC(17) Concurrent Clear Claimed Marks
[2026-03-26T16:52:28.425+0900][6.044s][info][gc,marking  ] GC(17) Concurrent Clear Claimed Marks 0.050ms
[2026-03-26T16:52:28.425+0900][6.044s][info][gc,marking  ] GC(17) Concurrent Cleanup for Next Mark
[2026-03-26T16:52:28.425+0900][6.044s][info][gc,marking  ] GC(17) Concurrent Cleanup for Next Mark 0.132ms
[2026-03-26T16:52:28.425+0900][6.044s][info][gc          ] GC(17) Concurrent Undo Cycle 0.518ms
[2026-03-26T16:52:29.069+0900][6.687s][info][gc,start    ] GC(18) Pause Young (Concurrent Start) (G1 Humongous Allocation)
[2026-03-26T16:52:29.069+0900][6.688s][info][gc,task     ] GC(18) Using 6 workers of 13 for evacuation
[2026-03-26T16:52:29.074+0900][6.692s][info][gc,phases   ] GC(18)   Pre Evacuate Collection Set: 0.5ms
[2026-03-26T16:52:29.074+0900][6.693s][info][gc,phases   ] GC(18)   Merge Heap Roots: 0.3ms
[2026-03-26T16:52:29.074+0900][6.693s][info][gc,phases   ] GC(18)   Evacuate Collection Set: 2.1ms
[2026-03-26T16:52:29.074+0900][6.693s][info][gc,phases   ] GC(18)   Post Evacuate Collection Set: 1.2ms
[2026-03-26T16:52:29.074+0900][6.693s][info][gc,phases   ] GC(18)   Other: 0.4ms
[2026-03-26T16:52:29.074+0900][6.693s][info][gc,heap     ] GC(18) Eden regions: 4->0(35)
[2026-03-26T16:52:29.074+0900][6.693s][info][gc,heap     ] GC(18) Survivor regions: 3->3(5)
[2026-03-26T16:52:29.074+0900][6.693s][info][gc,heap     ] GC(18) Old regions: 1->1
[2026-03-26T16:52:29.074+0900][6.693s][info][gc,heap     ] GC(18) Humongous regions: 21->0
[2026-03-26T16:52:29.074+0900][6.693s][info][gc,metaspace] GC(18) Metaspace: 568K(768K)->568K(768K) NonClass: 529K(640K)->529K(640K) Class: 38K(128K)->38K(128K)
[2026-03-26T16:52:29.074+0900][6.693s][info][gc          ] GC(18) Pause Young (Concurrent Start) (G1 Humongous Allocation) 111M->13M(256M) 5.489ms
[2026-03-26T16:52:29.074+0900][6.693s][info][gc,cpu      ] GC(18) User=0.00s Sys=0.00s Real=0.00s
[2026-03-26T16:52:29.074+0900][6.693s][info][gc          ] GC(19) Concurrent Undo Cycle
[2026-03-26T16:52:29.075+0900][6.693s][info][gc,marking  ] GC(19) Concurrent Clear Claimed Marks
[2026-03-26T16:52:29.075+0900][6.693s][info][gc,marking  ] GC(19) Concurrent Clear Claimed Marks 0.037ms
[2026-03-26T16:52:29.075+0900][6.693s][info][gc,marking  ] GC(19) Concurrent Cleanup for Next Mark
[2026-03-26T16:52:29.075+0900][6.693s][info][gc,marking  ] GC(19) Concurrent Cleanup for Next Mark 0.098ms
[2026-03-26T16:52:29.075+0900][6.694s][info][gc          ] GC(19) Concurrent Undo Cycle 0.378ms
[2026-03-26T16:52:29.716+0900][7.335s][info][gc,start    ] GC(20) Pause Young (Concurrent Start) (G1 Humongous Allocation)
[2026-03-26T16:52:29.717+0900][7.335s][info][gc,task     ] GC(20) Using 6 workers of 13 for evacuation
[2026-03-26T16:52:29.721+0900][7.339s][info][gc,phases   ] GC(20)   Pre Evacuate Collection Set: 0.4ms
[2026-03-26T16:52:29.721+0900][7.339s][info][gc,phases   ] GC(20)   Merge Heap Roots: 0.1ms
[2026-03-26T16:52:29.721+0900][7.339s][info][gc,phases   ] GC(20)   Evacuate Collection Set: 2.1ms
[2026-03-26T16:52:29.721+0900][7.339s][info][gc,phases   ] GC(20)   Post Evacuate Collection Set: 1.0ms
[2026-03-26T16:52:29.721+0900][7.339s][info][gc,phases   ] GC(20)   Other: 0.4ms
[2026-03-26T16:52:29.721+0900][7.340s][info][gc,heap     ] GC(20) Eden regions: 4->0(35)
[2026-03-26T16:52:29.721+0900][7.340s][info][gc,heap     ] GC(20) Survivor regions: 3->3(5)
[2026-03-26T16:52:29.721+0900][7.340s][info][gc,heap     ] GC(20) Old regions: 1->1
[2026-03-26T16:52:29.721+0900][7.340s][info][gc,heap     ] GC(20) Humongous regions: 21->0
[2026-03-26T16:52:29.721+0900][7.340s][info][gc,metaspace] GC(20) Metaspace: 568K(768K)->568K(768K) NonClass: 529K(640K)->529K(640K) Class: 38K(128K)->38K(128K)
[2026-03-26T16:52:29.721+0900][7.340s][info][gc          ] GC(20) Pause Young (Concurrent Start) (G1 Humongous Allocation) 112M->14M(256M) 4.739ms
[2026-03-26T16:52:29.721+0900][7.340s][info][gc,cpu      ] GC(20) User=0.00s Sys=0.00s Real=0.00s
[2026-03-26T16:52:29.721+0900][7.340s][info][gc          ] GC(21) Concurrent Undo Cycle
[2026-03-26T16:52:29.721+0900][7.340s][info][gc,marking  ] GC(21) Concurrent Clear Claimed Marks
[2026-03-26T16:52:29.722+0900][7.340s][info][gc,marking  ] GC(21) Concurrent Clear Claimed Marks 0.037ms
[2026-03-26T16:52:29.722+0900][7.340s][info][gc,marking  ] GC(21) Concurrent Cleanup for Next Mark
[2026-03-26T16:52:29.722+0900][7.340s][info][gc,marking  ] GC(21) Concurrent Cleanup for Next Mark 0.191ms
[2026-03-26T16:52:29.722+0900][7.340s][info][gc          ] GC(21) Concurrent Undo Cycle 0.588ms
[2026-03-26T16:52:30.371+0900][7.989s][info][gc,start    ] GC(22) Pause Young (Concurrent Start) (G1 Humongous Allocation)
[2026-03-26T16:52:30.371+0900][7.990s][info][gc,task     ] GC(22) Using 6 workers of 13 for evacuation
[2026-03-26T16:52:30.374+0900][7.992s][info][gc,phases   ] GC(22)   Pre Evacuate Collection Set: 0.3ms
[2026-03-26T16:52:30.374+0900][7.992s][info][gc,phases   ] GC(22)   Merge Heap Roots: 0.1ms
[2026-03-26T16:52:30.374+0900][7.992s][info][gc,phases   ] GC(22)   Evacuate Collection Set: 1.4ms
[2026-03-26T16:52:30.374+0900][7.992s][info][gc,phases   ] GC(22)   Post Evacuate Collection Set: 0.7ms
[2026-03-26T16:52:30.374+0900][7.993s][info][gc,phases   ] GC(22)   Other: 0.2ms
[2026-03-26T16:52:30.374+0900][7.993s][info][gc,heap     ] GC(22) Eden regions: 4->0(35)
[2026-03-26T16:52:30.374+0900][7.993s][info][gc,heap     ] GC(22) Survivor regions: 3->3(5)
[2026-03-26T16:52:30.374+0900][7.993s][info][gc,heap     ] GC(22) Old regions: 1->2
[2026-03-26T16:52:30.374+0900][7.993s][info][gc,heap     ] GC(22) Humongous regions: 21->0
[2026-03-26T16:52:30.374+0900][7.993s][info][gc,metaspace] GC(22) Metaspace: 568K(768K)->568K(768K) NonClass: 529K(640K)->529K(640K) Class: 38K(128K)->38K(128K)
[2026-03-26T16:52:30.374+0900][7.993s][info][gc          ] GC(22) Pause Young (Concurrent Start) (G1 Humongous Allocation) 113M->16M(256M) 3.607ms
[2026-03-26T16:52:30.374+0900][7.993s][info][gc,cpu      ] GC(22) User=0.00s Sys=0.00s Real=0.00s
[2026-03-26T16:52:30.375+0900][7.993s][info][gc          ] GC(23) Concurrent Undo Cycle
[2026-03-26T16:52:30.375+0900][7.993s][info][gc,marking  ] GC(23) Concurrent Clear Claimed Marks
[2026-03-26T16:52:30.375+0900][7.993s][info][gc,marking  ] GC(23) Concurrent Clear Claimed Marks 0.084ms
[2026-03-26T16:52:30.375+0900][7.993s][info][gc,marking  ] GC(23) Concurrent Cleanup for Next Mark
[2026-03-26T16:52:30.375+0900][7.993s][info][gc,marking  ] GC(23) Concurrent Cleanup for Next Mark 0.091ms
[2026-03-26T16:52:30.375+0900][7.993s][info][gc          ] GC(23) Concurrent Undo Cycle 0.483ms
[2026-03-26T16:52:30.983+0900][8.602s][info][gc,start    ] GC(24) Pause Young (Concurrent Start) (G1 Humongous Allocation)
[2026-03-26T16:52:30.983+0900][8.602s][info][gc,task     ] GC(24) Using 6 workers of 13 for evacuation
[2026-03-26T16:52:30.987+0900][8.606s][info][gc,phases   ] GC(24)   Pre Evacuate Collection Set: 0.3ms
[2026-03-26T16:52:30.988+0900][8.606s][info][gc,phases   ] GC(24)   Merge Heap Roots: 0.1ms
[2026-03-26T16:52:30.988+0900][8.606s][info][gc,phases   ] GC(24)   Evacuate Collection Set: 2.0ms
[2026-03-26T16:52:30.988+0900][8.606s][info][gc,phases   ] GC(24)   Post Evacuate Collection Set: 0.5ms
[2026-03-26T16:52:30.988+0900][8.606s][info][gc,phases   ] GC(24)   Other: 0.3ms
[2026-03-26T16:52:30.988+0900][8.606s][info][gc,heap     ] GC(24) Eden regions: 4->0(35)
[2026-03-26T16:52:30.988+0900][8.606s][info][gc,heap     ] GC(24) Survivor regions: 3->3(5)
[2026-03-26T16:52:30.988+0900][8.606s][info][gc,heap     ] GC(24) Old regions: 2->2
[2026-03-26T16:52:30.988+0900][8.606s][info][gc,heap     ] GC(24) Humongous regions: 20->0
[2026-03-26T16:52:30.988+0900][8.606s][info][gc,metaspace] GC(24) Metaspace: 571K(768K)->571K(768K) NonClass: 532K(640K)->532K(640K) Class: 38K(128K)->38K(128K)
[2026-03-26T16:52:30.988+0900][8.606s][info][gc          ] GC(24) Pause Young (Concurrent Start) (G1 Humongous Allocation) 111M->17M(256M) 4.148ms
[2026-03-26T16:52:30.988+0900][8.606s][info][gc,cpu      ] GC(24) User=0.00s Sys=0.00s Real=0.00s
[2026-03-26T16:52:30.988+0900][8.606s][info][gc          ] GC(25) Concurrent Undo Cycle
[2026-03-26T16:52:30.989+0900][8.607s][info][gc,marking  ] GC(25) Concurrent Clear Claimed Marks
[2026-03-26T16:52:30.989+0900][8.607s][info][gc,marking  ] GC(25) Concurrent Clear Claimed Marks 0.063ms
[2026-03-26T16:52:30.989+0900][8.607s][info][gc,marking  ] GC(25) Concurrent Cleanup for Next Mark
[2026-03-26T16:52:30.989+0900][8.607s][info][gc,marking  ] GC(25) Concurrent Cleanup for Next Mark 0.184ms
[2026-03-26T16:52:30.989+0900][8.607s][info][gc          ] GC(25) Concurrent Undo Cycle 0.752ms
[2026-03-26T16:52:31.602+0900][9.220s][info][gc,start    ] GC(26) Pause Young (Concurrent Start) (G1 Humongous Allocation)
[2026-03-26T16:52:31.603+0900][9.221s][info][gc,task     ] GC(26) Using 6 workers of 13 for evacuation
[2026-03-26T16:52:31.605+0900][9.224s][info][gc,phases   ] GC(26)   Pre Evacuate Collection Set: 0.3ms
[2026-03-26T16:52:31.606+0900][9.224s][info][gc,phases   ] GC(26)   Merge Heap Roots: 0.1ms
[2026-03-26T16:52:31.606+0900][9.224s][info][gc,phases   ] GC(26)   Evacuate Collection Set: 1.6ms
[2026-03-26T16:52:31.606+0900][9.224s][info][gc,phases   ] GC(26)   Post Evacuate Collection Set: 0.7ms
[2026-03-26T16:52:31.606+0900][9.224s][info][gc,phases   ] GC(26)   Other: 0.2ms
[2026-03-26T16:52:31.606+0900][9.224s][info][gc,heap     ] GC(26) Eden regions: 4->0(35)
[2026-03-26T16:52:31.606+0900][9.224s][info][gc,heap     ] GC(26) Survivor regions: 3->3(5)
[2026-03-26T16:52:31.606+0900][9.224s][info][gc,heap     ] GC(26) Old regions: 2->2
[2026-03-26T16:52:31.606+0900][9.224s][info][gc,heap     ] GC(26) Humongous regions: 20->0
[2026-03-26T16:52:31.606+0900][9.224s][info][gc,metaspace] GC(26) Metaspace: 571K(768K)->571K(768K) NonClass: 532K(640K)->532K(640K) Class: 38K(128K)->38K(128K)
[2026-03-26T16:52:31.606+0900][9.224s][info][gc          ] GC(26) Pause Young (Concurrent Start) (G1 Humongous Allocation) 110M->18M(256M) 3.783ms
[2026-03-26T16:52:31.606+0900][9.224s][info][gc,cpu      ] GC(26) User=0.00s Sys=0.00s Real=0.00s
[2026-03-26T16:52:31.606+0900][9.224s][info][gc          ] GC(27) Concurrent Undo Cycle
[2026-03-26T16:52:31.606+0900][9.224s][info][gc,marking  ] GC(27) Concurrent Clear Claimed Marks
[2026-03-26T16:52:31.606+0900][9.225s][info][gc,marking  ] GC(27) Concurrent Clear Claimed Marks 0.031ms
[2026-03-26T16:52:31.606+0900][9.225s][info][gc,marking  ] GC(27) Concurrent Cleanup for Next Mark
[2026-03-26T16:52:31.607+0900][9.225s][info][gc,marking  ] GC(27) Concurrent Cleanup for Next Mark 0.093ms
[2026-03-26T16:52:31.607+0900][9.225s][info][gc          ] GC(27) Concurrent Undo Cycle 0.323ms
[2026-03-26T16:52:32.217+0900][9.836s][info][gc,start    ] GC(28) Pause Young (Concurrent Start) (G1 Humongous Allocation)
[2026-03-26T16:52:32.218+0900][9.837s][info][gc,task     ] GC(28) Using 6 workers of 13 for evacuation
[2026-03-26T16:52:32.223+0900][9.842s][info][gc,phases   ] GC(28)   Pre Evacuate Collection Set: 0.7ms
[2026-03-26T16:52:32.223+0900][9.842s][info][gc,phases   ] GC(28)   Merge Heap Roots: 0.5ms
[2026-03-26T16:52:32.223+0900][9.842s][info][gc,phases   ] GC(28)   Evacuate Collection Set: 2.0ms
[2026-03-26T16:52:32.223+0900][9.842s][info][gc,phases   ] GC(28)   Post Evacuate Collection Set: 1.5ms
[2026-03-26T16:52:32.223+0900][9.842s][info][gc,phases   ] GC(28)   Other: 0.7ms
[2026-03-26T16:52:32.223+0900][9.842s][info][gc,heap     ] GC(28) Eden regions: 4->0(35)
[2026-03-26T16:52:32.223+0900][9.842s][info][gc,heap     ] GC(28) Survivor regions: 3->3(5)
[2026-03-26T16:52:32.223+0900][9.842s][info][gc,heap     ] GC(28) Old regions: 2->3
[2026-03-26T16:52:32.224+0900][9.842s][info][gc,heap     ] GC(28) Humongous regions: 20->0
[2026-03-26T16:52:32.224+0900][9.843s][info][gc,metaspace] GC(28) Metaspace: 573K(768K)->573K(768K) NonClass: 534K(640K)->534K(640K) Class: 38K(128K)->38K(128K)
[2026-03-26T16:52:32.224+0900][9.843s][info][gc          ] GC(28) Pause Young (Concurrent Start) (G1 Humongous Allocation) 111M->19M(256M) 6.650ms
[2026-03-26T16:52:32.224+0900][9.843s][info][gc,cpu      ] GC(28) User=0.00s Sys=0.00s Real=0.01s
[2026-03-26T16:52:32.224+0900][9.843s][info][gc          ] GC(29) Concurrent Undo Cycle
[2026-03-26T16:52:32.224+0900][9.843s][info][gc,marking  ] GC(29) Concurrent Clear Claimed Marks
[2026-03-26T16:52:32.224+0900][9.843s][info][gc,marking  ] GC(29) Concurrent Clear Claimed Marks 0.031ms
[2026-03-26T16:52:32.224+0900][9.843s][info][gc,marking  ] GC(29) Concurrent Cleanup for Next Mark
[2026-03-26T16:52:32.224+0900][9.843s][info][gc,marking  ] GC(29) Concurrent Cleanup for Next Mark 0.203ms
[2026-03-26T16:52:32.225+0900][9.843s][info][gc          ] GC(29) Concurrent Undo Cycle 0.673ms
[2026-03-26T16:52:32.798+0900][10.417s][info][gc,start    ] GC(30) Pause Young (Concurrent Start) (G1 Humongous Allocation)
[2026-03-26T16:52:32.798+0900][10.418s][info][gc,task     ] GC(30) Using 6 workers of 13 for evacuation
[2026-03-26T16:52:32.803+0900][10.421s][info][gc,phases   ] GC(30)   Pre Evacuate Collection Set: 0.4ms
[2026-03-26T16:52:32.803+0900][10.421s][info][gc,phases   ] GC(30)   Merge Heap Roots: 0.1ms
[2026-03-26T16:52:32.803+0900][10.422s][info][gc,phases   ] GC(30)   Evacuate Collection Set: 1.8ms
[2026-03-26T16:52:32.803+0900][10.422s][info][gc,phases   ] GC(30)   Post Evacuate Collection Set: 0.8ms
[2026-03-26T16:52:32.803+0900][10.422s][info][gc,phases   ] GC(30)   Other: 0.4ms
[2026-03-26T16:52:32.803+0900][10.422s][info][gc,heap     ] GC(30) Eden regions: 4->0(35)
[2026-03-26T16:52:32.803+0900][10.422s][info][gc,heap     ] GC(30) Survivor regions: 3->3(5)
[2026-03-26T16:52:32.803+0900][10.422s][info][gc,heap     ] GC(30) Old regions: 3->3
[2026-03-26T16:52:32.803+0900][10.422s][info][gc,heap     ] GC(30) Humongous regions: 19->0
[2026-03-26T16:52:32.803+0900][10.422s][info][gc,metaspace] GC(30) Metaspace: 573K(768K)->573K(768K) NonClass: 534K(640K)->534K(640K) Class: 38K(128K)->38K(128K)
[2026-03-26T16:52:32.803+0900][10.422s][info][gc          ] GC(30) Pause Young (Concurrent Start) (G1 Humongous Allocation) 108M->20M(256M) 4.482ms
[2026-03-26T16:52:32.804+0900][10.422s][info][gc,cpu      ] GC(30) User=0.05s Sys=0.02s Real=0.00s
[2026-03-26T16:52:32.804+0900][10.422s][info][gc          ] GC(31) Concurrent Undo Cycle
[2026-03-26T16:52:32.804+0900][10.422s][info][gc,marking  ] GC(31) Concurrent Clear Claimed Marks
[2026-03-26T16:52:32.804+0900][10.422s][info][gc,marking  ] GC(31) Concurrent Clear Claimed Marks 0.038ms
[2026-03-26T16:52:32.804+0900][10.422s][info][gc,marking  ] GC(31) Concurrent Cleanup for Next Mark
[2026-03-26T16:52:32.804+0900][10.422s][info][gc,marking  ] GC(31) Concurrent Cleanup for Next Mark 0.173ms
[2026-03-26T16:52:32.804+0900][10.423s][info][gc          ] GC(31) Concurrent Undo Cycle 0.673ms
[2026-03-26T16:52:33.384+0900][11.002s][info][gc,start    ] GC(32) Pause Young (Concurrent Start) (G1 Humongous Allocation)
[2026-03-26T16:52:33.384+0900][11.002s][info][gc,task     ] GC(32) Using 6 workers of 13 for evacuation
[2026-03-26T16:52:33.387+0900][11.005s][info][gc,phases   ] GC(32)   Pre Evacuate Collection Set: 0.2ms
[2026-03-26T16:52:33.387+0900][11.005s][info][gc,phases   ] GC(32)   Merge Heap Roots: 0.1ms
[2026-03-26T16:52:33.387+0900][11.005s][info][gc,phases   ] GC(32)   Evacuate Collection Set: 1.7ms
[2026-03-26T16:52:33.387+0900][11.005s][info][gc,phases   ] GC(32)   Post Evacuate Collection Set: 0.6ms
[2026-03-26T16:52:33.387+0900][11.005s][info][gc,phases   ] GC(32)   Other: 0.2ms
[2026-03-26T16:52:33.387+0900][11.005s][info][gc,heap     ] GC(32) Eden regions: 4->0(35)
[2026-03-26T16:52:33.387+0900][11.006s][info][gc,heap     ] GC(32) Survivor regions: 3->3(5)
[2026-03-26T16:52:33.387+0900][11.006s][info][gc,heap     ] GC(32) Old regions: 3->3
[2026-03-26T16:52:33.387+0900][11.006s][info][gc,heap     ] GC(32) Humongous regions: 19->0
[2026-03-26T16:52:33.387+0900][11.006s][info][gc,metaspace] GC(32) Metaspace: 573K(768K)->573K(768K) NonClass: 535K(640K)->535K(640K) Class: 38K(128K)->38K(128K)
[2026-03-26T16:52:33.387+0900][11.006s][info][gc          ] GC(32) Pause Young (Concurrent Start) (G1 Humongous Allocation) 109M->21M(256M) 3.592ms
[2026-03-26T16:52:33.387+0900][11.006s][info][gc,cpu      ] GC(32) User=0.00s Sys=0.00s Real=0.00s
[2026-03-26T16:52:33.387+0900][11.006s][info][gc          ] GC(33) Concurrent Undo Cycle
[2026-03-26T16:52:33.388+0900][11.006s][info][gc,marking  ] GC(33) Concurrent Clear Claimed Marks
[2026-03-26T16:52:33.388+0900][11.006s][info][gc,marking  ] GC(33) Concurrent Clear Claimed Marks 0.110ms
[2026-03-26T16:52:33.388+0900][11.006s][info][gc,marking  ] GC(33) Concurrent Cleanup for Next Mark
[2026-03-26T16:52:33.388+0900][11.006s][info][gc,marking  ] GC(33) Concurrent Cleanup for Next Mark 0.165ms
[2026-03-26T16:52:33.388+0900][11.006s][info][gc          ] GC(33) Concurrent Undo Cycle 0.692ms
[2026-03-26T16:52:33.966+0900][11.585s][info][gc,start    ] GC(34) Pause Young (Concurrent Start) (G1 Humongous Allocation)
[2026-03-26T16:52:33.966+0900][11.585s][info][gc,task     ] GC(34) Using 6 workers of 13 for evacuation
[2026-03-26T16:52:33.969+0900][11.588s][info][gc,phases   ] GC(34)   Pre Evacuate Collection Set: 0.2ms
[2026-03-26T16:52:33.969+0900][11.588s][info][gc,phases   ] GC(34)   Merge Heap Roots: 0.1ms
[2026-03-26T16:52:33.969+0900][11.588s][info][gc,phases   ] GC(34)   Evacuate Collection Set: 1.3ms
[2026-03-26T16:52:33.970+0900][11.588s][info][gc,phases   ] GC(34)   Post Evacuate Collection Set: 0.9ms
[2026-03-26T16:52:33.970+0900][11.588s][info][gc,phases   ] GC(34)   Other: 0.3ms
[2026-03-26T16:52:33.970+0900][11.588s][info][gc,heap     ] GC(34) Eden regions: 4->0(35)
[2026-03-26T16:52:33.970+0900][11.588s][info][gc,heap     ] GC(34) Survivor regions: 3->3(5)
[2026-03-26T16:52:33.970+0900][11.588s][info][gc,heap     ] GC(34) Old regions: 3->3
[2026-03-26T16:52:33.970+0900][11.589s][info][gc,heap     ] GC(34) Humongous regions: 19->0
[2026-03-26T16:52:33.970+0900][11.589s][info][gc,metaspace] GC(34) Metaspace: 573K(768K)->573K(768K) NonClass: 535K(640K)->535K(640K) Class: 38K(128K)->38K(128K)
[2026-03-26T16:52:33.970+0900][11.589s][info][gc          ] GC(34) Pause Young (Concurrent Start) (G1 Humongous Allocation) 110M->22M(256M) 3.870ms
[2026-03-26T16:52:33.970+0900][11.589s][info][gc,cpu      ] GC(34) User=0.00s Sys=0.00s Real=0.00s
[2026-03-26T16:52:33.970+0900][11.589s][info][gc          ] GC(35) Concurrent Undo Cycle
[2026-03-26T16:52:33.970+0900][11.589s][info][gc,marking  ] GC(35) Concurrent Clear Claimed Marks
[2026-03-26T16:52:33.970+0900][11.589s][info][gc,marking  ] GC(35) Concurrent Clear Claimed Marks 0.061ms
[2026-03-26T16:52:33.970+0900][11.589s][info][gc,marking  ] GC(35) Concurrent Cleanup for Next Mark
[2026-03-26T16:52:33.971+0900][11.589s][info][gc,marking  ] GC(35) Concurrent Cleanup for Next Mark 0.210ms
[2026-03-26T16:52:33.971+0900][11.590s][info][gc          ] GC(35) Concurrent Undo Cycle 0.694ms
[2026-03-26T16:52:34.552+0900][12.171s][info][gc,start    ] GC(36) Pause Young (Concurrent Start) (G1 Humongous Allocation)
[2026-03-26T16:52:34.553+0900][12.171s][info][gc,task     ] GC(36) Using 6 workers of 13 for evacuation
[2026-03-26T16:52:34.557+0900][12.175s][info][gc,phases   ] GC(36)   Pre Evacuate Collection Set: 0.6ms
[2026-03-26T16:52:34.557+0900][12.175s][info][gc,phases   ] GC(36)   Merge Heap Roots: 0.1ms
[2026-03-26T16:52:34.557+0900][12.175s][info][gc,phases   ] GC(36)   Evacuate Collection Set: 1.6ms
[2026-03-26T16:52:34.557+0900][12.175s][info][gc,phases   ] GC(36)   Post Evacuate Collection Set: 1.2ms
[2026-03-26T16:52:34.557+0900][12.175s][info][gc,phases   ] GC(36)   Other: 0.4ms
[2026-03-26T16:52:34.557+0900][12.175s][info][gc,heap     ] GC(36) Eden regions: 4->0(35)
[2026-03-26T16:52:34.557+0900][12.175s][info][gc,heap     ] GC(36) Survivor regions: 3->3(5)
[2026-03-26T16:52:34.557+0900][12.175s][info][gc,heap     ] GC(36) Old regions: 3->3
[2026-03-26T16:52:34.557+0900][12.175s][info][gc,heap     ] GC(36) Humongous regions: 19->0
[2026-03-26T16:52:34.557+0900][12.175s][info][gc,metaspace] GC(36) Metaspace: 573K(768K)->573K(768K) NonClass: 535K(640K)->535K(640K) Class: 38K(128K)->38K(128K)
[2026-03-26T16:52:34.557+0900][12.175s][info][gc          ] GC(36) Pause Young (Concurrent Start) (G1 Humongous Allocation) 111M->23M(256M) 4.654ms
[2026-03-26T16:52:34.557+0900][12.176s][info][gc,cpu      ] GC(36) User=0.00s Sys=0.00s Real=0.00s
[2026-03-26T16:52:34.557+0900][12.176s][info][gc          ] GC(37) Concurrent Undo Cycle
[2026-03-26T16:52:34.557+0900][12.176s][info][gc,marking  ] GC(37) Concurrent Clear Claimed Marks
[2026-03-26T16:52:34.557+0900][12.176s][info][gc,marking  ] GC(37) Concurrent Clear Claimed Marks 0.160ms
[2026-03-26T16:52:34.557+0900][12.176s][info][gc,marking  ] GC(37) Concurrent Cleanup for Next Mark
[2026-03-26T16:52:34.558+0900][12.176s][info][gc,marking  ] GC(37) Concurrent Cleanup for Next Mark 0.272ms
[2026-03-26T16:52:34.558+0900][12.176s][info][gc          ] GC(37) Concurrent Undo Cycle 0.795ms
[2026-03-26T16:52:35.137+0900][12.755s][info][gc,start    ] GC(38) Pause Young (Concurrent Start) (G1 Humongous Allocation)
[2026-03-26T16:52:35.137+0900][12.755s][info][gc,task     ] GC(38) Using 6 workers of 13 for evacuation
[2026-03-26T16:52:35.142+0900][12.761s][info][gc,phases   ] GC(38)   Pre Evacuate Collection Set: 0.5ms
[2026-03-26T16:52:35.142+0900][12.761s][info][gc,phases   ] GC(38)   Merge Heap Roots: 0.3ms
[2026-03-26T16:52:35.142+0900][12.761s][info][gc,phases   ] GC(38)   Evacuate Collection Set: 2.5ms
[2026-03-26T16:52:35.142+0900][12.761s][info][gc,phases   ] GC(38)   Post Evacuate Collection Set: 1.3ms
[2026-03-26T16:52:35.142+0900][12.761s][info][gc,phases   ] GC(38)   Other: 0.4ms
[2026-03-26T16:52:35.142+0900][12.761s][info][gc,heap     ] GC(38) Eden regions: 4->0(35)
[2026-03-26T16:52:35.142+0900][12.761s][info][gc,heap     ] GC(38) Survivor regions: 3->3(5)
[2026-03-26T16:52:35.142+0900][12.761s][info][gc,heap     ] GC(38) Old regions: 3->4
[2026-03-26T16:52:35.143+0900][12.761s][info][gc,heap     ] GC(38) Humongous regions: 19->0
[2026-03-26T16:52:35.143+0900][12.761s][info][gc,metaspace] GC(38) Metaspace: 574K(768K)->574K(768K) NonClass: 535K(640K)->535K(640K) Class: 38K(128K)->38K(128K)
[2026-03-26T16:52:35.143+0900][12.761s][info][gc          ] GC(38) Pause Young (Concurrent Start) (G1 Humongous Allocation) 112M->24M(256M) 6.077ms
[2026-03-26T16:52:35.143+0900][12.761s][info][gc,cpu      ] GC(38) User=0.00s Sys=0.00s Real=0.01s
[2026-03-26T16:52:35.143+0900][12.761s][info][gc          ] GC(39) Concurrent Undo Cycle
[2026-03-26T16:52:35.143+0900][12.761s][info][gc,marking  ] GC(39) Concurrent Clear Claimed Marks
[2026-03-26T16:52:35.143+0900][12.761s][info][gc,marking  ] GC(39) Concurrent Clear Claimed Marks 0.035ms
[2026-03-26T16:52:35.143+0900][12.761s][info][gc,marking  ] GC(39) Concurrent Cleanup for Next Mark
[2026-03-26T16:52:35.143+0900][12.762s][info][gc,marking  ] GC(39) Concurrent Cleanup for Next Mark 0.102ms
[2026-03-26T16:52:35.143+0900][12.762s][info][gc          ] GC(39) Concurrent Undo Cycle 0.382ms
[2026-03-26T16:52:35.693+0900][13.312s][info][gc,start    ] GC(40) Pause Young (Concurrent Start) (G1 Humongous Allocation)
[2026-03-26T16:52:35.693+0900][13.312s][info][gc,task     ] GC(40) Using 6 workers of 13 for evacuation
[2026-03-26T16:52:35.697+0900][13.316s][info][gc,phases   ] GC(40)   Pre Evacuate Collection Set: 0.3ms
[2026-03-26T16:52:35.697+0900][13.316s][info][gc,phases   ] GC(40)   Merge Heap Roots: 0.1ms
[2026-03-26T16:52:35.697+0900][13.316s][info][gc,phases   ] GC(40)   Evacuate Collection Set: 1.9ms
[2026-03-26T16:52:35.697+0900][13.316s][info][gc,phases   ] GC(40)   Post Evacuate Collection Set: 1.2ms
[2026-03-26T16:52:35.697+0900][13.316s][info][gc,phases   ] GC(40)   Other: 0.2ms
[2026-03-26T16:52:35.697+0900][13.316s][info][gc,heap     ] GC(40) Eden regions: 4->0(35)
[2026-03-26T16:52:35.697+0900][13.316s][info][gc,heap     ] GC(40) Survivor regions: 3->3(5)
[2026-03-26T16:52:35.697+0900][13.316s][info][gc,heap     ] GC(40) Old regions: 4->4
[2026-03-26T16:52:35.697+0900][13.316s][info][gc,heap     ] GC(40) Humongous regions: 18->0
[2026-03-26T16:52:35.698+0900][13.316s][info][gc,metaspace] GC(40) Metaspace: 574K(768K)->574K(768K) NonClass: 535K(640K)->535K(640K) Class: 38K(128K)->38K(128K)
[2026-03-26T16:52:35.698+0900][13.316s][info][gc          ] GC(40) Pause Young (Concurrent Start) (G1 Humongous Allocation) 109M->25M(256M) 4.369ms
[2026-03-26T16:52:35.698+0900][13.316s][info][gc          ] GC(41) Concurrent Undo Cycle
[2026-03-26T16:52:35.698+0900][13.316s][info][gc,cpu      ] GC(40) User=0.00s Sys=0.00s Real=0.00s
[2026-03-26T16:52:35.698+0900][13.317s][info][gc,marking  ] GC(41) Concurrent Clear Claimed Marks
[2026-03-26T16:52:35.698+0900][13.317s][info][gc,marking  ] GC(41) Concurrent Clear Claimed Marks 0.041ms
[2026-03-26T16:52:35.698+0900][13.317s][info][gc,marking  ] GC(41) Concurrent Cleanup for Next Mark
[2026-03-26T16:52:35.698+0900][13.317s][info][gc,marking  ] GC(41) Concurrent Cleanup for Next Mark 0.082ms
[2026-03-26T16:52:35.698+0900][13.317s][info][gc          ] GC(41) Concurrent Undo Cycle 0.328ms
[2026-03-26T16:52:36.245+0900][13.863s][info][gc,start    ] GC(42) Pause Young (Concurrent Start) (G1 Humongous Allocation)
[2026-03-26T16:52:36.245+0900][13.863s][info][gc,task     ] GC(42) Using 6 workers of 13 for evacuation
[2026-03-26T16:52:36.249+0900][13.867s][info][gc,phases   ] GC(42)   Pre Evacuate Collection Set: 0.4ms
[2026-03-26T16:52:36.249+0900][13.867s][info][gc,phases   ] GC(42)   Merge Heap Roots: 0.3ms
[2026-03-26T16:52:36.249+0900][13.867s][info][gc,phases   ] GC(42)   Evacuate Collection Set: 1.4ms
[2026-03-26T16:52:36.249+0900][13.867s][info][gc,phases   ] GC(42)   Post Evacuate Collection Set: 1.2ms
[2026-03-26T16:52:36.249+0900][13.867s][info][gc,phases   ] GC(42)   Other: 0.3ms
[2026-03-26T16:52:36.249+0900][13.867s][info][gc,heap     ] GC(42) Eden regions: 4->0(35)
[2026-03-26T16:52:36.249+0900][13.867s][info][gc,heap     ] GC(42) Survivor regions: 3->3(5)
[2026-03-26T16:52:36.249+0900][13.867s][info][gc,heap     ] GC(42) Old regions: 4->4
[2026-03-26T16:52:36.249+0900][13.867s][info][gc,heap     ] GC(42) Humongous regions: 18->0
[2026-03-26T16:52:36.249+0900][13.867s][info][gc,metaspace] GC(42) Metaspace: 574K(768K)->574K(768K) NonClass: 535K(640K)->535K(640K) Class: 38K(128K)->38K(128K)
[2026-03-26T16:52:36.249+0900][13.868s][info][gc          ] GC(42) Pause Young (Concurrent Start) (G1 Humongous Allocation) 110M->26M(256M) 4.425ms
[2026-03-26T16:52:36.249+0900][13.868s][info][gc,cpu      ] GC(42) User=0.00s Sys=0.00s Real=0.00s
[2026-03-26T16:52:36.250+0900][13.868s][info][gc          ] GC(43) Concurrent Undo Cycle
[2026-03-26T16:52:36.250+0900][13.868s][info][gc,marking  ] GC(43) Concurrent Clear Claimed Marks
[2026-03-26T16:52:36.250+0900][13.868s][info][gc,marking  ] GC(43) Concurrent Clear Claimed Marks 0.053ms
[2026-03-26T16:52:36.250+0900][13.868s][info][gc,marking  ] GC(43) Concurrent Cleanup for Next Mark
[2026-03-26T16:52:36.250+0900][13.868s][info][gc,marking  ] GC(43) Concurrent Cleanup for Next Mark 0.324ms
[2026-03-26T16:52:36.250+0900][13.868s][info][gc          ] GC(43) Concurrent Undo Cycle 0.692ms
[2026-03-26T16:52:36.801+0900][14.419s][info][gc,start    ] GC(44) Pause Young (Concurrent Start) (G1 Humongous Allocation)
[2026-03-26T16:52:36.801+0900][14.420s][info][gc,task     ] GC(44) Using 6 workers of 13 for evacuation
[2026-03-26T16:52:36.804+0900][14.423s][info][gc,phases   ] GC(44)   Pre Evacuate Collection Set: 0.5ms
[2026-03-26T16:52:36.805+0900][14.423s][info][gc,phases   ] GC(44)   Merge Heap Roots: 0.1ms
[2026-03-26T16:52:36.805+0900][14.423s][info][gc,phases   ] GC(44)   Evacuate Collection Set: 2.2ms
[2026-03-26T16:52:36.805+0900][14.423s][info][gc,phases   ] GC(44)   Post Evacuate Collection Set: 0.5ms
[2026-03-26T16:52:36.805+0900][14.424s][info][gc,phases   ] GC(44)   Other: 0.3ms
[2026-03-26T16:52:36.805+0900][14.424s][info][gc,heap     ] GC(44) Eden regions: 4->0(35)
[2026-03-26T16:52:36.805+0900][14.424s][info][gc,heap     ] GC(44) Survivor regions: 3->3(5)
[2026-03-26T16:52:36.805+0900][14.424s][info][gc,heap     ] GC(44) Old regions: 4->5
[2026-03-26T16:52:36.805+0900][14.424s][info][gc,heap     ] GC(44) Humongous regions: 18->0
[2026-03-26T16:52:36.805+0900][14.424s][info][gc,metaspace] GC(44) Metaspace: 574K(768K)->574K(768K) NonClass: 535K(640K)->535K(640K) Class: 38K(128K)->38K(128K)
[2026-03-26T16:52:36.805+0900][14.424s][info][gc          ] GC(44) Pause Young (Concurrent Start) (G1 Humongous Allocation) 111M->28M(256M) 4.378ms
[2026-03-26T16:52:36.805+0900][14.424s][info][gc,cpu      ] GC(44) User=0.00s Sys=0.00s Real=0.00s
[2026-03-26T16:52:36.805+0900][14.424s][info][gc          ] GC(45) Concurrent Undo Cycle
[2026-03-26T16:52:36.805+0900][14.424s][info][gc,marking  ] GC(45) Concurrent Clear Claimed Marks
[2026-03-26T16:52:36.805+0900][14.424s][info][gc,marking  ] GC(45) Concurrent Clear Claimed Marks 0.033ms
[2026-03-26T16:52:36.805+0900][14.424s][info][gc,marking  ] GC(45) Concurrent Cleanup for Next Mark
[2026-03-26T16:52:36.805+0900][14.424s][info][gc,marking  ] GC(45) Concurrent Cleanup for Next Mark 0.323ms
[2026-03-26T16:52:36.806+0900][14.424s][info][gc          ] GC(45) Concurrent Undo Cycle 0.667ms
[2026-03-26T16:52:37.324+0900][14.942s][info][gc,start    ] GC(46) Pause Young (Concurrent Start) (G1 Humongous Allocation)
[2026-03-26T16:52:37.324+0900][14.942s][info][gc,task     ] GC(46) Using 6 workers of 13 for evacuation
[2026-03-26T16:52:37.327+0900][14.946s][info][gc,phases   ] GC(46)   Pre Evacuate Collection Set: 0.3ms
[2026-03-26T16:52:37.327+0900][14.946s][info][gc,phases   ] GC(46)   Merge Heap Roots: 0.2ms
[2026-03-26T16:52:37.327+0900][14.946s][info][gc,phases   ] GC(46)   Evacuate Collection Set: 1.6ms
[2026-03-26T16:52:37.327+0900][14.946s][info][gc,phases   ] GC(46)   Post Evacuate Collection Set: 0.9ms
[2026-03-26T16:52:37.327+0900][14.946s][info][gc,phases   ] GC(46)   Other: 0.3ms
[2026-03-26T16:52:37.327+0900][14.946s][info][gc,heap     ] GC(46) Eden regions: 3->0(35)
[2026-03-26T16:52:37.327+0900][14.946s][info][gc,heap     ] GC(46) Survivor regions: 3->3(5)
[2026-03-26T16:52:37.327+0900][14.946s][info][gc,heap     ] GC(46) Old regions: 5->5
[2026-03-26T16:52:37.327+0900][14.946s][info][gc,heap     ] GC(46) Humongous regions: 17->0
[2026-03-26T16:52:37.327+0900][14.946s][info][gc,metaspace] GC(46) Metaspace: 574K(768K)->574K(768K) NonClass: 535K(640K)->535K(640K) Class: 38K(128K)->38K(128K)
[2026-03-26T16:52:37.327+0900][14.946s][info][gc          ] GC(46) Pause Young (Concurrent Start) (G1 Humongous Allocation) 107M->28M(256M) 4.172ms
[2026-03-26T16:52:37.328+0900][14.946s][info][gc          ] GC(47) Concurrent Undo Cycle
[2026-03-26T16:52:37.328+0900][14.947s][info][gc,cpu      ] GC(46) User=0.00s Sys=0.00s Real=0.00s
[2026-03-26T16:52:37.328+0900][14.947s][info][gc,marking  ] GC(47) Concurrent Clear Claimed Marks
[2026-03-26T16:52:37.328+0900][14.947s][info][gc,marking  ] GC(47) Concurrent Clear Claimed Marks 0.088ms
[2026-03-26T16:52:37.328+0900][14.947s][info][gc,marking  ] GC(47) Concurrent Cleanup for Next Mark
[2026-03-26T16:52:37.328+0900][14.947s][info][gc,marking  ] GC(47) Concurrent Cleanup for Next Mark 0.215ms
[2026-03-26T16:52:37.328+0900][14.947s][info][gc          ] GC(47) Concurrent Undo Cycle 0.682ms
[2026-03-26T16:52:37.846+0900][15.465s][info][gc,start    ] GC(48) Pause Young (Concurrent Start) (G1 Humongous Allocation)
[2026-03-26T16:52:37.847+0900][15.465s][info][gc,task     ] GC(48) Using 6 workers of 13 for evacuation
[2026-03-26T16:52:37.852+0900][15.471s][info][gc,phases   ] GC(48)   Pre Evacuate Collection Set: 0.4ms
[2026-03-26T16:52:37.852+0900][15.471s][info][gc,phases   ] GC(48)   Merge Heap Roots: 0.1ms
[2026-03-26T16:52:37.852+0900][15.471s][info][gc,phases   ] GC(48)   Evacuate Collection Set: 2.7ms
[2026-03-26T16:52:37.852+0900][15.471s][info][gc,phases   ] GC(48)   Post Evacuate Collection Set: 1.5ms
[2026-03-26T16:52:37.852+0900][15.471s][info][gc,phases   ] GC(48)   Other: 0.4ms
[2026-03-26T16:52:37.852+0900][15.471s][info][gc,heap     ] GC(48) Eden regions: 4->0(35)
[2026-03-26T16:52:37.852+0900][15.471s][info][gc,heap     ] GC(48) Survivor regions: 3->3(5)
[2026-03-26T16:52:37.852+0900][15.471s][info][gc,heap     ] GC(48) Old regions: 5->5
[2026-03-26T16:52:37.852+0900][15.471s][info][gc,heap     ] GC(48) Humongous regions: 17->0
[2026-03-26T16:52:37.852+0900][15.471s][info][gc,metaspace] GC(48) Metaspace: 574K(768K)->574K(768K) NonClass: 535K(640K)->535K(640K) Class: 38K(128K)->38K(128K)
[2026-03-26T16:52:37.852+0900][15.471s][info][gc          ] GC(48) Pause Young (Concurrent Start) (G1 Humongous Allocation) 108M->29M(256M) 5.967ms
[2026-03-26T16:52:37.852+0900][15.471s][info][gc,cpu      ] GC(48) User=0.02s Sys=0.00s Real=0.01s
[2026-03-26T16:52:37.852+0900][15.471s][info][gc          ] GC(49) Concurrent Undo Cycle
[2026-03-26T16:52:37.852+0900][15.471s][info][gc,marking  ] GC(49) Concurrent Clear Claimed Marks
[2026-03-26T16:52:37.852+0900][15.471s][info][gc,marking  ] GC(49) Concurrent Clear Claimed Marks 0.033ms
[2026-03-26T16:52:37.852+0900][15.471s][info][gc,marking  ] GC(49) Concurrent Cleanup for Next Mark
[2026-03-26T16:52:37.854+0900][15.472s][info][gc,marking  ] GC(49) Concurrent Cleanup for Next Mark 0.283ms
[2026-03-26T16:52:37.854+0900][15.472s][info][gc          ] GC(49) Concurrent Undo Cycle 0.608ms
[2026-03-26T16:52:38.373+0900][15.992s][info][gc,start    ] GC(50) Pause Young (Concurrent Start) (G1 Humongous Allocation)
[2026-03-26T16:52:38.373+0900][15.992s][info][gc,task     ] GC(50) Using 6 workers of 13 for evacuation
[2026-03-26T16:52:38.379+0900][15.997s][info][gc,phases   ] GC(50)   Pre Evacuate Collection Set: 0.4ms
[2026-03-26T16:52:38.379+0900][15.997s][info][gc,phases   ] GC(50)   Merge Heap Roots: 0.2ms
[2026-03-26T16:52:38.379+0900][15.997s][info][gc,phases   ] GC(50)   Evacuate Collection Set: 2.6ms
[2026-03-26T16:52:38.379+0900][15.997s][info][gc,phases   ] GC(50)   Post Evacuate Collection Set: 1.5ms
[2026-03-26T16:52:38.379+0900][15.997s][info][gc,phases   ] GC(50)   Other: 0.3ms
[2026-03-26T16:52:38.379+0900][15.997s][info][gc,heap     ] GC(50) Eden regions: 4->0(35)
[2026-03-26T16:52:38.379+0900][15.998s][info][gc,heap     ] GC(50) Survivor regions: 3->3(5)
[2026-03-26T16:52:38.379+0900][15.998s][info][gc,heap     ] GC(50) Old regions: 5->5
[2026-03-26T16:52:38.379+0900][15.998s][info][gc,heap     ] GC(50) Humongous regions: 17->0
[2026-03-26T16:52:38.379+0900][15.998s][info][gc,metaspace] GC(50) Metaspace: 574K(768K)->574K(768K) NonClass: 535K(640K)->535K(640K) Class: 38K(128K)->38K(128K)
[2026-03-26T16:52:38.379+0900][15.998s][info][gc          ] GC(50) Pause Young (Concurrent Start) (G1 Humongous Allocation) 109M->30M(256M) 5.838ms
[2026-03-26T16:52:38.379+0900][15.998s][info][gc,cpu      ] GC(50) User=0.00s Sys=0.00s Real=0.01s
[2026-03-26T16:52:38.379+0900][15.998s][info][gc          ] GC(51) Concurrent Undo Cycle
[2026-03-26T16:52:38.379+0900][15.998s][info][gc,marking  ] GC(51) Concurrent Clear Claimed Marks
[2026-03-26T16:52:38.379+0900][15.998s][info][gc,marking  ] GC(51) Concurrent Clear Claimed Marks 0.031ms
[2026-03-26T16:52:38.379+0900][15.998s][info][gc,marking  ] GC(51) Concurrent Cleanup for Next Mark
[2026-03-26T16:52:38.379+0900][15.998s][info][gc,marking  ] GC(51) Concurrent Cleanup for Next Mark 0.189ms
[2026-03-26T16:52:38.380+0900][15.998s][info][gc          ] GC(51) Concurrent Undo Cycle 0.663ms
[2026-03-26T16:52:38.899+0900][16.517s][info][gc,start    ] GC(52) Pause Young (Concurrent Start) (G1 Humongous Allocation)
[2026-03-26T16:52:38.899+0900][16.517s][info][gc,task     ] GC(52) Using 6 workers of 13 for evacuation
[2026-03-26T16:52:38.901+0900][16.519s][info][gc,phases   ] GC(52)   Pre Evacuate Collection Set: 0.3ms
[2026-03-26T16:52:38.901+0900][16.520s][info][gc,phases   ] GC(52)   Merge Heap Roots: 0.1ms
[2026-03-26T16:52:38.901+0900][16.520s][info][gc,phases   ] GC(52)   Evacuate Collection Set: 1.2ms
[2026-03-26T16:52:38.901+0900][16.520s][info][gc,phases   ] GC(52)   Post Evacuate Collection Set: 0.4ms
[2026-03-26T16:52:38.901+0900][16.520s][info][gc,phases   ] GC(52)   Other: 0.2ms
[2026-03-26T16:52:38.901+0900][16.520s][info][gc,heap     ] GC(52) Eden regions: 3->0(35)
[2026-03-26T16:52:38.901+0900][16.520s][info][gc,heap     ] GC(52) Survivor regions: 3->3(5)
[2026-03-26T16:52:38.901+0900][16.520s][info][gc,heap     ] GC(52) Old regions: 5->6
[2026-03-26T16:52:38.901+0900][16.520s][info][gc,heap     ] GC(52) Humongous regions: 17->0
[2026-03-26T16:52:38.901+0900][16.520s][info][gc,metaspace] GC(52) Metaspace: 574K(768K)->574K(768K) NonClass: 535K(640K)->535K(640K) Class: 38K(128K)->38K(128K)
[2026-03-26T16:52:38.901+0900][16.520s][info][gc          ] GC(52) Pause Young (Concurrent Start) (G1 Humongous Allocation) 109M->31M(256M) 2.779ms
[2026-03-26T16:52:38.901+0900][16.520s][info][gc,cpu      ] GC(52) User=0.00s Sys=0.00s Real=0.00s
[2026-03-26T16:52:38.901+0900][16.520s][info][gc          ] GC(53) Concurrent Undo Cycle
[2026-03-26T16:52:38.901+0900][16.520s][info][gc,marking  ] GC(53) Concurrent Clear Claimed Marks
[2026-03-26T16:52:38.901+0900][16.520s][info][gc,marking  ] GC(53) Concurrent Clear Claimed Marks 0.041ms
[2026-03-26T16:52:38.901+0900][16.520s][info][gc,marking  ] GC(53) Concurrent Cleanup for Next Mark
[2026-03-26T16:52:38.902+0900][16.520s][info][gc,marking  ] GC(53) Concurrent Cleanup for Next Mark 0.155ms
[2026-03-26T16:52:38.902+0900][16.520s][info][gc          ] GC(53) Concurrent Undo Cycle 0.541ms
[2026-03-26T16:52:39.390+0900][17.009s][info][gc,start    ] GC(54) Pause Young (Concurrent Start) (G1 Humongous Allocation)
[2026-03-26T16:52:39.390+0900][17.009s][info][gc,task     ] GC(54) Using 6 workers of 13 for evacuation
[2026-03-26T16:52:39.394+0900][17.013s][info][gc,phases   ] GC(54)   Pre Evacuate Collection Set: 0.3ms
[2026-03-26T16:52:39.394+0900][17.013s][info][gc,phases   ] GC(54)   Merge Heap Roots: 0.1ms
[2026-03-26T16:52:39.394+0900][17.013s][info][gc,phases   ] GC(54)   Evacuate Collection Set: 1.8ms
[2026-03-26T16:52:39.394+0900][17.013s][info][gc,phases   ] GC(54)   Post Evacuate Collection Set: 1.3ms
[2026-03-26T16:52:39.394+0900][17.013s][info][gc,phases   ] GC(54)   Other: 0.2ms
[2026-03-26T16:52:39.394+0900][17.013s][info][gc,heap     ] GC(54) Eden regions: 3->0(35)
[2026-03-26T16:52:39.394+0900][17.013s][info][gc,heap     ] GC(54) Survivor regions: 3->3(5)
[2026-03-26T16:52:39.394+0900][17.013s][info][gc,heap     ] GC(54) Old regions: 6->6
[2026-03-26T16:52:39.394+0900][17.013s][info][gc,heap     ] GC(54) Humongous regions: 16->0
[2026-03-26T16:52:39.394+0900][17.013s][info][gc,metaspace] GC(54) Metaspace: 574K(768K)->574K(768K) NonClass: 535K(640K)->535K(640K) Class: 38K(128K)->38K(128K)
[2026-03-26T16:52:39.394+0900][17.013s][info][gc          ] GC(54) Pause Young (Concurrent Start) (G1 Humongous Allocation) 106M->32M(256M) 4.383ms
[2026-03-26T16:52:39.394+0900][17.013s][info][gc,cpu      ] GC(54) User=0.02s Sys=0.00s Real=0.00s
[2026-03-26T16:52:39.394+0900][17.013s][info][gc          ] GC(55) Concurrent Undo Cycle
[2026-03-26T16:52:39.395+0900][17.014s][info][gc,marking  ] GC(55) Concurrent Clear Claimed Marks
[2026-03-26T16:52:39.395+0900][17.014s][info][gc,marking  ] GC(55) Concurrent Clear Claimed Marks 0.175ms
[2026-03-26T16:52:39.395+0900][17.014s][info][gc,marking  ] GC(55) Concurrent Cleanup for Next Mark
[2026-03-26T16:52:39.395+0900][17.014s][info][gc,marking  ] GC(55) Concurrent Cleanup for Next Mark 0.406ms
[2026-03-26T16:52:39.395+0900][17.014s][info][gc          ] GC(55) Concurrent Undo Cycle 1.028ms
[2026-03-26T16:52:39.883+0900][17.501s][info][gc,start    ] GC(56) Pause Young (Concurrent Start) (G1 Humongous Allocation)
[2026-03-26T16:52:39.884+0900][17.502s][info][gc,task     ] GC(56) Using 6 workers of 13 for evacuation
[2026-03-26T16:52:39.887+0900][17.505s][info][gc,phases   ] GC(56)   Pre Evacuate Collection Set: 0.2ms
[2026-03-26T16:52:39.887+0900][17.505s][info][gc,phases   ] GC(56)   Merge Heap Roots: 0.1ms
[2026-03-26T16:52:39.887+0900][17.505s][info][gc,phases   ] GC(56)   Evacuate Collection Set: 1.7ms
[2026-03-26T16:52:39.887+0900][17.505s][info][gc,phases   ] GC(56)   Post Evacuate Collection Set: 1.2ms
[2026-03-26T16:52:39.887+0900][17.506s][info][gc,phases   ] GC(56)   Other: 0.2ms
[2026-03-26T16:52:39.887+0900][17.506s][info][gc,heap     ] GC(56) Eden regions: 4->0(35)
[2026-03-26T16:52:39.888+0900][17.506s][info][gc,heap     ] GC(56) Survivor regions: 3->3(5)
[2026-03-26T16:52:39.888+0900][17.506s][info][gc,heap     ] GC(56) Old regions: 6->6
[2026-03-26T16:52:39.888+0900][17.506s][info][gc,heap     ] GC(56) Humongous regions: 16->0
[2026-03-26T16:52:39.888+0900][17.506s][info][gc,metaspace] GC(56) Metaspace: 577K(768K)->577K(768K) NonClass: 538K(640K)->538K(640K) Class: 38K(128K)->38K(128K)
[2026-03-26T16:52:39.888+0900][17.506s][info][gc          ] GC(56) Pause Young (Concurrent Start) (G1 Humongous Allocation) 108M->33M(256M) 4.269ms
[2026-03-26T16:52:39.888+0900][17.506s][info][gc,cpu      ] GC(56) User=0.00s Sys=0.00s Real=0.01s
[2026-03-26T16:52:39.888+0900][17.506s][info][gc          ] GC(57) Concurrent Undo Cycle
[2026-03-26T16:52:39.888+0900][17.506s][info][gc,marking  ] GC(57) Concurrent Clear Claimed Marks
[2026-03-26T16:52:39.888+0900][17.506s][info][gc,marking  ] GC(57) Concurrent Clear Claimed Marks 0.169ms
[2026-03-26T16:52:39.888+0900][17.506s][info][gc,marking  ] GC(57) Concurrent Cleanup for Next Mark
[2026-03-26T16:52:39.889+0900][17.507s][info][gc,marking  ] GC(57) Concurrent Cleanup for Next Mark 0.457ms
[2026-03-26T16:52:39.889+0900][17.507s][info][gc          ] GC(57) Concurrent Undo Cycle 1.022ms
[2026-03-26T16:52:40.377+0900][17.995s][info][gc,start    ] GC(58) Pause Young (Concurrent Start) (G1 Humongous Allocation)
[2026-03-26T16:52:40.377+0900][17.996s][info][gc,task     ] GC(58) Using 6 workers of 13 for evacuation
[2026-03-26T16:52:40.380+0900][17.998s][info][gc,phases   ] GC(58)   Pre Evacuate Collection Set: 0.2ms
[2026-03-26T16:52:40.380+0900][17.999s][info][gc,phases   ] GC(58)   Merge Heap Roots: 0.1ms
[2026-03-26T16:52:40.380+0900][17.999s][info][gc,phases   ] GC(58)   Evacuate Collection Set: 1.5ms
[2026-03-26T16:52:40.380+0900][17.999s][info][gc,phases   ] GC(58)   Post Evacuate Collection Set: 0.7ms
[2026-03-26T16:52:40.380+0900][17.999s][info][gc,phases   ] GC(58)   Other: 0.2ms
[2026-03-26T16:52:40.380+0900][17.999s][info][gc,heap     ] GC(58) Eden regions: 3->0(35)
[2026-03-26T16:52:40.381+0900][17.999s][info][gc,heap     ] GC(58) Survivor regions: 3->3(5)
[2026-03-26T16:52:40.381+0900][17.999s][info][gc,heap     ] GC(58) Old regions: 6->6
[2026-03-26T16:52:40.381+0900][17.999s][info][gc,heap     ] GC(58) Humongous regions: 16->0
[2026-03-26T16:52:40.381+0900][17.999s][info][gc,metaspace] GC(58) Metaspace: 577K(768K)->577K(768K) NonClass: 538K(640K)->538K(640K) Class: 38K(128K)->38K(128K)
[2026-03-26T16:52:40.381+0900][17.999s][info][gc          ] GC(58) Pause Young (Concurrent Start) (G1 Humongous Allocation) 108M->34M(256M) 3.482ms
[2026-03-26T16:52:40.381+0900][17.999s][info][gc,cpu      ] GC(58) User=0.06s Sys=0.03s Real=0.00s
[2026-03-26T16:52:40.381+0900][17.999s][info][gc          ] GC(59) Concurrent Undo Cycle
[2026-03-26T16:52:40.381+0900][17.999s][info][gc,marking  ] GC(59) Concurrent Clear Claimed Marks
[2026-03-26T16:52:40.381+0900][17.999s][info][gc,marking  ] GC(59) Concurrent Clear Claimed Marks 0.076ms
[2026-03-26T16:52:40.381+0900][17.999s][info][gc,marking  ] GC(59) Concurrent Cleanup for Next Mark
[2026-03-26T16:52:40.381+0900][18.000s][info][gc,marking  ] GC(59) Concurrent Cleanup for Next Mark 0.217ms
[2026-03-26T16:52:40.381+0900][18.000s][info][gc          ] GC(59) Concurrent Undo Cycle 0.688ms
[2026-03-26T16:52:40.868+0900][18.486s][info][gc,start    ] GC(60) Pause Young (Concurrent Start) (G1 Humongous Allocation)
[2026-03-26T16:52:40.868+0900][18.486s][info][gc,task     ] GC(60) Using 6 workers of 13 for evacuation
[2026-03-26T16:52:40.872+0900][18.490s][info][gc,phases   ] GC(60)   Pre Evacuate Collection Set: 0.4ms
[2026-03-26T16:52:40.872+0900][18.491s][info][gc,phases   ] GC(60)   Merge Heap Roots: 0.2ms
[2026-03-26T16:52:40.873+0900][18.491s][info][gc,phases   ] GC(60)   Evacuate Collection Set: 1.7ms
[2026-03-26T16:52:40.873+0900][18.491s][info][gc,phases   ] GC(60)   Post Evacuate Collection Set: 1.5ms
[2026-03-26T16:52:40.873+0900][18.491s][info][gc,phases   ] GC(60)   Other: 0.4ms
[2026-03-26T16:52:40.873+0900][18.491s][info][gc,heap     ] GC(60) Eden regions: 3->0(35)
[2026-03-26T16:52:40.873+0900][18.491s][info][gc,heap     ] GC(60) Survivor regions: 3->3(5)
[2026-03-26T16:52:40.873+0900][18.491s][info][gc,heap     ] GC(60) Old regions: 6->7
[2026-03-26T16:52:40.873+0900][18.491s][info][gc,heap     ] GC(60) Humongous regions: 16->0
[2026-03-26T16:52:40.873+0900][18.491s][info][gc,metaspace] GC(60) Metaspace: 577K(768K)->577K(768K) NonClass: 538K(640K)->538K(640K) Class: 38K(128K)->38K(128K)
[2026-03-26T16:52:40.873+0900][18.491s][info][gc          ] GC(60) Pause Young (Concurrent Start) (G1 Humongous Allocation) 109M->35M(256M) 5.167ms
[2026-03-26T16:52:40.873+0900][18.491s][info][gc,cpu      ] GC(60) User=0.00s Sys=0.00s Real=0.00s
[2026-03-26T16:52:40.873+0900][18.491s][info][gc          ] GC(61) Concurrent Undo Cycle
[2026-03-26T16:52:40.873+0900][18.492s][info][gc,marking  ] GC(61) Concurrent Clear Claimed Marks
[2026-03-26T16:52:40.874+0900][18.492s][info][gc,marking  ] GC(61) Concurrent Clear Claimed Marks 0.048ms
[2026-03-26T16:52:40.874+0900][18.492s][info][gc,marking  ] GC(61) Concurrent Cleanup for Next Mark
[2026-03-26T16:52:40.874+0900][18.492s][info][gc,marking  ] GC(61) Concurrent Cleanup for Next Mark 0.114ms
[2026-03-26T16:52:40.874+0900][18.492s][info][gc          ] GC(61) Concurrent Undo Cycle 0.442ms
[2026-03-26T16:52:41.055+0900][18.673s][info][gc,heap,exit] Heap
[2026-03-26T16:52:41.055+0900][18.674s][info][gc,heap,exit]  garbage-first heap   total 262144K, used 65024K [0x00000000e0000000, 0x0000000100000000)
[2026-03-26T16:52:41.055+0900][18.674s][info][gc,heap,exit]   region size 4096K, 4 young (16384K), 3 survivors (12288K)
[2026-03-26T16:52:41.055+0900][18.674s][info][gc,heap,exit]  Metaspace       used 577K, committed 768K, reserved 1114112K
[2026-03-26T16:52:41.055+0900][18.674s][info][gc,heap,exit]   class space    used 39K, committed 128K, reserved 1048576K
