[2026-03-27T19:25:39.905+0900][0.011s][info][gc,init] CardTable entry size: 512
[2026-03-27T19:25:39.910+0900][0.016s][info][gc     ] Using G1
[2026-03-27T19:25:39.912+0900][0.019s][info][gc,init] Version: 18.0.1.1+2-6 (release)
[2026-03-27T19:25:39.912+0900][0.019s][info][gc,init] CPUs: 8 total, 8 available
[2026-03-27T19:25:39.912+0900][0.019s][info][gc,init] Memory: 16092M
[2026-03-27T19:25:39.912+0900][0.019s][info][gc,init] Large Page Support: Disabled
[2026-03-27T19:25:39.912+0900][0.019s][info][gc,init] NUMA Support: Disabled
[2026-03-27T19:25:39.912+0900][0.019s][info][gc,init] Compressed Oops: Enabled (32-bit)
[2026-03-27T19:25:39.912+0900][0.019s][info][gc,init] Heap Region Size: 1M
[2026-03-27T19:25:39.912+0900][0.019s][info][gc,init] Heap Min Capacity: 256M
[2026-03-27T19:25:39.912+0900][0.019s][info][gc,init] Heap Initial Capacity: 256M
[2026-03-27T19:25:39.912+0900][0.019s][info][gc,init] Heap Max Capacity: 512M
[2026-03-27T19:25:39.912+0900][0.019s][info][gc,init] Pre-touch: Disabled
[2026-03-27T19:25:39.912+0900][0.019s][info][gc,init] Parallel Workers: 8
[2026-03-27T19:25:39.912+0900][0.019s][info][gc,init] Concurrent Workers: 2
[2026-03-27T19:25:39.912+0900][0.019s][info][gc,init] Concurrent Refinement Workers: 8
[2026-03-27T19:25:39.912+0900][0.019s][info][gc,init] Periodic GC: Disabled
[2026-03-27T19:25:39.914+0900][0.021s][info][gc,metaspace] CDS archive(s) mapped at: [0x0000000800000000-0x0000000800ba0000-0x0000000800ba0000), size 12189696, SharedBaseAddress: 0x0000000800000000, ArchiveRelocationMode: 0.
[2026-03-27T19:25:39.914+0900][0.021s][info][gc,metaspace] Compressed class space mapped at: 0x0000000800c00000-0x0000000840c00000, reserved size: 1073741824
[2026-03-27T19:25:39.914+0900][0.021s][info][gc,metaspace] Narrow klass base: 0x0000000800000000, Narrow klass shift: 0, Narrow klass range: 0x100000000
[2026-03-27T19:25:39.952+0900][0.059s][info][gc,start    ] GC(0) Pause Young (Normal) (G1 Evacuation Pause)
[2026-03-27T19:25:39.953+0900][0.060s][info][gc,task     ] GC(0) Using 6 workers of 8 for evacuation
[2026-03-27T19:25:39.954+0900][0.061s][info][gc,phases   ] GC(0)   Pre Evacuate Collection Set: 0.1ms
[2026-03-27T19:25:39.954+0900][0.061s][info][gc,phases   ] GC(0)   Merge Heap Roots: 0.0ms
[2026-03-27T19:25:39.954+0900][0.061s][info][gc,phases   ] GC(0)   Evacuate Collection Set: 0.5ms
[2026-03-27T19:25:39.954+0900][0.061s][info][gc,phases   ] GC(0)   Post Evacuate Collection Set: 0.2ms
[2026-03-27T19:25:39.954+0900][0.061s][info][gc,phases   ] GC(0)   Other: 1.0ms
[2026-03-27T19:25:39.954+0900][0.061s][info][gc,heap     ] GC(0) Eden regions: 23->0(35)
[2026-03-27T19:25:39.954+0900][0.061s][info][gc,heap     ] GC(0) Survivor regions: 0->1(3)
[2026-03-27T19:25:39.954+0900][0.061s][info][gc,heap     ] GC(0) Old regions: 0->0
[2026-03-27T19:25:39.955+0900][0.061s][info][gc,heap     ] GC(0) Archive regions: 0->0
[2026-03-27T19:25:39.955+0900][0.061s][info][gc,heap     ] GC(0) Humongous regions: 0->0
[2026-03-27T19:25:39.955+0900][0.061s][info][gc,metaspace] GC(0) Metaspace: 271K(448K)->271K(448K) NonClass: 258K(320K)->258K(320K) Class: 12K(128K)->12K(128K)
[2026-03-27T19:25:39.955+0900][0.061s][info][gc          ] GC(0) Pause Young (Normal) (G1 Evacuation Pause) 22M->0M(256M) 2.333ms
[2026-03-27T19:25:39.955+0900][0.061s][info][gc,cpu      ] GC(0) User=0.00s Sys=0.00s Real=0.00s
[2026-03-27T19:25:40.003+0900][0.110s][info][gc,start    ] GC(1) Pause Young (Normal) (G1 Evacuation Pause)
[2026-03-27T19:25:40.003+0900][0.110s][info][gc,task     ] GC(1) Using 6 workers of 8 for evacuation
[2026-03-27T19:25:40.005+0900][0.112s][info][gc,phases   ] GC(1)   Pre Evacuate Collection Set: 0.2ms
[2026-03-27T19:25:40.006+0900][0.112s][info][gc,phases   ] GC(1)   Merge Heap Roots: 0.1ms
[2026-03-27T19:25:40.006+0900][0.112s][info][gc,phases   ] GC(1)   Evacuate Collection Set: 0.6ms
[2026-03-27T19:25:40.006+0900][0.112s][info][gc,phases   ] GC(1)   Post Evacuate Collection Set: 0.6ms
[2026-03-27T19:25:40.006+0900][0.112s][info][gc,phases   ] GC(1)   Other: 0.1ms
[2026-03-27T19:25:40.006+0900][0.112s][info][gc,heap     ] GC(1) Eden regions: 35->0(152)
[2026-03-27T19:25:40.006+0900][0.112s][info][gc,heap     ] GC(1) Survivor regions: 1->1(5)
[2026-03-27T19:25:40.006+0900][0.112s][info][gc,heap     ] GC(1) Old regions: 0->0
[2026-03-27T19:25:40.006+0900][0.112s][info][gc,heap     ] GC(1) Archive regions: 0->0
[2026-03-27T19:25:40.006+0900][0.112s][info][gc,heap     ] GC(1) Humongous regions: 22->22
[2026-03-27T19:25:40.006+0900][0.112s][info][gc,metaspace] GC(1) Metaspace: 275K(448K)->275K(448K) NonClass: 262K(320K)->262K(320K) Class: 12K(128K)->12K(128K)
[2026-03-27T19:25:40.006+0900][0.112s][info][gc          ] GC(1) Pause Young (Normal) (G1 Evacuation Pause) 57M->22M(256M) 2.017ms
[2026-03-27T19:25:40.006+0900][0.112s][info][gc,cpu      ] GC(1) User=0.00s Sys=0.00s Real=0.00s
[2026-03-27T19:25:40.198+0900][0.306s][info][gc,start    ] GC(2) Pause Young (Concurrent Start) (G1 Humongous Allocation)
[2026-03-27T19:25:40.198+0900][0.306s][info][gc,task     ] GC(2) Using 6 workers of 8 for evacuation
[2026-03-27T19:25:40.201+0900][0.308s][info][gc,phases   ] GC(2)   Pre Evacuate Collection Set: 0.3ms
[2026-03-27T19:25:40.201+0900][0.308s][info][gc,phases   ] GC(2)   Merge Heap Roots: 0.1ms
[2026-03-27T19:25:40.201+0900][0.308s][info][gc,phases   ] GC(2)   Evacuate Collection Set: 0.9ms
[2026-03-27T19:25:40.201+0900][0.308s][info][gc,phases   ] GC(2)   Post Evacuate Collection Set: 0.5ms
[2026-03-27T19:25:40.201+0900][0.308s][info][gc,phases   ] GC(2)   Other: 0.2ms
[2026-03-27T19:25:40.201+0900][0.308s][info][gc,heap     ] GC(2) Eden regions: 145->0(117)
[2026-03-27T19:25:40.201+0900][0.308s][info][gc,heap     ] GC(2) Survivor regions: 1->1(20)
[2026-03-27T19:25:40.201+0900][0.308s][info][gc,heap     ] GC(2) Old regions: 0->0
[2026-03-27T19:25:40.201+0900][0.308s][info][gc,heap     ] GC(2) Archive regions: 0->0
[2026-03-27T19:25:40.202+0900][0.308s][info][gc,heap     ] GC(2) Humongous regions: 119->119
[2026-03-27T19:25:40.202+0900][0.308s][info][gc,metaspace] GC(2) Metaspace: 283K(512K)->283K(512K) NonClass: 271K(384K)->271K(384K) Class: 12K(128K)->12K(128K)
[2026-03-27T19:25:40.202+0900][0.308s][info][gc          ] GC(2) Pause Young (Concurrent Start) (G1 Humongous Allocation) 263M->119M(266M) 2.394ms
[2026-03-27T19:25:40.202+0900][0.308s][info][gc,cpu      ] GC(2) User=0.00s Sys=0.00s Real=0.00s
[2026-03-27T19:25:40.202+0900][0.308s][info][gc          ] GC(3) Concurrent Undo Cycle
[2026-03-27T19:25:40.202+0900][0.308s][info][gc,marking  ] GC(3) Concurrent Cleanup for Next Mark
[2026-03-27T19:25:40.202+0900][0.308s][info][gc,marking  ] GC(3) Concurrent Cleanup for Next Mark 0.182ms
[2026-03-27T19:25:40.202+0900][0.308s][info][gc          ] GC(3) Concurrent Undo Cycle 0.345ms
[2026-03-27T19:25:40.202+0900][0.309s][info][gc,start    ] GC(4) Pause Young (Concurrent Start) (G1 Humongous Allocation)
[2026-03-27T19:25:40.202+0900][0.309s][info][gc,task     ] GC(4) Using 6 workers of 8 for evacuation
[2026-03-27T19:25:40.203+0900][0.310s][info][gc,phases   ] GC(4)   Pre Evacuate Collection Set: 0.2ms
[2026-03-27T19:25:40.203+0900][0.310s][info][gc,phases   ] GC(4)   Merge Heap Roots: 0.1ms
[2026-03-27T19:25:40.203+0900][0.310s][info][gc,phases   ] GC(4)   Evacuate Collection Set: 0.5ms
[2026-03-27T19:25:40.203+0900][0.310s][info][gc,phases   ] GC(4)   Post Evacuate Collection Set: 0.3ms
[2026-03-27T19:25:40.203+0900][0.310s][info][gc,phases   ] GC(4)   Other: 0.1ms
[2026-03-27T19:25:40.203+0900][0.310s][info][gc,heap     ] GC(4) Eden regions: 1->0(106)
[2026-03-27T19:25:40.204+0900][0.310s][info][gc,heap     ] GC(4) Survivor regions: 1->1(15)
[2026-03-27T19:25:40.204+0900][0.310s][info][gc,heap     ] GC(4) Old regions: 0->0
[2026-03-27T19:25:40.204+0900][0.310s][info][gc,heap     ] GC(4) Archive regions: 0->0
[2026-03-27T19:25:40.204+0900][0.310s][info][gc,heap     ] GC(4) Humongous regions: 130->130
[2026-03-27T19:25:40.204+0900][0.310s][info][gc,metaspace] GC(4) Metaspace: 283K(512K)->283K(512K) NonClass: 271K(384K)->271K(384K) Class: 12K(128K)->12K(128K)
[2026-03-27T19:25:40.204+0900][0.310s][info][gc          ] GC(4) Pause Young (Concurrent Start) (G1 Humongous Allocation) 131M->130M(266M) 1.585ms
[2026-03-27T19:25:40.204+0900][0.310s][info][gc,cpu      ] GC(4) User=0.00s Sys=0.00s Real=0.00s
[2026-03-27T19:25:40.204+0900][0.310s][info][gc          ] GC(5) Concurrent Mark Cycle
[2026-03-27T19:25:40.204+0900][0.310s][info][gc,marking  ] GC(5) Concurrent Clear Claimed Marks
[2026-03-27T19:25:40.204+0900][0.310s][info][gc,marking  ] GC(5) Concurrent Clear Claimed Marks 0.017ms
[2026-03-27T19:25:40.204+0900][0.310s][info][gc,marking  ] GC(5) Concurrent Scan Root Regions
[2026-03-27T19:25:40.205+0900][0.311s][info][gc,marking  ] GC(5) Concurrent Scan Root Regions 0.650ms
[2026-03-27T19:25:40.205+0900][0.311s][info][gc,marking  ] GC(5) Concurrent Mark
[2026-03-27T19:25:40.205+0900][0.311s][info][gc,marking  ] GC(5) Concurrent Mark From Roots
[2026-03-27T19:25:40.205+0900][0.311s][info][gc,task     ] GC(5) Using 2 workers of 2 for marking
[2026-03-27T19:25:40.205+0900][0.311s][info][gc,marking  ] GC(5) Concurrent Mark From Roots 0.344ms
[2026-03-27T19:25:40.205+0900][0.311s][info][gc,marking  ] GC(5) Concurrent Preclean
[2026-03-27T19:25:40.205+0900][0.311s][info][gc,marking  ] GC(5) Concurrent Preclean 0.016ms
[2026-03-27T19:25:40.205+0900][0.311s][info][gc,start    ] GC(5) Pause Remark
[2026-03-27T19:25:40.205+0900][0.312s][info][gc          ] GC(5) Pause Remark 132M->132M(266M) 0.296ms
[2026-03-27T19:25:40.205+0900][0.312s][info][gc,cpu      ] GC(5) User=0.00s Sys=0.00s Real=0.00s
[2026-03-27T19:25:40.205+0900][0.312s][info][gc,marking  ] GC(5) Concurrent Mark 0.827ms
[2026-03-27T19:25:40.205+0900][0.312s][info][gc,marking  ] GC(5) Concurrent Rebuild Remembered Sets
[2026-03-27T19:25:40.205+0900][0.312s][info][gc,marking  ] GC(5) Concurrent Rebuild Remembered Sets 0.013ms
[2026-03-27T19:25:40.205+0900][0.312s][info][gc,start    ] GC(5) Pause Cleanup
[2026-03-27T19:25:40.205+0900][0.312s][info][gc          ] GC(5) Pause Cleanup 132M->132M(266M) 0.019ms
[2026-03-27T19:25:40.205+0900][0.312s][info][gc,cpu      ] GC(5) User=0.00s Sys=0.00s Real=0.00s
[2026-03-27T19:25:40.205+0900][0.312s][info][gc,marking  ] GC(5) Concurrent Cleanup for Next Mark
[2026-03-27T19:25:40.207+0900][0.313s][info][gc,marking  ] GC(5) Concurrent Cleanup for Next Mark 1.274ms
[2026-03-27T19:25:40.207+0900][0.313s][info][gc          ] GC(5) Concurrent Mark Cycle 3.099ms
[2026-03-27T19:25:40.238+0900][0.345s][info][gc,start    ] GC(6) Pause Young (Concurrent Start) (G1 Humongous Allocation)
[2026-03-27T19:25:40.238+0900][0.345s][info][gc,task     ] GC(6) Using 6 workers of 8 for evacuation
[2026-03-27T19:25:40.240+0900][0.347s][info][gc,phases   ] GC(6)   Pre Evacuate Collection Set: 0.1ms
[2026-03-27T19:25:40.240+0900][0.348s][info][gc,phases   ] GC(6)   Merge Heap Roots: 0.2ms
[2026-03-27T19:25:40.240+0900][0.348s][info][gc,phases   ] GC(6)   Evacuate Collection Set: 1.5ms
[2026-03-27T19:25:40.241+0900][0.348s][info][gc,phases   ] GC(6)   Post Evacuate Collection Set: 0.7ms
[2026-03-27T19:25:40.241+0900][0.348s][info][gc,phases   ] GC(6)   Other: 0.2ms
[2026-03-27T19:25:40.241+0900][0.348s][info][gc,heap     ] GC(6) Eden regions: 34->0(104)
[2026-03-27T19:25:40.241+0900][0.348s][info][gc,heap     ] GC(6) Survivor regions: 1->1(14)
[2026-03-27T19:25:40.241+0900][0.348s][info][gc,heap     ] GC(6) Old regions: 0->0
[2026-03-27T19:25:40.241+0900][0.348s][info][gc,heap     ] GC(6) Archive regions: 0->0
[2026-03-27T19:25:40.241+0900][0.348s][info][gc,heap     ] GC(6) Humongous regions: 132->132
[2026-03-27T19:25:40.241+0900][0.348s][info][gc,metaspace] GC(6) Metaspace: 283K(512K)->283K(512K) NonClass: 271K(384K)->271K(384K) Class: 12K(128K)->12K(128K)
[2026-03-27T19:25:40.241+0900][0.348s][info][gc          ] GC(6) Pause Young (Concurrent Start) (G1 Humongous Allocation) 166M->132M(266M) 3.026ms
[2026-03-27T19:25:40.241+0900][0.348s][info][gc,cpu      ] GC(6) User=0.00s Sys=0.00s Real=0.00s
[2026-03-27T19:25:40.241+0900][0.348s][info][gc          ] GC(7) Concurrent Mark Cycle
[2026-03-27T19:25:40.241+0900][0.348s][info][gc,marking  ] GC(7) Concurrent Clear Claimed Marks
[2026-03-27T19:25:40.241+0900][0.348s][info][gc,marking  ] GC(7) Concurrent Clear Claimed Marks 0.022ms
[2026-03-27T19:25:40.241+0900][0.348s][info][gc,marking  ] GC(7) Concurrent Scan Root Regions
[2026-03-27T19:25:40.242+0900][0.348s][info][gc,marking  ] GC(7) Concurrent Scan Root Regions 0.521ms
[2026-03-27T19:25:40.242+0900][0.349s][info][gc,marking  ] GC(7) Concurrent Mark
[2026-03-27T19:25:40.242+0900][0.349s][info][gc,marking  ] GC(7) Concurrent Mark From Roots
[2026-03-27T19:25:40.242+0900][0.349s][info][gc,task     ] GC(7) Using 2 workers of 2 for marking
[2026-03-27T19:25:40.242+0900][0.349s][info][gc,marking  ] GC(7) Concurrent Mark From Roots 0.219ms
[2026-03-27T19:25:40.242+0900][0.349s][info][gc,marking  ] GC(7) Concurrent Preclean
[2026-03-27T19:25:40.242+0900][0.349s][info][gc,marking  ] GC(7) Concurrent Preclean 0.029ms
[2026-03-27T19:25:40.242+0900][0.349s][info][gc,start    ] GC(7) Pause Remark
[2026-03-27T19:25:40.242+0900][0.350s][info][gc          ] GC(7) Pause Remark 155M->155M(266M) 0.556ms
[2026-03-27T19:25:40.242+0900][0.350s][info][gc,cpu      ] GC(7) User=0.00s Sys=0.00s Real=0.00s
[2026-03-27T19:25:40.243+0900][0.350s][info][gc,marking  ] GC(7) Concurrent Mark 1.149ms
[2026-03-27T19:25:40.243+0900][0.350s][info][gc,marking  ] GC(7) Concurrent Rebuild Remembered Sets
[2026-03-27T19:25:40.243+0900][0.350s][info][gc,marking  ] GC(7) Concurrent Rebuild Remembered Sets 0.018ms
[2026-03-27T19:25:40.243+0900][0.350s][info][gc,start    ] GC(7) Pause Cleanup
[2026-03-27T19:25:40.243+0900][0.350s][info][gc          ] GC(7) Pause Cleanup 155M->155M(266M) 0.022ms
[2026-03-27T19:25:40.243+0900][0.350s][info][gc,cpu      ] GC(7) User=0.00s Sys=0.00s Real=0.00s
[2026-03-27T19:25:40.243+0900][0.350s][info][gc,marking  ] GC(7) Concurrent Cleanup for Next Mark
[2026-03-27T19:25:40.243+0900][0.350s][info][gc,marking  ] GC(7) Concurrent Cleanup for Next Mark 0.561ms
[2026-03-27T19:25:40.243+0900][0.350s][info][gc          ] GC(7) Concurrent Mark Cycle 2.588ms
[2026-03-27T19:25:40.285+0900][0.393s][info][gc,start    ] GC(8) Pause Young (Concurrent Start) (G1 Humongous Allocation)
[2026-03-27T19:25:40.285+0900][0.393s][info][gc,task     ] GC(8) Using 6 workers of 8 for evacuation
[2026-03-27T19:25:40.287+0900][0.394s][info][gc,phases   ] GC(8)   Pre Evacuate Collection Set: 0.2ms
[2026-03-27T19:25:40.287+0900][0.394s][info][gc,phases   ] GC(8)   Merge Heap Roots: 0.1ms
[2026-03-27T19:25:40.287+0900][0.394s][info][gc,phases   ] GC(8)   Evacuate Collection Set: 0.4ms
[2026-03-27T19:25:40.287+0900][0.394s][info][gc,phases   ] GC(8)   Post Evacuate Collection Set: 0.6ms
[2026-03-27T19:25:40.287+0900][0.394s][info][gc,phases   ] GC(8)   Other: 0.2ms
[2026-03-27T19:25:40.287+0900][0.394s][info][gc,heap     ] GC(8) Eden regions: 34->0(83)
[2026-03-27T19:25:40.287+0900][0.394s][info][gc,heap     ] GC(8) Survivor regions: 1->1(14)
[2026-03-27T19:25:40.287+0900][0.394s][info][gc,heap     ] GC(8) Old regions: 0->0
[2026-03-27T19:25:40.287+0900][0.394s][info][gc,heap     ] GC(8) Archive regions: 0->0
[2026-03-27T19:25:40.287+0900][0.394s][info][gc,heap     ] GC(8) Humongous regions: 154->154
[2026-03-27T19:25:40.287+0900][0.394s][info][gc,metaspace] GC(8) Metaspace: 283K(512K)->283K(512K) NonClass: 271K(384K)->271K(384K) Class: 12K(128K)->12K(128K)
[2026-03-27T19:25:40.287+0900][0.394s][info][gc          ] GC(8) Pause Young (Concurrent Start) (G1 Humongous Allocation) 188M->154M(266M) 1.844ms
[2026-03-27T19:25:40.287+0900][0.394s][info][gc,cpu      ] GC(8) User=0.00s Sys=0.00s Real=0.00s
[2026-03-27T19:25:40.287+0900][0.394s][info][gc          ] GC(9) Concurrent Mark Cycle
[2026-03-27T19:25:40.287+0900][0.395s][info][gc,marking  ] GC(9) Concurrent Clear Claimed Marks
[2026-03-27T19:25:40.287+0900][0.395s][info][gc,marking  ] GC(9) Concurrent Clear Claimed Marks 0.027ms
[2026-03-27T19:25:40.287+0900][0.395s][info][gc,marking  ] GC(9) Concurrent Scan Root Regions
[2026-03-27T19:25:40.288+0900][0.395s][info][gc,marking  ] GC(9) Concurrent Scan Root Regions 0.440ms
[2026-03-27T19:25:40.288+0900][0.395s][info][gc,marking  ] GC(9) Concurrent Mark
[2026-03-27T19:25:40.288+0900][0.395s][info][gc,marking  ] GC(9) Concurrent Mark From Roots
[2026-03-27T19:25:40.288+0900][0.395s][info][gc,task     ] GC(9) Using 2 workers of 2 for marking
[2026-03-27T19:25:40.288+0900][0.395s][info][gc,marking  ] GC(9) Concurrent Mark From Roots 0.239ms
[2026-03-27T19:25:40.288+0900][0.395s][info][gc,marking  ] GC(9) Concurrent Preclean
[2026-03-27T19:25:40.288+0900][0.395s][info][gc,marking  ] GC(9) Concurrent Preclean 0.016ms
[2026-03-27T19:25:40.288+0900][0.396s][info][gc,start    ] GC(9) Pause Remark
[2026-03-27T19:25:40.289+0900][0.396s][info][gc          ] GC(9) Pause Remark 177M->177M(297M) 0.442ms
[2026-03-27T19:25:40.289+0900][0.396s][info][gc,cpu      ] GC(9) User=0.00s Sys=0.00s Real=0.00s
[2026-03-27T19:25:40.289+0900][0.396s][info][gc,marking  ] GC(9) Concurrent Mark 0.975ms
[2026-03-27T19:25:40.289+0900][0.396s][info][gc,marking  ] GC(9) Concurrent Rebuild Remembered Sets
[2026-03-27T19:25:40.289+0900][0.396s][info][gc,marking  ] GC(9) Concurrent Rebuild Remembered Sets 0.026ms
[2026-03-27T19:25:40.289+0900][0.396s][info][gc,start    ] GC(9) Pause Cleanup
[2026-03-27T19:25:40.289+0900][0.396s][info][gc          ] GC(9) Pause Cleanup 177M->177M(297M) 0.020ms
[2026-03-27T19:25:40.289+0900][0.396s][info][gc,cpu      ] GC(9) User=0.00s Sys=0.00s Real=0.00s
[2026-03-27T19:25:40.289+0900][0.396s][info][gc,marking  ] GC(9) Concurrent Cleanup for Next Mark
[2026-03-27T19:25:40.289+0900][0.396s][info][gc,marking  ] GC(9) Concurrent Cleanup for Next Mark 0.177ms
[2026-03-27T19:25:40.289+0900][0.397s][info][gc          ] GC(9) Concurrent Mark Cycle 2.030ms
[2026-03-27T19:25:40.337+0900][0.444s][info][gc,start    ] GC(10) Pause Young (Concurrent Start) (G1 Humongous Allocation)
[2026-03-27T19:25:40.337+0900][0.444s][info][gc,task     ] GC(10) Using 7 workers of 8 for evacuation
[2026-03-27T19:25:40.338+0900][0.445s][info][gc,phases   ] GC(10)   Pre Evacuate Collection Set: 0.1ms
[2026-03-27T19:25:40.338+0900][0.445s][info][gc,phases   ] GC(10)   Merge Heap Roots: 0.0ms
[2026-03-27T19:25:40.338+0900][0.445s][info][gc,phases   ] GC(10)   Evacuate Collection Set: 0.4ms
[2026-03-27T19:25:40.338+0900][0.445s][info][gc,phases   ] GC(10)   Post Evacuate Collection Set: 0.4ms
[2026-03-27T19:25:40.338+0900][0.445s][info][gc,phases   ] GC(10)   Other: 0.2ms
[2026-03-27T19:25:40.338+0900][0.445s][info][gc,heap     ] GC(10) Eden regions: 34->0(89)
[2026-03-27T19:25:40.338+0900][0.445s][info][gc,heap     ] GC(10) Survivor regions: 1->1(11)
[2026-03-27T19:25:40.338+0900][0.445s][info][gc,heap     ] GC(10) Old regions: 0->0
[2026-03-27T19:25:40.338+0900][0.445s][info][gc,heap     ] GC(10) Archive regions: 0->0
[2026-03-27T19:25:40.338+0900][0.445s][info][gc,heap     ] GC(10) Humongous regions: 176->176
[2026-03-27T19:25:40.338+0900][0.445s][info][gc,metaspace] GC(10) Metaspace: 283K(512K)->283K(512K) NonClass: 271K(384K)->271K(384K) Class: 12K(128K)->12K(128K)
[2026-03-27T19:25:40.339+0900][0.445s][info][gc          ] GC(10) Pause Young (Concurrent Start) (G1 Humongous Allocation) 210M->176M(297M) 1.649ms
[2026-03-27T19:25:40.339+0900][0.445s][info][gc,cpu      ] GC(10) User=0.00s Sys=0.00s Real=0.00s
[2026-03-27T19:25:40.339+0900][0.445s][info][gc          ] GC(11) Concurrent Mark Cycle
[2026-03-27T19:25:40.339+0900][0.445s][info][gc,marking  ] GC(11) Concurrent Clear Claimed Marks
[2026-03-27T19:25:40.339+0900][0.446s][info][gc,marking  ] GC(11) Concurrent Clear Claimed Marks 0.032ms
[2026-03-27T19:25:40.339+0900][0.446s][info][gc,marking  ] GC(11) Concurrent Scan Root Regions
[2026-03-27T19:25:40.339+0900][0.446s][info][gc,marking  ] GC(11) Concurrent Scan Root Regions 0.493ms
[2026-03-27T19:25:40.339+0900][0.446s][info][gc,marking  ] GC(11) Concurrent Mark
[2026-03-27T19:25:40.339+0900][0.446s][info][gc,marking  ] GC(11) Concurrent Mark From Roots
[2026-03-27T19:25:40.339+0900][0.446s][info][gc,task     ] GC(11) Using 2 workers of 2 for marking
[2026-03-27T19:25:40.339+0900][0.446s][info][gc,marking  ] GC(11) Concurrent Mark From Roots 0.179ms
[2026-03-27T19:25:40.340+0900][0.446s][info][gc,marking  ] GC(11) Concurrent Preclean
[2026-03-27T19:25:40.340+0900][0.446s][info][gc,marking  ] GC(11) Concurrent Preclean 0.020ms
[2026-03-27T19:25:40.340+0900][0.446s][info][gc,start    ] GC(11) Pause Remark
[2026-03-27T19:25:40.341+0900][0.448s][info][gc          ] GC(11) Pause Remark 199M->199M(334M) 1.042ms
[2026-03-27T19:25:40.341+0900][0.448s][info][gc,cpu      ] GC(11) User=0.00s Sys=0.00s Real=0.00s
[2026-03-27T19:25:40.341+0900][0.448s][info][gc,marking  ] GC(11) Concurrent Mark 1.586ms
[2026-03-27T19:25:40.341+0900][0.448s][info][gc,marking  ] GC(11) Concurrent Rebuild Remembered Sets
[2026-03-27T19:25:40.341+0900][0.448s][info][gc,marking  ] GC(11) Concurrent Rebuild Remembered Sets 0.017ms
[2026-03-27T19:25:40.341+0900][0.448s][info][gc,start    ] GC(11) Pause Cleanup
[2026-03-27T19:25:40.341+0900][0.448s][info][gc          ] GC(11) Pause Cleanup 199M->199M(334M) 0.043ms
[2026-03-27T19:25:40.341+0900][0.448s][info][gc,cpu      ] GC(11) User=0.00s Sys=0.00s Real=0.00s
[2026-03-27T19:25:40.341+0900][0.448s][info][gc,marking  ] GC(11) Concurrent Cleanup for Next Mark
[2026-03-27T19:25:40.342+0900][0.448s][info][gc,marking  ] GC(11) Concurrent Cleanup for Next Mark 0.441ms
[2026-03-27T19:25:40.342+0900][0.449s][info][gc          ] GC(11) Concurrent Mark Cycle 3.154ms
[2026-03-27T19:25:40.383+0900][0.491s][info][gc,start    ] GC(12) Pause Young (Concurrent Start) (G1 Humongous Allocation)
[2026-03-27T19:25:40.383+0900][0.491s][info][gc,task     ] GC(12) Using 8 workers of 8 for evacuation
[2026-03-27T19:25:40.386+0900][0.492s][info][gc,phases   ] GC(12)   Pre Evacuate Collection Set: 0.1ms
[2026-03-27T19:25:40.386+0900][0.492s][info][gc,phases   ] GC(12)   Merge Heap Roots: 0.0ms
[2026-03-27T19:25:40.386+0900][0.492s][info][gc,phases   ] GC(12)   Evacuate Collection Set: 0.7ms
[2026-03-27T19:25:40.386+0900][0.492s][info][gc,phases   ] GC(12)   Post Evacuate Collection Set: 0.3ms
[2026-03-27T19:25:40.386+0900][0.492s][info][gc,phases   ] GC(12)   Other: 0.3ms
[2026-03-27T19:25:40.386+0900][0.492s][info][gc,heap     ] GC(12) Eden regions: 34->0(100)
[2026-03-27T19:25:40.386+0900][0.492s][info][gc,heap     ] GC(12) Survivor regions: 1->1(12)
[2026-03-27T19:25:40.386+0900][0.492s][info][gc,heap     ] GC(12) Old regions: 0->0
[2026-03-27T19:25:40.386+0900][0.492s][info][gc,heap     ] GC(12) Archive regions: 0->0
[2026-03-27T19:25:40.386+0900][0.493s][info][gc,heap     ] GC(12) Humongous regions: 198->198
[2026-03-27T19:25:40.386+0900][0.493s][info][gc,metaspace] GC(12) Metaspace: 283K(512K)->283K(512K) NonClass: 271K(384K)->271K(384K) Class: 12K(128K)->12K(128K)
[2026-03-27T19:25:40.386+0900][0.493s][info][gc          ] GC(12) Pause Young (Concurrent Start) (G1 Humongous Allocation) 232M->198M(334M) 1.772ms
[2026-03-27T19:25:40.386+0900][0.493s][info][gc,cpu      ] GC(12) User=0.00s Sys=0.00s Real=0.00s
[2026-03-27T19:25:40.386+0900][0.493s][info][gc          ] GC(13) Concurrent Mark Cycle
[2026-03-27T19:25:40.386+0900][0.493s][info][gc,marking  ] GC(13) Concurrent Clear Claimed Marks
[2026-03-27T19:25:40.386+0900][0.493s][info][gc,marking  ] GC(13) Concurrent Clear Claimed Marks 0.031ms
[2026-03-27T19:25:40.386+0900][0.493s][info][gc,marking  ] GC(13) Concurrent Scan Root Regions
[2026-03-27T19:25:40.386+0900][0.493s][info][gc,marking  ] GC(13) Concurrent Scan Root Regions 0.510ms
[2026-03-27T19:25:40.386+0900][0.493s][info][gc,marking  ] GC(13) Concurrent Mark
[2026-03-27T19:25:40.386+0900][0.493s][info][gc,marking  ] GC(13) Concurrent Mark From Roots
[2026-03-27T19:25:40.386+0900][0.493s][info][gc,task     ] GC(13) Using 2 workers of 2 for marking
[2026-03-27T19:25:40.386+0900][0.494s][info][gc,marking  ] GC(13) Concurrent Mark From Roots 0.243ms
[2026-03-27T19:25:40.386+0900][0.494s][info][gc,marking  ] GC(13) Concurrent Preclean
[2026-03-27T19:25:40.386+0900][0.494s][info][gc,marking  ] GC(13) Concurrent Preclean 0.021ms
[2026-03-27T19:25:40.387+0900][0.494s][info][gc,start    ] GC(13) Pause Remark
[2026-03-27T19:25:40.387+0900][0.495s][info][gc          ] GC(13) Pause Remark 221M->221M(370M) 0.797ms
[2026-03-27T19:25:40.388+0900][0.495s][info][gc,cpu      ] GC(13) User=0.00s Sys=0.00s Real=0.00s
[2026-03-27T19:25:40.388+0900][0.495s][info][gc,marking  ] GC(13) Concurrent Mark 1.518ms
[2026-03-27T19:25:40.388+0900][0.495s][info][gc,marking  ] GC(13) Concurrent Rebuild Remembered Sets
[2026-03-27T19:25:40.388+0900][0.495s][info][gc,marking  ] GC(13) Concurrent Rebuild Remembered Sets 0.016ms
[2026-03-27T19:25:40.388+0900][0.495s][info][gc,start    ] GC(13) Pause Cleanup
[2026-03-27T19:25:40.388+0900][0.495s][info][gc          ] GC(13) Pause Cleanup 221M->221M(370M) 0.042ms
[2026-03-27T19:25:40.388+0900][0.495s][info][gc,cpu      ] GC(13) User=0.00s Sys=0.00s Real=0.00s
[2026-03-27T19:25:40.388+0900][0.495s][info][gc,marking  ] GC(13) Concurrent Cleanup for Next Mark
[2026-03-27T19:25:40.390+0900][0.496s][info][gc,marking  ] GC(13) Concurrent Cleanup for Next Mark 0.533ms
[2026-03-27T19:25:40.390+0900][0.496s][info][gc          ] GC(13) Concurrent Mark Cycle 3.230ms
[2026-03-27T19:25:40.431+0900][0.538s][info][gc,start    ] GC(14) Pause Young (Concurrent Start) (G1 Humongous Allocation)
[2026-03-27T19:25:40.431+0900][0.538s][info][gc,task     ] GC(14) Using 8 workers of 8 for evacuation
[2026-03-27T19:25:40.433+0900][0.539s][info][gc,phases   ] GC(14)   Pre Evacuate Collection Set: 0.2ms
[2026-03-27T19:25:40.433+0900][0.539s][info][gc,phases   ] GC(14)   Merge Heap Roots: 0.1ms
[2026-03-27T19:25:40.433+0900][0.539s][info][gc,phases   ] GC(14)   Evacuate Collection Set: 0.5ms
[2026-03-27T19:25:40.433+0900][0.539s][info][gc,phases   ] GC(14)   Post Evacuate Collection Set: 0.5ms
[2026-03-27T19:25:40.433+0900][0.539s][info][gc,phases   ] GC(14)   Other: 0.2ms
[2026-03-27T19:25:40.433+0900][0.539s][info][gc,heap     ] GC(14) Eden regions: 34->0(111)
[2026-03-27T19:25:40.433+0900][0.539s][info][gc,heap     ] GC(14) Survivor regions: 1->1(13)
[2026-03-27T19:25:40.433+0900][0.539s][info][gc,heap     ] GC(14) Old regions: 0->0
[2026-03-27T19:25:40.433+0900][0.539s][info][gc,heap     ] GC(14) Archive regions: 0->0
[2026-03-27T19:25:40.433+0900][0.539s][info][gc,heap     ] GC(14) Humongous regions: 220->220
[2026-03-27T19:25:40.433+0900][0.539s][info][gc,metaspace] GC(14) Metaspace: 285K(512K)->285K(512K) NonClass: 272K(384K)->272K(384K) Class: 12K(128K)->12K(128K)
[2026-03-27T19:25:40.433+0900][0.539s][info][gc          ] GC(14) Pause Young (Concurrent Start) (G1 Humongous Allocation) 254M->220M(370M) 1.948ms
[2026-03-27T19:25:40.433+0900][0.540s][info][gc,cpu      ] GC(14) User=0.00s Sys=0.00s Real=0.00s
[2026-03-27T19:25:40.433+0900][0.540s][info][gc          ] GC(15) Concurrent Mark Cycle
[2026-03-27T19:25:40.433+0900][0.540s][info][gc,marking  ] GC(15) Concurrent Clear Claimed Marks
[2026-03-27T19:25:40.433+0900][0.540s][info][gc,marking  ] GC(15) Concurrent Clear Claimed Marks 0.017ms
[2026-03-27T19:25:40.433+0900][0.540s][info][gc,marking  ] GC(15) Concurrent Scan Root Regions
[2026-03-27T19:25:40.433+0900][0.540s][info][gc,marking  ] GC(15) Concurrent Scan Root Regions 0.513ms
[2026-03-27T19:25:40.433+0900][0.540s][info][gc,marking  ] GC(15) Concurrent Mark
[2026-03-27T19:25:40.434+0900][0.540s][info][gc,marking  ] GC(15) Concurrent Mark From Roots
[2026-03-27T19:25:40.434+0900][0.540s][info][gc,task     ] GC(15) Using 2 workers of 2 for marking
[2026-03-27T19:25:40.434+0900][0.540s][info][gc,marking  ] GC(15) Concurrent Mark From Roots 0.197ms
[2026-03-27T19:25:40.434+0900][0.541s][info][gc,marking  ] GC(15) Concurrent Preclean
[2026-03-27T19:25:40.434+0900][0.541s][info][gc,marking  ] GC(15) Concurrent Preclean 0.017ms
[2026-03-27T19:25:40.434+0900][0.541s][info][gc,start    ] GC(15) Pause Remark
[2026-03-27T19:25:40.435+0900][0.542s][info][gc          ] GC(15) Pause Remark 243M->243M(407M) 0.912ms
[2026-03-27T19:25:40.435+0900][0.542s][info][gc,cpu      ] GC(15) User=0.00s Sys=0.00s Real=0.00s
[2026-03-27T19:25:40.435+0900][0.542s][info][gc,marking  ] GC(15) Concurrent Mark 1.533ms
[2026-03-27T19:25:40.435+0900][0.542s][info][gc,marking  ] GC(15) Concurrent Rebuild Remembered Sets
[2026-03-27T19:25:40.435+0900][0.542s][info][gc,marking  ] GC(15) Concurrent Rebuild Remembered Sets 0.017ms
[2026-03-27T19:25:40.435+0900][0.542s][info][gc,start    ] GC(15) Pause Cleanup
[2026-03-27T19:25:40.435+0900][0.542s][info][gc          ] GC(15) Pause Cleanup 243M->243M(407M) 0.042ms
[2026-03-27T19:25:40.435+0900][0.542s][info][gc,cpu      ] GC(15) User=0.00s Sys=0.00s Real=0.00s
[2026-03-27T19:25:40.435+0900][0.542s][info][gc,marking  ] GC(15) Concurrent Cleanup for Next Mark
[2026-03-27T19:25:40.436+0900][0.542s][info][gc,marking  ] GC(15) Concurrent Cleanup for Next Mark 0.396ms
[2026-03-27T19:25:40.436+0900][0.542s][info][gc          ] GC(15) Concurrent Mark Cycle 2.904ms
[2026-03-27T19:25:40.480+0900][0.587s][info][gc,start    ] GC(16) Pause Young (Concurrent Start) (G1 Humongous Allocation)
[2026-03-27T19:25:40.480+0900][0.587s][info][gc,task     ] GC(16) Using 8 workers of 8 for evacuation
[2026-03-27T19:25:40.482+0900][0.589s][info][gc,phases   ] GC(16)   Pre Evacuate Collection Set: 0.1ms
[2026-03-27T19:25:40.482+0900][0.589s][info][gc,phases   ] GC(16)   Merge Heap Roots: 0.0ms
[2026-03-27T19:25:40.482+0900][0.589s][info][gc,phases   ] GC(16)   Evacuate Collection Set: 0.5ms
[2026-03-27T19:25:40.482+0900][0.589s][info][gc,phases   ] GC(16)   Post Evacuate Collection Set: 0.7ms
[2026-03-27T19:25:40.482+0900][0.589s][info][gc,phases   ] GC(16)   Other: 0.2ms
[2026-03-27T19:25:40.482+0900][0.589s][info][gc,heap     ] GC(16) Eden regions: 34->0(243)
[2026-03-27T19:25:40.482+0900][0.589s][info][gc,heap     ] GC(16) Survivor regions: 1->1(14)
[2026-03-27T19:25:40.482+0900][0.589s][info][gc,heap     ] GC(16) Old regions: 0->0
[2026-03-27T19:25:40.482+0900][0.589s][info][gc,heap     ] GC(16) Archive regions: 0->0
[2026-03-27T19:25:40.482+0900][0.589s][info][gc,heap     ] GC(16) Humongous regions: 242->22
[2026-03-27T19:25:40.482+0900][0.589s][info][gc,metaspace] GC(16) Metaspace: 285K(512K)->285K(512K) NonClass: 272K(384K)->272K(384K) Class: 12K(128K)->12K(128K)
[2026-03-27T19:25:40.483+0900][0.589s][info][gc          ] GC(16) Pause Young (Concurrent Start) (G1 Humongous Allocation) 276M->22M(407M) 1.969ms
[2026-03-27T19:25:40.483+0900][0.589s][info][gc,cpu      ] GC(16) User=0.00s Sys=0.00s Real=0.00s
[2026-03-27T19:25:40.483+0900][0.589s][info][gc          ] GC(17) Concurrent Undo Cycle
[2026-03-27T19:25:40.483+0900][0.589s][info][gc,marking  ] GC(17) Concurrent Cleanup for Next Mark
[2026-03-27T19:25:40.483+0900][0.589s][info][gc,marking  ] GC(17) Concurrent Cleanup for Next Mark 0.067ms
[2026-03-27T19:25:40.483+0900][0.589s][info][gc          ] GC(17) Concurrent Undo Cycle 0.219ms
[2026-03-27T19:25:40.757+0900][0.863s][info][gc,start    ] GC(18) Pause Young (Normal) (G1 Evacuation Pause)
[2026-03-27T19:25:40.757+0900][0.863s][info][gc,task     ] GC(18) Using 8 workers of 8 for evacuation
[2026-03-27T19:25:40.758+0900][0.864s][info][gc,phases   ] GC(18)   Pre Evacuate Collection Set: 0.1ms
[2026-03-27T19:25:40.758+0900][0.864s][info][gc,phases   ] GC(18)   Merge Heap Roots: 0.1ms
[2026-03-27T19:25:40.758+0900][0.864s][info][gc,phases   ] GC(18)   Evacuate Collection Set: 0.5ms
[2026-03-27T19:25:40.758+0900][0.864s][info][gc,phases   ] GC(18)   Post Evacuate Collection Set: 0.2ms
[2026-03-27T19:25:40.758+0900][0.864s][info][gc,phases   ] GC(18)   Other: 0.1ms
[2026-03-27T19:25:40.758+0900][0.864s][info][gc,heap     ] GC(18) Eden regions: 230->0(189)
[2026-03-27T19:25:40.758+0900][0.864s][info][gc,heap     ] GC(18) Survivor regions: 1->1(31)
[2026-03-27T19:25:40.758+0900][0.864s][info][gc,heap     ] GC(18) Old regions: 0->0
[2026-03-27T19:25:40.758+0900][0.864s][info][gc,heap     ] GC(18) Archive regions: 0->0
[2026-03-27T19:25:40.758+0900][0.864s][info][gc,heap     ] GC(18) Humongous regions: 176->176
[2026-03-27T19:25:40.758+0900][0.864s][info][gc,metaspace] GC(18) Metaspace: 285K(512K)->285K(512K) NonClass: 272K(384K)->272K(384K) Class: 12K(128K)->12K(128K)
[2026-03-27T19:25:40.758+0900][0.864s][info][gc          ] GC(18) Pause Young (Normal) (G1 Evacuation Pause) 406M->176M(408M) 1.337ms
[2026-03-27T19:25:40.758+0900][0.864s][info][gc,cpu      ] GC(18) User=0.00s Sys=0.00s Real=0.00s
[2026-03-27T19:25:40.758+0900][0.865s][info][gc,start    ] GC(19) Pause Young (Concurrent Start) (G1 Humongous Allocation)
[2026-03-27T19:25:40.758+0900][0.865s][info][gc,task     ] GC(19) Using 8 workers of 8 for evacuation
[2026-03-27T19:25:40.759+0900][0.866s][info][gc,phases   ] GC(19)   Pre Evacuate Collection Set: 0.1ms
[2026-03-27T19:25:40.759+0900][0.866s][info][gc,phases   ] GC(19)   Merge Heap Roots: 0.0ms
[2026-03-27T19:25:40.759+0900][0.866s][info][gc,phases   ] GC(19)   Evacuate Collection Set: 0.3ms
[2026-03-27T19:25:40.759+0900][0.866s][info][gc,phases   ] GC(19)   Post Evacuate Collection Set: 0.1ms
[2026-03-27T19:25:40.759+0900][0.866s][info][gc,phases   ] GC(19)   Other: 0.0ms
[2026-03-27T19:25:40.759+0900][0.866s][info][gc,heap     ] GC(19) Eden regions: 4->0(181)
[2026-03-27T19:25:40.759+0900][0.866s][info][gc,heap     ] GC(19) Survivor regions: 1->1(24)
[2026-03-27T19:25:40.759+0900][0.866s][info][gc,heap     ] GC(19) Old regions: 0->0
[2026-03-27T19:25:40.759+0900][0.866s][info][gc,heap     ] GC(19) Archive regions: 0->0
[2026-03-27T19:25:40.759+0900][0.866s][info][gc,heap     ] GC(19) Humongous regions: 184->184
[2026-03-27T19:25:40.759+0900][0.866s][info][gc,metaspace] GC(19) Metaspace: 285K(512K)->285K(512K) NonClass: 272K(384K)->272K(384K) Class: 12K(128K)->12K(128K)
[2026-03-27T19:25:40.759+0900][0.866s][info][gc          ] GC(19) Pause Young (Concurrent Start) (G1 Humongous Allocation) 188M->184M(408M) 0.847ms
[2026-03-27T19:25:40.759+0900][0.866s][info][gc,cpu      ] GC(19) User=0.00s Sys=0.00s Real=0.00s
[2026-03-27T19:25:40.759+0900][0.866s][info][gc          ] GC(20) Concurrent Mark Cycle
[2026-03-27T19:25:40.759+0900][0.866s][info][gc,marking  ] GC(20) Concurrent Clear Claimed Marks
[2026-03-27T19:25:40.759+0900][0.866s][info][gc,marking  ] GC(20) Concurrent Clear Claimed Marks 0.012ms
[2026-03-27T19:25:40.759+0900][0.866s][info][gc,marking  ] GC(20) Concurrent Scan Root Regions
[2026-03-27T19:25:40.760+0900][0.866s][info][gc,marking  ] GC(20) Concurrent Scan Root Regions 0.463ms
[2026-03-27T19:25:40.760+0900][0.866s][info][gc,marking  ] GC(20) Concurrent Mark
[2026-03-27T19:25:40.760+0900][0.866s][info][gc,marking  ] GC(20) Concurrent Mark From Roots
[2026-03-27T19:25:40.760+0900][0.866s][info][gc,task     ] GC(20) Using 2 workers of 2 for marking
[2026-03-27T19:25:40.760+0900][0.866s][info][gc,marking  ] GC(20) Concurrent Mark From Roots 0.119ms
[2026-03-27T19:25:40.760+0900][0.866s][info][gc,marking  ] GC(20) Concurrent Preclean
[2026-03-27T19:25:40.760+0900][0.866s][info][gc,marking  ] GC(20) Concurrent Preclean 0.011ms
[2026-03-27T19:25:40.760+0900][0.867s][info][gc,start    ] GC(20) Pause Remark
[2026-03-27T19:25:40.760+0900][0.867s][info][gc          ] GC(20) Pause Remark 199M->199M(408M) 0.223ms
[2026-03-27T19:25:40.760+0900][0.867s][info][gc,cpu      ] GC(20) User=0.00s Sys=0.00s Real=0.00s
[2026-03-27T19:25:40.760+0900][0.867s][info][gc,marking  ] GC(20) Concurrent Mark 0.488ms
[2026-03-27T19:25:40.760+0900][0.867s][info][gc,marking  ] GC(20) Concurrent Rebuild Remembered Sets
[2026-03-27T19:25:40.760+0900][0.867s][info][gc,marking  ] GC(20) Concurrent Rebuild Remembered Sets 0.011ms
[2026-03-27T19:25:40.760+0900][0.867s][info][gc,start    ] GC(20) Pause Cleanup
[2026-03-27T19:25:40.760+0900][0.867s][info][gc          ] GC(20) Pause Cleanup 199M->199M(408M) 0.037ms
[2026-03-27T19:25:40.760+0900][0.867s][info][gc,cpu      ] GC(20) User=0.00s Sys=0.00s Real=0.00s
[2026-03-27T19:25:40.760+0900][0.867s][info][gc,marking  ] GC(20) Concurrent Cleanup for Next Mark
[2026-03-27T19:25:40.761+0900][0.867s][info][gc,marking  ] GC(20) Concurrent Cleanup for Next Mark 0.259ms
[2026-03-27T19:25:40.761+0900][0.867s][info][gc          ] GC(20) Concurrent Mark Cycle 1.512ms
[2026-03-27T19:25:40.803+0900][0.909s][info][gc,start    ] GC(21) Pause Young (Concurrent Start) (G1 Humongous Allocation)
[2026-03-27T19:25:40.803+0900][0.909s][info][gc,task     ] GC(21) Using 8 workers of 8 for evacuation
[2026-03-27T19:25:40.803+0900][0.910s][info][gc,phases   ] GC(21)   Pre Evacuate Collection Set: 0.1ms
[2026-03-27T19:25:40.803+0900][0.910s][info][gc,phases   ] GC(21)   Merge Heap Roots: 0.0ms
[2026-03-27T19:25:40.803+0900][0.910s][info][gc,phases   ] GC(21)   Evacuate Collection Set: 0.4ms
[2026-03-27T19:25:40.803+0900][0.910s][info][gc,phases   ] GC(21)   Post Evacuate Collection Set: 0.1ms
[2026-03-27T19:25:40.803+0900][0.910s][info][gc,phases   ] GC(21)   Other: 0.1ms
[2026-03-27T19:25:40.803+0900][0.910s][info][gc,heap     ] GC(21) Eden regions: 34->0(167)
[2026-03-27T19:25:40.803+0900][0.910s][info][gc,heap     ] GC(21) Survivor regions: 1->1(23)
[2026-03-27T19:25:40.803+0900][0.910s][info][gc,heap     ] GC(21) Old regions: 0->0
[2026-03-27T19:25:40.803+0900][0.910s][info][gc,heap     ] GC(21) Archive regions: 0->0
[2026-03-27T19:25:40.803+0900][0.910s][info][gc,heap     ] GC(21) Humongous regions: 198->198
[2026-03-27T19:25:40.803+0900][0.910s][info][gc,metaspace] GC(21) Metaspace: 285K(512K)->285K(512K) NonClass: 272K(384K)->272K(384K) Class: 12K(128K)->12K(128K)
[2026-03-27T19:25:40.803+0900][0.910s][info][gc          ] GC(21) Pause Young (Concurrent Start) (G1 Humongous Allocation) 232M->198M(408M) 0.923ms
[2026-03-27T19:25:40.804+0900][0.910s][info][gc,cpu      ] GC(21) User=0.00s Sys=0.00s Real=0.00s
[2026-03-27T19:25:40.804+0900][0.910s][info][gc          ] GC(22) Concurrent Mark Cycle
[2026-03-27T19:25:40.804+0900][0.910s][info][gc,marking  ] GC(22) Concurrent Clear Claimed Marks
[2026-03-27T19:25:40.804+0900][0.910s][info][gc,marking  ] GC(22) Concurrent Clear Claimed Marks 0.013ms
[2026-03-27T19:25:40.804+0900][0.910s][info][gc,marking  ] GC(22) Concurrent Scan Root Regions
[2026-03-27T19:25:40.804+0900][0.911s][info][gc,marking  ] GC(22) Concurrent Scan Root Regions 0.385ms
[2026-03-27T19:25:40.804+0900][0.911s][info][gc,marking  ] GC(22) Concurrent Mark
[2026-03-27T19:25:40.804+0900][0.911s][info][gc,marking  ] GC(22) Concurrent Mark From Roots
[2026-03-27T19:25:40.804+0900][0.911s][info][gc,task     ] GC(22) Using 2 workers of 2 for marking
[2026-03-27T19:25:40.804+0900][0.911s][info][gc,marking  ] GC(22) Concurrent Mark From Roots 0.112ms
[2026-03-27T19:25:40.804+0900][0.911s][info][gc,marking  ] GC(22) Concurrent Preclean
[2026-03-27T19:25:40.804+0900][0.911s][info][gc,marking  ] GC(22) Concurrent Preclean 0.012ms
[2026-03-27T19:25:40.805+0900][0.911s][info][gc,start    ] GC(22) Pause Remark
[2026-03-27T19:25:40.805+0900][0.911s][info][gc          ] GC(22) Pause Remark 221M->221M(408M) 0.204ms
[2026-03-27T19:25:40.805+0900][0.911s][info][gc,cpu      ] GC(22) User=0.00s Sys=0.00s Real=0.00s
[2026-03-27T19:25:40.805+0900][0.911s][info][gc,marking  ] GC(22) Concurrent Mark 0.471ms
[2026-03-27T19:25:40.805+0900][0.911s][info][gc,marking  ] GC(22) Concurrent Rebuild Remembered Sets
[2026-03-27T19:25:40.805+0900][0.911s][info][gc,marking  ] GC(22) Concurrent Rebuild Remembered Sets 0.011ms
[2026-03-27T19:25:40.805+0900][0.911s][info][gc,start    ] GC(22) Pause Cleanup
[2026-03-27T19:25:40.805+0900][0.911s][info][gc          ] GC(22) Pause Cleanup 221M->221M(408M) 0.020ms
[2026-03-27T19:25:40.805+0900][0.911s][info][gc,cpu      ] GC(22) User=0.00s Sys=0.00s Real=0.00s
[2026-03-27T19:25:40.805+0900][0.911s][info][gc,marking  ] GC(22) Concurrent Cleanup for Next Mark
[2026-03-27T19:25:40.805+0900][0.911s][info][gc,marking  ] GC(22) Concurrent Cleanup for Next Mark 0.150ms
[2026-03-27T19:25:40.805+0900][0.911s][info][gc          ] GC(22) Concurrent Mark Cycle 1.259ms
[2026-03-27T19:25:40.851+0900][0.957s][info][gc,start    ] GC(23) Pause Young (Concurrent Start) (G1 Humongous Allocation)
[2026-03-27T19:25:40.851+0900][0.957s][info][gc,task     ] GC(23) Using 8 workers of 8 for evacuation
[2026-03-27T19:25:40.851+0900][0.958s][info][gc,phases   ] GC(23)   Pre Evacuate Collection Set: 0.1ms
[2026-03-27T19:25:40.851+0900][0.958s][info][gc,phases   ] GC(23)   Merge Heap Roots: 0.1ms
[2026-03-27T19:25:40.851+0900][0.958s][info][gc,phases   ] GC(23)   Evacuate Collection Set: 0.4ms
[2026-03-27T19:25:40.851+0900][0.958s][info][gc,phases   ] GC(23)   Post Evacuate Collection Set: 0.2ms
[2026-03-27T19:25:40.851+0900][0.958s][info][gc,phases   ] GC(23)   Other: 0.1ms
[2026-03-27T19:25:40.851+0900][0.958s][info][gc,heap     ] GC(23) Eden regions: 34->0(145)
[2026-03-27T19:25:40.851+0900][0.958s][info][gc,heap     ] GC(23) Survivor regions: 1->1(21)
[2026-03-27T19:25:40.851+0900][0.958s][info][gc,heap     ] GC(23) Old regions: 0->0
[2026-03-27T19:25:40.851+0900][0.958s][info][gc,heap     ] GC(23) Archive regions: 0->0
[2026-03-27T19:25:40.851+0900][0.958s][info][gc,heap     ] GC(23) Humongous regions: 220->220
[2026-03-27T19:25:40.851+0900][0.958s][info][gc,metaspace] GC(23) Metaspace: 285K(512K)->285K(512K) NonClass: 272K(384K)->272K(384K) Class: 12K(128K)->12K(128K)
[2026-03-27T19:25:40.851+0900][0.958s][info][gc          ] GC(23) Pause Young (Concurrent Start) (G1 Humongous Allocation) 254M->220M(408M) 1.125ms
[2026-03-27T19:25:40.851+0900][0.958s][info][gc,cpu      ] GC(23) User=0.00s Sys=0.00s Real=0.00s
[2026-03-27T19:25:40.851+0900][0.958s][info][gc          ] GC(24) Concurrent Mark Cycle
[2026-03-27T19:25:40.851+0900][0.958s][info][gc,marking  ] GC(24) Concurrent Clear Claimed Marks
[2026-03-27T19:25:40.851+0900][0.958s][info][gc,marking  ] GC(24) Concurrent Clear Claimed Marks 0.012ms
[2026-03-27T19:25:40.851+0900][0.958s][info][gc,marking  ] GC(24) Concurrent Scan Root Regions
[2026-03-27T19:25:40.852+0900][0.959s][info][gc,marking  ] GC(24) Concurrent Scan Root Regions 0.384ms
[2026-03-27T19:25:40.852+0900][0.959s][info][gc,marking  ] GC(24) Concurrent Mark
[2026-03-27T19:25:40.852+0900][0.959s][info][gc,marking  ] GC(24) Concurrent Mark From Roots
[2026-03-27T19:25:40.852+0900][0.959s][info][gc,task     ] GC(24) Using 2 workers of 2 for marking
[2026-03-27T19:25:40.852+0900][0.959s][info][gc,marking  ] GC(24) Concurrent Mark From Roots 0.129ms
[2026-03-27T19:25:40.852+0900][0.959s][info][gc,marking  ] GC(24) Concurrent Preclean
[2026-03-27T19:25:40.852+0900][0.959s][info][gc,marking  ] GC(24) Concurrent Preclean 0.012ms
[2026-03-27T19:25:40.852+0900][0.959s][info][gc,start    ] GC(24) Pause Remark
[2026-03-27T19:25:40.852+0900][0.959s][info][gc          ] GC(24) Pause Remark 243M->243M(408M) 0.201ms
[2026-03-27T19:25:40.852+0900][0.959s][info][gc,cpu      ] GC(24) User=0.00s Sys=0.00s Real=0.00s
[2026-03-27T19:25:40.852+0900][0.959s][info][gc,marking  ] GC(24) Concurrent Mark 0.471ms
[2026-03-27T19:25:40.852+0900][0.959s][info][gc,marking  ] GC(24) Concurrent Rebuild Remembered Sets
[2026-03-27T19:25:40.852+0900][0.959s][info][gc,marking  ] GC(24) Concurrent Rebuild Remembered Sets 0.010ms
[2026-03-27T19:25:40.852+0900][0.959s][info][gc,start    ] GC(24) Pause Cleanup
[2026-03-27T19:25:40.852+0900][0.959s][info][gc          ] GC(24) Pause Cleanup 243M->243M(408M) 0.021ms
[2026-03-27T19:25:40.852+0900][0.959s][info][gc,cpu      ] GC(24) User=0.00s Sys=0.00s Real=0.00s
[2026-03-27T19:25:40.852+0900][0.959s][info][gc,marking  ] GC(24) Concurrent Cleanup for Next Mark
[2026-03-27T19:25:40.853+0900][0.960s][info][gc,marking  ] GC(24) Concurrent Cleanup for Next Mark 0.149ms
[2026-03-27T19:25:40.853+0900][0.960s][info][gc          ] GC(24) Concurrent Mark Cycle 1.253ms
[2026-03-27T19:25:40.898+0900][1.004s][info][gc,start    ] GC(25) Pause Young (Concurrent Start) (G1 Humongous Allocation)
[2026-03-27T19:25:40.898+0900][1.004s][info][gc,task     ] GC(25) Using 8 workers of 8 for evacuation
[2026-03-27T19:25:40.899+0900][1.005s][info][gc,phases   ] GC(25)   Pre Evacuate Collection Set: 0.1ms
[2026-03-27T19:25:40.899+0900][1.005s][info][gc,phases   ] GC(25)   Merge Heap Roots: 0.1ms
[2026-03-27T19:25:40.899+0900][1.005s][info][gc,phases   ] GC(25)   Evacuate Collection Set: 0.4ms
[2026-03-27T19:25:40.899+0900][1.005s][info][gc,phases   ] GC(25)   Post Evacuate Collection Set: 0.2ms
[2026-03-27T19:25:40.899+0900][1.005s][info][gc,phases   ] GC(25)   Other: 0.1ms
[2026-03-27T19:25:40.899+0900][1.005s][info][gc,heap     ] GC(25) Eden regions: 34->0(123)
[2026-03-27T19:25:40.899+0900][1.005s][info][gc,heap     ] GC(25) Survivor regions: 1->1(19)
[2026-03-27T19:25:40.899+0900][1.005s][info][gc,heap     ] GC(25) Old regions: 0->0
[2026-03-27T19:25:40.899+0900][1.005s][info][gc,heap     ] GC(25) Archive regions: 0->0
[2026-03-27T19:25:40.899+0900][1.005s][info][gc,heap     ] GC(25) Humongous regions: 242->242
[2026-03-27T19:25:40.899+0900][1.005s][info][gc,metaspace] GC(25) Metaspace: 285K(512K)->285K(512K) NonClass: 272K(384K)->272K(384K) Class: 12K(128K)->12K(128K)
[2026-03-27T19:25:40.899+0900][1.005s][info][gc          ] GC(25) Pause Young (Concurrent Start) (G1 Humongous Allocation) 276M->242M(408M) 1.118ms
[2026-03-27T19:25:40.899+0900][1.005s][info][gc,cpu      ] GC(25) User=0.00s Sys=0.00s Real=0.00s
[2026-03-27T19:25:40.899+0900][1.005s][info][gc          ] GC(26) Concurrent Mark Cycle
[2026-03-27T19:25:40.899+0900][1.005s][info][gc,marking  ] GC(26) Concurrent Clear Claimed Marks
[2026-03-27T19:25:40.899+0900][1.005s][info][gc,marking  ] GC(26) Concurrent Clear Claimed Marks 0.014ms
[2026-03-27T19:25:40.899+0900][1.005s][info][gc,marking  ] GC(26) Concurrent Scan Root Regions
[2026-03-27T19:25:40.899+0900][1.006s][info][gc,marking  ] GC(26) Concurrent Scan Root Regions 0.389ms
[2026-03-27T19:25:40.899+0900][1.006s][info][gc,marking  ] GC(26) Concurrent Mark
[2026-03-27T19:25:40.899+0900][1.006s][info][gc,marking  ] GC(26) Concurrent Mark From Roots
[2026-03-27T19:25:40.899+0900][1.006s][info][gc,task     ] GC(26) Using 2 workers of 2 for marking
[2026-03-27T19:25:40.899+0900][1.006s][info][gc,marking  ] GC(26) Concurrent Mark From Roots 0.161ms
[2026-03-27T19:25:40.899+0900][1.006s][info][gc,marking  ] GC(26) Concurrent Preclean
[2026-03-27T19:25:40.899+0900][1.006s][info][gc,marking  ] GC(26) Concurrent Preclean 0.011ms
[2026-03-27T19:25:40.900+0900][1.006s][info][gc,start    ] GC(26) Pause Remark
[2026-03-27T19:25:40.900+0900][1.006s][info][gc          ] GC(26) Pause Remark 265M->265M(444M) 0.365ms
[2026-03-27T19:25:40.900+0900][1.006s][info][gc,cpu      ] GC(26) User=0.00s Sys=0.00s Real=0.00s
[2026-03-27T19:25:40.900+0900][1.006s][info][gc,marking  ] GC(26) Concurrent Mark 0.661ms
[2026-03-27T19:25:40.900+0900][1.007s][info][gc,marking  ] GC(26) Concurrent Rebuild Remembered Sets
[2026-03-27T19:25:40.900+0900][1.007s][info][gc,marking  ] GC(26) Concurrent Rebuild Remembered Sets 0.011ms
[2026-03-27T19:25:40.900+0900][1.007s][info][gc,start    ] GC(26) Pause Cleanup
[2026-03-27T19:25:40.900+0900][1.007s][info][gc          ] GC(26) Pause Cleanup 265M->265M(444M) 0.039ms
[2026-03-27T19:25:40.900+0900][1.007s][info][gc,cpu      ] GC(26) User=0.00s Sys=0.00s Real=0.00s
[2026-03-27T19:25:40.900+0900][1.007s][info][gc,marking  ] GC(26) Concurrent Cleanup for Next Mark
[2026-03-27T19:25:40.900+0900][1.007s][info][gc,marking  ] GC(26) Concurrent Cleanup for Next Mark 0.343ms
[2026-03-27T19:25:40.900+0900][1.007s][info][gc          ] GC(26) Concurrent Mark Cycle 1.704ms
[2026-03-27T19:25:40.949+0900][1.055s][info][gc,start    ] GC(27) Pause Young (Concurrent Start) (G1 Humongous Allocation)
[2026-03-27T19:25:40.949+0900][1.055s][info][gc,task     ] GC(27) Using 8 workers of 8 for evacuation
[2026-03-27T19:25:40.949+0900][1.056s][info][gc,phases   ] GC(27)   Pre Evacuate Collection Set: 0.1ms
[2026-03-27T19:25:40.950+0900][1.056s][info][gc,phases   ] GC(27)   Merge Heap Roots: 0.0ms
[2026-03-27T19:25:40.950+0900][1.056s][info][gc,phases   ] GC(27)   Evacuate Collection Set: 0.4ms
[2026-03-27T19:25:40.950+0900][1.056s][info][gc,phases   ] GC(27)   Post Evacuate Collection Set: 0.2ms
[2026-03-27T19:25:40.950+0900][1.056s][info][gc,phases   ] GC(27)   Other: 0.1ms
[2026-03-27T19:25:40.950+0900][1.056s][info][gc,heap     ] GC(27) Eden regions: 34->0(265)
[2026-03-27T19:25:40.950+0900][1.056s][info][gc,heap     ] GC(27) Survivor regions: 1->1(16)
[2026-03-27T19:25:40.950+0900][1.056s][info][gc,heap     ] GC(27) Old regions: 0->1
[2026-03-27T19:25:40.950+0900][1.056s][info][gc,heap     ] GC(27) Archive regions: 0->0
[2026-03-27T19:25:40.950+0900][1.056s][info][gc,heap     ] GC(27) Humongous regions: 264->44
[2026-03-27T19:25:40.950+0900][1.056s][info][gc,metaspace] GC(27) Metaspace: 285K(512K)->285K(512K) NonClass: 272K(384K)->272K(384K) Class: 12K(128K)->12K(128K)
[2026-03-27T19:25:40.950+0900][1.056s][info][gc          ] GC(27) Pause Young (Concurrent Start) (G1 Humongous Allocation) 298M->44M(444M) 1.015ms
[2026-03-27T19:25:40.950+0900][1.056s][info][gc,cpu      ] GC(27) User=0.00s Sys=0.00s Real=0.00s
[2026-03-27T19:25:40.950+0900][1.056s][info][gc          ] GC(28) Concurrent Undo Cycle
[2026-03-27T19:25:40.950+0900][1.056s][info][gc,marking  ] GC(28) Concurrent Cleanup for Next Mark
[2026-03-27T19:25:40.950+0900][1.056s][info][gc,marking  ] GC(28) Concurrent Cleanup for Next Mark 0.036ms
[2026-03-27T19:25:40.950+0900][1.056s][info][gc          ] GC(28) Concurrent Undo Cycle 0.112ms
[2026-03-27T19:25:41.239+0900][1.345s][info][gc,start    ] GC(29) Pause Young (Concurrent Start) (G1 Humongous Allocation)
[2026-03-27T19:25:41.239+0900][1.345s][info][gc,task     ] GC(29) Using 8 workers of 8 for evacuation
[2026-03-27T19:25:41.239+0900][1.346s][info][gc,phases   ] GC(29)   Pre Evacuate Collection Set: 0.1ms
[2026-03-27T19:25:41.239+0900][1.346s][info][gc,phases   ] GC(29)   Merge Heap Roots: 0.1ms
[2026-03-27T19:25:41.239+0900][1.346s][info][gc,phases   ] GC(29)   Evacuate Collection Set: 0.2ms
[2026-03-27T19:25:41.239+0900][1.346s][info][gc,phases   ] GC(29)   Post Evacuate Collection Set: 0.3ms
[2026-03-27T19:25:41.239+0900][1.346s][info][gc,phases   ] GC(29)   Other: 0.1ms
[2026-03-27T19:25:41.239+0900][1.346s][info][gc,heap     ] GC(29) Eden regions: 234->0(197)
[2026-03-27T19:25:41.240+0900][1.346s][info][gc,heap     ] GC(29) Survivor regions: 1->1(34)
[2026-03-27T19:25:41.240+0900][1.346s][info][gc,heap     ] GC(29) Old regions: 1->1
[2026-03-27T19:25:41.240+0900][1.346s][info][gc,heap     ] GC(29) Archive regions: 0->0
[2026-03-27T19:25:41.240+0900][1.346s][info][gc,heap     ] GC(29) Humongous regions: 199->199
[2026-03-27T19:25:41.240+0900][1.346s][info][gc,metaspace] GC(29) Metaspace: 285K(512K)->285K(512K) NonClass: 272K(384K)->272K(384K) Class: 12K(128K)->12K(128K)
[2026-03-27T19:25:41.240+0900][1.346s][info][gc          ] GC(29) Pause Young (Concurrent Start) (G1 Humongous Allocation) 433M->199M(444M) 0.961ms
[2026-03-27T19:25:41.240+0900][1.346s][info][gc,cpu      ] GC(29) User=0.00s Sys=0.00s Real=0.00s
[2026-03-27T19:25:41.240+0900][1.346s][info][gc          ] GC(30) Concurrent Mark Cycle
[2026-03-27T19:25:41.240+0900][1.346s][info][gc,marking  ] GC(30) Concurrent Clear Claimed Marks
[2026-03-27T19:25:41.240+0900][1.346s][info][gc,marking  ] GC(30) Concurrent Clear Claimed Marks 0.013ms
[2026-03-27T19:25:41.240+0900][1.346s][info][gc,marking  ] GC(30) Concurrent Scan Root Regions
[2026-03-27T19:25:41.240+0900][1.346s][info][gc,marking  ] GC(30) Concurrent Scan Root Regions 0.062ms
[2026-03-27T19:25:41.240+0900][1.346s][info][gc,marking  ] GC(30) Concurrent Mark
[2026-03-27T19:25:41.240+0900][1.346s][info][gc,marking  ] GC(30) Concurrent Mark From Roots
[2026-03-27T19:25:41.240+0900][1.346s][info][gc,task     ] GC(30) Using 2 workers of 2 for marking
[2026-03-27T19:25:41.247+0900][1.354s][info][gc,marking  ] GC(30) Concurrent Mark From Roots 7.372ms
[2026-03-27T19:25:41.247+0900][1.354s][info][gc,marking  ] GC(30) Concurrent Preclean
[2026-03-27T19:25:41.247+0900][1.354s][info][gc,marking  ] GC(30) Concurrent Preclean 0.015ms
[2026-03-27T19:25:41.247+0900][1.354s][info][gc,start    ] GC(30) Pause Remark
[2026-03-27T19:25:41.247+0900][1.354s][info][gc          ] GC(30) Pause Remark 221M->221M(444M) 0.290ms
[2026-03-27T19:25:41.247+0900][1.354s][info][gc,cpu      ] GC(30) User=0.00s Sys=0.00s Real=0.00s
[2026-03-27T19:25:41.247+0900][1.354s][info][gc,marking  ] GC(30) Concurrent Mark 7.895ms
[2026-03-27T19:25:41.247+0900][1.354s][info][gc,marking  ] GC(30) Concurrent Rebuild Remembered Sets
[2026-03-27T19:25:41.247+0900][1.355s][info][gc,marking  ] GC(30) Concurrent Rebuild Remembered Sets 0.355ms
[2026-03-27T19:25:41.248+0900][1.355s][info][gc,start    ] GC(30) Pause Cleanup
[2026-03-27T19:25:41.248+0900][1.355s][info][gc          ] GC(30) Pause Cleanup 221M->221M(444M) 0.061ms
[2026-03-27T19:25:41.248+0900][1.355s][info][gc,cpu      ] GC(30) User=0.00s Sys=0.00s Real=0.00s
[2026-03-27T19:25:41.248+0900][1.355s][info][gc,marking  ] GC(30) Concurrent Cleanup for Next Mark
[2026-03-27T19:25:41.248+0900][1.355s][info][gc,marking  ] GC(30) Concurrent Cleanup for Next Mark 0.317ms
[2026-03-27T19:25:41.248+0900][1.355s][info][gc          ] GC(30) Concurrent Mark Cycle 8.936ms
[2026-03-27T19:25:41.285+0900][1.392s][info][gc,start    ] GC(31) Pause Young (Concurrent Start) (G1 Humongous Allocation)
[2026-03-27T19:25:41.285+0900][1.392s][info][gc,task     ] GC(31) Using 8 workers of 8 for evacuation
[2026-03-27T19:25:41.286+0900][1.393s][info][gc,phases   ] GC(31)   Pre Evacuate Collection Set: 0.1ms
[2026-03-27T19:25:41.286+0900][1.393s][info][gc,phases   ] GC(31)   Merge Heap Roots: 0.0ms
[2026-03-27T19:25:41.286+0900][1.393s][info][gc,phases   ] GC(31)   Evacuate Collection Set: 0.1ms
[2026-03-27T19:25:41.286+0900][1.393s][info][gc,phases   ] GC(31)   Post Evacuate Collection Set: 0.1ms
[2026-03-27T19:25:41.286+0900][1.393s][info][gc,phases   ] GC(31)   Other: 0.1ms
[2026-03-27T19:25:41.286+0900][1.393s][info][gc,heap     ] GC(31) Eden regions: 34->0(176)
[2026-03-27T19:25:41.286+0900][1.393s][info][gc,heap     ] GC(31) Survivor regions: 1->1(25)
[2026-03-27T19:25:41.286+0900][1.393s][info][gc,heap     ] GC(31) Old regions: 1->1
[2026-03-27T19:25:41.286+0900][1.393s][info][gc,heap     ] GC(31) Archive regions: 0->0
[2026-03-27T19:25:41.286+0900][1.393s][info][gc,heap     ] GC(31) Humongous regions: 220->220
[2026-03-27T19:25:41.286+0900][1.393s][info][gc,metaspace] GC(31) Metaspace: 285K(512K)->285K(512K) NonClass: 272K(384K)->272K(384K) Class: 12K(128K)->12K(128K)
[2026-03-27T19:25:41.286+0900][1.393s][info][gc          ] GC(31) Pause Young (Concurrent Start) (G1 Humongous Allocation) 254M->220M(444M) 0.643ms
[2026-03-27T19:25:41.286+0900][1.393s][info][gc,cpu      ] GC(31) User=0.00s Sys=0.00s Real=0.00s
[2026-03-27T19:25:41.286+0900][1.393s][info][gc          ] GC(32) Concurrent Mark Cycle
[2026-03-27T19:25:41.286+0900][1.393s][info][gc,marking  ] GC(32) Concurrent Clear Claimed Marks
[2026-03-27T19:25:41.286+0900][1.393s][info][gc,marking  ] GC(32) Concurrent Clear Claimed Marks 0.013ms
[2026-03-27T19:25:41.286+0900][1.393s][info][gc,marking  ] GC(32) Concurrent Scan Root Regions
[2026-03-27T19:25:41.286+0900][1.393s][info][gc,marking  ] GC(32) Concurrent Scan Root Regions 0.075ms
[2026-03-27T19:25:41.286+0900][1.393s][info][gc,marking  ] GC(32) Concurrent Mark
[2026-03-27T19:25:41.286+0900][1.393s][info][gc,marking  ] GC(32) Concurrent Mark From Roots
[2026-03-27T19:25:41.286+0900][1.393s][info][gc,task     ] GC(32) Using 2 workers of 2 for marking
[2026-03-27T19:25:41.287+0900][1.394s][info][gc,marking  ] GC(32) Concurrent Mark From Roots 0.828ms
[2026-03-27T19:25:41.287+0900][1.394s][info][gc,marking  ] GC(32) Concurrent Preclean
[2026-03-27T19:25:41.287+0900][1.394s][info][gc,marking  ] GC(32) Concurrent Preclean 0.013ms
[2026-03-27T19:25:41.287+0900][1.394s][info][gc,start    ] GC(32) Pause Remark
[2026-03-27T19:25:41.287+0900][1.394s][info][gc          ] GC(32) Pause Remark 243M->243M(444M) 0.237ms
[2026-03-27T19:25:41.287+0900][1.394s][info][gc,cpu      ] GC(32) User=0.00s Sys=0.00s Real=0.00s
[2026-03-27T19:25:41.287+0900][1.394s][info][gc,marking  ] GC(32) Concurrent Mark 1.210ms
[2026-03-27T19:25:41.287+0900][1.394s][info][gc,marking  ] GC(32) Concurrent Rebuild Remembered Sets
[2026-03-27T19:25:41.288+0900][1.395s][info][gc,marking  ] GC(32) Concurrent Rebuild Remembered Sets 0.337ms
[2026-03-27T19:25:41.288+0900][1.395s][info][gc,start    ] GC(32) Pause Cleanup
[2026-03-27T19:25:41.288+0900][1.395s][info][gc          ] GC(32) Pause Cleanup 243M->243M(444M) 0.062ms
[2026-03-27T19:25:41.288+0900][1.395s][info][gc,cpu      ] GC(32) User=0.00s Sys=0.00s Real=0.00s
[2026-03-27T19:25:41.288+0900][1.395s][info][gc,marking  ] GC(32) Concurrent Cleanup for Next Mark
[2026-03-27T19:25:41.288+0900][1.395s][info][gc,marking  ] GC(32) Concurrent Cleanup for Next Mark 0.161ms
[2026-03-27T19:25:41.288+0900][1.395s][info][gc          ] GC(32) Concurrent Mark Cycle 2.106ms
[2026-03-27T19:25:41.332+0900][1.439s][info][gc,start    ] GC(33) Pause Young (Concurrent Start) (G1 Humongous Allocation)
[2026-03-27T19:25:41.332+0900][1.439s][info][gc,task     ] GC(33) Using 8 workers of 8 for evacuation
[2026-03-27T19:25:41.333+0900][1.440s][info][gc,phases   ] GC(33)   Pre Evacuate Collection Set: 0.1ms
[2026-03-27T19:25:41.333+0900][1.440s][info][gc,phases   ] GC(33)   Merge Heap Roots: 0.1ms
[2026-03-27T19:25:41.333+0900][1.440s][info][gc,phases   ] GC(33)   Evacuate Collection Set: 0.1ms
[2026-03-27T19:25:41.333+0900][1.440s][info][gc,phases   ] GC(33)   Post Evacuate Collection Set: 0.3ms
[2026-03-27T19:25:41.333+0900][1.440s][info][gc,phases   ] GC(33)   Other: 0.1ms
[2026-03-27T19:25:41.333+0900][1.440s][info][gc,heap     ] GC(33) Eden regions: 34->0(154)
[2026-03-27T19:25:41.333+0900][1.440s][info][gc,heap     ] GC(33) Survivor regions: 1->1(23)
[2026-03-27T19:25:41.333+0900][1.440s][info][gc,heap     ] GC(33) Old regions: 1->1
[2026-03-27T19:25:41.333+0900][1.440s][info][gc,heap     ] GC(33) Archive regions: 0->0
[2026-03-27T19:25:41.333+0900][1.440s][info][gc,heap     ] GC(33) Humongous regions: 242->242
[2026-03-27T19:25:41.333+0900][1.440s][info][gc,metaspace] GC(33) Metaspace: 285K(512K)->285K(512K) NonClass: 272K(384K)->272K(384K) Class: 12K(128K)->12K(128K)
[2026-03-27T19:25:41.333+0900][1.440s][info][gc          ] GC(33) Pause Young (Concurrent Start) (G1 Humongous Allocation) 276M->242M(444M) 1.006ms
[2026-03-27T19:25:41.333+0900][1.440s][info][gc,cpu      ] GC(33) User=0.00s Sys=0.00s Real=0.00s
[2026-03-27T19:25:41.333+0900][1.440s][info][gc          ] GC(34) Concurrent Mark Cycle
[2026-03-27T19:25:41.333+0900][1.440s][info][gc,marking  ] GC(34) Concurrent Clear Claimed Marks
[2026-03-27T19:25:41.333+0900][1.440s][info][gc,marking  ] GC(34) Concurrent Clear Claimed Marks 0.013ms
[2026-03-27T19:25:41.333+0900][1.440s][info][gc,marking  ] GC(34) Concurrent Scan Root Regions
[2026-03-27T19:25:41.333+0900][1.440s][info][gc,marking  ] GC(34) Concurrent Scan Root Regions 0.135ms
[2026-03-27T19:25:41.333+0900][1.440s][info][gc,marking  ] GC(34) Concurrent Mark
[2026-03-27T19:25:41.333+0900][1.440s][info][gc,marking  ] GC(34) Concurrent Mark From Roots
[2026-03-27T19:25:41.333+0900][1.440s][info][gc,task     ] GC(34) Using 2 workers of 2 for marking
[2026-03-27T19:25:41.335+0900][1.442s][info][gc,marking  ] GC(34) Concurrent Mark From Roots 1.113ms
[2026-03-27T19:25:41.335+0900][1.442s][info][gc,marking  ] GC(34) Concurrent Preclean
[2026-03-27T19:25:41.335+0900][1.442s][info][gc,marking  ] GC(34) Concurrent Preclean 0.015ms
[2026-03-27T19:25:41.335+0900][1.442s][info][gc,start    ] GC(34) Pause Remark
[2026-03-27T19:25:41.335+0900][1.442s][info][gc          ] GC(34) Pause Remark 265M->265M(445M) 0.289ms
[2026-03-27T19:25:41.335+0900][1.442s][info][gc,cpu      ] GC(34) User=0.00s Sys=0.00s Real=0.00s
[2026-03-27T19:25:41.335+0900][1.442s][info][gc,marking  ] GC(34) Concurrent Mark 1.627ms
[2026-03-27T19:25:41.335+0900][1.442s][info][gc,marking  ] GC(34) Concurrent Rebuild Remembered Sets
[2026-03-27T19:25:41.336+0900][1.442s][info][gc,marking  ] GC(34) Concurrent Rebuild Remembered Sets 0.392ms
[2026-03-27T19:25:41.336+0900][1.443s][info][gc,start    ] GC(34) Pause Cleanup
[2026-03-27T19:25:41.336+0900][1.443s][info][gc          ] GC(34) Pause Cleanup 265M->265M(445M) 0.060ms
[2026-03-27T19:25:41.336+0900][1.443s][info][gc,cpu      ] GC(34) User=0.00s Sys=0.00s Real=0.00s
[2026-03-27T19:25:41.336+0900][1.443s][info][gc,marking  ] GC(34) Concurrent Cleanup for Next Mark
[2026-03-27T19:25:41.336+0900][1.443s][info][gc,marking  ] GC(34) Concurrent Cleanup for Next Mark 0.176ms
[2026-03-27T19:25:41.336+0900][1.443s][info][gc          ] GC(34) Concurrent Mark Cycle 2.644ms
[2026-03-27T19:25:41.381+0900][1.487s][info][gc,start    ] GC(35) Pause Young (Concurrent Start) (G1 Humongous Allocation)
[2026-03-27T19:25:41.381+0900][1.488s][info][gc,task     ] GC(35) Using 8 workers of 8 for evacuation
[2026-03-27T19:25:41.382+0900][1.489s][info][gc,phases   ] GC(35)   Pre Evacuate Collection Set: 0.2ms
[2026-03-27T19:25:41.382+0900][1.489s][info][gc,phases   ] GC(35)   Merge Heap Roots: 0.1ms
[2026-03-27T19:25:41.382+0900][1.489s][info][gc,phases   ] GC(35)   Evacuate Collection Set: 0.3ms
[2026-03-27T19:25:41.382+0900][1.489s][info][gc,phases   ] GC(35)   Post Evacuate Collection Set: 0.5ms
[2026-03-27T19:25:41.382+0900][1.489s][info][gc,phases   ] GC(35)   Other: 0.2ms
[2026-03-27T19:25:41.382+0900][1.489s][info][gc,heap     ] GC(35) Eden regions: 34->0(133)
[2026-03-27T19:25:41.382+0900][1.489s][info][gc,heap     ] GC(35) Survivor regions: 1->1(20)
[2026-03-27T19:25:41.382+0900][1.489s][info][gc,heap     ] GC(35) Old regions: 1->1
[2026-03-27T19:25:41.382+0900][1.489s][info][gc,heap     ] GC(35) Archive regions: 0->0
[2026-03-27T19:25:41.382+0900][1.489s][info][gc,heap     ] GC(35) Humongous regions: 264->264
[2026-03-27T19:25:41.382+0900][1.489s][info][gc,metaspace] GC(35) Metaspace: 285K(512K)->285K(512K) NonClass: 272K(384K)->272K(384K) Class: 12K(128K)->12K(128K)
[2026-03-27T19:25:41.382+0900][1.489s][info][gc          ] GC(35) Pause Young (Concurrent Start) (G1 Humongous Allocation) 298M->264M(445M) 1.686ms
[2026-03-27T19:25:41.382+0900][1.489s][info][gc,cpu      ] GC(35) User=0.00s Sys=0.00s Real=0.00s
[2026-03-27T19:25:41.382+0900][1.489s][info][gc          ] GC(36) Concurrent Mark Cycle
[2026-03-27T19:25:41.382+0900][1.489s][info][gc,marking  ] GC(36) Concurrent Clear Claimed Marks
[2026-03-27T19:25:41.382+0900][1.489s][info][gc,marking  ] GC(36) Concurrent Clear Claimed Marks 0.013ms
[2026-03-27T19:25:41.382+0900][1.489s][info][gc,marking  ] GC(36) Concurrent Scan Root Regions
[2026-03-27T19:25:41.382+0900][1.489s][info][gc,marking  ] GC(36) Concurrent Scan Root Regions 0.088ms
[2026-03-27T19:25:41.382+0900][1.489s][info][gc,marking  ] GC(36) Concurrent Mark
[2026-03-27T19:25:41.382+0900][1.489s][info][gc,marking  ] GC(36) Concurrent Mark From Roots
[2026-03-27T19:25:41.382+0900][1.489s][info][gc,task     ] GC(36) Using 2 workers of 2 for marking
[2026-03-27T19:25:41.383+0900][1.490s][info][gc,marking  ] GC(36) Concurrent Mark From Roots 0.815ms
[2026-03-27T19:25:41.383+0900][1.490s][info][gc,marking  ] GC(36) Concurrent Preclean
[2026-03-27T19:25:41.383+0900][1.490s][info][gc,marking  ] GC(36) Concurrent Preclean 0.014ms
[2026-03-27T19:25:41.383+0900][1.490s][info][gc,start    ] GC(36) Pause Remark
[2026-03-27T19:25:41.383+0900][1.491s][info][gc          ] GC(36) Pause Remark 287M->287M(482M) 0.367ms
[2026-03-27T19:25:41.383+0900][1.491s][info][gc,cpu      ] GC(36) User=0.00s Sys=0.00s Real=0.00s
[2026-03-27T19:25:41.383+0900][1.491s][info][gc,marking  ] GC(36) Concurrent Mark 1.368ms
[2026-03-27T19:25:41.383+0900][1.491s][info][gc,marking  ] GC(36) Concurrent Rebuild Remembered Sets
[2026-03-27T19:25:41.384+0900][1.491s][info][gc,marking  ] GC(36) Concurrent Rebuild Remembered Sets 0.327ms
[2026-03-27T19:25:41.384+0900][1.491s][info][gc,start    ] GC(36) Pause Cleanup
[2026-03-27T19:25:41.384+0900][1.491s][info][gc          ] GC(36) Pause Cleanup 287M->287M(482M) 0.062ms
[2026-03-27T19:25:41.384+0900][1.491s][info][gc,cpu      ] GC(36) User=0.00s Sys=0.00s Real=0.00s
[2026-03-27T19:25:41.384+0900][1.491s][info][gc,marking  ] GC(36) Concurrent Cleanup for Next Mark
[2026-03-27T19:25:41.384+0900][1.492s][info][gc,marking  ] GC(36) Concurrent Cleanup for Next Mark 0.248ms
[2026-03-27T19:25:41.384+0900][1.492s][info][gc          ] GC(36) Concurrent Mark Cycle 2.345ms
[2026-03-27T19:25:41.433+0900][1.539s][info][gc,start    ] GC(37) Pause Young (Concurrent Start) (G1 Humongous Allocation)
[2026-03-27T19:25:41.433+0900][1.539s][info][gc,task     ] GC(37) Using 8 workers of 8 for evacuation
[2026-03-27T19:25:41.434+0900][1.541s][info][gc,phases   ] GC(37)   Pre Evacuate Collection Set: 0.1ms
[2026-03-27T19:25:41.434+0900][1.541s][info][gc,phases   ] GC(37)   Merge Heap Roots: 0.1ms
[2026-03-27T19:25:41.434+0900][1.541s][info][gc,phases   ] GC(37)   Evacuate Collection Set: 0.1ms
[2026-03-27T19:25:41.434+0900][1.541s][info][gc,phases   ] GC(37)   Post Evacuate Collection Set: 0.6ms
[2026-03-27T19:25:41.434+0900][1.541s][info][gc,phases   ] GC(37)   Other: 0.2ms
[2026-03-27T19:25:41.434+0900][1.541s][info][gc,heap     ] GC(37) Eden regions: 34->0(288)
[2026-03-27T19:25:41.434+0900][1.541s][info][gc,heap     ] GC(37) Survivor regions: 1->1(17)
[2026-03-27T19:25:41.434+0900][1.541s][info][gc,heap     ] GC(37) Old regions: 1->1
[2026-03-27T19:25:41.434+0900][1.541s][info][gc,heap     ] GC(37) Archive regions: 0->0
[2026-03-27T19:25:41.434+0900][1.541s][info][gc,heap     ] GC(37) Humongous regions: 286->66
[2026-03-27T19:25:41.434+0900][1.541s][info][gc,metaspace] GC(37) Metaspace: 285K(512K)->285K(512K) NonClass: 272K(384K)->272K(384K) Class: 12K(128K)->12K(128K)
[2026-03-27T19:25:41.434+0900][1.541s][info][gc          ] GC(37) Pause Young (Concurrent Start) (G1 Humongous Allocation) 320M->66M(482M) 1.421ms
[2026-03-27T19:25:41.434+0900][1.541s][info][gc,cpu      ] GC(37) User=0.00s Sys=0.00s Real=0.00s
[2026-03-27T19:25:41.434+0900][1.541s][info][gc          ] GC(38) Concurrent Undo Cycle
[2026-03-27T19:25:41.434+0900][1.541s][info][gc,marking  ] GC(38) Concurrent Cleanup for Next Mark
[2026-03-27T19:25:41.434+0900][1.541s][info][gc,marking  ] GC(38) Concurrent Cleanup for Next Mark 0.060ms
[2026-03-27T19:25:41.434+0900][1.541s][info][gc          ] GC(38) Concurrent Undo Cycle 0.141ms
[2026-03-27T19:25:41.647+0900][1.754s][info][gc,start    ] GC(39) Pause Young (Concurrent Start) (G1 Humongous Allocation)
[2026-03-27T19:25:41.647+0900][1.754s][info][gc,task     ] GC(39) Using 8 workers of 8 for evacuation
[2026-03-27T19:25:41.647+0900][1.755s][info][gc,phases   ] GC(39)   Pre Evacuate Collection Set: 0.1ms
[2026-03-27T19:25:41.647+0900][1.755s][info][gc,phases   ] GC(39)   Merge Heap Roots: 0.0ms
[2026-03-27T19:25:41.647+0900][1.755s][info][gc,phases   ] GC(39)   Evacuate Collection Set: 0.1ms
[2026-03-27T19:25:41.647+0900][1.755s][info][gc,phases   ] GC(39)   Post Evacuate Collection Set: 0.1ms
[2026-03-27T19:25:41.647+0900][1.755s][info][gc,phases   ] GC(39)   Other: 0.1ms
[2026-03-27T19:25:41.647+0900][1.755s][info][gc,heap     ] GC(39) Eden regions: 201->0(214)
[2026-03-27T19:25:41.647+0900][1.755s][info][gc,heap     ] GC(39) Survivor regions: 1->1(37)
[2026-03-27T19:25:41.647+0900][1.755s][info][gc,heap     ] GC(39) Old regions: 1->1
[2026-03-27T19:25:41.647+0900][1.755s][info][gc,heap     ] GC(39) Archive regions: 0->0
[2026-03-27T19:25:41.647+0900][1.755s][info][gc,heap     ] GC(39) Humongous regions: 216->216
[2026-03-27T19:25:41.647+0900][1.755s][info][gc,metaspace] GC(39) Metaspace: 285K(512K)->285K(512K) NonClass: 272K(384K)->272K(384K) Class: 12K(128K)->12K(128K)
[2026-03-27T19:25:41.647+0900][1.755s][info][gc          ] GC(39) Pause Young (Concurrent Start) (G1 Humongous Allocation) 416M->216M(482M) 0.688ms
[2026-03-27T19:25:41.647+0900][1.755s][info][gc,cpu      ] GC(39) User=0.00s Sys=0.00s Real=0.00s
[2026-03-27T19:25:41.647+0900][1.755s][info][gc          ] GC(40) Concurrent Mark Cycle
[2026-03-27T19:25:41.647+0900][1.755s][info][gc,marking  ] GC(40) Concurrent Clear Claimed Marks
[2026-03-27T19:25:41.647+0900][1.755s][info][gc,marking  ] GC(40) Concurrent Clear Claimed Marks 0.012ms
[2026-03-27T19:25:41.647+0900][1.755s][info][gc,marking  ] GC(40) Concurrent Scan Root Regions
[2026-03-27T19:25:41.647+0900][1.755s][info][gc,marking  ] GC(40) Concurrent Scan Root Regions 0.063ms
[2026-03-27T19:25:41.649+0900][1.755s][info][gc,marking  ] GC(40) Concurrent Mark
[2026-03-27T19:25:41.649+0900][1.755s][info][gc,marking  ] GC(40) Concurrent Mark From Roots
[2026-03-27T19:25:41.649+0900][1.755s][info][gc,task     ] GC(40) Using 2 workers of 2 for marking
[2026-03-27T19:25:41.650+0900][1.756s][info][gc,marking  ] GC(40) Concurrent Mark From Roots 1.097ms
[2026-03-27T19:25:41.650+0900][1.756s][info][gc,marking  ] GC(40) Concurrent Preclean
[2026-03-27T19:25:41.650+0900][1.756s][info][gc,marking  ] GC(40) Concurrent Preclean 0.013ms
[2026-03-27T19:25:41.650+0900][1.756s][info][gc,start    ] GC(40) Pause Remark
[2026-03-27T19:25:41.650+0900][1.757s][info][gc          ] GC(40) Pause Remark 221M->221M(482M) 0.233ms
[2026-03-27T19:25:41.650+0900][1.757s][info][gc,cpu      ] GC(40) User=0.00s Sys=0.00s Real=0.00s
[2026-03-27T19:25:41.650+0900][1.757s][info][gc,marking  ] GC(40) Concurrent Mark 1.497ms
[2026-03-27T19:25:41.650+0900][1.757s][info][gc,marking  ] GC(40) Concurrent Rebuild Remembered Sets
[2026-03-27T19:25:41.650+0900][1.757s][info][gc,marking  ] GC(40) Concurrent Rebuild Remembered Sets 0.354ms
[2026-03-27T19:25:41.650+0900][1.757s][info][gc,start    ] GC(40) Pause Cleanup
[2026-03-27T19:25:41.651+0900][1.757s][info][gc          ] GC(40) Pause Cleanup 221M->221M(482M) 0.074ms
[2026-03-27T19:25:41.651+0900][1.757s][info][gc,cpu      ] GC(40) User=0.00s Sys=0.00s Real=0.00s
[2026-03-27T19:25:41.651+0900][1.757s][info][gc,marking  ] GC(40) Concurrent Cleanup for Next Mark
[2026-03-27T19:25:41.651+0900][1.758s][info][gc,marking  ] GC(40) Concurrent Cleanup for Next Mark 0.349ms
[2026-03-27T19:25:41.651+0900][1.758s][info][gc          ] GC(40) Concurrent Mark Cycle 2.579ms
[2026-03-27T19:25:41.693+0900][1.799s][info][gc,start    ] GC(41) Pause Young (Concurrent Start) (G1 Humongous Allocation)
[2026-03-27T19:25:41.693+0900][1.800s][info][gc,task     ] GC(41) Using 8 workers of 8 for evacuation
[2026-03-27T19:25:41.693+0900][1.800s][info][gc,phases   ] GC(41)   Pre Evacuate Collection Set: 0.1ms
[2026-03-27T19:25:41.693+0900][1.800s][info][gc,phases   ] GC(41)   Merge Heap Roots: 0.0ms
[2026-03-27T19:25:41.693+0900][1.800s][info][gc,phases   ] GC(41)   Evacuate Collection Set: 0.1ms
[2026-03-27T19:25:41.693+0900][1.800s][info][gc,phases   ] GC(41)   Post Evacuate Collection Set: 0.1ms
[2026-03-27T19:25:41.693+0900][1.800s][info][gc,phases   ] GC(41)   Other: 0.1ms
[2026-03-27T19:25:41.693+0900][1.800s][info][gc,heap     ] GC(41) Eden regions: 34->0(210)
[2026-03-27T19:25:41.693+0900][1.800s][info][gc,heap     ] GC(41) Survivor regions: 1->1(27)
[2026-03-27T19:25:41.693+0900][1.800s][info][gc,heap     ] GC(41) Old regions: 1->1
[2026-03-27T19:25:41.693+0900][1.800s][info][gc,heap     ] GC(41) Archive regions: 0->0
[2026-03-27T19:25:41.693+0900][1.800s][info][gc,heap     ] GC(41) Humongous regions: 220->220
[2026-03-27T19:25:41.693+0900][1.800s][info][gc,metaspace] GC(41) Metaspace: 285K(512K)->285K(512K) NonClass: 272K(384K)->272K(384K) Class: 12K(128K)->12K(128K)
[2026-03-27T19:25:41.693+0900][1.800s][info][gc          ] GC(41) Pause Young (Concurrent Start) (G1 Humongous Allocation) 254M->220M(482M) 0.620ms
[2026-03-27T19:25:41.693+0900][1.800s][info][gc,cpu      ] GC(41) User=0.00s Sys=0.00s Real=0.00s
[2026-03-27T19:25:41.693+0900][1.800s][info][gc          ] GC(42) Concurrent Mark Cycle
[2026-03-27T19:25:41.693+0900][1.800s][info][gc,marking  ] GC(42) Concurrent Clear Claimed Marks
[2026-03-27T19:25:41.693+0900][1.800s][info][gc,marking  ] GC(42) Concurrent Clear Claimed Marks 0.013ms
[2026-03-27T19:25:41.693+0900][1.800s][info][gc,marking  ] GC(42) Concurrent Scan Root Regions
[2026-03-27T19:25:41.693+0900][1.800s][info][gc,marking  ] GC(42) Concurrent Scan Root Regions 0.069ms
[2026-03-27T19:25:41.693+0900][1.800s][info][gc,marking  ] GC(42) Concurrent Mark
[2026-03-27T19:25:41.693+0900][1.800s][info][gc,marking  ] GC(42) Concurrent Mark From Roots
[2026-03-27T19:25:41.693+0900][1.800s][info][gc,task     ] GC(42) Using 2 workers of 2 for marking
[2026-03-27T19:25:41.695+0900][1.801s][info][gc,marking  ] GC(42) Concurrent Mark From Roots 0.753ms
[2026-03-27T19:25:41.695+0900][1.801s][info][gc,marking  ] GC(42) Concurrent Preclean
[2026-03-27T19:25:41.695+0900][1.801s][info][gc,marking  ] GC(42) Concurrent Preclean 0.018ms
[2026-03-27T19:25:41.695+0900][1.801s][info][gc,start    ] GC(42) Pause Remark
[2026-03-27T19:25:41.695+0900][1.801s][info][gc          ] GC(42) Pause Remark 243M->243M(482M) 0.216ms
[2026-03-27T19:25:41.695+0900][1.801s][info][gc,cpu      ] GC(42) User=0.00s Sys=0.00s Real=0.00s
[2026-03-27T19:25:41.695+0900][1.801s][info][gc,marking  ] GC(42) Concurrent Mark 1.137ms
[2026-03-27T19:25:41.695+0900][1.801s][info][gc,marking  ] GC(42) Concurrent Rebuild Remembered Sets
[2026-03-27T19:25:41.695+0900][1.802s][info][gc,marking  ] GC(42) Concurrent Rebuild Remembered Sets 0.439ms
[2026-03-27T19:25:41.696+0900][1.802s][info][gc,start    ] GC(42) Pause Cleanup
[2026-03-27T19:25:41.696+0900][1.802s][info][gc          ] GC(42) Pause Cleanup 243M->243M(482M) 0.062ms
[2026-03-27T19:25:41.696+0900][1.802s][info][gc,cpu      ] GC(42) User=0.00s Sys=0.00s Real=0.00s
[2026-03-27T19:25:41.696+0900][1.802s][info][gc,marking  ] GC(42) Concurrent Cleanup for Next Mark
[2026-03-27T19:25:41.696+0900][1.802s][info][gc,marking  ] GC(42) Concurrent Cleanup for Next Mark 0.167ms
[2026-03-27T19:25:41.696+0900][1.802s][info][gc          ] GC(42) Concurrent Mark Cycle 2.143ms
[2026-03-27T19:25:41.726+0900][1.833s][info][gc,start    ] GC(43) Pause Young (Concurrent Start) (G1 Humongous Allocation)
[2026-03-27T19:25:41.727+0900][1.833s][info][gc,task     ] GC(43) Using 8 workers of 8 for evacuation
[2026-03-27T19:25:41.727+0900][1.833s][info][gc,phases   ] GC(43)   Pre Evacuate Collection Set: 0.1ms
[2026-03-27T19:25:41.727+0900][1.833s][info][gc,phases   ] GC(43)   Merge Heap Roots: 0.0ms
[2026-03-27T19:25:41.727+0900][1.833s][info][gc,phases   ] GC(43)   Evacuate Collection Set: 0.1ms
[2026-03-27T19:25:41.727+0900][1.833s][info][gc,phases   ] GC(43)   Post Evacuate Collection Set: 0.1ms
[2026-03-27T19:25:41.727+0900][1.833s][info][gc,phases   ] GC(43)   Other: 0.1ms
[2026-03-27T19:25:41.727+0900][1.834s][info][gc,heap     ] GC(43) Eden regions: 34->0(188)
[2026-03-27T19:25:41.727+0900][1.834s][info][gc,heap     ] GC(43) Survivor regions: 1->1(27)
[2026-03-27T19:25:41.727+0900][1.834s][info][gc,heap     ] GC(43) Old regions: 1->1
[2026-03-27T19:25:41.727+0900][1.834s][info][gc,heap     ] GC(43) Archive regions: 0->0
[2026-03-27T19:25:41.727+0900][1.834s][info][gc,heap     ] GC(43) Humongous regions: 242->242
[2026-03-27T19:25:41.727+0900][1.834s][info][gc,metaspace] GC(43) Metaspace: 285K(512K)->285K(512K) NonClass: 272K(384K)->272K(384K) Class: 12K(128K)->12K(128K)
[2026-03-27T19:25:41.727+0900][1.834s][info][gc          ] GC(43) Pause Young (Concurrent Start) (G1 Humongous Allocation) 276M->242M(482M) 0.626ms
[2026-03-27T19:25:41.727+0900][1.834s][info][gc,cpu      ] GC(43) User=0.00s Sys=0.00s Real=0.00s
[2026-03-27T19:25:41.727+0900][1.834s][info][gc          ] GC(44) Concurrent Mark Cycle
[2026-03-27T19:25:41.727+0900][1.834s][info][gc,marking  ] GC(44) Concurrent Clear Claimed Marks
[2026-03-27T19:25:41.727+0900][1.834s][info][gc,marking  ] GC(44) Concurrent Clear Claimed Marks 0.012ms
[2026-03-27T19:25:41.727+0900][1.834s][info][gc,marking  ] GC(44) Concurrent Scan Root Regions
[2026-03-27T19:25:41.727+0900][1.834s][info][gc,marking  ] GC(44) Concurrent Scan Root Regions 0.076ms
[2026-03-27T19:25:41.727+0900][1.834s][info][gc,marking  ] GC(44) Concurrent Mark
[2026-03-27T19:25:41.727+0900][1.834s][info][gc,marking  ] GC(44) Concurrent Mark From Roots
[2026-03-27T19:25:41.727+0900][1.834s][info][gc,task     ] GC(44) Using 2 workers of 2 for marking
[2026-03-27T19:25:41.728+0900][1.835s][info][gc,marking  ] GC(44) Concurrent Mark From Roots 1.101ms
[2026-03-27T19:25:41.728+0900][1.835s][info][gc,marking  ] GC(44) Concurrent Preclean
[2026-03-27T19:25:41.728+0900][1.835s][info][gc,marking  ] GC(44) Concurrent Preclean 0.013ms
[2026-03-27T19:25:41.728+0900][1.835s][info][gc,start    ] GC(44) Pause Remark
[2026-03-27T19:25:41.729+0900][1.835s][info][gc          ] GC(44) Pause Remark 265M->265M(482M) 0.229ms
[2026-03-27T19:25:41.729+0900][1.835s][info][gc,cpu      ] GC(44) User=0.00s Sys=0.00s Real=0.00s
[2026-03-27T19:25:41.729+0900][1.835s][info][gc,marking  ] GC(44) Concurrent Mark 1.487ms
[2026-03-27T19:25:41.729+0900][1.835s][info][gc,marking  ] GC(44) Concurrent Rebuild Remembered Sets
[2026-03-27T19:25:41.729+0900][1.836s][info][gc,marking  ] GC(44) Concurrent Rebuild Remembered Sets 0.356ms
[2026-03-27T19:25:41.729+0900][1.836s][info][gc,start    ] GC(44) Pause Cleanup
[2026-03-27T19:25:41.729+0900][1.836s][info][gc          ] GC(44) Pause Cleanup 265M->265M(482M) 0.056ms
[2026-03-27T19:25:41.729+0900][1.836s][info][gc,cpu      ] GC(44) User=0.00s Sys=0.00s Real=0.00s
[2026-03-27T19:25:41.729+0900][1.836s][info][gc,marking  ] GC(44) Concurrent Cleanup for Next Mark
[2026-03-27T19:25:41.729+0900][1.836s][info][gc,marking  ] GC(44) Concurrent Cleanup for Next Mark 0.169ms
[2026-03-27T19:25:41.730+0900][1.836s][info][gc          ] GC(44) Concurrent Mark Cycle 2.419ms
[2026-03-27T19:25:41.771+0900][1.877s][info][gc,start    ] GC(45) Pause Young (Concurrent Start) (G1 Humongous Allocation)
[2026-03-27T19:25:41.771+0900][1.877s][info][gc,task     ] GC(45) Using 8 workers of 8 for evacuation
[2026-03-27T19:25:41.771+0900][1.878s][info][gc,phases   ] GC(45)   Pre Evacuate Collection Set: 0.1ms
[2026-03-27T19:25:41.772+0900][1.878s][info][gc,phases   ] GC(45)   Merge Heap Roots: 0.1ms
[2026-03-27T19:25:41.772+0900][1.878s][info][gc,phases   ] GC(45)   Evacuate Collection Set: 0.1ms
[2026-03-27T19:25:41.772+0900][1.878s][info][gc,phases   ] GC(45)   Post Evacuate Collection Set: 0.3ms
[2026-03-27T19:25:41.772+0900][1.878s][info][gc,phases   ] GC(45)   Other: 0.1ms
[2026-03-27T19:25:41.772+0900][1.878s][info][gc,heap     ] GC(45) Eden regions: 34->0(166)
[2026-03-27T19:25:41.772+0900][1.878s][info][gc,heap     ] GC(45) Survivor regions: 1->1(24)
[2026-03-27T19:25:41.772+0900][1.878s][info][gc,heap     ] GC(45) Old regions: 1->1
[2026-03-27T19:25:41.772+0900][1.878s][info][gc,heap     ] GC(45) Archive regions: 0->0
[2026-03-27T19:25:41.772+0900][1.878s][info][gc,heap     ] GC(45) Humongous regions: 264->264
[2026-03-27T19:25:41.772+0900][1.878s][info][gc,metaspace] GC(45) Metaspace: 285K(512K)->285K(512K) NonClass: 272K(384K)->272K(384K) Class: 12K(128K)->12K(128K)
[2026-03-27T19:25:41.772+0900][1.878s][info][gc          ] GC(45) Pause Young (Concurrent Start) (G1 Humongous Allocation) 298M->264M(482M) 0.930ms
[2026-03-27T19:25:41.772+0900][1.878s][info][gc,cpu      ] GC(45) User=0.00s Sys=0.00s Real=0.00s
[2026-03-27T19:25:41.772+0900][1.878s][info][gc          ] GC(46) Concurrent Mark Cycle
[2026-03-27T19:25:41.772+0900][1.878s][info][gc,marking  ] GC(46) Concurrent Clear Claimed Marks
[2026-03-27T19:25:41.772+0900][1.878s][info][gc,marking  ] GC(46) Concurrent Clear Claimed Marks 0.014ms
[2026-03-27T19:25:41.772+0900][1.878s][info][gc,marking  ] GC(46) Concurrent Scan Root Regions
[2026-03-27T19:25:41.772+0900][1.878s][info][gc,marking  ] GC(46) Concurrent Scan Root Regions 0.148ms
[2026-03-27T19:25:41.772+0900][1.878s][info][gc,marking  ] GC(46) Concurrent Mark
[2026-03-27T19:25:41.772+0900][1.879s][info][gc,marking  ] GC(46) Concurrent Mark From Roots
[2026-03-27T19:25:41.772+0900][1.879s][info][gc,task     ] GC(46) Using 2 workers of 2 for marking
[2026-03-27T19:25:41.773+0900][1.879s][info][gc,marking  ] GC(46) Concurrent Mark From Roots 0.817ms
[2026-03-27T19:25:41.773+0900][1.879s][info][gc,marking  ] GC(46) Concurrent Preclean
[2026-03-27T19:25:41.773+0900][1.879s][info][gc,marking  ] GC(46) Concurrent Preclean 0.014ms
[2026-03-27T19:25:41.773+0900][1.879s][info][gc,start    ] GC(46) Pause Remark
[2026-03-27T19:25:41.773+0900][1.880s][info][gc          ] GC(46) Pause Remark 287M->287M(482M) 0.221ms
[2026-03-27T19:25:41.773+0900][1.880s][info][gc,cpu      ] GC(46) User=0.00s Sys=0.00s Real=0.00s
[2026-03-27T19:25:41.773+0900][1.880s][info][gc,marking  ] GC(46) Concurrent Mark 1.241ms
[2026-03-27T19:25:41.773+0900][1.880s][info][gc,marking  ] GC(46) Concurrent Rebuild Remembered Sets
[2026-03-27T19:25:41.773+0900][1.880s][info][gc,marking  ] GC(46) Concurrent Rebuild Remembered Sets 0.367ms
[2026-03-27T19:25:41.773+0900][1.880s][info][gc,start    ] GC(46) Pause Cleanup
[2026-03-27T19:25:41.773+0900][1.880s][info][gc          ] GC(46) Pause Cleanup 287M->287M(482M) 0.085ms
[2026-03-27T19:25:41.773+0900][1.880s][info][gc,cpu      ] GC(46) User=0.00s Sys=0.00s Real=0.00s
[2026-03-27T19:25:41.773+0900][1.880s][info][gc,marking  ] GC(46) Concurrent Cleanup for Next Mark
[2026-03-27T19:25:41.773+0900][1.881s][info][gc,marking  ] GC(46) Concurrent Cleanup for Next Mark 0.215ms
[2026-03-27T19:25:41.774+0900][1.881s][info][gc          ] GC(46) Concurrent Mark Cycle 2.387ms
[2026-03-27T19:25:41.817+0900][1.924s][info][gc,start    ] GC(47) Pause Young (Concurrent Start) (G1 Humongous Allocation)
[2026-03-27T19:25:41.818+0900][1.925s][info][gc,task     ] GC(47) Using 8 workers of 8 for evacuation
[2026-03-27T19:25:41.819+0900][1.926s][info][gc,phases   ] GC(47)   Pre Evacuate Collection Set: 0.2ms
[2026-03-27T19:25:41.819+0900][1.926s][info][gc,phases   ] GC(47)   Merge Heap Roots: 0.1ms
[2026-03-27T19:25:41.819+0900][1.926s][info][gc,phases   ] GC(47)   Evacuate Collection Set: 0.2ms
[2026-03-27T19:25:41.819+0900][1.926s][info][gc,phases   ] GC(47)   Post Evacuate Collection Set: 0.7ms
[2026-03-27T19:25:41.819+0900][1.926s][info][gc,phases   ] GC(47)   Other: 0.2ms
[2026-03-27T19:25:41.819+0900][1.926s][info][gc,heap     ] GC(47) Eden regions: 34->0(144)
[2026-03-27T19:25:41.819+0900][1.926s][info][gc,heap     ] GC(47) Survivor regions: 1->1(21)
[2026-03-27T19:25:41.819+0900][1.926s][info][gc,heap     ] GC(47) Old regions: 1->1
[2026-03-27T19:25:41.819+0900][1.926s][info][gc,heap     ] GC(47) Archive regions: 0->0
[2026-03-27T19:25:41.819+0900][1.926s][info][gc,heap     ] GC(47) Humongous regions: 286->286
[2026-03-27T19:25:41.819+0900][1.926s][info][gc,metaspace] GC(47) Metaspace: 285K(512K)->285K(512K) NonClass: 272K(384K)->272K(384K) Class: 12K(128K)->12K(128K)
[2026-03-27T19:25:41.819+0900][1.926s][info][gc          ] GC(47) Pause Young (Concurrent Start) (G1 Humongous Allocation) 320M->286M(482M) 1.868ms
[2026-03-27T19:25:41.819+0900][1.926s][info][gc,cpu      ] GC(47) User=0.00s Sys=0.00s Real=0.00s
[2026-03-27T19:25:41.820+0900][1.926s][info][gc          ] GC(48) Concurrent Mark Cycle
[2026-03-27T19:25:41.820+0900][1.926s][info][gc,marking  ] GC(48) Concurrent Clear Claimed Marks
[2026-03-27T19:25:41.820+0900][1.927s][info][gc,marking  ] GC(48) Concurrent Clear Claimed Marks 0.026ms
[2026-03-27T19:25:41.820+0900][1.927s][info][gc,marking  ] GC(48) Concurrent Scan Root Regions
[2026-03-27T19:25:41.820+0900][1.927s][info][gc,marking  ] GC(48) Concurrent Scan Root Regions 0.120ms
[2026-03-27T19:25:41.820+0900][1.927s][info][gc,marking  ] GC(48) Concurrent Mark
[2026-03-27T19:25:41.820+0900][1.927s][info][gc,marking  ] GC(48) Concurrent Mark From Roots
[2026-03-27T19:25:41.820+0900][1.927s][info][gc,task     ] GC(48) Using 2 workers of 2 for marking
[2026-03-27T19:25:41.821+0900][1.928s][info][gc,marking  ] GC(48) Concurrent Mark From Roots 0.900ms
[2026-03-27T19:25:41.821+0900][1.928s][info][gc,marking  ] GC(48) Concurrent Preclean
[2026-03-27T19:25:41.821+0900][1.928s][info][gc,marking  ] GC(48) Concurrent Preclean 0.015ms
[2026-03-27T19:25:41.821+0900][1.928s][info][gc,start    ] GC(48) Pause Remark
[2026-03-27T19:25:41.821+0900][1.928s][info][gc          ] GC(48) Pause Remark 309M->309M(512M) 0.372ms
[2026-03-27T19:25:41.821+0900][1.928s][info][gc,cpu      ] GC(48) User=0.00s Sys=0.00s Real=0.00s
[2026-03-27T19:25:41.821+0900][1.928s][info][gc,marking  ] GC(48) Concurrent Mark 1.467ms
[2026-03-27T19:25:41.821+0900][1.928s][info][gc,marking  ] GC(48) Concurrent Rebuild Remembered Sets
[2026-03-27T19:25:41.822+0900][1.929s][info][gc,marking  ] GC(48) Concurrent Rebuild Remembered Sets 0.354ms
[2026-03-27T19:25:41.822+0900][1.929s][info][gc,start    ] GC(48) Pause Cleanup
[2026-03-27T19:25:41.822+0900][1.929s][info][gc          ] GC(48) Pause Cleanup 309M->309M(512M) 0.065ms
[2026-03-27T19:25:41.822+0900][1.929s][info][gc,cpu      ] GC(48) User=0.00s Sys=0.00s Real=0.00s
[2026-03-27T19:25:41.822+0900][1.929s][info][gc,marking  ] GC(48) Concurrent Cleanup for Next Mark
[2026-03-27T19:25:41.822+0900][1.929s][info][gc,marking  ] GC(48) Concurrent Cleanup for Next Mark 0.248ms
[2026-03-27T19:25:41.822+0900][1.929s][info][gc          ] GC(48) Concurrent Mark Cycle 2.618ms
[2026-03-27T19:25:41.868+0900][1.975s][info][gc,start    ] GC(49) Pause Young (Concurrent Start) (G1 Humongous Allocation)
[2026-03-27T19:25:41.868+0900][1.975s][info][gc,task     ] GC(49) Using 8 workers of 8 for evacuation
[2026-03-27T19:25:41.870+0900][1.976s][info][gc,phases   ] GC(49)   Pre Evacuate Collection Set: 0.1ms
[2026-03-27T19:25:41.870+0900][1.976s][info][gc,phases   ] GC(49)   Merge Heap Roots: 0.1ms
[2026-03-27T19:25:41.870+0900][1.976s][info][gc,phases   ] GC(49)   Evacuate Collection Set: 0.3ms
[2026-03-27T19:25:41.870+0900][1.976s][info][gc,phases   ] GC(49)   Post Evacuate Collection Set: 0.6ms
[2026-03-27T19:25:41.870+0900][1.976s][info][gc,phases   ] GC(49)   Other: 0.2ms
[2026-03-27T19:25:41.870+0900][1.976s][info][gc,heap     ] GC(49) Eden regions: 34->0(306)
[2026-03-27T19:25:41.870+0900][1.976s][info][gc,heap     ] GC(49) Survivor regions: 1->1(19)
[2026-03-27T19:25:41.870+0900][1.976s][info][gc,heap     ] GC(49) Old regions: 1->1
[2026-03-27T19:25:41.870+0900][1.976s][info][gc,heap     ] GC(49) Archive regions: 0->0
[2026-03-27T19:25:41.870+0900][1.976s][info][gc,heap     ] GC(49) Humongous regions: 308->88
[2026-03-27T19:25:41.870+0900][1.976s][info][gc,metaspace] GC(49) Metaspace: 285K(512K)->285K(512K) NonClass: 272K(384K)->272K(384K) Class: 12K(128K)->12K(128K)
[2026-03-27T19:25:41.870+0900][1.976s][info][gc          ] GC(49) Pause Young (Concurrent Start) (G1 Humongous Allocation) 342M->88M(512M) 1.580ms
[2026-03-27T19:25:41.870+0900][1.977s][info][gc,cpu      ] GC(49) User=0.00s Sys=0.00s Real=0.00s
[2026-03-27T19:25:41.870+0900][1.977s][info][gc          ] GC(50) Concurrent Undo Cycle
[2026-03-27T19:25:41.870+0900][1.977s][info][gc,marking  ] GC(50) Concurrent Cleanup for Next Mark
[2026-03-27T19:25:41.870+0900][1.977s][info][gc,marking  ] GC(50) Concurrent Cleanup for Next Mark 0.044ms
[2026-03-27T19:25:41.870+0900][1.977s][info][gc          ] GC(50) Concurrent Undo Cycle 0.127ms
[2026-03-27T19:25:42.127+0900][2.234s][info][gc,start    ] GC(51) Pause Young (Concurrent Start) (G1 Humongous Allocation)
[2026-03-27T19:25:42.127+0900][2.235s][info][gc,task     ] GC(51) Using 8 workers of 8 for evacuation
[2026-03-27T19:25:42.128+0900][2.235s][info][gc,phases   ] GC(51)   Pre Evacuate Collection Set: 0.1ms
[2026-03-27T19:25:42.128+0900][2.235s][info][gc,phases   ] GC(51)   Merge Heap Roots: 0.0ms
[2026-03-27T19:25:42.128+0900][2.235s][info][gc,phases   ] GC(51)   Evacuate Collection Set: 0.1ms
[2026-03-27T19:25:42.128+0900][2.235s][info][gc,phases   ] GC(51)   Post Evacuate Collection Set: 0.2ms
[2026-03-27T19:25:42.128+0900][2.235s][info][gc,phases   ] GC(51)   Other: 0.1ms
[2026-03-27T19:25:42.128+0900][2.235s][info][gc,heap     ] GC(51) Eden regions: 201->0(228)
[2026-03-27T19:25:42.128+0900][2.235s][info][gc,heap     ] GC(51) Survivor regions: 1->1(39)
[2026-03-27T19:25:42.128+0900][2.235s][info][gc,heap     ] GC(51) Old regions: 1->1
[2026-03-27T19:25:42.128+0900][2.235s][info][gc,heap     ] GC(51) Archive regions: 0->0
[2026-03-27T19:25:42.128+0900][2.235s][info][gc,heap     ] GC(51) Humongous regions: 229->229
[2026-03-27T19:25:42.128+0900][2.235s][info][gc,metaspace] GC(51) Metaspace: 285K(512K)->285K(512K) NonClass: 272K(384K)->272K(384K) Class: 12K(128K)->12K(128K)
[2026-03-27T19:25:42.128+0900][2.235s][info][gc          ] GC(51) Pause Young (Concurrent Start) (G1 Humongous Allocation) 429M->229M(512M) 0.712ms
[2026-03-27T19:25:42.128+0900][2.235s][info][gc,cpu      ] GC(51) User=0.00s Sys=0.02s Real=0.00s
[2026-03-27T19:25:42.128+0900][2.235s][info][gc          ] GC(52) Concurrent Undo Cycle
[2026-03-27T19:25:42.128+0900][2.235s][info][gc,marking  ] GC(52) Concurrent Cleanup for Next Mark
[2026-03-27T19:25:42.128+0900][2.235s][info][gc,marking  ] GC(52) Concurrent Cleanup for Next Mark 0.053ms
[2026-03-27T19:25:42.128+0900][2.235s][info][gc          ] GC(52) Concurrent Undo Cycle 0.154ms
[2026-03-27T19:25:42.128+0900][2.235s][info][gc,start    ] GC(53) Pause Young (Concurrent Start) (G1 Humongous Allocation)
[2026-03-27T19:25:42.128+0900][2.235s][info][gc,task     ] GC(53) Using 8 workers of 8 for evacuation
[2026-03-27T19:25:42.128+0900][2.236s][info][gc,phases   ] GC(53)   Pre Evacuate Collection Set: 0.1ms
[2026-03-27T19:25:42.128+0900][2.236s][info][gc,phases   ] GC(53)   Merge Heap Roots: 0.0ms
[2026-03-27T19:25:42.128+0900][2.236s][info][gc,phases   ] GC(53)   Evacuate Collection Set: 0.1ms
[2026-03-27T19:25:42.128+0900][2.236s][info][gc,phases   ] GC(53)   Post Evacuate Collection Set: 0.1ms
[2026-03-27T19:25:42.128+0900][2.236s][info][gc,phases   ] GC(53)   Other: 0.1ms
[2026-03-27T19:25:42.128+0900][2.236s][info][gc,heap     ] GC(53) Eden regions: 1->0(222)
[2026-03-27T19:25:42.128+0900][2.236s][info][gc,heap     ] GC(53) Survivor regions: 1->1(29)
[2026-03-27T19:25:42.128+0900][2.236s][info][gc,heap     ] GC(53) Old regions: 1->1
[2026-03-27T19:25:42.128+0900][2.236s][info][gc,heap     ] GC(53) Archive regions: 0->0
[2026-03-27T19:25:42.128+0900][2.236s][info][gc,heap     ] GC(53) Humongous regions: 235->235
[2026-03-27T19:25:42.128+0900][2.236s][info][gc,metaspace] GC(53) Metaspace: 285K(512K)->285K(512K) NonClass: 272K(384K)->272K(384K) Class: 12K(128K)->12K(128K)
[2026-03-27T19:25:42.128+0900][2.236s][info][gc          ] GC(53) Pause Young (Concurrent Start) (G1 Humongous Allocation) 236M->235M(512M) 0.510ms
[2026-03-27T19:25:42.128+0900][2.236s][info][gc,cpu      ] GC(53) User=0.00s Sys=0.00s Real=0.00s
[2026-03-27T19:25:42.128+0900][2.236s][info][gc          ] GC(54) Concurrent Mark Cycle
[2026-03-27T19:25:42.128+0900][2.236s][info][gc,marking  ] GC(54) Concurrent Clear Claimed Marks
[2026-03-27T19:25:42.128+0900][2.236s][info][gc,marking  ] GC(54) Concurrent Clear Claimed Marks 0.013ms
[2026-03-27T19:25:42.128+0900][2.236s][info][gc,marking  ] GC(54) Concurrent Scan Root Regions
[2026-03-27T19:25:42.128+0900][2.236s][info][gc,marking  ] GC(54) Concurrent Scan Root Regions 0.082ms
[2026-03-27T19:25:42.128+0900][2.236s][info][gc,marking  ] GC(54) Concurrent Mark
[2026-03-27T19:25:42.128+0900][2.236s][info][gc,marking  ] GC(54) Concurrent Mark From Roots
[2026-03-27T19:25:42.128+0900][2.236s][info][gc,task     ] GC(54) Using 2 workers of 2 for marking
[2026-03-27T19:25:42.130+0900][2.237s][info][gc,marking  ] GC(54) Concurrent Mark From Roots 0.729ms
[2026-03-27T19:25:42.130+0900][2.237s][info][gc,marking  ] GC(54) Concurrent Preclean
[2026-03-27T19:25:42.130+0900][2.237s][info][gc,marking  ] GC(54) Concurrent Preclean 0.013ms
[2026-03-27T19:25:42.130+0900][2.237s][info][gc,start    ] GC(54) Pause Remark
[2026-03-27T19:25:42.131+0900][2.237s][info][gc          ] GC(54) Pause Remark 243M->243M(512M) 0.269ms
[2026-03-27T19:25:42.131+0900][2.237s][info][gc,cpu      ] GC(54) User=0.00s Sys=0.00s Real=0.00s
[2026-03-27T19:25:42.131+0900][2.237s][info][gc,marking  ] GC(54) Concurrent Mark 1.160ms
[2026-03-27T19:25:42.131+0900][2.237s][info][gc,marking  ] GC(54) Concurrent Rebuild Remembered Sets
[2026-03-27T19:25:42.131+0900][2.238s][info][gc,marking  ] GC(54) Concurrent Rebuild Remembered Sets 0.351ms
[2026-03-27T19:25:42.131+0900][2.238s][info][gc,start    ] GC(54) Pause Cleanup
[2026-03-27T19:25:42.131+0900][2.238s][info][gc          ] GC(54) Pause Cleanup 243M->243M(512M) 0.054ms
[2026-03-27T19:25:42.131+0900][2.238s][info][gc,cpu      ] GC(54) User=0.00s Sys=0.00s Real=0.00s
[2026-03-27T19:25:42.131+0900][2.238s][info][gc,marking  ] GC(54) Concurrent Cleanup for Next Mark
[2026-03-27T19:25:42.131+0900][2.238s][info][gc,marking  ] GC(54) Concurrent Cleanup for Next Mark 0.288ms
[2026-03-27T19:25:42.132+0900][2.238s][info][gc          ] GC(54) Concurrent Mark Cycle 2.216ms
[2026-03-27T19:25:42.174+0900][2.281s][info][gc,start    ] GC(55) Pause Young (Concurrent Start) (G1 Humongous Allocation)
[2026-03-27T19:25:42.174+0900][2.281s][info][gc,task     ] GC(55) Using 8 workers of 8 for evacuation
[2026-03-27T19:25:42.174+0900][2.281s][info][gc,phases   ] GC(55)   Pre Evacuate Collection Set: 0.1ms
[2026-03-27T19:25:42.174+0900][2.281s][info][gc,phases   ] GC(55)   Merge Heap Roots: 0.0ms
[2026-03-27T19:25:42.174+0900][2.281s][info][gc,phases   ] GC(55)   Evacuate Collection Set: 0.1ms
[2026-03-27T19:25:42.174+0900][2.281s][info][gc,phases   ] GC(55)   Post Evacuate Collection Set: 0.1ms
[2026-03-27T19:25:42.174+0900][2.281s][info][gc,phases   ] GC(55)   Other: 0.1ms
[2026-03-27T19:25:42.174+0900][2.281s][info][gc,heap     ] GC(55) Eden regions: 34->0(215)
[2026-03-27T19:25:42.174+0900][2.281s][info][gc,heap     ] GC(55) Survivor regions: 1->1(28)
[2026-03-27T19:25:42.174+0900][2.281s][info][gc,heap     ] GC(55) Old regions: 1->1
[2026-03-27T19:25:42.174+0900][2.281s][info][gc,heap     ] GC(55) Archive regions: 0->0
[2026-03-27T19:25:42.174+0900][2.281s][info][gc,heap     ] GC(55) Humongous regions: 242->242
[2026-03-27T19:25:42.174+0900][2.281s][info][gc,metaspace] GC(55) Metaspace: 285K(512K)->285K(512K) NonClass: 272K(384K)->272K(384K) Class: 12K(128K)->12K(128K)
[2026-03-27T19:25:42.174+0900][2.281s][info][gc          ] GC(55) Pause Young (Concurrent Start) (G1 Humongous Allocation) 276M->242M(512M) 0.664ms
[2026-03-27T19:25:42.174+0900][2.281s][info][gc,cpu      ] GC(55) User=0.00s Sys=0.00s Real=0.00s
[2026-03-27T19:25:42.174+0900][2.281s][info][gc          ] GC(56) Concurrent Mark Cycle
[2026-03-27T19:25:42.174+0900][2.281s][info][gc,marking  ] GC(56) Concurrent Clear Claimed Marks
[2026-03-27T19:25:42.174+0900][2.281s][info][gc,marking  ] GC(56) Concurrent Clear Claimed Marks 0.013ms
[2026-03-27T19:25:42.174+0900][2.281s][info][gc,marking  ] GC(56) Concurrent Scan Root Regions
[2026-03-27T19:25:42.174+0900][2.282s][info][gc,marking  ] GC(56) Concurrent Scan Root Regions 0.073ms
[2026-03-27T19:25:42.174+0900][2.282s][info][gc,marking  ] GC(56) Concurrent Mark
[2026-03-27T19:25:42.174+0900][2.282s][info][gc,marking  ] GC(56) Concurrent Mark From Roots
[2026-03-27T19:25:42.174+0900][2.282s][info][gc,task     ] GC(56) Using 2 workers of 2 for marking
[2026-03-27T19:25:42.176+0900][2.282s][info][gc,marking  ] GC(56) Concurrent Mark From Roots 0.840ms
[2026-03-27T19:25:42.176+0900][2.282s][info][gc,marking  ] GC(56) Concurrent Preclean
[2026-03-27T19:25:42.176+0900][2.282s][info][gc,marking  ] GC(56) Concurrent Preclean 0.013ms
[2026-03-27T19:25:42.176+0900][2.283s][info][gc,start    ] GC(56) Pause Remark
[2026-03-27T19:25:42.176+0900][2.283s][info][gc          ] GC(56) Pause Remark 265M->265M(512M) 0.248ms
[2026-03-27T19:25:42.176+0900][2.283s][info][gc,cpu      ] GC(56) User=0.00s Sys=0.00s Real=0.00s
[2026-03-27T19:25:42.177+0900][2.283s][info][gc,marking  ] GC(56) Concurrent Mark 1.269ms
[2026-03-27T19:25:42.177+0900][2.283s][info][gc,marking  ] GC(56) Concurrent Rebuild Remembered Sets
[2026-03-27T19:25:42.177+0900][2.283s][info][gc,marking  ] GC(56) Concurrent Rebuild Remembered Sets 0.340ms
[2026-03-27T19:25:42.177+0900][2.283s][info][gc,start    ] GC(56) Pause Cleanup
[2026-03-27T19:25:42.177+0900][2.283s][info][gc          ] GC(56) Pause Cleanup 265M->265M(512M) 0.063ms
[2026-03-27T19:25:42.177+0900][2.283s][info][gc,cpu      ] GC(56) User=0.00s Sys=0.00s Real=0.00s
[2026-03-27T19:25:42.177+0900][2.283s][info][gc,marking  ] GC(56) Concurrent Cleanup for Next Mark
[2026-03-27T19:25:42.177+0900][2.284s][info][gc,marking  ] GC(56) Concurrent Cleanup for Next Mark 0.182ms
[2026-03-27T19:25:42.177+0900][2.284s][info][gc          ] GC(56) Concurrent Mark Cycle 2.183ms
[2026-03-27T19:25:42.220+0900][2.328s][info][gc,start    ] GC(57) Pause Young (Concurrent Start) (G1 Humongous Allocation)
[2026-03-27T19:25:42.220+0900][2.328s][info][gc,task     ] GC(57) Using 8 workers of 8 for evacuation
[2026-03-27T19:25:42.222+0900][2.328s][info][gc,phases   ] GC(57)   Pre Evacuate Collection Set: 0.1ms
[2026-03-27T19:25:42.222+0900][2.328s][info][gc,phases   ] GC(57)   Merge Heap Roots: 0.1ms
[2026-03-27T19:25:42.222+0900][2.328s][info][gc,phases   ] GC(57)   Evacuate Collection Set: 0.1ms
[2026-03-27T19:25:42.222+0900][2.328s][info][gc,phases   ] GC(57)   Post Evacuate Collection Set: 0.1ms
[2026-03-27T19:25:42.222+0900][2.328s][info][gc,phases   ] GC(57)   Other: 0.1ms
[2026-03-27T19:25:42.222+0900][2.328s][info][gc,heap     ] GC(57) Eden regions: 34->0(193)
[2026-03-27T19:25:42.222+0900][2.328s][info][gc,heap     ] GC(57) Survivor regions: 1->1(27)
[2026-03-27T19:25:42.222+0900][2.328s][info][gc,heap     ] GC(57) Old regions: 1->1
[2026-03-27T19:25:42.222+0900][2.328s][info][gc,heap     ] GC(57) Archive regions: 0->0
[2026-03-27T19:25:42.222+0900][2.328s][info][gc,heap     ] GC(57) Humongous regions: 264->264
[2026-03-27T19:25:42.222+0900][2.328s][info][gc,metaspace] GC(57) Metaspace: 285K(512K)->285K(512K) NonClass: 272K(384K)->272K(384K) Class: 12K(128K)->12K(128K)
[2026-03-27T19:25:42.222+0900][2.328s][info][gc          ] GC(57) Pause Young (Concurrent Start) (G1 Humongous Allocation) 298M->264M(512M) 0.648ms
[2026-03-27T19:25:42.222+0900][2.328s][info][gc,cpu      ] GC(57) User=0.00s Sys=0.00s Real=0.00s
[2026-03-27T19:25:42.222+0900][2.328s][info][gc          ] GC(58) Concurrent Mark Cycle
[2026-03-27T19:25:42.222+0900][2.328s][info][gc,marking  ] GC(58) Concurrent Clear Claimed Marks
[2026-03-27T19:25:42.222+0900][2.328s][info][gc,marking  ] GC(58) Concurrent Clear Claimed Marks 0.013ms
[2026-03-27T19:25:42.222+0900][2.328s][info][gc,marking  ] GC(58) Concurrent Scan Root Regions
[2026-03-27T19:25:42.222+0900][2.329s][info][gc,marking  ] GC(58) Concurrent Scan Root Regions 0.076ms
[2026-03-27T19:25:42.222+0900][2.329s][info][gc,marking  ] GC(58) Concurrent Mark
[2026-03-27T19:25:42.222+0900][2.329s][info][gc,marking  ] GC(58) Concurrent Mark From Roots
[2026-03-27T19:25:42.222+0900][2.329s][info][gc,task     ] GC(58) Using 2 workers of 2 for marking
[2026-03-27T19:25:42.223+0900][2.329s][info][gc,marking  ] GC(58) Concurrent Mark From Roots 0.784ms
[2026-03-27T19:25:42.223+0900][2.329s][info][gc,marking  ] GC(58) Concurrent Preclean
[2026-03-27T19:25:42.223+0900][2.329s][info][gc,marking  ] GC(58) Concurrent Preclean 0.014ms
[2026-03-27T19:25:42.223+0900][2.329s][info][gc,start    ] GC(58) Pause Remark
[2026-03-27T19:25:42.223+0900][2.330s][info][gc          ] GC(58) Pause Remark 287M->287M(512M) 0.240ms
[2026-03-27T19:25:42.223+0900][2.330s][info][gc,cpu      ] GC(58) User=0.00s Sys=0.00s Real=0.00s
[2026-03-27T19:25:42.223+0900][2.330s][info][gc,marking  ] GC(58) Concurrent Mark 1.184ms
[2026-03-27T19:25:42.223+0900][2.330s][info][gc,marking  ] GC(58) Concurrent Rebuild Remembered Sets
[2026-03-27T19:25:42.224+0900][2.330s][info][gc,marking  ] GC(58) Concurrent Rebuild Remembered Sets 0.336ms
[2026-03-27T19:25:42.224+0900][2.330s][info][gc,start    ] GC(58) Pause Cleanup
[2026-03-27T19:25:42.224+0900][2.330s][info][gc          ] GC(58) Pause Cleanup 287M->287M(512M) 0.062ms
[2026-03-27T19:25:42.224+0900][2.330s][info][gc,cpu      ] GC(58) User=0.00s Sys=0.00s Real=0.00s
[2026-03-27T19:25:42.224+0900][2.330s][info][gc,marking  ] GC(58) Concurrent Cleanup for Next Mark
[2026-03-27T19:25:42.224+0900][2.330s][info][gc,marking  ] GC(58) Concurrent Cleanup for Next Mark 0.175ms
[2026-03-27T19:25:42.224+0900][2.330s][info][gc          ] GC(58) Concurrent Mark Cycle 2.115ms
[2026-03-27T19:25:42.269+0900][2.376s][info][gc,start    ] GC(59) Pause Young (Concurrent Start) (G1 Humongous Allocation)
[2026-03-27T19:25:42.269+0900][2.376s][info][gc,task     ] GC(59) Using 8 workers of 8 for evacuation
[2026-03-27T19:25:42.271+0900][2.377s][info][gc,phases   ] GC(59)   Pre Evacuate Collection Set: 0.2ms
[2026-03-27T19:25:42.271+0900][2.378s][info][gc,phases   ] GC(59)   Merge Heap Roots: 0.2ms
[2026-03-27T19:25:42.271+0900][2.378s][info][gc,phases   ] GC(59)   Evacuate Collection Set: 0.3ms
[2026-03-27T19:25:42.271+0900][2.378s][info][gc,phases   ] GC(59)   Post Evacuate Collection Set: 0.5ms
[2026-03-27T19:25:42.271+0900][2.378s][info][gc,phases   ] GC(59)   Other: 0.2ms
[2026-03-27T19:25:42.271+0900][2.378s][info][gc,heap     ] GC(59) Eden regions: 34->0(171)
[2026-03-27T19:25:42.271+0900][2.378s][info][gc,heap     ] GC(59) Survivor regions: 1->1(25)
[2026-03-27T19:25:42.271+0900][2.378s][info][gc,heap     ] GC(59) Old regions: 1->1
[2026-03-27T19:25:42.271+0900][2.378s][info][gc,heap     ] GC(59) Archive regions: 0->0
[2026-03-27T19:25:42.271+0900][2.378s][info][gc,heap     ] GC(59) Humongous regions: 286->286
[2026-03-27T19:25:42.271+0900][2.378s][info][gc,metaspace] GC(59) Metaspace: 285K(512K)->285K(512K) NonClass: 272K(384K)->272K(384K) Class: 12K(128K)->12K(128K)
[2026-03-27T19:25:42.271+0900][2.378s][info][gc          ] GC(59) Pause Young (Concurrent Start) (G1 Humongous Allocation) 320M->286M(512M) 1.779ms
[2026-03-27T19:25:42.271+0900][2.378s][info][gc,cpu      ] GC(59) User=0.00s Sys=0.00s Real=0.00s
[2026-03-27T19:25:42.271+0900][2.378s][info][gc          ] GC(60) Concurrent Mark Cycle
[2026-03-27T19:25:42.271+0900][2.378s][info][gc,marking  ] GC(60) Concurrent Clear Claimed Marks
[2026-03-27T19:25:42.271+0900][2.378s][info][gc,marking  ] GC(60) Concurrent Clear Claimed Marks 0.013ms
[2026-03-27T19:25:42.271+0900][2.378s][info][gc,marking  ] GC(60) Concurrent Scan Root Regions
[2026-03-27T19:25:42.272+0900][2.378s][info][gc,marking  ] GC(60) Concurrent Scan Root Regions 0.147ms
[2026-03-27T19:25:42.272+0900][2.378s][info][gc,marking  ] GC(60) Concurrent Mark
[2026-03-27T19:25:42.272+0900][2.378s][info][gc,marking  ] GC(60) Concurrent Mark From Roots
[2026-03-27T19:25:42.272+0900][2.378s][info][gc,task     ] GC(60) Using 2 workers of 2 for marking
[2026-03-27T19:25:42.272+0900][2.379s][info][gc,marking  ] GC(60) Concurrent Mark From Roots 0.791ms
[2026-03-27T19:25:42.272+0900][2.379s][info][gc,marking  ] GC(60) Concurrent Preclean
[2026-03-27T19:25:42.272+0900][2.379s][info][gc,marking  ] GC(60) Concurrent Preclean 0.013ms
[2026-03-27T19:25:42.272+0900][2.379s][info][gc,start    ] GC(60) Pause Remark
[2026-03-27T19:25:42.273+0900][2.379s][info][gc          ] GC(60) Pause Remark 309M->309M(512M) 0.239ms
[2026-03-27T19:25:42.273+0900][2.379s][info][gc,cpu      ] GC(60) User=0.00s Sys=0.00s Real=0.00s
[2026-03-27T19:25:42.273+0900][2.379s][info][gc,marking  ] GC(60) Concurrent Mark 1.217ms
[2026-03-27T19:25:42.273+0900][2.379s][info][gc,marking  ] GC(60) Concurrent Rebuild Remembered Sets
[2026-03-27T19:25:42.273+0900][2.380s][info][gc,marking  ] GC(60) Concurrent Rebuild Remembered Sets 0.370ms
[2026-03-27T19:25:42.273+0900][2.380s][info][gc,start    ] GC(60) Pause Cleanup
[2026-03-27T19:25:42.273+0900][2.380s][info][gc          ] GC(60) Pause Cleanup 309M->309M(512M) 0.059ms
[2026-03-27T19:25:42.273+0900][2.380s][info][gc,cpu      ] GC(60) User=0.00s Sys=0.00s Real=0.00s
[2026-03-27T19:25:42.273+0900][2.380s][info][gc,marking  ] GC(60) Concurrent Cleanup for Next Mark
[2026-03-27T19:25:42.274+0900][2.380s][info][gc,marking  ] GC(60) Concurrent Cleanup for Next Mark 0.201ms
[2026-03-27T19:25:42.274+0900][2.380s][info][gc          ] GC(60) Concurrent Mark Cycle 2.293ms
[2026-03-27T19:25:42.317+0900][2.424s][info][gc,start    ] GC(61) Pause Young (Concurrent Start) (G1 Humongous Allocation)
[2026-03-27T19:25:42.317+0900][2.424s][info][gc,task     ] GC(61) Using 8 workers of 8 for evacuation
[2026-03-27T19:25:42.319+0900][2.426s][info][gc,phases   ] GC(61)   Pre Evacuate Collection Set: 0.2ms
[2026-03-27T19:25:42.319+0900][2.426s][info][gc,phases   ] GC(61)   Merge Heap Roots: 0.1ms
[2026-03-27T19:25:42.319+0900][2.426s][info][gc,phases   ] GC(61)   Evacuate Collection Set: 0.3ms
[2026-03-27T19:25:42.319+0900][2.426s][info][gc,phases   ] GC(61)   Post Evacuate Collection Set: 0.8ms
[2026-03-27T19:25:42.319+0900][2.426s][info][gc,phases   ] GC(61)   Other: 0.3ms
[2026-03-27T19:25:42.319+0900][2.426s][info][gc,heap     ] GC(61) Eden regions: 34->0(149)
[2026-03-27T19:25:42.319+0900][2.426s][info][gc,heap     ] GC(61) Survivor regions: 1->1(22)
[2026-03-27T19:25:42.319+0900][2.426s][info][gc,heap     ] GC(61) Old regions: 1->1
[2026-03-27T19:25:42.319+0900][2.426s][info][gc,heap     ] GC(61) Archive regions: 0->0
[2026-03-27T19:25:42.319+0900][2.426s][info][gc,heap     ] GC(61) Humongous regions: 308->308
[2026-03-27T19:25:42.319+0900][2.426s][info][gc,metaspace] GC(61) Metaspace: 285K(512K)->285K(512K) NonClass: 272K(384K)->272K(384K) Class: 12K(128K)->12K(128K)
[2026-03-27T19:25:42.320+0900][2.426s][info][gc          ] GC(61) Pause Young (Concurrent Start) (G1 Humongous Allocation) 342M->308M(512M) 2.380ms
[2026-03-27T19:25:42.320+0900][2.426s][info][gc,cpu      ] GC(61) User=0.00s Sys=0.00s Real=0.00s
[2026-03-27T19:25:42.320+0900][2.426s][info][gc          ] GC(62) Concurrent Mark Cycle
[2026-03-27T19:25:42.320+0900][2.427s][info][gc,marking  ] GC(62) Concurrent Clear Claimed Marks
[2026-03-27T19:25:42.320+0900][2.427s][info][gc,marking  ] GC(62) Concurrent Clear Claimed Marks 0.029ms
[2026-03-27T19:25:42.320+0900][2.427s][info][gc,marking  ] GC(62) Concurrent Scan Root Regions
[2026-03-27T19:25:42.320+0900][2.427s][info][gc,marking  ] GC(62) Concurrent Scan Root Regions 0.093ms
[2026-03-27T19:25:42.320+0900][2.427s][info][gc,marking  ] GC(62) Concurrent Mark
[2026-03-27T19:25:42.320+0900][2.427s][info][gc,marking  ] GC(62) Concurrent Mark From Roots
[2026-03-27T19:25:42.320+0900][2.427s][info][gc,task     ] GC(62) Using 2 workers of 2 for marking
[2026-03-27T19:25:42.321+0900][2.428s][info][gc,marking  ] GC(62) Concurrent Mark From Roots 0.794ms
[2026-03-27T19:25:42.321+0900][2.428s][info][gc,marking  ] GC(62) Concurrent Preclean
[2026-03-27T19:25:42.321+0900][2.428s][info][gc,marking  ] GC(62) Concurrent Preclean 0.012ms
[2026-03-27T19:25:42.321+0900][2.428s][info][gc,start    ] GC(62) Pause Remark
[2026-03-27T19:25:42.321+0900][2.428s][info][gc          ] GC(62) Pause Remark 331M->331M(512M) 0.210ms
[2026-03-27T19:25:42.321+0900][2.428s][info][gc,cpu      ] GC(62) User=0.00s Sys=0.00s Real=0.00s
[2026-03-27T19:25:42.321+0900][2.428s][info][gc,marking  ] GC(62) Concurrent Mark 1.163ms
[2026-03-27T19:25:42.321+0900][2.428s][info][gc,marking  ] GC(62) Concurrent Rebuild Remembered Sets
[2026-03-27T19:25:42.321+0900][2.428s][info][gc,marking  ] GC(62) Concurrent Rebuild Remembered Sets 0.357ms
[2026-03-27T19:25:42.322+0900][2.428s][info][gc,start    ] GC(62) Pause Cleanup
[2026-03-27T19:25:42.322+0900][2.428s][info][gc          ] GC(62) Pause Cleanup 331M->331M(512M) 0.054ms
[2026-03-27T19:25:42.322+0900][2.428s][info][gc,cpu      ] GC(62) User=0.00s Sys=0.00s Real=0.00s
[2026-03-27T19:25:42.322+0900][2.428s][info][gc,marking  ] GC(62) Concurrent Cleanup for Next Mark
[2026-03-27T19:25:42.322+0900][2.429s][info][gc,marking  ] GC(62) Concurrent Cleanup for Next Mark 0.172ms
[2026-03-27T19:25:42.322+0900][2.429s][info][gc          ] GC(62) Concurrent Mark Cycle 2.184ms
[2026-03-27T19:25:42.365+0900][2.471s][info][gc,start    ] GC(63) Pause Young (Concurrent Start) (G1 Humongous Allocation)
[2026-03-27T19:25:42.365+0900][2.472s][info][gc,task     ] GC(63) Using 8 workers of 8 for evacuation
[2026-03-27T19:25:42.367+0900][2.473s][info][gc,phases   ] GC(63)   Pre Evacuate Collection Set: 0.3ms
[2026-03-27T19:25:42.367+0900][2.473s][info][gc,phases   ] GC(63)   Merge Heap Roots: 0.2ms
[2026-03-27T19:25:42.367+0900][2.473s][info][gc,phases   ] GC(63)   Evacuate Collection Set: 0.2ms
[2026-03-27T19:25:42.367+0900][2.473s][info][gc,phases   ] GC(63)   Post Evacuate Collection Set: 0.8ms
[2026-03-27T19:25:42.367+0900][2.473s][info][gc,phases   ] GC(63)   Other: 0.3ms
[2026-03-27T19:25:42.367+0900][2.474s][info][gc,heap     ] GC(63) Eden regions: 34->0(306)
[2026-03-27T19:25:42.367+0900][2.474s][info][gc,heap     ] GC(63) Survivor regions: 1->1(19)
[2026-03-27T19:25:42.367+0900][2.474s][info][gc,heap     ] GC(63) Old regions: 1->1
[2026-03-27T19:25:42.367+0900][2.474s][info][gc,heap     ] GC(63) Archive regions: 0->0
[2026-03-27T19:25:42.367+0900][2.474s][info][gc,heap     ] GC(63) Humongous regions: 330->110
[2026-03-27T19:25:42.367+0900][2.474s][info][gc,metaspace] GC(63) Metaspace: 285K(512K)->285K(512K) NonClass: 272K(384K)->272K(384K) Class: 12K(128K)->12K(128K)
[2026-03-27T19:25:42.367+0900][2.474s][info][gc          ] GC(63) Pause Young (Concurrent Start) (G1 Humongous Allocation) 364M->110M(512M) 2.354ms
[2026-03-27T19:25:42.367+0900][2.474s][info][gc,cpu      ] GC(63) User=0.00s Sys=0.00s Real=0.00s
[2026-03-27T19:25:42.367+0900][2.474s][info][gc          ] GC(64) Concurrent Undo Cycle
[2026-03-27T19:25:42.367+0900][2.474s][info][gc,marking  ] GC(64) Concurrent Cleanup for Next Mark
[2026-03-27T19:25:42.368+0900][2.474s][info][gc,marking  ] GC(64) Concurrent Cleanup for Next Mark 0.183ms
[2026-03-27T19:25:42.368+0900][2.474s][info][gc          ] GC(64) Concurrent Undo Cycle 0.356ms
[2026-03-27T19:25:42.599+0900][2.705s][info][gc,start    ] GC(65) Pause Young (Concurrent Start) (G1 Humongous Allocation)
[2026-03-27T19:25:42.599+0900][2.706s][info][gc,task     ] GC(65) Using 8 workers of 8 for evacuation
[2026-03-27T19:25:42.600+0900][2.706s][info][gc,phases   ] GC(65)   Pre Evacuate Collection Set: 0.1ms
[2026-03-27T19:25:42.600+0900][2.706s][info][gc,phases   ] GC(65)   Merge Heap Roots: 0.0ms
[2026-03-27T19:25:42.600+0900][2.706s][info][gc,phases   ] GC(65)   Evacuate Collection Set: 0.1ms
[2026-03-27T19:25:42.600+0900][2.706s][info][gc,phases   ] GC(65)   Post Evacuate Collection Set: 0.1ms
[2026-03-27T19:25:42.600+0900][2.706s][info][gc,phases   ] GC(65)   Other: 0.1ms
[2026-03-27T19:25:42.600+0900][2.706s][info][gc,heap     ] GC(65) Eden regions: 167->0(228)
[2026-03-27T19:25:42.600+0900][2.706s][info][gc,heap     ] GC(65) Survivor regions: 1->1(39)
[2026-03-27T19:25:42.600+0900][2.706s][info][gc,heap     ] GC(65) Old regions: 1->1
[2026-03-27T19:25:42.600+0900][2.706s][info][gc,heap     ] GC(65) Archive regions: 0->0
[2026-03-27T19:25:42.600+0900][2.706s][info][gc,heap     ] GC(65) Humongous regions: 229->229
[2026-03-27T19:25:42.600+0900][2.706s][info][gc,metaspace] GC(65) Metaspace: 285K(512K)->285K(512K) NonClass: 272K(384K)->272K(384K) Class: 12K(128K)->12K(128K)
[2026-03-27T19:25:42.600+0900][2.706s][info][gc          ] GC(65) Pause Young (Concurrent Start) (G1 Humongous Allocation) 396M->229M(512M) 0.683ms
[2026-03-27T19:25:42.600+0900][2.706s][info][gc,cpu      ] GC(65) User=0.00s Sys=0.00s Real=0.00s
[2026-03-27T19:25:42.600+0900][2.706s][info][gc          ] GC(66) Concurrent Undo Cycle
[2026-03-27T19:25:42.600+0900][2.706s][info][gc,marking  ] GC(66) Concurrent Cleanup for Next Mark
[2026-03-27T19:25:42.600+0900][2.706s][info][gc,marking  ] GC(66) Concurrent Cleanup for Next Mark 0.037ms
[2026-03-27T19:25:42.600+0900][2.706s][info][gc          ] GC(66) Concurrent Undo Cycle 0.109ms
[2026-03-27T19:25:42.600+0900][2.706s][info][gc,start    ] GC(67) Pause Young (Concurrent Start) (G1 Humongous Allocation)
[2026-03-27T19:25:42.600+0900][2.706s][info][gc,task     ] GC(67) Using 8 workers of 8 for evacuation
[2026-03-27T19:25:42.600+0900][2.707s][info][gc,phases   ] GC(67)   Pre Evacuate Collection Set: 0.1ms
[2026-03-27T19:25:42.600+0900][2.707s][info][gc,phases   ] GC(67)   Merge Heap Roots: 0.0ms
[2026-03-27T19:25:42.600+0900][2.707s][info][gc,phases   ] GC(67)   Evacuate Collection Set: 0.1ms
[2026-03-27T19:25:42.600+0900][2.707s][info][gc,phases   ] GC(67)   Post Evacuate Collection Set: 0.1ms
[2026-03-27T19:25:42.600+0900][2.707s][info][gc,phases   ] GC(67)   Other: 0.0ms
[2026-03-27T19:25:42.600+0900][2.707s][info][gc,heap     ] GC(67) Eden regions: 1->0(222)
[2026-03-27T19:25:42.600+0900][2.707s][info][gc,heap     ] GC(67) Survivor regions: 1->1(29)
[2026-03-27T19:25:42.600+0900][2.707s][info][gc,heap     ] GC(67) Old regions: 1->1
[2026-03-27T19:25:42.600+0900][2.707s][info][gc,heap     ] GC(67) Archive regions: 0->0
[2026-03-27T19:25:42.600+0900][2.707s][info][gc,heap     ] GC(67) Humongous regions: 235->235
[2026-03-27T19:25:42.600+0900][2.707s][info][gc,metaspace] GC(67) Metaspace: 285K(512K)->285K(512K) NonClass: 272K(384K)->272K(384K) Class: 12K(128K)->12K(128K)
[2026-03-27T19:25:42.600+0900][2.707s][info][gc          ] GC(67) Pause Young (Concurrent Start) (G1 Humongous Allocation) 236M->235M(512M) 0.456ms
[2026-03-27T19:25:42.600+0900][2.707s][info][gc,cpu      ] GC(67) User=0.00s Sys=0.00s Real=0.00s
[2026-03-27T19:25:42.600+0900][2.707s][info][gc          ] GC(68) Concurrent Mark Cycle
[2026-03-27T19:25:42.600+0900][2.707s][info][gc,marking  ] GC(68) Concurrent Clear Claimed Marks
[2026-03-27T19:25:42.600+0900][2.707s][info][gc,marking  ] GC(68) Concurrent Clear Claimed Marks 0.012ms
[2026-03-27T19:25:42.600+0900][2.707s][info][gc,marking  ] GC(68) Concurrent Scan Root Regions
[2026-03-27T19:25:42.601+0900][2.707s][info][gc,marking  ] GC(68) Concurrent Scan Root Regions 0.058ms
[2026-03-27T19:25:42.601+0900][2.707s][info][gc,marking  ] GC(68) Concurrent Mark
[2026-03-27T19:25:42.601+0900][2.707s][info][gc,marking  ] GC(68) Concurrent Mark From Roots
[2026-03-27T19:25:42.601+0900][2.707s][info][gc,task     ] GC(68) Using 2 workers of 2 for marking
[2026-03-27T19:25:42.601+0900][2.708s][info][gc,marking  ] GC(68) Concurrent Mark From Roots 0.768ms
[2026-03-27T19:25:42.601+0900][2.708s][info][gc,marking  ] GC(68) Concurrent Preclean
[2026-03-27T19:25:42.601+0900][2.708s][info][gc,marking  ] GC(68) Concurrent Preclean 0.013ms
[2026-03-27T19:25:42.601+0900][2.708s][info][gc,start    ] GC(68) Pause Remark
[2026-03-27T19:25:42.602+0900][2.708s][info][gc          ] GC(68) Pause Remark 243M->243M(512M) 0.201ms
[2026-03-27T19:25:42.602+0900][2.708s][info][gc,cpu      ] GC(68) User=0.00s Sys=0.00s Real=0.00s
[2026-03-27T19:25:42.602+0900][2.708s][info][gc,marking  ] GC(68) Concurrent Mark 1.097ms
[2026-03-27T19:25:42.602+0900][2.708s][info][gc,marking  ] GC(68) Concurrent Rebuild Remembered Sets
[2026-03-27T19:25:42.602+0900][2.708s][info][gc,marking  ] GC(68) Concurrent Rebuild Remembered Sets 0.357ms
[2026-03-27T19:25:42.602+0900][2.709s][info][gc,start    ] GC(68) Pause Cleanup
[2026-03-27T19:25:42.602+0900][2.709s][info][gc          ] GC(68) Pause Cleanup 243M->243M(512M) 0.052ms
[2026-03-27T19:25:42.602+0900][2.709s][info][gc,cpu      ] GC(68) User=0.00s Sys=0.00s Real=0.00s
[2026-03-27T19:25:42.602+0900][2.709s][info][gc,marking  ] GC(68) Concurrent Cleanup for Next Mark
[2026-03-27T19:25:42.602+0900][2.709s][info][gc,marking  ] GC(68) Concurrent Cleanup for Next Mark 0.175ms
[2026-03-27T19:25:42.602+0900][2.709s][info][gc          ] GC(68) Concurrent Mark Cycle 2.015ms
[2026-03-27T19:25:42.646+0900][2.752s][info][gc,start    ] GC(69) Pause Young (Concurrent Start) (G1 Humongous Allocation)
[2026-03-27T19:25:42.646+0900][2.752s][info][gc,task     ] GC(69) Using 8 workers of 8 for evacuation
[2026-03-27T19:25:42.646+0900][2.753s][info][gc,phases   ] GC(69)   Pre Evacuate Collection Set: 0.1ms
[2026-03-27T19:25:42.646+0900][2.753s][info][gc,phases   ] GC(69)   Merge Heap Roots: 0.1ms
[2026-03-27T19:25:42.646+0900][2.753s][info][gc,phases   ] GC(69)   Evacuate Collection Set: 0.1ms
[2026-03-27T19:25:42.646+0900][2.753s][info][gc,phases   ] GC(69)   Post Evacuate Collection Set: 0.1ms
[2026-03-27T19:25:42.646+0900][2.753s][info][gc,phases   ] GC(69)   Other: 0.1ms
[2026-03-27T19:25:42.646+0900][2.753s][info][gc,heap     ] GC(69) Eden regions: 34->0(215)
[2026-03-27T19:25:42.646+0900][2.753s][info][gc,heap     ] GC(69) Survivor regions: 1->1(28)
[2026-03-27T19:25:42.646+0900][2.753s][info][gc,heap     ] GC(69) Old regions: 1->1
[2026-03-27T19:25:42.646+0900][2.753s][info][gc,heap     ] GC(69) Archive regions: 0->0
[2026-03-27T19:25:42.646+0900][2.753s][info][gc,heap     ] GC(69) Humongous regions: 242->242
[2026-03-27T19:25:42.646+0900][2.753s][info][gc,metaspace] GC(69) Metaspace: 285K(512K)->285K(512K) NonClass: 272K(384K)->272K(384K) Class: 12K(128K)->12K(128K)
[2026-03-27T19:25:42.646+0900][2.753s][info][gc          ] GC(69) Pause Young (Concurrent Start) (G1 Humongous Allocation) 276M->242M(512M) 0.709ms
[2026-03-27T19:25:42.646+0900][2.753s][info][gc,cpu      ] GC(69) User=0.00s Sys=0.00s Real=0.00s
[2026-03-27T19:25:42.646+0900][2.753s][info][gc          ] GC(70) Concurrent Mark Cycle
[2026-03-27T19:25:42.646+0900][2.753s][info][gc,marking  ] GC(70) Concurrent Clear Claimed Marks
[2026-03-27T19:25:42.646+0900][2.753s][info][gc,marking  ] GC(70) Concurrent Clear Claimed Marks 0.016ms
[2026-03-27T19:25:42.646+0900][2.753s][info][gc,marking  ] GC(70) Concurrent Scan Root Regions
[2026-03-27T19:25:42.646+0900][2.753s][info][gc,marking  ] GC(70) Concurrent Scan Root Regions 0.079ms
[2026-03-27T19:25:42.646+0900][2.753s][info][gc,marking  ] GC(70) Concurrent Mark
[2026-03-27T19:25:42.646+0900][2.753s][info][gc,marking  ] GC(70) Concurrent Mark From Roots
[2026-03-27T19:25:42.646+0900][2.753s][info][gc,task     ] GC(70) Using 2 workers of 2 for marking
[2026-03-27T19:25:42.647+0900][2.754s][info][gc,marking  ] GC(70) Concurrent Mark From Roots 0.813ms
[2026-03-27T19:25:42.647+0900][2.754s][info][gc,marking  ] GC(70) Concurrent Preclean
[2026-03-27T19:25:42.647+0900][2.754s][info][gc,marking  ] GC(70) Concurrent Preclean 0.013ms
[2026-03-27T19:25:42.647+0900][2.754s][info][gc,start    ] GC(70) Pause Remark
[2026-03-27T19:25:42.647+0900][2.754s][info][gc          ] GC(70) Pause Remark 265M->265M(512M) 0.276ms
[2026-03-27T19:25:42.647+0900][2.754s][info][gc,cpu      ] GC(70) User=0.00s Sys=0.00s Real=0.00s
[2026-03-27T19:25:42.647+0900][2.754s][info][gc,marking  ] GC(70) Concurrent Mark 1.247ms
[2026-03-27T19:25:42.647+0900][2.754s][info][gc,marking  ] GC(70) Concurrent Rebuild Remembered Sets
[2026-03-27T19:25:42.648+0900][2.755s][info][gc,marking  ] GC(70) Concurrent Rebuild Remembered Sets 0.389ms
[2026-03-27T19:25:42.648+0900][2.755s][info][gc,start    ] GC(70) Pause Cleanup
[2026-03-27T19:25:42.648+0900][2.755s][info][gc          ] GC(70) Pause Cleanup 265M->265M(512M) 0.067ms
[2026-03-27T19:25:42.648+0900][2.755s][info][gc,cpu      ] GC(70) User=0.00s Sys=0.00s Real=0.00s
[2026-03-27T19:25:42.648+0900][2.755s][info][gc,marking  ] GC(70) Concurrent Cleanup for Next Mark
[2026-03-27T19:25:42.648+0900][2.755s][info][gc,marking  ] GC(70) Concurrent Cleanup for Next Mark 0.189ms
[2026-03-27T19:25:42.648+0900][2.755s][info][gc          ] GC(70) Concurrent Mark Cycle 2.241ms
[2026-03-27T19:25:42.692+0900][2.799s][info][gc,start    ] GC(71) Pause Young (Concurrent Start) (G1 Humongous Allocation)
[2026-03-27T19:25:42.692+0900][2.799s][info][gc,task     ] GC(71) Using 8 workers of 8 for evacuation
[2026-03-27T19:25:42.692+0900][2.799s][info][gc,phases   ] GC(71)   Pre Evacuate Collection Set: 0.1ms
[2026-03-27T19:25:42.692+0900][2.799s][info][gc,phases   ] GC(71)   Merge Heap Roots: 0.1ms
[2026-03-27T19:25:42.692+0900][2.799s][info][gc,phases   ] GC(71)   Evacuate Collection Set: 0.1ms
[2026-03-27T19:25:42.692+0900][2.799s][info][gc,phases   ] GC(71)   Post Evacuate Collection Set: 0.1ms
[2026-03-27T19:25:42.692+0900][2.799s][info][gc,phases   ] GC(71)   Other: 0.1ms
[2026-03-27T19:25:42.692+0900][2.799s][info][gc,heap     ] GC(71) Eden regions: 34->0(193)
[2026-03-27T19:25:42.692+0900][2.799s][info][gc,heap     ] GC(71) Survivor regions: 1->1(27)
[2026-03-27T19:25:42.692+0900][2.799s][info][gc,heap     ] GC(71) Old regions: 1->1
[2026-03-27T19:25:42.692+0900][2.799s][info][gc,heap     ] GC(71) Archive regions: 0->0
[2026-03-27T19:25:42.692+0900][2.799s][info][gc,heap     ] GC(71) Humongous regions: 264->264
[2026-03-27T19:25:42.692+0900][2.799s][info][gc,metaspace] GC(71) Metaspace: 285K(512K)->285K(512K) NonClass: 272K(384K)->272K(384K) Class: 12K(128K)->12K(128K)
[2026-03-27T19:25:42.692+0900][2.799s][info][gc          ] GC(71) Pause Young (Concurrent Start) (G1 Humongous Allocation) 298M->264M(512M) 0.639ms
[2026-03-27T19:25:42.692+0900][2.799s][info][gc,cpu      ] GC(71) User=0.00s Sys=0.00s Real=0.00s
[2026-03-27T19:25:42.692+0900][2.799s][info][gc          ] GC(72) Concurrent Mark Cycle
[2026-03-27T19:25:42.692+0900][2.799s][info][gc,marking  ] GC(72) Concurrent Clear Claimed Marks
[2026-03-27T19:25:42.692+0900][2.799s][info][gc,marking  ] GC(72) Concurrent Clear Claimed Marks 0.013ms
[2026-03-27T19:25:42.692+0900][2.799s][info][gc,marking  ] GC(72) Concurrent Scan Root Regions
[2026-03-27T19:25:42.693+0900][2.799s][info][gc,marking  ] GC(72) Concurrent Scan Root Regions 0.078ms
[2026-03-27T19:25:42.693+0900][2.799s][info][gc,marking  ] GC(72) Concurrent Mark
[2026-03-27T19:25:42.693+0900][2.799s][info][gc,marking  ] GC(72) Concurrent Mark From Roots
[2026-03-27T19:25:42.693+0900][2.799s][info][gc,task     ] GC(72) Using 2 workers of 2 for marking
[2026-03-27T19:25:42.694+0900][2.801s][info][gc,marking  ] GC(72) Concurrent Mark From Roots 1.122ms
[2026-03-27T19:25:42.694+0900][2.801s][info][gc,marking  ] GC(72) Concurrent Preclean
[2026-03-27T19:25:42.694+0900][2.801s][info][gc,marking  ] GC(72) Concurrent Preclean 0.013ms
[2026-03-27T19:25:42.694+0900][2.801s][info][gc,start    ] GC(72) Pause Remark
[2026-03-27T19:25:42.694+0900][2.801s][info][gc          ] GC(72) Pause Remark 287M->287M(512M) 0.214ms
[2026-03-27T19:25:42.694+0900][2.801s][info][gc,cpu      ] GC(72) User=0.00s Sys=0.00s Real=0.00s
[2026-03-27T19:25:42.694+0900][2.801s][info][gc,marking  ] GC(72) Concurrent Mark 1.504ms
[2026-03-27T19:25:42.694+0900][2.801s][info][gc,marking  ] GC(72) Concurrent Rebuild Remembered Sets
[2026-03-27T19:25:42.695+0900][2.801s][info][gc,marking  ] GC(72) Concurrent Rebuild Remembered Sets 0.413ms
[2026-03-27T19:25:42.695+0900][2.802s][info][gc,start    ] GC(72) Pause Cleanup
[2026-03-27T19:25:42.695+0900][2.802s][info][gc          ] GC(72) Pause Cleanup 287M->287M(512M) 0.053ms
[2026-03-27T19:25:42.695+0900][2.802s][info][gc,cpu      ] GC(72) User=0.00s Sys=0.00s Real=0.00s
[2026-03-27T19:25:42.695+0900][2.802s][info][gc,marking  ] GC(72) Concurrent Cleanup for Next Mark
[2026-03-27T19:25:42.695+0900][2.802s][info][gc,marking  ] GC(72) Concurrent Cleanup for Next Mark 0.195ms
[2026-03-27T19:25:42.695+0900][2.802s][info][gc          ] GC(72) Concurrent Mark Cycle 2.614ms
[2026-03-27T19:25:42.749+0900][2.856s][info][gc,start    ] GC(73) Pause Young (Concurrent Start) (G1 Humongous Allocation)
[2026-03-27T19:25:42.749+0900][2.856s][info][gc,task     ] GC(73) Using 8 workers of 8 for evacuation
[2026-03-27T19:25:42.749+0900][2.856s][info][gc,phases   ] GC(73)   Pre Evacuate Collection Set: 0.1ms
[2026-03-27T19:25:42.750+0900][2.856s][info][gc,phases   ] GC(73)   Merge Heap Roots: 0.1ms
[2026-03-27T19:25:42.750+0900][2.856s][info][gc,phases   ] GC(73)   Evacuate Collection Set: 0.1ms
[2026-03-27T19:25:42.750+0900][2.856s][info][gc,phases   ] GC(73)   Post Evacuate Collection Set: 0.1ms
[2026-03-27T19:25:42.750+0900][2.856s][info][gc,phases   ] GC(73)   Other: 0.1ms
[2026-03-27T19:25:42.750+0900][2.856s][info][gc,heap     ] GC(73) Eden regions: 34->0(171)
[2026-03-27T19:25:42.750+0900][2.856s][info][gc,heap     ] GC(73) Survivor regions: 1->1(25)
[2026-03-27T19:25:42.750+0900][2.856s][info][gc,heap     ] GC(73) Old regions: 1->1
[2026-03-27T19:25:42.750+0900][2.856s][info][gc,heap     ] GC(73) Archive regions: 0->0
[2026-03-27T19:25:42.750+0900][2.857s][info][gc,heap     ] GC(73) Humongous regions: 286->286
[2026-03-27T19:25:42.750+0900][2.857s][info][gc,metaspace] GC(73) Metaspace: 285K(512K)->285K(512K) NonClass: 272K(384K)->272K(384K) Class: 12K(128K)->12K(128K)
[2026-03-27T19:25:42.750+0900][2.857s][info][gc          ] GC(73) Pause Young (Concurrent Start) (G1 Humongous Allocation) 320M->286M(512M) 0.871ms
[2026-03-27T19:25:42.750+0900][2.857s][info][gc          ] GC(74) Concurrent Mark Cycle
[2026-03-27T19:25:42.750+0900][2.857s][info][gc,cpu      ] GC(73) User=0.00s Sys=0.00s Real=0.00s
[2026-03-27T19:25:42.750+0900][2.857s][info][gc,marking  ] GC(74) Concurrent Clear Claimed Marks
[2026-03-27T19:25:42.750+0900][2.857s][info][gc,marking  ] GC(74) Concurrent Clear Claimed Marks 0.051ms
[2026-03-27T19:25:42.750+0900][2.857s][info][gc,marking  ] GC(74) Concurrent Scan Root Regions
[2026-03-27T19:25:42.750+0900][2.857s][info][gc,marking  ] GC(74) Concurrent Scan Root Regions 0.088ms
[2026-03-27T19:25:42.750+0900][2.857s][info][gc,marking  ] GC(74) Concurrent Mark
[2026-03-27T19:25:42.750+0900][2.857s][info][gc,marking  ] GC(74) Concurrent Mark From Roots
[2026-03-27T19:25:42.750+0900][2.857s][info][gc,task     ] GC(74) Using 2 workers of 2 for marking
[2026-03-27T19:25:42.751+0900][2.858s][info][gc,marking  ] GC(74) Concurrent Mark From Roots 1.280ms
[2026-03-27T19:25:42.751+0900][2.858s][info][gc,marking  ] GC(74) Concurrent Preclean
[2026-03-27T19:25:42.751+0900][2.858s][info][gc,marking  ] GC(74) Concurrent Preclean 0.025ms
[2026-03-27T19:25:42.752+0900][2.858s][info][gc,start    ] GC(74) Pause Remark
[2026-03-27T19:25:42.752+0900][2.859s][info][gc          ] GC(74) Pause Remark 286M->286M(512M) 0.328ms
[2026-03-27T19:25:42.752+0900][2.859s][info][gc,cpu      ] GC(74) User=0.00s Sys=0.00s Real=0.00s
[2026-03-27T19:25:42.752+0900][2.859s][info][gc,marking  ] GC(74) Concurrent Mark 2.035ms
[2026-03-27T19:25:42.752+0900][2.859s][info][gc,marking  ] GC(74) Concurrent Rebuild Remembered Sets
[2026-03-27T19:25:42.753+0900][2.859s][info][gc,marking  ] GC(74) Concurrent Rebuild Remembered Sets 0.530ms
[2026-03-27T19:25:42.753+0900][2.860s][info][gc,start    ] GC(74) Pause Cleanup
[2026-03-27T19:25:42.753+0900][2.860s][info][gc          ] GC(74) Pause Cleanup 287M->287M(512M) 0.115ms
[2026-03-27T19:25:42.753+0900][2.860s][info][gc,cpu      ] GC(74) User=0.00s Sys=0.02s Real=0.00s
[2026-03-27T19:25:42.753+0900][2.860s][info][gc,marking  ] GC(74) Concurrent Cleanup for Next Mark
[2026-03-27T19:25:42.753+0900][2.860s][info][gc,marking  ] GC(74) Concurrent Cleanup for Next Mark 0.309ms
[2026-03-27T19:25:42.753+0900][2.860s][info][gc          ] GC(74) Concurrent Mark Cycle 3.470ms
[2026-03-27T19:25:42.753+0900][2.860s][info][gc,start    ] GC(75) Pause Young (Concurrent Start) (G1 Humongous Allocation)
[2026-03-27T19:25:42.753+0900][2.860s][info][gc,task     ] GC(75) Using 8 workers of 8 for evacuation
[2026-03-27T19:25:42.753+0900][2.861s][info][gc,phases   ] GC(75)   Pre Evacuate Collection Set: 0.1ms
[2026-03-27T19:25:42.753+0900][2.861s][info][gc,phases   ] GC(75)   Merge Heap Roots: 0.1ms
[2026-03-27T19:25:42.755+0900][2.861s][info][gc,phases   ] GC(75)   Evacuate Collection Set: 0.1ms
[2026-03-27T19:25:42.755+0900][2.861s][info][gc,phases   ] GC(75)   Post Evacuate Collection Set: 0.1ms
[2026-03-27T19:25:42.755+0900][2.861s][info][gc,phases   ] GC(75)   Other: 0.1ms
[2026-03-27T19:25:42.755+0900][2.861s][info][gc,heap     ] GC(75) Eden regions: 1->0(166)
[2026-03-27T19:25:42.755+0900][2.861s][info][gc,heap     ] GC(75) Survivor regions: 1->1(22)
[2026-03-27T19:25:42.755+0900][2.861s][info][gc,heap     ] GC(75) Old regions: 1->1
[2026-03-27T19:25:42.755+0900][2.861s][info][gc,heap     ] GC(75) Archive regions: 0->0
[2026-03-27T19:25:42.755+0900][2.861s][info][gc,heap     ] GC(75) Humongous regions: 291->291
[2026-03-27T19:25:42.755+0900][2.861s][info][gc,metaspace] GC(75) Metaspace: 285K(512K)->285K(512K) NonClass: 272K(384K)->272K(384K) Class: 12K(128K)->12K(128K)
[2026-03-27T19:25:42.755+0900][2.861s][info][gc          ] GC(75) Pause Young (Concurrent Start) (G1 Humongous Allocation) 292M->291M(512M) 0.834ms
[2026-03-27T19:25:42.755+0900][2.861s][info][gc,cpu      ] GC(75) User=0.00s Sys=0.00s Real=0.00s
[2026-03-27T19:25:42.755+0900][2.861s][info][gc          ] GC(76) Concurrent Mark Cycle
[2026-03-27T19:25:42.755+0900][2.861s][info][gc,marking  ] GC(76) Concurrent Clear Claimed Marks
[2026-03-27T19:25:42.755+0900][2.861s][info][gc,marking  ] GC(76) Concurrent Clear Claimed Marks 0.021ms
[2026-03-27T19:25:42.755+0900][2.861s][info][gc,marking  ] GC(76) Concurrent Scan Root Regions
[2026-03-27T19:25:42.755+0900][2.861s][info][gc,marking  ] GC(76) Concurrent Scan Root Regions 0.099ms
[2026-03-27T19:25:42.755+0900][2.861s][info][gc,marking  ] GC(76) Concurrent Mark
[2026-03-27T19:25:42.755+0900][2.861s][info][gc,marking  ] GC(76) Concurrent Mark From Roots
[2026-03-27T19:25:42.755+0900][2.861s][info][gc,task     ] GC(76) Using 2 workers of 2 for marking
[2026-03-27T19:25:42.756+0900][2.863s][info][gc,marking  ] GC(76) Concurrent Mark From Roots 1.351ms
[2026-03-27T19:25:42.756+0900][2.863s][info][gc,marking  ] GC(76) Concurrent Preclean
[2026-03-27T19:25:42.756+0900][2.863s][info][gc,marking  ] GC(76) Concurrent Preclean 0.035ms
[2026-03-27T19:25:42.757+0900][2.863s][info][gc,start    ] GC(76) Pause Remark
[2026-03-27T19:25:42.757+0900][2.863s][info][gc          ] GC(76) Pause Remark 309M->309M(512M) 0.329ms
[2026-03-27T19:25:42.757+0900][2.863s][info][gc,cpu      ] GC(76) User=0.00s Sys=0.00s Real=0.00s
[2026-03-27T19:25:42.757+0900][2.863s][info][gc,marking  ] GC(76) Concurrent Mark 2.068ms
[2026-03-27T19:25:42.757+0900][2.863s][info][gc,marking  ] GC(76) Concurrent Rebuild Remembered Sets
[2026-03-27T19:25:42.757+0900][2.864s][info][gc,marking  ] GC(76) Concurrent Rebuild Remembered Sets 0.642ms
[2026-03-27T19:25:42.757+0900][2.864s][info][gc,start    ] GC(76) Pause Cleanup
[2026-03-27T19:25:42.757+0900][2.864s][info][gc          ] GC(76) Pause Cleanup 309M->309M(512M) 0.134ms
[2026-03-27T19:25:42.758+0900][2.864s][info][gc,cpu      ] GC(76) User=0.00s Sys=0.00s Real=0.00s
[2026-03-27T19:25:42.758+0900][2.864s][info][gc,marking  ] GC(76) Concurrent Cleanup for Next Mark
[2026-03-27T19:25:42.758+0900][2.865s][info][gc,marking  ] GC(76) Concurrent Cleanup for Next Mark 0.378ms
[2026-03-27T19:25:42.758+0900][2.865s][info][gc          ] GC(76) Concurrent Mark Cycle 3.791ms
[2026-03-27T19:25:42.800+0900][2.907s][info][gc,start    ] GC(77) Pause Young (Concurrent Start) (G1 Humongous Allocation)
[2026-03-27T19:25:42.800+0900][2.907s][info][gc,task     ] GC(77) Using 8 workers of 8 for evacuation
[2026-03-27T19:25:42.801+0900][2.908s][info][gc,phases   ] GC(77)   Pre Evacuate Collection Set: 0.1ms
[2026-03-27T19:25:42.801+0900][2.908s][info][gc,phases   ] GC(77)   Merge Heap Roots: 0.1ms
[2026-03-27T19:25:42.801+0900][2.908s][info][gc,phases   ] GC(77)   Evacuate Collection Set: 0.1ms
[2026-03-27T19:25:42.801+0900][2.908s][info][gc,phases   ] GC(77)   Post Evacuate Collection Set: 0.3ms
[2026-03-27T19:25:42.801+0900][2.908s][info][gc,phases   ] GC(77)   Other: 0.2ms
[2026-03-27T19:25:42.801+0900][2.908s][info][gc,heap     ] GC(77) Eden regions: 34->0(149)
[2026-03-27T19:25:42.801+0900][2.908s][info][gc,heap     ] GC(77) Survivor regions: 1->1(21)
[2026-03-27T19:25:42.801+0900][2.908s][info][gc,heap     ] GC(77) Old regions: 1->1
[2026-03-27T19:25:42.801+0900][2.908s][info][gc,heap     ] GC(77) Archive regions: 0->0
[2026-03-27T19:25:42.801+0900][2.908s][info][gc,heap     ] GC(77) Humongous regions: 308->308
[2026-03-27T19:25:42.801+0900][2.908s][info][gc,metaspace] GC(77) Metaspace: 285K(512K)->285K(512K) NonClass: 272K(384K)->272K(384K) Class: 12K(128K)->12K(128K)
[2026-03-27T19:25:42.801+0900][2.908s][info][gc          ] GC(77) Pause Young (Concurrent Start) (G1 Humongous Allocation) 342M->308M(512M) 1.159ms
[2026-03-27T19:25:42.801+0900][2.908s][info][gc,cpu      ] GC(77) User=0.00s Sys=0.00s Real=0.00s
[2026-03-27T19:25:42.801+0900][2.908s][info][gc          ] GC(78) Concurrent Mark Cycle
[2026-03-27T19:25:42.801+0900][2.908s][info][gc,marking  ] GC(78) Concurrent Clear Claimed Marks
[2026-03-27T19:25:42.801+0900][2.908s][info][gc,marking  ] GC(78) Concurrent Clear Claimed Marks 0.024ms
[2026-03-27T19:25:42.801+0900][2.909s][info][gc,marking  ] GC(78) Concurrent Scan Root Regions
[2026-03-27T19:25:42.801+0900][2.909s][info][gc,marking  ] GC(78) Concurrent Scan Root Regions 0.093ms
[2026-03-27T19:25:42.801+0900][2.909s][info][gc,marking  ] GC(78) Concurrent Mark
[2026-03-27T19:25:42.802+0900][2.909s][info][gc,marking  ] GC(78) Concurrent Mark From Roots
[2026-03-27T19:25:42.802+0900][2.909s][info][gc,task     ] GC(78) Using 2 workers of 2 for marking
[2026-03-27T19:25:42.803+0900][2.910s][info][gc,marking  ] GC(78) Concurrent Mark From Roots 1.264ms
[2026-03-27T19:25:42.803+0900][2.910s][info][gc,marking  ] GC(78) Concurrent Preclean
[2026-03-27T19:25:42.803+0900][2.910s][info][gc,marking  ] GC(78) Concurrent Preclean 0.021ms
[2026-03-27T19:25:42.803+0900][2.910s][info][gc,start    ] GC(78) Pause Remark
[2026-03-27T19:25:42.803+0900][2.910s][info][gc          ] GC(78) Pause Remark 331M->331M(512M) 0.356ms
[2026-03-27T19:25:42.803+0900][2.910s][info][gc,cpu      ] GC(78) User=0.00s Sys=0.00s Real=0.00s
[2026-03-27T19:25:42.803+0900][2.911s][info][gc,marking  ] GC(78) Concurrent Mark 1.886ms
[2026-03-27T19:25:42.803+0900][2.911s][info][gc,marking  ] GC(78) Concurrent Rebuild Remembered Sets
[2026-03-27T19:25:42.805+0900][2.911s][info][gc,marking  ] GC(78) Concurrent Rebuild Remembered Sets 0.593ms
[2026-03-27T19:25:42.805+0900][2.911s][info][gc,start    ] GC(78) Pause Cleanup
[2026-03-27T19:25:42.805+0900][2.911s][info][gc          ] GC(78) Pause Cleanup 331M->331M(512M) 0.109ms
[2026-03-27T19:25:42.805+0900][2.911s][info][gc,cpu      ] GC(78) User=0.00s Sys=0.00s Real=0.00s
[2026-03-27T19:25:42.805+0900][2.911s][info][gc,marking  ] GC(78) Concurrent Cleanup for Next Mark
[2026-03-27T19:25:42.805+0900][2.912s][info][gc,marking  ] GC(78) Concurrent Cleanup for Next Mark 0.294ms
[2026-03-27T19:25:42.805+0900][2.912s][info][gc          ] GC(78) Concurrent Mark Cycle 3.378ms
[2026-03-27T19:25:42.846+0900][2.953s][info][gc,start    ] GC(79) Pause Young (Concurrent Start) (G1 Humongous Allocation)
[2026-03-27T19:25:42.847+0900][2.953s][info][gc,task     ] GC(79) Using 8 workers of 8 for evacuation
[2026-03-27T19:25:42.847+0900][2.954s][info][gc,phases   ] GC(79)   Pre Evacuate Collection Set: 0.1ms
[2026-03-27T19:25:42.847+0900][2.954s][info][gc,phases   ] GC(79)   Merge Heap Roots: 0.1ms
[2026-03-27T19:25:42.847+0900][2.954s][info][gc,phases   ] GC(79)   Evacuate Collection Set: 0.1ms
[2026-03-27T19:25:42.847+0900][2.954s][info][gc,phases   ] GC(79)   Post Evacuate Collection Set: 0.1ms
[2026-03-27T19:25:42.847+0900][2.954s][info][gc,phases   ] GC(79)   Other: 0.1ms
[2026-03-27T19:25:42.847+0900][2.954s][info][gc,heap     ] GC(79) Eden regions: 34->0(127)
[2026-03-27T19:25:42.847+0900][2.954s][info][gc,heap     ] GC(79) Survivor regions: 1->1(19)
[2026-03-27T19:25:42.847+0900][2.954s][info][gc,heap     ] GC(79) Old regions: 1->1
[2026-03-27T19:25:42.847+0900][2.954s][info][gc,heap     ] GC(79) Archive regions: 0->0
[2026-03-27T19:25:42.847+0900][2.954s][info][gc,heap     ] GC(79) Humongous regions: 330->330
[2026-03-27T19:25:42.847+0900][2.954s][info][gc,metaspace] GC(79) Metaspace: 285K(512K)->285K(512K) NonClass: 272K(384K)->272K(384K) Class: 12K(128K)->12K(128K)
[2026-03-27T19:25:42.847+0900][2.954s][info][gc          ] GC(79) Pause Young (Concurrent Start) (G1 Humongous Allocation) 364M->330M(512M) 0.656ms
[2026-03-27T19:25:42.847+0900][2.954s][info][gc,cpu      ] GC(79) User=0.00s Sys=0.02s Real=0.00s
[2026-03-27T19:25:42.847+0900][2.954s][info][gc          ] GC(80) Concurrent Mark Cycle
[2026-03-27T19:25:42.847+0900][2.954s][info][gc,marking  ] GC(80) Concurrent Clear Claimed Marks
[2026-03-27T19:25:42.847+0900][2.954s][info][gc,marking  ] GC(80) Concurrent Clear Claimed Marks 0.013ms
[2026-03-27T19:25:42.847+0900][2.954s][info][gc,marking  ] GC(80) Concurrent Scan Root Regions
[2026-03-27T19:25:42.847+0900][2.954s][info][gc,marking  ] GC(80) Concurrent Scan Root Regions 0.086ms
[2026-03-27T19:25:42.847+0900][2.954s][info][gc,marking  ] GC(80) Concurrent Mark
[2026-03-27T19:25:42.847+0900][2.954s][info][gc,marking  ] GC(80) Concurrent Mark From Roots
[2026-03-27T19:25:42.847+0900][2.954s][info][gc,task     ] GC(80) Using 2 workers of 2 for marking
[2026-03-27T19:25:42.848+0900][2.955s][info][gc,marking  ] GC(80) Concurrent Mark From Roots 0.776ms
[2026-03-27T19:25:42.848+0900][2.955s][info][gc,marking  ] GC(80) Concurrent Preclean
[2026-03-27T19:25:42.848+0900][2.955s][info][gc,marking  ] GC(80) Concurrent Preclean 0.013ms
[2026-03-27T19:25:42.848+0900][2.955s][info][gc,start    ] GC(80) Pause Remark
[2026-03-27T19:25:42.848+0900][2.955s][info][gc          ] GC(80) Pause Remark 353M->353M(512M) 0.233ms
[2026-03-27T19:25:42.848+0900][2.955s][info][gc,cpu      ] GC(80) User=0.00s Sys=0.00s Real=0.00s
[2026-03-27T19:25:42.848+0900][2.955s][info][gc,marking  ] GC(80) Concurrent Mark 1.170ms
[2026-03-27T19:25:42.848+0900][2.955s][info][gc,marking  ] GC(80) Concurrent Rebuild Remembered Sets
[2026-03-27T19:25:42.848+0900][2.956s][info][gc,marking  ] GC(80) Concurrent Rebuild Remembered Sets 0.376ms
[2026-03-27T19:25:42.848+0900][2.956s][info][gc,start    ] GC(80) Pause Cleanup
[2026-03-27T19:25:42.849+0900][2.956s][info][gc          ] GC(80) Pause Cleanup 353M->353M(512M) 0.062ms
[2026-03-27T19:25:42.849+0900][2.956s][info][gc,cpu      ] GC(80) User=0.00s Sys=0.00s Real=0.00s
[2026-03-27T19:25:42.849+0900][2.956s][info][gc,marking  ] GC(80) Concurrent Cleanup for Next Mark
[2026-03-27T19:25:42.849+0900][2.956s][info][gc,marking  ] GC(80) Concurrent Cleanup for Next Mark 0.247ms
[2026-03-27T19:25:42.849+0900][2.956s][info][gc          ] GC(80) Concurrent Mark Cycle 2.217ms
[2026-03-27T19:25:42.893+0900][3.000s][info][gc,start    ] GC(81) Pause Young (Concurrent Start) (G1 Humongous Allocation)
[2026-03-27T19:25:42.893+0900][3.000s][info][gc,task     ] GC(81) Using 8 workers of 8 for evacuation
[2026-03-27T19:25:42.893+0900][3.000s][info][gc,phases   ] GC(81)   Pre Evacuate Collection Set: 0.1ms
[2026-03-27T19:25:42.893+0900][3.000s][info][gc,phases   ] GC(81)   Merge Heap Roots: 0.1ms
[2026-03-27T19:25:42.893+0900][3.000s][info][gc,phases   ] GC(81)   Evacuate Collection Set: 0.1ms
[2026-03-27T19:25:42.893+0900][3.000s][info][gc,phases   ] GC(81)   Post Evacuate Collection Set: 0.2ms
[2026-03-27T19:25:42.893+0900][3.000s][info][gc,phases   ] GC(81)   Other: 0.1ms
[2026-03-27T19:25:42.893+0900][3.000s][info][gc,heap     ] GC(81) Eden regions: 34->0(306)
[2026-03-27T19:25:42.893+0900][3.000s][info][gc,heap     ] GC(81) Survivor regions: 1->1(16)
[2026-03-27T19:25:42.893+0900][3.000s][info][gc,heap     ] GC(81) Old regions: 1->1
[2026-03-27T19:25:42.893+0900][3.000s][info][gc,heap     ] GC(81) Archive regions: 0->0
[2026-03-27T19:25:42.893+0900][3.000s][info][gc,heap     ] GC(81) Humongous regions: 352->132
[2026-03-27T19:25:42.893+0900][3.000s][info][gc,metaspace] GC(81) Metaspace: 285K(512K)->285K(512K) NonClass: 272K(384K)->272K(384K) Class: 12K(128K)->12K(128K)
[2026-03-27T19:25:42.894+0900][3.001s][info][gc          ] GC(81) Pause Young (Concurrent Start) (G1 Humongous Allocation) 386M->132M(512M) 0.863ms
[2026-03-27T19:25:42.894+0900][3.001s][info][gc          ] GC(82) Concurrent Undo Cycle
[2026-03-27T19:25:42.894+0900][3.001s][info][gc,cpu      ] GC(81) User=0.02s Sys=0.00s Real=0.00s
[2026-03-27T19:25:42.894+0900][3.001s][info][gc,marking  ] GC(82) Concurrent Cleanup for Next Mark
[2026-03-27T19:25:42.894+0900][3.001s][info][gc,marking  ] GC(82) Concurrent Cleanup for Next Mark 0.093ms
[2026-03-27T19:25:42.894+0900][3.001s][info][gc          ] GC(82) Concurrent Undo Cycle 0.208ms
[2026-03-27T19:25:43.064+0900][3.170s][info][gc,start    ] GC(83) Pause Young (Concurrent Start) (G1 Humongous Allocation)
[2026-03-27T19:25:43.064+0900][3.170s][info][gc,task     ] GC(83) Using 8 workers of 8 for evacuation
[2026-03-27T19:25:43.064+0900][3.170s][info][gc,phases   ] GC(83)   Pre Evacuate Collection Set: 0.1ms
[2026-03-27T19:25:43.064+0900][3.171s][info][gc,phases   ] GC(83)   Merge Heap Roots: 0.0ms
[2026-03-27T19:25:43.064+0900][3.171s][info][gc,phases   ] GC(83)   Evacuate Collection Set: 0.1ms
[2026-03-27T19:25:43.064+0900][3.171s][info][gc,phases   ] GC(83)   Post Evacuate Collection Set: 0.1ms
[2026-03-27T19:25:43.064+0900][3.171s][info][gc,phases   ] GC(83)   Other: 0.1ms
[2026-03-27T19:25:43.064+0900][3.171s][info][gc,heap     ] GC(83) Eden regions: 134->0(227)
[2026-03-27T19:25:43.064+0900][3.171s][info][gc,heap     ] GC(83) Survivor regions: 1->1(39)
[2026-03-27T19:25:43.064+0900][3.171s][info][gc,heap     ] GC(83) Old regions: 1->1
[2026-03-27T19:25:43.064+0900][3.171s][info][gc,heap     ] GC(83) Archive regions: 0->0
[2026-03-27T19:25:43.064+0900][3.171s][info][gc,heap     ] GC(83) Humongous regions: 229->229
[2026-03-27T19:25:43.064+0900][3.171s][info][gc,metaspace] GC(83) Metaspace: 285K(512K)->285K(512K) NonClass: 272K(384K)->272K(384K) Class: 12K(128K)->12K(128K)
[2026-03-27T19:25:43.064+0900][3.171s][info][gc          ] GC(83) Pause Young (Concurrent Start) (G1 Humongous Allocation) 363M->229M(512M) 0.737ms
[2026-03-27T19:25:43.064+0900][3.171s][info][gc,cpu      ] GC(83) User=0.00s Sys=0.00s Real=0.00s
[2026-03-27T19:25:43.064+0900][3.171s][info][gc          ] GC(84) Concurrent Undo Cycle
[2026-03-27T19:25:43.064+0900][3.171s][info][gc,marking  ] GC(84) Concurrent Cleanup for Next Mark
[2026-03-27T19:25:43.065+0900][3.171s][info][gc,marking  ] GC(84) Concurrent Cleanup for Next Mark 0.065ms
[2026-03-27T19:25:43.065+0900][3.171s][info][gc          ] GC(84) Concurrent Undo Cycle 0.214ms
[2026-03-27T19:25:43.065+0900][3.171s][info][gc,start    ] GC(85) Pause Young (Concurrent Start) (G1 Humongous Allocation)
[2026-03-27T19:25:43.065+0900][3.171s][info][gc,task     ] GC(85) Using 8 workers of 8 for evacuation
[2026-03-27T19:25:43.065+0900][3.171s][info][gc,phases   ] GC(85)   Pre Evacuate Collection Set: 0.1ms
[2026-03-27T19:25:43.065+0900][3.171s][info][gc,phases   ] GC(85)   Merge Heap Roots: 0.0ms
[2026-03-27T19:25:43.065+0900][3.171s][info][gc,phases   ] GC(85)   Evacuate Collection Set: 0.1ms
[2026-03-27T19:25:43.065+0900][3.171s][info][gc,phases   ] GC(85)   Post Evacuate Collection Set: 0.1ms
[2026-03-27T19:25:43.065+0900][3.171s][info][gc,phases   ] GC(85)   Other: 0.1ms
[2026-03-27T19:25:43.065+0900][3.171s][info][gc,heap     ] GC(85) Eden regions: 1->0(220)
[2026-03-27T19:25:43.065+0900][3.172s][info][gc,heap     ] GC(85) Survivor regions: 1->1(29)
[2026-03-27T19:25:43.065+0900][3.172s][info][gc,heap     ] GC(85) Old regions: 1->1
[2026-03-27T19:25:43.065+0900][3.172s][info][gc,heap     ] GC(85) Archive regions: 0->0
[2026-03-27T19:25:43.065+0900][3.172s][info][gc,heap     ] GC(85) Humongous regions: 237->237
[2026-03-27T19:25:43.065+0900][3.172s][info][gc,metaspace] GC(85) Metaspace: 285K(512K)->285K(512K) NonClass: 272K(384K)->272K(384K) Class: 12K(128K)->12K(128K)
[2026-03-27T19:25:43.065+0900][3.172s][info][gc          ] GC(85) Pause Young (Concurrent Start) (G1 Humongous Allocation) 238M->237M(512M) 0.555ms
[2026-03-27T19:25:43.065+0900][3.172s][info][gc,cpu      ] GC(85) User=0.00s Sys=0.00s Real=0.00s
[2026-03-27T19:25:43.065+0900][3.172s][info][gc          ] GC(86) Concurrent Mark Cycle
[2026-03-27T19:25:43.065+0900][3.172s][info][gc,marking  ] GC(86) Concurrent Clear Claimed Marks
[2026-03-27T19:25:43.065+0900][3.172s][info][gc,marking  ] GC(86) Concurrent Clear Claimed Marks 0.014ms
[2026-03-27T19:25:43.065+0900][3.172s][info][gc,marking  ] GC(86) Concurrent Scan Root Regions
[2026-03-27T19:25:43.065+0900][3.172s][info][gc,marking  ] GC(86) Concurrent Scan Root Regions 0.061ms
[2026-03-27T19:25:43.065+0900][3.172s][info][gc,marking  ] GC(86) Concurrent Mark
[2026-03-27T19:25:43.065+0900][3.172s][info][gc,marking  ] GC(86) Concurrent Mark From Roots
[2026-03-27T19:25:43.065+0900][3.172s][info][gc,task     ] GC(86) Using 2 workers of 2 for marking
[2026-03-27T19:25:43.066+0900][3.173s][info][gc,marking  ] GC(86) Concurrent Mark From Roots 0.849ms
[2026-03-27T19:25:43.066+0900][3.173s][info][gc,marking  ] GC(86) Concurrent Preclean
[2026-03-27T19:25:43.066+0900][3.173s][info][gc,marking  ] GC(86) Concurrent Preclean 0.014ms
[2026-03-27T19:25:43.066+0900][3.173s][info][gc,start    ] GC(86) Pause Remark
[2026-03-27T19:25:43.066+0900][3.173s][info][gc          ] GC(86) Pause Remark 243M->243M(512M) 0.273ms
[2026-03-27T19:25:43.066+0900][3.173s][info][gc,cpu      ] GC(86) User=0.00s Sys=0.00s Real=0.00s
[2026-03-27T19:25:43.066+0900][3.173s][info][gc,marking  ] GC(86) Concurrent Mark 1.291ms
[2026-03-27T19:25:43.066+0900][3.173s][info][gc,marking  ] GC(86) Concurrent Rebuild Remembered Sets
[2026-03-27T19:25:43.066+0900][3.173s][info][gc,marking  ] GC(86) Concurrent Rebuild Remembered Sets 0.374ms
[2026-03-27T19:25:43.067+0900][3.174s][info][gc,start    ] GC(86) Pause Cleanup
[2026-03-27T19:25:43.067+0900][3.174s][info][gc          ] GC(86) Pause Cleanup 243M->243M(512M) 0.072ms
[2026-03-27T19:25:43.067+0900][3.174s][info][gc,cpu      ] GC(86) User=0.00s Sys=0.00s Real=0.00s
[2026-03-27T19:25:43.067+0900][3.174s][info][gc,marking  ] GC(86) Concurrent Cleanup for Next Mark
[2026-03-27T19:25:43.067+0900][3.174s][info][gc,marking  ] GC(86) Concurrent Cleanup for Next Mark 0.180ms
[2026-03-27T19:25:43.067+0900][3.174s][info][gc          ] GC(86) Concurrent Mark Cycle 2.266ms
[2026-03-27T19:25:43.110+0900][3.216s][info][gc,start    ] GC(87) Pause Young (Concurrent Start) (G1 Humongous Allocation)
[2026-03-27T19:25:43.110+0900][3.217s][info][gc,task     ] GC(87) Using 8 workers of 8 for evacuation
[2026-03-27T19:25:43.110+0900][3.217s][info][gc,phases   ] GC(87)   Pre Evacuate Collection Set: 0.1ms
[2026-03-27T19:25:43.110+0900][3.217s][info][gc,phases   ] GC(87)   Merge Heap Roots: 0.1ms
[2026-03-27T19:25:43.110+0900][3.217s][info][gc,phases   ] GC(87)   Evacuate Collection Set: 0.1ms
[2026-03-27T19:25:43.110+0900][3.217s][info][gc,phases   ] GC(87)   Post Evacuate Collection Set: 0.2ms
[2026-03-27T19:25:43.110+0900][3.217s][info][gc,phases   ] GC(87)   Other: 0.1ms
[2026-03-27T19:25:43.110+0900][3.217s][info][gc,heap     ] GC(87) Eden regions: 34->0(215)
[2026-03-27T19:25:43.110+0900][3.217s][info][gc,heap     ] GC(87) Survivor regions: 1->1(28)
[2026-03-27T19:25:43.110+0900][3.217s][info][gc,heap     ] GC(87) Old regions: 1->1
[2026-03-27T19:25:43.110+0900][3.217s][info][gc,heap     ] GC(87) Archive regions: 0->0
[2026-03-27T19:25:43.110+0900][3.217s][info][gc,heap     ] GC(87) Humongous regions: 242->242
[2026-03-27T19:25:43.110+0900][3.217s][info][gc,metaspace] GC(87) Metaspace: 285K(512K)->285K(512K) NonClass: 272K(384K)->272K(384K) Class: 12K(128K)->12K(128K)
[2026-03-27T19:25:43.110+0900][3.217s][info][gc          ] GC(87) Pause Young (Concurrent Start) (G1 Humongous Allocation) 276M->242M(512M) 0.762ms
[2026-03-27T19:25:43.110+0900][3.217s][info][gc,cpu      ] GC(87) User=0.00s Sys=0.00s Real=0.00s
[2026-03-27T19:25:43.110+0900][3.217s][info][gc          ] GC(88) Concurrent Mark Cycle
[2026-03-27T19:25:43.110+0900][3.217s][info][gc,marking  ] GC(88) Concurrent Clear Claimed Marks
[2026-03-27T19:25:43.110+0900][3.217s][info][gc,marking  ] GC(88) Concurrent Clear Claimed Marks 0.017ms
[2026-03-27T19:25:43.110+0900][3.217s][info][gc,marking  ] GC(88) Concurrent Scan Root Regions
[2026-03-27T19:25:43.110+0900][3.217s][info][gc,marking  ] GC(88) Concurrent Scan Root Regions 0.070ms
[2026-03-27T19:25:43.110+0900][3.217s][info][gc,marking  ] GC(88) Concurrent Mark
[2026-03-27T19:25:43.110+0900][3.217s][info][gc,marking  ] GC(88) Concurrent Mark From Roots
[2026-03-27T19:25:43.110+0900][3.217s][info][gc,task     ] GC(88) Using 2 workers of 2 for marking
[2026-03-27T19:25:43.111+0900][3.218s][info][gc,marking  ] GC(88) Concurrent Mark From Roots 0.878ms
[2026-03-27T19:25:43.111+0900][3.218s][info][gc,marking  ] GC(88) Concurrent Preclean
[2026-03-27T19:25:43.111+0900][3.218s][info][gc,marking  ] GC(88) Concurrent Preclean 0.018ms
[2026-03-27T19:25:43.111+0900][3.218s][info][gc,start    ] GC(88) Pause Remark
[2026-03-27T19:25:43.112+0900][3.219s][info][gc          ] GC(88) Pause Remark 265M->265M(512M) 0.294ms
[2026-03-27T19:25:43.112+0900][3.219s][info][gc,cpu      ] GC(88) User=0.00s Sys=0.00s Real=0.00s
[2026-03-27T19:25:43.112+0900][3.219s][info][gc,marking  ] GC(88) Concurrent Mark 1.378ms
[2026-03-27T19:25:43.112+0900][3.219s][info][gc,marking  ] GC(88) Concurrent Rebuild Remembered Sets
[2026-03-27T19:25:43.112+0900][3.219s][info][gc,marking  ] GC(88) Concurrent Rebuild Remembered Sets 0.395ms
[2026-03-27T19:25:43.112+0900][3.219s][info][gc,start    ] GC(88) Pause Cleanup
[2026-03-27T19:25:43.112+0900][3.219s][info][gc          ] GC(88) Pause Cleanup 265M->265M(512M) 0.082ms
[2026-03-27T19:25:43.112+0900][3.219s][info][gc,cpu      ] GC(88) User=0.00s Sys=0.00s Real=0.00s
[2026-03-27T19:25:43.112+0900][3.219s][info][gc,marking  ] GC(88) Concurrent Cleanup for Next Mark
[2026-03-27T19:25:43.113+0900][3.220s][info][gc,marking  ] GC(88) Concurrent Cleanup for Next Mark 0.300ms
[2026-03-27T19:25:43.113+0900][3.220s][info][gc          ] GC(88) Concurrent Mark Cycle 2.567ms
[2026-03-27T19:25:43.157+0900][3.263s][info][gc,start    ] GC(89) Pause Young (Concurrent Start) (G1 Humongous Allocation)
[2026-03-27T19:25:43.157+0900][3.264s][info][gc,task     ] GC(89) Using 8 workers of 8 for evacuation
[2026-03-27T19:25:43.157+0900][3.264s][info][gc,phases   ] GC(89)   Pre Evacuate Collection Set: 0.1ms
[2026-03-27T19:25:43.157+0900][3.264s][info][gc,phases   ] GC(89)   Merge Heap Roots: 0.1ms
[2026-03-27T19:25:43.157+0900][3.264s][info][gc,phases   ] GC(89)   Evacuate Collection Set: 0.1ms
[2026-03-27T19:25:43.157+0900][3.264s][info][gc,phases   ] GC(89)   Post Evacuate Collection Set: 0.1ms
[2026-03-27T19:25:43.157+0900][3.264s][info][gc,phases   ] GC(89)   Other: 0.1ms
[2026-03-27T19:25:43.157+0900][3.264s][info][gc,heap     ] GC(89) Eden regions: 34->0(193)
[2026-03-27T19:25:43.157+0900][3.264s][info][gc,heap     ] GC(89) Survivor regions: 1->1(27)
[2026-03-27T19:25:43.157+0900][3.264s][info][gc,heap     ] GC(89) Old regions: 1->1
[2026-03-27T19:25:43.157+0900][3.264s][info][gc,heap     ] GC(89) Archive regions: 0->0
[2026-03-27T19:25:43.157+0900][3.264s][info][gc,heap     ] GC(89) Humongous regions: 264->264
[2026-03-27T19:25:43.157+0900][3.264s][info][gc,metaspace] GC(89) Metaspace: 285K(512K)->285K(512K) NonClass: 272K(384K)->272K(384K) Class: 12K(128K)->12K(128K)
[2026-03-27T19:25:43.157+0900][3.264s][info][gc          ] GC(89) Pause Young (Concurrent Start) (G1 Humongous Allocation) 298M->264M(512M) 0.760ms
[2026-03-27T19:25:43.157+0900][3.264s][info][gc,cpu      ] GC(89) User=0.00s Sys=0.00s Real=0.00s
[2026-03-27T19:25:43.157+0900][3.264s][info][gc          ] GC(90) Concurrent Mark Cycle
[2026-03-27T19:25:43.157+0900][3.264s][info][gc,marking  ] GC(90) Concurrent Clear Claimed Marks
[2026-03-27T19:25:43.157+0900][3.264s][info][gc,marking  ] GC(90) Concurrent Clear Claimed Marks 0.014ms
[2026-03-27T19:25:43.157+0900][3.264s][info][gc,marking  ] GC(90) Concurrent Scan Root Regions
[2026-03-27T19:25:43.158+0900][3.264s][info][gc,marking  ] GC(90) Concurrent Scan Root Regions 0.077ms
[2026-03-27T19:25:43.158+0900][3.264s][info][gc,marking  ] GC(90) Concurrent Mark
[2026-03-27T19:25:43.158+0900][3.264s][info][gc,marking  ] GC(90) Concurrent Mark From Roots
[2026-03-27T19:25:43.158+0900][3.265s][info][gc,task     ] GC(90) Using 2 workers of 2 for marking
[2026-03-27T19:25:43.159+0900][3.266s][info][gc,marking  ] GC(90) Concurrent Mark From Roots 1.356ms
[2026-03-27T19:25:43.159+0900][3.266s][info][gc,marking  ] GC(90) Concurrent Preclean
[2026-03-27T19:25:43.159+0900][3.266s][info][gc,marking  ] GC(90) Concurrent Preclean 0.016ms
[2026-03-27T19:25:43.159+0900][3.266s][info][gc,start    ] GC(90) Pause Remark
[2026-03-27T19:25:43.159+0900][3.266s][info][gc          ] GC(90) Pause Remark 287M->287M(512M) 0.264ms
[2026-03-27T19:25:43.159+0900][3.266s][info][gc,cpu      ] GC(90) User=0.00s Sys=0.00s Real=0.00s
[2026-03-27T19:25:43.159+0900][3.266s][info][gc,marking  ] GC(90) Concurrent Mark 1.839ms
[2026-03-27T19:25:43.159+0900][3.266s][info][gc,marking  ] GC(90) Concurrent Rebuild Remembered Sets
[2026-03-27T19:25:43.159+0900][3.267s][info][gc,marking  ] GC(90) Concurrent Rebuild Remembered Sets 0.442ms
[2026-03-27T19:25:43.161+0900][3.267s][info][gc,start    ] GC(90) Pause Cleanup
[2026-03-27T19:25:43.161+0900][3.267s][info][gc          ] GC(90) Pause Cleanup 287M->287M(512M) 0.116ms
[2026-03-27T19:25:43.161+0900][3.267s][info][gc,cpu      ] GC(90) User=0.00s Sys=0.00s Real=0.00s
[2026-03-27T19:25:43.161+0900][3.267s][info][gc,marking  ] GC(90) Concurrent Cleanup for Next Mark
[2026-03-27T19:25:43.161+0900][3.267s][info][gc,marking  ] GC(90) Concurrent Cleanup for Next Mark 0.206ms
[2026-03-27T19:25:43.161+0900][3.267s][info][gc          ] GC(90) Concurrent Mark Cycle 3.019ms
[2026-03-27T19:25:43.205+0900][3.311s][info][gc,start    ] GC(91) Pause Young (Concurrent Start) (G1 Humongous Allocation)
[2026-03-27T19:25:43.205+0900][3.312s][info][gc,task     ] GC(91) Using 8 workers of 8 for evacuation
[2026-03-27T19:25:43.206+0900][3.313s][info][gc,phases   ] GC(91)   Pre Evacuate Collection Set: 0.2ms
[2026-03-27T19:25:43.207+0900][3.313s][info][gc,phases   ] GC(91)   Merge Heap Roots: 0.2ms
[2026-03-27T19:25:43.207+0900][3.313s][info][gc,phases   ] GC(91)   Evacuate Collection Set: 0.2ms
[2026-03-27T19:25:43.207+0900][3.313s][info][gc,phases   ] GC(91)   Post Evacuate Collection Set: 0.6ms
[2026-03-27T19:25:43.207+0900][3.313s][info][gc,phases   ] GC(91)   Other: 0.2ms
[2026-03-27T19:25:43.207+0900][3.313s][info][gc,heap     ] GC(91) Eden regions: 34->0(171)
[2026-03-27T19:25:43.207+0900][3.313s][info][gc,heap     ] GC(91) Survivor regions: 1->1(25)
[2026-03-27T19:25:43.207+0900][3.313s][info][gc,heap     ] GC(91) Old regions: 1->1
[2026-03-27T19:25:43.207+0900][3.313s][info][gc,heap     ] GC(91) Archive regions: 0->0
[2026-03-27T19:25:43.207+0900][3.313s][info][gc,heap     ] GC(91) Humongous regions: 286->286
[2026-03-27T19:25:43.207+0900][3.313s][info][gc,metaspace] GC(91) Metaspace: 285K(512K)->285K(512K) NonClass: 272K(384K)->272K(384K) Class: 12K(128K)->12K(128K)
[2026-03-27T19:25:43.207+0900][3.314s][info][gc          ] GC(91) Pause Young (Concurrent Start) (G1 Humongous Allocation) 320M->286M(512M) 2.057ms
[2026-03-27T19:25:43.207+0900][3.314s][info][gc,cpu      ] GC(91) User=0.02s Sys=0.02s Real=0.00s
[2026-03-27T19:25:43.207+0900][3.314s][info][gc          ] GC(92) Concurrent Mark Cycle
[2026-03-27T19:25:43.207+0900][3.314s][info][gc,marking  ] GC(92) Concurrent Clear Claimed Marks
[2026-03-27T19:25:43.207+0900][3.314s][info][gc,marking  ] GC(92) Concurrent Clear Claimed Marks 0.013ms
[2026-03-27T19:25:43.207+0900][3.314s][info][gc,marking  ] GC(92) Concurrent Scan Root Regions
[2026-03-27T19:25:43.207+0900][3.314s][info][gc,marking  ] GC(92) Concurrent Scan Root Regions 0.162ms
[2026-03-27T19:25:43.207+0900][3.314s][info][gc,marking  ] GC(92) Concurrent Mark
[2026-03-27T19:25:43.207+0900][3.314s][info][gc,marking  ] GC(92) Concurrent Mark From Roots
[2026-03-27T19:25:43.207+0900][3.314s][info][gc,task     ] GC(92) Using 2 workers of 2 for marking
[2026-03-27T19:25:43.209+0900][3.316s][info][gc,marking  ] GC(92) Concurrent Mark From Roots 1.732ms
[2026-03-27T19:25:43.209+0900][3.316s][info][gc,marking  ] GC(92) Concurrent Preclean
[2026-03-27T19:25:43.209+0900][3.316s][info][gc,marking  ] GC(92) Concurrent Preclean 0.050ms
[2026-03-27T19:25:43.210+0900][3.316s][info][gc,start    ] GC(92) Pause Remark
[2026-03-27T19:25:43.211+0900][3.317s][info][gc          ] GC(92) Pause Remark 309M->309M(512M) 0.976ms
[2026-03-27T19:25:43.211+0900][3.317s][info][gc,cpu      ] GC(92) User=0.00s Sys=0.00s Real=0.00s
[2026-03-27T19:25:43.211+0900][3.317s][info][gc,marking  ] GC(92) Concurrent Mark 3.273ms
[2026-03-27T19:25:43.211+0900][3.317s][info][gc,marking  ] GC(92) Concurrent Rebuild Remembered Sets
[2026-03-27T19:25:43.211+0900][3.318s][info][gc,marking  ] GC(92) Concurrent Rebuild Remembered Sets 0.854ms
[2026-03-27T19:25:43.212+0900][3.318s][info][gc,start    ] GC(92) Pause Cleanup
[2026-03-27T19:25:43.212+0900][3.318s][info][gc          ] GC(92) Pause Cleanup 309M->309M(512M) 0.135ms
[2026-03-27T19:25:43.212+0900][3.318s][info][gc,cpu      ] GC(92) User=0.00s Sys=0.00s Real=0.00s
[2026-03-27T19:25:43.212+0900][3.318s][info][gc,marking  ] GC(92) Concurrent Cleanup for Next Mark
[2026-03-27T19:25:43.212+0900][3.319s][info][gc,marking  ] GC(92) Concurrent Cleanup for Next Mark 0.237ms
[2026-03-27T19:25:43.212+0900][3.319s][info][gc          ] GC(92) Concurrent Mark Cycle 5.114ms
[2026-03-27T19:25:43.253+0900][3.360s][info][gc,start    ] GC(93) Pause Young (Concurrent Start) (G1 Humongous Allocation)
[2026-03-27T19:25:43.253+0900][3.360s][info][gc,task     ] GC(93) Using 8 workers of 8 for evacuation
[2026-03-27T19:25:43.256+0900][3.362s][info][gc,phases   ] GC(93)   Pre Evacuate Collection Set: 0.2ms
[2026-03-27T19:25:43.256+0900][3.363s][info][gc,phases   ] GC(93)   Merge Heap Roots: 0.2ms
[2026-03-27T19:25:43.256+0900][3.363s][info][gc,phases   ] GC(93)   Evacuate Collection Set: 0.6ms
[2026-03-27T19:25:43.256+0900][3.363s][info][gc,phases   ] GC(93)   Post Evacuate Collection Set: 0.7ms
[2026-03-27T19:25:43.256+0900][3.363s][info][gc,phases   ] GC(93)   Other: 0.3ms
[2026-03-27T19:25:43.256+0900][3.363s][info][gc,heap     ] GC(93) Eden regions: 34->0(149)
[2026-03-27T19:25:43.256+0900][3.363s][info][gc,heap     ] GC(93) Survivor regions: 1->1(22)
[2026-03-27T19:25:43.256+0900][3.363s][info][gc,heap     ] GC(93) Old regions: 1->1
[2026-03-27T19:25:43.256+0900][3.363s][info][gc,heap     ] GC(93) Archive regions: 0->0
[2026-03-27T19:25:43.256+0900][3.363s][info][gc,heap     ] GC(93) Humongous regions: 308->308
[2026-03-27T19:25:43.256+0900][3.363s][info][gc,metaspace] GC(93) Metaspace: 285K(512K)->285K(512K) NonClass: 272K(384K)->272K(384K) Class: 12K(128K)->12K(128K)
[2026-03-27T19:25:43.257+0900][3.363s][info][gc          ] GC(93) Pause Young (Concurrent Start) (G1 Humongous Allocation) 342M->308M(512M) 2.800ms
[2026-03-27T19:25:43.257+0900][3.363s][info][gc,cpu      ] GC(93) User=0.00s Sys=0.00s Real=0.00s
[2026-03-27T19:25:43.257+0900][3.363s][info][gc          ] GC(94) Concurrent Mark Cycle
[2026-03-27T19:25:43.257+0900][3.363s][info][gc,marking  ] GC(94) Concurrent Clear Claimed Marks
[2026-03-27T19:25:43.257+0900][3.363s][info][gc,marking  ] GC(94) Concurrent Clear Claimed Marks 0.072ms
[2026-03-27T19:25:43.257+0900][3.363s][info][gc,marking  ] GC(94) Concurrent Scan Root Regions
[2026-03-27T19:25:43.257+0900][3.364s][info][gc,marking  ] GC(94) Concurrent Scan Root Regions 0.168ms
[2026-03-27T19:25:43.257+0900][3.364s][info][gc,marking  ] GC(94) Concurrent Mark
[2026-03-27T19:25:43.257+0900][3.364s][info][gc,marking  ] GC(94) Concurrent Mark From Roots
[2026-03-27T19:25:43.257+0900][3.364s][info][gc,task     ] GC(94) Using 2 workers of 2 for marking
[2026-03-27T19:25:43.259+0900][3.366s][info][gc,marking  ] GC(94) Concurrent Mark From Roots 2.245ms
[2026-03-27T19:25:43.260+0900][3.366s][info][gc,marking  ] GC(94) Concurrent Preclean
[2026-03-27T19:25:43.260+0900][3.366s][info][gc,marking  ] GC(94) Concurrent Preclean 0.034ms
[2026-03-27T19:25:43.260+0900][3.366s][info][gc,start    ] GC(94) Pause Remark
[2026-03-27T19:25:43.260+0900][3.367s][info][gc          ] GC(94) Pause Remark 331M->331M(512M) 0.751ms
[2026-03-27T19:25:43.260+0900][3.367s][info][gc,cpu      ] GC(94) User=0.00s Sys=0.00s Real=0.00s
[2026-03-27T19:25:43.260+0900][3.367s][info][gc,marking  ] GC(94) Concurrent Mark 3.451ms
[2026-03-27T19:25:43.260+0900][3.367s][info][gc,marking  ] GC(94) Concurrent Rebuild Remembered Sets
[2026-03-27T19:25:43.260+0900][3.368s][info][gc,marking  ] GC(94) Concurrent Rebuild Remembered Sets 0.564ms
[2026-03-27T19:25:43.262+0900][3.368s][info][gc,start    ] GC(94) Pause Cleanup
[2026-03-27T19:25:43.262+0900][3.368s][info][gc          ] GC(94) Pause Cleanup 331M->331M(512M) 0.135ms
[2026-03-27T19:25:43.262+0900][3.368s][info][gc,cpu      ] GC(94) User=0.00s Sys=0.00s Real=0.00s
[2026-03-27T19:25:43.262+0900][3.368s][info][gc,marking  ] GC(94) Concurrent Cleanup for Next Mark
[2026-03-27T19:25:43.262+0900][3.368s][info][gc,marking  ] GC(94) Concurrent Cleanup for Next Mark 0.190ms
[2026-03-27T19:25:43.262+0900][3.368s][info][gc          ] GC(94) Concurrent Mark Cycle 5.237ms
[2026-03-27T19:25:43.299+0900][3.406s][info][gc,start    ] GC(95) Pause Young (Concurrent Start) (G1 Humongous Allocation)
[2026-03-27T19:25:43.299+0900][3.406s][info][gc,task     ] GC(95) Using 8 workers of 8 for evacuation
[2026-03-27T19:25:43.299+0900][3.406s][info][gc,phases   ] GC(95)   Pre Evacuate Collection Set: 0.1ms
[2026-03-27T19:25:43.299+0900][3.406s][info][gc,phases   ] GC(95)   Merge Heap Roots: 0.1ms
[2026-03-27T19:25:43.299+0900][3.406s][info][gc,phases   ] GC(95)   Evacuate Collection Set: 0.1ms
[2026-03-27T19:25:43.299+0900][3.406s][info][gc,phases   ] GC(95)   Post Evacuate Collection Set: 0.1ms
[2026-03-27T19:25:43.299+0900][3.406s][info][gc,phases   ] GC(95)   Other: 0.1ms
[2026-03-27T19:25:43.299+0900][3.406s][info][gc,heap     ] GC(95) Eden regions: 34->0(127)
[2026-03-27T19:25:43.299+0900][3.406s][info][gc,heap     ] GC(95) Survivor regions: 1->1(19)
[2026-03-27T19:25:43.299+0900][3.406s][info][gc,heap     ] GC(95) Old regions: 1->1
[2026-03-27T19:25:43.299+0900][3.406s][info][gc,heap     ] GC(95) Archive regions: 0->0
[2026-03-27T19:25:43.299+0900][3.406s][info][gc,heap     ] GC(95) Humongous regions: 330->330
[2026-03-27T19:25:43.299+0900][3.406s][info][gc,metaspace] GC(95) Metaspace: 285K(512K)->285K(512K) NonClass: 272K(384K)->272K(384K) Class: 12K(128K)->12K(128K)
[2026-03-27T19:25:43.299+0900][3.406s][info][gc          ] GC(95) Pause Young (Concurrent Start) (G1 Humongous Allocation) 364M->330M(512M) 0.759ms
[2026-03-27T19:25:43.299+0900][3.406s][info][gc,cpu      ] GC(95) User=0.00s Sys=0.00s Real=0.00s
[2026-03-27T19:25:43.299+0900][3.406s][info][gc          ] GC(96) Concurrent Mark Cycle
[2026-03-27T19:25:43.299+0900][3.406s][info][gc,marking  ] GC(96) Concurrent Clear Claimed Marks
[2026-03-27T19:25:43.299+0900][3.406s][info][gc,marking  ] GC(96) Concurrent Clear Claimed Marks 0.012ms
[2026-03-27T19:25:43.299+0900][3.406s][info][gc,marking  ] GC(96) Concurrent Scan Root Regions
[2026-03-27T19:25:43.299+0900][3.407s][info][gc,marking  ] GC(96) Concurrent Scan Root Regions 0.086ms
[2026-03-27T19:25:43.299+0900][3.407s][info][gc,marking  ] GC(96) Concurrent Mark
[2026-03-27T19:25:43.299+0900][3.407s][info][gc,marking  ] GC(96) Concurrent Mark From Roots
[2026-03-27T19:25:43.299+0900][3.407s][info][gc,task     ] GC(96) Using 2 workers of 2 for marking
[2026-03-27T19:25:43.300+0900][3.407s][info][gc,marking  ] GC(96) Concurrent Mark From Roots 0.831ms
[2026-03-27T19:25:43.300+0900][3.407s][info][gc,marking  ] GC(96) Concurrent Preclean
[2026-03-27T19:25:43.300+0900][3.407s][info][gc,marking  ] GC(96) Concurrent Preclean 0.015ms
[2026-03-27T19:25:43.301+0900][3.408s][info][gc,start    ] GC(96) Pause Remark
[2026-03-27T19:25:43.301+0900][3.408s][info][gc          ] GC(96) Pause Remark 353M->353M(512M) 0.349ms
[2026-03-27T19:25:43.301+0900][3.408s][info][gc,cpu      ] GC(96) User=0.00s Sys=0.00s Real=0.00s
[2026-03-27T19:25:43.301+0900][3.408s][info][gc,marking  ] GC(96) Concurrent Mark 1.631ms
[2026-03-27T19:25:43.301+0900][3.408s][info][gc,marking  ] GC(96) Concurrent Rebuild Remembered Sets
[2026-03-27T19:25:43.301+0900][3.409s][info][gc,marking  ] GC(96) Concurrent Rebuild Remembered Sets 0.437ms
[2026-03-27T19:25:43.302+0900][3.409s][info][gc,start    ] GC(96) Pause Cleanup
[2026-03-27T19:25:43.302+0900][3.409s][info][gc          ] GC(96) Pause Cleanup 353M->353M(512M) 0.070ms
[2026-03-27T19:25:43.302+0900][3.409s][info][gc,cpu      ] GC(96) User=0.00s Sys=0.00s Real=0.00s
[2026-03-27T19:25:43.302+0900][3.409s][info][gc,marking  ] GC(96) Concurrent Cleanup for Next Mark
[2026-03-27T19:25:43.302+0900][3.409s][info][gc,marking  ] GC(96) Concurrent Cleanup for Next Mark 0.185ms
[2026-03-27T19:25:43.302+0900][3.409s][info][gc          ] GC(96) Concurrent Mark Cycle 2.710ms
[2026-03-27T19:25:43.345+0900][3.452s][info][gc,start    ] GC(97) Pause Young (Concurrent Start) (G1 Humongous Allocation)
[2026-03-27T19:25:43.346+0900][3.452s][info][gc,task     ] GC(97) Using 8 workers of 8 for evacuation
[2026-03-27T19:25:43.346+0900][3.454s][info][gc,phases   ] GC(97)   Pre Evacuate Collection Set: 0.1ms
[2026-03-27T19:25:43.346+0900][3.454s][info][gc,phases   ] GC(97)   Merge Heap Roots: 0.1ms
[2026-03-27T19:25:43.346+0900][3.454s][info][gc,phases   ] GC(97)   Evacuate Collection Set: 0.2ms
[2026-03-27T19:25:43.346+0900][3.454s][info][gc,phases   ] GC(97)   Post Evacuate Collection Set: 0.5ms
[2026-03-27T19:25:43.346+0900][3.454s][info][gc,phases   ] GC(97)   Other: 0.1ms
[2026-03-27T19:25:43.346+0900][3.454s][info][gc,heap     ] GC(97) Eden regions: 34->0(105)
[2026-03-27T19:25:43.346+0900][3.454s][info][gc,heap     ] GC(97) Survivor regions: 1->1(16)
[2026-03-27T19:25:43.346+0900][3.454s][info][gc,heap     ] GC(97) Old regions: 1->1
[2026-03-27T19:25:43.346+0900][3.454s][info][gc,heap     ] GC(97) Archive regions: 0->0
[2026-03-27T19:25:43.346+0900][3.454s][info][gc,heap     ] GC(97) Humongous regions: 352->352
[2026-03-27T19:25:43.346+0900][3.454s][info][gc,metaspace] GC(97) Metaspace: 285K(512K)->285K(512K) NonClass: 272K(384K)->272K(384K) Class: 12K(128K)->12K(128K)
[2026-03-27T19:25:43.346+0900][3.454s][info][gc          ] GC(97) Pause Young (Concurrent Start) (G1 Humongous Allocation) 386M->352M(512M) 1.382ms
[2026-03-27T19:25:43.346+0900][3.454s][info][gc,cpu      ] GC(97) User=0.00s Sys=0.00s Real=0.00s
[2026-03-27T19:25:43.346+0900][3.454s][info][gc          ] GC(98) Concurrent Mark Cycle
[2026-03-27T19:25:43.346+0900][3.454s][info][gc,marking  ] GC(98) Concurrent Clear Claimed Marks
[2026-03-27T19:25:43.346+0900][3.454s][info][gc,marking  ] GC(98) Concurrent Clear Claimed Marks 0.029ms
[2026-03-27T19:25:43.346+0900][3.454s][info][gc,marking  ] GC(98) Concurrent Scan Root Regions
[2026-03-27T19:25:43.346+0900][3.454s][info][gc,marking  ] GC(98) Concurrent Scan Root Regions 0.139ms
[2026-03-27T19:25:43.346+0900][3.454s][info][gc,marking  ] GC(98) Concurrent Mark
[2026-03-27T19:25:43.346+0900][3.454s][info][gc,marking  ] GC(98) Concurrent Mark From Roots
[2026-03-27T19:25:43.346+0900][3.454s][info][gc,task     ] GC(98) Using 2 workers of 2 for marking
[2026-03-27T19:25:43.350+0900][3.456s][info][gc,marking  ] GC(98) Concurrent Mark From Roots 2.056ms
[2026-03-27T19:25:43.350+0900][3.456s][info][gc,marking  ] GC(98) Concurrent Preclean
[2026-03-27T19:25:43.350+0900][3.456s][info][gc,marking  ] GC(98) Concurrent Preclean 0.046ms
[2026-03-27T19:25:43.350+0900][3.457s][info][gc,start    ] GC(98) Pause Remark
[2026-03-27T19:25:43.351+0900][3.458s][info][gc          ] GC(98) Pause Remark 375M->375M(512M) 0.781ms
[2026-03-27T19:25:43.351+0900][3.458s][info][gc,cpu      ] GC(98) User=0.00s Sys=0.00s Real=0.00s
[2026-03-27T19:25:43.351+0900][3.458s][info][gc,marking  ] GC(98) Concurrent Mark 3.476ms
[2026-03-27T19:25:43.351+0900][3.458s][info][gc,marking  ] GC(98) Concurrent Rebuild Remembered Sets
[2026-03-27T19:25:43.352+0900][3.458s][info][gc,marking  ] GC(98) Concurrent Rebuild Remembered Sets 0.494ms
[2026-03-27T19:25:43.352+0900][3.458s][info][gc,start    ] GC(98) Pause Cleanup
[2026-03-27T19:25:43.352+0900][3.458s][info][gc          ] GC(98) Pause Cleanup 375M->375M(512M) 0.080ms
[2026-03-27T19:25:43.352+0900][3.458s][info][gc,cpu      ] GC(98) User=0.00s Sys=0.00s Real=0.00s
[2026-03-27T19:25:43.352+0900][3.458s][info][gc,marking  ] GC(98) Concurrent Cleanup for Next Mark
[2026-03-27T19:25:43.352+0900][3.459s][info][gc,marking  ] GC(98) Concurrent Cleanup for Next Mark 0.242ms
[2026-03-27T19:25:43.352+0900][3.459s][info][gc          ] GC(98) Concurrent Mark Cycle 4.946ms
[2026-03-27T19:25:43.392+0900][3.499s][info][gc,start    ] GC(99) Pause Young (Concurrent Start) (G1 Humongous Allocation)
[2026-03-27T19:25:43.392+0900][3.499s][info][gc,task     ] GC(99) Using 8 workers of 8 for evacuation
[2026-03-27T19:25:43.395+0900][3.501s][info][gc,phases   ] GC(99)   Pre Evacuate Collection Set: 0.3ms
[2026-03-27T19:25:43.395+0900][3.501s][info][gc,phases   ] GC(99)   Merge Heap Roots: 0.1ms
[2026-03-27T19:25:43.395+0900][3.501s][info][gc,phases   ] GC(99)   Evacuate Collection Set: 0.3ms
[2026-03-27T19:25:43.395+0900][3.501s][info][gc,phases   ] GC(99)   Post Evacuate Collection Set: 0.9ms
[2026-03-27T19:25:43.395+0900][3.501s][info][gc,phases   ] GC(99)   Other: 0.2ms
[2026-03-27T19:25:43.395+0900][3.501s][info][gc,heap     ] GC(99) Eden regions: 34->0(303)
[2026-03-27T19:25:43.395+0900][3.501s][info][gc,heap     ] GC(99) Survivor regions: 1->1(14)
[2026-03-27T19:25:43.395+0900][3.501s][info][gc,heap     ] GC(99) Old regions: 1->1
[2026-03-27T19:25:43.395+0900][3.501s][info][gc,heap     ] GC(99) Archive regions: 0->0
[2026-03-27T19:25:43.395+0900][3.502s][info][gc,heap     ] GC(99) Humongous regions: 374->154
[2026-03-27T19:25:43.395+0900][3.502s][info][gc,metaspace] GC(99) Metaspace: 285K(512K)->285K(512K) NonClass: 272K(384K)->272K(384K) Class: 12K(128K)->12K(128K)
[2026-03-27T19:25:43.395+0900][3.502s][info][gc          ] GC(99) Pause Young (Concurrent Start) (G1 Humongous Allocation) 408M->154M(512M) 2.587ms
[2026-03-27T19:25:43.395+0900][3.502s][info][gc,cpu      ] GC(99) User=0.02s Sys=0.00s Real=0.00s
[2026-03-27T19:25:43.395+0900][3.502s][info][gc          ] GC(100) Concurrent Undo Cycle
[2026-03-27T19:25:43.395+0900][3.502s][info][gc,marking  ] GC(100) Concurrent Cleanup for Next Mark
[2026-03-27T19:25:43.395+0900][3.502s][info][gc,marking  ] GC(100) Concurrent Cleanup for Next Mark 0.101ms
[2026-03-27T19:25:43.395+0900][3.502s][info][gc          ] GC(100) Concurrent Undo Cycle 0.219ms
[2026-03-27T19:25:43.503+0900][3.609s][info][gc,start    ] GC(101) Pause Young (Concurrent Start) (G1 Humongous Allocation)
[2026-03-27T19:25:43.503+0900][3.609s][info][gc,task     ] GC(101) Using 8 workers of 8 for evacuation
[2026-03-27T19:25:43.505+0900][3.611s][info][gc,phases   ] GC(101)   Pre Evacuate Collection Set: 0.2ms
[2026-03-27T19:25:43.505+0900][3.611s][info][gc,phases   ] GC(101)   Merge Heap Roots: 0.2ms
[2026-03-27T19:25:43.505+0900][3.611s][info][gc,phases   ] GC(101)   Evacuate Collection Set: 0.5ms
[2026-03-27T19:25:43.505+0900][3.611s][info][gc,phases   ] GC(101)   Post Evacuate Collection Set: 0.6ms
[2026-03-27T19:25:43.505+0900][3.612s][info][gc,phases   ] GC(101)   Other: 0.4ms
[2026-03-27T19:25:43.505+0900][3.612s][info][gc,heap     ] GC(101) Eden regions: 101->0(227)
[2026-03-27T19:25:43.505+0900][3.612s][info][gc,heap     ] GC(101) Survivor regions: 1->1(38)
[2026-03-27T19:25:43.505+0900][3.612s][info][gc,heap     ] GC(101) Old regions: 1->1
[2026-03-27T19:25:43.505+0900][3.612s][info][gc,heap     ] GC(101) Archive regions: 0->0
[2026-03-27T19:25:43.505+0900][3.612s][info][gc,heap     ] GC(101) Humongous regions: 229->229
[2026-03-27T19:25:43.505+0900][3.612s][info][gc,metaspace] GC(101) Metaspace: 285K(512K)->285K(512K) NonClass: 272K(384K)->272K(384K) Class: 12K(128K)->12K(128K)
[2026-03-27T19:25:43.505+0900][3.612s][info][gc          ] GC(101) Pause Young (Concurrent Start) (G1 Humongous Allocation) 329M->229M(512M) 2.847ms
[2026-03-27T19:25:43.505+0900][3.612s][info][gc,cpu      ] GC(101) User=0.00s Sys=0.02s Real=0.00s
[2026-03-27T19:25:43.505+0900][3.612s][info][gc          ] GC(102) Concurrent Undo Cycle
[2026-03-27T19:25:43.505+0900][3.612s][info][gc,marking  ] GC(102) Concurrent Cleanup for Next Mark
[2026-03-27T19:25:43.506+0900][3.612s][info][gc,marking  ] GC(102) Concurrent Cleanup for Next Mark 0.167ms
[2026-03-27T19:25:43.506+0900][3.613s][info][gc          ] GC(102) Concurrent Undo Cycle 0.452ms
[2026-03-27T19:25:43.550+0900][3.657s][info][gc,start    ] GC(103) Pause Young (Concurrent Start) (G1 Humongous Allocation)
[2026-03-27T19:25:43.550+0900][3.657s][info][gc,task     ] GC(103) Using 8 workers of 8 for evacuation
[2026-03-27T19:25:43.552+0900][3.659s][info][gc,phases   ] GC(103)   Pre Evacuate Collection Set: 0.2ms
[2026-03-27T19:25:43.552+0900][3.659s][info][gc,phases   ] GC(103)   Merge Heap Roots: 0.2ms
[2026-03-27T19:25:43.552+0900][3.659s][info][gc,phases   ] GC(103)   Evacuate Collection Set: 0.4ms
[2026-03-27T19:25:43.552+0900][3.659s][info][gc,phases   ] GC(103)   Post Evacuate Collection Set: 0.7ms
[2026-03-27T19:25:43.552+0900][3.659s][info][gc,phases   ] GC(103)   Other: 0.3ms
[2026-03-27T19:25:43.552+0900][3.659s][info][gc,heap     ] GC(103) Eden regions: 34->0(215)
[2026-03-27T19:25:43.552+0900][3.659s][info][gc,heap     ] GC(103) Survivor regions: 1->1(29)
[2026-03-27T19:25:43.552+0900][3.659s][info][gc,heap     ] GC(103) Old regions: 1->1
[2026-03-27T19:25:43.552+0900][3.659s][info][gc,heap     ] GC(103) Archive regions: 0->0
[2026-03-27T19:25:43.552+0900][3.659s][info][gc,heap     ] GC(103) Humongous regions: 242->242
[2026-03-27T19:25:43.552+0900][3.659s][info][gc,metaspace] GC(103) Metaspace: 285K(512K)->285K(512K) NonClass: 272K(384K)->272K(384K) Class: 12K(128K)->12K(128K)
[2026-03-27T19:25:43.552+0900][3.659s][info][gc          ] GC(103) Pause Young (Concurrent Start) (G1 Humongous Allocation) 276M->242M(512M) 2.550ms
[2026-03-27T19:25:43.552+0900][3.659s][info][gc,cpu      ] GC(103) User=0.00s Sys=0.00s Real=0.00s
[2026-03-27T19:25:43.552+0900][3.659s][info][gc          ] GC(104) Concurrent Mark Cycle
[2026-03-27T19:25:43.552+0900][3.659s][info][gc,marking  ] GC(104) Concurrent Clear Claimed Marks
[2026-03-27T19:25:43.553+0900][3.659s][info][gc,marking  ] GC(104) Concurrent Clear Claimed Marks 0.020ms
[2026-03-27T19:25:43.553+0900][3.659s][info][gc,marking  ] GC(104) Concurrent Scan Root Regions
[2026-03-27T19:25:43.553+0900][3.659s][info][gc,marking  ] GC(104) Concurrent Scan Root Regions 0.098ms
[2026-03-27T19:25:43.553+0900][3.659s][info][gc,marking  ] GC(104) Concurrent Mark
[2026-03-27T19:25:43.553+0900][3.659s][info][gc,marking  ] GC(104) Concurrent Mark From Roots
[2026-03-27T19:25:43.553+0900][3.659s][info][gc,task     ] GC(104) Using 2 workers of 2 for marking
[2026-03-27T19:25:43.553+0900][3.660s][info][gc,marking  ] GC(104) Concurrent Mark From Roots 0.983ms
[2026-03-27T19:25:43.553+0900][3.660s][info][gc,marking  ] GC(104) Concurrent Preclean
[2026-03-27T19:25:43.553+0900][3.660s][info][gc,marking  ] GC(104) Concurrent Preclean 0.018ms
[2026-03-27T19:25:43.553+0900][3.661s][info][gc,start    ] GC(104) Pause Remark
[2026-03-27T19:25:43.554+0900][3.661s][info][gc          ] GC(104) Pause Remark 265M->265M(512M) 0.297ms
[2026-03-27T19:25:43.554+0900][3.661s][info][gc,cpu      ] GC(104) User=0.00s Sys=0.00s Real=0.00s
[2026-03-27T19:25:43.554+0900][3.661s][info][gc,marking  ] GC(104) Concurrent Mark 1.514ms
[2026-03-27T19:25:43.554+0900][3.661s][info][gc,marking  ] GC(104) Concurrent Rebuild Remembered Sets
[2026-03-27T19:25:43.554+0900][3.661s][info][gc,marking  ] GC(104) Concurrent Rebuild Remembered Sets 0.463ms
[2026-03-27T19:25:43.554+0900][3.662s][info][gc,start    ] GC(104) Pause Cleanup
[2026-03-27T19:25:43.554+0900][3.662s][info][gc          ] GC(104) Pause Cleanup 265M->265M(512M) 0.080ms
[2026-03-27T19:25:43.554+0900][3.662s][info][gc,cpu      ] GC(104) User=0.00s Sys=0.00s Real=0.00s
[2026-03-27T19:25:43.554+0900][3.662s][info][gc,marking  ] GC(104) Concurrent Cleanup for Next Mark
[2026-03-27T19:25:43.555+0900][3.662s][info][gc,marking  ] GC(104) Concurrent Cleanup for Next Mark 0.199ms
[2026-03-27T19:25:43.555+0900][3.662s][info][gc          ] GC(104) Concurrent Mark Cycle 2.728ms
[2026-03-27T19:25:43.596+0900][3.702s][info][gc,start    ] GC(105) Pause Young (Concurrent Start) (G1 Humongous Allocation)
[2026-03-27T19:25:43.596+0900][3.702s][info][gc,task     ] GC(105) Using 8 workers of 8 for evacuation
[2026-03-27T19:25:43.596+0900][3.703s][info][gc,phases   ] GC(105)   Pre Evacuate Collection Set: 0.1ms
[2026-03-27T19:25:43.596+0900][3.703s][info][gc,phases   ] GC(105)   Merge Heap Roots: 0.1ms
[2026-03-27T19:25:43.596+0900][3.703s][info][gc,phases   ] GC(105)   Evacuate Collection Set: 0.1ms
[2026-03-27T19:25:43.596+0900][3.703s][info][gc,phases   ] GC(105)   Post Evacuate Collection Set: 0.2ms
[2026-03-27T19:25:43.596+0900][3.703s][info][gc,phases   ] GC(105)   Other: 0.1ms
[2026-03-27T19:25:43.596+0900][3.703s][info][gc,heap     ] GC(105) Eden regions: 34->0(193)
[2026-03-27T19:25:43.596+0900][3.703s][info][gc,heap     ] GC(105) Survivor regions: 1->1(27)
[2026-03-27T19:25:43.596+0900][3.703s][info][gc,heap     ] GC(105) Old regions: 1->1
[2026-03-27T19:25:43.596+0900][3.703s][info][gc,heap     ] GC(105) Archive regions: 0->0
[2026-03-27T19:25:43.596+0900][3.703s][info][gc,heap     ] GC(105) Humongous regions: 264->264
[2026-03-27T19:25:43.596+0900][3.703s][info][gc,metaspace] GC(105) Metaspace: 285K(512K)->285K(512K) NonClass: 272K(384K)->272K(384K) Class: 12K(128K)->12K(128K)
[2026-03-27T19:25:43.596+0900][3.703s][info][gc          ] GC(105) Pause Young (Concurrent Start) (G1 Humongous Allocation) 298M->264M(512M) 0.713ms
[2026-03-27T19:25:43.596+0900][3.703s][info][gc,cpu      ] GC(105) User=0.00s Sys=0.00s Real=0.00s
[2026-03-27T19:25:43.596+0900][3.703s][info][gc          ] GC(106) Concurrent Mark Cycle
[2026-03-27T19:25:43.596+0900][3.703s][info][gc,marking  ] GC(106) Concurrent Clear Claimed Marks
[2026-03-27T19:25:43.596+0900][3.703s][info][gc,marking  ] GC(106) Concurrent Clear Claimed Marks 0.015ms
[2026-03-27T19:25:43.596+0900][3.703s][info][gc,marking  ] GC(106) Concurrent Scan Root Regions
[2026-03-27T19:25:43.597+0900][3.703s][info][gc,marking  ] GC(106) Concurrent Scan Root Regions 0.117ms
[2026-03-27T19:25:43.597+0900][3.703s][info][gc,marking  ] GC(106) Concurrent Mark
[2026-03-27T19:25:43.597+0900][3.703s][info][gc,marking  ] GC(106) Concurrent Mark From Roots
[2026-03-27T19:25:43.597+0900][3.703s][info][gc,task     ] GC(106) Using 2 workers of 2 for marking
[2026-03-27T19:25:43.598+0900][3.704s][info][gc,marking  ] GC(106) Concurrent Mark From Roots 1.009ms
[2026-03-27T19:25:43.598+0900][3.704s][info][gc,marking  ] GC(106) Concurrent Preclean
[2026-03-27T19:25:43.598+0900][3.704s][info][gc,marking  ] GC(106) Concurrent Preclean 0.023ms
[2026-03-27T19:25:43.598+0900][3.704s][info][gc,start    ] GC(106) Pause Remark
[2026-03-27T19:25:43.598+0900][3.704s][info][gc          ] GC(106) Pause Remark 287M->287M(512M) 0.282ms
[2026-03-27T19:25:43.598+0900][3.704s][info][gc,cpu      ] GC(106) User=0.00s Sys=0.00s Real=0.00s
[2026-03-27T19:25:43.598+0900][3.705s][info][gc,marking  ] GC(106) Concurrent Mark 1.516ms
[2026-03-27T19:25:43.598+0900][3.705s][info][gc,marking  ] GC(106) Concurrent Rebuild Remembered Sets
[2026-03-27T19:25:43.598+0900][3.705s][info][gc,marking  ] GC(106) Concurrent Rebuild Remembered Sets 0.438ms
[2026-03-27T19:25:43.598+0900][3.705s][info][gc,start    ] GC(106) Pause Cleanup
[2026-03-27T19:25:43.598+0900][3.705s][info][gc          ] GC(106) Pause Cleanup 287M->287M(512M) 0.063ms
[2026-03-27T19:25:43.598+0900][3.705s][info][gc,cpu      ] GC(106) User=0.00s Sys=0.00s Real=0.00s
[2026-03-27T19:25:43.599+0900][3.705s][info][gc,marking  ] GC(106) Concurrent Cleanup for Next Mark
[2026-03-27T19:25:43.599+0900][3.705s][info][gc,marking  ] GC(106) Concurrent Cleanup for Next Mark 0.185ms
[2026-03-27T19:25:43.599+0900][3.705s][info][gc          ] GC(106) Concurrent Mark Cycle 2.616ms
[2026-03-27T19:25:43.643+0900][3.750s][info][gc,start    ] GC(107) Pause Young (Concurrent Start) (G1 Humongous Allocation)
[2026-03-27T19:25:43.644+0900][3.751s][info][gc,task     ] GC(107) Using 8 workers of 8 for evacuation
[2026-03-27T19:25:43.646+0900][3.753s][info][gc,phases   ] GC(107)   Pre Evacuate Collection Set: 0.3ms
[2026-03-27T19:25:43.646+0900][3.753s][info][gc,phases   ] GC(107)   Merge Heap Roots: 0.3ms
[2026-03-27T19:25:43.646+0900][3.753s][info][gc,phases   ] GC(107)   Evacuate Collection Set: 0.5ms
[2026-03-27T19:25:43.646+0900][3.753s][info][gc,phases   ] GC(107)   Post Evacuate Collection Set: 0.8ms
[2026-03-27T19:25:43.646+0900][3.753s][info][gc,phases   ] GC(107)   Other: 0.3ms
[2026-03-27T19:25:43.646+0900][3.753s][info][gc,heap     ] GC(107) Eden regions: 34->0(171)
[2026-03-27T19:25:43.646+0900][3.753s][info][gc,heap     ] GC(107) Survivor regions: 1->1(25)
[2026-03-27T19:25:43.646+0900][3.753s][info][gc,heap     ] GC(107) Old regions: 1->1
[2026-03-27T19:25:43.646+0900][3.753s][info][gc,heap     ] GC(107) Archive regions: 0->0
[2026-03-27T19:25:43.646+0900][3.753s][info][gc,heap     ] GC(107) Humongous regions: 286->286
[2026-03-27T19:25:43.646+0900][3.753s][info][gc,metaspace] GC(107) Metaspace: 285K(512K)->285K(512K) NonClass: 272K(384K)->272K(384K) Class: 12K(128K)->12K(128K)
[2026-03-27T19:25:43.646+0900][3.753s][info][gc          ] GC(107) Pause Young (Concurrent Start) (G1 Humongous Allocation) 320M->286M(512M) 3.011ms
[2026-03-27T19:25:43.646+0900][3.754s][info][gc,cpu      ] GC(107) User=0.00s Sys=0.00s Real=0.00s
[2026-03-27T19:25:43.646+0900][3.754s][info][gc          ] GC(108) Concurrent Mark Cycle
[2026-03-27T19:25:43.647+0900][3.754s][info][gc,marking  ] GC(108) Concurrent Clear Claimed Marks
[2026-03-27T19:25:43.647+0900][3.754s][info][gc,marking  ] GC(108) Concurrent Clear Claimed Marks 0.059ms
[2026-03-27T19:25:43.647+0900][3.754s][info][gc,marking  ] GC(108) Concurrent Scan Root Regions
[2026-03-27T19:25:43.647+0900][3.754s][info][gc,marking  ] GC(108) Concurrent Scan Root Regions 0.313ms
[2026-03-27T19:25:43.647+0900][3.754s][info][gc,marking  ] GC(108) Concurrent Mark
[2026-03-27T19:25:43.647+0900][3.754s][info][gc,marking  ] GC(108) Concurrent Mark From Roots
[2026-03-27T19:25:43.647+0900][3.754s][info][gc,task     ] GC(108) Using 2 workers of 2 for marking
[2026-03-27T19:25:43.650+0900][3.757s][info][gc,marking  ] GC(108) Concurrent Mark From Roots 2.359ms
[2026-03-27T19:25:43.650+0900][3.757s][info][gc,marking  ] GC(108) Concurrent Preclean
[2026-03-27T19:25:43.650+0900][3.757s][info][gc,marking  ] GC(108) Concurrent Preclean 0.036ms
[2026-03-27T19:25:43.650+0900][3.757s][info][gc,start    ] GC(108) Pause Remark
[2026-03-27T19:25:43.650+0900][3.758s][info][gc          ] GC(108) Pause Remark 309M->309M(512M) 1.036ms
[2026-03-27T19:25:43.652+0900][3.758s][info][gc,cpu      ] GC(108) User=0.00s Sys=0.00s Real=0.00s
[2026-03-27T19:25:43.652+0900][3.758s][info][gc,marking  ] GC(108) Concurrent Mark 4.038ms
[2026-03-27T19:25:43.652+0900][3.758s][info][gc,marking  ] GC(108) Concurrent Rebuild Remembered Sets
[2026-03-27T19:25:43.653+0900][3.760s][info][gc,marking  ] GC(108) Concurrent Rebuild Remembered Sets 1.238ms
[2026-03-27T19:25:43.654+0900][3.760s][info][gc,start    ] GC(108) Pause Cleanup
[2026-03-27T19:25:43.654+0900][3.760s][info][gc          ] GC(108) Pause Cleanup 309M->309M(512M) 0.190ms
[2026-03-27T19:25:43.654+0900][3.760s][info][gc,cpu      ] GC(108) User=0.00s Sys=0.00s Real=0.00s
[2026-03-27T19:25:43.654+0900][3.760s][info][gc,marking  ] GC(108) Concurrent Cleanup for Next Mark
[2026-03-27T19:25:43.654+0900][3.761s][info][gc,marking  ] GC(108) Concurrent Cleanup for Next Mark 0.379ms
[2026-03-27T19:25:43.654+0900][3.761s][info][gc          ] GC(108) Concurrent Mark Cycle 7.099ms
[2026-03-27T19:25:43.690+0900][3.796s][info][gc,start    ] GC(109) Pause Young (Concurrent Start) (G1 Humongous Allocation)
[2026-03-27T19:25:43.690+0900][3.796s][info][gc,task     ] GC(109) Using 8 workers of 8 for evacuation
[2026-03-27T19:25:43.692+0900][3.798s][info][gc,phases   ] GC(109)   Pre Evacuate Collection Set: 0.3ms
[2026-03-27T19:25:43.692+0900][3.798s][info][gc,phases   ] GC(109)   Merge Heap Roots: 0.1ms
[2026-03-27T19:25:43.692+0900][3.799s][info][gc,phases   ] GC(109)   Evacuate Collection Set: 0.4ms
[2026-03-27T19:25:43.692+0900][3.799s][info][gc,phases   ] GC(109)   Post Evacuate Collection Set: 0.8ms
[2026-03-27T19:25:43.692+0900][3.799s][info][gc,phases   ] GC(109)   Other: 0.3ms
[2026-03-27T19:25:43.692+0900][3.799s][info][gc,heap     ] GC(109) Eden regions: 34->0(149)
[2026-03-27T19:25:43.692+0900][3.799s][info][gc,heap     ] GC(109) Survivor regions: 1->1(22)
[2026-03-27T19:25:43.692+0900][3.799s][info][gc,heap     ] GC(109) Old regions: 1->1
[2026-03-27T19:25:43.692+0900][3.799s][info][gc,heap     ] GC(109) Archive regions: 0->0
[2026-03-27T19:25:43.692+0900][3.799s][info][gc,heap     ] GC(109) Humongous regions: 308->308
[2026-03-27T19:25:43.692+0900][3.799s][info][gc,metaspace] GC(109) Metaspace: 285K(512K)->285K(512K) NonClass: 272K(384K)->272K(384K) Class: 12K(128K)->12K(128K)
[2026-03-27T19:25:43.692+0900][3.799s][info][gc          ] GC(109) Pause Young (Concurrent Start) (G1 Humongous Allocation) 342M->309M(512M) 2.631ms
[2026-03-27T19:25:43.692+0900][3.799s][info][gc,cpu      ] GC(109) User=0.02s Sys=0.05s Real=0.00s
[2026-03-27T19:25:43.692+0900][3.799s][info][gc          ] GC(110) Concurrent Mark Cycle
[2026-03-27T19:25:43.693+0900][3.799s][info][gc,marking  ] GC(110) Concurrent Clear Claimed Marks
[2026-03-27T19:25:43.693+0900][3.799s][info][gc,marking  ] GC(110) Concurrent Clear Claimed Marks 0.040ms
[2026-03-27T19:25:43.693+0900][3.799s][info][gc,marking  ] GC(110) Concurrent Scan Root Regions
[2026-03-27T19:25:43.693+0900][3.799s][info][gc,marking  ] GC(110) Concurrent Scan Root Regions 0.168ms
[2026-03-27T19:25:43.693+0900][3.799s][info][gc,marking  ] GC(110) Concurrent Mark
[2026-03-27T19:25:43.693+0900][3.799s][info][gc,marking  ] GC(110) Concurrent Mark From Roots
[2026-03-27T19:25:43.693+0900][3.799s][info][gc,task     ] GC(110) Using 2 workers of 2 for marking
[2026-03-27T19:25:43.695+0900][3.802s][info][gc,marking  ] GC(110) Concurrent Mark From Roots 2.485ms
[2026-03-27T19:25:43.695+0900][3.802s][info][gc,marking  ] GC(110) Concurrent Preclean
[2026-03-27T19:25:43.695+0900][3.802s][info][gc,marking  ] GC(110) Concurrent Preclean 0.049ms
[2026-03-27T19:25:43.696+0900][3.802s][info][gc,start    ] GC(110) Pause Remark
[2026-03-27T19:25:43.697+0900][3.804s][info][gc          ] GC(110) Pause Remark 331M->331M(512M) 1.484ms
[2026-03-27T19:25:43.697+0900][3.804s][info][gc,cpu      ] GC(110) User=0.00s Sys=0.00s Real=0.00s
[2026-03-27T19:25:43.697+0900][3.804s][info][gc,marking  ] GC(110) Concurrent Mark 4.716ms
[2026-03-27T19:25:43.697+0900][3.804s][info][gc,marking  ] GC(110) Concurrent Rebuild Remembered Sets
[2026-03-27T19:25:43.699+0900][3.805s][info][gc,marking  ] GC(110) Concurrent Rebuild Remembered Sets 1.221ms
[2026-03-27T19:25:43.699+0900][3.806s][info][gc,start    ] GC(110) Pause Cleanup
[2026-03-27T19:25:43.699+0900][3.806s][info][gc          ] GC(110) Pause Cleanup 331M->331M(512M) 0.227ms
[2026-03-27T19:25:43.699+0900][3.806s][info][gc,cpu      ] GC(110) User=0.00s Sys=0.00s Real=0.00s
[2026-03-27T19:25:43.699+0900][3.806s][info][gc,marking  ] GC(110) Concurrent Cleanup for Next Mark
[2026-03-27T19:25:43.700+0900][3.806s][info][gc,marking  ] GC(110) Concurrent Cleanup for Next Mark 0.327ms
[2026-03-27T19:25:43.700+0900][3.807s][info][gc          ] GC(110) Concurrent Mark Cycle 7.624ms
[2026-03-27T19:25:43.736+0900][3.843s][info][gc,start    ] GC(111) Pause Young (Concurrent Start) (G1 Humongous Allocation)
[2026-03-27T19:25:43.736+0900][3.843s][info][gc,task     ] GC(111) Using 8 workers of 8 for evacuation
[2026-03-27T19:25:43.738+0900][3.845s][info][gc,phases   ] GC(111)   Pre Evacuate Collection Set: 0.2ms
[2026-03-27T19:25:43.738+0900][3.845s][info][gc,phases   ] GC(111)   Merge Heap Roots: 0.2ms
[2026-03-27T19:25:43.738+0900][3.845s][info][gc,phases   ] GC(111)   Evacuate Collection Set: 0.3ms
[2026-03-27T19:25:43.738+0900][3.845s][info][gc,phases   ] GC(111)   Post Evacuate Collection Set: 0.8ms
[2026-03-27T19:25:43.738+0900][3.845s][info][gc,phases   ] GC(111)   Other: 0.3ms
[2026-03-27T19:25:43.738+0900][3.845s][info][gc,heap     ] GC(111) Eden regions: 34->0(127)
[2026-03-27T19:25:43.738+0900][3.845s][info][gc,heap     ] GC(111) Survivor regions: 1->1(19)
[2026-03-27T19:25:43.738+0900][3.845s][info][gc,heap     ] GC(111) Old regions: 1->1
[2026-03-27T19:25:43.738+0900][3.845s][info][gc,heap     ] GC(111) Archive regions: 0->0
[2026-03-27T19:25:43.738+0900][3.845s][info][gc,heap     ] GC(111) Humongous regions: 330->330
[2026-03-27T19:25:43.738+0900][3.845s][info][gc,metaspace] GC(111) Metaspace: 285K(512K)->285K(512K) NonClass: 272K(384K)->272K(384K) Class: 12K(128K)->12K(128K)
[2026-03-27T19:25:43.738+0900][3.846s][info][gc          ] GC(111) Pause Young (Concurrent Start) (G1 Humongous Allocation) 364M->331M(512M) 2.566ms
[2026-03-27T19:25:43.739+0900][3.846s][info][gc,cpu      ] GC(111) User=0.11s Sys=0.00s Real=0.00s
[2026-03-27T19:25:43.739+0900][3.846s][info][gc          ] GC(112) Concurrent Mark Cycle
[2026-03-27T19:25:43.739+0900][3.846s][info][gc,marking  ] GC(112) Concurrent Clear Claimed Marks
[2026-03-27T19:25:43.739+0900][3.846s][info][gc,marking  ] GC(112) Concurrent Clear Claimed Marks 0.041ms
[2026-03-27T19:25:43.739+0900][3.846s][info][gc,marking  ] GC(112) Concurrent Scan Root Regions
[2026-03-27T19:25:43.739+0900][3.846s][info][gc,marking  ] GC(112) Concurrent Scan Root Regions 0.209ms
[2026-03-27T19:25:43.739+0900][3.846s][info][gc,marking  ] GC(112) Concurrent Mark
[2026-03-27T19:25:43.739+0900][3.846s][info][gc,marking  ] GC(112) Concurrent Mark From Roots
[2026-03-27T19:25:43.739+0900][3.846s][info][gc,task     ] GC(112) Using 2 workers of 2 for marking
[2026-03-27T19:25:43.742+0900][3.849s][info][gc,marking  ] GC(112) Concurrent Mark From Roots 2.427ms
[2026-03-27T19:25:43.742+0900][3.849s][info][gc,marking  ] GC(112) Concurrent Preclean
[2026-03-27T19:25:43.742+0900][3.849s][info][gc,marking  ] GC(112) Concurrent Preclean 0.048ms
[2026-03-27T19:25:43.742+0900][3.849s][info][gc,start    ] GC(112) Pause Remark
[2026-03-27T19:25:43.744+0900][3.850s][info][gc          ] GC(112) Pause Remark 353M->353M(512M) 1.061ms
[2026-03-27T19:25:43.744+0900][3.850s][info][gc,cpu      ] GC(112) User=0.00s Sys=0.00s Real=0.00s
[2026-03-27T19:25:43.744+0900][3.850s][info][gc,marking  ] GC(112) Concurrent Mark 4.037ms
[2026-03-27T19:25:43.744+0900][3.850s][info][gc,marking  ] GC(112) Concurrent Rebuild Remembered Sets
[2026-03-27T19:25:43.744+0900][3.851s][info][gc,marking  ] GC(112) Concurrent Rebuild Remembered Sets 0.736ms
[2026-03-27T19:25:43.744+0900][3.851s][info][gc,start    ] GC(112) Pause Cleanup
[2026-03-27T19:25:43.745+0900][3.852s][info][gc          ] GC(112) Pause Cleanup 353M->353M(512M) 0.434ms
[2026-03-27T19:25:43.745+0900][3.852s][info][gc,cpu      ] GC(112) User=0.00s Sys=0.00s Real=0.00s
[2026-03-27T19:25:43.745+0900][3.852s][info][gc,marking  ] GC(112) Concurrent Cleanup for Next Mark
[2026-03-27T19:25:43.745+0900][3.852s][info][gc,marking  ] GC(112) Concurrent Cleanup for Next Mark 0.427ms
[2026-03-27T19:25:43.745+0900][3.853s][info][gc          ] GC(112) Concurrent Mark Cycle 6.885ms
[2026-03-27T19:25:43.783+0900][3.890s][info][gc,start    ] GC(113) Pause Young (Concurrent Start) (G1 Humongous Allocation)
[2026-03-27T19:25:43.783+0900][3.890s][info][gc,task     ] GC(113) Using 8 workers of 8 for evacuation
[2026-03-27T19:25:43.785+0900][3.892s][info][gc,phases   ] GC(113)   Pre Evacuate Collection Set: 0.2ms
[2026-03-27T19:25:43.785+0900][3.892s][info][gc,phases   ] GC(113)   Merge Heap Roots: 0.2ms
[2026-03-27T19:25:43.785+0900][3.892s][info][gc,phases   ] GC(113)   Evacuate Collection Set: 0.3ms
[2026-03-27T19:25:43.785+0900][3.892s][info][gc,phases   ] GC(113)   Post Evacuate Collection Set: 0.9ms
[2026-03-27T19:25:43.785+0900][3.892s][info][gc,phases   ] GC(113)   Other: 0.3ms
[2026-03-27T19:25:43.785+0900][3.892s][info][gc,heap     ] GC(113) Eden regions: 34->0(105)
[2026-03-27T19:25:43.785+0900][3.892s][info][gc,heap     ] GC(113) Survivor regions: 1->1(16)
[2026-03-27T19:25:43.785+0900][3.892s][info][gc,heap     ] GC(113) Old regions: 1->1
[2026-03-27T19:25:43.786+0900][3.892s][info][gc,heap     ] GC(113) Archive regions: 0->0
[2026-03-27T19:25:43.786+0900][3.892s][info][gc,heap     ] GC(113) Humongous regions: 352->352
[2026-03-27T19:25:43.786+0900][3.892s][info][gc,metaspace] GC(113) Metaspace: 285K(512K)->285K(512K) NonClass: 272K(384K)->272K(384K) Class: 12K(128K)->12K(128K)
[2026-03-27T19:25:43.786+0900][3.892s][info][gc          ] GC(113) Pause Young (Concurrent Start) (G1 Humongous Allocation) 386M->353M(512M) 2.641ms
[2026-03-27T19:25:43.786+0900][3.892s][info][gc,cpu      ] GC(113) User=0.00s Sys=0.00s Real=0.00s
[2026-03-27T19:25:43.786+0900][3.892s][info][gc          ] GC(114) Concurrent Mark Cycle
[2026-03-27T19:25:43.786+0900][3.892s][info][gc,marking  ] GC(114) Concurrent Clear Claimed Marks
[2026-03-27T19:25:43.786+0900][3.892s][info][gc,marking  ] GC(114) Concurrent Clear Claimed Marks 0.021ms
[2026-03-27T19:25:43.786+0900][3.893s][info][gc,marking  ] GC(114) Concurrent Scan Root Regions
[2026-03-27T19:25:43.786+0900][3.893s][info][gc,marking  ] GC(114) Concurrent Scan Root Regions 0.120ms
[2026-03-27T19:25:43.786+0900][3.893s][info][gc,marking  ] GC(114) Concurrent Mark
[2026-03-27T19:25:43.786+0900][3.893s][info][gc,marking  ] GC(114) Concurrent Mark From Roots
[2026-03-27T19:25:43.786+0900][3.893s][info][gc,task     ] GC(114) Using 2 workers of 2 for marking
[2026-03-27T19:25:43.787+0900][3.893s][info][gc,marking  ] GC(114) Concurrent Mark From Roots 0.814ms
[2026-03-27T19:25:43.787+0900][3.894s][info][gc,marking  ] GC(114) Concurrent Preclean
[2026-03-27T19:25:43.787+0900][3.894s][info][gc,marking  ] GC(114) Concurrent Preclean 0.017ms
[2026-03-27T19:25:43.787+0900][3.894s][info][gc,start    ] GC(114) Pause Remark
[2026-03-27T19:25:43.787+0900][3.894s][info][gc          ] GC(114) Pause Remark 375M->375M(512M) 0.459ms
[2026-03-27T19:25:43.787+0900][3.894s][info][gc,cpu      ] GC(114) User=0.00s Sys=0.00s Real=0.00s
[2026-03-27T19:25:43.787+0900][3.894s][info][gc,marking  ] GC(114) Concurrent Mark 1.525ms
[2026-03-27T19:25:43.787+0900][3.894s][info][gc,marking  ] GC(114) Concurrent Rebuild Remembered Sets
[2026-03-27T19:25:43.788+0900][3.895s][info][gc,marking  ] GC(114) Concurrent Rebuild Remembered Sets 0.470ms
[2026-03-27T19:25:43.788+0900][3.895s][info][gc,start    ] GC(114) Pause Cleanup
[2026-03-27T19:25:43.788+0900][3.895s][info][gc          ] GC(114) Pause Cleanup 375M->375M(512M) 0.074ms
[2026-03-27T19:25:43.788+0900][3.895s][info][gc,cpu      ] GC(114) User=0.00s Sys=0.00s Real=0.00s
[2026-03-27T19:25:43.788+0900][3.895s][info][gc,marking  ] GC(114) Concurrent Cleanup for Next Mark
[2026-03-27T19:25:43.788+0900][3.895s][info][gc,marking  ] GC(114) Concurrent Cleanup for Next Mark 0.193ms
[2026-03-27T19:25:43.788+0900][3.895s][info][gc          ] GC(114) Concurrent Mark Cycle 2.804ms
[2026-03-27T19:25:43.830+0900][3.936s][info][gc,start    ] GC(115) Pause Young (Concurrent Start) (G1 Humongous Allocation)
[2026-03-27T19:25:43.830+0900][3.937s][info][gc,task     ] GC(115) Using 8 workers of 8 for evacuation
[2026-03-27T19:25:43.832+0900][3.939s][info][gc,phases   ] GC(115)   Pre Evacuate Collection Set: 0.3ms
[2026-03-27T19:25:43.832+0900][3.939s][info][gc,phases   ] GC(115)   Merge Heap Roots: 0.2ms
[2026-03-27T19:25:43.832+0900][3.939s][info][gc,phases   ] GC(115)   Evacuate Collection Set: 0.3ms
[2026-03-27T19:25:43.832+0900][3.939s][info][gc,phases   ] GC(115)   Post Evacuate Collection Set: 0.8ms
[2026-03-27T19:25:43.832+0900][3.939s][info][gc,phases   ] GC(115)   Other: 0.3ms
[2026-03-27T19:25:43.832+0900][3.939s][info][gc,heap     ] GC(115) Eden regions: 34->0(83)
[2026-03-27T19:25:43.832+0900][3.939s][info][gc,heap     ] GC(115) Survivor regions: 1->1(14)
[2026-03-27T19:25:43.832+0900][3.939s][info][gc,heap     ] GC(115) Old regions: 1->1
[2026-03-27T19:25:43.832+0900][3.939s][info][gc,heap     ] GC(115) Archive regions: 0->0
[2026-03-27T19:25:43.832+0900][3.939s][info][gc,heap     ] GC(115) Humongous regions: 374->374
[2026-03-27T19:25:43.832+0900][3.939s][info][gc,metaspace] GC(115) Metaspace: 285K(512K)->285K(512K) NonClass: 272K(384K)->272K(384K) Class: 12K(128K)->12K(128K)
[2026-03-27T19:25:43.833+0900][3.939s][info][gc          ] GC(115) Pause Young (Concurrent Start) (G1 Humongous Allocation) 408M->375M(512M) 2.669ms
[2026-03-27T19:25:43.833+0900][3.939s][info][gc,cpu      ] GC(115) User=0.03s Sys=0.00s Real=0.00s
[2026-03-27T19:25:43.833+0900][3.939s][info][gc          ] GC(116) Concurrent Mark Cycle
[2026-03-27T19:25:43.833+0900][3.939s][info][gc,marking  ] GC(116) Concurrent Clear Claimed Marks
[2026-03-27T19:25:43.833+0900][3.939s][info][gc,marking  ] GC(116) Concurrent Clear Claimed Marks 0.037ms
[2026-03-27T19:25:43.833+0900][3.939s][info][gc,marking  ] GC(116) Concurrent Scan Root Regions
[2026-03-27T19:25:43.833+0900][3.940s][info][gc,marking  ] GC(116) Concurrent Scan Root Regions 0.320ms
[2026-03-27T19:25:43.833+0900][3.940s][info][gc,marking  ] GC(116) Concurrent Mark
[2026-03-27T19:25:43.833+0900][3.940s][info][gc,marking  ] GC(116) Concurrent Mark From Roots
[2026-03-27T19:25:43.833+0900][3.940s][info][gc,task     ] GC(116) Using 2 workers of 2 for marking
[2026-03-27T19:25:43.835+0900][3.942s][info][gc,marking  ] GC(116) Concurrent Mark From Roots 2.458ms
[2026-03-27T19:25:43.835+0900][3.942s][info][gc,marking  ] GC(116) Concurrent Preclean
[2026-03-27T19:25:43.835+0900][3.942s][info][gc,marking  ] GC(116) Concurrent Preclean 0.059ms
[2026-03-27T19:25:43.836+0900][3.943s][info][gc,start    ] GC(116) Pause Remark
[2026-03-27T19:25:43.837+0900][3.944s][info][gc          ] GC(116) Pause Remark 397M->397M(512M) 1.239ms
[2026-03-27T19:25:43.837+0900][3.944s][info][gc,cpu      ] GC(116) User=0.00s Sys=0.00s Real=0.00s
[2026-03-27T19:25:43.837+0900][3.944s][info][gc,marking  ] GC(116) Concurrent Mark 4.453ms
[2026-03-27T19:25:43.837+0900][3.944s][info][gc,marking  ] GC(116) Concurrent Rebuild Remembered Sets
[2026-03-27T19:25:43.837+0900][3.945s][info][gc,marking  ] GC(116) Concurrent Rebuild Remembered Sets 0.877ms
[2026-03-27T19:25:43.839+0900][3.945s][info][gc,start    ] GC(116) Pause Cleanup
[2026-03-27T19:25:43.839+0900][3.946s][info][gc          ] GC(116) Pause Cleanup 397M->397M(512M) 0.273ms
[2026-03-27T19:25:43.839+0900][3.946s][info][gc,cpu      ] GC(116) User=0.00s Sys=0.00s Real=0.00s
[2026-03-27T19:25:43.839+0900][3.946s][info][gc,marking  ] GC(116) Concurrent Cleanup for Next Mark
[2026-03-27T19:25:43.839+0900][3.946s][info][gc,marking  ] GC(116) Concurrent Cleanup for Next Mark 0.192ms
[2026-03-27T19:25:43.839+0900][3.946s][info][gc          ] GC(116) Concurrent Mark Cycle 6.803ms
[2026-03-27T19:25:43.877+0900][3.983s][info][gc,start    ] GC(117) Pause Young (Concurrent Start) (G1 Humongous Allocation)
[2026-03-27T19:25:43.877+0900][3.983s][info][gc,task     ] GC(117) Using 8 workers of 8 for evacuation
[2026-03-27T19:25:43.879+0900][3.985s][info][gc,phases   ] GC(117)   Pre Evacuate Collection Set: 0.2ms
[2026-03-27T19:25:43.879+0900][3.985s][info][gc,phases   ] GC(117)   Merge Heap Roots: 0.2ms
[2026-03-27T19:25:43.879+0900][3.985s][info][gc,phases   ] GC(117)   Evacuate Collection Set: 0.4ms
[2026-03-27T19:25:43.879+0900][3.985s][info][gc,phases   ] GC(117)   Post Evacuate Collection Set: 1.0ms
[2026-03-27T19:25:43.879+0900][3.985s][info][gc,phases   ] GC(117)   Other: 0.3ms
[2026-03-27T19:25:43.879+0900][3.985s][info][gc,heap     ] GC(117) Eden regions: 34->0(281)
[2026-03-27T19:25:43.879+0900][3.985s][info][gc,heap     ] GC(117) Survivor regions: 1->1(11)
[2026-03-27T19:25:43.879+0900][3.985s][info][gc,heap     ] GC(117) Old regions: 1->1
[2026-03-27T19:25:43.879+0900][3.985s][info][gc,heap     ] GC(117) Archive regions: 0->0
[2026-03-27T19:25:43.879+0900][3.985s][info][gc,heap     ] GC(117) Humongous regions: 396->176
[2026-03-27T19:25:43.879+0900][3.985s][info][gc,metaspace] GC(117) Metaspace: 285K(512K)->285K(512K) NonClass: 272K(384K)->272K(384K) Class: 12K(128K)->12K(128K)
[2026-03-27T19:25:43.879+0900][3.986s][info][gc          ] GC(117) Pause Young (Concurrent Start) (G1 Humongous Allocation) 430M->177M(512M) 2.519ms
[2026-03-27T19:25:43.879+0900][3.986s][info][gc,cpu      ] GC(117) User=0.00s Sys=0.02s Real=0.00s
[2026-03-27T19:25:43.879+0900][3.986s][info][gc          ] GC(118) Concurrent Undo Cycle
[2026-03-27T19:25:43.879+0900][3.986s][info][gc,marking  ] GC(118) Concurrent Cleanup for Next Mark
[2026-03-27T19:25:43.879+0900][3.986s][info][gc,marking  ] GC(118) Concurrent Cleanup for Next Mark 0.075ms
[2026-03-27T19:25:43.879+0900][3.986s][info][gc          ] GC(118) Concurrent Undo Cycle 0.200ms
[2026-03-27T19:25:43.971+0900][4.078s][info][gc,start    ] GC(119) Pause Young (Concurrent Start) (G1 Humongous Allocation)
[2026-03-27T19:25:43.971+0900][4.078s][info][gc,task     ] GC(119) Using 8 workers of 8 for evacuation
[2026-03-27T19:25:43.973+0900][4.080s][info][gc,phases   ] GC(119)   Pre Evacuate Collection Set: 0.2ms
[2026-03-27T19:25:43.973+0900][4.080s][info][gc,phases   ] GC(119)   Merge Heap Roots: 0.2ms
[2026-03-27T19:25:43.973+0900][4.080s][info][gc,phases   ] GC(119)   Evacuate Collection Set: 0.5ms
[2026-03-27T19:25:43.973+0900][4.080s][info][gc,phases   ] GC(119)   Post Evacuate Collection Set: 0.8ms
[2026-03-27T19:25:43.973+0900][4.080s][info][gc,phases   ] GC(119)   Other: 0.4ms
[2026-03-27T19:25:43.973+0900][4.080s][info][gc,heap     ] GC(119) Eden regions: 67->0(228)
[2026-03-27T19:25:43.973+0900][4.080s][info][gc,heap     ] GC(119) Survivor regions: 1->1(36)
[2026-03-27T19:25:43.973+0900][4.080s][info][gc,heap     ] GC(119) Old regions: 1->1
[2026-03-27T19:25:43.973+0900][4.080s][info][gc,heap     ] GC(119) Archive regions: 0->0
[2026-03-27T19:25:43.973+0900][4.080s][info][gc,heap     ] GC(119) Humongous regions: 229->229
[2026-03-27T19:25:43.973+0900][4.080s][info][gc,metaspace] GC(119) Metaspace: 285K(512K)->285K(512K) NonClass: 272K(384K)->272K(384K) Class: 12K(128K)->12K(128K)
[2026-03-27T19:25:43.973+0900][4.080s][info][gc          ] GC(119) Pause Young (Concurrent Start) (G1 Humongous Allocation) 296M->230M(512M) 2.764ms
[2026-03-27T19:25:43.973+0900][4.081s][info][gc,cpu      ] GC(119) User=0.00s Sys=0.03s Real=0.00s
[2026-03-27T19:25:43.973+0900][4.081s][info][gc          ] GC(120) Concurrent Undo Cycle
[2026-03-27T19:25:43.974+0900][4.081s][info][gc,marking  ] GC(120) Concurrent Cleanup for Next Mark
[2026-03-27T19:25:43.974+0900][4.081s][info][gc,marking  ] GC(120) Concurrent Cleanup for Next Mark 0.174ms
[2026-03-27T19:25:43.974+0900][4.081s][info][gc          ] GC(120) Concurrent Undo Cycle 0.531ms
[2026-03-27T19:25:43.974+0900][4.081s][info][gc,start    ] GC(121) Pause Young (Concurrent Start) (G1 Humongous Allocation)
[2026-03-27T19:25:43.974+0900][4.082s][info][gc,task     ] GC(121) Using 8 workers of 8 for evacuation
[2026-03-27T19:25:43.976+0900][4.083s][info][gc,phases   ] GC(121)   Pre Evacuate Collection Set: 0.2ms
[2026-03-27T19:25:43.976+0900][4.083s][info][gc,phases   ] GC(121)   Merge Heap Roots: 0.2ms
[2026-03-27T19:25:43.976+0900][4.083s][info][gc,phases   ] GC(121)   Evacuate Collection Set: 0.4ms
[2026-03-27T19:25:43.976+0900][4.083s][info][gc,phases   ] GC(121)   Post Evacuate Collection Set: 0.7ms
[2026-03-27T19:25:43.976+0900][4.084s][info][gc,phases   ] GC(121)   Other: 0.3ms
[2026-03-27T19:25:43.976+0900][4.084s][info][gc,heap     ] GC(121) Eden regions: 1->0(220)
[2026-03-27T19:25:43.976+0900][4.084s][info][gc,heap     ] GC(121) Survivor regions: 1->1(29)
[2026-03-27T19:25:43.976+0900][4.084s][info][gc,heap     ] GC(121) Old regions: 1->1
[2026-03-27T19:25:43.976+0900][4.084s][info][gc,heap     ] GC(121) Archive regions: 0->0
[2026-03-27T19:25:43.976+0900][4.084s][info][gc,heap     ] GC(121) Humongous regions: 237->237
[2026-03-27T19:25:43.976+0900][4.084s][info][gc,metaspace] GC(121) Metaspace: 285K(512K)->285K(512K) NonClass: 272K(384K)->272K(384K) Class: 12K(128K)->12K(128K)
[2026-03-27T19:25:43.976+0900][4.084s][info][gc          ] GC(121) Pause Young (Concurrent Start) (G1 Humongous Allocation) 238M->238M(512M) 2.278ms
[2026-03-27T19:25:43.976+0900][4.084s][info][gc,cpu      ] GC(121) User=0.00s Sys=0.00s Real=0.00s
[2026-03-27T19:25:43.976+0900][4.084s][info][gc          ] GC(122) Concurrent Mark Cycle
[2026-03-27T19:25:43.976+0900][4.084s][info][gc,marking  ] GC(122) Concurrent Clear Claimed Marks
[2026-03-27T19:25:43.976+0900][4.084s][info][gc,marking  ] GC(122) Concurrent Clear Claimed Marks 0.014ms
[2026-03-27T19:25:43.976+0900][4.084s][info][gc,marking  ] GC(122) Concurrent Scan Root Regions
[2026-03-27T19:25:43.976+0900][4.084s][info][gc,marking  ] GC(122) Concurrent Scan Root Regions 0.057ms
[2026-03-27T19:25:43.976+0900][4.084s][info][gc,marking  ] GC(122) Concurrent Mark
[2026-03-27T19:25:43.976+0900][4.084s][info][gc,marking  ] GC(122) Concurrent Mark From Roots
[2026-03-27T19:25:43.976+0900][4.084s][info][gc,task     ] GC(122) Using 2 workers of 2 for marking
[2026-03-27T19:25:43.978+0900][4.085s][info][gc,marking  ] GC(122) Concurrent Mark From Roots 0.900ms
[2026-03-27T19:25:43.978+0900][4.085s][info][gc,marking  ] GC(122) Concurrent Preclean
[2026-03-27T19:25:43.978+0900][4.085s][info][gc,marking  ] GC(122) Concurrent Preclean 0.019ms
[2026-03-27T19:25:43.978+0900][4.085s][info][gc,start    ] GC(122) Pause Remark
[2026-03-27T19:25:43.978+0900][4.085s][info][gc          ] GC(122) Pause Remark 243M->243M(512M) 0.254ms
[2026-03-27T19:25:43.979+0900][4.085s][info][gc,cpu      ] GC(122) User=0.00s Sys=0.00s Real=0.00s
[2026-03-27T19:25:43.979+0900][4.085s][info][gc,marking  ] GC(122) Concurrent Mark 1.421ms
[2026-03-27T19:25:43.979+0900][4.085s][info][gc,marking  ] GC(122) Concurrent Rebuild Remembered Sets
[2026-03-27T19:25:43.979+0900][4.086s][info][gc,marking  ] GC(122) Concurrent Rebuild Remembered Sets 0.372ms
[2026-03-27T19:25:43.979+0900][4.086s][info][gc,start    ] GC(122) Pause Cleanup
[2026-03-27T19:25:43.979+0900][4.086s][info][gc          ] GC(122) Pause Cleanup 243M->243M(512M) 0.062ms
[2026-03-27T19:25:43.979+0900][4.086s][info][gc,cpu      ] GC(122) User=0.00s Sys=0.00s Real=0.00s
[2026-03-27T19:25:43.979+0900][4.086s][info][gc,marking  ] GC(122) Concurrent Cleanup for Next Mark
[2026-03-27T19:25:43.979+0900][4.086s][info][gc,marking  ] GC(122) Concurrent Cleanup for Next Mark 0.186ms
[2026-03-27T19:25:43.979+0900][4.086s][info][gc          ] GC(122) Concurrent Mark Cycle 2.394ms
[2026-03-27T19:25:44.018+0900][4.125s][info][gc,start    ] GC(123) Pause Young (Concurrent Start) (G1 Humongous Allocation)
[2026-03-27T19:25:44.018+0900][4.125s][info][gc,task     ] GC(123) Using 8 workers of 8 for evacuation
[2026-03-27T19:25:44.021+0900][4.127s][info][gc,phases   ] GC(123)   Pre Evacuate Collection Set: 0.3ms
[2026-03-27T19:25:44.021+0900][4.127s][info][gc,phases   ] GC(123)   Merge Heap Roots: 0.3ms
[2026-03-27T19:25:44.021+0900][4.128s][info][gc,phases   ] GC(123)   Evacuate Collection Set: 0.5ms
[2026-03-27T19:25:44.021+0900][4.128s][info][gc,phases   ] GC(123)   Post Evacuate Collection Set: 0.9ms
[2026-03-27T19:25:44.021+0900][4.128s][info][gc,phases   ] GC(123)   Other: 0.3ms
[2026-03-27T19:25:44.021+0900][4.128s][info][gc,heap     ] GC(123) Eden regions: 34->0(214)
[2026-03-27T19:25:44.021+0900][4.128s][info][gc,heap     ] GC(123) Survivor regions: 1->1(28)
[2026-03-27T19:25:44.021+0900][4.128s][info][gc,heap     ] GC(123) Old regions: 1->2
[2026-03-27T19:25:44.021+0900][4.128s][info][gc,heap     ] GC(123) Archive regions: 0->0
[2026-03-27T19:25:44.021+0900][4.128s][info][gc,heap     ] GC(123) Humongous regions: 242->242
[2026-03-27T19:25:44.021+0900][4.128s][info][gc,metaspace] GC(123) Metaspace: 285K(512K)->285K(512K) NonClass: 272K(384K)->272K(384K) Class: 12K(128K)->12K(128K)
[2026-03-27T19:25:44.021+0900][4.128s][info][gc          ] GC(123) Pause Young (Concurrent Start) (G1 Humongous Allocation) 276M->243M(512M) 3.038ms
[2026-03-27T19:25:44.021+0900][4.128s][info][gc,cpu      ] GC(123) User=0.06s Sys=0.00s Real=0.00s
[2026-03-27T19:25:44.021+0900][4.128s][info][gc          ] GC(124) Concurrent Mark Cycle
[2026-03-27T19:25:44.021+0900][4.128s][info][gc,marking  ] GC(124) Concurrent Clear Claimed Marks
[2026-03-27T19:25:44.022+0900][4.128s][info][gc,marking  ] GC(124) Concurrent Clear Claimed Marks 0.038ms
[2026-03-27T19:25:44.022+0900][4.128s][info][gc,marking  ] GC(124) Concurrent Scan Root Regions
[2026-03-27T19:25:44.022+0900][4.128s][info][gc,marking  ] GC(124) Concurrent Scan Root Regions 0.205ms
[2026-03-27T19:25:44.022+0900][4.129s][info][gc,marking  ] GC(124) Concurrent Mark
[2026-03-27T19:25:44.022+0900][4.129s][info][gc,marking  ] GC(124) Concurrent Mark From Roots
[2026-03-27T19:25:44.022+0900][4.129s][info][gc,task     ] GC(124) Using 2 workers of 2 for marking
[2026-03-27T19:25:44.025+0900][4.132s][info][gc,marking  ] GC(124) Concurrent Mark From Roots 2.994ms
[2026-03-27T19:25:44.025+0900][4.132s][info][gc,marking  ] GC(124) Concurrent Preclean
[2026-03-27T19:25:44.025+0900][4.132s][info][gc,marking  ] GC(124) Concurrent Preclean 0.060ms
[2026-03-27T19:25:44.025+0900][4.132s][info][gc,start    ] GC(124) Pause Remark
[2026-03-27T19:25:44.027+0900][4.133s][info][gc          ] GC(124) Pause Remark 265M->265M(512M) 0.792ms
[2026-03-27T19:25:44.027+0900][4.133s][info][gc,cpu      ] GC(124) User=0.00s Sys=0.00s Real=0.00s
[2026-03-27T19:25:44.027+0900][4.133s][info][gc,marking  ] GC(124) Concurrent Mark 4.653ms
[2026-03-27T19:25:44.027+0900][4.133s][info][gc,marking  ] GC(124) Concurrent Rebuild Remembered Sets
[2026-03-27T19:25:44.027+0900][4.134s][info][gc,marking  ] GC(124) Concurrent Rebuild Remembered Sets 0.944ms
[2026-03-27T19:25:44.028+0900][4.135s][info][gc,start    ] GC(124) Pause Cleanup
[2026-03-27T19:25:44.029+0900][4.135s][info][gc          ] GC(124) Pause Cleanup 265M->265M(512M) 0.325ms
[2026-03-27T19:25:44.029+0900][4.135s][info][gc,cpu      ] GC(124) User=0.00s Sys=0.00s Real=0.00s
[2026-03-27T19:25:44.029+0900][4.135s][info][gc,marking  ] GC(124) Concurrent Cleanup for Next Mark
[2026-03-27T19:25:44.029+0900][4.136s][info][gc,marking  ] GC(124) Concurrent Cleanup for Next Mark 0.480ms
[2026-03-27T19:25:44.029+0900][4.136s][info][gc          ] GC(124) Concurrent Mark Cycle 7.733ms
[2026-03-27T19:25:44.254+0900][4.361s][info][gc,start    ] GC(125) Pause Young (Prepare Mixed) (G1 Preventive Collection)
[2026-03-27T19:25:44.254+0900][4.361s][info][gc,task     ] GC(125) Using 8 workers of 8 for evacuation
[2026-03-27T19:25:44.256+0900][4.363s][info][gc,phases   ] GC(125)   Pre Evacuate Collection Set: 0.2ms
[2026-03-27T19:25:44.256+0900][4.363s][info][gc,phases   ] GC(125)   Merge Heap Roots: 0.2ms
[2026-03-27T19:25:44.256+0900][4.363s][info][gc,phases   ] GC(125)   Evacuate Collection Set: 0.5ms
[2026-03-27T19:25:44.256+0900][4.363s][info][gc,phases   ] GC(125)   Post Evacuate Collection Set: 0.8ms
[2026-03-27T19:25:44.256+0900][4.363s][info][gc,phases   ] GC(125)   Other: 0.2ms
[2026-03-27T19:25:44.256+0900][4.363s][info][gc,heap     ] GC(125) Eden regions: 156->0(24)
[2026-03-27T19:25:44.256+0900][4.363s][info][gc,heap     ] GC(125) Survivor regions: 1->1(1)
[2026-03-27T19:25:44.256+0900][4.363s][info][gc,heap     ] GC(125) Old regions: 2->2
[2026-03-27T19:25:44.256+0900][4.363s][info][gc,heap     ] GC(125) Archive regions: 0->0
[2026-03-27T19:25:44.256+0900][4.363s][info][gc,heap     ] GC(125) Humongous regions: 352->352
[2026-03-27T19:25:44.256+0900][4.363s][info][gc,metaspace] GC(125) Metaspace: 285K(512K)->285K(512K) NonClass: 272K(384K)->272K(384K) Class: 12K(128K)->12K(128K)
[2026-03-27T19:25:44.256+0900][4.363s][info][gc          ] GC(125) Pause Young (Prepare Mixed) (G1 Preventive Collection) 508M->353M(512M) 2.671ms
[2026-03-27T19:25:44.256+0900][4.363s][info][gc,cpu      ] GC(125) User=0.00s Sys=0.00s Real=0.00s
[2026-03-27T19:25:44.298+0900][4.405s][info][gc,start    ] GC(126) Pause Young (Mixed) (G1 Evacuation Pause)
[2026-03-27T19:25:44.298+0900][4.405s][info][gc,task     ] GC(126) Using 8 workers of 8 for evacuation
[2026-03-27T19:25:44.301+0900][4.407s][info][gc,phases   ] GC(126)   Pre Evacuate Collection Set: 0.2ms
[2026-03-27T19:25:44.301+0900][4.408s][info][gc,phases   ] GC(126)   Merge Heap Roots: 0.2ms
[2026-03-27T19:25:44.301+0900][4.408s][info][gc,phases   ] GC(126)   Evacuate Collection Set: 1.2ms
[2026-03-27T19:25:44.301+0900][4.408s][info][gc,phases   ] GC(126)   Post Evacuate Collection Set: 0.7ms
[2026-03-27T19:25:44.301+0900][4.408s][info][gc,phases   ] GC(126)   Other: 0.2ms
[2026-03-27T19:25:44.301+0900][4.408s][info][gc,heap     ] GC(126) Eden regions: 24->0(83)
[2026-03-27T19:25:44.301+0900][4.408s][info][gc,heap     ] GC(126) Survivor regions: 1->1(4)
[2026-03-27T19:25:44.301+0900][4.408s][info][gc,heap     ] GC(126) Old regions: 2->1
[2026-03-27T19:25:44.301+0900][4.408s][info][gc,heap     ] GC(126) Archive regions: 0->0
[2026-03-27T19:25:44.301+0900][4.408s][info][gc,heap     ] GC(126) Humongous regions: 374->374
[2026-03-27T19:25:44.301+0900][4.408s][info][gc,metaspace] GC(126) Metaspace: 285K(512K)->285K(512K) NonClass: 272K(384K)->272K(384K) Class: 12K(128K)->12K(128K)
[2026-03-27T19:25:44.301+0900][4.408s][info][gc          ] GC(126) Pause Young (Mixed) (G1 Evacuation Pause) 398M->374M(512M) 3.356ms
[2026-03-27T19:25:44.301+0900][4.408s][info][gc,cpu      ] GC(126) User=0.03s Sys=0.09s Real=0.00s
[2026-03-27T19:25:44.303+0900][4.409s][info][gc,start    ] GC(127) Pause Young (Concurrent Start) (G1 Humongous Allocation)
[2026-03-27T19:25:44.303+0900][4.409s][info][gc,task     ] GC(127) Using 8 workers of 8 for evacuation
[2026-03-27T19:25:44.303+0900][4.410s][info][gc,phases   ] GC(127)   Pre Evacuate Collection Set: 0.1ms
[2026-03-27T19:25:44.303+0900][4.410s][info][gc,phases   ] GC(127)   Merge Heap Roots: 0.1ms
[2026-03-27T19:25:44.303+0900][4.410s][info][gc,phases   ] GC(127)   Evacuate Collection Set: 0.2ms
[2026-03-27T19:25:44.303+0900][4.410s][info][gc,phases   ] GC(127)   Post Evacuate Collection Set: 0.3ms
[2026-03-27T19:25:44.303+0900][4.411s][info][gc,phases   ] GC(127)   Other: 0.1ms
[2026-03-27T19:25:44.303+0900][4.411s][info][gc,heap     ] GC(127) Eden regions: 21->0(83)
[2026-03-27T19:25:44.303+0900][4.411s][info][gc,heap     ] GC(127) Survivor regions: 1->1(11)
[2026-03-27T19:25:44.303+0900][4.411s][info][gc,heap     ] GC(127) Old regions: 1->1
[2026-03-27T19:25:44.304+0900][4.411s][info][gc,heap     ] GC(127) Archive regions: 0->0
[2026-03-27T19:25:44.304+0900][4.411s][info][gc,heap     ] GC(127) Humongous regions: 374->374
[2026-03-27T19:25:44.304+0900][4.411s][info][gc,metaspace] GC(127) Metaspace: 285K(512K)->285K(512K) NonClass: 272K(384K)->272K(384K) Class: 12K(128K)->12K(128K)
[2026-03-27T19:25:44.304+0900][4.411s][info][gc          ] GC(127) Pause Young (Concurrent Start) (G1 Humongous Allocation) 395M->374M(512M) 1.292ms
[2026-03-27T19:25:44.304+0900][4.411s][info][gc,cpu      ] GC(127) User=0.00s Sys=0.00s Real=0.00s
[2026-03-27T19:25:44.304+0900][4.411s][info][gc          ] GC(128) Concurrent Mark Cycle
[2026-03-27T19:25:44.304+0900][4.411s][info][gc,marking  ] GC(128) Concurrent Clear Claimed Marks
[2026-03-27T19:25:44.304+0900][4.411s][info][gc,marking  ] GC(128) Concurrent Clear Claimed Marks 0.015ms
[2026-03-27T19:25:44.304+0900][4.411s][info][gc,marking  ] GC(128) Concurrent Scan Root Regions
[2026-03-27T19:25:44.304+0900][4.411s][info][gc,marking  ] GC(128) Concurrent Scan Root Regions 0.075ms
[2026-03-27T19:25:44.304+0900][4.411s][info][gc,marking  ] GC(128) Concurrent Mark
[2026-03-27T19:25:44.304+0900][4.411s][info][gc,marking  ] GC(128) Concurrent Mark From Roots
[2026-03-27T19:25:44.304+0900][4.411s][info][gc,task     ] GC(128) Using 2 workers of 2 for marking
[2026-03-27T19:25:44.304+0900][4.412s][info][gc,marking  ] GC(128) Concurrent Mark From Roots 0.740ms
[2026-03-27T19:25:44.305+0900][4.412s][info][gc,marking  ] GC(128) Concurrent Preclean
[2026-03-27T19:25:44.305+0900][4.412s][info][gc,marking  ] GC(128) Concurrent Preclean 0.016ms
[2026-03-27T19:25:44.305+0900][4.412s][info][gc,start    ] GC(128) Pause Remark
[2026-03-27T19:25:44.305+0900][4.412s][info][gc          ] GC(128) Pause Remark 397M->397M(512M) 0.447ms
[2026-03-27T19:25:44.305+0900][4.412s][info][gc,cpu      ] GC(128) User=0.00s Sys=0.00s Real=0.00s
[2026-03-27T19:25:44.305+0900][4.412s][info][gc,marking  ] GC(128) Concurrent Mark 1.406ms
[2026-03-27T19:25:44.305+0900][4.412s][info][gc,marking  ] GC(128) Concurrent Rebuild Remembered Sets
[2026-03-27T19:25:44.306+0900][4.413s][info][gc,marking  ] GC(128) Concurrent Rebuild Remembered Sets 0.500ms
[2026-03-27T19:25:44.306+0900][4.413s][info][gc,start    ] GC(128) Pause Cleanup
[2026-03-27T19:25:44.306+0900][4.413s][info][gc          ] GC(128) Pause Cleanup 397M->397M(512M) 0.166ms
[2026-03-27T19:25:44.306+0900][4.413s][info][gc,cpu      ] GC(128) User=0.00s Sys=0.00s Real=0.00s
[2026-03-27T19:25:44.306+0900][4.413s][info][gc,marking  ] GC(128) Concurrent Cleanup for Next Mark
[2026-03-27T19:25:44.306+0900][4.413s][info][gc,marking  ] GC(128) Concurrent Cleanup for Next Mark 0.219ms
[2026-03-27T19:25:44.306+0900][4.413s][info][gc          ] GC(128) Concurrent Mark Cycle 2.777ms
[2026-03-27T19:25:44.346+0900][4.452s][info][gc,start    ] GC(129) Pause Young (Concurrent Start) (G1 Humongous Allocation)
[2026-03-27T19:25:44.346+0900][4.453s][info][gc,task     ] GC(129) Using 8 workers of 8 for evacuation
[2026-03-27T19:25:44.348+0900][4.455s][info][gc,phases   ] GC(129)   Pre Evacuate Collection Set: 0.2ms
[2026-03-27T19:25:44.348+0900][4.455s][info][gc,phases   ] GC(129)   Merge Heap Roots: 0.3ms
[2026-03-27T19:25:44.348+0900][4.455s][info][gc,phases   ] GC(129)   Evacuate Collection Set: 0.3ms
[2026-03-27T19:25:44.348+0900][4.455s][info][gc,phases   ] GC(129)   Post Evacuate Collection Set: 0.9ms
[2026-03-27T19:25:44.349+0900][4.455s][info][gc,phases   ] GC(129)   Other: 0.4ms
[2026-03-27T19:25:44.349+0900][4.455s][info][gc,heap     ] GC(129) Eden regions: 34->0(61)
[2026-03-27T19:25:44.349+0900][4.455s][info][gc,heap     ] GC(129) Survivor regions: 1->1(11)
[2026-03-27T19:25:44.349+0900][4.455s][info][gc,heap     ] GC(129) Old regions: 1->1
[2026-03-27T19:25:44.349+0900][4.455s][info][gc,heap     ] GC(129) Archive regions: 0->0
[2026-03-27T19:25:44.349+0900][4.455s][info][gc,heap     ] GC(129) Humongous regions: 396->396
[2026-03-27T19:25:44.349+0900][4.455s][info][gc,metaspace] GC(129) Metaspace: 285K(512K)->285K(512K) NonClass: 272K(384K)->272K(384K) Class: 12K(128K)->12K(128K)
[2026-03-27T19:25:44.349+0900][4.455s][info][gc          ] GC(129) Pause Young (Concurrent Start) (G1 Humongous Allocation) 430M->396M(512M) 2.886ms
[2026-03-27T19:25:44.349+0900][4.455s][info][gc,cpu      ] GC(129) User=0.00s Sys=0.00s Real=0.00s
[2026-03-27T19:25:44.349+0900][4.455s][info][gc          ] GC(130) Concurrent Mark Cycle
[2026-03-27T19:25:44.349+0900][4.456s][info][gc,marking  ] GC(130) Concurrent Clear Claimed Marks
[2026-03-27T19:25:44.349+0900][4.456s][info][gc,marking  ] GC(130) Concurrent Clear Claimed Marks 0.042ms
[2026-03-27T19:25:44.349+0900][4.456s][info][gc,marking  ] GC(130) Concurrent Scan Root Regions
[2026-03-27T19:25:44.349+0900][4.456s][info][gc,marking  ] GC(130) Concurrent Scan Root Regions 0.198ms
[2026-03-27T19:25:44.349+0900][4.456s][info][gc,marking  ] GC(130) Concurrent Mark
[2026-03-27T19:25:44.349+0900][4.456s][info][gc,marking  ] GC(130) Concurrent Mark From Roots
[2026-03-27T19:25:44.349+0900][4.456s][info][gc,task     ] GC(130) Using 2 workers of 2 for marking
[2026-03-27T19:25:44.351+0900][4.458s][info][gc,marking  ] GC(130) Concurrent Mark From Roots 2.102ms
[2026-03-27T19:25:44.351+0900][4.458s][info][gc,marking  ] GC(130) Concurrent Preclean
[2026-03-27T19:25:44.351+0900][4.458s][info][gc,marking  ] GC(130) Concurrent Preclean 0.043ms
[2026-03-27T19:25:44.352+0900][4.458s][info][gc,start    ] GC(130) Pause Remark
[2026-03-27T19:25:44.353+0900][4.460s][info][gc          ] GC(130) Pause Remark 419M->419M(512M) 1.411ms
[2026-03-27T19:25:44.353+0900][4.460s][info][gc,cpu      ] GC(130) User=0.00s Sys=0.00s Real=0.00s
[2026-03-27T19:25:44.353+0900][4.460s][info][gc,marking  ] GC(130) Concurrent Mark 4.230ms
[2026-03-27T19:25:44.353+0900][4.460s][info][gc,marking  ] GC(130) Concurrent Rebuild Remembered Sets
[2026-03-27T19:25:44.354+0900][4.461s][info][gc,marking  ] GC(130) Concurrent Rebuild Remembered Sets 0.982ms
[2026-03-27T19:25:44.354+0900][4.461s][info][gc,start    ] GC(130) Pause Cleanup
[2026-03-27T19:25:44.354+0900][4.461s][info][gc          ] GC(130) Pause Cleanup 419M->419M(512M) 0.130ms
[2026-03-27T19:25:44.354+0900][4.461s][info][gc,cpu      ] GC(130) User=0.00s Sys=0.00s Real=0.00s
[2026-03-27T19:25:44.354+0900][4.462s][info][gc,marking  ] GC(130) Concurrent Cleanup for Next Mark
[2026-03-27T19:25:44.354+0900][4.462s][info][gc,marking  ] GC(130) Concurrent Cleanup for Next Mark 0.224ms
[2026-03-27T19:25:44.355+0900][4.462s][info][gc          ] GC(130) Concurrent Mark Cycle 6.399ms
[2026-03-27T19:25:44.393+0900][4.500s][info][gc,start    ] GC(131) Pause Young (Concurrent Start) (G1 Humongous Allocation)
[2026-03-27T19:25:44.393+0900][4.500s][info][gc,task     ] GC(131) Using 8 workers of 8 for evacuation
[2026-03-27T19:25:44.396+0900][4.502s][info][gc,phases   ] GC(131)   Pre Evacuate Collection Set: 0.3ms
[2026-03-27T19:25:44.396+0900][4.503s][info][gc,phases   ] GC(131)   Merge Heap Roots: 0.3ms
[2026-03-27T19:25:44.396+0900][4.503s][info][gc,phases   ] GC(131)   Evacuate Collection Set: 0.3ms
[2026-03-27T19:25:44.396+0900][4.503s][info][gc,phases   ] GC(131)   Post Evacuate Collection Set: 1.0ms
[2026-03-27T19:25:44.396+0900][4.503s][info][gc,phases   ] GC(131)   Other: 0.3ms
[2026-03-27T19:25:44.396+0900][4.503s][info][gc,heap     ] GC(131) Eden regions: 34->0(259)
[2026-03-27T19:25:44.396+0900][4.503s][info][gc,heap     ] GC(131) Survivor regions: 1->1(8)
[2026-03-27T19:25:44.396+0900][4.503s][info][gc,heap     ] GC(131) Old regions: 1->1
[2026-03-27T19:25:44.396+0900][4.503s][info][gc,heap     ] GC(131) Archive regions: 0->0
[2026-03-27T19:25:44.396+0900][4.503s][info][gc,heap     ] GC(131) Humongous regions: 418->198
[2026-03-27T19:25:44.396+0900][4.503s][info][gc,metaspace] GC(131) Metaspace: 285K(512K)->285K(512K) NonClass: 272K(384K)->272K(384K) Class: 12K(128K)->12K(128K)
[2026-03-27T19:25:44.396+0900][4.503s][info][gc          ] GC(131) Pause Young (Concurrent Start) (G1 Humongous Allocation) 452M->198M(512M) 2.910ms
[2026-03-27T19:25:44.396+0900][4.503s][info][gc,cpu      ] GC(131) User=0.02s Sys=0.00s Real=0.00s
[2026-03-27T19:25:44.396+0900][4.503s][info][gc          ] GC(132) Concurrent Undo Cycle
[2026-03-27T19:25:44.396+0900][4.503s][info][gc,marking  ] GC(132) Concurrent Cleanup for Next Mark
[2026-03-27T19:25:44.396+0900][4.503s][info][gc,marking  ] GC(132) Concurrent Cleanup for Next Mark 0.215ms
[2026-03-27T19:25:44.396+0900][4.504s][info][gc          ] GC(132) Concurrent Undo Cycle 0.566ms
[2026-03-27T19:25:44.441+0900][4.547s][info][gc,start    ] GC(133) Pause Young (Concurrent Start) (G1 Humongous Allocation)
[2026-03-27T19:25:44.441+0900][4.547s][info][gc,task     ] GC(133) Using 8 workers of 8 for evacuation
[2026-03-27T19:25:44.442+0900][4.550s][info][gc,phases   ] GC(133)   Pre Evacuate Collection Set: 0.3ms
[2026-03-27T19:25:44.442+0900][4.550s][info][gc,phases   ] GC(133)   Merge Heap Roots: 0.2ms
[2026-03-27T19:25:44.442+0900][4.550s][info][gc,phases   ] GC(133)   Evacuate Collection Set: 0.4ms
[2026-03-27T19:25:44.442+0900][4.550s][info][gc,phases   ] GC(133)   Post Evacuate Collection Set: 0.9ms
[2026-03-27T19:25:44.442+0900][4.550s][info][gc,phases   ] GC(133)   Other: 0.4ms
[2026-03-27T19:25:44.442+0900][4.550s][info][gc,heap     ] GC(133) Eden regions: 34->0(228)
[2026-03-27T19:25:44.442+0900][4.550s][info][gc,heap     ] GC(133) Survivor regions: 1->1(33)
[2026-03-27T19:25:44.442+0900][4.550s][info][gc,heap     ] GC(133) Old regions: 1->1
[2026-03-27T19:25:44.442+0900][4.550s][info][gc,heap     ] GC(133) Archive regions: 0->0
[2026-03-27T19:25:44.442+0900][4.550s][info][gc,heap     ] GC(133) Humongous regions: 229->229
[2026-03-27T19:25:44.442+0900][4.550s][info][gc,metaspace] GC(133) Metaspace: 285K(512K)->285K(512K) NonClass: 272K(384K)->272K(384K) Class: 12K(128K)->12K(128K)
[2026-03-27T19:25:44.442+0900][4.550s][info][gc          ] GC(133) Pause Young (Concurrent Start) (G1 Humongous Allocation) 263M->229M(512M) 2.954ms
[2026-03-27T19:25:44.444+0900][4.550s][info][gc,cpu      ] GC(133) User=0.00s Sys=0.00s Real=0.00s
[2026-03-27T19:25:44.444+0900][4.550s][info][gc          ] GC(134) Concurrent Undo Cycle
[2026-03-27T19:25:44.444+0900][4.551s][info][gc,marking  ] GC(134) Concurrent Cleanup for Next Mark
[2026-03-27T19:25:44.444+0900][4.551s][info][gc,marking  ] GC(134) Concurrent Cleanup for Next Mark 0.245ms
[2026-03-27T19:25:44.444+0900][4.551s][info][gc          ] GC(134) Concurrent Undo Cycle 0.713ms
[2026-03-27T19:25:44.444+0900][4.551s][info][gc,start    ] GC(135) Pause Young (Concurrent Start) (G1 Humongous Allocation)
[2026-03-27T19:25:44.444+0900][4.551s][info][gc,task     ] GC(135) Using 8 workers of 8 for evacuation
[2026-03-27T19:25:44.445+0900][4.553s][info][gc,phases   ] GC(135)   Pre Evacuate Collection Set: 0.3ms
[2026-03-27T19:25:44.445+0900][4.553s][info][gc,phases   ] GC(135)   Merge Heap Roots: 0.2ms
[2026-03-27T19:25:44.445+0900][4.553s][info][gc,phases   ] GC(135)   Evacuate Collection Set: 0.3ms
[2026-03-27T19:25:44.445+0900][4.553s][info][gc,phases   ] GC(135)   Post Evacuate Collection Set: 0.6ms
[2026-03-27T19:25:44.445+0900][4.553s][info][gc,phases   ] GC(135)   Other: 0.3ms
[2026-03-27T19:25:44.447+0900][4.553s][info][gc,heap     ] GC(135) Eden regions: 1->0(219)
[2026-03-27T19:25:44.447+0900][4.553s][info][gc,heap     ] GC(135) Survivor regions: 1->1(29)
[2026-03-27T19:25:44.447+0900][4.553s][info][gc,heap     ] GC(135) Old regions: 1->1
[2026-03-27T19:25:44.447+0900][4.553s][info][gc,heap     ] GC(135) Archive regions: 0->0
[2026-03-27T19:25:44.447+0900][4.554s][info][gc,heap     ] GC(135) Humongous regions: 238->238
[2026-03-27T19:25:44.447+0900][4.554s][info][gc,metaspace] GC(135) Metaspace: 285K(512K)->285K(512K) NonClass: 272K(384K)->272K(384K) Class: 12K(128K)->12K(128K)
[2026-03-27T19:25:44.447+0900][4.554s][info][gc          ] GC(135) Pause Young (Concurrent Start) (G1 Humongous Allocation) 239M->238M(512M) 2.486ms
[2026-03-27T19:25:44.447+0900][4.554s][info][gc,cpu      ] GC(135) User=0.00s Sys=0.00s Real=0.00s
[2026-03-27T19:25:44.447+0900][4.554s][info][gc          ] GC(136) Concurrent Mark Cycle
[2026-03-27T19:25:44.447+0900][4.554s][info][gc,marking  ] GC(136) Concurrent Clear Claimed Marks
[2026-03-27T19:25:44.447+0900][4.554s][info][gc,marking  ] GC(136) Concurrent Clear Claimed Marks 0.044ms
[2026-03-27T19:25:44.447+0900][4.554s][info][gc,marking  ] GC(136) Concurrent Scan Root Regions
[2026-03-27T19:25:44.447+0900][4.554s][info][gc,marking  ] GC(136) Concurrent Scan Root Regions 0.096ms
[2026-03-27T19:25:44.447+0900][4.554s][info][gc,marking  ] GC(136) Concurrent Mark
[2026-03-27T19:25:44.447+0900][4.554s][info][gc,marking  ] GC(136) Concurrent Mark From Roots
[2026-03-27T19:25:44.447+0900][4.554s][info][gc,task     ] GC(136) Using 2 workers of 2 for marking
[2026-03-27T19:25:44.448+0900][4.555s][info][gc,marking  ] GC(136) Concurrent Mark From Roots 0.815ms
[2026-03-27T19:25:44.448+0900][4.555s][info][gc,marking  ] GC(136) Concurrent Preclean
[2026-03-27T19:25:44.448+0900][4.555s][info][gc,marking  ] GC(136) Concurrent Preclean 0.016ms
[2026-03-27T19:25:44.448+0900][4.555s][info][gc,start    ] GC(136) Pause Remark
[2026-03-27T19:25:44.449+0900][4.556s][info][gc          ] GC(136) Pause Remark 243M->243M(512M) 0.751ms
[2026-03-27T19:25:44.449+0900][4.556s][info][gc,cpu      ] GC(136) User=0.00s Sys=0.00s Real=0.00s
[2026-03-27T19:25:44.449+0900][4.556s][info][gc,marking  ] GC(136) Concurrent Mark 1.960ms
[2026-03-27T19:25:44.449+0900][4.556s][info][gc,marking  ] GC(136) Concurrent Rebuild Remembered Sets
[2026-03-27T19:25:44.451+0900][4.557s][info][gc,marking  ] GC(136) Concurrent Rebuild Remembered Sets 1.220ms
[2026-03-27T19:25:44.451+0900][4.558s][info][gc,start    ] GC(136) Pause Cleanup
[2026-03-27T19:25:44.451+0900][4.558s][info][gc          ] GC(136) Pause Cleanup 243M->243M(512M) 0.166ms
[2026-03-27T19:25:44.451+0900][4.558s][info][gc,cpu      ] GC(136) User=0.00s Sys=0.00s Real=0.00s
[2026-03-27T19:25:44.451+0900][4.558s][info][gc,marking  ] GC(136) Concurrent Cleanup for Next Mark
[2026-03-27T19:25:44.451+0900][4.558s][info][gc,marking  ] GC(136) Concurrent Cleanup for Next Mark 0.306ms
[2026-03-27T19:25:44.451+0900][4.558s][info][gc          ] GC(136) Concurrent Mark Cycle 4.502ms
[2026-03-27T19:25:44.487+0900][4.594s][info][gc,start    ] GC(137) Pause Young (Concurrent Start) (G1 Humongous Allocation)
[2026-03-27T19:25:44.487+0900][4.594s][info][gc,task     ] GC(137) Using 8 workers of 8 for evacuation
[2026-03-27T19:25:44.489+0900][4.596s][info][gc,phases   ] GC(137)   Pre Evacuate Collection Set: 0.3ms
[2026-03-27T19:25:44.489+0900][4.596s][info][gc,phases   ] GC(137)   Merge Heap Roots: 0.2ms
[2026-03-27T19:25:44.489+0900][4.596s][info][gc,phases   ] GC(137)   Evacuate Collection Set: 0.3ms
[2026-03-27T19:25:44.489+0900][4.596s][info][gc,phases   ] GC(137)   Post Evacuate Collection Set: 0.8ms
[2026-03-27T19:25:44.489+0900][4.596s][info][gc,phases   ] GC(137)   Other: 0.3ms
[2026-03-27T19:25:44.489+0900][4.596s][info][gc,heap     ] GC(137) Eden regions: 34->0(215)
[2026-03-27T19:25:44.489+0900][4.596s][info][gc,heap     ] GC(137) Survivor regions: 1->1(28)
[2026-03-27T19:25:44.489+0900][4.596s][info][gc,heap     ] GC(137) Old regions: 1->1
[2026-03-27T19:25:44.489+0900][4.596s][info][gc,heap     ] GC(137) Archive regions: 0->0
[2026-03-27T19:25:44.489+0900][4.596s][info][gc,heap     ] GC(137) Humongous regions: 242->242
[2026-03-27T19:25:44.489+0900][4.596s][info][gc,metaspace] GC(137) Metaspace: 285K(512K)->285K(512K) NonClass: 272K(384K)->272K(384K) Class: 12K(128K)->12K(128K)
[2026-03-27T19:25:44.489+0900][4.596s][info][gc          ] GC(137) Pause Young (Concurrent Start) (G1 Humongous Allocation) 276M->242M(512M) 2.884ms
[2026-03-27T19:25:44.489+0900][4.597s][info][gc,cpu      ] GC(137) User=0.00s Sys=0.06s Real=0.00s
[2026-03-27T19:25:44.490+0900][4.597s][info][gc          ] GC(138) Concurrent Mark Cycle
[2026-03-27T19:25:44.490+0900][4.597s][info][gc,marking  ] GC(138) Concurrent Clear Claimed Marks
[2026-03-27T19:25:44.490+0900][4.597s][info][gc,marking  ] GC(138) Concurrent Clear Claimed Marks 0.068ms
[2026-03-27T19:25:44.490+0900][4.597s][info][gc,marking  ] GC(138) Concurrent Scan Root Regions
[2026-03-27T19:25:44.490+0900][4.597s][info][gc,marking  ] GC(138) Concurrent Scan Root Regions 0.186ms
[2026-03-27T19:25:44.490+0900][4.597s][info][gc,marking  ] GC(138) Concurrent Mark
[2026-03-27T19:25:44.490+0900][4.597s][info][gc,marking  ] GC(138) Concurrent Mark From Roots
[2026-03-27T19:25:44.490+0900][4.597s][info][gc,task     ] GC(138) Using 2 workers of 2 for marking
[2026-03-27T19:25:44.492+0900][4.599s][info][gc,marking  ] GC(138) Concurrent Mark From Roots 1.988ms
[2026-03-27T19:25:44.492+0900][4.599s][info][gc,marking  ] GC(138) Concurrent Preclean
[2026-03-27T19:25:44.492+0900][4.599s][info][gc,marking  ] GC(138) Concurrent Preclean 0.065ms
[2026-03-27T19:25:44.493+0900][4.600s][info][gc,start    ] GC(138) Pause Remark
[2026-03-27T19:25:44.493+0900][4.601s][info][gc          ] GC(138) Pause Remark 265M->265M(512M) 0.789ms
[2026-03-27T19:25:44.493+0900][4.601s][info][gc,cpu      ] GC(138) User=0.00s Sys=0.00s Real=0.00s
[2026-03-27T19:25:44.493+0900][4.601s][info][gc,marking  ] GC(138) Concurrent Mark 3.420ms
[2026-03-27T19:25:44.493+0900][4.601s][info][gc,marking  ] GC(138) Concurrent Rebuild Remembered Sets
[2026-03-27T19:25:44.495+0900][4.602s][info][gc,marking  ] GC(138) Concurrent Rebuild Remembered Sets 1.249ms
[2026-03-27T19:25:44.496+0900][4.602s][info][gc,start    ] GC(138) Pause Cleanup
[2026-03-27T19:25:44.496+0900][4.602s][info][gc          ] GC(138) Pause Cleanup 265M->265M(512M) 0.177ms
[2026-03-27T19:25:44.496+0900][4.602s][info][gc,cpu      ] GC(138) User=0.00s Sys=0.00s Real=0.00s
[2026-03-27T19:25:44.496+0900][4.603s][info][gc,marking  ] GC(138) Concurrent Cleanup for Next Mark
[2026-03-27T19:25:44.496+0900][4.603s][info][gc,marking  ] GC(138) Concurrent Cleanup for Next Mark 0.245ms
[2026-03-27T19:25:44.496+0900][4.603s][info][gc          ] GC(138) Concurrent Mark Cycle 6.172ms
[2026-03-27T19:25:44.532+0900][4.638s][info][gc,start    ] GC(139) Pause Young (Concurrent Start) (G1 Humongous Allocation)
[2026-03-27T19:25:44.532+0900][4.638s][info][gc,task     ] GC(139) Using 8 workers of 8 for evacuation
[2026-03-27T19:25:44.532+0900][4.639s][info][gc,phases   ] GC(139)   Pre Evacuate Collection Set: 0.1ms
[2026-03-27T19:25:44.532+0900][4.639s][info][gc,phases   ] GC(139)   Merge Heap Roots: 0.1ms
[2026-03-27T19:25:44.532+0900][4.639s][info][gc,phases   ] GC(139)   Evacuate Collection Set: 0.1ms
[2026-03-27T19:25:44.532+0900][4.639s][info][gc,phases   ] GC(139)   Post Evacuate Collection Set: 0.2ms
[2026-03-27T19:25:44.532+0900][4.639s][info][gc,phases   ] GC(139)   Other: 0.1ms
[2026-03-27T19:25:44.532+0900][4.639s][info][gc,heap     ] GC(139) Eden regions: 34->0(193)
[2026-03-27T19:25:44.532+0900][4.639s][info][gc,heap     ] GC(139) Survivor regions: 1->1(27)
[2026-03-27T19:25:44.532+0900][4.639s][info][gc,heap     ] GC(139) Old regions: 1->1
[2026-03-27T19:25:44.532+0900][4.639s][info][gc,heap     ] GC(139) Archive regions: 0->0
[2026-03-27T19:25:44.532+0900][4.639s][info][gc,heap     ] GC(139) Humongous regions: 264->264
[2026-03-27T19:25:44.532+0900][4.639s][info][gc,metaspace] GC(139) Metaspace: 285K(512K)->285K(512K) NonClass: 272K(384K)->272K(384K) Class: 12K(128K)->12K(128K)
[2026-03-27T19:25:44.532+0900][4.639s][info][gc          ] GC(139) Pause Young (Concurrent Start) (G1 Humongous Allocation) 298M->264M(512M) 0.931ms
[2026-03-27T19:25:44.532+0900][4.639s][info][gc,cpu      ] GC(139) User=0.00s Sys=0.00s Real=0.00s
[2026-03-27T19:25:44.533+0900][4.639s][info][gc          ] GC(140) Concurrent Mark Cycle
[2026-03-27T19:25:44.533+0900][4.639s][info][gc,marking  ] GC(140) Concurrent Clear Claimed Marks
[2026-03-27T19:25:44.533+0900][4.639s][info][gc,marking  ] GC(140) Concurrent Clear Claimed Marks 0.023ms
[2026-03-27T19:25:44.533+0900][4.639s][info][gc,marking  ] GC(140) Concurrent Scan Root Regions
[2026-03-27T19:25:44.533+0900][4.639s][info][gc,marking  ] GC(140) Concurrent Scan Root Regions 0.067ms
[2026-03-27T19:25:44.533+0900][4.639s][info][gc,marking  ] GC(140) Concurrent Mark
[2026-03-27T19:25:44.533+0900][4.639s][info][gc,marking  ] GC(140) Concurrent Mark From Roots
[2026-03-27T19:25:44.533+0900][4.639s][info][gc,task     ] GC(140) Using 2 workers of 2 for marking
[2026-03-27T19:25:44.533+0900][4.640s][info][gc,marking  ] GC(140) Concurrent Mark From Roots 0.782ms
[2026-03-27T19:25:44.533+0900][4.640s][info][gc,marking  ] GC(140) Concurrent Preclean
[2026-03-27T19:25:44.533+0900][4.640s][info][gc,marking  ] GC(140) Concurrent Preclean 0.024ms
[2026-03-27T19:25:44.533+0900][4.640s][info][gc,start    ] GC(140) Pause Remark
[2026-03-27T19:25:44.533+0900][4.640s][info][gc          ] GC(140) Pause Remark 287M->287M(512M) 0.267ms
[2026-03-27T19:25:44.533+0900][4.640s][info][gc,cpu      ] GC(140) User=0.00s Sys=0.00s Real=0.00s
[2026-03-27T19:25:44.533+0900][4.641s][info][gc,marking  ] GC(140) Concurrent Mark 1.301ms
[2026-03-27T19:25:44.534+0900][4.641s][info][gc,marking  ] GC(140) Concurrent Rebuild Remembered Sets
[2026-03-27T19:25:44.534+0900][4.641s][info][gc,marking  ] GC(140) Concurrent Rebuild Remembered Sets 0.474ms
[2026-03-27T19:25:44.534+0900][4.641s][info][gc,start    ] GC(140) Pause Cleanup
[2026-03-27T19:25:44.534+0900][4.641s][info][gc          ] GC(140) Pause Cleanup 287M->287M(512M) 0.103ms
[2026-03-27T19:25:44.534+0900][4.641s][info][gc,cpu      ] GC(140) User=0.00s Sys=0.00s Real=0.00s
[2026-03-27T19:25:44.534+0900][4.641s][info][gc,marking  ] GC(140) Concurrent Cleanup for Next Mark
[2026-03-27T19:25:44.535+0900][4.642s][info][gc,marking  ] GC(140) Concurrent Cleanup for Next Mark 0.346ms
[2026-03-27T19:25:44.535+0900][4.642s][info][gc          ] GC(140) Concurrent Mark Cycle 2.674ms
[2026-03-27T19:25:44.577+0900][4.684s][info][gc,start    ] GC(141) Pause Young (Concurrent Start) (G1 Humongous Allocation)
[2026-03-27T19:25:44.577+0900][4.684s][info][gc,task     ] GC(141) Using 8 workers of 8 for evacuation
[2026-03-27T19:25:44.577+0900][4.684s][info][gc,phases   ] GC(141)   Pre Evacuate Collection Set: 0.1ms
[2026-03-27T19:25:44.577+0900][4.684s][info][gc,phases   ] GC(141)   Merge Heap Roots: 0.1ms
[2026-03-27T19:25:44.577+0900][4.684s][info][gc,phases   ] GC(141)   Evacuate Collection Set: 0.1ms
[2026-03-27T19:25:44.577+0900][4.684s][info][gc,phases   ] GC(141)   Post Evacuate Collection Set: 0.1ms
[2026-03-27T19:25:44.577+0900][4.685s][info][gc,phases   ] GC(141)   Other: 0.1ms
[2026-03-27T19:25:44.577+0900][4.685s][info][gc,heap     ] GC(141) Eden regions: 34->0(171)
[2026-03-27T19:25:44.577+0900][4.685s][info][gc,heap     ] GC(141) Survivor regions: 1->1(25)
[2026-03-27T19:25:44.577+0900][4.685s][info][gc,heap     ] GC(141) Old regions: 1->1
[2026-03-27T19:25:44.577+0900][4.685s][info][gc,heap     ] GC(141) Archive regions: 0->0
[2026-03-27T19:25:44.577+0900][4.685s][info][gc,heap     ] GC(141) Humongous regions: 286->286
[2026-03-27T19:25:44.577+0900][4.685s][info][gc,metaspace] GC(141) Metaspace: 285K(512K)->285K(512K) NonClass: 272K(384K)->272K(384K) Class: 12K(128K)->12K(128K)
[2026-03-27T19:25:44.577+0900][4.685s][info][gc          ] GC(141) Pause Young (Concurrent Start) (G1 Humongous Allocation) 320M->286M(512M) 0.703ms
[2026-03-27T19:25:44.577+0900][4.685s][info][gc,cpu      ] GC(141) User=0.00s Sys=0.00s Real=0.00s
[2026-03-27T19:25:44.577+0900][4.685s][info][gc          ] GC(142) Concurrent Mark Cycle
[2026-03-27T19:25:44.577+0900][4.685s][info][gc,marking  ] GC(142) Concurrent Clear Claimed Marks
[2026-03-27T19:25:44.577+0900][4.685s][info][gc,marking  ] GC(142) Concurrent Clear Claimed Marks 0.014ms
[2026-03-27T19:25:44.577+0900][4.685s][info][gc,marking  ] GC(142) Concurrent Scan Root Regions
[2026-03-27T19:25:44.577+0900][4.685s][info][gc,marking  ] GC(142) Concurrent Scan Root Regions 0.066ms
[2026-03-27T19:25:44.577+0900][4.685s][info][gc,marking  ] GC(142) Concurrent Mark
[2026-03-27T19:25:44.577+0900][4.685s][info][gc,marking  ] GC(142) Concurrent Mark From Roots
[2026-03-27T19:25:44.577+0900][4.685s][info][gc,task     ] GC(142) Using 2 workers of 2 for marking
[2026-03-27T19:25:44.579+0900][4.686s][info][gc,marking  ] GC(142) Concurrent Mark From Roots 0.830ms
[2026-03-27T19:25:44.579+0900][4.686s][info][gc,marking  ] GC(142) Concurrent Preclean
[2026-03-27T19:25:44.579+0900][4.686s][info][gc,marking  ] GC(142) Concurrent Preclean 0.017ms
[2026-03-27T19:25:44.579+0900][4.686s][info][gc,start    ] GC(142) Pause Remark
[2026-03-27T19:25:44.580+0900][4.686s][info][gc          ] GC(142) Pause Remark 309M->309M(512M) 0.303ms
[2026-03-27T19:25:44.580+0900][4.686s][info][gc,cpu      ] GC(142) User=0.00s Sys=0.00s Real=0.00s
[2026-03-27T19:25:44.580+0900][4.686s][info][gc,marking  ] GC(142) Concurrent Mark 1.393ms
[2026-03-27T19:25:44.580+0900][4.686s][info][gc,marking  ] GC(142) Concurrent Rebuild Remembered Sets
[2026-03-27T19:25:44.580+0900][4.687s][info][gc,marking  ] GC(142) Concurrent Rebuild Remembered Sets 0.501ms
[2026-03-27T19:25:44.581+0900][4.687s][info][gc,start    ] GC(142) Pause Cleanup
[2026-03-27T19:25:44.581+0900][4.687s][info][gc          ] GC(142) Pause Cleanup 309M->309M(512M) 0.060ms
[2026-03-27T19:25:44.581+0900][4.687s][info][gc,cpu      ] GC(142) User=0.00s Sys=0.00s Real=0.00s
[2026-03-27T19:25:44.581+0900][4.687s][info][gc,marking  ] GC(142) Concurrent Cleanup for Next Mark
[2026-03-27T19:25:44.581+0900][4.687s][info][gc,marking  ] GC(142) Concurrent Cleanup for Next Mark 0.206ms
[2026-03-27T19:25:44.581+0900][4.687s][info][gc          ] GC(142) Concurrent Mark Cycle 2.594ms
[2026-03-27T19:25:44.624+0900][4.731s][info][gc,start    ] GC(143) Pause Young (Concurrent Start) (G1 Humongous Allocation)
[2026-03-27T19:25:44.624+0900][4.731s][info][gc,task     ] GC(143) Using 8 workers of 8 for evacuation
[2026-03-27T19:25:44.624+0900][4.732s][info][gc,phases   ] GC(143)   Pre Evacuate Collection Set: 0.1ms
[2026-03-27T19:25:44.624+0900][4.732s][info][gc,phases   ] GC(143)   Merge Heap Roots: 0.1ms
[2026-03-27T19:25:44.624+0900][4.732s][info][gc,phases   ] GC(143)   Evacuate Collection Set: 0.1ms
[2026-03-27T19:25:44.624+0900][4.732s][info][gc,phases   ] GC(143)   Post Evacuate Collection Set: 0.2ms
[2026-03-27T19:25:44.624+0900][4.732s][info][gc,phases   ] GC(143)   Other: 0.1ms
[2026-03-27T19:25:44.624+0900][4.732s][info][gc,heap     ] GC(143) Eden regions: 34->0(149)
[2026-03-27T19:25:44.624+0900][4.732s][info][gc,heap     ] GC(143) Survivor regions: 1->1(22)
[2026-03-27T19:25:44.624+0900][4.732s][info][gc,heap     ] GC(143) Old regions: 1->1
[2026-03-27T19:25:44.624+0900][4.732s][info][gc,heap     ] GC(143) Archive regions: 0->0
[2026-03-27T19:25:44.624+0900][4.732s][info][gc,heap     ] GC(143) Humongous regions: 308->308
[2026-03-27T19:25:44.624+0900][4.732s][info][gc,metaspace] GC(143) Metaspace: 285K(512K)->285K(512K) NonClass: 272K(384K)->272K(384K) Class: 12K(128K)->12K(128K)
[2026-03-27T19:25:44.624+0900][4.732s][info][gc          ] GC(143) Pause Young (Concurrent Start) (G1 Humongous Allocation) 342M->308M(512M) 0.799ms
[2026-03-27T19:25:44.624+0900][4.732s][info][gc,cpu      ] GC(143) User=0.00s Sys=0.00s Real=0.00s
[2026-03-27T19:25:44.624+0900][4.732s][info][gc          ] GC(144) Concurrent Mark Cycle
[2026-03-27T19:25:44.624+0900][4.732s][info][gc,marking  ] GC(144) Concurrent Clear Claimed Marks
[2026-03-27T19:25:44.624+0900][4.732s][info][gc,marking  ] GC(144) Concurrent Clear Claimed Marks 0.012ms
[2026-03-27T19:25:44.624+0900][4.732s][info][gc,marking  ] GC(144) Concurrent Scan Root Regions
[2026-03-27T19:25:44.626+0900][4.732s][info][gc,marking  ] GC(144) Concurrent Scan Root Regions 0.067ms
[2026-03-27T19:25:44.626+0900][4.732s][info][gc,marking  ] GC(144) Concurrent Mark
[2026-03-27T19:25:44.626+0900][4.732s][info][gc,marking  ] GC(144) Concurrent Mark From Roots
[2026-03-27T19:25:44.626+0900][4.732s][info][gc,task     ] GC(144) Using 2 workers of 2 for marking
[2026-03-27T19:25:44.626+0900][4.733s][info][gc,marking  ] GC(144) Concurrent Mark From Roots 0.785ms
[2026-03-27T19:25:44.626+0900][4.733s][info][gc,marking  ] GC(144) Concurrent Preclean
[2026-03-27T19:25:44.626+0900][4.733s][info][gc,marking  ] GC(144) Concurrent Preclean 0.016ms
[2026-03-27T19:25:44.627+0900][4.733s][info][gc,start    ] GC(144) Pause Remark
[2026-03-27T19:25:44.627+0900][4.733s][info][gc          ] GC(144) Pause Remark 331M->331M(512M) 0.258ms
[2026-03-27T19:25:44.627+0900][4.733s][info][gc,cpu      ] GC(144) User=0.00s Sys=0.00s Real=0.00s
[2026-03-27T19:25:44.627+0900][4.733s][info][gc,marking  ] GC(144) Concurrent Mark 1.271ms
[2026-03-27T19:25:44.627+0900][4.733s][info][gc,marking  ] GC(144) Concurrent Rebuild Remembered Sets
[2026-03-27T19:25:44.627+0900][4.734s][info][gc,marking  ] GC(144) Concurrent Rebuild Remembered Sets 0.420ms
[2026-03-27T19:25:44.627+0900][4.734s][info][gc,start    ] GC(144) Pause Cleanup
[2026-03-27T19:25:44.627+0900][4.734s][info][gc          ] GC(144) Pause Cleanup 331M->331M(512M) 0.069ms
[2026-03-27T19:25:44.627+0900][4.734s][info][gc,cpu      ] GC(144) User=0.00s Sys=0.00s Real=0.00s
[2026-03-27T19:25:44.628+0900][4.734s][info][gc,marking  ] GC(144) Concurrent Cleanup for Next Mark
[2026-03-27T19:25:44.628+0900][4.734s][info][gc,marking  ] GC(144) Concurrent Cleanup for Next Mark 0.186ms
[2026-03-27T19:25:44.628+0900][4.734s][info][gc          ] GC(144) Concurrent Mark Cycle 2.325ms
[2026-03-27T19:25:44.671+0900][4.778s][info][gc,start    ] GC(145) Pause Young (Concurrent Start) (G1 Humongous Allocation)
[2026-03-27T19:25:44.671+0900][4.778s][info][gc,task     ] GC(145) Using 8 workers of 8 for evacuation
[2026-03-27T19:25:44.671+0900][4.778s][info][gc,phases   ] GC(145)   Pre Evacuate Collection Set: 0.1ms
[2026-03-27T19:25:44.671+0900][4.778s][info][gc,phases   ] GC(145)   Merge Heap Roots: 0.1ms
[2026-03-27T19:25:44.671+0900][4.778s][info][gc,phases   ] GC(145)   Evacuate Collection Set: 0.1ms
[2026-03-27T19:25:44.671+0900][4.779s][info][gc,phases   ] GC(145)   Post Evacuate Collection Set: 0.1ms
[2026-03-27T19:25:44.671+0900][4.779s][info][gc,phases   ] GC(145)   Other: 0.1ms
[2026-03-27T19:25:44.671+0900][4.779s][info][gc,heap     ] GC(145) Eden regions: 34->0(127)
[2026-03-27T19:25:44.671+0900][4.779s][info][gc,heap     ] GC(145) Survivor regions: 1->1(19)
[2026-03-27T19:25:44.671+0900][4.779s][info][gc,heap     ] GC(145) Old regions: 1->1
[2026-03-27T19:25:44.671+0900][4.779s][info][gc,heap     ] GC(145) Archive regions: 0->0
[2026-03-27T19:25:44.671+0900][4.779s][info][gc,heap     ] GC(145) Humongous regions: 330->330
[2026-03-27T19:25:44.671+0900][4.779s][info][gc,metaspace] GC(145) Metaspace: 285K(512K)->285K(512K) NonClass: 272K(384K)->272K(384K) Class: 12K(128K)->12K(128K)
[2026-03-27T19:25:44.671+0900][4.779s][info][gc          ] GC(145) Pause Young (Concurrent Start) (G1 Humongous Allocation) 364M->330M(512M) 0.719ms
[2026-03-27T19:25:44.671+0900][4.779s][info][gc,cpu      ] GC(145) User=0.00s Sys=0.00s Real=0.00s
[2026-03-27T19:25:44.671+0900][4.779s][info][gc          ] GC(146) Concurrent Mark Cycle
[2026-03-27T19:25:44.671+0900][4.779s][info][gc,marking  ] GC(146) Concurrent Clear Claimed Marks
[2026-03-27T19:25:44.671+0900][4.779s][info][gc,marking  ] GC(146) Concurrent Clear Claimed Marks 0.013ms
[2026-03-27T19:25:44.671+0900][4.779s][info][gc,marking  ] GC(146) Concurrent Scan Root Regions
[2026-03-27T19:25:44.671+0900][4.779s][info][gc,marking  ] GC(146) Concurrent Scan Root Regions 0.072ms
[2026-03-27T19:25:44.672+0900][4.779s][info][gc,marking  ] GC(146) Concurrent Mark
[2026-03-27T19:25:44.672+0900][4.779s][info][gc,marking  ] GC(146) Concurrent Mark From Roots
[2026-03-27T19:25:44.672+0900][4.779s][info][gc,task     ] GC(146) Using 2 workers of 2 for marking
[2026-03-27T19:25:44.673+0900][4.780s][info][gc,marking  ] GC(146) Concurrent Mark From Roots 1.035ms
[2026-03-27T19:25:44.673+0900][4.780s][info][gc,marking  ] GC(146) Concurrent Preclean
[2026-03-27T19:25:44.673+0900][4.780s][info][gc,marking  ] GC(146) Concurrent Preclean 0.023ms
[2026-03-27T19:25:44.673+0900][4.780s][info][gc,start    ] GC(146) Pause Remark
[2026-03-27T19:25:44.673+0900][4.780s][info][gc          ] GC(146) Pause Remark 353M->353M(512M) 0.261ms
[2026-03-27T19:25:44.673+0900][4.780s][info][gc,cpu      ] GC(146) User=0.00s Sys=0.00s Real=0.00s
[2026-03-27T19:25:44.673+0900][4.780s][info][gc,marking  ] GC(146) Concurrent Mark 1.540ms
[2026-03-27T19:25:44.673+0900][4.780s][info][gc,marking  ] GC(146) Concurrent Rebuild Remembered Sets
[2026-03-27T19:25:44.674+0900][4.781s][info][gc,marking  ] GC(146) Concurrent Rebuild Remembered Sets 0.466ms
[2026-03-27T19:25:44.674+0900][4.781s][info][gc,start    ] GC(146) Pause Cleanup
[2026-03-27T19:25:44.674+0900][4.781s][info][gc          ] GC(146) Pause Cleanup 353M->353M(512M) 0.068ms
[2026-03-27T19:25:44.674+0900][4.781s][info][gc,cpu      ] GC(146) User=0.00s Sys=0.00s Real=0.00s
[2026-03-27T19:25:44.674+0900][4.781s][info][gc,marking  ] GC(146) Concurrent Cleanup for Next Mark
[2026-03-27T19:25:44.674+0900][4.781s][info][gc,marking  ] GC(146) Concurrent Cleanup for Next Mark 0.196ms
[2026-03-27T19:25:44.674+0900][4.781s][info][gc          ] GC(146) Concurrent Mark Cycle 2.705ms
[2026-03-27T19:25:44.718+0900][4.825s][info][gc,start    ] GC(147) Pause Young (Concurrent Start) (G1 Humongous Allocation)
[2026-03-27T19:25:44.718+0900][4.825s][info][gc,task     ] GC(147) Using 8 workers of 8 for evacuation
[2026-03-27T19:25:44.718+0900][4.825s][info][gc,phases   ] GC(147)   Pre Evacuate Collection Set: 0.1ms
[2026-03-27T19:25:44.718+0900][4.825s][info][gc,phases   ] GC(147)   Merge Heap Roots: 0.1ms
[2026-03-27T19:25:44.718+0900][4.825s][info][gc,phases   ] GC(147)   Evacuate Collection Set: 0.1ms
[2026-03-27T19:25:44.718+0900][4.825s][info][gc,phases   ] GC(147)   Post Evacuate Collection Set: 0.1ms
[2026-03-27T19:25:44.718+0900][4.825s][info][gc,phases   ] GC(147)   Other: 0.1ms
[2026-03-27T19:25:44.718+0900][4.825s][info][gc,heap     ] GC(147) Eden regions: 34->0(105)
[2026-03-27T19:25:44.718+0900][4.825s][info][gc,heap     ] GC(147) Survivor regions: 1->1(16)
[2026-03-27T19:25:44.718+0900][4.825s][info][gc,heap     ] GC(147) Old regions: 1->1
[2026-03-27T19:25:44.718+0900][4.825s][info][gc,heap     ] GC(147) Archive regions: 0->0
[2026-03-27T19:25:44.718+0900][4.825s][info][gc,heap     ] GC(147) Humongous regions: 352->352
[2026-03-27T19:25:44.718+0900][4.825s][info][gc,metaspace] GC(147) Metaspace: 285K(512K)->285K(512K) NonClass: 272K(384K)->272K(384K) Class: 12K(128K)->12K(128K)
[2026-03-27T19:25:44.718+0900][4.825s][info][gc          ] GC(147) Pause Young (Concurrent Start) (G1 Humongous Allocation) 386M->352M(512M) 0.704ms
[2026-03-27T19:25:44.718+0900][4.825s][info][gc,cpu      ] GC(147) User=0.00s Sys=0.00s Real=0.00s
[2026-03-27T19:25:44.718+0900][4.825s][info][gc          ] GC(148) Concurrent Mark Cycle
[2026-03-27T19:25:44.718+0900][4.825s][info][gc,marking  ] GC(148) Concurrent Clear Claimed Marks
[2026-03-27T19:25:44.718+0900][4.825s][info][gc,marking  ] GC(148) Concurrent Clear Claimed Marks 0.011ms
[2026-03-27T19:25:44.718+0900][4.825s][info][gc,marking  ] GC(148) Concurrent Scan Root Regions
[2026-03-27T19:25:44.718+0900][4.825s][info][gc,marking  ] GC(148) Concurrent Scan Root Regions 0.068ms
[2026-03-27T19:25:44.718+0900][4.825s][info][gc,marking  ] GC(148) Concurrent Mark
[2026-03-27T19:25:44.718+0900][4.825s][info][gc,marking  ] GC(148) Concurrent Mark From Roots
[2026-03-27T19:25:44.718+0900][4.825s][info][gc,task     ] GC(148) Using 2 workers of 2 for marking
[2026-03-27T19:25:44.719+0900][4.826s][info][gc,marking  ] GC(148) Concurrent Mark From Roots 0.828ms
[2026-03-27T19:25:44.719+0900][4.826s][info][gc,marking  ] GC(148) Concurrent Preclean
[2026-03-27T19:25:44.719+0900][4.826s][info][gc,marking  ] GC(148) Concurrent Preclean 0.015ms
[2026-03-27T19:25:44.719+0900][4.826s][info][gc,start    ] GC(148) Pause Remark
[2026-03-27T19:25:44.720+0900][4.827s][info][gc          ] GC(148) Pause Remark 375M->375M(512M) 0.286ms
[2026-03-27T19:25:44.720+0900][4.827s][info][gc,cpu      ] GC(148) User=0.00s Sys=0.00s Real=0.00s
[2026-03-27T19:25:44.720+0900][4.827s][info][gc,marking  ] GC(148) Concurrent Mark 1.329ms
[2026-03-27T19:25:44.720+0900][4.827s][info][gc,marking  ] GC(148) Concurrent Rebuild Remembered Sets
[2026-03-27T19:25:44.720+0900][4.827s][info][gc,marking  ] GC(148) Concurrent Rebuild Remembered Sets 0.418ms
[2026-03-27T19:25:44.720+0900][4.827s][info][gc,start    ] GC(148) Pause Cleanup
[2026-03-27T19:25:44.720+0900][4.827s][info][gc          ] GC(148) Pause Cleanup 375M->375M(512M) 0.088ms
[2026-03-27T19:25:44.720+0900][4.827s][info][gc,cpu      ] GC(148) User=0.00s Sys=0.00s Real=0.00s
[2026-03-27T19:25:44.720+0900][4.827s][info][gc,marking  ] GC(148) Concurrent Cleanup for Next Mark
[2026-03-27T19:25:44.720+0900][4.828s][info][gc,marking  ] GC(148) Concurrent Cleanup for Next Mark 0.217ms
[2026-03-27T19:25:44.720+0900][4.828s][info][gc          ] GC(148) Concurrent Mark Cycle 2.374ms
[2026-03-27T19:25:44.766+0900][4.872s][info][gc,start    ] GC(149) Pause Young (Concurrent Start) (G1 Humongous Allocation)
[2026-03-27T19:25:44.766+0900][4.872s][info][gc,task     ] GC(149) Using 8 workers of 8 for evacuation
[2026-03-27T19:25:44.766+0900][4.873s][info][gc,phases   ] GC(149)   Pre Evacuate Collection Set: 0.1ms
[2026-03-27T19:25:44.766+0900][4.873s][info][gc,phases   ] GC(149)   Merge Heap Roots: 0.1ms
[2026-03-27T19:25:44.766+0900][4.873s][info][gc,phases   ] GC(149)   Evacuate Collection Set: 0.1ms
[2026-03-27T19:25:44.766+0900][4.873s][info][gc,phases   ] GC(149)   Post Evacuate Collection Set: 0.1ms
[2026-03-27T19:25:44.766+0900][4.873s][info][gc,phases   ] GC(149)   Other: 0.1ms
[2026-03-27T19:25:44.766+0900][4.873s][info][gc,heap     ] GC(149) Eden regions: 34->0(83)
[2026-03-27T19:25:44.766+0900][4.873s][info][gc,heap     ] GC(149) Survivor regions: 1->1(14)
[2026-03-27T19:25:44.766+0900][4.873s][info][gc,heap     ] GC(149) Old regions: 1->1
[2026-03-27T19:25:44.766+0900][4.873s][info][gc,heap     ] GC(149) Archive regions: 0->0
[2026-03-27T19:25:44.766+0900][4.873s][info][gc,heap     ] GC(149) Humongous regions: 374->374
[2026-03-27T19:25:44.766+0900][4.873s][info][gc,metaspace] GC(149) Metaspace: 285K(512K)->285K(512K) NonClass: 272K(384K)->272K(384K) Class: 12K(128K)->12K(128K)
[2026-03-27T19:25:44.766+0900][4.873s][info][gc          ] GC(149) Pause Young (Concurrent Start) (G1 Humongous Allocation) 408M->374M(512M) 0.689ms
[2026-03-27T19:25:44.766+0900][4.873s][info][gc,cpu      ] GC(149) User=0.00s Sys=0.00s Real=0.00s
[2026-03-27T19:25:44.766+0900][4.873s][info][gc          ] GC(150) Concurrent Mark Cycle
[2026-03-27T19:25:44.766+0900][4.873s][info][gc,marking  ] GC(150) Concurrent Clear Claimed Marks
[2026-03-27T19:25:44.766+0900][4.873s][info][gc,marking  ] GC(150) Concurrent Clear Claimed Marks 0.013ms
[2026-03-27T19:25:44.766+0900][4.873s][info][gc,marking  ] GC(150) Concurrent Scan Root Regions
[2026-03-27T19:25:44.767+0900][4.873s][info][gc,marking  ] GC(150) Concurrent Scan Root Regions 0.135ms
[2026-03-27T19:25:44.767+0900][4.873s][info][gc,marking  ] GC(150) Concurrent Mark
[2026-03-27T19:25:44.767+0900][4.873s][info][gc,marking  ] GC(150) Concurrent Mark From Roots
[2026-03-27T19:25:44.767+0900][4.873s][info][gc,task     ] GC(150) Using 2 workers of 2 for marking
[2026-03-27T19:25:44.767+0900][4.874s][info][gc,marking  ] GC(150) Concurrent Mark From Roots 0.843ms
[2026-03-27T19:25:44.767+0900][4.874s][info][gc,marking  ] GC(150) Concurrent Preclean
[2026-03-27T19:25:44.767+0900][4.874s][info][gc,marking  ] GC(150) Concurrent Preclean 0.015ms
[2026-03-27T19:25:44.768+0900][4.874s][info][gc,start    ] GC(150) Pause Remark
[2026-03-27T19:25:44.768+0900][4.874s][info][gc          ] GC(150) Pause Remark 397M->397M(512M) 0.320ms
[2026-03-27T19:25:44.768+0900][4.874s][info][gc,cpu      ] GC(150) User=0.00s Sys=0.00s Real=0.00s
[2026-03-27T19:25:44.768+0900][4.874s][info][gc,marking  ] GC(150) Concurrent Mark 1.339ms
[2026-03-27T19:25:44.768+0900][4.874s][info][gc,marking  ] GC(150) Concurrent Rebuild Remembered Sets
[2026-03-27T19:25:44.768+0900][4.875s][info][gc,marking  ] GC(150) Concurrent Rebuild Remembered Sets 0.452ms
[2026-03-27T19:25:44.768+0900][4.875s][info][gc,start    ] GC(150) Pause Cleanup
[2026-03-27T19:25:44.769+0900][4.875s][info][gc          ] GC(150) Pause Cleanup 397M->397M(512M) 0.082ms
[2026-03-27T19:25:44.769+0900][4.875s][info][gc,cpu      ] GC(150) User=0.00s Sys=0.00s Real=0.00s
[2026-03-27T19:25:44.769+0900][4.875s][info][gc,marking  ] GC(150) Concurrent Cleanup for Next Mark
[2026-03-27T19:25:44.769+0900][4.875s][info][gc,marking  ] GC(150) Concurrent Cleanup for Next Mark 0.187ms
[2026-03-27T19:25:44.769+0900][4.875s][info][gc          ] GC(150) Concurrent Mark Cycle 2.483ms
[2026-03-27T19:25:44.812+0900][4.918s][info][gc,start    ] GC(151) Pause Young (Concurrent Start) (G1 Humongous Allocation)
[2026-03-27T19:25:44.812+0900][4.918s][info][gc,task     ] GC(151) Using 8 workers of 8 for evacuation
[2026-03-27T19:25:44.812+0900][4.919s][info][gc,phases   ] GC(151)   Pre Evacuate Collection Set: 0.1ms
[2026-03-27T19:25:44.812+0900][4.919s][info][gc,phases   ] GC(151)   Merge Heap Roots: 0.1ms
[2026-03-27T19:25:44.812+0900][4.919s][info][gc,phases   ] GC(151)   Evacuate Collection Set: 0.1ms
[2026-03-27T19:25:44.812+0900][4.919s][info][gc,phases   ] GC(151)   Post Evacuate Collection Set: 0.1ms
[2026-03-27T19:25:44.812+0900][4.919s][info][gc,phases   ] GC(151)   Other: 0.1ms
[2026-03-27T19:25:44.812+0900][4.919s][info][gc,heap     ] GC(151) Eden regions: 34->0(61)
[2026-03-27T19:25:44.812+0900][4.919s][info][gc,heap     ] GC(151) Survivor regions: 1->1(11)
[2026-03-27T19:25:44.812+0900][4.919s][info][gc,heap     ] GC(151) Old regions: 1->1
[2026-03-27T19:25:44.812+0900][4.919s][info][gc,heap     ] GC(151) Archive regions: 0->0
[2026-03-27T19:25:44.812+0900][4.919s][info][gc,heap     ] GC(151) Humongous regions: 396->396
[2026-03-27T19:25:44.812+0900][4.919s][info][gc,metaspace] GC(151) Metaspace: 285K(512K)->285K(512K) NonClass: 272K(384K)->272K(384K) Class: 12K(128K)->12K(128K)
[2026-03-27T19:25:44.812+0900][4.919s][info][gc          ] GC(151) Pause Young (Concurrent Start) (G1 Humongous Allocation) 430M->396M(512M) 0.713ms
[2026-03-27T19:25:44.812+0900][4.919s][info][gc,cpu      ] GC(151) User=0.00s Sys=0.00s Real=0.00s
[2026-03-27T19:25:44.812+0900][4.919s][info][gc          ] GC(152) Concurrent Mark Cycle
[2026-03-27T19:25:44.812+0900][4.919s][info][gc,marking  ] GC(152) Concurrent Clear Claimed Marks
[2026-03-27T19:25:44.812+0900][4.919s][info][gc,marking  ] GC(152) Concurrent Clear Claimed Marks 0.012ms
[2026-03-27T19:25:44.812+0900][4.919s][info][gc,marking  ] GC(152) Concurrent Scan Root Regions
[2026-03-27T19:25:44.813+0900][4.919s][info][gc,marking  ] GC(152) Concurrent Scan Root Regions 0.119ms
[2026-03-27T19:25:44.813+0900][4.919s][info][gc,marking  ] GC(152) Concurrent Mark
[2026-03-27T19:25:44.813+0900][4.919s][info][gc,marking  ] GC(152) Concurrent Mark From Roots
[2026-03-27T19:25:44.813+0900][4.919s][info][gc,task     ] GC(152) Using 2 workers of 2 for marking
[2026-03-27T19:25:44.813+0900][4.920s][info][gc,marking  ] GC(152) Concurrent Mark From Roots 0.893ms
[2026-03-27T19:25:44.813+0900][4.920s][info][gc,marking  ] GC(152) Concurrent Preclean
[2026-03-27T19:25:44.813+0900][4.920s][info][gc,marking  ] GC(152) Concurrent Preclean 0.014ms
[2026-03-27T19:25:44.813+0900][4.920s][info][gc,start    ] GC(152) Pause Remark
[2026-03-27T19:25:44.813+0900][4.921s][info][gc          ] GC(152) Pause Remark 419M->419M(512M) 0.267ms
[2026-03-27T19:25:44.813+0900][4.921s][info][gc,cpu      ] GC(152) User=0.00s Sys=0.00s Real=0.00s
[2026-03-27T19:25:44.813+0900][4.921s][info][gc,marking  ] GC(152) Concurrent Mark 1.340ms
[2026-03-27T19:25:44.813+0900][4.921s][info][gc,marking  ] GC(152) Concurrent Rebuild Remembered Sets
[2026-03-27T19:25:44.814+0900][4.921s][info][gc,marking  ] GC(152) Concurrent Rebuild Remembered Sets 0.436ms
[2026-03-27T19:25:44.814+0900][4.921s][info][gc,start    ] GC(152) Pause Cleanup
[2026-03-27T19:25:44.814+0900][4.921s][info][gc          ] GC(152) Pause Cleanup 419M->419M(512M) 0.178ms
[2026-03-27T19:25:44.814+0900][4.922s][info][gc,cpu      ] GC(152) User=0.00s Sys=0.00s Real=0.00s
[2026-03-27T19:25:44.814+0900][4.922s][info][gc,marking  ] GC(152) Concurrent Cleanup for Next Mark
[2026-03-27T19:25:44.815+0900][4.922s][info][gc,marking  ] GC(152) Concurrent Cleanup for Next Mark 0.187ms
[2026-03-27T19:25:44.815+0900][4.922s][info][gc          ] GC(152) Concurrent Mark Cycle 2.649ms
[2026-03-27T19:25:44.859+0900][4.965s][info][gc,start    ] GC(153) Pause Young (Concurrent Start) (G1 Humongous Allocation)
[2026-03-27T19:25:44.859+0900][4.966s][info][gc,task     ] GC(153) Using 8 workers of 8 for evacuation
[2026-03-27T19:25:44.859+0900][4.966s][info][gc,phases   ] GC(153)   Pre Evacuate Collection Set: 0.1ms
[2026-03-27T19:25:44.859+0900][4.966s][info][gc,phases   ] GC(153)   Merge Heap Roots: 0.1ms
[2026-03-27T19:25:44.859+0900][4.966s][info][gc,phases   ] GC(153)   Evacuate Collection Set: 0.1ms
[2026-03-27T19:25:44.859+0900][4.966s][info][gc,phases   ] GC(153)   Post Evacuate Collection Set: 0.1ms
[2026-03-27T19:25:44.859+0900][4.966s][info][gc,phases   ] GC(153)   Other: 0.1ms
[2026-03-27T19:25:44.859+0900][4.966s][info][gc,heap     ] GC(153) Eden regions: 34->0(39)
[2026-03-27T19:25:44.859+0900][4.966s][info][gc,heap     ] GC(153) Survivor regions: 1->1(8)
[2026-03-27T19:25:44.859+0900][4.966s][info][gc,heap     ] GC(153) Old regions: 1->1
[2026-03-27T19:25:44.859+0900][4.966s][info][gc,heap     ] GC(153) Archive regions: 0->0
[2026-03-27T19:25:44.859+0900][4.966s][info][gc,heap     ] GC(153) Humongous regions: 418->418
[2026-03-27T19:25:44.859+0900][4.966s][info][gc,metaspace] GC(153) Metaspace: 285K(512K)->285K(512K) NonClass: 272K(384K)->272K(384K) Class: 12K(128K)->12K(128K)
[2026-03-27T19:25:44.859+0900][4.966s][info][gc          ] GC(153) Pause Young (Concurrent Start) (G1 Humongous Allocation) 452M->418M(512M) 0.726ms
[2026-03-27T19:25:44.859+0900][4.966s][info][gc,cpu      ] GC(153) User=0.00s Sys=0.00s Real=0.00s
[2026-03-27T19:25:44.859+0900][4.966s][info][gc          ] GC(154) Concurrent Mark Cycle
[2026-03-27T19:25:44.859+0900][4.966s][info][gc,marking  ] GC(154) Concurrent Clear Claimed Marks
[2026-03-27T19:25:44.859+0900][4.966s][info][gc,marking  ] GC(154) Concurrent Clear Claimed Marks 0.015ms
[2026-03-27T19:25:44.859+0900][4.966s][info][gc,marking  ] GC(154) Concurrent Scan Root Regions
[2026-03-27T19:25:44.859+0900][4.966s][info][gc,marking  ] GC(154) Concurrent Scan Root Regions 0.093ms
[2026-03-27T19:25:44.860+0900][4.966s][info][gc,marking  ] GC(154) Concurrent Mark
[2026-03-27T19:25:44.860+0900][4.966s][info][gc,marking  ] GC(154) Concurrent Mark From Roots
[2026-03-27T19:25:44.860+0900][4.966s][info][gc,task     ] GC(154) Using 2 workers of 2 for marking
[2026-03-27T19:25:44.861+0900][4.968s][info][gc,marking  ] GC(154) Concurrent Mark From Roots 1.152ms
[2026-03-27T19:25:44.861+0900][4.968s][info][gc,marking  ] GC(154) Concurrent Preclean
[2026-03-27T19:25:44.861+0900][4.968s][info][gc,marking  ] GC(154) Concurrent Preclean 0.022ms
[2026-03-27T19:25:44.861+0900][4.968s][info][gc,start    ] GC(154) Pause Remark
[2026-03-27T19:25:44.861+0900][4.968s][info][gc          ] GC(154) Pause Remark 441M->441M(512M) 0.318ms
[2026-03-27T19:25:44.861+0900][4.968s][info][gc,cpu      ] GC(154) User=0.00s Sys=0.00s Real=0.00s
[2026-03-27T19:25:44.861+0900][4.968s][info][gc,marking  ] GC(154) Concurrent Mark 1.716ms
[2026-03-27T19:25:44.861+0900][4.968s][info][gc,marking  ] GC(154) Concurrent Rebuild Remembered Sets
[2026-03-27T19:25:44.862+0900][4.969s][info][gc,marking  ] GC(154) Concurrent Rebuild Remembered Sets 0.531ms
[2026-03-27T19:25:44.862+0900][4.969s][info][gc,start    ] GC(154) Pause Cleanup
[2026-03-27T19:25:44.862+0900][4.969s][info][gc          ] GC(154) Pause Cleanup 441M->441M(512M) 0.071ms
[2026-03-27T19:25:44.862+0900][4.969s][info][gc,cpu      ] GC(154) User=0.00s Sys=0.00s Real=0.00s
[2026-03-27T19:25:44.862+0900][4.969s][info][gc,marking  ] GC(154) Concurrent Cleanup for Next Mark
[2026-03-27T19:25:44.862+0900][4.969s][info][gc,marking  ] GC(154) Concurrent Cleanup for Next Mark 0.190ms
[2026-03-27T19:25:44.862+0900][4.969s][info][gc          ] GC(154) Concurrent Mark Cycle 2.933ms
[2026-03-27T19:25:44.906+0900][5.013s][info][gc,start    ] GC(155) Pause Young (Concurrent Start) (G1 Humongous Allocation)
[2026-03-27T19:25:44.906+0900][5.013s][info][gc,task     ] GC(155) Using 8 workers of 8 for evacuation
[2026-03-27T19:25:44.906+0900][5.014s][info][gc,phases   ] GC(155)   Pre Evacuate Collection Set: 0.1ms
[2026-03-27T19:25:44.907+0900][5.014s][info][gc,phases   ] GC(155)   Merge Heap Roots: 0.1ms
[2026-03-27T19:25:44.907+0900][5.014s][info][gc,phases   ] GC(155)   Evacuate Collection Set: 0.2ms
[2026-03-27T19:25:44.907+0900][5.014s][info][gc,phases   ] GC(155)   Post Evacuate Collection Set: 0.3ms
[2026-03-27T19:25:44.907+0900][5.014s][info][gc,phases   ] GC(155)   Other: 0.1ms
[2026-03-27T19:25:44.907+0900][5.014s][info][gc,heap     ] GC(155) Eden regions: 34->0(237)
[2026-03-27T19:25:44.907+0900][5.014s][info][gc,heap     ] GC(155) Survivor regions: 1->1(5)
[2026-03-27T19:25:44.907+0900][5.014s][info][gc,heap     ] GC(155) Old regions: 1->1
[2026-03-27T19:25:44.907+0900][5.014s][info][gc,heap     ] GC(155) Archive regions: 0->0
[2026-03-27T19:25:44.907+0900][5.014s][info][gc,heap     ] GC(155) Humongous regions: 440->220
[2026-03-27T19:25:44.907+0900][5.014s][info][gc,metaspace] GC(155) Metaspace: 285K(512K)->285K(512K) NonClass: 272K(384K)->272K(384K) Class: 12K(128K)->12K(128K)
[2026-03-27T19:25:44.907+0900][5.014s][info][gc          ] GC(155) Pause Young (Concurrent Start) (G1 Humongous Allocation) 474M->220M(512M) 1.088ms
[2026-03-27T19:25:44.907+0900][5.014s][info][gc,cpu      ] GC(155) User=0.00s Sys=0.00s Real=0.00s
[2026-03-27T19:25:44.907+0900][5.014s][info][gc          ] GC(156) Concurrent Undo Cycle
[2026-03-27T19:25:44.907+0900][5.014s][info][gc,marking  ] GC(156) Concurrent Cleanup for Next Mark
[2026-03-27T19:25:44.907+0900][5.014s][info][gc,marking  ] GC(156) Concurrent Cleanup for Next Mark 0.059ms
[2026-03-27T19:25:44.907+0900][5.014s][info][gc          ] GC(156) Concurrent Undo Cycle 0.163ms
[2026-03-27T19:25:44.907+0900][5.014s][info][gc,start    ] GC(157) Pause Young (Concurrent Start) (G1 Humongous Allocation)
[2026-03-27T19:25:44.907+0900][5.014s][info][gc,task     ] GC(157) Using 8 workers of 8 for evacuation
[2026-03-27T19:25:44.907+0900][5.015s][info][gc,phases   ] GC(157)   Pre Evacuate Collection Set: 0.0ms
[2026-03-27T19:25:44.907+0900][5.015s][info][gc,phases   ] GC(157)   Merge Heap Roots: 0.0ms
[2026-03-27T19:25:44.907+0900][5.015s][info][gc,phases   ] GC(157)   Evacuate Collection Set: 0.1ms
[2026-03-27T19:25:44.907+0900][5.015s][info][gc,phases   ] GC(157)   Post Evacuate Collection Set: 0.1ms
[2026-03-27T19:25:44.907+0900][5.015s][info][gc,phases   ] GC(157)   Other: 0.0ms
[2026-03-27T19:25:44.907+0900][5.015s][info][gc,heap     ] GC(157) Eden regions: 1->0(228)
[2026-03-27T19:25:44.907+0900][5.015s][info][gc,heap     ] GC(157) Survivor regions: 1->1(30)
[2026-03-27T19:25:44.908+0900][5.015s][info][gc,heap     ] GC(157) Old regions: 1->1
[2026-03-27T19:25:44.908+0900][5.015s][info][gc,heap     ] GC(157) Archive regions: 0->0
[2026-03-27T19:25:44.908+0900][5.015s][info][gc,heap     ] GC(157) Humongous regions: 229->229
[2026-03-27T19:25:44.908+0900][5.015s][info][gc,metaspace] GC(157) Metaspace: 285K(512K)->285K(512K) NonClass: 272K(384K)->272K(384K) Class: 12K(128K)->12K(128K)
[2026-03-27T19:25:44.908+0900][5.015s][info][gc          ] GC(157) Pause Young (Concurrent Start) (G1 Humongous Allocation) 230M->229M(512M) 0.535ms
[2026-03-27T19:25:44.908+0900][5.015s][info][gc,cpu      ] GC(157) User=0.00s Sys=0.00s Real=0.00s
[2026-03-27T19:25:44.908+0900][5.015s][info][gc          ] GC(158) Concurrent Undo Cycle
[2026-03-27T19:25:44.908+0900][5.015s][info][gc,marking  ] GC(158) Concurrent Cleanup for Next Mark
[2026-03-27T19:25:44.908+0900][5.015s][info][gc,marking  ] GC(158) Concurrent Cleanup for Next Mark 0.044ms
[2026-03-27T19:25:44.908+0900][5.015s][info][gc          ] GC(158) Concurrent Undo Cycle 0.142ms
[2026-03-27T19:25:44.908+0900][5.015s][info][gc,start    ] GC(159) Pause Young (Concurrent Start) (G1 Humongous Allocation)
[2026-03-27T19:25:44.908+0900][5.015s][info][gc,task     ] GC(159) Using 8 workers of 8 for evacuation
[2026-03-27T19:25:44.908+0900][5.015s][info][gc,phases   ] GC(159)   Pre Evacuate Collection Set: 0.1ms
[2026-03-27T19:25:44.908+0900][5.015s][info][gc,phases   ] GC(159)   Merge Heap Roots: 0.0ms
[2026-03-27T19:25:44.908+0900][5.015s][info][gc,phases   ] GC(159)   Evacuate Collection Set: 0.1ms
[2026-03-27T19:25:44.908+0900][5.015s][info][gc,phases   ] GC(159)   Post Evacuate Collection Set: 0.1ms
[2026-03-27T19:25:44.908+0900][5.015s][info][gc,phases   ] GC(159)   Other: 0.1ms
[2026-03-27T19:25:44.908+0900][5.015s][info][gc,heap     ] GC(159) Eden regions: 1->0(225)
[2026-03-27T19:25:44.908+0900][5.015s][info][gc,heap     ] GC(159) Survivor regions: 1->1(29)
[2026-03-27T19:25:44.908+0900][5.015s][info][gc,heap     ] GC(159) Old regions: 1->1
[2026-03-27T19:25:44.908+0900][5.015s][info][gc,heap     ] GC(159) Archive regions: 0->0
[2026-03-27T19:25:44.908+0900][5.015s][info][gc,heap     ] GC(159) Humongous regions: 232->232
[2026-03-27T19:25:44.908+0900][5.015s][info][gc,metaspace] GC(159) Metaspace: 285K(512K)->285K(512K) NonClass: 272K(384K)->272K(384K) Class: 12K(128K)->12K(128K)
[2026-03-27T19:25:44.908+0900][5.015s][info][gc          ] GC(159) Pause Young (Concurrent Start) (G1 Humongous Allocation) 233M->232M(512M) 0.569ms
[2026-03-27T19:25:44.908+0900][5.015s][info][gc,cpu      ] GC(159) User=0.00s Sys=0.00s Real=0.00s
[2026-03-27T19:25:44.908+0900][5.015s][info][gc          ] GC(160) Concurrent Mark Cycle
[2026-03-27T19:25:44.908+0900][5.016s][info][gc,marking  ] GC(160) Concurrent Clear Claimed Marks
[2026-03-27T19:25:44.908+0900][5.016s][info][gc,marking  ] GC(160) Concurrent Clear Claimed Marks 0.015ms
[2026-03-27T19:25:44.908+0900][5.016s][info][gc,marking  ] GC(160) Concurrent Scan Root Regions
[2026-03-27T19:25:44.908+0900][5.016s][info][gc,marking  ] GC(160) Concurrent Scan Root Regions 0.044ms
[2026-03-27T19:25:44.909+0900][5.016s][info][gc,marking  ] GC(160) Concurrent Mark
[2026-03-27T19:25:44.909+0900][5.016s][info][gc,marking  ] GC(160) Concurrent Mark From Roots
[2026-03-27T19:25:44.909+0900][5.016s][info][gc,task     ] GC(160) Using 2 workers of 2 for marking
[2026-03-27T19:25:44.909+0900][5.016s][info][gc,marking  ] GC(160) Concurrent Mark From Roots 0.808ms
[2026-03-27T19:25:44.909+0900][5.016s][info][gc,marking  ] GC(160) Concurrent Preclean
[2026-03-27T19:25:44.909+0900][5.017s][info][gc,marking  ] GC(160) Concurrent Preclean 0.015ms
[2026-03-27T19:25:44.909+0900][5.017s][info][gc,start    ] GC(160) Pause Remark
[2026-03-27T19:25:44.910+0900][5.017s][info][gc          ] GC(160) Pause Remark 243M->243M(512M) 0.247ms
[2026-03-27T19:25:44.910+0900][5.017s][info][gc,cpu      ] GC(160) User=0.00s Sys=0.00s Real=0.00s
[2026-03-27T19:25:44.910+0900][5.017s][info][gc,marking  ] GC(160) Concurrent Mark 1.252ms
[2026-03-27T19:25:44.910+0900][5.017s][info][gc,marking  ] GC(160) Concurrent Rebuild Remembered Sets
[2026-03-27T19:25:44.910+0900][5.017s][info][gc,marking  ] GC(160) Concurrent Rebuild Remembered Sets 0.511ms
[2026-03-27T19:25:44.910+0900][5.018s][info][gc,start    ] GC(160) Pause Cleanup
[2026-03-27T19:25:44.910+0900][5.018s][info][gc          ] GC(160) Pause Cleanup 243M->243M(512M) 0.071ms
[2026-03-27T19:25:44.911+0900][5.018s][info][gc,cpu      ] GC(160) User=0.00s Sys=0.00s Real=0.00s
[2026-03-27T19:25:44.911+0900][5.018s][info][gc,marking  ] GC(160) Concurrent Cleanup for Next Mark
[2026-03-27T19:25:44.911+0900][5.018s][info][gc,marking  ] GC(160) Concurrent Cleanup for Next Mark 0.187ms
[2026-03-27T19:25:44.911+0900][5.018s][info][gc          ] GC(160) Concurrent Mark Cycle 2.374ms
[2026-03-27T19:25:44.956+0900][5.062s][info][gc,start    ] GC(161) Pause Young (Concurrent Start) (G1 Humongous Allocation)
[2026-03-27T19:25:44.956+0900][5.062s][info][gc,task     ] GC(161) Using 8 workers of 8 for evacuation
[2026-03-27T19:25:44.957+0900][5.064s][info][gc,phases   ] GC(161)   Pre Evacuate Collection Set: 0.3ms
[2026-03-27T19:25:44.958+0900][5.065s][info][gc,phases   ] GC(161)   Merge Heap Roots: 0.2ms
[2026-03-27T19:25:44.958+0900][5.065s][info][gc,phases   ] GC(161)   Evacuate Collection Set: 0.3ms
[2026-03-27T19:25:44.958+0900][5.065s][info][gc,phases   ] GC(161)   Post Evacuate Collection Set: 0.9ms
[2026-03-27T19:25:44.958+0900][5.065s][info][gc,phases   ] GC(161)   Other: 0.3ms
[2026-03-27T19:25:44.958+0900][5.065s][info][gc,heap     ] GC(161) Eden regions: 34->0(215)
[2026-03-27T19:25:44.958+0900][5.065s][info][gc,heap     ] GC(161) Survivor regions: 1->1(29)
[2026-03-27T19:25:44.958+0900][5.065s][info][gc,heap     ] GC(161) Old regions: 1->1
[2026-03-27T19:25:44.958+0900][5.065s][info][gc,heap     ] GC(161) Archive regions: 0->0
[2026-03-27T19:25:44.958+0900][5.065s][info][gc,heap     ] GC(161) Humongous regions: 242->242
[2026-03-27T19:25:44.958+0900][5.065s][info][gc,metaspace] GC(161) Metaspace: 285K(512K)->285K(512K) NonClass: 272K(384K)->272K(384K) Class: 12K(128K)->12K(128K)
[2026-03-27T19:25:44.958+0900][5.065s][info][gc          ] GC(161) Pause Young (Concurrent Start) (G1 Humongous Allocation) 276M->242M(512M) 2.930ms
[2026-03-27T19:25:44.958+0900][5.065s][info][gc,cpu      ] GC(161) User=0.00s Sys=0.00s Real=0.00s
[2026-03-27T19:25:44.958+0900][5.065s][info][gc          ] GC(162) Concurrent Mark Cycle
[2026-03-27T19:25:44.958+0900][5.065s][info][gc,marking  ] GC(162) Concurrent Clear Claimed Marks
[2026-03-27T19:25:44.958+0900][5.065s][info][gc,marking  ] GC(162) Concurrent Clear Claimed Marks 0.017ms
[2026-03-27T19:25:44.958+0900][5.065s][info][gc,marking  ] GC(162) Concurrent Scan Root Regions
[2026-03-27T19:25:44.958+0900][5.065s][info][gc,marking  ] GC(162) Concurrent Scan Root Regions 0.063ms
[2026-03-27T19:25:44.958+0900][5.065s][info][gc,marking  ] GC(162) Concurrent Mark
[2026-03-27T19:25:44.958+0900][5.066s][info][gc,marking  ] GC(162) Concurrent Mark From Roots
[2026-03-27T19:25:44.959+0900][5.066s][info][gc,task     ] GC(162) Using 2 workers of 2 for marking
[2026-03-27T19:25:44.960+0900][5.066s][info][gc,marking  ] GC(162) Concurrent Mark From Roots 0.774ms
[2026-03-27T19:25:44.960+0900][5.066s][info][gc,marking  ] GC(162) Concurrent Preclean
[2026-03-27T19:25:44.960+0900][5.066s][info][gc,marking  ] GC(162) Concurrent Preclean 0.017ms
[2026-03-27T19:25:44.960+0900][5.067s][info][gc,start    ] GC(162) Pause Remark
[2026-03-27T19:25:44.961+0900][5.067s][info][gc          ] GC(162) Pause Remark 265M->265M(512M) 0.560ms
[2026-03-27T19:25:44.961+0900][5.067s][info][gc,cpu      ] GC(162) User=0.00s Sys=0.00s Real=0.00s
[2026-03-27T19:25:44.961+0900][5.067s][info][gc,marking  ] GC(162) Concurrent Mark 1.655ms
[2026-03-27T19:25:44.961+0900][5.067s][info][gc,marking  ] GC(162) Concurrent Rebuild Remembered Sets
[2026-03-27T19:25:44.962+0900][5.068s][info][gc,marking  ] GC(162) Concurrent Rebuild Remembered Sets 0.982ms
[2026-03-27T19:25:44.962+0900][5.068s][info][gc,start    ] GC(162) Pause Cleanup
[2026-03-27T19:25:44.962+0900][5.068s][info][gc          ] GC(162) Pause Cleanup 265M->265M(512M) 0.068ms
[2026-03-27T19:25:44.962+0900][5.068s][info][gc,cpu      ] GC(162) User=0.00s Sys=0.00s Real=0.00s
[2026-03-27T19:25:44.962+0900][5.068s][info][gc,marking  ] GC(162) Concurrent Cleanup for Next Mark
[2026-03-27T19:25:44.962+0900][5.069s][info][gc,marking  ] GC(162) Concurrent Cleanup for Next Mark 0.197ms
[2026-03-27T19:25:44.962+0900][5.069s][info][gc          ] GC(162) Concurrent Mark Cycle 3.459ms
[2026-03-27T19:25:45.002+0900][5.108s][info][gc,start    ] GC(163) Pause Young (Concurrent Start) (G1 Humongous Allocation)
[2026-03-27T19:25:45.002+0900][5.108s][info][gc,task     ] GC(163) Using 8 workers of 8 for evacuation
[2026-03-27T19:25:45.003+0900][5.110s][info][gc,phases   ] GC(163)   Pre Evacuate Collection Set: 0.2ms
[2026-03-27T19:25:45.003+0900][5.111s][info][gc,phases   ] GC(163)   Merge Heap Roots: 0.3ms
[2026-03-27T19:25:45.003+0900][5.111s][info][gc,phases   ] GC(163)   Evacuate Collection Set: 0.3ms
[2026-03-27T19:25:45.003+0900][5.111s][info][gc,phases   ] GC(163)   Post Evacuate Collection Set: 0.8ms
[2026-03-27T19:25:45.003+0900][5.111s][info][gc,phases   ] GC(163)   Other: 0.4ms
[2026-03-27T19:25:45.003+0900][5.111s][info][gc,heap     ] GC(163) Eden regions: 34->0(193)
[2026-03-27T19:25:45.004+0900][5.111s][info][gc,heap     ] GC(163) Survivor regions: 1->1(27)
[2026-03-27T19:25:45.004+0900][5.111s][info][gc,heap     ] GC(163) Old regions: 1->1
[2026-03-27T19:25:45.004+0900][5.111s][info][gc,heap     ] GC(163) Archive regions: 0->0
[2026-03-27T19:25:45.004+0900][5.111s][info][gc,heap     ] GC(163) Humongous regions: 264->264
[2026-03-27T19:25:45.004+0900][5.111s][info][gc,metaspace] GC(163) Metaspace: 285K(512K)->285K(512K) NonClass: 272K(384K)->272K(384K) Class: 12K(128K)->12K(128K)
[2026-03-27T19:25:45.004+0900][5.111s][info][gc          ] GC(163) Pause Young (Concurrent Start) (G1 Humongous Allocation) 298M->264M(512M) 2.784ms
[2026-03-27T19:25:45.004+0900][5.111s][info][gc,cpu      ] GC(163) User=0.02s Sys=0.02s Real=0.00s
[2026-03-27T19:25:45.004+0900][5.111s][info][gc          ] GC(164) Concurrent Mark Cycle
[2026-03-27T19:25:45.004+0900][5.111s][info][gc,marking  ] GC(164) Concurrent Clear Claimed Marks
[2026-03-27T19:25:45.004+0900][5.111s][info][gc,marking  ] GC(164) Concurrent Clear Claimed Marks 0.038ms
[2026-03-27T19:25:45.004+0900][5.111s][info][gc,marking  ] GC(164) Concurrent Scan Root Regions
[2026-03-27T19:25:45.004+0900][5.111s][info][gc,marking  ] GC(164) Concurrent Scan Root Regions 0.197ms
[2026-03-27T19:25:45.004+0900][5.112s][info][gc,marking  ] GC(164) Concurrent Mark
[2026-03-27T19:25:45.004+0900][5.112s][info][gc,marking  ] GC(164) Concurrent Mark From Roots
[2026-03-27T19:25:45.005+0900][5.112s][info][gc,task     ] GC(164) Using 2 workers of 2 for marking
[2026-03-27T19:25:45.009+0900][5.115s][info][gc,marking  ] GC(164) Concurrent Mark From Roots 3.332ms
[2026-03-27T19:25:45.009+0900][5.115s][info][gc,marking  ] GC(164) Concurrent Preclean
[2026-03-27T19:25:45.009+0900][5.115s][info][gc,marking  ] GC(164) Concurrent Preclean 0.029ms
[2026-03-27T19:25:45.009+0900][5.115s][info][gc,start    ] GC(164) Pause Remark
[2026-03-27T19:25:45.010+0900][5.117s][info][gc          ] GC(164) Pause Remark 287M->287M(512M) 1.186ms
[2026-03-27T19:25:45.010+0900][5.117s][info][gc,cpu      ] GC(164) User=0.00s Sys=0.00s Real=0.00s
[2026-03-27T19:25:45.010+0900][5.117s][info][gc,marking  ] GC(164) Concurrent Mark 5.224ms
[2026-03-27T19:25:45.010+0900][5.117s][info][gc,marking  ] GC(164) Concurrent Rebuild Remembered Sets
[2026-03-27T19:25:45.011+0900][5.118s][info][gc,marking  ] GC(164) Concurrent Rebuild Remembered Sets 0.879ms
[2026-03-27T19:25:45.011+0900][5.118s][info][gc,start    ] GC(164) Pause Cleanup
[2026-03-27T19:25:45.011+0900][5.118s][info][gc          ] GC(164) Pause Cleanup 287M->287M(512M) 0.089ms
[2026-03-27T19:25:45.011+0900][5.118s][info][gc,cpu      ] GC(164) User=0.00s Sys=0.00s Real=0.00s
[2026-03-27T19:25:45.011+0900][5.118s][info][gc,marking  ] GC(164) Concurrent Cleanup for Next Mark
[2026-03-27T19:25:45.011+0900][5.118s][info][gc,marking  ] GC(164) Concurrent Cleanup for Next Mark 0.202ms
[2026-03-27T19:25:45.011+0900][5.118s][info][gc          ] GC(164) Concurrent Mark Cycle 7.315ms
[2026-03-27T19:25:45.049+0900][5.156s][info][gc,start    ] GC(165) Pause Young (Concurrent Start) (G1 Humongous Allocation)
[2026-03-27T19:25:45.049+0900][5.156s][info][gc,task     ] GC(165) Using 8 workers of 8 for evacuation
[2026-03-27T19:25:45.051+0900][5.158s][info][gc,phases   ] GC(165)   Pre Evacuate Collection Set: 0.3ms
[2026-03-27T19:25:45.051+0900][5.158s][info][gc,phases   ] GC(165)   Merge Heap Roots: 0.3ms
[2026-03-27T19:25:45.051+0900][5.158s][info][gc,phases   ] GC(165)   Evacuate Collection Set: 0.4ms
[2026-03-27T19:25:45.051+0900][5.158s][info][gc,phases   ] GC(165)   Post Evacuate Collection Set: 0.7ms
[2026-03-27T19:25:45.051+0900][5.158s][info][gc,phases   ] GC(165)   Other: 0.2ms
[2026-03-27T19:25:45.051+0900][5.158s][info][gc,heap     ] GC(165) Eden regions: 34->0(171)
[2026-03-27T19:25:45.051+0900][5.158s][info][gc,heap     ] GC(165) Survivor regions: 1->1(25)
[2026-03-27T19:25:45.051+0900][5.158s][info][gc,heap     ] GC(165) Old regions: 1->1
[2026-03-27T19:25:45.051+0900][5.158s][info][gc,heap     ] GC(165) Archive regions: 0->0
[2026-03-27T19:25:45.051+0900][5.158s][info][gc,heap     ] GC(165) Humongous regions: 286->286
[2026-03-27T19:25:45.051+0900][5.158s][info][gc,metaspace] GC(165) Metaspace: 285K(512K)->285K(512K) NonClass: 272K(384K)->272K(384K) Class: 12K(128K)->12K(128K)
[2026-03-27T19:25:45.051+0900][5.158s][info][gc          ] GC(165) Pause Young (Concurrent Start) (G1 Humongous Allocation) 320M->286M(512M) 2.620ms
[2026-03-27T19:25:45.051+0900][5.158s][info][gc,cpu      ] GC(165) User=0.02s Sys=0.00s Real=0.00s
[2026-03-27T19:25:45.051+0900][5.158s][info][gc          ] GC(166) Concurrent Mark Cycle
[2026-03-27T19:25:45.052+0900][5.158s][info][gc,marking  ] GC(166) Concurrent Clear Claimed Marks
[2026-03-27T19:25:45.052+0900][5.158s][info][gc,marking  ] GC(166) Concurrent Clear Claimed Marks 0.038ms
[2026-03-27T19:25:45.052+0900][5.158s][info][gc,marking  ] GC(166) Concurrent Scan Root Regions
[2026-03-27T19:25:45.052+0900][5.159s][info][gc,marking  ] GC(166) Concurrent Scan Root Regions 0.248ms
[2026-03-27T19:25:45.052+0900][5.159s][info][gc,marking  ] GC(166) Concurrent Mark
[2026-03-27T19:25:45.052+0900][5.159s][info][gc,marking  ] GC(166) Concurrent Mark From Roots
[2026-03-27T19:25:45.052+0900][5.159s][info][gc,task     ] GC(166) Using 2 workers of 2 for marking
[2026-03-27T19:25:45.055+0900][5.162s][info][gc,marking  ] GC(166) Concurrent Mark From Roots 3.343ms
[2026-03-27T19:25:45.055+0900][5.162s][info][gc,marking  ] GC(166) Concurrent Preclean
[2026-03-27T19:25:45.055+0900][5.162s][info][gc,marking  ] GC(166) Concurrent Preclean 0.048ms
[2026-03-27T19:25:45.056+0900][5.163s][info][gc,start    ] GC(166) Pause Remark
[2026-03-27T19:25:45.057+0900][5.164s][info][gc          ] GC(166) Pause Remark 309M->309M(512M) 1.376ms
[2026-03-27T19:25:45.057+0900][5.164s][info][gc,cpu      ] GC(166) User=0.00s Sys=0.00s Real=0.00s
[2026-03-27T19:25:45.057+0900][5.164s][info][gc,marking  ] GC(166) Concurrent Mark 5.565ms
[2026-03-27T19:25:45.058+0900][5.164s][info][gc,marking  ] GC(166) Concurrent Rebuild Remembered Sets
[2026-03-27T19:25:45.059+0900][5.166s][info][gc,marking  ] GC(166) Concurrent Rebuild Remembered Sets 1.228ms
[2026-03-27T19:25:45.060+0900][5.166s][info][gc,start    ] GC(166) Pause Cleanup
[2026-03-27T19:25:45.060+0900][5.166s][info][gc          ] GC(166) Pause Cleanup 309M->309M(512M) 0.387ms
[2026-03-27T19:25:45.060+0900][5.167s][info][gc,cpu      ] GC(166) User=0.00s Sys=0.00s Real=0.00s
[2026-03-27T19:25:45.060+0900][5.167s][info][gc,marking  ] GC(166) Concurrent Cleanup for Next Mark
[2026-03-27T19:25:45.061+0900][5.167s][info][gc,marking  ] GC(166) Concurrent Cleanup for Next Mark 0.610ms
[2026-03-27T19:25:45.061+0900][5.167s][info][gc          ] GC(166) Concurrent Mark Cycle 9.152ms
[2026-03-27T19:25:45.096+0900][5.203s][info][gc,start    ] GC(167) Pause Young (Concurrent Start) (G1 Humongous Allocation)
[2026-03-27T19:25:45.097+0900][5.203s][info][gc,task     ] GC(167) Using 8 workers of 8 for evacuation
[2026-03-27T19:25:45.099+0900][5.205s][info][gc,phases   ] GC(167)   Pre Evacuate Collection Set: 0.2ms
[2026-03-27T19:25:45.099+0900][5.205s][info][gc,phases   ] GC(167)   Merge Heap Roots: 0.3ms
[2026-03-27T19:25:45.099+0900][5.205s][info][gc,phases   ] GC(167)   Evacuate Collection Set: 0.3ms
[2026-03-27T19:25:45.099+0900][5.206s][info][gc,phases   ] GC(167)   Post Evacuate Collection Set: 0.8ms
[2026-03-27T19:25:45.099+0900][5.206s][info][gc,phases   ] GC(167)   Other: 0.3ms
[2026-03-27T19:25:45.099+0900][5.206s][info][gc,heap     ] GC(167) Eden regions: 34->0(149)
[2026-03-27T19:25:45.099+0900][5.206s][info][gc,heap     ] GC(167) Survivor regions: 1->1(22)
[2026-03-27T19:25:45.099+0900][5.206s][info][gc,heap     ] GC(167) Old regions: 1->1
[2026-03-27T19:25:45.099+0900][5.206s][info][gc,heap     ] GC(167) Archive regions: 0->0
[2026-03-27T19:25:45.099+0900][5.206s][info][gc,heap     ] GC(167) Humongous regions: 308->308
[2026-03-27T19:25:45.099+0900][5.206s][info][gc,metaspace] GC(167) Metaspace: 285K(512K)->285K(512K) NonClass: 272K(384K)->272K(384K) Class: 12K(128K)->12K(128K)
[2026-03-27T19:25:45.099+0900][5.206s][info][gc          ] GC(167) Pause Young (Concurrent Start) (G1 Humongous Allocation) 342M->308M(512M) 2.740ms
[2026-03-27T19:25:45.100+0900][5.206s][info][gc,cpu      ] GC(167) User=0.00s Sys=0.02s Real=0.00s
[2026-03-27T19:25:45.100+0900][5.206s][info][gc          ] GC(168) Concurrent Mark Cycle
[2026-03-27T19:25:45.100+0900][5.206s][info][gc,marking  ] GC(168) Concurrent Clear Claimed Marks
[2026-03-27T19:25:45.100+0900][5.206s][info][gc,marking  ] GC(168) Concurrent Clear Claimed Marks 0.038ms
[2026-03-27T19:25:45.100+0900][5.206s][info][gc,marking  ] GC(168) Concurrent Scan Root Regions
[2026-03-27T19:25:45.100+0900][5.206s][info][gc,marking  ] GC(168) Concurrent Scan Root Regions 0.133ms
[2026-03-27T19:25:45.100+0900][5.206s][info][gc,marking  ] GC(168) Concurrent Mark
[2026-03-27T19:25:45.100+0900][5.206s][info][gc,marking  ] GC(168) Concurrent Mark From Roots
[2026-03-27T19:25:45.100+0900][5.206s][info][gc,task     ] GC(168) Using 2 workers of 2 for marking
[2026-03-27T19:25:45.102+0900][5.209s][info][gc,marking  ] GC(168) Concurrent Mark From Roots 2.329ms
[2026-03-27T19:25:45.102+0900][5.209s][info][gc,marking  ] GC(168) Concurrent Preclean
[2026-03-27T19:25:45.102+0900][5.209s][info][gc,marking  ] GC(168) Concurrent Preclean 0.039ms
[2026-03-27T19:25:45.103+0900][5.209s][info][gc,start    ] GC(168) Pause Remark
[2026-03-27T19:25:45.104+0900][5.210s][info][gc          ] GC(168) Pause Remark 331M->331M(512M) 1.164ms
[2026-03-27T19:25:45.104+0900][5.210s][info][gc,cpu      ] GC(168) User=0.00s Sys=0.00s Real=0.00s
[2026-03-27T19:25:45.104+0900][5.211s][info][gc,marking  ] GC(168) Concurrent Mark 4.166ms
[2026-03-27T19:25:45.104+0900][5.211s][info][gc,marking  ] GC(168) Concurrent Rebuild Remembered Sets
[2026-03-27T19:25:45.106+0900][5.212s][info][gc,marking  ] GC(168) Concurrent Rebuild Remembered Sets 1.418ms
[2026-03-27T19:25:45.106+0900][5.212s][info][gc,start    ] GC(168) Pause Cleanup
[2026-03-27T19:25:45.106+0900][5.213s][info][gc          ] GC(168) Pause Cleanup 331M->331M(512M) 0.332ms
[2026-03-27T19:25:45.106+0900][5.213s][info][gc,cpu      ] GC(168) User=0.00s Sys=0.00s Real=0.00s
[2026-03-27T19:25:45.106+0900][5.213s][info][gc,marking  ] GC(168) Concurrent Cleanup for Next Mark
[2026-03-27T19:25:45.107+0900][5.214s][info][gc,marking  ] GC(168) Concurrent Cleanup for Next Mark 0.635ms
[2026-03-27T19:25:45.107+0900][5.214s][info][gc          ] GC(168) Concurrent Mark Cycle 7.641ms
[2026-03-27T19:25:45.141+0900][5.248s][info][gc,start    ] GC(169) Pause Young (Concurrent Start) (G1 Humongous Allocation)
[2026-03-27T19:25:45.141+0900][5.248s][info][gc,task     ] GC(169) Using 8 workers of 8 for evacuation
[2026-03-27T19:25:45.143+0900][5.249s][info][gc,phases   ] GC(169)   Pre Evacuate Collection Set: 0.3ms
[2026-03-27T19:25:45.143+0900][5.250s][info][gc,phases   ] GC(169)   Merge Heap Roots: 0.2ms
[2026-03-27T19:25:45.143+0900][5.250s][info][gc,phases   ] GC(169)   Evacuate Collection Set: 0.2ms
[2026-03-27T19:25:45.143+0900][5.250s][info][gc,phases   ] GC(169)   Post Evacuate Collection Set: 0.6ms
[2026-03-27T19:25:45.143+0900][5.250s][info][gc,phases   ] GC(169)   Other: 0.1ms
[2026-03-27T19:25:45.143+0900][5.250s][info][gc,heap     ] GC(169) Eden regions: 34->0(127)
[2026-03-27T19:25:45.143+0900][5.250s][info][gc,heap     ] GC(169) Survivor regions: 1->1(19)
[2026-03-27T19:25:45.143+0900][5.250s][info][gc,heap     ] GC(169) Old regions: 1->1
[2026-03-27T19:25:45.143+0900][5.250s][info][gc,heap     ] GC(169) Archive regions: 0->0
[2026-03-27T19:25:45.143+0900][5.250s][info][gc,heap     ] GC(169) Humongous regions: 330->330
[2026-03-27T19:25:45.143+0900][5.250s][info][gc,metaspace] GC(169) Metaspace: 285K(512K)->285K(512K) NonClass: 272K(384K)->272K(384K) Class: 12K(128K)->12K(128K)
[2026-03-27T19:25:45.143+0900][5.250s][info][gc          ] GC(169) Pause Young (Concurrent Start) (G1 Humongous Allocation) 364M->330M(512M) 1.582ms
[2026-03-27T19:25:45.143+0900][5.250s][info][gc,cpu      ] GC(169) User=0.00s Sys=0.00s Real=0.00s
[2026-03-27T19:25:45.143+0900][5.250s][info][gc          ] GC(170) Concurrent Mark Cycle
[2026-03-27T19:25:45.143+0900][5.250s][info][gc,marking  ] GC(170) Concurrent Clear Claimed Marks
[2026-03-27T19:25:45.143+0900][5.250s][info][gc,marking  ] GC(170) Concurrent Clear Claimed Marks 0.013ms
[2026-03-27T19:25:45.143+0900][5.250s][info][gc,marking  ] GC(170) Concurrent Scan Root Regions
[2026-03-27T19:25:45.143+0900][5.250s][info][gc,marking  ] GC(170) Concurrent Scan Root Regions 0.068ms
[2026-03-27T19:25:45.143+0900][5.250s][info][gc,marking  ] GC(170) Concurrent Mark
[2026-03-27T19:25:45.143+0900][5.250s][info][gc,marking  ] GC(170) Concurrent Mark From Roots
[2026-03-27T19:25:45.143+0900][5.250s][info][gc,task     ] GC(170) Using 2 workers of 2 for marking
[2026-03-27T19:25:45.145+0900][5.251s][info][gc,marking  ] GC(170) Concurrent Mark From Roots 1.291ms
[2026-03-27T19:25:45.145+0900][5.251s][info][gc,marking  ] GC(170) Concurrent Preclean
[2026-03-27T19:25:45.145+0900][5.251s][info][gc,marking  ] GC(170) Concurrent Preclean 0.016ms
[2026-03-27T19:25:45.145+0900][5.251s][info][gc,start    ] GC(170) Pause Remark
[2026-03-27T19:25:45.145+0900][5.252s][info][gc          ] GC(170) Pause Remark 353M->353M(512M) 0.405ms
[2026-03-27T19:25:45.145+0900][5.252s][info][gc,cpu      ] GC(170) User=0.00s Sys=0.00s Real=0.00s
[2026-03-27T19:25:45.145+0900][5.252s][info][gc,marking  ] GC(170) Concurrent Mark 1.918ms
[2026-03-27T19:25:45.145+0900][5.252s][info][gc,marking  ] GC(170) Concurrent Rebuild Remembered Sets
[2026-03-27T19:25:45.145+0900][5.252s][info][gc,marking  ] GC(170) Concurrent Rebuild Remembered Sets 0.482ms
[2026-03-27T19:25:45.145+0900][5.252s][info][gc,start    ] GC(170) Pause Cleanup
[2026-03-27T19:25:45.146+0900][5.253s][info][gc          ] GC(170) Pause Cleanup 353M->353M(512M) 0.086ms
[2026-03-27T19:25:45.146+0900][5.253s][info][gc,cpu      ] GC(170) User=0.00s Sys=0.00s Real=0.00s
[2026-03-27T19:25:45.146+0900][5.253s][info][gc,marking  ] GC(170) Concurrent Cleanup for Next Mark
[2026-03-27T19:25:45.146+0900][5.253s][info][gc,marking  ] GC(170) Concurrent Cleanup for Next Mark 0.292ms
[2026-03-27T19:25:45.146+0900][5.253s][info][gc          ] GC(170) Concurrent Mark Cycle 3.176ms
[2026-03-27T19:25:45.191+0900][5.298s][info][gc,start    ] GC(171) Pause Young (Concurrent Start) (G1 Humongous Allocation)
[2026-03-27T19:25:45.191+0900][5.298s][info][gc,task     ] GC(171) Using 8 workers of 8 for evacuation
[2026-03-27T19:25:45.193+0900][5.300s][info][gc,phases   ] GC(171)   Pre Evacuate Collection Set: 0.2ms
[2026-03-27T19:25:45.193+0900][5.300s][info][gc,phases   ] GC(171)   Merge Heap Roots: 0.3ms
[2026-03-27T19:25:45.193+0900][5.300s][info][gc,phases   ] GC(171)   Evacuate Collection Set: 0.3ms
[2026-03-27T19:25:45.193+0900][5.300s][info][gc,phases   ] GC(171)   Post Evacuate Collection Set: 0.8ms
[2026-03-27T19:25:45.193+0900][5.300s][info][gc,phases   ] GC(171)   Other: 0.3ms
[2026-03-27T19:25:45.193+0900][5.300s][info][gc,heap     ] GC(171) Eden regions: 34->0(105)
[2026-03-27T19:25:45.193+0900][5.300s][info][gc,heap     ] GC(171) Survivor regions: 1->1(16)
[2026-03-27T19:25:45.193+0900][5.300s][info][gc,heap     ] GC(171) Old regions: 1->1
[2026-03-27T19:25:45.193+0900][5.300s][info][gc,heap     ] GC(171) Archive regions: 0->0
[2026-03-27T19:25:45.193+0900][5.300s][info][gc,heap     ] GC(171) Humongous regions: 352->352
[2026-03-27T19:25:45.193+0900][5.300s][info][gc,metaspace] GC(171) Metaspace: 285K(512K)->285K(512K) NonClass: 272K(384K)->272K(384K) Class: 12K(128K)->12K(128K)
[2026-03-27T19:25:45.193+0900][5.300s][info][gc          ] GC(171) Pause Young (Concurrent Start) (G1 Humongous Allocation) 386M->352M(512M) 2.635ms
[2026-03-27T19:25:45.193+0900][5.300s][info][gc,cpu      ] GC(171) User=0.00s Sys=0.00s Real=0.00s
[2026-03-27T19:25:45.193+0900][5.300s][info][gc          ] GC(172) Concurrent Mark Cycle
[2026-03-27T19:25:45.193+0900][5.300s][info][gc,marking  ] GC(172) Concurrent Clear Claimed Marks
[2026-03-27T19:25:45.193+0900][5.300s][info][gc,marking  ] GC(172) Concurrent Clear Claimed Marks 0.058ms
[2026-03-27T19:25:45.193+0900][5.300s][info][gc,marking  ] GC(172) Concurrent Scan Root Regions
[2026-03-27T19:25:45.193+0900][5.301s][info][gc,marking  ] GC(172) Concurrent Scan Root Regions 0.169ms
[2026-03-27T19:25:45.193+0900][5.301s][info][gc,marking  ] GC(172) Concurrent Mark
[2026-03-27T19:25:45.193+0900][5.301s][info][gc,marking  ] GC(172) Concurrent Mark From Roots
[2026-03-27T19:25:45.193+0900][5.301s][info][gc,task     ] GC(172) Using 2 workers of 2 for marking
[2026-03-27T19:25:45.197+0900][5.303s][info][gc,marking  ] GC(172) Concurrent Mark From Roots 2.440ms
[2026-03-27T19:25:45.197+0900][5.303s][info][gc,marking  ] GC(172) Concurrent Preclean
[2026-03-27T19:25:45.197+0900][5.303s][info][gc,marking  ] GC(172) Concurrent Preclean 0.046ms
[2026-03-27T19:25:45.197+0900][5.304s][info][gc,start    ] GC(172) Pause Remark
[2026-03-27T19:25:45.198+0900][5.305s][info][gc          ] GC(172) Pause Remark 375M->375M(512M) 0.891ms
[2026-03-27T19:25:45.198+0900][5.305s][info][gc,cpu      ] GC(172) User=0.00s Sys=0.00s Real=0.00s
[2026-03-27T19:25:45.198+0900][5.305s][info][gc,marking  ] GC(172) Concurrent Mark 4.028ms
[2026-03-27T19:25:45.198+0900][5.305s][info][gc,marking  ] GC(172) Concurrent Rebuild Remembered Sets
[2026-03-27T19:25:45.198+0900][5.305s][info][gc,marking  ] GC(172) Concurrent Rebuild Remembered Sets 0.588ms
[2026-03-27T19:25:45.199+0900][5.306s][info][gc,start    ] GC(172) Pause Cleanup
[2026-03-27T19:25:45.199+0900][5.306s][info][gc          ] GC(172) Pause Cleanup 375M->375M(512M) 0.151ms
[2026-03-27T19:25:45.199+0900][5.306s][info][gc,cpu      ] GC(172) User=0.00s Sys=0.00s Real=0.00s
[2026-03-27T19:25:45.199+0900][5.306s][info][gc,marking  ] GC(172) Concurrent Cleanup for Next Mark
[2026-03-27T19:25:45.199+0900][5.306s][info][gc,marking  ] GC(172) Concurrent Cleanup for Next Mark 0.190ms
[2026-03-27T19:25:45.199+0900][5.306s][info][gc          ] GC(172) Concurrent Mark Cycle 5.774ms
[2026-03-27T19:25:45.235+0900][5.342s][info][gc,start    ] GC(173) Pause Young (Concurrent Start) (G1 Humongous Allocation)
[2026-03-27T19:25:45.235+0900][5.342s][info][gc,task     ] GC(173) Using 8 workers of 8 for evacuation
[2026-03-27T19:25:45.235+0900][5.342s][info][gc,phases   ] GC(173)   Pre Evacuate Collection Set: 0.1ms
[2026-03-27T19:25:45.235+0900][5.342s][info][gc,phases   ] GC(173)   Merge Heap Roots: 0.1ms
[2026-03-27T19:25:45.235+0900][5.342s][info][gc,phases   ] GC(173)   Evacuate Collection Set: 0.1ms
[2026-03-27T19:25:45.235+0900][5.342s][info][gc,phases   ] GC(173)   Post Evacuate Collection Set: 0.1ms
[2026-03-27T19:25:45.235+0900][5.342s][info][gc,phases   ] GC(173)   Other: 0.1ms
[2026-03-27T19:25:45.235+0900][5.343s][info][gc,heap     ] GC(173) Eden regions: 34->0(83)
[2026-03-27T19:25:45.235+0900][5.343s][info][gc,heap     ] GC(173) Survivor regions: 1->1(14)
[2026-03-27T19:25:45.235+0900][5.343s][info][gc,heap     ] GC(173) Old regions: 1->1
[2026-03-27T19:25:45.235+0900][5.343s][info][gc,heap     ] GC(173) Archive regions: 0->0
[2026-03-27T19:25:45.235+0900][5.343s][info][gc,heap     ] GC(173) Humongous regions: 374->374
[2026-03-27T19:25:45.235+0900][5.343s][info][gc,metaspace] GC(173) Metaspace: 285K(512K)->285K(512K) NonClass: 272K(384K)->272K(384K) Class: 12K(128K)->12K(128K)
[2026-03-27T19:25:45.235+0900][5.343s][info][gc          ] GC(173) Pause Young (Concurrent Start) (G1 Humongous Allocation) 408M->374M(512M) 0.807ms
[2026-03-27T19:25:45.235+0900][5.343s][info][gc,cpu      ] GC(173) User=0.00s Sys=0.00s Real=0.00s
[2026-03-27T19:25:45.235+0900][5.343s][info][gc          ] GC(174) Concurrent Mark Cycle
[2026-03-27T19:25:45.236+0900][5.343s][info][gc,marking  ] GC(174) Concurrent Clear Claimed Marks
[2026-03-27T19:25:45.236+0900][5.343s][info][gc,marking  ] GC(174) Concurrent Clear Claimed Marks 0.024ms
[2026-03-27T19:25:45.236+0900][5.343s][info][gc,marking  ] GC(174) Concurrent Scan Root Regions
[2026-03-27T19:25:45.236+0900][5.343s][info][gc,marking  ] GC(174) Concurrent Scan Root Regions 0.098ms
[2026-03-27T19:25:45.236+0900][5.343s][info][gc,marking  ] GC(174) Concurrent Mark
[2026-03-27T19:25:45.236+0900][5.343s][info][gc,marking  ] GC(174) Concurrent Mark From Roots
[2026-03-27T19:25:45.236+0900][5.343s][info][gc,task     ] GC(174) Using 2 workers of 2 for marking
[2026-03-27T19:25:45.237+0900][5.344s][info][gc,marking  ] GC(174) Concurrent Mark From Roots 0.941ms
[2026-03-27T19:25:45.237+0900][5.344s][info][gc,marking  ] GC(174) Concurrent Preclean
[2026-03-27T19:25:45.237+0900][5.344s][info][gc,marking  ] GC(174) Concurrent Preclean 0.013ms
[2026-03-27T19:25:45.237+0900][5.344s][info][gc,start    ] GC(174) Pause Remark
[2026-03-27T19:25:45.237+0900][5.344s][info][gc          ] GC(174) Pause Remark 397M->397M(512M) 0.344ms
[2026-03-27T19:25:45.237+0900][5.344s][info][gc,cpu      ] GC(174) User=0.00s Sys=0.02s Real=0.00s
[2026-03-27T19:25:45.237+0900][5.344s][info][gc,marking  ] GC(174) Concurrent Mark 1.494ms
[2026-03-27T19:25:45.237+0900][5.344s][info][gc,marking  ] GC(174) Concurrent Rebuild Remembered Sets
[2026-03-27T19:25:45.238+0900][5.345s][info][gc,marking  ] GC(174) Concurrent Rebuild Remembered Sets 0.463ms
[2026-03-27T19:25:45.238+0900][5.345s][info][gc,start    ] GC(174) Pause Cleanup
[2026-03-27T19:25:45.238+0900][5.345s][info][gc          ] GC(174) Pause Cleanup 397M->397M(512M) 0.091ms
[2026-03-27T19:25:45.238+0900][5.345s][info][gc,cpu      ] GC(174) User=0.00s Sys=0.00s Real=0.00s
[2026-03-27T19:25:45.238+0900][5.345s][info][gc,marking  ] GC(174) Concurrent Cleanup for Next Mark
[2026-03-27T19:25:45.238+0900][5.345s][info][gc,marking  ] GC(174) Concurrent Cleanup for Next Mark 0.195ms
[2026-03-27T19:25:45.238+0900][5.345s][info][gc          ] GC(174) Concurrent Mark Cycle 2.711ms
[2026-03-27T19:25:45.281+0900][5.387s][info][gc,start    ] GC(175) Pause Young (Concurrent Start) (G1 Humongous Allocation)
[2026-03-27T19:25:45.281+0900][5.387s][info][gc,task     ] GC(175) Using 8 workers of 8 for evacuation
[2026-03-27T19:25:45.281+0900][5.388s][info][gc,phases   ] GC(175)   Pre Evacuate Collection Set: 0.1ms
[2026-03-27T19:25:45.281+0900][5.388s][info][gc,phases   ] GC(175)   Merge Heap Roots: 0.1ms
[2026-03-27T19:25:45.281+0900][5.388s][info][gc,phases   ] GC(175)   Evacuate Collection Set: 0.1ms
[2026-03-27T19:25:45.281+0900][5.388s][info][gc,phases   ] GC(175)   Post Evacuate Collection Set: 0.1ms
[2026-03-27T19:25:45.281+0900][5.388s][info][gc,phases   ] GC(175)   Other: 0.1ms
[2026-03-27T19:25:45.281+0900][5.388s][info][gc,heap     ] GC(175) Eden regions: 34->0(61)
[2026-03-27T19:25:45.281+0900][5.388s][info][gc,heap     ] GC(175) Survivor regions: 1->1(11)
[2026-03-27T19:25:45.281+0900][5.388s][info][gc,heap     ] GC(175) Old regions: 1->1
[2026-03-27T19:25:45.281+0900][5.388s][info][gc,heap     ] GC(175) Archive regions: 0->0
[2026-03-27T19:25:45.281+0900][5.388s][info][gc,heap     ] GC(175) Humongous regions: 396->396
[2026-03-27T19:25:45.281+0900][5.388s][info][gc,metaspace] GC(175) Metaspace: 285K(512K)->285K(512K) NonClass: 272K(384K)->272K(384K) Class: 12K(128K)->12K(128K)
[2026-03-27T19:25:45.281+0900][5.388s][info][gc          ] GC(175) Pause Young (Concurrent Start) (G1 Humongous Allocation) 430M->396M(512M) 0.758ms
[2026-03-27T19:25:45.281+0900][5.388s][info][gc,cpu      ] GC(175) User=0.00s Sys=0.00s Real=0.00s
[2026-03-27T19:25:45.281+0900][5.388s][info][gc          ] GC(176) Concurrent Mark Cycle
[2026-03-27T19:25:45.281+0900][5.388s][info][gc,marking  ] GC(176) Concurrent Clear Claimed Marks
[2026-03-27T19:25:45.281+0900][5.388s][info][gc,marking  ] GC(176) Concurrent Clear Claimed Marks 0.012ms
[2026-03-27T19:25:45.281+0900][5.388s][info][gc,marking  ] GC(176) Concurrent Scan Root Regions
[2026-03-27T19:25:45.281+0900][5.388s][info][gc,marking  ] GC(176) Concurrent Scan Root Regions 0.085ms
[2026-03-27T19:25:45.281+0900][5.388s][info][gc,marking  ] GC(176) Concurrent Mark
[2026-03-27T19:25:45.281+0900][5.388s][info][gc,marking  ] GC(176) Concurrent Mark From Roots
[2026-03-27T19:25:45.281+0900][5.388s][info][gc,task     ] GC(176) Using 2 workers of 2 for marking
[2026-03-27T19:25:45.282+0900][5.389s][info][gc,marking  ] GC(176) Concurrent Mark From Roots 0.869ms
[2026-03-27T19:25:45.282+0900][5.389s][info][gc,marking  ] GC(176) Concurrent Preclean
[2026-03-27T19:25:45.282+0900][5.389s][info][gc,marking  ] GC(176) Concurrent Preclean 0.012ms
[2026-03-27T19:25:45.282+0900][5.389s][info][gc,start    ] GC(176) Pause Remark
[2026-03-27T19:25:45.283+0900][5.389s][info][gc          ] GC(176) Pause Remark 419M->419M(512M) 0.281ms
[2026-03-27T19:25:45.283+0900][5.389s][info][gc,cpu      ] GC(176) User=0.00s Sys=0.00s Real=0.00s
[2026-03-27T19:25:45.283+0900][5.389s][info][gc,marking  ] GC(176) Concurrent Mark 1.315ms
[2026-03-27T19:25:45.283+0900][5.389s][info][gc,marking  ] GC(176) Concurrent Rebuild Remembered Sets
[2026-03-27T19:25:45.283+0900][5.390s][info][gc,marking  ] GC(176) Concurrent Rebuild Remembered Sets 0.445ms
[2026-03-27T19:25:45.283+0900][5.390s][info][gc,start    ] GC(176) Pause Cleanup
[2026-03-27T19:25:45.283+0900][5.390s][info][gc          ] GC(176) Pause Cleanup 419M->419M(512M) 0.082ms
[2026-03-27T19:25:45.283+0900][5.390s][info][gc,cpu      ] GC(176) User=0.00s Sys=0.00s Real=0.00s
[2026-03-27T19:25:45.283+0900][5.390s][info][gc,marking  ] GC(176) Concurrent Cleanup for Next Mark
[2026-03-27T19:25:45.283+0900][5.390s][info][gc,marking  ] GC(176) Concurrent Cleanup for Next Mark 0.201ms
[2026-03-27T19:25:45.283+0900][5.390s][info][gc          ] GC(176) Concurrent Mark Cycle 2.403ms
[2026-03-27T19:25:45.328+0900][5.434s][info][gc,start    ] GC(177) Pause Young (Concurrent Start) (G1 Humongous Allocation)
[2026-03-27T19:25:45.328+0900][5.434s][info][gc,task     ] GC(177) Using 8 workers of 8 for evacuation
[2026-03-27T19:25:45.329+0900][5.436s][info][gc,phases   ] GC(177)   Pre Evacuate Collection Set: 0.1ms
[2026-03-27T19:25:45.329+0900][5.436s][info][gc,phases   ] GC(177)   Merge Heap Roots: 0.1ms
[2026-03-27T19:25:45.329+0900][5.436s][info][gc,phases   ] GC(177)   Evacuate Collection Set: 0.1ms
[2026-03-27T19:25:45.329+0900][5.436s][info][gc,phases   ] GC(177)   Post Evacuate Collection Set: 0.9ms
[2026-03-27T19:25:45.329+0900][5.436s][info][gc,phases   ] GC(177)   Other: 0.1ms
[2026-03-27T19:25:45.329+0900][5.436s][info][gc,heap     ] GC(177) Eden regions: 34->0(39)
[2026-03-27T19:25:45.329+0900][5.436s][info][gc,heap     ] GC(177) Survivor regions: 1->1(8)
[2026-03-27T19:25:45.329+0900][5.436s][info][gc,heap     ] GC(177) Old regions: 1->1
[2026-03-27T19:25:45.329+0900][5.436s][info][gc,heap     ] GC(177) Archive regions: 0->0
[2026-03-27T19:25:45.329+0900][5.436s][info][gc,heap     ] GC(177) Humongous regions: 418->418
[2026-03-27T19:25:45.329+0900][5.436s][info][gc,metaspace] GC(177) Metaspace: 285K(512K)->285K(512K) NonClass: 272K(384K)->272K(384K) Class: 12K(128K)->12K(128K)
[2026-03-27T19:25:45.329+0900][5.436s][info][gc          ] GC(177) Pause Young (Concurrent Start) (G1 Humongous Allocation) 452M->418M(512M) 1.594ms
[2026-03-27T19:25:45.329+0900][5.436s][info][gc,cpu      ] GC(177) User=0.00s Sys=0.00s Real=0.00s
[2026-03-27T19:25:45.329+0900][5.436s][info][gc          ] GC(178) Concurrent Mark Cycle
[2026-03-27T19:25:45.329+0900][5.436s][info][gc,marking  ] GC(178) Concurrent Clear Claimed Marks
[2026-03-27T19:25:45.329+0900][5.436s][info][gc,marking  ] GC(178) Concurrent Clear Claimed Marks 0.017ms
[2026-03-27T19:25:45.329+0900][5.436s][info][gc,marking  ] GC(178) Concurrent Scan Root Regions
[2026-03-27T19:25:45.329+0900][5.436s][info][gc,marking  ] GC(178) Concurrent Scan Root Regions 0.105ms
[2026-03-27T19:25:45.330+0900][5.436s][info][gc,marking  ] GC(178) Concurrent Mark
[2026-03-27T19:25:45.330+0900][5.436s][info][gc,marking  ] GC(178) Concurrent Mark From Roots
[2026-03-27T19:25:45.330+0900][5.436s][info][gc,task     ] GC(178) Using 2 workers of 2 for marking
[2026-03-27T19:25:45.330+0900][5.437s][info][gc,marking  ] GC(178) Concurrent Mark From Roots 0.790ms
[2026-03-27T19:25:45.330+0900][5.437s][info][gc,marking  ] GC(178) Concurrent Preclean
[2026-03-27T19:25:45.330+0900][5.437s][info][gc,marking  ] GC(178) Concurrent Preclean 0.014ms
[2026-03-27T19:25:45.330+0900][5.437s][info][gc,start    ] GC(178) Pause Remark
[2026-03-27T19:25:45.331+0900][5.437s][info][gc          ] GC(178) Pause Remark 441M->441M(512M) 0.266ms
[2026-03-27T19:25:45.331+0900][5.437s][info][gc,cpu      ] GC(178) User=0.00s Sys=0.00s Real=0.00s
[2026-03-27T19:25:45.331+0900][5.437s][info][gc,marking  ] GC(178) Concurrent Mark 1.245ms
[2026-03-27T19:25:45.331+0900][5.437s][info][gc,marking  ] GC(178) Concurrent Rebuild Remembered Sets
[2026-03-27T19:25:45.331+0900][5.438s][info][gc,marking  ] GC(178) Concurrent Rebuild Remembered Sets 0.541ms
[2026-03-27T19:25:45.331+0900][5.438s][info][gc,start    ] GC(178) Pause Cleanup
[2026-03-27T19:25:45.332+0900][5.438s][info][gc          ] GC(178) Pause Cleanup 441M->441M(512M) 0.078ms
[2026-03-27T19:25:45.332+0900][5.438s][info][gc,cpu      ] GC(178) User=0.00s Sys=0.00s Real=0.00s
[2026-03-27T19:25:45.332+0900][5.438s][info][gc,marking  ] GC(178) Concurrent Cleanup for Next Mark
[2026-03-27T19:25:45.332+0900][5.438s][info][gc,marking  ] GC(178) Concurrent Cleanup for Next Mark 0.201ms
[2026-03-27T19:25:45.332+0900][5.438s][info][gc          ] GC(178) Concurrent Mark Cycle 2.501ms
[2026-03-27T19:25:45.373+0900][5.480s][info][gc,start    ] GC(179) Pause Young (Concurrent Start) (G1 Humongous Allocation)
[2026-03-27T19:25:45.373+0900][5.481s][info][gc,task     ] GC(179) Using 8 workers of 8 for evacuation
[2026-03-27T19:25:45.375+0900][5.481s][info][gc,phases   ] GC(179)   Pre Evacuate Collection Set: 0.1ms
[2026-03-27T19:25:45.375+0900][5.481s][info][gc,phases   ] GC(179)   Merge Heap Roots: 0.1ms
[2026-03-27T19:25:45.375+0900][5.481s][info][gc,phases   ] GC(179)   Evacuate Collection Set: 0.1ms
[2026-03-27T19:25:45.375+0900][5.481s][info][gc,phases   ] GC(179)   Post Evacuate Collection Set: 0.1ms
[2026-03-27T19:25:45.375+0900][5.481s][info][gc,phases   ] GC(179)   Other: 0.1ms
[2026-03-27T19:25:45.375+0900][5.481s][info][gc,heap     ] GC(179) Eden regions: 34->0(24)
[2026-03-27T19:25:45.375+0900][5.481s][info][gc,heap     ] GC(179) Survivor regions: 1->1(5)
[2026-03-27T19:25:45.375+0900][5.481s][info][gc,heap     ] GC(179) Old regions: 1->1
[2026-03-27T19:25:45.375+0900][5.481s][info][gc,heap     ] GC(179) Archive regions: 0->0
[2026-03-27T19:25:45.375+0900][5.481s][info][gc,heap     ] GC(179) Humongous regions: 440->440
[2026-03-27T19:25:45.375+0900][5.481s][info][gc,metaspace] GC(179) Metaspace: 285K(512K)->285K(512K) NonClass: 272K(384K)->272K(384K) Class: 12K(128K)->12K(128K)
[2026-03-27T19:25:45.375+0900][5.481s][info][gc          ] GC(179) Pause Young (Concurrent Start) (G1 Humongous Allocation) 474M->440M(512M) 0.753ms
[2026-03-27T19:25:45.375+0900][5.481s][info][gc,cpu      ] GC(179) User=0.00s Sys=0.00s Real=0.00s
[2026-03-27T19:25:45.375+0900][5.481s][info][gc          ] GC(180) Concurrent Mark Cycle
[2026-03-27T19:25:45.375+0900][5.481s][info][gc,marking  ] GC(180) Concurrent Clear Claimed Marks
[2026-03-27T19:25:45.375+0900][5.481s][info][gc,marking  ] GC(180) Concurrent Clear Claimed Marks 0.014ms
[2026-03-27T19:25:45.375+0900][5.481s][info][gc,marking  ] GC(180) Concurrent Scan Root Regions
[2026-03-27T19:25:45.375+0900][5.482s][info][gc,marking  ] GC(180) Concurrent Scan Root Regions 0.217ms
[2026-03-27T19:25:45.375+0900][5.482s][info][gc,marking  ] GC(180) Concurrent Mark
[2026-03-27T19:25:45.375+0900][5.482s][info][gc,marking  ] GC(180) Concurrent Mark From Roots
[2026-03-27T19:25:45.375+0900][5.482s][info][gc,task     ] GC(180) Using 2 workers of 2 for marking
[2026-03-27T19:25:45.376+0900][5.483s][info][gc,marking  ] GC(180) Concurrent Mark From Roots 1.257ms
[2026-03-27T19:25:45.377+0900][5.483s][info][gc,marking  ] GC(180) Concurrent Preclean
[2026-03-27T19:25:45.377+0900][5.483s][info][gc,marking  ] GC(180) Concurrent Preclean 0.015ms
[2026-03-27T19:25:45.377+0900][5.483s][info][gc,start    ] GC(180) Pause Remark
[2026-03-27T19:25:45.377+0900][5.483s][info][gc          ] GC(180) Pause Remark 463M->463M(512M) 0.267ms
[2026-03-27T19:25:45.377+0900][5.483s][info][gc,cpu      ] GC(180) User=0.00s Sys=0.00s Real=0.00s
[2026-03-27T19:25:45.377+0900][5.483s][info][gc,marking  ] GC(180) Concurrent Mark 1.754ms
[2026-03-27T19:25:45.377+0900][5.483s][info][gc,marking  ] GC(180) Concurrent Rebuild Remembered Sets
[2026-03-27T19:25:45.377+0900][5.484s][info][gc,marking  ] GC(180) Concurrent Rebuild Remembered Sets 0.449ms
[2026-03-27T19:25:45.378+0900][5.484s][info][gc,start    ] GC(180) Pause Cleanup
[2026-03-27T19:25:45.378+0900][5.484s][info][gc          ] GC(180) Pause Cleanup 463M->463M(512M) 0.080ms
[2026-03-27T19:25:45.378+0900][5.484s][info][gc,cpu      ] GC(180) User=0.00s Sys=0.00s Real=0.00s
[2026-03-27T19:25:45.378+0900][5.484s][info][gc,marking  ] GC(180) Concurrent Cleanup for Next Mark
[2026-03-27T19:25:45.378+0900][5.484s][info][gc,marking  ] GC(180) Concurrent Cleanup for Next Mark 0.188ms
[2026-03-27T19:25:45.378+0900][5.484s][info][gc          ] GC(180) Concurrent Mark Cycle 3.065ms
[2026-03-27T19:25:45.420+0900][5.527s][info][gc,start    ] GC(181) Pause Young (Normal) (G1 Evacuation Pause)
[2026-03-27T19:25:45.420+0900][5.527s][info][gc,task     ] GC(181) Using 8 workers of 8 for evacuation
[2026-03-27T19:25:45.421+0900][5.528s][info][gc,phases   ] GC(181)   Pre Evacuate Collection Set: 0.1ms
[2026-03-27T19:25:45.421+0900][5.528s][info][gc,phases   ] GC(181)   Merge Heap Roots: 0.1ms
[2026-03-27T19:25:45.421+0900][5.528s][info][gc,phases   ] GC(181)   Evacuate Collection Set: 0.1ms
[2026-03-27T19:25:45.421+0900][5.528s][info][gc,phases   ] GC(181)   Post Evacuate Collection Set: 0.3ms
[2026-03-27T19:25:45.421+0900][5.528s][info][gc,phases   ] GC(181)   Other: 0.1ms
[2026-03-27T19:25:45.421+0900][5.528s][info][gc,heap     ] GC(181) Eden regions: 24->0(215)
[2026-03-27T19:25:45.421+0900][5.528s][info][gc,heap     ] GC(181) Survivor regions: 1->1(4)
[2026-03-27T19:25:45.421+0900][5.528s][info][gc,heap     ] GC(181) Old regions: 1->1
[2026-03-27T19:25:45.421+0900][5.528s][info][gc,heap     ] GC(181) Archive regions: 0->0
[2026-03-27T19:25:45.421+0900][5.528s][info][gc,heap     ] GC(181) Humongous regions: 462->242
[2026-03-27T19:25:45.421+0900][5.528s][info][gc,metaspace] GC(181) Metaspace: 285K(512K)->285K(512K) NonClass: 272K(384K)->272K(384K) Class: 12K(128K)->12K(128K)
[2026-03-27T19:25:45.421+0900][5.528s][info][gc          ] GC(181) Pause Young (Normal) (G1 Evacuation Pause) 486M->242M(512M) 0.856ms
[2026-03-27T19:25:45.421+0900][5.528s][info][gc,cpu      ] GC(181) User=0.00s Sys=0.00s Real=0.00s
[2026-03-27T19:25:45.421+0900][5.528s][info][gc,start    ] GC(182) Pause Young (Concurrent Start) (G1 Humongous Allocation)
[2026-03-27T19:25:45.421+0900][5.528s][info][gc,task     ] GC(182) Using 8 workers of 8 for evacuation
[2026-03-27T19:25:45.421+0900][5.529s][info][gc,phases   ] GC(182)   Pre Evacuate Collection Set: 0.1ms
[2026-03-27T19:25:45.421+0900][5.529s][info][gc,phases   ] GC(182)   Merge Heap Roots: 0.0ms
[2026-03-27T19:25:45.421+0900][5.529s][info][gc,phases   ] GC(182)   Evacuate Collection Set: 0.1ms
[2026-03-27T19:25:45.421+0900][5.529s][info][gc,phases   ] GC(182)   Post Evacuate Collection Set: 0.1ms
[2026-03-27T19:25:45.421+0900][5.529s][info][gc,phases   ] GC(182)   Other: 0.0ms
[2026-03-27T19:25:45.421+0900][5.529s][info][gc,heap     ] GC(182) Eden regions: 10->0(215)
[2026-03-27T19:25:45.421+0900][5.529s][info][gc,heap     ] GC(182) Survivor regions: 1->1(27)
[2026-03-27T19:25:45.421+0900][5.529s][info][gc,heap     ] GC(182) Old regions: 1->1
[2026-03-27T19:25:45.421+0900][5.529s][info][gc,heap     ] GC(182) Archive regions: 0->0
[2026-03-27T19:25:45.421+0900][5.529s][info][gc,heap     ] GC(182) Humongous regions: 242->242
[2026-03-27T19:25:45.421+0900][5.529s][info][gc,metaspace] GC(182) Metaspace: 285K(512K)->285K(512K) NonClass: 272K(384K)->272K(384K) Class: 12K(128K)->12K(128K)
[2026-03-27T19:25:45.421+0900][5.529s][info][gc          ] GC(182) Pause Young (Concurrent Start) (G1 Humongous Allocation) 252M->242M(512M) 0.533ms
[2026-03-27T19:25:45.421+0900][5.529s][info][gc,cpu      ] GC(182) User=0.00s Sys=0.00s Real=0.00s
[2026-03-27T19:25:45.421+0900][5.529s][info][gc          ] GC(183) Concurrent Mark Cycle
[2026-03-27T19:25:45.421+0900][5.529s][info][gc,marking  ] GC(183) Concurrent Clear Claimed Marks
[2026-03-27T19:25:45.421+0900][5.529s][info][gc,marking  ] GC(183) Concurrent Clear Claimed Marks 0.012ms
[2026-03-27T19:25:45.421+0900][5.529s][info][gc,marking  ] GC(183) Concurrent Scan Root Regions
[2026-03-27T19:25:45.421+0900][5.529s][info][gc,marking  ] GC(183) Concurrent Scan Root Regions 0.045ms
[2026-03-27T19:25:45.421+0900][5.529s][info][gc,marking  ] GC(183) Concurrent Mark
[2026-03-27T19:25:45.423+0900][5.529s][info][gc,marking  ] GC(183) Concurrent Mark From Roots
[2026-03-27T19:25:45.423+0900][5.529s][info][gc,task     ] GC(183) Using 2 workers of 2 for marking
[2026-03-27T19:25:45.423+0900][5.530s][info][gc,marking  ] GC(183) Concurrent Mark From Roots 0.777ms
[2026-03-27T19:25:45.423+0900][5.530s][info][gc,marking  ] GC(183) Concurrent Preclean
[2026-03-27T19:25:45.423+0900][5.530s][info][gc,marking  ] GC(183) Concurrent Preclean 0.016ms
[2026-03-27T19:25:45.423+0900][5.530s][info][gc,start    ] GC(183) Pause Remark
[2026-03-27T19:25:45.424+0900][5.530s][info][gc          ] GC(183) Pause Remark 265M->265M(512M) 0.317ms
[2026-03-27T19:25:45.424+0900][5.530s][info][gc,cpu      ] GC(183) User=0.00s Sys=0.00s Real=0.00s
[2026-03-27T19:25:45.424+0900][5.530s][info][gc,marking  ] GC(183) Concurrent Mark 1.399ms
[2026-03-27T19:25:45.424+0900][5.530s][info][gc,marking  ] GC(183) Concurrent Rebuild Remembered Sets
[2026-03-27T19:25:45.424+0900][5.531s][info][gc,marking  ] GC(183) Concurrent Rebuild Remembered Sets 0.476ms
[2026-03-27T19:25:45.424+0900][5.531s][info][gc,start    ] GC(183) Pause Cleanup
[2026-03-27T19:25:45.425+0900][5.531s][info][gc          ] GC(183) Pause Cleanup 265M->265M(512M) 0.097ms
[2026-03-27T19:25:45.425+0900][5.531s][info][gc,cpu      ] GC(183) User=0.00s Sys=0.00s Real=0.00s
[2026-03-27T19:25:45.425+0900][5.531s][info][gc,marking  ] GC(183) Concurrent Cleanup for Next Mark
[2026-03-27T19:25:45.425+0900][5.531s][info][gc,marking  ] GC(183) Concurrent Cleanup for Next Mark 0.228ms
[2026-03-27T19:25:45.425+0900][5.531s][info][gc          ] GC(183) Concurrent Mark Cycle 2.539ms
[2026-03-27T19:25:45.468+0900][5.574s][info][gc,start    ] GC(184) Pause Young (Concurrent Start) (G1 Humongous Allocation)
[2026-03-27T19:25:45.468+0900][5.574s][info][gc,task     ] GC(184) Using 8 workers of 8 for evacuation
[2026-03-27T19:25:45.468+0900][5.575s][info][gc,phases   ] GC(184)   Pre Evacuate Collection Set: 0.1ms
[2026-03-27T19:25:45.468+0900][5.575s][info][gc,phases   ] GC(184)   Merge Heap Roots: 0.1ms
[2026-03-27T19:25:45.468+0900][5.575s][info][gc,phases   ] GC(184)   Evacuate Collection Set: 0.1ms
[2026-03-27T19:25:45.468+0900][5.575s][info][gc,phases   ] GC(184)   Post Evacuate Collection Set: 0.1ms
[2026-03-27T19:25:45.468+0900][5.575s][info][gc,phases   ] GC(184)   Other: 0.1ms
[2026-03-27T19:25:45.468+0900][5.575s][info][gc,heap     ] GC(184) Eden regions: 34->0(193)
[2026-03-27T19:25:45.468+0900][5.575s][info][gc,heap     ] GC(184) Survivor regions: 1->1(27)
[2026-03-27T19:25:45.468+0900][5.575s][info][gc,heap     ] GC(184) Old regions: 1->1
[2026-03-27T19:25:45.468+0900][5.575s][info][gc,heap     ] GC(184) Archive regions: 0->0
[2026-03-27T19:25:45.468+0900][5.575s][info][gc,heap     ] GC(184) Humongous regions: 264->264
[2026-03-27T19:25:45.468+0900][5.575s][info][gc,metaspace] GC(184) Metaspace: 285K(512K)->285K(512K) NonClass: 272K(384K)->272K(384K) Class: 12K(128K)->12K(128K)
[2026-03-27T19:25:45.468+0900][5.575s][info][gc          ] GC(184) Pause Young (Concurrent Start) (G1 Humongous Allocation) 298M->264M(512M) 0.740ms
[2026-03-27T19:25:45.468+0900][5.575s][info][gc,cpu      ] GC(184) User=0.00s Sys=0.00s Real=0.00s
[2026-03-27T19:25:45.468+0900][5.575s][info][gc          ] GC(185) Concurrent Mark Cycle
[2026-03-27T19:25:45.468+0900][5.575s][info][gc,marking  ] GC(185) Concurrent Clear Claimed Marks
[2026-03-27T19:25:45.468+0900][5.575s][info][gc,marking  ] GC(185) Concurrent Clear Claimed Marks 0.015ms
[2026-03-27T19:25:45.468+0900][5.575s][info][gc,marking  ] GC(185) Concurrent Scan Root Regions
[2026-03-27T19:25:45.468+0900][5.575s][info][gc,marking  ] GC(185) Concurrent Scan Root Regions 0.084ms
[2026-03-27T19:25:45.469+0900][5.575s][info][gc,marking  ] GC(185) Concurrent Mark
[2026-03-27T19:25:45.469+0900][5.575s][info][gc,marking  ] GC(185) Concurrent Mark From Roots
[2026-03-27T19:25:45.469+0900][5.575s][info][gc,task     ] GC(185) Using 2 workers of 2 for marking
[2026-03-27T19:25:45.469+0900][5.576s][info][gc,marking  ] GC(185) Concurrent Mark From Roots 0.851ms
[2026-03-27T19:25:45.469+0900][5.576s][info][gc,marking  ] GC(185) Concurrent Preclean
[2026-03-27T19:25:45.469+0900][5.576s][info][gc,marking  ] GC(185) Concurrent Preclean 0.016ms
[2026-03-27T19:25:45.470+0900][5.576s][info][gc,start    ] GC(185) Pause Remark
[2026-03-27T19:25:45.470+0900][5.577s][info][gc          ] GC(185) Pause Remark 287M->287M(512M) 0.271ms
[2026-03-27T19:25:45.470+0900][5.577s][info][gc,cpu      ] GC(185) User=0.00s Sys=0.00s Real=0.00s
[2026-03-27T19:25:45.470+0900][5.577s][info][gc,marking  ] GC(185) Concurrent Mark 1.350ms
[2026-03-27T19:25:45.470+0900][5.577s][info][gc,marking  ] GC(185) Concurrent Rebuild Remembered Sets
[2026-03-27T19:25:45.470+0900][5.577s][info][gc,marking  ] GC(185) Concurrent Rebuild Remembered Sets 0.570ms
[2026-03-27T19:25:45.471+0900][5.577s][info][gc,start    ] GC(185) Pause Cleanup
[2026-03-27T19:25:45.471+0900][5.577s][info][gc          ] GC(185) Pause Cleanup 287M->287M(512M) 0.076ms
[2026-03-27T19:25:45.471+0900][5.577s][info][gc,cpu      ] GC(185) User=0.00s Sys=0.00s Real=0.00s
[2026-03-27T19:25:45.471+0900][5.577s][info][gc,marking  ] GC(185) Concurrent Cleanup for Next Mark
[2026-03-27T19:25:45.471+0900][5.578s][info][gc,marking  ] GC(185) Concurrent Cleanup for Next Mark 0.230ms
[2026-03-27T19:25:45.471+0900][5.578s][info][gc          ] GC(185) Concurrent Mark Cycle 2.649ms
[2026-03-27T19:25:45.515+0900][5.623s][info][gc,start    ] GC(186) Pause Young (Concurrent Start) (G1 Humongous Allocation)
[2026-03-27T19:25:45.515+0900][5.623s][info][gc,task     ] GC(186) Using 8 workers of 8 for evacuation
[2026-03-27T19:25:45.517+0900][5.623s][info][gc,phases   ] GC(186)   Pre Evacuate Collection Set: 0.1ms
[2026-03-27T19:25:45.517+0900][5.623s][info][gc,phases   ] GC(186)   Merge Heap Roots: 0.1ms
[2026-03-27T19:25:45.517+0900][5.623s][info][gc,phases   ] GC(186)   Evacuate Collection Set: 0.1ms
[2026-03-27T19:25:45.517+0900][5.623s][info][gc,phases   ] GC(186)   Post Evacuate Collection Set: 0.2ms
[2026-03-27T19:25:45.517+0900][5.623s][info][gc,phases   ] GC(186)   Other: 0.1ms
[2026-03-27T19:25:45.517+0900][5.623s][info][gc,heap     ] GC(186) Eden regions: 34->0(171)
[2026-03-27T19:25:45.517+0900][5.623s][info][gc,heap     ] GC(186) Survivor regions: 1->1(25)
[2026-03-27T19:25:45.517+0900][5.623s][info][gc,heap     ] GC(186) Old regions: 1->1
[2026-03-27T19:25:45.517+0900][5.623s][info][gc,heap     ] GC(186) Archive regions: 0->0
[2026-03-27T19:25:45.517+0900][5.623s][info][gc,heap     ] GC(186) Humongous regions: 286->286
[2026-03-27T19:25:45.517+0900][5.623s][info][gc,metaspace] GC(186) Metaspace: 285K(512K)->285K(512K) NonClass: 272K(384K)->272K(384K) Class: 12K(128K)->12K(128K)
[2026-03-27T19:25:45.517+0900][5.623s][info][gc          ] GC(186) Pause Young (Concurrent Start) (G1 Humongous Allocation) 320M->286M(512M) 0.755ms
[2026-03-27T19:25:45.517+0900][5.623s][info][gc,cpu      ] GC(186) User=0.00s Sys=0.00s Real=0.00s
[2026-03-27T19:25:45.517+0900][5.623s][info][gc          ] GC(187) Concurrent Mark Cycle
[2026-03-27T19:25:45.517+0900][5.623s][info][gc,marking  ] GC(187) Concurrent Clear Claimed Marks
[2026-03-27T19:25:45.517+0900][5.623s][info][gc,marking  ] GC(187) Concurrent Clear Claimed Marks 0.013ms
[2026-03-27T19:25:45.517+0900][5.623s][info][gc,marking  ] GC(187) Concurrent Scan Root Regions
[2026-03-27T19:25:45.517+0900][5.623s][info][gc,marking  ] GC(187) Concurrent Scan Root Regions 0.053ms
[2026-03-27T19:25:45.517+0900][5.624s][info][gc,marking  ] GC(187) Concurrent Mark
[2026-03-27T19:25:45.517+0900][5.624s][info][gc,marking  ] GC(187) Concurrent Mark From Roots
[2026-03-27T19:25:45.517+0900][5.624s][info][gc,task     ] GC(187) Using 2 workers of 2 for marking
[2026-03-27T19:25:45.518+0900][5.624s][info][gc,marking  ] GC(187) Concurrent Mark From Roots 0.810ms
[2026-03-27T19:25:45.518+0900][5.624s][info][gc,marking  ] GC(187) Concurrent Preclean
[2026-03-27T19:25:45.518+0900][5.624s][info][gc,marking  ] GC(187) Concurrent Preclean 0.015ms
[2026-03-27T19:25:45.518+0900][5.624s][info][gc,start    ] GC(187) Pause Remark
[2026-03-27T19:25:45.518+0900][5.625s][info][gc          ] GC(187) Pause Remark 309M->309M(512M) 0.278ms
[2026-03-27T19:25:45.518+0900][5.625s][info][gc,cpu      ] GC(187) User=0.00s Sys=0.00s Real=0.00s
[2026-03-27T19:25:45.518+0900][5.625s][info][gc,marking  ] GC(187) Concurrent Mark 1.301ms
[2026-03-27T19:25:45.518+0900][5.625s][info][gc,marking  ] GC(187) Concurrent Rebuild Remembered Sets
[2026-03-27T19:25:45.519+0900][5.625s][info][gc,marking  ] GC(187) Concurrent Rebuild Remembered Sets 0.507ms
[2026-03-27T19:25:45.519+0900][5.625s][info][gc,start    ] GC(187) Pause Cleanup
[2026-03-27T19:25:45.519+0900][5.626s][info][gc          ] GC(187) Pause Cleanup 309M->309M(512M) 0.076ms
[2026-03-27T19:25:45.519+0900][5.626s][info][gc,cpu      ] GC(187) User=0.00s Sys=0.00s Real=0.00s
[2026-03-27T19:25:45.519+0900][5.626s][info][gc,marking  ] GC(187) Concurrent Cleanup for Next Mark
[2026-03-27T19:25:45.519+0900][5.626s][info][gc,marking  ] GC(187) Concurrent Cleanup for Next Mark 0.202ms
[2026-03-27T19:25:45.519+0900][5.626s][info][gc          ] GC(187) Concurrent Mark Cycle 2.462ms
[2026-03-27T19:25:45.549+0900][5.655s][info][gc,start    ] GC(188) Pause Young (Concurrent Start) (G1 Humongous Allocation)
[2026-03-27T19:25:45.549+0900][5.655s][info][gc,task     ] GC(188) Using 8 workers of 8 for evacuation
[2026-03-27T19:25:45.549+0900][5.656s][info][gc,phases   ] GC(188)   Pre Evacuate Collection Set: 0.1ms
[2026-03-27T19:25:45.549+0900][5.656s][info][gc,phases   ] GC(188)   Merge Heap Roots: 0.1ms
[2026-03-27T19:25:45.549+0900][5.656s][info][gc,phases   ] GC(188)   Evacuate Collection Set: 0.1ms
[2026-03-27T19:25:45.549+0900][5.656s][info][gc,phases   ] GC(188)   Post Evacuate Collection Set: 0.2ms
[2026-03-27T19:25:45.549+0900][5.656s][info][gc,phases   ] GC(188)   Other: 0.1ms
[2026-03-27T19:25:45.549+0900][5.656s][info][gc,heap     ] GC(188) Eden regions: 34->0(149)
[2026-03-27T19:25:45.549+0900][5.656s][info][gc,heap     ] GC(188) Survivor regions: 1->1(22)
[2026-03-27T19:25:45.549+0900][5.656s][info][gc,heap     ] GC(188) Old regions: 1->1
[2026-03-27T19:25:45.549+0900][5.656s][info][gc,heap     ] GC(188) Archive regions: 0->0
[2026-03-27T19:25:45.549+0900][5.656s][info][gc,heap     ] GC(188) Humongous regions: 308->308
[2026-03-27T19:25:45.549+0900][5.656s][info][gc,metaspace] GC(188) Metaspace: 285K(512K)->285K(512K) NonClass: 272K(384K)->272K(384K) Class: 12K(128K)->12K(128K)
[2026-03-27T19:25:45.549+0900][5.656s][info][gc          ] GC(188) Pause Young (Concurrent Start) (G1 Humongous Allocation) 342M->308M(512M) 0.838ms
[2026-03-27T19:25:45.549+0900][5.656s][info][gc,cpu      ] GC(188) User=0.00s Sys=0.00s Real=0.00s
[2026-03-27T19:25:45.549+0900][5.656s][info][gc          ] GC(189) Concurrent Mark Cycle
[2026-03-27T19:25:45.549+0900][5.656s][info][gc,marking  ] GC(189) Concurrent Clear Claimed Marks
[2026-03-27T19:25:45.549+0900][5.656s][info][gc,marking  ] GC(189) Concurrent Clear Claimed Marks 0.080ms
[2026-03-27T19:25:45.549+0900][5.656s][info][gc,marking  ] GC(189) Concurrent Scan Root Regions
[2026-03-27T19:25:45.549+0900][5.656s][info][gc,marking  ] GC(189) Concurrent Scan Root Regions 0.076ms
[2026-03-27T19:25:45.549+0900][5.656s][info][gc,marking  ] GC(189) Concurrent Mark
[2026-03-27T19:25:45.549+0900][5.656s][info][gc,marking  ] GC(189) Concurrent Mark From Roots
[2026-03-27T19:25:45.549+0900][5.656s][info][gc,task     ] GC(189) Using 2 workers of 2 for marking
[2026-03-27T19:25:45.550+0900][5.657s][info][gc,marking  ] GC(189) Concurrent Mark From Roots 0.819ms
[2026-03-27T19:25:45.550+0900][5.657s][info][gc,marking  ] GC(189) Concurrent Preclean
[2026-03-27T19:25:45.550+0900][5.657s][info][gc,marking  ] GC(189) Concurrent Preclean 0.014ms
[2026-03-27T19:25:45.550+0900][5.657s][info][gc,start    ] GC(189) Pause Remark
[2026-03-27T19:25:45.551+0900][5.658s][info][gc          ] GC(189) Pause Remark 331M->331M(512M) 0.244ms
[2026-03-27T19:25:45.551+0900][5.658s][info][gc,cpu      ] GC(189) User=0.00s Sys=0.00s Real=0.00s
[2026-03-27T19:25:45.551+0900][5.658s][info][gc,marking  ] GC(189) Concurrent Mark 1.257ms
[2026-03-27T19:25:45.551+0900][5.658s][info][gc,marking  ] GC(189) Concurrent Rebuild Remembered Sets
[2026-03-27T19:25:45.551+0900][5.658s][info][gc,marking  ] GC(189) Concurrent Rebuild Remembered Sets 0.462ms
[2026-03-27T19:25:45.551+0900][5.658s][info][gc,start    ] GC(189) Pause Cleanup
[2026-03-27T19:25:45.551+0900][5.658s][info][gc          ] GC(189) Pause Cleanup 331M->331M(512M) 0.069ms
[2026-03-27T19:25:45.551+0900][5.658s][info][gc,cpu      ] GC(189) User=0.00s Sys=0.00s Real=0.00s
[2026-03-27T19:25:45.551+0900][5.658s][info][gc,marking  ] GC(189) Concurrent Cleanup for Next Mark
[2026-03-27T19:25:45.551+0900][5.659s][info][gc,marking  ] GC(189) Concurrent Cleanup for Next Mark 0.204ms
[2026-03-27T19:25:45.551+0900][5.659s][info][gc          ] GC(189) Concurrent Mark Cycle 2.458ms
[2026-03-27T19:25:45.595+0900][5.702s][info][gc,start    ] GC(190) Pause Young (Concurrent Start) (G1 Humongous Allocation)
[2026-03-27T19:25:45.595+0900][5.702s][info][gc,task     ] GC(190) Using 8 workers of 8 for evacuation
[2026-03-27T19:25:45.595+0900][5.703s][info][gc,phases   ] GC(190)   Pre Evacuate Collection Set: 0.1ms
[2026-03-27T19:25:45.595+0900][5.703s][info][gc,phases   ] GC(190)   Merge Heap Roots: 0.1ms
[2026-03-27T19:25:45.595+0900][5.703s][info][gc,phases   ] GC(190)   Evacuate Collection Set: 0.1ms
[2026-03-27T19:25:45.595+0900][5.703s][info][gc,phases   ] GC(190)   Post Evacuate Collection Set: 0.2ms
[2026-03-27T19:25:45.595+0900][5.703s][info][gc,phases   ] GC(190)   Other: 0.1ms
[2026-03-27T19:25:45.595+0900][5.703s][info][gc,heap     ] GC(190) Eden regions: 34->0(127)
[2026-03-27T19:25:45.595+0900][5.703s][info][gc,heap     ] GC(190) Survivor regions: 1->1(19)
[2026-03-27T19:25:45.595+0900][5.703s][info][gc,heap     ] GC(190) Old regions: 1->1
[2026-03-27T19:25:45.595+0900][5.703s][info][gc,heap     ] GC(190) Archive regions: 0->0
[2026-03-27T19:25:45.595+0900][5.703s][info][gc,heap     ] GC(190) Humongous regions: 330->330
[2026-03-27T19:25:45.595+0900][5.703s][info][gc,metaspace] GC(190) Metaspace: 285K(512K)->285K(512K) NonClass: 272K(384K)->272K(384K) Class: 12K(128K)->12K(128K)
[2026-03-27T19:25:45.595+0900][5.703s][info][gc          ] GC(190) Pause Young (Concurrent Start) (G1 Humongous Allocation) 364M->330M(512M) 0.852ms
[2026-03-27T19:25:45.595+0900][5.703s][info][gc,cpu      ] GC(190) User=0.00s Sys=0.00s Real=0.00s
[2026-03-27T19:25:45.595+0900][5.703s][info][gc          ] GC(191) Concurrent Mark Cycle
[2026-03-27T19:25:45.595+0900][5.703s][info][gc,marking  ] GC(191) Concurrent Clear Claimed Marks
[2026-03-27T19:25:45.595+0900][5.703s][info][gc,marking  ] GC(191) Concurrent Clear Claimed Marks 0.017ms
[2026-03-27T19:25:45.595+0900][5.703s][info][gc,marking  ] GC(191) Concurrent Scan Root Regions
[2026-03-27T19:25:45.595+0900][5.703s][info][gc,marking  ] GC(191) Concurrent Scan Root Regions 0.074ms
[2026-03-27T19:25:45.595+0900][5.703s][info][gc,marking  ] GC(191) Concurrent Mark
[2026-03-27T19:25:45.595+0900][5.703s][info][gc,marking  ] GC(191) Concurrent Mark From Roots
[2026-03-27T19:25:45.595+0900][5.703s][info][gc,task     ] GC(191) Using 2 workers of 2 for marking
[2026-03-27T19:25:45.598+0900][5.704s][info][gc,marking  ] GC(191) Concurrent Mark From Roots 0.942ms
[2026-03-27T19:25:45.598+0900][5.704s][info][gc,marking  ] GC(191) Concurrent Preclean
[2026-03-27T19:25:45.598+0900][5.704s][info][gc,marking  ] GC(191) Concurrent Preclean 0.020ms
[2026-03-27T19:25:45.598+0900][5.704s][info][gc,start    ] GC(191) Pause Remark
[2026-03-27T19:25:45.598+0900][5.704s][info][gc          ] GC(191) Pause Remark 353M->353M(512M) 0.295ms
[2026-03-27T19:25:45.598+0900][5.704s][info][gc,cpu      ] GC(191) User=0.00s Sys=0.00s Real=0.00s
[2026-03-27T19:25:45.598+0900][5.704s][info][gc,marking  ] GC(191) Concurrent Mark 1.444ms
[2026-03-27T19:25:45.598+0900][5.704s][info][gc,marking  ] GC(191) Concurrent Rebuild Remembered Sets
[2026-03-27T19:25:45.598+0900][5.705s][info][gc,marking  ] GC(191) Concurrent Rebuild Remembered Sets 0.508ms
[2026-03-27T19:25:45.598+0900][5.705s][info][gc,start    ] GC(191) Pause Cleanup
[2026-03-27T19:25:45.598+0900][5.705s][info][gc          ] GC(191) Pause Cleanup 353M->353M(512M) 0.080ms
[2026-03-27T19:25:45.598+0900][5.705s][info][gc,cpu      ] GC(191) User=0.00s Sys=0.00s Real=0.00s
[2026-03-27T19:25:45.598+0900][5.705s][info][gc,marking  ] GC(191) Concurrent Cleanup for Next Mark
[2026-03-27T19:25:45.599+0900][5.705s][info][gc,marking  ] GC(191) Concurrent Cleanup for Next Mark 0.208ms
[2026-03-27T19:25:45.599+0900][5.705s][info][gc          ] GC(191) Concurrent Mark Cycle 2.690ms
[2026-03-27T19:25:45.641+0900][5.748s][info][gc,start    ] GC(192) Pause Young (Concurrent Start) (G1 Humongous Allocation)
[2026-03-27T19:25:45.641+0900][5.748s][info][gc,task     ] GC(192) Using 8 workers of 8 for evacuation
[2026-03-27T19:25:45.642+0900][5.749s][info][gc,phases   ] GC(192)   Pre Evacuate Collection Set: 0.1ms
[2026-03-27T19:25:45.642+0900][5.749s][info][gc,phases   ] GC(192)   Merge Heap Roots: 0.1ms
[2026-03-27T19:25:45.642+0900][5.749s][info][gc,phases   ] GC(192)   Evacuate Collection Set: 0.1ms
[2026-03-27T19:25:45.642+0900][5.749s][info][gc,phases   ] GC(192)   Post Evacuate Collection Set: 0.1ms
[2026-03-27T19:25:45.642+0900][5.749s][info][gc,phases   ] GC(192)   Other: 0.1ms
[2026-03-27T19:25:45.642+0900][5.749s][info][gc,heap     ] GC(192) Eden regions: 34->0(105)
[2026-03-27T19:25:45.642+0900][5.749s][info][gc,heap     ] GC(192) Survivor regions: 1->1(16)
[2026-03-27T19:25:45.642+0900][5.749s][info][gc,heap     ] GC(192) Old regions: 1->1
[2026-03-27T19:25:45.642+0900][5.749s][info][gc,heap     ] GC(192) Archive regions: 0->0
[2026-03-27T19:25:45.642+0900][5.749s][info][gc,heap     ] GC(192) Humongous regions: 352->352
[2026-03-27T19:25:45.642+0900][5.749s][info][gc,metaspace] GC(192) Metaspace: 285K(512K)->285K(512K) NonClass: 272K(384K)->272K(384K) Class: 12K(128K)->12K(128K)
[2026-03-27T19:25:45.642+0900][5.749s][info][gc          ] GC(192) Pause Young (Concurrent Start) (G1 Humongous Allocation) 386M->352M(512M) 0.736ms
[2026-03-27T19:25:45.642+0900][5.749s][info][gc,cpu      ] GC(192) User=0.00s Sys=0.00s Real=0.00s
[2026-03-27T19:25:45.642+0900][5.749s][info][gc          ] GC(193) Concurrent Mark Cycle
[2026-03-27T19:25:45.642+0900][5.749s][info][gc,marking  ] GC(193) Concurrent Clear Claimed Marks
[2026-03-27T19:25:45.642+0900][5.749s][info][gc,marking  ] GC(193) Concurrent Clear Claimed Marks 0.012ms
[2026-03-27T19:25:45.642+0900][5.749s][info][gc,marking  ] GC(193) Concurrent Scan Root Regions
[2026-03-27T19:25:45.642+0900][5.749s][info][gc,marking  ] GC(193) Concurrent Scan Root Regions 0.060ms
[2026-03-27T19:25:45.642+0900][5.749s][info][gc,marking  ] GC(193) Concurrent Mark
[2026-03-27T19:25:45.642+0900][5.749s][info][gc,marking  ] GC(193) Concurrent Mark From Roots
[2026-03-27T19:25:45.642+0900][5.749s][info][gc,task     ] GC(193) Using 2 workers of 2 for marking
[2026-03-27T19:25:45.644+0900][5.750s][info][gc,marking  ] GC(193) Concurrent Mark From Roots 0.855ms
[2026-03-27T19:25:45.644+0900][5.750s][info][gc,marking  ] GC(193) Concurrent Preclean
[2026-03-27T19:25:45.644+0900][5.750s][info][gc,marking  ] GC(193) Concurrent Preclean 0.015ms
[2026-03-27T19:25:45.644+0900][5.750s][info][gc,start    ] GC(193) Pause Remark
[2026-03-27T19:25:45.644+0900][5.750s][info][gc          ] GC(193) Pause Remark 375M->375M(512M) 0.256ms
[2026-03-27T19:25:45.644+0900][5.750s][info][gc,cpu      ] GC(193) User=0.00s Sys=0.02s Real=0.00s
[2026-03-27T19:25:45.644+0900][5.751s][info][gc,marking  ] GC(193) Concurrent Mark 1.281ms
[2026-03-27T19:25:45.644+0900][5.751s][info][gc,marking  ] GC(193) Concurrent Rebuild Remembered Sets
[2026-03-27T19:25:45.645+0900][5.751s][info][gc,marking  ] GC(193) Concurrent Rebuild Remembered Sets 0.435ms
[2026-03-27T19:25:45.645+0900][5.751s][info][gc,start    ] GC(193) Pause Cleanup
[2026-03-27T19:25:45.645+0900][5.751s][info][gc          ] GC(193) Pause Cleanup 375M->375M(512M) 0.067ms
[2026-03-27T19:25:45.645+0900][5.751s][info][gc,cpu      ] GC(193) User=0.00s Sys=0.00s Real=0.00s
[2026-03-27T19:25:45.645+0900][5.751s][info][gc,marking  ] GC(193) Concurrent Cleanup for Next Mark
[2026-03-27T19:25:45.645+0900][5.751s][info][gc,marking  ] GC(193) Concurrent Cleanup for Next Mark 0.212ms
[2026-03-27T19:25:45.645+0900][5.751s][info][gc          ] GC(193) Concurrent Mark Cycle 2.360ms
[2026-03-27T19:25:45.689+0900][5.796s][info][gc,start    ] GC(194) Pause Young (Concurrent Start) (G1 Humongous Allocation)
[2026-03-27T19:25:45.689+0900][5.796s][info][gc,task     ] GC(194) Using 8 workers of 8 for evacuation
[2026-03-27T19:25:45.689+0900][5.796s][info][gc,phases   ] GC(194)   Pre Evacuate Collection Set: 0.1ms
[2026-03-27T19:25:45.689+0900][5.796s][info][gc,phases   ] GC(194)   Merge Heap Roots: 0.1ms
[2026-03-27T19:25:45.689+0900][5.796s][info][gc,phases   ] GC(194)   Evacuate Collection Set: 0.1ms
[2026-03-27T19:25:45.689+0900][5.796s][info][gc,phases   ] GC(194)   Post Evacuate Collection Set: 0.2ms
[2026-03-27T19:25:45.689+0900][5.796s][info][gc,phases   ] GC(194)   Other: 0.1ms
[2026-03-27T19:25:45.689+0900][5.796s][info][gc,heap     ] GC(194) Eden regions: 34->0(83)
[2026-03-27T19:25:45.689+0900][5.796s][info][gc,heap     ] GC(194) Survivor regions: 1->1(14)
[2026-03-27T19:25:45.689+0900][5.796s][info][gc,heap     ] GC(194) Old regions: 1->1
[2026-03-27T19:25:45.689+0900][5.796s][info][gc,heap     ] GC(194) Archive regions: 0->0
[2026-03-27T19:25:45.689+0900][5.796s][info][gc,heap     ] GC(194) Humongous regions: 374->374
[2026-03-27T19:25:45.689+0900][5.796s][info][gc,metaspace] GC(194) Metaspace: 285K(512K)->285K(512K) NonClass: 272K(384K)->272K(384K) Class: 12K(128K)->12K(128K)
[2026-03-27T19:25:45.689+0900][5.797s][info][gc          ] GC(194) Pause Young (Concurrent Start) (G1 Humongous Allocation) 408M->374M(512M) 0.883ms
[2026-03-27T19:25:45.689+0900][5.797s][info][gc,cpu      ] GC(194) User=0.00s Sys=0.00s Real=0.00s
[2026-03-27T19:25:45.689+0900][5.797s][info][gc          ] GC(195) Concurrent Mark Cycle
[2026-03-27T19:25:45.690+0900][5.797s][info][gc,marking  ] GC(195) Concurrent Clear Claimed Marks
[2026-03-27T19:25:45.690+0900][5.797s][info][gc,marking  ] GC(195) Concurrent Clear Claimed Marks 0.013ms
[2026-03-27T19:25:45.690+0900][5.797s][info][gc,marking  ] GC(195) Concurrent Scan Root Regions
[2026-03-27T19:25:45.690+0900][5.797s][info][gc,marking  ] GC(195) Concurrent Scan Root Regions 0.074ms
[2026-03-27T19:25:45.690+0900][5.797s][info][gc,marking  ] GC(195) Concurrent Mark
[2026-03-27T19:25:45.690+0900][5.797s][info][gc,marking  ] GC(195) Concurrent Mark From Roots
[2026-03-27T19:25:45.690+0900][5.797s][info][gc,task     ] GC(195) Using 2 workers of 2 for marking
[2026-03-27T19:25:45.691+0900][5.798s][info][gc,marking  ] GC(195) Concurrent Mark From Roots 1.169ms
[2026-03-27T19:25:45.691+0900][5.798s][info][gc,marking  ] GC(195) Concurrent Preclean
[2026-03-27T19:25:45.691+0900][5.798s][info][gc,marking  ] GC(195) Concurrent Preclean 0.066ms
[2026-03-27T19:25:45.691+0900][5.798s][info][gc,start    ] GC(195) Pause Remark
[2026-03-27T19:25:45.691+0900][5.798s][info][gc          ] GC(195) Pause Remark 397M->397M(512M) 0.300ms
[2026-03-27T19:25:45.691+0900][5.798s][info][gc,cpu      ] GC(195) User=0.00s Sys=0.00s Real=0.00s
[2026-03-27T19:25:45.691+0900][5.799s][info][gc,marking  ] GC(195) Concurrent Mark 1.791ms
[2026-03-27T19:25:45.691+0900][5.799s][info][gc,marking  ] GC(195) Concurrent Rebuild Remembered Sets
[2026-03-27T19:25:45.692+0900][5.799s][info][gc,marking  ] GC(195) Concurrent Rebuild Remembered Sets 0.510ms
[2026-03-27T19:25:45.692+0900][5.799s][info][gc,start    ] GC(195) Pause Cleanup
[2026-03-27T19:25:45.692+0900][5.799s][info][gc          ] GC(195) Pause Cleanup 397M->397M(512M) 0.066ms
[2026-03-27T19:25:45.692+0900][5.799s][info][gc,cpu      ] GC(195) User=0.00s Sys=0.00s Real=0.00s
[2026-03-27T19:25:45.692+0900][5.799s][info][gc,marking  ] GC(195) Concurrent Cleanup for Next Mark
[2026-03-27T19:25:45.692+0900][5.799s][info][gc,marking  ] GC(195) Concurrent Cleanup for Next Mark 0.198ms
[2026-03-27T19:25:45.692+0900][5.800s][info][gc          ] GC(195) Concurrent Mark Cycle 2.971ms
[2026-03-27T19:25:45.737+0900][5.843s][info][gc,start    ] GC(196) Pause Young (Concurrent Start) (G1 Humongous Allocation)
[2026-03-27T19:25:45.737+0900][5.843s][info][gc,task     ] GC(196) Using 8 workers of 8 for evacuation
[2026-03-27T19:25:45.737+0900][5.843s][info][gc,phases   ] GC(196)   Pre Evacuate Collection Set: 0.1ms
[2026-03-27T19:25:45.737+0900][5.843s][info][gc,phases   ] GC(196)   Merge Heap Roots: 0.1ms
[2026-03-27T19:25:45.737+0900][5.843s][info][gc,phases   ] GC(196)   Evacuate Collection Set: 0.1ms
[2026-03-27T19:25:45.737+0900][5.843s][info][gc,phases   ] GC(196)   Post Evacuate Collection Set: 0.1ms
[2026-03-27T19:25:45.737+0900][5.843s][info][gc,phases   ] GC(196)   Other: 0.1ms
[2026-03-27T19:25:45.737+0900][5.843s][info][gc,heap     ] GC(196) Eden regions: 34->0(61)
[2026-03-27T19:25:45.737+0900][5.844s][info][gc,heap     ] GC(196) Survivor regions: 1->1(11)
[2026-03-27T19:25:45.737+0900][5.844s][info][gc,heap     ] GC(196) Old regions: 1->1
[2026-03-27T19:25:45.737+0900][5.844s][info][gc,heap     ] GC(196) Archive regions: 0->0
[2026-03-27T19:25:45.737+0900][5.844s][info][gc,heap     ] GC(196) Humongous regions: 396->396
[2026-03-27T19:25:45.737+0900][5.844s][info][gc,metaspace] GC(196) Metaspace: 285K(512K)->285K(512K) NonClass: 272K(384K)->272K(384K) Class: 12K(128K)->12K(128K)
[2026-03-27T19:25:45.737+0900][5.844s][info][gc          ] GC(196) Pause Young (Concurrent Start) (G1 Humongous Allocation) 430M->396M(512M) 0.695ms
[2026-03-27T19:25:45.737+0900][5.844s][info][gc,cpu      ] GC(196) User=0.00s Sys=0.00s Real=0.00s
[2026-03-27T19:25:45.737+0900][5.844s][info][gc          ] GC(197) Concurrent Mark Cycle
[2026-03-27T19:25:45.737+0900][5.844s][info][gc,marking  ] GC(197) Concurrent Clear Claimed Marks
[2026-03-27T19:25:45.737+0900][5.844s][info][gc,marking  ] GC(197) Concurrent Clear Claimed Marks 0.012ms
[2026-03-27T19:25:45.737+0900][5.844s][info][gc,marking  ] GC(197) Concurrent Scan Root Regions
[2026-03-27T19:25:45.737+0900][5.844s][info][gc,marking  ] GC(197) Concurrent Scan Root Regions 0.075ms
[2026-03-27T19:25:45.737+0900][5.844s][info][gc,marking  ] GC(197) Concurrent Mark
[2026-03-27T19:25:45.737+0900][5.844s][info][gc,marking  ] GC(197) Concurrent Mark From Roots
[2026-03-27T19:25:45.737+0900][5.844s][info][gc,task     ] GC(197) Using 2 workers of 2 for marking
[2026-03-27T19:25:45.738+0900][5.845s][info][gc,marking  ] GC(197) Concurrent Mark From Roots 1.023ms
[2026-03-27T19:25:45.738+0900][5.845s][info][gc,marking  ] GC(197) Concurrent Preclean
[2026-03-27T19:25:45.738+0900][5.845s][info][gc,marking  ] GC(197) Concurrent Preclean 0.015ms
[2026-03-27T19:25:45.739+0900][5.845s][info][gc,start    ] GC(197) Pause Remark
[2026-03-27T19:25:45.739+0900][5.845s][info][gc          ] GC(197) Pause Remark 419M->419M(512M) 0.259ms
[2026-03-27T19:25:45.739+0900][5.845s][info][gc,cpu      ] GC(197) User=0.00s Sys=0.00s Real=0.00s
[2026-03-27T19:25:45.739+0900][5.845s][info][gc,marking  ] GC(197) Concurrent Mark 1.551ms
[2026-03-27T19:25:45.739+0900][5.845s][info][gc,marking  ] GC(197) Concurrent Rebuild Remembered Sets
[2026-03-27T19:25:45.739+0900][5.846s][info][gc,marking  ] GC(197) Concurrent Rebuild Remembered Sets 0.446ms
[2026-03-27T19:25:45.740+0900][5.846s][info][gc,start    ] GC(197) Pause Cleanup
[2026-03-27T19:25:45.740+0900][5.846s][info][gc          ] GC(197) Pause Cleanup 419M->419M(512M) 0.072ms
[2026-03-27T19:25:45.740+0900][5.846s][info][gc,cpu      ] GC(197) User=0.00s Sys=0.00s Real=0.00s
[2026-03-27T19:25:45.740+0900][5.846s][info][gc,marking  ] GC(197) Concurrent Cleanup for Next Mark
[2026-03-27T19:25:45.740+0900][5.846s][info][gc,marking  ] GC(197) Concurrent Cleanup for Next Mark 0.190ms
[2026-03-27T19:25:45.740+0900][5.846s][info][gc          ] GC(197) Concurrent Mark Cycle 2.652ms
[2026-03-27T19:25:45.782+0900][5.889s][info][gc,start    ] GC(198) Pause Young (Concurrent Start) (G1 Humongous Allocation)
[2026-03-27T19:25:45.782+0900][5.889s][info][gc,task     ] GC(198) Using 8 workers of 8 for evacuation
[2026-03-27T19:25:45.783+0900][5.890s][info][gc,phases   ] GC(198)   Pre Evacuate Collection Set: 0.1ms
[2026-03-27T19:25:45.783+0900][5.890s][info][gc,phases   ] GC(198)   Merge Heap Roots: 0.1ms
[2026-03-27T19:25:45.783+0900][5.890s][info][gc,phases   ] GC(198)   Evacuate Collection Set: 0.1ms
[2026-03-27T19:25:45.783+0900][5.890s][info][gc,phases   ] GC(198)   Post Evacuate Collection Set: 0.1ms
[2026-03-27T19:25:45.783+0900][5.890s][info][gc,phases   ] GC(198)   Other: 0.1ms
[2026-03-27T19:25:45.783+0900][5.890s][info][gc,heap     ] GC(198) Eden regions: 34->0(39)
[2026-03-27T19:25:45.783+0900][5.890s][info][gc,heap     ] GC(198) Survivor regions: 1->1(8)
[2026-03-27T19:25:45.783+0900][5.890s][info][gc,heap     ] GC(198) Old regions: 1->1
[2026-03-27T19:25:45.783+0900][5.890s][info][gc,heap     ] GC(198) Archive regions: 0->0
[2026-03-27T19:25:45.783+0900][5.890s][info][gc,heap     ] GC(198) Humongous regions: 418->418
[2026-03-27T19:25:45.783+0900][5.890s][info][gc,metaspace] GC(198) Metaspace: 285K(512K)->285K(512K) NonClass: 272K(384K)->272K(384K) Class: 12K(128K)->12K(128K)
[2026-03-27T19:25:45.783+0900][5.890s][info][gc          ] GC(198) Pause Young (Concurrent Start) (G1 Humongous Allocation) 452M->418M(512M) 0.733ms
[2026-03-27T19:25:45.783+0900][5.890s][info][gc,cpu      ] GC(198) User=0.00s Sys=0.00s Real=0.00s
[2026-03-27T19:25:45.783+0900][5.890s][info][gc          ] GC(199) Concurrent Mark Cycle
[2026-03-27T19:25:45.783+0900][5.890s][info][gc,marking  ] GC(199) Concurrent Clear Claimed Marks
[2026-03-27T19:25:45.783+0900][5.890s][info][gc,marking  ] GC(199) Concurrent Clear Claimed Marks 0.012ms
[2026-03-27T19:25:45.783+0900][5.890s][info][gc,marking  ] GC(199) Concurrent Scan Root Regions
[2026-03-27T19:25:45.783+0900][5.890s][info][gc,marking  ] GC(199) Concurrent Scan Root Regions 0.091ms
[2026-03-27T19:25:45.783+0900][5.890s][info][gc,marking  ] GC(199) Concurrent Mark
[2026-03-27T19:25:45.783+0900][5.890s][info][gc,marking  ] GC(199) Concurrent Mark From Roots
[2026-03-27T19:25:45.783+0900][5.890s][info][gc,task     ] GC(199) Using 2 workers of 2 for marking
[2026-03-27T19:25:45.785+0900][5.892s][info][gc,marking  ] GC(199) Concurrent Mark From Roots 1.222ms
[2026-03-27T19:25:45.785+0900][5.892s][info][gc,marking  ] GC(199) Concurrent Preclean
[2026-03-27T19:25:45.785+0900][5.892s][info][gc,marking  ] GC(199) Concurrent Preclean 0.016ms
[2026-03-27T19:25:45.785+0900][5.892s][info][gc,start    ] GC(199) Pause Remark
[2026-03-27T19:25:45.785+0900][5.892s][info][gc          ] GC(199) Pause Remark 441M->441M(512M) 0.252ms
[2026-03-27T19:25:45.785+0900][5.892s][info][gc,cpu      ] GC(199) User=0.00s Sys=0.00s Real=0.00s
[2026-03-27T19:25:45.785+0900][5.892s][info][gc,marking  ] GC(199) Concurrent Mark 1.649ms
[2026-03-27T19:25:45.785+0900][5.892s][info][gc,marking  ] GC(199) Concurrent Rebuild Remembered Sets
[2026-03-27T19:25:45.786+0900][5.893s][info][gc,marking  ] GC(199) Concurrent Rebuild Remembered Sets 0.491ms
[2026-03-27T19:25:45.786+0900][5.893s][info][gc,start    ] GC(199) Pause Cleanup
[2026-03-27T19:25:45.786+0900][5.893s][info][gc          ] GC(199) Pause Cleanup 441M->441M(512M) 0.067ms
[2026-03-27T19:25:45.786+0900][5.893s][info][gc,cpu      ] GC(199) User=0.00s Sys=0.00s Real=0.00s
[2026-03-27T19:25:45.786+0900][5.893s][info][gc,marking  ] GC(199) Concurrent Cleanup for Next Mark
[2026-03-27T19:25:45.786+0900][5.893s][info][gc,marking  ] GC(199) Concurrent Cleanup for Next Mark 0.205ms
[2026-03-27T19:25:45.786+0900][5.893s][info][gc          ] GC(199) Concurrent Mark Cycle 2.930ms
[2026-03-27T19:25:45.829+0900][5.935s][info][gc,start    ] GC(200) Pause Young (Concurrent Start) (G1 Humongous Allocation)
[2026-03-27T19:25:45.829+0900][5.935s][info][gc,task     ] GC(200) Using 8 workers of 8 for evacuation
[2026-03-27T19:25:45.829+0900][5.936s][info][gc,phases   ] GC(200)   Pre Evacuate Collection Set: 0.1ms
[2026-03-27T19:25:45.829+0900][5.936s][info][gc,phases   ] GC(200)   Merge Heap Roots: 0.1ms
[2026-03-27T19:25:45.829+0900][5.936s][info][gc,phases   ] GC(200)   Evacuate Collection Set: 0.1ms
[2026-03-27T19:25:45.829+0900][5.936s][info][gc,phases   ] GC(200)   Post Evacuate Collection Set: 0.1ms
[2026-03-27T19:25:45.829+0900][5.936s][info][gc,phases   ] GC(200)   Other: 0.1ms
[2026-03-27T19:25:45.829+0900][5.936s][info][gc,heap     ] GC(200) Eden regions: 34->0(24)
[2026-03-27T19:25:45.829+0900][5.936s][info][gc,heap     ] GC(200) Survivor regions: 1->1(5)
[2026-03-27T19:25:45.829+0900][5.936s][info][gc,heap     ] GC(200) Old regions: 1->1
[2026-03-27T19:25:45.829+0900][5.936s][info][gc,heap     ] GC(200) Archive regions: 0->0
[2026-03-27T19:25:45.829+0900][5.936s][info][gc,heap     ] GC(200) Humongous regions: 440->440
[2026-03-27T19:25:45.829+0900][5.936s][info][gc,metaspace] GC(200) Metaspace: 285K(512K)->285K(512K) NonClass: 272K(384K)->272K(384K) Class: 12K(128K)->12K(128K)
[2026-03-27T19:25:45.829+0900][5.936s][info][gc          ] GC(200) Pause Young (Concurrent Start) (G1 Humongous Allocation) 474M->440M(512M) 0.723ms
[2026-03-27T19:25:45.829+0900][5.936s][info][gc,cpu      ] GC(200) User=0.00s Sys=0.00s Real=0.00s
[2026-03-27T19:25:45.829+0900][5.936s][info][gc          ] GC(201) Concurrent Mark Cycle
[2026-03-27T19:25:45.829+0900][5.936s][info][gc,marking  ] GC(201) Concurrent Clear Claimed Marks
[2026-03-27T19:25:45.829+0900][5.936s][info][gc,marking  ] GC(201) Concurrent Clear Claimed Marks 0.012ms
[2026-03-27T19:25:45.829+0900][5.936s][info][gc,marking  ] GC(201) Concurrent Scan Root Regions
[2026-03-27T19:25:45.830+0900][5.936s][info][gc,marking  ] GC(201) Concurrent Scan Root Regions 0.094ms
[2026-03-27T19:25:45.830+0900][5.936s][info][gc,marking  ] GC(201) Concurrent Mark
[2026-03-27T19:25:45.830+0900][5.936s][info][gc,marking  ] GC(201) Concurrent Mark From Roots
[2026-03-27T19:25:45.830+0900][5.936s][info][gc,task     ] GC(201) Using 2 workers of 2 for marking
[2026-03-27T19:25:45.830+0900][5.937s][info][gc,marking  ] GC(201) Concurrent Mark From Roots 0.801ms
[2026-03-27T19:25:45.830+0900][5.937s][info][gc,marking  ] GC(201) Concurrent Preclean
[2026-03-27T19:25:45.830+0900][5.937s][info][gc,marking  ] GC(201) Concurrent Preclean 0.016ms
[2026-03-27T19:25:45.831+0900][5.937s][info][gc,start    ] GC(201) Pause Remark
[2026-03-27T19:25:45.831+0900][5.937s][info][gc          ] GC(201) Pause Remark 463M->463M(512M) 0.254ms
[2026-03-27T19:25:45.831+0900][5.937s][info][gc,cpu      ] GC(201) User=0.00s Sys=0.00s Real=0.00s
[2026-03-27T19:25:45.831+0900][5.937s][info][gc,marking  ] GC(201) Concurrent Mark 1.290ms
[2026-03-27T19:25:45.831+0900][5.937s][info][gc,marking  ] GC(201) Concurrent Rebuild Remembered Sets
[2026-03-27T19:25:45.831+0900][5.938s][info][gc,marking  ] GC(201) Concurrent Rebuild Remembered Sets 0.517ms
[2026-03-27T19:25:45.832+0900][5.938s][info][gc,start    ] GC(201) Pause Cleanup
[2026-03-27T19:25:45.832+0900][5.938s][info][gc          ] GC(201) Pause Cleanup 463M->463M(512M) 0.081ms
[2026-03-27T19:25:45.832+0900][5.938s][info][gc,cpu      ] GC(201) User=0.00s Sys=0.00s Real=0.00s
[2026-03-27T19:25:45.832+0900][5.938s][info][gc,marking  ] GC(201) Concurrent Cleanup for Next Mark
[2026-03-27T19:25:45.832+0900][5.939s][info][gc,marking  ] GC(201) Concurrent Cleanup for Next Mark 0.201ms
[2026-03-27T19:25:45.832+0900][5.939s][info][gc          ] GC(201) Concurrent Mark Cycle 2.567ms
[2026-03-27T19:25:45.875+0900][5.981s][info][gc,start    ] GC(202) Pause Young (Normal) (G1 Evacuation Pause)
[2026-03-27T19:25:45.875+0900][5.981s][info][gc,task     ] GC(202) Using 8 workers of 8 for evacuation
[2026-03-27T19:25:45.875+0900][5.982s][info][gc,phases   ] GC(202)   Pre Evacuate Collection Set: 0.1ms
[2026-03-27T19:25:45.875+0900][5.982s][info][gc,phases   ] GC(202)   Merge Heap Roots: 0.1ms
[2026-03-27T19:25:45.875+0900][5.982s][info][gc,phases   ] GC(202)   Evacuate Collection Set: 0.1ms
[2026-03-27T19:25:45.875+0900][5.982s][info][gc,phases   ] GC(202)   Post Evacuate Collection Set: 0.1ms
[2026-03-27T19:25:45.875+0900][5.982s][info][gc,phases   ] GC(202)   Other: 0.1ms
[2026-03-27T19:25:45.875+0900][5.982s][info][gc,heap     ] GC(202) Eden regions: 24->0(24)
[2026-03-27T19:25:45.875+0900][5.982s][info][gc,heap     ] GC(202) Survivor regions: 1->1(4)
[2026-03-27T19:25:45.875+0900][5.982s][info][gc,heap     ] GC(202) Old regions: 1->1
[2026-03-27T19:25:45.875+0900][5.982s][info][gc,heap     ] GC(202) Archive regions: 0->0
[2026-03-27T19:25:45.875+0900][5.982s][info][gc,heap     ] GC(202) Humongous regions: 462->462
[2026-03-27T19:25:45.875+0900][5.982s][info][gc,metaspace] GC(202) Metaspace: 285K(512K)->285K(512K) NonClass: 272K(384K)->272K(384K) Class: 12K(128K)->12K(128K)
[2026-03-27T19:25:45.875+0900][5.982s][info][gc          ] GC(202) Pause Young (Normal) (G1 Evacuation Pause) 486M->462M(512M) 0.739ms
[2026-03-27T19:25:45.875+0900][5.982s][info][gc,cpu      ] GC(202) User=0.00s Sys=0.00s Real=0.00s
[2026-03-27T19:25:45.876+0900][5.982s][info][gc,start    ] GC(203) Pause Young (Concurrent Start) (G1 Humongous Allocation)
[2026-03-27T19:25:45.876+0900][5.982s][info][gc,task     ] GC(203) Using 8 workers of 8 for evacuation
[2026-03-27T19:25:45.876+0900][5.983s][info][gc,phases   ] GC(203)   Pre Evacuate Collection Set: 0.1ms
[2026-03-27T19:25:45.876+0900][5.983s][info][gc,phases   ] GC(203)   Merge Heap Roots: 0.0ms
[2026-03-27T19:25:45.876+0900][5.983s][info][gc,phases   ] GC(203)   Evacuate Collection Set: 0.1ms
[2026-03-27T19:25:45.876+0900][5.983s][info][gc,phases   ] GC(203)   Post Evacuate Collection Set: 0.1ms
[2026-03-27T19:25:45.876+0900][5.983s][info][gc,phases   ] GC(203)   Other: 0.1ms
[2026-03-27T19:25:45.876+0900][5.983s][info][gc,heap     ] GC(203) Eden regions: 10->0(24)
[2026-03-27T19:25:45.876+0900][5.983s][info][gc,heap     ] GC(203) Survivor regions: 1->1(4)
[2026-03-27T19:25:45.876+0900][5.983s][info][gc,heap     ] GC(203) Old regions: 1->1
[2026-03-27T19:25:45.876+0900][5.983s][info][gc,heap     ] GC(203) Archive regions: 0->0
[2026-03-27T19:25:45.876+0900][5.983s][info][gc,heap     ] GC(203) Humongous regions: 462->462
[2026-03-27T19:25:45.876+0900][5.983s][info][gc,metaspace] GC(203) Metaspace: 285K(512K)->285K(512K) NonClass: 272K(384K)->272K(384K) Class: 12K(128K)->12K(128K)
[2026-03-27T19:25:45.876+0900][5.983s][info][gc          ] GC(203) Pause Young (Concurrent Start) (G1 Humongous Allocation) 472M->462M(512M) 0.579ms
[2026-03-27T19:25:45.876+0900][5.983s][info][gc,cpu      ] GC(203) User=0.00s Sys=0.00s Real=0.00s
[2026-03-27T19:25:45.876+0900][5.983s][info][gc          ] GC(204) Concurrent Mark Cycle
[2026-03-27T19:25:45.876+0900][5.983s][info][gc,marking  ] GC(204) Concurrent Clear Claimed Marks
[2026-03-27T19:25:45.876+0900][5.983s][info][gc,marking  ] GC(204) Concurrent Clear Claimed Marks 0.014ms
[2026-03-27T19:25:45.876+0900][5.983s][info][gc,marking  ] GC(204) Concurrent Scan Root Regions
[2026-03-27T19:25:45.876+0900][5.983s][info][gc,marking  ] GC(204) Concurrent Scan Root Regions 0.146ms
[2026-03-27T19:25:45.876+0900][5.983s][info][gc,marking  ] GC(204) Concurrent Mark
[2026-03-27T19:25:45.876+0900][5.983s][info][gc,marking  ] GC(204) Concurrent Mark From Roots
[2026-03-27T19:25:45.876+0900][5.983s][info][gc,task     ] GC(204) Using 2 workers of 2 for marking
[2026-03-27T19:25:45.877+0900][5.984s][info][gc,marking  ] GC(204) Concurrent Mark From Roots 0.848ms
[2026-03-27T19:25:45.877+0900][5.984s][info][gc,marking  ] GC(204) Concurrent Preclean
[2026-03-27T19:25:45.877+0900][5.984s][info][gc,marking  ] GC(204) Concurrent Preclean 0.017ms
[2026-03-27T19:25:45.877+0900][5.984s][info][gc,start    ] GC(204) Pause Remark
[2026-03-27T19:25:45.878+0900][5.985s][info][gc          ] GC(204) Pause Remark 485M->485M(512M) 0.270ms
[2026-03-27T19:25:45.878+0900][5.985s][info][gc,cpu      ] GC(204) User=0.00s Sys=0.00s Real=0.00s
[2026-03-27T19:25:45.878+0900][5.985s][info][gc,marking  ] GC(204) Concurrent Mark 1.339ms
[2026-03-27T19:25:45.878+0900][5.985s][info][gc,marking  ] GC(204) Concurrent Rebuild Remembered Sets
[2026-03-27T19:25:45.878+0900][5.985s][info][gc,marking  ] GC(204) Concurrent Rebuild Remembered Sets 0.438ms
[2026-03-27T19:25:45.878+0900][5.985s][info][gc,start    ] GC(204) Pause Cleanup
[2026-03-27T19:25:45.878+0900][5.985s][info][gc          ] GC(204) Pause Cleanup 485M->485M(512M) 0.067ms
[2026-03-27T19:25:45.878+0900][5.985s][info][gc,cpu      ] GC(204) User=0.00s Sys=0.00s Real=0.00s
[2026-03-27T19:25:45.878+0900][5.985s][info][gc,marking  ] GC(204) Concurrent Cleanup for Next Mark
[2026-03-27T19:25:45.879+0900][5.985s][info][gc,marking  ] GC(204) Concurrent Cleanup for Next Mark 0.201ms
[2026-03-27T19:25:45.879+0900][5.986s][info][gc          ] GC(204) Concurrent Mark Cycle 2.513ms
[2026-03-27T19:25:45.920+0900][6.027s][info][gc,start    ] GC(205) Pause Young (Normal) (G1 Evacuation Pause)
[2026-03-27T19:25:45.920+0900][6.027s][info][gc,task     ] GC(205) Using 8 workers of 8 for evacuation
[2026-03-27T19:25:45.921+0900][6.028s][info][gc,phases   ] GC(205)   Pre Evacuate Collection Set: 0.1ms
[2026-03-27T19:25:45.921+0900][6.028s][info][gc,phases   ] GC(205)   Merge Heap Roots: 0.1ms
[2026-03-27T19:25:45.921+0900][6.028s][info][gc,phases   ] GC(205)   Evacuate Collection Set: 0.1ms
[2026-03-27T19:25:45.921+0900][6.028s][info][gc,phases   ] GC(205)   Post Evacuate Collection Set: 0.2ms
[2026-03-27T19:25:45.921+0900][6.028s][info][gc,phases   ] GC(205)   Other: 0.1ms
[2026-03-27T19:25:45.921+0900][6.028s][info][gc,heap     ] GC(205) Eden regions: 24->0(193)
[2026-03-27T19:25:45.921+0900][6.028s][info][gc,heap     ] GC(205) Survivor regions: 1->1(2)
[2026-03-27T19:25:45.921+0900][6.028s][info][gc,heap     ] GC(205) Old regions: 1->1
[2026-03-27T19:25:45.921+0900][6.028s][info][gc,heap     ] GC(205) Archive regions: 0->0
[2026-03-27T19:25:45.921+0900][6.028s][info][gc,heap     ] GC(205) Humongous regions: 484->264
[2026-03-27T19:25:45.921+0900][6.028s][info][gc,metaspace] GC(205) Metaspace: 285K(512K)->285K(512K) NonClass: 272K(384K)->272K(384K) Class: 12K(128K)->12K(128K)
[2026-03-27T19:25:45.921+0900][6.028s][info][gc          ] GC(205) Pause Young (Normal) (G1 Evacuation Pause) 508M->264M(512M) 0.862ms
[2026-03-27T19:25:45.921+0900][6.028s][info][gc,cpu      ] GC(205) User=0.00s Sys=0.00s Real=0.00s
[2026-03-27T19:25:45.921+0900][6.028s][info][gc,start    ] GC(206) Pause Young (Concurrent Start) (G1 Humongous Allocation)
[2026-03-27T19:25:45.921+0900][6.028s][info][gc,task     ] GC(206) Using 8 workers of 8 for evacuation
[2026-03-27T19:25:45.922+0900][6.029s][info][gc,phases   ] GC(206)   Pre Evacuate Collection Set: 0.1ms
[2026-03-27T19:25:45.922+0900][6.029s][info][gc,phases   ] GC(206)   Merge Heap Roots: 0.0ms
[2026-03-27T19:25:45.922+0900][6.029s][info][gc,phases   ] GC(206)   Evacuate Collection Set: 0.1ms
[2026-03-27T19:25:45.922+0900][6.029s][info][gc,phases   ] GC(206)   Post Evacuate Collection Set: 0.1ms
[2026-03-27T19:25:45.922+0900][6.029s][info][gc,phases   ] GC(206)   Other: 0.1ms
[2026-03-27T19:25:45.922+0900][6.029s][info][gc,heap     ] GC(206) Eden regions: 10->0(193)
[2026-03-27T19:25:45.922+0900][6.029s][info][gc,heap     ] GC(206) Survivor regions: 1->1(25)
[2026-03-27T19:25:45.922+0900][6.029s][info][gc,heap     ] GC(206) Old regions: 1->1
[2026-03-27T19:25:45.922+0900][6.029s][info][gc,heap     ] GC(206) Archive regions: 0->0
[2026-03-27T19:25:45.922+0900][6.029s][info][gc,heap     ] GC(206) Humongous regions: 264->264
[2026-03-27T19:25:45.922+0900][6.029s][info][gc,metaspace] GC(206) Metaspace: 285K(512K)->285K(512K) NonClass: 272K(384K)->272K(384K) Class: 12K(128K)->12K(128K)
[2026-03-27T19:25:45.922+0900][6.029s][info][gc          ] GC(206) Pause Young (Concurrent Start) (G1 Humongous Allocation) 273M->264M(512M) 0.617ms
[2026-03-27T19:25:45.922+0900][6.029s][info][gc,cpu      ] GC(206) User=0.00s Sys=0.00s Real=0.00s
[2026-03-27T19:25:45.922+0900][6.029s][info][gc          ] GC(207) Concurrent Mark Cycle
[2026-03-27T19:25:45.922+0900][6.029s][info][gc,marking  ] GC(207) Concurrent Clear Claimed Marks
[2026-03-27T19:25:45.922+0900][6.029s][info][gc,marking  ] GC(207) Concurrent Clear Claimed Marks 0.011ms
[2026-03-27T19:25:45.922+0900][6.029s][info][gc,marking  ] GC(207) Concurrent Scan Root Regions
[2026-03-27T19:25:45.922+0900][6.029s][info][gc,marking  ] GC(207) Concurrent Scan Root Regions 0.046ms
[2026-03-27T19:25:45.922+0900][6.029s][info][gc,marking  ] GC(207) Concurrent Mark
[2026-03-27T19:25:45.922+0900][6.029s][info][gc,marking  ] GC(207) Concurrent Mark From Roots
[2026-03-27T19:25:45.922+0900][6.029s][info][gc,task     ] GC(207) Using 2 workers of 2 for marking
[2026-03-27T19:25:45.923+0900][6.030s][info][gc,marking  ] GC(207) Concurrent Mark From Roots 0.744ms
[2026-03-27T19:25:45.923+0900][6.030s][info][gc,marking  ] GC(207) Concurrent Preclean
[2026-03-27T19:25:45.923+0900][6.030s][info][gc,marking  ] GC(207) Concurrent Preclean 0.013ms
[2026-03-27T19:25:45.923+0900][6.030s][info][gc,start    ] GC(207) Pause Remark
[2026-03-27T19:25:45.923+0900][6.030s][info][gc          ] GC(207) Pause Remark 287M->287M(512M) 0.283ms
[2026-03-27T19:25:45.923+0900][6.030s][info][gc,cpu      ] GC(207) User=0.00s Sys=0.00s Real=0.00s
[2026-03-27T19:25:45.923+0900][6.030s][info][gc,marking  ] GC(207) Concurrent Mark 1.237ms
[2026-03-27T19:25:45.923+0900][6.030s][info][gc,marking  ] GC(207) Concurrent Rebuild Remembered Sets
[2026-03-27T19:25:45.924+0900][6.031s][info][gc,marking  ] GC(207) Concurrent Rebuild Remembered Sets 0.466ms
[2026-03-27T19:25:45.924+0900][6.031s][info][gc,start    ] GC(207) Pause Cleanup
[2026-03-27T19:25:45.924+0900][6.031s][info][gc          ] GC(207) Pause Cleanup 287M->287M(512M) 0.109ms
[2026-03-27T19:25:45.924+0900][6.031s][info][gc,cpu      ] GC(207) User=0.00s Sys=0.00s Real=0.00s
[2026-03-27T19:25:45.924+0900][6.031s][info][gc,marking  ] GC(207) Concurrent Cleanup for Next Mark
[2026-03-27T19:25:45.924+0900][6.031s][info][gc,marking  ] GC(207) Concurrent Cleanup for Next Mark 0.200ms
[2026-03-27T19:25:45.924+0900][6.031s][info][gc          ] GC(207) Concurrent Mark Cycle 2.326ms
[2026-03-27T19:25:45.966+0900][6.074s][info][gc,start    ] GC(208) Pause Young (Concurrent Start) (G1 Humongous Allocation)
[2026-03-27T19:25:45.968+0900][6.074s][info][gc,task     ] GC(208) Using 8 workers of 8 for evacuation
[2026-03-27T19:25:45.968+0900][6.075s][info][gc,phases   ] GC(208)   Pre Evacuate Collection Set: 0.1ms
[2026-03-27T19:25:45.968+0900][6.075s][info][gc,phases   ] GC(208)   Merge Heap Roots: 0.1ms
[2026-03-27T19:25:45.968+0900][6.075s][info][gc,phases   ] GC(208)   Evacuate Collection Set: 0.1ms
[2026-03-27T19:25:45.968+0900][6.075s][info][gc,phases   ] GC(208)   Post Evacuate Collection Set: 0.1ms
[2026-03-27T19:25:45.968+0900][6.075s][info][gc,phases   ] GC(208)   Other: 0.1ms
[2026-03-27T19:25:45.968+0900][6.075s][info][gc,heap     ] GC(208) Eden regions: 34->0(171)
[2026-03-27T19:25:45.968+0900][6.075s][info][gc,heap     ] GC(208) Survivor regions: 1->1(25)
[2026-03-27T19:25:45.968+0900][6.075s][info][gc,heap     ] GC(208) Old regions: 1->1
[2026-03-27T19:25:45.968+0900][6.075s][info][gc,heap     ] GC(208) Archive regions: 0->0
[2026-03-27T19:25:45.968+0900][6.075s][info][gc,heap     ] GC(208) Humongous regions: 286->286
[2026-03-27T19:25:45.968+0900][6.075s][info][gc,metaspace] GC(208) Metaspace: 285K(512K)->285K(512K) NonClass: 272K(384K)->272K(384K) Class: 12K(128K)->12K(128K)
[2026-03-27T19:25:45.968+0900][6.075s][info][gc          ] GC(208) Pause Young (Concurrent Start) (G1 Humongous Allocation) 320M->286M(512M) 0.868ms
[2026-03-27T19:25:45.968+0900][6.075s][info][gc,cpu      ] GC(208) User=0.00s Sys=0.00s Real=0.00s
[2026-03-27T19:25:45.968+0900][6.075s][info][gc          ] GC(209) Concurrent Mark Cycle
[2026-03-27T19:25:45.968+0900][6.075s][info][gc,marking  ] GC(209) Concurrent Clear Claimed Marks
[2026-03-27T19:25:45.968+0900][6.075s][info][gc,marking  ] GC(209) Concurrent Clear Claimed Marks 0.012ms
[2026-03-27T19:25:45.968+0900][6.075s][info][gc,marking  ] GC(209) Concurrent Scan Root Regions
[2026-03-27T19:25:45.968+0900][6.075s][info][gc,marking  ] GC(209) Concurrent Scan Root Regions 0.055ms
[2026-03-27T19:25:45.968+0900][6.075s][info][gc,marking  ] GC(209) Concurrent Mark
[2026-03-27T19:25:45.968+0900][6.075s][info][gc,marking  ] GC(209) Concurrent Mark From Roots
[2026-03-27T19:25:45.969+0900][6.075s][info][gc,task     ] GC(209) Using 2 workers of 2 for marking
[2026-03-27T19:25:45.970+0900][6.076s][info][gc,marking  ] GC(209) Concurrent Mark From Roots 1.061ms
[2026-03-27T19:25:45.970+0900][6.076s][info][gc,marking  ] GC(209) Concurrent Preclean
[2026-03-27T19:25:45.970+0900][6.076s][info][gc,marking  ] GC(209) Concurrent Preclean 0.013ms
[2026-03-27T19:25:45.970+0900][6.076s][info][gc,start    ] GC(209) Pause Remark
[2026-03-27T19:25:45.970+0900][6.077s][info][gc          ] GC(209) Pause Remark 309M->309M(512M) 0.222ms
[2026-03-27T19:25:45.970+0900][6.077s][info][gc,cpu      ] GC(209) User=0.00s Sys=0.00s Real=0.00s
[2026-03-27T19:25:45.970+0900][6.077s][info][gc,marking  ] GC(209) Concurrent Mark 1.484ms
[2026-03-27T19:25:45.970+0900][6.077s][info][gc,marking  ] GC(209) Concurrent Rebuild Remembered Sets
[2026-03-27T19:25:45.970+0900][6.077s][info][gc,marking  ] GC(209) Concurrent Rebuild Remembered Sets 0.453ms
[2026-03-27T19:25:45.971+0900][6.077s][info][gc,start    ] GC(209) Pause Cleanup
[2026-03-27T19:25:45.971+0900][6.077s][info][gc          ] GC(209) Pause Cleanup 309M->309M(512M) 0.085ms
[2026-03-27T19:25:45.971+0900][6.077s][info][gc,cpu      ] GC(209) User=0.00s Sys=0.00s Real=0.00s
[2026-03-27T19:25:45.971+0900][6.077s][info][gc,marking  ] GC(209) Concurrent Cleanup for Next Mark
[2026-03-27T19:25:45.971+0900][6.078s][info][gc,marking  ] GC(209) Concurrent Cleanup for Next Mark 0.194ms
[2026-03-27T19:25:45.971+0900][6.078s][info][gc          ] GC(209) Concurrent Mark Cycle 2.583ms
[2026-03-27T19:25:46.013+0900][6.120s][info][gc,start    ] GC(210) Pause Young (Concurrent Start) (G1 Humongous Allocation)
[2026-03-27T19:25:46.013+0900][6.120s][info][gc,task     ] GC(210) Using 8 workers of 8 for evacuation
[2026-03-27T19:25:46.014+0900][6.121s][info][gc,phases   ] GC(210)   Pre Evacuate Collection Set: 0.1ms
[2026-03-27T19:25:46.014+0900][6.121s][info][gc,phases   ] GC(210)   Merge Heap Roots: 0.1ms
[2026-03-27T19:25:46.014+0900][6.121s][info][gc,phases   ] GC(210)   Evacuate Collection Set: 0.1ms
[2026-03-27T19:25:46.014+0900][6.121s][info][gc,phases   ] GC(210)   Post Evacuate Collection Set: 0.1ms
[2026-03-27T19:25:46.014+0900][6.121s][info][gc,phases   ] GC(210)   Other: 0.1ms
[2026-03-27T19:25:46.014+0900][6.121s][info][gc,heap     ] GC(210) Eden regions: 34->0(149)
[2026-03-27T19:25:46.014+0900][6.121s][info][gc,heap     ] GC(210) Survivor regions: 1->1(22)
[2026-03-27T19:25:46.014+0900][6.121s][info][gc,heap     ] GC(210) Old regions: 1->1
[2026-03-27T19:25:46.014+0900][6.121s][info][gc,heap     ] GC(210) Archive regions: 0->0
[2026-03-27T19:25:46.014+0900][6.121s][info][gc,heap     ] GC(210) Humongous regions: 308->308
[2026-03-27T19:25:46.014+0900][6.121s][info][gc,metaspace] GC(210) Metaspace: 285K(512K)->285K(512K) NonClass: 272K(384K)->272K(384K) Class: 12K(128K)->12K(128K)
[2026-03-27T19:25:46.014+0900][6.121s][info][gc          ] GC(210) Pause Young (Concurrent Start) (G1 Humongous Allocation) 342M->308M(512M) 0.723ms
[2026-03-27T19:25:46.014+0900][6.121s][info][gc,cpu      ] GC(210) User=0.00s Sys=0.00s Real=0.00s
[2026-03-27T19:25:46.014+0900][6.121s][info][gc          ] GC(211) Concurrent Mark Cycle
[2026-03-27T19:25:46.014+0900][6.121s][info][gc,marking  ] GC(211) Concurrent Clear Claimed Marks
[2026-03-27T19:25:46.014+0900][6.121s][info][gc,marking  ] GC(211) Concurrent Clear Claimed Marks 0.013ms
[2026-03-27T19:25:46.014+0900][6.121s][info][gc,marking  ] GC(211) Concurrent Scan Root Regions
[2026-03-27T19:25:46.014+0900][6.121s][info][gc,marking  ] GC(211) Concurrent Scan Root Regions 0.057ms
[2026-03-27T19:25:46.014+0900][6.121s][info][gc,marking  ] GC(211) Concurrent Mark
[2026-03-27T19:25:46.014+0900][6.121s][info][gc,marking  ] GC(211) Concurrent Mark From Roots
[2026-03-27T19:25:46.014+0900][6.121s][info][gc,task     ] GC(211) Using 2 workers of 2 for marking
[2026-03-27T19:25:46.015+0900][6.122s][info][gc,marking  ] GC(211) Concurrent Mark From Roots 0.828ms
[2026-03-27T19:25:46.015+0900][6.122s][info][gc,marking  ] GC(211) Concurrent Preclean
[2026-03-27T19:25:46.015+0900][6.122s][info][gc,marking  ] GC(211) Concurrent Preclean 0.016ms
[2026-03-27T19:25:46.015+0900][6.122s][info][gc,start    ] GC(211) Pause Remark
[2026-03-27T19:25:46.015+0900][6.122s][info][gc          ] GC(211) Pause Remark 331M->331M(512M) 0.277ms
[2026-03-27T19:25:46.015+0900][6.122s][info][gc,cpu      ] GC(211) User=0.00s Sys=0.00s Real=0.00s
[2026-03-27T19:25:46.015+0900][6.122s][info][gc,marking  ] GC(211) Concurrent Mark 1.313ms
[2026-03-27T19:25:46.015+0900][6.122s][info][gc,marking  ] GC(211) Concurrent Rebuild Remembered Sets
[2026-03-27T19:25:46.016+0900][6.123s][info][gc,marking  ] GC(211) Concurrent Rebuild Remembered Sets 0.517ms
[2026-03-27T19:25:46.017+0900][6.123s][info][gc,start    ] GC(211) Pause Cleanup
[2026-03-27T19:25:46.017+0900][6.123s][info][gc          ] GC(211) Pause Cleanup 331M->331M(512M) 0.081ms
[2026-03-27T19:25:46.017+0900][6.123s][info][gc,cpu      ] GC(211) User=0.00s Sys=0.00s Real=0.00s
[2026-03-27T19:25:46.017+0900][6.123s][info][gc,marking  ] GC(211) Concurrent Cleanup for Next Mark
[2026-03-27T19:25:46.017+0900][6.123s][info][gc,marking  ] GC(211) Concurrent Cleanup for Next Mark 0.202ms
[2026-03-27T19:25:46.017+0900][6.123s][info][gc          ] GC(211) Concurrent Mark Cycle 2.484ms
[2026-03-27T19:25:46.061+0900][6.167s][info][gc,start    ] GC(212) Pause Young (Concurrent Start) (G1 Humongous Allocation)
[2026-03-27T19:25:46.061+0900][6.167s][info][gc,task     ] GC(212) Using 8 workers of 8 for evacuation
[2026-03-27T19:25:46.061+0900][6.168s][info][gc,phases   ] GC(212)   Pre Evacuate Collection Set: 0.1ms
[2026-03-27T19:25:46.061+0900][6.168s][info][gc,phases   ] GC(212)   Merge Heap Roots: 0.1ms
[2026-03-27T19:25:46.061+0900][6.168s][info][gc,phases   ] GC(212)   Evacuate Collection Set: 0.1ms
[2026-03-27T19:25:46.061+0900][6.168s][info][gc,phases   ] GC(212)   Post Evacuate Collection Set: 0.1ms
[2026-03-27T19:25:46.061+0900][6.168s][info][gc,phases   ] GC(212)   Other: 0.1ms
[2026-03-27T19:25:46.061+0900][6.168s][info][gc,heap     ] GC(212) Eden regions: 34->0(127)
[2026-03-27T19:25:46.061+0900][6.168s][info][gc,heap     ] GC(212) Survivor regions: 1->1(19)
[2026-03-27T19:25:46.061+0900][6.168s][info][gc,heap     ] GC(212) Old regions: 1->1
[2026-03-27T19:25:46.061+0900][6.168s][info][gc,heap     ] GC(212) Archive regions: 0->0
[2026-03-27T19:25:46.061+0900][6.168s][info][gc,heap     ] GC(212) Humongous regions: 330->330
[2026-03-27T19:25:46.061+0900][6.168s][info][gc,metaspace] GC(212) Metaspace: 285K(512K)->285K(512K) NonClass: 272K(384K)->272K(384K) Class: 12K(128K)->12K(128K)
[2026-03-27T19:25:46.061+0900][6.168s][info][gc          ] GC(212) Pause Young (Concurrent Start) (G1 Humongous Allocation) 364M->330M(512M) 0.753ms
[2026-03-27T19:25:46.061+0900][6.168s][info][gc,cpu      ] GC(212) User=0.00s Sys=0.00s Real=0.00s
[2026-03-27T19:25:46.061+0900][6.168s][info][gc          ] GC(213) Concurrent Mark Cycle
[2026-03-27T19:25:46.061+0900][6.168s][info][gc,marking  ] GC(213) Concurrent Clear Claimed Marks
[2026-03-27T19:25:46.061+0900][6.168s][info][gc,marking  ] GC(213) Concurrent Clear Claimed Marks 0.013ms
[2026-03-27T19:25:46.061+0900][6.168s][info][gc,marking  ] GC(213) Concurrent Scan Root Regions
[2026-03-27T19:25:46.061+0900][6.168s][info][gc,marking  ] GC(213) Concurrent Scan Root Regions 0.059ms
[2026-03-27T19:25:46.061+0900][6.168s][info][gc,marking  ] GC(213) Concurrent Mark
[2026-03-27T19:25:46.061+0900][6.168s][info][gc,marking  ] GC(213) Concurrent Mark From Roots
[2026-03-27T19:25:46.061+0900][6.168s][info][gc,task     ] GC(213) Using 2 workers of 2 for marking
[2026-03-27T19:25:46.062+0900][6.169s][info][gc,marking  ] GC(213) Concurrent Mark From Roots 0.854ms
[2026-03-27T19:25:46.062+0900][6.169s][info][gc,marking  ] GC(213) Concurrent Preclean
[2026-03-27T19:25:46.062+0900][6.169s][info][gc,marking  ] GC(213) Concurrent Preclean 0.021ms
[2026-03-27T19:25:46.062+0900][6.169s][info][gc,start    ] GC(213) Pause Remark
[2026-03-27T19:25:46.063+0900][6.170s][info][gc          ] GC(213) Pause Remark 353M->353M(512M) 0.323ms
[2026-03-27T19:25:46.063+0900][6.170s][info][gc,cpu      ] GC(213) User=0.00s Sys=0.00s Real=0.00s
[2026-03-27T19:25:46.063+0900][6.170s][info][gc,marking  ] GC(213) Concurrent Mark 1.406ms
[2026-03-27T19:25:46.063+0900][6.170s][info][gc,marking  ] GC(213) Concurrent Rebuild Remembered Sets
[2026-03-27T19:25:46.063+0900][6.170s][info][gc,marking  ] GC(213) Concurrent Rebuild Remembered Sets 0.547ms
[2026-03-27T19:25:46.064+0900][6.170s][info][gc,start    ] GC(213) Pause Cleanup
[2026-03-27T19:25:46.064+0900][6.171s][info][gc          ] GC(213) Pause Cleanup 353M->353M(512M) 0.064ms
[2026-03-27T19:25:46.064+0900][6.171s][info][gc,cpu      ] GC(213) User=0.00s Sys=0.00s Real=0.00s
[2026-03-27T19:25:46.064+0900][6.171s][info][gc,marking  ] GC(213) Concurrent Cleanup for Next Mark
[2026-03-27T19:25:46.064+0900][6.171s][info][gc,marking  ] GC(213) Concurrent Cleanup for Next Mark 0.202ms
[2026-03-27T19:25:46.064+0900][6.171s][info][gc          ] GC(213) Concurrent Mark Cycle 2.628ms
[2026-03-27T19:25:46.107+0900][6.214s][info][gc,start    ] GC(214) Pause Young (Concurrent Start) (G1 Humongous Allocation)
[2026-03-27T19:25:46.107+0900][6.214s][info][gc,task     ] GC(214) Using 8 workers of 8 for evacuation
[2026-03-27T19:25:46.108+0900][6.215s][info][gc,phases   ] GC(214)   Pre Evacuate Collection Set: 0.1ms
[2026-03-27T19:25:46.108+0900][6.215s][info][gc,phases   ] GC(214)   Merge Heap Roots: 0.1ms
[2026-03-27T19:25:46.108+0900][6.215s][info][gc,phases   ] GC(214)   Evacuate Collection Set: 0.1ms
[2026-03-27T19:25:46.108+0900][6.215s][info][gc,phases   ] GC(214)   Post Evacuate Collection Set: 0.2ms
[2026-03-27T19:25:46.108+0900][6.215s][info][gc,phases   ] GC(214)   Other: 0.1ms
[2026-03-27T19:25:46.108+0900][6.215s][info][gc,heap     ] GC(214) Eden regions: 34->0(105)
[2026-03-27T19:25:46.108+0900][6.215s][info][gc,heap     ] GC(214) Survivor regions: 1->1(16)
[2026-03-27T19:25:46.108+0900][6.215s][info][gc,heap     ] GC(214) Old regions: 1->1
[2026-03-27T19:25:46.108+0900][6.215s][info][gc,heap     ] GC(214) Archive regions: 0->0
[2026-03-27T19:25:46.108+0900][6.215s][info][gc,heap     ] GC(214) Humongous regions: 352->352
[2026-03-27T19:25:46.108+0900][6.215s][info][gc,metaspace] GC(214) Metaspace: 285K(512K)->285K(512K) NonClass: 272K(384K)->272K(384K) Class: 12K(128K)->12K(128K)
[2026-03-27T19:25:46.108+0900][6.215s][info][gc          ] GC(214) Pause Young (Concurrent Start) (G1 Humongous Allocation) 386M->352M(512M) 0.910ms
[2026-03-27T19:25:46.108+0900][6.215s][info][gc,cpu      ] GC(214) User=0.00s Sys=0.00s Real=0.00s
[2026-03-27T19:25:46.108+0900][6.215s][info][gc          ] GC(215) Concurrent Mark Cycle
[2026-03-27T19:25:46.108+0900][6.215s][info][gc,marking  ] GC(215) Concurrent Clear Claimed Marks
[2026-03-27T19:25:46.108+0900][6.215s][info][gc,marking  ] GC(215) Concurrent Clear Claimed Marks 0.021ms
[2026-03-27T19:25:46.108+0900][6.215s][info][gc,marking  ] GC(215) Concurrent Scan Root Regions
[2026-03-27T19:25:46.108+0900][6.215s][info][gc,marking  ] GC(215) Concurrent Scan Root Regions 0.071ms
[2026-03-27T19:25:46.108+0900][6.215s][info][gc,marking  ] GC(215) Concurrent Mark
[2026-03-27T19:25:46.108+0900][6.215s][info][gc,marking  ] GC(215) Concurrent Mark From Roots
[2026-03-27T19:25:46.108+0900][6.216s][info][gc,task     ] GC(215) Using 2 workers of 2 for marking
[2026-03-27T19:25:46.109+0900][6.216s][info][gc,marking  ] GC(215) Concurrent Mark From Roots 0.885ms
[2026-03-27T19:25:46.109+0900][6.216s][info][gc,marking  ] GC(215) Concurrent Preclean
[2026-03-27T19:25:46.109+0900][6.216s][info][gc,marking  ] GC(215) Concurrent Preclean 0.017ms
[2026-03-27T19:25:46.109+0900][6.217s][info][gc,start    ] GC(215) Pause Remark
[2026-03-27T19:25:46.110+0900][6.217s][info][gc          ] GC(215) Pause Remark 375M->375M(512M) 0.295ms
[2026-03-27T19:25:46.110+0900][6.217s][info][gc,cpu      ] GC(215) User=0.00s Sys=0.00s Real=0.00s
[2026-03-27T19:25:46.110+0900][6.217s][info][gc,marking  ] GC(215) Concurrent Mark 1.424ms
[2026-03-27T19:25:46.110+0900][6.217s][info][gc,marking  ] GC(215) Concurrent Rebuild Remembered Sets
[2026-03-27T19:25:46.110+0900][6.217s][info][gc,marking  ] GC(215) Concurrent Rebuild Remembered Sets 0.542ms
[2026-03-27T19:25:46.110+0900][6.218s][info][gc,start    ] GC(215) Pause Cleanup
[2026-03-27T19:25:46.110+0900][6.218s][info][gc          ] GC(215) Pause Cleanup 375M->375M(512M) 0.064ms
[2026-03-27T19:25:46.110+0900][6.218s][info][gc,cpu      ] GC(215) User=0.00s Sys=0.00s Real=0.00s
[2026-03-27T19:25:46.111+0900][6.218s][info][gc,marking  ] GC(215) Concurrent Cleanup for Next Mark
[2026-03-27T19:25:46.111+0900][6.218s][info][gc,marking  ] GC(215) Concurrent Cleanup for Next Mark 0.215ms
[2026-03-27T19:25:46.111+0900][6.218s][info][gc          ] GC(215) Concurrent Mark Cycle 2.710ms
[2026-03-27T19:25:46.156+0900][6.263s][info][gc,start    ] GC(216) Pause Young (Concurrent Start) (G1 Humongous Allocation)
[2026-03-27T19:25:46.156+0900][6.263s][info][gc,task     ] GC(216) Using 8 workers of 8 for evacuation
[2026-03-27T19:25:46.158+0900][6.265s][info][gc,phases   ] GC(216)   Pre Evacuate Collection Set: 0.2ms
[2026-03-27T19:25:46.158+0900][6.265s][info][gc,phases   ] GC(216)   Merge Heap Roots: 0.4ms
[2026-03-27T19:25:46.158+0900][6.265s][info][gc,phases   ] GC(216)   Evacuate Collection Set: 0.4ms
[2026-03-27T19:25:46.158+0900][6.265s][info][gc,phases   ] GC(216)   Post Evacuate Collection Set: 0.8ms
[2026-03-27T19:25:46.158+0900][6.265s][info][gc,phases   ] GC(216)   Other: 0.3ms
[2026-03-27T19:25:46.158+0900][6.265s][info][gc,heap     ] GC(216) Eden regions: 34->0(83)
[2026-03-27T19:25:46.158+0900][6.265s][info][gc,heap     ] GC(216) Survivor regions: 1->1(14)
[2026-03-27T19:25:46.158+0900][6.265s][info][gc,heap     ] GC(216) Old regions: 1->1
[2026-03-27T19:25:46.158+0900][6.265s][info][gc,heap     ] GC(216) Archive regions: 0->0
[2026-03-27T19:25:46.158+0900][6.265s][info][gc,heap     ] GC(216) Humongous regions: 374->374
[2026-03-27T19:25:46.158+0900][6.265s][info][gc,metaspace] GC(216) Metaspace: 285K(512K)->285K(512K) NonClass: 272K(384K)->272K(384K) Class: 12K(128K)->12K(128K)
[2026-03-27T19:25:46.158+0900][6.265s][info][gc          ] GC(216) Pause Young (Concurrent Start) (G1 Humongous Allocation) 408M->374M(512M) 2.440ms
[2026-03-27T19:25:46.158+0900][6.265s][info][gc,cpu      ] GC(216) User=0.00s Sys=0.00s Real=0.00s
[2026-03-27T19:25:46.158+0900][6.265s][info][gc          ] GC(217) Concurrent Mark Cycle
[2026-03-27T19:25:46.158+0900][6.265s][info][gc,marking  ] GC(217) Concurrent Clear Claimed Marks
[2026-03-27T19:25:46.158+0900][6.265s][info][gc,marking  ] GC(217) Concurrent Clear Claimed Marks 0.015ms
[2026-03-27T19:25:46.158+0900][6.265s][info][gc,marking  ] GC(217) Concurrent Scan Root Regions
[2026-03-27T19:25:46.158+0900][6.265s][info][gc,marking  ] GC(217) Concurrent Scan Root Regions 0.066ms
[2026-03-27T19:25:46.158+0900][6.265s][info][gc,marking  ] GC(217) Concurrent Mark
[2026-03-27T19:25:46.158+0900][6.265s][info][gc,marking  ] GC(217) Concurrent Mark From Roots
[2026-03-27T19:25:46.159+0900][6.265s][info][gc,task     ] GC(217) Using 2 workers of 2 for marking
[2026-03-27T19:25:46.159+0900][6.266s][info][gc,marking  ] GC(217) Concurrent Mark From Roots 0.891ms
[2026-03-27T19:25:46.159+0900][6.266s][info][gc,marking  ] GC(217) Concurrent Preclean
[2026-03-27T19:25:46.159+0900][6.266s][info][gc,marking  ] GC(217) Concurrent Preclean 0.018ms
[2026-03-27T19:25:46.159+0900][6.266s][info][gc,start    ] GC(217) Pause Remark
[2026-03-27T19:25:46.159+0900][6.267s][info][gc          ] GC(217) Pause Remark 397M->397M(512M) 0.298ms
[2026-03-27T19:25:46.159+0900][6.267s][info][gc,cpu      ] GC(217) User=0.00s Sys=0.00s Real=0.00s
[2026-03-27T19:25:46.159+0900][6.267s][info][gc,marking  ] GC(217) Concurrent Mark 1.438ms
[2026-03-27T19:25:46.159+0900][6.267s][info][gc,marking  ] GC(217) Concurrent Rebuild Remembered Sets
[2026-03-27T19:25:46.160+0900][6.267s][info][gc,marking  ] GC(217) Concurrent Rebuild Remembered Sets 0.517ms
[2026-03-27T19:25:46.160+0900][6.267s][info][gc,start    ] GC(217) Pause Cleanup
[2026-03-27T19:25:46.160+0900][6.267s][info][gc          ] GC(217) Pause Cleanup 397M->397M(512M) 0.083ms
[2026-03-27T19:25:46.160+0900][6.267s][info][gc,cpu      ] GC(217) User=0.00s Sys=0.00s Real=0.00s
[2026-03-27T19:25:46.160+0900][6.267s][info][gc,marking  ] GC(217) Concurrent Cleanup for Next Mark
[2026-03-27T19:25:46.160+0900][6.268s][info][gc,marking  ] GC(217) Concurrent Cleanup for Next Mark 0.208ms
[2026-03-27T19:25:46.160+0900][6.268s][info][gc          ] GC(217) Concurrent Mark Cycle 2.685ms
[2026-03-27T19:25:46.203+0900][6.310s][info][gc,start    ] GC(218) Pause Young (Concurrent Start) (G1 Humongous Allocation)
[2026-03-27T19:25:46.203+0900][6.310s][info][gc,task     ] GC(218) Using 8 workers of 8 for evacuation
[2026-03-27T19:25:46.205+0900][6.312s][info][gc,phases   ] GC(218)   Pre Evacuate Collection Set: 0.3ms
[2026-03-27T19:25:46.205+0900][6.312s][info][gc,phases   ] GC(218)   Merge Heap Roots: 0.4ms
[2026-03-27T19:25:46.205+0900][6.312s][info][gc,phases   ] GC(218)   Evacuate Collection Set: 0.3ms
[2026-03-27T19:25:46.205+0900][6.312s][info][gc,phases   ] GC(218)   Post Evacuate Collection Set: 1.0ms
[2026-03-27T19:25:46.206+0900][6.313s][info][gc,phases   ] GC(218)   Other: 0.3ms
[2026-03-27T19:25:46.206+0900][6.313s][info][gc,heap     ] GC(218) Eden regions: 34->0(61)
[2026-03-27T19:25:46.206+0900][6.313s][info][gc,heap     ] GC(218) Survivor regions: 1->1(11)
[2026-03-27T19:25:46.206+0900][6.313s][info][gc,heap     ] GC(218) Old regions: 1->1
[2026-03-27T19:25:46.206+0900][6.313s][info][gc,heap     ] GC(218) Archive regions: 0->0
[2026-03-27T19:25:46.206+0900][6.313s][info][gc,heap     ] GC(218) Humongous regions: 396->396
[2026-03-27T19:25:46.206+0900][6.313s][info][gc,metaspace] GC(218) Metaspace: 285K(512K)->285K(512K) NonClass: 272K(384K)->272K(384K) Class: 12K(128K)->12K(128K)
[2026-03-27T19:25:46.206+0900][6.313s][info][gc          ] GC(218) Pause Young (Concurrent Start) (G1 Humongous Allocation) 430M->396M(512M) 2.961ms
[2026-03-27T19:25:46.206+0900][6.313s][info][gc,cpu      ] GC(218) User=0.00s Sys=0.00s Real=0.00s
[2026-03-27T19:25:46.206+0900][6.313s][info][gc          ] GC(219) Concurrent Mark Cycle
[2026-03-27T19:25:46.206+0900][6.313s][info][gc,marking  ] GC(219) Concurrent Clear Claimed Marks
[2026-03-27T19:25:46.206+0900][6.313s][info][gc,marking  ] GC(219) Concurrent Clear Claimed Marks 0.054ms
[2026-03-27T19:25:46.206+0900][6.313s][info][gc,marking  ] GC(219) Concurrent Scan Root Regions
[2026-03-27T19:25:46.206+0900][6.313s][info][gc,marking  ] GC(219) Concurrent Scan Root Regions 0.182ms
[2026-03-27T19:25:46.206+0900][6.314s][info][gc,marking  ] GC(219) Concurrent Mark
[2026-03-27T19:25:46.206+0900][6.314s][info][gc,marking  ] GC(219) Concurrent Mark From Roots
[2026-03-27T19:25:46.207+0900][6.314s][info][gc,task     ] GC(219) Using 2 workers of 2 for marking
[2026-03-27T19:25:46.208+0900][6.315s][info][gc,marking  ] GC(219) Concurrent Mark From Roots 1.551ms
[2026-03-27T19:25:46.208+0900][6.315s][info][gc,marking  ] GC(219) Concurrent Preclean
[2026-03-27T19:25:46.208+0900][6.315s][info][gc,marking  ] GC(219) Concurrent Preclean 0.040ms
[2026-03-27T19:25:46.208+0900][6.315s][info][gc,start    ] GC(219) Pause Remark
[2026-03-27T19:25:46.209+0900][6.316s][info][gc          ] GC(219) Pause Remark 419M->419M(512M) 0.791ms
[2026-03-27T19:25:46.209+0900][6.316s][info][gc,cpu      ] GC(219) User=0.00s Sys=0.00s Real=0.00s
[2026-03-27T19:25:46.209+0900][6.316s][info][gc,marking  ] GC(219) Concurrent Mark 2.796ms
[2026-03-27T19:25:46.209+0900][6.316s][info][gc,marking  ] GC(219) Concurrent Rebuild Remembered Sets
[2026-03-27T19:25:46.211+0900][6.317s][info][gc,marking  ] GC(219) Concurrent Rebuild Remembered Sets 0.663ms
[2026-03-27T19:25:46.211+0900][6.317s][info][gc,start    ] GC(219) Pause Cleanup
[2026-03-27T19:25:46.211+0900][6.318s][info][gc          ] GC(219) Pause Cleanup 419M->419M(512M) 0.280ms
[2026-03-27T19:25:46.211+0900][6.318s][info][gc,cpu      ] GC(219) User=0.00s Sys=0.00s Real=0.00s
[2026-03-27T19:25:46.211+0900][6.318s][info][gc,marking  ] GC(219) Concurrent Cleanup for Next Mark
[2026-03-27T19:25:46.212+0900][6.318s][info][gc,marking  ] GC(219) Concurrent Cleanup for Next Mark 0.378ms
[2026-03-27T19:25:46.212+0900][6.318s][info][gc          ] GC(219) Concurrent Mark Cycle 5.208ms
[2026-03-27T19:25:46.248+0900][6.355s][info][gc,start    ] GC(220) Pause Young (Concurrent Start) (G1 Humongous Allocation)
[2026-03-27T19:25:46.249+0900][6.355s][info][gc,task     ] GC(220) Using 8 workers of 8 for evacuation
[2026-03-27T19:25:46.250+0900][6.357s][info][gc,phases   ] GC(220)   Pre Evacuate Collection Set: 0.2ms
[2026-03-27T19:25:46.250+0900][6.357s][info][gc,phases   ] GC(220)   Merge Heap Roots: 0.2ms
[2026-03-27T19:25:46.250+0900][6.357s][info][gc,phases   ] GC(220)   Evacuate Collection Set: 0.3ms
[2026-03-27T19:25:46.250+0900][6.357s][info][gc,phases   ] GC(220)   Post Evacuate Collection Set: 0.5ms
[2026-03-27T19:25:46.250+0900][6.357s][info][gc,phases   ] GC(220)   Other: 0.3ms
[2026-03-27T19:25:46.250+0900][6.357s][info][gc,heap     ] GC(220) Eden regions: 34->0(39)
[2026-03-27T19:25:46.250+0900][6.357s][info][gc,heap     ] GC(220) Survivor regions: 1->1(8)
[2026-03-27T19:25:46.251+0900][6.357s][info][gc,heap     ] GC(220) Old regions: 1->1
[2026-03-27T19:25:46.251+0900][6.357s][info][gc,heap     ] GC(220) Archive regions: 0->0
[2026-03-27T19:25:46.251+0900][6.357s][info][gc,heap     ] GC(220) Humongous regions: 418->418
[2026-03-27T19:25:46.251+0900][6.357s][info][gc,metaspace] GC(220) Metaspace: 285K(512K)->285K(512K) NonClass: 272K(384K)->272K(384K) Class: 12K(128K)->12K(128K)
[2026-03-27T19:25:46.251+0900][6.357s][info][gc          ] GC(220) Pause Young (Concurrent Start) (G1 Humongous Allocation) 452M->418M(512M) 2.200ms
[2026-03-27T19:25:46.251+0900][6.357s][info][gc,cpu      ] GC(220) User=0.00s Sys=0.00s Real=0.00s
[2026-03-27T19:25:46.251+0900][6.357s][info][gc          ] GC(221) Concurrent Mark Cycle
[2026-03-27T19:25:46.251+0900][6.357s][info][gc,marking  ] GC(221) Concurrent Clear Claimed Marks
[2026-03-27T19:25:46.251+0900][6.357s][info][gc,marking  ] GC(221) Concurrent Clear Claimed Marks 0.015ms
[2026-03-27T19:25:46.251+0900][6.357s][info][gc,marking  ] GC(221) Concurrent Scan Root Regions
[2026-03-27T19:25:46.251+0900][6.357s][info][gc,marking  ] GC(221) Concurrent Scan Root Regions 0.069ms
[2026-03-27T19:25:46.251+0900][6.357s][info][gc,marking  ] GC(221) Concurrent Mark
[2026-03-27T19:25:46.251+0900][6.357s][info][gc,marking  ] GC(221) Concurrent Mark From Roots
[2026-03-27T19:25:46.251+0900][6.357s][info][gc,task     ] GC(221) Using 2 workers of 2 for marking
[2026-03-27T19:25:46.252+0900][6.358s][info][gc,marking  ] GC(221) Concurrent Mark From Roots 0.872ms
[2026-03-27T19:25:46.252+0900][6.358s][info][gc,marking  ] GC(221) Concurrent Preclean
[2026-03-27T19:25:46.252+0900][6.358s][info][gc,marking  ] GC(221) Concurrent Preclean 0.021ms
[2026-03-27T19:25:46.252+0900][6.358s][info][gc,start    ] GC(221) Pause Remark
[2026-03-27T19:25:46.252+0900][6.359s][info][gc          ] GC(221) Pause Remark 441M->441M(512M) 0.285ms
[2026-03-27T19:25:46.252+0900][6.359s][info][gc,cpu      ] GC(221) User=0.00s Sys=0.00s Real=0.00s
[2026-03-27T19:25:46.252+0900][6.359s][info][gc,marking  ] GC(221) Concurrent Mark 1.416ms
[2026-03-27T19:25:46.252+0900][6.359s][info][gc,marking  ] GC(221) Concurrent Rebuild Remembered Sets
[2026-03-27T19:25:46.252+0900][6.359s][info][gc,marking  ] GC(221) Concurrent Rebuild Remembered Sets 0.528ms
[2026-03-27T19:25:46.253+0900][6.359s][info][gc,start    ] GC(221) Pause Cleanup
[2026-03-27T19:25:46.253+0900][6.360s][info][gc          ] GC(221) Pause Cleanup 441M->441M(512M) 0.086ms
[2026-03-27T19:25:46.253+0900][6.360s][info][gc,cpu      ] GC(221) User=0.00s Sys=0.00s Real=0.00s
[2026-03-27T19:25:46.253+0900][6.360s][info][gc,marking  ] GC(221) Concurrent Cleanup for Next Mark
[2026-03-27T19:25:46.253+0900][6.360s][info][gc,marking  ] GC(221) Concurrent Cleanup for Next Mark 0.209ms
[2026-03-27T19:25:46.253+0900][6.360s][info][gc          ] GC(221) Concurrent Mark Cycle 2.643ms
[2026-03-27T19:25:46.293+0900][6.400s][info][gc,start    ] GC(222) Pause Young (Concurrent Start) (G1 Humongous Allocation)
[2026-03-27T19:25:46.293+0900][6.400s][info][gc,task     ] GC(222) Using 8 workers of 8 for evacuation
[2026-03-27T19:25:46.294+0900][6.400s][info][gc,phases   ] GC(222)   Pre Evacuate Collection Set: 0.1ms
[2026-03-27T19:25:46.294+0900][6.400s][info][gc,phases   ] GC(222)   Merge Heap Roots: 0.1ms
[2026-03-27T19:25:46.294+0900][6.400s][info][gc,phases   ] GC(222)   Evacuate Collection Set: 0.1ms
[2026-03-27T19:25:46.294+0900][6.400s][info][gc,phases   ] GC(222)   Post Evacuate Collection Set: 0.1ms
[2026-03-27T19:25:46.294+0900][6.401s][info][gc,phases   ] GC(222)   Other: 0.1ms
[2026-03-27T19:25:46.294+0900][6.401s][info][gc,heap     ] GC(222) Eden regions: 34->0(24)
[2026-03-27T19:25:46.294+0900][6.401s][info][gc,heap     ] GC(222) Survivor regions: 1->1(5)
[2026-03-27T19:25:46.294+0900][6.401s][info][gc,heap     ] GC(222) Old regions: 1->1
[2026-03-27T19:25:46.294+0900][6.401s][info][gc,heap     ] GC(222) Archive regions: 0->0
[2026-03-27T19:25:46.294+0900][6.401s][info][gc,heap     ] GC(222) Humongous regions: 440->440
[2026-03-27T19:25:46.294+0900][6.401s][info][gc,metaspace] GC(222) Metaspace: 285K(512K)->285K(512K) NonClass: 272K(384K)->272K(384K) Class: 12K(128K)->12K(128K)
[2026-03-27T19:25:46.294+0900][6.401s][info][gc          ] GC(222) Pause Young (Concurrent Start) (G1 Humongous Allocation) 474M->440M(512M) 0.799ms
[2026-03-27T19:25:46.294+0900][6.401s][info][gc,cpu      ] GC(222) User=0.00s Sys=0.00s Real=0.00s
[2026-03-27T19:25:46.294+0900][6.401s][info][gc          ] GC(223) Concurrent Mark Cycle
[2026-03-27T19:25:46.294+0900][6.401s][info][gc,marking  ] GC(223) Concurrent Clear Claimed Marks
[2026-03-27T19:25:46.294+0900][6.401s][info][gc,marking  ] GC(223) Concurrent Clear Claimed Marks 0.015ms
[2026-03-27T19:25:46.294+0900][6.401s][info][gc,marking  ] GC(223) Concurrent Scan Root Regions
[2026-03-27T19:25:46.294+0900][6.401s][info][gc,marking  ] GC(223) Concurrent Scan Root Regions 0.081ms
[2026-03-27T19:25:46.294+0900][6.401s][info][gc,marking  ] GC(223) Concurrent Mark
[2026-03-27T19:25:46.294+0900][6.401s][info][gc,marking  ] GC(223) Concurrent Mark From Roots
[2026-03-27T19:25:46.294+0900][6.401s][info][gc,task     ] GC(223) Using 2 workers of 2 for marking
[2026-03-27T19:25:46.295+0900][6.402s][info][gc,marking  ] GC(223) Concurrent Mark From Roots 0.843ms
[2026-03-27T19:25:46.295+0900][6.402s][info][gc,marking  ] GC(223) Concurrent Preclean
[2026-03-27T19:25:46.295+0900][6.402s][info][gc,marking  ] GC(223) Concurrent Preclean 0.015ms
[2026-03-27T19:25:46.295+0900][6.402s][info][gc,start    ] GC(223) Pause Remark
[2026-03-27T19:25:46.295+0900][6.402s][info][gc          ] GC(223) Pause Remark 463M->463M(512M) 0.287ms
[2026-03-27T19:25:46.295+0900][6.402s][info][gc,cpu      ] GC(223) User=0.00s Sys=0.00s Real=0.00s
[2026-03-27T19:25:46.295+0900][6.402s][info][gc,marking  ] GC(223) Concurrent Mark 1.319ms
[2026-03-27T19:25:46.295+0900][6.402s][info][gc,marking  ] GC(223) Concurrent Rebuild Remembered Sets
[2026-03-27T19:25:46.296+0900][6.403s][info][gc,marking  ] GC(223) Concurrent Rebuild Remembered Sets 0.456ms
[2026-03-27T19:25:46.296+0900][6.403s][info][gc,start    ] GC(223) Pause Cleanup
[2026-03-27T19:25:46.296+0900][6.403s][info][gc          ] GC(223) Pause Cleanup 463M->463M(512M) 0.071ms
[2026-03-27T19:25:46.296+0900][6.403s][info][gc,cpu      ] GC(223) User=0.00s Sys=0.00s Real=0.00s
[2026-03-27T19:25:46.296+0900][6.403s][info][gc,marking  ] GC(223) Concurrent Cleanup for Next Mark
[2026-03-27T19:25:46.296+0900][6.403s][info][gc,marking  ] GC(223) Concurrent Cleanup for Next Mark 0.202ms
[2026-03-27T19:25:46.296+0900][6.403s][info][gc          ] GC(223) Concurrent Mark Cycle 2.486ms
[2026-03-27T19:25:46.339+0900][6.446s][info][gc,start    ] GC(224) Pause Young (Normal) (G1 Evacuation Pause)
[2026-03-27T19:25:46.339+0900][6.446s][info][gc,task     ] GC(224) Using 8 workers of 8 for evacuation
[2026-03-27T19:25:46.339+0900][6.446s][info][gc,phases   ] GC(224)   Pre Evacuate Collection Set: 0.1ms
[2026-03-27T19:25:46.339+0900][6.446s][info][gc,phases   ] GC(224)   Merge Heap Roots: 0.1ms
[2026-03-27T19:25:46.339+0900][6.446s][info][gc,phases   ] GC(224)   Evacuate Collection Set: 0.1ms
[2026-03-27T19:25:46.339+0900][6.446s][info][gc,phases   ] GC(224)   Post Evacuate Collection Set: 0.1ms
[2026-03-27T19:25:46.339+0900][6.446s][info][gc,phases   ] GC(224)   Other: 0.0ms
[2026-03-27T19:25:46.339+0900][6.446s][info][gc,heap     ] GC(224) Eden regions: 24->0(24)
[2026-03-27T19:25:46.339+0900][6.446s][info][gc,heap     ] GC(224) Survivor regions: 1->1(4)
[2026-03-27T19:25:46.339+0900][6.446s][info][gc,heap     ] GC(224) Old regions: 1->1
[2026-03-27T19:25:46.339+0900][6.446s][info][gc,heap     ] GC(224) Archive regions: 0->0
[2026-03-27T19:25:46.339+0900][6.446s][info][gc,heap     ] GC(224) Humongous regions: 462->462
[2026-03-27T19:25:46.339+0900][6.446s][info][gc,metaspace] GC(224) Metaspace: 285K(512K)->285K(512K) NonClass: 272K(384K)->272K(384K) Class: 12K(128K)->12K(128K)
[2026-03-27T19:25:46.339+0900][6.447s][info][gc          ] GC(224) Pause Young (Normal) (G1 Evacuation Pause) 486M->462M(512M) 0.694ms
[2026-03-27T19:25:46.339+0900][6.447s][info][gc,cpu      ] GC(224) User=0.00s Sys=0.00s Real=0.00s
[2026-03-27T19:25:46.340+0900][6.447s][info][gc,start    ] GC(225) Pause Young (Concurrent Start) (G1 Humongous Allocation)
[2026-03-27T19:25:46.340+0900][6.447s][info][gc,task     ] GC(225) Using 8 workers of 8 for evacuation
[2026-03-27T19:25:46.340+0900][6.447s][info][gc,phases   ] GC(225)   Pre Evacuate Collection Set: 0.1ms
[2026-03-27T19:25:46.340+0900][6.447s][info][gc,phases   ] GC(225)   Merge Heap Roots: 0.0ms
[2026-03-27T19:25:46.340+0900][6.447s][info][gc,phases   ] GC(225)   Evacuate Collection Set: 0.1ms
[2026-03-27T19:25:46.340+0900][6.447s][info][gc,phases   ] GC(225)   Post Evacuate Collection Set: 0.2ms
[2026-03-27T19:25:46.340+0900][6.447s][info][gc,phases   ] GC(225)   Other: 0.1ms
[2026-03-27T19:25:46.340+0900][6.447s][info][gc,heap     ] GC(225) Eden regions: 10->0(24)
[2026-03-27T19:25:46.340+0900][6.447s][info][gc,heap     ] GC(225) Survivor regions: 1->1(4)
[2026-03-27T19:25:46.340+0900][6.447s][info][gc,heap     ] GC(225) Old regions: 1->1
[2026-03-27T19:25:46.340+0900][6.447s][info][gc,heap     ] GC(225) Archive regions: 0->0
[2026-03-27T19:25:46.340+0900][6.447s][info][gc,heap     ] GC(225) Humongous regions: 462->462
[2026-03-27T19:25:46.340+0900][6.447s][info][gc,metaspace] GC(225) Metaspace: 285K(512K)->285K(512K) NonClass: 272K(384K)->272K(384K) Class: 12K(128K)->12K(128K)
[2026-03-27T19:25:46.340+0900][6.447s][info][gc          ] GC(225) Pause Young (Concurrent Start) (G1 Humongous Allocation) 472M->462M(512M) 0.599ms
[2026-03-27T19:25:46.340+0900][6.447s][info][gc,cpu      ] GC(225) User=0.00s Sys=0.00s Real=0.00s
[2026-03-27T19:25:46.340+0900][6.447s][info][gc          ] GC(226) Concurrent Mark Cycle
[2026-03-27T19:25:46.340+0900][6.448s][info][gc,marking  ] GC(226) Concurrent Clear Claimed Marks
[2026-03-27T19:25:46.340+0900][6.448s][info][gc,marking  ] GC(226) Concurrent Clear Claimed Marks 0.013ms
[2026-03-27T19:25:46.340+0900][6.448s][info][gc,marking  ] GC(226) Concurrent Scan Root Regions
[2026-03-27T19:25:46.340+0900][6.448s][info][gc,marking  ] GC(226) Concurrent Scan Root Regions 0.083ms
[2026-03-27T19:25:46.340+0900][6.448s][info][gc,marking  ] GC(226) Concurrent Mark
[2026-03-27T19:25:46.340+0900][6.448s][info][gc,marking  ] GC(226) Concurrent Mark From Roots
[2026-03-27T19:25:46.340+0900][6.448s][info][gc,task     ] GC(226) Using 2 workers of 2 for marking
[2026-03-27T19:25:46.341+0900][6.448s][info][gc,marking  ] GC(226) Concurrent Mark From Roots 0.716ms
[2026-03-27T19:25:46.341+0900][6.448s][info][gc,marking  ] GC(226) Concurrent Preclean
[2026-03-27T19:25:46.341+0900][6.448s][info][gc,marking  ] GC(226) Concurrent Preclean 0.015ms
[2026-03-27T19:25:46.341+0900][6.449s][info][gc,start    ] GC(226) Pause Remark
[2026-03-27T19:25:46.342+0900][6.449s][info][gc          ] GC(226) Pause Remark 485M->485M(512M) 0.271ms
[2026-03-27T19:25:46.342+0900][6.449s][info][gc,cpu      ] GC(226) User=0.00s Sys=0.00s Real=0.00s
[2026-03-27T19:25:46.342+0900][6.449s][info][gc,marking  ] GC(226) Concurrent Mark 1.191ms
[2026-03-27T19:25:46.342+0900][6.449s][info][gc,marking  ] GC(226) Concurrent Rebuild Remembered Sets
[2026-03-27T19:25:46.342+0900][6.449s][info][gc,marking  ] GC(226) Concurrent Rebuild Remembered Sets 0.552ms
[2026-03-27T19:25:46.342+0900][6.450s][info][gc,start    ] GC(226) Pause Cleanup
[2026-03-27T19:25:46.342+0900][6.450s][info][gc          ] GC(226) Pause Cleanup 485M->485M(512M) 0.071ms
[2026-03-27T19:25:46.342+0900][6.450s][info][gc,cpu      ] GC(226) User=0.00s Sys=0.00s Real=0.00s
[2026-03-27T19:25:46.342+0900][6.450s][info][gc,marking  ] GC(226) Concurrent Cleanup for Next Mark
[2026-03-27T19:25:46.342+0900][6.450s][info][gc,marking  ] GC(226) Concurrent Cleanup for Next Mark 0.198ms
[2026-03-27T19:25:46.342+0900][6.450s][info][gc          ] GC(226) Concurrent Mark Cycle 2.417ms
[2026-03-27T19:25:46.387+0900][6.494s][info][gc,start    ] GC(227) Pause Young (Normal) (G1 Evacuation Pause)
[2026-03-27T19:25:46.387+0900][6.495s][info][gc,task     ] GC(227) Using 8 workers of 8 for evacuation
[2026-03-27T19:25:46.390+0900][6.496s][info][gc,phases   ] GC(227)   Pre Evacuate Collection Set: 0.2ms
[2026-03-27T19:25:46.390+0900][6.496s][info][gc,phases   ] GC(227)   Merge Heap Roots: 0.3ms
[2026-03-27T19:25:46.390+0900][6.497s][info][gc,phases   ] GC(227)   Evacuate Collection Set: 0.2ms
[2026-03-27T19:25:46.390+0900][6.497s][info][gc,phases   ] GC(227)   Post Evacuate Collection Set: 0.8ms
[2026-03-27T19:25:46.390+0900][6.497s][info][gc,phases   ] GC(227)   Other: 0.2ms
[2026-03-27T19:25:46.390+0900][6.497s][info][gc,heap     ] GC(227) Eden regions: 24->0(24)
[2026-03-27T19:25:46.390+0900][6.497s][info][gc,heap     ] GC(227) Survivor regions: 1->1(2)
[2026-03-27T19:25:46.390+0900][6.497s][info][gc,heap     ] GC(227) Old regions: 1->1
[2026-03-27T19:25:46.390+0900][6.497s][info][gc,heap     ] GC(227) Archive regions: 0->0
[2026-03-27T19:25:46.390+0900][6.497s][info][gc,heap     ] GC(227) Humongous regions: 484->484
[2026-03-27T19:25:46.390+0900][6.497s][info][gc,metaspace] GC(227) Metaspace: 285K(512K)->285K(512K) NonClass: 272K(384K)->272K(384K) Class: 12K(128K)->12K(128K)
[2026-03-27T19:25:46.390+0900][6.497s][info][gc          ] GC(227) Pause Young (Normal) (G1 Evacuation Pause) 508M->484M(512M) 2.623ms
[2026-03-27T19:25:46.390+0900][6.497s][info][gc,cpu      ] GC(227) User=0.00s Sys=0.00s Real=0.00s
[2026-03-27T19:25:46.392+0900][6.498s][info][gc,start    ] GC(228) Pause Young (Concurrent Start) (G1 Humongous Allocation)
[2026-03-27T19:25:46.392+0900][6.498s][info][gc,task     ] GC(228) Using 8 workers of 8 for evacuation
[2026-03-27T19:25:46.393+0900][6.500s][info][gc,phases   ] GC(228)   Pre Evacuate Collection Set: 0.3ms
[2026-03-27T19:25:46.393+0900][6.500s][info][gc,phases   ] GC(228)   Merge Heap Roots: 0.2ms
[2026-03-27T19:25:46.393+0900][6.500s][info][gc,phases   ] GC(228)   Evacuate Collection Set: 0.3ms
[2026-03-27T19:25:46.393+0900][6.500s][info][gc,phases   ] GC(228)   Post Evacuate Collection Set: 0.7ms
[2026-03-27T19:25:46.393+0900][6.500s][info][gc,phases   ] GC(228)   Other: 0.3ms
[2026-03-27T19:25:46.393+0900][6.500s][info][gc,heap     ] GC(228) Eden regions: 10->0(24)
[2026-03-27T19:25:46.393+0900][6.500s][info][gc,heap     ] GC(228) Survivor regions: 1->1(4)
[2026-03-27T19:25:46.393+0900][6.500s][info][gc,heap     ] GC(228) Old regions: 1->1
[2026-03-27T19:25:46.393+0900][6.500s][info][gc,heap     ] GC(228) Archive regions: 0->0
[2026-03-27T19:25:46.393+0900][6.500s][info][gc,heap     ] GC(228) Humongous regions: 484->484
[2026-03-27T19:25:46.393+0900][6.500s][info][gc,metaspace] GC(228) Metaspace: 285K(512K)->285K(512K) NonClass: 272K(384K)->272K(384K) Class: 12K(128K)->12K(128K)
[2026-03-27T19:25:46.393+0900][6.500s][info][gc          ] GC(228) Pause Young (Concurrent Start) (G1 Humongous Allocation) 493M->484M(512M) 2.359ms
[2026-03-27T19:25:46.393+0900][6.501s][info][gc,cpu      ] GC(228) User=0.00s Sys=0.00s Real=0.00s
[2026-03-27T19:25:46.393+0900][6.501s][info][gc          ] GC(229) Concurrent Mark Cycle
[2026-03-27T19:25:46.393+0900][6.501s][info][gc,marking  ] GC(229) Concurrent Clear Claimed Marks
[2026-03-27T19:25:46.393+0900][6.501s][info][gc,marking  ] GC(229) Concurrent Clear Claimed Marks 0.015ms
[2026-03-27T19:25:46.393+0900][6.501s][info][gc,marking  ] GC(229) Concurrent Scan Root Regions
[2026-03-27T19:25:46.394+0900][6.501s][info][gc,marking  ] GC(229) Concurrent Scan Root Regions 0.110ms
[2026-03-27T19:25:46.394+0900][6.501s][info][gc,marking  ] GC(229) Concurrent Mark
[2026-03-27T19:25:46.394+0900][6.501s][info][gc,marking  ] GC(229) Concurrent Mark From Roots
[2026-03-27T19:25:46.394+0900][6.501s][info][gc,task     ] GC(229) Using 2 workers of 2 for marking
[2026-03-27T19:25:46.396+0900][6.502s][info][gc,marking  ] GC(229) Concurrent Mark From Roots 1.578ms
[2026-03-27T19:25:46.396+0900][6.502s][info][gc,marking  ] GC(229) Concurrent Preclean
[2026-03-27T19:25:46.396+0900][6.502s][info][gc,marking  ] GC(229) Concurrent Preclean 0.021ms
[2026-03-27T19:25:46.396+0900][6.503s][info][gc,start    ] GC(229) Pause Remark
[2026-03-27T19:25:46.396+0900][6.503s][info][gc          ] GC(229) Pause Remark 507M->507M(512M) 0.296ms
[2026-03-27T19:25:46.396+0900][6.503s][info][gc,cpu      ] GC(229) User=0.00s Sys=0.00s Real=0.00s
[2026-03-27T19:25:46.396+0900][6.503s][info][gc,marking  ] GC(229) Concurrent Mark 2.202ms
[2026-03-27T19:25:46.396+0900][6.503s][info][gc,marking  ] GC(229) Concurrent Rebuild Remembered Sets
[2026-03-27T19:25:46.396+0900][6.503s][info][gc,marking  ] GC(229) Concurrent Rebuild Remembered Sets 0.461ms
[2026-03-27T19:25:46.397+0900][6.504s][info][gc,start    ] GC(229) Pause Cleanup
[2026-03-27T19:25:46.397+0900][6.504s][info][gc          ] GC(229) Pause Cleanup 507M->507M(512M) 0.084ms
[2026-03-27T19:25:46.397+0900][6.504s][info][gc,cpu      ] GC(229) User=0.00s Sys=0.00s Real=0.00s
[2026-03-27T19:25:46.397+0900][6.504s][info][gc,marking  ] GC(229) Concurrent Cleanup for Next Mark
[2026-03-27T19:25:46.397+0900][6.504s][info][gc,marking  ] GC(229) Concurrent Cleanup for Next Mark 0.190ms
[2026-03-27T19:25:46.397+0900][6.504s][info][gc          ] GC(229) Concurrent Mark Cycle 3.506ms
[2026-03-27T19:25:46.432+0900][6.539s][info][gc,start    ] GC(230) Pause Young (Normal) (G1 Preventive Collection)
[2026-03-27T19:25:46.433+0900][6.539s][info][gc,task     ] GC(230) Using 8 workers of 8 for evacuation
[2026-03-27T19:25:46.434+0900][6.541s][info][gc,phases   ] GC(230)   Pre Evacuate Collection Set: 0.2ms
[2026-03-27T19:25:46.434+0900][6.541s][info][gc,phases   ] GC(230)   Merge Heap Roots: 0.3ms
[2026-03-27T19:25:46.434+0900][6.541s][info][gc,phases   ] GC(230)   Evacuate Collection Set: 0.2ms
[2026-03-27T19:25:46.434+0900][6.541s][info][gc,phases   ] GC(230)   Post Evacuate Collection Set: 0.8ms
[2026-03-27T19:25:46.434+0900][6.541s][info][gc,phases   ] GC(230)   Other: 0.2ms
[2026-03-27T19:25:46.434+0900][6.541s][info][gc,heap     ] GC(230) Eden regions: 3->0(171)
[2026-03-27T19:25:46.434+0900][6.541s][info][gc,heap     ] GC(230) Survivor regions: 1->1(1)
[2026-03-27T19:25:46.434+0900][6.541s][info][gc,heap     ] GC(230) Old regions: 1->1
[2026-03-27T19:25:46.434+0900][6.541s][info][gc,heap     ] GC(230) Archive regions: 0->0
[2026-03-27T19:25:46.434+0900][6.541s][info][gc,heap     ] GC(230) Humongous regions: 506->286
[2026-03-27T19:25:46.434+0900][6.541s][info][gc,metaspace] GC(230) Metaspace: 285K(512K)->285K(512K) NonClass: 272K(384K)->272K(384K) Class: 12K(128K)->12K(128K)
[2026-03-27T19:25:46.434+0900][6.541s][info][gc          ] GC(230) Pause Young (Normal) (G1 Preventive Collection) 509M->286M(512M) 2.457ms
[2026-03-27T19:25:46.434+0900][6.541s][info][gc,cpu      ] GC(230) User=0.00s Sys=0.00s Real=0.00s
[2026-03-27T19:25:46.437+0900][6.544s][info][gc,start    ] GC(231) Pause Young (Concurrent Start) (G1 Humongous Allocation)
[2026-03-27T19:25:46.437+0900][6.544s][info][gc,task     ] GC(231) Using 8 workers of 8 for evacuation
[2026-03-27T19:25:46.439+0900][6.546s][info][gc,phases   ] GC(231)   Pre Evacuate Collection Set: 0.2ms
[2026-03-27T19:25:46.439+0900][6.546s][info][gc,phases   ] GC(231)   Merge Heap Roots: 0.3ms
[2026-03-27T19:25:46.439+0900][6.546s][info][gc,phases   ] GC(231)   Evacuate Collection Set: 0.4ms
[2026-03-27T19:25:46.439+0900][6.546s][info][gc,phases   ] GC(231)   Post Evacuate Collection Set: 0.8ms
[2026-03-27T19:25:46.439+0900][6.546s][info][gc,phases   ] GC(231)   Other: 0.3ms
[2026-03-27T19:25:46.439+0900][6.546s][info][gc,heap     ] GC(231) Eden regions: 31->0(171)
[2026-03-27T19:25:46.439+0900][6.546s][info][gc,heap     ] GC(231) Survivor regions: 1->1(22)
[2026-03-27T19:25:46.439+0900][6.546s][info][gc,heap     ] GC(231) Old regions: 1->1
[2026-03-27T19:25:46.439+0900][6.546s][info][gc,heap     ] GC(231) Archive regions: 0->0
[2026-03-27T19:25:46.439+0900][6.546s][info][gc,heap     ] GC(231) Humongous regions: 286->286
[2026-03-27T19:25:46.439+0900][6.546s][info][gc,metaspace] GC(231) Metaspace: 285K(512K)->285K(512K) NonClass: 272K(384K)->272K(384K) Class: 12K(128K)->12K(128K)
[2026-03-27T19:25:46.439+0900][6.546s][info][gc          ] GC(231) Pause Young (Concurrent Start) (G1 Humongous Allocation) 316M->286M(512M) 2.554ms
[2026-03-27T19:25:46.439+0900][6.546s][info][gc,cpu      ] GC(231) User=0.00s Sys=0.00s Real=0.00s
[2026-03-27T19:25:46.439+0900][6.546s][info][gc          ] GC(232) Concurrent Mark Cycle
[2026-03-27T19:25:46.440+0900][6.547s][info][gc,marking  ] GC(232) Concurrent Clear Claimed Marks
[2026-03-27T19:25:46.440+0900][6.547s][info][gc,marking  ] GC(232) Concurrent Clear Claimed Marks 0.038ms
[2026-03-27T19:25:46.440+0900][6.547s][info][gc,marking  ] GC(232) Concurrent Scan Root Regions
[2026-03-27T19:25:46.440+0900][6.547s][info][gc,marking  ] GC(232) Concurrent Scan Root Regions 0.107ms
[2026-03-27T19:25:46.440+0900][6.547s][info][gc,marking  ] GC(232) Concurrent Mark
[2026-03-27T19:25:46.440+0900][6.547s][info][gc,marking  ] GC(232) Concurrent Mark From Roots
[2026-03-27T19:25:46.440+0900][6.547s][info][gc,task     ] GC(232) Using 2 workers of 2 for marking
[2026-03-27T19:25:46.441+0900][6.548s][info][gc,marking  ] GC(232) Concurrent Mark From Roots 0.829ms
[2026-03-27T19:25:46.441+0900][6.548s][info][gc,marking  ] GC(232) Concurrent Preclean
[2026-03-27T19:25:46.441+0900][6.548s][info][gc,marking  ] GC(232) Concurrent Preclean 0.017ms
[2026-03-27T19:25:46.441+0900][6.548s][info][gc,start    ] GC(232) Pause Remark
[2026-03-27T19:25:46.441+0900][6.548s][info][gc          ] GC(232) Pause Remark 309M->309M(512M) 0.262ms
[2026-03-27T19:25:46.441+0900][6.548s][info][gc,cpu      ] GC(232) User=0.00s Sys=0.00s Real=0.00s
[2026-03-27T19:25:46.441+0900][6.548s][info][gc,marking  ] GC(232) Concurrent Mark 1.399ms
[2026-03-27T19:25:46.441+0900][6.548s][info][gc,marking  ] GC(232) Concurrent Rebuild Remembered Sets
[2026-03-27T19:25:46.442+0900][6.549s][info][gc,marking  ] GC(232) Concurrent Rebuild Remembered Sets 0.459ms
[2026-03-27T19:25:46.442+0900][6.549s][info][gc,start    ] GC(232) Pause Cleanup
[2026-03-27T19:25:46.442+0900][6.549s][info][gc          ] GC(232) Pause Cleanup 309M->309M(512M) 0.093ms
[2026-03-27T19:25:46.442+0900][6.549s][info][gc,cpu      ] GC(232) User=0.00s Sys=0.00s Real=0.00s
[2026-03-27T19:25:46.442+0900][6.549s][info][gc,marking  ] GC(232) Concurrent Cleanup for Next Mark
[2026-03-27T19:25:46.442+0900][6.549s][info][gc,marking  ] GC(232) Concurrent Cleanup for Next Mark 0.200ms
[2026-03-27T19:25:46.442+0900][6.549s][info][gc          ] GC(232) Concurrent Mark Cycle 2.696ms
[2026-03-27T19:25:46.482+0900][6.590s][info][gc,start    ] GC(233) Pause Young (Concurrent Start) (G1 Humongous Allocation)
[2026-03-27T19:25:46.483+0900][6.590s][info][gc,task     ] GC(233) Using 8 workers of 8 for evacuation
[2026-03-27T19:25:46.485+0900][6.592s][info][gc,phases   ] GC(233)   Pre Evacuate Collection Set: 0.3ms
[2026-03-27T19:25:46.485+0900][6.592s][info][gc,phases   ] GC(233)   Merge Heap Roots: 0.3ms
[2026-03-27T19:25:46.485+0900][6.592s][info][gc,phases   ] GC(233)   Evacuate Collection Set: 0.3ms
[2026-03-27T19:25:46.485+0900][6.592s][info][gc,phases   ] GC(233)   Post Evacuate Collection Set: 0.9ms
[2026-03-27T19:25:46.485+0900][6.592s][info][gc,phases   ] GC(233)   Other: 0.4ms
[2026-03-27T19:25:46.485+0900][6.592s][info][gc,heap     ] GC(233) Eden regions: 34->0(149)
[2026-03-27T19:25:46.485+0900][6.592s][info][gc,heap     ] GC(233) Survivor regions: 1->1(22)
[2026-03-27T19:25:46.485+0900][6.592s][info][gc,heap     ] GC(233) Old regions: 1->1
[2026-03-27T19:25:46.485+0900][6.592s][info][gc,heap     ] GC(233) Archive regions: 0->0
[2026-03-27T19:25:46.485+0900][6.592s][info][gc,heap     ] GC(233) Humongous regions: 308->308
[2026-03-27T19:25:46.485+0900][6.592s][info][gc,metaspace] GC(233) Metaspace: 285K(512K)->285K(512K) NonClass: 272K(384K)->272K(384K) Class: 12K(128K)->12K(128K)
[2026-03-27T19:25:46.485+0900][6.592s][info][gc          ] GC(233) Pause Young (Concurrent Start) (G1 Humongous Allocation) 342M->308M(512M) 2.882ms
[2026-03-27T19:25:46.485+0900][6.592s][info][gc,cpu      ] GC(233) User=0.00s Sys=0.00s Real=0.00s
[2026-03-27T19:25:46.485+0900][6.592s][info][gc          ] GC(234) Concurrent Mark Cycle
[2026-03-27T19:25:46.485+0900][6.593s][info][gc,marking  ] GC(234) Concurrent Clear Claimed Marks
[2026-03-27T19:25:46.485+0900][6.593s][info][gc,marking  ] GC(234) Concurrent Clear Claimed Marks 0.039ms
[2026-03-27T19:25:46.485+0900][6.593s][info][gc,marking  ] GC(234) Concurrent Scan Root Regions
[2026-03-27T19:25:46.486+0900][6.593s][info][gc,marking  ] GC(234) Concurrent Scan Root Regions 0.116ms
[2026-03-27T19:25:46.486+0900][6.593s][info][gc,marking  ] GC(234) Concurrent Mark
[2026-03-27T19:25:46.486+0900][6.593s][info][gc,marking  ] GC(234) Concurrent Mark From Roots
[2026-03-27T19:25:46.486+0900][6.593s][info][gc,task     ] GC(234) Using 2 workers of 2 for marking
[2026-03-27T19:25:46.488+0900][6.595s][info][gc,marking  ] GC(234) Concurrent Mark From Roots 1.786ms
[2026-03-27T19:25:46.488+0900][6.595s][info][gc,marking  ] GC(234) Concurrent Preclean
[2026-03-27T19:25:46.488+0900][6.595s][info][gc,marking  ] GC(234) Concurrent Preclean 0.024ms
[2026-03-27T19:25:46.488+0900][6.595s][info][gc,start    ] GC(234) Pause Remark
[2026-03-27T19:25:46.489+0900][6.596s][info][gc          ] GC(234) Pause Remark 331M->331M(512M) 1.342ms
[2026-03-27T19:25:46.489+0900][6.596s][info][gc,cpu      ] GC(234) User=0.00s Sys=0.00s Real=0.00s
[2026-03-27T19:25:46.489+0900][6.597s][info][gc,marking  ] GC(234) Concurrent Mark 3.705ms
[2026-03-27T19:25:46.489+0900][6.597s][info][gc,marking  ] GC(234) Concurrent Rebuild Remembered Sets
[2026-03-27T19:25:46.490+0900][6.597s][info][gc,marking  ] GC(234) Concurrent Rebuild Remembered Sets 0.580ms
[2026-03-27T19:25:46.490+0900][6.597s][info][gc,start    ] GC(234) Pause Cleanup
[2026-03-27T19:25:46.490+0900][6.597s][info][gc          ] GC(234) Pause Cleanup 331M->331M(512M) 0.088ms
[2026-03-27T19:25:46.490+0900][6.597s][info][gc,cpu      ] GC(234) User=0.00s Sys=0.00s Real=0.00s
[2026-03-27T19:25:46.490+0900][6.598s][info][gc,marking  ] GC(234) Concurrent Cleanup for Next Mark
[2026-03-27T19:25:46.491+0900][6.598s][info][gc,marking  ] GC(234) Concurrent Cleanup for Next Mark 0.199ms
[2026-03-27T19:25:46.491+0900][6.598s][info][gc          ] GC(234) Concurrent Mark Cycle 5.248ms
[2026-03-27T19:25:46.529+0900][6.636s][info][gc,start    ] GC(235) Pause Young (Concurrent Start) (G1 Humongous Allocation)
[2026-03-27T19:25:46.529+0900][6.636s][info][gc,task     ] GC(235) Using 8 workers of 8 for evacuation
[2026-03-27T19:25:46.531+0900][6.638s][info][gc,phases   ] GC(235)   Pre Evacuate Collection Set: 0.3ms
[2026-03-27T19:25:46.531+0900][6.638s][info][gc,phases   ] GC(235)   Merge Heap Roots: 0.3ms
[2026-03-27T19:25:46.531+0900][6.638s][info][gc,phases   ] GC(235)   Evacuate Collection Set: 0.3ms
[2026-03-27T19:25:46.531+0900][6.638s][info][gc,phases   ] GC(235)   Post Evacuate Collection Set: 0.9ms
[2026-03-27T19:25:46.531+0900][6.638s][info][gc,phases   ] GC(235)   Other: 0.3ms
[2026-03-27T19:25:46.531+0900][6.638s][info][gc,heap     ] GC(235) Eden regions: 34->0(127)
[2026-03-27T19:25:46.531+0900][6.638s][info][gc,heap     ] GC(235) Survivor regions: 1->1(19)
[2026-03-27T19:25:46.531+0900][6.638s][info][gc,heap     ] GC(235) Old regions: 1->1
[2026-03-27T19:25:46.531+0900][6.638s][info][gc,heap     ] GC(235) Archive regions: 0->0
[2026-03-27T19:25:46.531+0900][6.638s][info][gc,heap     ] GC(235) Humongous regions: 330->330
[2026-03-27T19:25:46.532+0900][6.638s][info][gc,metaspace] GC(235) Metaspace: 285K(512K)->285K(512K) NonClass: 272K(384K)->272K(384K) Class: 12K(128K)->12K(128K)
[2026-03-27T19:25:46.532+0900][6.638s][info][gc          ] GC(235) Pause Young (Concurrent Start) (G1 Humongous Allocation) 364M->330M(512M) 2.840ms
[2026-03-27T19:25:46.532+0900][6.638s][info][gc,cpu      ] GC(235) User=0.00s Sys=0.00s Real=0.00s
[2026-03-27T19:25:46.532+0900][6.638s][info][gc          ] GC(236) Concurrent Mark Cycle
[2026-03-27T19:25:46.532+0900][6.639s][info][gc,marking  ] GC(236) Concurrent Clear Claimed Marks
[2026-03-27T19:25:46.532+0900][6.639s][info][gc,marking  ] GC(236) Concurrent Clear Claimed Marks 0.020ms
[2026-03-27T19:25:46.532+0900][6.639s][info][gc,marking  ] GC(236) Concurrent Scan Root Regions
[2026-03-27T19:25:46.532+0900][6.639s][info][gc,marking  ] GC(236) Concurrent Scan Root Regions 0.070ms
[2026-03-27T19:25:46.532+0900][6.639s][info][gc,marking  ] GC(236) Concurrent Mark
[2026-03-27T19:25:46.532+0900][6.639s][info][gc,marking  ] GC(236) Concurrent Mark From Roots
[2026-03-27T19:25:46.532+0900][6.639s][info][gc,task     ] GC(236) Using 2 workers of 2 for marking
[2026-03-27T19:25:46.533+0900][6.640s][info][gc,marking  ] GC(236) Concurrent Mark From Roots 1.194ms
[2026-03-27T19:25:46.533+0900][6.640s][info][gc,marking  ] GC(236) Concurrent Preclean
[2026-03-27T19:25:46.533+0900][6.640s][info][gc,marking  ] GC(236) Concurrent Preclean 0.041ms
[2026-03-27T19:25:46.533+0900][6.640s][info][gc,start    ] GC(236) Pause Remark
[2026-03-27T19:25:46.534+0900][6.642s][info][gc          ] GC(236) Pause Remark 353M->353M(512M) 1.645ms
[2026-03-27T19:25:46.534+0900][6.642s][info][gc,cpu      ] GC(236) User=0.00s Sys=0.00s Real=0.00s
[2026-03-27T19:25:46.536+0900][6.642s][info][gc,marking  ] GC(236) Concurrent Mark 3.535ms
[2026-03-27T19:25:46.536+0900][6.642s][info][gc,marking  ] GC(236) Concurrent Rebuild Remembered Sets
[2026-03-27T19:25:46.536+0900][6.643s][info][gc,marking  ] GC(236) Concurrent Rebuild Remembered Sets 0.615ms
[2026-03-27T19:25:46.536+0900][6.643s][info][gc,start    ] GC(236) Pause Cleanup
[2026-03-27T19:25:46.536+0900][6.643s][info][gc          ] GC(236) Pause Cleanup 353M->353M(512M) 0.082ms
[2026-03-27T19:25:46.537+0900][6.643s][info][gc,cpu      ] GC(236) User=0.00s Sys=0.00s Real=0.00s
[2026-03-27T19:25:46.537+0900][6.643s][info][gc,marking  ] GC(236) Concurrent Cleanup for Next Mark
[2026-03-27T19:25:46.537+0900][6.643s][info][gc,marking  ] GC(236) Concurrent Cleanup for Next Mark 0.205ms
[2026-03-27T19:25:46.537+0900][6.644s][info][gc          ] GC(236) Concurrent Mark Cycle 5.039ms
[2026-03-27T19:25:46.574+0900][6.681s][info][gc,start    ] GC(237) Pause Young (Concurrent Start) (G1 Humongous Allocation)
[2026-03-27T19:25:46.574+0900][6.681s][info][gc,task     ] GC(237) Using 8 workers of 8 for evacuation
[2026-03-27T19:25:46.576+0900][6.683s][info][gc,phases   ] GC(237)   Pre Evacuate Collection Set: 0.2ms
[2026-03-27T19:25:46.576+0900][6.683s][info][gc,phases   ] GC(237)   Merge Heap Roots: 0.3ms
[2026-03-27T19:25:46.576+0900][6.683s][info][gc,phases   ] GC(237)   Evacuate Collection Set: 0.3ms
[2026-03-27T19:25:46.576+0900][6.683s][info][gc,phases   ] GC(237)   Post Evacuate Collection Set: 0.9ms
[2026-03-27T19:25:46.576+0900][6.683s][info][gc,phases   ] GC(237)   Other: 0.5ms
[2026-03-27T19:25:46.576+0900][6.683s][info][gc,heap     ] GC(237) Eden regions: 34->0(105)
[2026-03-27T19:25:46.576+0900][6.683s][info][gc,heap     ] GC(237) Survivor regions: 1->1(16)
[2026-03-27T19:25:46.576+0900][6.684s][info][gc,heap     ] GC(237) Old regions: 1->1
[2026-03-27T19:25:46.576+0900][6.684s][info][gc,heap     ] GC(237) Archive regions: 0->0
[2026-03-27T19:25:46.576+0900][6.684s][info][gc,heap     ] GC(237) Humongous regions: 352->352
[2026-03-27T19:25:46.576+0900][6.684s][info][gc,metaspace] GC(237) Metaspace: 285K(512K)->285K(512K) NonClass: 272K(384K)->272K(384K) Class: 12K(128K)->12K(128K)
[2026-03-27T19:25:46.576+0900][6.684s][info][gc          ] GC(237) Pause Young (Concurrent Start) (G1 Humongous Allocation) 386M->352M(512M) 2.948ms
[2026-03-27T19:25:46.576+0900][6.684s][info][gc,cpu      ] GC(237) User=0.00s Sys=0.00s Real=0.00s
[2026-03-27T19:25:46.576+0900][6.684s][info][gc          ] GC(238) Concurrent Mark Cycle
[2026-03-27T19:25:46.578+0900][6.684s][info][gc,marking  ] GC(238) Concurrent Clear Claimed Marks
[2026-03-27T19:25:46.578+0900][6.684s][info][gc,marking  ] GC(238) Concurrent Clear Claimed Marks 0.049ms
[2026-03-27T19:25:46.578+0900][6.684s][info][gc,marking  ] GC(238) Concurrent Scan Root Regions
[2026-03-27T19:25:46.578+0900][6.684s][info][gc,marking  ] GC(238) Concurrent Scan Root Regions 0.140ms
[2026-03-27T19:25:46.578+0900][6.684s][info][gc,marking  ] GC(238) Concurrent Mark
[2026-03-27T19:25:46.578+0900][6.684s][info][gc,marking  ] GC(238) Concurrent Mark From Roots
[2026-03-27T19:25:46.578+0900][6.684s][info][gc,task     ] GC(238) Using 2 workers of 2 for marking
[2026-03-27T19:25:46.579+0900][6.685s][info][gc,marking  ] GC(238) Concurrent Mark From Roots 1.024ms
[2026-03-27T19:25:46.579+0900][6.685s][info][gc,marking  ] GC(238) Concurrent Preclean
[2026-03-27T19:25:46.579+0900][6.685s][info][gc,marking  ] GC(238) Concurrent Preclean 0.018ms
[2026-03-27T19:25:46.579+0900][6.686s][info][gc,start    ] GC(238) Pause Remark
[2026-03-27T19:25:46.580+0900][6.687s][info][gc          ] GC(238) Pause Remark 375M->375M(512M) 1.116ms
[2026-03-27T19:25:46.580+0900][6.687s][info][gc,cpu      ] GC(238) User=0.00s Sys=0.00s Real=0.00s
[2026-03-27T19:25:46.580+0900][6.687s][info][gc,marking  ] GC(238) Concurrent Mark 2.599ms
[2026-03-27T19:25:46.580+0900][6.687s][info][gc,marking  ] GC(238) Concurrent Rebuild Remembered Sets
[2026-03-27T19:25:46.581+0900][6.687s][info][gc,marking  ] GC(238) Concurrent Rebuild Remembered Sets 0.557ms
[2026-03-27T19:25:46.581+0900][6.688s][info][gc,start    ] GC(238) Pause Cleanup
[2026-03-27T19:25:46.581+0900][6.688s][info][gc          ] GC(238) Pause Cleanup 375M->375M(512M) 0.101ms
[2026-03-27T19:25:46.581+0900][6.688s][info][gc,cpu      ] GC(238) User=0.00s Sys=0.00s Real=0.00s
[2026-03-27T19:25:46.581+0900][6.688s][info][gc,marking  ] GC(238) Concurrent Cleanup for Next Mark
[2026-03-27T19:25:46.582+0900][6.688s][info][gc,marking  ] GC(238) Concurrent Cleanup for Next Mark 0.206ms
[2026-03-27T19:25:46.582+0900][6.688s][info][gc          ] GC(238) Concurrent Mark Cycle 4.245ms
[2026-03-27T19:25:46.623+0900][6.730s][info][gc,start    ] GC(239) Pause Young (Concurrent Start) (G1 Humongous Allocation)
[2026-03-27T19:25:46.623+0900][6.730s][info][gc,task     ] GC(239) Using 8 workers of 8 for evacuation
[2026-03-27T19:25:46.626+0900][6.732s][info][gc,phases   ] GC(239)   Pre Evacuate Collection Set: 0.3ms
[2026-03-27T19:25:46.626+0900][6.732s][info][gc,phases   ] GC(239)   Merge Heap Roots: 0.4ms
[2026-03-27T19:25:46.626+0900][6.732s][info][gc,phases   ] GC(239)   Evacuate Collection Set: 0.5ms
[2026-03-27T19:25:46.626+0900][6.732s][info][gc,phases   ] GC(239)   Post Evacuate Collection Set: 0.8ms
[2026-03-27T19:25:46.626+0900][6.733s][info][gc,phases   ] GC(239)   Other: 0.3ms
[2026-03-27T19:25:46.626+0900][6.733s][info][gc,heap     ] GC(239) Eden regions: 34->0(83)
[2026-03-27T19:25:46.626+0900][6.733s][info][gc,heap     ] GC(239) Survivor regions: 1->1(14)
[2026-03-27T19:25:46.626+0900][6.733s][info][gc,heap     ] GC(239) Old regions: 1->1
[2026-03-27T19:25:46.626+0900][6.733s][info][gc,heap     ] GC(239) Archive regions: 0->0
[2026-03-27T19:25:46.626+0900][6.733s][info][gc,heap     ] GC(239) Humongous regions: 374->374
[2026-03-27T19:25:46.626+0900][6.733s][info][gc,metaspace] GC(239) Metaspace: 285K(512K)->285K(512K) NonClass: 272K(384K)->272K(384K) Class: 12K(128K)->12K(128K)
[2026-03-27T19:25:46.626+0900][6.733s][info][gc          ] GC(239) Pause Young (Concurrent Start) (G1 Humongous Allocation) 408M->374M(512M) 3.103ms
[2026-03-27T19:25:46.627+0900][6.733s][info][gc          ] GC(240) Concurrent Mark Cycle
[2026-03-27T19:25:46.627+0900][6.733s][info][gc,cpu      ] GC(239) User=0.00s Sys=0.00s Real=0.00s
[2026-03-27T19:25:46.627+0900][6.733s][info][gc,marking  ] GC(240) Concurrent Clear Claimed Marks
[2026-03-27T19:25:46.627+0900][6.733s][info][gc,marking  ] GC(240) Concurrent Clear Claimed Marks 0.159ms
[2026-03-27T19:25:46.627+0900][6.733s][info][gc,marking  ] GC(240) Concurrent Scan Root Regions
[2026-03-27T19:25:46.627+0900][6.733s][info][gc,marking  ] GC(240) Concurrent Scan Root Regions 0.173ms
[2026-03-27T19:25:46.627+0900][6.733s][info][gc,marking  ] GC(240) Concurrent Mark
[2026-03-27T19:25:46.627+0900][6.733s][info][gc,marking  ] GC(240) Concurrent Mark From Roots
[2026-03-27T19:25:46.627+0900][6.733s][info][gc,task     ] GC(240) Using 2 workers of 2 for marking
[2026-03-27T19:25:46.629+0900][6.735s][info][gc,marking  ] GC(240) Concurrent Mark From Roots 2.053ms
[2026-03-27T19:25:46.629+0900][6.736s][info][gc,marking  ] GC(240) Concurrent Preclean
[2026-03-27T19:25:46.629+0900][6.736s][info][gc,marking  ] GC(240) Concurrent Preclean 0.046ms
[2026-03-27T19:25:46.630+0900][6.736s][info][gc,start    ] GC(240) Pause Remark
[2026-03-27T19:25:46.631+0900][6.737s][info][gc          ] GC(240) Pause Remark 397M->397M(512M) 1.480ms
[2026-03-27T19:25:46.631+0900][6.738s][info][gc,cpu      ] GC(240) User=0.00s Sys=0.00s Real=0.00s
[2026-03-27T19:25:46.631+0900][6.738s][info][gc,marking  ] GC(240) Concurrent Mark 4.236ms
[2026-03-27T19:25:46.631+0900][6.738s][info][gc,marking  ] GC(240) Concurrent Rebuild Remembered Sets
[2026-03-27T19:25:46.633+0900][6.739s][info][gc,marking  ] GC(240) Concurrent Rebuild Remembered Sets 1.413ms
[2026-03-27T19:25:46.633+0900][6.739s][info][gc,start    ] GC(240) Pause Cleanup
[2026-03-27T19:25:46.633+0900][6.740s][info][gc          ] GC(240) Pause Cleanup 397M->397M(512M) 0.380ms
[2026-03-27T19:25:46.633+0900][6.740s][info][gc,cpu      ] GC(240) User=0.00s Sys=0.00s Real=0.00s
[2026-03-27T19:25:46.633+0900][6.740s][info][gc,marking  ] GC(240) Concurrent Cleanup for Next Mark
[2026-03-27T19:25:46.634+0900][6.741s][info][gc,marking  ] GC(240) Concurrent Cleanup for Next Mark 0.633ms
[2026-03-27T19:25:46.634+0900][6.741s][info][gc          ] GC(240) Concurrent Mark Cycle 7.965ms
[2026-03-27T19:25:46.669+0900][6.776s][info][gc,start    ] GC(241) Pause Young (Concurrent Start) (G1 Humongous Allocation)
[2026-03-27T19:25:46.670+0900][6.776s][info][gc,task     ] GC(241) Using 8 workers of 8 for evacuation
[2026-03-27T19:25:46.672+0900][6.778s][info][gc,phases   ] GC(241)   Pre Evacuate Collection Set: 0.3ms
[2026-03-27T19:25:46.672+0900][6.778s][info][gc,phases   ] GC(241)   Merge Heap Roots: 0.3ms
[2026-03-27T19:25:46.672+0900][6.778s][info][gc,phases   ] GC(241)   Evacuate Collection Set: 0.4ms
[2026-03-27T19:25:46.672+0900][6.779s][info][gc,phases   ] GC(241)   Post Evacuate Collection Set: 0.8ms
[2026-03-27T19:25:46.672+0900][6.779s][info][gc,phases   ] GC(241)   Other: 0.3ms
[2026-03-27T19:25:46.672+0900][6.779s][info][gc,heap     ] GC(241) Eden regions: 34->0(61)
[2026-03-27T19:25:46.672+0900][6.779s][info][gc,heap     ] GC(241) Survivor regions: 1->1(11)
[2026-03-27T19:25:46.672+0900][6.779s][info][gc,heap     ] GC(241) Old regions: 1->1
[2026-03-27T19:25:46.672+0900][6.779s][info][gc,heap     ] GC(241) Archive regions: 0->0
[2026-03-27T19:25:46.672+0900][6.779s][info][gc,heap     ] GC(241) Humongous regions: 396->396
[2026-03-27T19:25:46.672+0900][6.779s][info][gc,metaspace] GC(241) Metaspace: 285K(512K)->285K(512K) NonClass: 272K(384K)->272K(384K) Class: 12K(128K)->12K(128K)
[2026-03-27T19:25:46.672+0900][6.779s][info][gc          ] GC(241) Pause Young (Concurrent Start) (G1 Humongous Allocation) 430M->396M(512M) 2.794ms
[2026-03-27T19:25:46.672+0900][6.779s][info][gc,cpu      ] GC(241) User=0.00s Sys=0.00s Real=0.00s
[2026-03-27T19:25:46.672+0900][6.779s][info][gc          ] GC(242) Concurrent Mark Cycle
[2026-03-27T19:25:46.672+0900][6.779s][info][gc,marking  ] GC(242) Concurrent Clear Claimed Marks
[2026-03-27T19:25:46.672+0900][6.779s][info][gc,marking  ] GC(242) Concurrent Clear Claimed Marks 0.039ms
[2026-03-27T19:25:46.672+0900][6.779s][info][gc,marking  ] GC(242) Concurrent Scan Root Regions
[2026-03-27T19:25:46.673+0900][6.779s][info][gc,marking  ] GC(242) Concurrent Scan Root Regions 0.204ms
[2026-03-27T19:25:46.673+0900][6.779s][info][gc,marking  ] GC(242) Concurrent Mark
[2026-03-27T19:25:46.673+0900][6.779s][info][gc,marking  ] GC(242) Concurrent Mark From Roots
[2026-03-27T19:25:46.673+0900][6.780s][info][gc,task     ] GC(242) Using 2 workers of 2 for marking
[2026-03-27T19:25:46.676+0900][6.782s][info][gc,marking  ] GC(242) Concurrent Mark From Roots 2.506ms
[2026-03-27T19:25:46.676+0900][6.782s][info][gc,marking  ] GC(242) Concurrent Preclean
[2026-03-27T19:25:46.676+0900][6.782s][info][gc,marking  ] GC(242) Concurrent Preclean 0.048ms
[2026-03-27T19:25:46.676+0900][6.782s][info][gc,start    ] GC(242) Pause Remark
[2026-03-27T19:25:46.676+0900][6.784s][info][gc          ] GC(242) Pause Remark 419M->419M(512M) 1.303ms
[2026-03-27T19:25:46.678+0900][6.784s][info][gc,cpu      ] GC(242) User=0.00s Sys=0.00s Real=0.00s
[2026-03-27T19:25:46.678+0900][6.784s][info][gc,marking  ] GC(242) Concurrent Mark 4.548ms
[2026-03-27T19:25:46.678+0900][6.784s][info][gc,marking  ] GC(242) Concurrent Rebuild Remembered Sets
[2026-03-27T19:25:46.678+0900][6.785s][info][gc,marking  ] GC(242) Concurrent Rebuild Remembered Sets 0.837ms
[2026-03-27T19:25:46.678+0900][6.785s][info][gc,start    ] GC(242) Pause Cleanup
[2026-03-27T19:25:46.678+0900][6.785s][info][gc          ] GC(242) Pause Cleanup 419M->419M(512M) 0.213ms
[2026-03-27T19:25:46.678+0900][6.785s][info][gc,cpu      ] GC(242) User=0.00s Sys=0.00s Real=0.00s
[2026-03-27T19:25:46.678+0900][6.785s][info][gc,marking  ] GC(242) Concurrent Cleanup for Next Mark
[2026-03-27T19:25:46.678+0900][6.786s][info][gc,marking  ] GC(242) Concurrent Cleanup for Next Mark 0.233ms
[2026-03-27T19:25:46.678+0900][6.786s][info][gc          ] GC(242) Concurrent Mark Cycle 6.806ms
[2026-03-27T19:25:46.717+0900][6.824s][info][gc,start    ] GC(243) Pause Young (Concurrent Start) (G1 Humongous Allocation)
[2026-03-27T19:25:46.717+0900][6.824s][info][gc,task     ] GC(243) Using 8 workers of 8 for evacuation
[2026-03-27T19:25:46.719+0900][6.826s][info][gc,phases   ] GC(243)   Pre Evacuate Collection Set: 0.3ms
[2026-03-27T19:25:46.719+0900][6.826s][info][gc,phases   ] GC(243)   Merge Heap Roots: 0.3ms
[2026-03-27T19:25:46.719+0900][6.826s][info][gc,phases   ] GC(243)   Evacuate Collection Set: 0.3ms
[2026-03-27T19:25:46.719+0900][6.826s][info][gc,phases   ] GC(243)   Post Evacuate Collection Set: 0.8ms
[2026-03-27T19:25:46.719+0900][6.826s][info][gc,phases   ] GC(243)   Other: 0.3ms
[2026-03-27T19:25:46.719+0900][6.826s][info][gc,heap     ] GC(243) Eden regions: 34->0(39)
[2026-03-27T19:25:46.720+0900][6.826s][info][gc,heap     ] GC(243) Survivor regions: 1->1(8)
[2026-03-27T19:25:46.720+0900][6.826s][info][gc,heap     ] GC(243) Old regions: 1->1
[2026-03-27T19:25:46.720+0900][6.827s][info][gc,heap     ] GC(243) Archive regions: 0->0
[2026-03-27T19:25:46.720+0900][6.827s][info][gc,heap     ] GC(243) Humongous regions: 418->418
[2026-03-27T19:25:46.720+0900][6.827s][info][gc,metaspace] GC(243) Metaspace: 285K(512K)->285K(512K) NonClass: 272K(384K)->272K(384K) Class: 12K(128K)->12K(128K)
[2026-03-27T19:25:46.720+0900][6.827s][info][gc          ] GC(243) Pause Young (Concurrent Start) (G1 Humongous Allocation) 452M->418M(512M) 2.776ms
[2026-03-27T19:25:46.720+0900][6.827s][info][gc,cpu      ] GC(243) User=0.00s Sys=0.00s Real=0.00s
[2026-03-27T19:25:46.720+0900][6.827s][info][gc          ] GC(244) Concurrent Mark Cycle
[2026-03-27T19:25:46.720+0900][6.827s][info][gc,marking  ] GC(244) Concurrent Clear Claimed Marks
[2026-03-27T19:25:46.720+0900][6.827s][info][gc,marking  ] GC(244) Concurrent Clear Claimed Marks 0.038ms
[2026-03-27T19:25:46.720+0900][6.827s][info][gc,marking  ] GC(244) Concurrent Scan Root Regions
[2026-03-27T19:25:46.720+0900][6.827s][info][gc,marking  ] GC(244) Concurrent Scan Root Regions 0.280ms
[2026-03-27T19:25:46.720+0900][6.827s][info][gc,marking  ] GC(244) Concurrent Mark
[2026-03-27T19:25:46.721+0900][6.827s][info][gc,marking  ] GC(244) Concurrent Mark From Roots
[2026-03-27T19:25:46.721+0900][6.828s][info][gc,task     ] GC(244) Using 2 workers of 2 for marking
[2026-03-27T19:25:46.724+0900][6.831s][info][gc,marking  ] GC(244) Concurrent Mark From Roots 3.249ms
[2026-03-27T19:25:46.724+0900][6.831s][info][gc,marking  ] GC(244) Concurrent Preclean
[2026-03-27T19:25:46.724+0900][6.831s][info][gc,marking  ] GC(244) Concurrent Preclean 0.048ms
[2026-03-27T19:25:46.724+0900][6.831s][info][gc,start    ] GC(244) Pause Remark
[2026-03-27T19:25:46.726+0900][6.832s][info][gc          ] GC(244) Pause Remark 441M->441M(512M) 1.264ms
[2026-03-27T19:25:46.726+0900][6.833s][info][gc,cpu      ] GC(244) User=0.00s Sys=0.00s Real=0.00s
[2026-03-27T19:25:46.726+0900][6.833s][info][gc,marking  ] GC(244) Concurrent Mark 5.283ms
[2026-03-27T19:25:46.726+0900][6.833s][info][gc,marking  ] GC(244) Concurrent Rebuild Remembered Sets
[2026-03-27T19:25:46.726+0900][6.834s][info][gc,marking  ] GC(244) Concurrent Rebuild Remembered Sets 1.263ms
[2026-03-27T19:25:46.728+0900][6.834s][info][gc,start    ] GC(244) Pause Cleanup
[2026-03-27T19:25:46.728+0900][6.835s][info][gc          ] GC(244) Pause Cleanup 441M->441M(512M) 0.405ms
[2026-03-27T19:25:46.728+0900][6.835s][info][gc,cpu      ] GC(244) User=0.00s Sys=0.00s Real=0.00s
[2026-03-27T19:25:46.728+0900][6.835s][info][gc,marking  ] GC(244) Concurrent Cleanup for Next Mark
[2026-03-27T19:25:46.729+0900][6.835s][info][gc,marking  ] GC(244) Concurrent Cleanup for Next Mark 0.435ms
[2026-03-27T19:25:46.729+0900][6.836s][info][gc          ] GC(244) Concurrent Mark Cycle 8.800ms
[2026-03-27T19:25:46.764+0900][6.871s][info][gc,start    ] GC(245) Pause Young (Concurrent Start) (G1 Humongous Allocation)
[2026-03-27T19:25:46.764+0900][6.871s][info][gc,task     ] GC(245) Using 8 workers of 8 for evacuation
[2026-03-27T19:25:46.766+0900][6.873s][info][gc,phases   ] GC(245)   Pre Evacuate Collection Set: 0.3ms
[2026-03-27T19:25:46.766+0900][6.873s][info][gc,phases   ] GC(245)   Merge Heap Roots: 0.4ms
[2026-03-27T19:25:46.766+0900][6.873s][info][gc,phases   ] GC(245)   Evacuate Collection Set: 0.2ms
[2026-03-27T19:25:46.766+0900][6.873s][info][gc,phases   ] GC(245)   Post Evacuate Collection Set: 0.6ms
[2026-03-27T19:25:46.766+0900][6.873s][info][gc,phases   ] GC(245)   Other: 0.3ms
[2026-03-27T19:25:46.766+0900][6.873s][info][gc,heap     ] GC(245) Eden regions: 34->0(24)
[2026-03-27T19:25:46.766+0900][6.873s][info][gc,heap     ] GC(245) Survivor regions: 1->1(5)
[2026-03-27T19:25:46.766+0900][6.873s][info][gc,heap     ] GC(245) Old regions: 1->1
[2026-03-27T19:25:46.766+0900][6.873s][info][gc,heap     ] GC(245) Archive regions: 0->0
[2026-03-27T19:25:46.766+0900][6.873s][info][gc,heap     ] GC(245) Humongous regions: 440->440
[2026-03-27T19:25:46.766+0900][6.873s][info][gc,metaspace] GC(245) Metaspace: 285K(512K)->285K(512K) NonClass: 272K(384K)->272K(384K) Class: 12K(128K)->12K(128K)
[2026-03-27T19:25:46.766+0900][6.873s][info][gc          ] GC(245) Pause Young (Concurrent Start) (G1 Humongous Allocation) 474M->440M(512M) 2.617ms
[2026-03-27T19:25:46.766+0900][6.874s][info][gc,cpu      ] GC(245) User=0.00s Sys=0.00s Real=0.00s
[2026-03-27T19:25:46.766+0900][6.874s][info][gc          ] GC(246) Concurrent Mark Cycle
[2026-03-27T19:25:46.766+0900][6.874s][info][gc,marking  ] GC(246) Concurrent Clear Claimed Marks
[2026-03-27T19:25:46.766+0900][6.874s][info][gc,marking  ] GC(246) Concurrent Clear Claimed Marks 0.045ms
[2026-03-27T19:25:46.766+0900][6.874s][info][gc,marking  ] GC(246) Concurrent Scan Root Regions
[2026-03-27T19:25:46.766+0900][6.874s][info][gc,marking  ] GC(246) Concurrent Scan Root Regions 0.247ms
[2026-03-27T19:25:46.766+0900][6.874s][info][gc,marking  ] GC(246) Concurrent Mark
[2026-03-27T19:25:46.768+0900][6.874s][info][gc,marking  ] GC(246) Concurrent Mark From Roots
[2026-03-27T19:25:46.768+0900][6.874s][info][gc,task     ] GC(246) Using 2 workers of 2 for marking
[2026-03-27T19:25:46.770+0900][6.876s][info][gc,marking  ] GC(246) Concurrent Mark From Roots 2.167ms
[2026-03-27T19:25:46.770+0900][6.876s][info][gc,marking  ] GC(246) Concurrent Preclean
[2026-03-27T19:25:46.770+0900][6.877s][info][gc,marking  ] GC(246) Concurrent Preclean 0.041ms
[2026-03-27T19:25:46.770+0900][6.877s][info][gc,start    ] GC(246) Pause Remark
[2026-03-27T19:25:46.771+0900][6.878s][info][gc          ] GC(246) Pause Remark 461M->461M(512M) 1.181ms
[2026-03-27T19:25:46.771+0900][6.878s][info][gc,cpu      ] GC(246) User=0.00s Sys=0.00s Real=0.00s
[2026-03-27T19:25:46.771+0900][6.878s][info][gc,marking  ] GC(246) Concurrent Mark 4.012ms
[2026-03-27T19:25:46.772+0900][6.878s][info][gc,marking  ] GC(246) Concurrent Rebuild Remembered Sets
[2026-03-27T19:25:46.773+0900][6.879s][info][gc,marking  ] GC(246) Concurrent Rebuild Remembered Sets 1.115ms
[2026-03-27T19:25:46.773+0900][6.880s][info][gc,start    ] GC(246) Pause Cleanup
[2026-03-27T19:25:46.773+0900][6.880s][info][gc          ] GC(246) Pause Cleanup 461M->461M(512M) 0.097ms
[2026-03-27T19:25:46.773+0900][6.880s][info][gc,cpu      ] GC(246) User=0.00s Sys=0.00s Real=0.00s
[2026-03-27T19:25:46.773+0900][6.880s][info][gc,marking  ] GC(246) Concurrent Cleanup for Next Mark
[2026-03-27T19:25:46.773+0900][6.880s][info][gc,marking  ] GC(246) Concurrent Cleanup for Next Mark 0.192ms
[2026-03-27T19:25:46.773+0900][6.880s][info][gc          ] GC(246) Concurrent Mark Cycle 6.281ms
[2026-03-27T19:25:46.808+0900][6.915s][info][gc,start    ] GC(247) Pause Young (Normal) (G1 Evacuation Pause)
[2026-03-27T19:25:46.808+0900][6.915s][info][gc,task     ] GC(247) Using 8 workers of 8 for evacuation
[2026-03-27T19:25:46.808+0900][6.915s][info][gc,phases   ] GC(247)   Pre Evacuate Collection Set: 0.1ms
[2026-03-27T19:25:46.808+0900][6.915s][info][gc,phases   ] GC(247)   Merge Heap Roots: 0.1ms
[2026-03-27T19:25:46.808+0900][6.915s][info][gc,phases   ] GC(247)   Evacuate Collection Set: 0.1ms
[2026-03-27T19:25:46.809+0900][6.915s][info][gc,phases   ] GC(247)   Post Evacuate Collection Set: 0.1ms
[2026-03-27T19:25:46.809+0900][6.915s][info][gc,phases   ] GC(247)   Other: 0.1ms
[2026-03-27T19:25:46.809+0900][6.915s][info][gc,heap     ] GC(247) Eden regions: 24->0(24)
[2026-03-27T19:25:46.809+0900][6.915s][info][gc,heap     ] GC(247) Survivor regions: 1->1(4)
[2026-03-27T19:25:46.809+0900][6.915s][info][gc,heap     ] GC(247) Old regions: 1->1
[2026-03-27T19:25:46.809+0900][6.915s][info][gc,heap     ] GC(247) Archive regions: 0->0
[2026-03-27T19:25:46.809+0900][6.915s][info][gc,heap     ] GC(247) Humongous regions: 460->460
[2026-03-27T19:25:46.809+0900][6.915s][info][gc,metaspace] GC(247) Metaspace: 285K(512K)->285K(512K) NonClass: 272K(384K)->272K(384K) Class: 12K(128K)->12K(128K)
[2026-03-27T19:25:46.809+0900][6.916s][info][gc          ] GC(247) Pause Young (Normal) (G1 Evacuation Pause) 484M->460M(512M) 0.763ms
[2026-03-27T19:25:46.809+0900][6.916s][info][gc,cpu      ] GC(247) User=0.00s Sys=0.00s Real=0.00s
[2026-03-27T19:25:46.809+0900][6.916s][info][gc,start    ] GC(248) Pause Young (Concurrent Start) (G1 Humongous Allocation)
[2026-03-27T19:25:46.809+0900][6.916s][info][gc,task     ] GC(248) Using 8 workers of 8 for evacuation
[2026-03-27T19:25:46.809+0900][6.916s][info][gc,phases   ] GC(248)   Pre Evacuate Collection Set: 0.1ms
[2026-03-27T19:25:46.809+0900][6.916s][info][gc,phases   ] GC(248)   Merge Heap Roots: 0.0ms
[2026-03-27T19:25:46.809+0900][6.916s][info][gc,phases   ] GC(248)   Evacuate Collection Set: 0.1ms
[2026-03-27T19:25:46.810+0900][6.916s][info][gc,phases   ] GC(248)   Post Evacuate Collection Set: 0.1ms
[2026-03-27T19:25:46.810+0900][6.916s][info][gc,phases   ] GC(248)   Other: 0.1ms
[2026-03-27T19:25:46.810+0900][6.916s][info][gc,heap     ] GC(248) Eden regions: 10->0(24)
[2026-03-27T19:25:46.810+0900][6.916s][info][gc,heap     ] GC(248) Survivor regions: 1->1(4)
[2026-03-27T19:25:46.810+0900][6.916s][info][gc,heap     ] GC(248) Old regions: 1->1
[2026-03-27T19:25:46.810+0900][6.916s][info][gc,heap     ] GC(248) Archive regions: 0->0
[2026-03-27T19:25:46.810+0900][6.916s][info][gc,heap     ] GC(248) Humongous regions: 460->460
[2026-03-27T19:25:46.810+0900][6.916s][info][gc,metaspace] GC(248) Metaspace: 285K(512K)->285K(512K) NonClass: 272K(384K)->272K(384K) Class: 12K(128K)->12K(128K)
[2026-03-27T19:25:46.810+0900][6.916s][info][gc          ] GC(248) Pause Young (Concurrent Start) (G1 Humongous Allocation) 470M->460M(512M) 0.587ms
[2026-03-27T19:25:46.810+0900][6.917s][info][gc,cpu      ] GC(248) User=0.00s Sys=0.00s Real=0.00s
[2026-03-27T19:25:46.810+0900][6.917s][info][gc          ] GC(249) Concurrent Mark Cycle
[2026-03-27T19:25:46.810+0900][6.917s][info][gc,marking  ] GC(249) Concurrent Clear Claimed Marks
[2026-03-27T19:25:46.810+0900][6.917s][info][gc,marking  ] GC(249) Concurrent Clear Claimed Marks 0.015ms
[2026-03-27T19:25:46.810+0900][6.917s][info][gc,marking  ] GC(249) Concurrent Scan Root Regions
[2026-03-27T19:25:46.810+0900][6.917s][info][gc,marking  ] GC(249) Concurrent Scan Root Regions 0.080ms
[2026-03-27T19:25:46.810+0900][6.917s][info][gc,marking  ] GC(249) Concurrent Mark
[2026-03-27T19:25:46.810+0900][6.917s][info][gc,marking  ] GC(249) Concurrent Mark From Roots
[2026-03-27T19:25:46.810+0900][6.917s][info][gc,task     ] GC(249) Using 2 workers of 2 for marking
[2026-03-27T19:25:46.811+0900][6.918s][info][gc,marking  ] GC(249) Concurrent Mark From Roots 0.879ms
[2026-03-27T19:25:46.811+0900][6.918s][info][gc,marking  ] GC(249) Concurrent Preclean
[2026-03-27T19:25:46.811+0900][6.918s][info][gc,marking  ] GC(249) Concurrent Preclean 0.018ms
[2026-03-27T19:25:46.811+0900][6.918s][info][gc,start    ] GC(249) Pause Remark
[2026-03-27T19:25:46.811+0900][6.918s][info][gc          ] GC(249) Pause Remark 481M->481M(512M) 0.284ms
[2026-03-27T19:25:46.811+0900][6.918s][info][gc,cpu      ] GC(249) User=0.00s Sys=0.00s Real=0.00s
[2026-03-27T19:25:46.811+0900][6.918s][info][gc,marking  ] GC(249) Concurrent Mark 1.385ms
[2026-03-27T19:25:46.811+0900][6.918s][info][gc,marking  ] GC(249) Concurrent Rebuild Remembered Sets
[2026-03-27T19:25:46.812+0900][6.919s][info][gc,marking  ] GC(249) Concurrent Rebuild Remembered Sets 0.549ms
[2026-03-27T19:25:46.812+0900][6.919s][info][gc,start    ] GC(249) Pause Cleanup
[2026-03-27T19:25:46.812+0900][6.919s][info][gc          ] GC(249) Pause Cleanup 481M->481M(512M) 0.071ms
[2026-03-27T19:25:46.812+0900][6.919s][info][gc,cpu      ] GC(249) User=0.00s Sys=0.00s Real=0.00s
[2026-03-27T19:25:46.812+0900][6.919s][info][gc,marking  ] GC(249) Concurrent Cleanup for Next Mark
[2026-03-27T19:25:46.812+0900][6.919s][info][gc,marking  ] GC(249) Concurrent Cleanup for Next Mark 0.202ms
[2026-03-27T19:25:46.812+0900][6.919s][info][gc          ] GC(249) Concurrent Mark Cycle 2.631ms
[2026-03-27T19:25:46.854+0900][6.961s][info][gc,start    ] GC(250) Pause Young (Normal) (G1 Evacuation Pause)
[2026-03-27T19:25:46.854+0900][6.961s][info][gc,task     ] GC(250) Using 8 workers of 8 for evacuation
[2026-03-27T19:25:46.855+0900][6.962s][info][gc,phases   ] GC(250)   Pre Evacuate Collection Set: 0.1ms
[2026-03-27T19:25:46.855+0900][6.962s][info][gc,phases   ] GC(250)   Merge Heap Roots: 0.1ms
[2026-03-27T19:25:46.855+0900][6.962s][info][gc,phases   ] GC(250)   Evacuate Collection Set: 0.3ms
[2026-03-27T19:25:46.855+0900][6.962s][info][gc,phases   ] GC(250)   Post Evacuate Collection Set: 0.3ms
[2026-03-27T19:25:46.855+0900][6.962s][info][gc,phases   ] GC(250)   Other: 0.1ms
[2026-03-27T19:25:46.855+0900][6.962s][info][gc,heap     ] GC(250) Eden regions: 24->0(24)
[2026-03-27T19:25:46.855+0900][6.962s][info][gc,heap     ] GC(250) Survivor regions: 1->1(4)
[2026-03-27T19:25:46.855+0900][6.962s][info][gc,heap     ] GC(250) Old regions: 1->1
[2026-03-27T19:25:46.855+0900][6.962s][info][gc,heap     ] GC(250) Archive regions: 0->0
[2026-03-27T19:25:46.855+0900][6.962s][info][gc,heap     ] GC(250) Humongous regions: 480->480
[2026-03-27T19:25:46.855+0900][6.962s][info][gc,metaspace] GC(250) Metaspace: 285K(512K)->285K(512K) NonClass: 272K(384K)->272K(384K) Class: 12K(128K)->12K(128K)
[2026-03-27T19:25:46.855+0900][6.962s][info][gc          ] GC(250) Pause Young (Normal) (G1 Evacuation Pause) 504M->480M(512M) 1.151ms
[2026-03-27T19:25:46.855+0900][6.962s][info][gc,cpu      ] GC(250) User=0.00s Sys=0.00s Real=0.00s
[2026-03-27T19:25:46.855+0900][6.962s][info][gc,start    ] GC(251) Pause Young (Concurrent Start) (G1 Humongous Allocation)
[2026-03-27T19:25:46.855+0900][6.962s][info][gc,task     ] GC(251) Using 8 workers of 8 for evacuation
[2026-03-27T19:25:46.856+0900][6.963s][info][gc,phases   ] GC(251)   Pre Evacuate Collection Set: 0.1ms
[2026-03-27T19:25:46.856+0900][6.963s][info][gc,phases   ] GC(251)   Merge Heap Roots: 0.0ms
[2026-03-27T19:25:46.856+0900][6.963s][info][gc,phases   ] GC(251)   Evacuate Collection Set: 0.1ms
[2026-03-27T19:25:46.856+0900][6.963s][info][gc,phases   ] GC(251)   Post Evacuate Collection Set: 0.2ms
[2026-03-27T19:25:46.856+0900][6.963s][info][gc,phases   ] GC(251)   Other: 0.1ms
[2026-03-27T19:25:46.856+0900][6.963s][info][gc,heap     ] GC(251) Eden regions: 10->0(24)
[2026-03-27T19:25:46.856+0900][6.963s][info][gc,heap     ] GC(251) Survivor regions: 1->1(4)
[2026-03-27T19:25:46.856+0900][6.963s][info][gc,heap     ] GC(251) Old regions: 1->1
[2026-03-27T19:25:46.856+0900][6.963s][info][gc,heap     ] GC(251) Archive regions: 0->0
[2026-03-27T19:25:46.856+0900][6.963s][info][gc,heap     ] GC(251) Humongous regions: 480->480
[2026-03-27T19:25:46.856+0900][6.963s][info][gc,metaspace] GC(251) Metaspace: 285K(512K)->285K(512K) NonClass: 272K(384K)->272K(384K) Class: 12K(128K)->12K(128K)
[2026-03-27T19:25:46.856+0900][6.963s][info][gc          ] GC(251) Pause Young (Concurrent Start) (G1 Humongous Allocation) 489M->480M(512M) 0.693ms
[2026-03-27T19:25:46.856+0900][6.963s][info][gc,cpu      ] GC(251) User=0.00s Sys=0.00s Real=0.00s
[2026-03-27T19:25:46.856+0900][6.963s][info][gc          ] GC(252) Concurrent Mark Cycle
[2026-03-27T19:25:46.856+0900][6.963s][info][gc,marking  ] GC(252) Concurrent Clear Claimed Marks
[2026-03-27T19:25:46.856+0900][6.963s][info][gc,marking  ] GC(252) Concurrent Clear Claimed Marks 0.014ms
[2026-03-27T19:25:46.856+0900][6.963s][info][gc,marking  ] GC(252) Concurrent Scan Root Regions
[2026-03-27T19:25:46.856+0900][6.963s][info][gc,marking  ] GC(252) Concurrent Scan Root Regions 0.102ms
[2026-03-27T19:25:46.856+0900][6.963s][info][gc,marking  ] GC(252) Concurrent Mark
[2026-03-27T19:25:46.856+0900][6.963s][info][gc,marking  ] GC(252) Concurrent Mark From Roots
[2026-03-27T19:25:46.856+0900][6.963s][info][gc,task     ] GC(252) Using 2 workers of 2 for marking
[2026-03-27T19:25:46.858+0900][6.964s][info][gc,marking  ] GC(252) Concurrent Mark From Roots 1.255ms
[2026-03-27T19:25:46.858+0900][6.964s][info][gc,marking  ] GC(252) Concurrent Preclean
[2026-03-27T19:25:46.858+0900][6.964s][info][gc,marking  ] GC(252) Concurrent Preclean 0.019ms
[2026-03-27T19:25:46.858+0900][6.965s][info][gc,start    ] GC(252) Pause Remark
[2026-03-27T19:25:46.858+0900][6.965s][info][gc          ] GC(252) Pause Remark 501M->501M(512M) 0.279ms
[2026-03-27T19:25:46.858+0900][6.965s][info][gc,cpu      ] GC(252) User=0.00s Sys=0.00s Real=0.00s
[2026-03-27T19:25:46.858+0900][6.965s][info][gc,marking  ] GC(252) Concurrent Mark 1.754ms
[2026-03-27T19:25:46.858+0900][6.965s][info][gc,marking  ] GC(252) Concurrent Rebuild Remembered Sets
[2026-03-27T19:25:46.859+0900][6.965s][info][gc,marking  ] GC(252) Concurrent Rebuild Remembered Sets 0.518ms
[2026-03-27T19:25:46.859+0900][6.966s][info][gc,start    ] GC(252) Pause Cleanup
[2026-03-27T19:25:46.859+0900][6.966s][info][gc          ] GC(252) Pause Cleanup 501M->501M(512M) 0.080ms
[2026-03-27T19:25:46.859+0900][6.966s][info][gc,cpu      ] GC(252) User=0.00s Sys=0.00s Real=0.00s
[2026-03-27T19:25:46.859+0900][6.966s][info][gc,marking  ] GC(252) Concurrent Cleanup for Next Mark
[2026-03-27T19:25:46.859+0900][6.966s][info][gc,marking  ] GC(252) Concurrent Cleanup for Next Mark 0.204ms
[2026-03-27T19:25:46.859+0900][6.966s][info][gc          ] GC(252) Concurrent Mark Cycle 3.050ms
[2026-03-27T19:25:46.900+0900][7.007s][info][gc,start    ] GC(253) Pause Young (Normal) (G1 Preventive Collection)
[2026-03-27T19:25:46.900+0900][7.007s][info][gc,task     ] GC(253) Using 8 workers of 8 for evacuation
[2026-03-27T19:25:46.902+0900][7.009s][info][gc,phases   ] GC(253)   Pre Evacuate Collection Set: 0.2ms
[2026-03-27T19:25:46.902+0900][7.009s][info][gc,phases   ] GC(253)   Merge Heap Roots: 0.3ms
[2026-03-27T19:25:46.902+0900][7.009s][info][gc,phases   ] GC(253)   Evacuate Collection Set: 0.4ms
[2026-03-27T19:25:46.902+0900][7.009s][info][gc,phases   ] GC(253)   Post Evacuate Collection Set: 0.9ms
[2026-03-27T19:25:46.902+0900][7.009s][info][gc,phases   ] GC(253)   Other: 0.2ms
[2026-03-27T19:25:46.902+0900][7.009s][info][gc,heap     ] GC(253) Eden regions: 9->0(24)
[2026-03-27T19:25:46.902+0900][7.010s][info][gc,heap     ] GC(253) Survivor regions: 1->1(1)
[2026-03-27T19:25:46.902+0900][7.010s][info][gc,heap     ] GC(253) Old regions: 1->1
[2026-03-27T19:25:46.902+0900][7.010s][info][gc,heap     ] GC(253) Archive regions: 0->0
[2026-03-27T19:25:46.902+0900][7.010s][info][gc,heap     ] GC(253) Humongous regions: 500->500
[2026-03-27T19:25:46.902+0900][7.010s][info][gc,metaspace] GC(253) Metaspace: 285K(512K)->285K(512K) NonClass: 272K(384K)->272K(384K) Class: 12K(128K)->12K(128K)
[2026-03-27T19:25:46.903+0900][7.010s][info][gc          ] GC(253) Pause Young (Normal) (G1 Preventive Collection) 509M->500M(512M) 2.730ms
[2026-03-27T19:25:46.903+0900][7.010s][info][gc,cpu      ] GC(253) User=0.00s Sys=0.00s Real=0.00s
[2026-03-27T19:25:46.904+0900][7.011s][info][gc,start    ] GC(254) Pause Young (Concurrent Start) (G1 Preventive Collection)
[2026-03-27T19:25:46.904+0900][7.011s][info][gc,task     ] GC(254) Using 8 workers of 8 for evacuation
[2026-03-27T19:25:46.904+0900][7.011s][info][gc,phases   ] GC(254)   Pre Evacuate Collection Set: 0.1ms
[2026-03-27T19:25:46.904+0900][7.012s][info][gc,phases   ] GC(254)   Merge Heap Roots: 0.1ms
[2026-03-27T19:25:46.904+0900][7.012s][info][gc,phases   ] GC(254)   Evacuate Collection Set: 0.1ms
[2026-03-27T19:25:46.904+0900][7.012s][info][gc,phases   ] GC(254)   Post Evacuate Collection Set: 0.3ms
[2026-03-27T19:25:46.904+0900][7.012s][info][gc,phases   ] GC(254)   Other: 0.1ms
[2026-03-27T19:25:46.904+0900][7.012s][info][gc,heap     ] GC(254) Eden regions: 9->0(24)
[2026-03-27T19:25:46.905+0900][7.012s][info][gc,heap     ] GC(254) Survivor regions: 1->1(1)
[2026-03-27T19:25:46.905+0900][7.012s][info][gc,heap     ] GC(254) Old regions: 1->1
[2026-03-27T19:25:46.905+0900][7.012s][info][gc,heap     ] GC(254) Archive regions: 0->0
[2026-03-27T19:25:46.905+0900][7.012s][info][gc,heap     ] GC(254) Humongous regions: 500->500
[2026-03-27T19:25:46.905+0900][7.012s][info][gc,metaspace] GC(254) Metaspace: 285K(512K)->285K(512K) NonClass: 272K(384K)->272K(384K) Class: 12K(128K)->12K(128K)
[2026-03-27T19:25:46.905+0900][7.012s][info][gc          ] GC(254) Pause Young (Concurrent Start) (G1 Preventive Collection) 509M->500M(512M) 1.281ms
[2026-03-27T19:25:46.905+0900][7.012s][info][gc          ] GC(255) Concurrent Mark Cycle
[2026-03-27T19:25:46.905+0900][7.012s][info][gc,cpu      ] GC(254) User=0.00s Sys=0.00s Real=0.00s
[2026-03-27T19:25:46.905+0900][7.012s][info][gc,marking  ] GC(255) Concurrent Clear Claimed Marks
[2026-03-27T19:25:46.905+0900][7.012s][info][gc,marking  ] GC(255) Concurrent Clear Claimed Marks 0.102ms
[2026-03-27T19:25:46.905+0900][7.012s][info][gc,marking  ] GC(255) Concurrent Scan Root Regions
[2026-03-27T19:25:46.905+0900][7.012s][info][gc,marking  ] GC(255) Concurrent Scan Root Regions 0.087ms
[2026-03-27T19:25:46.905+0900][7.012s][info][gc,marking  ] GC(255) Concurrent Mark
[2026-03-27T19:25:46.905+0900][7.012s][info][gc,marking  ] GC(255) Concurrent Mark From Roots
[2026-03-27T19:25:46.905+0900][7.012s][info][gc,task     ] GC(255) Using 2 workers of 2 for marking
[2026-03-27T19:25:46.905+0900][7.013s][info][gc,start    ] GC(256) Pause Young (Normal) (G1 Preventive Collection)
[2026-03-27T19:25:46.905+0900][7.013s][info][gc,task     ] GC(256) Using 8 workers of 8 for evacuation
[2026-03-27T19:25:46.906+0900][7.013s][info][gc,phases   ] GC(256)   Pre Evacuate Collection Set: 0.1ms
[2026-03-27T19:25:46.906+0900][7.013s][info][gc,phases   ] GC(256)   Merge Heap Roots: 0.1ms
[2026-03-27T19:25:46.906+0900][7.013s][info][gc,phases   ] GC(256)   Evacuate Collection Set: 0.1ms
[2026-03-27T19:25:46.906+0900][7.013s][info][gc,phases   ] GC(256)   Post Evacuate Collection Set: 0.2ms
[2026-03-27T19:25:46.906+0900][7.013s][info][gc,phases   ] GC(256)   Other: 0.0ms
[2026-03-27T19:25:46.906+0900][7.013s][info][gc,heap     ] GC(256) Eden regions: 9->0(24)
[2026-03-27T19:25:46.906+0900][7.013s][info][gc,heap     ] GC(256) Survivor regions: 1->1(1)
[2026-03-27T19:25:46.906+0900][7.013s][info][gc,heap     ] GC(256) Old regions: 1->1
[2026-03-27T19:25:46.906+0900][7.013s][info][gc,heap     ] GC(256) Archive regions: 0->0
[2026-03-27T19:25:46.906+0900][7.013s][info][gc,heap     ] GC(256) Humongous regions: 500->500
[2026-03-27T19:25:46.906+0900][7.013s][info][gc,metaspace] GC(256) Metaspace: 285K(512K)->285K(512K) NonClass: 272K(384K)->272K(384K) Class: 12K(128K)->12K(128K)
[2026-03-27T19:25:46.906+0900][7.013s][info][gc          ] GC(256) Pause Young (Normal) (G1 Preventive Collection) 509M->500M(512M) 0.627ms
[2026-03-27T19:25:46.906+0900][7.013s][info][gc,cpu      ] GC(256) User=0.00s Sys=0.00s Real=0.00s
[2026-03-27T19:25:46.906+0900][7.014s][info][gc,start    ] GC(257) Pause Young (Normal) (G1 Preventive Collection)
[2026-03-27T19:25:46.906+0900][7.014s][info][gc,task     ] GC(257) Using 8 workers of 8 for evacuation
[2026-03-27T19:25:46.906+0900][7.014s][info][gc,phases   ] GC(257)   Pre Evacuate Collection Set: 0.0ms
[2026-03-27T19:25:46.907+0900][7.014s][info][gc,phases   ] GC(257)   Merge Heap Roots: 0.0ms
[2026-03-27T19:25:46.907+0900][7.014s][info][gc,phases   ] GC(257)   Evacuate Collection Set: 0.1ms
[2026-03-27T19:25:46.907+0900][7.014s][info][gc,phases   ] GC(257)   Post Evacuate Collection Set: 0.1ms
[2026-03-27T19:25:46.907+0900][7.014s][info][gc,phases   ] GC(257)   Other: 0.0ms
[2026-03-27T19:25:46.907+0900][7.014s][info][gc,heap     ] GC(257) Eden regions: 7->0(24)
[2026-03-27T19:25:46.907+0900][7.014s][info][gc,heap     ] GC(257) Survivor regions: 1->1(1)
[2026-03-27T19:25:46.907+0900][7.014s][info][gc,heap     ] GC(257) Old regions: 1->1
[2026-03-27T19:25:46.907+0900][7.014s][info][gc,heap     ] GC(257) Archive regions: 0->0
[2026-03-27T19:25:46.907+0900][7.014s][info][gc,heap     ] GC(257) Humongous regions: 502->502
[2026-03-27T19:25:46.907+0900][7.014s][info][gc,metaspace] GC(257) Metaspace: 285K(512K)->285K(512K) NonClass: 272K(384K)->272K(384K) Class: 12K(128K)->12K(128K)
[2026-03-27T19:25:46.907+0900][7.014s][info][gc          ] GC(257) Pause Young (Normal) (G1 Preventive Collection) 508M->502M(512M) 0.460ms
[2026-03-27T19:25:46.907+0900][7.014s][info][gc,cpu      ] GC(257) User=0.00s Sys=0.00s Real=0.00s
[2026-03-27T19:25:46.907+0900][7.014s][info][gc,start    ] GC(258) Pause Young (Normal) (G1 Preventive Collection)
[2026-03-27T19:25:46.907+0900][7.014s][info][gc,task     ] GC(258) Using 8 workers of 8 for evacuation
[2026-03-27T19:25:46.907+0900][7.014s][info][gc,phases   ] GC(258)   Pre Evacuate Collection Set: 0.0ms
[2026-03-27T19:25:46.907+0900][7.014s][info][gc,phases   ] GC(258)   Merge Heap Roots: 0.0ms
[2026-03-27T19:25:46.907+0900][7.015s][info][gc,phases   ] GC(258)   Evacuate Collection Set: 0.1ms
[2026-03-27T19:25:46.907+0900][7.015s][info][gc,phases   ] GC(258)   Post Evacuate Collection Set: 0.1ms
[2026-03-27T19:25:46.907+0900][7.015s][info][gc,phases   ] GC(258)   Other: 0.0ms
[2026-03-27T19:25:46.907+0900][7.015s][info][gc,heap     ] GC(258) Eden regions: 1->0(24)
[2026-03-27T19:25:46.907+0900][7.015s][info][gc,heap     ] GC(258) Survivor regions: 1->1(1)
[2026-03-27T19:25:46.907+0900][7.015s][info][gc,heap     ] GC(258) Old regions: 1->1
[2026-03-27T19:25:46.907+0900][7.015s][info][gc,heap     ] GC(258) Archive regions: 0->0
[2026-03-27T19:25:46.907+0900][7.015s][info][gc,heap     ] GC(258) Humongous regions: 508->508
[2026-03-27T19:25:46.907+0900][7.015s][info][gc,metaspace] GC(258) Metaspace: 285K(512K)->285K(512K) NonClass: 272K(384K)->272K(384K) Class: 12K(128K)->12K(128K)
[2026-03-27T19:25:46.907+0900][7.015s][info][gc          ] GC(258) Pause Young (Normal) (G1 Preventive Collection) 509M->508M(512M) 0.425ms
[2026-03-27T19:25:46.907+0900][7.015s][info][gc,cpu      ] GC(258) User=0.00s Sys=0.00s Real=0.00s
[2026-03-27T19:25:46.907+0900][7.015s][info][gc,start    ] GC(259) Pause Young (Normal) (G1 Preventive Collection)
[2026-03-27T19:25:46.907+0900][7.015s][info][gc,task     ] GC(259) Using 8 workers of 8 for evacuation
[2026-03-27T19:25:46.907+0900][7.015s][info][gc,phases   ] GC(259)   Pre Evacuate Collection Set: 0.0ms
[2026-03-27T19:25:46.907+0900][7.015s][info][gc,phases   ] GC(259)   Merge Heap Roots: 0.0ms
[2026-03-27T19:25:46.907+0900][7.015s][info][gc,phases   ] GC(259)   Evacuate Collection Set: 0.1ms
[2026-03-27T19:25:46.907+0900][7.015s][info][gc,phases   ] GC(259)   Post Evacuate Collection Set: 0.1ms
[2026-03-27T19:25:46.907+0900][7.015s][info][gc,phases   ] GC(259)   Other: 0.0ms
[2026-03-27T19:25:46.907+0900][7.015s][info][gc,heap     ] GC(259) Eden regions: 0->0(24)
[2026-03-27T19:25:46.907+0900][7.015s][info][gc,heap     ] GC(259) Survivor regions: 1->1(1)
[2026-03-27T19:25:46.907+0900][7.015s][info][gc,heap     ] GC(259) Old regions: 1->1
[2026-03-27T19:25:46.907+0900][7.015s][info][gc,heap     ] GC(259) Archive regions: 0->0
[2026-03-27T19:25:46.907+0900][7.015s][info][gc,heap     ] GC(259) Humongous regions: 509->509
[2026-03-27T19:25:46.907+0900][7.015s][info][gc,metaspace] GC(259) Metaspace: 285K(512K)->285K(512K) NonClass: 272K(384K)->272K(384K) Class: 12K(128K)->12K(128K)
[2026-03-27T19:25:46.907+0900][7.015s][info][gc          ] GC(259) Pause Young (Normal) (G1 Preventive Collection) 509M->510M(512M) 0.420ms
[2026-03-27T19:25:46.907+0900][7.015s][info][gc,cpu      ] GC(259) User=0.00s Sys=0.00s Real=0.00s
[2026-03-27T19:25:46.907+0900][7.015s][info][gc,start    ] GC(260) Pause Young (Normal) (G1 Humongous Allocation)
[2026-03-27T19:25:46.907+0900][7.015s][info][gc,task     ] GC(260) Using 8 workers of 8 for evacuation
[2026-03-27T19:25:46.909+0900][7.016s][info][gc,phases   ] GC(260)   Pre Evacuate Collection Set: 0.0ms
[2026-03-27T19:25:46.909+0900][7.016s][info][gc,phases   ] GC(260)   Merge Heap Roots: 0.0ms
[2026-03-27T19:25:46.909+0900][7.016s][info][gc,phases   ] GC(260)   Evacuate Collection Set: 0.1ms
[2026-03-27T19:25:46.909+0900][7.016s][info][gc,phases   ] GC(260)   Post Evacuate Collection Set: 0.1ms
[2026-03-27T19:25:46.909+0900][7.016s][info][gc,phases   ] GC(260)   Other: 0.1ms
[2026-03-27T19:25:46.909+0900][7.016s][info][gc,heap     ] GC(260) Eden regions: 1->0(25)
[2026-03-27T19:25:46.909+0900][7.016s][info][gc,heap     ] GC(260) Survivor regions: 1->0(0)
[2026-03-27T19:25:46.909+0900][7.016s][info][gc,heap     ] GC(260) Old regions: 1->2
[2026-03-27T19:25:46.909+0900][7.016s][info][gc,heap     ] GC(260) Archive regions: 0->0
[2026-03-27T19:25:46.909+0900][7.016s][info][gc,heap     ] GC(260) Humongous regions: 509->509
[2026-03-27T19:25:46.909+0900][7.016s][info][gc,metaspace] GC(260) Metaspace: 285K(512K)->285K(512K) NonClass: 272K(384K)->272K(384K) Class: 12K(128K)->12K(128K)
[2026-03-27T19:25:46.909+0900][7.016s][info][gc          ] GC(260) Pause Young (Normal) (G1 Humongous Allocation) (Evacuation Failure) 510M->510M(512M) 0.522ms
[2026-03-27T19:25:46.909+0900][7.016s][info][gc,cpu      ] GC(260) User=0.00s Sys=0.00s Real=0.00s
[2026-03-27T19:25:46.910+0900][7.016s][info][gc,start    ] GC(261) Pause Young (Normal) (G1 Evacuation Pause)
[2026-03-27T19:25:46.910+0900][7.016s][info][gc,task     ] GC(261) Using 8 workers of 8 for evacuation
[2026-03-27T19:25:46.910+0900][7.016s][info][gc,phases   ] GC(261)   Pre Evacuate Collection Set: 0.0ms
[2026-03-27T19:25:46.910+0900][7.016s][info][gc,phases   ] GC(261)   Merge Heap Roots: 0.0ms
[2026-03-27T19:25:46.910+0900][7.016s][info][gc,phases   ] GC(261)   Evacuate Collection Set: 0.1ms
[2026-03-27T19:25:46.910+0900][7.016s][info][gc,phases   ] GC(261)   Post Evacuate Collection Set: 0.1ms
[2026-03-27T19:25:46.910+0900][7.016s][info][gc,phases   ] GC(261)   Other: 0.0ms
[2026-03-27T19:25:46.910+0900][7.016s][info][gc,heap     ] GC(261) Eden regions: 0->0(25)
[2026-03-27T19:25:46.910+0900][7.016s][info][gc,heap     ] GC(261) Survivor regions: 0->0(0)
[2026-03-27T19:25:46.910+0900][7.016s][info][gc,heap     ] GC(261) Old regions: 2->2
[2026-03-27T19:25:46.910+0900][7.016s][info][gc,heap     ] GC(261) Archive regions: 0->0
[2026-03-27T19:25:46.910+0900][7.016s][info][gc,heap     ] GC(261) Humongous regions: 510->510
[2026-03-27T19:25:46.910+0900][7.016s][info][gc,metaspace] GC(261) Metaspace: 285K(512K)->285K(512K) NonClass: 272K(384K)->272K(384K) Class: 12K(128K)->12K(128K)
[2026-03-27T19:25:46.910+0900][7.016s][info][gc          ] GC(261) Pause Young (Normal) (G1 Evacuation Pause) 511M->511M(512M) 0.437ms
[2026-03-27T19:25:46.910+0900][7.016s][info][gc,cpu      ] GC(261) User=0.00s Sys=0.00s Real=0.00s
[2026-03-27T19:25:46.910+0900][7.016s][info][gc,ergo     ] Attempting full compaction
[2026-03-27T19:25:46.910+0900][7.016s][info][gc,start    ] GC(262) Pause Full (G1 Compaction Pause)
[2026-03-27T19:25:46.910+0900][7.016s][info][gc,task     ] GC(262) Using 8 workers of 8 for full compaction
[2026-03-27T19:25:46.910+0900][7.017s][info][gc,phases,start] GC(262) Phase 1: Mark live objects
[2026-03-27T19:25:46.911+0900][7.018s][info][gc,phases      ] GC(262) Phase 1: Mark live objects 0.837ms
[2026-03-27T19:25:46.911+0900][7.018s][info][gc,phases,start] GC(262) Phase 2: Prepare for compaction
[2026-03-27T19:25:46.911+0900][7.018s][info][gc,phases      ] GC(262) Phase 2: Prepare for compaction 0.430ms
[2026-03-27T19:25:46.911+0900][7.018s][info][gc,phases,start] GC(262) Phase 3: Adjust pointers
[2026-03-27T19:25:46.911+0900][7.019s][info][gc,phases      ] GC(262) Phase 3: Adjust pointers 0.421ms
[2026-03-27T19:25:46.911+0900][7.019s][info][gc,phases,start] GC(262) Phase 4: Compact heap
[2026-03-27T19:25:46.911+0900][7.019s][info][gc,phases      ] GC(262) Phase 4: Compact heap 0.288ms
[2026-03-27T19:25:46.913+0900][7.019s][info][gc,heap        ] GC(262) Eden regions: 0->0(25)
[2026-03-27T19:25:46.913+0900][7.019s][info][gc,heap        ] GC(262) Survivor regions: 0->0(0)
[2026-03-27T19:25:46.913+0900][7.019s][info][gc,heap        ] GC(262) Old regions: 2->1
[2026-03-27T19:25:46.913+0900][7.019s][info][gc,heap        ] GC(262) Archive regions: 0->0
[2026-03-27T19:25:46.913+0900][7.019s][info][gc,heap        ] GC(262) Humongous regions: 510->510
[2026-03-27T19:25:46.913+0900][7.019s][info][gc,metaspace   ] GC(262) Metaspace: 285K(512K)->279K(512K) NonClass: 272K(384K)->268K(384K) Class: 12K(128K)->10K(128K)
[2026-03-27T19:25:46.913+0900][7.019s][info][gc             ] GC(262) Pause Full (G1 Compaction Pause) 511M->510M(512M) 3.046ms
[2026-03-27T19:25:46.913+0900][7.019s][info][gc,cpu         ] GC(262) User=0.00s Sys=0.00s Real=0.00s
[2026-03-27T19:25:46.913+0900][7.020s][info][gc,marking     ] GC(255) Concurrent Mark From Roots 7.216ms
[2026-03-27T19:25:46.913+0900][7.020s][info][gc,start       ] GC(263) Pause Young (Normal) (G1 Humongous Allocation)
[2026-03-27T19:25:46.913+0900][7.020s][info][gc,task        ] GC(263) Using 8 workers of 8 for evacuation
[2026-03-27T19:25:46.913+0900][7.020s][info][gc,phases      ] GC(263)   Pre Evacuate Collection Set: 0.0ms
[2026-03-27T19:25:46.913+0900][7.020s][info][gc,phases      ] GC(263)   Merge Heap Roots: 0.0ms
[2026-03-27T19:25:46.913+0900][7.020s][info][gc,phases      ] GC(263)   Evacuate Collection Set: 0.0ms
[2026-03-27T19:25:46.913+0900][7.020s][info][gc,phases      ] GC(263)   Post Evacuate Collection Set: 0.1ms
[2026-03-27T19:25:46.913+0900][7.020s][info][gc,phases      ] GC(263)   Other: 0.0ms
[2026-03-27T19:25:46.913+0900][7.020s][info][gc,heap        ] GC(263) Eden regions: 1->0(25)
[2026-03-27T19:25:46.913+0900][7.020s][info][gc,heap        ] GC(263) Survivor regions: 0->0(0)
[2026-03-27T19:25:46.913+0900][7.020s][info][gc,heap        ] GC(263) Old regions: 1->2
[2026-03-27T19:25:46.913+0900][7.020s][info][gc,heap        ] GC(263) Archive regions: 0->0
[2026-03-27T19:25:46.913+0900][7.020s][info][gc,heap        ] GC(263) Humongous regions: 510->510
[2026-03-27T19:25:46.913+0900][7.020s][info][gc,metaspace   ] GC(263) Metaspace: 279K(512K)->279K(512K) NonClass: 268K(384K)->268K(384K) Class: 10K(128K)->10K(128K)
[2026-03-27T19:25:46.913+0900][7.020s][info][gc             ] GC(263) Pause Young (Normal) (G1 Humongous Allocation) (Evacuation Failure) 511M->511M(512M) 0.481ms
[2026-03-27T19:25:46.913+0900][7.020s][info][gc,cpu         ] GC(263) User=0.00s Sys=0.00s Real=0.00s
[2026-03-27T19:25:46.913+0900][7.020s][info][gc,ergo        ] Attempting full compaction
[2026-03-27T19:25:46.913+0900][7.020s][info][gc,start       ] GC(264) Pause Full (G1 Compaction Pause)
[2026-03-27T19:25:46.913+0900][7.020s][info][gc,task        ] GC(264) Using 8 workers of 8 for full compaction
[2026-03-27T19:25:46.914+0900][7.021s][info][gc,phases,start] GC(264) Phase 1: Mark live objects
[2026-03-27T19:25:46.914+0900][7.021s][info][gc,phases      ] GC(264) Phase 1: Mark live objects 0.432ms
[2026-03-27T19:25:46.914+0900][7.021s][info][gc,phases,start] GC(264) Phase 2: Prepare for compaction
[2026-03-27T19:25:46.914+0900][7.021s][info][gc,phases      ] GC(264) Phase 2: Prepare for compaction 0.240ms
[2026-03-27T19:25:46.914+0900][7.021s][info][gc,phases,start] GC(264) Phase 3: Adjust pointers
[2026-03-27T19:25:46.915+0900][7.022s][info][gc,phases      ] GC(264) Phase 3: Adjust pointers 0.425ms
[2026-03-27T19:25:46.915+0900][7.022s][info][gc,phases,start] GC(264) Phase 4: Compact heap
[2026-03-27T19:25:46.915+0900][7.022s][info][gc,phases      ] GC(264) Phase 4: Compact heap 0.222ms
[2026-03-27T19:25:46.916+0900][7.022s][info][gc,heap        ] GC(264) Eden regions: 0->0(25)
[2026-03-27T19:25:46.916+0900][7.022s][info][gc,heap        ] GC(264) Survivor regions: 0->0(0)
[2026-03-27T19:25:46.916+0900][7.022s][info][gc,heap        ] GC(264) Old regions: 2->1
[2026-03-27T19:25:46.916+0900][7.022s][info][gc,heap        ] GC(264) Archive regions: 0->0
[2026-03-27T19:25:46.916+0900][7.022s][info][gc,heap        ] GC(264) Humongous regions: 510->510
[2026-03-27T19:25:46.916+0900][7.022s][info][gc,metaspace   ] GC(264) Metaspace: 279K(512K)->279K(512K) NonClass: 268K(384K)->268K(384K) Class: 10K(128K)->10K(128K)
[2026-03-27T19:25:46.916+0900][7.022s][info][gc             ] GC(264) Pause Full (G1 Compaction Pause) 511M->510M(512M) 2.235ms
[2026-03-27T19:25:46.916+0900][7.022s][info][gc,cpu         ] GC(264) User=0.00s Sys=0.00s Real=0.00s
[2026-03-27T19:25:46.916+0900][7.023s][info][gc,marking     ] GC(255) Concurrent Mark Abort
[2026-03-27T19:25:46.916+0900][7.023s][info][gc             ] GC(255) Concurrent Mark Cycle 10.497ms
[2026-03-27T19:25:46.916+0900][7.023s][info][gc,start       ] GC(265) Pause Young (Normal) (G1 Evacuation Pause)
[2026-03-27T19:25:46.916+0900][7.023s][info][gc,task        ] GC(265) Using 8 workers of 8 for evacuation
[2026-03-27T19:25:46.916+0900][7.023s][info][gc,phases      ] GC(265)   Pre Evacuate Collection Set: 0.0ms
[2026-03-27T19:25:46.916+0900][7.023s][info][gc,phases      ] GC(265)   Merge Heap Roots: 0.0ms
[2026-03-27T19:25:46.916+0900][7.023s][info][gc,phases      ] GC(265)   Evacuate Collection Set: 0.0ms
[2026-03-27T19:25:46.916+0900][7.023s][info][gc,phases      ] GC(265)   Post Evacuate Collection Set: 0.1ms
[2026-03-27T19:25:46.916+0900][7.023s][info][gc,phases      ] GC(265)   Other: 0.0ms
[2026-03-27T19:25:46.916+0900][7.023s][info][gc,heap        ] GC(265) Eden regions: 0->0(25)
[2026-03-27T19:25:46.916+0900][7.023s][info][gc,heap        ] GC(265) Survivor regions: 0->0(0)
[2026-03-27T19:25:46.916+0900][7.023s][info][gc,heap        ] GC(265) Old regions: 1->1
[2026-03-27T19:25:46.916+0900][7.023s][info][gc,heap        ] GC(265) Archive regions: 0->0
[2026-03-27T19:25:46.916+0900][7.023s][info][gc,heap        ] GC(265) Humongous regions: 511->511
[2026-03-27T19:25:46.916+0900][7.023s][info][gc,metaspace   ] GC(265) Metaspace: 279K(512K)->279K(512K) NonClass: 268K(384K)->268K(384K) Class: 10K(128K)->10K(128K)
[2026-03-27T19:25:46.917+0900][7.023s][info][gc             ] GC(265) Pause Young (Normal) (G1 Evacuation Pause) 511M->511M(512M) 0.433ms
[2026-03-27T19:25:46.917+0900][7.023s][info][gc,cpu         ] GC(265) User=0.00s Sys=0.00s Real=0.00s
[2026-03-27T19:25:46.917+0900][7.023s][info][gc,ergo        ] Attempting full compaction
[2026-03-27T19:25:46.917+0900][7.023s][info][gc,start       ] GC(266) Pause Full (G1 Compaction Pause)
[2026-03-27T19:25:46.917+0900][7.023s][info][gc,task        ] GC(266) Using 8 workers of 8 for full compaction
[2026-03-27T19:25:46.917+0900][7.023s][info][gc,phases,start] GC(266) Phase 1: Mark live objects
[2026-03-27T19:25:46.917+0900][7.024s][info][gc,phases      ] GC(266) Phase 1: Mark live objects 0.417ms
[2026-03-27T19:25:46.917+0900][7.024s][info][gc,phases,start] GC(266) Phase 2: Prepare for compaction
[2026-03-27T19:25:46.917+0900][7.024s][info][gc,phases      ] GC(266) Phase 2: Prepare for compaction 0.199ms
[2026-03-27T19:25:46.917+0900][7.024s][info][gc,phases,start] GC(266) Phase 3: Adjust pointers
[2026-03-27T19:25:46.918+0900][7.024s][info][gc,phases      ] GC(266) Phase 3: Adjust pointers 0.278ms
[2026-03-27T19:25:46.918+0900][7.024s][info][gc,phases,start] GC(266) Phase 4: Compact heap
[2026-03-27T19:25:46.918+0900][7.024s][info][gc,phases      ] GC(266) Phase 4: Compact heap 0.176ms
[2026-03-27T19:25:46.918+0900][7.025s][info][gc,heap        ] GC(266) Eden regions: 0->0(25)
[2026-03-27T19:25:46.918+0900][7.025s][info][gc,heap        ] GC(266) Survivor regions: 0->0(0)
[2026-03-27T19:25:46.918+0900][7.025s][info][gc,heap        ] GC(266) Old regions: 1->1
[2026-03-27T19:25:46.918+0900][7.025s][info][gc,heap        ] GC(266) Archive regions: 0->0
[2026-03-27T19:25:46.918+0900][7.025s][info][gc,heap        ] GC(266) Humongous regions: 511->511
[2026-03-27T19:25:46.918+0900][7.025s][info][gc,metaspace   ] GC(266) Metaspace: 279K(512K)->279K(512K) NonClass: 268K(384K)->268K(384K) Class: 10K(128K)->10K(128K)
[2026-03-27T19:25:46.918+0900][7.025s][info][gc             ] GC(266) Pause Full (G1 Compaction Pause) 511M->511M(512M) 1.740ms
[2026-03-27T19:25:46.918+0900][7.025s][info][gc,cpu         ] GC(266) User=0.00s Sys=0.00s Real=0.00s
[2026-03-27T19:25:46.918+0900][7.025s][info][gc,ergo        ] Attempting maximum full compaction clearing soft references
[2026-03-27T19:25:46.918+0900][7.025s][info][gc,start       ] GC(267) Pause Full (G1 Compaction Pause)
[2026-03-27T19:25:46.918+0900][7.025s][info][gc,task        ] GC(267) Using 8 workers of 8 for full compaction
[2026-03-27T19:25:46.918+0900][7.025s][info][gc,phases,start] GC(267) Phase 1: Mark live objects
[2026-03-27T19:25:46.918+0900][7.025s][info][gc,phases      ] GC(267) Phase 1: Mark live objects 0.414ms
[2026-03-27T19:25:46.918+0900][7.025s][info][gc,phases,start] GC(267) Phase 2: Prepare for compaction
[2026-03-27T19:25:46.919+0900][7.026s][info][gc,phases      ] GC(267) Phase 2: Prepare for compaction 0.245ms
[2026-03-27T19:25:46.919+0900][7.026s][info][gc,phases,start] GC(267) Phase 3: Adjust pointers
[2026-03-27T19:25:46.919+0900][7.026s][info][gc,phases      ] GC(267) Phase 3: Adjust pointers 0.336ms
[2026-03-27T19:25:46.919+0900][7.026s][info][gc,phases,start] GC(267) Phase 4: Compact heap
[2026-03-27T19:25:46.919+0900][7.026s][info][gc,phases      ] GC(267) Phase 4: Compact heap 0.198ms
[2026-03-27T19:25:46.920+0900][7.027s][info][gc,heap        ] GC(267) Eden regions: 0->0(25)
[2026-03-27T19:25:46.920+0900][7.027s][info][gc,heap        ] GC(267) Survivor regions: 0->0(0)
[2026-03-27T19:25:46.920+0900][7.027s][info][gc,heap        ] GC(267) Old regions: 1->1
[2026-03-27T19:25:46.920+0900][7.027s][info][gc,heap        ] GC(267) Archive regions: 0->0
[2026-03-27T19:25:46.920+0900][7.027s][info][gc,heap        ] GC(267) Humongous regions: 511->511
[2026-03-27T19:25:46.920+0900][7.027s][info][gc,metaspace   ] GC(267) Metaspace: 279K(512K)->279K(512K) NonClass: 268K(384K)->268K(384K) Class: 10K(128K)->10K(128K)
[2026-03-27T19:25:46.920+0900][7.027s][info][gc             ] GC(267) Pause Full (G1 Compaction Pause) 511M->511M(512M) 1.897ms
[2026-03-27T19:25:46.920+0900][7.027s][info][gc,cpu         ] GC(267) User=0.00s Sys=0.00s Real=0.00s
[2026-03-27T19:25:46.920+0900][7.027s][info][gc,start       ] GC(268) Pause Young (Concurrent Start) (G1 Evacuation Pause)
[2026-03-27T19:25:46.920+0900][7.027s][info][gc,task        ] GC(268) Using 8 workers of 8 for evacuation
[2026-03-27T19:25:46.920+0900][7.027s][info][gc,phases      ] GC(268)   Pre Evacuate Collection Set: 0.1ms
[2026-03-27T19:25:46.920+0900][7.027s][info][gc,phases      ] GC(268)   Merge Heap Roots: 0.0ms
[2026-03-27T19:25:46.920+0900][7.027s][info][gc,phases      ] GC(268)   Evacuate Collection Set: 0.1ms
[2026-03-27T19:25:46.920+0900][7.027s][info][gc,phases      ] GC(268)   Post Evacuate Collection Set: 0.1ms
[2026-03-27T19:25:46.920+0900][7.027s][info][gc,phases      ] GC(268)   Other: 0.1ms
[2026-03-27T19:25:46.920+0900][7.027s][info][gc,heap        ] GC(268) Eden regions: 0->0(25)
[2026-03-27T19:25:46.920+0900][7.028s][info][gc,heap        ] GC(268) Survivor regions: 0->0(0)
[2026-03-27T19:25:46.920+0900][7.028s][info][gc,heap        ] GC(268) Old regions: 1->1
[2026-03-27T19:25:46.920+0900][7.028s][info][gc,heap        ] GC(268) Archive regions: 0->0
[2026-03-27T19:25:46.920+0900][7.028s][info][gc,heap        ] GC(268) Humongous regions: 511->511
[2026-03-27T19:25:46.920+0900][7.028s][info][gc,metaspace   ] GC(268) Metaspace: 279K(512K)->279K(512K) NonClass: 268K(384K)->268K(384K) Class: 10K(128K)->10K(128K)
[2026-03-27T19:25:46.920+0900][7.028s][info][gc             ] GC(268) Pause Young (Concurrent Start) (G1 Evacuation Pause) 511M->511M(512M) 0.601ms
[2026-03-27T19:25:46.921+0900][7.028s][info][gc,cpu         ] GC(268) User=0.00s Sys=0.00s Real=0.00s
[2026-03-27T19:25:46.921+0900][7.028s][info][gc             ] GC(269) Concurrent Mark Cycle
[2026-03-27T19:25:46.921+0900][7.028s][info][gc,ergo        ] Attempting full compaction
[2026-03-27T19:25:46.921+0900][7.028s][info][gc,marking     ] GC(269) Concurrent Clear Claimed Marks
[2026-03-27T19:25:46.921+0900][7.028s][info][gc,start       ] GC(270) Pause Full (G1 Compaction Pause)
[2026-03-27T19:25:46.921+0900][7.028s][info][gc,marking     ] GC(269) Concurrent Clear Claimed Marks 0.058ms
[2026-03-27T19:25:46.921+0900][7.028s][info][gc,task        ] GC(270) Using 8 workers of 8 for full compaction
[2026-03-27T19:25:46.921+0900][7.028s][info][gc,marking     ] GC(269) Concurrent Scan Root Regions
[2026-03-27T19:25:46.921+0900][7.028s][info][gc,marking     ] GC(269) Concurrent Scan Root Regions 0.060ms
[2026-03-27T19:25:46.921+0900][7.028s][info][gc,marking     ] GC(269) Concurrent Mark
[2026-03-27T19:25:46.921+0900][7.028s][info][gc,marking     ] GC(269) Concurrent Mark From Roots
[2026-03-27T19:25:46.921+0900][7.028s][info][gc,task        ] GC(269) Using 2 workers of 2 for marking
[2026-03-27T19:25:46.921+0900][7.028s][info][gc,phases,start] GC(270) Phase 1: Mark live objects
[2026-03-27T19:25:46.921+0900][7.028s][info][gc,phases      ] GC(270) Phase 1: Mark live objects 0.419ms
[2026-03-27T19:25:46.921+0900][7.028s][info][gc,phases,start] GC(270) Phase 2: Prepare for compaction
[2026-03-27T19:25:46.922+0900][7.029s][info][gc,phases      ] GC(270) Phase 2: Prepare for compaction 0.191ms
[2026-03-27T19:25:46.922+0900][7.029s][info][gc,phases,start] GC(270) Phase 3: Adjust pointers
[2026-03-27T19:25:46.922+0900][7.029s][info][gc,phases      ] GC(270) Phase 3: Adjust pointers 0.280ms
[2026-03-27T19:25:46.922+0900][7.029s][info][gc,phases,start] GC(270) Phase 4: Compact heap
[2026-03-27T19:25:46.922+0900][7.029s][info][gc,phases      ] GC(270) Phase 4: Compact heap 0.160ms
[2026-03-27T19:25:46.922+0900][7.030s][info][gc,heap        ] GC(270) Eden regions: 0->0(25)
[2026-03-27T19:25:46.922+0900][7.030s][info][gc,heap        ] GC(270) Survivor regions: 0->0(0)
[2026-03-27T19:25:46.922+0900][7.030s][info][gc,heap        ] GC(270) Old regions: 1->1
[2026-03-27T19:25:46.922+0900][7.030s][info][gc,heap        ] GC(270) Archive regions: 0->0
[2026-03-27T19:25:46.922+0900][7.030s][info][gc,heap        ] GC(270) Humongous regions: 511->511
[2026-03-27T19:25:46.922+0900][7.030s][info][gc,metaspace   ] GC(270) Metaspace: 279K(512K)->279K(512K) NonClass: 268K(384K)->268K(384K) Class: 10K(128K)->10K(128K)
[2026-03-27T19:25:46.923+0900][7.030s][info][gc             ] GC(270) Pause Full (G1 Compaction Pause) 511M->511M(512M) 1.917ms
[2026-03-27T19:25:46.923+0900][7.030s][info][gc,cpu         ] GC(270) User=0.00s Sys=0.00s Real=0.00s
[2026-03-27T19:25:46.923+0900][7.030s][info][gc,ergo        ] Attempting maximum full compaction clearing soft references
[2026-03-27T19:25:46.923+0900][7.030s][info][gc,start       ] GC(271) Pause Full (G1 Compaction Pause)
[2026-03-27T19:25:46.923+0900][7.030s][info][gc,task        ] GC(271) Using 8 workers of 8 for full compaction
[2026-03-27T19:25:46.923+0900][7.030s][info][gc,phases,start] GC(271) Phase 1: Mark live objects
[2026-03-27T19:25:46.923+0900][7.030s][info][gc,phases      ] GC(271) Phase 1: Mark live objects 0.369ms
[2026-03-27T19:25:46.923+0900][7.030s][info][gc,phases,start] GC(271) Phase 2: Prepare for compaction
[2026-03-27T19:25:46.923+0900][7.031s][info][gc,phases      ] GC(271) Phase 2: Prepare for compaction 0.219ms
[2026-03-27T19:25:46.923+0900][7.031s][info][gc,phases,start] GC(271) Phase 3: Adjust pointers
[2026-03-27T19:25:46.924+0900][7.031s][info][gc,phases      ] GC(271) Phase 3: Adjust pointers 0.311ms
[2026-03-27T19:25:46.924+0900][7.031s][info][gc,phases,start] GC(271) Phase 4: Compact heap
[2026-03-27T19:25:46.924+0900][7.031s][info][gc,phases      ] GC(271) Phase 4: Compact heap 0.205ms
[2026-03-27T19:25:46.924+0900][7.031s][info][gc,heap        ] GC(271) Eden regions: 0->0(25)
[2026-03-27T19:25:46.924+0900][7.032s][info][gc,heap        ] GC(271) Survivor regions: 0->0(0)
[2026-03-27T19:25:46.924+0900][7.032s][info][gc,heap        ] GC(271) Old regions: 1->1
[2026-03-27T19:25:46.924+0900][7.032s][info][gc,heap        ] GC(271) Archive regions: 0->0
[2026-03-27T19:25:46.924+0900][7.032s][info][gc,heap        ] GC(271) Humongous regions: 511->511
[2026-03-27T19:25:46.924+0900][7.032s][info][gc,metaspace   ] GC(271) Metaspace: 279K(512K)->279K(512K) NonClass: 268K(384K)->268K(384K) Class: 10K(128K)->10K(128K)
[2026-03-27T19:25:46.924+0900][7.032s][info][gc             ] GC(271) Pause Full (G1 Compaction Pause) 511M->511M(512M) 1.920ms
[2026-03-27T19:25:46.924+0900][7.032s][info][gc,cpu         ] GC(271) User=0.00s Sys=0.00s Real=0.00s
[2026-03-27T19:25:46.924+0900][7.032s][info][gc,marking     ] GC(269) Concurrent Mark From Roots 3.805ms
[2026-03-27T19:25:46.924+0900][7.032s][info][gc,marking     ] GC(269) Concurrent Mark Abort
[2026-03-27T19:25:46.924+0900][7.032s][info][gc             ] GC(269) Concurrent Mark Cycle 4.120ms
[2026-03-27T19:25:46.926+0900][7.032s][info][gc,start       ] GC(272) Pause Young (Normal) (G1 Evacuation Pause)
[2026-03-27T19:25:46.926+0900][7.032s][info][gc,task        ] GC(272) Using 8 workers of 8 for evacuation
[2026-03-27T19:25:46.926+0900][7.032s][info][gc,phases      ] GC(272)   Pre Evacuate Collection Set: 0.1ms
[2026-03-27T19:25:46.926+0900][7.032s][info][gc,phases      ] GC(272)   Merge Heap Roots: 0.0ms
[2026-03-27T19:25:46.926+0900][7.032s][info][gc,phases      ] GC(272)   Evacuate Collection Set: 0.1ms
[2026-03-27T19:25:46.926+0900][7.033s][info][gc,phases      ] GC(272)   Post Evacuate Collection Set: 0.1ms
[2026-03-27T19:25:46.926+0900][7.033s][info][gc,phases      ] GC(272)   Other: 0.0ms
[2026-03-27T19:25:46.926+0900][7.033s][info][gc,heap        ] GC(272) Eden regions: 0->0(25)
[2026-03-27T19:25:46.926+0900][7.033s][info][gc,heap        ] GC(272) Survivor regions: 0->0(0)
[2026-03-27T19:25:46.926+0900][7.033s][info][gc,heap        ] GC(272) Old regions: 1->1
[2026-03-27T19:25:46.926+0900][7.033s][info][gc,heap        ] GC(272) Archive regions: 0->0
[2026-03-27T19:25:46.926+0900][7.033s][info][gc,heap        ] GC(272) Humongous regions: 511->511
[2026-03-27T19:25:46.926+0900][7.033s][info][gc,metaspace   ] GC(272) Metaspace: 280K(512K)->280K(512K) NonClass: 269K(384K)->269K(384K) Class: 10K(128K)->10K(128K)
[2026-03-27T19:25:46.926+0900][7.033s][info][gc             ] GC(272) Pause Young (Normal) (G1 Evacuation Pause) 511M->511M(512M) 0.466ms
[2026-03-27T19:25:46.926+0900][7.033s][info][gc,cpu         ] GC(272) User=0.00s Sys=0.00s Real=0.00s
[2026-03-27T19:25:46.926+0900][7.033s][info][gc,ergo        ] Attempting full compaction
[2026-03-27T19:25:46.926+0900][7.033s][info][gc,start       ] GC(273) Pause Full (G1 Compaction Pause)
[2026-03-27T19:25:46.926+0900][7.033s][info][gc,task        ] GC(273) Using 8 workers of 8 for full compaction
[2026-03-27T19:25:46.926+0900][7.033s][info][gc,phases,start] GC(273) Phase 1: Mark live objects
[2026-03-27T19:25:46.927+0900][7.033s][info][gc,phases      ] GC(273) Phase 1: Mark live objects 0.447ms
[2026-03-27T19:25:46.927+0900][7.033s][info][gc,phases,start] GC(273) Phase 2: Prepare for compaction
[2026-03-27T19:25:46.927+0900][7.033s][info][gc,phases      ] GC(273) Phase 2: Prepare for compaction 0.203ms
[2026-03-27T19:25:46.927+0900][7.033s][info][gc,phases,start] GC(273) Phase 3: Adjust pointers
[2026-03-27T19:25:46.927+0900][7.034s][info][gc,phases      ] GC(273) Phase 3: Adjust pointers 0.341ms
[2026-03-27T19:25:46.927+0900][7.034s][info][gc,phases,start] GC(273) Phase 4: Compact heap
[2026-03-27T19:25:46.928+0900][7.034s][info][gc,phases      ] GC(273) Phase 4: Compact heap 0.231ms
[2026-03-27T19:25:46.928+0900][7.034s][info][gc,heap        ] GC(273) Eden regions: 0->0(25)
[2026-03-27T19:25:46.928+0900][7.034s][info][gc,heap        ] GC(273) Survivor regions: 0->0(0)
[2026-03-27T19:25:46.928+0900][7.034s][info][gc,heap        ] GC(273) Old regions: 1->1
[2026-03-27T19:25:46.928+0900][7.034s][info][gc,heap        ] GC(273) Archive regions: 0->0
[2026-03-27T19:25:46.928+0900][7.034s][info][gc,heap        ] GC(273) Humongous regions: 511->511
[2026-03-27T19:25:46.928+0900][7.035s][info][gc,metaspace   ] GC(273) Metaspace: 280K(512K)->280K(512K) NonClass: 269K(384K)->269K(384K) Class: 10K(128K)->10K(128K)
[2026-03-27T19:25:46.928+0900][7.035s][info][gc             ] GC(273) Pause Full (G1 Compaction Pause) 511M->511M(512M) 1.901ms
[2026-03-27T19:25:46.928+0900][7.035s][info][gc,cpu         ] GC(273) User=0.00s Sys=0.00s Real=0.00s
[2026-03-27T19:25:46.928+0900][7.035s][info][gc,ergo        ] Attempting maximum full compaction clearing soft references
[2026-03-27T19:25:46.928+0900][7.035s][info][gc,start       ] GC(274) Pause Full (G1 Compaction Pause)
[2026-03-27T19:25:46.928+0900][7.035s][info][gc,task        ] GC(274) Using 8 workers of 8 for full compaction
[2026-03-27T19:25:46.928+0900][7.035s][info][gc,phases,start] GC(274) Phase 1: Mark live objects
[2026-03-27T19:25:46.929+0900][7.035s][info][gc,phases      ] GC(274) Phase 1: Mark live objects 0.396ms
[2026-03-27T19:25:46.929+0900][7.035s][info][gc,phases,start] GC(274) Phase 2: Prepare for compaction
[2026-03-27T19:25:46.929+0900][7.035s][info][gc,phases      ] GC(274) Phase 2: Prepare for compaction 0.214ms
[2026-03-27T19:25:46.929+0900][7.035s][info][gc,phases,start] GC(274) Phase 3: Adjust pointers
[2026-03-27T19:25:46.929+0900][7.036s][info][gc,phases      ] GC(274) Phase 3: Adjust pointers 0.300ms
[2026-03-27T19:25:46.929+0900][7.036s][info][gc,phases,start] GC(274) Phase 4: Compact heap
[2026-03-27T19:25:46.929+0900][7.036s][info][gc,phases      ] GC(274) Phase 4: Compact heap 0.200ms
[2026-03-27T19:25:46.930+0900][7.036s][info][gc,heap        ] GC(274) Eden regions: 0->0(25)
[2026-03-27T19:25:46.930+0900][7.036s][info][gc,heap        ] GC(274) Survivor regions: 0->0(0)
[2026-03-27T19:25:46.930+0900][7.036s][info][gc,heap        ] GC(274) Old regions: 1->1
[2026-03-27T19:25:46.930+0900][7.036s][info][gc,heap        ] GC(274) Archive regions: 0->0
[2026-03-27T19:25:46.930+0900][7.036s][info][gc,heap        ] GC(274) Humongous regions: 511->511
[2026-03-27T19:25:46.930+0900][7.036s][info][gc,metaspace   ] GC(274) Metaspace: 280K(512K)->280K(512K) NonClass: 269K(384K)->269K(384K) Class: 10K(128K)->10K(128K)
[2026-03-27T19:25:46.930+0900][7.036s][info][gc             ] GC(274) Pause Full (G1 Compaction Pause) 511M->511M(512M) 1.778ms
[2026-03-27T19:25:46.930+0900][7.036s][info][gc,cpu         ] GC(274) User=0.00s Sys=0.00s Real=0.00s
[2026-03-27T19:25:46.930+0900][7.037s][info][gc,start       ] GC(275) Pause Young (Concurrent Start) (G1 Evacuation Pause)
[2026-03-27T19:25:46.930+0900][7.037s][info][gc,task        ] GC(275) Using 8 workers of 8 for evacuation
[2026-03-27T19:25:46.930+0900][7.037s][info][gc,phases      ] GC(275)   Pre Evacuate Collection Set: 0.1ms
[2026-03-27T19:25:46.930+0900][7.037s][info][gc,phases      ] GC(275)   Merge Heap Roots: 0.0ms
[2026-03-27T19:25:46.930+0900][7.037s][info][gc,phases      ] GC(275)   Evacuate Collection Set: 0.1ms
[2026-03-27T19:25:46.930+0900][7.037s][info][gc,phases      ] GC(275)   Post Evacuate Collection Set: 0.1ms
[2026-03-27T19:25:46.930+0900][7.037s][info][gc,phases      ] GC(275)   Other: 0.1ms
[2026-03-27T19:25:46.930+0900][7.037s][info][gc,heap        ] GC(275) Eden regions: 0->0(25)
[2026-03-27T19:25:46.930+0900][7.037s][info][gc,heap        ] GC(275) Survivor regions: 0->0(0)
[2026-03-27T19:25:46.930+0900][7.037s][info][gc,heap        ] GC(275) Old regions: 1->1
[2026-03-27T19:25:46.930+0900][7.037s][info][gc,heap        ] GC(275) Archive regions: 0->0
[2026-03-27T19:25:46.930+0900][7.037s][info][gc,heap        ] GC(275) Humongous regions: 511->511
[2026-03-27T19:25:46.930+0900][7.037s][info][gc,metaspace   ] GC(275) Metaspace: 280K(512K)->280K(512K) NonClass: 269K(384K)->269K(384K) Class: 10K(128K)->10K(128K)
[2026-03-27T19:25:46.930+0900][7.037s][info][gc             ] GC(275) Pause Young (Concurrent Start) (G1 Evacuation Pause) 511M->511M(512M) 0.556ms
[2026-03-27T19:25:46.930+0900][7.037s][info][gc,cpu         ] GC(275) User=0.00s Sys=0.00s Real=0.00s
[2026-03-27T19:25:46.930+0900][7.037s][info][gc             ] GC(276) Concurrent Mark Cycle
[2026-03-27T19:25:46.930+0900][7.037s][info][gc,ergo        ] Attempting full compaction
[2026-03-27T19:25:46.930+0900][7.037s][info][gc,marking     ] GC(276) Concurrent Clear Claimed Marks
[2026-03-27T19:25:46.930+0900][7.037s][info][gc,start       ] GC(277) Pause Full (G1 Compaction Pause)
[2026-03-27T19:25:46.930+0900][7.037s][info][gc,marking     ] GC(276) Concurrent Clear Claimed Marks 0.058ms
[2026-03-27T19:25:46.930+0900][7.037s][info][gc,task        ] GC(277) Using 8 workers of 8 for full compaction
[2026-03-27T19:25:46.930+0900][7.037s][info][gc,marking     ] GC(276) Concurrent Scan Root Regions
[2026-03-27T19:25:46.930+0900][7.037s][info][gc,marking     ] GC(276) Concurrent Scan Root Regions 0.052ms
[2026-03-27T19:25:46.930+0900][7.037s][info][gc,marking     ] GC(276) Concurrent Mark
[2026-03-27T19:25:46.930+0900][7.037s][info][gc,marking     ] GC(276) Concurrent Mark From Roots
[2026-03-27T19:25:46.930+0900][7.037s][info][gc,task        ] GC(276) Using 2 workers of 2 for marking
[2026-03-27T19:25:46.931+0900][7.038s][info][gc,phases,start] GC(277) Phase 1: Mark live objects
[2026-03-27T19:25:46.931+0900][7.038s][info][gc,phases      ] GC(277) Phase 1: Mark live objects 0.478ms
[2026-03-27T19:25:46.931+0900][7.038s][info][gc,phases,start] GC(277) Phase 2: Prepare for compaction
[2026-03-27T19:25:46.932+0900][7.038s][info][gc,phases      ] GC(277) Phase 2: Prepare for compaction 0.219ms
[2026-03-27T19:25:46.932+0900][7.038s][info][gc,phases,start] GC(277) Phase 3: Adjust pointers
[2026-03-27T19:25:46.932+0900][7.039s][info][gc,phases      ] GC(277) Phase 3: Adjust pointers 0.301ms
[2026-03-27T19:25:46.932+0900][7.039s][info][gc,phases,start] GC(277) Phase 4: Compact heap
[2026-03-27T19:25:46.932+0900][7.039s][info][gc,phases      ] GC(277) Phase 4: Compact heap 0.175ms
[2026-03-27T19:25:46.933+0900][7.039s][info][gc,heap        ] GC(277) Eden regions: 0->0(25)
[2026-03-27T19:25:46.933+0900][7.039s][info][gc,heap        ] GC(277) Survivor regions: 0->0(0)
[2026-03-27T19:25:46.933+0900][7.039s][info][gc,heap        ] GC(277) Old regions: 1->1
[2026-03-27T19:25:46.933+0900][7.039s][info][gc,heap        ] GC(277) Archive regions: 0->0
[2026-03-27T19:25:46.933+0900][7.039s][info][gc,heap        ] GC(277) Humongous regions: 511->511
[2026-03-27T19:25:46.933+0900][7.039s][info][gc,metaspace   ] GC(277) Metaspace: 280K(512K)->280K(512K) NonClass: 269K(384K)->269K(384K) Class: 10K(128K)->10K(128K)
[2026-03-27T19:25:46.933+0900][7.039s][info][gc             ] GC(277) Pause Full (G1 Compaction Pause) 511M->511M(512M) 2.093ms
[2026-03-27T19:25:46.933+0900][7.039s][info][gc,cpu         ] GC(277) User=0.00s Sys=0.00s Real=0.00s
[2026-03-27T19:25:46.933+0900][7.039s][info][gc,ergo        ] Attempting maximum full compaction clearing soft references
[2026-03-27T19:25:46.933+0900][7.039s][info][gc,start       ] GC(278) Pause Full (G1 Compaction Pause)
[2026-03-27T19:25:46.933+0900][7.039s][info][gc,task        ] GC(278) Using 8 workers of 8 for full compaction
[2026-03-27T19:25:46.933+0900][7.040s][info][gc,phases,start] GC(278) Phase 1: Mark live objects
[2026-03-27T19:25:46.933+0900][7.040s][info][gc,phases      ] GC(278) Phase 1: Mark live objects 0.332ms
[2026-03-27T19:25:46.933+0900][7.040s][info][gc,phases,start] GC(278) Phase 2: Prepare for compaction
[2026-03-27T19:25:46.933+0900][7.040s][info][gc,phases      ] GC(278) Phase 2: Prepare for compaction 0.183ms
[2026-03-27T19:25:46.933+0900][7.040s][info][gc,phases,start] GC(278) Phase 3: Adjust pointers
[2026-03-27T19:25:46.933+0900][7.040s][info][gc,phases      ] GC(278) Phase 3: Adjust pointers 0.267ms
[2026-03-27T19:25:46.933+0900][7.040s][info][gc,phases,start] GC(278) Phase 4: Compact heap
[2026-03-27T19:25:46.934+0900][7.041s][info][gc,phases      ] GC(278) Phase 4: Compact heap 0.171ms
[2026-03-27T19:25:46.934+0900][7.041s][info][gc,heap        ] GC(278) Eden regions: 0->0(25)
[2026-03-27T19:25:46.934+0900][7.041s][info][gc,heap        ] GC(278) Survivor regions: 0->0(0)
[2026-03-27T19:25:46.934+0900][7.041s][info][gc,heap        ] GC(278) Old regions: 1->1
[2026-03-27T19:25:46.934+0900][7.041s][info][gc,heap        ] GC(278) Archive regions: 0->0
[2026-03-27T19:25:46.934+0900][7.041s][info][gc,heap        ] GC(278) Humongous regions: 511->511
[2026-03-27T19:25:46.934+0900][7.041s][info][gc,metaspace   ] GC(278) Metaspace: 280K(512K)->280K(512K) NonClass: 269K(384K)->269K(384K) Class: 10K(128K)->10K(128K)
[2026-03-27T19:25:46.934+0900][7.041s][info][gc             ] GC(278) Pause Full (G1 Compaction Pause) 511M->511M(512M) 1.756ms
[2026-03-27T19:25:46.934+0900][7.041s][info][gc,cpu         ] GC(278) User=0.00s Sys=0.00s Real=0.00s
[2026-03-27T19:25:46.934+0900][7.041s][info][gc,marking     ] GC(276) Concurrent Mark From Roots 3.816ms
[2026-03-27T19:25:46.934+0900][7.041s][info][gc,marking     ] GC(276) Concurrent Mark Abort
[2026-03-27T19:25:46.934+0900][7.041s][info][gc             ] GC(276) Concurrent Mark Cycle 4.115ms
[2026-03-27T19:25:46.934+0900][7.041s][info][gc,start       ] GC(279) Pause Young (Normal) (G1 Evacuation Pause)
[2026-03-27T19:25:46.934+0900][7.042s][info][gc,task        ] GC(279) Using 8 workers of 8 for evacuation
[2026-03-27T19:25:46.935+0900][7.042s][info][gc,phases      ] GC(279)   Pre Evacuate Collection Set: 0.0ms
[2026-03-27T19:25:46.935+0900][7.042s][info][gc,phases      ] GC(279)   Merge Heap Roots: 0.0ms
[2026-03-27T19:25:46.935+0900][7.042s][info][gc,phases      ] GC(279)   Evacuate Collection Set: 0.1ms
[2026-03-27T19:25:46.935+0900][7.042s][info][gc,phases      ] GC(279)   Post Evacuate Collection Set: 0.1ms
[2026-03-27T19:25:46.935+0900][7.042s][info][gc,phases      ] GC(279)   Other: 0.0ms
[2026-03-27T19:25:46.935+0900][7.042s][info][gc,heap        ] GC(279) Eden regions: 0->0(25)
[2026-03-27T19:25:46.935+0900][7.042s][info][gc,heap        ] GC(279) Survivor regions: 0->0(0)
[2026-03-27T19:25:46.935+0900][7.042s][info][gc,heap        ] GC(279) Old regions: 1->1
[2026-03-27T19:25:46.935+0900][7.042s][info][gc,heap        ] GC(279) Archive regions: 0->0
[2026-03-27T19:25:46.935+0900][7.042s][info][gc,heap        ] GC(279) Humongous regions: 511->511
[2026-03-27T19:25:46.935+0900][7.042s][info][gc,metaspace   ] GC(279) Metaspace: 280K(512K)->280K(512K) NonClass: 269K(384K)->269K(384K) Class: 10K(128K)->10K(128K)
[2026-03-27T19:25:46.935+0900][7.042s][info][gc             ] GC(279) Pause Young (Normal) (G1 Evacuation Pause) 511M->511M(512M) 0.578ms
[2026-03-27T19:25:46.935+0900][7.042s][info][gc,cpu         ] GC(279) User=0.00s Sys=0.00s Real=0.00s
[2026-03-27T19:25:46.935+0900][7.042s][info][gc,ergo        ] Attempting full compaction
[2026-03-27T19:25:46.935+0900][7.042s][info][gc,start       ] GC(280) Pause Full (G1 Compaction Pause)
[2026-03-27T19:25:46.935+0900][7.042s][info][gc,task        ] GC(280) Using 8 workers of 8 for full compaction
[2026-03-27T19:25:46.935+0900][7.042s][info][gc,phases,start] GC(280) Phase 1: Mark live objects
[2026-03-27T19:25:46.936+0900][7.043s][info][gc,phases      ] GC(280) Phase 1: Mark live objects 0.399ms
[2026-03-27T19:25:46.936+0900][7.043s][info][gc,phases,start] GC(280) Phase 2: Prepare for compaction
[2026-03-27T19:25:46.936+0900][7.043s][info][gc,phases      ] GC(280) Phase 2: Prepare for compaction 0.211ms
[2026-03-27T19:25:46.936+0900][7.043s][info][gc,phases,start] GC(280) Phase 3: Adjust pointers
[2026-03-27T19:25:46.936+0900][7.043s][info][gc,phases      ] GC(280) Phase 3: Adjust pointers 0.303ms
[2026-03-27T19:25:46.936+0900][7.043s][info][gc,phases,start] GC(280) Phase 4: Compact heap
[2026-03-27T19:25:46.936+0900][7.043s][info][gc,phases      ] GC(280) Phase 4: Compact heap 0.220ms
[2026-03-27T19:25:46.937+0900][7.044s][info][gc,heap        ] GC(280) Eden regions: 0->0(25)
[2026-03-27T19:25:46.937+0900][7.044s][info][gc,heap        ] GC(280) Survivor regions: 0->0(0)
[2026-03-27T19:25:46.937+0900][7.044s][info][gc,heap        ] GC(280) Old regions: 1->1
[2026-03-27T19:25:46.937+0900][7.044s][info][gc,heap        ] GC(280) Archive regions: 0->0
[2026-03-27T19:25:46.937+0900][7.044s][info][gc,heap        ] GC(280) Humongous regions: 511->511
[2026-03-27T19:25:46.937+0900][7.044s][info][gc,metaspace   ] GC(280) Metaspace: 280K(512K)->280K(512K) NonClass: 269K(384K)->269K(384K) Class: 10K(128K)->10K(128K)
[2026-03-27T19:25:46.937+0900][7.044s][info][gc             ] GC(280) Pause Full (G1 Compaction Pause) 511M->511M(512M) 1.863ms
[2026-03-27T19:25:46.937+0900][7.044s][info][gc,cpu         ] GC(280) User=0.00s Sys=0.00s Real=0.00s
[2026-03-27T19:25:46.937+0900][7.044s][info][gc,ergo        ] Attempting maximum full compaction clearing soft references
[2026-03-27T19:25:46.937+0900][7.044s][info][gc,start       ] GC(281) Pause Full (G1 Compaction Pause)
[2026-03-27T19:25:46.937+0900][7.044s][info][gc,task        ] GC(281) Using 8 workers of 8 for full compaction
[2026-03-27T19:25:46.937+0900][7.044s][info][gc,phases,start] GC(281) Phase 1: Mark live objects
[2026-03-27T19:25:46.937+0900][7.044s][info][gc,phases      ] GC(281) Phase 1: Mark live objects 0.379ms
[2026-03-27T19:25:46.937+0900][7.045s][info][gc,phases,start] GC(281) Phase 2: Prepare for compaction
[2026-03-27T19:25:46.938+0900][7.045s][info][gc,phases      ] GC(281) Phase 2: Prepare for compaction 0.230ms
[2026-03-27T19:25:46.938+0900][7.045s][info][gc,phases,start] GC(281) Phase 3: Adjust pointers
[2026-03-27T19:25:46.938+0900][7.045s][info][gc,phases      ] GC(281) Phase 3: Adjust pointers 0.292ms
[2026-03-27T19:25:46.938+0900][7.045s][info][gc,phases,start] GC(281) Phase 4: Compact heap
[2026-03-27T19:25:46.938+0900][7.045s][info][gc,phases      ] GC(281) Phase 4: Compact heap 0.172ms
[2026-03-27T19:25:46.938+0900][7.046s][info][gc,heap        ] GC(281) Eden regions: 0->0(25)
[2026-03-27T19:25:46.938+0900][7.046s][info][gc,heap        ] GC(281) Survivor regions: 0->0(0)
[2026-03-27T19:25:46.938+0900][7.046s][info][gc,heap        ] GC(281) Old regions: 1->1
[2026-03-27T19:25:46.938+0900][7.046s][info][gc,heap        ] GC(281) Archive regions: 0->0
[2026-03-27T19:25:46.938+0900][7.046s][info][gc,heap        ] GC(281) Humongous regions: 511->511
[2026-03-27T19:25:46.938+0900][7.046s][info][gc,metaspace   ] GC(281) Metaspace: 280K(512K)->280K(512K) NonClass: 269K(384K)->269K(384K) Class: 10K(128K)->10K(128K)
[2026-03-27T19:25:46.938+0900][7.046s][info][gc             ] GC(281) Pause Full (G1 Compaction Pause) 511M->511M(512M) 1.811ms
[2026-03-27T19:25:46.938+0900][7.046s][info][gc,cpu         ] GC(281) User=0.00s Sys=0.00s Real=0.00s
[2026-03-27T19:25:46.938+0900][7.046s][info][gc,start       ] GC(282) Pause Young (Concurrent Start) (G1 Evacuation Pause)
[2026-03-27T19:25:46.938+0900][7.046s][info][gc,task        ] GC(282) Using 8 workers of 8 for evacuation
[2026-03-27T19:25:46.940+0900][7.046s][info][gc,phases      ] GC(282)   Pre Evacuate Collection Set: 0.1ms
[2026-03-27T19:25:46.940+0900][7.046s][info][gc,phases      ] GC(282)   Merge Heap Roots: 0.0ms
[2026-03-27T19:25:46.940+0900][7.046s][info][gc,phases      ] GC(282)   Evacuate Collection Set: 0.1ms
[2026-03-27T19:25:46.940+0900][7.046s][info][gc,phases      ] GC(282)   Post Evacuate Collection Set: 0.1ms
[2026-03-27T19:25:46.940+0900][7.046s][info][gc,phases      ] GC(282)   Other: 0.1ms
[2026-03-27T19:25:46.940+0900][7.047s][info][gc,heap        ] GC(282) Eden regions: 0->0(25)
[2026-03-27T19:25:46.940+0900][7.047s][info][gc,heap        ] GC(282) Survivor regions: 0->0(0)
[2026-03-27T19:25:46.940+0900][7.047s][info][gc,heap        ] GC(282) Old regions: 1->1
[2026-03-27T19:25:46.940+0900][7.047s][info][gc,heap        ] GC(282) Archive regions: 0->0
[2026-03-27T19:25:46.940+0900][7.047s][info][gc,heap        ] GC(282) Humongous regions: 511->511
[2026-03-27T19:25:46.940+0900][7.047s][info][gc,metaspace   ] GC(282) Metaspace: 280K(512K)->280K(512K) NonClass: 269K(384K)->269K(384K) Class: 10K(128K)->10K(128K)
[2026-03-27T19:25:46.940+0900][7.047s][info][gc             ] GC(282) Pause Young (Concurrent Start) (G1 Evacuation Pause) 511M->511M(512M) 0.582ms
[2026-03-27T19:25:46.940+0900][7.047s][info][gc,cpu         ] GC(282) User=0.00s Sys=0.00s Real=0.00s
[2026-03-27T19:25:46.940+0900][7.047s][info][gc             ] GC(283) Concurrent Mark Cycle
[2026-03-27T19:25:46.940+0900][7.047s][info][gc,ergo        ] Attempting full compaction
[2026-03-27T19:25:46.940+0900][7.047s][info][gc,marking     ] GC(283) Concurrent Clear Claimed Marks
[2026-03-27T19:25:46.940+0900][7.047s][info][gc,start       ] GC(284) Pause Full (G1 Compaction Pause)
[2026-03-27T19:25:46.940+0900][7.047s][info][gc,marking     ] GC(283) Concurrent Clear Claimed Marks 0.051ms
[2026-03-27T19:25:46.940+0900][7.047s][info][gc,task        ] GC(284) Using 8 workers of 8 for full compaction
[2026-03-27T19:25:46.940+0900][7.047s][info][gc,marking     ] GC(283) Concurrent Scan Root Regions
[2026-03-27T19:25:46.940+0900][7.047s][info][gc,marking     ] GC(283) Concurrent Scan Root Regions 0.041ms
[2026-03-27T19:25:46.940+0900][7.047s][info][gc,marking     ] GC(283) Concurrent Mark
[2026-03-27T19:25:46.940+0900][7.047s][info][gc,marking     ] GC(283) Concurrent Mark From Roots
[2026-03-27T19:25:46.940+0900][7.047s][info][gc,task        ] GC(283) Using 2 workers of 2 for marking
[2026-03-27T19:25:46.940+0900][7.047s][info][gc,phases,start] GC(284) Phase 1: Mark live objects
[2026-03-27T19:25:46.941+0900][7.047s][info][gc,phases      ] GC(284) Phase 1: Mark live objects 0.404ms
[2026-03-27T19:25:46.941+0900][7.047s][info][gc,phases,start] GC(284) Phase 2: Prepare for compaction
[2026-03-27T19:25:46.941+0900][7.048s][info][gc,phases      ] GC(284) Phase 2: Prepare for compaction 0.223ms
[2026-03-27T19:25:46.941+0900][7.048s][info][gc,phases,start] GC(284) Phase 3: Adjust pointers
[2026-03-27T19:25:46.941+0900][7.048s][info][gc,phases      ] GC(284) Phase 3: Adjust pointers 0.299ms
[2026-03-27T19:25:46.941+0900][7.048s][info][gc,phases,start] GC(284) Phase 4: Compact heap
[2026-03-27T19:25:46.942+0900][7.048s][info][gc,phases      ] GC(284) Phase 4: Compact heap 0.200ms
[2026-03-27T19:25:46.942+0900][7.049s][info][gc,heap        ] GC(284) Eden regions: 0->0(25)
[2026-03-27T19:25:46.942+0900][7.049s][info][gc,heap        ] GC(284) Survivor regions: 0->0(0)
[2026-03-27T19:25:46.942+0900][7.049s][info][gc,heap        ] GC(284) Old regions: 1->1
[2026-03-27T19:25:46.942+0900][7.049s][info][gc,heap        ] GC(284) Archive regions: 0->0
[2026-03-27T19:25:46.942+0900][7.049s][info][gc,heap        ] GC(284) Humongous regions: 511->511
[2026-03-27T19:25:46.942+0900][7.049s][info][gc,metaspace   ] GC(284) Metaspace: 280K(512K)->280K(512K) NonClass: 269K(384K)->269K(384K) Class: 10K(128K)->10K(128K)
[2026-03-27T19:25:46.942+0900][7.049s][info][gc             ] GC(284) Pause Full (G1 Compaction Pause) 511M->511M(512M) 2.042ms
[2026-03-27T19:25:46.942+0900][7.049s][info][gc,cpu         ] GC(284) User=0.12s Sys=0.00s Real=0.00s
[2026-03-27T19:25:46.942+0900][7.049s][info][gc,ergo        ] Attempting maximum full compaction clearing soft references
[2026-03-27T19:25:46.942+0900][7.049s][info][gc,start       ] GC(285) Pause Full (G1 Compaction Pause)
[2026-03-27T19:25:46.942+0900][7.049s][info][gc,task        ] GC(285) Using 8 workers of 8 for full compaction
[2026-03-27T19:25:46.942+0900][7.049s][info][gc,phases,start] GC(285) Phase 1: Mark live objects
[2026-03-27T19:25:46.943+0900][7.049s][info][gc,phases      ] GC(285) Phase 1: Mark live objects 0.396ms
[2026-03-27T19:25:46.943+0900][7.049s][info][gc,phases,start] GC(285) Phase 2: Prepare for compaction
[2026-03-27T19:25:46.943+0900][7.050s][info][gc,phases      ] GC(285) Phase 2: Prepare for compaction 0.221ms
[2026-03-27T19:25:46.943+0900][7.050s][info][gc,phases,start] GC(285) Phase 3: Adjust pointers
[2026-03-27T19:25:46.943+0900][7.050s][info][gc,phases      ] GC(285) Phase 3: Adjust pointers 0.324ms
[2026-03-27T19:25:46.943+0900][7.050s][info][gc,phases,start] GC(285) Phase 4: Compact heap
[2026-03-27T19:25:46.943+0900][7.050s][info][gc,phases      ] GC(285) Phase 4: Compact heap 0.201ms
[2026-03-27T19:25:46.944+0900][7.051s][info][gc,heap        ] GC(285) Eden regions: 0->0(25)
[2026-03-27T19:25:46.944+0900][7.051s][info][gc,heap        ] GC(285) Survivor regions: 0->0(0)
[2026-03-27T19:25:46.944+0900][7.051s][info][gc,heap        ] GC(285) Old regions: 1->1
[2026-03-27T19:25:46.944+0900][7.051s][info][gc,heap        ] GC(285) Archive regions: 0->0
[2026-03-27T19:25:46.944+0900][7.051s][info][gc,heap        ] GC(285) Humongous regions: 511->511
[2026-03-27T19:25:46.944+0900][7.051s][info][gc,metaspace   ] GC(285) Metaspace: 280K(512K)->280K(512K) NonClass: 269K(384K)->269K(384K) Class: 10K(128K)->10K(128K)
[2026-03-27T19:25:46.944+0900][7.051s][info][gc             ] GC(285) Pause Full (G1 Compaction Pause) 511M->511M(512M) 2.068ms
[2026-03-27T19:25:46.944+0900][7.051s][info][gc,cpu         ] GC(285) User=0.00s Sys=0.00s Real=0.00s
[2026-03-27T19:25:46.944+0900][7.051s][info][gc,marking     ] GC(283) Concurrent Mark From Roots 4.097ms
[2026-03-27T19:25:46.944+0900][7.051s][info][gc,marking     ] GC(283) Concurrent Mark Abort
[2026-03-27T19:25:46.944+0900][7.051s][info][gc             ] GC(283) Concurrent Mark Cycle 4.370ms
