[2026-03-25T21:45:07.113+0900][0.055s][info][gc] Using G1
[2026-03-25T21:45:07.114+0900][0.056s][info][gc,init] Version: 17.0.17+10 (release)
[2026-03-25T21:45:07.114+0900][0.056s][info][gc,init] CPUs: 8 total, 8 available
[2026-03-25T21:45:07.114+0900][0.056s][info][gc,init] Memory: 8192M
[2026-03-25T21:45:07.114+0900][0.056s][info][gc,init] Large Page Support: Disabled
[2026-03-25T21:45:07.114+0900][0.056s][info][gc,init] NUMA Support: Disabled
[2026-03-25T21:45:07.114+0900][0.056s][info][gc,init] Compressed Oops: Enabled (Zero based)
[2026-03-25T21:45:07.114+0900][0.056s][info][gc,init] Heap Region Size: 1M
[2026-03-25T21:45:07.114+0900][0.056s][info][gc,init] Heap Min Capacity: 256M
[2026-03-25T21:45:07.114+0900][0.056s][info][gc,init] Heap Initial Capacity: 256M
[2026-03-25T21:45:07.114+0900][0.056s][info][gc,init] Heap Max Capacity: 512M
[2026-03-25T21:45:07.114+0900][0.056s][info][gc,init] Pre-touch: Disabled
[2026-03-25T21:45:07.114+0900][0.056s][info][gc,init] Parallel Workers: 8
[2026-03-25T21:45:07.114+0900][0.056s][info][gc,init] Concurrent Workers: 2
[2026-03-25T21:45:07.114+0900][0.056s][info][gc,init] Concurrent Refinement Workers: 8
[2026-03-25T21:45:07.114+0900][0.056s][info][gc,init] Periodic GC: Disabled
[2026-03-25T21:45:07.159+0900][0.101s][info][gc,metaspace] CDS archive(s) mapped at: [0x000000d000000000-0x000000d000bc0000-0x000000d000bc0000), size 12320768, SharedBaseAddress: 0x000000d000000000, ArchiveRelocationMode: 1.
[2026-03-25T21:45:07.159+0900][0.101s][info][gc,metaspace] Compressed class space mapped at: 0x000000d001000000-0x000000d041000000, reserved size: 1073741824
[2026-03-25T21:45:07.159+0900][0.101s][info][gc,metaspace] Narrow klass base: 0x000000d000000000, Narrow klass shift: 0, Narrow klass range: 0x100000000
[2026-03-25T21:45:12.319+0900][5.262s][info][gc,start    ] GC(0) Pause Young (Concurrent Start) (G1 Humongous Allocation)
[2026-03-25T21:45:12.321+0900][5.263s][info][gc,task     ] GC(0) Using 6 workers of 8 for evacuation
[2026-03-25T21:45:12.322+0900][5.265s][info][gc,phases   ] GC(0)   Pre Evacuate Collection Set: 0.3ms
[2026-03-25T21:45:12.322+0900][5.265s][info][gc,phases   ] GC(0)   Merge Heap Roots: 0.3ms
[2026-03-25T21:45:12.322+0900][5.265s][info][gc,phases   ] GC(0)   Evacuate Collection Set: 0.6ms
[2026-03-25T21:45:12.323+0900][5.265s][info][gc,phases   ] GC(0)   Post Evacuate Collection Set: 0.2ms
[2026-03-25T21:45:12.323+0900][5.265s][info][gc,phases   ] GC(0)   Other: 1.6ms
[2026-03-25T21:45:12.323+0900][5.265s][info][gc,heap     ] GC(0) Eden regions: 1->0(25)
[2026-03-25T21:45:12.323+0900][5.265s][info][gc,heap     ] GC(0) Survivor regions: 0->1(3)
[2026-03-25T21:45:12.323+0900][5.265s][info][gc,heap     ] GC(0) Old regions: 0->0
[2026-03-25T21:45:12.323+0900][5.265s][info][gc,heap     ] GC(0) Archive regions: 2->2
[2026-03-25T21:45:12.323+0900][5.265s][info][gc,heap     ] GC(0) Humongous regions: 113->113
[2026-03-25T21:45:12.323+0900][5.265s][info][gc,metaspace] GC(0) Metaspace: 171K(384K)->171K(384K) NonClass: 164K(256K)->164K(256K) Class: 7K(128K)->7K(128K)
[2026-03-25T21:45:12.323+0900][5.265s][info][gc          ] GC(0) Pause Young (Concurrent Start) (G1 Humongous Allocation) 114M->114M(258M) 3.201ms
[2026-03-25T21:45:12.323+0900][5.265s][info][gc,cpu      ] GC(0) User=0.00s Sys=0.01s Real=0.01s
[2026-03-25T21:45:12.323+0900][5.265s][info][gc          ] GC(1) Concurrent Undo Cycle
[2026-03-25T21:45:12.323+0900][5.265s][info][gc,marking  ] GC(1) Concurrent Cleanup for Next Mark
[2026-03-25T21:45:12.324+0900][5.266s][info][gc,marking  ] GC(1) Concurrent Cleanup for Next Mark 0.780ms
[2026-03-25T21:45:12.324+0900][5.266s][info][gc          ] GC(1) Concurrent Undo Cycle 0.908ms
[2026-03-25T21:45:12.378+0900][5.320s][info][gc,start    ] GC(2) Pause Young (Concurrent Start) (G1 Humongous Allocation)
[2026-03-25T21:45:12.378+0900][5.320s][info][gc,task     ] GC(2) Using 6 workers of 8 for evacuation
[2026-03-25T21:45:12.379+0900][5.321s][info][gc,phases   ] GC(2)   Pre Evacuate Collection Set: 0.1ms
[2026-03-25T21:45:12.379+0900][5.321s][info][gc,phases   ] GC(2)   Merge Heap Roots: 0.0ms
[2026-03-25T21:45:12.379+0900][5.321s][info][gc,phases   ] GC(2)   Evacuate Collection Set: 0.5ms
[2026-03-25T21:45:12.379+0900][5.321s][info][gc,phases   ] GC(2)   Post Evacuate Collection Set: 0.2ms
[2026-03-25T21:45:12.379+0900][5.321s][info][gc,phases   ] GC(2)   Other: 0.2ms
[2026-03-25T21:45:12.379+0900][5.321s][info][gc,heap     ] GC(2) Eden regions: 1->0(65)
[2026-03-25T21:45:12.379+0900][5.321s][info][gc,heap     ] GC(2) Survivor regions: 1->1(4)
[2026-03-25T21:45:12.379+0900][5.321s][info][gc,heap     ] GC(2) Old regions: 0->0
[2026-03-25T21:45:12.379+0900][5.321s][info][gc,heap     ] GC(2) Archive regions: 2->2
[2026-03-25T21:45:12.379+0900][5.321s][info][gc,heap     ] GC(2) Humongous regions: 114->114
[2026-03-25T21:45:12.379+0900][5.321s][info][gc,metaspace] GC(2) Metaspace: 172K(384K)->172K(384K) NonClass: 164K(256K)->164K(256K) Class: 7K(128K)->7K(128K)
[2026-03-25T21:45:12.379+0900][5.321s][info][gc          ] GC(2) Pause Young (Concurrent Start) (G1 Humongous Allocation) 115M->115M(258M) 1.299ms
[2026-03-25T21:45:12.379+0900][5.321s][info][gc,cpu      ] GC(2) User=0.01s Sys=0.00s Real=0.00s
[2026-03-25T21:45:12.379+0900][5.322s][info][gc          ] GC(3) Concurrent Mark Cycle
[2026-03-25T21:45:12.379+0900][5.322s][info][gc,marking  ] GC(3) Concurrent Clear Claimed Marks
[2026-03-25T21:45:12.379+0900][5.322s][info][gc,marking  ] GC(3) Concurrent Clear Claimed Marks 0.013ms
[2026-03-25T21:45:12.380+0900][5.322s][info][gc,marking  ] GC(3) Concurrent Scan Root Regions
[2026-03-25T21:45:12.383+0900][5.325s][info][gc,marking  ] GC(3) Concurrent Scan Root Regions 3.854ms
[2026-03-25T21:45:12.383+0900][5.326s][info][gc,marking  ] GC(3) Concurrent Mark
[2026-03-25T21:45:12.383+0900][5.326s][info][gc,marking  ] GC(3) Concurrent Mark From Roots
[2026-03-25T21:45:12.384+0900][5.326s][info][gc,task     ] GC(3) Using 2 workers of 2 for marking
[2026-03-25T21:45:12.386+0900][5.328s][info][gc,marking  ] GC(3) Concurrent Mark From Roots 2.075ms
[2026-03-25T21:45:12.386+0900][5.328s][info][gc,marking  ] GC(3) Concurrent Preclean
[2026-03-25T21:45:12.386+0900][5.328s][info][gc,marking  ] GC(3) Concurrent Preclean 0.037ms
[2026-03-25T21:45:12.386+0900][5.328s][info][gc,start    ] GC(3) Pause Remark
[2026-03-25T21:45:12.386+0900][5.328s][info][gc          ] GC(3) Pause Remark 116M->116M(258M) 0.427ms
[2026-03-25T21:45:12.386+0900][5.328s][info][gc,cpu      ] GC(3) User=0.00s Sys=0.00s Real=0.00s
[2026-03-25T21:45:12.386+0900][5.328s][info][gc,marking  ] GC(3) Concurrent Mark 2.792ms
[2026-03-25T21:45:12.386+0900][5.328s][info][gc,marking  ] GC(3) Concurrent Rebuild Remembered Sets
[2026-03-25T21:45:12.386+0900][5.328s][info][gc,marking  ] GC(3) Concurrent Rebuild Remembered Sets 0.012ms
[2026-03-25T21:45:12.386+0900][5.328s][info][gc,start    ] GC(3) Pause Cleanup
[2026-03-25T21:45:12.386+0900][5.328s][info][gc          ] GC(3) Pause Cleanup 116M->116M(258M) 0.016ms
[2026-03-25T21:45:12.386+0900][5.328s][info][gc,cpu      ] GC(3) User=0.00s Sys=0.00s Real=0.00s
[2026-03-25T21:45:12.386+0900][5.328s][info][gc,marking  ] GC(3) Concurrent Cleanup for Next Mark
[2026-03-25T21:45:12.387+0900][5.329s][info][gc,marking  ] GC(3) Concurrent Cleanup for Next Mark 0.602ms
[2026-03-25T21:45:12.387+0900][5.329s][info][gc          ] GC(3) Concurrent Mark Cycle 7.552ms
[2026-03-25T21:45:12.435+0900][5.377s][info][gc,start    ] GC(4) Pause Young (Concurrent Start) (G1 Humongous Allocation)
[2026-03-25T21:45:12.435+0900][5.377s][info][gc,task     ] GC(4) Using 6 workers of 8 for evacuation
[2026-03-25T21:45:12.435+0900][5.377s][info][gc,phases   ] GC(4)   Pre Evacuate Collection Set: 0.1ms
[2026-03-25T21:45:12.435+0900][5.377s][info][gc,phases   ] GC(4)   Merge Heap Roots: 0.0ms
[2026-03-25T21:45:12.435+0900][5.377s][info][gc,phases   ] GC(4)   Evacuate Collection Set: 0.3ms
[2026-03-25T21:45:12.435+0900][5.377s][info][gc,phases   ] GC(4)   Post Evacuate Collection Set: 0.1ms
[2026-03-25T21:45:12.435+0900][5.378s][info][gc,phases   ] GC(4)   Other: 0.2ms
[2026-03-25T21:45:12.435+0900][5.378s][info][gc,heap     ] GC(4) Eden regions: 1->0(73)
[2026-03-25T21:45:12.435+0900][5.378s][info][gc,heap     ] GC(4) Survivor regions: 1->1(9)
[2026-03-25T21:45:12.435+0900][5.378s][info][gc,heap     ] GC(4) Old regions: 0->0
[2026-03-25T21:45:12.436+0900][5.378s][info][gc,heap     ] GC(4) Archive regions: 2->2
[2026-03-25T21:45:12.436+0900][5.378s][info][gc,heap     ] GC(4) Humongous regions: 115->115
[2026-03-25T21:45:12.436+0900][5.378s][info][gc,metaspace] GC(4) Metaspace: 172K(384K)->172K(384K) NonClass: 164K(256K)->164K(256K) Class: 7K(128K)->7K(128K)
[2026-03-25T21:45:12.436+0900][5.378s][info][gc          ] GC(4) Pause Young (Concurrent Start) (G1 Humongous Allocation) 116M->116M(258M) 0.979ms
[2026-03-25T21:45:12.436+0900][5.378s][info][gc,cpu      ] GC(4) User=0.00s Sys=0.00s Real=0.00s
[2026-03-25T21:45:12.436+0900][5.378s][info][gc          ] GC(5) Concurrent Mark Cycle
[2026-03-25T21:45:12.436+0900][5.378s][info][gc,marking  ] GC(5) Concurrent Clear Claimed Marks
[2026-03-25T21:45:12.436+0900][5.378s][info][gc,marking  ] GC(5) Concurrent Clear Claimed Marks 0.012ms
[2026-03-25T21:45:12.436+0900][5.378s][info][gc,marking  ] GC(5) Concurrent Scan Root Regions
[2026-03-25T21:45:12.436+0900][5.378s][info][gc,marking  ] GC(5) Concurrent Scan Root Regions 0.307ms
[2026-03-25T21:45:12.436+0900][5.378s][info][gc,marking  ] GC(5) Concurrent Mark
[2026-03-25T21:45:12.436+0900][5.378s][info][gc,marking  ] GC(5) Concurrent Mark From Roots
[2026-03-25T21:45:12.436+0900][5.378s][info][gc,task     ] GC(5) Using 2 workers of 2 for marking
[2026-03-25T21:45:12.438+0900][5.380s][info][gc,marking  ] GC(5) Concurrent Mark From Roots 1.566ms
[2026-03-25T21:45:12.438+0900][5.380s][info][gc,marking  ] GC(5) Concurrent Preclean
[2026-03-25T21:45:12.438+0900][5.380s][info][gc,marking  ] GC(5) Concurrent Preclean 0.038ms
[2026-03-25T21:45:12.438+0900][5.380s][info][gc,start    ] GC(5) Pause Remark
[2026-03-25T21:45:12.438+0900][5.380s][info][gc          ] GC(5) Pause Remark 117M->117M(258M) 0.256ms
[2026-03-25T21:45:12.438+0900][5.380s][info][gc,cpu      ] GC(5) User=0.00s Sys=0.00s Real=0.00s
[2026-03-25T21:45:12.438+0900][5.380s][info][gc,marking  ] GC(5) Concurrent Mark 2.004ms
[2026-03-25T21:45:12.438+0900][5.380s][info][gc,marking  ] GC(5) Concurrent Rebuild Remembered Sets
[2026-03-25T21:45:12.438+0900][5.380s][info][gc,marking  ] GC(5) Concurrent Rebuild Remembered Sets 0.012ms
[2026-03-25T21:45:12.438+0900][5.380s][info][gc,start    ] GC(5) Pause Cleanup
[2026-03-25T21:45:12.438+0900][5.380s][info][gc          ] GC(5) Pause Cleanup 117M->117M(258M) 0.018ms
[2026-03-25T21:45:12.438+0900][5.380s][info][gc,cpu      ] GC(5) User=0.00s Sys=0.00s Real=0.00s
[2026-03-25T21:45:12.438+0900][5.380s][info][gc,marking  ] GC(5) Concurrent Cleanup for Next Mark
[2026-03-25T21:45:12.438+0900][5.380s][info][gc,marking  ] GC(5) Concurrent Cleanup for Next Mark 0.310ms
[2026-03-25T21:45:12.438+0900][5.381s][info][gc          ] GC(5) Concurrent Mark Cycle 2.869ms
[2026-03-25T21:45:12.491+0900][5.433s][info][gc,start    ] GC(6) Pause Young (Concurrent Start) (G1 Humongous Allocation)
[2026-03-25T21:45:12.491+0900][5.433s][info][gc,task     ] GC(6) Using 6 workers of 8 for evacuation
[2026-03-25T21:45:12.491+0900][5.434s][info][gc,phases   ] GC(6)   Pre Evacuate Collection Set: 0.1ms
[2026-03-25T21:45:12.491+0900][5.434s][info][gc,phases   ] GC(6)   Merge Heap Roots: 0.0ms
[2026-03-25T21:45:12.492+0900][5.434s][info][gc,phases   ] GC(6)   Evacuate Collection Set: 0.2ms
[2026-03-25T21:45:12.492+0900][5.434s][info][gc,phases   ] GC(6)   Post Evacuate Collection Set: 0.1ms
[2026-03-25T21:45:12.492+0900][5.434s][info][gc,phases   ] GC(6)   Other: 0.2ms
[2026-03-25T21:45:12.492+0900][5.434s][info][gc,heap     ] GC(6) Eden regions: 1->0(78)
[2026-03-25T21:45:12.492+0900][5.434s][info][gc,heap     ] GC(6) Survivor regions: 1->1(10)
[2026-03-25T21:45:12.492+0900][5.434s][info][gc,heap     ] GC(6) Old regions: 0->0
[2026-03-25T21:45:12.492+0900][5.434s][info][gc,heap     ] GC(6) Archive regions: 2->2
[2026-03-25T21:45:12.492+0900][5.434s][info][gc,heap     ] GC(6) Humongous regions: 116->116
[2026-03-25T21:45:12.492+0900][5.434s][info][gc,metaspace] GC(6) Metaspace: 172K(384K)->172K(384K) NonClass: 164K(256K)->164K(256K) Class: 7K(128K)->7K(128K)
[2026-03-25T21:45:12.492+0900][5.434s][info][gc          ] GC(6) Pause Young (Concurrent Start) (G1 Humongous Allocation) 117M->117M(258M) 0.811ms
[2026-03-25T21:45:12.492+0900][5.434s][info][gc,cpu      ] GC(6) User=0.01s Sys=0.00s Real=0.00s
[2026-03-25T21:45:12.492+0900][5.434s][info][gc          ] GC(7) Concurrent Mark Cycle
[2026-03-25T21:45:12.492+0900][5.434s][info][gc,marking  ] GC(7) Concurrent Clear Claimed Marks
[2026-03-25T21:45:12.492+0900][5.434s][info][gc,marking  ] GC(7) Concurrent Clear Claimed Marks 0.012ms
[2026-03-25T21:45:12.492+0900][5.434s][info][gc,marking  ] GC(7) Concurrent Scan Root Regions
[2026-03-25T21:45:12.492+0900][5.434s][info][gc,marking  ] GC(7) Concurrent Scan Root Regions 0.253ms
[2026-03-25T21:45:12.492+0900][5.434s][info][gc,marking  ] GC(7) Concurrent Mark
[2026-03-25T21:45:12.492+0900][5.434s][info][gc,marking  ] GC(7) Concurrent Mark From Roots
[2026-03-25T21:45:12.492+0900][5.434s][info][gc,task     ] GC(7) Using 2 workers of 2 for marking
[2026-03-25T21:45:12.494+0900][5.436s][info][gc,marking  ] GC(7) Concurrent Mark From Roots 1.574ms
[2026-03-25T21:45:12.494+0900][5.436s][info][gc,marking  ] GC(7) Concurrent Preclean
[2026-03-25T21:45:12.494+0900][5.436s][info][gc,marking  ] GC(7) Concurrent Preclean 0.033ms
[2026-03-25T21:45:12.494+0900][5.436s][info][gc,start    ] GC(7) Pause Remark
[2026-03-25T21:45:12.494+0900][5.436s][info][gc          ] GC(7) Pause Remark 118M->118M(258M) 0.245ms
[2026-03-25T21:45:12.494+0900][5.436s][info][gc,cpu      ] GC(7) User=0.00s Sys=0.00s Real=0.00s
[2026-03-25T21:45:12.494+0900][5.436s][info][gc,marking  ] GC(7) Concurrent Mark 1.965ms
[2026-03-25T21:45:12.494+0900][5.436s][info][gc,marking  ] GC(7) Concurrent Rebuild Remembered Sets
[2026-03-25T21:45:12.494+0900][5.436s][info][gc,marking  ] GC(7) Concurrent Rebuild Remembered Sets 0.012ms
[2026-03-25T21:45:12.494+0900][5.436s][info][gc,start    ] GC(7) Pause Cleanup
[2026-03-25T21:45:12.494+0900][5.436s][info][gc          ] GC(7) Pause Cleanup 118M->118M(258M) 0.016ms
[2026-03-25T21:45:12.494+0900][5.436s][info][gc,cpu      ] GC(7) User=0.00s Sys=0.00s Real=0.00s
[2026-03-25T21:45:12.494+0900][5.436s][info][gc,marking  ] GC(7) Concurrent Cleanup for Next Mark
[2026-03-25T21:45:12.494+0900][5.436s][info][gc,marking  ] GC(7) Concurrent Cleanup for Next Mark 0.220ms
[2026-03-25T21:45:12.494+0900][5.436s][info][gc          ] GC(7) Concurrent Mark Cycle 2.691ms
[2026-03-25T21:45:12.545+0900][5.487s][info][gc,start    ] GC(8) Pause Young (Concurrent Start) (G1 Humongous Allocation)
[2026-03-25T21:45:12.545+0900][5.487s][info][gc,task     ] GC(8) Using 6 workers of 8 for evacuation
[2026-03-25T21:45:12.546+0900][5.488s][info][gc,phases   ] GC(8)   Pre Evacuate Collection Set: 0.1ms
[2026-03-25T21:45:12.546+0900][5.488s][info][gc,phases   ] GC(8)   Merge Heap Roots: 0.1ms
[2026-03-25T21:45:12.546+0900][5.488s][info][gc,phases   ] GC(8)   Evacuate Collection Set: 0.5ms
[2026-03-25T21:45:12.546+0900][5.488s][info][gc,phases   ] GC(8)   Post Evacuate Collection Set: 0.2ms
[2026-03-25T21:45:12.546+0900][5.488s][info][gc,phases   ] GC(8)   Other: 0.3ms
[2026-03-25T21:45:12.546+0900][5.488s][info][gc,heap     ] GC(8) Eden regions: 1->0(83)
[2026-03-25T21:45:12.546+0900][5.488s][info][gc,heap     ] GC(8) Survivor regions: 1->1(10)
[2026-03-25T21:45:12.546+0900][5.488s][info][gc,heap     ] GC(8) Old regions: 0->0
[2026-03-25T21:45:12.546+0900][5.488s][info][gc,heap     ] GC(8) Archive regions: 2->2
[2026-03-25T21:45:12.546+0900][5.488s][info][gc,heap     ] GC(8) Humongous regions: 117->117
[2026-03-25T21:45:12.546+0900][5.488s][info][gc,metaspace] GC(8) Metaspace: 172K(384K)->172K(384K) NonClass: 164K(256K)->164K(256K) Class: 7K(128K)->7K(128K)
[2026-03-25T21:45:12.546+0900][5.488s][info][gc          ] GC(8) Pause Young (Concurrent Start) (G1 Humongous Allocation) 118M->118M(258M) 1.441ms
[2026-03-25T21:45:12.546+0900][5.488s][info][gc,cpu      ] GC(8) User=0.00s Sys=0.01s Real=0.00s
[2026-03-25T21:45:12.546+0900][5.488s][info][gc          ] GC(9) Concurrent Mark Cycle
[2026-03-25T21:45:12.546+0900][5.488s][info][gc,marking  ] GC(9) Concurrent Clear Claimed Marks
[2026-03-25T21:45:12.546+0900][5.488s][info][gc,marking  ] GC(9) Concurrent Clear Claimed Marks 0.022ms
[2026-03-25T21:45:12.546+0900][5.488s][info][gc,marking  ] GC(9) Concurrent Scan Root Regions
[2026-03-25T21:45:12.547+0900][5.489s][info][gc,marking  ] GC(9) Concurrent Scan Root Regions 0.323ms
[2026-03-25T21:45:12.547+0900][5.489s][info][gc,marking  ] GC(9) Concurrent Mark
[2026-03-25T21:45:12.547+0900][5.489s][info][gc,marking  ] GC(9) Concurrent Mark From Roots
[2026-03-25T21:45:12.547+0900][5.489s][info][gc,task     ] GC(9) Using 2 workers of 2 for marking
[2026-03-25T21:45:12.553+0900][5.495s][info][gc,marking  ] GC(9) Concurrent Mark From Roots 6.303ms
[2026-03-25T21:45:12.553+0900][5.495s][info][gc,marking  ] GC(9) Concurrent Preclean
[2026-03-25T21:45:12.553+0900][5.495s][info][gc,marking  ] GC(9) Concurrent Preclean 0.025ms
[2026-03-25T21:45:12.553+0900][5.495s][info][gc,start    ] GC(9) Pause Remark
[2026-03-25T21:45:12.553+0900][5.495s][info][gc          ] GC(9) Pause Remark 121M->121M(258M) 0.226ms
[2026-03-25T21:45:12.553+0900][5.495s][info][gc,cpu      ] GC(9) User=0.00s Sys=0.00s Real=0.00s
[2026-03-25T21:45:12.553+0900][5.495s][info][gc,marking  ] GC(9) Concurrent Mark 6.752ms
[2026-03-25T21:45:12.553+0900][5.495s][info][gc,marking  ] GC(9) Concurrent Rebuild Remembered Sets
[2026-03-25T21:45:12.553+0900][5.495s][info][gc,marking  ] GC(9) Concurrent Rebuild Remembered Sets 0.006ms
[2026-03-25T21:45:12.553+0900][5.496s][info][gc,start    ] GC(9) Pause Cleanup
[2026-03-25T21:45:12.553+0900][5.496s][info][gc          ] GC(9) Pause Cleanup 121M->121M(258M) 0.008ms
[2026-03-25T21:45:12.553+0900][5.496s][info][gc,cpu      ] GC(9) User=0.00s Sys=0.00s Real=0.00s
[2026-03-25T21:45:12.553+0900][5.496s][info][gc,marking  ] GC(9) Concurrent Cleanup for Next Mark
[2026-03-25T21:45:12.554+0900][5.496s][info][gc,marking  ] GC(9) Concurrent Cleanup for Next Mark 0.155ms
[2026-03-25T21:45:12.554+0900][5.496s][info][gc          ] GC(9) Concurrent Mark Cycle 7.423ms
[2026-03-25T21:45:12.601+0900][5.543s][info][gc,start    ] GC(10) Pause Young (Concurrent Start) (G1 Humongous Allocation)
[2026-03-25T21:45:12.601+0900][5.543s][info][gc,task     ] GC(10) Using 6 workers of 8 for evacuation
[2026-03-25T21:45:12.602+0900][5.544s][info][gc,phases   ] GC(10)   Pre Evacuate Collection Set: 0.1ms
[2026-03-25T21:45:12.602+0900][5.544s][info][gc,phases   ] GC(10)   Merge Heap Roots: 0.0ms
[2026-03-25T21:45:12.602+0900][5.544s][info][gc,phases   ] GC(10)   Evacuate Collection Set: 0.3ms
[2026-03-25T21:45:12.602+0900][5.544s][info][gc,phases   ] GC(10)   Post Evacuate Collection Set: 0.1ms
[2026-03-25T21:45:12.602+0900][5.544s][info][gc,phases   ] GC(10)   Other: 0.2ms
[2026-03-25T21:45:12.602+0900][5.544s][info][gc,heap     ] GC(10) Eden regions: 1->0(85)
[2026-03-25T21:45:12.602+0900][5.544s][info][gc,heap     ] GC(10) Survivor regions: 1->1(11)
[2026-03-25T21:45:12.602+0900][5.544s][info][gc,heap     ] GC(10) Old regions: 0->0
[2026-03-25T21:45:12.602+0900][5.544s][info][gc,heap     ] GC(10) Archive regions: 2->2
[2026-03-25T21:45:12.602+0900][5.544s][info][gc,heap     ] GC(10) Humongous regions: 120->120
[2026-03-25T21:45:12.602+0900][5.544s][info][gc,metaspace] GC(10) Metaspace: 172K(384K)->172K(384K) NonClass: 164K(256K)->164K(256K) Class: 7K(128K)->7K(128K)
[2026-03-25T21:45:12.602+0900][5.544s][info][gc          ] GC(10) Pause Young (Concurrent Start) (G1 Humongous Allocation) 121M->121M(258M) 0.930ms
[2026-03-25T21:45:12.602+0900][5.544s][info][gc,cpu      ] GC(10) User=0.00s Sys=0.00s Real=0.00s
[2026-03-25T21:45:12.602+0900][5.544s][info][gc          ] GC(11) Concurrent Mark Cycle
[2026-03-25T21:45:12.602+0900][5.544s][info][gc,marking  ] GC(11) Concurrent Clear Claimed Marks
[2026-03-25T21:45:12.602+0900][5.544s][info][gc,marking  ] GC(11) Concurrent Clear Claimed Marks 0.012ms
[2026-03-25T21:45:12.602+0900][5.544s][info][gc,marking  ] GC(11) Concurrent Scan Root Regions
[2026-03-25T21:45:12.603+0900][5.545s][info][gc,marking  ] GC(11) Concurrent Scan Root Regions 0.289ms
[2026-03-25T21:45:12.603+0900][5.545s][info][gc,marking  ] GC(11) Concurrent Mark
[2026-03-25T21:45:12.603+0900][5.545s][info][gc,marking  ] GC(11) Concurrent Mark From Roots
[2026-03-25T21:45:12.603+0900][5.545s][info][gc,task     ] GC(11) Using 2 workers of 2 for marking
[2026-03-25T21:45:12.604+0900][5.546s][info][gc,marking  ] GC(11) Concurrent Mark From Roots 1.493ms
[2026-03-25T21:45:12.604+0900][5.546s][info][gc,marking  ] GC(11) Concurrent Preclean
[2026-03-25T21:45:12.604+0900][5.546s][info][gc,marking  ] GC(11) Concurrent Preclean 0.035ms
[2026-03-25T21:45:12.604+0900][5.546s][info][gc,start    ] GC(11) Pause Remark
[2026-03-25T21:45:12.604+0900][5.547s][info][gc          ] GC(11) Pause Remark 122M->122M(258M) 0.291ms
[2026-03-25T21:45:12.605+0900][5.547s][info][gc,cpu      ] GC(11) User=0.00s Sys=0.00s Real=0.00s
[2026-03-25T21:45:12.605+0900][5.547s][info][gc,marking  ] GC(11) Concurrent Mark 1.996ms
[2026-03-25T21:45:12.605+0900][5.547s][info][gc,marking  ] GC(11) Concurrent Rebuild Remembered Sets
[2026-03-25T21:45:12.605+0900][5.547s][info][gc,marking  ] GC(11) Concurrent Rebuild Remembered Sets 0.012ms
[2026-03-25T21:45:12.605+0900][5.547s][info][gc,start    ] GC(11) Pause Cleanup
[2026-03-25T21:45:12.605+0900][5.547s][info][gc          ] GC(11) Pause Cleanup 122M->122M(258M) 0.016ms
[2026-03-25T21:45:12.605+0900][5.547s][info][gc,cpu      ] GC(11) User=0.00s Sys=0.00s Real=0.00s
[2026-03-25T21:45:12.605+0900][5.547s][info][gc,marking  ] GC(11) Concurrent Cleanup for Next Mark
[2026-03-25T21:45:12.605+0900][5.547s][info][gc,marking  ] GC(11) Concurrent Cleanup for Next Mark 0.235ms
[2026-03-25T21:45:12.605+0900][5.547s][info][gc          ] GC(11) Concurrent Mark Cycle 2.761ms
[2026-03-25T21:45:12.657+0900][5.599s][info][gc,start    ] GC(12) Pause Young (Concurrent Start) (G1 Humongous Allocation)
[2026-03-25T21:45:12.657+0900][5.599s][info][gc,task     ] GC(12) Using 6 workers of 8 for evacuation
[2026-03-25T21:45:12.658+0900][5.600s][info][gc,phases   ] GC(12)   Pre Evacuate Collection Set: 0.1ms
[2026-03-25T21:45:12.658+0900][5.600s][info][gc,phases   ] GC(12)   Merge Heap Roots: 0.0ms
[2026-03-25T21:45:12.658+0900][5.600s][info][gc,phases   ] GC(12)   Evacuate Collection Set: 0.5ms
[2026-03-25T21:45:12.658+0900][5.600s][info][gc,phases   ] GC(12)   Post Evacuate Collection Set: 0.2ms
[2026-03-25T21:45:12.658+0900][5.600s][info][gc,phases   ] GC(12)   Other: 0.2ms
[2026-03-25T21:45:12.658+0900][5.600s][info][gc,heap     ] GC(12) Eden regions: 1->0(89)
[2026-03-25T21:45:12.658+0900][5.600s][info][gc,heap     ] GC(12) Survivor regions: 1->1(11)
[2026-03-25T21:45:12.658+0900][5.600s][info][gc,heap     ] GC(12) Old regions: 0->0
[2026-03-25T21:45:12.658+0900][5.600s][info][gc,heap     ] GC(12) Archive regions: 2->2
[2026-03-25T21:45:12.658+0900][5.600s][info][gc,heap     ] GC(12) Humongous regions: 121->121
[2026-03-25T21:45:12.658+0900][5.600s][info][gc,metaspace] GC(12) Metaspace: 172K(384K)->172K(384K) NonClass: 164K(256K)->164K(256K) Class: 7K(128K)->7K(128K)
[2026-03-25T21:45:12.658+0900][5.600s][info][gc          ] GC(12) Pause Young (Concurrent Start) (G1 Humongous Allocation) 122M->122M(258M) 1.157ms
[2026-03-25T21:45:12.658+0900][5.600s][info][gc,cpu      ] GC(12) User=0.00s Sys=0.00s Real=0.00s
[2026-03-25T21:45:12.658+0900][5.600s][info][gc          ] GC(13) Concurrent Mark Cycle
[2026-03-25T21:45:12.658+0900][5.600s][info][gc,marking  ] GC(13) Concurrent Clear Claimed Marks
[2026-03-25T21:45:12.658+0900][5.600s][info][gc,marking  ] GC(13) Concurrent Clear Claimed Marks 0.012ms
[2026-03-25T21:45:12.658+0900][5.600s][info][gc,marking  ] GC(13) Concurrent Scan Root Regions
[2026-03-25T21:45:12.658+0900][5.601s][info][gc,marking  ] GC(13) Concurrent Scan Root Regions 0.278ms
[2026-03-25T21:45:12.658+0900][5.601s][info][gc,marking  ] GC(13) Concurrent Mark
[2026-03-25T21:45:12.659+0900][5.601s][info][gc,marking  ] GC(13) Concurrent Mark From Roots
[2026-03-25T21:45:12.659+0900][5.601s][info][gc,task     ] GC(13) Using 2 workers of 2 for marking
[2026-03-25T21:45:12.660+0900][5.602s][info][gc,marking  ] GC(13) Concurrent Mark From Roots 1.636ms
[2026-03-25T21:45:12.660+0900][5.602s][info][gc,marking  ] GC(13) Concurrent Preclean
[2026-03-25T21:45:12.660+0900][5.602s][info][gc,marking  ] GC(13) Concurrent Preclean 0.038ms
[2026-03-25T21:45:12.660+0900][5.602s][info][gc,start    ] GC(13) Pause Remark
[2026-03-25T21:45:12.661+0900][5.603s][info][gc          ] GC(13) Pause Remark 123M->123M(258M) 0.278ms
[2026-03-25T21:45:12.661+0900][5.603s][info][gc,cpu      ] GC(13) User=0.00s Sys=0.00s Real=0.00s
[2026-03-25T21:45:12.661+0900][5.603s][info][gc,marking  ] GC(13) Concurrent Mark 2.128ms
[2026-03-25T21:45:12.661+0900][5.603s][info][gc,marking  ] GC(13) Concurrent Rebuild Remembered Sets
[2026-03-25T21:45:12.661+0900][5.603s][info][gc,marking  ] GC(13) Concurrent Rebuild Remembered Sets 0.011ms
[2026-03-25T21:45:12.661+0900][5.603s][info][gc,start    ] GC(13) Pause Cleanup
[2026-03-25T21:45:12.661+0900][5.603s][info][gc          ] GC(13) Pause Cleanup 123M->123M(258M) 0.016ms
[2026-03-25T21:45:12.661+0900][5.603s][info][gc,cpu      ] GC(13) User=0.00s Sys=0.00s Real=0.00s
[2026-03-25T21:45:12.661+0900][5.603s][info][gc,marking  ] GC(13) Concurrent Cleanup for Next Mark
[2026-03-25T21:45:12.661+0900][5.603s][info][gc,marking  ] GC(13) Concurrent Cleanup for Next Mark 0.242ms
[2026-03-25T21:45:12.661+0900][5.603s][info][gc          ] GC(13) Concurrent Mark Cycle 2.908ms
[2026-03-25T21:45:12.709+0900][5.651s][info][gc,start    ] GC(14) Pause Young (Concurrent Start) (G1 Humongous Allocation)
[2026-03-25T21:45:12.709+0900][5.651s][info][gc,task     ] GC(14) Using 6 workers of 8 for evacuation
[2026-03-25T21:45:12.710+0900][5.652s][info][gc,phases   ] GC(14)   Pre Evacuate Collection Set: 0.1ms
[2026-03-25T21:45:12.710+0900][5.652s][info][gc,phases   ] GC(14)   Merge Heap Roots: 0.1ms
[2026-03-25T21:45:12.710+0900][5.652s][info][gc,phases   ] GC(14)   Evacuate Collection Set: 0.5ms
[2026-03-25T21:45:12.710+0900][5.652s][info][gc,phases   ] GC(14)   Post Evacuate Collection Set: 0.2ms
[2026-03-25T21:45:12.710+0900][5.652s][info][gc,phases   ] GC(14)   Other: 0.3ms
[2026-03-25T21:45:12.710+0900][5.653s][info][gc,heap     ] GC(14) Eden regions: 1->0(91)
[2026-03-25T21:45:12.710+0900][5.653s][info][gc,heap     ] GC(14) Survivor regions: 1->1(12)
[2026-03-25T21:45:12.710+0900][5.653s][info][gc,heap     ] GC(14) Old regions: 0->0
[2026-03-25T21:45:12.710+0900][5.653s][info][gc,heap     ] GC(14) Archive regions: 2->2
[2026-03-25T21:45:12.711+0900][5.653s][info][gc,heap     ] GC(14) Humongous regions: 122->122
[2026-03-25T21:45:12.711+0900][5.653s][info][gc,metaspace] GC(14) Metaspace: 172K(384K)->172K(384K) NonClass: 164K(256K)->164K(256K) Class: 7K(128K)->7K(128K)
[2026-03-25T21:45:12.711+0900][5.653s][info][gc          ] GC(14) Pause Young (Concurrent Start) (G1 Humongous Allocation) 123M->123M(258M) 1.481ms
[2026-03-25T21:45:12.711+0900][5.653s][info][gc,cpu      ] GC(14) User=0.00s Sys=0.00s Real=0.01s
[2026-03-25T21:45:12.711+0900][5.653s][info][gc          ] GC(15) Concurrent Mark Cycle
[2026-03-25T21:45:12.711+0900][5.653s][info][gc,marking  ] GC(15) Concurrent Clear Claimed Marks
[2026-03-25T21:45:12.711+0900][5.653s][info][gc,marking  ] GC(15) Concurrent Clear Claimed Marks 0.029ms
[2026-03-25T21:45:12.711+0900][5.653s][info][gc,marking  ] GC(15) Concurrent Scan Root Regions
[2026-03-25T21:45:12.711+0900][5.653s][info][gc,marking  ] GC(15) Concurrent Scan Root Regions 0.365ms
[2026-03-25T21:45:12.711+0900][5.653s][info][gc,marking  ] GC(15) Concurrent Mark
[2026-03-25T21:45:12.711+0900][5.653s][info][gc,marking  ] GC(15) Concurrent Mark From Roots
[2026-03-25T21:45:12.711+0900][5.653s][info][gc,task     ] GC(15) Using 2 workers of 2 for marking
[2026-03-25T21:45:12.713+0900][5.655s][info][gc,marking  ] GC(15) Concurrent Mark From Roots 1.703ms
[2026-03-25T21:45:12.713+0900][5.655s][info][gc,marking  ] GC(15) Concurrent Preclean
[2026-03-25T21:45:12.713+0900][5.655s][info][gc,marking  ] GC(15) Concurrent Preclean 0.033ms
[2026-03-25T21:45:12.713+0900][5.655s][info][gc,start    ] GC(15) Pause Remark
[2026-03-25T21:45:12.713+0900][5.655s][info][gc          ] GC(15) Pause Remark 124M->124M(258M) 0.296ms
[2026-03-25T21:45:12.713+0900][5.656s][info][gc,cpu      ] GC(15) User=0.00s Sys=0.00s Real=0.00s
[2026-03-25T21:45:12.713+0900][5.656s][info][gc,marking  ] GC(15) Concurrent Mark 2.250ms
[2026-03-25T21:45:12.713+0900][5.656s][info][gc,marking  ] GC(15) Concurrent Rebuild Remembered Sets
[2026-03-25T21:45:12.713+0900][5.656s][info][gc,marking  ] GC(15) Concurrent Rebuild Remembered Sets 0.013ms
[2026-03-25T21:45:12.714+0900][5.656s][info][gc,start    ] GC(15) Pause Cleanup
[2026-03-25T21:45:12.714+0900][5.656s][info][gc          ] GC(15) Pause Cleanup 124M->124M(258M) 0.016ms
[2026-03-25T21:45:12.714+0900][5.656s][info][gc,cpu      ] GC(15) User=0.00s Sys=0.00s Real=0.00s
[2026-03-25T21:45:12.714+0900][5.656s][info][gc,marking  ] GC(15) Concurrent Cleanup for Next Mark
[2026-03-25T21:45:12.714+0900][5.656s][info][gc,marking  ] GC(15) Concurrent Cleanup for Next Mark 0.246ms
[2026-03-25T21:45:12.714+0900][5.656s][info][gc          ] GC(15) Concurrent Mark Cycle 3.209ms
[2026-03-25T21:45:12.764+0900][5.706s][info][gc,start    ] GC(16) Pause Young (Concurrent Start) (G1 Humongous Allocation)
[2026-03-25T21:45:12.764+0900][5.706s][info][gc,task     ] GC(16) Using 6 workers of 8 for evacuation
[2026-03-25T21:45:12.764+0900][5.706s][info][gc,phases   ] GC(16)   Pre Evacuate Collection Set: 0.1ms
[2026-03-25T21:45:12.764+0900][5.706s][info][gc,phases   ] GC(16)   Merge Heap Roots: 0.0ms
[2026-03-25T21:45:12.764+0900][5.706s][info][gc,phases   ] GC(16)   Evacuate Collection Set: 0.3ms
[2026-03-25T21:45:12.764+0900][5.706s][info][gc,phases   ] GC(16)   Post Evacuate Collection Set: 0.1ms
[2026-03-25T21:45:12.764+0900][5.706s][info][gc,phases   ] GC(16)   Other: 0.2ms
[2026-03-25T21:45:12.764+0900][5.706s][info][gc,heap     ] GC(16) Eden regions: 1->0(93)
[2026-03-25T21:45:12.764+0900][5.706s][info][gc,heap     ] GC(16) Survivor regions: 1->1(12)
[2026-03-25T21:45:12.764+0900][5.706s][info][gc,heap     ] GC(16) Old regions: 0->0
[2026-03-25T21:45:12.764+0900][5.706s][info][gc,heap     ] GC(16) Archive regions: 2->2
[2026-03-25T21:45:12.764+0900][5.706s][info][gc,heap     ] GC(16) Humongous regions: 123->123
[2026-03-25T21:45:12.764+0900][5.706s][info][gc,metaspace] GC(16) Metaspace: 172K(384K)->172K(384K) NonClass: 164K(256K)->164K(256K) Class: 7K(128K)->7K(128K)
[2026-03-25T21:45:12.764+0900][5.706s][info][gc          ] GC(16) Pause Young (Concurrent Start) (G1 Humongous Allocation) 124M->124M(258M) 0.849ms
[2026-03-25T21:45:12.764+0900][5.706s][info][gc,cpu      ] GC(16) User=0.01s Sys=0.00s Real=0.00s
[2026-03-25T21:45:12.764+0900][5.707s][info][gc          ] GC(17) Concurrent Mark Cycle
[2026-03-25T21:45:12.764+0900][5.707s][info][gc,marking  ] GC(17) Concurrent Clear Claimed Marks
[2026-03-25T21:45:12.764+0900][5.707s][info][gc,marking  ] GC(17) Concurrent Clear Claimed Marks 0.015ms
[2026-03-25T21:45:12.764+0900][5.707s][info][gc,marking  ] GC(17) Concurrent Scan Root Regions
[2026-03-25T21:45:12.765+0900][5.707s][info][gc,marking  ] GC(17) Concurrent Scan Root Regions 0.260ms
[2026-03-25T21:45:12.765+0900][5.707s][info][gc,marking  ] GC(17) Concurrent Mark
[2026-03-25T21:45:12.765+0900][5.707s][info][gc,marking  ] GC(17) Concurrent Mark From Roots
[2026-03-25T21:45:12.765+0900][5.707s][info][gc,task     ] GC(17) Using 2 workers of 2 for marking
[2026-03-25T21:45:12.766+0900][5.709s][info][gc,marking  ] GC(17) Concurrent Mark From Roots 1.678ms
[2026-03-25T21:45:12.767+0900][5.709s][info][gc,marking  ] GC(17) Concurrent Preclean
[2026-03-25T21:45:12.767+0900][5.709s][info][gc,marking  ] GC(17) Concurrent Preclean 0.035ms
[2026-03-25T21:45:12.767+0900][5.709s][info][gc,start    ] GC(17) Pause Remark
[2026-03-25T21:45:12.768+0900][5.710s][info][gc          ] GC(17) Pause Remark 125M->125M(258M) 0.981ms
[2026-03-25T21:45:12.768+0900][5.710s][info][gc,cpu      ] GC(17) User=0.00s Sys=0.00s Real=0.00s
[2026-03-25T21:45:12.768+0900][5.710s][info][gc,marking  ] GC(17) Concurrent Mark 2.970ms
[2026-03-25T21:45:12.768+0900][5.710s][info][gc,marking  ] GC(17) Concurrent Rebuild Remembered Sets
[2026-03-25T21:45:12.768+0900][5.710s][info][gc,marking  ] GC(17) Concurrent Rebuild Remembered Sets 0.013ms
[2026-03-25T21:45:12.768+0900][5.710s][info][gc,start    ] GC(17) Pause Cleanup
[2026-03-25T21:45:12.768+0900][5.710s][info][gc          ] GC(17) Pause Cleanup 125M->125M(258M) 0.019ms
[2026-03-25T21:45:12.768+0900][5.710s][info][gc,cpu      ] GC(17) User=0.00s Sys=0.00s Real=0.00s
[2026-03-25T21:45:12.768+0900][5.710s][info][gc,marking  ] GC(17) Concurrent Cleanup for Next Mark
[2026-03-25T21:45:12.768+0900][5.710s][info][gc,marking  ] GC(17) Concurrent Cleanup for Next Mark 0.314ms
[2026-03-25T21:45:12.768+0900][5.710s][info][gc          ] GC(17) Concurrent Mark Cycle 3.804ms
[2026-03-25T21:45:12.820+0900][5.762s][info][gc,start    ] GC(18) Pause Young (Concurrent Start) (G1 Humongous Allocation)
[2026-03-25T21:45:12.820+0900][5.762s][info][gc,task     ] GC(18) Using 6 workers of 8 for evacuation
[2026-03-25T21:45:12.820+0900][5.763s][info][gc,phases   ] GC(18)   Pre Evacuate Collection Set: 0.1ms
[2026-03-25T21:45:12.820+0900][5.763s][info][gc,phases   ] GC(18)   Merge Heap Roots: 0.0ms
[2026-03-25T21:45:12.820+0900][5.763s][info][gc,phases   ] GC(18)   Evacuate Collection Set: 0.2ms
[2026-03-25T21:45:12.821+0900][5.763s][info][gc,phases   ] GC(18)   Post Evacuate Collection Set: 0.1ms
[2026-03-25T21:45:12.821+0900][5.763s][info][gc,phases   ] GC(18)   Other: 0.2ms
[2026-03-25T21:45:12.821+0900][5.763s][info][gc,heap     ] GC(18) Eden regions: 1->0(95)
[2026-03-25T21:45:12.821+0900][5.763s][info][gc,heap     ] GC(18) Survivor regions: 1->1(12)
[2026-03-25T21:45:12.821+0900][5.763s][info][gc,heap     ] GC(18) Old regions: 0->0
[2026-03-25T21:45:12.821+0900][5.763s][info][gc,heap     ] GC(18) Archive regions: 2->2
[2026-03-25T21:45:12.821+0900][5.763s][info][gc,heap     ] GC(18) Humongous regions: 124->124
[2026-03-25T21:45:12.821+0900][5.763s][info][gc,metaspace] GC(18) Metaspace: 172K(384K)->172K(384K) NonClass: 164K(256K)->164K(256K) Class: 7K(128K)->7K(128K)
[2026-03-25T21:45:12.821+0900][5.763s][info][gc          ] GC(18) Pause Young (Concurrent Start) (G1 Humongous Allocation) 125M->125M(258M) 0.843ms
[2026-03-25T21:45:12.821+0900][5.763s][info][gc,cpu      ] GC(18) User=0.00s Sys=0.00s Real=0.00s
[2026-03-25T21:45:12.821+0900][5.763s][info][gc          ] GC(19) Concurrent Mark Cycle
[2026-03-25T21:45:12.821+0900][5.763s][info][gc,marking  ] GC(19) Concurrent Clear Claimed Marks
[2026-03-25T21:45:12.821+0900][5.763s][info][gc,marking  ] GC(19) Concurrent Clear Claimed Marks 0.013ms
[2026-03-25T21:45:12.821+0900][5.763s][info][gc,marking  ] GC(19) Concurrent Scan Root Regions
[2026-03-25T21:45:12.821+0900][5.763s][info][gc,marking  ] GC(19) Concurrent Scan Root Regions 0.228ms
[2026-03-25T21:45:12.821+0900][5.763s][info][gc,marking  ] GC(19) Concurrent Mark
[2026-03-25T21:45:12.821+0900][5.763s][info][gc,marking  ] GC(19) Concurrent Mark From Roots
[2026-03-25T21:45:12.821+0900][5.763s][info][gc,task     ] GC(19) Using 2 workers of 2 for marking
[2026-03-25T21:45:12.823+0900][5.765s][info][gc,marking  ] GC(19) Concurrent Mark From Roots 1.538ms
[2026-03-25T21:45:12.823+0900][5.765s][info][gc,marking  ] GC(19) Concurrent Preclean
[2026-03-25T21:45:12.823+0900][5.765s][info][gc,marking  ] GC(19) Concurrent Preclean 0.033ms
[2026-03-25T21:45:12.823+0900][5.765s][info][gc,start    ] GC(19) Pause Remark
[2026-03-25T21:45:12.823+0900][5.765s][info][gc          ] GC(19) Pause Remark 126M->126M(258M) 0.246ms
[2026-03-25T21:45:12.823+0900][5.765s][info][gc,cpu      ] GC(19) User=0.00s Sys=0.00s Real=0.00s
[2026-03-25T21:45:12.823+0900][5.765s][info][gc,marking  ] GC(19) Concurrent Mark 1.945ms
[2026-03-25T21:45:12.823+0900][5.765s][info][gc,marking  ] GC(19) Concurrent Rebuild Remembered Sets
[2026-03-25T21:45:12.823+0900][5.765s][info][gc,marking  ] GC(19) Concurrent Rebuild Remembered Sets 0.011ms
[2026-03-25T21:45:12.823+0900][5.765s][info][gc,start    ] GC(19) Pause Cleanup
[2026-03-25T21:45:12.823+0900][5.765s][info][gc          ] GC(19) Pause Cleanup 126M->126M(258M) 0.040ms
[2026-03-25T21:45:12.823+0900][5.765s][info][gc,cpu      ] GC(19) User=0.00s Sys=0.00s Real=0.00s
[2026-03-25T21:45:12.823+0900][5.765s][info][gc,marking  ] GC(19) Concurrent Cleanup for Next Mark
[2026-03-25T21:45:12.823+0900][5.765s][info][gc,marking  ] GC(19) Concurrent Cleanup for Next Mark 0.276ms
[2026-03-25T21:45:12.823+0900][5.765s][info][gc          ] GC(19) Concurrent Mark Cycle 2.740ms
[2026-03-25T21:45:12.871+0900][5.813s][info][gc,start    ] GC(20) Pause Young (Concurrent Start) (G1 Humongous Allocation)
[2026-03-25T21:45:12.871+0900][5.813s][info][gc,task     ] GC(20) Using 6 workers of 8 for evacuation
[2026-03-25T21:45:12.872+0900][5.814s][info][gc,phases   ] GC(20)   Pre Evacuate Collection Set: 0.1ms
[2026-03-25T21:45:12.872+0900][5.814s][info][gc,phases   ] GC(20)   Merge Heap Roots: 0.0ms
[2026-03-25T21:45:12.872+0900][5.814s][info][gc,phases   ] GC(20)   Evacuate Collection Set: 0.3ms
[2026-03-25T21:45:12.872+0900][5.814s][info][gc,phases   ] GC(20)   Post Evacuate Collection Set: 0.1ms
[2026-03-25T21:45:12.872+0900][5.814s][info][gc,phases   ] GC(20)   Other: 0.2ms
[2026-03-25T21:45:12.872+0900][5.814s][info][gc,heap     ] GC(20) Eden regions: 1->0(95)
[2026-03-25T21:45:12.872+0900][5.814s][info][gc,heap     ] GC(20) Survivor regions: 1->1(12)
[2026-03-25T21:45:12.872+0900][5.814s][info][gc,heap     ] GC(20) Old regions: 0->0
[2026-03-25T21:45:12.872+0900][5.814s][info][gc,heap     ] GC(20) Archive regions: 2->2
[2026-03-25T21:45:12.872+0900][5.814s][info][gc,heap     ] GC(20) Humongous regions: 125->125
[2026-03-25T21:45:12.872+0900][5.814s][info][gc,metaspace] GC(20) Metaspace: 172K(384K)->172K(384K) NonClass: 164K(256K)->164K(256K) Class: 7K(128K)->7K(128K)
[2026-03-25T21:45:12.872+0900][5.814s][info][gc          ] GC(20) Pause Young (Concurrent Start) (G1 Humongous Allocation) 126M->126M(258M) 0.839ms
[2026-03-25T21:45:12.872+0900][5.814s][info][gc,cpu      ] GC(20) User=0.00s Sys=0.00s Real=0.00s
[2026-03-25T21:45:12.872+0900][5.814s][info][gc          ] GC(21) Concurrent Mark Cycle
[2026-03-25T21:45:12.872+0900][5.814s][info][gc,marking  ] GC(21) Concurrent Clear Claimed Marks
[2026-03-25T21:45:12.872+0900][5.814s][info][gc,marking  ] GC(21) Concurrent Clear Claimed Marks 0.012ms
[2026-03-25T21:45:12.872+0900][5.814s][info][gc,marking  ] GC(21) Concurrent Scan Root Regions
[2026-03-25T21:45:12.873+0900][5.815s][info][gc,marking  ] GC(21) Concurrent Scan Root Regions 0.433ms
[2026-03-25T21:45:12.873+0900][5.815s][info][gc,marking  ] GC(21) Concurrent Mark
[2026-03-25T21:45:12.873+0900][5.815s][info][gc,marking  ] GC(21) Concurrent Mark From Roots
[2026-03-25T21:45:12.873+0900][5.815s][info][gc,task     ] GC(21) Using 2 workers of 2 for marking
[2026-03-25T21:45:12.875+0900][5.817s][info][gc,marking  ] GC(21) Concurrent Mark From Roots 2.072ms
[2026-03-25T21:45:12.875+0900][5.817s][info][gc,marking  ] GC(21) Concurrent Preclean
[2026-03-25T21:45:12.875+0900][5.817s][info][gc,marking  ] GC(21) Concurrent Preclean 0.037ms
[2026-03-25T21:45:12.875+0900][5.817s][info][gc,start    ] GC(21) Pause Remark
[2026-03-25T21:45:12.875+0900][5.817s][info][gc          ] GC(21) Pause Remark 127M->127M(258M) 0.441ms
[2026-03-25T21:45:12.875+0900][5.817s][info][gc,cpu      ] GC(21) User=0.00s Sys=0.00s Real=0.00s
[2026-03-25T21:45:12.875+0900][5.817s][info][gc,marking  ] GC(21) Concurrent Mark 2.800ms
[2026-03-25T21:45:12.875+0900][5.817s][info][gc,marking  ] GC(21) Concurrent Rebuild Remembered Sets
[2026-03-25T21:45:12.875+0900][5.818s][info][gc,marking  ] GC(21) Concurrent Rebuild Remembered Sets 0.013ms
[2026-03-25T21:45:12.875+0900][5.818s][info][gc,start    ] GC(21) Pause Cleanup
[2026-03-25T21:45:12.875+0900][5.818s][info][gc          ] GC(21) Pause Cleanup 127M->127M(258M) 0.017ms
[2026-03-25T21:45:12.875+0900][5.818s][info][gc,cpu      ] GC(21) User=0.00s Sys=0.00s Real=0.00s
[2026-03-25T21:45:12.875+0900][5.818s][info][gc,marking  ] GC(21) Concurrent Cleanup for Next Mark
[2026-03-25T21:45:12.876+0900][5.818s][info][gc,marking  ] GC(21) Concurrent Cleanup for Next Mark 0.279ms
[2026-03-25T21:45:12.876+0900][5.818s][info][gc          ] GC(21) Concurrent Mark Cycle 3.809ms
[2026-03-25T21:45:12.924+0900][5.866s][info][gc,start    ] GC(22) Pause Young (Concurrent Start) (G1 Humongous Allocation)
[2026-03-25T21:45:12.924+0900][5.866s][info][gc,task     ] GC(22) Using 6 workers of 8 for evacuation
[2026-03-25T21:45:12.925+0900][5.867s][info][gc,phases   ] GC(22)   Pre Evacuate Collection Set: 0.1ms
[2026-03-25T21:45:12.925+0900][5.867s][info][gc,phases   ] GC(22)   Merge Heap Roots: 0.1ms
[2026-03-25T21:45:12.925+0900][5.867s][info][gc,phases   ] GC(22)   Evacuate Collection Set: 0.4ms
[2026-03-25T21:45:12.925+0900][5.867s][info][gc,phases   ] GC(22)   Post Evacuate Collection Set: 0.2ms
[2026-03-25T21:45:12.925+0900][5.868s][info][gc,phases   ] GC(22)   Other: 0.3ms
[2026-03-25T21:45:12.925+0900][5.868s][info][gc,heap     ] GC(22) Eden regions: 1->0(96)
[2026-03-25T21:45:12.925+0900][5.868s][info][gc,heap     ] GC(22) Survivor regions: 1->1(12)
[2026-03-25T21:45:12.925+0900][5.868s][info][gc,heap     ] GC(22) Old regions: 0->0
[2026-03-25T21:45:12.926+0900][5.868s][info][gc,heap     ] GC(22) Archive regions: 2->2
[2026-03-25T21:45:12.926+0900][5.868s][info][gc,heap     ] GC(22) Humongous regions: 126->126
[2026-03-25T21:45:12.926+0900][5.868s][info][gc,metaspace] GC(22) Metaspace: 172K(384K)->172K(384K) NonClass: 164K(256K)->164K(256K) Class: 7K(128K)->7K(128K)
[2026-03-25T21:45:12.926+0900][5.868s][info][gc          ] GC(22) Pause Young (Concurrent Start) (G1 Humongous Allocation) 127M->127M(258M) 1.380ms
[2026-03-25T21:45:12.926+0900][5.868s][info][gc,cpu      ] GC(22) User=0.00s Sys=0.01s Real=0.00s
[2026-03-25T21:45:12.926+0900][5.868s][info][gc          ] GC(23) Concurrent Mark Cycle
[2026-03-25T21:45:12.926+0900][5.868s][info][gc,marking  ] GC(23) Concurrent Clear Claimed Marks
[2026-03-25T21:45:12.926+0900][5.868s][info][gc,marking  ] GC(23) Concurrent Clear Claimed Marks 0.029ms
[2026-03-25T21:45:12.926+0900][5.868s][info][gc,marking  ] GC(23) Concurrent Scan Root Regions
[2026-03-25T21:45:12.926+0900][5.868s][info][gc,marking  ] GC(23) Concurrent Scan Root Regions 0.409ms
[2026-03-25T21:45:12.926+0900][5.868s][info][gc,marking  ] GC(23) Concurrent Mark
[2026-03-25T21:45:12.926+0900][5.868s][info][gc,marking  ] GC(23) Concurrent Mark From Roots
[2026-03-25T21:45:12.926+0900][5.868s][info][gc,task     ] GC(23) Using 2 workers of 2 for marking
[2026-03-25T21:45:12.928+0900][5.871s][info][gc,marking  ] GC(23) Concurrent Mark From Roots 2.208ms
[2026-03-25T21:45:12.929+0900][5.871s][info][gc,marking  ] GC(23) Concurrent Preclean
[2026-03-25T21:45:12.929+0900][5.871s][info][gc,marking  ] GC(23) Concurrent Preclean 0.040ms
[2026-03-25T21:45:12.929+0900][5.871s][info][gc,start    ] GC(23) Pause Remark
[2026-03-25T21:45:12.929+0900][5.871s][info][gc          ] GC(23) Pause Remark 128M->128M(258M) 0.282ms
[2026-03-25T21:45:12.929+0900][5.871s][info][gc,cpu      ] GC(23) User=0.00s Sys=0.00s Real=0.00s
[2026-03-25T21:45:12.929+0900][5.871s][info][gc,marking  ] GC(23) Concurrent Mark 2.681ms
[2026-03-25T21:45:12.929+0900][5.871s][info][gc,marking  ] GC(23) Concurrent Rebuild Remembered Sets
[2026-03-25T21:45:12.929+0900][5.871s][info][gc,marking  ] GC(23) Concurrent Rebuild Remembered Sets 0.016ms
[2026-03-25T21:45:12.929+0900][5.871s][info][gc,start    ] GC(23) Pause Cleanup
[2026-03-25T21:45:12.929+0900][5.871s][info][gc          ] GC(23) Pause Cleanup 128M->128M(258M) 0.019ms
[2026-03-25T21:45:12.929+0900][5.871s][info][gc,cpu      ] GC(23) User=0.00s Sys=0.00s Real=0.00s
[2026-03-25T21:45:12.929+0900][5.871s][info][gc,marking  ] GC(23) Concurrent Cleanup for Next Mark
[2026-03-25T21:45:12.929+0900][5.871s][info][gc,marking  ] GC(23) Concurrent Cleanup for Next Mark 0.237ms
[2026-03-25T21:45:12.929+0900][5.871s][info][gc          ] GC(23) Concurrent Mark Cycle 3.679ms
[2026-03-25T21:45:12.976+0900][5.918s][info][gc,start    ] GC(24) Pause Young (Concurrent Start) (G1 Humongous Allocation)
[2026-03-25T21:45:12.976+0900][5.918s][info][gc,task     ] GC(24) Using 6 workers of 8 for evacuation
[2026-03-25T21:45:12.979+0900][5.921s][info][gc,phases   ] GC(24)   Pre Evacuate Collection Set: 0.1ms
[2026-03-25T21:45:12.979+0900][5.921s][info][gc,phases   ] GC(24)   Merge Heap Roots: 0.0ms
[2026-03-25T21:45:12.979+0900][5.921s][info][gc,phases   ] GC(24)   Evacuate Collection Set: 2.3ms
[2026-03-25T21:45:12.979+0900][5.921s][info][gc,phases   ] GC(24)   Post Evacuate Collection Set: 0.3ms
[2026-03-25T21:45:12.979+0900][5.922s][info][gc,phases   ] GC(24)   Other: 0.2ms
[2026-03-25T21:45:12.979+0900][5.922s][info][gc,heap     ] GC(24) Eden regions: 1->0(96)
[2026-03-25T21:45:12.979+0900][5.922s][info][gc,heap     ] GC(24) Survivor regions: 1->1(13)
[2026-03-25T21:45:12.979+0900][5.922s][info][gc,heap     ] GC(24) Old regions: 0->0
[2026-03-25T21:45:12.979+0900][5.922s][info][gc,heap     ] GC(24) Archive regions: 2->2
[2026-03-25T21:45:12.980+0900][5.922s][info][gc,heap     ] GC(24) Humongous regions: 127->127
[2026-03-25T21:45:12.980+0900][5.922s][info][gc,metaspace] GC(24) Metaspace: 172K(384K)->172K(384K) NonClass: 164K(256K)->164K(256K) Class: 7K(128K)->7K(128K)
[2026-03-25T21:45:12.980+0900][5.922s][info][gc          ] GC(24) Pause Young (Concurrent Start) (G1 Humongous Allocation) 128M->128M(258M) 3.327ms
[2026-03-25T21:45:12.980+0900][5.922s][info][gc,cpu      ] GC(24) User=0.00s Sys=0.00s Real=0.01s
[2026-03-25T21:45:12.980+0900][5.922s][info][gc          ] GC(25) Concurrent Mark Cycle
[2026-03-25T21:45:12.980+0900][5.922s][info][gc,marking  ] GC(25) Concurrent Clear Claimed Marks
[2026-03-25T21:45:12.980+0900][5.922s][info][gc,marking  ] GC(25) Concurrent Clear Claimed Marks 0.019ms
[2026-03-25T21:45:12.980+0900][5.922s][info][gc,marking  ] GC(25) Concurrent Scan Root Regions
[2026-03-25T21:45:12.980+0900][5.922s][info][gc,marking  ] GC(25) Concurrent Scan Root Regions 0.381ms
[2026-03-25T21:45:12.980+0900][5.922s][info][gc,marking  ] GC(25) Concurrent Mark
[2026-03-25T21:45:12.980+0900][5.922s][info][gc,marking  ] GC(25) Concurrent Mark From Roots
[2026-03-25T21:45:12.980+0900][5.922s][info][gc,task     ] GC(25) Using 2 workers of 2 for marking
[2026-03-25T21:45:12.982+0900][5.924s][info][gc,marking  ] GC(25) Concurrent Mark From Roots 1.942ms
[2026-03-25T21:45:12.982+0900][5.924s][info][gc,marking  ] GC(25) Concurrent Preclean
[2026-03-25T21:45:12.982+0900][5.924s][info][gc,marking  ] GC(25) Concurrent Preclean 0.036ms
[2026-03-25T21:45:12.982+0900][5.924s][info][gc,start    ] GC(25) Pause Remark
[2026-03-25T21:45:12.983+0900][5.925s][info][gc          ] GC(25) Pause Remark 129M->129M(258M) 0.334ms
[2026-03-25T21:45:12.983+0900][5.925s][info][gc,cpu      ] GC(25) User=0.00s Sys=0.00s Real=0.00s
[2026-03-25T21:45:12.983+0900][5.925s][info][gc,marking  ] GC(25) Concurrent Mark 2.555ms
[2026-03-25T21:45:12.983+0900][5.925s][info][gc,marking  ] GC(25) Concurrent Rebuild Remembered Sets
[2026-03-25T21:45:12.983+0900][5.925s][info][gc,marking  ] GC(25) Concurrent Rebuild Remembered Sets 0.011ms
[2026-03-25T21:45:12.983+0900][5.925s][info][gc,start    ] GC(25) Pause Cleanup
[2026-03-25T21:45:12.983+0900][5.925s][info][gc          ] GC(25) Pause Cleanup 129M->129M(258M) 0.015ms
[2026-03-25T21:45:12.983+0900][5.925s][info][gc,cpu      ] GC(25) User=0.00s Sys=0.00s Real=0.00s
[2026-03-25T21:45:12.983+0900][5.925s][info][gc,marking  ] GC(25) Concurrent Cleanup for Next Mark
[2026-03-25T21:45:12.983+0900][5.925s][info][gc,marking  ] GC(25) Concurrent Cleanup for Next Mark 0.242ms
[2026-03-25T21:45:12.983+0900][5.925s][info][gc          ] GC(25) Concurrent Mark Cycle 3.465ms
[2026-03-25T21:45:13.035+0900][5.977s][info][gc,start    ] GC(26) Pause Young (Concurrent Start) (G1 Humongous Allocation)
[2026-03-25T21:45:13.035+0900][5.977s][info][gc,task     ] GC(26) Using 6 workers of 8 for evacuation
[2026-03-25T21:45:13.035+0900][5.977s][info][gc,phases   ] GC(26)   Pre Evacuate Collection Set: 0.1ms
[2026-03-25T21:45:13.035+0900][5.978s][info][gc,phases   ] GC(26)   Merge Heap Roots: 0.0ms
[2026-03-25T21:45:13.035+0900][5.978s][info][gc,phases   ] GC(26)   Evacuate Collection Set: 0.2ms
[2026-03-25T21:45:13.035+0900][5.978s][info][gc,phases   ] GC(26)   Post Evacuate Collection Set: 0.1ms
[2026-03-25T21:45:13.035+0900][5.978s][info][gc,phases   ] GC(26)   Other: 0.2ms
[2026-03-25T21:45:13.036+0900][5.978s][info][gc,heap     ] GC(26) Eden regions: 1->0(96)
[2026-03-25T21:45:13.036+0900][5.978s][info][gc,heap     ] GC(26) Survivor regions: 1->1(13)
[2026-03-25T21:45:13.036+0900][5.978s][info][gc,heap     ] GC(26) Old regions: 0->0
[2026-03-25T21:45:13.036+0900][5.978s][info][gc,heap     ] GC(26) Archive regions: 2->2
[2026-03-25T21:45:13.036+0900][5.978s][info][gc,heap     ] GC(26) Humongous regions: 128->128
[2026-03-25T21:45:13.036+0900][5.978s][info][gc,metaspace] GC(26) Metaspace: 172K(384K)->172K(384K) NonClass: 164K(256K)->164K(256K) Class: 7K(128K)->7K(128K)
[2026-03-25T21:45:13.036+0900][5.978s][info][gc          ] GC(26) Pause Young (Concurrent Start) (G1 Humongous Allocation) 129M->129M(258M) 0.819ms
[2026-03-25T21:45:13.036+0900][5.978s][info][gc,cpu      ] GC(26) User=0.01s Sys=0.00s Real=0.00s
[2026-03-25T21:45:13.036+0900][5.978s][info][gc          ] GC(27) Concurrent Mark Cycle
[2026-03-25T21:45:13.036+0900][5.978s][info][gc,marking  ] GC(27) Concurrent Clear Claimed Marks
[2026-03-25T21:45:13.036+0900][5.978s][info][gc,marking  ] GC(27) Concurrent Clear Claimed Marks 0.013ms
[2026-03-25T21:45:13.036+0900][5.978s][info][gc,marking  ] GC(27) Concurrent Scan Root Regions
[2026-03-25T21:45:13.036+0900][5.978s][info][gc,marking  ] GC(27) Concurrent Scan Root Regions 0.239ms
[2026-03-25T21:45:13.036+0900][5.978s][info][gc,marking  ] GC(27) Concurrent Mark
[2026-03-25T21:45:13.036+0900][5.978s][info][gc,marking  ] GC(27) Concurrent Mark From Roots
[2026-03-25T21:45:13.036+0900][5.978s][info][gc,task     ] GC(27) Using 2 workers of 2 for marking
[2026-03-25T21:45:13.038+0900][5.980s][info][gc,marking  ] GC(27) Concurrent Mark From Roots 1.757ms
[2026-03-25T21:45:13.038+0900][5.980s][info][gc,marking  ] GC(27) Concurrent Preclean
[2026-03-25T21:45:13.038+0900][5.980s][info][gc,marking  ] GC(27) Concurrent Preclean 0.042ms
[2026-03-25T21:45:13.038+0900][5.980s][info][gc,start    ] GC(27) Pause Remark
[2026-03-25T21:45:13.038+0900][5.980s][info][gc          ] GC(27) Pause Remark 130M->130M(258M) 0.288ms
[2026-03-25T21:45:13.038+0900][5.980s][info][gc,cpu      ] GC(27) User=0.00s Sys=0.00s Real=0.00s
[2026-03-25T21:45:13.038+0900][5.980s][info][gc,marking  ] GC(27) Concurrent Mark 2.232ms
[2026-03-25T21:45:13.038+0900][5.980s][info][gc,marking  ] GC(27) Concurrent Rebuild Remembered Sets
[2026-03-25T21:45:13.038+0900][5.980s][info][gc,marking  ] GC(27) Concurrent Rebuild Remembered Sets 0.016ms
[2026-03-25T21:45:13.038+0900][5.980s][info][gc,start    ] GC(27) Pause Cleanup
[2026-03-25T21:45:13.038+0900][5.980s][info][gc          ] GC(27) Pause Cleanup 130M->130M(258M) 0.019ms
[2026-03-25T21:45:13.038+0900][5.980s][info][gc,cpu      ] GC(27) User=0.00s Sys=0.00s Real=0.00s
[2026-03-25T21:45:13.038+0900][5.980s][info][gc,marking  ] GC(27) Concurrent Cleanup for Next Mark
[2026-03-25T21:45:13.039+0900][5.981s][info][gc,marking  ] GC(27) Concurrent Cleanup for Next Mark 0.220ms
[2026-03-25T21:45:13.039+0900][5.981s][info][gc          ] GC(27) Concurrent Mark Cycle 2.954ms
[2026-03-25T21:45:13.090+0900][6.032s][info][gc,start    ] GC(28) Pause Young (Concurrent Start) (G1 Humongous Allocation)
[2026-03-25T21:45:13.090+0900][6.032s][info][gc,task     ] GC(28) Using 6 workers of 8 for evacuation
[2026-03-25T21:45:13.091+0900][6.033s][info][gc,phases   ] GC(28)   Pre Evacuate Collection Set: 0.1ms
[2026-03-25T21:45:13.091+0900][6.033s][info][gc,phases   ] GC(28)   Merge Heap Roots: 0.0ms
[2026-03-25T21:45:13.091+0900][6.033s][info][gc,phases   ] GC(28)   Evacuate Collection Set: 0.2ms
[2026-03-25T21:45:13.091+0900][6.033s][info][gc,phases   ] GC(28)   Post Evacuate Collection Set: 0.1ms
[2026-03-25T21:45:13.091+0900][6.033s][info][gc,phases   ] GC(28)   Other: 0.2ms
[2026-03-25T21:45:13.091+0900][6.033s][info][gc,heap     ] GC(28) Eden regions: 1->0(96)
[2026-03-25T21:45:13.091+0900][6.033s][info][gc,heap     ] GC(28) Survivor regions: 1->1(13)
[2026-03-25T21:45:13.091+0900][6.033s][info][gc,heap     ] GC(28) Old regions: 0->0
[2026-03-25T21:45:13.091+0900][6.033s][info][gc,heap     ] GC(28) Archive regions: 2->2
[2026-03-25T21:45:13.091+0900][6.033s][info][gc,heap     ] GC(28) Humongous regions: 129->129
[2026-03-25T21:45:13.091+0900][6.033s][info][gc,metaspace] GC(28) Metaspace: 172K(384K)->172K(384K) NonClass: 164K(256K)->164K(256K) Class: 7K(128K)->7K(128K)
[2026-03-25T21:45:13.091+0900][6.033s][info][gc          ] GC(28) Pause Young (Concurrent Start) (G1 Humongous Allocation) 130M->130M(258M) 0.900ms
[2026-03-25T21:45:13.091+0900][6.033s][info][gc,cpu      ] GC(28) User=0.00s Sys=0.00s Real=0.00s
[2026-03-25T21:45:13.091+0900][6.033s][info][gc          ] GC(29) Concurrent Mark Cycle
[2026-03-25T21:45:13.091+0900][6.033s][info][gc,marking  ] GC(29) Concurrent Clear Claimed Marks
[2026-03-25T21:45:13.091+0900][6.033s][info][gc,marking  ] GC(29) Concurrent Clear Claimed Marks 0.014ms
[2026-03-25T21:45:13.091+0900][6.033s][info][gc,marking  ] GC(29) Concurrent Scan Root Regions
[2026-03-25T21:45:13.091+0900][6.033s][info][gc,marking  ] GC(29) Concurrent Scan Root Regions 0.235ms
[2026-03-25T21:45:13.091+0900][6.033s][info][gc,marking  ] GC(29) Concurrent Mark
[2026-03-25T21:45:13.091+0900][6.033s][info][gc,marking  ] GC(29) Concurrent Mark From Roots
[2026-03-25T21:45:13.091+0900][6.033s][info][gc,task     ] GC(29) Using 2 workers of 2 for marking
[2026-03-25T21:45:13.093+0900][6.035s][info][gc,marking  ] GC(29) Concurrent Mark From Roots 1.646ms
[2026-03-25T21:45:13.093+0900][6.035s][info][gc,marking  ] GC(29) Concurrent Preclean
[2026-03-25T21:45:13.093+0900][6.035s][info][gc,marking  ] GC(29) Concurrent Preclean 0.033ms
[2026-03-25T21:45:13.093+0900][6.035s][info][gc,start    ] GC(29) Pause Remark
[2026-03-25T21:45:13.093+0900][6.035s][info][gc          ] GC(29) Pause Remark 133M->133M(258M) 0.291ms
[2026-03-25T21:45:13.093+0900][6.035s][info][gc,cpu      ] GC(29) User=0.00s Sys=0.00s Real=0.00s
[2026-03-25T21:45:13.093+0900][6.035s][info][gc,marking  ] GC(29) Concurrent Mark 2.086ms
[2026-03-25T21:45:13.093+0900][6.035s][info][gc,marking  ] GC(29) Concurrent Rebuild Remembered Sets
[2026-03-25T21:45:13.093+0900][6.035s][info][gc,marking  ] GC(29) Concurrent Rebuild Remembered Sets 0.011ms
[2026-03-25T21:45:13.093+0900][6.035s][info][gc,start    ] GC(29) Pause Cleanup
[2026-03-25T21:45:13.093+0900][6.035s][info][gc          ] GC(29) Pause Cleanup 133M->133M(258M) 0.016ms
[2026-03-25T21:45:13.093+0900][6.035s][info][gc,cpu      ] GC(29) User=0.00s Sys=0.00s Real=0.00s
[2026-03-25T21:45:13.093+0900][6.035s][info][gc,marking  ] GC(29) Concurrent Cleanup for Next Mark
[2026-03-25T21:45:13.094+0900][6.036s][info][gc,marking  ] GC(29) Concurrent Cleanup for Next Mark 0.447ms
[2026-03-25T21:45:13.094+0900][6.036s][info][gc          ] GC(29) Concurrent Mark Cycle 3.020ms
[2026-03-25T21:45:13.146+0900][6.088s][info][gc,start    ] GC(30) Pause Young (Concurrent Start) (G1 Humongous Allocation)
[2026-03-25T21:45:13.146+0900][6.089s][info][gc,task     ] GC(30) Using 6 workers of 8 for evacuation
[2026-03-25T21:45:13.147+0900][6.089s][info][gc,phases   ] GC(30)   Pre Evacuate Collection Set: 0.1ms
[2026-03-25T21:45:13.147+0900][6.089s][info][gc,phases   ] GC(30)   Merge Heap Roots: 0.0ms
[2026-03-25T21:45:13.147+0900][6.089s][info][gc,phases   ] GC(30)   Evacuate Collection Set: 0.3ms
[2026-03-25T21:45:13.147+0900][6.089s][info][gc,phases   ] GC(30)   Post Evacuate Collection Set: 0.1ms
[2026-03-25T21:45:13.147+0900][6.089s][info][gc,phases   ] GC(30)   Other: 0.2ms
[2026-03-25T21:45:13.147+0900][6.089s][info][gc,heap     ] GC(30) Eden regions: 1->0(93)
[2026-03-25T21:45:13.147+0900][6.089s][info][gc,heap     ] GC(30) Survivor regions: 1->1(13)
[2026-03-25T21:45:13.147+0900][6.089s][info][gc,heap     ] GC(30) Old regions: 0->1
[2026-03-25T21:45:13.147+0900][6.089s][info][gc,heap     ] GC(30) Archive regions: 2->2
[2026-03-25T21:45:13.147+0900][6.089s][info][gc,heap     ] GC(30) Humongous regions: 132->132
[2026-03-25T21:45:13.147+0900][6.089s][info][gc,metaspace] GC(30) Metaspace: 172K(384K)->172K(384K) NonClass: 164K(256K)->164K(256K) Class: 7K(128K)->7K(128K)
[2026-03-25T21:45:13.147+0900][6.089s][info][gc          ] GC(30) Pause Young (Concurrent Start) (G1 Humongous Allocation) 133M->133M(258M) 0.901ms
[2026-03-25T21:45:13.147+0900][6.089s][info][gc,cpu      ] GC(30) User=0.00s Sys=0.00s Real=0.00s
[2026-03-25T21:45:13.147+0900][6.089s][info][gc          ] GC(31) Concurrent Mark Cycle
[2026-03-25T21:45:13.147+0900][6.089s][info][gc,marking  ] GC(31) Concurrent Clear Claimed Marks
[2026-03-25T21:45:13.147+0900][6.089s][info][gc,marking  ] GC(31) Concurrent Clear Claimed Marks 0.015ms
[2026-03-25T21:45:13.147+0900][6.089s][info][gc,marking  ] GC(31) Concurrent Scan Root Regions
[2026-03-25T21:45:13.148+0900][6.090s][info][gc,marking  ] GC(31) Concurrent Scan Root Regions 0.235ms
[2026-03-25T21:45:13.148+0900][6.090s][info][gc,marking  ] GC(31) Concurrent Mark
[2026-03-25T21:45:13.148+0900][6.090s][info][gc,marking  ] GC(31) Concurrent Mark From Roots
[2026-03-25T21:45:13.148+0900][6.090s][info][gc,task     ] GC(31) Using 2 workers of 2 for marking
[2026-03-25T21:45:13.149+0900][6.091s][info][gc,marking  ] GC(31) Concurrent Mark From Roots 1.508ms
[2026-03-25T21:45:13.149+0900][6.091s][info][gc,marking  ] GC(31) Concurrent Preclean
[2026-03-25T21:45:13.149+0900][6.091s][info][gc,marking  ] GC(31) Concurrent Preclean 0.041ms
[2026-03-25T21:45:13.149+0900][6.091s][info][gc,start    ] GC(31) Pause Remark
[2026-03-25T21:45:13.149+0900][6.092s][info][gc          ] GC(31) Pause Remark 134M->134M(258M) 0.251ms
[2026-03-25T21:45:13.150+0900][6.092s][info][gc,cpu      ] GC(31) User=0.00s Sys=0.00s Real=0.01s
[2026-03-25T21:45:13.150+0900][6.092s][info][gc,marking  ] GC(31) Concurrent Mark 1.911ms
[2026-03-25T21:45:13.150+0900][6.092s][info][gc,marking  ] GC(31) Concurrent Rebuild Remembered Sets
[2026-03-25T21:45:13.150+0900][6.092s][info][gc,marking  ] GC(31) Concurrent Rebuild Remembered Sets 0.567ms
[2026-03-25T21:45:13.150+0900][6.092s][info][gc,start    ] GC(31) Pause Cleanup
[2026-03-25T21:45:13.150+0900][6.092s][info][gc          ] GC(31) Pause Cleanup 134M->134M(258M) 0.068ms
[2026-03-25T21:45:13.150+0900][6.092s][info][gc,cpu      ] GC(31) User=0.00s Sys=0.00s Real=0.00s
[2026-03-25T21:45:13.150+0900][6.092s][info][gc,marking  ] GC(31) Concurrent Cleanup for Next Mark
[2026-03-25T21:45:13.150+0900][6.093s][info][gc,marking  ] GC(31) Concurrent Cleanup for Next Mark 0.202ms
[2026-03-25T21:45:13.151+0900][6.093s][info][gc          ] GC(31) Concurrent Mark Cycle 3.234ms
[2026-03-25T21:45:13.203+0900][6.145s][info][gc,start    ] GC(32) Pause Young (Concurrent Start) (G1 Humongous Allocation)
[2026-03-25T21:45:13.203+0900][6.145s][info][gc,task     ] GC(32) Using 6 workers of 8 for evacuation
[2026-03-25T21:45:13.203+0900][6.145s][info][gc,phases   ] GC(32)   Pre Evacuate Collection Set: 0.1ms
[2026-03-25T21:45:13.203+0900][6.145s][info][gc,phases   ] GC(32)   Merge Heap Roots: 0.0ms
[2026-03-25T21:45:13.203+0900][6.145s][info][gc,phases   ] GC(32)   Evacuate Collection Set: 0.2ms
[2026-03-25T21:45:13.203+0900][6.145s][info][gc,phases   ] GC(32)   Post Evacuate Collection Set: 0.1ms
[2026-03-25T21:45:13.203+0900][6.145s][info][gc,phases   ] GC(32)   Other: 0.2ms
[2026-03-25T21:45:13.203+0900][6.145s][info][gc,heap     ] GC(32) Eden regions: 1->0(92)
[2026-03-25T21:45:13.203+0900][6.145s][info][gc,heap     ] GC(32) Survivor regions: 1->1(12)
[2026-03-25T21:45:13.203+0900][6.145s][info][gc,heap     ] GC(32) Old regions: 1->1
[2026-03-25T21:45:13.203+0900][6.145s][info][gc,heap     ] GC(32) Archive regions: 2->2
[2026-03-25T21:45:13.203+0900][6.145s][info][gc,heap     ] GC(32) Humongous regions: 133->133
[2026-03-25T21:45:13.203+0900][6.145s][info][gc,metaspace] GC(32) Metaspace: 172K(384K)->172K(384K) NonClass: 164K(256K)->164K(256K) Class: 7K(128K)->7K(128K)
[2026-03-25T21:45:13.203+0900][6.145s][info][gc          ] GC(32) Pause Young (Concurrent Start) (G1 Humongous Allocation) 134M->134M(258M) 0.716ms
[2026-03-25T21:45:13.203+0900][6.145s][info][gc,cpu      ] GC(32) User=0.00s Sys=0.00s Real=0.00s
[2026-03-25T21:45:13.203+0900][6.146s][info][gc          ] GC(33) Concurrent Mark Cycle
[2026-03-25T21:45:13.203+0900][6.146s][info][gc,marking  ] GC(33) Concurrent Clear Claimed Marks
[2026-03-25T21:45:13.203+0900][6.146s][info][gc,marking  ] GC(33) Concurrent Clear Claimed Marks 0.012ms
[2026-03-25T21:45:13.203+0900][6.146s][info][gc,marking  ] GC(33) Concurrent Scan Root Regions
[2026-03-25T21:45:13.204+0900][6.146s][info][gc,marking  ] GC(33) Concurrent Scan Root Regions 0.060ms
[2026-03-25T21:45:13.204+0900][6.146s][info][gc,marking  ] GC(33) Concurrent Mark
[2026-03-25T21:45:13.204+0900][6.146s][info][gc,marking  ] GC(33) Concurrent Mark From Roots
[2026-03-25T21:45:13.204+0900][6.146s][info][gc,task     ] GC(33) Using 2 workers of 2 for marking
[2026-03-25T21:45:13.205+0900][6.147s][info][gc,marking  ] GC(33) Concurrent Mark From Roots 1.795ms
[2026-03-25T21:45:13.205+0900][6.147s][info][gc,marking  ] GC(33) Concurrent Preclean
[2026-03-25T21:45:13.205+0900][6.148s][info][gc,marking  ] GC(33) Concurrent Preclean 0.037ms
[2026-03-25T21:45:13.205+0900][6.148s][info][gc,start    ] GC(33) Pause Remark
[2026-03-25T21:45:13.206+0900][6.148s][info][gc          ] GC(33) Pause Remark 135M->135M(258M) 0.253ms
[2026-03-25T21:45:13.206+0900][6.148s][info][gc,cpu      ] GC(33) User=0.00s Sys=0.00s Real=0.00s
[2026-03-25T21:45:13.206+0900][6.148s][info][gc,marking  ] GC(33) Concurrent Mark 2.217ms
[2026-03-25T21:45:13.206+0900][6.148s][info][gc,marking  ] GC(33) Concurrent Rebuild Remembered Sets
[2026-03-25T21:45:13.206+0900][6.148s][info][gc,marking  ] GC(33) Concurrent Rebuild Remembered Sets 0.517ms
[2026-03-25T21:45:13.206+0900][6.148s][info][gc,start    ] GC(33) Pause Cleanup
[2026-03-25T21:45:13.206+0900][6.148s][info][gc          ] GC(33) Pause Cleanup 135M->135M(258M) 0.061ms
[2026-03-25T21:45:13.206+0900][6.148s][info][gc,cpu      ] GC(33) User=0.00s Sys=0.00s Real=0.00s
[2026-03-25T21:45:13.206+0900][6.149s][info][gc,marking  ] GC(33) Concurrent Cleanup for Next Mark
[2026-03-25T21:45:13.207+0900][6.149s][info][gc,marking  ] GC(33) Concurrent Cleanup for Next Mark 0.232ms
[2026-03-25T21:45:13.207+0900][6.149s][info][gc          ] GC(33) Concurrent Mark Cycle 3.292ms
[2026-03-25T21:45:13.258+0900][6.200s][info][gc,start    ] GC(34) Pause Young (Concurrent Start) (G1 Humongous Allocation)
[2026-03-25T21:45:13.258+0900][6.200s][info][gc,task     ] GC(34) Using 6 workers of 8 for evacuation
[2026-03-25T21:45:13.259+0900][6.201s][info][gc,phases   ] GC(34)   Pre Evacuate Collection Set: 0.1ms
[2026-03-25T21:45:13.259+0900][6.201s][info][gc,phases   ] GC(34)   Merge Heap Roots: 0.0ms
[2026-03-25T21:45:13.259+0900][6.201s][info][gc,phases   ] GC(34)   Evacuate Collection Set: 0.2ms
[2026-03-25T21:45:13.259+0900][6.201s][info][gc,phases   ] GC(34)   Post Evacuate Collection Set: 0.1ms
[2026-03-25T21:45:13.259+0900][6.201s][info][gc,phases   ] GC(34)   Other: 0.2ms
[2026-03-25T21:45:13.259+0900][6.201s][info][gc,heap     ] GC(34) Eden regions: 1->0(92)
[2026-03-25T21:45:13.259+0900][6.201s][info][gc,heap     ] GC(34) Survivor regions: 1->1(12)
[2026-03-25T21:45:13.259+0900][6.201s][info][gc,heap     ] GC(34) Old regions: 1->1
[2026-03-25T21:45:13.259+0900][6.201s][info][gc,heap     ] GC(34) Archive regions: 2->2
[2026-03-25T21:45:13.259+0900][6.201s][info][gc,heap     ] GC(34) Humongous regions: 134->134
[2026-03-25T21:45:13.259+0900][6.201s][info][gc,metaspace] GC(34) Metaspace: 172K(384K)->172K(384K) NonClass: 164K(256K)->164K(256K) Class: 7K(128K)->7K(128K)
[2026-03-25T21:45:13.259+0900][6.201s][info][gc          ] GC(34) Pause Young (Concurrent Start) (G1 Humongous Allocation) 135M->135M(258M) 0.886ms
[2026-03-25T21:45:13.259+0900][6.201s][info][gc,cpu      ] GC(34) User=0.00s Sys=0.00s Real=0.00s
[2026-03-25T21:45:13.259+0900][6.201s][info][gc          ] GC(35) Concurrent Mark Cycle
[2026-03-25T21:45:13.259+0900][6.201s][info][gc,marking  ] GC(35) Concurrent Clear Claimed Marks
[2026-03-25T21:45:13.259+0900][6.201s][info][gc,marking  ] GC(35) Concurrent Clear Claimed Marks 0.052ms
[2026-03-25T21:45:13.259+0900][6.201s][info][gc,marking  ] GC(35) Concurrent Scan Root Regions
[2026-03-25T21:45:13.259+0900][6.201s][info][gc,marking  ] GC(35) Concurrent Scan Root Regions 0.077ms
[2026-03-25T21:45:13.259+0900][6.201s][info][gc,marking  ] GC(35) Concurrent Mark
[2026-03-25T21:45:13.259+0900][6.201s][info][gc,marking  ] GC(35) Concurrent Mark From Roots
[2026-03-25T21:45:13.259+0900][6.201s][info][gc,task     ] GC(35) Using 2 workers of 2 for marking
[2026-03-25T21:45:13.261+0900][6.203s][info][gc,marking  ] GC(35) Concurrent Mark From Roots 1.911ms
[2026-03-25T21:45:13.261+0900][6.203s][info][gc,marking  ] GC(35) Concurrent Preclean
[2026-03-25T21:45:13.261+0900][6.203s][info][gc,marking  ] GC(35) Concurrent Preclean 0.037ms
[2026-03-25T21:45:13.261+0900][6.203s][info][gc,start    ] GC(35) Pause Remark
[2026-03-25T21:45:13.261+0900][6.204s][info][gc          ] GC(35) Pause Remark 136M->136M(258M) 0.267ms
[2026-03-25T21:45:13.262+0900][6.204s][info][gc,cpu      ] GC(35) User=0.00s Sys=0.01s Real=0.00s
[2026-03-25T21:45:13.262+0900][6.204s][info][gc,marking  ] GC(35) Concurrent Mark 2.407ms
[2026-03-25T21:45:13.262+0900][6.204s][info][gc,marking  ] GC(35) Concurrent Rebuild Remembered Sets
[2026-03-25T21:45:13.262+0900][6.204s][info][gc,marking  ] GC(35) Concurrent Rebuild Remembered Sets 0.526ms
[2026-03-25T21:45:13.262+0900][6.204s][info][gc,start    ] GC(35) Pause Cleanup
[2026-03-25T21:45:13.262+0900][6.204s][info][gc          ] GC(35) Pause Cleanup 136M->136M(258M) 0.057ms
[2026-03-25T21:45:13.262+0900][6.204s][info][gc,cpu      ] GC(35) User=0.00s Sys=0.00s Real=0.00s
[2026-03-25T21:45:13.262+0900][6.204s][info][gc,marking  ] GC(35) Concurrent Cleanup for Next Mark
[2026-03-25T21:45:13.263+0900][6.205s][info][gc,marking  ] GC(35) Concurrent Cleanup for Next Mark 0.268ms
[2026-03-25T21:45:13.263+0900][6.205s][info][gc          ] GC(35) Concurrent Mark Cycle 3.614ms
[2026-03-25T21:45:13.313+0900][6.255s][info][gc,start    ] GC(36) Pause Young (Concurrent Start) (G1 Humongous Allocation)
[2026-03-25T21:45:13.313+0900][6.255s][info][gc,task     ] GC(36) Using 6 workers of 8 for evacuation
[2026-03-25T21:45:13.314+0900][6.256s][info][gc,phases   ] GC(36)   Pre Evacuate Collection Set: 0.1ms
[2026-03-25T21:45:13.314+0900][6.256s][info][gc,phases   ] GC(36)   Merge Heap Roots: 0.0ms
[2026-03-25T21:45:13.314+0900][6.256s][info][gc,phases   ] GC(36)   Evacuate Collection Set: 0.1ms
[2026-03-25T21:45:13.314+0900][6.256s][info][gc,phases   ] GC(36)   Post Evacuate Collection Set: 0.1ms
[2026-03-25T21:45:13.314+0900][6.256s][info][gc,phases   ] GC(36)   Other: 0.2ms
[2026-03-25T21:45:13.314+0900][6.256s][info][gc,heap     ] GC(36) Eden regions: 1->0(91)
[2026-03-25T21:45:13.314+0900][6.256s][info][gc,heap     ] GC(36) Survivor regions: 1->1(12)
[2026-03-25T21:45:13.314+0900][6.256s][info][gc,heap     ] GC(36) Old regions: 1->1
[2026-03-25T21:45:13.314+0900][6.256s][info][gc,heap     ] GC(36) Archive regions: 2->2
[2026-03-25T21:45:13.314+0900][6.256s][info][gc,heap     ] GC(36) Humongous regions: 135->135
[2026-03-25T21:45:13.314+0900][6.256s][info][gc,metaspace] GC(36) Metaspace: 172K(384K)->172K(384K) NonClass: 164K(256K)->164K(256K) Class: 7K(128K)->7K(128K)
[2026-03-25T21:45:13.314+0900][6.256s][info][gc          ] GC(36) Pause Young (Concurrent Start) (G1 Humongous Allocation) 136M->136M(258M) 0.679ms
[2026-03-25T21:45:13.314+0900][6.256s][info][gc,cpu      ] GC(36) User=0.00s Sys=0.00s Real=0.00s
[2026-03-25T21:45:13.314+0900][6.256s][info][gc          ] GC(37) Concurrent Mark Cycle
[2026-03-25T21:45:13.314+0900][6.256s][info][gc,marking  ] GC(37) Concurrent Clear Claimed Marks
[2026-03-25T21:45:13.314+0900][6.256s][info][gc,marking  ] GC(37) Concurrent Clear Claimed Marks 0.016ms
[2026-03-25T21:45:13.314+0900][6.256s][info][gc,marking  ] GC(37) Concurrent Scan Root Regions
[2026-03-25T21:45:13.314+0900][6.256s][info][gc,marking  ] GC(37) Concurrent Scan Root Regions 0.060ms
[2026-03-25T21:45:13.314+0900][6.256s][info][gc,marking  ] GC(37) Concurrent Mark
[2026-03-25T21:45:13.314+0900][6.256s][info][gc,marking  ] GC(37) Concurrent Mark From Roots
[2026-03-25T21:45:13.314+0900][6.256s][info][gc,task     ] GC(37) Using 2 workers of 2 for marking
[2026-03-25T21:45:13.316+0900][6.258s][info][gc,marking  ] GC(37) Concurrent Mark From Roots 1.841ms
[2026-03-25T21:45:13.316+0900][6.258s][info][gc,marking  ] GC(37) Concurrent Preclean
[2026-03-25T21:45:13.316+0900][6.258s][info][gc,marking  ] GC(37) Concurrent Preclean 0.039ms
[2026-03-25T21:45:13.316+0900][6.258s][info][gc,start    ] GC(37) Pause Remark
[2026-03-25T21:45:13.316+0900][6.258s][info][gc          ] GC(37) Pause Remark 137M->137M(258M) 0.251ms
[2026-03-25T21:45:13.316+0900][6.258s][info][gc,cpu      ] GC(37) User=0.00s Sys=0.00s Real=0.00s
[2026-03-25T21:45:13.316+0900][6.258s][info][gc,marking  ] GC(37) Concurrent Mark 2.274ms
[2026-03-25T21:45:13.316+0900][6.258s][info][gc,marking  ] GC(37) Concurrent Rebuild Remembered Sets
[2026-03-25T21:45:13.317+0900][6.259s][info][gc,marking  ] GC(37) Concurrent Rebuild Remembered Sets 0.534ms
[2026-03-25T21:45:13.317+0900][6.259s][info][gc,start    ] GC(37) Pause Cleanup
[2026-03-25T21:45:13.317+0900][6.259s][info][gc          ] GC(37) Pause Cleanup 137M->137M(258M) 0.057ms
[2026-03-25T21:45:13.317+0900][6.259s][info][gc,cpu      ] GC(37) User=0.00s Sys=0.00s Real=0.00s
[2026-03-25T21:45:13.317+0900][6.259s][info][gc,marking  ] GC(37) Concurrent Cleanup for Next Mark
[2026-03-25T21:45:13.317+0900][6.259s][info][gc,marking  ] GC(37) Concurrent Cleanup for Next Mark 0.247ms
[2026-03-25T21:45:13.317+0900][6.259s][info][gc          ] GC(37) Concurrent Mark Cycle 3.398ms
[2026-03-25T21:45:13.368+0900][6.310s][info][gc,start    ] GC(38) Pause Young (Concurrent Start) (G1 Humongous Allocation)
[2026-03-25T21:45:13.368+0900][6.311s][info][gc,task     ] GC(38) Using 6 workers of 8 for evacuation
[2026-03-25T21:45:13.369+0900][6.311s][info][gc,phases   ] GC(38)   Pre Evacuate Collection Set: 0.1ms
[2026-03-25T21:45:13.369+0900][6.311s][info][gc,phases   ] GC(38)   Merge Heap Roots: 0.1ms
[2026-03-25T21:45:13.369+0900][6.311s][info][gc,phases   ] GC(38)   Evacuate Collection Set: 0.2ms
[2026-03-25T21:45:13.369+0900][6.311s][info][gc,phases   ] GC(38)   Post Evacuate Collection Set: 0.2ms
[2026-03-25T21:45:13.369+0900][6.311s][info][gc,phases   ] GC(38)   Other: 0.3ms
[2026-03-25T21:45:13.369+0900][6.311s][info][gc,heap     ] GC(38) Eden regions: 1->0(90)
[2026-03-25T21:45:13.369+0900][6.311s][info][gc,heap     ] GC(38) Survivor regions: 1->1(12)
[2026-03-25T21:45:13.369+0900][6.311s][info][gc,heap     ] GC(38) Old regions: 1->1
[2026-03-25T21:45:13.369+0900][6.312s][info][gc,heap     ] GC(38) Archive regions: 2->2
[2026-03-25T21:45:13.369+0900][6.312s][info][gc,heap     ] GC(38) Humongous regions: 136->136
[2026-03-25T21:45:13.369+0900][6.312s][info][gc,metaspace] GC(38) Metaspace: 172K(384K)->172K(384K) NonClass: 164K(256K)->164K(256K) Class: 7K(128K)->7K(128K)
[2026-03-25T21:45:13.370+0900][6.312s][info][gc          ] GC(38) Pause Young (Concurrent Start) (G1 Humongous Allocation) 137M->137M(258M) 1.166ms
[2026-03-25T21:45:13.370+0900][6.312s][info][gc,cpu      ] GC(38) User=0.00s Sys=0.00s Real=0.01s
[2026-03-25T21:45:13.370+0900][6.312s][info][gc          ] GC(39) Concurrent Mark Cycle
[2026-03-25T21:45:13.370+0900][6.312s][info][gc,marking  ] GC(39) Concurrent Clear Claimed Marks
[2026-03-25T21:45:13.370+0900][6.312s][info][gc,marking  ] GC(39) Concurrent Clear Claimed Marks 0.031ms
[2026-03-25T21:45:13.370+0900][6.312s][info][gc,marking  ] GC(39) Concurrent Scan Root Regions
[2026-03-25T21:45:13.370+0900][6.312s][info][gc,marking  ] GC(39) Concurrent Scan Root Regions 0.105ms
[2026-03-25T21:45:13.370+0900][6.312s][info][gc,marking  ] GC(39) Concurrent Mark
[2026-03-25T21:45:13.370+0900][6.312s][info][gc,marking  ] GC(39) Concurrent Mark From Roots
[2026-03-25T21:45:13.370+0900][6.312s][info][gc,task     ] GC(39) Using 2 workers of 2 for marking
[2026-03-25T21:45:13.372+0900][6.315s][info][gc,marking  ] GC(39) Concurrent Mark From Roots 2.563ms
[2026-03-25T21:45:13.372+0900][6.315s][info][gc,marking  ] GC(39) Concurrent Preclean
[2026-03-25T21:45:13.372+0900][6.315s][info][gc,marking  ] GC(39) Concurrent Preclean 0.039ms
[2026-03-25T21:45:13.373+0900][6.315s][info][gc,start    ] GC(39) Pause Remark
[2026-03-25T21:45:13.373+0900][6.315s][info][gc          ] GC(39) Pause Remark 138M->138M(258M) 0.260ms
[2026-03-25T21:45:13.373+0900][6.315s][info][gc,cpu      ] GC(39) User=0.00s Sys=0.00s Real=0.00s
[2026-03-25T21:45:13.373+0900][6.315s][info][gc,marking  ] GC(39) Concurrent Mark 2.991ms
[2026-03-25T21:45:13.373+0900][6.315s][info][gc,marking  ] GC(39) Concurrent Rebuild Remembered Sets
[2026-03-25T21:45:13.373+0900][6.315s][info][gc,marking  ] GC(39) Concurrent Rebuild Remembered Sets 0.517ms
[2026-03-25T21:45:13.373+0900][6.316s][info][gc,start    ] GC(39) Pause Cleanup
[2026-03-25T21:45:13.373+0900][6.316s][info][gc          ] GC(39) Pause Cleanup 138M->138M(258M) 0.067ms
[2026-03-25T21:45:13.374+0900][6.316s][info][gc,cpu      ] GC(39) User=0.00s Sys=0.00s Real=0.00s
[2026-03-25T21:45:13.374+0900][6.316s][info][gc,marking  ] GC(39) Concurrent Cleanup for Next Mark
[2026-03-25T21:45:13.374+0900][6.316s][info][gc,marking  ] GC(39) Concurrent Cleanup for Next Mark 0.236ms
[2026-03-25T21:45:13.374+0900][6.316s][info][gc          ] GC(39) Concurrent Mark Cycle 4.253ms
[2026-03-25T21:45:13.425+0900][6.367s][info][gc,start    ] GC(40) Pause Young (Concurrent Start) (G1 Humongous Allocation)
[2026-03-25T21:45:13.425+0900][6.367s][info][gc,task     ] GC(40) Using 6 workers of 8 for evacuation
[2026-03-25T21:45:13.425+0900][6.368s][info][gc,phases   ] GC(40)   Pre Evacuate Collection Set: 0.1ms
[2026-03-25T21:45:13.426+0900][6.368s][info][gc,phases   ] GC(40)   Merge Heap Roots: 0.0ms
[2026-03-25T21:45:13.426+0900][6.368s][info][gc,phases   ] GC(40)   Evacuate Collection Set: 0.2ms
[2026-03-25T21:45:13.426+0900][6.368s][info][gc,phases   ] GC(40)   Post Evacuate Collection Set: 0.1ms
[2026-03-25T21:45:13.426+0900][6.368s][info][gc,phases   ] GC(40)   Other: 0.2ms
[2026-03-25T21:45:13.426+0900][6.368s][info][gc,heap     ] GC(40) Eden regions: 1->0(89)
[2026-03-25T21:45:13.426+0900][6.368s][info][gc,heap     ] GC(40) Survivor regions: 1->1(12)
[2026-03-25T21:45:13.426+0900][6.368s][info][gc,heap     ] GC(40) Old regions: 1->1
[2026-03-25T21:45:13.426+0900][6.368s][info][gc,heap     ] GC(40) Archive regions: 2->2
[2026-03-25T21:45:13.426+0900][6.368s][info][gc,heap     ] GC(40) Humongous regions: 137->137
[2026-03-25T21:45:13.426+0900][6.368s][info][gc,metaspace] GC(40) Metaspace: 172K(384K)->172K(384K) NonClass: 164K(256K)->164K(256K) Class: 7K(128K)->7K(128K)
[2026-03-25T21:45:13.426+0900][6.368s][info][gc          ] GC(40) Pause Young (Concurrent Start) (G1 Humongous Allocation) 138M->138M(258M) 0.716ms
[2026-03-25T21:45:13.426+0900][6.368s][info][gc,cpu      ] GC(40) User=0.00s Sys=0.00s Real=0.00s
[2026-03-25T21:45:13.426+0900][6.368s][info][gc          ] GC(41) Concurrent Mark Cycle
[2026-03-25T21:45:13.426+0900][6.368s][info][gc,marking  ] GC(41) Concurrent Clear Claimed Marks
[2026-03-25T21:45:13.426+0900][6.368s][info][gc,marking  ] GC(41) Concurrent Clear Claimed Marks 0.015ms
[2026-03-25T21:45:13.426+0900][6.368s][info][gc,marking  ] GC(41) Concurrent Scan Root Regions
[2026-03-25T21:45:13.426+0900][6.368s][info][gc,marking  ] GC(41) Concurrent Scan Root Regions 0.064ms
[2026-03-25T21:45:13.426+0900][6.368s][info][gc,marking  ] GC(41) Concurrent Mark
[2026-03-25T21:45:13.426+0900][6.368s][info][gc,marking  ] GC(41) Concurrent Mark From Roots
[2026-03-25T21:45:13.426+0900][6.368s][info][gc,task     ] GC(41) Using 2 workers of 2 for marking
[2026-03-25T21:45:13.428+0900][6.370s][info][gc,marking  ] GC(41) Concurrent Mark From Roots 1.989ms
[2026-03-25T21:45:13.428+0900][6.370s][info][gc,marking  ] GC(41) Concurrent Preclean
[2026-03-25T21:45:13.428+0900][6.370s][info][gc,marking  ] GC(41) Concurrent Preclean 0.043ms
[2026-03-25T21:45:13.428+0900][6.370s][info][gc,start    ] GC(41) Pause Remark
[2026-03-25T21:45:13.428+0900][6.370s][info][gc          ] GC(41) Pause Remark 139M->139M(258M) 0.332ms
[2026-03-25T21:45:13.428+0900][6.370s][info][gc,cpu      ] GC(41) User=0.00s Sys=0.00s Real=0.00s
[2026-03-25T21:45:13.428+0900][6.371s][info][gc,marking  ] GC(41) Concurrent Mark 2.578ms
[2026-03-25T21:45:13.428+0900][6.371s][info][gc,marking  ] GC(41) Concurrent Rebuild Remembered Sets
[2026-03-25T21:45:13.429+0900][6.371s][info][gc,marking  ] GC(41) Concurrent Rebuild Remembered Sets 0.632ms
[2026-03-25T21:45:13.429+0900][6.371s][info][gc,start    ] GC(41) Pause Cleanup
[2026-03-25T21:45:13.429+0900][6.371s][info][gc          ] GC(41) Pause Cleanup 139M->139M(258M) 0.069ms
[2026-03-25T21:45:13.429+0900][6.371s][info][gc,cpu      ] GC(41) User=0.00s Sys=0.00s Real=0.00s
[2026-03-25T21:45:13.429+0900][6.371s][info][gc,marking  ] GC(41) Concurrent Cleanup for Next Mark
[2026-03-25T21:45:13.429+0900][6.372s][info][gc,marking  ] GC(41) Concurrent Cleanup for Next Mark 0.246ms
[2026-03-25T21:45:13.430+0900][6.372s][info][gc          ] GC(41) Concurrent Mark Cycle 3.860ms
[2026-03-25T21:45:13.478+0900][6.420s][info][gc,start    ] GC(42) Pause Young (Concurrent Start) (G1 Humongous Allocation)
[2026-03-25T21:45:13.478+0900][6.420s][info][gc,task     ] GC(42) Using 6 workers of 8 for evacuation
[2026-03-25T21:45:13.479+0900][6.421s][info][gc,phases   ] GC(42)   Pre Evacuate Collection Set: 0.1ms
[2026-03-25T21:45:13.479+0900][6.421s][info][gc,phases   ] GC(42)   Merge Heap Roots: 0.1ms
[2026-03-25T21:45:13.479+0900][6.421s][info][gc,phases   ] GC(42)   Evacuate Collection Set: 0.3ms
[2026-03-25T21:45:13.479+0900][6.421s][info][gc,phases   ] GC(42)   Post Evacuate Collection Set: 0.2ms
[2026-03-25T21:45:13.479+0900][6.421s][info][gc,phases   ] GC(42)   Other: 0.3ms
[2026-03-25T21:45:13.479+0900][6.421s][info][gc,heap     ] GC(42) Eden regions: 1->0(89)
[2026-03-25T21:45:13.479+0900][6.421s][info][gc,heap     ] GC(42) Survivor regions: 1->1(12)
[2026-03-25T21:45:13.479+0900][6.421s][info][gc,heap     ] GC(42) Old regions: 1->1
[2026-03-25T21:45:13.479+0900][6.421s][info][gc,heap     ] GC(42) Archive regions: 2->2
[2026-03-25T21:45:13.479+0900][6.421s][info][gc,heap     ] GC(42) Humongous regions: 138->138
[2026-03-25T21:45:13.479+0900][6.421s][info][gc,metaspace] GC(42) Metaspace: 172K(384K)->172K(384K) NonClass: 164K(256K)->164K(256K) Class: 7K(128K)->7K(128K)
[2026-03-25T21:45:13.479+0900][6.421s][info][gc          ] GC(42) Pause Young (Concurrent Start) (G1 Humongous Allocation) 139M->139M(258M) 1.271ms
[2026-03-25T21:45:13.479+0900][6.421s][info][gc,cpu      ] GC(42) User=0.01s Sys=0.00s Real=0.00s
[2026-03-25T21:45:13.479+0900][6.421s][info][gc          ] GC(43) Concurrent Mark Cycle
[2026-03-25T21:45:13.479+0900][6.421s][info][gc,marking  ] GC(43) Concurrent Clear Claimed Marks
[2026-03-25T21:45:13.479+0900][6.421s][info][gc,marking  ] GC(43) Concurrent Clear Claimed Marks 0.030ms
[2026-03-25T21:45:13.479+0900][6.421s][info][gc,marking  ] GC(43) Concurrent Scan Root Regions
[2026-03-25T21:45:13.479+0900][6.421s][info][gc,marking  ] GC(43) Concurrent Scan Root Regions 0.105ms
[2026-03-25T21:45:13.479+0900][6.421s][info][gc,marking  ] GC(43) Concurrent Mark
[2026-03-25T21:45:13.479+0900][6.421s][info][gc,marking  ] GC(43) Concurrent Mark From Roots
[2026-03-25T21:45:13.479+0900][6.422s][info][gc,task     ] GC(43) Using 2 workers of 2 for marking
[2026-03-25T21:45:13.482+0900][6.424s][info][gc,marking  ] GC(43) Concurrent Mark From Roots 2.834ms
[2026-03-25T21:45:13.482+0900][6.424s][info][gc,marking  ] GC(43) Concurrent Preclean
[2026-03-25T21:45:13.482+0900][6.424s][info][gc,marking  ] GC(43) Concurrent Preclean 0.055ms
[2026-03-25T21:45:13.482+0900][6.425s][info][gc,start    ] GC(43) Pause Remark
[2026-03-25T21:45:13.483+0900][6.425s][info][gc          ] GC(43) Pause Remark 140M->140M(258M) 0.295ms
[2026-03-25T21:45:13.483+0900][6.425s][info][gc,cpu      ] GC(43) User=0.00s Sys=0.00s Real=0.00s
[2026-03-25T21:45:13.483+0900][6.425s][info][gc,marking  ] GC(43) Concurrent Mark 3.412ms
[2026-03-25T21:45:13.483+0900][6.425s][info][gc,marking  ] GC(43) Concurrent Rebuild Remembered Sets
[2026-03-25T21:45:13.483+0900][6.425s][info][gc,marking  ] GC(43) Concurrent Rebuild Remembered Sets 0.535ms
[2026-03-25T21:45:13.483+0900][6.425s][info][gc,start    ] GC(43) Pause Cleanup
[2026-03-25T21:45:13.483+0900][6.426s][info][gc          ] GC(43) Pause Cleanup 140M->140M(258M) 0.057ms
[2026-03-25T21:45:13.483+0900][6.426s][info][gc,cpu      ] GC(43) User=0.00s Sys=0.00s Real=0.00s
[2026-03-25T21:45:13.483+0900][6.426s][info][gc,marking  ] GC(43) Concurrent Cleanup for Next Mark
[2026-03-25T21:45:13.484+0900][6.426s][info][gc,marking  ] GC(43) Concurrent Cleanup for Next Mark 0.247ms
[2026-03-25T21:45:13.484+0900][6.426s][info][gc          ] GC(43) Concurrent Mark Cycle 4.686ms
[2026-03-25T21:45:13.534+0900][6.476s][info][gc,start    ] GC(44) Pause Young (Concurrent Start) (G1 Humongous Allocation)
[2026-03-25T21:45:13.534+0900][6.476s][info][gc,task     ] GC(44) Using 6 workers of 8 for evacuation
[2026-03-25T21:45:13.534+0900][6.476s][info][gc,phases   ] GC(44)   Pre Evacuate Collection Set: 0.1ms
[2026-03-25T21:45:13.534+0900][6.476s][info][gc,phases   ] GC(44)   Merge Heap Roots: 0.0ms
[2026-03-25T21:45:13.534+0900][6.476s][info][gc,phases   ] GC(44)   Evacuate Collection Set: 0.2ms
[2026-03-25T21:45:13.534+0900][6.476s][info][gc,phases   ] GC(44)   Post Evacuate Collection Set: 0.1ms
[2026-03-25T21:45:13.534+0900][6.476s][info][gc,phases   ] GC(44)   Other: 0.2ms
[2026-03-25T21:45:13.534+0900][6.476s][info][gc,heap     ] GC(44) Eden regions: 1->0(88)
[2026-03-25T21:45:13.534+0900][6.476s][info][gc,heap     ] GC(44) Survivor regions: 1->1(12)
[2026-03-25T21:45:13.534+0900][6.476s][info][gc,heap     ] GC(44) Old regions: 1->1
[2026-03-25T21:45:13.534+0900][6.476s][info][gc,heap     ] GC(44) Archive regions: 2->2
[2026-03-25T21:45:13.534+0900][6.476s][info][gc,heap     ] GC(44) Humongous regions: 139->139
[2026-03-25T21:45:13.534+0900][6.476s][info][gc,metaspace] GC(44) Metaspace: 172K(384K)->172K(384K) NonClass: 164K(256K)->164K(256K) Class: 7K(128K)->7K(128K)
[2026-03-25T21:45:13.534+0900][6.476s][info][gc          ] GC(44) Pause Young (Concurrent Start) (G1 Humongous Allocation) 140M->140M(258M) 0.743ms
[2026-03-25T21:45:13.534+0900][6.476s][info][gc,cpu      ] GC(44) User=0.00s Sys=0.00s Real=0.00s
[2026-03-25T21:45:13.534+0900][6.477s][info][gc          ] GC(45) Concurrent Mark Cycle
[2026-03-25T21:45:13.534+0900][6.477s][info][gc,marking  ] GC(45) Concurrent Clear Claimed Marks
[2026-03-25T21:45:13.534+0900][6.477s][info][gc,marking  ] GC(45) Concurrent Clear Claimed Marks 0.017ms
[2026-03-25T21:45:13.534+0900][6.477s][info][gc,marking  ] GC(45) Concurrent Scan Root Regions
[2026-03-25T21:45:13.535+0900][6.477s][info][gc,marking  ] GC(45) Concurrent Scan Root Regions 0.071ms
[2026-03-25T21:45:13.535+0900][6.477s][info][gc,marking  ] GC(45) Concurrent Mark
[2026-03-25T21:45:13.535+0900][6.477s][info][gc,marking  ] GC(45) Concurrent Mark From Roots
[2026-03-25T21:45:13.535+0900][6.477s][info][gc,task     ] GC(45) Using 2 workers of 2 for marking
[2026-03-25T21:45:13.536+0900][6.478s][info][gc,marking  ] GC(45) Concurrent Mark From Roots 1.782ms
[2026-03-25T21:45:13.536+0900][6.479s][info][gc,marking  ] GC(45) Concurrent Preclean
[2026-03-25T21:45:13.536+0900][6.479s][info][gc,marking  ] GC(45) Concurrent Preclean 0.037ms
[2026-03-25T21:45:13.536+0900][6.479s][info][gc,start    ] GC(45) Pause Remark
[2026-03-25T21:45:13.537+0900][6.479s][info][gc          ] GC(45) Pause Remark 141M->141M(258M) 0.315ms
[2026-03-25T21:45:13.537+0900][6.479s][info][gc,cpu      ] GC(45) User=0.00s Sys=0.00s Real=0.00s
[2026-03-25T21:45:13.537+0900][6.479s][info][gc,marking  ] GC(45) Concurrent Mark 2.320ms
[2026-03-25T21:45:13.537+0900][6.479s][info][gc,marking  ] GC(45) Concurrent Rebuild Remembered Sets
[2026-03-25T21:45:13.537+0900][6.480s][info][gc,marking  ] GC(45) Concurrent Rebuild Remembered Sets 0.544ms
[2026-03-25T21:45:13.537+0900][6.480s][info][gc,start    ] GC(45) Pause Cleanup
[2026-03-25T21:45:13.538+0900][6.480s][info][gc          ] GC(45) Pause Cleanup 141M->141M(258M) 0.062ms
[2026-03-25T21:45:13.538+0900][6.480s][info][gc,cpu      ] GC(45) User=0.00s Sys=0.00s Real=0.00s
[2026-03-25T21:45:13.538+0900][6.480s][info][gc,marking  ] GC(45) Concurrent Cleanup for Next Mark
[2026-03-25T21:45:13.538+0900][6.480s][info][gc,marking  ] GC(45) Concurrent Cleanup for Next Mark 0.230ms
[2026-03-25T21:45:13.538+0900][6.480s][info][gc          ] GC(45) Concurrent Mark Cycle 3.481ms
[2026-03-25T21:45:13.590+0900][6.532s][info][gc,start    ] GC(46) Pause Young (Concurrent Start) (G1 Humongous Allocation)
[2026-03-25T21:45:13.590+0900][6.532s][info][gc,task     ] GC(46) Using 6 workers of 8 for evacuation
[2026-03-25T21:45:13.590+0900][6.533s][info][gc,phases   ] GC(46)   Pre Evacuate Collection Set: 0.1ms
[2026-03-25T21:45:13.590+0900][6.533s][info][gc,phases   ] GC(46)   Merge Heap Roots: 0.0ms
[2026-03-25T21:45:13.591+0900][6.533s][info][gc,phases   ] GC(46)   Evacuate Collection Set: 0.4ms
[2026-03-25T21:45:13.591+0900][6.533s][info][gc,phases   ] GC(46)   Post Evacuate Collection Set: 0.1ms
[2026-03-25T21:45:13.591+0900][6.533s][info][gc,phases   ] GC(46)   Other: 0.2ms
[2026-03-25T21:45:13.591+0900][6.533s][info][gc,heap     ] GC(46) Eden regions: 1->0(87)
[2026-03-25T21:45:13.591+0900][6.533s][info][gc,heap     ] GC(46) Survivor regions: 1->1(12)
[2026-03-25T21:45:13.591+0900][6.533s][info][gc,heap     ] GC(46) Old regions: 1->1
[2026-03-25T21:45:13.591+0900][6.533s][info][gc,heap     ] GC(46) Archive regions: 2->2
[2026-03-25T21:45:13.591+0900][6.533s][info][gc,heap     ] GC(46) Humongous regions: 140->140
[2026-03-25T21:45:13.591+0900][6.533s][info][gc,metaspace] GC(46) Metaspace: 172K(384K)->172K(384K) NonClass: 164K(256K)->164K(256K) Class: 7K(128K)->7K(128K)
[2026-03-25T21:45:13.591+0900][6.533s][info][gc          ] GC(46) Pause Young (Concurrent Start) (G1 Humongous Allocation) 141M->141M(258M) 0.972ms
[2026-03-25T21:45:13.591+0900][6.533s][info][gc,cpu      ] GC(46) User=0.00s Sys=0.00s Real=0.00s
[2026-03-25T21:45:13.591+0900][6.533s][info][gc          ] GC(47) Concurrent Mark Cycle
[2026-03-25T21:45:13.591+0900][6.533s][info][gc,marking  ] GC(47) Concurrent Clear Claimed Marks
[2026-03-25T21:45:13.591+0900][6.533s][info][gc,marking  ] GC(47) Concurrent Clear Claimed Marks 0.012ms
[2026-03-25T21:45:13.591+0900][6.533s][info][gc,marking  ] GC(47) Concurrent Scan Root Regions
[2026-03-25T21:45:13.591+0900][6.533s][info][gc,marking  ] GC(47) Concurrent Scan Root Regions 0.064ms
[2026-03-25T21:45:13.591+0900][6.533s][info][gc,marking  ] GC(47) Concurrent Mark
[2026-03-25T21:45:13.591+0900][6.533s][info][gc,marking  ] GC(47) Concurrent Mark From Roots
[2026-03-25T21:45:13.591+0900][6.533s][info][gc,task     ] GC(47) Using 2 workers of 2 for marking
[2026-03-25T21:45:13.593+0900][6.535s][info][gc,marking  ] GC(47) Concurrent Mark From Roots 1.707ms
[2026-03-25T21:45:13.593+0900][6.535s][info][gc,marking  ] GC(47) Concurrent Preclean
[2026-03-25T21:45:13.593+0900][6.535s][info][gc,marking  ] GC(47) Concurrent Preclean 0.037ms
[2026-03-25T21:45:13.593+0900][6.535s][info][gc,start    ] GC(47) Pause Remark
[2026-03-25T21:45:13.593+0900][6.535s][info][gc          ] GC(47) Pause Remark 142M->142M(258M) 0.303ms
[2026-03-25T21:45:13.593+0900][6.535s][info][gc,cpu      ] GC(47) User=0.00s Sys=0.00s Real=0.00s
[2026-03-25T21:45:13.593+0900][6.535s][info][gc,marking  ] GC(47) Concurrent Mark 2.219ms
[2026-03-25T21:45:13.593+0900][6.535s][info][gc,marking  ] GC(47) Concurrent Rebuild Remembered Sets
[2026-03-25T21:45:13.594+0900][6.536s][info][gc,marking  ] GC(47) Concurrent Rebuild Remembered Sets 0.863ms
[2026-03-25T21:45:13.594+0900][6.536s][info][gc,start    ] GC(47) Pause Cleanup
[2026-03-25T21:45:13.594+0900][6.536s][info][gc          ] GC(47) Pause Cleanup 142M->142M(258M) 0.087ms
[2026-03-25T21:45:13.594+0900][6.536s][info][gc,cpu      ] GC(47) User=0.00s Sys=0.00s Real=0.00s
[2026-03-25T21:45:13.594+0900][6.536s][info][gc,marking  ] GC(47) Concurrent Cleanup for Next Mark
[2026-03-25T21:45:13.594+0900][6.537s][info][gc,marking  ] GC(47) Concurrent Cleanup for Next Mark 0.305ms
[2026-03-25T21:45:13.595+0900][6.537s][info][gc          ] GC(47) Concurrent Mark Cycle 3.887ms
[2026-03-25T21:45:13.645+0900][6.587s][info][gc,start    ] GC(48) Pause Young (Concurrent Start) (G1 Humongous Allocation)
[2026-03-25T21:45:13.645+0900][6.587s][info][gc,task     ] GC(48) Using 6 workers of 8 for evacuation
[2026-03-25T21:45:13.645+0900][6.587s][info][gc,phases   ] GC(48)   Pre Evacuate Collection Set: 0.1ms
[2026-03-25T21:45:13.645+0900][6.587s][info][gc,phases   ] GC(48)   Merge Heap Roots: 0.0ms
[2026-03-25T21:45:13.645+0900][6.587s][info][gc,phases   ] GC(48)   Evacuate Collection Set: 0.2ms
[2026-03-25T21:45:13.645+0900][6.587s][info][gc,phases   ] GC(48)   Post Evacuate Collection Set: 0.1ms
[2026-03-25T21:45:13.645+0900][6.587s][info][gc,phases   ] GC(48)   Other: 0.2ms
[2026-03-25T21:45:13.645+0900][6.587s][info][gc,heap     ] GC(48) Eden regions: 1->0(86)
[2026-03-25T21:45:13.645+0900][6.587s][info][gc,heap     ] GC(48) Survivor regions: 1->1(11)
[2026-03-25T21:45:13.645+0900][6.587s][info][gc,heap     ] GC(48) Old regions: 1->1
[2026-03-25T21:45:13.645+0900][6.587s][info][gc,heap     ] GC(48) Archive regions: 2->2
[2026-03-25T21:45:13.645+0900][6.587s][info][gc,heap     ] GC(48) Humongous regions: 141->141
[2026-03-25T21:45:13.645+0900][6.587s][info][gc,metaspace] GC(48) Metaspace: 172K(384K)->172K(384K) NonClass: 164K(256K)->164K(256K) Class: 7K(128K)->7K(128K)
[2026-03-25T21:45:13.645+0900][6.588s][info][gc          ] GC(48) Pause Young (Concurrent Start) (G1 Humongous Allocation) 142M->142M(258M) 0.695ms
[2026-03-25T21:45:13.645+0900][6.588s][info][gc,cpu      ] GC(48) User=0.00s Sys=0.00s Real=0.00s
[2026-03-25T21:45:13.645+0900][6.588s][info][gc          ] GC(49) Concurrent Mark Cycle
[2026-03-25T21:45:13.645+0900][6.588s][info][gc,marking  ] GC(49) Concurrent Clear Claimed Marks
[2026-03-25T21:45:13.646+0900][6.588s][info][gc,marking  ] GC(49) Concurrent Clear Claimed Marks 0.015ms
[2026-03-25T21:45:13.646+0900][6.588s][info][gc,marking  ] GC(49) Concurrent Scan Root Regions
[2026-03-25T21:45:13.646+0900][6.588s][info][gc,marking  ] GC(49) Concurrent Scan Root Regions 0.080ms
[2026-03-25T21:45:13.646+0900][6.588s][info][gc,marking  ] GC(49) Concurrent Mark
[2026-03-25T21:45:13.646+0900][6.588s][info][gc,marking  ] GC(49) Concurrent Mark From Roots
[2026-03-25T21:45:13.646+0900][6.588s][info][gc,task     ] GC(49) Using 2 workers of 2 for marking
[2026-03-25T21:45:13.647+0900][6.590s][info][gc,marking  ] GC(49) Concurrent Mark From Roots 1.801ms
[2026-03-25T21:45:13.647+0900][6.590s][info][gc,marking  ] GC(49) Concurrent Preclean
[2026-03-25T21:45:13.647+0900][6.590s][info][gc,marking  ] GC(49) Concurrent Preclean 0.035ms
[2026-03-25T21:45:13.648+0900][6.590s][info][gc,start    ] GC(49) Pause Remark
[2026-03-25T21:45:13.648+0900][6.590s][info][gc          ] GC(49) Pause Remark 145M->145M(258M) 0.250ms
[2026-03-25T21:45:13.648+0900][6.590s][info][gc,cpu      ] GC(49) User=0.00s Sys=0.00s Real=0.00s
[2026-03-25T21:45:13.648+0900][6.590s][info][gc,marking  ] GC(49) Concurrent Mark 2.209ms
[2026-03-25T21:45:13.648+0900][6.590s][info][gc,marking  ] GC(49) Concurrent Rebuild Remembered Sets
[2026-03-25T21:45:13.648+0900][6.590s][info][gc,marking  ] GC(49) Concurrent Rebuild Remembered Sets 0.522ms
[2026-03-25T21:45:13.648+0900][6.590s][info][gc,start    ] GC(49) Pause Cleanup
[2026-03-25T21:45:13.648+0900][6.591s][info][gc          ] GC(49) Pause Cleanup 145M->145M(258M) 0.057ms
[2026-03-25T21:45:13.648+0900][6.591s][info][gc,cpu      ] GC(49) User=0.00s Sys=0.00s Real=0.00s
[2026-03-25T21:45:13.648+0900][6.591s][info][gc,marking  ] GC(49) Concurrent Cleanup for Next Mark
[2026-03-25T21:45:13.649+0900][6.591s][info][gc,marking  ] GC(49) Concurrent Cleanup for Next Mark 0.231ms
[2026-03-25T21:45:13.649+0900][6.591s][info][gc          ] GC(49) Concurrent Mark Cycle 3.354ms
[2026-03-25T21:45:13.700+0900][6.642s][info][gc,start    ] GC(50) Pause Young (Concurrent Start) (G1 Humongous Allocation)
[2026-03-25T21:45:13.700+0900][6.642s][info][gc,task     ] GC(50) Using 6 workers of 8 for evacuation
[2026-03-25T21:45:13.701+0900][6.643s][info][gc,phases   ] GC(50)   Pre Evacuate Collection Set: 0.1ms
[2026-03-25T21:45:13.701+0900][6.643s][info][gc,phases   ] GC(50)   Merge Heap Roots: 0.1ms
[2026-03-25T21:45:13.701+0900][6.643s][info][gc,phases   ] GC(50)   Evacuate Collection Set: 0.3ms
[2026-03-25T21:45:13.701+0900][6.643s][info][gc,phases   ] GC(50)   Post Evacuate Collection Set: 0.2ms
[2026-03-25T21:45:13.701+0900][6.643s][info][gc,phases   ] GC(50)   Other: 0.3ms
[2026-03-25T21:45:13.701+0900][6.643s][info][gc,heap     ] GC(50) Eden regions: 1->0(83)
[2026-03-25T21:45:13.701+0900][6.643s][info][gc,heap     ] GC(50) Survivor regions: 1->1(11)
[2026-03-25T21:45:13.701+0900][6.643s][info][gc,heap     ] GC(50) Old regions: 1->1
[2026-03-25T21:45:13.701+0900][6.643s][info][gc,heap     ] GC(50) Archive regions: 2->2
[2026-03-25T21:45:13.701+0900][6.643s][info][gc,heap     ] GC(50) Humongous regions: 144->144
[2026-03-25T21:45:13.701+0900][6.643s][info][gc,metaspace] GC(50) Metaspace: 172K(384K)->172K(384K) NonClass: 164K(256K)->164K(256K) Class: 7K(128K)->7K(128K)
[2026-03-25T21:45:13.701+0900][6.643s][info][gc          ] GC(50) Pause Young (Concurrent Start) (G1 Humongous Allocation) 145M->145M(258M) 1.206ms
[2026-03-25T21:45:13.701+0900][6.644s][info][gc,cpu      ] GC(50) User=0.00s Sys=0.00s Real=0.00s
[2026-03-25T21:45:13.701+0900][6.644s][info][gc          ] GC(51) Concurrent Mark Cycle
[2026-03-25T21:45:13.701+0900][6.644s][info][gc,marking  ] GC(51) Concurrent Clear Claimed Marks
[2026-03-25T21:45:13.701+0900][6.644s][info][gc,marking  ] GC(51) Concurrent Clear Claimed Marks 0.013ms
[2026-03-25T21:45:13.702+0900][6.644s][info][gc,marking  ] GC(51) Concurrent Scan Root Regions
[2026-03-25T21:45:13.702+0900][6.644s][info][gc,marking  ] GC(51) Concurrent Scan Root Regions 0.084ms
[2026-03-25T21:45:13.702+0900][6.644s][info][gc,marking  ] GC(51) Concurrent Mark
[2026-03-25T21:45:13.702+0900][6.644s][info][gc,marking  ] GC(51) Concurrent Mark From Roots
[2026-03-25T21:45:13.702+0900][6.644s][info][gc,task     ] GC(51) Using 2 workers of 2 for marking
[2026-03-25T21:45:13.703+0900][6.646s][info][gc,marking  ] GC(51) Concurrent Mark From Roots 1.794ms
[2026-03-25T21:45:13.703+0900][6.646s][info][gc,marking  ] GC(51) Concurrent Preclean
[2026-03-25T21:45:13.704+0900][6.646s][info][gc,marking  ] GC(51) Concurrent Preclean 0.037ms
[2026-03-25T21:45:13.704+0900][6.646s][info][gc,start    ] GC(51) Pause Remark
[2026-03-25T21:45:13.704+0900][6.646s][info][gc          ] GC(51) Pause Remark 146M->146M(258M) 0.316ms
[2026-03-25T21:45:13.704+0900][6.646s][info][gc,cpu      ] GC(51) User=0.00s Sys=0.00s Real=0.00s
[2026-03-25T21:45:13.704+0900][6.646s][info][gc,marking  ] GC(51) Concurrent Mark 2.335ms
[2026-03-25T21:45:13.704+0900][6.646s][info][gc,marking  ] GC(51) Concurrent Rebuild Remembered Sets
[2026-03-25T21:45:13.704+0900][6.647s][info][gc,marking  ] GC(51) Concurrent Rebuild Remembered Sets 0.531ms
[2026-03-25T21:45:13.705+0900][6.647s][info][gc,start    ] GC(51) Pause Cleanup
[2026-03-25T21:45:13.705+0900][6.647s][info][gc          ] GC(51) Pause Cleanup 146M->146M(258M) 0.064ms
[2026-03-25T21:45:13.705+0900][6.647s][info][gc,cpu      ] GC(51) User=0.00s Sys=0.00s Real=0.00s
[2026-03-25T21:45:13.705+0900][6.647s][info][gc,marking  ] GC(51) Concurrent Cleanup for Next Mark
[2026-03-25T21:45:13.705+0900][6.647s][info][gc,marking  ] GC(51) Concurrent Cleanup for Next Mark 0.410ms
[2026-03-25T21:45:13.705+0900][6.647s][info][gc          ] GC(51) Concurrent Mark Cycle 3.685ms
[2026-03-25T21:45:13.754+0900][6.696s][info][gc,start    ] GC(52) Pause Young (Concurrent Start) (G1 Humongous Allocation)
[2026-03-25T21:45:13.754+0900][6.696s][info][gc,task     ] GC(52) Using 6 workers of 8 for evacuation
[2026-03-25T21:45:13.755+0900][6.697s][info][gc,phases   ] GC(52)   Pre Evacuate Collection Set: 0.1ms
[2026-03-25T21:45:13.755+0900][6.697s][info][gc,phases   ] GC(52)   Merge Heap Roots: 0.0ms
[2026-03-25T21:45:13.755+0900][6.697s][info][gc,phases   ] GC(52)   Evacuate Collection Set: 0.2ms
[2026-03-25T21:45:13.755+0900][6.697s][info][gc,phases   ] GC(52)   Post Evacuate Collection Set: 0.1ms
[2026-03-25T21:45:13.755+0900][6.697s][info][gc,phases   ] GC(52)   Other: 0.2ms
[2026-03-25T21:45:13.755+0900][6.697s][info][gc,heap     ] GC(52) Eden regions: 1->0(82)
[2026-03-25T21:45:13.755+0900][6.697s][info][gc,heap     ] GC(52) Survivor regions: 1->1(11)
[2026-03-25T21:45:13.755+0900][6.697s][info][gc,heap     ] GC(52) Old regions: 1->1
[2026-03-25T21:45:13.755+0900][6.697s][info][gc,heap     ] GC(52) Archive regions: 2->2
[2026-03-25T21:45:13.755+0900][6.697s][info][gc,heap     ] GC(52) Humongous regions: 145->145
[2026-03-25T21:45:13.755+0900][6.697s][info][gc,metaspace] GC(52) Metaspace: 172K(384K)->172K(384K) NonClass: 164K(256K)->164K(256K) Class: 7K(128K)->7K(128K)
[2026-03-25T21:45:13.755+0900][6.697s][info][gc          ] GC(52) Pause Young (Concurrent Start) (G1 Humongous Allocation) 146M->146M(258M) 0.757ms
[2026-03-25T21:45:13.755+0900][6.697s][info][gc,cpu      ] GC(52) User=0.00s Sys=0.00s Real=0.00s
[2026-03-25T21:45:13.755+0900][6.697s][info][gc          ] GC(53) Concurrent Mark Cycle
[2026-03-25T21:45:13.755+0900][6.697s][info][gc,marking  ] GC(53) Concurrent Clear Claimed Marks
[2026-03-25T21:45:13.755+0900][6.697s][info][gc,marking  ] GC(53) Concurrent Clear Claimed Marks 0.012ms
[2026-03-25T21:45:13.755+0900][6.697s][info][gc,marking  ] GC(53) Concurrent Scan Root Regions
[2026-03-25T21:45:13.755+0900][6.697s][info][gc,marking  ] GC(53) Concurrent Scan Root Regions 0.063ms
[2026-03-25T21:45:13.755+0900][6.697s][info][gc,marking  ] GC(53) Concurrent Mark
[2026-03-25T21:45:13.755+0900][6.697s][info][gc,marking  ] GC(53) Concurrent Mark From Roots
[2026-03-25T21:45:13.755+0900][6.697s][info][gc,task     ] GC(53) Using 2 workers of 2 for marking
[2026-03-25T21:45:13.757+0900][6.699s][info][gc,marking  ] GC(53) Concurrent Mark From Roots 1.806ms
[2026-03-25T21:45:13.757+0900][6.699s][info][gc,marking  ] GC(53) Concurrent Preclean
[2026-03-25T21:45:13.757+0900][6.699s][info][gc,marking  ] GC(53) Concurrent Preclean 0.037ms
[2026-03-25T21:45:13.757+0900][6.699s][info][gc,start    ] GC(53) Pause Remark
[2026-03-25T21:45:13.757+0900][6.699s][info][gc          ] GC(53) Pause Remark 147M->147M(258M) 0.254ms
[2026-03-25T21:45:13.757+0900][6.699s][info][gc,cpu      ] GC(53) User=0.00s Sys=0.00s Real=0.00s
[2026-03-25T21:45:13.757+0900][6.699s][info][gc,marking  ] GC(53) Concurrent Mark 2.229ms
[2026-03-25T21:45:13.757+0900][6.699s][info][gc,marking  ] GC(53) Concurrent Rebuild Remembered Sets
[2026-03-25T21:45:13.758+0900][6.700s][info][gc,marking  ] GC(53) Concurrent Rebuild Remembered Sets 0.521ms
[2026-03-25T21:45:13.758+0900][6.700s][info][gc,start    ] GC(53) Pause Cleanup
[2026-03-25T21:45:13.758+0900][6.700s][info][gc          ] GC(53) Pause Cleanup 147M->147M(258M) 0.069ms
[2026-03-25T21:45:13.758+0900][6.700s][info][gc,cpu      ] GC(53) User=0.00s Sys=0.00s Real=0.00s
[2026-03-25T21:45:13.758+0900][6.700s][info][gc,marking  ] GC(53) Concurrent Cleanup for Next Mark
[2026-03-25T21:45:13.758+0900][6.700s][info][gc,marking  ] GC(53) Concurrent Cleanup for Next Mark 0.222ms
[2026-03-25T21:45:13.758+0900][6.700s][info][gc          ] GC(53) Concurrent Mark Cycle 3.338ms
[2026-03-25T21:45:13.809+0900][6.751s][info][gc,start    ] GC(54) Pause Young (Concurrent Start) (G1 Humongous Allocation)
[2026-03-25T21:45:13.809+0900][6.751s][info][gc,task     ] GC(54) Using 6 workers of 8 for evacuation
[2026-03-25T21:45:13.810+0900][6.752s][info][gc,phases   ] GC(54)   Pre Evacuate Collection Set: 0.1ms
[2026-03-25T21:45:13.810+0900][6.752s][info][gc,phases   ] GC(54)   Merge Heap Roots: 0.0ms
[2026-03-25T21:45:13.810+0900][6.752s][info][gc,phases   ] GC(54)   Evacuate Collection Set: 0.2ms
[2026-03-25T21:45:13.810+0900][6.752s][info][gc,phases   ] GC(54)   Post Evacuate Collection Set: 0.1ms
[2026-03-25T21:45:13.810+0900][6.752s][info][gc,phases   ] GC(54)   Other: 0.2ms
[2026-03-25T21:45:13.810+0900][6.752s][info][gc,heap     ] GC(54) Eden regions: 1->0(81)
[2026-03-25T21:45:13.810+0900][6.752s][info][gc,heap     ] GC(54) Survivor regions: 1->1(11)
[2026-03-25T21:45:13.810+0900][6.752s][info][gc,heap     ] GC(54) Old regions: 1->1
[2026-03-25T21:45:13.810+0900][6.752s][info][gc,heap     ] GC(54) Archive regions: 2->2
[2026-03-25T21:45:13.810+0900][6.752s][info][gc,heap     ] GC(54) Humongous regions: 146->146
[2026-03-25T21:45:13.810+0900][6.752s][info][gc,metaspace] GC(54) Metaspace: 172K(384K)->172K(384K) NonClass: 164K(256K)->164K(256K) Class: 7K(128K)->7K(128K)
[2026-03-25T21:45:13.810+0900][6.752s][info][gc          ] GC(54) Pause Young (Concurrent Start) (G1 Humongous Allocation) 147M->147M(258M) 0.747ms
[2026-03-25T21:45:13.810+0900][6.752s][info][gc,cpu      ] GC(54) User=0.01s Sys=0.00s Real=0.01s
[2026-03-25T21:45:13.810+0900][6.752s][info][gc          ] GC(55) Concurrent Mark Cycle
[2026-03-25T21:45:13.810+0900][6.752s][info][gc,marking  ] GC(55) Concurrent Clear Claimed Marks
[2026-03-25T21:45:13.810+0900][6.752s][info][gc,marking  ] GC(55) Concurrent Clear Claimed Marks 0.013ms
[2026-03-25T21:45:13.810+0900][6.752s][info][gc,marking  ] GC(55) Concurrent Scan Root Regions
[2026-03-25T21:45:13.810+0900][6.752s][info][gc,marking  ] GC(55) Concurrent Scan Root Regions 0.066ms
[2026-03-25T21:45:13.810+0900][6.752s][info][gc,marking  ] GC(55) Concurrent Mark
[2026-03-25T21:45:13.810+0900][6.752s][info][gc,marking  ] GC(55) Concurrent Mark From Roots
[2026-03-25T21:45:13.810+0900][6.752s][info][gc,task     ] GC(55) Using 2 workers of 2 for marking
[2026-03-25T21:45:13.812+0900][6.754s][info][gc,marking  ] GC(55) Concurrent Mark From Roots 1.718ms
[2026-03-25T21:45:13.812+0900][6.754s][info][gc,marking  ] GC(55) Concurrent Preclean
[2026-03-25T21:45:13.812+0900][6.754s][info][gc,marking  ] GC(55) Concurrent Preclean 0.033ms
[2026-03-25T21:45:13.812+0900][6.754s][info][gc,start    ] GC(55) Pause Remark
[2026-03-25T21:45:13.812+0900][6.754s][info][gc          ] GC(55) Pause Remark 148M->148M(258M) 0.284ms
[2026-03-25T21:45:13.812+0900][6.754s][info][gc,cpu      ] GC(55) User=0.00s Sys=0.00s Real=0.00s
[2026-03-25T21:45:13.812+0900][6.754s][info][gc,marking  ] GC(55) Concurrent Mark 2.175ms
[2026-03-25T21:45:13.812+0900][6.754s][info][gc,marking  ] GC(55) Concurrent Rebuild Remembered Sets
[2026-03-25T21:45:13.813+0900][6.755s][info][gc,marking  ] GC(55) Concurrent Rebuild Remembered Sets 0.536ms
[2026-03-25T21:45:13.813+0900][6.755s][info][gc,start    ] GC(55) Pause Cleanup
[2026-03-25T21:45:13.813+0900][6.755s][info][gc          ] GC(55) Pause Cleanup 148M->148M(258M) 0.061ms
[2026-03-25T21:45:13.813+0900][6.755s][info][gc,cpu      ] GC(55) User=0.00s Sys=0.00s Real=0.00s
[2026-03-25T21:45:13.813+0900][6.755s][info][gc,marking  ] GC(55) Concurrent Cleanup for Next Mark
[2026-03-25T21:45:13.813+0900][6.755s][info][gc,marking  ] GC(55) Concurrent Cleanup for Next Mark 0.231ms
[2026-03-25T21:45:13.813+0900][6.755s][info][gc          ] GC(55) Concurrent Mark Cycle 3.320ms
[2026-03-25T21:45:13.865+0900][6.807s][info][gc,start    ] GC(56) Pause Young (Concurrent Start) (G1 Humongous Allocation)
[2026-03-25T21:45:13.865+0900][6.807s][info][gc,task     ] GC(56) Using 6 workers of 8 for evacuation
[2026-03-25T21:45:13.866+0900][6.808s][info][gc,phases   ] GC(56)   Pre Evacuate Collection Set: 0.1ms
[2026-03-25T21:45:13.866+0900][6.808s][info][gc,phases   ] GC(56)   Merge Heap Roots: 0.1ms
[2026-03-25T21:45:13.866+0900][6.808s][info][gc,phases   ] GC(56)   Evacuate Collection Set: 0.2ms
[2026-03-25T21:45:13.866+0900][6.808s][info][gc,phases   ] GC(56)   Post Evacuate Collection Set: 0.2ms
[2026-03-25T21:45:13.866+0900][6.808s][info][gc,phases   ] GC(56)   Other: 0.3ms
[2026-03-25T21:45:13.866+0900][6.808s][info][gc,heap     ] GC(56) Eden regions: 1->0(80)
[2026-03-25T21:45:13.866+0900][6.808s][info][gc,heap     ] GC(56) Survivor regions: 1->1(11)
[2026-03-25T21:45:13.866+0900][6.808s][info][gc,heap     ] GC(56) Old regions: 1->1
[2026-03-25T21:45:13.866+0900][6.808s][info][gc,heap     ] GC(56) Archive regions: 2->2
[2026-03-25T21:45:13.866+0900][6.808s][info][gc,heap     ] GC(56) Humongous regions: 147->147
[2026-03-25T21:45:13.866+0900][6.808s][info][gc,metaspace] GC(56) Metaspace: 172K(384K)->172K(384K) NonClass: 164K(256K)->164K(256K) Class: 7K(128K)->7K(128K)
[2026-03-25T21:45:13.866+0900][6.808s][info][gc          ] GC(56) Pause Young (Concurrent Start) (G1 Humongous Allocation) 148M->148M(258M) 1.083ms
[2026-03-25T21:45:13.866+0900][6.808s][info][gc,cpu      ] GC(56) User=0.00s Sys=0.00s Real=0.00s
[2026-03-25T21:45:13.866+0900][6.808s][info][gc          ] GC(57) Concurrent Mark Cycle
[2026-03-25T21:45:13.866+0900][6.808s][info][gc,marking  ] GC(57) Concurrent Clear Claimed Marks
[2026-03-25T21:45:13.866+0900][6.808s][info][gc,marking  ] GC(57) Concurrent Clear Claimed Marks 0.022ms
[2026-03-25T21:45:13.866+0900][6.808s][info][gc,marking  ] GC(57) Concurrent Scan Root Regions
[2026-03-25T21:45:13.866+0900][6.809s][info][gc,marking  ] GC(57) Concurrent Scan Root Regions 0.089ms
[2026-03-25T21:45:13.866+0900][6.809s][info][gc,marking  ] GC(57) Concurrent Mark
[2026-03-25T21:45:13.866+0900][6.809s][info][gc,marking  ] GC(57) Concurrent Mark From Roots
[2026-03-25T21:45:13.866+0900][6.809s][info][gc,task     ] GC(57) Using 2 workers of 2 for marking
[2026-03-25T21:45:13.869+0900][6.811s][info][gc,marking  ] GC(57) Concurrent Mark From Roots 2.627ms
[2026-03-25T21:45:13.869+0900][6.811s][info][gc,marking  ] GC(57) Concurrent Preclean
[2026-03-25T21:45:13.869+0900][6.811s][info][gc,marking  ] GC(57) Concurrent Preclean 0.042ms
[2026-03-25T21:45:13.869+0900][6.811s][info][gc,start    ] GC(57) Pause Remark
[2026-03-25T21:45:13.870+0900][6.812s][info][gc          ] GC(57) Pause Remark 149M->149M(258M) 0.430ms
[2026-03-25T21:45:13.870+0900][6.812s][info][gc,cpu      ] GC(57) User=0.00s Sys=0.00s Real=0.01s
[2026-03-25T21:45:13.870+0900][6.812s][info][gc,marking  ] GC(57) Concurrent Mark 3.372ms
[2026-03-25T21:45:13.870+0900][6.812s][info][gc,marking  ] GC(57) Concurrent Rebuild Remembered Sets
[2026-03-25T21:45:13.870+0900][6.813s][info][gc,marking  ] GC(57) Concurrent Rebuild Remembered Sets 0.633ms
[2026-03-25T21:45:13.871+0900][6.813s][info][gc,start    ] GC(57) Pause Cleanup
[2026-03-25T21:45:13.871+0900][6.813s][info][gc          ] GC(57) Pause Cleanup 149M->149M(258M) 0.072ms
[2026-03-25T21:45:13.871+0900][6.813s][info][gc,cpu      ] GC(57) User=0.00s Sys=0.00s Real=0.00s
[2026-03-25T21:45:13.871+0900][6.813s][info][gc,marking  ] GC(57) Concurrent Cleanup for Next Mark
[2026-03-25T21:45:13.871+0900][6.813s][info][gc,marking  ] GC(57) Concurrent Cleanup for Next Mark 0.245ms
[2026-03-25T21:45:13.871+0900][6.813s][info][gc          ] GC(57) Concurrent Mark Cycle 4.858ms
[2026-03-25T21:45:13.917+0900][6.859s][info][gc,start    ] GC(58) Pause Young (Concurrent Start) (G1 Humongous Allocation)
[2026-03-25T21:45:13.917+0900][6.859s][info][gc,task     ] GC(58) Using 6 workers of 8 for evacuation
[2026-03-25T21:45:13.917+0900][6.860s][info][gc,phases   ] GC(58)   Pre Evacuate Collection Set: 0.1ms
[2026-03-25T21:45:13.918+0900][6.860s][info][gc,phases   ] GC(58)   Merge Heap Roots: 0.0ms
[2026-03-25T21:45:13.918+0900][6.860s][info][gc,phases   ] GC(58)   Evacuate Collection Set: 0.2ms
[2026-03-25T21:45:13.918+0900][6.860s][info][gc,phases   ] GC(58)   Post Evacuate Collection Set: 0.1ms
[2026-03-25T21:45:13.918+0900][6.860s][info][gc,phases   ] GC(58)   Other: 0.2ms
[2026-03-25T21:45:13.918+0900][6.860s][info][gc,heap     ] GC(58) Eden regions: 1->0(79)
[2026-03-25T21:45:13.918+0900][6.860s][info][gc,heap     ] GC(58) Survivor regions: 1->1(11)
[2026-03-25T21:45:13.918+0900][6.860s][info][gc,heap     ] GC(58) Old regions: 1->1
[2026-03-25T21:45:13.918+0900][6.860s][info][gc,heap     ] GC(58) Archive regions: 2->2
[2026-03-25T21:45:13.918+0900][6.860s][info][gc,heap     ] GC(58) Humongous regions: 148->148
[2026-03-25T21:45:13.918+0900][6.860s][info][gc,metaspace] GC(58) Metaspace: 172K(384K)->172K(384K) NonClass: 164K(256K)->164K(256K) Class: 7K(128K)->7K(128K)
[2026-03-25T21:45:13.918+0900][6.860s][info][gc          ] GC(58) Pause Young (Concurrent Start) (G1 Humongous Allocation) 149M->149M(258M) 0.742ms
[2026-03-25T21:45:13.918+0900][6.860s][info][gc,cpu      ] GC(58) User=0.00s Sys=0.00s Real=0.00s
[2026-03-25T21:45:13.918+0900][6.860s][info][gc          ] GC(59) Concurrent Mark Cycle
[2026-03-25T21:45:13.918+0900][6.860s][info][gc,marking  ] GC(59) Concurrent Clear Claimed Marks
[2026-03-25T21:45:13.918+0900][6.860s][info][gc,marking  ] GC(59) Concurrent Clear Claimed Marks 0.378ms
[2026-03-25T21:45:13.918+0900][6.860s][info][gc,marking  ] GC(59) Concurrent Scan Root Regions
[2026-03-25T21:45:13.918+0900][6.860s][info][gc,marking  ] GC(59) Concurrent Scan Root Regions 0.069ms
[2026-03-25T21:45:13.918+0900][6.860s][info][gc,marking  ] GC(59) Concurrent Mark
[2026-03-25T21:45:13.918+0900][6.860s][info][gc,marking  ] GC(59) Concurrent Mark From Roots
[2026-03-25T21:45:13.918+0900][6.860s][info][gc,task     ] GC(59) Using 2 workers of 2 for marking
[2026-03-25T21:45:13.920+0900][6.862s][info][gc,marking  ] GC(59) Concurrent Mark From Roots 1.911ms
[2026-03-25T21:45:13.920+0900][6.862s][info][gc,marking  ] GC(59) Concurrent Preclean
[2026-03-25T21:45:13.920+0900][6.862s][info][gc,marking  ] GC(59) Concurrent Preclean 0.043ms
[2026-03-25T21:45:13.920+0900][6.862s][info][gc,start    ] GC(59) Pause Remark
[2026-03-25T21:45:13.921+0900][6.863s][info][gc          ] GC(59) Pause Remark 150M->150M(258M) 0.370ms
[2026-03-25T21:45:13.921+0900][6.863s][info][gc,cpu      ] GC(59) User=0.00s Sys=0.00s Real=0.00s
[2026-03-25T21:45:13.921+0900][6.863s][info][gc,marking  ] GC(59) Concurrent Mark 2.531ms
[2026-03-25T21:45:13.921+0900][6.863s][info][gc,marking  ] GC(59) Concurrent Rebuild Remembered Sets
[2026-03-25T21:45:13.921+0900][6.863s][info][gc,marking  ] GC(59) Concurrent Rebuild Remembered Sets 0.532ms
[2026-03-25T21:45:13.921+0900][6.863s][info][gc,start    ] GC(59) Pause Cleanup
[2026-03-25T21:45:13.921+0900][6.864s][info][gc          ] GC(59) Pause Cleanup 150M->150M(258M) 0.062ms
[2026-03-25T21:45:13.921+0900][6.864s][info][gc,cpu      ] GC(59) User=0.00s Sys=0.00s Real=0.00s
[2026-03-25T21:45:13.921+0900][6.864s][info][gc,marking  ] GC(59) Concurrent Cleanup for Next Mark
[2026-03-25T21:45:13.922+0900][6.864s][info][gc,marking  ] GC(59) Concurrent Cleanup for Next Mark 0.234ms
[2026-03-25T21:45:13.922+0900][6.864s][info][gc          ] GC(59) Concurrent Mark Cycle 4.067ms
[2026-03-25T21:45:13.972+0900][6.914s][info][gc,start    ] GC(60) Pause Young (Concurrent Start) (G1 Humongous Allocation)
[2026-03-25T21:45:13.972+0900][6.914s][info][gc,task     ] GC(60) Using 6 workers of 8 for evacuation
[2026-03-25T21:45:13.973+0900][6.915s][info][gc,phases   ] GC(60)   Pre Evacuate Collection Set: 0.1ms
[2026-03-25T21:45:13.973+0900][6.915s][info][gc,phases   ] GC(60)   Merge Heap Roots: 0.0ms
[2026-03-25T21:45:13.973+0900][6.915s][info][gc,phases   ] GC(60)   Evacuate Collection Set: 0.2ms
[2026-03-25T21:45:13.973+0900][6.915s][info][gc,phases   ] GC(60)   Post Evacuate Collection Set: 0.1ms
[2026-03-25T21:45:13.973+0900][6.915s][info][gc,phases   ] GC(60)   Other: 0.2ms
[2026-03-25T21:45:13.973+0900][6.915s][info][gc,heap     ] GC(60) Eden regions: 1->0(78)
[2026-03-25T21:45:13.973+0900][6.915s][info][gc,heap     ] GC(60) Survivor regions: 1->1(10)
[2026-03-25T21:45:13.973+0900][6.915s][info][gc,heap     ] GC(60) Old regions: 1->1
[2026-03-25T21:45:13.973+0900][6.915s][info][gc,heap     ] GC(60) Archive regions: 2->2
[2026-03-25T21:45:13.973+0900][6.915s][info][gc,heap     ] GC(60) Humongous regions: 149->149
[2026-03-25T21:45:13.973+0900][6.915s][info][gc,metaspace] GC(60) Metaspace: 172K(384K)->172K(384K) NonClass: 164K(256K)->164K(256K) Class: 7K(128K)->7K(128K)
[2026-03-25T21:45:13.973+0900][6.915s][info][gc          ] GC(60) Pause Young (Concurrent Start) (G1 Humongous Allocation) 150M->150M(258M) 0.731ms
[2026-03-25T21:45:13.973+0900][6.915s][info][gc,cpu      ] GC(60) User=0.00s Sys=0.00s Real=0.00s
[2026-03-25T21:45:13.973+0900][6.915s][info][gc          ] GC(61) Concurrent Mark Cycle
[2026-03-25T21:45:13.973+0900][6.915s][info][gc,marking  ] GC(61) Concurrent Clear Claimed Marks
[2026-03-25T21:45:13.973+0900][6.915s][info][gc,marking  ] GC(61) Concurrent Clear Claimed Marks 0.013ms
[2026-03-25T21:45:13.973+0900][6.915s][info][gc,marking  ] GC(61) Concurrent Scan Root Regions
[2026-03-25T21:45:13.973+0900][6.915s][info][gc,marking  ] GC(61) Concurrent Scan Root Regions 0.066ms
[2026-03-25T21:45:13.973+0900][6.915s][info][gc,marking  ] GC(61) Concurrent Mark
[2026-03-25T21:45:13.973+0900][6.915s][info][gc,marking  ] GC(61) Concurrent Mark From Roots
[2026-03-25T21:45:13.973+0900][6.915s][info][gc,task     ] GC(61) Using 2 workers of 2 for marking
[2026-03-25T21:45:13.975+0900][6.917s][info][gc,marking  ] GC(61) Concurrent Mark From Roots 1.727ms
[2026-03-25T21:45:13.975+0900][6.917s][info][gc,marking  ] GC(61) Concurrent Preclean
[2026-03-25T21:45:13.975+0900][6.917s][info][gc,marking  ] GC(61) Concurrent Preclean 0.033ms
[2026-03-25T21:45:13.975+0900][6.917s][info][gc,start    ] GC(61) Pause Remark
[2026-03-25T21:45:13.975+0900][6.917s][info][gc          ] GC(61) Pause Remark 151M->151M(258M) 0.289ms
[2026-03-25T21:45:13.975+0900][6.917s][info][gc,cpu      ] GC(61) User=0.00s Sys=0.00s Real=0.00s
[2026-03-25T21:45:13.975+0900][6.917s][info][gc,marking  ] GC(61) Concurrent Mark 2.162ms
[2026-03-25T21:45:13.975+0900][6.917s][info][gc,marking  ] GC(61) Concurrent Rebuild Remembered Sets
[2026-03-25T21:45:13.976+0900][6.918s][info][gc,marking  ] GC(61) Concurrent Rebuild Remembered Sets 0.588ms
[2026-03-25T21:45:13.976+0900][6.918s][info][gc,start    ] GC(61) Pause Cleanup
[2026-03-25T21:45:13.976+0900][6.918s][info][gc          ] GC(61) Pause Cleanup 151M->151M(258M) 0.063ms
[2026-03-25T21:45:13.976+0900][6.918s][info][gc,cpu      ] GC(61) User=0.00s Sys=0.00s Real=0.00s
[2026-03-25T21:45:13.976+0900][6.918s][info][gc,marking  ] GC(61) Concurrent Cleanup for Next Mark
[2026-03-25T21:45:13.976+0900][6.918s][info][gc,marking  ] GC(61) Concurrent Cleanup for Next Mark 0.238ms
[2026-03-25T21:45:13.976+0900][6.919s][info][gc          ] GC(61) Concurrent Mark Cycle 3.392ms
[2026-03-25T21:45:14.026+0900][6.968s][info][gc,start    ] GC(62) Pause Young (Concurrent Start) (G1 Humongous Allocation)
[2026-03-25T21:45:14.026+0900][6.968s][info][gc,task     ] GC(62) Using 6 workers of 8 for evacuation
[2026-03-25T21:45:14.027+0900][6.969s][info][gc,phases   ] GC(62)   Pre Evacuate Collection Set: 0.1ms
[2026-03-25T21:45:14.027+0900][6.969s][info][gc,phases   ] GC(62)   Merge Heap Roots: 0.1ms
[2026-03-25T21:45:14.027+0900][6.969s][info][gc,phases   ] GC(62)   Evacuate Collection Set: 0.2ms
[2026-03-25T21:45:14.027+0900][6.969s][info][gc,phases   ] GC(62)   Post Evacuate Collection Set: 0.1ms
[2026-03-25T21:45:14.027+0900][6.969s][info][gc,phases   ] GC(62)   Other: 0.2ms
[2026-03-25T21:45:14.027+0900][6.969s][info][gc,heap     ] GC(62) Eden regions: 1->0(77)
[2026-03-25T21:45:14.027+0900][6.969s][info][gc,heap     ] GC(62) Survivor regions: 1->1(10)
[2026-03-25T21:45:14.027+0900][6.969s][info][gc,heap     ] GC(62) Old regions: 1->1
[2026-03-25T21:45:14.027+0900][6.969s][info][gc,heap     ] GC(62) Archive regions: 2->2
[2026-03-25T21:45:14.027+0900][6.969s][info][gc,heap     ] GC(62) Humongous regions: 150->150
[2026-03-25T21:45:14.027+0900][6.969s][info][gc,metaspace] GC(62) Metaspace: 172K(384K)->172K(384K) NonClass: 164K(256K)->164K(256K) Class: 7K(128K)->7K(128K)
[2026-03-25T21:45:14.027+0900][6.969s][info][gc          ] GC(62) Pause Young (Concurrent Start) (G1 Humongous Allocation) 151M->151M(258M) 0.729ms
[2026-03-25T21:45:14.027+0900][6.969s][info][gc,cpu      ] GC(62) User=0.00s Sys=0.00s Real=0.00s
[2026-03-25T21:45:14.027+0900][6.969s][info][gc          ] GC(63) Concurrent Mark Cycle
[2026-03-25T21:45:14.027+0900][6.969s][info][gc,marking  ] GC(63) Concurrent Clear Claimed Marks
[2026-03-25T21:45:14.027+0900][6.969s][info][gc,marking  ] GC(63) Concurrent Clear Claimed Marks 0.015ms
[2026-03-25T21:45:14.027+0900][6.969s][info][gc,marking  ] GC(63) Concurrent Scan Root Regions
[2026-03-25T21:45:14.027+0900][6.969s][info][gc,marking  ] GC(63) Concurrent Scan Root Regions 0.050ms
[2026-03-25T21:45:14.027+0900][6.969s][info][gc,marking  ] GC(63) Concurrent Mark
[2026-03-25T21:45:14.027+0900][6.969s][info][gc,marking  ] GC(63) Concurrent Mark From Roots
[2026-03-25T21:45:14.027+0900][6.969s][info][gc,task     ] GC(63) Using 2 workers of 2 for marking
[2026-03-25T21:45:14.029+0900][6.971s][info][gc,marking  ] GC(63) Concurrent Mark From Roots 1.770ms
[2026-03-25T21:45:14.029+0900][6.971s][info][gc,marking  ] GC(63) Concurrent Preclean
[2026-03-25T21:45:14.029+0900][6.971s][info][gc,marking  ] GC(63) Concurrent Preclean 0.036ms
[2026-03-25T21:45:14.029+0900][6.971s][info][gc,start    ] GC(63) Pause Remark
[2026-03-25T21:45:14.029+0900][6.971s][info][gc          ] GC(63) Pause Remark 152M->152M(259M) 0.331ms
[2026-03-25T21:45:14.029+0900][6.971s][info][gc,cpu      ] GC(63) User=0.00s Sys=0.00s Real=0.00s
[2026-03-25T21:45:14.029+0900][6.971s][info][gc,marking  ] GC(63) Concurrent Mark 2.256ms
[2026-03-25T21:45:14.029+0900][6.971s][info][gc,marking  ] GC(63) Concurrent Rebuild Remembered Sets
[2026-03-25T21:45:14.030+0900][6.972s][info][gc,marking  ] GC(63) Concurrent Rebuild Remembered Sets 0.572ms
[2026-03-25T21:45:14.030+0900][6.972s][info][gc,start    ] GC(63) Pause Cleanup
[2026-03-25T21:45:14.030+0900][6.972s][info][gc          ] GC(63) Pause Cleanup 152M->152M(259M) 0.066ms
[2026-03-25T21:45:14.030+0900][6.972s][info][gc,cpu      ] GC(63) User=0.00s Sys=0.01s Real=0.00s
[2026-03-25T21:45:14.030+0900][6.972s][info][gc,marking  ] GC(63) Concurrent Cleanup for Next Mark
[2026-03-25T21:45:14.030+0900][6.972s][info][gc,marking  ] GC(63) Concurrent Cleanup for Next Mark 0.250ms
[2026-03-25T21:45:14.030+0900][6.972s][info][gc          ] GC(63) Concurrent Mark Cycle 3.486ms
[2026-03-25T21:45:14.079+0900][7.021s][info][gc,start    ] GC(64) Pause Young (Concurrent Start) (G1 Humongous Allocation)
[2026-03-25T21:45:14.079+0900][7.021s][info][gc,task     ] GC(64) Using 6 workers of 8 for evacuation
[2026-03-25T21:45:14.080+0900][7.022s][info][gc,phases   ] GC(64)   Pre Evacuate Collection Set: 0.1ms
[2026-03-25T21:45:14.080+0900][7.022s][info][gc,phases   ] GC(64)   Merge Heap Roots: 0.1ms
[2026-03-25T21:45:14.080+0900][7.022s][info][gc,phases   ] GC(64)   Evacuate Collection Set: 0.2ms
[2026-03-25T21:45:14.080+0900][7.022s][info][gc,phases   ] GC(64)   Post Evacuate Collection Set: 0.2ms
[2026-03-25T21:45:14.080+0900][7.022s][info][gc,phases   ] GC(64)   Other: 0.3ms
[2026-03-25T21:45:14.080+0900][7.022s][info][gc,heap     ] GC(64) Eden regions: 1->0(77)
[2026-03-25T21:45:14.080+0900][7.022s][info][gc,heap     ] GC(64) Survivor regions: 1->1(10)
[2026-03-25T21:45:14.080+0900][7.022s][info][gc,heap     ] GC(64) Old regions: 1->1
[2026-03-25T21:45:14.080+0900][7.022s][info][gc,heap     ] GC(64) Archive regions: 2->2
[2026-03-25T21:45:14.080+0900][7.022s][info][gc,heap     ] GC(64) Humongous regions: 151->151
[2026-03-25T21:45:14.080+0900][7.022s][info][gc,metaspace] GC(64) Metaspace: 172K(384K)->172K(384K) NonClass: 164K(256K)->164K(256K) Class: 7K(128K)->7K(128K)
[2026-03-25T21:45:14.080+0900][7.022s][info][gc          ] GC(64) Pause Young (Concurrent Start) (G1 Humongous Allocation) 152M->152M(259M) 1.306ms
[2026-03-25T21:45:14.080+0900][7.022s][info][gc,cpu      ] GC(64) User=0.00s Sys=0.00s Real=0.01s
[2026-03-25T21:45:14.080+0900][7.022s][info][gc          ] GC(65) Concurrent Mark Cycle
[2026-03-25T21:45:14.080+0900][7.022s][info][gc,marking  ] GC(65) Concurrent Clear Claimed Marks
[2026-03-25T21:45:14.080+0900][7.022s][info][gc,marking  ] GC(65) Concurrent Clear Claimed Marks 0.030ms
[2026-03-25T21:45:14.080+0900][7.022s][info][gc,marking  ] GC(65) Concurrent Scan Root Regions
[2026-03-25T21:45:14.080+0900][7.022s][info][gc,marking  ] GC(65) Concurrent Scan Root Regions 0.076ms
[2026-03-25T21:45:14.080+0900][7.023s][info][gc,marking  ] GC(65) Concurrent Mark
[2026-03-25T21:45:14.080+0900][7.023s][info][gc,marking  ] GC(65) Concurrent Mark From Roots
[2026-03-25T21:45:14.080+0900][7.023s][info][gc,task     ] GC(65) Using 2 workers of 2 for marking
[2026-03-25T21:45:14.083+0900][7.025s][info][gc,marking  ] GC(65) Concurrent Mark From Roots 2.505ms
[2026-03-25T21:45:14.083+0900][7.025s][info][gc,marking  ] GC(65) Concurrent Preclean
[2026-03-25T21:45:14.083+0900][7.025s][info][gc,marking  ] GC(65) Concurrent Preclean 0.042ms
[2026-03-25T21:45:14.083+0900][7.025s][info][gc,start    ] GC(65) Pause Remark
[2026-03-25T21:45:14.083+0900][7.026s][info][gc          ] GC(65) Pause Remark 153M->153M(260M) 0.365ms
[2026-03-25T21:45:14.083+0900][7.026s][info][gc,cpu      ] GC(65) User=0.00s Sys=0.00s Real=0.00s
[2026-03-25T21:45:14.083+0900][7.026s][info][gc,marking  ] GC(65) Concurrent Mark 3.074ms
[2026-03-25T21:45:14.083+0900][7.026s][info][gc,marking  ] GC(65) Concurrent Rebuild Remembered Sets
[2026-03-25T21:45:14.084+0900][7.026s][info][gc,marking  ] GC(65) Concurrent Rebuild Remembered Sets 0.633ms
[2026-03-25T21:45:14.084+0900][7.026s][info][gc,start    ] GC(65) Pause Cleanup
[2026-03-25T21:45:14.084+0900][7.026s][info][gc          ] GC(65) Pause Cleanup 153M->153M(260M) 0.067ms
[2026-03-25T21:45:14.084+0900][7.026s][info][gc,cpu      ] GC(65) User=0.00s Sys=0.00s Real=0.00s
[2026-03-25T21:45:14.084+0900][7.026s][info][gc,marking  ] GC(65) Concurrent Cleanup for Next Mark
[2026-03-25T21:45:14.085+0900][7.027s][info][gc,marking  ] GC(65) Concurrent Cleanup for Next Mark 0.341ms
[2026-03-25T21:45:14.085+0900][7.027s][info][gc          ] GC(65) Concurrent Mark Cycle 4.546ms
[2026-03-25T21:45:14.134+0900][7.077s][info][gc,start    ] GC(66) Pause Young (Concurrent Start) (G1 Humongous Allocation)
[2026-03-25T21:45:14.135+0900][7.077s][info][gc,task     ] GC(66) Using 6 workers of 8 for evacuation
[2026-03-25T21:45:14.135+0900][7.077s][info][gc,phases   ] GC(66)   Pre Evacuate Collection Set: 0.1ms
[2026-03-25T21:45:14.135+0900][7.078s][info][gc,phases   ] GC(66)   Merge Heap Roots: 0.1ms
[2026-03-25T21:45:14.135+0900][7.078s][info][gc,phases   ] GC(66)   Evacuate Collection Set: 0.3ms
[2026-03-25T21:45:14.135+0900][7.078s][info][gc,phases   ] GC(66)   Post Evacuate Collection Set: 0.2ms
[2026-03-25T21:45:14.135+0900][7.078s][info][gc,phases   ] GC(66)   Other: 0.3ms
[2026-03-25T21:45:14.136+0900][7.078s][info][gc,heap     ] GC(66) Eden regions: 1->0(77)
[2026-03-25T21:45:14.136+0900][7.078s][info][gc,heap     ] GC(66) Survivor regions: 1->1(10)
[2026-03-25T21:45:14.136+0900][7.078s][info][gc,heap     ] GC(66) Old regions: 1->1
[2026-03-25T21:45:14.136+0900][7.078s][info][gc,heap     ] GC(66) Archive regions: 2->2
[2026-03-25T21:45:14.136+0900][7.078s][info][gc,heap     ] GC(66) Humongous regions: 152->152
[2026-03-25T21:45:14.136+0900][7.078s][info][gc,metaspace] GC(66) Metaspace: 172K(384K)->172K(384K) NonClass: 164K(256K)->164K(256K) Class: 7K(128K)->7K(128K)
[2026-03-25T21:45:14.136+0900][7.078s][info][gc          ] GC(66) Pause Young (Concurrent Start) (G1 Humongous Allocation) 153M->153M(260M) 1.131ms
[2026-03-25T21:45:14.136+0900][7.078s][info][gc,cpu      ] GC(66) User=0.01s Sys=0.00s Real=0.00s
[2026-03-25T21:45:14.136+0900][7.078s][info][gc          ] GC(67) Concurrent Mark Cycle
[2026-03-25T21:45:14.136+0900][7.078s][info][gc,marking  ] GC(67) Concurrent Clear Claimed Marks
[2026-03-25T21:45:14.136+0900][7.078s][info][gc,marking  ] GC(67) Concurrent Clear Claimed Marks 0.016ms
[2026-03-25T21:45:14.136+0900][7.078s][info][gc,marking  ] GC(67) Concurrent Scan Root Regions
[2026-03-25T21:45:14.136+0900][7.078s][info][gc,marking  ] GC(67) Concurrent Scan Root Regions 0.048ms
[2026-03-25T21:45:14.136+0900][7.078s][info][gc,marking  ] GC(67) Concurrent Mark
[2026-03-25T21:45:14.136+0900][7.078s][info][gc,marking  ] GC(67) Concurrent Mark From Roots
[2026-03-25T21:45:14.136+0900][7.078s][info][gc,task     ] GC(67) Using 2 workers of 2 for marking
[2026-03-25T21:45:14.138+0900][7.080s][info][gc,marking  ] GC(67) Concurrent Mark From Roots 1.765ms
[2026-03-25T21:45:14.138+0900][7.080s][info][gc,marking  ] GC(67) Concurrent Preclean
[2026-03-25T21:45:14.138+0900][7.080s][info][gc,marking  ] GC(67) Concurrent Preclean 0.040ms
[2026-03-25T21:45:14.138+0900][7.080s][info][gc,start    ] GC(67) Pause Remark
[2026-03-25T21:45:14.138+0900][7.080s][info][gc          ] GC(67) Pause Remark 154M->154M(262M) 0.357ms
[2026-03-25T21:45:14.138+0900][7.080s][info][gc,cpu      ] GC(67) User=0.00s Sys=0.00s Real=0.00s
[2026-03-25T21:45:14.138+0900][7.080s][info][gc,marking  ] GC(67) Concurrent Mark 2.351ms
[2026-03-25T21:45:14.138+0900][7.080s][info][gc,marking  ] GC(67) Concurrent Rebuild Remembered Sets
[2026-03-25T21:45:14.139+0900][7.081s][info][gc,marking  ] GC(67) Concurrent Rebuild Remembered Sets 0.527ms
[2026-03-25T21:45:14.139+0900][7.081s][info][gc,start    ] GC(67) Pause Cleanup
[2026-03-25T21:45:14.139+0900][7.081s][info][gc          ] GC(67) Pause Cleanup 154M->154M(262M) 0.058ms
[2026-03-25T21:45:14.139+0900][7.081s][info][gc,cpu      ] GC(67) User=0.00s Sys=0.00s Real=0.00s
[2026-03-25T21:45:14.139+0900][7.081s][info][gc,marking  ] GC(67) Concurrent Cleanup for Next Mark
[2026-03-25T21:45:14.139+0900][7.081s][info][gc,marking  ] GC(67) Concurrent Cleanup for Next Mark 0.230ms
[2026-03-25T21:45:14.139+0900][7.081s][info][gc          ] GC(67) Concurrent Mark Cycle 3.467ms
[2026-03-25T21:45:14.189+0900][7.131s][info][gc,start    ] GC(68) Pause Young (Concurrent Start) (G1 Humongous Allocation)
[2026-03-25T21:45:14.189+0900][7.131s][info][gc,task     ] GC(68) Using 6 workers of 8 for evacuation
[2026-03-25T21:45:14.189+0900][7.132s][info][gc,phases   ] GC(68)   Pre Evacuate Collection Set: 0.1ms
[2026-03-25T21:45:14.190+0900][7.132s][info][gc,phases   ] GC(68)   Merge Heap Roots: 0.1ms
[2026-03-25T21:45:14.190+0900][7.132s][info][gc,phases   ] GC(68)   Evacuate Collection Set: 0.2ms
[2026-03-25T21:45:14.190+0900][7.132s][info][gc,phases   ] GC(68)   Post Evacuate Collection Set: 0.1ms
[2026-03-25T21:45:14.190+0900][7.132s][info][gc,phases   ] GC(68)   Other: 0.2ms
[2026-03-25T21:45:14.190+0900][7.132s][info][gc,heap     ] GC(68) Eden regions: 1->0(77)
[2026-03-25T21:45:14.190+0900][7.132s][info][gc,heap     ] GC(68) Survivor regions: 1->1(10)
[2026-03-25T21:45:14.190+0900][7.132s][info][gc,heap     ] GC(68) Old regions: 1->1
[2026-03-25T21:45:14.190+0900][7.132s][info][gc,heap     ] GC(68) Archive regions: 2->2
[2026-03-25T21:45:14.190+0900][7.132s][info][gc,heap     ] GC(68) Humongous regions: 153->153
[2026-03-25T21:45:14.190+0900][7.132s][info][gc,metaspace] GC(68) Metaspace: 172K(384K)->172K(384K) NonClass: 164K(256K)->164K(256K) Class: 7K(128K)->7K(128K)
[2026-03-25T21:45:14.190+0900][7.132s][info][gc          ] GC(68) Pause Young (Concurrent Start) (G1 Humongous Allocation) 154M->154M(262M) 0.771ms
[2026-03-25T21:45:14.190+0900][7.132s][info][gc,cpu      ] GC(68) User=0.00s Sys=0.00s Real=0.01s
[2026-03-25T21:45:14.190+0900][7.132s][info][gc          ] GC(69) Concurrent Mark Cycle
[2026-03-25T21:45:14.190+0900][7.132s][info][gc,marking  ] GC(69) Concurrent Clear Claimed Marks
[2026-03-25T21:45:14.190+0900][7.132s][info][gc,marking  ] GC(69) Concurrent Clear Claimed Marks 0.012ms
[2026-03-25T21:45:14.190+0900][7.132s][info][gc,marking  ] GC(69) Concurrent Scan Root Regions
[2026-03-25T21:45:14.190+0900][7.132s][info][gc,marking  ] GC(69) Concurrent Scan Root Regions 0.036ms
[2026-03-25T21:45:14.190+0900][7.132s][info][gc,marking  ] GC(69) Concurrent Mark
[2026-03-25T21:45:14.190+0900][7.132s][info][gc,marking  ] GC(69) Concurrent Mark From Roots
[2026-03-25T21:45:14.190+0900][7.132s][info][gc,task     ] GC(69) Using 2 workers of 2 for marking
[2026-03-25T21:45:14.191+0900][7.134s][info][gc,marking  ] GC(69) Concurrent Mark From Roots 1.678ms
[2026-03-25T21:45:14.192+0900][7.134s][info][gc,marking  ] GC(69) Concurrent Preclean
[2026-03-25T21:45:14.192+0900][7.134s][info][gc,marking  ] GC(69) Concurrent Preclean 0.034ms
[2026-03-25T21:45:14.192+0900][7.134s][info][gc,start    ] GC(69) Pause Remark
[2026-03-25T21:45:14.192+0900][7.134s][info][gc          ] GC(69) Pause Remark 157M->157M(269M) 0.367ms
[2026-03-25T21:45:14.192+0900][7.134s][info][gc,cpu      ] GC(69) User=0.00s Sys=0.00s Real=0.00s
[2026-03-25T21:45:14.192+0900][7.134s][info][gc,marking  ] GC(69) Concurrent Mark 2.190ms
[2026-03-25T21:45:14.192+0900][7.134s][info][gc,marking  ] GC(69) Concurrent Rebuild Remembered Sets
[2026-03-25T21:45:14.193+0900][7.135s][info][gc,marking  ] GC(69) Concurrent Rebuild Remembered Sets 0.524ms
[2026-03-25T21:45:14.193+0900][7.135s][info][gc,start    ] GC(69) Pause Cleanup
[2026-03-25T21:45:14.193+0900][7.135s][info][gc          ] GC(69) Pause Cleanup 157M->157M(269M) 0.070ms
[2026-03-25T21:45:14.193+0900][7.135s][info][gc,cpu      ] GC(69) User=0.00s Sys=0.00s Real=0.00s
[2026-03-25T21:45:14.193+0900][7.135s][info][gc,marking  ] GC(69) Concurrent Cleanup for Next Mark
[2026-03-25T21:45:14.193+0900][7.135s][info][gc,marking  ] GC(69) Concurrent Cleanup for Next Mark 0.242ms
[2026-03-25T21:45:14.193+0900][7.135s][info][gc          ] GC(69) Concurrent Mark Cycle 3.306ms
[2026-03-25T21:45:14.245+0900][7.187s][info][gc,start    ] GC(70) Pause Young (Concurrent Start) (G1 Humongous Allocation)
[2026-03-25T21:45:14.245+0900][7.187s][info][gc,task     ] GC(70) Using 6 workers of 8 for evacuation
[2026-03-25T21:45:14.246+0900][7.188s][info][gc,phases   ] GC(70)   Pre Evacuate Collection Set: 0.1ms
[2026-03-25T21:45:14.246+0900][7.188s][info][gc,phases   ] GC(70)   Merge Heap Roots: 0.1ms
[2026-03-25T21:45:14.246+0900][7.188s][info][gc,phases   ] GC(70)   Evacuate Collection Set: 0.2ms
[2026-03-25T21:45:14.246+0900][7.188s][info][gc,phases   ] GC(70)   Post Evacuate Collection Set: 0.1ms
[2026-03-25T21:45:14.246+0900][7.188s][info][gc,phases   ] GC(70)   Other: 0.2ms
[2026-03-25T21:45:14.246+0900][7.188s][info][gc,heap     ] GC(70) Eden regions: 1->0(81)
[2026-03-25T21:45:14.246+0900][7.188s][info][gc,heap     ] GC(70) Survivor regions: 1->1(10)
[2026-03-25T21:45:14.246+0900][7.188s][info][gc,heap     ] GC(70) Old regions: 1->1
[2026-03-25T21:45:14.246+0900][7.188s][info][gc,heap     ] GC(70) Archive regions: 2->2
[2026-03-25T21:45:14.246+0900][7.188s][info][gc,heap     ] GC(70) Humongous regions: 156->156
[2026-03-25T21:45:14.246+0900][7.188s][info][gc,metaspace] GC(70) Metaspace: 172K(384K)->172K(384K) NonClass: 164K(256K)->164K(256K) Class: 7K(128K)->7K(128K)
[2026-03-25T21:45:14.246+0900][7.188s][info][gc          ] GC(70) Pause Young (Concurrent Start) (G1 Humongous Allocation) 157M->157M(269M) 0.751ms
[2026-03-25T21:45:14.246+0900][7.188s][info][gc,cpu      ] GC(70) User=0.00s Sys=0.00s Real=0.00s
[2026-03-25T21:45:14.246+0900][7.188s][info][gc          ] GC(71) Concurrent Mark Cycle
[2026-03-25T21:45:14.246+0900][7.188s][info][gc,marking  ] GC(71) Concurrent Clear Claimed Marks
[2026-03-25T21:45:14.246+0900][7.188s][info][gc,marking  ] GC(71) Concurrent Clear Claimed Marks 0.015ms
[2026-03-25T21:45:14.246+0900][7.188s][info][gc,marking  ] GC(71) Concurrent Scan Root Regions
[2026-03-25T21:45:14.246+0900][7.188s][info][gc,marking  ] GC(71) Concurrent Scan Root Regions 0.037ms
[2026-03-25T21:45:14.246+0900][7.188s][info][gc,marking  ] GC(71) Concurrent Mark
[2026-03-25T21:45:14.246+0900][7.188s][info][gc,marking  ] GC(71) Concurrent Mark From Roots
[2026-03-25T21:45:14.246+0900][7.188s][info][gc,task     ] GC(71) Using 2 workers of 2 for marking
[2026-03-25T21:45:14.248+0900][7.190s][info][gc,marking  ] GC(71) Concurrent Mark From Roots 1.709ms
[2026-03-25T21:45:14.248+0900][7.190s][info][gc,marking  ] GC(71) Concurrent Preclean
[2026-03-25T21:45:14.248+0900][7.190s][info][gc,marking  ] GC(71) Concurrent Preclean 0.034ms
[2026-03-25T21:45:14.248+0900][7.190s][info][gc,start    ] GC(71) Pause Remark
[2026-03-25T21:45:14.248+0900][7.190s][info][gc          ] GC(71) Pause Remark 158M->158M(269M) 0.247ms
[2026-03-25T21:45:14.248+0900][7.190s][info][gc,cpu      ] GC(71) User=0.00s Sys=0.00s Real=0.00s
[2026-03-25T21:45:14.248+0900][7.190s][info][gc,marking  ] GC(71) Concurrent Mark 2.094ms
[2026-03-25T21:45:14.248+0900][7.190s][info][gc,marking  ] GC(71) Concurrent Rebuild Remembered Sets
[2026-03-25T21:45:14.249+0900][7.191s][info][gc,marking  ] GC(71) Concurrent Rebuild Remembered Sets 0.525ms
[2026-03-25T21:45:14.249+0900][7.191s][info][gc,start    ] GC(71) Pause Cleanup
[2026-03-25T21:45:14.249+0900][7.191s][info][gc          ] GC(71) Pause Cleanup 158M->158M(269M) 0.109ms
[2026-03-25T21:45:14.249+0900][7.191s][info][gc,cpu      ] GC(71) User=0.00s Sys=0.00s Real=0.00s
[2026-03-25T21:45:14.249+0900][7.191s][info][gc,marking  ] GC(71) Concurrent Cleanup for Next Mark
[2026-03-25T21:45:14.249+0900][7.191s][info][gc,marking  ] GC(71) Concurrent Cleanup for Next Mark 0.294ms
[2026-03-25T21:45:14.249+0900][7.191s][info][gc          ] GC(71) Concurrent Mark Cycle 3.338ms
[2026-03-25T21:45:14.301+0900][7.243s][info][gc,start    ] GC(72) Pause Young (Concurrent Start) (G1 Humongous Allocation)
[2026-03-25T21:45:14.301+0900][7.243s][info][gc,task     ] GC(72) Using 6 workers of 8 for evacuation
[2026-03-25T21:45:14.302+0900][7.244s][info][gc,phases   ] GC(72)   Pre Evacuate Collection Set: 0.5ms
[2026-03-25T21:45:14.302+0900][7.244s][info][gc,phases   ] GC(72)   Merge Heap Roots: 0.1ms
[2026-03-25T21:45:14.302+0900][7.244s][info][gc,phases   ] GC(72)   Evacuate Collection Set: 0.3ms
[2026-03-25T21:45:14.302+0900][7.244s][info][gc,phases   ] GC(72)   Post Evacuate Collection Set: 0.1ms
[2026-03-25T21:45:14.302+0900][7.244s][info][gc,phases   ] GC(72)   Other: 0.3ms
[2026-03-25T21:45:14.302+0900][7.244s][info][gc,heap     ] GC(72) Eden regions: 1->0(80)
[2026-03-25T21:45:14.302+0900][7.244s][info][gc,heap     ] GC(72) Survivor regions: 1->1(11)
[2026-03-25T21:45:14.302+0900][7.244s][info][gc,heap     ] GC(72) Old regions: 1->1
[2026-03-25T21:45:14.302+0900][7.244s][info][gc,heap     ] GC(72) Archive regions: 2->2
[2026-03-25T21:45:14.302+0900][7.244s][info][gc,heap     ] GC(72) Humongous regions: 157->157
[2026-03-25T21:45:14.302+0900][7.244s][info][gc,metaspace] GC(72) Metaspace: 172K(384K)->172K(384K) NonClass: 164K(256K)->164K(256K) Class: 7K(128K)->7K(128K)
[2026-03-25T21:45:14.302+0900][7.245s][info][gc          ] GC(72) Pause Young (Concurrent Start) (G1 Humongous Allocation) 158M->158M(269M) 1.576ms
[2026-03-25T21:45:14.302+0900][7.245s][info][gc,cpu      ] GC(72) User=0.00s Sys=0.00s Real=0.00s
[2026-03-25T21:45:14.302+0900][7.245s][info][gc          ] GC(73) Concurrent Mark Cycle
[2026-03-25T21:45:14.302+0900][7.245s][info][gc,marking  ] GC(73) Concurrent Clear Claimed Marks
[2026-03-25T21:45:14.302+0900][7.245s][info][gc,marking  ] GC(73) Concurrent Clear Claimed Marks 0.013ms
[2026-03-25T21:45:14.302+0900][7.245s][info][gc,marking  ] GC(73) Concurrent Scan Root Regions
[2026-03-25T21:45:14.303+0900][7.245s][info][gc,marking  ] GC(73) Concurrent Scan Root Regions 0.160ms
[2026-03-25T21:45:14.303+0900][7.245s][info][gc,marking  ] GC(73) Concurrent Mark
[2026-03-25T21:45:14.303+0900][7.245s][info][gc,marking  ] GC(73) Concurrent Mark From Roots
[2026-03-25T21:45:14.303+0900][7.245s][info][gc,task     ] GC(73) Using 2 workers of 2 for marking
[2026-03-25T21:45:14.307+0900][7.249s][info][gc,marking  ] GC(73) Concurrent Mark From Roots 4.230ms
[2026-03-25T21:45:14.307+0900][7.249s][info][gc,marking  ] GC(73) Concurrent Preclean
[2026-03-25T21:45:14.307+0900][7.249s][info][gc,marking  ] GC(73) Concurrent Preclean 0.041ms
[2026-03-25T21:45:14.307+0900][7.249s][info][gc,start    ] GC(73) Pause Remark
[2026-03-25T21:45:14.308+0900][7.250s][info][gc          ] GC(73) Pause Remark 159M->159M(270M) 0.646ms
[2026-03-25T21:45:14.308+0900][7.250s][info][gc,cpu      ] GC(73) User=0.00s Sys=0.00s Real=0.00s
[2026-03-25T21:45:14.309+0900][7.251s][info][gc,marking  ] GC(73) Concurrent Mark 5.956ms
[2026-03-25T21:45:14.309+0900][7.251s][info][gc,marking  ] GC(73) Concurrent Rebuild Remembered Sets
[2026-03-25T21:45:14.310+0900][7.252s][info][gc,marking  ] GC(73) Concurrent Rebuild Remembered Sets 1.164ms
[2026-03-25T21:45:14.310+0900][7.252s][info][gc,start    ] GC(73) Pause Cleanup
[2026-03-25T21:45:14.310+0900][7.252s][info][gc          ] GC(73) Pause Cleanup 159M->159M(270M) 0.095ms
[2026-03-25T21:45:14.310+0900][7.252s][info][gc,cpu      ] GC(73) User=0.00s Sys=0.00s Real=0.00s
[2026-03-25T21:45:14.311+0900][7.253s][info][gc,marking  ] GC(73) Concurrent Cleanup for Next Mark
[2026-03-25T21:45:14.311+0900][7.253s][info][gc,marking  ] GC(73) Concurrent Cleanup for Next Mark 0.393ms
[2026-03-25T21:45:14.311+0900][7.253s][info][gc          ] GC(73) Concurrent Mark Cycle 8.758ms
[2026-03-25T21:45:14.358+0900][7.300s][info][gc,start    ] GC(74) Pause Young (Concurrent Start) (G1 Humongous Allocation)
[2026-03-25T21:45:14.358+0900][7.300s][info][gc,task     ] GC(74) Using 6 workers of 8 for evacuation
[2026-03-25T21:45:14.375+0900][7.317s][info][gc,phases   ] GC(74)   Pre Evacuate Collection Set: 1.2ms
[2026-03-25T21:45:14.375+0900][7.317s][info][gc,phases   ] GC(74)   Merge Heap Roots: 2.3ms
[2026-03-25T21:45:14.375+0900][7.317s][info][gc,phases   ] GC(74)   Evacuate Collection Set: 12.2ms
[2026-03-25T21:45:14.375+0900][7.317s][info][gc,phases   ] GC(74)   Post Evacuate Collection Set: 0.9ms
[2026-03-25T21:45:14.375+0900][7.317s][info][gc,phases   ] GC(74)   Other: 0.2ms
[2026-03-25T21:45:14.375+0900][7.317s][info][gc,heap     ] GC(74) Eden regions: 1->0(80)
[2026-03-25T21:45:14.375+0900][7.317s][info][gc,heap     ] GC(74) Survivor regions: 1->1(11)
[2026-03-25T21:45:14.375+0900][7.317s][info][gc,heap     ] GC(74) Old regions: 1->1
[2026-03-25T21:45:14.375+0900][7.317s][info][gc,heap     ] GC(74) Archive regions: 2->2
[2026-03-25T21:45:14.375+0900][7.317s][info][gc,heap     ] GC(74) Humongous regions: 158->158
[2026-03-25T21:45:14.375+0900][7.317s][info][gc,metaspace] GC(74) Metaspace: 172K(384K)->172K(384K) NonClass: 164K(256K)->164K(256K) Class: 7K(128K)->7K(128K)
[2026-03-25T21:45:14.375+0900][7.317s][info][gc          ] GC(74) Pause Young (Concurrent Start) (G1 Humongous Allocation) 159M->159M(270M) 16.989ms
[2026-03-25T21:45:14.375+0900][7.317s][info][gc,cpu      ] GC(74) User=0.00s Sys=0.00s Real=0.02s
[2026-03-25T21:45:14.375+0900][7.317s][info][gc          ] GC(75) Concurrent Mark Cycle
[2026-03-25T21:45:14.375+0900][7.317s][info][gc,marking  ] GC(75) Concurrent Clear Claimed Marks
[2026-03-25T21:45:14.375+0900][7.317s][info][gc,marking  ] GC(75) Concurrent Clear Claimed Marks 0.012ms
[2026-03-25T21:45:14.375+0900][7.317s][info][gc,marking  ] GC(75) Concurrent Scan Root Regions
[2026-03-25T21:45:14.375+0900][7.317s][info][gc,marking  ] GC(75) Concurrent Scan Root Regions 0.028ms
[2026-03-25T21:45:14.375+0900][7.317s][info][gc,marking  ] GC(75) Concurrent Mark
[2026-03-25T21:45:14.375+0900][7.317s][info][gc,marking  ] GC(75) Concurrent Mark From Roots
[2026-03-25T21:45:14.375+0900][7.317s][info][gc,task     ] GC(75) Using 2 workers of 2 for marking
[2026-03-25T21:45:14.384+0900][7.326s][info][gc,marking  ] GC(75) Concurrent Mark From Roots 8.581ms
[2026-03-25T21:45:14.384+0900][7.326s][info][gc,marking  ] GC(75) Concurrent Preclean
[2026-03-25T21:45:14.384+0900][7.326s][info][gc,marking  ] GC(75) Concurrent Preclean 0.027ms
[2026-03-25T21:45:14.384+0900][7.326s][info][gc,start    ] GC(75) Pause Remark
[2026-03-25T21:45:14.384+0900][7.326s][info][gc          ] GC(75) Pause Remark 160M->160M(272M) 0.367ms
[2026-03-25T21:45:14.386+0900][7.328s][info][gc,cpu      ] GC(75) User=0.00s Sys=0.00s Real=0.00s
[2026-03-25T21:45:14.386+0900][7.328s][info][gc,marking  ] GC(75) Concurrent Mark 10.607ms
[2026-03-25T21:45:14.386+0900][7.328s][info][gc,marking  ] GC(75) Concurrent Rebuild Remembered Sets
[2026-03-25T21:45:14.389+0900][7.332s][info][gc,marking  ] GC(75) Concurrent Rebuild Remembered Sets 3.542ms
[2026-03-25T21:45:14.390+0900][7.332s][info][gc,start    ] GC(75) Pause Cleanup
[2026-03-25T21:45:14.390+0900][7.332s][info][gc          ] GC(75) Pause Cleanup 160M->160M(272M) 0.058ms
[2026-03-25T21:45:14.390+0900][7.332s][info][gc,cpu      ] GC(75) User=0.00s Sys=0.00s Real=0.00s
[2026-03-25T21:45:14.390+0900][7.332s][info][gc,marking  ] GC(75) Concurrent Cleanup for Next Mark
[2026-03-25T21:45:14.390+0900][7.332s][info][gc,marking  ] GC(75) Concurrent Cleanup for Next Mark 0.333ms
[2026-03-25T21:45:14.390+0900][7.332s][info][gc          ] GC(75) Concurrent Mark Cycle 14.810ms
[2026-03-25T21:45:14.426+0900][7.368s][info][gc,start    ] GC(76) Pause Young (Concurrent Start) (G1 Humongous Allocation)
[2026-03-25T21:45:14.426+0900][7.368s][info][gc,task     ] GC(76) Using 6 workers of 8 for evacuation
[2026-03-25T21:45:14.427+0900][7.370s][info][gc,phases   ] GC(76)   Pre Evacuate Collection Set: 0.3ms
[2026-03-25T21:45:14.427+0900][7.370s][info][gc,phases   ] GC(76)   Merge Heap Roots: 0.3ms
[2026-03-25T21:45:14.428+0900][7.370s][info][gc,phases   ] GC(76)   Evacuate Collection Set: 0.2ms
[2026-03-25T21:45:14.428+0900][7.370s][info][gc,phases   ] GC(76)   Post Evacuate Collection Set: 0.1ms
[2026-03-25T21:45:14.428+0900][7.370s][info][gc,phases   ] GC(76)   Other: 0.3ms
[2026-03-25T21:45:14.428+0900][7.370s][info][gc,heap     ] GC(76) Eden regions: 1->0(80)
[2026-03-25T21:45:14.428+0900][7.370s][info][gc,heap     ] GC(76) Survivor regions: 1->1(11)
[2026-03-25T21:45:14.428+0900][7.370s][info][gc,heap     ] GC(76) Old regions: 1->1
[2026-03-25T21:45:14.428+0900][7.370s][info][gc,heap     ] GC(76) Archive regions: 2->2
[2026-03-25T21:45:14.428+0900][7.370s][info][gc,heap     ] GC(76) Humongous regions: 159->159
[2026-03-25T21:45:14.428+0900][7.370s][info][gc,metaspace] GC(76) Metaspace: 172K(384K)->172K(384K) NonClass: 164K(256K)->164K(256K) Class: 7K(128K)->7K(128K)
[2026-03-25T21:45:14.428+0900][7.370s][info][gc          ] GC(76) Pause Young (Concurrent Start) (G1 Humongous Allocation) 160M->160M(272M) 2.153ms
[2026-03-25T21:45:14.428+0900][7.371s][info][gc,cpu      ] GC(76) User=0.00s Sys=0.00s Real=0.00s
[2026-03-25T21:45:14.429+0900][7.371s][info][gc          ] GC(77) Concurrent Mark Cycle
[2026-03-25T21:45:14.429+0900][7.371s][info][gc,marking  ] GC(77) Concurrent Clear Claimed Marks
[2026-03-25T21:45:14.429+0900][7.371s][info][gc,marking  ] GC(77) Concurrent Clear Claimed Marks 0.015ms
[2026-03-25T21:45:14.429+0900][7.371s][info][gc,marking  ] GC(77) Concurrent Scan Root Regions
[2026-03-25T21:45:14.429+0900][7.371s][info][gc,marking  ] GC(77) Concurrent Scan Root Regions 0.040ms
[2026-03-25T21:45:14.429+0900][7.371s][info][gc,marking  ] GC(77) Concurrent Mark
[2026-03-25T21:45:14.429+0900][7.371s][info][gc,marking  ] GC(77) Concurrent Mark From Roots
[2026-03-25T21:45:14.429+0900][7.371s][info][gc,task     ] GC(77) Using 2 workers of 2 for marking
[2026-03-25T21:45:14.431+0900][7.373s][info][gc,marking  ] GC(77) Concurrent Mark From Roots 2.191ms
[2026-03-25T21:45:14.431+0900][7.373s][info][gc,marking  ] GC(77) Concurrent Preclean
[2026-03-25T21:45:14.431+0900][7.373s][info][gc,marking  ] GC(77) Concurrent Preclean 0.026ms
[2026-03-25T21:45:14.431+0900][7.373s][info][gc,start    ] GC(77) Pause Remark
[2026-03-25T21:45:14.431+0900][7.374s][info][gc          ] GC(77) Pause Remark 161M->161M(274M) 0.434ms
[2026-03-25T21:45:14.431+0900][7.374s][info][gc,cpu      ] GC(77) User=0.00s Sys=0.00s Real=0.00s
[2026-03-25T21:45:14.431+0900][7.374s][info][gc,marking  ] GC(77) Concurrent Mark 2.822ms
[2026-03-25T21:45:14.432+0900][7.374s][info][gc,marking  ] GC(77) Concurrent Rebuild Remembered Sets
[2026-03-25T21:45:14.432+0900][7.374s][info][gc,marking  ] GC(77) Concurrent Rebuild Remembered Sets 0.780ms
[2026-03-25T21:45:14.432+0900][7.374s][info][gc,start    ] GC(77) Pause Cleanup
[2026-03-25T21:45:14.432+0900][7.374s][info][gc          ] GC(77) Pause Cleanup 161M->161M(274M) 0.045ms
[2026-03-25T21:45:14.432+0900][7.374s][info][gc,cpu      ] GC(77) User=0.00s Sys=0.00s Real=0.00s
[2026-03-25T21:45:14.432+0900][7.374s][info][gc,marking  ] GC(77) Concurrent Cleanup for Next Mark
[2026-03-25T21:45:14.433+0900][7.375s][info][gc,marking  ] GC(77) Concurrent Cleanup for Next Mark 0.806ms
[2026-03-25T21:45:14.433+0900][7.375s][info][gc          ] GC(77) Concurrent Mark Cycle 4.665ms
[2026-03-25T21:45:14.482+0900][7.424s][info][gc,start    ] GC(78) Pause Young (Concurrent Start) (G1 Humongous Allocation)
[2026-03-25T21:45:14.482+0900][7.425s][info][gc,task     ] GC(78) Using 6 workers of 8 for evacuation
[2026-03-25T21:45:14.483+0900][7.425s][info][gc,phases   ] GC(78)   Pre Evacuate Collection Set: 0.1ms
[2026-03-25T21:45:14.483+0900][7.425s][info][gc,phases   ] GC(78)   Merge Heap Roots: 0.1ms
[2026-03-25T21:45:14.483+0900][7.425s][info][gc,phases   ] GC(78)   Evacuate Collection Set: 0.2ms
[2026-03-25T21:45:14.483+0900][7.425s][info][gc,phases   ] GC(78)   Post Evacuate Collection Set: 0.1ms
[2026-03-25T21:45:14.483+0900][7.425s][info][gc,phases   ] GC(78)   Other: 0.2ms
[2026-03-25T21:45:14.483+0900][7.425s][info][gc,heap     ] GC(78) Eden regions: 1->0(81)
[2026-03-25T21:45:14.483+0900][7.425s][info][gc,heap     ] GC(78) Survivor regions: 1->1(11)
[2026-03-25T21:45:14.483+0900][7.425s][info][gc,heap     ] GC(78) Old regions: 1->1
[2026-03-25T21:45:14.483+0900][7.425s][info][gc,heap     ] GC(78) Archive regions: 2->2
[2026-03-25T21:45:14.483+0900][7.425s][info][gc,heap     ] GC(78) Humongous regions: 160->160
[2026-03-25T21:45:14.483+0900][7.425s][info][gc,metaspace] GC(78) Metaspace: 172K(384K)->172K(384K) NonClass: 164K(256K)->164K(256K) Class: 7K(128K)->7K(128K)
[2026-03-25T21:45:14.483+0900][7.425s][info][gc          ] GC(78) Pause Young (Concurrent Start) (G1 Humongous Allocation) 161M->161M(274M) 0.738ms
[2026-03-25T21:45:14.483+0900][7.425s][info][gc,cpu      ] GC(78) User=0.00s Sys=0.00s Real=0.00s
[2026-03-25T21:45:14.483+0900][7.425s][info][gc          ] GC(79) Concurrent Mark Cycle
[2026-03-25T21:45:14.483+0900][7.425s][info][gc,marking  ] GC(79) Concurrent Clear Claimed Marks
[2026-03-25T21:45:14.483+0900][7.425s][info][gc,marking  ] GC(79) Concurrent Clear Claimed Marks 0.015ms
[2026-03-25T21:45:14.483+0900][7.425s][info][gc,marking  ] GC(79) Concurrent Scan Root Regions
[2026-03-25T21:45:14.483+0900][7.425s][info][gc,marking  ] GC(79) Concurrent Scan Root Regions 0.037ms
[2026-03-25T21:45:14.483+0900][7.425s][info][gc,marking  ] GC(79) Concurrent Mark
[2026-03-25T21:45:14.483+0900][7.425s][info][gc,marking  ] GC(79) Concurrent Mark From Roots
[2026-03-25T21:45:14.483+0900][7.425s][info][gc,task     ] GC(79) Using 2 workers of 2 for marking
[2026-03-25T21:45:14.485+0900][7.427s][info][gc,marking  ] GC(79) Concurrent Mark From Roots 1.778ms
[2026-03-25T21:45:14.485+0900][7.427s][info][gc,marking  ] GC(79) Concurrent Preclean
[2026-03-25T21:45:14.485+0900][7.427s][info][gc,marking  ] GC(79) Concurrent Preclean 0.041ms
[2026-03-25T21:45:14.485+0900][7.427s][info][gc,start    ] GC(79) Pause Remark
[2026-03-25T21:45:14.486+0900][7.428s][info][gc          ] GC(79) Pause Remark 162M->162M(275M) 0.387ms
[2026-03-25T21:45:14.486+0900][7.428s][info][gc,cpu      ] GC(79) User=0.00s Sys=0.00s Real=0.00s
[2026-03-25T21:45:14.486+0900][7.428s][info][gc,marking  ] GC(79) Concurrent Mark 2.392ms
[2026-03-25T21:45:14.486+0900][7.428s][info][gc,marking  ] GC(79) Concurrent Rebuild Remembered Sets
[2026-03-25T21:45:14.486+0900][7.428s][info][gc,marking  ] GC(79) Concurrent Rebuild Remembered Sets 0.579ms
[2026-03-25T21:45:14.486+0900][7.428s][info][gc,start    ] GC(79) Pause Cleanup
[2026-03-25T21:45:14.486+0900][7.428s][info][gc          ] GC(79) Pause Cleanup 162M->162M(275M) 0.077ms
[2026-03-25T21:45:14.486+0900][7.428s][info][gc,cpu      ] GC(79) User=0.00s Sys=0.00s Real=0.00s
[2026-03-25T21:45:14.486+0900][7.429s][info][gc,marking  ] GC(79) Concurrent Cleanup for Next Mark
[2026-03-25T21:45:14.487+0900][7.429s][info][gc,marking  ] GC(79) Concurrent Cleanup for Next Mark 0.334ms
[2026-03-25T21:45:14.487+0900][7.429s][info][gc          ] GC(79) Concurrent Mark Cycle 3.664ms
[2026-03-25T21:45:14.535+0900][7.477s][info][gc,start    ] GC(80) Pause Young (Concurrent Start) (G1 Humongous Allocation)
[2026-03-25T21:45:14.535+0900][7.477s][info][gc,task     ] GC(80) Using 6 workers of 8 for evacuation
[2026-03-25T21:45:14.536+0900][7.478s][info][gc,phases   ] GC(80)   Pre Evacuate Collection Set: 0.2ms
[2026-03-25T21:45:14.536+0900][7.478s][info][gc,phases   ] GC(80)   Merge Heap Roots: 0.2ms
[2026-03-25T21:45:14.536+0900][7.478s][info][gc,phases   ] GC(80)   Evacuate Collection Set: 0.3ms
[2026-03-25T21:45:14.536+0900][7.478s][info][gc,phases   ] GC(80)   Post Evacuate Collection Set: 0.1ms
[2026-03-25T21:45:14.536+0900][7.478s][info][gc,phases   ] GC(80)   Other: 0.3ms
[2026-03-25T21:45:14.536+0900][7.478s][info][gc,heap     ] GC(80) Eden regions: 1->0(81)
[2026-03-25T21:45:14.536+0900][7.478s][info][gc,heap     ] GC(80) Survivor regions: 1->1(11)
[2026-03-25T21:45:14.536+0900][7.478s][info][gc,heap     ] GC(80) Old regions: 1->1
[2026-03-25T21:45:14.536+0900][7.478s][info][gc,heap     ] GC(80) Archive regions: 2->2
[2026-03-25T21:45:14.536+0900][7.478s][info][gc,heap     ] GC(80) Humongous regions: 161->161
[2026-03-25T21:45:14.536+0900][7.478s][info][gc,metaspace] GC(80) Metaspace: 172K(384K)->172K(384K) NonClass: 164K(256K)->164K(256K) Class: 7K(128K)->7K(128K)
[2026-03-25T21:45:14.536+0900][7.478s][info][gc          ] GC(80) Pause Young (Concurrent Start) (G1 Humongous Allocation) 162M->162M(275M) 1.425ms
[2026-03-25T21:45:14.536+0900][7.478s][info][gc,cpu      ] GC(80) User=0.00s Sys=0.00s Real=0.00s
[2026-03-25T21:45:14.536+0900][7.478s][info][gc          ] GC(81) Concurrent Mark Cycle
[2026-03-25T21:45:14.536+0900][7.478s][info][gc,marking  ] GC(81) Concurrent Clear Claimed Marks
[2026-03-25T21:45:14.536+0900][7.478s][info][gc,marking  ] GC(81) Concurrent Clear Claimed Marks 0.012ms
[2026-03-25T21:45:14.536+0900][7.479s][info][gc,marking  ] GC(81) Concurrent Scan Root Regions
[2026-03-25T21:45:14.537+0900][7.479s][info][gc,marking  ] GC(81) Concurrent Scan Root Regions 0.301ms
[2026-03-25T21:45:14.537+0900][7.479s][info][gc,marking  ] GC(81) Concurrent Mark
[2026-03-25T21:45:14.537+0900][7.479s][info][gc,marking  ] GC(81) Concurrent Mark From Roots
[2026-03-25T21:45:14.537+0900][7.479s][info][gc,task     ] GC(81) Using 2 workers of 2 for marking
[2026-03-25T21:45:14.539+0900][7.482s][info][gc,marking  ] GC(81) Concurrent Mark From Roots 2.663ms
[2026-03-25T21:45:14.539+0900][7.482s][info][gc,marking  ] GC(81) Concurrent Preclean
[2026-03-25T21:45:14.540+0900][7.482s][info][gc,marking  ] GC(81) Concurrent Preclean 0.040ms
[2026-03-25T21:45:14.540+0900][7.482s][info][gc,start    ] GC(81) Pause Remark
[2026-03-25T21:45:14.540+0900][7.482s][info][gc          ] GC(81) Pause Remark 163M->163M(277M) 0.379ms
[2026-03-25T21:45:14.540+0900][7.482s][info][gc,cpu      ] GC(81) User=0.00s Sys=0.00s Real=0.00s
[2026-03-25T21:45:14.540+0900][7.482s][info][gc,marking  ] GC(81) Concurrent Mark 3.274ms
[2026-03-25T21:45:14.540+0900][7.482s][info][gc,marking  ] GC(81) Concurrent Rebuild Remembered Sets
[2026-03-25T21:45:14.541+0900][7.483s][info][gc,marking  ] GC(81) Concurrent Rebuild Remembered Sets 0.532ms
[2026-03-25T21:45:14.541+0900][7.483s][info][gc,start    ] GC(81) Pause Cleanup
[2026-03-25T21:45:14.541+0900][7.483s][info][gc          ] GC(81) Pause Cleanup 163M->163M(277M) 0.067ms
[2026-03-25T21:45:14.541+0900][7.483s][info][gc,cpu      ] GC(81) User=0.00s Sys=0.00s Real=0.00s
[2026-03-25T21:45:14.541+0900][7.483s][info][gc,marking  ] GC(81) Concurrent Cleanup for Next Mark
[2026-03-25T21:45:14.541+0900][7.483s][info][gc,marking  ] GC(81) Concurrent Cleanup for Next Mark 0.386ms
[2026-03-25T21:45:14.541+0900][7.483s][info][gc          ] GC(81) Concurrent Mark Cycle 4.868ms
[2026-03-25T21:45:14.591+0900][7.533s][info][gc,start    ] GC(82) Pause Young (Concurrent Start) (G1 Humongous Allocation)
[2026-03-25T21:45:14.591+0900][7.533s][info][gc,task     ] GC(82) Using 6 workers of 8 for evacuation
[2026-03-25T21:45:14.592+0900][7.534s][info][gc,phases   ] GC(82)   Pre Evacuate Collection Set: 0.2ms
[2026-03-25T21:45:14.592+0900][7.534s][info][gc,phases   ] GC(82)   Merge Heap Roots: 0.1ms
[2026-03-25T21:45:14.592+0900][7.534s][info][gc,phases   ] GC(82)   Evacuate Collection Set: 0.2ms
[2026-03-25T21:45:14.592+0900][7.534s][info][gc,phases   ] GC(82)   Post Evacuate Collection Set: 0.2ms
[2026-03-25T21:45:14.592+0900][7.534s][info][gc,phases   ] GC(82)   Other: 0.2ms
[2026-03-25T21:45:14.592+0900][7.534s][info][gc,heap     ] GC(82) Eden regions: 1->0(82)
[2026-03-25T21:45:14.592+0900][7.534s][info][gc,heap     ] GC(82) Survivor regions: 1->1(11)
[2026-03-25T21:45:14.592+0900][7.534s][info][gc,heap     ] GC(82) Old regions: 1->1
[2026-03-25T21:45:14.592+0900][7.534s][info][gc,heap     ] GC(82) Archive regions: 2->2
[2026-03-25T21:45:14.592+0900][7.534s][info][gc,heap     ] GC(82) Humongous regions: 162->162
[2026-03-25T21:45:14.592+0900][7.534s][info][gc,metaspace] GC(82) Metaspace: 172K(384K)->172K(384K) NonClass: 164K(256K)->164K(256K) Class: 7K(128K)->7K(128K)
[2026-03-25T21:45:14.592+0900][7.534s][info][gc          ] GC(82) Pause Young (Concurrent Start) (G1 Humongous Allocation) 163M->163M(277M) 1.091ms
[2026-03-25T21:45:14.592+0900][7.534s][info][gc,cpu      ] GC(82) User=0.00s Sys=0.00s Real=0.00s
[2026-03-25T21:45:14.592+0900][7.534s][info][gc          ] GC(83) Concurrent Mark Cycle
[2026-03-25T21:45:14.592+0900][7.534s][info][gc,marking  ] GC(83) Concurrent Clear Claimed Marks
[2026-03-25T21:45:14.592+0900][7.534s][info][gc,marking  ] GC(83) Concurrent Clear Claimed Marks 0.015ms
[2026-03-25T21:45:14.592+0900][7.534s][info][gc,marking  ] GC(83) Concurrent Scan Root Regions
[2026-03-25T21:45:14.592+0900][7.534s][info][gc,marking  ] GC(83) Concurrent Scan Root Regions 0.064ms
[2026-03-25T21:45:14.592+0900][7.534s][info][gc,marking  ] GC(83) Concurrent Mark
[2026-03-25T21:45:14.592+0900][7.534s][info][gc,marking  ] GC(83) Concurrent Mark From Roots
[2026-03-25T21:45:14.592+0900][7.534s][info][gc,task     ] GC(83) Using 2 workers of 2 for marking
[2026-03-25T21:45:14.594+0900][7.536s][info][gc,marking  ] GC(83) Concurrent Mark From Roots 2.271ms
[2026-03-25T21:45:14.594+0900][7.537s][info][gc,marking  ] GC(83) Concurrent Preclean
[2026-03-25T21:45:14.594+0900][7.537s][info][gc,marking  ] GC(83) Concurrent Preclean 0.040ms
[2026-03-25T21:45:14.595+0900][7.537s][info][gc,start    ] GC(83) Pause Remark
[2026-03-25T21:45:14.596+0900][7.538s][info][gc          ] GC(83) Pause Remark 164M->164M(279M) 1.024ms
[2026-03-25T21:45:14.596+0900][7.538s][info][gc,cpu      ] GC(83) User=0.00s Sys=0.00s Real=0.00s
[2026-03-25T21:45:14.596+0900][7.538s][info][gc,marking  ] GC(83) Concurrent Mark 3.890ms
[2026-03-25T21:45:14.596+0900][7.538s][info][gc,marking  ] GC(83) Concurrent Rebuild Remembered Sets
[2026-03-25T21:45:14.597+0900][7.539s][info][gc,marking  ] GC(83) Concurrent Rebuild Remembered Sets 1.214ms
[2026-03-25T21:45:14.597+0900][7.540s][info][gc,start    ] GC(83) Pause Cleanup
[2026-03-25T21:45:14.598+0900][7.540s][info][gc          ] GC(83) Pause Cleanup 164M->164M(279M) 0.102ms
[2026-03-25T21:45:14.598+0900][7.540s][info][gc,cpu      ] GC(83) User=0.00s Sys=0.00s Real=0.00s
[2026-03-25T21:45:14.598+0900][7.540s][info][gc,marking  ] GC(83) Concurrent Cleanup for Next Mark
[2026-03-25T21:45:14.598+0900][7.540s][info][gc,marking  ] GC(83) Concurrent Cleanup for Next Mark 0.281ms
[2026-03-25T21:45:14.598+0900][7.540s][info][gc          ] GC(83) Concurrent Mark Cycle 6.022ms
[2026-03-25T21:45:14.647+0900][7.589s][info][gc,start    ] GC(84) Pause Young (Concurrent Start) (G1 Humongous Allocation)
[2026-03-25T21:45:14.647+0900][7.589s][info][gc,task     ] GC(84) Using 6 workers of 8 for evacuation
[2026-03-25T21:45:14.648+0900][7.590s][info][gc,phases   ] GC(84)   Pre Evacuate Collection Set: 0.1ms
[2026-03-25T21:45:14.648+0900][7.590s][info][gc,phases   ] GC(84)   Merge Heap Roots: 0.1ms
[2026-03-25T21:45:14.648+0900][7.590s][info][gc,phases   ] GC(84)   Evacuate Collection Set: 0.2ms
[2026-03-25T21:45:14.648+0900][7.590s][info][gc,phases   ] GC(84)   Post Evacuate Collection Set: 0.1ms
[2026-03-25T21:45:14.648+0900][7.590s][info][gc,phases   ] GC(84)   Other: 0.3ms
[2026-03-25T21:45:14.648+0900][7.590s][info][gc,heap     ] GC(84) Eden regions: 1->0(83)
[2026-03-25T21:45:14.648+0900][7.590s][info][gc,heap     ] GC(84) Survivor regions: 1->1(11)
[2026-03-25T21:45:14.648+0900][7.590s][info][gc,heap     ] GC(84) Old regions: 1->1
[2026-03-25T21:45:14.648+0900][7.590s][info][gc,heap     ] GC(84) Archive regions: 2->2
[2026-03-25T21:45:14.648+0900][7.590s][info][gc,heap     ] GC(84) Humongous regions: 163->163
[2026-03-25T21:45:14.648+0900][7.590s][info][gc,metaspace] GC(84) Metaspace: 172K(384K)->172K(384K) NonClass: 164K(256K)->164K(256K) Class: 7K(128K)->7K(128K)
[2026-03-25T21:45:14.648+0900][7.590s][info][gc          ] GC(84) Pause Young (Concurrent Start) (G1 Humongous Allocation) 164M->164M(279M) 0.951ms
[2026-03-25T21:45:14.648+0900][7.590s][info][gc,cpu      ] GC(84) User=0.00s Sys=0.00s Real=0.00s
[2026-03-25T21:45:14.648+0900][7.590s][info][gc          ] GC(85) Concurrent Mark Cycle
[2026-03-25T21:45:14.648+0900][7.590s][info][gc,marking  ] GC(85) Concurrent Clear Claimed Marks
[2026-03-25T21:45:14.648+0900][7.590s][info][gc,marking  ] GC(85) Concurrent Clear Claimed Marks 0.016ms
[2026-03-25T21:45:14.648+0900][7.590s][info][gc,marking  ] GC(85) Concurrent Scan Root Regions
[2026-03-25T21:45:14.648+0900][7.591s][info][gc,marking  ] GC(85) Concurrent Scan Root Regions 0.086ms
[2026-03-25T21:45:14.648+0900][7.591s][info][gc,marking  ] GC(85) Concurrent Mark
[2026-03-25T21:45:14.648+0900][7.591s][info][gc,marking  ] GC(85) Concurrent Mark From Roots
[2026-03-25T21:45:14.648+0900][7.591s][info][gc,task     ] GC(85) Using 2 workers of 2 for marking
[2026-03-25T21:45:14.652+0900][7.594s][info][gc,marking  ] GC(85) Concurrent Mark From Roots 3.140ms
[2026-03-25T21:45:14.652+0900][7.594s][info][gc,marking  ] GC(85) Concurrent Preclean
[2026-03-25T21:45:14.652+0900][7.594s][info][gc,marking  ] GC(85) Concurrent Preclean 0.039ms
[2026-03-25T21:45:14.652+0900][7.594s][info][gc,start    ] GC(85) Pause Remark
[2026-03-25T21:45:14.653+0900][7.595s][info][gc          ] GC(85) Pause Remark 165M->165M(280M) 1.469ms
[2026-03-25T21:45:14.653+0900][7.595s][info][gc,cpu      ] GC(85) User=0.00s Sys=0.00s Real=0.00s
[2026-03-25T21:45:14.653+0900][7.595s][info][gc,marking  ] GC(85) Concurrent Mark 4.906ms
[2026-03-25T21:45:14.653+0900][7.595s][info][gc,marking  ] GC(85) Concurrent Rebuild Remembered Sets
[2026-03-25T21:45:14.654+0900][7.596s][info][gc,marking  ] GC(85) Concurrent Rebuild Remembered Sets 0.602ms
[2026-03-25T21:45:14.654+0900][7.596s][info][gc,start    ] GC(85) Pause Cleanup
[2026-03-25T21:45:14.654+0900][7.596s][info][gc          ] GC(85) Pause Cleanup 165M->165M(280M) 0.275ms
[2026-03-25T21:45:14.654+0900][7.597s][info][gc,cpu      ] GC(85) User=0.00s Sys=0.00s Real=0.00s
[2026-03-25T21:45:14.654+0900][7.597s][info][gc,marking  ] GC(85) Concurrent Cleanup for Next Mark
[2026-03-25T21:45:14.655+0900][7.597s][info][gc,marking  ] GC(85) Concurrent Cleanup for Next Mark 0.393ms
[2026-03-25T21:45:14.655+0900][7.597s][info][gc          ] GC(85) Concurrent Mark Cycle 6.645ms
[2026-03-25T21:45:14.704+0900][7.646s][info][gc,start    ] GC(86) Pause Young (Concurrent Start) (G1 Humongous Allocation)
[2026-03-25T21:45:14.704+0900][7.646s][info][gc,task     ] GC(86) Using 6 workers of 8 for evacuation
[2026-03-25T21:45:14.704+0900][7.646s][info][gc,phases   ] GC(86)   Pre Evacuate Collection Set: 0.1ms
[2026-03-25T21:45:14.704+0900][7.646s][info][gc,phases   ] GC(86)   Merge Heap Roots: 0.1ms
[2026-03-25T21:45:14.704+0900][7.646s][info][gc,phases   ] GC(86)   Evacuate Collection Set: 0.1ms
[2026-03-25T21:45:14.704+0900][7.646s][info][gc,phases   ] GC(86)   Post Evacuate Collection Set: 0.1ms
[2026-03-25T21:45:14.704+0900][7.646s][info][gc,phases   ] GC(86)   Other: 0.2ms
[2026-03-25T21:45:14.704+0900][7.646s][info][gc,heap     ] GC(86) Eden regions: 1->0(83)
[2026-03-25T21:45:14.704+0900][7.646s][info][gc,heap     ] GC(86) Survivor regions: 1->1(11)
[2026-03-25T21:45:14.704+0900][7.646s][info][gc,heap     ] GC(86) Old regions: 1->1
[2026-03-25T21:45:14.704+0900][7.646s][info][gc,heap     ] GC(86) Archive regions: 2->2
[2026-03-25T21:45:14.704+0900][7.646s][info][gc,heap     ] GC(86) Humongous regions: 164->164
[2026-03-25T21:45:14.704+0900][7.646s][info][gc,metaspace] GC(86) Metaspace: 172K(384K)->172K(384K) NonClass: 164K(256K)->164K(256K) Class: 7K(128K)->7K(128K)
[2026-03-25T21:45:14.704+0900][7.647s][info][gc          ] GC(86) Pause Young (Concurrent Start) (G1 Humongous Allocation) 165M->165M(280M) 0.768ms
[2026-03-25T21:45:14.704+0900][7.647s][info][gc,cpu      ] GC(86) User=0.00s Sys=0.00s Real=0.00s
[2026-03-25T21:45:14.704+0900][7.647s][info][gc          ] GC(87) Concurrent Mark Cycle
[2026-03-25T21:45:14.704+0900][7.647s][info][gc,marking  ] GC(87) Concurrent Clear Claimed Marks
[2026-03-25T21:45:14.704+0900][7.647s][info][gc,marking  ] GC(87) Concurrent Clear Claimed Marks 0.016ms
[2026-03-25T21:45:14.705+0900][7.647s][info][gc,marking  ] GC(87) Concurrent Scan Root Regions
[2026-03-25T21:45:14.705+0900][7.647s][info][gc,marking  ] GC(87) Concurrent Scan Root Regions 0.046ms
[2026-03-25T21:45:14.705+0900][7.647s][info][gc,marking  ] GC(87) Concurrent Mark
[2026-03-25T21:45:14.705+0900][7.647s][info][gc,marking  ] GC(87) Concurrent Mark From Roots
[2026-03-25T21:45:14.705+0900][7.647s][info][gc,task     ] GC(87) Using 2 workers of 2 for marking
[2026-03-25T21:45:14.707+0900][7.649s][info][gc,marking  ] GC(87) Concurrent Mark From Roots 2.515ms
[2026-03-25T21:45:14.707+0900][7.649s][info][gc,marking  ] GC(87) Concurrent Preclean
[2026-03-25T21:45:14.707+0900][7.649s][info][gc,marking  ] GC(87) Concurrent Preclean 0.051ms
[2026-03-25T21:45:14.707+0900][7.649s][info][gc,start    ] GC(87) Pause Remark
[2026-03-25T21:45:14.708+0900][7.650s][info][gc          ] GC(87) Pause Remark 166M->166M(282M) 0.422ms
[2026-03-25T21:45:14.708+0900][7.650s][info][gc,cpu      ] GC(87) User=0.00s Sys=0.00s Real=0.00s
[2026-03-25T21:45:14.708+0900][7.650s][info][gc,marking  ] GC(87) Concurrent Mark 3.196ms
[2026-03-25T21:45:14.708+0900][7.650s][info][gc,marking  ] GC(87) Concurrent Rebuild Remembered Sets
[2026-03-25T21:45:14.708+0900][7.650s][info][gc,marking  ] GC(87) Concurrent Rebuild Remembered Sets 0.543ms
[2026-03-25T21:45:14.708+0900][7.651s][info][gc,start    ] GC(87) Pause Cleanup
[2026-03-25T21:45:14.708+0900][7.651s][info][gc          ] GC(87) Pause Cleanup 166M->166M(282M) 0.062ms
[2026-03-25T21:45:14.708+0900][7.651s][info][gc,cpu      ] GC(87) User=0.00s Sys=0.00s Real=0.00s
[2026-03-25T21:45:14.709+0900][7.651s][info][gc,marking  ] GC(87) Concurrent Cleanup for Next Mark
[2026-03-25T21:45:14.709+0900][7.651s][info][gc,marking  ] GC(87) Concurrent Cleanup for Next Mark 0.291ms
[2026-03-25T21:45:14.709+0900][7.651s][info][gc          ] GC(87) Concurrent Mark Cycle 4.416ms
[2026-03-25T21:45:14.760+0900][7.702s][info][gc,start    ] GC(88) Pause Young (Concurrent Start) (G1 Humongous Allocation)
[2026-03-25T21:45:14.760+0900][7.702s][info][gc,task     ] GC(88) Using 6 workers of 8 for evacuation
[2026-03-25T21:45:14.761+0900][7.703s][info][gc,phases   ] GC(88)   Pre Evacuate Collection Set: 0.4ms
[2026-03-25T21:45:14.761+0900][7.703s][info][gc,phases   ] GC(88)   Merge Heap Roots: 0.1ms
[2026-03-25T21:45:14.761+0900][7.703s][info][gc,phases   ] GC(88)   Evacuate Collection Set: 0.2ms
[2026-03-25T21:45:14.761+0900][7.703s][info][gc,phases   ] GC(88)   Post Evacuate Collection Set: 0.1ms
[2026-03-25T21:45:14.761+0900][7.703s][info][gc,phases   ] GC(88)   Other: 0.2ms
[2026-03-25T21:45:14.761+0900][7.703s][info][gc,heap     ] GC(88) Eden regions: 1->0(83)
[2026-03-25T21:45:14.761+0900][7.703s][info][gc,heap     ] GC(88) Survivor regions: 1->1(11)
[2026-03-25T21:45:14.761+0900][7.703s][info][gc,heap     ] GC(88) Old regions: 1->1
[2026-03-25T21:45:14.761+0900][7.703s][info][gc,heap     ] GC(88) Archive regions: 2->2
[2026-03-25T21:45:14.761+0900][7.703s][info][gc,heap     ] GC(88) Humongous regions: 165->165
[2026-03-25T21:45:14.761+0900][7.703s][info][gc,metaspace] GC(88) Metaspace: 172K(384K)->172K(384K) NonClass: 164K(256K)->164K(256K) Class: 7K(128K)->7K(128K)
[2026-03-25T21:45:14.761+0900][7.703s][info][gc          ] GC(88) Pause Young (Concurrent Start) (G1 Humongous Allocation) 166M->166M(282M) 1.183ms
[2026-03-25T21:45:14.761+0900][7.703s][info][gc,cpu      ] GC(88) User=0.00s Sys=0.01s Real=0.00s
[2026-03-25T21:45:14.761+0900][7.703s][info][gc          ] GC(89) Concurrent Mark Cycle
[2026-03-25T21:45:14.761+0900][7.703s][info][gc,marking  ] GC(89) Concurrent Clear Claimed Marks
[2026-03-25T21:45:14.761+0900][7.703s][info][gc,marking  ] GC(89) Concurrent Clear Claimed Marks 0.014ms
[2026-03-25T21:45:14.761+0900][7.703s][info][gc,marking  ] GC(89) Concurrent Scan Root Regions
[2026-03-25T21:45:14.761+0900][7.703s][info][gc,marking  ] GC(89) Concurrent Scan Root Regions 0.047ms
[2026-03-25T21:45:14.761+0900][7.703s][info][gc,marking  ] GC(89) Concurrent Mark
[2026-03-25T21:45:14.761+0900][7.703s][info][gc,marking  ] GC(89) Concurrent Mark From Roots
[2026-03-25T21:45:14.761+0900][7.703s][info][gc,task     ] GC(89) Using 2 workers of 2 for marking
[2026-03-25T21:45:14.764+0900][7.706s][info][gc,marking  ] GC(89) Concurrent Mark From Roots 2.502ms
[2026-03-25T21:45:14.764+0900][7.706s][info][gc,marking  ] GC(89) Concurrent Preclean
[2026-03-25T21:45:14.764+0900][7.706s][info][gc,marking  ] GC(89) Concurrent Preclean 0.037ms
[2026-03-25T21:45:14.764+0900][7.706s][info][gc,start    ] GC(89) Pause Remark
[2026-03-25T21:45:14.764+0900][7.706s][info][gc          ] GC(89) Pause Remark 169M->169M(289M) 0.439ms
[2026-03-25T21:45:14.764+0900][7.706s][info][gc,cpu      ] GC(89) User=0.00s Sys=0.00s Real=0.00s
[2026-03-25T21:45:14.764+0900][7.706s][info][gc,marking  ] GC(89) Concurrent Mark 3.155ms
[2026-03-25T21:45:14.764+0900][7.706s][info][gc,marking  ] GC(89) Concurrent Rebuild Remembered Sets
[2026-03-25T21:45:14.765+0900][7.707s][info][gc,marking  ] GC(89) Concurrent Rebuild Remembered Sets 0.529ms
[2026-03-25T21:45:14.765+0900][7.707s][info][gc,start    ] GC(89) Pause Cleanup
[2026-03-25T21:45:14.765+0900][7.707s][info][gc          ] GC(89) Pause Cleanup 169M->169M(289M) 0.064ms
[2026-03-25T21:45:14.765+0900][7.707s][info][gc,cpu      ] GC(89) User=0.01s Sys=0.00s Real=0.00s
[2026-03-25T21:45:14.765+0900][7.707s][info][gc,marking  ] GC(89) Concurrent Cleanup for Next Mark
[2026-03-25T21:45:14.765+0900][7.708s][info][gc,marking  ] GC(89) Concurrent Cleanup for Next Mark 0.405ms
[2026-03-25T21:45:14.765+0900][7.708s][info][gc          ] GC(89) Concurrent Mark Cycle 4.440ms
[2026-03-25T21:45:14.818+0900][7.760s][info][gc,start    ] GC(90) Pause Young (Concurrent Start) (G1 Humongous Allocation)
[2026-03-25T21:45:14.818+0900][7.760s][info][gc,task     ] GC(90) Using 6 workers of 8 for evacuation
[2026-03-25T21:45:14.819+0900][7.761s][info][gc,phases   ] GC(90)   Pre Evacuate Collection Set: 0.2ms
[2026-03-25T21:45:14.819+0900][7.761s][info][gc,phases   ] GC(90)   Merge Heap Roots: 0.1ms
[2026-03-25T21:45:14.819+0900][7.762s][info][gc,phases   ] GC(90)   Evacuate Collection Set: 0.2ms
[2026-03-25T21:45:14.820+0900][7.762s][info][gc,phases   ] GC(90)   Post Evacuate Collection Set: 0.3ms
[2026-03-25T21:45:14.820+0900][7.762s][info][gc,phases   ] GC(90)   Other: 0.4ms
[2026-03-25T21:45:14.820+0900][7.762s][info][gc,heap     ] GC(90) Eden regions: 1->0(87)
[2026-03-25T21:45:14.820+0900][7.762s][info][gc,heap     ] GC(90) Survivor regions: 1->1(11)
[2026-03-25T21:45:14.820+0900][7.762s][info][gc,heap     ] GC(90) Old regions: 1->1
[2026-03-25T21:45:14.820+0900][7.762s][info][gc,heap     ] GC(90) Archive regions: 2->2
[2026-03-25T21:45:14.820+0900][7.762s][info][gc,heap     ] GC(90) Humongous regions: 168->168
[2026-03-25T21:45:14.820+0900][7.762s][info][gc,metaspace] GC(90) Metaspace: 172K(384K)->172K(384K) NonClass: 164K(256K)->164K(256K) Class: 7K(128K)->7K(128K)
[2026-03-25T21:45:14.820+0900][7.762s][info][gc          ] GC(90) Pause Young (Concurrent Start) (G1 Humongous Allocation) 169M->169M(289M) 1.525ms
[2026-03-25T21:45:14.820+0900][7.762s][info][gc,cpu      ] GC(90) User=0.00s Sys=0.00s Real=0.01s
[2026-03-25T21:45:14.820+0900][7.762s][info][gc          ] GC(91) Concurrent Mark Cycle
[2026-03-25T21:45:14.820+0900][7.762s][info][gc,marking  ] GC(91) Concurrent Clear Claimed Marks
[2026-03-25T21:45:14.820+0900][7.762s][info][gc,marking  ] GC(91) Concurrent Clear Claimed Marks 0.015ms
[2026-03-25T21:45:14.820+0900][7.762s][info][gc,marking  ] GC(91) Concurrent Scan Root Regions
[2026-03-25T21:45:14.820+0900][7.762s][info][gc,marking  ] GC(91) Concurrent Scan Root Regions 0.249ms
[2026-03-25T21:45:14.820+0900][7.762s][info][gc,marking  ] GC(91) Concurrent Mark
[2026-03-25T21:45:14.820+0900][7.762s][info][gc,marking  ] GC(91) Concurrent Mark From Roots
[2026-03-25T21:45:14.820+0900][7.762s][info][gc,task     ] GC(91) Using 2 workers of 2 for marking
[2026-03-25T21:45:14.822+0900][7.764s][info][gc,marking  ] GC(91) Concurrent Mark From Roots 1.903ms
[2026-03-25T21:45:14.822+0900][7.764s][info][gc,marking  ] GC(91) Concurrent Preclean
[2026-03-25T21:45:14.822+0900][7.764s][info][gc,marking  ] GC(91) Concurrent Preclean 0.038ms
[2026-03-25T21:45:14.822+0900][7.764s][info][gc,start    ] GC(91) Pause Remark
[2026-03-25T21:45:14.823+0900][7.765s][info][gc          ] GC(91) Pause Remark 170M->170M(289M) 0.340ms
[2026-03-25T21:45:14.823+0900][7.765s][info][gc,cpu      ] GC(91) User=0.00s Sys=0.00s Real=0.00s
[2026-03-25T21:45:14.823+0900][7.765s][info][gc,marking  ] GC(91) Concurrent Mark 2.461ms
[2026-03-25T21:45:14.823+0900][7.765s][info][gc,marking  ] GC(91) Concurrent Rebuild Remembered Sets
[2026-03-25T21:45:14.823+0900][7.765s][info][gc,marking  ] GC(91) Concurrent Rebuild Remembered Sets 0.532ms
[2026-03-25T21:45:14.823+0900][7.765s][info][gc,start    ] GC(91) Pause Cleanup
[2026-03-25T21:45:14.823+0900][7.765s][info][gc          ] GC(91) Pause Cleanup 170M->170M(289M) 0.060ms
[2026-03-25T21:45:14.823+0900][7.765s][info][gc,cpu      ] GC(91) User=0.00s Sys=0.00s Real=0.00s
[2026-03-25T21:45:14.823+0900][7.765s][info][gc,marking  ] GC(91) Concurrent Cleanup for Next Mark
[2026-03-25T21:45:14.824+0900][7.766s][info][gc,marking  ] GC(91) Concurrent Cleanup for Next Mark 0.316ms
[2026-03-25T21:45:14.824+0900][7.766s][info][gc          ] GC(91) Concurrent Mark Cycle 3.863ms
[2026-03-25T21:45:14.877+0900][7.819s][info][gc,start    ] GC(92) Pause Young (Concurrent Start) (G1 Humongous Allocation)
[2026-03-25T21:45:14.877+0900][7.819s][info][gc,task     ] GC(92) Using 6 workers of 8 for evacuation
[2026-03-25T21:45:14.878+0900][7.820s][info][gc,phases   ] GC(92)   Pre Evacuate Collection Set: 0.5ms
[2026-03-25T21:45:14.878+0900][7.820s][info][gc,phases   ] GC(92)   Merge Heap Roots: 0.1ms
[2026-03-25T21:45:14.878+0900][7.820s][info][gc,phases   ] GC(92)   Evacuate Collection Set: 0.2ms
[2026-03-25T21:45:14.878+0900][7.820s][info][gc,phases   ] GC(92)   Post Evacuate Collection Set: 0.1ms
[2026-03-25T21:45:14.878+0900][7.820s][info][gc,phases   ] GC(92)   Other: 0.5ms
[2026-03-25T21:45:14.878+0900][7.820s][info][gc,heap     ] GC(92) Eden regions: 1->0(86)
[2026-03-25T21:45:14.878+0900][7.820s][info][gc,heap     ] GC(92) Survivor regions: 1->1(11)
[2026-03-25T21:45:14.878+0900][7.820s][info][gc,heap     ] GC(92) Old regions: 1->1
[2026-03-25T21:45:14.878+0900][7.820s][info][gc,heap     ] GC(92) Archive regions: 2->2
[2026-03-25T21:45:14.878+0900][7.820s][info][gc,heap     ] GC(92) Humongous regions: 169->169
[2026-03-25T21:45:14.878+0900][7.820s][info][gc,metaspace] GC(92) Metaspace: 172K(384K)->172K(384K) NonClass: 164K(256K)->164K(256K) Class: 7K(128K)->7K(128K)
[2026-03-25T21:45:14.878+0900][7.820s][info][gc          ] GC(92) Pause Young (Concurrent Start) (G1 Humongous Allocation) 170M->170M(289M) 1.490ms
[2026-03-25T21:45:14.878+0900][7.820s][info][gc,cpu      ] GC(92) User=0.00s Sys=0.00s Real=0.00s
[2026-03-25T21:45:14.878+0900][7.821s][info][gc          ] GC(93) Concurrent Mark Cycle
[2026-03-25T21:45:14.878+0900][7.821s][info][gc,marking  ] GC(93) Concurrent Clear Claimed Marks
[2026-03-25T21:45:14.878+0900][7.821s][info][gc,marking  ] GC(93) Concurrent Clear Claimed Marks 0.016ms
[2026-03-25T21:45:14.878+0900][7.821s][info][gc,marking  ] GC(93) Concurrent Scan Root Regions
[2026-03-25T21:45:14.879+0900][7.821s][info][gc,marking  ] GC(93) Concurrent Scan Root Regions 0.065ms
[2026-03-25T21:45:14.879+0900][7.821s][info][gc,marking  ] GC(93) Concurrent Mark
[2026-03-25T21:45:14.879+0900][7.821s][info][gc,marking  ] GC(93) Concurrent Mark From Roots
[2026-03-25T21:45:14.879+0900][7.821s][info][gc,task     ] GC(93) Using 2 workers of 2 for marking
[2026-03-25T21:45:14.882+0900][7.824s][info][gc,marking  ] GC(93) Concurrent Mark From Roots 3.042ms
[2026-03-25T21:45:14.882+0900][7.824s][info][gc,marking  ] GC(93) Concurrent Preclean
[2026-03-25T21:45:14.882+0900][7.824s][info][gc,marking  ] GC(93) Concurrent Preclean 0.046ms
[2026-03-25T21:45:14.882+0900][7.824s][info][gc,start    ] GC(93) Pause Remark
[2026-03-25T21:45:14.882+0900][7.824s][info][gc          ] GC(93) Pause Remark 171M->171M(290M) 0.410ms
[2026-03-25T21:45:14.882+0900][7.824s][info][gc,cpu      ] GC(93) User=0.00s Sys=0.00s Real=0.00s
[2026-03-25T21:45:14.882+0900][7.824s][info][gc,marking  ] GC(93) Concurrent Mark 3.697ms
[2026-03-25T21:45:14.882+0900][7.824s][info][gc,marking  ] GC(93) Concurrent Rebuild Remembered Sets
[2026-03-25T21:45:14.883+0900][7.825s][info][gc,marking  ] GC(93) Concurrent Rebuild Remembered Sets 0.539ms
[2026-03-25T21:45:14.883+0900][7.825s][info][gc,start    ] GC(93) Pause Cleanup
[2026-03-25T21:45:14.883+0900][7.825s][info][gc          ] GC(93) Pause Cleanup 171M->171M(290M) 0.060ms
[2026-03-25T21:45:14.883+0900][7.825s][info][gc,cpu      ] GC(93) User=0.00s Sys=0.00s Real=0.00s
[2026-03-25T21:45:14.883+0900][7.825s][info][gc,marking  ] GC(93) Concurrent Cleanup for Next Mark
[2026-03-25T21:45:14.883+0900][7.825s][info][gc,marking  ] GC(93) Concurrent Cleanup for Next Mark 0.252ms
[2026-03-25T21:45:14.883+0900][7.825s][info][gc          ] GC(93) Concurrent Mark Cycle 4.850ms
[2026-03-25T21:45:14.932+0900][7.875s][info][gc,start    ] GC(94) Pause Young (Concurrent Start) (G1 Humongous Allocation)
[2026-03-25T21:45:14.932+0900][7.875s][info][gc,task     ] GC(94) Using 6 workers of 8 for evacuation
[2026-03-25T21:45:14.933+0900][7.875s][info][gc,phases   ] GC(94)   Pre Evacuate Collection Set: 0.1ms
[2026-03-25T21:45:14.933+0900][7.875s][info][gc,phases   ] GC(94)   Merge Heap Roots: 0.1ms
[2026-03-25T21:45:14.933+0900][7.875s][info][gc,phases   ] GC(94)   Evacuate Collection Set: 0.2ms
[2026-03-25T21:45:14.933+0900][7.875s][info][gc,phases   ] GC(94)   Post Evacuate Collection Set: 0.1ms
[2026-03-25T21:45:14.933+0900][7.875s][info][gc,phases   ] GC(94)   Other: 0.2ms
[2026-03-25T21:45:14.933+0900][7.875s][info][gc,heap     ] GC(94) Eden regions: 1->0(86)
[2026-03-25T21:45:14.933+0900][7.875s][info][gc,heap     ] GC(94) Survivor regions: 1->1(11)
[2026-03-25T21:45:14.933+0900][7.875s][info][gc,heap     ] GC(94) Old regions: 1->1
[2026-03-25T21:45:14.933+0900][7.875s][info][gc,heap     ] GC(94) Archive regions: 2->2
[2026-03-25T21:45:14.933+0900][7.875s][info][gc,heap     ] GC(94) Humongous regions: 170->170
[2026-03-25T21:45:14.933+0900][7.875s][info][gc,metaspace] GC(94) Metaspace: 172K(384K)->172K(384K) NonClass: 164K(256K)->164K(256K) Class: 7K(128K)->7K(128K)
[2026-03-25T21:45:14.933+0900][7.875s][info][gc          ] GC(94) Pause Young (Concurrent Start) (G1 Humongous Allocation) 171M->171M(290M) 0.794ms
[2026-03-25T21:45:14.933+0900][7.875s][info][gc,cpu      ] GC(94) User=0.00s Sys=0.00s Real=0.00s
[2026-03-25T21:45:14.933+0900][7.875s][info][gc          ] GC(95) Concurrent Mark Cycle
[2026-03-25T21:45:14.933+0900][7.875s][info][gc,marking  ] GC(95) Concurrent Clear Claimed Marks
[2026-03-25T21:45:14.933+0900][7.875s][info][gc,marking  ] GC(95) Concurrent Clear Claimed Marks 0.016ms
[2026-03-25T21:45:14.933+0900][7.875s][info][gc,marking  ] GC(95) Concurrent Scan Root Regions
[2026-03-25T21:45:14.933+0900][7.876s][info][gc,marking  ] GC(95) Concurrent Scan Root Regions 0.051ms
[2026-03-25T21:45:14.933+0900][7.876s][info][gc,marking  ] GC(95) Concurrent Mark
[2026-03-25T21:45:14.933+0900][7.876s][info][gc,marking  ] GC(95) Concurrent Mark From Roots
[2026-03-25T21:45:14.933+0900][7.876s][info][gc,task     ] GC(95) Using 2 workers of 2 for marking
[2026-03-25T21:45:14.936+0900][7.878s][info][gc,marking  ] GC(95) Concurrent Mark From Roots 2.610ms
[2026-03-25T21:45:14.936+0900][7.878s][info][gc,marking  ] GC(95) Concurrent Preclean
[2026-03-25T21:45:14.936+0900][7.878s][info][gc,marking  ] GC(95) Concurrent Preclean 0.037ms
[2026-03-25T21:45:14.936+0900][7.878s][info][gc,start    ] GC(95) Pause Remark
[2026-03-25T21:45:14.937+0900][7.879s][info][gc          ] GC(95) Pause Remark 172M->172M(292M) 0.367ms
[2026-03-25T21:45:14.937+0900][7.879s][info][gc,cpu      ] GC(95) User=0.00s Sys=0.00s Real=0.00s
[2026-03-25T21:45:14.937+0900][7.879s][info][gc,marking  ] GC(95) Concurrent Mark 3.194ms
[2026-03-25T21:45:14.937+0900][7.879s][info][gc,marking  ] GC(95) Concurrent Rebuild Remembered Sets
[2026-03-25T21:45:14.937+0900][7.879s][info][gc,marking  ] GC(95) Concurrent Rebuild Remembered Sets 0.528ms
[2026-03-25T21:45:14.937+0900][7.879s][info][gc,start    ] GC(95) Pause Cleanup
[2026-03-25T21:45:14.937+0900][7.879s][info][gc          ] GC(95) Pause Cleanup 172M->172M(292M) 0.058ms
[2026-03-25T21:45:14.937+0900][7.879s][info][gc,cpu      ] GC(95) User=0.00s Sys=0.00s Real=0.00s
[2026-03-25T21:45:14.937+0900][7.879s][info][gc,marking  ] GC(95) Concurrent Cleanup for Next Mark
[2026-03-25T21:45:14.938+0900][7.880s][info][gc,marking  ] GC(95) Concurrent Cleanup for Next Mark 0.249ms
[2026-03-25T21:45:14.938+0900][7.880s][info][gc          ] GC(95) Concurrent Mark Cycle 4.357ms
[2026-03-25T21:45:14.985+0900][7.927s][info][gc,start    ] GC(96) Pause Young (Concurrent Start) (G1 Humongous Allocation)
[2026-03-25T21:45:14.985+0900][7.927s][info][gc,task     ] GC(96) Using 7 workers of 8 for evacuation
[2026-03-25T21:45:14.985+0900][7.927s][info][gc,phases   ] GC(96)   Pre Evacuate Collection Set: 0.1ms
[2026-03-25T21:45:14.985+0900][7.927s][info][gc,phases   ] GC(96)   Merge Heap Roots: 0.1ms
[2026-03-25T21:45:14.985+0900][7.927s][info][gc,phases   ] GC(96)   Evacuate Collection Set: 0.2ms
[2026-03-25T21:45:14.985+0900][7.927s][info][gc,phases   ] GC(96)   Post Evacuate Collection Set: 0.1ms
[2026-03-25T21:45:14.985+0900][7.928s][info][gc,phases   ] GC(96)   Other: 0.4ms
[2026-03-25T21:45:14.985+0900][7.928s][info][gc,heap     ] GC(96) Eden regions: 1->0(86)
[2026-03-25T21:45:14.985+0900][7.928s][info][gc,heap     ] GC(96) Survivor regions: 1->1(11)
[2026-03-25T21:45:14.985+0900][7.928s][info][gc,heap     ] GC(96) Old regions: 1->1
[2026-03-25T21:45:14.985+0900][7.928s][info][gc,heap     ] GC(96) Archive regions: 2->2
[2026-03-25T21:45:14.985+0900][7.928s][info][gc,heap     ] GC(96) Humongous regions: 171->171
[2026-03-25T21:45:14.985+0900][7.928s][info][gc,metaspace] GC(96) Metaspace: 172K(384K)->172K(384K) NonClass: 164K(256K)->164K(256K) Class: 7K(128K)->7K(128K)
[2026-03-25T21:45:14.985+0900][7.928s][info][gc          ] GC(96) Pause Young (Concurrent Start) (G1 Humongous Allocation) 172M->172M(292M) 0.894ms
[2026-03-25T21:45:14.985+0900][7.928s][info][gc,cpu      ] GC(96) User=0.00s Sys=0.00s Real=0.00s
[2026-03-25T21:45:14.986+0900][7.928s][info][gc          ] GC(97) Concurrent Mark Cycle
[2026-03-25T21:45:14.986+0900][7.928s][info][gc,marking  ] GC(97) Concurrent Clear Claimed Marks
[2026-03-25T21:45:14.986+0900][7.928s][info][gc,marking  ] GC(97) Concurrent Clear Claimed Marks 0.015ms
[2026-03-25T21:45:14.986+0900][7.928s][info][gc,marking  ] GC(97) Concurrent Scan Root Regions
[2026-03-25T21:45:14.986+0900][7.928s][info][gc,marking  ] GC(97) Concurrent Scan Root Regions 0.036ms
[2026-03-25T21:45:14.986+0900][7.928s][info][gc,marking  ] GC(97) Concurrent Mark
[2026-03-25T21:45:14.986+0900][7.928s][info][gc,marking  ] GC(97) Concurrent Mark From Roots
[2026-03-25T21:45:14.986+0900][7.928s][info][gc,task     ] GC(97) Using 2 workers of 2 for marking
[2026-03-25T21:45:14.987+0900][7.929s][info][gc,marking  ] GC(97) Concurrent Mark From Roots 1.648ms
[2026-03-25T21:45:14.987+0900][7.929s][info][gc,marking  ] GC(97) Concurrent Preclean
[2026-03-25T21:45:14.987+0900][7.929s][info][gc,marking  ] GC(97) Concurrent Preclean 0.033ms
[2026-03-25T21:45:14.987+0900][7.929s][info][gc,start    ] GC(97) Pause Remark
[2026-03-25T21:45:14.988+0900][7.930s][info][gc          ] GC(97) Pause Remark 173M->173M(294M) 0.306ms
[2026-03-25T21:45:14.988+0900][7.930s][info][gc,cpu      ] GC(97) User=0.00s Sys=0.00s Real=0.00s
[2026-03-25T21:45:14.988+0900][7.930s][info][gc,marking  ] GC(97) Concurrent Mark 2.087ms
[2026-03-25T21:45:14.988+0900][7.930s][info][gc,marking  ] GC(97) Concurrent Rebuild Remembered Sets
[2026-03-25T21:45:14.988+0900][7.930s][info][gc,marking  ] GC(97) Concurrent Rebuild Remembered Sets 0.520ms
[2026-03-25T21:45:14.988+0900][7.930s][info][gc,start    ] GC(97) Pause Cleanup
[2026-03-25T21:45:14.988+0900][7.930s][info][gc          ] GC(97) Pause Cleanup 173M->173M(294M) 0.053ms
[2026-03-25T21:45:14.988+0900][7.930s][info][gc,cpu      ] GC(97) User=0.00s Sys=0.00s Real=0.00s
[2026-03-25T21:45:14.988+0900][7.930s][info][gc,marking  ] GC(97) Concurrent Cleanup for Next Mark
[2026-03-25T21:45:14.989+0900][7.931s][info][gc,marking  ] GC(97) Concurrent Cleanup for Next Mark 0.251ms
[2026-03-25T21:45:14.989+0900][7.931s][info][gc          ] GC(97) Concurrent Mark Cycle 3.152ms
[2026-03-25T21:45:15.041+0900][7.983s][info][gc,start    ] GC(98) Pause Young (Concurrent Start) (G1 Humongous Allocation)
[2026-03-25T21:45:15.041+0900][7.983s][info][gc,task     ] GC(98) Using 7 workers of 8 for evacuation
[2026-03-25T21:45:15.041+0900][7.983s][info][gc,phases   ] GC(98)   Pre Evacuate Collection Set: 0.1ms
[2026-03-25T21:45:15.041+0900][7.984s][info][gc,phases   ] GC(98)   Merge Heap Roots: 0.1ms
[2026-03-25T21:45:15.041+0900][7.984s][info][gc,phases   ] GC(98)   Evacuate Collection Set: 0.1ms
[2026-03-25T21:45:15.041+0900][7.984s][info][gc,phases   ] GC(98)   Post Evacuate Collection Set: 0.2ms
[2026-03-25T21:45:15.041+0900][7.984s][info][gc,phases   ] GC(98)   Other: 0.1ms
[2026-03-25T21:45:15.041+0900][7.984s][info][gc,heap     ] GC(98) Eden regions: 1->0(87)
[2026-03-25T21:45:15.041+0900][7.984s][info][gc,heap     ] GC(98) Survivor regions: 1->1(11)
[2026-03-25T21:45:15.041+0900][7.984s][info][gc,heap     ] GC(98) Old regions: 1->1
[2026-03-25T21:45:15.041+0900][7.984s][info][gc,heap     ] GC(98) Archive regions: 2->2
[2026-03-25T21:45:15.041+0900][7.984s][info][gc,heap     ] GC(98) Humongous regions: 172->172
[2026-03-25T21:45:15.041+0900][7.984s][info][gc,metaspace] GC(98) Metaspace: 172K(384K)->172K(384K) NonClass: 164K(256K)->164K(256K) Class: 7K(128K)->7K(128K)
[2026-03-25T21:45:15.041+0900][7.984s][info][gc          ] GC(98) Pause Young (Concurrent Start) (G1 Humongous Allocation) 173M->173M(294M) 0.728ms
[2026-03-25T21:45:15.042+0900][7.984s][info][gc,cpu      ] GC(98) User=0.00s Sys=0.00s Real=0.00s
[2026-03-25T21:45:15.042+0900][7.984s][info][gc          ] GC(99) Concurrent Mark Cycle
[2026-03-25T21:45:15.042+0900][7.984s][info][gc,marking  ] GC(99) Concurrent Clear Claimed Marks
[2026-03-25T21:45:15.042+0900][7.984s][info][gc,marking  ] GC(99) Concurrent Clear Claimed Marks 0.029ms
[2026-03-25T21:45:15.042+0900][7.984s][info][gc,marking  ] GC(99) Concurrent Scan Root Regions
[2026-03-25T21:45:15.042+0900][7.984s][info][gc,marking  ] GC(99) Concurrent Scan Root Regions 0.058ms
[2026-03-25T21:45:15.042+0900][7.984s][info][gc,marking  ] GC(99) Concurrent Mark
[2026-03-25T21:45:15.042+0900][7.984s][info][gc,marking  ] GC(99) Concurrent Mark From Roots
[2026-03-25T21:45:15.042+0900][7.984s][info][gc,task     ] GC(99) Using 2 workers of 2 for marking
[2026-03-25T21:45:15.044+0900][7.986s][info][gc,marking  ] GC(99) Concurrent Mark From Roots 1.872ms
[2026-03-25T21:45:15.044+0900][7.986s][info][gc,marking  ] GC(99) Concurrent Preclean
[2026-03-25T21:45:15.044+0900][7.986s][info][gc,marking  ] GC(99) Concurrent Preclean 0.028ms
[2026-03-25T21:45:15.044+0900][7.986s][info][gc,start    ] GC(99) Pause Remark
[2026-03-25T21:45:15.044+0900][7.986s][info][gc          ] GC(99) Pause Remark 174M->174M(295M) 0.440ms
[2026-03-25T21:45:15.044+0900][7.986s][info][gc,cpu      ] GC(99) User=0.00s Sys=0.00s Real=0.00s
[2026-03-25T21:45:15.044+0900][7.986s][info][gc,marking  ] GC(99) Concurrent Mark 2.617ms
[2026-03-25T21:45:15.044+0900][7.987s][info][gc,marking  ] GC(99) Concurrent Rebuild Remembered Sets
[2026-03-25T21:45:15.045+0900][7.987s][info][gc,marking  ] GC(99) Concurrent Rebuild Remembered Sets 0.584ms
[2026-03-25T21:45:15.045+0900][7.987s][info][gc,start    ] GC(99) Pause Cleanup
[2026-03-25T21:45:15.045+0900][7.987s][info][gc          ] GC(99) Pause Cleanup 174M->174M(295M) 0.067ms
[2026-03-25T21:45:15.045+0900][7.987s][info][gc,cpu      ] GC(99) User=0.00s Sys=0.00s Real=0.00s
[2026-03-25T21:45:15.045+0900][7.987s][info][gc,marking  ] GC(99) Concurrent Cleanup for Next Mark
[2026-03-25T21:45:15.045+0900][7.988s][info][gc,marking  ] GC(99) Concurrent Cleanup for Next Mark 0.337ms
[2026-03-25T21:45:15.045+0900][7.988s][info][gc          ] GC(99) Concurrent Mark Cycle 3.970ms
[2026-03-25T21:45:15.097+0900][8.039s][info][gc,start    ] GC(100) Pause Young (Concurrent Start) (G1 Humongous Allocation)
[2026-03-25T21:45:15.097+0900][8.039s][info][gc,task     ] GC(100) Using 7 workers of 8 for evacuation
[2026-03-25T21:45:15.097+0900][8.039s][info][gc,phases   ] GC(100)   Pre Evacuate Collection Set: 0.1ms
[2026-03-25T21:45:15.097+0900][8.039s][info][gc,phases   ] GC(100)   Merge Heap Roots: 0.1ms
[2026-03-25T21:45:15.097+0900][8.039s][info][gc,phases   ] GC(100)   Evacuate Collection Set: 0.2ms
[2026-03-25T21:45:15.097+0900][8.040s][info][gc,phases   ] GC(100)   Post Evacuate Collection Set: 0.1ms
[2026-03-25T21:45:15.097+0900][8.040s][info][gc,phases   ] GC(100)   Other: 0.2ms
[2026-03-25T21:45:15.097+0900][8.040s][info][gc,heap     ] GC(100) Eden regions: 1->0(87)
[2026-03-25T21:45:15.097+0900][8.040s][info][gc,heap     ] GC(100) Survivor regions: 1->1(11)
[2026-03-25T21:45:15.097+0900][8.040s][info][gc,heap     ] GC(100) Old regions: 1->1
[2026-03-25T21:45:15.097+0900][8.040s][info][gc,heap     ] GC(100) Archive regions: 2->2
[2026-03-25T21:45:15.097+0900][8.040s][info][gc,heap     ] GC(100) Humongous regions: 173->173
[2026-03-25T21:45:15.097+0900][8.040s][info][gc,metaspace] GC(100) Metaspace: 172K(384K)->172K(384K) NonClass: 164K(256K)->164K(256K) Class: 7K(128K)->7K(128K)
[2026-03-25T21:45:15.098+0900][8.040s][info][gc          ] GC(100) Pause Young (Concurrent Start) (G1 Humongous Allocation) 174M->174M(295M) 0.746ms
[2026-03-25T21:45:15.098+0900][8.040s][info][gc,cpu      ] GC(100) User=0.00s Sys=0.00s Real=0.00s
[2026-03-25T21:45:15.098+0900][8.040s][info][gc          ] GC(101) Concurrent Mark Cycle
[2026-03-25T21:45:15.098+0900][8.040s][info][gc,marking  ] GC(101) Concurrent Clear Claimed Marks
[2026-03-25T21:45:15.098+0900][8.040s][info][gc,marking  ] GC(101) Concurrent Clear Claimed Marks 0.018ms
[2026-03-25T21:45:15.098+0900][8.040s][info][gc,marking  ] GC(101) Concurrent Scan Root Regions
[2026-03-25T21:45:15.098+0900][8.040s][info][gc,marking  ] GC(101) Concurrent Scan Root Regions 0.047ms
[2026-03-25T21:45:15.098+0900][8.040s][info][gc,marking  ] GC(101) Concurrent Mark
[2026-03-25T21:45:15.098+0900][8.040s][info][gc,marking  ] GC(101) Concurrent Mark From Roots
[2026-03-25T21:45:15.098+0900][8.040s][info][gc,task     ] GC(101) Using 2 workers of 2 for marking
[2026-03-25T21:45:15.099+0900][8.042s][info][gc,marking  ] GC(101) Concurrent Mark From Roots 1.707ms
[2026-03-25T21:45:15.099+0900][8.042s][info][gc,marking  ] GC(101) Concurrent Preclean
[2026-03-25T21:45:15.100+0900][8.042s][info][gc,marking  ] GC(101) Concurrent Preclean 0.044ms
[2026-03-25T21:45:15.100+0900][8.042s][info][gc,start    ] GC(101) Pause Remark
[2026-03-25T21:45:15.100+0900][8.042s][info][gc          ] GC(101) Pause Remark 175M->175M(297M) 0.330ms
[2026-03-25T21:45:15.100+0900][8.042s][info][gc,cpu      ] GC(101) User=0.00s Sys=0.00s Real=0.00s
[2026-03-25T21:45:15.100+0900][8.042s][info][gc,marking  ] GC(101) Concurrent Mark 2.239ms
[2026-03-25T21:45:15.100+0900][8.042s][info][gc,marking  ] GC(101) Concurrent Rebuild Remembered Sets
[2026-03-25T21:45:15.100+0900][8.043s][info][gc,marking  ] GC(101) Concurrent Rebuild Remembered Sets 0.526ms
[2026-03-25T21:45:15.101+0900][8.043s][info][gc,start    ] GC(101) Pause Cleanup
[2026-03-25T21:45:15.101+0900][8.043s][info][gc          ] GC(101) Pause Cleanup 175M->175M(297M) 0.061ms
[2026-03-25T21:45:15.101+0900][8.043s][info][gc,cpu      ] GC(101) User=0.00s Sys=0.00s Real=0.00s
[2026-03-25T21:45:15.101+0900][8.043s][info][gc,marking  ] GC(101) Concurrent Cleanup for Next Mark
[2026-03-25T21:45:15.101+0900][8.043s][info][gc,marking  ] GC(101) Concurrent Cleanup for Next Mark 0.552ms
[2026-03-25T21:45:15.101+0900][8.043s][info][gc          ] GC(101) Concurrent Mark Cycle 3.684ms
[2026-03-25T21:45:15.151+0900][8.093s][info][gc,start    ] GC(102) Pause Young (Concurrent Start) (G1 Humongous Allocation)
[2026-03-25T21:45:15.151+0900][8.094s][info][gc,task     ] GC(102) Using 7 workers of 8 for evacuation
[2026-03-25T21:45:15.152+0900][8.094s][info][gc,phases   ] GC(102)   Pre Evacuate Collection Set: 0.1ms
[2026-03-25T21:45:15.152+0900][8.094s][info][gc,phases   ] GC(102)   Merge Heap Roots: 0.1ms
[2026-03-25T21:45:15.152+0900][8.094s][info][gc,phases   ] GC(102)   Evacuate Collection Set: 0.3ms
[2026-03-25T21:45:15.152+0900][8.095s][info][gc,phases   ] GC(102)   Post Evacuate Collection Set: 0.2ms
[2026-03-25T21:45:15.152+0900][8.095s][info][gc,phases   ] GC(102)   Other: 0.4ms
[2026-03-25T21:45:15.152+0900][8.095s][info][gc,heap     ] GC(102) Eden regions: 1->0(88)
[2026-03-25T21:45:15.153+0900][8.095s][info][gc,heap     ] GC(102) Survivor regions: 1->1(11)
[2026-03-25T21:45:15.153+0900][8.095s][info][gc,heap     ] GC(102) Old regions: 1->1
[2026-03-25T21:45:15.153+0900][8.095s][info][gc,heap     ] GC(102) Archive regions: 2->2
[2026-03-25T21:45:15.153+0900][8.095s][info][gc,heap     ] GC(102) Humongous regions: 174->174
[2026-03-25T21:45:15.153+0900][8.095s][info][gc,metaspace] GC(102) Metaspace: 172K(384K)->172K(384K) NonClass: 164K(256K)->164K(256K) Class: 7K(128K)->7K(128K)
[2026-03-25T21:45:15.153+0900][8.095s][info][gc          ] GC(102) Pause Young (Concurrent Start) (G1 Humongous Allocation) 175M->175M(297M) 1.516ms
[2026-03-25T21:45:15.153+0900][8.095s][info][gc,cpu      ] GC(102) User=0.00s Sys=0.00s Real=0.00s
[2026-03-25T21:45:15.153+0900][8.095s][info][gc          ] GC(103) Concurrent Mark Cycle
[2026-03-25T21:45:15.153+0900][8.095s][info][gc,marking  ] GC(103) Concurrent Clear Claimed Marks
[2026-03-25T21:45:15.153+0900][8.095s][info][gc,marking  ] GC(103) Concurrent Clear Claimed Marks 0.035ms
[2026-03-25T21:45:15.153+0900][8.095s][info][gc,marking  ] GC(103) Concurrent Scan Root Regions
[2026-03-25T21:45:15.153+0900][8.095s][info][gc,marking  ] GC(103) Concurrent Scan Root Regions 0.058ms
[2026-03-25T21:45:15.153+0900][8.095s][info][gc,marking  ] GC(103) Concurrent Mark
[2026-03-25T21:45:15.153+0900][8.095s][info][gc,marking  ] GC(103) Concurrent Mark From Roots
[2026-03-25T21:45:15.153+0900][8.095s][info][gc,task     ] GC(103) Using 2 workers of 2 for marking
[2026-03-25T21:45:15.156+0900][8.098s][info][gc,marking  ] GC(103) Concurrent Mark From Roots 2.893ms
[2026-03-25T21:45:15.156+0900][8.098s][info][gc,marking  ] GC(103) Concurrent Preclean
[2026-03-25T21:45:15.156+0900][8.098s][info][gc,marking  ] GC(103) Concurrent Preclean 0.089ms
[2026-03-25T21:45:15.156+0900][8.098s][info][gc,start    ] GC(103) Pause Remark
[2026-03-25T21:45:15.156+0900][8.099s][info][gc          ] GC(103) Pause Remark 176M->176M(299M) 0.384ms
[2026-03-25T21:45:15.156+0900][8.099s][info][gc,cpu      ] GC(103) User=0.00s Sys=0.00s Real=0.00s
[2026-03-25T21:45:15.157+0900][8.099s][info][gc,marking  ] GC(103) Concurrent Mark 3.569ms
[2026-03-25T21:45:15.157+0900][8.099s][info][gc,marking  ] GC(103) Concurrent Rebuild Remembered Sets
[2026-03-25T21:45:15.158+0900][8.100s][info][gc,marking  ] GC(103) Concurrent Rebuild Remembered Sets 1.287ms
[2026-03-25T21:45:15.158+0900][8.100s][info][gc,start    ] GC(103) Pause Cleanup
[2026-03-25T21:45:15.158+0900][8.100s][info][gc          ] GC(103) Pause Cleanup 176M->176M(299M) 0.078ms
[2026-03-25T21:45:15.158+0900][8.100s][info][gc,cpu      ] GC(103) User=0.00s Sys=0.00s Real=0.00s
[2026-03-25T21:45:15.158+0900][8.100s][info][gc,marking  ] GC(103) Concurrent Cleanup for Next Mark
[2026-03-25T21:45:15.158+0900][8.100s][info][gc,marking  ] GC(103) Concurrent Cleanup for Next Mark 0.284ms
[2026-03-25T21:45:15.159+0900][8.101s][info][gc          ] GC(103) Concurrent Mark Cycle 5.851ms
[2026-03-25T21:45:15.207+0900][8.149s][info][gc,start    ] GC(104) Pause Young (Concurrent Start) (G1 Humongous Allocation)
[2026-03-25T21:45:15.207+0900][8.149s][info][gc,task     ] GC(104) Using 7 workers of 8 for evacuation
[2026-03-25T21:45:15.207+0900][8.150s][info][gc,phases   ] GC(104)   Pre Evacuate Collection Set: 0.1ms
[2026-03-25T21:45:15.207+0900][8.150s][info][gc,phases   ] GC(104)   Merge Heap Roots: 0.1ms
[2026-03-25T21:45:15.208+0900][8.150s][info][gc,phases   ] GC(104)   Evacuate Collection Set: 0.1ms
[2026-03-25T21:45:15.208+0900][8.150s][info][gc,phases   ] GC(104)   Post Evacuate Collection Set: 0.1ms
[2026-03-25T21:45:15.208+0900][8.150s][info][gc,phases   ] GC(104)   Other: 0.2ms
[2026-03-25T21:45:15.208+0900][8.150s][info][gc,heap     ] GC(104) Eden regions: 1->0(89)
[2026-03-25T21:45:15.208+0900][8.150s][info][gc,heap     ] GC(104) Survivor regions: 1->1(12)
[2026-03-25T21:45:15.208+0900][8.150s][info][gc,heap     ] GC(104) Old regions: 1->1
[2026-03-25T21:45:15.208+0900][8.150s][info][gc,heap     ] GC(104) Archive regions: 2->2
[2026-03-25T21:45:15.208+0900][8.150s][info][gc,heap     ] GC(104) Humongous regions: 175->175
[2026-03-25T21:45:15.208+0900][8.150s][info][gc,metaspace] GC(104) Metaspace: 172K(384K)->172K(384K) NonClass: 164K(256K)->164K(256K) Class: 7K(128K)->7K(128K)
[2026-03-25T21:45:15.208+0900][8.150s][info][gc          ] GC(104) Pause Young (Concurrent Start) (G1 Humongous Allocation) 176M->176M(299M) 0.749ms
[2026-03-25T21:45:15.208+0900][8.150s][info][gc,cpu      ] GC(104) User=0.00s Sys=0.00s Real=0.00s
[2026-03-25T21:45:15.208+0900][8.150s][info][gc          ] GC(105) Concurrent Mark Cycle
[2026-03-25T21:45:15.208+0900][8.150s][info][gc,marking  ] GC(105) Concurrent Clear Claimed Marks
[2026-03-25T21:45:15.208+0900][8.150s][info][gc,marking  ] GC(105) Concurrent Clear Claimed Marks 0.017ms
[2026-03-25T21:45:15.208+0900][8.150s][info][gc,marking  ] GC(105) Concurrent Scan Root Regions
[2026-03-25T21:45:15.208+0900][8.150s][info][gc,marking  ] GC(105) Concurrent Scan Root Regions 0.043ms
[2026-03-25T21:45:15.208+0900][8.150s][info][gc,marking  ] GC(105) Concurrent Mark
[2026-03-25T21:45:15.208+0900][8.150s][info][gc,marking  ] GC(105) Concurrent Mark From Roots
[2026-03-25T21:45:15.208+0900][8.150s][info][gc,task     ] GC(105) Using 2 workers of 2 for marking
[2026-03-25T21:45:15.210+0900][8.152s][info][gc,marking  ] GC(105) Concurrent Mark From Roots 1.749ms
[2026-03-25T21:45:15.210+0900][8.152s][info][gc,marking  ] GC(105) Concurrent Preclean
[2026-03-25T21:45:15.210+0900][8.152s][info][gc,marking  ] GC(105) Concurrent Preclean 0.043ms
[2026-03-25T21:45:15.210+0900][8.152s][info][gc,start    ] GC(105) Pause Remark
[2026-03-25T21:45:15.210+0900][8.152s][info][gc          ] GC(105) Pause Remark 177M->177M(300M) 0.293ms
[2026-03-25T21:45:15.210+0900][8.152s][info][gc,cpu      ] GC(105) User=0.00s Sys=0.00s Real=0.00s
[2026-03-25T21:45:15.210+0900][8.152s][info][gc,marking  ] GC(105) Concurrent Mark 2.203ms
[2026-03-25T21:45:15.210+0900][8.152s][info][gc,marking  ] GC(105) Concurrent Rebuild Remembered Sets
[2026-03-25T21:45:15.211+0900][8.153s][info][gc,marking  ] GC(105) Concurrent Rebuild Remembered Sets 0.536ms
[2026-03-25T21:45:15.211+0900][8.153s][info][gc,start    ] GC(105) Pause Cleanup
[2026-03-25T21:45:15.211+0900][8.153s][info][gc          ] GC(105) Pause Cleanup 177M->177M(300M) 0.062ms
[2026-03-25T21:45:15.211+0900][8.153s][info][gc,cpu      ] GC(105) User=0.00s Sys=0.00s Real=0.00s
[2026-03-25T21:45:15.211+0900][8.153s][info][gc,marking  ] GC(105) Concurrent Cleanup for Next Mark
[2026-03-25T21:45:15.211+0900][8.153s][info][gc,marking  ] GC(105) Concurrent Cleanup for Next Mark 0.251ms
[2026-03-25T21:45:15.211+0900][8.153s][info][gc          ] GC(105) Concurrent Mark Cycle 3.374ms
[2026-03-25T21:45:15.260+0900][8.202s][info][gc,start    ] GC(106) Pause Young (Concurrent Start) (G1 Humongous Allocation)
[2026-03-25T21:45:15.260+0900][8.202s][info][gc,task     ] GC(106) Using 7 workers of 8 for evacuation
[2026-03-25T21:45:15.261+0900][8.203s][info][gc,phases   ] GC(106)   Pre Evacuate Collection Set: 0.1ms
[2026-03-25T21:45:15.261+0900][8.203s][info][gc,phases   ] GC(106)   Merge Heap Roots: 0.1ms
[2026-03-25T21:45:15.261+0900][8.203s][info][gc,phases   ] GC(106)   Evacuate Collection Set: 0.3ms
[2026-03-25T21:45:15.261+0900][8.203s][info][gc,phases   ] GC(106)   Post Evacuate Collection Set: 0.2ms
[2026-03-25T21:45:15.261+0900][8.203s][info][gc,phases   ] GC(106)   Other: 0.3ms
[2026-03-25T21:45:15.261+0900][8.203s][info][gc,heap     ] GC(106) Eden regions: 1->0(89)
[2026-03-25T21:45:15.261+0900][8.203s][info][gc,heap     ] GC(106) Survivor regions: 1->1(12)
[2026-03-25T21:45:15.261+0900][8.203s][info][gc,heap     ] GC(106) Old regions: 1->1
[2026-03-25T21:45:15.261+0900][8.203s][info][gc,heap     ] GC(106) Archive regions: 2->2
[2026-03-25T21:45:15.261+0900][8.203s][info][gc,heap     ] GC(106) Humongous regions: 176->176
[2026-03-25T21:45:15.261+0900][8.203s][info][gc,metaspace] GC(106) Metaspace: 172K(384K)->172K(384K) NonClass: 164K(256K)->164K(256K) Class: 7K(128K)->7K(128K)
[2026-03-25T21:45:15.261+0900][8.203s][info][gc          ] GC(106) Pause Young (Concurrent Start) (G1 Humongous Allocation) 177M->177M(300M) 1.436ms
[2026-03-25T21:45:15.261+0900][8.203s][info][gc,cpu      ] GC(106) User=0.00s Sys=0.00s Real=0.00s
[2026-03-25T21:45:15.261+0900][8.203s][info][gc          ] GC(107) Concurrent Mark Cycle
[2026-03-25T21:45:15.261+0900][8.204s][info][gc,marking  ] GC(107) Concurrent Clear Claimed Marks
[2026-03-25T21:45:15.261+0900][8.204s][info][gc,marking  ] GC(107) Concurrent Clear Claimed Marks 0.026ms
[2026-03-25T21:45:15.261+0900][8.204s][info][gc,marking  ] GC(107) Concurrent Scan Root Regions
[2026-03-25T21:45:15.262+0900][8.204s][info][gc,marking  ] GC(107) Concurrent Scan Root Regions 0.091ms
[2026-03-25T21:45:15.262+0900][8.204s][info][gc,marking  ] GC(107) Concurrent Mark
[2026-03-25T21:45:15.262+0900][8.204s][info][gc,marking  ] GC(107) Concurrent Mark From Roots
[2026-03-25T21:45:15.262+0900][8.204s][info][gc,task     ] GC(107) Using 2 workers of 2 for marking
[2026-03-25T21:45:15.264+0900][8.207s][info][gc,marking  ] GC(107) Concurrent Mark From Roots 2.797ms
[2026-03-25T21:45:15.264+0900][8.207s][info][gc,marking  ] GC(107) Concurrent Preclean
[2026-03-25T21:45:15.264+0900][8.207s][info][gc,marking  ] GC(107) Concurrent Preclean 0.055ms
[2026-03-25T21:45:15.265+0900][8.207s][info][gc,start    ] GC(107) Pause Remark
[2026-03-25T21:45:15.265+0900][8.207s][info][gc          ] GC(107) Pause Remark 178M->178M(302M) 0.427ms
[2026-03-25T21:45:15.265+0900][8.207s][info][gc,cpu      ] GC(107) User=0.00s Sys=0.00s Real=0.00s
[2026-03-25T21:45:15.265+0900][8.207s][info][gc,marking  ] GC(107) Concurrent Mark 3.460ms
[2026-03-25T21:45:15.265+0900][8.207s][info][gc,marking  ] GC(107) Concurrent Rebuild Remembered Sets
[2026-03-25T21:45:15.266+0900][8.208s][info][gc,marking  ] GC(107) Concurrent Rebuild Remembered Sets 0.635ms
[2026-03-25T21:45:15.266+0900][8.208s][info][gc,start    ] GC(107) Pause Cleanup
[2026-03-25T21:45:15.266+0900][8.208s][info][gc          ] GC(107) Pause Cleanup 178M->178M(302M) 0.086ms
[2026-03-25T21:45:15.266+0900][8.208s][info][gc,cpu      ] GC(107) User=0.00s Sys=0.00s Real=0.00s
[2026-03-25T21:45:15.266+0900][8.208s][info][gc,marking  ] GC(107) Concurrent Cleanup for Next Mark
[2026-03-25T21:45:15.266+0900][8.208s][info][gc,marking  ] GC(107) Concurrent Cleanup for Next Mark 0.242ms
[2026-03-25T21:45:15.266+0900][8.208s][info][gc          ] GC(107) Concurrent Mark Cycle 4.816ms
[2026-03-25T21:45:15.317+0900][8.259s][info][gc,start    ] GC(108) Pause Young (Concurrent Start) (G1 Humongous Allocation)
[2026-03-25T21:45:15.317+0900][8.259s][info][gc,task     ] GC(108) Using 7 workers of 8 for evacuation
[2026-03-25T21:45:15.317+0900][8.259s][info][gc,phases   ] GC(108)   Pre Evacuate Collection Set: 0.1ms
[2026-03-25T21:45:15.317+0900][8.259s][info][gc,phases   ] GC(108)   Merge Heap Roots: 0.1ms
[2026-03-25T21:45:15.317+0900][8.259s][info][gc,phases   ] GC(108)   Evacuate Collection Set: 0.1ms
[2026-03-25T21:45:15.317+0900][8.259s][info][gc,phases   ] GC(108)   Post Evacuate Collection Set: 0.1ms
[2026-03-25T21:45:15.317+0900][8.259s][info][gc,phases   ] GC(108)   Other: 0.2ms
[2026-03-25T21:45:15.317+0900][8.259s][info][gc,heap     ] GC(108) Eden regions: 1->0(89)
[2026-03-25T21:45:15.317+0900][8.259s][info][gc,heap     ] GC(108) Survivor regions: 1->1(12)
[2026-03-25T21:45:15.317+0900][8.259s][info][gc,heap     ] GC(108) Old regions: 1->1
[2026-03-25T21:45:15.317+0900][8.259s][info][gc,heap     ] GC(108) Archive regions: 2->2
[2026-03-25T21:45:15.317+0900][8.259s][info][gc,heap     ] GC(108) Humongous regions: 177->177
[2026-03-25T21:45:15.317+0900][8.259s][info][gc,metaspace] GC(108) Metaspace: 172K(384K)->172K(384K) NonClass: 164K(256K)->164K(256K) Class: 7K(128K)->7K(128K)
[2026-03-25T21:45:15.317+0900][8.259s][info][gc          ] GC(108) Pause Young (Concurrent Start) (G1 Humongous Allocation) 178M->178M(302M) 0.698ms
[2026-03-25T21:45:15.317+0900][8.259s][info][gc,cpu      ] GC(108) User=0.00s Sys=0.00s Real=0.00s
[2026-03-25T21:45:15.317+0900][8.260s][info][gc          ] GC(109) Concurrent Mark Cycle
[2026-03-25T21:45:15.317+0900][8.260s][info][gc,marking  ] GC(109) Concurrent Clear Claimed Marks
[2026-03-25T21:45:15.317+0900][8.260s][info][gc,marking  ] GC(109) Concurrent Clear Claimed Marks 0.015ms
[2026-03-25T21:45:15.317+0900][8.260s][info][gc,marking  ] GC(109) Concurrent Scan Root Regions
[2026-03-25T21:45:15.317+0900][8.260s][info][gc,marking  ] GC(109) Concurrent Scan Root Regions 0.038ms
[2026-03-25T21:45:15.318+0900][8.260s][info][gc,marking  ] GC(109) Concurrent Mark
[2026-03-25T21:45:15.318+0900][8.260s][info][gc,marking  ] GC(109) Concurrent Mark From Roots
[2026-03-25T21:45:15.318+0900][8.260s][info][gc,task     ] GC(109) Using 2 workers of 2 for marking
[2026-03-25T21:45:15.319+0900][8.262s][info][gc,marking  ] GC(109) Concurrent Mark From Roots 1.890ms
[2026-03-25T21:45:15.319+0900][8.262s][info][gc,marking  ] GC(109) Concurrent Preclean
[2026-03-25T21:45:15.320+0900][8.262s][info][gc,marking  ] GC(109) Concurrent Preclean 0.038ms
[2026-03-25T21:45:15.320+0900][8.262s][info][gc,start    ] GC(109) Pause Remark
[2026-03-25T21:45:15.320+0900][8.262s][info][gc          ] GC(109) Pause Remark 181M->181M(309M) 0.386ms
[2026-03-25T21:45:15.320+0900][8.262s][info][gc,cpu      ] GC(109) User=0.00s Sys=0.01s Real=0.00s
[2026-03-25T21:45:15.320+0900][8.262s][info][gc,marking  ] GC(109) Concurrent Mark 2.478ms
[2026-03-25T21:45:15.320+0900][8.262s][info][gc,marking  ] GC(109) Concurrent Rebuild Remembered Sets
[2026-03-25T21:45:15.321+0900][8.263s][info][gc,marking  ] GC(109) Concurrent Rebuild Remembered Sets 0.532ms
[2026-03-25T21:45:15.321+0900][8.263s][info][gc,start    ] GC(109) Pause Cleanup
[2026-03-25T21:45:15.321+0900][8.263s][info][gc          ] GC(109) Pause Cleanup 181M->181M(309M) 0.060ms
[2026-03-25T21:45:15.321+0900][8.263s][info][gc,cpu      ] GC(109) User=0.00s Sys=0.00s Real=0.00s
[2026-03-25T21:45:15.321+0900][8.263s][info][gc,marking  ] GC(109) Concurrent Cleanup for Next Mark
[2026-03-25T21:45:15.321+0900][8.263s][info][gc,marking  ] GC(109) Concurrent Cleanup for Next Mark 0.226ms
[2026-03-25T21:45:15.321+0900][8.263s][info][gc          ] GC(109) Concurrent Mark Cycle 3.574ms
[2026-03-25T21:45:15.369+0900][8.311s][info][gc,start    ] GC(110) Pause Young (Concurrent Start) (G1 Humongous Allocation)
[2026-03-25T21:45:15.369+0900][8.311s][info][gc,task     ] GC(110) Using 7 workers of 8 for evacuation
[2026-03-25T21:45:15.369+0900][8.312s][info][gc,phases   ] GC(110)   Pre Evacuate Collection Set: 0.1ms
[2026-03-25T21:45:15.369+0900][8.312s][info][gc,phases   ] GC(110)   Merge Heap Roots: 0.1ms
[2026-03-25T21:45:15.369+0900][8.312s][info][gc,phases   ] GC(110)   Evacuate Collection Set: 0.1ms
[2026-03-25T21:45:15.370+0900][8.312s][info][gc,phases   ] GC(110)   Post Evacuate Collection Set: 0.1ms
[2026-03-25T21:45:15.370+0900][8.312s][info][gc,phases   ] GC(110)   Other: 0.2ms
[2026-03-25T21:45:15.370+0900][8.312s][info][gc,heap     ] GC(110) Eden regions: 1->0(93)
[2026-03-25T21:45:15.370+0900][8.312s][info][gc,heap     ] GC(110) Survivor regions: 1->1(12)
[2026-03-25T21:45:15.370+0900][8.312s][info][gc,heap     ] GC(110) Old regions: 1->1
[2026-03-25T21:45:15.370+0900][8.312s][info][gc,heap     ] GC(110) Archive regions: 2->2
[2026-03-25T21:45:15.370+0900][8.312s][info][gc,heap     ] GC(110) Humongous regions: 180->180
[2026-03-25T21:45:15.370+0900][8.312s][info][gc,metaspace] GC(110) Metaspace: 172K(384K)->172K(384K) NonClass: 164K(256K)->164K(256K) Class: 7K(128K)->7K(128K)
[2026-03-25T21:45:15.370+0900][8.312s][info][gc          ] GC(110) Pause Young (Concurrent Start) (G1 Humongous Allocation) 181M->181M(309M) 0.766ms
[2026-03-25T21:45:15.370+0900][8.312s][info][gc,cpu      ] GC(110) User=0.00s Sys=0.00s Real=0.01s
[2026-03-25T21:45:15.370+0900][8.312s][info][gc          ] GC(111) Concurrent Mark Cycle
[2026-03-25T21:45:15.370+0900][8.312s][info][gc,marking  ] GC(111) Concurrent Clear Claimed Marks
[2026-03-25T21:45:15.370+0900][8.312s][info][gc,marking  ] GC(111) Concurrent Clear Claimed Marks 0.013ms
[2026-03-25T21:45:15.370+0900][8.312s][info][gc,marking  ] GC(111) Concurrent Scan Root Regions
[2026-03-25T21:45:15.370+0900][8.312s][info][gc,marking  ] GC(111) Concurrent Scan Root Regions 0.040ms
[2026-03-25T21:45:15.370+0900][8.312s][info][gc,marking  ] GC(111) Concurrent Mark
[2026-03-25T21:45:15.370+0900][8.312s][info][gc,marking  ] GC(111) Concurrent Mark From Roots
[2026-03-25T21:45:15.370+0900][8.312s][info][gc,task     ] GC(111) Using 2 workers of 2 for marking
[2026-03-25T21:45:15.372+0900][8.314s][info][gc,marking  ] GC(111) Concurrent Mark From Roots 1.739ms
[2026-03-25T21:45:15.372+0900][8.314s][info][gc,marking  ] GC(111) Concurrent Preclean
[2026-03-25T21:45:15.372+0900][8.314s][info][gc,marking  ] GC(111) Concurrent Preclean 0.034ms
[2026-03-25T21:45:15.372+0900][8.314s][info][gc,start    ] GC(111) Pause Remark
[2026-03-25T21:45:15.372+0900][8.314s][info][gc          ] GC(111) Pause Remark 182M->182M(309M) 0.267ms
[2026-03-25T21:45:15.372+0900][8.314s][info][gc,cpu      ] GC(111) User=0.00s Sys=0.00s Real=0.00s
[2026-03-25T21:45:15.372+0900][8.314s][info][gc,marking  ] GC(111) Concurrent Mark 2.154ms
[2026-03-25T21:45:15.372+0900][8.314s][info][gc,marking  ] GC(111) Concurrent Rebuild Remembered Sets
[2026-03-25T21:45:15.373+0900][8.315s][info][gc,marking  ] GC(111) Concurrent Rebuild Remembered Sets 0.531ms
[2026-03-25T21:45:15.373+0900][8.315s][info][gc,start    ] GC(111) Pause Cleanup
[2026-03-25T21:45:15.373+0900][8.315s][info][gc          ] GC(111) Pause Cleanup 182M->182M(309M) 0.058ms
[2026-03-25T21:45:15.373+0900][8.315s][info][gc,cpu      ] GC(111) User=0.00s Sys=0.00s Real=0.00s
[2026-03-25T21:45:15.373+0900][8.315s][info][gc,marking  ] GC(111) Concurrent Cleanup for Next Mark
[2026-03-25T21:45:15.373+0900][8.315s][info][gc,marking  ] GC(111) Concurrent Cleanup for Next Mark 0.230ms
[2026-03-25T21:45:15.373+0900][8.315s][info][gc          ] GC(111) Concurrent Mark Cycle 3.231ms
[2026-03-25T21:45:15.425+0900][8.367s][info][gc,start    ] GC(112) Pause Young (Concurrent Start) (G1 Humongous Allocation)
[2026-03-25T21:45:15.425+0900][8.367s][info][gc,task     ] GC(112) Using 7 workers of 8 for evacuation
[2026-03-25T21:45:15.426+0900][8.368s][info][gc,phases   ] GC(112)   Pre Evacuate Collection Set: 0.1ms
[2026-03-25T21:45:15.426+0900][8.368s][info][gc,phases   ] GC(112)   Merge Heap Roots: 0.1ms
[2026-03-25T21:45:15.426+0900][8.368s][info][gc,phases   ] GC(112)   Evacuate Collection Set: 0.2ms
[2026-03-25T21:45:15.426+0900][8.368s][info][gc,phases   ] GC(112)   Post Evacuate Collection Set: 0.2ms
[2026-03-25T21:45:15.426+0900][8.368s][info][gc,phases   ] GC(112)   Other: 0.3ms
[2026-03-25T21:45:15.426+0900][8.368s][info][gc,heap     ] GC(112) Eden regions: 1->0(92)
[2026-03-25T21:45:15.426+0900][8.368s][info][gc,heap     ] GC(112) Survivor regions: 1->1(12)
[2026-03-25T21:45:15.426+0900][8.368s][info][gc,heap     ] GC(112) Old regions: 1->1
[2026-03-25T21:45:15.426+0900][8.368s][info][gc,heap     ] GC(112) Archive regions: 2->2
[2026-03-25T21:45:15.426+0900][8.368s][info][gc,heap     ] GC(112) Humongous regions: 181->181
[2026-03-25T21:45:15.426+0900][8.368s][info][gc,metaspace] GC(112) Metaspace: 172K(384K)->172K(384K) NonClass: 164K(256K)->164K(256K) Class: 7K(128K)->7K(128K)
[2026-03-25T21:45:15.426+0900][8.368s][info][gc          ] GC(112) Pause Young (Concurrent Start) (G1 Humongous Allocation) 182M->182M(309M) 1.274ms
[2026-03-25T21:45:15.426+0900][8.368s][info][gc,cpu      ] GC(112) User=0.00s Sys=0.00s Real=0.00s
[2026-03-25T21:45:15.426+0900][8.369s][info][gc          ] GC(113) Concurrent Mark Cycle
[2026-03-25T21:45:15.426+0900][8.369s][info][gc,marking  ] GC(113) Concurrent Clear Claimed Marks
[2026-03-25T21:45:15.426+0900][8.369s][info][gc,marking  ] GC(113) Concurrent Clear Claimed Marks 0.028ms
[2026-03-25T21:45:15.426+0900][8.369s][info][gc,marking  ] GC(113) Concurrent Scan Root Regions
[2026-03-25T21:45:15.427+0900][8.369s][info][gc,marking  ] GC(113) Concurrent Scan Root Regions 0.053ms
[2026-03-25T21:45:15.427+0900][8.369s][info][gc,marking  ] GC(113) Concurrent Mark
[2026-03-25T21:45:15.427+0900][8.369s][info][gc,marking  ] GC(113) Concurrent Mark From Roots
[2026-03-25T21:45:15.427+0900][8.369s][info][gc,task     ] GC(113) Using 2 workers of 2 for marking
[2026-03-25T21:45:15.428+0900][8.370s][info][gc,marking  ] GC(113) Concurrent Mark From Roots 1.763ms
[2026-03-25T21:45:15.428+0900][8.371s][info][gc,marking  ] GC(113) Concurrent Preclean
[2026-03-25T21:45:15.428+0900][8.371s][info][gc,marking  ] GC(113) Concurrent Preclean 0.035ms
[2026-03-25T21:45:15.428+0900][8.371s][info][gc,start    ] GC(113) Pause Remark
[2026-03-25T21:45:15.429+0900][8.371s][info][gc          ] GC(113) Pause Remark 183M->183M(310M) 0.382ms
[2026-03-25T21:45:15.429+0900][8.371s][info][gc,cpu      ] GC(113) User=0.00s Sys=0.00s Real=0.00s
[2026-03-25T21:45:15.429+0900][8.371s][info][gc,marking  ] GC(113) Concurrent Mark 2.347ms
[2026-03-25T21:45:15.429+0900][8.371s][info][gc,marking  ] GC(113) Concurrent Rebuild Remembered Sets
[2026-03-25T21:45:15.429+0900][8.372s][info][gc,marking  ] GC(113) Concurrent Rebuild Remembered Sets 0.544ms
[2026-03-25T21:45:15.429+0900][8.372s][info][gc,start    ] GC(113) Pause Cleanup
[2026-03-25T21:45:15.430+0900][8.372s][info][gc          ] GC(113) Pause Cleanup 183M->183M(310M) 0.058ms
[2026-03-25T21:45:15.430+0900][8.372s][info][gc,cpu      ] GC(113) User=0.00s Sys=0.00s Real=0.01s
[2026-03-25T21:45:15.430+0900][8.372s][info][gc,marking  ] GC(113) Concurrent Cleanup for Next Mark
[2026-03-25T21:45:15.430+0900][8.372s][info][gc,marking  ] GC(113) Concurrent Cleanup for Next Mark 0.243ms
[2026-03-25T21:45:15.430+0900][8.372s][info][gc          ] GC(113) Concurrent Mark Cycle 3.523ms
[2026-03-25T21:45:15.482+0900][8.424s][info][gc,start    ] GC(114) Pause Young (Concurrent Start) (G1 Humongous Allocation)
[2026-03-25T21:45:15.482+0900][8.424s][info][gc,task     ] GC(114) Using 7 workers of 8 for evacuation
[2026-03-25T21:45:15.482+0900][8.424s][info][gc,phases   ] GC(114)   Pre Evacuate Collection Set: 0.1ms
[2026-03-25T21:45:15.482+0900][8.424s][info][gc,phases   ] GC(114)   Merge Heap Roots: 0.1ms
[2026-03-25T21:45:15.482+0900][8.424s][info][gc,phases   ] GC(114)   Evacuate Collection Set: 0.1ms
[2026-03-25T21:45:15.482+0900][8.424s][info][gc,phases   ] GC(114)   Post Evacuate Collection Set: 0.1ms
[2026-03-25T21:45:15.482+0900][8.424s][info][gc,phases   ] GC(114)   Other: 0.2ms
[2026-03-25T21:45:15.482+0900][8.424s][info][gc,heap     ] GC(114) Eden regions: 1->0(92)
[2026-03-25T21:45:15.482+0900][8.424s][info][gc,heap     ] GC(114) Survivor regions: 1->1(12)
[2026-03-25T21:45:15.482+0900][8.424s][info][gc,heap     ] GC(114) Old regions: 1->1
[2026-03-25T21:45:15.482+0900][8.424s][info][gc,heap     ] GC(114) Archive regions: 2->2
[2026-03-25T21:45:15.482+0900][8.424s][info][gc,heap     ] GC(114) Humongous regions: 182->182
[2026-03-25T21:45:15.482+0900][8.424s][info][gc,metaspace] GC(114) Metaspace: 172K(384K)->172K(384K) NonClass: 164K(256K)->164K(256K) Class: 7K(128K)->7K(128K)
[2026-03-25T21:45:15.482+0900][8.425s][info][gc          ] GC(114) Pause Young (Concurrent Start) (G1 Humongous Allocation) 183M->183M(310M) 0.717ms
[2026-03-25T21:45:15.482+0900][8.425s][info][gc,cpu      ] GC(114) User=0.00s Sys=0.00s Real=0.00s
[2026-03-25T21:45:15.482+0900][8.425s][info][gc          ] GC(115) Concurrent Mark Cycle
[2026-03-25T21:45:15.482+0900][8.425s][info][gc,marking  ] GC(115) Concurrent Clear Claimed Marks
[2026-03-25T21:45:15.482+0900][8.425s][info][gc,marking  ] GC(115) Concurrent Clear Claimed Marks 0.015ms
[2026-03-25T21:45:15.482+0900][8.425s][info][gc,marking  ] GC(115) Concurrent Scan Root Regions
[2026-03-25T21:45:15.483+0900][8.425s][info][gc,marking  ] GC(115) Concurrent Scan Root Regions 0.036ms
[2026-03-25T21:45:15.483+0900][8.425s][info][gc,marking  ] GC(115) Concurrent Mark
[2026-03-25T21:45:15.483+0900][8.425s][info][gc,marking  ] GC(115) Concurrent Mark From Roots
[2026-03-25T21:45:15.483+0900][8.425s][info][gc,task     ] GC(115) Using 2 workers of 2 for marking
[2026-03-25T21:45:15.484+0900][8.426s][info][gc,marking  ] GC(115) Concurrent Mark From Roots 1.641ms
[2026-03-25T21:45:15.484+0900][8.426s][info][gc,marking  ] GC(115) Concurrent Preclean
[2026-03-25T21:45:15.484+0900][8.426s][info][gc,marking  ] GC(115) Concurrent Preclean 0.033ms
[2026-03-25T21:45:15.484+0900][8.426s][info][gc,start    ] GC(115) Pause Remark
[2026-03-25T21:45:15.485+0900][8.427s][info][gc          ] GC(115) Pause Remark 184M->184M(312M) 0.351ms
[2026-03-25T21:45:15.485+0900][8.427s][info][gc,cpu      ] GC(115) User=0.00s Sys=0.00s Real=0.00s
[2026-03-25T21:45:15.485+0900][8.427s][info][gc,marking  ] GC(115) Concurrent Mark 2.155ms
[2026-03-25T21:45:15.485+0900][8.427s][info][gc,marking  ] GC(115) Concurrent Rebuild Remembered Sets
[2026-03-25T21:45:15.485+0900][8.427s][info][gc,marking  ] GC(115) Concurrent Rebuild Remembered Sets 0.553ms
[2026-03-25T21:45:15.485+0900][8.427s][info][gc,start    ] GC(115) Pause Cleanup
[2026-03-25T21:45:15.485+0900][8.427s][info][gc          ] GC(115) Pause Cleanup 184M->184M(312M) 0.062ms
[2026-03-25T21:45:15.485+0900][8.427s][info][gc,cpu      ] GC(115) User=0.00s Sys=0.00s Real=0.00s
[2026-03-25T21:45:15.485+0900][8.428s][info][gc,marking  ] GC(115) Concurrent Cleanup for Next Mark
[2026-03-25T21:45:15.486+0900][8.428s][info][gc,marking  ] GC(115) Concurrent Cleanup for Next Mark 0.247ms
[2026-03-25T21:45:15.486+0900][8.428s][info][gc          ] GC(115) Concurrent Mark Cycle 3.289ms
[2026-03-25T21:45:15.538+0900][8.480s][info][gc,start    ] GC(116) Pause Young (Concurrent Start) (G1 Humongous Allocation)
[2026-03-25T21:45:15.538+0900][8.480s][info][gc,task     ] GC(116) Using 7 workers of 8 for evacuation
[2026-03-25T21:45:15.539+0900][8.481s][info][gc,phases   ] GC(116)   Pre Evacuate Collection Set: 0.1ms
[2026-03-25T21:45:15.539+0900][8.481s][info][gc,phases   ] GC(116)   Merge Heap Roots: 0.1ms
[2026-03-25T21:45:15.539+0900][8.481s][info][gc,phases   ] GC(116)   Evacuate Collection Set: 0.3ms
[2026-03-25T21:45:15.539+0900][8.481s][info][gc,phases   ] GC(116)   Post Evacuate Collection Set: 0.2ms
[2026-03-25T21:45:15.539+0900][8.481s][info][gc,phases   ] GC(116)   Other: 0.3ms
[2026-03-25T21:45:15.539+0900][8.481s][info][gc,heap     ] GC(116) Eden regions: 1->0(92)
[2026-03-25T21:45:15.539+0900][8.481s][info][gc,heap     ] GC(116) Survivor regions: 1->1(12)
[2026-03-25T21:45:15.539+0900][8.481s][info][gc,heap     ] GC(116) Old regions: 1->1
[2026-03-25T21:45:15.539+0900][8.481s][info][gc,heap     ] GC(116) Archive regions: 2->2
[2026-03-25T21:45:15.539+0900][8.481s][info][gc,heap     ] GC(116) Humongous regions: 183->183
[2026-03-25T21:45:15.539+0900][8.481s][info][gc,metaspace] GC(116) Metaspace: 172K(384K)->172K(384K) NonClass: 164K(256K)->164K(256K) Class: 7K(128K)->7K(128K)
[2026-03-25T21:45:15.539+0900][8.481s][info][gc          ] GC(116) Pause Young (Concurrent Start) (G1 Humongous Allocation) 184M->184M(312M) 1.333ms
[2026-03-25T21:45:15.539+0900][8.481s][info][gc,cpu      ] GC(116) User=0.00s Sys=0.00s Real=0.00s
[2026-03-25T21:45:15.539+0900][8.481s][info][gc          ] GC(117) Concurrent Mark Cycle
[2026-03-25T21:45:15.539+0900][8.481s][info][gc,marking  ] GC(117) Concurrent Clear Claimed Marks
[2026-03-25T21:45:15.539+0900][8.481s][info][gc,marking  ] GC(117) Concurrent Clear Claimed Marks 0.022ms
[2026-03-25T21:45:15.539+0900][8.481s][info][gc,marking  ] GC(117) Concurrent Scan Root Regions
[2026-03-25T21:45:15.539+0900][8.481s][info][gc,marking  ] GC(117) Concurrent Scan Root Regions 0.061ms
[2026-03-25T21:45:15.539+0900][8.481s][info][gc,marking  ] GC(117) Concurrent Mark
[2026-03-25T21:45:15.539+0900][8.481s][info][gc,marking  ] GC(117) Concurrent Mark From Roots
[2026-03-25T21:45:15.539+0900][8.481s][info][gc,task     ] GC(117) Using 2 workers of 2 for marking
[2026-03-25T21:45:15.542+0900][8.484s][info][gc,marking  ] GC(117) Concurrent Mark From Roots 2.478ms
[2026-03-25T21:45:15.542+0900][8.484s][info][gc,marking  ] GC(117) Concurrent Preclean
[2026-03-25T21:45:15.542+0900][8.484s][info][gc,marking  ] GC(117) Concurrent Preclean 0.044ms
[2026-03-25T21:45:15.542+0900][8.484s][info][gc,start    ] GC(117) Pause Remark
[2026-03-25T21:45:15.542+0900][8.484s][info][gc          ] GC(117) Pause Remark 185M->185M(314M) 0.441ms
[2026-03-25T21:45:15.542+0900][8.485s][info][gc,cpu      ] GC(117) User=0.00s Sys=0.00s Real=0.00s
[2026-03-25T21:45:15.542+0900][8.485s][info][gc,marking  ] GC(117) Concurrent Mark 3.147ms
[2026-03-25T21:45:15.542+0900][8.485s][info][gc,marking  ] GC(117) Concurrent Rebuild Remembered Sets
[2026-03-25T21:45:15.543+0900][8.485s][info][gc,marking  ] GC(117) Concurrent Rebuild Remembered Sets 0.603ms
[2026-03-25T21:45:15.543+0900][8.485s][info][gc,start    ] GC(117) Pause Cleanup
[2026-03-25T21:45:15.543+0900][8.485s][info][gc          ] GC(117) Pause Cleanup 185M->185M(314M) 0.076ms
[2026-03-25T21:45:15.543+0900][8.485s][info][gc,cpu      ] GC(117) User=0.00s Sys=0.00s Real=0.00s
[2026-03-25T21:45:15.543+0900][8.485s][info][gc,marking  ] GC(117) Concurrent Cleanup for Next Mark
[2026-03-25T21:45:15.543+0900][8.486s][info][gc,marking  ] GC(117) Concurrent Cleanup for Next Mark 0.287ms
[2026-03-25T21:45:15.544+0900][8.486s][info][gc          ] GC(117) Concurrent Mark Cycle 4.467ms
[2026-03-25T21:45:15.592+0900][8.534s][info][gc,start    ] GC(118) Pause Young (Concurrent Start) (G1 Humongous Allocation)
[2026-03-25T21:45:15.592+0900][8.534s][info][gc,task     ] GC(118) Using 7 workers of 8 for evacuation
[2026-03-25T21:45:15.592+0900][8.535s][info][gc,phases   ] GC(118)   Pre Evacuate Collection Set: 0.1ms
[2026-03-25T21:45:15.592+0900][8.535s][info][gc,phases   ] GC(118)   Merge Heap Roots: 0.1ms
[2026-03-25T21:45:15.592+0900][8.535s][info][gc,phases   ] GC(118)   Evacuate Collection Set: 0.2ms
[2026-03-25T21:45:15.592+0900][8.535s][info][gc,phases   ] GC(118)   Post Evacuate Collection Set: 0.1ms
[2026-03-25T21:45:15.592+0900][8.535s][info][gc,phases   ] GC(118)   Other: 0.2ms
[2026-03-25T21:45:15.592+0900][8.535s][info][gc,heap     ] GC(118) Eden regions: 1->0(93)
[2026-03-25T21:45:15.592+0900][8.535s][info][gc,heap     ] GC(118) Survivor regions: 1->1(12)
[2026-03-25T21:45:15.592+0900][8.535s][info][gc,heap     ] GC(118) Old regions: 1->1
[2026-03-25T21:45:15.592+0900][8.535s][info][gc,heap     ] GC(118) Archive regions: 2->2
[2026-03-25T21:45:15.593+0900][8.535s][info][gc,heap     ] GC(118) Humongous regions: 184->184
[2026-03-25T21:45:15.593+0900][8.535s][info][gc,metaspace] GC(118) Metaspace: 172K(384K)->172K(384K) NonClass: 164K(256K)->164K(256K) Class: 7K(128K)->7K(128K)
[2026-03-25T21:45:15.593+0900][8.535s][info][gc          ] GC(118) Pause Young (Concurrent Start) (G1 Humongous Allocation) 185M->185M(314M) 0.836ms
[2026-03-25T21:45:15.593+0900][8.535s][info][gc,cpu      ] GC(118) User=0.00s Sys=0.00s Real=0.00s
[2026-03-25T21:45:15.593+0900][8.535s][info][gc          ] GC(119) Concurrent Mark Cycle
[2026-03-25T21:45:15.593+0900][8.535s][info][gc,marking  ] GC(119) Concurrent Clear Claimed Marks
[2026-03-25T21:45:15.593+0900][8.535s][info][gc,marking  ] GC(119) Concurrent Clear Claimed Marks 0.015ms
[2026-03-25T21:45:15.593+0900][8.535s][info][gc,marking  ] GC(119) Concurrent Scan Root Regions
[2026-03-25T21:45:15.593+0900][8.535s][info][gc,marking  ] GC(119) Concurrent Scan Root Regions 0.037ms
[2026-03-25T21:45:15.593+0900][8.535s][info][gc,marking  ] GC(119) Concurrent Mark
[2026-03-25T21:45:15.593+0900][8.535s][info][gc,marking  ] GC(119) Concurrent Mark From Roots
[2026-03-25T21:45:15.593+0900][8.535s][info][gc,task     ] GC(119) Using 2 workers of 2 for marking
[2026-03-25T21:45:15.594+0900][8.537s][info][gc,marking  ] GC(119) Concurrent Mark From Roots 1.733ms
[2026-03-25T21:45:15.594+0900][8.537s][info][gc,marking  ] GC(119) Concurrent Preclean
[2026-03-25T21:45:15.595+0900][8.537s][info][gc,marking  ] GC(119) Concurrent Preclean 0.035ms
[2026-03-25T21:45:15.595+0900][8.537s][info][gc,start    ] GC(119) Pause Remark
[2026-03-25T21:45:15.595+0900][8.537s][info][gc          ] GC(119) Pause Remark 186M->186M(315M) 0.415ms
[2026-03-25T21:45:15.595+0900][8.537s][info][gc,cpu      ] GC(119) User=0.00s Sys=0.00s Real=0.00s
[2026-03-25T21:45:15.595+0900][8.537s][info][gc,marking  ] GC(119) Concurrent Mark 2.341ms
[2026-03-25T21:45:15.595+0900][8.537s][info][gc,marking  ] GC(119) Concurrent Rebuild Remembered Sets
[2026-03-25T21:45:15.596+0900][8.538s][info][gc,marking  ] GC(119) Concurrent Rebuild Remembered Sets 0.538ms
[2026-03-25T21:45:15.596+0900][8.538s][info][gc,start    ] GC(119) Pause Cleanup
[2026-03-25T21:45:15.596+0900][8.538s][info][gc          ] GC(119) Pause Cleanup 186M->186M(315M) 0.062ms
[2026-03-25T21:45:15.596+0900][8.538s][info][gc,cpu      ] GC(119) User=0.00s Sys=0.00s Real=0.00s
[2026-03-25T21:45:15.596+0900][8.538s][info][gc,marking  ] GC(119) Concurrent Cleanup for Next Mark
[2026-03-25T21:45:15.596+0900][8.538s][info][gc,marking  ] GC(119) Concurrent Cleanup for Next Mark 0.284ms
[2026-03-25T21:45:15.596+0900][8.538s][info][gc          ] GC(119) Concurrent Mark Cycle 3.506ms
[2026-03-25T21:45:15.648+0900][8.590s][info][gc,start    ] GC(120) Pause Young (Concurrent Start) (G1 Humongous Allocation)
[2026-03-25T21:45:15.648+0900][8.590s][info][gc,task     ] GC(120) Using 7 workers of 8 for evacuation
[2026-03-25T21:45:15.648+0900][8.591s][info][gc,phases   ] GC(120)   Pre Evacuate Collection Set: 0.1ms
[2026-03-25T21:45:15.648+0900][8.591s][info][gc,phases   ] GC(120)   Merge Heap Roots: 0.1ms
[2026-03-25T21:45:15.648+0900][8.591s][info][gc,phases   ] GC(120)   Evacuate Collection Set: 0.2ms
[2026-03-25T21:45:15.648+0900][8.591s][info][gc,phases   ] GC(120)   Post Evacuate Collection Set: 0.1ms
[2026-03-25T21:45:15.648+0900][8.591s][info][gc,phases   ] GC(120)   Other: 0.2ms
[2026-03-25T21:45:15.649+0900][8.591s][info][gc,heap     ] GC(120) Eden regions: 1->0(93)
[2026-03-25T21:45:15.649+0900][8.591s][info][gc,heap     ] GC(120) Survivor regions: 1->1(12)
[2026-03-25T21:45:15.649+0900][8.591s][info][gc,heap     ] GC(120) Old regions: 1->1
[2026-03-25T21:45:15.649+0900][8.591s][info][gc,heap     ] GC(120) Archive regions: 2->2
[2026-03-25T21:45:15.649+0900][8.591s][info][gc,heap     ] GC(120) Humongous regions: 185->185
[2026-03-25T21:45:15.649+0900][8.591s][info][gc,metaspace] GC(120) Metaspace: 172K(384K)->172K(384K) NonClass: 164K(256K)->164K(256K) Class: 7K(128K)->7K(128K)
[2026-03-25T21:45:15.649+0900][8.591s][info][gc          ] GC(120) Pause Young (Concurrent Start) (G1 Humongous Allocation) 186M->186M(315M) 0.734ms
[2026-03-25T21:45:15.649+0900][8.591s][info][gc,cpu      ] GC(120) User=0.00s Sys=0.00s Real=0.00s
[2026-03-25T21:45:15.649+0900][8.591s][info][gc          ] GC(121) Concurrent Mark Cycle
[2026-03-25T21:45:15.649+0900][8.591s][info][gc,marking  ] GC(121) Concurrent Clear Claimed Marks
[2026-03-25T21:45:15.649+0900][8.591s][info][gc,marking  ] GC(121) Concurrent Clear Claimed Marks 0.015ms
[2026-03-25T21:45:15.649+0900][8.591s][info][gc,marking  ] GC(121) Concurrent Scan Root Regions
[2026-03-25T21:45:15.649+0900][8.591s][info][gc,marking  ] GC(121) Concurrent Scan Root Regions 0.036ms
[2026-03-25T21:45:15.649+0900][8.591s][info][gc,marking  ] GC(121) Concurrent Mark
[2026-03-25T21:45:15.649+0900][8.591s][info][gc,marking  ] GC(121) Concurrent Mark From Roots
[2026-03-25T21:45:15.649+0900][8.591s][info][gc,task     ] GC(121) Using 2 workers of 2 for marking
[2026-03-25T21:45:15.650+0900][8.593s][info][gc,marking  ] GC(121) Concurrent Mark From Roots 1.688ms
[2026-03-25T21:45:15.650+0900][8.593s][info][gc,marking  ] GC(121) Concurrent Preclean
[2026-03-25T21:45:15.651+0900][8.593s][info][gc,marking  ] GC(121) Concurrent Preclean 0.037ms
[2026-03-25T21:45:15.651+0900][8.593s][info][gc,start    ] GC(121) Pause Remark
[2026-03-25T21:45:15.651+0900][8.593s][info][gc          ] GC(121) Pause Remark 187M->187M(317M) 0.316ms
[2026-03-25T21:45:15.651+0900][8.593s][info][gc,cpu      ] GC(121) User=0.00s Sys=0.00s Real=0.00s
[2026-03-25T21:45:15.651+0900][8.593s][info][gc,marking  ] GC(121) Concurrent Mark 2.167ms
[2026-03-25T21:45:15.651+0900][8.593s][info][gc,marking  ] GC(121) Concurrent Rebuild Remembered Sets
[2026-03-25T21:45:15.651+0900][8.594s][info][gc,marking  ] GC(121) Concurrent Rebuild Remembered Sets 0.560ms
[2026-03-25T21:45:15.652+0900][8.594s][info][gc,start    ] GC(121) Pause Cleanup
[2026-03-25T21:45:15.652+0900][8.594s][info][gc          ] GC(121) Pause Cleanup 187M->187M(317M) 0.067ms
[2026-03-25T21:45:15.652+0900][8.594s][info][gc,cpu      ] GC(121) User=0.00s Sys=0.00s Real=0.00s
[2026-03-25T21:45:15.652+0900][8.594s][info][gc,marking  ] GC(121) Concurrent Cleanup for Next Mark
[2026-03-25T21:45:15.652+0900][8.594s][info][gc,marking  ] GC(121) Concurrent Cleanup for Next Mark 0.276ms
[2026-03-25T21:45:15.652+0900][8.594s][info][gc          ] GC(121) Concurrent Mark Cycle 3.346ms
[2026-03-25T21:45:15.703+0900][8.645s][info][gc,start    ] GC(122) Pause Young (Concurrent Start) (G1 Humongous Allocation)
[2026-03-25T21:45:15.703+0900][8.645s][info][gc,task     ] GC(122) Using 7 workers of 8 for evacuation
[2026-03-25T21:45:15.704+0900][8.646s][info][gc,phases   ] GC(122)   Pre Evacuate Collection Set: 0.1ms
[2026-03-25T21:45:15.704+0900][8.646s][info][gc,phases   ] GC(122)   Merge Heap Roots: 0.1ms
[2026-03-25T21:45:15.704+0900][8.646s][info][gc,phases   ] GC(122)   Evacuate Collection Set: 0.2ms
[2026-03-25T21:45:15.704+0900][8.646s][info][gc,phases   ] GC(122)   Post Evacuate Collection Set: 0.2ms
[2026-03-25T21:45:15.704+0900][8.646s][info][gc,phases   ] GC(122)   Other: 0.2ms
[2026-03-25T21:45:15.704+0900][8.646s][info][gc,heap     ] GC(122) Eden regions: 1->0(94)
[2026-03-25T21:45:15.704+0900][8.646s][info][gc,heap     ] GC(122) Survivor regions: 1->1(12)
[2026-03-25T21:45:15.704+0900][8.646s][info][gc,heap     ] GC(122) Old regions: 1->1
[2026-03-25T21:45:15.704+0900][8.646s][info][gc,heap     ] GC(122) Archive regions: 2->2
[2026-03-25T21:45:15.704+0900][8.646s][info][gc,heap     ] GC(122) Humongous regions: 186->186
[2026-03-25T21:45:15.704+0900][8.646s][info][gc,metaspace] GC(122) Metaspace: 172K(384K)->172K(384K) NonClass: 164K(256K)->164K(256K) Class: 7K(128K)->7K(128K)
[2026-03-25T21:45:15.704+0900][8.646s][info][gc          ] GC(122) Pause Young (Concurrent Start) (G1 Humongous Allocation) 187M->187M(317M) 1.167ms
[2026-03-25T21:45:15.704+0900][8.646s][info][gc,cpu      ] GC(122) User=0.00s Sys=0.01s Real=0.00s
[2026-03-25T21:45:15.704+0900][8.646s][info][gc          ] GC(123) Concurrent Mark Cycle
[2026-03-25T21:45:15.704+0900][8.646s][info][gc,marking  ] GC(123) Concurrent Clear Claimed Marks
[2026-03-25T21:45:15.704+0900][8.646s][info][gc,marking  ] GC(123) Concurrent Clear Claimed Marks 0.030ms
[2026-03-25T21:45:15.704+0900][8.646s][info][gc,marking  ] GC(123) Concurrent Scan Root Regions
[2026-03-25T21:45:15.704+0900][8.646s][info][gc,marking  ] GC(123) Concurrent Scan Root Regions 0.071ms
[2026-03-25T21:45:15.704+0900][8.646s][info][gc,marking  ] GC(123) Concurrent Mark
[2026-03-25T21:45:15.704+0900][8.647s][info][gc,marking  ] GC(123) Concurrent Mark From Roots
[2026-03-25T21:45:15.704+0900][8.647s][info][gc,task     ] GC(123) Using 2 workers of 2 for marking
[2026-03-25T21:45:15.707+0900][8.649s][info][gc,marking  ] GC(123) Concurrent Mark From Roots 2.375ms
[2026-03-25T21:45:15.707+0900][8.649s][info][gc,marking  ] GC(123) Concurrent Preclean
[2026-03-25T21:45:15.707+0900][8.649s][info][gc,marking  ] GC(123) Concurrent Preclean 0.044ms
[2026-03-25T21:45:15.707+0900][8.649s][info][gc,start    ] GC(123) Pause Remark
[2026-03-25T21:45:15.707+0900][8.649s][info][gc          ] GC(123) Pause Remark 188M->188M(319M) 0.366ms
[2026-03-25T21:45:15.707+0900][8.649s][info][gc,cpu      ] GC(123) User=0.00s Sys=0.00s Real=0.00s
[2026-03-25T21:45:15.707+0900][8.649s][info][gc,marking  ] GC(123) Concurrent Mark 2.977ms
[2026-03-25T21:45:15.707+0900][8.649s][info][gc,marking  ] GC(123) Concurrent Rebuild Remembered Sets
[2026-03-25T21:45:15.708+0900][8.650s][info][gc,marking  ] GC(123) Concurrent Rebuild Remembered Sets 0.633ms
[2026-03-25T21:45:15.708+0900][8.650s][info][gc,start    ] GC(123) Pause Cleanup
[2026-03-25T21:45:15.708+0900][8.650s][info][gc          ] GC(123) Pause Cleanup 188M->188M(319M) 0.079ms
[2026-03-25T21:45:15.708+0900][8.650s][info][gc,cpu      ] GC(123) User=0.00s Sys=0.00s Real=0.00s
[2026-03-25T21:45:15.708+0900][8.650s][info][gc,marking  ] GC(123) Concurrent Cleanup for Next Mark
[2026-03-25T21:45:15.708+0900][8.651s][info][gc,marking  ] GC(123) Concurrent Cleanup for Next Mark 0.261ms
[2026-03-25T21:45:15.709+0900][8.651s][info][gc          ] GC(123) Concurrent Mark Cycle 4.370ms
[2026-03-25T21:45:15.758+0900][8.700s][info][gc,start    ] GC(124) Pause Young (Concurrent Start) (G1 Humongous Allocation)
[2026-03-25T21:45:15.758+0900][8.700s][info][gc,task     ] GC(124) Using 7 workers of 8 for evacuation
[2026-03-25T21:45:15.759+0900][8.701s][info][gc,phases   ] GC(124)   Pre Evacuate Collection Set: 0.1ms
[2026-03-25T21:45:15.759+0900][8.701s][info][gc,phases   ] GC(124)   Merge Heap Roots: 0.1ms
[2026-03-25T21:45:15.759+0900][8.701s][info][gc,phases   ] GC(124)   Evacuate Collection Set: 0.3ms
[2026-03-25T21:45:15.759+0900][8.701s][info][gc,phases   ] GC(124)   Post Evacuate Collection Set: 0.2ms
[2026-03-25T21:45:15.759+0900][8.701s][info][gc,phases   ] GC(124)   Other: 0.3ms
[2026-03-25T21:45:15.759+0900][8.701s][info][gc,heap     ] GC(124) Eden regions: 1->0(95)
[2026-03-25T21:45:15.759+0900][8.701s][info][gc,heap     ] GC(124) Survivor regions: 1->1(12)
[2026-03-25T21:45:15.759+0900][8.701s][info][gc,heap     ] GC(124) Old regions: 1->1
[2026-03-25T21:45:15.759+0900][8.701s][info][gc,heap     ] GC(124) Archive regions: 2->2
[2026-03-25T21:45:15.759+0900][8.701s][info][gc,heap     ] GC(124) Humongous regions: 187->187
[2026-03-25T21:45:15.759+0900][8.701s][info][gc,metaspace] GC(124) Metaspace: 172K(384K)->172K(384K) NonClass: 164K(256K)->164K(256K) Class: 7K(128K)->7K(128K)
[2026-03-25T21:45:15.759+0900][8.701s][info][gc          ] GC(124) Pause Young (Concurrent Start) (G1 Humongous Allocation) 188M->188M(319M) 1.317ms
[2026-03-25T21:45:15.759+0900][8.701s][info][gc,cpu      ] GC(124) User=0.00s Sys=0.00s Real=0.00s
[2026-03-25T21:45:15.759+0900][8.701s][info][gc          ] GC(125) Concurrent Mark Cycle
[2026-03-25T21:45:15.759+0900][8.701s][info][gc,marking  ] GC(125) Concurrent Clear Claimed Marks
[2026-03-25T21:45:15.759+0900][8.701s][info][gc,marking  ] GC(125) Concurrent Clear Claimed Marks 0.026ms
[2026-03-25T21:45:15.759+0900][8.702s][info][gc,marking  ] GC(125) Concurrent Scan Root Regions
[2026-03-25T21:45:15.759+0900][8.702s][info][gc,marking  ] GC(125) Concurrent Scan Root Regions 0.070ms
[2026-03-25T21:45:15.759+0900][8.702s][info][gc,marking  ] GC(125) Concurrent Mark
[2026-03-25T21:45:15.760+0900][8.702s][info][gc,marking  ] GC(125) Concurrent Mark From Roots
[2026-03-25T21:45:15.760+0900][8.702s][info][gc,task     ] GC(125) Using 2 workers of 2 for marking
[2026-03-25T21:45:15.762+0900][8.704s][info][gc,marking  ] GC(125) Concurrent Mark From Roots 2.482ms
[2026-03-25T21:45:15.762+0900][8.704s][info][gc,marking  ] GC(125) Concurrent Preclean
[2026-03-25T21:45:15.762+0900][8.704s][info][gc,marking  ] GC(125) Concurrent Preclean 0.039ms
[2026-03-25T21:45:15.762+0900][8.704s][info][gc,start    ] GC(125) Pause Remark
[2026-03-25T21:45:15.762+0900][8.705s][info][gc          ] GC(125) Pause Remark 189M->189M(320M) 0.351ms
[2026-03-25T21:45:15.762+0900][8.705s][info][gc,cpu      ] GC(125) User=0.00s Sys=0.00s Real=0.00s
[2026-03-25T21:45:15.763+0900][8.705s][info][gc,marking  ] GC(125) Concurrent Mark 3.027ms
[2026-03-25T21:45:15.763+0900][8.705s][info][gc,marking  ] GC(125) Concurrent Rebuild Remembered Sets
[2026-03-25T21:45:15.763+0900][8.705s][info][gc,marking  ] GC(125) Concurrent Rebuild Remembered Sets 0.633ms
[2026-03-25T21:45:15.763+0900][8.705s][info][gc,start    ] GC(125) Pause Cleanup
[2026-03-25T21:45:15.763+0900][8.705s][info][gc          ] GC(125) Pause Cleanup 189M->189M(320M) 0.078ms
[2026-03-25T21:45:15.763+0900][8.705s][info][gc,cpu      ] GC(125) User=0.00s Sys=0.00s Real=0.00s
[2026-03-25T21:45:15.763+0900][8.705s][info][gc,marking  ] GC(125) Concurrent Cleanup for Next Mark
[2026-03-25T21:45:15.764+0900][8.706s][info][gc,marking  ] GC(125) Concurrent Cleanup for Next Mark 0.241ms
[2026-03-25T21:45:15.764+0900][8.706s][info][gc          ] GC(125) Concurrent Mark Cycle 4.395ms
[2026-03-25T21:45:15.814+0900][8.756s][info][gc,start    ] GC(126) Pause Young (Concurrent Start) (G1 Humongous Allocation)
[2026-03-25T21:45:15.814+0900][8.756s][info][gc,task     ] GC(126) Using 7 workers of 8 for evacuation
[2026-03-25T21:45:15.815+0900][8.757s][info][gc,phases   ] GC(126)   Pre Evacuate Collection Set: 0.1ms
[2026-03-25T21:45:15.815+0900][8.757s][info][gc,phases   ] GC(126)   Merge Heap Roots: 0.1ms
[2026-03-25T21:45:15.815+0900][8.757s][info][gc,phases   ] GC(126)   Evacuate Collection Set: 0.2ms
[2026-03-25T21:45:15.815+0900][8.757s][info][gc,phases   ] GC(126)   Post Evacuate Collection Set: 0.2ms
[2026-03-25T21:45:15.815+0900][8.757s][info][gc,phases   ] GC(126)   Other: 0.2ms
[2026-03-25T21:45:15.815+0900][8.757s][info][gc,heap     ] GC(126) Eden regions: 1->0(95)
[2026-03-25T21:45:15.815+0900][8.757s][info][gc,heap     ] GC(126) Survivor regions: 1->1(12)
[2026-03-25T21:45:15.815+0900][8.757s][info][gc,heap     ] GC(126) Old regions: 1->1
[2026-03-25T21:45:15.815+0900][8.757s][info][gc,heap     ] GC(126) Archive regions: 2->2
[2026-03-25T21:45:15.815+0900][8.757s][info][gc,heap     ] GC(126) Humongous regions: 188->188
[2026-03-25T21:45:15.815+0900][8.757s][info][gc,metaspace] GC(126) Metaspace: 172K(384K)->172K(384K) NonClass: 164K(256K)->164K(256K) Class: 7K(128K)->7K(128K)
[2026-03-25T21:45:15.815+0900][8.757s][info][gc          ] GC(126) Pause Young (Concurrent Start) (G1 Humongous Allocation) 189M->189M(320M) 0.884ms
[2026-03-25T21:45:15.815+0900][8.757s][info][gc,cpu      ] GC(126) User=0.00s Sys=0.00s Real=0.00s
[2026-03-25T21:45:15.815+0900][8.757s][info][gc          ] GC(127) Concurrent Mark Cycle
[2026-03-25T21:45:15.815+0900][8.757s][info][gc,marking  ] GC(127) Concurrent Clear Claimed Marks
[2026-03-25T21:45:15.815+0900][8.757s][info][gc,marking  ] GC(127) Concurrent Clear Claimed Marks 0.015ms
[2026-03-25T21:45:15.815+0900][8.757s][info][gc,marking  ] GC(127) Concurrent Scan Root Regions
[2026-03-25T21:45:15.815+0900][8.757s][info][gc,marking  ] GC(127) Concurrent Scan Root Regions 0.049ms
[2026-03-25T21:45:15.815+0900][8.757s][info][gc,marking  ] GC(127) Concurrent Mark
[2026-03-25T21:45:15.815+0900][8.757s][info][gc,marking  ] GC(127) Concurrent Mark From Roots
[2026-03-25T21:45:15.815+0900][8.757s][info][gc,task     ] GC(127) Using 2 workers of 2 for marking
[2026-03-25T21:45:15.817+0900][8.759s][info][gc,marking  ] GC(127) Concurrent Mark From Roots 1.832ms
[2026-03-25T21:45:15.817+0900][8.759s][info][gc,marking  ] GC(127) Concurrent Preclean
[2026-03-25T21:45:15.817+0900][8.759s][info][gc,marking  ] GC(127) Concurrent Preclean 0.034ms
[2026-03-25T21:45:15.817+0900][8.759s][info][gc,start    ] GC(127) Pause Remark
[2026-03-25T21:45:15.817+0900][8.759s][info][gc          ] GC(127) Pause Remark 190M->190M(322M) 0.395ms
[2026-03-25T21:45:15.817+0900][8.759s][info][gc,cpu      ] GC(127) User=0.00s Sys=0.00s Real=0.00s
[2026-03-25T21:45:15.817+0900][8.759s][info][gc,marking  ] GC(127) Concurrent Mark 2.380ms
[2026-03-25T21:45:15.817+0900][8.759s][info][gc,marking  ] GC(127) Concurrent Rebuild Remembered Sets
[2026-03-25T21:45:15.818+0900][8.760s][info][gc,marking  ] GC(127) Concurrent Rebuild Remembered Sets 0.542ms
[2026-03-25T21:45:15.818+0900][8.760s][info][gc,start    ] GC(127) Pause Cleanup
[2026-03-25T21:45:15.819+0900][8.761s][info][gc          ] GC(127) Pause Cleanup 190M->190M(322M) 0.611ms
[2026-03-25T21:45:15.819+0900][8.761s][info][gc,cpu      ] GC(127) User=0.00s Sys=0.00s Real=0.00s
[2026-03-25T21:45:15.819+0900][8.761s][info][gc,marking  ] GC(127) Concurrent Cleanup for Next Mark
[2026-03-25T21:45:15.819+0900][8.762s][info][gc,marking  ] GC(127) Concurrent Cleanup for Next Mark 0.450ms
[2026-03-25T21:45:15.820+0900][8.762s][info][gc          ] GC(127) Concurrent Mark Cycle 4.762ms
[2026-03-25T21:45:15.870+0900][8.812s][info][gc,start    ] GC(128) Pause Young (Concurrent Start) (G1 Humongous Allocation)
[2026-03-25T21:45:15.870+0900][8.812s][info][gc,task     ] GC(128) Using 7 workers of 8 for evacuation
[2026-03-25T21:45:15.871+0900][8.813s][info][gc,phases   ] GC(128)   Pre Evacuate Collection Set: 0.1ms
[2026-03-25T21:45:15.871+0900][8.813s][info][gc,phases   ] GC(128)   Merge Heap Roots: 0.1ms
[2026-03-25T21:45:15.871+0900][8.813s][info][gc,phases   ] GC(128)   Evacuate Collection Set: 0.2ms
[2026-03-25T21:45:15.871+0900][8.813s][info][gc,phases   ] GC(128)   Post Evacuate Collection Set: 0.2ms
[2026-03-25T21:45:15.871+0900][8.813s][info][gc,phases   ] GC(128)   Other: 0.3ms
[2026-03-25T21:45:15.871+0900][8.813s][info][gc,heap     ] GC(128) Eden regions: 1->0(95)
[2026-03-25T21:45:15.871+0900][8.813s][info][gc,heap     ] GC(128) Survivor regions: 1->1(12)
[2026-03-25T21:45:15.871+0900][8.813s][info][gc,heap     ] GC(128) Old regions: 1->1
[2026-03-25T21:45:15.871+0900][8.814s][info][gc,heap     ] GC(128) Archive regions: 2->2
[2026-03-25T21:45:15.871+0900][8.814s][info][gc,heap     ] GC(128) Humongous regions: 189->189
[2026-03-25T21:45:15.871+0900][8.814s][info][gc,metaspace] GC(128) Metaspace: 172K(384K)->172K(384K) NonClass: 164K(256K)->164K(256K) Class: 7K(128K)->7K(128K)
[2026-03-25T21:45:15.871+0900][8.814s][info][gc          ] GC(128) Pause Young (Concurrent Start) (G1 Humongous Allocation) 190M->190M(322M) 1.369ms
[2026-03-25T21:45:15.872+0900][8.814s][info][gc,cpu      ] GC(128) User=0.00s Sys=0.00s Real=0.00s
[2026-03-25T21:45:15.872+0900][8.814s][info][gc          ] GC(129) Concurrent Mark Cycle
[2026-03-25T21:45:15.872+0900][8.814s][info][gc,marking  ] GC(129) Concurrent Clear Claimed Marks
[2026-03-25T21:45:15.872+0900][8.814s][info][gc,marking  ] GC(129) Concurrent Clear Claimed Marks 0.029ms
[2026-03-25T21:45:15.872+0900][8.814s][info][gc,marking  ] GC(129) Concurrent Scan Root Regions
[2026-03-25T21:45:15.872+0900][8.814s][info][gc,marking  ] GC(129) Concurrent Scan Root Regions 0.083ms
[2026-03-25T21:45:15.872+0900][8.814s][info][gc,marking  ] GC(129) Concurrent Mark
[2026-03-25T21:45:15.872+0900][8.814s][info][gc,marking  ] GC(129) Concurrent Mark From Roots
[2026-03-25T21:45:15.872+0900][8.814s][info][gc,task     ] GC(129) Using 2 workers of 2 for marking
[2026-03-25T21:45:15.874+0900][8.816s][info][gc,marking  ] GC(129) Concurrent Mark From Roots 2.464ms
[2026-03-25T21:45:15.874+0900][8.816s][info][gc,marking  ] GC(129) Concurrent Preclean
[2026-03-25T21:45:15.874+0900][8.817s][info][gc,marking  ] GC(129) Concurrent Preclean 0.041ms
[2026-03-25T21:45:15.874+0900][8.817s][info][gc,start    ] GC(129) Pause Remark
[2026-03-25T21:45:15.875+0900][8.817s][info][gc          ] GC(129) Pause Remark 193M->193M(329M) 0.399ms
[2026-03-25T21:45:15.875+0900][8.817s][info][gc,cpu      ] GC(129) User=0.00s Sys=0.00s Real=0.00s
[2026-03-25T21:45:15.875+0900][8.817s][info][gc,marking  ] GC(129) Concurrent Mark 3.080ms
[2026-03-25T21:45:15.875+0900][8.817s][info][gc,marking  ] GC(129) Concurrent Rebuild Remembered Sets
[2026-03-25T21:45:15.876+0900][8.818s][info][gc,marking  ] GC(129) Concurrent Rebuild Remembered Sets 0.633ms
[2026-03-25T21:45:15.876+0900][8.818s][info][gc,start    ] GC(129) Pause Cleanup
[2026-03-25T21:45:15.876+0900][8.818s][info][gc          ] GC(129) Pause Cleanup 193M->193M(329M) 0.087ms
[2026-03-25T21:45:15.876+0900][8.818s][info][gc,cpu      ] GC(129) User=0.00s Sys=0.00s Real=0.00s
[2026-03-25T21:45:15.876+0900][8.818s][info][gc,marking  ] GC(129) Concurrent Cleanup for Next Mark
[2026-03-25T21:45:15.876+0900][8.818s][info][gc,marking  ] GC(129) Concurrent Cleanup for Next Mark 0.332ms
[2026-03-25T21:45:15.876+0900][8.818s][info][gc          ] GC(129) Concurrent Mark Cycle 4.604ms
[2026-03-25T21:45:15.927+0900][8.869s][info][gc,start    ] GC(130) Pause Young (Concurrent Start) (G1 Humongous Allocation)
[2026-03-25T21:45:15.927+0900][8.870s][info][gc,task     ] GC(130) Using 7 workers of 8 for evacuation
[2026-03-25T21:45:15.928+0900][8.870s][info][gc,phases   ] GC(130)   Pre Evacuate Collection Set: 0.1ms
[2026-03-25T21:45:15.928+0900][8.870s][info][gc,phases   ] GC(130)   Merge Heap Roots: 0.1ms
[2026-03-25T21:45:15.928+0900][8.870s][info][gc,phases   ] GC(130)   Evacuate Collection Set: 0.2ms
[2026-03-25T21:45:15.928+0900][8.870s][info][gc,phases   ] GC(130)   Post Evacuate Collection Set: 0.2ms
[2026-03-25T21:45:15.928+0900][8.870s][info][gc,phases   ] GC(130)   Other: 0.2ms
[2026-03-25T21:45:15.928+0900][8.870s][info][gc,heap     ] GC(130) Eden regions: 1->0(99)
[2026-03-25T21:45:15.928+0900][8.870s][info][gc,heap     ] GC(130) Survivor regions: 1->1(12)
[2026-03-25T21:45:15.928+0900][8.871s][info][gc,heap     ] GC(130) Old regions: 1->1
[2026-03-25T21:45:15.928+0900][8.871s][info][gc,heap     ] GC(130) Archive regions: 2->2
[2026-03-25T21:45:15.928+0900][8.871s][info][gc,heap     ] GC(130) Humongous regions: 192->192
[2026-03-25T21:45:15.928+0900][8.871s][info][gc,metaspace] GC(130) Metaspace: 172K(384K)->172K(384K) NonClass: 164K(256K)->164K(256K) Class: 7K(128K)->7K(128K)
[2026-03-25T21:45:15.928+0900][8.871s][info][gc          ] GC(130) Pause Young (Concurrent Start) (G1 Humongous Allocation) 193M->193M(329M) 1.091ms
[2026-03-25T21:45:15.928+0900][8.871s][info][gc,cpu      ] GC(130) User=0.00s Sys=0.00s Real=0.00s
[2026-03-25T21:45:15.928+0900][8.871s][info][gc          ] GC(131) Concurrent Mark Cycle
[2026-03-25T21:45:15.929+0900][8.871s][info][gc,marking  ] GC(131) Concurrent Clear Claimed Marks
[2026-03-25T21:45:15.929+0900][8.871s][info][gc,marking  ] GC(131) Concurrent Clear Claimed Marks 0.014ms
[2026-03-25T21:45:15.929+0900][8.871s][info][gc,marking  ] GC(131) Concurrent Scan Root Regions
[2026-03-25T21:45:15.929+0900][8.871s][info][gc,marking  ] GC(131) Concurrent Scan Root Regions 0.048ms
[2026-03-25T21:45:15.929+0900][8.871s][info][gc,marking  ] GC(131) Concurrent Mark
[2026-03-25T21:45:15.929+0900][8.871s][info][gc,marking  ] GC(131) Concurrent Mark From Roots
[2026-03-25T21:45:15.929+0900][8.871s][info][gc,task     ] GC(131) Using 2 workers of 2 for marking
[2026-03-25T21:45:15.930+0900][8.872s][info][gc,marking  ] GC(131) Concurrent Mark From Roots 1.735ms
[2026-03-25T21:45:15.930+0900][8.873s][info][gc,marking  ] GC(131) Concurrent Preclean
[2026-03-25T21:45:15.930+0900][8.873s][info][gc,marking  ] GC(131) Concurrent Preclean 0.036ms
[2026-03-25T21:45:15.931+0900][8.873s][info][gc,start    ] GC(131) Pause Remark
[2026-03-25T21:45:15.931+0900][8.873s][info][gc          ] GC(131) Pause Remark 194M->194M(329M) 0.312ms
[2026-03-25T21:45:15.931+0900][8.873s][info][gc,cpu      ] GC(131) User=0.01s Sys=0.00s Real=0.00s
[2026-03-25T21:45:15.931+0900][8.873s][info][gc,marking  ] GC(131) Concurrent Mark 2.305ms
[2026-03-25T21:45:15.931+0900][8.873s][info][gc,marking  ] GC(131) Concurrent Rebuild Remembered Sets
[2026-03-25T21:45:15.931+0900][8.874s][info][gc,marking  ] GC(131) Concurrent Rebuild Remembered Sets 0.535ms
[2026-03-25T21:45:15.932+0900][8.874s][info][gc,start    ] GC(131) Pause Cleanup
[2026-03-25T21:45:15.932+0900][8.874s][info][gc          ] GC(131) Pause Cleanup 194M->194M(329M) 0.064ms
[2026-03-25T21:45:15.932+0900][8.874s][info][gc,cpu      ] GC(131) User=0.00s Sys=0.00s Real=0.00s
[2026-03-25T21:45:15.932+0900][8.874s][info][gc,marking  ] GC(131) Concurrent Cleanup for Next Mark
[2026-03-25T21:45:15.932+0900][8.874s][info][gc,marking  ] GC(131) Concurrent Cleanup for Next Mark 0.280ms
[2026-03-25T21:45:15.932+0900][8.874s][info][gc          ] GC(131) Concurrent Mark Cycle 3.495ms
[2026-03-25T21:45:15.981+0900][8.923s][info][gc,start    ] GC(132) Pause Young (Concurrent Start) (G1 Humongous Allocation)
[2026-03-25T21:45:15.981+0900][8.923s][info][gc,task     ] GC(132) Using 7 workers of 8 for evacuation
[2026-03-25T21:45:15.982+0900][8.924s][info][gc,phases   ] GC(132)   Pre Evacuate Collection Set: 0.1ms
[2026-03-25T21:45:15.982+0900][8.924s][info][gc,phases   ] GC(132)   Merge Heap Roots: 0.1ms
[2026-03-25T21:45:15.982+0900][8.924s][info][gc,phases   ] GC(132)   Evacuate Collection Set: 0.3ms
[2026-03-25T21:45:15.982+0900][8.924s][info][gc,phases   ] GC(132)   Post Evacuate Collection Set: 0.2ms
[2026-03-25T21:45:15.982+0900][8.924s][info][gc,phases   ] GC(132)   Other: 0.3ms
[2026-03-25T21:45:15.982+0900][8.924s][info][gc,heap     ] GC(132) Eden regions: 1->0(98)
[2026-03-25T21:45:15.982+0900][8.924s][info][gc,heap     ] GC(132) Survivor regions: 1->1(13)
[2026-03-25T21:45:15.982+0900][8.924s][info][gc,heap     ] GC(132) Old regions: 1->1
[2026-03-25T21:45:15.982+0900][8.924s][info][gc,heap     ] GC(132) Archive regions: 2->2
[2026-03-25T21:45:15.982+0900][8.924s][info][gc,heap     ] GC(132) Humongous regions: 193->193
[2026-03-25T21:45:15.982+0900][8.924s][info][gc,metaspace] GC(132) Metaspace: 172K(384K)->172K(384K) NonClass: 164K(256K)->164K(256K) Class: 7K(128K)->7K(128K)
[2026-03-25T21:45:15.982+0900][8.924s][info][gc          ] GC(132) Pause Young (Concurrent Start) (G1 Humongous Allocation) 194M->194M(329M) 1.390ms
[2026-03-25T21:45:15.982+0900][8.924s][info][gc,cpu      ] GC(132) User=0.00s Sys=0.01s Real=0.00s
[2026-03-25T21:45:15.982+0900][8.924s][info][gc          ] GC(133) Concurrent Mark Cycle
[2026-03-25T21:45:15.982+0900][8.924s][info][gc,marking  ] GC(133) Concurrent Clear Claimed Marks
[2026-03-25T21:45:15.982+0900][8.924s][info][gc,marking  ] GC(133) Concurrent Clear Claimed Marks 0.026ms
[2026-03-25T21:45:15.982+0900][8.924s][info][gc,marking  ] GC(133) Concurrent Scan Root Regions
[2026-03-25T21:45:15.982+0900][8.924s][info][gc,marking  ] GC(133) Concurrent Scan Root Regions 0.078ms
[2026-03-25T21:45:15.982+0900][8.924s][info][gc,marking  ] GC(133) Concurrent Mark
[2026-03-25T21:45:15.982+0900][8.924s][info][gc,marking  ] GC(133) Concurrent Mark From Roots
[2026-03-25T21:45:15.982+0900][8.924s][info][gc,task     ] GC(133) Using 2 workers of 2 for marking
[2026-03-25T21:45:15.984+0900][8.926s][info][gc,marking  ] GC(133) Concurrent Mark From Roots 1.801ms
[2026-03-25T21:45:15.984+0900][8.926s][info][gc,marking  ] GC(133) Concurrent Preclean
[2026-03-25T21:45:15.984+0900][8.926s][info][gc,marking  ] GC(133) Concurrent Preclean 0.037ms
[2026-03-25T21:45:15.984+0900][8.926s][info][gc,start    ] GC(133) Pause Remark
[2026-03-25T21:45:15.985+0900][8.927s][info][gc          ] GC(133) Pause Remark 195M->195M(330M) 0.488ms
[2026-03-25T21:45:15.985+0900][8.927s][info][gc,cpu      ] GC(133) User=0.00s Sys=0.00s Real=0.00s
[2026-03-25T21:45:15.985+0900][8.927s][info][gc,marking  ] GC(133) Concurrent Mark 2.605ms
[2026-03-25T21:45:15.985+0900][8.927s][info][gc,marking  ] GC(133) Concurrent Rebuild Remembered Sets
[2026-03-25T21:45:15.985+0900][8.928s][info][gc,marking  ] GC(133) Concurrent Rebuild Remembered Sets 0.579ms
[2026-03-25T21:45:15.985+0900][8.928s][info][gc,start    ] GC(133) Pause Cleanup
[2026-03-25T21:45:15.986+0900][8.928s][info][gc          ] GC(133) Pause Cleanup 195M->195M(330M) 0.074ms
[2026-03-25T21:45:15.986+0900][8.928s][info][gc,cpu      ] GC(133) User=0.00s Sys=0.00s Real=0.00s
[2026-03-25T21:45:15.986+0900][8.928s][info][gc,marking  ] GC(133) Concurrent Cleanup for Next Mark
[2026-03-25T21:45:15.986+0900][8.928s][info][gc,marking  ] GC(133) Concurrent Cleanup for Next Mark 0.301ms
[2026-03-25T21:45:15.986+0900][8.928s][info][gc          ] GC(133) Concurrent Mark Cycle 4.026ms
[2026-03-25T21:45:16.035+0900][8.978s][info][gc,start    ] GC(134) Pause Young (Concurrent Start) (G1 Humongous Allocation)
[2026-03-25T21:45:16.036+0900][8.978s][info][gc,task     ] GC(134) Using 7 workers of 8 for evacuation
[2026-03-25T21:45:16.036+0900][8.978s][info][gc,phases   ] GC(134)   Pre Evacuate Collection Set: 0.1ms
[2026-03-25T21:45:16.036+0900][8.978s][info][gc,phases   ] GC(134)   Merge Heap Roots: 0.1ms
[2026-03-25T21:45:16.036+0900][8.978s][info][gc,phases   ] GC(134)   Evacuate Collection Set: 0.2ms
[2026-03-25T21:45:16.036+0900][8.978s][info][gc,phases   ] GC(134)   Post Evacuate Collection Set: 0.2ms
[2026-03-25T21:45:16.036+0900][8.978s][info][gc,phases   ] GC(134)   Other: 0.3ms
[2026-03-25T21:45:16.036+0900][8.978s][info][gc,heap     ] GC(134) Eden regions: 1->0(98)
[2026-03-25T21:45:16.036+0900][8.979s][info][gc,heap     ] GC(134) Survivor regions: 1->1(13)
[2026-03-25T21:45:16.036+0900][8.979s][info][gc,heap     ] GC(134) Old regions: 1->1
[2026-03-25T21:45:16.036+0900][8.979s][info][gc,heap     ] GC(134) Archive regions: 2->2
[2026-03-25T21:45:16.036+0900][8.979s][info][gc,heap     ] GC(134) Humongous regions: 194->194
[2026-03-25T21:45:16.036+0900][8.979s][info][gc,metaspace] GC(134) Metaspace: 172K(384K)->172K(384K) NonClass: 164K(256K)->164K(256K) Class: 7K(128K)->7K(128K)
[2026-03-25T21:45:16.037+0900][8.979s][info][gc          ] GC(134) Pause Young (Concurrent Start) (G1 Humongous Allocation) 195M->195M(330M) 1.124ms
[2026-03-25T21:45:16.037+0900][8.979s][info][gc,cpu      ] GC(134) User=0.00s Sys=0.00s Real=0.00s
[2026-03-25T21:45:16.037+0900][8.979s][info][gc          ] GC(135) Concurrent Mark Cycle
[2026-03-25T21:45:16.037+0900][8.979s][info][gc,marking  ] GC(135) Concurrent Clear Claimed Marks
[2026-03-25T21:45:16.037+0900][8.979s][info][gc,marking  ] GC(135) Concurrent Clear Claimed Marks 0.020ms
[2026-03-25T21:45:16.037+0900][8.979s][info][gc,marking  ] GC(135) Concurrent Scan Root Regions
[2026-03-25T21:45:16.037+0900][8.979s][info][gc,marking  ] GC(135) Concurrent Scan Root Regions 0.060ms
[2026-03-25T21:45:16.037+0900][8.979s][info][gc,marking  ] GC(135) Concurrent Mark
[2026-03-25T21:45:16.037+0900][8.979s][info][gc,marking  ] GC(135) Concurrent Mark From Roots
[2026-03-25T21:45:16.037+0900][8.979s][info][gc,task     ] GC(135) Using 2 workers of 2 for marking
[2026-03-25T21:45:16.039+0900][8.981s][info][gc,marking  ] GC(135) Concurrent Mark From Roots 1.927ms
[2026-03-25T21:45:16.039+0900][8.981s][info][gc,marking  ] GC(135) Concurrent Preclean
[2026-03-25T21:45:16.039+0900][8.981s][info][gc,marking  ] GC(135) Concurrent Preclean 0.042ms
[2026-03-25T21:45:16.039+0900][8.981s][info][gc,start    ] GC(135) Pause Remark
[2026-03-25T21:45:16.039+0900][8.981s][info][gc          ] GC(135) Pause Remark 196M->196M(332M) 0.448ms
[2026-03-25T21:45:16.039+0900][8.981s][info][gc,cpu      ] GC(135) User=0.00s Sys=0.00s Real=0.00s
[2026-03-25T21:45:16.039+0900][8.982s][info][gc,marking  ] GC(135) Concurrent Mark 2.664ms
[2026-03-25T21:45:16.039+0900][8.982s][info][gc,marking  ] GC(135) Concurrent Rebuild Remembered Sets
[2026-03-25T21:45:16.040+0900][8.982s][info][gc,marking  ] GC(135) Concurrent Rebuild Remembered Sets 0.521ms
[2026-03-25T21:45:16.040+0900][8.982s][info][gc,start    ] GC(135) Pause Cleanup
[2026-03-25T21:45:16.040+0900][8.982s][info][gc          ] GC(135) Pause Cleanup 196M->196M(332M) 0.069ms
[2026-03-25T21:45:16.040+0900][8.982s][info][gc,cpu      ] GC(135) User=0.00s Sys=0.00s Real=0.00s
[2026-03-25T21:45:16.040+0900][8.982s][info][gc,marking  ] GC(135) Concurrent Cleanup for Next Mark
[2026-03-25T21:45:16.040+0900][8.982s][info][gc,marking  ] GC(135) Concurrent Cleanup for Next Mark 0.278ms
[2026-03-25T21:45:16.040+0900][8.983s][info][gc          ] GC(135) Concurrent Mark Cycle 3.861ms
[2026-03-25T21:45:16.092+0900][9.034s][info][gc,start    ] GC(136) Pause Young (Concurrent Start) (G1 Humongous Allocation)
[2026-03-25T21:45:16.092+0900][9.034s][info][gc,task     ] GC(136) Using 7 workers of 8 for evacuation
[2026-03-25T21:45:16.093+0900][9.035s][info][gc,phases   ] GC(136)   Pre Evacuate Collection Set: 0.2ms
[2026-03-25T21:45:16.093+0900][9.035s][info][gc,phases   ] GC(136)   Merge Heap Roots: 0.1ms
[2026-03-25T21:45:16.093+0900][9.035s][info][gc,phases   ] GC(136)   Evacuate Collection Set: 0.2ms
[2026-03-25T21:45:16.093+0900][9.035s][info][gc,phases   ] GC(136)   Post Evacuate Collection Set: 0.2ms
[2026-03-25T21:45:16.093+0900][9.035s][info][gc,phases   ] GC(136)   Other: 0.3ms
[2026-03-25T21:45:16.093+0900][9.035s][info][gc,heap     ] GC(136) Eden regions: 1->0(98)
[2026-03-25T21:45:16.093+0900][9.035s][info][gc,heap     ] GC(136) Survivor regions: 1->1(13)
[2026-03-25T21:45:16.093+0900][9.035s][info][gc,heap     ] GC(136) Old regions: 1->1
[2026-03-25T21:45:16.093+0900][9.035s][info][gc,heap     ] GC(136) Archive regions: 2->2
[2026-03-25T21:45:16.093+0900][9.035s][info][gc,heap     ] GC(136) Humongous regions: 195->195
[2026-03-25T21:45:16.093+0900][9.035s][info][gc,metaspace] GC(136) Metaspace: 172K(384K)->172K(384K) NonClass: 164K(256K)->164K(256K) Class: 7K(128K)->7K(128K)
[2026-03-25T21:45:16.093+0900][9.035s][info][gc          ] GC(136) Pause Young (Concurrent Start) (G1 Humongous Allocation) 196M->196M(332M) 1.343ms
[2026-03-25T21:45:16.093+0900][9.035s][info][gc,cpu      ] GC(136) User=0.00s Sys=0.00s Real=0.00s
[2026-03-25T21:45:16.093+0900][9.036s][info][gc          ] GC(137) Concurrent Mark Cycle
[2026-03-25T21:45:16.093+0900][9.036s][info][gc,marking  ] GC(137) Concurrent Clear Claimed Marks
[2026-03-25T21:45:16.093+0900][9.036s][info][gc,marking  ] GC(137) Concurrent Clear Claimed Marks 0.033ms
[2026-03-25T21:45:16.093+0900][9.036s][info][gc,marking  ] GC(137) Concurrent Scan Root Regions
[2026-03-25T21:45:16.094+0900][9.036s][info][gc,marking  ] GC(137) Concurrent Scan Root Regions 0.080ms
[2026-03-25T21:45:16.094+0900][9.036s][info][gc,marking  ] GC(137) Concurrent Mark
[2026-03-25T21:45:16.094+0900][9.036s][info][gc,marking  ] GC(137) Concurrent Mark From Roots
[2026-03-25T21:45:16.094+0900][9.036s][info][gc,task     ] GC(137) Using 2 workers of 2 for marking
[2026-03-25T21:45:16.096+0900][9.039s][info][gc,marking  ] GC(137) Concurrent Mark From Roots 2.773ms
[2026-03-25T21:45:16.096+0900][9.039s][info][gc,marking  ] GC(137) Concurrent Preclean
[2026-03-25T21:45:16.096+0900][9.039s][info][gc,marking  ] GC(137) Concurrent Preclean 0.040ms
[2026-03-25T21:45:16.096+0900][9.039s][info][gc,start    ] GC(137) Pause Remark
[2026-03-25T21:45:16.097+0900][9.039s][info][gc          ] GC(137) Pause Remark 197M->197M(335M) 0.373ms
[2026-03-25T21:45:16.097+0900][9.039s][info][gc,cpu      ] GC(137) User=0.00s Sys=0.00s Real=0.00s
[2026-03-25T21:45:16.097+0900][9.039s][info][gc,marking  ] GC(137) Concurrent Mark 3.338ms
[2026-03-25T21:45:16.097+0900][9.039s][info][gc,marking  ] GC(137) Concurrent Rebuild Remembered Sets
[2026-03-25T21:45:16.098+0900][9.040s][info][gc,marking  ] GC(137) Concurrent Rebuild Remembered Sets 0.639ms
[2026-03-25T21:45:16.098+0900][9.040s][info][gc,start    ] GC(137) Pause Cleanup
[2026-03-25T21:45:16.098+0900][9.040s][info][gc          ] GC(137) Pause Cleanup 197M->197M(335M) 0.077ms
[2026-03-25T21:45:16.098+0900][9.040s][info][gc,cpu      ] GC(137) User=0.00s Sys=0.00s Real=0.00s
[2026-03-25T21:45:16.098+0900][9.040s][info][gc,marking  ] GC(137) Concurrent Cleanup for Next Mark
[2026-03-25T21:45:16.098+0900][9.040s][info][gc,marking  ] GC(137) Concurrent Cleanup for Next Mark 0.333ms
[2026-03-25T21:45:16.098+0900][9.040s][info][gc          ] GC(137) Concurrent Mark Cycle 4.814ms
[2026-03-25T21:45:16.148+0900][9.090s][info][gc,start    ] GC(138) Pause Young (Concurrent Start) (G1 Humongous Allocation)
[2026-03-25T21:45:16.148+0900][9.090s][info][gc,task     ] GC(138) Using 8 workers of 8 for evacuation
[2026-03-25T21:45:16.149+0900][9.091s][info][gc,phases   ] GC(138)   Pre Evacuate Collection Set: 0.1ms
[2026-03-25T21:45:16.149+0900][9.091s][info][gc,phases   ] GC(138)   Merge Heap Roots: 0.1ms
[2026-03-25T21:45:16.149+0900][9.091s][info][gc,phases   ] GC(138)   Evacuate Collection Set: 0.2ms
[2026-03-25T21:45:16.149+0900][9.091s][info][gc,phases   ] GC(138)   Post Evacuate Collection Set: 0.2ms
[2026-03-25T21:45:16.149+0900][9.091s][info][gc,phases   ] GC(138)   Other: 0.3ms
[2026-03-25T21:45:16.149+0900][9.091s][info][gc,heap     ] GC(138) Eden regions: 1->0(100)
[2026-03-25T21:45:16.149+0900][9.091s][info][gc,heap     ] GC(138) Survivor regions: 1->1(13)
[2026-03-25T21:45:16.149+0900][9.091s][info][gc,heap     ] GC(138) Old regions: 1->1
[2026-03-25T21:45:16.149+0900][9.091s][info][gc,heap     ] GC(138) Archive regions: 2->2
[2026-03-25T21:45:16.149+0900][9.091s][info][gc,heap     ] GC(138) Humongous regions: 196->196
[2026-03-25T21:45:16.149+0900][9.091s][info][gc,metaspace] GC(138) Metaspace: 172K(384K)->172K(384K) NonClass: 164K(256K)->164K(256K) Class: 7K(128K)->7K(128K)
[2026-03-25T21:45:16.149+0900][9.091s][info][gc          ] GC(138) Pause Young (Concurrent Start) (G1 Humongous Allocation) 197M->197M(335M) 0.951ms
[2026-03-25T21:45:16.149+0900][9.091s][info][gc,cpu      ] GC(138) User=0.00s Sys=0.00s Real=0.00s
[2026-03-25T21:45:16.149+0900][9.091s][info][gc          ] GC(139) Concurrent Mark Cycle
[2026-03-25T21:45:16.149+0900][9.091s][info][gc,marking  ] GC(139) Concurrent Clear Claimed Marks
[2026-03-25T21:45:16.149+0900][9.091s][info][gc,marking  ] GC(139) Concurrent Clear Claimed Marks 0.012ms
[2026-03-25T21:45:16.149+0900][9.091s][info][gc,marking  ] GC(139) Concurrent Scan Root Regions
[2026-03-25T21:45:16.149+0900][9.091s][info][gc,marking  ] GC(139) Concurrent Scan Root Regions 0.073ms
[2026-03-25T21:45:16.149+0900][9.091s][info][gc,marking  ] GC(139) Concurrent Mark
[2026-03-25T21:45:16.149+0900][9.091s][info][gc,marking  ] GC(139) Concurrent Mark From Roots
[2026-03-25T21:45:16.149+0900][9.091s][info][gc,task     ] GC(139) Using 2 workers of 2 for marking
[2026-03-25T21:45:16.151+0900][9.093s][info][gc,marking  ] GC(139) Concurrent Mark From Roots 1.677ms
[2026-03-25T21:45:16.151+0900][9.093s][info][gc,marking  ] GC(139) Concurrent Preclean
[2026-03-25T21:45:16.151+0900][9.093s][info][gc,marking  ] GC(139) Concurrent Preclean 0.033ms
[2026-03-25T21:45:16.151+0900][9.093s][info][gc,start    ] GC(139) Pause Remark
[2026-03-25T21:45:16.151+0900][9.093s][info][gc          ] GC(139) Pause Remark 198M->198M(335M) 0.367ms
[2026-03-25T21:45:16.151+0900][9.093s][info][gc,cpu      ] GC(139) User=0.00s Sys=0.00s Real=0.00s
[2026-03-25T21:45:16.151+0900][9.093s][info][gc,marking  ] GC(139) Concurrent Mark 2.261ms
[2026-03-25T21:45:16.151+0900][9.093s][info][gc,marking  ] GC(139) Concurrent Rebuild Remembered Sets
[2026-03-25T21:45:16.152+0900][9.094s][info][gc,marking  ] GC(139) Concurrent Rebuild Remembered Sets 0.649ms
[2026-03-25T21:45:16.152+0900][9.094s][info][gc,start    ] GC(139) Pause Cleanup
[2026-03-25T21:45:16.152+0900][9.094s][info][gc          ] GC(139) Pause Cleanup 198M->198M(335M) 0.075ms
[2026-03-25T21:45:16.152+0900][9.094s][info][gc,cpu      ] GC(139) User=0.00s Sys=0.00s Real=0.00s
[2026-03-25T21:45:16.152+0900][9.094s][info][gc,marking  ] GC(139) Concurrent Cleanup for Next Mark
[2026-03-25T21:45:16.153+0900][9.095s][info][gc,marking  ] GC(139) Concurrent Cleanup for Next Mark 0.317ms
[2026-03-25T21:45:16.153+0900][9.095s][info][gc          ] GC(139) Concurrent Mark Cycle 3.664ms
[2026-03-25T21:45:16.203+0900][9.145s][info][gc,start    ] GC(140) Pause Young (Concurrent Start) (G1 Humongous Allocation)
[2026-03-25T21:45:16.203+0900][9.145s][info][gc,task     ] GC(140) Using 8 workers of 8 for evacuation
[2026-03-25T21:45:16.204+0900][9.146s][info][gc,phases   ] GC(140)   Pre Evacuate Collection Set: 0.1ms
[2026-03-25T21:45:16.204+0900][9.146s][info][gc,phases   ] GC(140)   Merge Heap Roots: 0.0ms
[2026-03-25T21:45:16.204+0900][9.146s][info][gc,phases   ] GC(140)   Evacuate Collection Set: 0.2ms
[2026-03-25T21:45:16.204+0900][9.146s][info][gc,phases   ] GC(140)   Post Evacuate Collection Set: 0.1ms
[2026-03-25T21:45:16.204+0900][9.146s][info][gc,phases   ] GC(140)   Other: 0.2ms
[2026-03-25T21:45:16.204+0900][9.146s][info][gc,heap     ] GC(140) Eden regions: 1->0(99)
[2026-03-25T21:45:16.204+0900][9.146s][info][gc,heap     ] GC(140) Survivor regions: 1->1(13)
[2026-03-25T21:45:16.204+0900][9.146s][info][gc,heap     ] GC(140) Old regions: 1->1
[2026-03-25T21:45:16.204+0900][9.146s][info][gc,heap     ] GC(140) Archive regions: 2->2
[2026-03-25T21:45:16.204+0900][9.146s][info][gc,heap     ] GC(140) Humongous regions: 197->197
[2026-03-25T21:45:16.204+0900][9.146s][info][gc,metaspace] GC(140) Metaspace: 172K(384K)->172K(384K) NonClass: 164K(256K)->164K(256K) Class: 7K(128K)->7K(128K)
[2026-03-25T21:45:16.204+0900][9.146s][info][gc          ] GC(140) Pause Young (Concurrent Start) (G1 Humongous Allocation) 198M->198M(335M) 0.782ms
[2026-03-25T21:45:16.204+0900][9.146s][info][gc,cpu      ] GC(140) User=0.00s Sys=0.00s Real=0.00s
[2026-03-25T21:45:16.204+0900][9.146s][info][gc          ] GC(141) Concurrent Mark Cycle
[2026-03-25T21:45:16.204+0900][9.146s][info][gc,marking  ] GC(141) Concurrent Clear Claimed Marks
[2026-03-25T21:45:16.204+0900][9.146s][info][gc,marking  ] GC(141) Concurrent Clear Claimed Marks 0.013ms
[2026-03-25T21:45:16.204+0900][9.146s][info][gc,marking  ] GC(141) Concurrent Scan Root Regions
[2026-03-25T21:45:16.204+0900][9.146s][info][gc,marking  ] GC(141) Concurrent Scan Root Regions 0.077ms
[2026-03-25T21:45:16.204+0900][9.146s][info][gc,marking  ] GC(141) Concurrent Mark
[2026-03-25T21:45:16.204+0900][9.146s][info][gc,marking  ] GC(141) Concurrent Mark From Roots
[2026-03-25T21:45:16.204+0900][9.146s][info][gc,task     ] GC(141) Using 2 workers of 2 for marking
[2026-03-25T21:45:16.206+0900][9.148s][info][gc,marking  ] GC(141) Concurrent Mark From Roots 1.833ms
[2026-03-25T21:45:16.206+0900][9.148s][info][gc,marking  ] GC(141) Concurrent Preclean
[2026-03-25T21:45:16.206+0900][9.148s][info][gc,marking  ] GC(141) Concurrent Preclean 0.036ms
[2026-03-25T21:45:16.206+0900][9.148s][info][gc,start    ] GC(141) Pause Remark
[2026-03-25T21:45:16.206+0900][9.149s][info][gc          ] GC(141) Pause Remark 199M->199M(337M) 0.315ms
[2026-03-25T21:45:16.206+0900][9.149s][info][gc,cpu      ] GC(141) User=0.00s Sys=0.00s Real=0.00s
[2026-03-25T21:45:16.207+0900][9.149s][info][gc,marking  ] GC(141) Concurrent Mark 2.321ms
[2026-03-25T21:45:16.207+0900][9.149s][info][gc,marking  ] GC(141) Concurrent Rebuild Remembered Sets
[2026-03-25T21:45:16.207+0900][9.149s][info][gc,marking  ] GC(141) Concurrent Rebuild Remembered Sets 0.528ms
[2026-03-25T21:45:16.207+0900][9.149s][info][gc,start    ] GC(141) Pause Cleanup
[2026-03-25T21:45:16.207+0900][9.149s][info][gc          ] GC(141) Pause Cleanup 199M->199M(337M) 0.062ms
[2026-03-25T21:45:16.207+0900][9.149s][info][gc,cpu      ] GC(141) User=0.00s Sys=0.00s Real=0.00s
[2026-03-25T21:45:16.207+0900][9.149s][info][gc,marking  ] GC(141) Concurrent Cleanup for Next Mark
[2026-03-25T21:45:16.207+0900][9.150s][info][gc,marking  ] GC(141) Concurrent Cleanup for Next Mark 0.267ms
[2026-03-25T21:45:16.208+0900][9.150s][info][gc          ] GC(141) Concurrent Mark Cycle 3.527ms
[2026-03-25T21:45:16.259+0900][9.202s][info][gc,start    ] GC(142) Pause Young (Concurrent Start) (G1 Humongous Allocation)
[2026-03-25T21:45:16.260+0900][9.202s][info][gc,task     ] GC(142) Using 8 workers of 8 for evacuation
[2026-03-25T21:45:16.260+0900][9.203s][info][gc,phases   ] GC(142)   Pre Evacuate Collection Set: 0.1ms
[2026-03-25T21:45:16.260+0900][9.203s][info][gc,phases   ] GC(142)   Merge Heap Roots: 0.1ms
[2026-03-25T21:45:16.260+0900][9.203s][info][gc,phases   ] GC(142)   Evacuate Collection Set: 0.3ms
[2026-03-25T21:45:16.260+0900][9.203s][info][gc,phases   ] GC(142)   Post Evacuate Collection Set: 0.2ms
[2026-03-25T21:45:16.261+0900][9.203s][info][gc,phases   ] GC(142)   Other: 0.3ms
[2026-03-25T21:45:16.261+0900][9.203s][info][gc,heap     ] GC(142) Eden regions: 1->0(100)
[2026-03-25T21:45:16.261+0900][9.203s][info][gc,heap     ] GC(142) Survivor regions: 1->1(13)
[2026-03-25T21:45:16.261+0900][9.203s][info][gc,heap     ] GC(142) Old regions: 1->1
[2026-03-25T21:45:16.261+0900][9.203s][info][gc,heap     ] GC(142) Archive regions: 2->2
[2026-03-25T21:45:16.261+0900][9.203s][info][gc,heap     ] GC(142) Humongous regions: 198->198
[2026-03-25T21:45:16.261+0900][9.203s][info][gc,metaspace] GC(142) Metaspace: 172K(384K)->172K(384K) NonClass: 164K(256K)->164K(256K) Class: 7K(128K)->7K(128K)
[2026-03-25T21:45:16.261+0900][9.203s][info][gc          ] GC(142) Pause Young (Concurrent Start) (G1 Humongous Allocation) 199M->199M(337M) 1.339ms
[2026-03-25T21:45:16.261+0900][9.203s][info][gc,cpu      ] GC(142) User=0.00s Sys=0.00s Real=0.01s
[2026-03-25T21:45:16.261+0900][9.203s][info][gc          ] GC(143) Concurrent Mark Cycle
[2026-03-25T21:45:16.261+0900][9.203s][info][gc,marking  ] GC(143) Concurrent Clear Claimed Marks
[2026-03-25T21:45:16.261+0900][9.203s][info][gc,marking  ] GC(143) Concurrent Clear Claimed Marks 0.031ms
[2026-03-25T21:45:16.261+0900][9.203s][info][gc,marking  ] GC(143) Concurrent Scan Root Regions
[2026-03-25T21:45:16.261+0900][9.203s][info][gc,marking  ] GC(143) Concurrent Scan Root Regions 0.127ms
[2026-03-25T21:45:16.261+0900][9.203s][info][gc,marking  ] GC(143) Concurrent Mark
[2026-03-25T21:45:16.261+0900][9.203s][info][gc,marking  ] GC(143) Concurrent Mark From Roots
[2026-03-25T21:45:16.261+0900][9.203s][info][gc,task     ] GC(143) Using 2 workers of 2 for marking
[2026-03-25T21:45:16.264+0900][9.206s][info][gc,marking  ] GC(143) Concurrent Mark From Roots 2.904ms
[2026-03-25T21:45:16.264+0900][9.206s][info][gc,marking  ] GC(143) Concurrent Preclean
[2026-03-25T21:45:16.264+0900][9.206s][info][gc,marking  ] GC(143) Concurrent Preclean 0.051ms
[2026-03-25T21:45:16.264+0900][9.206s][info][gc,start    ] GC(143) Pause Remark
[2026-03-25T21:45:16.265+0900][9.207s][info][gc          ] GC(143) Pause Remark 200M->200M(339M) 0.612ms
[2026-03-25T21:45:16.265+0900][9.207s][info][gc,cpu      ] GC(143) User=0.00s Sys=0.00s Real=0.00s
[2026-03-25T21:45:16.265+0900][9.207s][info][gc,marking  ] GC(143) Concurrent Mark 3.759ms
[2026-03-25T21:45:16.265+0900][9.207s][info][gc,marking  ] GC(143) Concurrent Rebuild Remembered Sets
[2026-03-25T21:45:16.266+0900][9.208s][info][gc,marking  ] GC(143) Concurrent Rebuild Remembered Sets 0.640ms
[2026-03-25T21:45:16.266+0900][9.208s][info][gc,start    ] GC(143) Pause Cleanup
[2026-03-25T21:45:16.266+0900][9.208s][info][gc          ] GC(143) Pause Cleanup 200M->200M(339M) 0.121ms
[2026-03-25T21:45:16.266+0900][9.208s][info][gc,cpu      ] GC(143) User=0.00s Sys=0.00s Real=0.00s
[2026-03-25T21:45:16.266+0900][9.208s][info][gc,marking  ] GC(143) Concurrent Cleanup for Next Mark
[2026-03-25T21:45:16.266+0900][9.208s][info][gc,marking  ] GC(143) Concurrent Cleanup for Next Mark 0.329ms
[2026-03-25T21:45:16.266+0900][9.208s][info][gc          ] GC(143) Concurrent Mark Cycle 5.368ms
[2026-03-25T21:45:16.316+0900][9.258s][info][gc,start    ] GC(144) Pause Young (Concurrent Start) (G1 Humongous Allocation)
[2026-03-25T21:45:16.316+0900][9.259s][info][gc,task     ] GC(144) Using 8 workers of 8 for evacuation
[2026-03-25T21:45:16.317+0900][9.259s][info][gc,phases   ] GC(144)   Pre Evacuate Collection Set: 0.1ms
[2026-03-25T21:45:16.317+0900][9.259s][info][gc,phases   ] GC(144)   Merge Heap Roots: 0.0ms
[2026-03-25T21:45:16.317+0900][9.259s][info][gc,phases   ] GC(144)   Evacuate Collection Set: 0.2ms
[2026-03-25T21:45:16.317+0900][9.259s][info][gc,phases   ] GC(144)   Post Evacuate Collection Set: 0.1ms
[2026-03-25T21:45:16.317+0900][9.259s][info][gc,phases   ] GC(144)   Other: 0.2ms
[2026-03-25T21:45:16.317+0900][9.259s][info][gc,heap     ] GC(144) Eden regions: 1->0(101)
[2026-03-25T21:45:16.317+0900][9.259s][info][gc,heap     ] GC(144) Survivor regions: 1->1(13)
[2026-03-25T21:45:16.317+0900][9.259s][info][gc,heap     ] GC(144) Old regions: 1->1
[2026-03-25T21:45:16.317+0900][9.259s][info][gc,heap     ] GC(144) Archive regions: 2->2
[2026-03-25T21:45:16.317+0900][9.259s][info][gc,heap     ] GC(144) Humongous regions: 199->199
[2026-03-25T21:45:16.317+0900][9.259s][info][gc,metaspace] GC(144) Metaspace: 172K(384K)->172K(384K) NonClass: 164K(256K)->164K(256K) Class: 7K(128K)->7K(128K)
[2026-03-25T21:45:16.317+0900][9.259s][info][gc          ] GC(144) Pause Young (Concurrent Start) (G1 Humongous Allocation) 200M->200M(339M) 0.823ms
[2026-03-25T21:45:16.317+0900][9.259s][info][gc,cpu      ] GC(144) User=0.00s Sys=0.00s Real=0.00s
[2026-03-25T21:45:16.317+0900][9.259s][info][gc          ] GC(145) Concurrent Mark Cycle
[2026-03-25T21:45:16.317+0900][9.259s][info][gc,marking  ] GC(145) Concurrent Clear Claimed Marks
[2026-03-25T21:45:16.317+0900][9.259s][info][gc,marking  ] GC(145) Concurrent Clear Claimed Marks 0.012ms
[2026-03-25T21:45:16.317+0900][9.259s][info][gc,marking  ] GC(145) Concurrent Scan Root Regions
[2026-03-25T21:45:16.317+0900][9.259s][info][gc,marking  ] GC(145) Concurrent Scan Root Regions 0.075ms
[2026-03-25T21:45:16.317+0900][9.259s][info][gc,marking  ] GC(145) Concurrent Mark
[2026-03-25T21:45:16.317+0900][9.259s][info][gc,marking  ] GC(145) Concurrent Mark From Roots
[2026-03-25T21:45:16.317+0900][9.259s][info][gc,task     ] GC(145) Using 2 workers of 2 for marking
[2026-03-25T21:45:16.319+0900][9.261s][info][gc,marking  ] GC(145) Concurrent Mark From Roots 1.906ms
[2026-03-25T21:45:16.319+0900][9.261s][info][gc,marking  ] GC(145) Concurrent Preclean
[2026-03-25T21:45:16.319+0900][9.261s][info][gc,marking  ] GC(145) Concurrent Preclean 0.036ms
[2026-03-25T21:45:16.319+0900][9.262s][info][gc,start    ] GC(145) Pause Remark
[2026-03-25T21:45:16.320+0900][9.262s][info][gc          ] GC(145) Pause Remark 201M->201M(340M) 0.367ms
[2026-03-25T21:45:16.320+0900][9.262s][info][gc,cpu      ] GC(145) User=0.00s Sys=0.00s Real=0.01s
[2026-03-25T21:45:16.320+0900][9.262s][info][gc,marking  ] GC(145) Concurrent Mark 2.503ms
[2026-03-25T21:45:16.320+0900][9.262s][info][gc,marking  ] GC(145) Concurrent Rebuild Remembered Sets
[2026-03-25T21:45:16.320+0900][9.262s][info][gc,marking  ] GC(145) Concurrent Rebuild Remembered Sets 0.529ms
[2026-03-25T21:45:16.320+0900][9.263s][info][gc,start    ] GC(145) Pause Cleanup
[2026-03-25T21:45:16.320+0900][9.263s][info][gc          ] GC(145) Pause Cleanup 201M->201M(340M) 0.066ms
[2026-03-25T21:45:16.320+0900][9.263s][info][gc,cpu      ] GC(145) User=0.00s Sys=0.00s Real=0.00s
[2026-03-25T21:45:16.320+0900][9.263s][info][gc,marking  ] GC(145) Concurrent Cleanup for Next Mark
[2026-03-25T21:45:16.321+0900][9.263s][info][gc,marking  ] GC(145) Concurrent Cleanup for Next Mark 0.289ms
[2026-03-25T21:45:16.321+0900][9.263s][info][gc          ] GC(145) Concurrent Mark Cycle 3.719ms
[2026-03-25T21:45:16.372+0900][9.315s][info][gc,start    ] GC(146) Pause Young (Concurrent Start) (G1 Humongous Allocation)
[2026-03-25T21:45:16.373+0900][9.315s][info][gc,task     ] GC(146) Using 8 workers of 8 for evacuation
[2026-03-25T21:45:16.373+0900][9.315s][info][gc,phases   ] GC(146)   Pre Evacuate Collection Set: 0.1ms
[2026-03-25T21:45:16.373+0900][9.315s][info][gc,phases   ] GC(146)   Merge Heap Roots: 0.0ms
[2026-03-25T21:45:16.373+0900][9.315s][info][gc,phases   ] GC(146)   Evacuate Collection Set: 0.2ms
[2026-03-25T21:45:16.373+0900][9.315s][info][gc,phases   ] GC(146)   Post Evacuate Collection Set: 0.1ms
[2026-03-25T21:45:16.373+0900][9.315s][info][gc,phases   ] GC(146)   Other: 0.2ms
[2026-03-25T21:45:16.373+0900][9.315s][info][gc,heap     ] GC(146) Eden regions: 1->0(101)
[2026-03-25T21:45:16.373+0900][9.315s][info][gc,heap     ] GC(146) Survivor regions: 1->1(13)
[2026-03-25T21:45:16.373+0900][9.315s][info][gc,heap     ] GC(146) Old regions: 1->1
[2026-03-25T21:45:16.373+0900][9.315s][info][gc,heap     ] GC(146) Archive regions: 2->2
[2026-03-25T21:45:16.373+0900][9.315s][info][gc,heap     ] GC(146) Humongous regions: 200->200
[2026-03-25T21:45:16.373+0900][9.315s][info][gc,metaspace] GC(146) Metaspace: 172K(384K)->172K(384K) NonClass: 164K(256K)->164K(256K) Class: 7K(128K)->7K(128K)
[2026-03-25T21:45:16.373+0900][9.315s][info][gc          ] GC(146) Pause Young (Concurrent Start) (G1 Humongous Allocation) 201M->201M(340M) 0.854ms
[2026-03-25T21:45:16.373+0900][9.315s][info][gc,cpu      ] GC(146) User=0.00s Sys=0.00s Real=0.00s
[2026-03-25T21:45:16.373+0900][9.316s][info][gc          ] GC(147) Concurrent Mark Cycle
[2026-03-25T21:45:16.373+0900][9.316s][info][gc,marking  ] GC(147) Concurrent Clear Claimed Marks
[2026-03-25T21:45:16.373+0900][9.316s][info][gc,marking  ] GC(147) Concurrent Clear Claimed Marks 0.015ms
[2026-03-25T21:45:16.373+0900][9.316s][info][gc,marking  ] GC(147) Concurrent Scan Root Regions
[2026-03-25T21:45:16.374+0900][9.316s][info][gc,marking  ] GC(147) Concurrent Scan Root Regions 0.074ms
[2026-03-25T21:45:16.374+0900][9.316s][info][gc,marking  ] GC(147) Concurrent Mark
[2026-03-25T21:45:16.374+0900][9.316s][info][gc,marking  ] GC(147) Concurrent Mark From Roots
[2026-03-25T21:45:16.374+0900][9.316s][info][gc,task     ] GC(147) Using 2 workers of 2 for marking
[2026-03-25T21:45:16.375+0900][9.317s][info][gc,marking  ] GC(147) Concurrent Mark From Roots 1.802ms
[2026-03-25T21:45:16.375+0900][9.318s][info][gc,marking  ] GC(147) Concurrent Preclean
[2026-03-25T21:45:16.375+0900][9.318s][info][gc,marking  ] GC(147) Concurrent Preclean 0.036ms
[2026-03-25T21:45:16.375+0900][9.318s][info][gc,start    ] GC(147) Pause Remark
[2026-03-25T21:45:16.376+0900][9.318s][info][gc          ] GC(147) Pause Remark 202M->202M(342M) 0.351ms
[2026-03-25T21:45:16.376+0900][9.318s][info][gc,cpu      ] GC(147) User=0.00s Sys=0.00s Real=0.00s
[2026-03-25T21:45:16.376+0900][9.318s][info][gc,marking  ] GC(147) Concurrent Mark 2.309ms
[2026-03-25T21:45:16.376+0900][9.318s][info][gc,marking  ] GC(147) Concurrent Rebuild Remembered Sets
[2026-03-25T21:45:16.376+0900][9.319s][info][gc,marking  ] GC(147) Concurrent Rebuild Remembered Sets 0.556ms
[2026-03-25T21:45:16.376+0900][9.319s][info][gc,start    ] GC(147) Pause Cleanup
[2026-03-25T21:45:16.377+0900][9.319s][info][gc          ] GC(147) Pause Cleanup 202M->202M(342M) 0.062ms
[2026-03-25T21:45:16.377+0900][9.319s][info][gc,cpu      ] GC(147) User=0.00s Sys=0.00s Real=0.00s
[2026-03-25T21:45:16.377+0900][9.319s][info][gc,marking  ] GC(147) Concurrent Cleanup for Next Mark
[2026-03-25T21:45:16.377+0900][9.319s][info][gc,marking  ] GC(147) Concurrent Cleanup for Next Mark 0.289ms
[2026-03-25T21:45:16.377+0900][9.319s][info][gc          ] GC(147) Concurrent Mark Cycle 3.528ms
[2026-03-25T21:45:16.427+0900][9.369s][info][gc,start    ] GC(148) Pause Young (Concurrent Start) (G1 Humongous Allocation)
[2026-03-25T21:45:16.427+0900][9.369s][info][gc,task     ] GC(148) Using 8 workers of 8 for evacuation
[2026-03-25T21:45:16.428+0900][9.370s][info][gc,phases   ] GC(148)   Pre Evacuate Collection Set: 0.1ms
[2026-03-25T21:45:16.428+0900][9.370s][info][gc,phases   ] GC(148)   Merge Heap Roots: 0.1ms
[2026-03-25T21:45:16.428+0900][9.370s][info][gc,phases   ] GC(148)   Evacuate Collection Set: 0.3ms
[2026-03-25T21:45:16.428+0900][9.370s][info][gc,phases   ] GC(148)   Post Evacuate Collection Set: 0.2ms
[2026-03-25T21:45:16.428+0900][9.370s][info][gc,phases   ] GC(148)   Other: 0.3ms
[2026-03-25T21:45:16.428+0900][9.370s][info][gc,heap     ] GC(148) Eden regions: 1->0(101)
[2026-03-25T21:45:16.428+0900][9.370s][info][gc,heap     ] GC(148) Survivor regions: 1->1(13)
[2026-03-25T21:45:16.428+0900][9.370s][info][gc,heap     ] GC(148) Old regions: 1->1
[2026-03-25T21:45:16.428+0900][9.370s][info][gc,heap     ] GC(148) Archive regions: 2->2
[2026-03-25T21:45:16.428+0900][9.370s][info][gc,heap     ] GC(148) Humongous regions: 201->201
[2026-03-25T21:45:16.428+0900][9.370s][info][gc,metaspace] GC(148) Metaspace: 172K(384K)->172K(384K) NonClass: 164K(256K)->164K(256K) Class: 7K(128K)->7K(128K)
[2026-03-25T21:45:16.428+0900][9.370s][info][gc          ] GC(148) Pause Young (Concurrent Start) (G1 Humongous Allocation) 202M->202M(342M) 1.280ms
[2026-03-25T21:45:16.428+0900][9.370s][info][gc,cpu      ] GC(148) User=0.00s Sys=0.00s Real=0.00s
[2026-03-25T21:45:16.428+0900][9.370s][info][gc          ] GC(149) Concurrent Mark Cycle
[2026-03-25T21:45:16.428+0900][9.370s][info][gc,marking  ] GC(149) Concurrent Clear Claimed Marks
[2026-03-25T21:45:16.428+0900][9.370s][info][gc,marking  ] GC(149) Concurrent Clear Claimed Marks 0.029ms
[2026-03-25T21:45:16.428+0900][9.370s][info][gc,marking  ] GC(149) Concurrent Scan Root Regions
[2026-03-25T21:45:16.428+0900][9.371s][info][gc,marking  ] GC(149) Concurrent Scan Root Regions 0.126ms
[2026-03-25T21:45:16.428+0900][9.371s][info][gc,marking  ] GC(149) Concurrent Mark
[2026-03-25T21:45:16.429+0900][9.371s][info][gc,marking  ] GC(149) Concurrent Mark From Roots
[2026-03-25T21:45:16.429+0900][9.371s][info][gc,task     ] GC(149) Using 2 workers of 2 for marking
[2026-03-25T21:45:16.432+0900][9.375s][info][gc,marking  ] GC(149) Concurrent Mark From Roots 3.868ms
[2026-03-25T21:45:16.432+0900][9.375s][info][gc,marking  ] GC(149) Concurrent Preclean
[2026-03-25T21:45:16.433+0900][9.375s][info][gc,marking  ] GC(149) Concurrent Preclean 0.042ms
[2026-03-25T21:45:16.433+0900][9.375s][info][gc,start    ] GC(149) Pause Remark
[2026-03-25T21:45:16.433+0900][9.375s][info][gc          ] GC(149) Pause Remark 205M->205M(349M) 0.539ms
[2026-03-25T21:45:16.433+0900][9.375s][info][gc,cpu      ] GC(149) User=0.00s Sys=0.00s Real=0.00s
[2026-03-25T21:45:16.433+0900][9.375s][info][gc,marking  ] GC(149) Concurrent Mark 4.681ms
[2026-03-25T21:45:16.433+0900][9.375s][info][gc,marking  ] GC(149) Concurrent Rebuild Remembered Sets
[2026-03-25T21:45:16.434+0900][9.376s][info][gc,marking  ] GC(149) Concurrent Rebuild Remembered Sets 0.628ms
[2026-03-25T21:45:16.434+0900][9.376s][info][gc,start    ] GC(149) Pause Cleanup
[2026-03-25T21:45:16.434+0900][9.376s][info][gc          ] GC(149) Pause Cleanup 205M->205M(349M) 0.084ms
[2026-03-25T21:45:16.434+0900][9.376s][info][gc,cpu      ] GC(149) User=0.00s Sys=0.00s Real=0.00s
[2026-03-25T21:45:16.434+0900][9.376s][info][gc,marking  ] GC(149) Concurrent Cleanup for Next Mark
[2026-03-25T21:45:16.434+0900][9.377s][info][gc,marking  ] GC(149) Concurrent Cleanup for Next Mark 0.371ms
[2026-03-25T21:45:16.435+0900][9.377s][info][gc          ] GC(149) Concurrent Mark Cycle 6.304ms
[2026-03-25T21:45:16.479+0900][9.421s][info][gc,start    ] GC(150) Pause Young (Concurrent Start) (G1 Humongous Allocation)
[2026-03-25T21:45:16.479+0900][9.421s][info][gc,task     ] GC(150) Using 8 workers of 8 for evacuation
[2026-03-25T21:45:16.480+0900][9.422s][info][gc,phases   ] GC(150)   Pre Evacuate Collection Set: 0.2ms
[2026-03-25T21:45:16.480+0900][9.422s][info][gc,phases   ] GC(150)   Merge Heap Roots: 0.1ms
[2026-03-25T21:45:16.480+0900][9.422s][info][gc,phases   ] GC(150)   Evacuate Collection Set: 0.3ms
[2026-03-25T21:45:16.480+0900][9.422s][info][gc,phases   ] GC(150)   Post Evacuate Collection Set: 0.2ms
[2026-03-25T21:45:16.480+0900][9.422s][info][gc,phases   ] GC(150)   Other: 0.3ms
[2026-03-25T21:45:16.480+0900][9.423s][info][gc,heap     ] GC(150) Eden regions: 1->0(105)
[2026-03-25T21:45:16.480+0900][9.423s][info][gc,heap     ] GC(150) Survivor regions: 1->1(13)
[2026-03-25T21:45:16.480+0900][9.423s][info][gc,heap     ] GC(150) Old regions: 1->1
[2026-03-25T21:45:16.480+0900][9.423s][info][gc,heap     ] GC(150) Archive regions: 2->2
[2026-03-25T21:45:16.480+0900][9.423s][info][gc,heap     ] GC(150) Humongous regions: 204->204
[2026-03-25T21:45:16.481+0900][9.423s][info][gc,metaspace] GC(150) Metaspace: 172K(384K)->172K(384K) NonClass: 164K(256K)->164K(256K) Class: 7K(128K)->7K(128K)
[2026-03-25T21:45:16.481+0900][9.423s][info][gc          ] GC(150) Pause Young (Concurrent Start) (G1 Humongous Allocation) 205M->205M(349M) 1.463ms
[2026-03-25T21:45:16.481+0900][9.423s][info][gc,cpu      ] GC(150) User=0.01s Sys=0.00s Real=0.01s
[2026-03-25T21:45:16.481+0900][9.423s][info][gc          ] GC(151) Concurrent Mark Cycle
[2026-03-25T21:45:16.481+0900][9.423s][info][gc,marking  ] GC(151) Concurrent Clear Claimed Marks
[2026-03-25T21:45:16.481+0900][9.423s][info][gc,marking  ] GC(151) Concurrent Clear Claimed Marks 0.028ms
[2026-03-25T21:45:16.481+0900][9.423s][info][gc,marking  ] GC(151) Concurrent Scan Root Regions
[2026-03-25T21:45:16.481+0900][9.423s][info][gc,marking  ] GC(151) Concurrent Scan Root Regions 0.120ms
[2026-03-25T21:45:16.481+0900][9.423s][info][gc,marking  ] GC(151) Concurrent Mark
[2026-03-25T21:45:16.481+0900][9.423s][info][gc,marking  ] GC(151) Concurrent Mark From Roots
[2026-03-25T21:45:16.481+0900][9.423s][info][gc,task     ] GC(151) Using 2 workers of 2 for marking
[2026-03-25T21:45:16.483+0900][9.425s][info][gc,marking  ] GC(151) Concurrent Mark From Roots 1.769ms
[2026-03-25T21:45:16.483+0900][9.425s][info][gc,marking  ] GC(151) Concurrent Preclean
[2026-03-25T21:45:16.483+0900][9.425s][info][gc,marking  ] GC(151) Concurrent Preclean 0.038ms
[2026-03-25T21:45:16.483+0900][9.425s][info][gc,start    ] GC(151) Pause Remark
[2026-03-25T21:45:16.483+0900][9.425s][info][gc          ] GC(151) Pause Remark 206M->206M(349M) 0.302ms
[2026-03-25T21:45:16.483+0900][9.425s][info][gc,cpu      ] GC(151) User=0.00s Sys=0.00s Real=0.00s
[2026-03-25T21:45:16.483+0900][9.425s][info][gc,marking  ] GC(151) Concurrent Mark 2.280ms
[2026-03-25T21:45:16.483+0900][9.425s][info][gc,marking  ] GC(151) Concurrent Rebuild Remembered Sets
[2026-03-25T21:45:16.484+0900][9.426s][info][gc,marking  ] GC(151) Concurrent Rebuild Remembered Sets 0.522ms
[2026-03-25T21:45:16.484+0900][9.426s][info][gc,start    ] GC(151) Pause Cleanup
[2026-03-25T21:45:16.484+0900][9.426s][info][gc          ] GC(151) Pause Cleanup 206M->206M(349M) 0.065ms
[2026-03-25T21:45:16.484+0900][9.426s][info][gc,cpu      ] GC(151) User=0.00s Sys=0.00s Real=0.00s
[2026-03-25T21:45:16.484+0900][9.426s][info][gc,marking  ] GC(151) Concurrent Cleanup for Next Mark
[2026-03-25T21:45:16.484+0900][9.426s][info][gc,marking  ] GC(151) Concurrent Cleanup for Next Mark 0.293ms
[2026-03-25T21:45:16.484+0900][9.426s][info][gc          ] GC(151) Concurrent Mark Cycle 3.607ms
[2026-03-25T21:45:16.536+0900][9.478s][info][gc,start    ] GC(152) Pause Young (Concurrent Start) (G1 Humongous Allocation)
[2026-03-25T21:45:16.536+0900][9.478s][info][gc,task     ] GC(152) Using 8 workers of 8 for evacuation
[2026-03-25T21:45:16.537+0900][9.479s][info][gc,phases   ] GC(152)   Pre Evacuate Collection Set: 0.1ms
[2026-03-25T21:45:16.537+0900][9.479s][info][gc,phases   ] GC(152)   Merge Heap Roots: 0.0ms
[2026-03-25T21:45:16.537+0900][9.479s][info][gc,phases   ] GC(152)   Evacuate Collection Set: 0.2ms
[2026-03-25T21:45:16.537+0900][9.479s][info][gc,phases   ] GC(152)   Post Evacuate Collection Set: 0.1ms
[2026-03-25T21:45:16.537+0900][9.479s][info][gc,phases   ] GC(152)   Other: 0.2ms
[2026-03-25T21:45:16.537+0900][9.479s][info][gc,heap     ] GC(152) Eden regions: 1->0(104)
[2026-03-25T21:45:16.537+0900][9.479s][info][gc,heap     ] GC(152) Survivor regions: 1->1(14)
[2026-03-25T21:45:16.537+0900][9.479s][info][gc,heap     ] GC(152) Old regions: 1->1
[2026-03-25T21:45:16.537+0900][9.479s][info][gc,heap     ] GC(152) Archive regions: 2->2
[2026-03-25T21:45:16.537+0900][9.479s][info][gc,heap     ] GC(152) Humongous regions: 205->205
[2026-03-25T21:45:16.537+0900][9.479s][info][gc,metaspace] GC(152) Metaspace: 172K(384K)->172K(384K) NonClass: 164K(256K)->164K(256K) Class: 7K(128K)->7K(128K)
[2026-03-25T21:45:16.537+0900][9.479s][info][gc          ] GC(152) Pause Young (Concurrent Start) (G1 Humongous Allocation) 206M->206M(349M) 0.766ms
[2026-03-25T21:45:16.537+0900][9.479s][info][gc,cpu      ] GC(152) User=0.00s Sys=0.00s Real=0.00s
[2026-03-25T21:45:16.537+0900][9.479s][info][gc          ] GC(153) Concurrent Mark Cycle
[2026-03-25T21:45:16.537+0900][9.479s][info][gc,marking  ] GC(153) Concurrent Clear Claimed Marks
[2026-03-25T21:45:16.537+0900][9.479s][info][gc,marking  ] GC(153) Concurrent Clear Claimed Marks 0.015ms
[2026-03-25T21:45:16.537+0900][9.479s][info][gc,marking  ] GC(153) Concurrent Scan Root Regions
[2026-03-25T21:45:16.537+0900][9.479s][info][gc,marking  ] GC(153) Concurrent Scan Root Regions 0.071ms
[2026-03-25T21:45:16.537+0900][9.479s][info][gc,marking  ] GC(153) Concurrent Mark
[2026-03-25T21:45:16.537+0900][9.479s][info][gc,marking  ] GC(153) Concurrent Mark From Roots
[2026-03-25T21:45:16.537+0900][9.479s][info][gc,task     ] GC(153) Using 2 workers of 2 for marking
[2026-03-25T21:45:16.539+0900][9.481s][info][gc,marking  ] GC(153) Concurrent Mark From Roots 1.709ms
[2026-03-25T21:45:16.539+0900][9.481s][info][gc,marking  ] GC(153) Concurrent Preclean
[2026-03-25T21:45:16.539+0900][9.481s][info][gc,marking  ] GC(153) Concurrent Preclean 0.035ms
[2026-03-25T21:45:16.539+0900][9.481s][info][gc,start    ] GC(153) Pause Remark
[2026-03-25T21:45:16.539+0900][9.481s][info][gc          ] GC(153) Pause Remark 207M->207M(350M) 0.340ms
[2026-03-25T21:45:16.539+0900][9.481s][info][gc,cpu      ] GC(153) User=0.00s Sys=0.00s Real=0.00s
[2026-03-25T21:45:16.539+0900][9.481s][info][gc,marking  ] GC(153) Concurrent Mark 2.215ms
[2026-03-25T21:45:16.539+0900][9.481s][info][gc,marking  ] GC(153) Concurrent Rebuild Remembered Sets
[2026-03-25T21:45:16.540+0900][9.482s][info][gc,marking  ] GC(153) Concurrent Rebuild Remembered Sets 0.545ms
[2026-03-25T21:45:16.540+0900][9.482s][info][gc,start    ] GC(153) Pause Cleanup
[2026-03-25T21:45:16.540+0900][9.482s][info][gc          ] GC(153) Pause Cleanup 207M->207M(350M) 0.081ms
[2026-03-25T21:45:16.540+0900][9.482s][info][gc,cpu      ] GC(153) User=0.00s Sys=0.00s Real=0.00s
[2026-03-25T21:45:16.540+0900][9.482s][info][gc,marking  ] GC(153) Concurrent Cleanup for Next Mark
[2026-03-25T21:45:16.540+0900][9.482s][info][gc,marking  ] GC(153) Concurrent Cleanup for Next Mark 0.349ms
[2026-03-25T21:45:16.540+0900][9.483s][info][gc          ] GC(153) Concurrent Mark Cycle 3.627ms
[2026-03-25T21:45:16.592+0900][9.534s][info][gc,start    ] GC(154) Pause Young (Concurrent Start) (G1 Humongous Allocation)
[2026-03-25T21:45:16.592+0900][9.534s][info][gc,task     ] GC(154) Using 8 workers of 8 for evacuation
[2026-03-25T21:45:16.593+0900][9.535s][info][gc,phases   ] GC(154)   Pre Evacuate Collection Set: 0.1ms
[2026-03-25T21:45:16.593+0900][9.535s][info][gc,phases   ] GC(154)   Merge Heap Roots: 0.1ms
[2026-03-25T21:45:16.593+0900][9.535s][info][gc,phases   ] GC(154)   Evacuate Collection Set: 0.3ms
[2026-03-25T21:45:16.593+0900][9.535s][info][gc,phases   ] GC(154)   Post Evacuate Collection Set: 0.2ms
[2026-03-25T21:45:16.593+0900][9.535s][info][gc,phases   ] GC(154)   Other: 0.3ms
[2026-03-25T21:45:16.593+0900][9.535s][info][gc,heap     ] GC(154) Eden regions: 1->0(104)
[2026-03-25T21:45:16.593+0900][9.535s][info][gc,heap     ] GC(154) Survivor regions: 1->1(14)
[2026-03-25T21:45:16.593+0900][9.535s][info][gc,heap     ] GC(154) Old regions: 1->1
[2026-03-25T21:45:16.593+0900][9.535s][info][gc,heap     ] GC(154) Archive regions: 2->2
[2026-03-25T21:45:16.593+0900][9.536s][info][gc,heap     ] GC(154) Humongous regions: 206->206
[2026-03-25T21:45:16.593+0900][9.536s][info][gc,metaspace] GC(154) Metaspace: 172K(384K)->172K(384K) NonClass: 164K(256K)->164K(256K) Class: 7K(128K)->7K(128K)
[2026-03-25T21:45:16.593+0900][9.536s][info][gc          ] GC(154) Pause Young (Concurrent Start) (G1 Humongous Allocation) 207M->207M(350M) 1.326ms
[2026-03-25T21:45:16.593+0900][9.536s][info][gc,cpu      ] GC(154) User=0.00s Sys=0.00s Real=0.00s
[2026-03-25T21:45:16.594+0900][9.536s][info][gc          ] GC(155) Concurrent Mark Cycle
[2026-03-25T21:45:16.594+0900][9.536s][info][gc,marking  ] GC(155) Concurrent Clear Claimed Marks
[2026-03-25T21:45:16.594+0900][9.536s][info][gc,marking  ] GC(155) Concurrent Clear Claimed Marks 0.029ms
[2026-03-25T21:45:16.594+0900][9.536s][info][gc,marking  ] GC(155) Concurrent Scan Root Regions
[2026-03-25T21:45:16.594+0900][9.536s][info][gc,marking  ] GC(155) Concurrent Scan Root Regions 0.123ms
[2026-03-25T21:45:16.594+0900][9.536s][info][gc,marking  ] GC(155) Concurrent Mark
[2026-03-25T21:45:16.594+0900][9.536s][info][gc,marking  ] GC(155) Concurrent Mark From Roots
[2026-03-25T21:45:16.594+0900][9.536s][info][gc,task     ] GC(155) Using 2 workers of 2 for marking
[2026-03-25T21:45:16.596+0900][9.538s][info][gc,marking  ] GC(155) Concurrent Mark From Roots 2.417ms
[2026-03-25T21:45:16.596+0900][9.538s][info][gc,marking  ] GC(155) Concurrent Preclean
[2026-03-25T21:45:16.596+0900][9.538s][info][gc,marking  ] GC(155) Concurrent Preclean 0.034ms
[2026-03-25T21:45:16.596+0900][9.539s][info][gc,start    ] GC(155) Pause Remark
[2026-03-25T21:45:16.597+0900][9.539s][info][gc          ] GC(155) Pause Remark 208M->208M(352M) 0.358ms
[2026-03-25T21:45:16.597+0900][9.539s][info][gc,cpu      ] GC(155) User=0.00s Sys=0.00s Real=0.00s
[2026-03-25T21:45:16.597+0900][9.539s][info][gc,marking  ] GC(155) Concurrent Mark 2.988ms
[2026-03-25T21:45:16.597+0900][9.539s][info][gc,marking  ] GC(155) Concurrent Rebuild Remembered Sets
[2026-03-25T21:45:16.597+0900][9.539s][info][gc,marking  ] GC(155) Concurrent Rebuild Remembered Sets 0.527ms
[2026-03-25T21:45:16.597+0900][9.540s][info][gc,start    ] GC(155) Pause Cleanup
[2026-03-25T21:45:16.597+0900][9.540s][info][gc          ] GC(155) Pause Cleanup 208M->208M(352M) 0.062ms
[2026-03-25T21:45:16.597+0900][9.540s][info][gc,cpu      ] GC(155) User=0.00s Sys=0.00s Real=0.00s
[2026-03-25T21:45:16.597+0900][9.540s][info][gc,marking  ] GC(155) Concurrent Cleanup for Next Mark
[2026-03-25T21:45:16.598+0900][9.540s][info][gc,marking  ] GC(155) Concurrent Cleanup for Next Mark 0.282ms
[2026-03-25T21:45:16.598+0900][9.540s][info][gc          ] GC(155) Concurrent Mark Cycle 4.312ms
[2026-03-25T21:45:16.649+0900][9.591s][info][gc,start    ] GC(156) Pause Young (Concurrent Start) (G1 Humongous Allocation)
[2026-03-25T21:45:16.649+0900][9.591s][info][gc,task     ] GC(156) Using 8 workers of 8 for evacuation
[2026-03-25T21:45:16.650+0900][9.592s][info][gc,phases   ] GC(156)   Pre Evacuate Collection Set: 0.1ms
[2026-03-25T21:45:16.650+0900][9.592s][info][gc,phases   ] GC(156)   Merge Heap Roots: 0.0ms
[2026-03-25T21:45:16.650+0900][9.592s][info][gc,phases   ] GC(156)   Evacuate Collection Set: 0.2ms
[2026-03-25T21:45:16.650+0900][9.592s][info][gc,phases   ] GC(156)   Post Evacuate Collection Set: 0.1ms
[2026-03-25T21:45:16.650+0900][9.592s][info][gc,phases   ] GC(156)   Other: 0.2ms
[2026-03-25T21:45:16.650+0900][9.592s][info][gc,heap     ] GC(156) Eden regions: 1->0(104)
[2026-03-25T21:45:16.650+0900][9.592s][info][gc,heap     ] GC(156) Survivor regions: 1->1(14)
[2026-03-25T21:45:16.650+0900][9.592s][info][gc,heap     ] GC(156) Old regions: 1->1
[2026-03-25T21:45:16.650+0900][9.592s][info][gc,heap     ] GC(156) Archive regions: 2->2
[2026-03-25T21:45:16.650+0900][9.592s][info][gc,heap     ] GC(156) Humongous regions: 207->207
[2026-03-25T21:45:16.650+0900][9.592s][info][gc,metaspace] GC(156) Metaspace: 172K(384K)->172K(384K) NonClass: 164K(256K)->164K(256K) Class: 7K(128K)->7K(128K)
[2026-03-25T21:45:16.650+0900][9.592s][info][gc          ] GC(156) Pause Young (Concurrent Start) (G1 Humongous Allocation) 208M->208M(352M) 0.954ms
[2026-03-25T21:45:16.650+0900][9.592s][info][gc,cpu      ] GC(156) User=0.00s Sys=0.00s Real=0.01s
[2026-03-25T21:45:16.650+0900][9.592s][info][gc          ] GC(157) Concurrent Mark Cycle
[2026-03-25T21:45:16.650+0900][9.592s][info][gc,marking  ] GC(157) Concurrent Clear Claimed Marks
[2026-03-25T21:45:16.650+0900][9.592s][info][gc,marking  ] GC(157) Concurrent Clear Claimed Marks 0.012ms
[2026-03-25T21:45:16.650+0900][9.592s][info][gc,marking  ] GC(157) Concurrent Scan Root Regions
[2026-03-25T21:45:16.650+0900][9.592s][info][gc,marking  ] GC(157) Concurrent Scan Root Regions 0.087ms
[2026-03-25T21:45:16.650+0900][9.592s][info][gc,marking  ] GC(157) Concurrent Mark
[2026-03-25T21:45:16.650+0900][9.592s][info][gc,marking  ] GC(157) Concurrent Mark From Roots
[2026-03-25T21:45:16.650+0900][9.592s][info][gc,task     ] GC(157) Using 2 workers of 2 for marking
[2026-03-25T21:45:16.652+0900][9.594s][info][gc,marking  ] GC(157) Concurrent Mark From Roots 1.722ms
[2026-03-25T21:45:16.652+0900][9.594s][info][gc,marking  ] GC(157) Concurrent Preclean
[2026-03-25T21:45:16.652+0900][9.594s][info][gc,marking  ] GC(157) Concurrent Preclean 0.036ms
[2026-03-25T21:45:16.652+0900][9.594s][info][gc,start    ] GC(157) Pause Remark
[2026-03-25T21:45:16.652+0900][9.594s][info][gc          ] GC(157) Pause Remark 209M->209M(354M) 0.334ms
[2026-03-25T21:45:16.652+0900][9.594s][info][gc,cpu      ] GC(157) User=0.00s Sys=0.00s Real=0.00s
[2026-03-25T21:45:16.652+0900][9.594s][info][gc,marking  ] GC(157) Concurrent Mark 2.231ms
[2026-03-25T21:45:16.652+0900][9.594s][info][gc,marking  ] GC(157) Concurrent Rebuild Remembered Sets
[2026-03-25T21:45:16.653+0900][9.595s][info][gc,marking  ] GC(157) Concurrent Rebuild Remembered Sets 0.530ms
[2026-03-25T21:45:16.653+0900][9.595s][info][gc,start    ] GC(157) Pause Cleanup
[2026-03-25T21:45:16.653+0900][9.595s][info][gc          ] GC(157) Pause Cleanup 209M->209M(354M) 0.065ms
[2026-03-25T21:45:16.653+0900][9.595s][info][gc,cpu      ] GC(157) User=0.00s Sys=0.00s Real=0.00s
[2026-03-25T21:45:16.653+0900][9.595s][info][gc,marking  ] GC(157) Concurrent Cleanup for Next Mark
[2026-03-25T21:45:16.653+0900][9.595s][info][gc,marking  ] GC(157) Concurrent Cleanup for Next Mark 0.245ms
[2026-03-25T21:45:16.653+0900][9.595s][info][gc          ] GC(157) Concurrent Mark Cycle 3.390ms
[2026-03-25T21:45:16.702+0900][9.644s][info][gc,start    ] GC(158) Pause Young (Concurrent Start) (G1 Humongous Allocation)
[2026-03-25T21:45:16.702+0900][9.644s][info][gc,task     ] GC(158) Using 8 workers of 8 for evacuation
[2026-03-25T21:45:16.703+0900][9.645s][info][gc,phases   ] GC(158)   Pre Evacuate Collection Set: 0.1ms
[2026-03-25T21:45:16.703+0900][9.645s][info][gc,phases   ] GC(158)   Merge Heap Roots: 0.0ms
[2026-03-25T21:45:16.703+0900][9.645s][info][gc,phases   ] GC(158)   Evacuate Collection Set: 0.2ms
[2026-03-25T21:45:16.703+0900][9.645s][info][gc,phases   ] GC(158)   Post Evacuate Collection Set: 0.1ms
[2026-03-25T21:45:16.703+0900][9.645s][info][gc,phases   ] GC(158)   Other: 0.2ms
[2026-03-25T21:45:16.703+0900][9.645s][info][gc,heap     ] GC(158) Eden regions: 1->0(105)
[2026-03-25T21:45:16.703+0900][9.645s][info][gc,heap     ] GC(158) Survivor regions: 1->1(14)
[2026-03-25T21:45:16.703+0900][9.645s][info][gc,heap     ] GC(158) Old regions: 1->1
[2026-03-25T21:45:16.703+0900][9.645s][info][gc,heap     ] GC(158) Archive regions: 2->2
[2026-03-25T21:45:16.703+0900][9.645s][info][gc,heap     ] GC(158) Humongous regions: 208->208
[2026-03-25T21:45:16.703+0900][9.645s][info][gc,metaspace] GC(158) Metaspace: 172K(384K)->172K(384K) NonClass: 164K(256K)->164K(256K) Class: 7K(128K)->7K(128K)
[2026-03-25T21:45:16.703+0900][9.645s][info][gc          ] GC(158) Pause Young (Concurrent Start) (G1 Humongous Allocation) 209M->209M(354M) 0.905ms
[2026-03-25T21:45:16.703+0900][9.645s][info][gc,cpu      ] GC(158) User=0.00s Sys=0.00s Real=0.00s
[2026-03-25T21:45:16.703+0900][9.645s][info][gc          ] GC(159) Concurrent Mark Cycle
[2026-03-25T21:45:16.703+0900][9.645s][info][gc,marking  ] GC(159) Concurrent Clear Claimed Marks
[2026-03-25T21:45:16.703+0900][9.645s][info][gc,marking  ] GC(159) Concurrent Clear Claimed Marks 0.019ms
[2026-03-25T21:45:16.703+0900][9.645s][info][gc,marking  ] GC(159) Concurrent Scan Root Regions
[2026-03-25T21:45:16.703+0900][9.645s][info][gc,marking  ] GC(159) Concurrent Scan Root Regions 0.086ms
[2026-03-25T21:45:16.703+0900][9.645s][info][gc,marking  ] GC(159) Concurrent Mark
[2026-03-25T21:45:16.703+0900][9.645s][info][gc,marking  ] GC(159) Concurrent Mark From Roots
[2026-03-25T21:45:16.703+0900][9.645s][info][gc,task     ] GC(159) Using 2 workers of 2 for marking
[2026-03-25T21:45:16.705+0900][9.647s][info][gc,marking  ] GC(159) Concurrent Mark From Roots 2.144ms
[2026-03-25T21:45:16.705+0900][9.647s][info][gc,marking  ] GC(159) Concurrent Preclean
[2026-03-25T21:45:16.705+0900][9.647s][info][gc,marking  ] GC(159) Concurrent Preclean 0.036ms
[2026-03-25T21:45:16.705+0900][9.648s][info][gc,start    ] GC(159) Pause Remark
[2026-03-25T21:45:16.706+0900][9.648s][info][gc          ] GC(159) Pause Remark 210M->210M(355M) 0.430ms
[2026-03-25T21:45:16.706+0900][9.648s][info][gc,cpu      ] GC(159) User=0.00s Sys=0.00s Real=0.00s
[2026-03-25T21:45:16.706+0900][9.648s][info][gc,marking  ] GC(159) Concurrent Mark 2.814ms
[2026-03-25T21:45:16.706+0900][9.648s][info][gc,marking  ] GC(159) Concurrent Rebuild Remembered Sets
[2026-03-25T21:45:16.706+0900][9.649s][info][gc,marking  ] GC(159) Concurrent Rebuild Remembered Sets 0.522ms
[2026-03-25T21:45:16.706+0900][9.649s][info][gc,start    ] GC(159) Pause Cleanup
[2026-03-25T21:45:16.707+0900][9.649s][info][gc          ] GC(159) Pause Cleanup 210M->210M(355M) 0.066ms
[2026-03-25T21:45:16.707+0900][9.649s][info][gc,cpu      ] GC(159) User=0.00s Sys=0.00s Real=0.00s
[2026-03-25T21:45:16.707+0900][9.649s][info][gc,marking  ] GC(159) Concurrent Cleanup for Next Mark
[2026-03-25T21:45:16.707+0900][9.649s][info][gc,marking  ] GC(159) Concurrent Cleanup for Next Mark 0.288ms
[2026-03-25T21:45:16.707+0900][9.649s][info][gc          ] GC(159) Concurrent Mark Cycle 4.070ms
[2026-03-25T21:45:16.758+0900][9.700s][info][gc,start    ] GC(160) Pause Young (Concurrent Start) (G1 Humongous Allocation)
[2026-03-25T21:45:16.758+0900][9.700s][info][gc,task     ] GC(160) Using 8 workers of 8 for evacuation
[2026-03-25T21:45:16.759+0900][9.701s][info][gc,phases   ] GC(160)   Pre Evacuate Collection Set: 0.2ms
[2026-03-25T21:45:16.759+0900][9.701s][info][gc,phases   ] GC(160)   Merge Heap Roots: 0.1ms
[2026-03-25T21:45:16.759+0900][9.701s][info][gc,phases   ] GC(160)   Evacuate Collection Set: 0.3ms
[2026-03-25T21:45:16.759+0900][9.701s][info][gc,phases   ] GC(160)   Post Evacuate Collection Set: 0.1ms
[2026-03-25T21:45:16.759+0900][9.701s][info][gc,phases   ] GC(160)   Other: 0.2ms
[2026-03-25T21:45:16.759+0900][9.701s][info][gc,heap     ] GC(160) Eden regions: 1->0(105)
[2026-03-25T21:45:16.759+0900][9.701s][info][gc,heap     ] GC(160) Survivor regions: 1->1(14)
[2026-03-25T21:45:16.759+0900][9.701s][info][gc,heap     ] GC(160) Old regions: 1->1
[2026-03-25T21:45:16.759+0900][9.701s][info][gc,heap     ] GC(160) Archive regions: 2->2
[2026-03-25T21:45:16.759+0900][9.701s][info][gc,heap     ] GC(160) Humongous regions: 209->209
[2026-03-25T21:45:16.759+0900][9.702s][info][gc,metaspace] GC(160) Metaspace: 172K(384K)->172K(384K) NonClass: 164K(256K)->164K(256K) Class: 7K(128K)->7K(128K)
[2026-03-25T21:45:16.759+0900][9.702s][info][gc          ] GC(160) Pause Young (Concurrent Start) (G1 Humongous Allocation) 210M->210M(355M) 1.150ms
[2026-03-25T21:45:16.759+0900][9.702s][info][gc,cpu      ] GC(160) User=0.00s Sys=0.00s Real=0.00s
[2026-03-25T21:45:16.759+0900][9.702s][info][gc          ] GC(161) Concurrent Mark Cycle
[2026-03-25T21:45:16.759+0900][9.702s][info][gc,marking  ] GC(161) Concurrent Clear Claimed Marks
[2026-03-25T21:45:16.759+0900][9.702s][info][gc,marking  ] GC(161) Concurrent Clear Claimed Marks 0.016ms
[2026-03-25T21:45:16.759+0900][9.702s][info][gc,marking  ] GC(161) Concurrent Scan Root Regions
[2026-03-25T21:45:16.760+0900][9.702s][info][gc,marking  ] GC(161) Concurrent Scan Root Regions 0.087ms
[2026-03-25T21:45:16.760+0900][9.702s][info][gc,marking  ] GC(161) Concurrent Mark
[2026-03-25T21:45:16.760+0900][9.702s][info][gc,marking  ] GC(161) Concurrent Mark From Roots
[2026-03-25T21:45:16.760+0900][9.702s][info][gc,task     ] GC(161) Using 2 workers of 2 for marking
[2026-03-25T21:45:16.762+0900][9.704s][info][gc,marking  ] GC(161) Concurrent Mark From Roots 2.029ms
[2026-03-25T21:45:16.762+0900][9.704s][info][gc,marking  ] GC(161) Concurrent Preclean
[2026-03-25T21:45:16.762+0900][9.704s][info][gc,marking  ] GC(161) Concurrent Preclean 0.038ms
[2026-03-25T21:45:16.762+0900][9.704s][info][gc,start    ] GC(161) Pause Remark
[2026-03-25T21:45:16.762+0900][9.704s][info][gc          ] GC(161) Pause Remark 211M->211M(357M) 0.415ms
[2026-03-25T21:45:16.762+0900][9.704s][info][gc,cpu      ] GC(161) User=0.00s Sys=0.00s Real=0.00s
[2026-03-25T21:45:16.762+0900][9.704s][info][gc,marking  ] GC(161) Concurrent Mark 2.645ms
[2026-03-25T21:45:16.762+0900][9.704s][info][gc,marking  ] GC(161) Concurrent Rebuild Remembered Sets
[2026-03-25T21:45:16.763+0900][9.705s][info][gc,marking  ] GC(161) Concurrent Rebuild Remembered Sets 0.544ms
[2026-03-25T21:45:16.763+0900][9.705s][info][gc,start    ] GC(161) Pause Cleanup
[2026-03-25T21:45:16.763+0900][9.705s][info][gc          ] GC(161) Pause Cleanup 211M->211M(357M) 0.078ms
[2026-03-25T21:45:16.763+0900][9.705s][info][gc,cpu      ] GC(161) User=0.00s Sys=0.00s Real=0.00s
[2026-03-25T21:45:16.763+0900][9.705s][info][gc,marking  ] GC(161) Concurrent Cleanup for Next Mark
[2026-03-25T21:45:16.763+0900][9.705s][info][gc,marking  ] GC(161) Concurrent Cleanup for Next Mark 0.310ms
[2026-03-25T21:45:16.763+0900][9.706s][info][gc          ] GC(161) Concurrent Mark Cycle 3.951ms
[2026-03-25T21:45:16.815+0900][9.757s][info][gc,start    ] GC(162) Pause Young (Concurrent Start) (G1 Humongous Allocation)
[2026-03-25T21:45:16.815+0900][9.757s][info][gc,task     ] GC(162) Using 8 workers of 8 for evacuation
[2026-03-25T21:45:16.815+0900][9.757s][info][gc,phases   ] GC(162)   Pre Evacuate Collection Set: 0.1ms
[2026-03-25T21:45:16.815+0900][9.757s][info][gc,phases   ] GC(162)   Merge Heap Roots: 0.0ms
[2026-03-25T21:45:16.815+0900][9.757s][info][gc,phases   ] GC(162)   Evacuate Collection Set: 0.1ms
[2026-03-25T21:45:16.815+0900][9.757s][info][gc,phases   ] GC(162)   Post Evacuate Collection Set: 0.1ms
[2026-03-25T21:45:16.815+0900][9.757s][info][gc,phases   ] GC(162)   Other: 0.1ms
[2026-03-25T21:45:16.815+0900][9.757s][info][gc,heap     ] GC(162) Eden regions: 1->0(106)
[2026-03-25T21:45:16.815+0900][9.757s][info][gc,heap     ] GC(162) Survivor regions: 1->1(14)
[2026-03-25T21:45:16.815+0900][9.757s][info][gc,heap     ] GC(162) Old regions: 1->1
[2026-03-25T21:45:16.815+0900][9.757s][info][gc,heap     ] GC(162) Archive regions: 2->2
[2026-03-25T21:45:16.815+0900][9.757s][info][gc,heap     ] GC(162) Humongous regions: 210->210
[2026-03-25T21:45:16.815+0900][9.757s][info][gc,metaspace] GC(162) Metaspace: 172K(384K)->172K(384K) NonClass: 164K(256K)->164K(256K) Class: 7K(128K)->7K(128K)
[2026-03-25T21:45:16.815+0900][9.757s][info][gc          ] GC(162) Pause Young (Concurrent Start) (G1 Humongous Allocation) 211M->211M(357M) 0.475ms
[2026-03-25T21:45:16.815+0900][9.757s][info][gc,cpu      ] GC(162) User=0.01s Sys=0.00s Real=0.00s
[2026-03-25T21:45:16.815+0900][9.757s][info][gc          ] GC(163) Concurrent Mark Cycle
[2026-03-25T21:45:16.815+0900][9.757s][info][gc,marking  ] GC(163) Concurrent Clear Claimed Marks
[2026-03-25T21:45:16.815+0900][9.757s][info][gc,marking  ] GC(163) Concurrent Clear Claimed Marks 0.010ms
[2026-03-25T21:45:16.815+0900][9.757s][info][gc,marking  ] GC(163) Concurrent Scan Root Regions
[2026-03-25T21:45:16.815+0900][9.757s][info][gc,marking  ] GC(163) Concurrent Scan Root Regions 0.033ms
[2026-03-25T21:45:16.815+0900][9.757s][info][gc,marking  ] GC(163) Concurrent Mark
[2026-03-25T21:45:16.815+0900][9.757s][info][gc,marking  ] GC(163) Concurrent Mark From Roots
[2026-03-25T21:45:16.815+0900][9.757s][info][gc,task     ] GC(163) Using 2 workers of 2 for marking
[2026-03-25T21:45:16.816+0900][9.758s][info][gc,marking  ] GC(163) Concurrent Mark From Roots 0.956ms
[2026-03-25T21:45:16.816+0900][9.758s][info][gc,marking  ] GC(163) Concurrent Preclean
[2026-03-25T21:45:16.816+0900][9.758s][info][gc,marking  ] GC(163) Concurrent Preclean 0.021ms
[2026-03-25T21:45:16.816+0900][9.758s][info][gc,start    ] GC(163) Pause Remark
[2026-03-25T21:45:16.817+0900][9.759s][info][gc          ] GC(163) Pause Remark 212M->212M(359M) 0.245ms
[2026-03-25T21:45:16.817+0900][9.759s][info][gc,cpu      ] GC(163) User=0.00s Sys=0.00s Real=0.00s
[2026-03-25T21:45:16.817+0900][9.759s][info][gc,marking  ] GC(163) Concurrent Mark 1.283ms
[2026-03-25T21:45:16.817+0900][9.759s][info][gc,marking  ] GC(163) Concurrent Rebuild Remembered Sets
[2026-03-25T21:45:16.817+0900][9.759s][info][gc,marking  ] GC(163) Concurrent Rebuild Remembered Sets 0.376ms
[2026-03-25T21:45:16.817+0900][9.759s][info][gc,start    ] GC(163) Pause Cleanup
[2026-03-25T21:45:16.817+0900][9.759s][info][gc          ] GC(163) Pause Cleanup 212M->212M(359M) 0.076ms
[2026-03-25T21:45:16.817+0900][9.759s][info][gc,cpu      ] GC(163) User=0.00s Sys=0.00s Real=0.00s
[2026-03-25T21:45:16.817+0900][9.759s][info][gc,marking  ] GC(163) Concurrent Cleanup for Next Mark
[2026-03-25T21:45:16.817+0900][9.759s][info][gc,marking  ] GC(163) Concurrent Cleanup for Next Mark 0.237ms
[2026-03-25T21:45:16.817+0900][9.760s][info][gc          ] GC(163) Concurrent Mark Cycle 2.120ms
[2026-03-25T21:45:16.870+0900][9.813s][info][gc,start    ] GC(164) Pause Young (Concurrent Start) (G1 Humongous Allocation)
[2026-03-25T21:45:16.871+0900][9.813s][info][gc,task     ] GC(164) Using 8 workers of 8 for evacuation
[2026-03-25T21:45:16.871+0900][9.813s][info][gc,phases   ] GC(164)   Pre Evacuate Collection Set: 0.1ms
[2026-03-25T21:45:16.871+0900][9.813s][info][gc,phases   ] GC(164)   Merge Heap Roots: 0.0ms
[2026-03-25T21:45:16.871+0900][9.813s][info][gc,phases   ] GC(164)   Evacuate Collection Set: 0.2ms
[2026-03-25T21:45:16.871+0900][9.813s][info][gc,phases   ] GC(164)   Post Evacuate Collection Set: 0.1ms
[2026-03-25T21:45:16.871+0900][9.813s][info][gc,phases   ] GC(164)   Other: 0.2ms
[2026-03-25T21:45:16.871+0900][9.813s][info][gc,heap     ] GC(164) Eden regions: 1->0(107)
[2026-03-25T21:45:16.871+0900][9.813s][info][gc,heap     ] GC(164) Survivor regions: 1->1(14)
[2026-03-25T21:45:16.871+0900][9.813s][info][gc,heap     ] GC(164) Old regions: 1->1
[2026-03-25T21:45:16.871+0900][9.813s][info][gc,heap     ] GC(164) Archive regions: 2->2
[2026-03-25T21:45:16.871+0900][9.813s][info][gc,heap     ] GC(164) Humongous regions: 211->211
[2026-03-25T21:45:16.871+0900][9.813s][info][gc,metaspace] GC(164) Metaspace: 172K(384K)->172K(384K) NonClass: 164K(256K)->164K(256K) Class: 7K(128K)->7K(128K)
[2026-03-25T21:45:16.871+0900][9.813s][info][gc          ] GC(164) Pause Young (Concurrent Start) (G1 Humongous Allocation) 212M->212M(359M) 0.744ms
[2026-03-25T21:45:16.871+0900][9.813s][info][gc,cpu      ] GC(164) User=0.00s Sys=0.00s Real=0.00s
[2026-03-25T21:45:16.871+0900][9.813s][info][gc          ] GC(165) Concurrent Mark Cycle
[2026-03-25T21:45:16.871+0900][9.813s][info][gc,marking  ] GC(165) Concurrent Clear Claimed Marks
[2026-03-25T21:45:16.871+0900][9.813s][info][gc,marking  ] GC(165) Concurrent Clear Claimed Marks 0.016ms
[2026-03-25T21:45:16.871+0900][9.813s][info][gc,marking  ] GC(165) Concurrent Scan Root Regions
[2026-03-25T21:45:16.871+0900][9.814s][info][gc,marking  ] GC(165) Concurrent Scan Root Regions 0.074ms
[2026-03-25T21:45:16.871+0900][9.814s][info][gc,marking  ] GC(165) Concurrent Mark
[2026-03-25T21:45:16.871+0900][9.814s][info][gc,marking  ] GC(165) Concurrent Mark From Roots
[2026-03-25T21:45:16.871+0900][9.814s][info][gc,task     ] GC(165) Using 2 workers of 2 for marking
[2026-03-25T21:45:16.873+0900][9.815s][info][gc,marking  ] GC(165) Concurrent Mark From Roots 1.781ms
[2026-03-25T21:45:16.873+0900][9.815s][info][gc,marking  ] GC(165) Concurrent Preclean
[2026-03-25T21:45:16.873+0900][9.815s][info][gc,marking  ] GC(165) Concurrent Preclean 0.035ms
[2026-03-25T21:45:16.873+0900][9.815s][info][gc,start    ] GC(165) Pause Remark
[2026-03-25T21:45:16.874+0900][9.816s][info][gc          ] GC(165) Pause Remark 213M->213M(360M) 0.336ms
[2026-03-25T21:45:16.874+0900][9.816s][info][gc,cpu      ] GC(165) User=0.00s Sys=0.01s Real=0.00s
[2026-03-25T21:45:16.874+0900][9.816s][info][gc,marking  ] GC(165) Concurrent Mark 2.286ms
[2026-03-25T21:45:16.874+0900][9.816s][info][gc,marking  ] GC(165) Concurrent Rebuild Remembered Sets
[2026-03-25T21:45:16.874+0900][9.816s][info][gc,marking  ] GC(165) Concurrent Rebuild Remembered Sets 0.527ms
[2026-03-25T21:45:16.874+0900][9.816s][info][gc,start    ] GC(165) Pause Cleanup
[2026-03-25T21:45:16.874+0900][9.816s][info][gc          ] GC(165) Pause Cleanup 213M->213M(360M) 0.063ms
[2026-03-25T21:45:16.874+0900][9.817s][info][gc,cpu      ] GC(165) User=0.00s Sys=0.00s Real=0.00s
[2026-03-25T21:45:16.874+0900][9.817s][info][gc,marking  ] GC(165) Concurrent Cleanup for Next Mark
[2026-03-25T21:45:16.875+0900][9.817s][info][gc,marking  ] GC(165) Concurrent Cleanup for Next Mark 0.273ms
[2026-03-25T21:45:16.875+0900][9.817s][info][gc          ] GC(165) Concurrent Mark Cycle 3.480ms
[2026-03-25T21:45:16.927+0900][9.869s][info][gc,start    ] GC(166) Pause Young (Concurrent Start) (G1 Humongous Allocation)
[2026-03-25T21:45:16.927+0900][9.869s][info][gc,task     ] GC(166) Using 8 workers of 8 for evacuation
[2026-03-25T21:45:16.928+0900][9.870s][info][gc,phases   ] GC(166)   Pre Evacuate Collection Set: 0.2ms
[2026-03-25T21:45:16.928+0900][9.870s][info][gc,phases   ] GC(166)   Merge Heap Roots: 0.1ms
[2026-03-25T21:45:16.928+0900][9.870s][info][gc,phases   ] GC(166)   Evacuate Collection Set: 0.3ms
[2026-03-25T21:45:16.928+0900][9.870s][info][gc,phases   ] GC(166)   Post Evacuate Collection Set: 0.2ms
[2026-03-25T21:45:16.928+0900][9.870s][info][gc,phases   ] GC(166)   Other: 0.4ms
[2026-03-25T21:45:16.928+0900][9.870s][info][gc,heap     ] GC(166) Eden regions: 1->0(107)
[2026-03-25T21:45:16.928+0900][9.870s][info][gc,heap     ] GC(166) Survivor regions: 1->1(14)
[2026-03-25T21:45:16.928+0900][9.870s][info][gc,heap     ] GC(166) Old regions: 1->1
[2026-03-25T21:45:16.928+0900][9.870s][info][gc,heap     ] GC(166) Archive regions: 2->2
[2026-03-25T21:45:16.928+0900][9.870s][info][gc,heap     ] GC(166) Humongous regions: 212->212
[2026-03-25T21:45:16.928+0900][9.870s][info][gc,metaspace] GC(166) Metaspace: 172K(384K)->172K(384K) NonClass: 164K(256K)->164K(256K) Class: 7K(128K)->7K(128K)
[2026-03-25T21:45:16.928+0900][9.870s][info][gc          ] GC(166) Pause Young (Concurrent Start) (G1 Humongous Allocation) 213M->213M(360M) 1.500ms
[2026-03-25T21:45:16.928+0900][9.870s][info][gc,cpu      ] GC(166) User=0.00s Sys=0.00s Real=0.00s
[2026-03-25T21:45:16.928+0900][9.870s][info][gc          ] GC(167) Concurrent Mark Cycle
[2026-03-25T21:45:16.928+0900][9.870s][info][gc,marking  ] GC(167) Concurrent Clear Claimed Marks
[2026-03-25T21:45:16.928+0900][9.870s][info][gc,marking  ] GC(167) Concurrent Clear Claimed Marks 0.028ms
[2026-03-25T21:45:16.928+0900][9.870s][info][gc,marking  ] GC(167) Concurrent Scan Root Regions
[2026-03-25T21:45:16.928+0900][9.871s][info][gc,marking  ] GC(167) Concurrent Scan Root Regions 0.115ms
[2026-03-25T21:45:16.928+0900][9.871s][info][gc,marking  ] GC(167) Concurrent Mark
[2026-03-25T21:45:16.928+0900][9.871s][info][gc,marking  ] GC(167) Concurrent Mark From Roots
[2026-03-25T21:45:16.928+0900][9.871s][info][gc,task     ] GC(167) Using 2 workers of 2 for marking
[2026-03-25T21:45:16.931+0900][9.873s][info][gc,marking  ] GC(167) Concurrent Mark From Roots 2.731ms
[2026-03-25T21:45:16.931+0900][9.873s][info][gc,marking  ] GC(167) Concurrent Preclean
[2026-03-25T21:45:16.931+0900][9.873s][info][gc,marking  ] GC(167) Concurrent Preclean 0.046ms
[2026-03-25T21:45:16.931+0900][9.874s][info][gc,start    ] GC(167) Pause Remark
[2026-03-25T21:45:16.932+0900][9.874s][info][gc          ] GC(167) Pause Remark 214M->214M(362M) 0.427ms
[2026-03-25T21:45:16.932+0900][9.874s][info][gc,cpu      ] GC(167) User=0.00s Sys=0.00s Real=0.00s
[2026-03-25T21:45:16.932+0900][9.874s][info][gc,marking  ] GC(167) Concurrent Mark 3.437ms
[2026-03-25T21:45:16.932+0900][9.874s][info][gc,marking  ] GC(167) Concurrent Rebuild Remembered Sets
[2026-03-25T21:45:16.933+0900][9.875s][info][gc,marking  ] GC(167) Concurrent Rebuild Remembered Sets 0.629ms
[2026-03-25T21:45:16.933+0900][9.875s][info][gc,start    ] GC(167) Pause Cleanup
[2026-03-25T21:45:16.933+0900][9.875s][info][gc          ] GC(167) Pause Cleanup 214M->214M(362M) 0.098ms
[2026-03-25T21:45:16.933+0900][9.875s][info][gc,cpu      ] GC(167) User=0.00s Sys=0.00s Real=0.00s
[2026-03-25T21:45:16.933+0900][9.875s][info][gc,marking  ] GC(167) Concurrent Cleanup for Next Mark
[2026-03-25T21:45:16.933+0900][9.875s][info][gc,marking  ] GC(167) Concurrent Cleanup for Next Mark 0.413ms
[2026-03-25T21:45:16.933+0900][9.875s][info][gc          ] GC(167) Concurrent Mark Cycle 5.022ms
[2026-03-25T21:45:16.983+0900][9.926s][info][gc,start    ] GC(168) Pause Young (Concurrent Start) (G1 Humongous Allocation)
[2026-03-25T21:45:16.984+0900][9.926s][info][gc,task     ] GC(168) Using 8 workers of 8 for evacuation
[2026-03-25T21:45:16.984+0900][9.926s][info][gc,phases   ] GC(168)   Pre Evacuate Collection Set: 0.1ms
[2026-03-25T21:45:16.984+0900][9.926s][info][gc,phases   ] GC(168)   Merge Heap Roots: 0.0ms
[2026-03-25T21:45:16.984+0900][9.926s][info][gc,phases   ] GC(168)   Evacuate Collection Set: 0.2ms
[2026-03-25T21:45:16.984+0900][9.926s][info][gc,phases   ] GC(168)   Post Evacuate Collection Set: 0.1ms
[2026-03-25T21:45:16.984+0900][9.926s][info][gc,phases   ] GC(168)   Other: 0.2ms
[2026-03-25T21:45:16.984+0900][9.926s][info][gc,heap     ] GC(168) Eden regions: 1->0(107)
[2026-03-25T21:45:16.984+0900][9.926s][info][gc,heap     ] GC(168) Survivor regions: 1->1(14)
[2026-03-25T21:45:16.984+0900][9.926s][info][gc,heap     ] GC(168) Old regions: 1->1
[2026-03-25T21:45:16.984+0900][9.926s][info][gc,heap     ] GC(168) Archive regions: 2->2
[2026-03-25T21:45:16.984+0900][9.926s][info][gc,heap     ] GC(168) Humongous regions: 213->213
[2026-03-25T21:45:16.984+0900][9.926s][info][gc,metaspace] GC(168) Metaspace: 172K(384K)->172K(384K) NonClass: 164K(256K)->164K(256K) Class: 7K(128K)->7K(128K)
[2026-03-25T21:45:16.984+0900][9.926s][info][gc          ] GC(168) Pause Young (Concurrent Start) (G1 Humongous Allocation) 214M->214M(362M) 0.733ms
[2026-03-25T21:45:16.984+0900][9.926s][info][gc,cpu      ] GC(168) User=0.00s Sys=0.00s Real=0.00s
[2026-03-25T21:45:16.984+0900][9.926s][info][gc          ] GC(169) Concurrent Mark Cycle
[2026-03-25T21:45:16.984+0900][9.926s][info][gc,marking  ] GC(169) Concurrent Clear Claimed Marks
[2026-03-25T21:45:16.984+0900][9.926s][info][gc,marking  ] GC(169) Concurrent Clear Claimed Marks 0.017ms
[2026-03-25T21:45:16.984+0900][9.926s][info][gc,marking  ] GC(169) Concurrent Scan Root Regions
[2026-03-25T21:45:16.984+0900][9.926s][info][gc,marking  ] GC(169) Concurrent Scan Root Regions 0.072ms
[2026-03-25T21:45:16.984+0900][9.927s][info][gc,marking  ] GC(169) Concurrent Mark
[2026-03-25T21:45:16.984+0900][9.927s][info][gc,marking  ] GC(169) Concurrent Mark From Roots
[2026-03-25T21:45:16.984+0900][9.927s][info][gc,task     ] GC(169) Using 2 workers of 2 for marking
[2026-03-25T21:45:16.987+0900][9.929s][info][gc,marking  ] GC(169) Concurrent Mark From Roots 2.870ms
[2026-03-25T21:45:16.987+0900][9.929s][info][gc,marking  ] GC(169) Concurrent Preclean
[2026-03-25T21:45:16.987+0900][9.929s][info][gc,marking  ] GC(169) Concurrent Preclean 0.052ms
[2026-03-25T21:45:16.987+0900][9.930s][info][gc,start    ] GC(169) Pause Remark
[2026-03-25T21:45:16.988+0900][9.930s][info][gc          ] GC(169) Pause Remark 217M->217M(369M) 0.482ms
[2026-03-25T21:45:16.988+0900][9.930s][info][gc,cpu      ] GC(169) User=0.00s Sys=0.00s Real=0.00s
[2026-03-25T21:45:16.988+0900][9.930s][info][gc,marking  ] GC(169) Concurrent Mark 3.586ms
[2026-03-25T21:45:16.988+0900][9.930s][info][gc,marking  ] GC(169) Concurrent Rebuild Remembered Sets
[2026-03-25T21:45:16.989+0900][9.931s][info][gc,marking  ] GC(169) Concurrent Rebuild Remembered Sets 0.591ms
[2026-03-25T21:45:16.989+0900][9.931s][info][gc,start    ] GC(169) Pause Cleanup
[2026-03-25T21:45:16.989+0900][9.931s][info][gc          ] GC(169) Pause Cleanup 217M->217M(369M) 0.118ms
[2026-03-25T21:45:16.989+0900][9.931s][info][gc,cpu      ] GC(169) User=0.00s Sys=0.00s Real=0.00s
[2026-03-25T21:45:16.989+0900][9.931s][info][gc,marking  ] GC(169) Concurrent Cleanup for Next Mark
[2026-03-25T21:45:16.989+0900][9.931s][info][gc,marking  ] GC(169) Concurrent Cleanup for Next Mark 0.284ms
[2026-03-25T21:45:16.989+0900][9.931s][info][gc          ] GC(169) Concurrent Mark Cycle 5.019ms
[2026-03-25T21:45:17.040+0900][9.982s][info][gc,start    ] GC(170) Pause Young (Concurrent Start) (G1 Humongous Allocation)
[2026-03-25T21:45:17.040+0900][9.982s][info][gc,task     ] GC(170) Using 8 workers of 8 for evacuation
[2026-03-25T21:45:17.041+0900][9.983s][info][gc,phases   ] GC(170)   Pre Evacuate Collection Set: 0.1ms
[2026-03-25T21:45:17.041+0900][9.983s][info][gc,phases   ] GC(170)   Merge Heap Roots: 0.1ms
[2026-03-25T21:45:17.041+0900][9.983s][info][gc,phases   ] GC(170)   Evacuate Collection Set: 0.2ms
[2026-03-25T21:45:17.041+0900][9.983s][info][gc,phases   ] GC(170)   Post Evacuate Collection Set: 0.2ms
[2026-03-25T21:45:17.041+0900][9.983s][info][gc,phases   ] GC(170)   Other: 0.2ms
[2026-03-25T21:45:17.041+0900][9.983s][info][gc,heap     ] GC(170) Eden regions: 1->0(118)
[2026-03-25T21:45:17.041+0900][9.983s][info][gc,heap     ] GC(170) Survivor regions: 1->1(14)
[2026-03-25T21:45:17.041+0900][9.983s][info][gc,heap     ] GC(170) Old regions: 1->1
[2026-03-25T21:45:17.041+0900][9.983s][info][gc,heap     ] GC(170) Archive regions: 2->2
[2026-03-25T21:45:17.041+0900][9.983s][info][gc,heap     ] GC(170) Humongous regions: 216->216
[2026-03-25T21:45:17.041+0900][9.983s][info][gc,metaspace] GC(170) Metaspace: 172K(384K)->172K(384K) NonClass: 164K(256K)->164K(256K) Class: 7K(128K)->7K(128K)
[2026-03-25T21:45:17.041+0900][9.983s][info][gc          ] GC(170) Pause Young (Concurrent Start) (G1 Humongous Allocation) 217M->217M(377M) 0.987ms
[2026-03-25T21:45:17.041+0900][9.983s][info][gc,cpu      ] GC(170) User=0.00s Sys=0.00s Real=0.00s
[2026-03-25T21:45:17.041+0900][9.983s][info][gc          ] GC(171) Concurrent Mark Cycle
[2026-03-25T21:45:17.041+0900][9.983s][info][gc,marking  ] GC(171) Concurrent Clear Claimed Marks
[2026-03-25T21:45:17.041+0900][9.983s][info][gc,marking  ] GC(171) Concurrent Clear Claimed Marks 0.012ms
[2026-03-25T21:45:17.041+0900][9.983s][info][gc,marking  ] GC(171) Concurrent Scan Root Regions
[2026-03-25T21:45:17.041+0900][9.983s][info][gc,marking  ] GC(171) Concurrent Scan Root Regions 0.038ms
[2026-03-25T21:45:17.041+0900][9.983s][info][gc,marking  ] GC(171) Concurrent Mark
[2026-03-25T21:45:17.041+0900][9.983s][info][gc,marking  ] GC(171) Concurrent Mark From Roots
[2026-03-25T21:45:17.041+0900][9.983s][info][gc,task     ] GC(171) Using 2 workers of 2 for marking
[2026-03-25T21:45:17.043+0900][9.985s][info][gc,marking  ] GC(171) Concurrent Mark From Roots 1.799ms
[2026-03-25T21:45:17.043+0900][9.985s][info][gc,marking  ] GC(171) Concurrent Preclean
[2026-03-25T21:45:17.043+0900][9.985s][info][gc,marking  ] GC(171) Concurrent Preclean 0.033ms
[2026-03-25T21:45:17.043+0900][9.985s][info][gc,start    ] GC(171) Pause Remark
[2026-03-25T21:45:17.043+0900][9.985s][info][gc          ] GC(171) Pause Remark 218M->218M(377M) 0.344ms
[2026-03-25T21:45:17.043+0900][9.985s][info][gc,cpu      ] GC(171) User=0.00s Sys=0.00s Real=0.00s
[2026-03-25T21:45:17.043+0900][9.985s][info][gc,marking  ] GC(171) Concurrent Mark 2.325ms
[2026-03-25T21:45:17.043+0900][9.985s][info][gc,marking  ] GC(171) Concurrent Rebuild Remembered Sets
[2026-03-25T21:45:17.044+0900][9.986s][info][gc,marking  ] GC(171) Concurrent Rebuild Remembered Sets 0.523ms
[2026-03-25T21:45:17.044+0900][9.986s][info][gc,start    ] GC(171) Pause Cleanup
[2026-03-25T21:45:17.044+0900][9.986s][info][gc          ] GC(171) Pause Cleanup 218M->218M(377M) 0.075ms
[2026-03-25T21:45:17.044+0900][9.986s][info][gc,cpu      ] GC(171) User=0.00s Sys=0.00s Real=0.00s
[2026-03-25T21:45:17.044+0900][9.986s][info][gc,marking  ] GC(171) Concurrent Cleanup for Next Mark
[2026-03-25T21:45:17.044+0900][9.986s][info][gc,marking  ] GC(171) Concurrent Cleanup for Next Mark 0.297ms
[2026-03-25T21:45:17.044+0900][9.986s][info][gc          ] GC(171) Concurrent Mark Cycle 3.503ms
[2026-03-25T21:45:17.096+0900][10.038s][info][gc,start    ] GC(172) Pause Young (Concurrent Start) (G1 Humongous Allocation)
[2026-03-25T21:45:17.096+0900][10.038s][info][gc,task     ] GC(172) Using 8 workers of 8 for evacuation
[2026-03-25T21:45:17.097+0900][10.039s][info][gc,phases   ] GC(172)   Pre Evacuate Collection Set: 0.2ms
[2026-03-25T21:45:17.097+0900][10.039s][info][gc,phases   ] GC(172)   Merge Heap Roots: 0.1ms
[2026-03-25T21:45:17.097+0900][10.039s][info][gc,phases   ] GC(172)   Evacuate Collection Set: 0.3ms
[2026-03-25T21:45:17.097+0900][10.039s][info][gc,phases   ] GC(172)   Post Evacuate Collection Set: 0.2ms
[2026-03-25T21:45:17.097+0900][10.039s][info][gc,phases   ] GC(172)   Other: 0.3ms
[2026-03-25T21:45:17.097+0900][10.039s][info][gc,heap     ] GC(172) Eden regions: 1->0(117)
[2026-03-25T21:45:17.097+0900][10.039s][info][gc,heap     ] GC(172) Survivor regions: 1->1(15)
[2026-03-25T21:45:17.097+0900][10.040s][info][gc,heap     ] GC(172) Old regions: 1->1
[2026-03-25T21:45:17.097+0900][10.040s][info][gc,heap     ] GC(172) Archive regions: 2->2
[2026-03-25T21:45:17.097+0900][10.040s][info][gc,heap     ] GC(172) Humongous regions: 217->217
[2026-03-25T21:45:17.097+0900][10.040s][info][gc,metaspace] GC(172) Metaspace: 172K(384K)->172K(384K) NonClass: 164K(256K)->164K(256K) Class: 7K(128K)->7K(128K)
[2026-03-25T21:45:17.097+0900][10.040s][info][gc          ] GC(172) Pause Young (Concurrent Start) (G1 Humongous Allocation) 218M->218M(377M) 1.385ms
[2026-03-25T21:45:17.098+0900][10.040s][info][gc,cpu      ] GC(172) User=0.00s Sys=0.00s Real=0.00s
[2026-03-25T21:45:17.098+0900][10.040s][info][gc          ] GC(173) Concurrent Mark Cycle
[2026-03-25T21:45:17.098+0900][10.040s][info][gc,marking  ] GC(173) Concurrent Clear Claimed Marks
[2026-03-25T21:45:17.098+0900][10.040s][info][gc,marking  ] GC(173) Concurrent Clear Claimed Marks 0.030ms
[2026-03-25T21:45:17.098+0900][10.040s][info][gc,marking  ] GC(173) Concurrent Scan Root Regions
[2026-03-25T21:45:17.098+0900][10.040s][info][gc,marking  ] GC(173) Concurrent Scan Root Regions 0.072ms
[2026-03-25T21:45:17.098+0900][10.040s][info][gc,marking  ] GC(173) Concurrent Mark
[2026-03-25T21:45:17.098+0900][10.040s][info][gc,marking  ] GC(173) Concurrent Mark From Roots
[2026-03-25T21:45:17.098+0900][10.040s][info][gc,task     ] GC(173) Using 2 workers of 2 for marking
[2026-03-25T21:45:17.101+0900][10.043s][info][gc,marking  ] GC(173) Concurrent Mark From Roots 2.819ms
[2026-03-25T21:45:17.101+0900][10.043s][info][gc,marking  ] GC(173) Concurrent Preclean
[2026-03-25T21:45:17.101+0900][10.043s][info][gc,marking  ] GC(173) Concurrent Preclean 0.054ms
[2026-03-25T21:45:17.101+0900][10.043s][info][gc,start    ] GC(173) Pause Remark
[2026-03-25T21:45:17.102+0900][10.044s][info][gc          ] GC(173) Pause Remark 219M->219M(377M) 1.270ms
[2026-03-25T21:45:17.102+0900][10.044s][info][gc,cpu      ] GC(173) User=0.00s Sys=0.00s Real=0.00s
[2026-03-25T21:45:17.102+0900][10.044s][info][gc,marking  ] GC(173) Concurrent Mark 4.408ms
[2026-03-25T21:45:17.102+0900][10.044s][info][gc,marking  ] GC(173) Concurrent Rebuild Remembered Sets
[2026-03-25T21:45:17.108+0900][10.051s][info][gc,marking  ] GC(173) Concurrent Rebuild Remembered Sets 6.284ms
[2026-03-25T21:45:17.109+0900][10.051s][info][gc,start    ] GC(173) Pause Cleanup
[2026-03-25T21:45:17.109+0900][10.051s][info][gc          ] GC(173) Pause Cleanup 219M->219M(377M) 0.150ms
[2026-03-25T21:45:17.109+0900][10.051s][info][gc,cpu      ] GC(173) User=0.00s Sys=0.00s Real=0.00s
[2026-03-25T21:45:17.109+0900][10.051s][info][gc,marking  ] GC(173) Concurrent Cleanup for Next Mark
[2026-03-25T21:45:17.109+0900][10.052s][info][gc,marking  ] GC(173) Concurrent Cleanup for Next Mark 0.381ms
[2026-03-25T21:45:17.109+0900][10.052s][info][gc          ] GC(173) Concurrent Mark Cycle 11.849ms
[2026-03-25T21:45:17.151+0900][10.093s][info][gc,start    ] GC(174) Pause Young (Concurrent Start) (G1 Humongous Allocation)
[2026-03-25T21:45:17.151+0900][10.094s][info][gc,task     ] GC(174) Using 8 workers of 8 for evacuation
[2026-03-25T21:45:17.152+0900][10.094s][info][gc,phases   ] GC(174)   Pre Evacuate Collection Set: 0.1ms
[2026-03-25T21:45:17.152+0900][10.094s][info][gc,phases   ] GC(174)   Merge Heap Roots: 0.1ms
[2026-03-25T21:45:17.152+0900][10.094s][info][gc,phases   ] GC(174)   Evacuate Collection Set: 0.2ms
[2026-03-25T21:45:17.152+0900][10.094s][info][gc,phases   ] GC(174)   Post Evacuate Collection Set: 0.1ms
[2026-03-25T21:45:17.152+0900][10.094s][info][gc,phases   ] GC(174)   Other: 0.2ms
[2026-03-25T21:45:17.152+0900][10.094s][info][gc,heap     ] GC(174) Eden regions: 1->0(116)
[2026-03-25T21:45:17.152+0900][10.094s][info][gc,heap     ] GC(174) Survivor regions: 1->1(15)
[2026-03-25T21:45:17.152+0900][10.094s][info][gc,heap     ] GC(174) Old regions: 1->1
[2026-03-25T21:45:17.152+0900][10.094s][info][gc,heap     ] GC(174) Archive regions: 2->2
[2026-03-25T21:45:17.152+0900][10.094s][info][gc,heap     ] GC(174) Humongous regions: 218->218
[2026-03-25T21:45:17.152+0900][10.094s][info][gc,metaspace] GC(174) Metaspace: 173K(384K)->173K(384K) NonClass: 166K(256K)->166K(256K) Class: 7K(128K)->7K(128K)
[2026-03-25T21:45:17.152+0900][10.094s][info][gc          ] GC(174) Pause Young (Concurrent Start) (G1 Humongous Allocation) 219M->219M(377M) 0.816ms
[2026-03-25T21:45:17.152+0900][10.094s][info][gc,cpu      ] GC(174) User=0.00s Sys=0.01s Real=0.00s
[2026-03-25T21:45:17.152+0900][10.094s][info][gc          ] GC(175) Concurrent Mark Cycle
[2026-03-25T21:45:17.152+0900][10.094s][info][gc,marking  ] GC(175) Concurrent Clear Claimed Marks
[2026-03-25T21:45:17.152+0900][10.094s][info][gc,marking  ] GC(175) Concurrent Clear Claimed Marks 0.015ms
[2026-03-25T21:45:17.152+0900][10.094s][info][gc,marking  ] GC(175) Concurrent Scan Root Regions
[2026-03-25T21:45:17.152+0900][10.094s][info][gc,marking  ] GC(175) Concurrent Scan Root Regions 0.042ms
[2026-03-25T21:45:17.152+0900][10.094s][info][gc,marking  ] GC(175) Concurrent Mark
[2026-03-25T21:45:17.152+0900][10.094s][info][gc,marking  ] GC(175) Concurrent Mark From Roots
[2026-03-25T21:45:17.152+0900][10.094s][info][gc,task     ] GC(175) Using 2 workers of 2 for marking
[2026-03-25T21:45:17.156+0900][10.098s][info][gc,marking  ] GC(175) Concurrent Mark From Roots 3.271ms
[2026-03-25T21:45:17.156+0900][10.098s][info][gc,marking  ] GC(175) Concurrent Preclean
[2026-03-25T21:45:17.156+0900][10.098s][info][gc,marking  ] GC(175) Concurrent Preclean 0.051ms
[2026-03-25T21:45:17.156+0900][10.098s][info][gc,start    ] GC(175) Pause Remark
[2026-03-25T21:45:17.156+0900][10.098s][info][gc          ] GC(175) Pause Remark 220M->220M(377M) 0.462ms
[2026-03-25T21:45:17.156+0900][10.098s][info][gc,cpu      ] GC(175) User=0.01s Sys=0.00s Real=0.00s
[2026-03-25T21:45:17.156+0900][10.098s][info][gc,marking  ] GC(175) Concurrent Mark 4.081ms
[2026-03-25T21:45:17.156+0900][10.098s][info][gc,marking  ] GC(175) Concurrent Rebuild Remembered Sets
[2026-03-25T21:45:17.157+0900][10.099s][info][gc,marking  ] GC(175) Concurrent Rebuild Remembered Sets 0.635ms
[2026-03-25T21:45:17.157+0900][10.099s][info][gc,start    ] GC(175) Pause Cleanup
[2026-03-25T21:45:17.157+0900][10.099s][info][gc          ] GC(175) Pause Cleanup 220M->220M(377M) 0.083ms
[2026-03-25T21:45:17.157+0900][10.099s][info][gc,cpu      ] GC(175) User=0.00s Sys=0.00s Real=0.00s
[2026-03-25T21:45:17.157+0900][10.099s][info][gc,marking  ] GC(175) Concurrent Cleanup for Next Mark
[2026-03-25T21:45:17.158+0900][10.100s][info][gc,marking  ] GC(175) Concurrent Cleanup for Next Mark 0.388ms
[2026-03-25T21:45:17.158+0900][10.100s][info][gc          ] GC(175) Concurrent Mark Cycle 5.548ms
[2026-03-25T21:45:17.207+0900][10.150s][info][gc,start    ] GC(176) Pause Young (Concurrent Start) (G1 Humongous Allocation)
[2026-03-25T21:45:17.207+0900][10.150s][info][gc,task     ] GC(176) Using 8 workers of 8 for evacuation
[2026-03-25T21:45:17.208+0900][10.150s][info][gc,phases   ] GC(176)   Pre Evacuate Collection Set: 0.1ms
[2026-03-25T21:45:17.208+0900][10.150s][info][gc,phases   ] GC(176)   Merge Heap Roots: 0.1ms
[2026-03-25T21:45:17.208+0900][10.150s][info][gc,phases   ] GC(176)   Evacuate Collection Set: 0.2ms
[2026-03-25T21:45:17.208+0900][10.150s][info][gc,phases   ] GC(176)   Post Evacuate Collection Set: 0.1ms
[2026-03-25T21:45:17.208+0900][10.150s][info][gc,phases   ] GC(176)   Other: 0.2ms
[2026-03-25T21:45:17.208+0900][10.150s][info][gc,heap     ] GC(176) Eden regions: 1->0(115)
[2026-03-25T21:45:17.208+0900][10.150s][info][gc,heap     ] GC(176) Survivor regions: 1->1(15)
[2026-03-25T21:45:17.208+0900][10.150s][info][gc,heap     ] GC(176) Old regions: 1->1
[2026-03-25T21:45:17.208+0900][10.150s][info][gc,heap     ] GC(176) Archive regions: 2->2
[2026-03-25T21:45:17.208+0900][10.150s][info][gc,heap     ] GC(176) Humongous regions: 219->219
[2026-03-25T21:45:17.208+0900][10.150s][info][gc,metaspace] GC(176) Metaspace: 173K(384K)->173K(384K) NonClass: 166K(256K)->166K(256K) Class: 7K(128K)->7K(128K)
[2026-03-25T21:45:17.208+0900][10.150s][info][gc          ] GC(176) Pause Young (Concurrent Start) (G1 Humongous Allocation) 220M->220M(377M) 0.824ms
[2026-03-25T21:45:17.208+0900][10.150s][info][gc,cpu      ] GC(176) User=0.00s Sys=0.00s Real=0.00s
[2026-03-25T21:45:17.208+0900][10.150s][info][gc          ] GC(177) Concurrent Mark Cycle
[2026-03-25T21:45:17.208+0900][10.150s][info][gc,marking  ] GC(177) Concurrent Clear Claimed Marks
[2026-03-25T21:45:17.208+0900][10.150s][info][gc,marking  ] GC(177) Concurrent Clear Claimed Marks 0.040ms
[2026-03-25T21:45:17.208+0900][10.151s][info][gc,marking  ] GC(177) Concurrent Scan Root Regions
[2026-03-25T21:45:17.208+0900][10.151s][info][gc,marking  ] GC(177) Concurrent Scan Root Regions 0.040ms
[2026-03-25T21:45:17.208+0900][10.151s][info][gc,marking  ] GC(177) Concurrent Mark
[2026-03-25T21:45:17.208+0900][10.151s][info][gc,marking  ] GC(177) Concurrent Mark From Roots
[2026-03-25T21:45:17.208+0900][10.151s][info][gc,task     ] GC(177) Using 2 workers of 2 for marking
[2026-03-25T21:45:17.210+0900][10.152s][info][gc,marking  ] GC(177) Concurrent Mark From Roots 1.840ms
[2026-03-25T21:45:17.210+0900][10.153s][info][gc,marking  ] GC(177) Concurrent Preclean
[2026-03-25T21:45:17.210+0900][10.153s][info][gc,marking  ] GC(177) Concurrent Preclean 0.035ms
[2026-03-25T21:45:17.210+0900][10.153s][info][gc,start    ] GC(177) Pause Remark
[2026-03-25T21:45:17.211+0900][10.153s][info][gc          ] GC(177) Pause Remark 221M->221M(377M) 0.317ms
[2026-03-25T21:45:17.211+0900][10.153s][info][gc,cpu      ] GC(177) User=0.00s Sys=0.00s Real=0.00s
[2026-03-25T21:45:17.211+0900][10.153s][info][gc,marking  ] GC(177) Concurrent Mark 2.362ms
[2026-03-25T21:45:17.211+0900][10.153s][info][gc,marking  ] GC(177) Concurrent Rebuild Remembered Sets
[2026-03-25T21:45:17.211+0900][10.153s][info][gc,marking  ] GC(177) Concurrent Rebuild Remembered Sets 0.531ms
[2026-03-25T21:45:17.211+0900][10.154s][info][gc,start    ] GC(177) Pause Cleanup
[2026-03-25T21:45:17.211+0900][10.154s][info][gc          ] GC(177) Pause Cleanup 221M->221M(377M) 0.073ms
[2026-03-25T21:45:17.211+0900][10.154s][info][gc,cpu      ] GC(177) User=0.00s Sys=0.00s Real=0.00s
[2026-03-25T21:45:17.211+0900][10.154s][info][gc,marking  ] GC(177) Concurrent Cleanup for Next Mark
[2026-03-25T21:45:17.212+0900][10.154s][info][gc,marking  ] GC(177) Concurrent Cleanup for Next Mark 0.348ms
[2026-03-25T21:45:17.212+0900][10.154s][info][gc          ] GC(177) Concurrent Mark Cycle 3.689ms
[2026-03-25T21:45:17.264+0900][10.206s][info][gc,start    ] GC(178) Pause Young (Concurrent Start) (G1 Humongous Allocation)
[2026-03-25T21:45:17.264+0900][10.206s][info][gc,task     ] GC(178) Using 8 workers of 8 for evacuation
[2026-03-25T21:45:17.265+0900][10.207s][info][gc,phases   ] GC(178)   Pre Evacuate Collection Set: 0.2ms
[2026-03-25T21:45:17.265+0900][10.207s][info][gc,phases   ] GC(178)   Merge Heap Roots: 0.1ms
[2026-03-25T21:45:17.265+0900][10.207s][info][gc,phases   ] GC(178)   Evacuate Collection Set: 0.3ms
[2026-03-25T21:45:17.265+0900][10.207s][info][gc,phases   ] GC(178)   Post Evacuate Collection Set: 0.2ms
[2026-03-25T21:45:17.265+0900][10.207s][info][gc,phases   ] GC(178)   Other: 0.3ms
[2026-03-25T21:45:17.265+0900][10.207s][info][gc,heap     ] GC(178) Eden regions: 1->0(114)
[2026-03-25T21:45:17.265+0900][10.207s][info][gc,heap     ] GC(178) Survivor regions: 1->1(15)
[2026-03-25T21:45:17.265+0900][10.207s][info][gc,heap     ] GC(178) Old regions: 1->1
[2026-03-25T21:45:17.265+0900][10.207s][info][gc,heap     ] GC(178) Archive regions: 2->2
[2026-03-25T21:45:17.265+0900][10.207s][info][gc,heap     ] GC(178) Humongous regions: 220->220
[2026-03-25T21:45:17.265+0900][10.207s][info][gc,metaspace] GC(178) Metaspace: 173K(384K)->173K(384K) NonClass: 166K(256K)->166K(256K) Class: 7K(128K)->7K(128K)
[2026-03-25T21:45:17.265+0900][10.207s][info][gc          ] GC(178) Pause Young (Concurrent Start) (G1 Humongous Allocation) 221M->221M(377M) 1.417ms
[2026-03-25T21:45:17.265+0900][10.207s][info][gc,cpu      ] GC(178) User=0.01s Sys=0.00s Real=0.00s
[2026-03-25T21:45:17.265+0900][10.207s][info][gc          ] GC(179) Concurrent Mark Cycle
[2026-03-25T21:45:17.265+0900][10.207s][info][gc,marking  ] GC(179) Concurrent Clear Claimed Marks
[2026-03-25T21:45:17.265+0900][10.207s][info][gc,marking  ] GC(179) Concurrent Clear Claimed Marks 0.026ms
[2026-03-25T21:45:17.265+0900][10.207s][info][gc,marking  ] GC(179) Concurrent Scan Root Regions
[2026-03-25T21:45:17.265+0900][10.207s][info][gc,marking  ] GC(179) Concurrent Scan Root Regions 0.087ms
[2026-03-25T21:45:17.265+0900][10.207s][info][gc,marking  ] GC(179) Concurrent Mark
[2026-03-25T21:45:17.265+0900][10.207s][info][gc,marking  ] GC(179) Concurrent Mark From Roots
[2026-03-25T21:45:17.265+0900][10.208s][info][gc,task     ] GC(179) Using 2 workers of 2 for marking
[2026-03-25T21:45:17.272+0900][10.214s][info][gc,marking  ] GC(179) Concurrent Mark From Roots 6.864ms
[2026-03-25T21:45:17.272+0900][10.214s][info][gc,marking  ] GC(179) Concurrent Preclean
[2026-03-25T21:45:17.272+0900][10.214s][info][gc,marking  ] GC(179) Concurrent Preclean 0.042ms
[2026-03-25T21:45:17.272+0900][10.215s][info][gc,start    ] GC(179) Pause Remark
[2026-03-25T21:45:17.273+0900][10.215s][info][gc          ] GC(179) Pause Remark 222M->222M(377M) 0.393ms
[2026-03-25T21:45:17.273+0900][10.215s][info][gc,cpu      ] GC(179) User=0.00s Sys=0.00s Real=0.00s
[2026-03-25T21:45:17.273+0900][10.215s][info][gc,marking  ] GC(179) Concurrent Mark 7.516ms
[2026-03-25T21:45:17.273+0900][10.215s][info][gc,marking  ] GC(179) Concurrent Rebuild Remembered Sets
[2026-03-25T21:45:17.273+0900][10.216s][info][gc,marking  ] GC(179) Concurrent Rebuild Remembered Sets 0.531ms
[2026-03-25T21:45:17.273+0900][10.216s][info][gc,start    ] GC(179) Pause Cleanup
[2026-03-25T21:45:17.273+0900][10.216s][info][gc          ] GC(179) Pause Cleanup 222M->222M(377M) 0.068ms
[2026-03-25T21:45:17.273+0900][10.216s][info][gc,cpu      ] GC(179) User=0.00s Sys=0.00s Real=0.00s
[2026-03-25T21:45:17.274+0900][10.216s][info][gc,marking  ] GC(179) Concurrent Cleanup for Next Mark
[2026-03-25T21:45:17.274+0900][10.216s][info][gc,marking  ] GC(179) Concurrent Cleanup for Next Mark 0.289ms
[2026-03-25T21:45:17.274+0900][10.216s][info][gc          ] GC(179) Concurrent Mark Cycle 8.833ms
[2026-03-25T21:45:17.320+0900][10.263s][info][gc,start    ] GC(180) Pause Young (Concurrent Start) (G1 Humongous Allocation)
[2026-03-25T21:45:17.321+0900][10.263s][info][gc,task     ] GC(180) Using 8 workers of 8 for evacuation
[2026-03-25T21:45:17.321+0900][10.264s][info][gc,phases   ] GC(180)   Pre Evacuate Collection Set: 0.1ms
[2026-03-25T21:45:17.322+0900][10.264s][info][gc,phases   ] GC(180)   Merge Heap Roots: 0.1ms
[2026-03-25T21:45:17.322+0900][10.264s][info][gc,phases   ] GC(180)   Evacuate Collection Set: 0.3ms
[2026-03-25T21:45:17.322+0900][10.264s][info][gc,phases   ] GC(180)   Post Evacuate Collection Set: 0.2ms
[2026-03-25T21:45:17.322+0900][10.264s][info][gc,phases   ] GC(180)   Other: 0.3ms
[2026-03-25T21:45:17.322+0900][10.264s][info][gc,heap     ] GC(180) Eden regions: 1->0(113)
[2026-03-25T21:45:17.322+0900][10.264s][info][gc,heap     ] GC(180) Survivor regions: 1->1(15)
[2026-03-25T21:45:17.322+0900][10.264s][info][gc,heap     ] GC(180) Old regions: 1->1
[2026-03-25T21:45:17.322+0900][10.264s][info][gc,heap     ] GC(180) Archive regions: 2->2
[2026-03-25T21:45:17.322+0900][10.264s][info][gc,heap     ] GC(180) Humongous regions: 221->221
[2026-03-25T21:45:17.322+0900][10.264s][info][gc,metaspace] GC(180) Metaspace: 173K(384K)->173K(384K) NonClass: 166K(256K)->166K(256K) Class: 7K(128K)->7K(128K)
[2026-03-25T21:45:17.322+0900][10.264s][info][gc          ] GC(180) Pause Young (Concurrent Start) (G1 Humongous Allocation) 222M->222M(377M) 1.246ms
[2026-03-25T21:45:17.322+0900][10.264s][info][gc,cpu      ] GC(180) User=0.00s Sys=0.00s Real=0.00s
[2026-03-25T21:45:17.322+0900][10.264s][info][gc          ] GC(181) Concurrent Mark Cycle
[2026-03-25T21:45:17.322+0900][10.264s][info][gc,marking  ] GC(181) Concurrent Clear Claimed Marks
[2026-03-25T21:45:17.322+0900][10.264s][info][gc,marking  ] GC(181) Concurrent Clear Claimed Marks 0.012ms
[2026-03-25T21:45:17.322+0900][10.264s][info][gc,marking  ] GC(181) Concurrent Scan Root Regions
[2026-03-25T21:45:17.322+0900][10.264s][info][gc,marking  ] GC(181) Concurrent Scan Root Regions 0.049ms
[2026-03-25T21:45:17.322+0900][10.264s][info][gc,marking  ] GC(181) Concurrent Mark
[2026-03-25T21:45:17.322+0900][10.264s][info][gc,marking  ] GC(181) Concurrent Mark From Roots
[2026-03-25T21:45:17.322+0900][10.264s][info][gc,task     ] GC(181) Using 2 workers of 2 for marking
[2026-03-25T21:45:17.324+0900][10.266s][info][gc,marking  ] GC(181) Concurrent Mark From Roots 1.738ms
[2026-03-25T21:45:17.324+0900][10.266s][info][gc,marking  ] GC(181) Concurrent Preclean
[2026-03-25T21:45:17.324+0900][10.266s][info][gc,marking  ] GC(181) Concurrent Preclean 0.050ms
[2026-03-25T21:45:17.324+0900][10.266s][info][gc,start    ] GC(181) Pause Remark
[2026-03-25T21:45:17.324+0900][10.266s][info][gc          ] GC(181) Pause Remark 223M->223M(377M) 0.424ms
[2026-03-25T21:45:17.324+0900][10.266s][info][gc,cpu      ] GC(181) User=0.00s Sys=0.00s Real=0.00s
[2026-03-25T21:45:17.324+0900][10.266s][info][gc,marking  ] GC(181) Concurrent Mark 2.376ms
[2026-03-25T21:45:17.324+0900][10.266s][info][gc,marking  ] GC(181) Concurrent Rebuild Remembered Sets
[2026-03-25T21:45:17.325+0900][10.267s][info][gc,marking  ] GC(181) Concurrent Rebuild Remembered Sets 0.807ms
[2026-03-25T21:45:17.325+0900][10.267s][info][gc,start    ] GC(181) Pause Cleanup
[2026-03-25T21:45:17.325+0900][10.267s][info][gc          ] GC(181) Pause Cleanup 223M->223M(377M) 0.098ms
[2026-03-25T21:45:17.325+0900][10.267s][info][gc,cpu      ] GC(181) User=0.00s Sys=0.00s Real=0.00s
[2026-03-25T21:45:17.325+0900][10.267s][info][gc,marking  ] GC(181) Concurrent Cleanup for Next Mark
[2026-03-25T21:45:17.326+0900][10.268s][info][gc,marking  ] GC(181) Concurrent Cleanup for Next Mark 0.364ms
[2026-03-25T21:45:17.326+0900][10.268s][info][gc          ] GC(181) Concurrent Mark Cycle 4.055ms
[2026-03-25T21:45:17.377+0900][10.319s][info][gc,start    ] GC(182) Pause Young (Concurrent Start) (G1 Humongous Allocation)
[2026-03-25T21:45:17.377+0900][10.319s][info][gc,task     ] GC(182) Using 8 workers of 8 for evacuation
[2026-03-25T21:45:17.378+0900][10.320s][info][gc,phases   ] GC(182)   Pre Evacuate Collection Set: 0.1ms
[2026-03-25T21:45:17.378+0900][10.320s][info][gc,phases   ] GC(182)   Merge Heap Roots: 0.1ms
[2026-03-25T21:45:17.378+0900][10.320s][info][gc,phases   ] GC(182)   Evacuate Collection Set: 0.2ms
[2026-03-25T21:45:17.378+0900][10.320s][info][gc,phases   ] GC(182)   Post Evacuate Collection Set: 0.1ms
[2026-03-25T21:45:17.378+0900][10.320s][info][gc,phases   ] GC(182)   Other: 0.2ms
[2026-03-25T21:45:17.378+0900][10.320s][info][gc,heap     ] GC(182) Eden regions: 1->0(112)
[2026-03-25T21:45:17.378+0900][10.320s][info][gc,heap     ] GC(182) Survivor regions: 1->1(15)
[2026-03-25T21:45:17.378+0900][10.320s][info][gc,heap     ] GC(182) Old regions: 1->1
[2026-03-25T21:45:17.378+0900][10.320s][info][gc,heap     ] GC(182) Archive regions: 2->2
[2026-03-25T21:45:17.378+0900][10.320s][info][gc,heap     ] GC(182) Humongous regions: 222->222
[2026-03-25T21:45:17.378+0900][10.320s][info][gc,metaspace] GC(182) Metaspace: 173K(384K)->173K(384K) NonClass: 166K(256K)->166K(256K) Class: 7K(128K)->7K(128K)
[2026-03-25T21:45:17.378+0900][10.321s][info][gc          ] GC(182) Pause Young (Concurrent Start) (G1 Humongous Allocation) 223M->223M(377M) 1.328ms
[2026-03-25T21:45:17.378+0900][10.321s][info][gc,cpu      ] GC(182) User=0.00s Sys=0.00s Real=0.00s
[2026-03-25T21:45:17.378+0900][10.321s][info][gc          ] GC(183) Concurrent Mark Cycle
[2026-03-25T21:45:17.378+0900][10.321s][info][gc,marking  ] GC(183) Concurrent Clear Claimed Marks
[2026-03-25T21:45:17.378+0900][10.321s][info][gc,marking  ] GC(183) Concurrent Clear Claimed Marks 0.036ms
[2026-03-25T21:45:17.378+0900][10.321s][info][gc,marking  ] GC(183) Concurrent Scan Root Regions
[2026-03-25T21:45:17.379+0900][10.321s][info][gc,marking  ] GC(183) Concurrent Scan Root Regions 0.045ms
[2026-03-25T21:45:17.379+0900][10.321s][info][gc,marking  ] GC(183) Concurrent Mark
[2026-03-25T21:45:17.379+0900][10.321s][info][gc,marking  ] GC(183) Concurrent Mark From Roots
[2026-03-25T21:45:17.379+0900][10.321s][info][gc,task     ] GC(183) Using 2 workers of 2 for marking
[2026-03-25T21:45:17.381+0900][10.323s][info][gc,marking  ] GC(183) Concurrent Mark From Roots 1.958ms
[2026-03-25T21:45:17.381+0900][10.323s][info][gc,marking  ] GC(183) Concurrent Preclean
[2026-03-25T21:45:17.381+0900][10.323s][info][gc,marking  ] GC(183) Concurrent Preclean 0.036ms
[2026-03-25T21:45:17.381+0900][10.323s][info][gc,start    ] GC(183) Pause Remark
[2026-03-25T21:45:17.381+0900][10.323s][info][gc          ] GC(183) Pause Remark 224M->224M(379M) 0.411ms
[2026-03-25T21:45:17.381+0900][10.323s][info][gc,cpu      ] GC(183) User=0.00s Sys=0.00s Real=0.00s
[2026-03-25T21:45:17.381+0900][10.323s][info][gc,marking  ] GC(183) Concurrent Mark 2.579ms
[2026-03-25T21:45:17.381+0900][10.323s][info][gc,marking  ] GC(183) Concurrent Rebuild Remembered Sets
[2026-03-25T21:45:17.382+0900][10.324s][info][gc,marking  ] GC(183) Concurrent Rebuild Remembered Sets 0.525ms
[2026-03-25T21:45:17.382+0900][10.324s][info][gc,start    ] GC(183) Pause Cleanup
[2026-03-25T21:45:17.382+0900][10.324s][info][gc          ] GC(183) Pause Cleanup 224M->224M(379M) 0.065ms
[2026-03-25T21:45:17.382+0900][10.324s][info][gc,cpu      ] GC(183) User=0.00s Sys=0.00s Real=0.00s
[2026-03-25T21:45:17.382+0900][10.324s][info][gc,marking  ] GC(183) Concurrent Cleanup for Next Mark
[2026-03-25T21:45:17.382+0900][10.324s][info][gc,marking  ] GC(183) Concurrent Cleanup for Next Mark 0.381ms
[2026-03-25T21:45:17.382+0900][10.324s][info][gc          ] GC(183) Concurrent Mark Cycle 3.861ms
[2026-03-25T21:45:17.430+0900][10.373s][info][gc,start    ] GC(184) Pause Young (Concurrent Start) (G1 Humongous Allocation)
[2026-03-25T21:45:17.430+0900][10.373s][info][gc,task     ] GC(184) Using 8 workers of 8 for evacuation
[2026-03-25T21:45:17.431+0900][10.374s][info][gc,phases   ] GC(184)   Pre Evacuate Collection Set: 0.2ms
[2026-03-25T21:45:17.431+0900][10.374s][info][gc,phases   ] GC(184)   Merge Heap Roots: 0.1ms
[2026-03-25T21:45:17.431+0900][10.374s][info][gc,phases   ] GC(184)   Evacuate Collection Set: 0.2ms
[2026-03-25T21:45:17.431+0900][10.374s][info][gc,phases   ] GC(184)   Post Evacuate Collection Set: 0.2ms
[2026-03-25T21:45:17.432+0900][10.374s][info][gc,phases   ] GC(184)   Other: 0.3ms
[2026-03-25T21:45:17.432+0900][10.374s][info][gc,heap     ] GC(184) Eden regions: 1->0(113)
[2026-03-25T21:45:17.432+0900][10.374s][info][gc,heap     ] GC(184) Survivor regions: 1->1(15)
[2026-03-25T21:45:17.432+0900][10.374s][info][gc,heap     ] GC(184) Old regions: 1->1
[2026-03-25T21:45:17.432+0900][10.374s][info][gc,heap     ] GC(184) Archive regions: 2->2
[2026-03-25T21:45:17.432+0900][10.374s][info][gc,heap     ] GC(184) Humongous regions: 223->223
[2026-03-25T21:45:17.432+0900][10.374s][info][gc,metaspace] GC(184) Metaspace: 173K(384K)->173K(384K) NonClass: 166K(256K)->166K(256K) Class: 7K(128K)->7K(128K)
[2026-03-25T21:45:17.432+0900][10.374s][info][gc          ] GC(184) Pause Young (Concurrent Start) (G1 Humongous Allocation) 224M->224M(379M) 1.361ms
[2026-03-25T21:45:17.432+0900][10.374s][info][gc,cpu      ] GC(184) User=0.00s Sys=0.01s Real=0.00s
[2026-03-25T21:45:17.432+0900][10.374s][info][gc          ] GC(185) Concurrent Mark Cycle
[2026-03-25T21:45:17.432+0900][10.374s][info][gc,marking  ] GC(185) Concurrent Clear Claimed Marks
[2026-03-25T21:45:17.432+0900][10.374s][info][gc,marking  ] GC(185) Concurrent Clear Claimed Marks 0.026ms
[2026-03-25T21:45:17.432+0900][10.374s][info][gc,marking  ] GC(185) Concurrent Scan Root Regions
[2026-03-25T21:45:17.432+0900][10.374s][info][gc,marking  ] GC(185) Concurrent Scan Root Regions 0.069ms
[2026-03-25T21:45:17.432+0900][10.374s][info][gc,marking  ] GC(185) Concurrent Mark
[2026-03-25T21:45:17.432+0900][10.374s][info][gc,marking  ] GC(185) Concurrent Mark From Roots
[2026-03-25T21:45:17.432+0900][10.374s][info][gc,task     ] GC(185) Using 2 workers of 2 for marking
[2026-03-25T21:45:17.435+0900][10.377s][info][gc,marking  ] GC(185) Concurrent Mark From Roots 2.521ms
[2026-03-25T21:45:17.435+0900][10.377s][info][gc,marking  ] GC(185) Concurrent Preclean
[2026-03-25T21:45:17.435+0900][10.377s][info][gc,marking  ] GC(185) Concurrent Preclean 0.040ms
[2026-03-25T21:45:17.435+0900][10.377s][info][gc,start    ] GC(185) Pause Remark
[2026-03-25T21:45:17.435+0900][10.377s][info][gc          ] GC(185) Pause Remark 225M->225M(380M) 0.385ms
[2026-03-25T21:45:17.435+0900][10.377s][info][gc,cpu      ] GC(185) User=0.00s Sys=0.00s Real=0.00s
[2026-03-25T21:45:17.435+0900][10.377s][info][gc,marking  ] GC(185) Concurrent Mark 3.106ms
[2026-03-25T21:45:17.435+0900][10.377s][info][gc,marking  ] GC(185) Concurrent Rebuild Remembered Sets
[2026-03-25T21:45:17.436+0900][10.378s][info][gc,marking  ] GC(185) Concurrent Rebuild Remembered Sets 0.636ms
[2026-03-25T21:45:17.436+0900][10.378s][info][gc,start    ] GC(185) Pause Cleanup
[2026-03-25T21:45:17.436+0900][10.378s][info][gc          ] GC(185) Pause Cleanup 225M->225M(380M) 0.084ms
[2026-03-25T21:45:17.436+0900][10.378s][info][gc,cpu      ] GC(185) User=0.00s Sys=0.00s Real=0.00s
[2026-03-25T21:45:17.436+0900][10.378s][info][gc,marking  ] GC(185) Concurrent Cleanup for Next Mark
[2026-03-25T21:45:17.436+0900][10.378s][info][gc,marking  ] GC(185) Concurrent Cleanup for Next Mark 0.340ms
[2026-03-25T21:45:17.436+0900][10.379s][info][gc          ] GC(185) Concurrent Mark Cycle 4.568ms
[2026-03-25T21:45:17.486+0900][10.428s][info][gc,start    ] GC(186) Pause Young (Concurrent Start) (G1 Humongous Allocation)
[2026-03-25T21:45:17.486+0900][10.428s][info][gc,task     ] GC(186) Using 8 workers of 8 for evacuation
[2026-03-25T21:45:17.486+0900][10.428s][info][gc,phases   ] GC(186)   Pre Evacuate Collection Set: 0.1ms
[2026-03-25T21:45:17.486+0900][10.428s][info][gc,phases   ] GC(186)   Merge Heap Roots: 0.1ms
[2026-03-25T21:45:17.486+0900][10.428s][info][gc,phases   ] GC(186)   Evacuate Collection Set: 0.2ms
[2026-03-25T21:45:17.486+0900][10.428s][info][gc,phases   ] GC(186)   Post Evacuate Collection Set: 0.1ms
[2026-03-25T21:45:17.486+0900][10.428s][info][gc,phases   ] GC(186)   Other: 0.2ms
[2026-03-25T21:45:17.486+0900][10.428s][info][gc,heap     ] GC(186) Eden regions: 1->0(113)
[2026-03-25T21:45:17.486+0900][10.428s][info][gc,heap     ] GC(186) Survivor regions: 1->1(15)
[2026-03-25T21:45:17.486+0900][10.429s][info][gc,heap     ] GC(186) Old regions: 1->1
[2026-03-25T21:45:17.486+0900][10.429s][info][gc,heap     ] GC(186) Archive regions: 2->2
[2026-03-25T21:45:17.486+0900][10.429s][info][gc,heap     ] GC(186) Humongous regions: 224->224
[2026-03-25T21:45:17.486+0900][10.429s][info][gc,metaspace] GC(186) Metaspace: 173K(384K)->173K(384K) NonClass: 166K(256K)->166K(256K) Class: 7K(128K)->7K(128K)
[2026-03-25T21:45:17.486+0900][10.429s][info][gc          ] GC(186) Pause Young (Concurrent Start) (G1 Humongous Allocation) 225M->225M(380M) 0.829ms
[2026-03-25T21:45:17.486+0900][10.429s][info][gc,cpu      ] GC(186) User=0.01s Sys=0.00s Real=0.00s
[2026-03-25T21:45:17.486+0900][10.429s][info][gc          ] GC(187) Concurrent Mark Cycle
[2026-03-25T21:45:17.486+0900][10.429s][info][gc,marking  ] GC(187) Concurrent Clear Claimed Marks
[2026-03-25T21:45:17.487+0900][10.429s][info][gc,marking  ] GC(187) Concurrent Clear Claimed Marks 0.015ms
[2026-03-25T21:45:17.487+0900][10.429s][info][gc,marking  ] GC(187) Concurrent Scan Root Regions
[2026-03-25T21:45:17.487+0900][10.429s][info][gc,marking  ] GC(187) Concurrent Scan Root Regions 0.041ms
[2026-03-25T21:45:17.487+0900][10.429s][info][gc,marking  ] GC(187) Concurrent Mark
[2026-03-25T21:45:17.487+0900][10.429s][info][gc,marking  ] GC(187) Concurrent Mark From Roots
[2026-03-25T21:45:17.487+0900][10.429s][info][gc,task     ] GC(187) Using 2 workers of 2 for marking
[2026-03-25T21:45:17.488+0900][10.431s][info][gc,marking  ] GC(187) Concurrent Mark From Roots 1.776ms
[2026-03-25T21:45:17.488+0900][10.431s][info][gc,marking  ] GC(187) Concurrent Preclean
[2026-03-25T21:45:17.488+0900][10.431s][info][gc,marking  ] GC(187) Concurrent Preclean 0.037ms
[2026-03-25T21:45:17.489+0900][10.431s][info][gc,start    ] GC(187) Pause Remark
[2026-03-25T21:45:17.489+0900][10.431s][info][gc          ] GC(187) Pause Remark 226M->226M(382M) 0.357ms
[2026-03-25T21:45:17.489+0900][10.431s][info][gc,cpu      ] GC(187) User=0.00s Sys=0.00s Real=0.00s
[2026-03-25T21:45:17.489+0900][10.431s][info][gc,marking  ] GC(187) Concurrent Mark 2.353ms
[2026-03-25T21:45:17.489+0900][10.431s][info][gc,marking  ] GC(187) Concurrent Rebuild Remembered Sets
[2026-03-25T21:45:17.489+0900][10.432s][info][gc,marking  ] GC(187) Concurrent Rebuild Remembered Sets 0.525ms
[2026-03-25T21:45:17.490+0900][10.432s][info][gc,start    ] GC(187) Pause Cleanup
[2026-03-25T21:45:17.490+0900][10.432s][info][gc          ] GC(187) Pause Cleanup 226M->226M(382M) 0.068ms
[2026-03-25T21:45:17.490+0900][10.432s][info][gc,cpu      ] GC(187) User=0.00s Sys=0.00s Real=0.00s
[2026-03-25T21:45:17.490+0900][10.432s][info][gc,marking  ] GC(187) Concurrent Cleanup for Next Mark
[2026-03-25T21:45:17.490+0900][10.432s][info][gc,marking  ] GC(187) Concurrent Cleanup for Next Mark 0.339ms
[2026-03-25T21:45:17.490+0900][10.432s][info][gc          ] GC(187) Concurrent Mark Cycle 3.600ms
[2026-03-25T21:45:17.541+0900][10.483s][info][gc,start    ] GC(188) Pause Young (Concurrent Start) (G1 Humongous Allocation)
[2026-03-25T21:45:17.541+0900][10.483s][info][gc,task     ] GC(188) Using 8 workers of 8 for evacuation
[2026-03-25T21:45:17.542+0900][10.484s][info][gc,phases   ] GC(188)   Pre Evacuate Collection Set: 0.1ms
[2026-03-25T21:45:17.542+0900][10.484s][info][gc,phases   ] GC(188)   Merge Heap Roots: 0.1ms
[2026-03-25T21:45:17.542+0900][10.484s][info][gc,phases   ] GC(188)   Evacuate Collection Set: 0.2ms
[2026-03-25T21:45:17.542+0900][10.484s][info][gc,phases   ] GC(188)   Post Evacuate Collection Set: 0.1ms
[2026-03-25T21:45:17.542+0900][10.484s][info][gc,phases   ] GC(188)   Other: 0.2ms
[2026-03-25T21:45:17.542+0900][10.484s][info][gc,heap     ] GC(188) Eden regions: 1->0(113)
[2026-03-25T21:45:17.542+0900][10.484s][info][gc,heap     ] GC(188) Survivor regions: 1->1(15)
[2026-03-25T21:45:17.542+0900][10.484s][info][gc,heap     ] GC(188) Old regions: 1->1
[2026-03-25T21:45:17.542+0900][10.484s][info][gc,heap     ] GC(188) Archive regions: 2->2
[2026-03-25T21:45:17.542+0900][10.484s][info][gc,heap     ] GC(188) Humongous regions: 225->225
[2026-03-25T21:45:17.542+0900][10.484s][info][gc,metaspace] GC(188) Metaspace: 173K(384K)->173K(384K) NonClass: 166K(256K)->166K(256K) Class: 7K(128K)->7K(128K)
[2026-03-25T21:45:17.542+0900][10.484s][info][gc          ] GC(188) Pause Young (Concurrent Start) (G1 Humongous Allocation) 226M->226M(382M) 0.998ms
[2026-03-25T21:45:17.542+0900][10.484s][info][gc,cpu      ] GC(188) User=0.00s Sys=0.00s Real=0.00s
[2026-03-25T21:45:17.542+0900][10.484s][info][gc          ] GC(189) Concurrent Mark Cycle
[2026-03-25T21:45:17.542+0900][10.484s][info][gc,marking  ] GC(189) Concurrent Clear Claimed Marks
[2026-03-25T21:45:17.542+0900][10.484s][info][gc,marking  ] GC(189) Concurrent Clear Claimed Marks 0.016ms
[2026-03-25T21:45:17.542+0900][10.484s][info][gc,marking  ] GC(189) Concurrent Scan Root Regions
[2026-03-25T21:45:17.542+0900][10.484s][info][gc,marking  ] GC(189) Concurrent Scan Root Regions 0.051ms
[2026-03-25T21:45:17.542+0900][10.484s][info][gc,marking  ] GC(189) Concurrent Mark
[2026-03-25T21:45:17.542+0900][10.484s][info][gc,marking  ] GC(189) Concurrent Mark From Roots
[2026-03-25T21:45:17.542+0900][10.484s][info][gc,task     ] GC(189) Using 2 workers of 2 for marking
[2026-03-25T21:45:17.544+0900][10.486s][info][gc,marking  ] GC(189) Concurrent Mark From Roots 1.822ms
[2026-03-25T21:45:17.544+0900][10.486s][info][gc,marking  ] GC(189) Concurrent Preclean
[2026-03-25T21:45:17.544+0900][10.486s][info][gc,marking  ] GC(189) Concurrent Preclean 0.034ms
[2026-03-25T21:45:17.544+0900][10.486s][info][gc,start    ] GC(189) Pause Remark
[2026-03-25T21:45:17.545+0900][10.487s][info][gc          ] GC(189) Pause Remark 229M->229M(389M) 0.409ms
[2026-03-25T21:45:17.545+0900][10.487s][info][gc,cpu      ] GC(189) User=0.00s Sys=0.00s Real=0.00s
[2026-03-25T21:45:17.545+0900][10.487s][info][gc,marking  ] GC(189) Concurrent Mark 2.388ms
[2026-03-25T21:45:17.545+0900][10.487s][info][gc,marking  ] GC(189) Concurrent Rebuild Remembered Sets
[2026-03-25T21:45:17.545+0900][10.487s][info][gc,marking  ] GC(189) Concurrent Rebuild Remembered Sets 0.524ms
[2026-03-25T21:45:17.545+0900][10.487s][info][gc,start    ] GC(189) Pause Cleanup
[2026-03-25T21:45:17.545+0900][10.487s][info][gc          ] GC(189) Pause Cleanup 229M->229M(389M) 0.076ms
[2026-03-25T21:45:17.545+0900][10.487s][info][gc,cpu      ] GC(189) User=0.00s Sys=0.00s Real=0.00s
[2026-03-25T21:45:17.545+0900][10.487s][info][gc,marking  ] GC(189) Concurrent Cleanup for Next Mark
[2026-03-25T21:45:17.546+0900][10.488s][info][gc,marking  ] GC(189) Concurrent Cleanup for Next Mark 0.401ms
[2026-03-25T21:45:17.546+0900][10.488s][info][gc          ] GC(189) Concurrent Mark Cycle 3.738ms
[2026-03-25T21:45:17.597+0900][10.539s][info][gc,start    ] GC(190) Pause Young (Concurrent Start) (G1 Humongous Allocation)
[2026-03-25T21:45:17.597+0900][10.539s][info][gc,task     ] GC(190) Using 8 workers of 8 for evacuation
[2026-03-25T21:45:17.598+0900][10.540s][info][gc,phases   ] GC(190)   Pre Evacuate Collection Set: 0.2ms
[2026-03-25T21:45:17.598+0900][10.540s][info][gc,phases   ] GC(190)   Merge Heap Roots: 0.1ms
[2026-03-25T21:45:17.598+0900][10.540s][info][gc,phases   ] GC(190)   Evacuate Collection Set: 0.3ms
[2026-03-25T21:45:17.598+0900][10.540s][info][gc,phases   ] GC(190)   Post Evacuate Collection Set: 0.2ms
[2026-03-25T21:45:17.598+0900][10.540s][info][gc,phases   ] GC(190)   Other: 0.3ms
[2026-03-25T21:45:17.598+0900][10.540s][info][gc,heap     ] GC(190) Eden regions: 1->0(117)
[2026-03-25T21:45:17.598+0900][10.540s][info][gc,heap     ] GC(190) Survivor regions: 1->1(15)
[2026-03-25T21:45:17.598+0900][10.540s][info][gc,heap     ] GC(190) Old regions: 1->1
[2026-03-25T21:45:17.598+0900][10.540s][info][gc,heap     ] GC(190) Archive regions: 2->2
[2026-03-25T21:45:17.598+0900][10.540s][info][gc,heap     ] GC(190) Humongous regions: 228->228
[2026-03-25T21:45:17.598+0900][10.540s][info][gc,metaspace] GC(190) Metaspace: 173K(384K)->173K(384K) NonClass: 166K(256K)->166K(256K) Class: 7K(128K)->7K(128K)
[2026-03-25T21:45:17.598+0900][10.540s][info][gc          ] GC(190) Pause Young (Concurrent Start) (G1 Humongous Allocation) 229M->229M(389M) 1.431ms
[2026-03-25T21:45:17.598+0900][10.540s][info][gc,cpu      ] GC(190) User=0.00s Sys=0.00s Real=0.00s
[2026-03-25T21:45:17.598+0900][10.540s][info][gc          ] GC(191) Concurrent Mark Cycle
[2026-03-25T21:45:17.598+0900][10.540s][info][gc,marking  ] GC(191) Concurrent Clear Claimed Marks
[2026-03-25T21:45:17.598+0900][10.540s][info][gc,marking  ] GC(191) Concurrent Clear Claimed Marks 0.032ms
[2026-03-25T21:45:17.598+0900][10.540s][info][gc,marking  ] GC(191) Concurrent Scan Root Regions
[2026-03-25T21:45:17.598+0900][10.540s][info][gc,marking  ] GC(191) Concurrent Scan Root Regions 0.079ms
[2026-03-25T21:45:17.598+0900][10.540s][info][gc,marking  ] GC(191) Concurrent Mark
[2026-03-25T21:45:17.598+0900][10.540s][info][gc,marking  ] GC(191) Concurrent Mark From Roots
[2026-03-25T21:45:17.598+0900][10.540s][info][gc,task     ] GC(191) Using 2 workers of 2 for marking
[2026-03-25T21:45:17.601+0900][10.543s][info][gc,marking  ] GC(191) Concurrent Mark From Roots 2.431ms
[2026-03-25T21:45:17.601+0900][10.543s][info][gc,marking  ] GC(191) Concurrent Preclean
[2026-03-25T21:45:17.601+0900][10.543s][info][gc,marking  ] GC(191) Concurrent Preclean 0.059ms
[2026-03-25T21:45:17.601+0900][10.543s][info][gc,start    ] GC(191) Pause Remark
[2026-03-25T21:45:17.601+0900][10.544s][info][gc          ] GC(191) Pause Remark 230M->230M(389M) 0.427ms
[2026-03-25T21:45:17.602+0900][10.544s][info][gc,cpu      ] GC(191) User=0.00s Sys=0.00s Real=0.00s
[2026-03-25T21:45:17.602+0900][10.544s][info][gc,marking  ] GC(191) Concurrent Mark 3.271ms
[2026-03-25T21:45:17.602+0900][10.544s][info][gc,marking  ] GC(191) Concurrent Rebuild Remembered Sets
[2026-03-25T21:45:17.602+0900][10.544s][info][gc,marking  ] GC(191) Concurrent Rebuild Remembered Sets 0.539ms
[2026-03-25T21:45:17.602+0900][10.544s][info][gc,start    ] GC(191) Pause Cleanup
[2026-03-25T21:45:17.602+0900][10.544s][info][gc          ] GC(191) Pause Cleanup 230M->230M(389M) 0.070ms
[2026-03-25T21:45:17.602+0900][10.544s][info][gc,cpu      ] GC(191) User=0.00s Sys=0.00s Real=0.00s
[2026-03-25T21:45:17.602+0900][10.544s][info][gc,marking  ] GC(191) Concurrent Cleanup for Next Mark
[2026-03-25T21:45:17.603+0900][10.545s][info][gc,marking  ] GC(191) Concurrent Cleanup for Next Mark 0.302ms
[2026-03-25T21:45:17.603+0900][10.545s][info][gc          ] GC(191) Concurrent Mark Cycle 4.613ms
[2026-03-25T21:45:17.649+0900][10.591s][info][gc,start    ] GC(192) Pause Young (Concurrent Start) (G1 Humongous Allocation)
[2026-03-25T21:45:17.649+0900][10.591s][info][gc,task     ] GC(192) Using 8 workers of 8 for evacuation
[2026-03-25T21:45:17.650+0900][10.592s][info][gc,phases   ] GC(192)   Pre Evacuate Collection Set: 0.1ms
[2026-03-25T21:45:17.650+0900][10.592s][info][gc,phases   ] GC(192)   Merge Heap Roots: 0.1ms
[2026-03-25T21:45:17.650+0900][10.592s][info][gc,phases   ] GC(192)   Evacuate Collection Set: 0.2ms
[2026-03-25T21:45:17.650+0900][10.592s][info][gc,phases   ] GC(192)   Post Evacuate Collection Set: 0.1ms
[2026-03-25T21:45:17.650+0900][10.592s][info][gc,phases   ] GC(192)   Other: 0.2ms
[2026-03-25T21:45:17.650+0900][10.592s][info][gc,heap     ] GC(192) Eden regions: 1->0(116)
[2026-03-25T21:45:17.650+0900][10.592s][info][gc,heap     ] GC(192) Survivor regions: 1->1(15)
[2026-03-25T21:45:17.650+0900][10.592s][info][gc,heap     ] GC(192) Old regions: 1->1
[2026-03-25T21:45:17.650+0900][10.592s][info][gc,heap     ] GC(192) Archive regions: 2->2
[2026-03-25T21:45:17.650+0900][10.592s][info][gc,heap     ] GC(192) Humongous regions: 229->229
[2026-03-25T21:45:17.650+0900][10.592s][info][gc,metaspace] GC(192) Metaspace: 173K(384K)->173K(384K) NonClass: 166K(256K)->166K(256K) Class: 7K(128K)->7K(128K)
[2026-03-25T21:45:17.650+0900][10.592s][info][gc          ] GC(192) Pause Young (Concurrent Start) (G1 Humongous Allocation) 230M->230M(389M) 0.888ms
[2026-03-25T21:45:17.650+0900][10.592s][info][gc,cpu      ] GC(192) User=0.00s Sys=0.00s Real=0.01s
[2026-03-25T21:45:17.650+0900][10.592s][info][gc          ] GC(193) Concurrent Mark Cycle
[2026-03-25T21:45:17.650+0900][10.592s][info][gc,marking  ] GC(193) Concurrent Clear Claimed Marks
[2026-03-25T21:45:17.650+0900][10.592s][info][gc,marking  ] GC(193) Concurrent Clear Claimed Marks 0.013ms
[2026-03-25T21:45:17.650+0900][10.592s][info][gc,marking  ] GC(193) Concurrent Scan Root Regions
[2026-03-25T21:45:17.650+0900][10.592s][info][gc,marking  ] GC(193) Concurrent Scan Root Regions 0.038ms
[2026-03-25T21:45:17.650+0900][10.592s][info][gc,marking  ] GC(193) Concurrent Mark
[2026-03-25T21:45:17.650+0900][10.592s][info][gc,marking  ] GC(193) Concurrent Mark From Roots
[2026-03-25T21:45:17.650+0900][10.592s][info][gc,task     ] GC(193) Using 2 workers of 2 for marking
[2026-03-25T21:45:17.652+0900][10.594s][info][gc,marking  ] GC(193) Concurrent Mark From Roots 2.256ms
[2026-03-25T21:45:17.652+0900][10.594s][info][gc,marking  ] GC(193) Concurrent Preclean
[2026-03-25T21:45:17.652+0900][10.594s][info][gc,marking  ] GC(193) Concurrent Preclean 0.053ms
[2026-03-25T21:45:17.652+0900][10.594s][info][gc,start    ] GC(193) Pause Remark
[2026-03-25T21:45:17.653+0900][10.595s][info][gc          ] GC(193) Pause Remark 231M->231M(390M) 0.420ms
[2026-03-25T21:45:17.653+0900][10.595s][info][gc,cpu      ] GC(193) User=0.00s Sys=0.00s Real=0.00s
[2026-03-25T21:45:17.653+0900][10.595s][info][gc,marking  ] GC(193) Concurrent Mark 2.887ms
[2026-03-25T21:45:17.653+0900][10.595s][info][gc,marking  ] GC(193) Concurrent Rebuild Remembered Sets
[2026-03-25T21:45:17.653+0900][10.596s][info][gc,marking  ] GC(193) Concurrent Rebuild Remembered Sets 0.630ms
[2026-03-25T21:45:17.653+0900][10.596s][info][gc,start    ] GC(193) Pause Cleanup
[2026-03-25T21:45:17.654+0900][10.596s][info][gc          ] GC(193) Pause Cleanup 231M->231M(390M) 0.080ms
[2026-03-25T21:45:17.654+0900][10.596s][info][gc,cpu      ] GC(193) User=0.00s Sys=0.00s Real=0.00s
[2026-03-25T21:45:17.654+0900][10.596s][info][gc,marking  ] GC(193) Concurrent Cleanup for Next Mark
[2026-03-25T21:45:17.654+0900][10.596s][info][gc,marking  ] GC(193) Concurrent Cleanup for Next Mark 0.325ms
[2026-03-25T21:45:17.654+0900][10.596s][info][gc          ] GC(193) Concurrent Mark Cycle 4.216ms
[2026-03-25T21:45:17.705+0900][10.647s][info][gc,start    ] GC(194) Pause Young (Concurrent Start) (G1 Humongous Allocation)
[2026-03-25T21:45:17.705+0900][10.647s][info][gc,task     ] GC(194) Using 8 workers of 8 for evacuation
[2026-03-25T21:45:17.706+0900][10.648s][info][gc,phases   ] GC(194)   Pre Evacuate Collection Set: 0.1ms
[2026-03-25T21:45:17.706+0900][10.648s][info][gc,phases   ] GC(194)   Merge Heap Roots: 0.1ms
[2026-03-25T21:45:17.706+0900][10.648s][info][gc,phases   ] GC(194)   Evacuate Collection Set: 0.2ms
[2026-03-25T21:45:17.706+0900][10.648s][info][gc,phases   ] GC(194)   Post Evacuate Collection Set: 0.1ms
[2026-03-25T21:45:17.706+0900][10.648s][info][gc,phases   ] GC(194)   Other: 0.2ms
[2026-03-25T21:45:17.706+0900][10.648s][info][gc,heap     ] GC(194) Eden regions: 1->0(116)
[2026-03-25T21:45:17.706+0900][10.648s][info][gc,heap     ] GC(194) Survivor regions: 1->1(15)
[2026-03-25T21:45:17.706+0900][10.648s][info][gc,heap     ] GC(194) Old regions: 1->1
[2026-03-25T21:45:17.706+0900][10.648s][info][gc,heap     ] GC(194) Archive regions: 2->2
[2026-03-25T21:45:17.706+0900][10.648s][info][gc,heap     ] GC(194) Humongous regions: 230->230
[2026-03-25T21:45:17.706+0900][10.648s][info][gc,metaspace] GC(194) Metaspace: 173K(384K)->173K(384K) NonClass: 166K(256K)->166K(256K) Class: 7K(128K)->7K(128K)
[2026-03-25T21:45:17.706+0900][10.648s][info][gc          ] GC(194) Pause Young (Concurrent Start) (G1 Humongous Allocation) 231M->231M(390M) 0.815ms
[2026-03-25T21:45:17.706+0900][10.648s][info][gc,cpu      ] GC(194) User=0.01s Sys=0.00s Real=0.00s
[2026-03-25T21:45:17.706+0900][10.648s][info][gc          ] GC(195) Concurrent Mark Cycle
[2026-03-25T21:45:17.706+0900][10.648s][info][gc,marking  ] GC(195) Concurrent Clear Claimed Marks
[2026-03-25T21:45:17.706+0900][10.648s][info][gc,marking  ] GC(195) Concurrent Clear Claimed Marks 0.012ms
[2026-03-25T21:45:17.706+0900][10.648s][info][gc,marking  ] GC(195) Concurrent Scan Root Regions
[2026-03-25T21:45:17.706+0900][10.648s][info][gc,marking  ] GC(195) Concurrent Scan Root Regions 0.038ms
[2026-03-25T21:45:17.706+0900][10.648s][info][gc,marking  ] GC(195) Concurrent Mark
[2026-03-25T21:45:17.706+0900][10.648s][info][gc,marking  ] GC(195) Concurrent Mark From Roots
[2026-03-25T21:45:17.706+0900][10.648s][info][gc,task     ] GC(195) Using 2 workers of 2 for marking
[2026-03-25T21:45:17.708+0900][10.650s][info][gc,marking  ] GC(195) Concurrent Mark From Roots 1.786ms
[2026-03-25T21:45:17.708+0900][10.650s][info][gc,marking  ] GC(195) Concurrent Preclean
[2026-03-25T21:45:17.708+0900][10.650s][info][gc,marking  ] GC(195) Concurrent Preclean 0.036ms
[2026-03-25T21:45:17.708+0900][10.650s][info][gc,start    ] GC(195) Pause Remark
[2026-03-25T21:45:17.708+0900][10.650s][info][gc          ] GC(195) Pause Remark 232M->232M(392M) 0.363ms
[2026-03-25T21:45:17.708+0900][10.650s][info][gc,cpu      ] GC(195) User=0.00s Sys=0.00s Real=0.00s
[2026-03-25T21:45:17.708+0900][10.650s][info][gc,marking  ] GC(195) Concurrent Mark 2.317ms
[2026-03-25T21:45:17.708+0900][10.650s][info][gc,marking  ] GC(195) Concurrent Rebuild Remembered Sets
[2026-03-25T21:45:17.709+0900][10.651s][info][gc,marking  ] GC(195) Concurrent Rebuild Remembered Sets 0.601ms
[2026-03-25T21:45:17.709+0900][10.651s][info][gc,start    ] GC(195) Pause Cleanup
[2026-03-25T21:45:17.709+0900][10.651s][info][gc          ] GC(195) Pause Cleanup 232M->232M(392M) 0.072ms
[2026-03-25T21:45:17.709+0900][10.651s][info][gc,cpu      ] GC(195) User=0.00s Sys=0.00s Real=0.00s
[2026-03-25T21:45:17.709+0900][10.651s][info][gc,marking  ] GC(195) Concurrent Cleanup for Next Mark
[2026-03-25T21:45:17.709+0900][10.652s][info][gc,marking  ] GC(195) Concurrent Cleanup for Next Mark 0.344ms
[2026-03-25T21:45:17.710+0900][10.652s][info][gc          ] GC(195) Concurrent Mark Cycle 3.743ms
[2026-03-25T21:45:17.757+0900][10.699s][info][gc,start    ] GC(196) Pause Young (Concurrent Start) (G1 Humongous Allocation)
[2026-03-25T21:45:17.757+0900][10.699s][info][gc,task     ] GC(196) Using 8 workers of 8 for evacuation
[2026-03-25T21:45:17.757+0900][10.699s][info][gc,phases   ] GC(196)   Pre Evacuate Collection Set: 0.1ms
[2026-03-25T21:45:17.757+0900][10.699s][info][gc,phases   ] GC(196)   Merge Heap Roots: 0.1ms
[2026-03-25T21:45:17.757+0900][10.699s][info][gc,phases   ] GC(196)   Evacuate Collection Set: 0.2ms
[2026-03-25T21:45:17.757+0900][10.699s][info][gc,phases   ] GC(196)   Post Evacuate Collection Set: 0.1ms
[2026-03-25T21:45:17.757+0900][10.699s][info][gc,phases   ] GC(196)   Other: 0.2ms
[2026-03-25T21:45:17.757+0900][10.699s][info][gc,heap     ] GC(196) Eden regions: 1->0(116)
[2026-03-25T21:45:17.757+0900][10.699s][info][gc,heap     ] GC(196) Survivor regions: 1->1(15)
[2026-03-25T21:45:17.757+0900][10.699s][info][gc,heap     ] GC(196) Old regions: 1->1
[2026-03-25T21:45:17.757+0900][10.699s][info][gc,heap     ] GC(196) Archive regions: 2->2
[2026-03-25T21:45:17.757+0900][10.699s][info][gc,heap     ] GC(196) Humongous regions: 231->231
[2026-03-25T21:45:17.757+0900][10.700s][info][gc,metaspace] GC(196) Metaspace: 173K(384K)->173K(384K) NonClass: 166K(256K)->166K(256K) Class: 7K(128K)->7K(128K)
[2026-03-25T21:45:17.757+0900][10.700s][info][gc          ] GC(196) Pause Young (Concurrent Start) (G1 Humongous Allocation) 232M->232M(392M) 0.860ms
[2026-03-25T21:45:17.757+0900][10.700s][info][gc,cpu      ] GC(196) User=0.00s Sys=0.01s Real=0.00s
[2026-03-25T21:45:17.757+0900][10.700s][info][gc          ] GC(197) Concurrent Mark Cycle
[2026-03-25T21:45:17.757+0900][10.700s][info][gc,marking  ] GC(197) Concurrent Clear Claimed Marks
[2026-03-25T21:45:17.757+0900][10.700s][info][gc,marking  ] GC(197) Concurrent Clear Claimed Marks 0.019ms
[2026-03-25T21:45:17.757+0900][10.700s][info][gc,marking  ] GC(197) Concurrent Scan Root Regions
[2026-03-25T21:45:17.758+0900][10.700s][info][gc,marking  ] GC(197) Concurrent Scan Root Regions 0.301ms
[2026-03-25T21:45:17.758+0900][10.700s][info][gc,marking  ] GC(197) Concurrent Mark
[2026-03-25T21:45:17.758+0900][10.700s][info][gc,marking  ] GC(197) Concurrent Mark From Roots
[2026-03-25T21:45:17.758+0900][10.700s][info][gc,task     ] GC(197) Using 2 workers of 2 for marking
[2026-03-25T21:45:17.761+0900][10.703s][info][gc,marking  ] GC(197) Concurrent Mark From Roots 3.412ms
[2026-03-25T21:45:17.761+0900][10.704s][info][gc,marking  ] GC(197) Concurrent Preclean
[2026-03-25T21:45:17.761+0900][10.704s][info][gc,marking  ] GC(197) Concurrent Preclean 0.037ms
[2026-03-25T21:45:17.762+0900][10.704s][info][gc,start    ] GC(197) Pause Remark
[2026-03-25T21:45:17.762+0900][10.704s][info][gc          ] GC(197) Pause Remark 233M->233M(394M) 0.430ms
[2026-03-25T21:45:17.762+0900][10.704s][info][gc,cpu      ] GC(197) User=0.00s Sys=0.00s Real=0.00s
[2026-03-25T21:45:17.762+0900][10.704s][info][gc,marking  ] GC(197) Concurrent Mark 4.107ms
[2026-03-25T21:45:17.762+0900][10.704s][info][gc,marking  ] GC(197) Concurrent Rebuild Remembered Sets
[2026-03-25T21:45:17.763+0900][10.705s][info][gc,marking  ] GC(197) Concurrent Rebuild Remembered Sets 0.531ms
[2026-03-25T21:45:17.763+0900][10.705s][info][gc,start    ] GC(197) Pause Cleanup
[2026-03-25T21:45:17.763+0900][10.705s][info][gc          ] GC(197) Pause Cleanup 233M->233M(394M) 0.086ms
[2026-03-25T21:45:17.763+0900][10.705s][info][gc,cpu      ] GC(197) User=0.00s Sys=0.00s Real=0.00s
[2026-03-25T21:45:17.763+0900][10.705s][info][gc,marking  ] GC(197) Concurrent Cleanup for Next Mark
[2026-03-25T21:45:17.763+0900][10.705s][info][gc,marking  ] GC(197) Concurrent Cleanup for Next Mark 0.527ms
[2026-03-25T21:45:17.764+0900][10.706s][info][gc          ] GC(197) Concurrent Mark Cycle 6.507ms
[2026-03-25T21:45:17.809+0900][10.751s][info][gc,start    ] GC(198) Pause Young (Concurrent Start) (G1 Humongous Allocation)
[2026-03-25T21:45:17.809+0900][10.751s][info][gc,task     ] GC(198) Using 8 workers of 8 for evacuation
[2026-03-25T21:45:17.810+0900][10.752s][info][gc,phases   ] GC(198)   Pre Evacuate Collection Set: 0.1ms
[2026-03-25T21:45:17.810+0900][10.752s][info][gc,phases   ] GC(198)   Merge Heap Roots: 0.1ms
[2026-03-25T21:45:17.810+0900][10.752s][info][gc,phases   ] GC(198)   Evacuate Collection Set: 0.2ms
[2026-03-25T21:45:17.810+0900][10.752s][info][gc,phases   ] GC(198)   Post Evacuate Collection Set: 0.1ms
[2026-03-25T21:45:17.810+0900][10.752s][info][gc,phases   ] GC(198)   Other: 0.2ms
[2026-03-25T21:45:17.810+0900][10.752s][info][gc,heap     ] GC(198) Eden regions: 1->0(117)
[2026-03-25T21:45:17.810+0900][10.752s][info][gc,heap     ] GC(198) Survivor regions: 1->1(15)
[2026-03-25T21:45:17.810+0900][10.752s][info][gc,heap     ] GC(198) Old regions: 1->1
[2026-03-25T21:45:17.810+0900][10.752s][info][gc,heap     ] GC(198) Archive regions: 2->2
[2026-03-25T21:45:17.810+0900][10.752s][info][gc,heap     ] GC(198) Humongous regions: 232->232
[2026-03-25T21:45:17.810+0900][10.752s][info][gc,metaspace] GC(198) Metaspace: 173K(384K)->173K(384K) NonClass: 166K(256K)->166K(256K) Class: 7K(128K)->7K(128K)
[2026-03-25T21:45:17.810+0900][10.752s][info][gc          ] GC(198) Pause Young (Concurrent Start) (G1 Humongous Allocation) 233M->233M(394M) 0.829ms
[2026-03-25T21:45:17.810+0900][10.752s][info][gc,cpu      ] GC(198) User=0.00s Sys=0.00s Real=0.01s
[2026-03-25T21:45:17.810+0900][10.752s][info][gc          ] GC(199) Concurrent Mark Cycle
[2026-03-25T21:45:17.810+0900][10.752s][info][gc,marking  ] GC(199) Concurrent Clear Claimed Marks
[2026-03-25T21:45:17.810+0900][10.752s][info][gc,marking  ] GC(199) Concurrent Clear Claimed Marks 0.012ms
[2026-03-25T21:45:17.810+0900][10.752s][info][gc,marking  ] GC(199) Concurrent Scan Root Regions
[2026-03-25T21:45:17.810+0900][10.752s][info][gc,marking  ] GC(199) Concurrent Scan Root Regions 0.038ms
[2026-03-25T21:45:17.810+0900][10.752s][info][gc,marking  ] GC(199) Concurrent Mark
[2026-03-25T21:45:17.810+0900][10.752s][info][gc,marking  ] GC(199) Concurrent Mark From Roots
[2026-03-25T21:45:17.810+0900][10.752s][info][gc,task     ] GC(199) Using 2 workers of 2 for marking
[2026-03-25T21:45:17.813+0900][10.755s][info][gc,marking  ] GC(199) Concurrent Mark From Roots 3.321ms
[2026-03-25T21:45:17.813+0900][10.755s][info][gc,marking  ] GC(199) Concurrent Preclean
[2026-03-25T21:45:17.813+0900][10.756s][info][gc,marking  ] GC(199) Concurrent Preclean 0.055ms
[2026-03-25T21:45:17.813+0900][10.756s][info][gc,start    ] GC(199) Pause Remark
[2026-03-25T21:45:17.814+0900][10.756s][info][gc          ] GC(199) Pause Remark 234M->234M(395M) 0.644ms
[2026-03-25T21:45:17.814+0900][10.756s][info][gc,cpu      ] GC(199) User=0.00s Sys=0.00s Real=0.00s
[2026-03-25T21:45:17.814+0900][10.756s][info][gc,marking  ] GC(199) Concurrent Mark 4.279ms
[2026-03-25T21:45:17.814+0900][10.756s][info][gc,marking  ] GC(199) Concurrent Rebuild Remembered Sets
[2026-03-25T21:45:17.815+0900][10.757s][info][gc,marking  ] GC(199) Concurrent Rebuild Remembered Sets 0.548ms
[2026-03-25T21:45:17.815+0900][10.757s][info][gc,start    ] GC(199) Pause Cleanup
[2026-03-25T21:45:17.815+0900][10.757s][info][gc          ] GC(199) Pause Cleanup 234M->234M(395M) 0.070ms
[2026-03-25T21:45:17.815+0900][10.757s][info][gc,cpu      ] GC(199) User=0.00s Sys=0.00s Real=0.00s
[2026-03-25T21:45:17.815+0900][10.757s][info][gc,marking  ] GC(199) Concurrent Cleanup for Next Mark
[2026-03-25T21:45:17.815+0900][10.757s][info][gc,marking  ] GC(199) Concurrent Cleanup for Next Mark 0.321ms
[2026-03-25T21:45:17.815+0900][10.757s][info][gc          ] GC(199) Concurrent Mark Cycle 5.539ms
[2026-03-25T21:45:17.861+0900][10.803s][info][gc,start    ] GC(200) Pause Young (Concurrent Start) (G1 Humongous Allocation)
[2026-03-25T21:45:17.861+0900][10.803s][info][gc,task     ] GC(200) Using 8 workers of 8 for evacuation
[2026-03-25T21:45:17.862+0900][10.804s][info][gc,phases   ] GC(200)   Pre Evacuate Collection Set: 0.1ms
[2026-03-25T21:45:17.862+0900][10.804s][info][gc,phases   ] GC(200)   Merge Heap Roots: 0.1ms
[2026-03-25T21:45:17.862+0900][10.804s][info][gc,phases   ] GC(200)   Evacuate Collection Set: 0.2ms
[2026-03-25T21:45:17.862+0900][10.804s][info][gc,phases   ] GC(200)   Post Evacuate Collection Set: 0.1ms
[2026-03-25T21:45:17.862+0900][10.804s][info][gc,phases   ] GC(200)   Other: 0.2ms
[2026-03-25T21:45:17.862+0900][10.804s][info][gc,heap     ] GC(200) Eden regions: 1->0(117)
[2026-03-25T21:45:17.862+0900][10.804s][info][gc,heap     ] GC(200) Survivor regions: 1->1(15)
[2026-03-25T21:45:17.862+0900][10.804s][info][gc,heap     ] GC(200) Old regions: 1->1
[2026-03-25T21:45:17.862+0900][10.804s][info][gc,heap     ] GC(200) Archive regions: 2->2
[2026-03-25T21:45:17.862+0900][10.804s][info][gc,heap     ] GC(200) Humongous regions: 233->233
[2026-03-25T21:45:17.862+0900][10.804s][info][gc,metaspace] GC(200) Metaspace: 173K(384K)->173K(384K) NonClass: 166K(256K)->166K(256K) Class: 7K(128K)->7K(128K)
[2026-03-25T21:45:17.862+0900][10.804s][info][gc          ] GC(200) Pause Young (Concurrent Start) (G1 Humongous Allocation) 234M->234M(395M) 0.841ms
[2026-03-25T21:45:17.862+0900][10.804s][info][gc,cpu      ] GC(200) User=0.00s Sys=0.00s Real=0.00s
[2026-03-25T21:45:17.862+0900][10.804s][info][gc          ] GC(201) Concurrent Mark Cycle
[2026-03-25T21:45:17.862+0900][10.804s][info][gc,marking  ] GC(201) Concurrent Clear Claimed Marks
[2026-03-25T21:45:17.862+0900][10.804s][info][gc,marking  ] GC(201) Concurrent Clear Claimed Marks 0.012ms
[2026-03-25T21:45:17.862+0900][10.804s][info][gc,marking  ] GC(201) Concurrent Scan Root Regions
[2026-03-25T21:45:17.862+0900][10.804s][info][gc,marking  ] GC(201) Concurrent Scan Root Regions 0.055ms
[2026-03-25T21:45:17.862+0900][10.804s][info][gc,marking  ] GC(201) Concurrent Mark
[2026-03-25T21:45:17.862+0900][10.804s][info][gc,marking  ] GC(201) Concurrent Mark From Roots
[2026-03-25T21:45:17.862+0900][10.804s][info][gc,task     ] GC(201) Using 2 workers of 2 for marking
[2026-03-25T21:45:17.866+0900][10.808s][info][gc,marking  ] GC(201) Concurrent Mark From Roots 3.394ms
[2026-03-25T21:45:17.866+0900][10.808s][info][gc,marking  ] GC(201) Concurrent Preclean
[2026-03-25T21:45:17.866+0900][10.808s][info][gc,marking  ] GC(201) Concurrent Preclean 0.053ms
[2026-03-25T21:45:17.866+0900][10.808s][info][gc,start    ] GC(201) Pause Remark
[2026-03-25T21:45:17.866+0900][10.808s][info][gc          ] GC(201) Pause Remark 235M->235M(397M) 0.400ms
[2026-03-25T21:45:17.866+0900][10.808s][info][gc,cpu      ] GC(201) User=0.00s Sys=0.00s Real=0.00s
[2026-03-25T21:45:17.866+0900][10.808s][info][gc,marking  ] GC(201) Concurrent Mark 4.045ms
[2026-03-25T21:45:17.866+0900][10.808s][info][gc,marking  ] GC(201) Concurrent Rebuild Remembered Sets
[2026-03-25T21:45:17.867+0900][10.809s][info][gc,marking  ] GC(201) Concurrent Rebuild Remembered Sets 0.682ms
[2026-03-25T21:45:17.867+0900][10.809s][info][gc,start    ] GC(201) Pause Cleanup
[2026-03-25T21:45:17.867+0900][10.809s][info][gc          ] GC(201) Pause Cleanup 235M->235M(397M) 0.094ms
[2026-03-25T21:45:17.867+0900][10.809s][info][gc,cpu      ] GC(201) User=0.00s Sys=0.00s Real=0.00s
[2026-03-25T21:45:17.867+0900][10.809s][info][gc,marking  ] GC(201) Concurrent Cleanup for Next Mark
[2026-03-25T21:45:17.868+0900][10.810s][info][gc,marking  ] GC(201) Concurrent Cleanup for Next Mark 0.495ms
[2026-03-25T21:45:17.868+0900][10.810s][info][gc          ] GC(201) Concurrent Mark Cycle 5.720ms
[2026-03-25T21:45:17.918+0900][10.860s][info][gc,start    ] GC(202) Pause Young (Concurrent Start) (G1 Humongous Allocation)
[2026-03-25T21:45:17.918+0900][10.860s][info][gc,task     ] GC(202) Using 8 workers of 8 for evacuation
[2026-03-25T21:45:17.918+0900][10.861s][info][gc,phases   ] GC(202)   Pre Evacuate Collection Set: 0.2ms
[2026-03-25T21:45:17.918+0900][10.861s][info][gc,phases   ] GC(202)   Merge Heap Roots: 0.1ms
[2026-03-25T21:45:17.918+0900][10.861s][info][gc,phases   ] GC(202)   Evacuate Collection Set: 0.2ms
[2026-03-25T21:45:17.919+0900][10.861s][info][gc,phases   ] GC(202)   Post Evacuate Collection Set: 0.1ms
[2026-03-25T21:45:17.919+0900][10.861s][info][gc,phases   ] GC(202)   Other: 0.3ms
[2026-03-25T21:45:17.919+0900][10.861s][info][gc,heap     ] GC(202) Eden regions: 1->0(118)
[2026-03-25T21:45:17.919+0900][10.861s][info][gc,heap     ] GC(202) Survivor regions: 1->1(15)
[2026-03-25T21:45:17.919+0900][10.861s][info][gc,heap     ] GC(202) Old regions: 1->1
[2026-03-25T21:45:17.919+0900][10.861s][info][gc,heap     ] GC(202) Archive regions: 2->2
[2026-03-25T21:45:17.919+0900][10.861s][info][gc,heap     ] GC(202) Humongous regions: 234->234
[2026-03-25T21:45:17.919+0900][10.861s][info][gc,metaspace] GC(202) Metaspace: 173K(384K)->173K(384K) NonClass: 166K(256K)->166K(256K) Class: 7K(128K)->7K(128K)
[2026-03-25T21:45:17.919+0900][10.861s][info][gc          ] GC(202) Pause Young (Concurrent Start) (G1 Humongous Allocation) 235M->235M(397M) 1.121ms
[2026-03-25T21:45:17.919+0900][10.861s][info][gc,cpu      ] GC(202) User=0.00s Sys=0.00s Real=0.00s
[2026-03-25T21:45:17.919+0900][10.861s][info][gc          ] GC(203) Concurrent Mark Cycle
[2026-03-25T21:45:17.919+0900][10.861s][info][gc,marking  ] GC(203) Concurrent Clear Claimed Marks
[2026-03-25T21:45:17.919+0900][10.861s][info][gc,marking  ] GC(203) Concurrent Clear Claimed Marks 0.012ms
[2026-03-25T21:45:17.919+0900][10.861s][info][gc,marking  ] GC(203) Concurrent Scan Root Regions
[2026-03-25T21:45:17.919+0900][10.861s][info][gc,marking  ] GC(203) Concurrent Scan Root Regions 0.037ms
[2026-03-25T21:45:17.919+0900][10.861s][info][gc,marking  ] GC(203) Concurrent Mark
[2026-03-25T21:45:17.919+0900][10.861s][info][gc,marking  ] GC(203) Concurrent Mark From Roots
[2026-03-25T21:45:17.919+0900][10.861s][info][gc,task     ] GC(203) Using 2 workers of 2 for marking
[2026-03-25T21:45:17.921+0900][10.863s][info][gc,marking  ] GC(203) Concurrent Mark From Roots 1.764ms
[2026-03-25T21:45:17.921+0900][10.863s][info][gc,marking  ] GC(203) Concurrent Preclean
[2026-03-25T21:45:17.921+0900][10.863s][info][gc,marking  ] GC(203) Concurrent Preclean 0.038ms
[2026-03-25T21:45:17.921+0900][10.863s][info][gc,start    ] GC(203) Pause Remark
[2026-03-25T21:45:17.921+0900][10.863s][info][gc          ] GC(203) Pause Remark 236M->236M(399M) 0.393ms
[2026-03-25T21:45:17.921+0900][10.863s][info][gc,cpu      ] GC(203) User=0.00s Sys=0.00s Real=0.00s
[2026-03-25T21:45:17.921+0900][10.863s][info][gc,marking  ] GC(203) Concurrent Mark 2.412ms
[2026-03-25T21:45:17.921+0900][10.863s][info][gc,marking  ] GC(203) Concurrent Rebuild Remembered Sets
[2026-03-25T21:45:17.922+0900][10.864s][info][gc,marking  ] GC(203) Concurrent Rebuild Remembered Sets 0.525ms
[2026-03-25T21:45:17.922+0900][10.864s][info][gc,start    ] GC(203) Pause Cleanup
[2026-03-25T21:45:17.922+0900][10.864s][info][gc          ] GC(203) Pause Cleanup 236M->236M(399M) 0.063ms
[2026-03-25T21:45:17.922+0900][10.864s][info][gc,cpu      ] GC(203) User=0.00s Sys=0.00s Real=0.00s
[2026-03-25T21:45:17.922+0900][10.864s][info][gc,marking  ] GC(203) Concurrent Cleanup for Next Mark
[2026-03-25T21:45:17.922+0900][10.864s][info][gc,marking  ] GC(203) Concurrent Cleanup for Next Mark 0.308ms
[2026-03-25T21:45:17.922+0900][10.864s][info][gc          ] GC(203) Concurrent Mark Cycle 3.595ms
[2026-03-25T21:45:17.974+0900][10.916s][info][gc,start    ] GC(204) Pause Young (Concurrent Start) (G1 Humongous Allocation)
[2026-03-25T21:45:17.974+0900][10.916s][info][gc,task     ] GC(204) Using 8 workers of 8 for evacuation
[2026-03-25T21:45:17.975+0900][10.917s][info][gc,phases   ] GC(204)   Pre Evacuate Collection Set: 0.1ms
[2026-03-25T21:45:17.975+0900][10.917s][info][gc,phases   ] GC(204)   Merge Heap Roots: 0.1ms
[2026-03-25T21:45:17.975+0900][10.917s][info][gc,phases   ] GC(204)   Evacuate Collection Set: 0.2ms
[2026-03-25T21:45:17.975+0900][10.917s][info][gc,phases   ] GC(204)   Post Evacuate Collection Set: 0.1ms
[2026-03-25T21:45:17.975+0900][10.917s][info][gc,phases   ] GC(204)   Other: 0.2ms
[2026-03-25T21:45:17.975+0900][10.917s][info][gc,heap     ] GC(204) Eden regions: 1->0(119)
[2026-03-25T21:45:17.975+0900][10.917s][info][gc,heap     ] GC(204) Survivor regions: 1->1(15)
[2026-03-25T21:45:17.975+0900][10.917s][info][gc,heap     ] GC(204) Old regions: 1->1
[2026-03-25T21:45:17.975+0900][10.917s][info][gc,heap     ] GC(204) Archive regions: 2->2
[2026-03-25T21:45:17.975+0900][10.917s][info][gc,heap     ] GC(204) Humongous regions: 235->235
[2026-03-25T21:45:17.975+0900][10.917s][info][gc,metaspace] GC(204) Metaspace: 173K(384K)->173K(384K) NonClass: 166K(256K)->166K(256K) Class: 7K(128K)->7K(128K)
[2026-03-25T21:45:17.975+0900][10.917s][info][gc          ] GC(204) Pause Young (Concurrent Start) (G1 Humongous Allocation) 236M->236M(399M) 0.863ms
[2026-03-25T21:45:17.975+0900][10.917s][info][gc,cpu      ] GC(204) User=0.00s Sys=0.00s Real=0.00s
[2026-03-25T21:45:17.975+0900][10.917s][info][gc          ] GC(205) Concurrent Mark Cycle
[2026-03-25T21:45:17.975+0900][10.917s][info][gc,marking  ] GC(205) Concurrent Clear Claimed Marks
[2026-03-25T21:45:17.975+0900][10.917s][info][gc,marking  ] GC(205) Concurrent Clear Claimed Marks 0.013ms
[2026-03-25T21:45:17.975+0900][10.917s][info][gc,marking  ] GC(205) Concurrent Scan Root Regions
[2026-03-25T21:45:17.975+0900][10.917s][info][gc,marking  ] GC(205) Concurrent Scan Root Regions 0.037ms
[2026-03-25T21:45:17.975+0900][10.917s][info][gc,marking  ] GC(205) Concurrent Mark
[2026-03-25T21:45:17.975+0900][10.917s][info][gc,marking  ] GC(205) Concurrent Mark From Roots
[2026-03-25T21:45:17.975+0900][10.917s][info][gc,task     ] GC(205) Using 2 workers of 2 for marking
[2026-03-25T21:45:17.977+0900][10.919s][info][gc,marking  ] GC(205) Concurrent Mark From Roots 1.788ms
[2026-03-25T21:45:17.977+0900][10.919s][info][gc,marking  ] GC(205) Concurrent Preclean
[2026-03-25T21:45:17.977+0900][10.919s][info][gc,marking  ] GC(205) Concurrent Preclean 0.034ms
[2026-03-25T21:45:17.977+0900][10.919s][info][gc,start    ] GC(205) Pause Remark
[2026-03-25T21:45:17.977+0900][10.919s][info][gc          ] GC(205) Pause Remark 237M->237M(400M) 0.360ms
[2026-03-25T21:45:17.977+0900][10.920s][info][gc,cpu      ] GC(205) User=0.00s Sys=0.00s Real=0.00s
[2026-03-25T21:45:17.977+0900][10.920s][info][gc,marking  ] GC(205) Concurrent Mark 2.364ms
[2026-03-25T21:45:17.977+0900][10.920s][info][gc,marking  ] GC(205) Concurrent Rebuild Remembered Sets
[2026-03-25T21:45:17.978+0900][10.920s][info][gc,marking  ] GC(205) Concurrent Rebuild Remembered Sets 0.551ms
[2026-03-25T21:45:17.978+0900][10.920s][info][gc,start    ] GC(205) Pause Cleanup
[2026-03-25T21:45:17.978+0900][10.920s][info][gc          ] GC(205) Pause Cleanup 237M->237M(400M) 0.069ms
[2026-03-25T21:45:17.978+0900][10.920s][info][gc,cpu      ] GC(205) User=0.00s Sys=0.00s Real=0.00s
[2026-03-25T21:45:17.978+0900][10.920s][info][gc,marking  ] GC(205) Concurrent Cleanup for Next Mark
[2026-03-25T21:45:17.978+0900][10.921s][info][gc,marking  ] GC(205) Concurrent Cleanup for Next Mark 0.331ms
[2026-03-25T21:45:17.979+0900][10.921s][info][gc          ] GC(205) Concurrent Mark Cycle 3.653ms
[2026-03-25T21:45:18.026+0900][10.968s][info][gc,start    ] GC(206) Pause Young (Concurrent Start) (G1 Humongous Allocation)
[2026-03-25T21:45:18.026+0900][10.968s][info][gc,task     ] GC(206) Using 8 workers of 8 for evacuation
[2026-03-25T21:45:18.027+0900][10.969s][info][gc,phases   ] GC(206)   Pre Evacuate Collection Set: 0.2ms
[2026-03-25T21:45:18.027+0900][10.969s][info][gc,phases   ] GC(206)   Merge Heap Roots: 0.1ms
[2026-03-25T21:45:18.027+0900][10.969s][info][gc,phases   ] GC(206)   Evacuate Collection Set: 0.2ms
[2026-03-25T21:45:18.027+0900][10.969s][info][gc,phases   ] GC(206)   Post Evacuate Collection Set: 0.1ms
[2026-03-25T21:45:18.027+0900][10.969s][info][gc,phases   ] GC(206)   Other: 0.2ms
[2026-03-25T21:45:18.027+0900][10.969s][info][gc,heap     ] GC(206) Eden regions: 1->0(119)
[2026-03-25T21:45:18.027+0900][10.969s][info][gc,heap     ] GC(206) Survivor regions: 1->1(15)
[2026-03-25T21:45:18.027+0900][10.969s][info][gc,heap     ] GC(206) Old regions: 1->1
[2026-03-25T21:45:18.027+0900][10.969s][info][gc,heap     ] GC(206) Archive regions: 2->2
[2026-03-25T21:45:18.027+0900][10.969s][info][gc,heap     ] GC(206) Humongous regions: 236->236
[2026-03-25T21:45:18.027+0900][10.969s][info][gc,metaspace] GC(206) Metaspace: 173K(384K)->173K(384K) NonClass: 166K(256K)->166K(256K) Class: 7K(128K)->7K(128K)
[2026-03-25T21:45:18.027+0900][10.969s][info][gc          ] GC(206) Pause Young (Concurrent Start) (G1 Humongous Allocation) 237M->237M(400M) 0.943ms
[2026-03-25T21:45:18.027+0900][10.969s][info][gc,cpu      ] GC(206) User=0.00s Sys=0.00s Real=0.00s
[2026-03-25T21:45:18.027+0900][10.969s][info][gc          ] GC(207) Concurrent Mark Cycle
[2026-03-25T21:45:18.027+0900][10.969s][info][gc,marking  ] GC(207) Concurrent Clear Claimed Marks
[2026-03-25T21:45:18.027+0900][10.969s][info][gc,marking  ] GC(207) Concurrent Clear Claimed Marks 0.015ms
[2026-03-25T21:45:18.027+0900][10.969s][info][gc,marking  ] GC(207) Concurrent Scan Root Regions
[2026-03-25T21:45:18.027+0900][10.969s][info][gc,marking  ] GC(207) Concurrent Scan Root Regions 0.039ms
[2026-03-25T21:45:18.027+0900][10.969s][info][gc,marking  ] GC(207) Concurrent Mark
[2026-03-25T21:45:18.027+0900][10.969s][info][gc,marking  ] GC(207) Concurrent Mark From Roots
[2026-03-25T21:45:18.027+0900][10.969s][info][gc,task     ] GC(207) Using 2 workers of 2 for marking
[2026-03-25T21:45:18.029+0900][10.971s][info][gc,marking  ] GC(207) Concurrent Mark From Roots 1.760ms
[2026-03-25T21:45:18.029+0900][10.971s][info][gc,marking  ] GC(207) Concurrent Preclean
[2026-03-25T21:45:18.029+0900][10.971s][info][gc,marking  ] GC(207) Concurrent Preclean 0.040ms
[2026-03-25T21:45:18.029+0900][10.971s][info][gc,start    ] GC(207) Pause Remark
[2026-03-25T21:45:18.029+0900][10.972s][info][gc          ] GC(207) Pause Remark 238M->238M(402M) 0.484ms
[2026-03-25T21:45:18.030+0900][10.972s][info][gc,cpu      ] GC(207) User=0.00s Sys=0.00s Real=0.01s
[2026-03-25T21:45:18.030+0900][10.972s][info][gc,marking  ] GC(207) Concurrent Mark 2.499ms
[2026-03-25T21:45:18.030+0900][10.972s][info][gc,marking  ] GC(207) Concurrent Rebuild Remembered Sets
[2026-03-25T21:45:18.030+0900][10.973s][info][gc,marking  ] GC(207) Concurrent Rebuild Remembered Sets 0.911ms
[2026-03-25T21:45:18.031+0900][10.973s][info][gc,start    ] GC(207) Pause Cleanup
[2026-03-25T21:45:18.031+0900][10.973s][info][gc          ] GC(207) Pause Cleanup 238M->238M(402M) 0.085ms
[2026-03-25T21:45:18.031+0900][10.973s][info][gc,cpu      ] GC(207) User=0.01s Sys=0.00s Real=0.00s
[2026-03-25T21:45:18.031+0900][10.973s][info][gc,marking  ] GC(207) Concurrent Cleanup for Next Mark
[2026-03-25T21:45:18.031+0900][10.974s][info][gc,marking  ] GC(207) Concurrent Cleanup for Next Mark 0.711ms
[2026-03-25T21:45:18.031+0900][10.974s][info][gc          ] GC(207) Concurrent Mark Cycle 4.560ms
[2026-03-25T21:45:18.084+0900][11.026s][info][gc,start    ] GC(208) Pause Young (Concurrent Start) (G1 Humongous Allocation)
[2026-03-25T21:45:18.084+0900][11.026s][info][gc,task     ] GC(208) Using 8 workers of 8 for evacuation
[2026-03-25T21:45:18.089+0900][11.031s][info][gc,phases   ] GC(208)   Pre Evacuate Collection Set: 2.0ms
[2026-03-25T21:45:18.089+0900][11.032s][info][gc,phases   ] GC(208)   Merge Heap Roots: 1.5ms
[2026-03-25T21:45:18.089+0900][11.032s][info][gc,phases   ] GC(208)   Evacuate Collection Set: 0.9ms
[2026-03-25T21:45:18.089+0900][11.032s][info][gc,phases   ] GC(208)   Post Evacuate Collection Set: 0.7ms
[2026-03-25T21:45:18.089+0900][11.032s][info][gc,phases   ] GC(208)   Other: 0.4ms
[2026-03-25T21:45:18.090+0900][11.032s][info][gc,heap     ] GC(208) Eden regions: 1->0(119)
[2026-03-25T21:45:18.090+0900][11.032s][info][gc,heap     ] GC(208) Survivor regions: 1->1(15)
[2026-03-25T21:45:18.090+0900][11.032s][info][gc,heap     ] GC(208) Old regions: 1->1
[2026-03-25T21:45:18.090+0900][11.032s][info][gc,heap     ] GC(208) Archive regions: 2->2
[2026-03-25T21:45:18.090+0900][11.032s][info][gc,heap     ] GC(208) Humongous regions: 237->237
[2026-03-25T21:45:18.090+0900][11.032s][info][gc,metaspace] GC(208) Metaspace: 173K(384K)->173K(384K) NonClass: 166K(256K)->166K(256K) Class: 7K(128K)->7K(128K)
[2026-03-25T21:45:18.090+0900][11.032s][info][gc          ] GC(208) Pause Young (Concurrent Start) (G1 Humongous Allocation) 238M->238M(402M) 5.787ms
[2026-03-25T21:45:18.090+0900][11.032s][info][gc,cpu      ] GC(208) User=0.00s Sys=0.01s Real=0.01s
[2026-03-25T21:45:18.090+0900][11.032s][info][gc          ] GC(209) Concurrent Mark Cycle
[2026-03-25T21:45:18.090+0900][11.032s][info][gc,marking  ] GC(209) Concurrent Clear Claimed Marks
[2026-03-25T21:45:18.090+0900][11.032s][info][gc,marking  ] GC(209) Concurrent Clear Claimed Marks 0.016ms
[2026-03-25T21:45:18.090+0900][11.032s][info][gc,marking  ] GC(209) Concurrent Scan Root Regions
[2026-03-25T21:45:18.090+0900][11.032s][info][gc,marking  ] GC(209) Concurrent Scan Root Regions 0.037ms
[2026-03-25T21:45:18.090+0900][11.032s][info][gc,marking  ] GC(209) Concurrent Mark
[2026-03-25T21:45:18.090+0900][11.032s][info][gc,marking  ] GC(209) Concurrent Mark From Roots
[2026-03-25T21:45:18.090+0900][11.032s][info][gc,task     ] GC(209) Using 2 workers of 2 for marking
[2026-03-25T21:45:18.093+0900][11.035s][info][gc,marking  ] GC(209) Concurrent Mark From Roots 3.331ms
[2026-03-25T21:45:18.093+0900][11.035s][info][gc,marking  ] GC(209) Concurrent Preclean
[2026-03-25T21:45:18.093+0900][11.035s][info][gc,marking  ] GC(209) Concurrent Preclean 0.027ms
[2026-03-25T21:45:18.093+0900][11.035s][info][gc,start    ] GC(209) Pause Remark
[2026-03-25T21:45:18.094+0900][11.036s][info][gc          ] GC(209) Pause Remark 241M->241M(409M) 0.504ms
[2026-03-25T21:45:18.094+0900][11.036s][info][gc,cpu      ] GC(209) User=0.00s Sys=0.00s Real=0.00s
[2026-03-25T21:45:18.094+0900][11.036s][info][gc,marking  ] GC(209) Concurrent Mark 4.008ms
[2026-03-25T21:45:18.094+0900][11.036s][info][gc,marking  ] GC(209) Concurrent Rebuild Remembered Sets
[2026-03-25T21:45:18.094+0900][11.036s][info][gc,marking  ] GC(209) Concurrent Rebuild Remembered Sets 0.530ms
[2026-03-25T21:45:18.094+0900][11.037s][info][gc,start    ] GC(209) Pause Cleanup
[2026-03-25T21:45:18.094+0900][11.037s][info][gc          ] GC(209) Pause Cleanup 241M->241M(409M) 0.058ms
[2026-03-25T21:45:18.094+0900][11.037s][info][gc,cpu      ] GC(209) User=0.00s Sys=0.00s Real=0.00s
[2026-03-25T21:45:18.094+0900][11.037s][info][gc,marking  ] GC(209) Concurrent Cleanup for Next Mark
[2026-03-25T21:45:18.095+0900][11.037s][info][gc,marking  ] GC(209) Concurrent Cleanup for Next Mark 0.332ms
[2026-03-25T21:45:18.095+0900][11.037s][info][gc          ] GC(209) Concurrent Mark Cycle 5.117ms
[2026-03-25T21:45:18.145+0900][11.087s][info][gc,start    ] GC(210) Pause Young (Concurrent Start) (G1 Humongous Allocation)
[2026-03-25T21:45:18.145+0900][11.088s][info][gc,task     ] GC(210) Using 8 workers of 8 for evacuation
[2026-03-25T21:45:18.146+0900][11.088s][info][gc,phases   ] GC(210)   Pre Evacuate Collection Set: 0.1ms
[2026-03-25T21:45:18.146+0900][11.088s][info][gc,phases   ] GC(210)   Merge Heap Roots: 0.1ms
[2026-03-25T21:45:18.146+0900][11.088s][info][gc,phases   ] GC(210)   Evacuate Collection Set: 0.1ms
[2026-03-25T21:45:18.146+0900][11.088s][info][gc,phases   ] GC(210)   Post Evacuate Collection Set: 0.1ms
[2026-03-25T21:45:18.146+0900][11.088s][info][gc,phases   ] GC(210)   Other: 0.2ms
[2026-03-25T21:45:18.146+0900][11.088s][info][gc,heap     ] GC(210) Eden regions: 1->0(123)
[2026-03-25T21:45:18.146+0900][11.088s][info][gc,heap     ] GC(210) Survivor regions: 1->1(15)
[2026-03-25T21:45:18.146+0900][11.088s][info][gc,heap     ] GC(210) Old regions: 1->1
[2026-03-25T21:45:18.146+0900][11.088s][info][gc,heap     ] GC(210) Archive regions: 2->2
[2026-03-25T21:45:18.146+0900][11.088s][info][gc,heap     ] GC(210) Humongous regions: 240->240
[2026-03-25T21:45:18.146+0900][11.088s][info][gc,metaspace] GC(210) Metaspace: 173K(384K)->173K(384K) NonClass: 166K(256K)->166K(256K) Class: 7K(128K)->7K(128K)
[2026-03-25T21:45:18.146+0900][11.088s][info][gc          ] GC(210) Pause Young (Concurrent Start) (G1 Humongous Allocation) 241M->241M(409M) 0.772ms
[2026-03-25T21:45:18.146+0900][11.088s][info][gc,cpu      ] GC(210) User=0.00s Sys=0.00s Real=0.00s
[2026-03-25T21:45:18.146+0900][11.088s][info][gc          ] GC(211) Concurrent Mark Cycle
[2026-03-25T21:45:18.146+0900][11.088s][info][gc,marking  ] GC(211) Concurrent Clear Claimed Marks
[2026-03-25T21:45:18.146+0900][11.088s][info][gc,marking  ] GC(211) Concurrent Clear Claimed Marks 0.014ms
[2026-03-25T21:45:18.146+0900][11.088s][info][gc,marking  ] GC(211) Concurrent Scan Root Regions
[2026-03-25T21:45:18.146+0900][11.088s][info][gc,marking  ] GC(211) Concurrent Scan Root Regions 0.036ms
[2026-03-25T21:45:18.146+0900][11.088s][info][gc,marking  ] GC(211) Concurrent Mark
[2026-03-25T21:45:18.146+0900][11.088s][info][gc,marking  ] GC(211) Concurrent Mark From Roots
[2026-03-25T21:45:18.146+0900][11.088s][info][gc,task     ] GC(211) Using 2 workers of 2 for marking
[2026-03-25T21:45:18.148+0900][11.090s][info][gc,marking  ] GC(211) Concurrent Mark From Roots 1.667ms
[2026-03-25T21:45:18.148+0900][11.090s][info][gc,marking  ] GC(211) Concurrent Preclean
[2026-03-25T21:45:18.148+0900][11.090s][info][gc,marking  ] GC(211) Concurrent Preclean 0.032ms
[2026-03-25T21:45:18.148+0900][11.090s][info][gc,start    ] GC(211) Pause Remark
[2026-03-25T21:45:18.148+0900][11.090s][info][gc          ] GC(211) Pause Remark 242M->242M(409M) 0.257ms
[2026-03-25T21:45:18.148+0900][11.090s][info][gc,cpu      ] GC(211) User=0.00s Sys=0.00s Real=0.00s
[2026-03-25T21:45:18.148+0900][11.090s][info][gc,marking  ] GC(211) Concurrent Mark 2.064ms
[2026-03-25T21:45:18.148+0900][11.090s][info][gc,marking  ] GC(211) Concurrent Rebuild Remembered Sets
[2026-03-25T21:45:18.149+0900][11.091s][info][gc,marking  ] GC(211) Concurrent Rebuild Remembered Sets 0.533ms
[2026-03-25T21:45:18.149+0900][11.091s][info][gc,start    ] GC(211) Pause Cleanup
[2026-03-25T21:45:18.149+0900][11.091s][info][gc          ] GC(211) Pause Cleanup 242M->242M(409M) 0.068ms
[2026-03-25T21:45:18.149+0900][11.091s][info][gc,cpu      ] GC(211) User=0.00s Sys=0.00s Real=0.00s
[2026-03-25T21:45:18.149+0900][11.091s][info][gc,marking  ] GC(211) Concurrent Cleanup for Next Mark
[2026-03-25T21:45:18.149+0900][11.091s][info][gc,marking  ] GC(211) Concurrent Cleanup for Next Mark 0.305ms
[2026-03-25T21:45:18.149+0900][11.092s][info][gc          ] GC(211) Concurrent Mark Cycle 3.256ms
[2026-03-25T21:45:18.199+0900][11.141s][info][gc,start    ] GC(212) Pause Young (Concurrent Start) (G1 Humongous Allocation)
[2026-03-25T21:45:18.199+0900][11.141s][info][gc,task     ] GC(212) Using 8 workers of 8 for evacuation
[2026-03-25T21:45:18.200+0900][11.142s][info][gc,phases   ] GC(212)   Pre Evacuate Collection Set: 0.1ms
[2026-03-25T21:45:18.200+0900][11.142s][info][gc,phases   ] GC(212)   Merge Heap Roots: 0.1ms
[2026-03-25T21:45:18.200+0900][11.142s][info][gc,phases   ] GC(212)   Evacuate Collection Set: 0.2ms
[2026-03-25T21:45:18.200+0900][11.142s][info][gc,phases   ] GC(212)   Post Evacuate Collection Set: 0.1ms
[2026-03-25T21:45:18.200+0900][11.142s][info][gc,phases   ] GC(212)   Other: 0.2ms
[2026-03-25T21:45:18.200+0900][11.142s][info][gc,heap     ] GC(212) Eden regions: 1->0(122)
[2026-03-25T21:45:18.200+0900][11.142s][info][gc,heap     ] GC(212) Survivor regions: 1->1(16)
[2026-03-25T21:45:18.200+0900][11.142s][info][gc,heap     ] GC(212) Old regions: 1->1
[2026-03-25T21:45:18.200+0900][11.142s][info][gc,heap     ] GC(212) Archive regions: 2->2
[2026-03-25T21:45:18.200+0900][11.142s][info][gc,heap     ] GC(212) Humongous regions: 241->241
[2026-03-25T21:45:18.200+0900][11.142s][info][gc,metaspace] GC(212) Metaspace: 173K(384K)->173K(384K) NonClass: 166K(256K)->166K(256K) Class: 7K(128K)->7K(128K)
[2026-03-25T21:45:18.200+0900][11.142s][info][gc          ] GC(212) Pause Young (Concurrent Start) (G1 Humongous Allocation) 242M->242M(409M) 1.027ms
[2026-03-25T21:45:18.200+0900][11.142s][info][gc,cpu      ] GC(212) User=0.00s Sys=0.00s Real=0.01s
[2026-03-25T21:45:18.200+0900][11.142s][info][gc          ] GC(213) Concurrent Mark Cycle
[2026-03-25T21:45:18.200+0900][11.142s][info][gc,marking  ] GC(213) Concurrent Clear Claimed Marks
[2026-03-25T21:45:18.200+0900][11.142s][info][gc,marking  ] GC(213) Concurrent Clear Claimed Marks 0.016ms
[2026-03-25T21:45:18.200+0900][11.142s][info][gc,marking  ] GC(213) Concurrent Scan Root Regions
[2026-03-25T21:45:18.200+0900][11.142s][info][gc,marking  ] GC(213) Concurrent Scan Root Regions 0.050ms
[2026-03-25T21:45:18.200+0900][11.142s][info][gc,marking  ] GC(213) Concurrent Mark
[2026-03-25T21:45:18.200+0900][11.142s][info][gc,marking  ] GC(213) Concurrent Mark From Roots
[2026-03-25T21:45:18.200+0900][11.142s][info][gc,task     ] GC(213) Using 2 workers of 2 for marking
[2026-03-25T21:45:18.202+0900][11.145s][info][gc,marking  ] GC(213) Concurrent Mark From Roots 2.129ms
[2026-03-25T21:45:18.203+0900][11.145s][info][gc,marking  ] GC(213) Concurrent Preclean
[2026-03-25T21:45:18.203+0900][11.145s][info][gc,marking  ] GC(213) Concurrent Preclean 0.037ms
[2026-03-25T21:45:18.203+0900][11.145s][info][gc,start    ] GC(213) Pause Remark
[2026-03-25T21:45:18.203+0900][11.145s][info][gc          ] GC(213) Pause Remark 243M->243M(410M) 0.403ms
[2026-03-25T21:45:18.203+0900][11.145s][info][gc,cpu      ] GC(213) User=0.00s Sys=0.00s Real=0.00s
[2026-03-25T21:45:18.203+0900][11.145s][info][gc,marking  ] GC(213) Concurrent Mark 2.775ms
[2026-03-25T21:45:18.203+0900][11.145s][info][gc,marking  ] GC(213) Concurrent Rebuild Remembered Sets
[2026-03-25T21:45:18.204+0900][11.146s][info][gc,marking  ] GC(213) Concurrent Rebuild Remembered Sets 0.529ms
[2026-03-25T21:45:18.204+0900][11.146s][info][gc,start    ] GC(213) Pause Cleanup
[2026-03-25T21:45:18.204+0900][11.146s][info][gc          ] GC(213) Pause Cleanup 243M->243M(410M) 0.068ms
[2026-03-25T21:45:18.204+0900][11.146s][info][gc,cpu      ] GC(213) User=0.00s Sys=0.00s Real=0.00s
[2026-03-25T21:45:18.204+0900][11.146s][info][gc,marking  ] GC(213) Concurrent Cleanup for Next Mark
[2026-03-25T21:45:18.204+0900][11.146s][info][gc,marking  ] GC(213) Concurrent Cleanup for Next Mark 0.314ms
[2026-03-25T21:45:18.204+0900][11.146s][info][gc          ] GC(213) Concurrent Mark Cycle 4.009ms
[2026-03-25T21:45:18.251+0900][11.193s][info][gc,start    ] GC(214) Pause Young (Concurrent Start) (G1 Humongous Allocation)
[2026-03-25T21:45:18.251+0900][11.193s][info][gc,task     ] GC(214) Using 8 workers of 8 for evacuation
[2026-03-25T21:45:18.252+0900][11.194s][info][gc,phases   ] GC(214)   Pre Evacuate Collection Set: 0.2ms
[2026-03-25T21:45:18.252+0900][11.194s][info][gc,phases   ] GC(214)   Merge Heap Roots: 0.1ms
[2026-03-25T21:45:18.252+0900][11.194s][info][gc,phases   ] GC(214)   Evacuate Collection Set: 0.2ms
[2026-03-25T21:45:18.252+0900][11.194s][info][gc,phases   ] GC(214)   Post Evacuate Collection Set: 0.1ms
[2026-03-25T21:45:18.252+0900][11.194s][info][gc,phases   ] GC(214)   Other: 0.3ms
[2026-03-25T21:45:18.252+0900][11.194s][info][gc,heap     ] GC(214) Eden regions: 1->0(122)
[2026-03-25T21:45:18.252+0900][11.194s][info][gc,heap     ] GC(214) Survivor regions: 1->1(16)
[2026-03-25T21:45:18.252+0900][11.194s][info][gc,heap     ] GC(214) Old regions: 1->1
[2026-03-25T21:45:18.252+0900][11.194s][info][gc,heap     ] GC(214) Archive regions: 2->2
[2026-03-25T21:45:18.252+0900][11.194s][info][gc,heap     ] GC(214) Humongous regions: 242->242
[2026-03-25T21:45:18.252+0900][11.194s][info][gc,metaspace] GC(214) Metaspace: 173K(384K)->173K(384K) NonClass: 166K(256K)->166K(256K) Class: 7K(128K)->7K(128K)
[2026-03-25T21:45:18.252+0900][11.194s][info][gc          ] GC(214) Pause Young (Concurrent Start) (G1 Humongous Allocation) 243M->243M(410M) 1.139ms
[2026-03-25T21:45:18.252+0900][11.194s][info][gc,cpu      ] GC(214) User=0.00s Sys=0.00s Real=0.00s
[2026-03-25T21:45:18.252+0900][11.194s][info][gc          ] GC(215) Concurrent Mark Cycle
[2026-03-25T21:45:18.252+0900][11.194s][info][gc,marking  ] GC(215) Concurrent Clear Claimed Marks
[2026-03-25T21:45:18.252+0900][11.194s][info][gc,marking  ] GC(215) Concurrent Clear Claimed Marks 0.032ms
[2026-03-25T21:45:18.252+0900][11.194s][info][gc,marking  ] GC(215) Concurrent Scan Root Regions
[2026-03-25T21:45:18.252+0900][11.194s][info][gc,marking  ] GC(215) Concurrent Scan Root Regions 0.039ms
[2026-03-25T21:45:18.252+0900][11.194s][info][gc,marking  ] GC(215) Concurrent Mark
[2026-03-25T21:45:18.252+0900][11.194s][info][gc,marking  ] GC(215) Concurrent Mark From Roots
[2026-03-25T21:45:18.252+0900][11.194s][info][gc,task     ] GC(215) Using 2 workers of 2 for marking
[2026-03-25T21:45:18.254+0900][11.196s][info][gc,marking  ] GC(215) Concurrent Mark From Roots 2.005ms
[2026-03-25T21:45:18.254+0900][11.196s][info][gc,marking  ] GC(215) Concurrent Preclean
[2026-03-25T21:45:18.254+0900][11.196s][info][gc,marking  ] GC(215) Concurrent Preclean 0.034ms
[2026-03-25T21:45:18.254+0900][11.196s][info][gc,start    ] GC(215) Pause Remark
[2026-03-25T21:45:18.254+0900][11.197s][info][gc          ] GC(215) Pause Remark 244M->244M(412M) 0.377ms
[2026-03-25T21:45:18.255+0900][11.197s][info][gc,cpu      ] GC(215) User=0.00s Sys=0.00s Real=0.00s
[2026-03-25T21:45:18.255+0900][11.197s][info][gc,marking  ] GC(215) Concurrent Mark 2.590ms
[2026-03-25T21:45:18.255+0900][11.197s][info][gc,marking  ] GC(215) Concurrent Rebuild Remembered Sets
[2026-03-25T21:45:18.255+0900][11.197s][info][gc,marking  ] GC(215) Concurrent Rebuild Remembered Sets 0.523ms
[2026-03-25T21:45:18.255+0900][11.197s][info][gc,start    ] GC(215) Pause Cleanup
[2026-03-25T21:45:18.255+0900][11.197s][info][gc          ] GC(215) Pause Cleanup 244M->244M(412M) 0.065ms
[2026-03-25T21:45:18.255+0900][11.197s][info][gc,cpu      ] GC(215) User=0.00s Sys=0.00s Real=0.00s
[2026-03-25T21:45:18.255+0900][11.197s][info][gc,marking  ] GC(215) Concurrent Cleanup for Next Mark
[2026-03-25T21:45:18.256+0900][11.198s][info][gc,marking  ] GC(215) Concurrent Cleanup for Next Mark 0.370ms
[2026-03-25T21:45:18.256+0900][11.198s][info][gc          ] GC(215) Concurrent Mark Cycle 3.878ms
[2026-03-25T21:45:18.305+0900][11.247s][info][gc,start    ] GC(216) Pause Young (Concurrent Start) (G1 Humongous Allocation)
[2026-03-25T21:45:18.305+0900][11.248s][info][gc,task     ] GC(216) Using 8 workers of 8 for evacuation
[2026-03-25T21:45:18.306+0900][11.248s][info][gc,phases   ] GC(216)   Pre Evacuate Collection Set: 0.1ms
[2026-03-25T21:45:18.306+0900][11.248s][info][gc,phases   ] GC(216)   Merge Heap Roots: 0.1ms
[2026-03-25T21:45:18.306+0900][11.248s][info][gc,phases   ] GC(216)   Evacuate Collection Set: 0.2ms
[2026-03-25T21:45:18.306+0900][11.248s][info][gc,phases   ] GC(216)   Post Evacuate Collection Set: 0.1ms
[2026-03-25T21:45:18.306+0900][11.248s][info][gc,phases   ] GC(216)   Other: 0.2ms
[2026-03-25T21:45:18.306+0900][11.248s][info][gc,heap     ] GC(216) Eden regions: 1->0(122)
[2026-03-25T21:45:18.306+0900][11.248s][info][gc,heap     ] GC(216) Survivor regions: 1->1(16)
[2026-03-25T21:45:18.306+0900][11.248s][info][gc,heap     ] GC(216) Old regions: 1->1
[2026-03-25T21:45:18.306+0900][11.248s][info][gc,heap     ] GC(216) Archive regions: 2->2
[2026-03-25T21:45:18.306+0900][11.248s][info][gc,heap     ] GC(216) Humongous regions: 243->243
[2026-03-25T21:45:18.306+0900][11.248s][info][gc,metaspace] GC(216) Metaspace: 173K(384K)->173K(384K) NonClass: 166K(256K)->166K(256K) Class: 7K(128K)->7K(128K)
[2026-03-25T21:45:18.306+0900][11.248s][info][gc          ] GC(216) Pause Young (Concurrent Start) (G1 Humongous Allocation) 244M->244M(412M) 0.851ms
[2026-03-25T21:45:18.306+0900][11.248s][info][gc,cpu      ] GC(216) User=0.00s Sys=0.00s Real=0.00s
[2026-03-25T21:45:18.306+0900][11.248s][info][gc          ] GC(217) Concurrent Mark Cycle
[2026-03-25T21:45:18.306+0900][11.248s][info][gc,marking  ] GC(217) Concurrent Clear Claimed Marks
[2026-03-25T21:45:18.306+0900][11.248s][info][gc,marking  ] GC(217) Concurrent Clear Claimed Marks 0.016ms
[2026-03-25T21:45:18.306+0900][11.248s][info][gc,marking  ] GC(217) Concurrent Scan Root Regions
[2026-03-25T21:45:18.306+0900][11.248s][info][gc,marking  ] GC(217) Concurrent Scan Root Regions 0.037ms
[2026-03-25T21:45:18.306+0900][11.248s][info][gc,marking  ] GC(217) Concurrent Mark
[2026-03-25T21:45:18.306+0900][11.248s][info][gc,marking  ] GC(217) Concurrent Mark From Roots
[2026-03-25T21:45:18.306+0900][11.248s][info][gc,task     ] GC(217) Using 2 workers of 2 for marking
[2026-03-25T21:45:18.308+0900][11.251s][info][gc,marking  ] GC(217) Concurrent Mark From Roots 2.201ms
[2026-03-25T21:45:18.309+0900][11.251s][info][gc,marking  ] GC(217) Concurrent Preclean
[2026-03-25T21:45:18.309+0900][11.251s][info][gc,marking  ] GC(217) Concurrent Preclean 0.067ms
[2026-03-25T21:45:18.309+0900][11.251s][info][gc,start    ] GC(217) Pause Remark
[2026-03-25T21:45:18.309+0900][11.251s][info][gc          ] GC(217) Pause Remark 245M->245M(414M) 0.510ms
[2026-03-25T21:45:18.309+0900][11.251s][info][gc,cpu      ] GC(217) User=0.00s Sys=0.00s Real=0.00s
[2026-03-25T21:45:18.309+0900][11.251s][info][gc,marking  ] GC(217) Concurrent Mark 2.938ms
[2026-03-25T21:45:18.309+0900][11.251s][info][gc,marking  ] GC(217) Concurrent Rebuild Remembered Sets
[2026-03-25T21:45:18.310+0900][11.252s][info][gc,marking  ] GC(217) Concurrent Rebuild Remembered Sets 0.636ms
[2026-03-25T21:45:18.310+0900][11.252s][info][gc,start    ] GC(217) Pause Cleanup
[2026-03-25T21:45:18.310+0900][11.252s][info][gc          ] GC(217) Pause Cleanup 245M->245M(414M) 0.088ms
[2026-03-25T21:45:18.310+0900][11.252s][info][gc,cpu      ] GC(217) User=0.00s Sys=0.00s Real=0.00s
[2026-03-25T21:45:18.310+0900][11.252s][info][gc,marking  ] GC(217) Concurrent Cleanup for Next Mark
[2026-03-25T21:45:18.310+0900][11.253s][info][gc,marking  ] GC(217) Concurrent Cleanup for Next Mark 0.313ms
[2026-03-25T21:45:18.310+0900][11.253s][info][gc          ] GC(217) Concurrent Mark Cycle 4.300ms
[2026-03-25T21:45:18.361+0900][11.303s][info][gc,start    ] GC(218) Pause Young (Concurrent Start) (G1 Humongous Allocation)
[2026-03-25T21:45:18.361+0900][11.303s][info][gc,task     ] GC(218) Using 8 workers of 8 for evacuation
[2026-03-25T21:45:18.361+0900][11.303s][info][gc,phases   ] GC(218)   Pre Evacuate Collection Set: 0.1ms
[2026-03-25T21:45:18.361+0900][11.304s][info][gc,phases   ] GC(218)   Merge Heap Roots: 0.1ms
[2026-03-25T21:45:18.361+0900][11.304s][info][gc,phases   ] GC(218)   Evacuate Collection Set: 0.2ms
[2026-03-25T21:45:18.361+0900][11.304s][info][gc,phases   ] GC(218)   Post Evacuate Collection Set: 0.1ms
[2026-03-25T21:45:18.361+0900][11.304s][info][gc,phases   ] GC(218)   Other: 0.2ms
[2026-03-25T21:45:18.361+0900][11.304s][info][gc,heap     ] GC(218) Eden regions: 1->0(123)
[2026-03-25T21:45:18.361+0900][11.304s][info][gc,heap     ] GC(218) Survivor regions: 1->1(16)
[2026-03-25T21:45:18.361+0900][11.304s][info][gc,heap     ] GC(218) Old regions: 1->1
[2026-03-25T21:45:18.361+0900][11.304s][info][gc,heap     ] GC(218) Archive regions: 2->2
[2026-03-25T21:45:18.361+0900][11.304s][info][gc,heap     ] GC(218) Humongous regions: 244->244
[2026-03-25T21:45:18.361+0900][11.304s][info][gc,metaspace] GC(218) Metaspace: 173K(384K)->173K(384K) NonClass: 166K(256K)->166K(256K) Class: 7K(128K)->7K(128K)
[2026-03-25T21:45:18.361+0900][11.304s][info][gc          ] GC(218) Pause Young (Concurrent Start) (G1 Humongous Allocation) 245M->245M(414M) 0.859ms
[2026-03-25T21:45:18.362+0900][11.304s][info][gc,cpu      ] GC(218) User=0.00s Sys=0.00s Real=0.00s
[2026-03-25T21:45:18.362+0900][11.304s][info][gc          ] GC(219) Concurrent Mark Cycle
[2026-03-25T21:45:18.362+0900][11.304s][info][gc,marking  ] GC(219) Concurrent Clear Claimed Marks
[2026-03-25T21:45:18.362+0900][11.304s][info][gc,marking  ] GC(219) Concurrent Clear Claimed Marks 0.015ms
[2026-03-25T21:45:18.362+0900][11.304s][info][gc,marking  ] GC(219) Concurrent Scan Root Regions
[2026-03-25T21:45:18.362+0900][11.304s][info][gc,marking  ] GC(219) Concurrent Scan Root Regions 0.038ms
[2026-03-25T21:45:18.362+0900][11.304s][info][gc,marking  ] GC(219) Concurrent Mark
[2026-03-25T21:45:18.362+0900][11.304s][info][gc,marking  ] GC(219) Concurrent Mark From Roots
[2026-03-25T21:45:18.362+0900][11.304s][info][gc,task     ] GC(219) Using 2 workers of 2 for marking
[2026-03-25T21:45:18.364+0900][11.306s][info][gc,marking  ] GC(219) Concurrent Mark From Roots 1.852ms
[2026-03-25T21:45:18.364+0900][11.306s][info][gc,marking  ] GC(219) Concurrent Preclean
[2026-03-25T21:45:18.364+0900][11.306s][info][gc,marking  ] GC(219) Concurrent Preclean 0.035ms
[2026-03-25T21:45:18.364+0900][11.306s][info][gc,start    ] GC(219) Pause Remark
[2026-03-25T21:45:18.364+0900][11.306s][info][gc          ] GC(219) Pause Remark 246M->246M(415M) 0.363ms
[2026-03-25T21:45:18.364+0900][11.306s][info][gc,cpu      ] GC(219) User=0.01s Sys=0.00s Real=0.00s
[2026-03-25T21:45:18.364+0900][11.306s][info][gc,marking  ] GC(219) Concurrent Mark 2.400ms
[2026-03-25T21:45:18.364+0900][11.306s][info][gc,marking  ] GC(219) Concurrent Rebuild Remembered Sets
[2026-03-25T21:45:18.365+0900][11.307s][info][gc,marking  ] GC(219) Concurrent Rebuild Remembered Sets 0.534ms
[2026-03-25T21:45:18.365+0900][11.307s][info][gc,start    ] GC(219) Pause Cleanup
[2026-03-25T21:45:18.365+0900][11.307s][info][gc          ] GC(219) Pause Cleanup 246M->246M(415M) 0.084ms
[2026-03-25T21:45:18.365+0900][11.307s][info][gc,cpu      ] GC(219) User=0.00s Sys=0.00s Real=0.00s
[2026-03-25T21:45:18.365+0900][11.307s][info][gc,marking  ] GC(219) Concurrent Cleanup for Next Mark
[2026-03-25T21:45:18.365+0900][11.307s][info][gc,marking  ] GC(219) Concurrent Cleanup for Next Mark 0.387ms
[2026-03-25T21:45:18.365+0900][11.307s][info][gc          ] GC(219) Concurrent Mark Cycle 3.741ms
[2026-03-25T21:45:18.415+0900][11.358s][info][gc,start    ] GC(220) Pause Young (Concurrent Start) (G1 Humongous Allocation)
[2026-03-25T21:45:18.415+0900][11.358s][info][gc,task     ] GC(220) Using 8 workers of 8 for evacuation
[2026-03-25T21:45:18.416+0900][11.359s][info][gc,phases   ] GC(220)   Pre Evacuate Collection Set: 0.2ms
[2026-03-25T21:45:18.416+0900][11.359s][info][gc,phases   ] GC(220)   Merge Heap Roots: 0.2ms
[2026-03-25T21:45:18.417+0900][11.359s][info][gc,phases   ] GC(220)   Evacuate Collection Set: 0.3ms
[2026-03-25T21:45:18.417+0900][11.359s][info][gc,phases   ] GC(220)   Post Evacuate Collection Set: 0.2ms
[2026-03-25T21:45:18.417+0900][11.359s][info][gc,phases   ] GC(220)   Other: 0.3ms
[2026-03-25T21:45:18.417+0900][11.359s][info][gc,heap     ] GC(220) Eden regions: 1->0(123)
[2026-03-25T21:45:18.417+0900][11.359s][info][gc,heap     ] GC(220) Survivor regions: 1->1(16)
[2026-03-25T21:45:18.417+0900][11.359s][info][gc,heap     ] GC(220) Old regions: 1->1
[2026-03-25T21:45:18.417+0900][11.359s][info][gc,heap     ] GC(220) Archive regions: 2->2
[2026-03-25T21:45:18.417+0900][11.359s][info][gc,heap     ] GC(220) Humongous regions: 245->245
[2026-03-25T21:45:18.417+0900][11.359s][info][gc,metaspace] GC(220) Metaspace: 173K(384K)->173K(384K) NonClass: 166K(256K)->166K(256K) Class: 7K(128K)->7K(128K)
[2026-03-25T21:45:18.417+0900][11.359s][info][gc          ] GC(220) Pause Young (Concurrent Start) (G1 Humongous Allocation) 246M->246M(415M) 1.448ms
[2026-03-25T21:45:18.417+0900][11.359s][info][gc,cpu      ] GC(220) User=0.00s Sys=0.00s Real=0.00s
[2026-03-25T21:45:18.417+0900][11.359s][info][gc          ] GC(221) Concurrent Mark Cycle
[2026-03-25T21:45:18.417+0900][11.359s][info][gc,marking  ] GC(221) Concurrent Clear Claimed Marks
[2026-03-25T21:45:18.417+0900][11.359s][info][gc,marking  ] GC(221) Concurrent Clear Claimed Marks 0.030ms
[2026-03-25T21:45:18.417+0900][11.359s][info][gc,marking  ] GC(221) Concurrent Scan Root Regions
[2026-03-25T21:45:18.417+0900][11.359s][info][gc,marking  ] GC(221) Concurrent Scan Root Regions 0.073ms
[2026-03-25T21:45:18.417+0900][11.359s][info][gc,marking  ] GC(221) Concurrent Mark
[2026-03-25T21:45:18.417+0900][11.359s][info][gc,marking  ] GC(221) Concurrent Mark From Roots
[2026-03-25T21:45:18.417+0900][11.359s][info][gc,task     ] GC(221) Using 2 workers of 2 for marking
[2026-03-25T21:45:18.420+0900][11.362s][info][gc,marking  ] GC(221) Concurrent Mark From Roots 2.602ms
[2026-03-25T21:45:18.420+0900][11.362s][info][gc,marking  ] GC(221) Concurrent Preclean
[2026-03-25T21:45:18.420+0900][11.362s][info][gc,marking  ] GC(221) Concurrent Preclean 0.041ms
[2026-03-25T21:45:18.420+0900][11.362s][info][gc,start    ] GC(221) Pause Remark
[2026-03-25T21:45:18.420+0900][11.362s][info][gc          ] GC(221) Pause Remark 247M->247M(417M) 0.405ms
[2026-03-25T21:45:18.420+0900][11.362s][info][gc,cpu      ] GC(221) User=0.00s Sys=0.00s Real=0.00s
[2026-03-25T21:45:18.420+0900][11.362s][info][gc,marking  ] GC(221) Concurrent Mark 3.225ms
[2026-03-25T21:45:18.420+0900][11.362s][info][gc,marking  ] GC(221) Concurrent Rebuild Remembered Sets
[2026-03-25T21:45:18.421+0900][11.363s][info][gc,marking  ] GC(221) Concurrent Rebuild Remembered Sets 0.633ms
[2026-03-25T21:45:18.421+0900][11.363s][info][gc,start    ] GC(221) Pause Cleanup
[2026-03-25T21:45:18.421+0900][11.363s][info][gc          ] GC(221) Pause Cleanup 247M->247M(417M) 0.086ms
[2026-03-25T21:45:18.421+0900][11.363s][info][gc,cpu      ] GC(221) User=0.00s Sys=0.00s Real=0.00s
[2026-03-25T21:45:18.421+0900][11.363s][info][gc,marking  ] GC(221) Concurrent Cleanup for Next Mark
[2026-03-25T21:45:18.421+0900][11.364s][info][gc,marking  ] GC(221) Concurrent Cleanup for Next Mark 0.351ms
[2026-03-25T21:45:18.422+0900][11.364s][info][gc          ] GC(221) Concurrent Mark Cycle 4.714ms
[2026-03-25T21:45:18.468+0900][11.410s][info][gc,start    ] GC(222) Pause Young (Concurrent Start) (G1 Humongous Allocation)
[2026-03-25T21:45:18.468+0900][11.410s][info][gc,task     ] GC(222) Using 8 workers of 8 for evacuation
[2026-03-25T21:45:18.469+0900][11.411s][info][gc,phases   ] GC(222)   Pre Evacuate Collection Set: 0.1ms
[2026-03-25T21:45:18.469+0900][11.411s][info][gc,phases   ] GC(222)   Merge Heap Roots: 0.1ms
[2026-03-25T21:45:18.469+0900][11.411s][info][gc,phases   ] GC(222)   Evacuate Collection Set: 0.2ms
[2026-03-25T21:45:18.469+0900][11.411s][info][gc,phases   ] GC(222)   Post Evacuate Collection Set: 0.1ms
[2026-03-25T21:45:18.469+0900][11.411s][info][gc,phases   ] GC(222)   Other: 0.5ms
[2026-03-25T21:45:18.469+0900][11.411s][info][gc,heap     ] GC(222) Eden regions: 1->0(124)
[2026-03-25T21:45:18.469+0900][11.411s][info][gc,heap     ] GC(222) Survivor regions: 1->1(16)
[2026-03-25T21:45:18.469+0900][11.411s][info][gc,heap     ] GC(222) Old regions: 1->1
[2026-03-25T21:45:18.469+0900][11.411s][info][gc,heap     ] GC(222) Archive regions: 2->2
[2026-03-25T21:45:18.469+0900][11.411s][info][gc,heap     ] GC(222) Humongous regions: 246->246
[2026-03-25T21:45:18.469+0900][11.411s][info][gc,metaspace] GC(222) Metaspace: 173K(384K)->173K(384K) NonClass: 166K(256K)->166K(256K) Class: 7K(128K)->7K(128K)
[2026-03-25T21:45:18.469+0900][11.411s][info][gc          ] GC(222) Pause Young (Concurrent Start) (G1 Humongous Allocation) 247M->247M(417M) 1.267ms
[2026-03-25T21:45:18.469+0900][11.411s][info][gc,cpu      ] GC(222) User=0.00s Sys=0.00s Real=0.00s
[2026-03-25T21:45:18.469+0900][11.411s][info][gc          ] GC(223) Concurrent Mark Cycle
[2026-03-25T21:45:18.469+0900][11.411s][info][gc,marking  ] GC(223) Concurrent Clear Claimed Marks
[2026-03-25T21:45:18.469+0900][11.411s][info][gc,marking  ] GC(223) Concurrent Clear Claimed Marks 0.014ms
[2026-03-25T21:45:18.469+0900][11.411s][info][gc,marking  ] GC(223) Concurrent Scan Root Regions
[2026-03-25T21:45:18.469+0900][11.411s][info][gc,marking  ] GC(223) Concurrent Scan Root Regions 0.039ms
[2026-03-25T21:45:18.469+0900][11.411s][info][gc,marking  ] GC(223) Concurrent Mark
[2026-03-25T21:45:18.469+0900][11.411s][info][gc,marking  ] GC(223) Concurrent Mark From Roots
[2026-03-25T21:45:18.469+0900][11.411s][info][gc,task     ] GC(223) Using 2 workers of 2 for marking
[2026-03-25T21:45:18.471+0900][11.413s][info][gc,marking  ] GC(223) Concurrent Mark From Roots 1.701ms
[2026-03-25T21:45:18.471+0900][11.413s][info][gc,marking  ] GC(223) Concurrent Preclean
[2026-03-25T21:45:18.471+0900][11.413s][info][gc,marking  ] GC(223) Concurrent Preclean 0.033ms
[2026-03-25T21:45:18.471+0900][11.413s][info][gc,start    ] GC(223) Pause Remark
[2026-03-25T21:45:18.471+0900][11.414s][info][gc          ] GC(223) Pause Remark 248M->248M(419M) 0.340ms
[2026-03-25T21:45:18.471+0900][11.414s][info][gc,cpu      ] GC(223) User=0.00s Sys=0.00s Real=0.00s
[2026-03-25T21:45:18.471+0900][11.414s][info][gc,marking  ] GC(223) Concurrent Mark 2.195ms
[2026-03-25T21:45:18.471+0900][11.414s][info][gc,marking  ] GC(223) Concurrent Rebuild Remembered Sets
[2026-03-25T21:45:18.472+0900][11.414s][info][gc,marking  ] GC(223) Concurrent Rebuild Remembered Sets 0.538ms
[2026-03-25T21:45:18.472+0900][11.414s][info][gc,start    ] GC(223) Pause Cleanup
[2026-03-25T21:45:18.472+0900][11.414s][info][gc          ] GC(223) Pause Cleanup 248M->248M(419M) 0.066ms
[2026-03-25T21:45:18.472+0900][11.414s][info][gc,cpu      ] GC(223) User=0.00s Sys=0.00s Real=0.00s
[2026-03-25T21:45:18.472+0900][11.414s][info][gc,marking  ] GC(223) Concurrent Cleanup for Next Mark
[2026-03-25T21:45:18.473+0900][11.415s][info][gc,marking  ] GC(223) Concurrent Cleanup for Next Mark 0.492ms
[2026-03-25T21:45:18.473+0900][11.415s][info][gc          ] GC(223) Concurrent Mark Cycle 3.584ms
[2026-03-25T21:45:18.524+0900][11.467s][info][gc,start    ] GC(224) Pause Young (Concurrent Start) (G1 Humongous Allocation)
[2026-03-25T21:45:18.525+0900][11.467s][info][gc,task     ] GC(224) Using 8 workers of 8 for evacuation
[2026-03-25T21:45:18.615+0900][11.557s][info][gc,phases   ] GC(224)   Pre Evacuate Collection Set: 0.8ms
[2026-03-25T21:45:18.615+0900][11.557s][info][gc,phases   ] GC(224)   Merge Heap Roots: 0.4ms
[2026-03-25T21:45:18.615+0900][11.557s][info][gc,phases   ] GC(224)   Evacuate Collection Set: 2.4ms
[2026-03-25T21:45:18.615+0900][11.557s][info][gc,phases   ] GC(224)   Post Evacuate Collection Set: 86.4ms
[2026-03-25T21:45:18.615+0900][11.557s][info][gc,phases   ] GC(224)   Other: 0.2ms
[2026-03-25T21:45:18.615+0900][11.557s][info][gc,heap     ] GC(224) Eden regions: 1->0(125)
[2026-03-25T21:45:18.615+0900][11.557s][info][gc,heap     ] GC(224) Survivor regions: 1->1(16)
[2026-03-25T21:45:18.615+0900][11.557s][info][gc,heap     ] GC(224) Old regions: 1->1
[2026-03-25T21:45:18.615+0900][11.557s][info][gc,heap     ] GC(224) Archive regions: 2->2
[2026-03-25T21:45:18.615+0900][11.557s][info][gc,heap     ] GC(224) Humongous regions: 247->247
[2026-03-25T21:45:18.615+0900][11.557s][info][gc,metaspace] GC(224) Metaspace: 173K(384K)->173K(384K) NonClass: 166K(256K)->166K(256K) Class: 7K(128K)->7K(128K)
[2026-03-25T21:45:18.615+0900][11.557s][info][gc          ] GC(224) Pause Young (Concurrent Start) (G1 Humongous Allocation) 248M->248M(419M) 90.511ms
[2026-03-25T21:45:18.615+0900][11.557s][info][gc,cpu      ] GC(224) User=0.00s Sys=0.00s Real=0.09s
[2026-03-25T21:45:18.615+0900][11.557s][info][gc          ] GC(225) Concurrent Mark Cycle
[2026-03-25T21:45:18.615+0900][11.557s][info][gc,marking  ] GC(225) Concurrent Clear Claimed Marks
[2026-03-25T21:45:18.615+0900][11.557s][info][gc,marking  ] GC(225) Concurrent Clear Claimed Marks 0.011ms
[2026-03-25T21:45:18.615+0900][11.557s][info][gc,marking  ] GC(225) Concurrent Scan Root Regions
[2026-03-25T21:45:18.615+0900][11.557s][info][gc,marking  ] GC(225) Concurrent Scan Root Regions 0.029ms
[2026-03-25T21:45:18.615+0900][11.557s][info][gc,marking  ] GC(225) Concurrent Mark
[2026-03-25T21:45:18.615+0900][11.557s][info][gc,marking  ] GC(225) Concurrent Mark From Roots
[2026-03-25T21:45:18.615+0900][11.557s][info][gc,task     ] GC(225) Using 2 workers of 2 for marking
[2026-03-25T21:45:18.616+0900][11.558s][info][gc,marking  ] GC(225) Concurrent Mark From Roots 1.217ms
[2026-03-25T21:45:18.616+0900][11.559s][info][gc,marking  ] GC(225) Concurrent Preclean
[2026-03-25T21:45:18.616+0900][11.559s][info][gc,marking  ] GC(225) Concurrent Preclean 0.038ms
[2026-03-25T21:45:18.616+0900][11.559s][info][gc,start    ] GC(225) Pause Remark
[2026-03-25T21:45:18.617+0900][11.559s][info][gc          ] GC(225) Pause Remark 249M->249M(420M) 0.469ms
[2026-03-25T21:45:18.617+0900][11.559s][info][gc,cpu      ] GC(225) User=0.00s Sys=0.00s Real=0.00s
[2026-03-25T21:45:18.617+0900][11.559s][info][gc,marking  ] GC(225) Concurrent Mark 1.871ms
[2026-03-25T21:45:18.617+0900][11.559s][info][gc,marking  ] GC(225) Concurrent Rebuild Remembered Sets
[2026-03-25T21:45:18.618+0900][11.560s][info][gc,marking  ] GC(225) Concurrent Rebuild Remembered Sets 0.596ms
[2026-03-25T21:45:18.618+0900][11.560s][info][gc,start    ] GC(225) Pause Cleanup
[2026-03-25T21:45:18.618+0900][11.560s][info][gc          ] GC(225) Pause Cleanup 249M->249M(420M) 0.110ms
[2026-03-25T21:45:18.618+0900][11.560s][info][gc,cpu      ] GC(225) User=0.00s Sys=0.00s Real=0.00s
[2026-03-25T21:45:18.618+0900][11.560s][info][gc,marking  ] GC(225) Concurrent Cleanup for Next Mark
[2026-03-25T21:45:18.619+0900][11.561s][info][gc,marking  ] GC(225) Concurrent Cleanup for Next Mark 0.500ms
[2026-03-25T21:45:18.619+0900][11.561s][info][gc          ] GC(225) Concurrent Mark Cycle 3.655ms
[2026-03-25T21:45:18.666+0900][11.608s][info][gc,start    ] GC(226) Pause Young (Concurrent Start) (G1 Humongous Allocation)
[2026-03-25T21:45:18.666+0900][11.608s][info][gc,task     ] GC(226) Using 8 workers of 8 for evacuation
[2026-03-25T21:45:18.667+0900][11.609s][info][gc,phases   ] GC(226)   Pre Evacuate Collection Set: 0.1ms
[2026-03-25T21:45:18.667+0900][11.609s][info][gc,phases   ] GC(226)   Merge Heap Roots: 0.1ms
[2026-03-25T21:45:18.667+0900][11.609s][info][gc,phases   ] GC(226)   Evacuate Collection Set: 0.1ms
[2026-03-25T21:45:18.667+0900][11.609s][info][gc,phases   ] GC(226)   Post Evacuate Collection Set: 0.1ms
[2026-03-25T21:45:18.667+0900][11.609s][info][gc,phases   ] GC(226)   Other: 0.1ms
[2026-03-25T21:45:18.667+0900][11.609s][info][gc,heap     ] GC(226) Eden regions: 1->0(125)
[2026-03-25T21:45:18.667+0900][11.609s][info][gc,heap     ] GC(226) Survivor regions: 1->1(16)
[2026-03-25T21:45:18.667+0900][11.609s][info][gc,heap     ] GC(226) Old regions: 1->1
[2026-03-25T21:45:18.667+0900][11.609s][info][gc,heap     ] GC(226) Archive regions: 2->2
[2026-03-25T21:45:18.667+0900][11.609s][info][gc,heap     ] GC(226) Humongous regions: 248->248
[2026-03-25T21:45:18.667+0900][11.609s][info][gc,metaspace] GC(226) Metaspace: 173K(384K)->173K(384K) NonClass: 166K(256K)->166K(256K) Class: 7K(128K)->7K(128K)
[2026-03-25T21:45:18.667+0900][11.609s][info][gc          ] GC(226) Pause Young (Concurrent Start) (G1 Humongous Allocation) 249M->249M(420M) 0.647ms
[2026-03-25T21:45:18.667+0900][11.609s][info][gc,cpu      ] GC(226) User=0.00s Sys=0.00s Real=0.00s
[2026-03-25T21:45:18.667+0900][11.609s][info][gc          ] GC(227) Concurrent Mark Cycle
[2026-03-25T21:45:18.667+0900][11.609s][info][gc,marking  ] GC(227) Concurrent Clear Claimed Marks
[2026-03-25T21:45:18.667+0900][11.609s][info][gc,marking  ] GC(227) Concurrent Clear Claimed Marks 0.010ms
[2026-03-25T21:45:18.667+0900][11.609s][info][gc,marking  ] GC(227) Concurrent Scan Root Regions
[2026-03-25T21:45:18.667+0900][11.609s][info][gc,marking  ] GC(227) Concurrent Scan Root Regions 0.025ms
[2026-03-25T21:45:18.667+0900][11.609s][info][gc,marking  ] GC(227) Concurrent Mark
[2026-03-25T21:45:18.667+0900][11.609s][info][gc,marking  ] GC(227) Concurrent Mark From Roots
[2026-03-25T21:45:18.667+0900][11.609s][info][gc,task     ] GC(227) Using 2 workers of 2 for marking
[2026-03-25T21:45:18.668+0900][11.610s][info][gc,marking  ] GC(227) Concurrent Mark From Roots 1.340ms
[2026-03-25T21:45:18.668+0900][11.610s][info][gc,marking  ] GC(227) Concurrent Preclean
[2026-03-25T21:45:18.668+0900][11.610s][info][gc,marking  ] GC(227) Concurrent Preclean 0.025ms
[2026-03-25T21:45:18.668+0900][11.610s][info][gc,start    ] GC(227) Pause Remark
[2026-03-25T21:45:18.668+0900][11.611s][info][gc          ] GC(227) Pause Remark 250M->250M(422M) 0.269ms
[2026-03-25T21:45:18.668+0900][11.611s][info][gc,cpu      ] GC(227) User=0.00s Sys=0.00s Real=0.00s
[2026-03-25T21:45:18.668+0900][11.611s][info][gc,marking  ] GC(227) Concurrent Mark 1.714ms
[2026-03-25T21:45:18.669+0900][11.611s][info][gc,marking  ] GC(227) Concurrent Rebuild Remembered Sets
[2026-03-25T21:45:18.669+0900][11.611s][info][gc,marking  ] GC(227) Concurrent Rebuild Remembered Sets 0.536ms
[2026-03-25T21:45:18.669+0900][11.611s][info][gc,start    ] GC(227) Pause Cleanup
[2026-03-25T21:45:18.669+0900][11.611s][info][gc          ] GC(227) Pause Cleanup 250M->250M(422M) 0.068ms
[2026-03-25T21:45:18.669+0900][11.611s][info][gc,cpu      ] GC(227) User=0.00s Sys=0.00s Real=0.00s
[2026-03-25T21:45:18.669+0900][11.611s][info][gc,marking  ] GC(227) Concurrent Cleanup for Next Mark
[2026-03-25T21:45:18.669+0900][11.612s][info][gc,marking  ] GC(227) Concurrent Cleanup for Next Mark 0.277ms
[2026-03-25T21:45:18.669+0900][11.612s][info][gc          ] GC(227) Concurrent Mark Cycle 2.777ms
[2026-03-25T21:45:18.722+0900][11.664s][info][gc,start    ] GC(228) Pause Young (Concurrent Start) (G1 Humongous Allocation)
[2026-03-25T21:45:18.722+0900][11.664s][info][gc,task     ] GC(228) Using 8 workers of 8 for evacuation
[2026-03-25T21:45:18.723+0900][11.665s][info][gc,phases   ] GC(228)   Pre Evacuate Collection Set: 0.1ms
[2026-03-25T21:45:18.723+0900][11.665s][info][gc,phases   ] GC(228)   Merge Heap Roots: 0.1ms
[2026-03-25T21:45:18.723+0900][11.665s][info][gc,phases   ] GC(228)   Evacuate Collection Set: 0.2ms
[2026-03-25T21:45:18.723+0900][11.665s][info][gc,phases   ] GC(228)   Post Evacuate Collection Set: 0.2ms
[2026-03-25T21:45:18.723+0900][11.665s][info][gc,phases   ] GC(228)   Other: 0.2ms
[2026-03-25T21:45:18.723+0900][11.665s][info][gc,heap     ] GC(228) Eden regions: 1->0(129)
[2026-03-25T21:45:18.723+0900][11.665s][info][gc,heap     ] GC(228) Survivor regions: 1->1(16)
[2026-03-25T21:45:18.723+0900][11.665s][info][gc,heap     ] GC(228) Old regions: 1->1
[2026-03-25T21:45:18.723+0900][11.665s][info][gc,heap     ] GC(228) Archive regions: 2->2
[2026-03-25T21:45:18.723+0900][11.665s][info][gc,heap     ] GC(228) Humongous regions: 249->249
[2026-03-25T21:45:18.723+0900][11.665s][info][gc,metaspace] GC(228) Metaspace: 173K(384K)->173K(384K) NonClass: 166K(256K)->166K(256K) Class: 7K(128K)->7K(128K)
[2026-03-25T21:45:18.723+0900][11.665s][info][gc          ] GC(228) Pause Young (Concurrent Start) (G1 Humongous Allocation) 250M->250M(426M) 0.888ms
[2026-03-25T21:45:18.723+0900][11.665s][info][gc,cpu      ] GC(228) User=0.00s Sys=0.00s Real=0.00s
[2026-03-25T21:45:18.723+0900][11.665s][info][gc          ] GC(229) Concurrent Mark Cycle
[2026-03-25T21:45:18.723+0900][11.665s][info][gc,marking  ] GC(229) Concurrent Clear Claimed Marks
[2026-03-25T21:45:18.723+0900][11.665s][info][gc,marking  ] GC(229) Concurrent Clear Claimed Marks 0.016ms
[2026-03-25T21:45:18.723+0900][11.665s][info][gc,marking  ] GC(229) Concurrent Scan Root Regions
[2026-03-25T21:45:18.723+0900][11.665s][info][gc,marking  ] GC(229) Concurrent Scan Root Regions 0.040ms
[2026-03-25T21:45:18.723+0900][11.665s][info][gc,marking  ] GC(229) Concurrent Mark
[2026-03-25T21:45:18.723+0900][11.665s][info][gc,marking  ] GC(229) Concurrent Mark From Roots
[2026-03-25T21:45:18.723+0900][11.665s][info][gc,task     ] GC(229) Using 2 workers of 2 for marking
[2026-03-25T21:45:18.725+0900][11.667s][info][gc,marking  ] GC(229) Concurrent Mark From Roots 2.239ms
[2026-03-25T21:45:18.725+0900][11.668s][info][gc,marking  ] GC(229) Concurrent Preclean
[2026-03-25T21:45:18.725+0900][11.668s][info][gc,marking  ] GC(229) Concurrent Preclean 0.036ms
[2026-03-25T21:45:18.725+0900][11.668s][info][gc,start    ] GC(229) Pause Remark
[2026-03-25T21:45:18.726+0900][11.668s][info][gc          ] GC(229) Pause Remark 253M->253M(429M) 0.407ms
[2026-03-25T21:45:18.726+0900][11.668s][info][gc,cpu      ] GC(229) User=0.00s Sys=0.00s Real=0.00s
[2026-03-25T21:45:18.726+0900][11.668s][info][gc,marking  ] GC(229) Concurrent Mark 2.869ms
[2026-03-25T21:45:18.726+0900][11.668s][info][gc,marking  ] GC(229) Concurrent Rebuild Remembered Sets
[2026-03-25T21:45:18.727+0900][11.669s][info][gc,marking  ] GC(229) Concurrent Rebuild Remembered Sets 0.598ms
[2026-03-25T21:45:18.727+0900][11.669s][info][gc,start    ] GC(229) Pause Cleanup
[2026-03-25T21:45:18.727+0900][11.669s][info][gc          ] GC(229) Pause Cleanup 253M->253M(429M) 0.108ms
[2026-03-25T21:45:18.727+0900][11.669s][info][gc,cpu      ] GC(229) User=0.00s Sys=0.00s Real=0.00s
[2026-03-25T21:45:18.727+0900][11.669s][info][gc,marking  ] GC(229) Concurrent Cleanup for Next Mark
[2026-03-25T21:45:18.727+0900][11.669s][info][gc,marking  ] GC(229) Concurrent Cleanup for Next Mark 0.432ms
[2026-03-25T21:45:18.727+0900][11.669s][info][gc          ] GC(229) Concurrent Mark Cycle 4.337ms
[2026-03-25T21:45:18.777+0900][11.719s][info][gc,start    ] GC(230) Pause Young (Concurrent Start) (G1 Humongous Allocation)
[2026-03-25T21:45:18.777+0900][11.719s][info][gc,task     ] GC(230) Using 8 workers of 8 for evacuation
[2026-03-25T21:45:18.778+0900][11.720s][info][gc,phases   ] GC(230)   Pre Evacuate Collection Set: 0.6ms
[2026-03-25T21:45:18.778+0900][11.720s][info][gc,phases   ] GC(230)   Merge Heap Roots: 0.1ms
[2026-03-25T21:45:18.778+0900][11.720s][info][gc,phases   ] GC(230)   Evacuate Collection Set: 0.2ms
[2026-03-25T21:45:18.778+0900][11.720s][info][gc,phases   ] GC(230)   Post Evacuate Collection Set: 0.1ms
[2026-03-25T21:45:18.778+0900][11.720s][info][gc,phases   ] GC(230)   Other: 0.3ms
[2026-03-25T21:45:18.778+0900][11.720s][info][gc,heap     ] GC(230) Eden regions: 1->0(129)
[2026-03-25T21:45:18.778+0900][11.720s][info][gc,heap     ] GC(230) Survivor regions: 1->1(17)
[2026-03-25T21:45:18.778+0900][11.720s][info][gc,heap     ] GC(230) Old regions: 1->1
[2026-03-25T21:45:18.778+0900][11.720s][info][gc,heap     ] GC(230) Archive regions: 2->2
[2026-03-25T21:45:18.778+0900][11.720s][info][gc,heap     ] GC(230) Humongous regions: 252->252
[2026-03-25T21:45:18.778+0900][11.720s][info][gc,metaspace] GC(230) Metaspace: 174K(384K)->174K(384K) NonClass: 166K(256K)->166K(256K) Class: 7K(128K)->7K(128K)
[2026-03-25T21:45:18.778+0900][11.720s][info][gc          ] GC(230) Pause Young (Concurrent Start) (G1 Humongous Allocation) 253M->253M(429M) 1.447ms
[2026-03-25T21:45:18.778+0900][11.720s][info][gc,cpu      ] GC(230) User=0.00s Sys=0.00s Real=0.00s
[2026-03-25T21:45:18.778+0900][11.720s][info][gc          ] GC(231) Concurrent Mark Cycle
[2026-03-25T21:45:18.778+0900][11.720s][info][gc,marking  ] GC(231) Concurrent Clear Claimed Marks
[2026-03-25T21:45:18.778+0900][11.720s][info][gc,marking  ] GC(231) Concurrent Clear Claimed Marks 0.015ms
[2026-03-25T21:45:18.778+0900][11.720s][info][gc,marking  ] GC(231) Concurrent Scan Root Regions
[2026-03-25T21:45:18.778+0900][11.720s][info][gc,marking  ] GC(231) Concurrent Scan Root Regions 0.037ms
[2026-03-25T21:45:18.778+0900][11.720s][info][gc,marking  ] GC(231) Concurrent Mark
[2026-03-25T21:45:18.778+0900][11.720s][info][gc,marking  ] GC(231) Concurrent Mark From Roots
[2026-03-25T21:45:18.778+0900][11.720s][info][gc,task     ] GC(231) Using 2 workers of 2 for marking
[2026-03-25T21:45:18.780+0900][11.722s][info][gc,marking  ] GC(231) Concurrent Mark From Roots 1.838ms
[2026-03-25T21:45:18.780+0900][11.722s][info][gc,marking  ] GC(231) Concurrent Preclean
[2026-03-25T21:45:18.780+0900][11.722s][info][gc,marking  ] GC(231) Concurrent Preclean 0.038ms
[2026-03-25T21:45:18.780+0900][11.722s][info][gc,start    ] GC(231) Pause Remark
[2026-03-25T21:45:18.781+0900][11.723s][info][gc          ] GC(231) Pause Remark 254M->254M(429M) 0.313ms
[2026-03-25T21:45:18.781+0900][11.723s][info][gc,cpu      ] GC(231) User=0.00s Sys=0.00s Real=0.00s
[2026-03-25T21:45:18.781+0900][11.723s][info][gc,marking  ] GC(231) Concurrent Mark 2.368ms
[2026-03-25T21:45:18.781+0900][11.723s][info][gc,marking  ] GC(231) Concurrent Rebuild Remembered Sets
[2026-03-25T21:45:18.781+0900][11.723s][info][gc,marking  ] GC(231) Concurrent Rebuild Remembered Sets 0.530ms
[2026-03-25T21:45:18.781+0900][11.723s][info][gc,start    ] GC(231) Pause Cleanup
[2026-03-25T21:45:18.781+0900][11.724s][info][gc          ] GC(231) Pause Cleanup 254M->254M(429M) 0.137ms
[2026-03-25T21:45:18.781+0900][11.724s][info][gc,cpu      ] GC(231) User=0.00s Sys=0.00s Real=0.00s
[2026-03-25T21:45:18.782+0900][11.724s][info][gc,marking  ] GC(231) Concurrent Cleanup for Next Mark
[2026-03-25T21:45:18.782+0900][11.724s][info][gc,marking  ] GC(231) Concurrent Cleanup for Next Mark 0.377ms
[2026-03-25T21:45:18.782+0900][11.724s][info][gc          ] GC(231) Concurrent Mark Cycle 3.805ms
[2026-03-25T21:45:18.829+0900][11.771s][info][gc,start    ] GC(232) Pause Young (Concurrent Start) (G1 Humongous Allocation)
[2026-03-25T21:45:18.829+0900][11.771s][info][gc,task     ] GC(232) Using 8 workers of 8 for evacuation
[2026-03-25T21:45:18.829+0900][11.772s][info][gc,phases   ] GC(232)   Pre Evacuate Collection Set: 0.1ms
[2026-03-25T21:45:18.829+0900][11.772s][info][gc,phases   ] GC(232)   Merge Heap Roots: 0.1ms
[2026-03-25T21:45:18.829+0900][11.772s][info][gc,phases   ] GC(232)   Evacuate Collection Set: 0.2ms
[2026-03-25T21:45:18.830+0900][11.772s][info][gc,phases   ] GC(232)   Post Evacuate Collection Set: 0.1ms
[2026-03-25T21:45:18.830+0900][11.772s][info][gc,phases   ] GC(232)   Other: 0.2ms
[2026-03-25T21:45:18.830+0900][11.772s][info][gc,heap     ] GC(232) Eden regions: 1->0(128)
[2026-03-25T21:45:18.830+0900][11.772s][info][gc,heap     ] GC(232) Survivor regions: 1->1(17)
[2026-03-25T21:45:18.830+0900][11.772s][info][gc,heap     ] GC(232) Old regions: 1->1
[2026-03-25T21:45:18.830+0900][11.772s][info][gc,heap     ] GC(232) Archive regions: 2->2
[2026-03-25T21:45:18.830+0900][11.772s][info][gc,heap     ] GC(232) Humongous regions: 253->253
[2026-03-25T21:45:18.830+0900][11.772s][info][gc,metaspace] GC(232) Metaspace: 174K(384K)->174K(384K) NonClass: 166K(256K)->166K(256K) Class: 7K(128K)->7K(128K)
[2026-03-25T21:45:18.830+0900][11.772s][info][gc          ] GC(232) Pause Young (Concurrent Start) (G1 Humongous Allocation) 254M->254M(429M) 0.973ms
[2026-03-25T21:45:18.830+0900][11.772s][info][gc,cpu      ] GC(232) User=0.00s Sys=0.00s Real=0.01s
[2026-03-25T21:45:18.830+0900][11.772s][info][gc          ] GC(233) Concurrent Mark Cycle
[2026-03-25T21:45:18.830+0900][11.772s][info][gc,marking  ] GC(233) Concurrent Clear Claimed Marks
[2026-03-25T21:45:18.830+0900][11.772s][info][gc,marking  ] GC(233) Concurrent Clear Claimed Marks 0.046ms
[2026-03-25T21:45:18.830+0900][11.772s][info][gc,marking  ] GC(233) Concurrent Scan Root Regions
[2026-03-25T21:45:18.830+0900][11.772s][info][gc,marking  ] GC(233) Concurrent Scan Root Regions 0.188ms
[2026-03-25T21:45:18.830+0900][11.772s][info][gc,marking  ] GC(233) Concurrent Mark
[2026-03-25T21:45:18.830+0900][11.772s][info][gc,marking  ] GC(233) Concurrent Mark From Roots
[2026-03-25T21:45:18.830+0900][11.772s][info][gc,task     ] GC(233) Using 2 workers of 2 for marking
[2026-03-25T21:45:18.832+0900][11.774s][info][gc,marking  ] GC(233) Concurrent Mark From Roots 1.965ms
[2026-03-25T21:45:18.832+0900][11.774s][info][gc,marking  ] GC(233) Concurrent Preclean
[2026-03-25T21:45:18.832+0900][11.774s][info][gc,marking  ] GC(233) Concurrent Preclean 0.036ms
[2026-03-25T21:45:18.832+0900][11.774s][info][gc,start    ] GC(233) Pause Remark
[2026-03-25T21:45:18.833+0900][11.775s][info][gc          ] GC(233) Pause Remark 255M->255M(430M) 0.378ms
[2026-03-25T21:45:18.833+0900][11.775s][info][gc,cpu      ] GC(233) User=0.00s Sys=0.00s Real=0.00s
[2026-03-25T21:45:18.833+0900][11.775s][info][gc,marking  ] GC(233) Concurrent Mark 2.607ms
[2026-03-25T21:45:18.833+0900][11.775s][info][gc,marking  ] GC(233) Concurrent Rebuild Remembered Sets
[2026-03-25T21:45:18.833+0900][11.775s][info][gc,marking  ] GC(233) Concurrent Rebuild Remembered Sets 0.533ms
[2026-03-25T21:45:18.833+0900][11.775s][info][gc,start    ] GC(233) Pause Cleanup
[2026-03-25T21:45:18.833+0900][11.775s][info][gc          ] GC(233) Pause Cleanup 255M->255M(430M) 0.068ms
[2026-03-25T21:45:18.833+0900][11.775s][info][gc,cpu      ] GC(233) User=0.00s Sys=0.00s Real=0.00s
[2026-03-25T21:45:18.833+0900][11.776s][info][gc,marking  ] GC(233) Concurrent Cleanup for Next Mark
[2026-03-25T21:45:18.834+0900][11.776s][info][gc,marking  ] GC(233) Concurrent Cleanup for Next Mark 0.347ms
[2026-03-25T21:45:18.834+0900][11.776s][info][gc          ] GC(233) Concurrent Mark Cycle 4.052ms
[2026-03-25T21:45:18.880+0900][11.823s][info][gc,start    ] GC(234) Pause Young (Concurrent Start) (G1 Humongous Allocation)
[2026-03-25T21:45:18.881+0900][11.823s][info][gc,task     ] GC(234) Using 8 workers of 8 for evacuation
[2026-03-25T21:45:18.881+0900][11.823s][info][gc,phases   ] GC(234)   Pre Evacuate Collection Set: 0.1ms
[2026-03-25T21:45:18.881+0900][11.823s][info][gc,phases   ] GC(234)   Merge Heap Roots: 0.1ms
[2026-03-25T21:45:18.881+0900][11.823s][info][gc,phases   ] GC(234)   Evacuate Collection Set: 0.3ms
[2026-03-25T21:45:18.881+0900][11.824s][info][gc,phases   ] GC(234)   Post Evacuate Collection Set: 0.1ms
[2026-03-25T21:45:18.881+0900][11.824s][info][gc,phases   ] GC(234)   Other: 0.2ms
[2026-03-25T21:45:18.881+0900][11.824s][info][gc,heap     ] GC(234) Eden regions: 1->0(128)
[2026-03-25T21:45:18.881+0900][11.824s][info][gc,heap     ] GC(234) Survivor regions: 1->1(17)
[2026-03-25T21:45:18.881+0900][11.824s][info][gc,heap     ] GC(234) Old regions: 1->1
[2026-03-25T21:45:18.881+0900][11.824s][info][gc,heap     ] GC(234) Archive regions: 2->2
[2026-03-25T21:45:18.881+0900][11.824s][info][gc,heap     ] GC(234) Humongous regions: 254->254
[2026-03-25T21:45:18.881+0900][11.824s][info][gc,metaspace] GC(234) Metaspace: 174K(384K)->174K(384K) NonClass: 166K(256K)->166K(256K) Class: 7K(128K)->7K(128K)
[2026-03-25T21:45:18.881+0900][11.824s][info][gc          ] GC(234) Pause Young (Concurrent Start) (G1 Humongous Allocation) 255M->255M(430M) 0.983ms
[2026-03-25T21:45:18.881+0900][11.824s][info][gc,cpu      ] GC(234) User=0.00s Sys=0.00s Real=0.00s
[2026-03-25T21:45:18.882+0900][11.824s][info][gc          ] GC(235) Concurrent Mark Cycle
[2026-03-25T21:45:18.882+0900][11.824s][info][gc,marking  ] GC(235) Concurrent Clear Claimed Marks
[2026-03-25T21:45:18.882+0900][11.824s][info][gc,marking  ] GC(235) Concurrent Clear Claimed Marks 0.032ms
[2026-03-25T21:45:18.882+0900][11.824s][info][gc,marking  ] GC(235) Concurrent Scan Root Regions
[2026-03-25T21:45:18.882+0900][11.824s][info][gc,marking  ] GC(235) Concurrent Scan Root Regions 0.373ms
[2026-03-25T21:45:18.882+0900][11.824s][info][gc,marking  ] GC(235) Concurrent Mark
[2026-03-25T21:45:18.882+0900][11.824s][info][gc,marking  ] GC(235) Concurrent Mark From Roots
[2026-03-25T21:45:18.882+0900][11.824s][info][gc,task     ] GC(235) Using 2 workers of 2 for marking
[2026-03-25T21:45:18.885+0900][11.827s][info][gc,marking  ] GC(235) Concurrent Mark From Roots 2.664ms
[2026-03-25T21:45:18.885+0900][11.827s][info][gc,marking  ] GC(235) Concurrent Preclean
[2026-03-25T21:45:18.885+0900][11.827s][info][gc,marking  ] GC(235) Concurrent Preclean 0.044ms
[2026-03-25T21:45:18.885+0900][11.827s][info][gc,start    ] GC(235) Pause Remark
[2026-03-25T21:45:18.885+0900][11.828s][info][gc          ] GC(235) Pause Remark 256M->256M(432M) 0.374ms
[2026-03-25T21:45:18.885+0900][11.828s][info][gc,cpu      ] GC(235) User=0.00s Sys=0.00s Real=0.00s
[2026-03-25T21:45:18.886+0900][11.828s][info][gc,marking  ] GC(235) Concurrent Mark 3.262ms
[2026-03-25T21:45:18.886+0900][11.828s][info][gc,marking  ] GC(235) Concurrent Rebuild Remembered Sets
[2026-03-25T21:45:18.886+0900][11.828s][info][gc,marking  ] GC(235) Concurrent Rebuild Remembered Sets 0.524ms
[2026-03-25T21:45:18.886+0900][11.828s][info][gc,start    ] GC(235) Pause Cleanup
[2026-03-25T21:45:18.886+0900][11.828s][info][gc          ] GC(235) Pause Cleanup 256M->256M(432M) 0.069ms
[2026-03-25T21:45:18.886+0900][11.828s][info][gc,cpu      ] GC(235) User=0.00s Sys=0.00s Real=0.00s
[2026-03-25T21:45:18.886+0900][11.828s][info][gc,marking  ] GC(235) Concurrent Cleanup for Next Mark
[2026-03-25T21:45:18.887+0900][11.829s][info][gc,marking  ] GC(235) Concurrent Cleanup for Next Mark 0.322ms
[2026-03-25T21:45:18.887+0900][11.829s][info][gc          ] GC(235) Concurrent Mark Cycle 5.103ms
[2026-03-25T21:45:18.935+0900][11.877s][info][gc,start    ] GC(236) Pause Young (Concurrent Start) (G1 Humongous Allocation)
[2026-03-25T21:45:18.935+0900][11.877s][info][gc,task     ] GC(236) Using 8 workers of 8 for evacuation
[2026-03-25T21:45:18.936+0900][11.878s][info][gc,phases   ] GC(236)   Pre Evacuate Collection Set: 0.1ms
[2026-03-25T21:45:18.936+0900][11.878s][info][gc,phases   ] GC(236)   Merge Heap Roots: 0.1ms
[2026-03-25T21:45:18.936+0900][11.878s][info][gc,phases   ] GC(236)   Evacuate Collection Set: 0.3ms
[2026-03-25T21:45:18.936+0900][11.878s][info][gc,phases   ] GC(236)   Post Evacuate Collection Set: 0.2ms
[2026-03-25T21:45:18.936+0900][11.878s][info][gc,phases   ] GC(236)   Other: 0.3ms
[2026-03-25T21:45:18.936+0900][11.878s][info][gc,heap     ] GC(236) Eden regions: 1->0(128)
[2026-03-25T21:45:18.936+0900][11.878s][info][gc,heap     ] GC(236) Survivor regions: 1->1(17)
[2026-03-25T21:45:18.936+0900][11.879s][info][gc,heap     ] GC(236) Old regions: 1->1
[2026-03-25T21:45:18.936+0900][11.879s][info][gc,heap     ] GC(236) Archive regions: 2->2
[2026-03-25T21:45:18.936+0900][11.879s][info][gc,heap     ] GC(236) Humongous regions: 255->255
[2026-03-25T21:45:18.936+0900][11.879s][info][gc,metaspace] GC(236) Metaspace: 175K(384K)->175K(384K) NonClass: 168K(256K)->168K(256K) Class: 7K(128K)->7K(128K)
[2026-03-25T21:45:18.936+0900][11.879s][info][gc          ] GC(236) Pause Young (Concurrent Start) (G1 Humongous Allocation) 256M->256M(432M) 1.243ms
[2026-03-25T21:45:18.936+0900][11.879s][info][gc,cpu      ] GC(236) User=0.00s Sys=0.00s Real=0.00s
[2026-03-25T21:45:18.937+0900][11.879s][info][gc          ] GC(237) Concurrent Mark Cycle
[2026-03-25T21:45:18.937+0900][11.879s][info][gc,marking  ] GC(237) Concurrent Clear Claimed Marks
[2026-03-25T21:45:18.937+0900][11.879s][info][gc,marking  ] GC(237) Concurrent Clear Claimed Marks 0.028ms
[2026-03-25T21:45:18.937+0900][11.879s][info][gc,marking  ] GC(237) Concurrent Scan Root Regions
[2026-03-25T21:45:18.937+0900][11.879s][info][gc,marking  ] GC(237) Concurrent Scan Root Regions 0.062ms
[2026-03-25T21:45:18.937+0900][11.879s][info][gc,marking  ] GC(237) Concurrent Mark
[2026-03-25T21:45:18.937+0900][11.879s][info][gc,marking  ] GC(237) Concurrent Mark From Roots
[2026-03-25T21:45:18.937+0900][11.879s][info][gc,task     ] GC(237) Using 2 workers of 2 for marking
[2026-03-25T21:45:18.938+0900][11.881s][info][gc,marking  ] GC(237) Concurrent Mark From Roots 1.770ms
[2026-03-25T21:45:18.939+0900][11.881s][info][gc,marking  ] GC(237) Concurrent Preclean
[2026-03-25T21:45:18.939+0900][11.881s][info][gc,marking  ] GC(237) Concurrent Preclean 0.034ms
[2026-03-25T21:45:18.939+0900][11.881s][info][gc,start    ] GC(237) Pause Remark
[2026-03-25T21:45:18.939+0900][11.881s][info][gc          ] GC(237) Pause Remark 257M->257M(434M) 0.413ms
[2026-03-25T21:45:18.939+0900][11.881s][info][gc,cpu      ] GC(237) User=0.00s Sys=0.00s Real=0.00s
[2026-03-25T21:45:18.939+0900][11.881s][info][gc,marking  ] GC(237) Concurrent Mark 2.385ms
[2026-03-25T21:45:18.939+0900][11.881s][info][gc,marking  ] GC(237) Concurrent Rebuild Remembered Sets
[2026-03-25T21:45:18.940+0900][11.882s][info][gc,marking  ] GC(237) Concurrent Rebuild Remembered Sets 0.545ms
[2026-03-25T21:45:18.940+0900][11.882s][info][gc,start    ] GC(237) Pause Cleanup
[2026-03-25T21:45:18.940+0900][11.882s][info][gc          ] GC(237) Pause Cleanup 257M->257M(434M) 0.065ms
[2026-03-25T21:45:18.940+0900][11.882s][info][gc,cpu      ] GC(237) User=0.00s Sys=0.00s Real=0.00s
[2026-03-25T21:45:18.940+0900][11.882s][info][gc,marking  ] GC(237) Concurrent Cleanup for Next Mark
[2026-03-25T21:45:18.940+0900][11.882s][info][gc,marking  ] GC(237) Concurrent Cleanup for Next Mark 0.341ms
[2026-03-25T21:45:18.940+0900][11.882s][info][gc          ] GC(237) Concurrent Mark Cycle 3.694ms
[2026-03-25T21:45:18.992+0900][11.934s][info][gc,start    ] GC(238) Pause Young (Concurrent Start) (G1 Humongous Allocation)
[2026-03-25T21:45:18.992+0900][11.934s][info][gc,task     ] GC(238) Using 8 workers of 8 for evacuation
[2026-03-25T21:45:18.993+0900][11.935s][info][gc,phases   ] GC(238)   Pre Evacuate Collection Set: 0.1ms
[2026-03-25T21:45:18.993+0900][11.935s][info][gc,phases   ] GC(238)   Merge Heap Roots: 0.1ms
[2026-03-25T21:45:18.993+0900][11.935s][info][gc,phases   ] GC(238)   Evacuate Collection Set: 0.2ms
[2026-03-25T21:45:18.993+0900][11.935s][info][gc,phases   ] GC(238)   Post Evacuate Collection Set: 0.2ms
[2026-03-25T21:45:18.993+0900][11.935s][info][gc,phases   ] GC(238)   Other: 0.2ms
[2026-03-25T21:45:18.993+0900][11.935s][info][gc,heap     ] GC(238) Eden regions: 1->0(129)
[2026-03-25T21:45:18.993+0900][11.935s][info][gc,heap     ] GC(238) Survivor regions: 1->1(17)
[2026-03-25T21:45:18.993+0900][11.935s][info][gc,heap     ] GC(238) Old regions: 1->1
[2026-03-25T21:45:18.993+0900][11.935s][info][gc,heap     ] GC(238) Archive regions: 2->2
[2026-03-25T21:45:18.993+0900][11.935s][info][gc,heap     ] GC(238) Humongous regions: 256->256
[2026-03-25T21:45:18.993+0900][11.935s][info][gc,metaspace] GC(238) Metaspace: 175K(384K)->175K(384K) NonClass: 168K(256K)->168K(256K) Class: 7K(128K)->7K(128K)
[2026-03-25T21:45:18.993+0900][11.935s][info][gc          ] GC(238) Pause Young (Concurrent Start) (G1 Humongous Allocation) 257M->257M(434M) 1.131ms
[2026-03-25T21:45:18.993+0900][11.935s][info][gc,cpu      ] GC(238) User=0.00s Sys=0.00s Real=0.00s
[2026-03-25T21:45:18.993+0900][11.935s][info][gc          ] GC(239) Concurrent Mark Cycle
[2026-03-25T21:45:18.993+0900][11.935s][info][gc,marking  ] GC(239) Concurrent Clear Claimed Marks
[2026-03-25T21:45:18.993+0900][11.935s][info][gc,marking  ] GC(239) Concurrent Clear Claimed Marks 0.016ms
[2026-03-25T21:45:18.993+0900][11.935s][info][gc,marking  ] GC(239) Concurrent Scan Root Regions
[2026-03-25T21:45:18.993+0900][11.935s][info][gc,marking  ] GC(239) Concurrent Scan Root Regions 0.038ms
[2026-03-25T21:45:18.993+0900][11.935s][info][gc,marking  ] GC(239) Concurrent Mark
[2026-03-25T21:45:18.993+0900][11.935s][info][gc,marking  ] GC(239) Concurrent Mark From Roots
[2026-03-25T21:45:18.993+0900][11.935s][info][gc,task     ] GC(239) Using 2 workers of 2 for marking
[2026-03-25T21:45:18.995+0900][11.938s][info][gc,marking  ] GC(239) Concurrent Mark From Roots 2.130ms
[2026-03-25T21:45:18.995+0900][11.938s][info][gc,marking  ] GC(239) Concurrent Preclean
[2026-03-25T21:45:18.995+0900][11.938s][info][gc,marking  ] GC(239) Concurrent Preclean 0.038ms
[2026-03-25T21:45:18.996+0900][11.938s][info][gc,start    ] GC(239) Pause Remark
[2026-03-25T21:45:18.996+0900][11.938s][info][gc          ] GC(239) Pause Remark 258M->258M(435M) 0.590ms
[2026-03-25T21:45:18.996+0900][11.938s][info][gc,cpu      ] GC(239) User=0.01s Sys=0.00s Real=0.00s
[2026-03-25T21:45:18.996+0900][11.938s][info][gc,marking  ] GC(239) Concurrent Mark 3.031ms
[2026-03-25T21:45:18.996+0900][11.938s][info][gc,marking  ] GC(239) Concurrent Rebuild Remembered Sets
[2026-03-25T21:45:18.997+0900][11.939s][info][gc,marking  ] GC(239) Concurrent Rebuild Remembered Sets 0.547ms
[2026-03-25T21:45:18.997+0900][11.939s][info][gc,start    ] GC(239) Pause Cleanup
[2026-03-25T21:45:18.997+0900][11.939s][info][gc          ] GC(239) Pause Cleanup 258M->258M(435M) 0.079ms
[2026-03-25T21:45:18.997+0900][11.939s][info][gc,cpu      ] GC(239) User=0.00s Sys=0.00s Real=0.00s
[2026-03-25T21:45:18.997+0900][11.939s][info][gc,marking  ] GC(239) Concurrent Cleanup for Next Mark
[2026-03-25T21:45:18.997+0900][11.939s][info][gc,marking  ] GC(239) Concurrent Cleanup for Next Mark 0.369ms
[2026-03-25T21:45:18.997+0900][11.940s][info][gc          ] GC(239) Concurrent Mark Cycle 4.376ms
[2026-03-25T21:45:19.048+0900][11.990s][info][gc,start    ] GC(240) Pause Young (Concurrent Start) (G1 Humongous Allocation)
[2026-03-25T21:45:19.048+0900][11.990s][info][gc,task     ] GC(240) Using 8 workers of 8 for evacuation
[2026-03-25T21:45:19.048+0900][11.991s][info][gc,phases   ] GC(240)   Pre Evacuate Collection Set: 0.1ms
[2026-03-25T21:45:19.049+0900][11.991s][info][gc,phases   ] GC(240)   Merge Heap Roots: 0.1ms
[2026-03-25T21:45:19.049+0900][11.991s][info][gc,phases   ] GC(240)   Evacuate Collection Set: 0.2ms
[2026-03-25T21:45:19.049+0900][11.991s][info][gc,phases   ] GC(240)   Post Evacuate Collection Set: 0.1ms
[2026-03-25T21:45:19.049+0900][11.991s][info][gc,phases   ] GC(240)   Other: 0.3ms
[2026-03-25T21:45:19.049+0900][11.991s][info][gc,heap     ] GC(240) Eden regions: 1->0(129)
[2026-03-25T21:45:19.049+0900][11.991s][info][gc,heap     ] GC(240) Survivor regions: 1->1(17)
[2026-03-25T21:45:19.049+0900][11.991s][info][gc,heap     ] GC(240) Old regions: 1->1
[2026-03-25T21:45:19.049+0900][11.991s][info][gc,heap     ] GC(240) Archive regions: 2->2
[2026-03-25T21:45:19.049+0900][11.991s][info][gc,heap     ] GC(240) Humongous regions: 257->257
[2026-03-25T21:45:19.049+0900][11.991s][info][gc,metaspace] GC(240) Metaspace: 176K(384K)->176K(384K) NonClass: 168K(256K)->168K(256K) Class: 7K(128K)->7K(128K)
[2026-03-25T21:45:19.049+0900][11.991s][info][gc          ] GC(240) Pause Young (Concurrent Start) (G1 Humongous Allocation) 258M->258M(435M) 0.993ms
[2026-03-25T21:45:19.049+0900][11.991s][info][gc,cpu      ] GC(240) User=0.00s Sys=0.00s Real=0.00s
[2026-03-25T21:45:19.049+0900][11.991s][info][gc          ] GC(241) Concurrent Mark Cycle
[2026-03-25T21:45:19.049+0900][11.991s][info][gc,marking  ] GC(241) Concurrent Clear Claimed Marks
[2026-03-25T21:45:19.049+0900][11.991s][info][gc,marking  ] GC(241) Concurrent Clear Claimed Marks 0.015ms
[2026-03-25T21:45:19.049+0900][11.991s][info][gc,marking  ] GC(241) Concurrent Scan Root Regions
[2026-03-25T21:45:19.050+0900][11.992s][info][gc,marking  ] GC(241) Concurrent Scan Root Regions 0.772ms
[2026-03-25T21:45:19.050+0900][11.992s][info][gc,marking  ] GC(241) Concurrent Mark
[2026-03-25T21:45:19.050+0900][11.992s][info][gc,marking  ] GC(241) Concurrent Mark From Roots
[2026-03-25T21:45:19.050+0900][11.992s][info][gc,task     ] GC(241) Using 2 workers of 2 for marking
[2026-03-25T21:45:19.052+0900][11.994s][info][gc,marking  ] GC(241) Concurrent Mark From Roots 2.593ms
[2026-03-25T21:45:19.052+0900][11.994s][info][gc,marking  ] GC(241) Concurrent Preclean
[2026-03-25T21:45:19.052+0900][11.995s][info][gc,marking  ] GC(241) Concurrent Preclean 0.038ms
[2026-03-25T21:45:19.052+0900][11.995s][info][gc,start    ] GC(241) Pause Remark
[2026-03-25T21:45:19.053+0900][11.995s][info][gc          ] GC(241) Pause Remark 259M->259M(437M) 0.400ms
[2026-03-25T21:45:19.053+0900][11.995s][info][gc,cpu      ] GC(241) User=0.00s Sys=0.01s Real=0.00s
[2026-03-25T21:45:19.053+0900][11.995s][info][gc,marking  ] GC(241) Concurrent Mark 3.246ms
[2026-03-25T21:45:19.053+0900][11.995s][info][gc,marking  ] GC(241) Concurrent Rebuild Remembered Sets
[2026-03-25T21:45:19.053+0900][11.996s][info][gc,marking  ] GC(241) Concurrent Rebuild Remembered Sets 0.569ms
[2026-03-25T21:45:19.054+0900][11.996s][info][gc,start    ] GC(241) Pause Cleanup
[2026-03-25T21:45:19.054+0900][11.996s][info][gc          ] GC(241) Pause Cleanup 259M->259M(437M) 0.095ms
[2026-03-25T21:45:19.054+0900][11.996s][info][gc,cpu      ] GC(241) User=0.00s Sys=0.00s Real=0.00s
[2026-03-25T21:45:19.054+0900][11.996s][info][gc,marking  ] GC(241) Concurrent Cleanup for Next Mark
[2026-03-25T21:45:19.054+0900][11.996s][info][gc,marking  ] GC(241) Concurrent Cleanup for Next Mark 0.441ms
[2026-03-25T21:45:19.054+0900][11.996s][info][gc          ] GC(241) Concurrent Mark Cycle 5.495ms
[2026-03-25T21:45:19.101+0900][12.043s][info][gc,start    ] GC(242) Pause Young (Concurrent Start) (G1 Humongous Allocation)
[2026-03-25T21:45:19.101+0900][12.043s][info][gc,task     ] GC(242) Using 8 workers of 8 for evacuation
[2026-03-25T21:45:19.102+0900][12.044s][info][gc,phases   ] GC(242)   Pre Evacuate Collection Set: 0.1ms
[2026-03-25T21:45:19.102+0900][12.044s][info][gc,phases   ] GC(242)   Merge Heap Roots: 0.1ms
[2026-03-25T21:45:19.102+0900][12.044s][info][gc,phases   ] GC(242)   Evacuate Collection Set: 0.2ms
[2026-03-25T21:45:19.102+0900][12.044s][info][gc,phases   ] GC(242)   Post Evacuate Collection Set: 0.1ms
[2026-03-25T21:45:19.102+0900][12.044s][info][gc,phases   ] GC(242)   Other: 0.2ms
[2026-03-25T21:45:19.102+0900][12.044s][info][gc,heap     ] GC(242) Eden regions: 1->0(130)
[2026-03-25T21:45:19.102+0900][12.044s][info][gc,heap     ] GC(242) Survivor regions: 1->1(17)
[2026-03-25T21:45:19.102+0900][12.044s][info][gc,heap     ] GC(242) Old regions: 1->1
[2026-03-25T21:45:19.102+0900][12.044s][info][gc,heap     ] GC(242) Archive regions: 2->2
[2026-03-25T21:45:19.102+0900][12.044s][info][gc,heap     ] GC(242) Humongous regions: 258->258
[2026-03-25T21:45:19.102+0900][12.044s][info][gc,metaspace] GC(242) Metaspace: 176K(384K)->176K(384K) NonClass: 169K(256K)->169K(256K) Class: 7K(128K)->7K(128K)
[2026-03-25T21:45:19.102+0900][12.044s][info][gc          ] GC(242) Pause Young (Concurrent Start) (G1 Humongous Allocation) 259M->259M(437M) 0.864ms
[2026-03-25T21:45:19.102+0900][12.044s][info][gc,cpu      ] GC(242) User=0.00s Sys=0.00s Real=0.00s
[2026-03-25T21:45:19.102+0900][12.044s][info][gc          ] GC(243) Concurrent Mark Cycle
[2026-03-25T21:45:19.102+0900][12.044s][info][gc,marking  ] GC(243) Concurrent Clear Claimed Marks
[2026-03-25T21:45:19.102+0900][12.044s][info][gc,marking  ] GC(243) Concurrent Clear Claimed Marks 0.012ms
[2026-03-25T21:45:19.102+0900][12.044s][info][gc,marking  ] GC(243) Concurrent Scan Root Regions
[2026-03-25T21:45:19.102+0900][12.044s][info][gc,marking  ] GC(243) Concurrent Scan Root Regions 0.041ms
[2026-03-25T21:45:19.102+0900][12.044s][info][gc,marking  ] GC(243) Concurrent Mark
[2026-03-25T21:45:19.102+0900][12.044s][info][gc,marking  ] GC(243) Concurrent Mark From Roots
[2026-03-25T21:45:19.102+0900][12.044s][info][gc,task     ] GC(243) Using 2 workers of 2 for marking
[2026-03-25T21:45:19.104+0900][12.046s][info][gc,marking  ] GC(243) Concurrent Mark From Roots 1.724ms
[2026-03-25T21:45:19.104+0900][12.046s][info][gc,marking  ] GC(243) Concurrent Preclean
[2026-03-25T21:45:19.104+0900][12.046s][info][gc,marking  ] GC(243) Concurrent Preclean 0.036ms
[2026-03-25T21:45:19.104+0900][12.046s][info][gc,start    ] GC(243) Pause Remark
[2026-03-25T21:45:19.104+0900][12.047s][info][gc          ] GC(243) Pause Remark 260M->260M(439M) 0.345ms
[2026-03-25T21:45:19.104+0900][12.047s][info][gc,cpu      ] GC(243) User=0.00s Sys=0.00s Real=0.00s
[2026-03-25T21:45:19.104+0900][12.047s][info][gc,marking  ] GC(243) Concurrent Mark 2.273ms
[2026-03-25T21:45:19.104+0900][12.047s][info][gc,marking  ] GC(243) Concurrent Rebuild Remembered Sets
[2026-03-25T21:45:19.105+0900][12.047s][info][gc,marking  ] GC(243) Concurrent Rebuild Remembered Sets 0.522ms
[2026-03-25T21:45:19.105+0900][12.047s][info][gc,start    ] GC(243) Pause Cleanup
[2026-03-25T21:45:19.105+0900][12.047s][info][gc          ] GC(243) Pause Cleanup 260M->260M(439M) 0.095ms
[2026-03-25T21:45:19.105+0900][12.047s][info][gc,cpu      ] GC(243) User=0.00s Sys=0.00s Real=0.00s
[2026-03-25T21:45:19.105+0900][12.047s][info][gc,marking  ] GC(243) Concurrent Cleanup for Next Mark
[2026-03-25T21:45:19.105+0900][12.048s][info][gc,marking  ] GC(243) Concurrent Cleanup for Next Mark 0.291ms
[2026-03-25T21:45:19.106+0900][12.048s][info][gc          ] GC(243) Concurrent Mark Cycle 3.454ms
[2026-03-25T21:45:19.155+0900][12.097s][info][gc,start    ] GC(244) Pause Young (Concurrent Start) (G1 Humongous Allocation)
[2026-03-25T21:45:19.155+0900][12.097s][info][gc,task     ] GC(244) Using 8 workers of 8 for evacuation
[2026-03-25T21:45:19.155+0900][12.098s][info][gc,phases   ] GC(244)   Pre Evacuate Collection Set: 0.1ms
[2026-03-25T21:45:19.156+0900][12.098s][info][gc,phases   ] GC(244)   Merge Heap Roots: 0.1ms
[2026-03-25T21:45:19.156+0900][12.098s][info][gc,phases   ] GC(244)   Evacuate Collection Set: 0.2ms
[2026-03-25T21:45:19.156+0900][12.098s][info][gc,phases   ] GC(244)   Post Evacuate Collection Set: 0.1ms
[2026-03-25T21:45:19.156+0900][12.098s][info][gc,phases   ] GC(244)   Other: 0.2ms
[2026-03-25T21:45:19.156+0900][12.098s][info][gc,heap     ] GC(244) Eden regions: 1->0(131)
[2026-03-25T21:45:19.156+0900][12.098s][info][gc,heap     ] GC(244) Survivor regions: 1->1(17)
[2026-03-25T21:45:19.156+0900][12.098s][info][gc,heap     ] GC(244) Old regions: 1->1
[2026-03-25T21:45:19.156+0900][12.098s][info][gc,heap     ] GC(244) Archive regions: 2->2
[2026-03-25T21:45:19.156+0900][12.098s][info][gc,heap     ] GC(244) Humongous regions: 259->259
[2026-03-25T21:45:19.156+0900][12.098s][info][gc,metaspace] GC(244) Metaspace: 178K(384K)->178K(384K) NonClass: 170K(256K)->170K(256K) Class: 7K(128K)->7K(128K)
[2026-03-25T21:45:19.156+0900][12.098s][info][gc          ] GC(244) Pause Young (Concurrent Start) (G1 Humongous Allocation) 260M->260M(439M) 0.861ms
[2026-03-25T21:45:19.156+0900][12.098s][info][gc,cpu      ] GC(244) User=0.00s Sys=0.00s Real=0.00s
[2026-03-25T21:45:19.156+0900][12.098s][info][gc          ] GC(245) Concurrent Mark Cycle
[2026-03-25T21:45:19.156+0900][12.098s][info][gc,marking  ] GC(245) Concurrent Clear Claimed Marks
[2026-03-25T21:45:19.156+0900][12.098s][info][gc,marking  ] GC(245) Concurrent Clear Claimed Marks 0.015ms
[2026-03-25T21:45:19.156+0900][12.098s][info][gc,marking  ] GC(245) Concurrent Scan Root Regions
[2026-03-25T21:45:19.156+0900][12.098s][info][gc,marking  ] GC(245) Concurrent Scan Root Regions 0.038ms
[2026-03-25T21:45:19.156+0900][12.098s][info][gc,marking  ] GC(245) Concurrent Mark
[2026-03-25T21:45:19.156+0900][12.098s][info][gc,marking  ] GC(245) Concurrent Mark From Roots
[2026-03-25T21:45:19.156+0900][12.098s][info][gc,task     ] GC(245) Using 2 workers of 2 for marking
[2026-03-25T21:45:19.158+0900][12.100s][info][gc,marking  ] GC(245) Concurrent Mark From Roots 1.861ms
[2026-03-25T21:45:19.158+0900][12.100s][info][gc,marking  ] GC(245) Concurrent Preclean
[2026-03-25T21:45:19.158+0900][12.100s][info][gc,marking  ] GC(245) Concurrent Preclean 0.037ms
[2026-03-25T21:45:19.158+0900][12.100s][info][gc,start    ] GC(245) Pause Remark
[2026-03-25T21:45:19.158+0900][12.101s][info][gc          ] GC(245) Pause Remark 261M->261M(440M) 0.462ms
[2026-03-25T21:45:19.158+0900][12.101s][info][gc,cpu      ] GC(245) User=0.00s Sys=0.00s Real=0.00s
[2026-03-25T21:45:19.158+0900][12.101s][info][gc,marking  ] GC(245) Concurrent Mark 2.606ms
[2026-03-25T21:45:19.158+0900][12.101s][info][gc,marking  ] GC(245) Concurrent Rebuild Remembered Sets
[2026-03-25T21:45:19.159+0900][12.102s][info][gc,marking  ] GC(245) Concurrent Rebuild Remembered Sets 0.874ms
[2026-03-25T21:45:19.159+0900][12.102s][info][gc,start    ] GC(245) Pause Cleanup
[2026-03-25T21:45:19.160+0900][12.102s][info][gc          ] GC(245) Pause Cleanup 261M->261M(440M) 0.111ms
[2026-03-25T21:45:19.160+0900][12.102s][info][gc,cpu      ] GC(245) User=0.00s Sys=0.00s Real=0.01s
[2026-03-25T21:45:19.160+0900][12.102s][info][gc,marking  ] GC(245) Concurrent Cleanup for Next Mark
[2026-03-25T21:45:19.160+0900][12.102s][info][gc,marking  ] GC(245) Concurrent Cleanup for Next Mark 0.439ms
[2026-03-25T21:45:19.160+0900][12.102s][info][gc          ] GC(245) Concurrent Mark Cycle 4.492ms
[2026-03-25T21:45:19.207+0900][12.149s][info][gc,start    ] GC(246) Pause Young (Concurrent Start) (G1 Humongous Allocation)
[2026-03-25T21:45:19.207+0900][12.150s][info][gc,task     ] GC(246) Using 8 workers of 8 for evacuation
[2026-03-25T21:45:19.208+0900][12.151s][info][gc,phases   ] GC(246)   Pre Evacuate Collection Set: 0.2ms
[2026-03-25T21:45:19.208+0900][12.151s][info][gc,phases   ] GC(246)   Merge Heap Roots: 0.2ms
[2026-03-25T21:45:19.208+0900][12.151s][info][gc,phases   ] GC(246)   Evacuate Collection Set: 0.3ms
[2026-03-25T21:45:19.208+0900][12.151s][info][gc,phases   ] GC(246)   Post Evacuate Collection Set: 0.2ms
[2026-03-25T21:45:19.208+0900][12.151s][info][gc,phases   ] GC(246)   Other: 0.3ms
[2026-03-25T21:45:19.209+0900][12.151s][info][gc,heap     ] GC(246) Eden regions: 1->0(131)
[2026-03-25T21:45:19.209+0900][12.151s][info][gc,heap     ] GC(246) Survivor regions: 1->1(17)
[2026-03-25T21:45:19.209+0900][12.151s][info][gc,heap     ] GC(246) Old regions: 1->1
[2026-03-25T21:45:19.209+0900][12.151s][info][gc,heap     ] GC(246) Archive regions: 2->2
[2026-03-25T21:45:19.209+0900][12.151s][info][gc,heap     ] GC(246) Humongous regions: 260->260
[2026-03-25T21:45:19.209+0900][12.151s][info][gc,metaspace] GC(246) Metaspace: 178K(384K)->178K(384K) NonClass: 170K(256K)->170K(256K) Class: 7K(128K)->7K(128K)
[2026-03-25T21:45:19.209+0900][12.151s][info][gc          ] GC(246) Pause Young (Concurrent Start) (G1 Humongous Allocation) 261M->261M(440M) 1.428ms
[2026-03-25T21:45:19.209+0900][12.151s][info][gc,cpu      ] GC(246) User=0.00s Sys=0.00s Real=0.00s
[2026-03-25T21:45:19.209+0900][12.151s][info][gc          ] GC(247) Concurrent Mark Cycle
[2026-03-25T21:45:19.209+0900][12.151s][info][gc,marking  ] GC(247) Concurrent Clear Claimed Marks
[2026-03-25T21:45:19.209+0900][12.151s][info][gc,marking  ] GC(247) Concurrent Clear Claimed Marks 0.028ms
[2026-03-25T21:45:19.209+0900][12.151s][info][gc,marking  ] GC(247) Concurrent Scan Root Regions
[2026-03-25T21:45:19.209+0900][12.151s][info][gc,marking  ] GC(247) Concurrent Scan Root Regions 0.105ms
[2026-03-25T21:45:19.209+0900][12.151s][info][gc,marking  ] GC(247) Concurrent Mark
[2026-03-25T21:45:19.209+0900][12.151s][info][gc,marking  ] GC(247) Concurrent Mark From Roots
[2026-03-25T21:45:19.209+0900][12.151s][info][gc,task     ] GC(247) Using 2 workers of 2 for marking
[2026-03-25T21:45:19.212+0900][12.154s][info][gc,marking  ] GC(247) Concurrent Mark From Roots 3.218ms
[2026-03-25T21:45:19.212+0900][12.155s][info][gc,marking  ] GC(247) Concurrent Preclean
[2026-03-25T21:45:19.212+0900][12.155s][info][gc,marking  ] GC(247) Concurrent Preclean 0.043ms
[2026-03-25T21:45:19.212+0900][12.155s][info][gc,start    ] GC(247) Pause Remark
[2026-03-25T21:45:19.213+0900][12.155s][info][gc          ] GC(247) Pause Remark 262M->262M(442M) 0.468ms
[2026-03-25T21:45:19.213+0900][12.155s][info][gc,cpu      ] GC(247) User=0.00s Sys=0.00s Real=0.00s
[2026-03-25T21:45:19.213+0900][12.155s][info][gc,marking  ] GC(247) Concurrent Mark 3.961ms
[2026-03-25T21:45:19.213+0900][12.155s][info][gc,marking  ] GC(247) Concurrent Rebuild Remembered Sets
[2026-03-25T21:45:19.214+0900][12.156s][info][gc,marking  ] GC(247) Concurrent Rebuild Remembered Sets 0.560ms
[2026-03-25T21:45:19.214+0900][12.156s][info][gc,start    ] GC(247) Pause Cleanup
[2026-03-25T21:45:19.214+0900][12.156s][info][gc          ] GC(247) Pause Cleanup 262M->262M(442M) 0.083ms
[2026-03-25T21:45:19.214+0900][12.156s][info][gc,cpu      ] GC(247) User=0.00s Sys=0.00s Real=0.00s
[2026-03-25T21:45:19.214+0900][12.156s][info][gc,marking  ] GC(247) Concurrent Cleanup for Next Mark
[2026-03-25T21:45:19.214+0900][12.156s][info][gc,marking  ] GC(247) Concurrent Cleanup for Next Mark 0.340ms
[2026-03-25T21:45:19.214+0900][12.156s][info][gc          ] GC(247) Concurrent Mark Cycle 5.407ms
[2026-03-25T21:45:19.260+0900][12.203s][info][gc,start    ] GC(248) Pause Young (Concurrent Start) (G1 Humongous Allocation)
[2026-03-25T21:45:19.260+0900][12.203s][info][gc,task     ] GC(248) Using 8 workers of 8 for evacuation
[2026-03-25T21:45:19.261+0900][12.203s][info][gc,phases   ] GC(248)   Pre Evacuate Collection Set: 0.1ms
[2026-03-25T21:45:19.261+0900][12.203s][info][gc,phases   ] GC(248)   Merge Heap Roots: 0.1ms
[2026-03-25T21:45:19.261+0900][12.203s][info][gc,phases   ] GC(248)   Evacuate Collection Set: 0.2ms
[2026-03-25T21:45:19.261+0900][12.203s][info][gc,phases   ] GC(248)   Post Evacuate Collection Set: 0.2ms
[2026-03-25T21:45:19.261+0900][12.203s][info][gc,phases   ] GC(248)   Other: 0.2ms
[2026-03-25T21:45:19.261+0900][12.203s][info][gc,heap     ] GC(248) Eden regions: 1->0(135)
[2026-03-25T21:45:19.261+0900][12.203s][info][gc,heap     ] GC(248) Survivor regions: 1->1(17)
[2026-03-25T21:45:19.261+0900][12.203s][info][gc,heap     ] GC(248) Old regions: 1->1
[2026-03-25T21:45:19.261+0900][12.203s][info][gc,heap     ] GC(248) Archive regions: 2->2
[2026-03-25T21:45:19.261+0900][12.203s][info][gc,heap     ] GC(248) Humongous regions: 261->261
[2026-03-25T21:45:19.261+0900][12.203s][info][gc,metaspace] GC(248) Metaspace: 178K(384K)->178K(384K) NonClass: 170K(256K)->170K(256K) Class: 7K(128K)->7K(128K)
[2026-03-25T21:45:19.261+0900][12.203s][info][gc          ] GC(248) Pause Young (Concurrent Start) (G1 Humongous Allocation) 262M->262M(446M) 0.878ms
[2026-03-25T21:45:19.261+0900][12.203s][info][gc,cpu      ] GC(248) User=0.00s Sys=0.00s Real=0.00s
[2026-03-25T21:45:19.261+0900][12.203s][info][gc          ] GC(249) Concurrent Mark Cycle
[2026-03-25T21:45:19.261+0900][12.203s][info][gc,marking  ] GC(249) Concurrent Clear Claimed Marks
[2026-03-25T21:45:19.261+0900][12.203s][info][gc,marking  ] GC(249) Concurrent Clear Claimed Marks 0.012ms
[2026-03-25T21:45:19.261+0900][12.204s][info][gc,marking  ] GC(249) Concurrent Scan Root Regions
[2026-03-25T21:45:19.261+0900][12.204s][info][gc,marking  ] GC(249) Concurrent Scan Root Regions 0.036ms
[2026-03-25T21:45:19.261+0900][12.204s][info][gc,marking  ] GC(249) Concurrent Mark
[2026-03-25T21:45:19.261+0900][12.204s][info][gc,marking  ] GC(249) Concurrent Mark From Roots
[2026-03-25T21:45:19.261+0900][12.204s][info][gc,task     ] GC(249) Using 2 workers of 2 for marking
[2026-03-25T21:45:19.263+0900][12.205s][info][gc,marking  ] GC(249) Concurrent Mark From Roots 1.739ms
[2026-03-25T21:45:19.263+0900][12.205s][info][gc,marking  ] GC(249) Concurrent Preclean
[2026-03-25T21:45:19.263+0900][12.205s][info][gc,marking  ] GC(249) Concurrent Preclean 0.035ms
[2026-03-25T21:45:19.263+0900][12.205s][info][gc,start    ] GC(249) Pause Remark
[2026-03-25T21:45:19.264+0900][12.206s][info][gc          ] GC(249) Pause Remark 265M->265M(449M) 0.349ms
[2026-03-25T21:45:19.264+0900][12.206s][info][gc,cpu      ] GC(249) User=0.00s Sys=0.00s Real=0.00s
[2026-03-25T21:45:19.264+0900][12.206s][info][gc,marking  ] GC(249) Concurrent Mark 2.248ms
[2026-03-25T21:45:19.264+0900][12.206s][info][gc,marking  ] GC(249) Concurrent Rebuild Remembered Sets
[2026-03-25T21:45:19.264+0900][12.206s][info][gc,marking  ] GC(249) Concurrent Rebuild Remembered Sets 0.547ms
[2026-03-25T21:45:19.264+0900][12.206s][info][gc,start    ] GC(249) Pause Cleanup
[2026-03-25T21:45:19.264+0900][12.206s][info][gc          ] GC(249) Pause Cleanup 265M->265M(449M) 0.075ms
[2026-03-25T21:45:19.264+0900][12.207s][info][gc,cpu      ] GC(249) User=0.00s Sys=0.00s Real=0.00s
[2026-03-25T21:45:19.264+0900][12.207s][info][gc,marking  ] GC(249) Concurrent Cleanup for Next Mark
[2026-03-25T21:45:19.265+0900][12.207s][info][gc,marking  ] GC(249) Concurrent Cleanup for Next Mark 0.368ms
[2026-03-25T21:45:19.265+0900][12.207s][info][gc          ] GC(249) Concurrent Mark Cycle 3.545ms
[2026-03-25T21:45:19.317+0900][12.259s][info][gc,start    ] GC(250) Pause Young (Concurrent Start) (G1 Humongous Allocation)
[2026-03-25T21:45:19.317+0900][12.259s][info][gc,task     ] GC(250) Using 8 workers of 8 for evacuation
[2026-03-25T21:45:19.318+0900][12.260s][info][gc,phases   ] GC(250)   Pre Evacuate Collection Set: 0.1ms
[2026-03-25T21:45:19.318+0900][12.260s][info][gc,phases   ] GC(250)   Merge Heap Roots: 0.1ms
[2026-03-25T21:45:19.318+0900][12.260s][info][gc,phases   ] GC(250)   Evacuate Collection Set: 0.2ms
[2026-03-25T21:45:19.318+0900][12.260s][info][gc,phases   ] GC(250)   Post Evacuate Collection Set: 0.1ms
[2026-03-25T21:45:19.318+0900][12.260s][info][gc,phases   ] GC(250)   Other: 0.2ms
[2026-03-25T21:45:19.318+0900][12.260s][info][gc,heap     ] GC(250) Eden regions: 1->0(135)
[2026-03-25T21:45:19.318+0900][12.260s][info][gc,heap     ] GC(250) Survivor regions: 1->1(17)
[2026-03-25T21:45:19.318+0900][12.260s][info][gc,heap     ] GC(250) Old regions: 1->1
[2026-03-25T21:45:19.318+0900][12.260s][info][gc,heap     ] GC(250) Archive regions: 2->2
[2026-03-25T21:45:19.318+0900][12.260s][info][gc,heap     ] GC(250) Humongous regions: 264->264
[2026-03-25T21:45:19.318+0900][12.260s][info][gc,metaspace] GC(250) Metaspace: 178K(384K)->178K(384K) NonClass: 170K(256K)->170K(256K) Class: 7K(128K)->7K(128K)
[2026-03-25T21:45:19.318+0900][12.260s][info][gc          ] GC(250) Pause Young (Concurrent Start) (G1 Humongous Allocation) 265M->265M(449M) 0.964ms
[2026-03-25T21:45:19.318+0900][12.260s][info][gc,cpu      ] GC(250) User=0.01s Sys=0.00s Real=0.00s
[2026-03-25T21:45:19.318+0900][12.260s][info][gc          ] GC(251) Concurrent Mark Cycle
[2026-03-25T21:45:19.318+0900][12.260s][info][gc,marking  ] GC(251) Concurrent Clear Claimed Marks
[2026-03-25T21:45:19.318+0900][12.260s][info][gc,marking  ] GC(251) Concurrent Clear Claimed Marks 0.012ms
[2026-03-25T21:45:19.318+0900][12.260s][info][gc,marking  ] GC(251) Concurrent Scan Root Regions
[2026-03-25T21:45:19.318+0900][12.260s][info][gc,marking  ] GC(251) Concurrent Scan Root Regions 0.038ms
[2026-03-25T21:45:19.318+0900][12.260s][info][gc,marking  ] GC(251) Concurrent Mark
[2026-03-25T21:45:19.318+0900][12.260s][info][gc,marking  ] GC(251) Concurrent Mark From Roots
[2026-03-25T21:45:19.318+0900][12.260s][info][gc,task     ] GC(251) Using 2 workers of 2 for marking
[2026-03-25T21:45:19.320+0900][12.262s][info][gc,marking  ] GC(251) Concurrent Mark From Roots 1.745ms
[2026-03-25T21:45:19.320+0900][12.262s][info][gc,marking  ] GC(251) Concurrent Preclean
[2026-03-25T21:45:19.320+0900][12.262s][info][gc,marking  ] GC(251) Concurrent Preclean 0.036ms
[2026-03-25T21:45:19.320+0900][12.262s][info][gc,start    ] GC(251) Pause Remark
[2026-03-25T21:45:19.320+0900][12.262s][info][gc          ] GC(251) Pause Remark 266M->266M(449M) 0.285ms
[2026-03-25T21:45:19.320+0900][12.262s][info][gc,cpu      ] GC(251) User=0.00s Sys=0.00s Real=0.00s
[2026-03-25T21:45:19.320+0900][12.262s][info][gc,marking  ] GC(251) Concurrent Mark 2.187ms
[2026-03-25T21:45:19.320+0900][12.262s][info][gc,marking  ] GC(251) Concurrent Rebuild Remembered Sets
[2026-03-25T21:45:19.321+0900][12.263s][info][gc,marking  ] GC(251) Concurrent Rebuild Remembered Sets 0.534ms
[2026-03-25T21:45:19.321+0900][12.263s][info][gc,start    ] GC(251) Pause Cleanup
[2026-03-25T21:45:19.321+0900][12.263s][info][gc          ] GC(251) Pause Cleanup 266M->266M(449M) 0.068ms
[2026-03-25T21:45:19.321+0900][12.263s][info][gc,cpu      ] GC(251) User=0.00s Sys=0.00s Real=0.00s
[2026-03-25T21:45:19.321+0900][12.263s][info][gc,marking  ] GC(251) Concurrent Cleanup for Next Mark
[2026-03-25T21:45:19.321+0900][12.263s][info][gc,marking  ] GC(251) Concurrent Cleanup for Next Mark 0.320ms
[2026-03-25T21:45:19.321+0900][12.263s][info][gc          ] GC(251) Concurrent Mark Cycle 3.376ms
[2026-03-25T21:45:19.373+0900][12.315s][info][gc,start    ] GC(252) Pause Young (Concurrent Start) (G1 Humongous Allocation)
[2026-03-25T21:45:19.373+0900][12.315s][info][gc,task     ] GC(252) Using 8 workers of 8 for evacuation
[2026-03-25T21:45:19.374+0900][12.316s][info][gc,phases   ] GC(252)   Pre Evacuate Collection Set: 0.1ms
[2026-03-25T21:45:19.374+0900][12.316s][info][gc,phases   ] GC(252)   Merge Heap Roots: 0.1ms
[2026-03-25T21:45:19.374+0900][12.316s][info][gc,phases   ] GC(252)   Evacuate Collection Set: 0.2ms
[2026-03-25T21:45:19.374+0900][12.316s][info][gc,phases   ] GC(252)   Post Evacuate Collection Set: 0.1ms
[2026-03-25T21:45:19.374+0900][12.316s][info][gc,phases   ] GC(252)   Other: 0.2ms
[2026-03-25T21:45:19.374+0900][12.316s][info][gc,heap     ] GC(252) Eden regions: 1->0(134)
[2026-03-25T21:45:19.374+0900][12.316s][info][gc,heap     ] GC(252) Survivor regions: 1->1(17)
[2026-03-25T21:45:19.374+0900][12.316s][info][gc,heap     ] GC(252) Old regions: 1->1
[2026-03-25T21:45:19.374+0900][12.316s][info][gc,heap     ] GC(252) Archive regions: 2->2
[2026-03-25T21:45:19.374+0900][12.316s][info][gc,heap     ] GC(252) Humongous regions: 265->265
[2026-03-25T21:45:19.374+0900][12.316s][info][gc,metaspace] GC(252) Metaspace: 178K(384K)->178K(384K) NonClass: 170K(256K)->170K(256K) Class: 7K(128K)->7K(128K)
[2026-03-25T21:45:19.374+0900][12.316s][info][gc          ] GC(252) Pause Young (Concurrent Start) (G1 Humongous Allocation) 266M->266M(449M) 0.868ms
[2026-03-25T21:45:19.374+0900][12.316s][info][gc,cpu      ] GC(252) User=0.00s Sys=0.01s Real=0.00s
[2026-03-25T21:45:19.374+0900][12.316s][info][gc          ] GC(253) Concurrent Mark Cycle
[2026-03-25T21:45:19.374+0900][12.316s][info][gc,marking  ] GC(253) Concurrent Clear Claimed Marks
[2026-03-25T21:45:19.374+0900][12.316s][info][gc,marking  ] GC(253) Concurrent Clear Claimed Marks 0.016ms
[2026-03-25T21:45:19.374+0900][12.316s][info][gc,marking  ] GC(253) Concurrent Scan Root Regions
[2026-03-25T21:45:19.374+0900][12.316s][info][gc,marking  ] GC(253) Concurrent Scan Root Regions 0.038ms
[2026-03-25T21:45:19.374+0900][12.316s][info][gc,marking  ] GC(253) Concurrent Mark
[2026-03-25T21:45:19.374+0900][12.316s][info][gc,marking  ] GC(253) Concurrent Mark From Roots
[2026-03-25T21:45:19.374+0900][12.316s][info][gc,task     ] GC(253) Using 2 workers of 2 for marking
[2026-03-25T21:45:19.376+0900][12.318s][info][gc,marking  ] GC(253) Concurrent Mark From Roots 1.906ms
[2026-03-25T21:45:19.376+0900][12.318s][info][gc,marking  ] GC(253) Concurrent Preclean
[2026-03-25T21:45:19.376+0900][12.318s][info][gc,marking  ] GC(253) Concurrent Preclean 0.038ms
[2026-03-25T21:45:19.376+0900][12.318s][info][gc,start    ] GC(253) Pause Remark
[2026-03-25T21:45:19.377+0900][12.319s][info][gc          ] GC(253) Pause Remark 267M->267M(450M) 0.480ms
[2026-03-25T21:45:19.377+0900][12.319s][info][gc,cpu      ] GC(253) User=0.00s Sys=0.00s Real=0.00s
[2026-03-25T21:45:19.377+0900][12.319s][info][gc,marking  ] GC(253) Concurrent Mark 2.662ms
[2026-03-25T21:45:19.377+0900][12.319s][info][gc,marking  ] GC(253) Concurrent Rebuild Remembered Sets
[2026-03-25T21:45:19.377+0900][12.320s][info][gc,marking  ] GC(253) Concurrent Rebuild Remembered Sets 0.546ms
[2026-03-25T21:45:19.377+0900][12.320s][info][gc,start    ] GC(253) Pause Cleanup
[2026-03-25T21:45:19.378+0900][12.320s][info][gc          ] GC(253) Pause Cleanup 267M->267M(450M) 0.087ms
[2026-03-25T21:45:19.378+0900][12.320s][info][gc,cpu      ] GC(253) User=0.00s Sys=0.00s Real=0.00s
[2026-03-25T21:45:19.378+0900][12.320s][info][gc,marking  ] GC(253) Concurrent Cleanup for Next Mark
[2026-03-25T21:45:19.378+0900][12.320s][info][gc,marking  ] GC(253) Concurrent Cleanup for Next Mark 0.376ms
[2026-03-25T21:45:19.378+0900][12.320s][info][gc          ] GC(253) Concurrent Mark Cycle 4.069ms
[2026-03-25T21:45:19.429+0900][12.372s][info][gc,start    ] GC(254) Pause Young (Concurrent Start) (G1 Humongous Allocation)
[2026-03-25T21:45:19.430+0900][12.372s][info][gc,task     ] GC(254) Using 8 workers of 8 for evacuation
[2026-03-25T21:45:19.430+0900][12.372s][info][gc,phases   ] GC(254)   Pre Evacuate Collection Set: 0.1ms
[2026-03-25T21:45:19.430+0900][12.372s][info][gc,phases   ] GC(254)   Merge Heap Roots: 0.1ms
[2026-03-25T21:45:19.430+0900][12.372s][info][gc,phases   ] GC(254)   Evacuate Collection Set: 0.2ms
[2026-03-25T21:45:19.430+0900][12.372s][info][gc,phases   ] GC(254)   Post Evacuate Collection Set: 0.1ms
[2026-03-25T21:45:19.430+0900][12.372s][info][gc,phases   ] GC(254)   Other: 0.2ms
[2026-03-25T21:45:19.430+0900][12.372s][info][gc,heap     ] GC(254) Eden regions: 1->0(134)
[2026-03-25T21:45:19.430+0900][12.372s][info][gc,heap     ] GC(254) Survivor regions: 1->1(17)
[2026-03-25T21:45:19.430+0900][12.372s][info][gc,heap     ] GC(254) Old regions: 1->1
[2026-03-25T21:45:19.430+0900][12.373s][info][gc,heap     ] GC(254) Archive regions: 2->2
[2026-03-25T21:45:19.430+0900][12.373s][info][gc,heap     ] GC(254) Humongous regions: 266->266
[2026-03-25T21:45:19.430+0900][12.373s][info][gc,metaspace] GC(254) Metaspace: 178K(384K)->178K(384K) NonClass: 170K(256K)->170K(256K) Class: 7K(128K)->7K(128K)
[2026-03-25T21:45:19.430+0900][12.373s][info][gc          ] GC(254) Pause Young (Concurrent Start) (G1 Humongous Allocation) 267M->267M(450M) 0.983ms
[2026-03-25T21:45:19.430+0900][12.373s][info][gc,cpu      ] GC(254) User=0.00s Sys=0.00s Real=0.01s
[2026-03-25T21:45:19.430+0900][12.373s][info][gc          ] GC(255) Concurrent Mark Cycle
[2026-03-25T21:45:19.430+0900][12.373s][info][gc,marking  ] GC(255) Concurrent Clear Claimed Marks
[2026-03-25T21:45:19.430+0900][12.373s][info][gc,marking  ] GC(255) Concurrent Clear Claimed Marks 0.015ms
[2026-03-25T21:45:19.430+0900][12.373s][info][gc,marking  ] GC(255) Concurrent Scan Root Regions
[2026-03-25T21:45:19.431+0900][12.373s][info][gc,marking  ] GC(255) Concurrent Scan Root Regions 0.158ms
[2026-03-25T21:45:19.431+0900][12.373s][info][gc,marking  ] GC(255) Concurrent Mark
[2026-03-25T21:45:19.431+0900][12.373s][info][gc,marking  ] GC(255) Concurrent Mark From Roots
[2026-03-25T21:45:19.431+0900][12.373s][info][gc,task     ] GC(255) Using 2 workers of 2 for marking
[2026-03-25T21:45:19.433+0900][12.375s][info][gc,marking  ] GC(255) Concurrent Mark From Roots 2.030ms
[2026-03-25T21:45:19.433+0900][12.375s][info][gc,marking  ] GC(255) Concurrent Preclean
[2026-03-25T21:45:19.433+0900][12.375s][info][gc,marking  ] GC(255) Concurrent Preclean 0.038ms
[2026-03-25T21:45:19.433+0900][12.375s][info][gc,start    ] GC(255) Pause Remark
[2026-03-25T21:45:19.433+0900][12.375s][info][gc          ] GC(255) Pause Remark 268M->268M(452M) 0.416ms
[2026-03-25T21:45:19.433+0900][12.375s][info][gc,cpu      ] GC(255) User=0.00s Sys=0.00s Real=0.00s
[2026-03-25T21:45:19.433+0900][12.376s][info][gc,marking  ] GC(255) Concurrent Mark 2.672ms
[2026-03-25T21:45:19.433+0900][12.376s][info][gc,marking  ] GC(255) Concurrent Rebuild Remembered Sets
[2026-03-25T21:45:19.434+0900][12.376s][info][gc,marking  ] GC(255) Concurrent Rebuild Remembered Sets 0.555ms
[2026-03-25T21:45:19.434+0900][12.376s][info][gc,start    ] GC(255) Pause Cleanup
[2026-03-25T21:45:19.434+0900][12.376s][info][gc          ] GC(255) Pause Cleanup 268M->268M(452M) 0.078ms
[2026-03-25T21:45:19.434+0900][12.376s][info][gc,cpu      ] GC(255) User=0.00s Sys=0.00s Real=0.00s
[2026-03-25T21:45:19.434+0900][12.376s][info][gc,marking  ] GC(255) Concurrent Cleanup for Next Mark
[2026-03-25T21:45:19.435+0900][12.377s][info][gc,marking  ] GC(255) Concurrent Cleanup for Next Mark 0.467ms
[2026-03-25T21:45:19.435+0900][12.377s][info][gc          ] GC(255) Concurrent Mark Cycle 4.686ms
[2026-03-25T21:45:19.485+0900][12.427s][info][gc,start    ] GC(256) Pause Young (Concurrent Start) (G1 Humongous Allocation)
[2026-03-25T21:45:19.485+0900][12.427s][info][gc,task     ] GC(256) Using 8 workers of 8 for evacuation
[2026-03-25T21:45:19.486+0900][12.428s][info][gc,phases   ] GC(256)   Pre Evacuate Collection Set: 0.2ms
[2026-03-25T21:45:19.486+0900][12.429s][info][gc,phases   ] GC(256)   Merge Heap Roots: 0.1ms
[2026-03-25T21:45:19.486+0900][12.429s][info][gc,phases   ] GC(256)   Evacuate Collection Set: 0.5ms
[2026-03-25T21:45:19.486+0900][12.429s][info][gc,phases   ] GC(256)   Post Evacuate Collection Set: 0.2ms
[2026-03-25T21:45:19.486+0900][12.429s][info][gc,phases   ] GC(256)   Other: 0.2ms
[2026-03-25T21:45:19.486+0900][12.429s][info][gc,heap     ] GC(256) Eden regions: 1->0(134)
[2026-03-25T21:45:19.486+0900][12.429s][info][gc,heap     ] GC(256) Survivor regions: 1->1(17)
[2026-03-25T21:45:19.486+0900][12.429s][info][gc,heap     ] GC(256) Old regions: 1->1
[2026-03-25T21:45:19.486+0900][12.429s][info][gc,heap     ] GC(256) Archive regions: 2->2
[2026-03-25T21:45:19.486+0900][12.429s][info][gc,heap     ] GC(256) Humongous regions: 267->267
[2026-03-25T21:45:19.486+0900][12.429s][info][gc,metaspace] GC(256) Metaspace: 178K(384K)->178K(384K) NonClass: 171K(256K)->171K(256K) Class: 7K(128K)->7K(128K)
[2026-03-25T21:45:19.486+0900][12.429s][info][gc          ] GC(256) Pause Young (Concurrent Start) (G1 Humongous Allocation) 268M->268M(452M) 1.410ms
[2026-03-25T21:45:19.486+0900][12.429s][info][gc,cpu      ] GC(256) User=0.00s Sys=0.00s Real=0.00s
[2026-03-25T21:45:19.487+0900][12.429s][info][gc          ] GC(257) Concurrent Mark Cycle
[2026-03-25T21:45:19.487+0900][12.429s][info][gc,marking  ] GC(257) Concurrent Clear Claimed Marks
[2026-03-25T21:45:19.487+0900][12.429s][info][gc,marking  ] GC(257) Concurrent Clear Claimed Marks 0.012ms
[2026-03-25T21:45:19.487+0900][12.429s][info][gc,marking  ] GC(257) Concurrent Scan Root Regions
[2026-03-25T21:45:19.487+0900][12.429s][info][gc,marking  ] GC(257) Concurrent Scan Root Regions 0.039ms
[2026-03-25T21:45:19.487+0900][12.429s][info][gc,marking  ] GC(257) Concurrent Mark
[2026-03-25T21:45:19.487+0900][12.429s][info][gc,marking  ] GC(257) Concurrent Mark From Roots
[2026-03-25T21:45:19.487+0900][12.429s][info][gc,task     ] GC(257) Using 2 workers of 2 for marking
[2026-03-25T21:45:19.488+0900][12.431s][info][gc,marking  ] GC(257) Concurrent Mark From Roots 1.849ms
[2026-03-25T21:45:19.489+0900][12.431s][info][gc,marking  ] GC(257) Concurrent Preclean
[2026-03-25T21:45:19.489+0900][12.431s][info][gc,marking  ] GC(257) Concurrent Preclean 0.037ms
[2026-03-25T21:45:19.489+0900][12.431s][info][gc,start    ] GC(257) Pause Remark
[2026-03-25T21:45:19.489+0900][12.431s][info][gc          ] GC(257) Pause Remark 269M->269M(454M) 0.403ms
[2026-03-25T21:45:19.489+0900][12.431s][info][gc,cpu      ] GC(257) User=0.00s Sys=0.00s Real=0.00s
[2026-03-25T21:45:19.489+0900][12.431s][info][gc,marking  ] GC(257) Concurrent Mark 2.484ms
[2026-03-25T21:45:19.489+0900][12.431s][info][gc,marking  ] GC(257) Concurrent Rebuild Remembered Sets
[2026-03-25T21:45:19.490+0900][12.432s][info][gc,marking  ] GC(257) Concurrent Rebuild Remembered Sets 0.541ms
[2026-03-25T21:45:19.490+0900][12.432s][info][gc,start    ] GC(257) Pause Cleanup
[2026-03-25T21:45:19.490+0900][12.432s][info][gc          ] GC(257) Pause Cleanup 269M->269M(454M) 0.078ms
[2026-03-25T21:45:19.490+0900][12.432s][info][gc,cpu      ] GC(257) User=0.00s Sys=0.00s Real=0.00s
[2026-03-25T21:45:19.490+0900][12.432s][info][gc,marking  ] GC(257) Concurrent Cleanup for Next Mark
[2026-03-25T21:45:19.490+0900][12.432s][info][gc,marking  ] GC(257) Concurrent Cleanup for Next Mark 0.420ms
[2026-03-25T21:45:19.490+0900][12.433s][info][gc          ] GC(257) Concurrent Mark Cycle 3.794ms
[2026-03-25T21:45:19.542+0900][12.484s][info][gc,start    ] GC(258) Pause Young (Concurrent Start) (G1 Humongous Allocation)
[2026-03-25T21:45:19.542+0900][12.484s][info][gc,task     ] GC(258) Using 8 workers of 8 for evacuation
[2026-03-25T21:45:19.543+0900][12.485s][info][gc,phases   ] GC(258)   Pre Evacuate Collection Set: 0.1ms
[2026-03-25T21:45:19.543+0900][12.485s][info][gc,phases   ] GC(258)   Merge Heap Roots: 0.1ms
[2026-03-25T21:45:19.543+0900][12.485s][info][gc,phases   ] GC(258)   Evacuate Collection Set: 0.2ms
[2026-03-25T21:45:19.543+0900][12.485s][info][gc,phases   ] GC(258)   Post Evacuate Collection Set: 0.1ms
[2026-03-25T21:45:19.543+0900][12.485s][info][gc,phases   ] GC(258)   Other: 0.2ms
[2026-03-25T21:45:19.543+0900][12.485s][info][gc,heap     ] GC(258) Eden regions: 1->0(135)
[2026-03-25T21:45:19.543+0900][12.485s][info][gc,heap     ] GC(258) Survivor regions: 1->1(17)
[2026-03-25T21:45:19.543+0900][12.485s][info][gc,heap     ] GC(258) Old regions: 1->1
[2026-03-25T21:45:19.543+0900][12.485s][info][gc,heap     ] GC(258) Archive regions: 2->2
[2026-03-25T21:45:19.543+0900][12.485s][info][gc,heap     ] GC(258) Humongous regions: 268->268
[2026-03-25T21:45:19.543+0900][12.485s][info][gc,metaspace] GC(258) Metaspace: 178K(384K)->178K(384K) NonClass: 171K(256K)->171K(256K) Class: 7K(128K)->7K(128K)
[2026-03-25T21:45:19.543+0900][12.485s][info][gc          ] GC(258) Pause Young (Concurrent Start) (G1 Humongous Allocation) 269M->269M(454M) 0.946ms
[2026-03-25T21:45:19.543+0900][12.485s][info][gc,cpu      ] GC(258) User=0.00s Sys=0.00s Real=0.00s
[2026-03-25T21:45:19.543+0900][12.485s][info][gc          ] GC(259) Concurrent Mark Cycle
[2026-03-25T21:45:19.543+0900][12.485s][info][gc,marking  ] GC(259) Concurrent Clear Claimed Marks
[2026-03-25T21:45:19.543+0900][12.485s][info][gc,marking  ] GC(259) Concurrent Clear Claimed Marks 0.012ms
[2026-03-25T21:45:19.543+0900][12.485s][info][gc,marking  ] GC(259) Concurrent Scan Root Regions
[2026-03-25T21:45:19.543+0900][12.485s][info][gc,marking  ] GC(259) Concurrent Scan Root Regions 0.042ms
[2026-03-25T21:45:19.543+0900][12.485s][info][gc,marking  ] GC(259) Concurrent Mark
[2026-03-25T21:45:19.543+0900][12.485s][info][gc,marking  ] GC(259) Concurrent Mark From Roots
[2026-03-25T21:45:19.543+0900][12.485s][info][gc,task     ] GC(259) Using 2 workers of 2 for marking
[2026-03-25T21:45:19.545+0900][12.487s][info][gc,marking  ] GC(259) Concurrent Mark From Roots 1.840ms
[2026-03-25T21:45:19.545+0900][12.487s][info][gc,marking  ] GC(259) Concurrent Preclean
[2026-03-25T21:45:19.545+0900][12.487s][info][gc,marking  ] GC(259) Concurrent Preclean 0.038ms
[2026-03-25T21:45:19.545+0900][12.487s][info][gc,start    ] GC(259) Pause Remark
[2026-03-25T21:45:19.545+0900][12.488s][info][gc          ] GC(259) Pause Remark 270M->270M(455M) 0.454ms
[2026-03-25T21:45:19.546+0900][12.488s][info][gc,cpu      ] GC(259) User=0.00s Sys=0.00s Real=0.00s
[2026-03-25T21:45:19.546+0900][12.488s][info][gc,marking  ] GC(259) Concurrent Mark 2.565ms
[2026-03-25T21:45:19.546+0900][12.488s][info][gc,marking  ] GC(259) Concurrent Rebuild Remembered Sets
[2026-03-25T21:45:19.546+0900][12.488s][info][gc,marking  ] GC(259) Concurrent Rebuild Remembered Sets 0.546ms
[2026-03-25T21:45:19.546+0900][12.488s][info][gc,start    ] GC(259) Pause Cleanup
[2026-03-25T21:45:19.546+0900][12.488s][info][gc          ] GC(259) Pause Cleanup 270M->270M(455M) 0.085ms
[2026-03-25T21:45:19.546+0900][12.488s][info][gc,cpu      ] GC(259) User=0.00s Sys=0.00s Real=0.00s
[2026-03-25T21:45:19.546+0900][12.488s][info][gc,marking  ] GC(259) Concurrent Cleanup for Next Mark
[2026-03-25T21:45:19.547+0900][12.489s][info][gc,marking  ] GC(259) Concurrent Cleanup for Next Mark 0.479ms
[2026-03-25T21:45:19.547+0900][12.489s][info][gc          ] GC(259) Concurrent Mark Cycle 4.017ms
[2026-03-25T21:45:19.597+0900][12.539s][info][gc,start    ] GC(260) Pause Young (Concurrent Start) (G1 Humongous Allocation)
[2026-03-25T21:45:19.599+0900][12.541s][info][gc,task     ] GC(260) Using 8 workers of 8 for evacuation
[2026-03-25T21:45:19.600+0900][12.542s][info][gc,phases   ] GC(260)   Pre Evacuate Collection Set: 0.2ms
[2026-03-25T21:45:19.601+0900][12.543s][info][gc,phases   ] GC(260)   Merge Heap Roots: 0.2ms
[2026-03-25T21:45:19.601+0900][12.543s][info][gc,phases   ] GC(260)   Evacuate Collection Set: 0.3ms
[2026-03-25T21:45:19.603+0900][12.546s][info][gc,phases   ] GC(260)   Post Evacuate Collection Set: 0.3ms
[2026-03-25T21:45:19.603+0900][12.546s][info][gc,phases   ] GC(260)   Other: 1.9ms
[2026-03-25T21:45:19.604+0900][12.546s][info][gc,heap     ] GC(260) Eden regions: 1->0(138)
[2026-03-25T21:45:19.604+0900][12.546s][info][gc,heap     ] GC(260) Survivor regions: 1->1(17)
[2026-03-25T21:45:19.604+0900][12.546s][info][gc,heap     ] GC(260) Old regions: 1->1
[2026-03-25T21:45:19.604+0900][12.546s][info][gc,heap     ] GC(260) Archive regions: 2->2
[2026-03-25T21:45:19.604+0900][12.546s][info][gc,heap     ] GC(260) Humongous regions: 269->269
[2026-03-25T21:45:19.604+0900][12.546s][info][gc,metaspace] GC(260) Metaspace: 178K(384K)->178K(384K) NonClass: 171K(256K)->171K(256K) Class: 7K(128K)->7K(128K)
[2026-03-25T21:45:19.604+0900][12.546s][info][gc          ] GC(260) Pause Young (Concurrent Start) (G1 Humongous Allocation) 270M->270M(458M) 6.837ms
[2026-03-25T21:45:19.604+0900][12.546s][info][gc,cpu      ] GC(260) User=0.00s Sys=0.00s Real=0.01s
[2026-03-25T21:45:19.604+0900][12.546s][info][gc          ] GC(261) Concurrent Mark Cycle
[2026-03-25T21:45:19.604+0900][12.546s][info][gc,marking  ] GC(261) Concurrent Clear Claimed Marks
[2026-03-25T21:45:19.604+0900][12.546s][info][gc,marking  ] GC(261) Concurrent Clear Claimed Marks 0.016ms
[2026-03-25T21:45:19.604+0900][12.546s][info][gc,marking  ] GC(261) Concurrent Scan Root Regions
[2026-03-25T21:45:19.604+0900][12.546s][info][gc,marking  ] GC(261) Concurrent Scan Root Regions 0.178ms
[2026-03-25T21:45:19.604+0900][12.546s][info][gc,marking  ] GC(261) Concurrent Mark
[2026-03-25T21:45:19.604+0900][12.546s][info][gc,marking  ] GC(261) Concurrent Mark From Roots
[2026-03-25T21:45:19.604+0900][12.546s][info][gc,task     ] GC(261) Using 2 workers of 2 for marking
[2026-03-25T21:45:19.606+0900][12.548s][info][gc,marking  ] GC(261) Concurrent Mark From Roots 1.674ms
[2026-03-25T21:45:19.608+0900][12.550s][info][gc,marking  ] GC(261) Concurrent Preclean
[2026-03-25T21:45:19.608+0900][12.550s][info][gc,marking  ] GC(261) Concurrent Preclean 0.045ms
[2026-03-25T21:45:19.608+0900][12.550s][info][gc,start    ] GC(261) Pause Remark
[2026-03-25T21:45:19.608+0900][12.551s][info][gc          ] GC(261) Pause Remark 271M->271M(458M) 0.312ms
[2026-03-25T21:45:19.609+0900][12.551s][info][gc,cpu      ] GC(261) User=0.00s Sys=0.00s Real=0.00s
[2026-03-25T21:45:19.609+0900][12.551s][info][gc,marking  ] GC(261) Concurrent Mark 4.979ms
[2026-03-25T21:45:19.609+0900][12.551s][info][gc,marking  ] GC(261) Concurrent Rebuild Remembered Sets
[2026-03-25T21:45:19.610+0900][12.552s][info][gc,marking  ] GC(261) Concurrent Rebuild Remembered Sets 0.842ms
[2026-03-25T21:45:19.613+0900][12.555s][info][gc,start    ] GC(261) Pause Cleanup
[2026-03-25T21:45:19.614+0900][12.556s][info][gc          ] GC(261) Pause Cleanup 271M->271M(458M) 0.367ms
[2026-03-25T21:45:19.614+0900][12.556s][info][gc,cpu      ] GC(261) User=0.00s Sys=0.00s Real=0.00s
[2026-03-25T21:45:19.614+0900][12.556s][info][gc,marking  ] GC(261) Concurrent Cleanup for Next Mark
[2026-03-25T21:45:19.615+0900][12.557s][info][gc,marking  ] GC(261) Concurrent Cleanup for Next Mark 0.898ms
[2026-03-25T21:45:19.615+0900][12.557s][info][gc          ] GC(261) Concurrent Mark Cycle 11.017ms
[2026-03-25T21:45:19.659+0900][12.601s][info][gc,start    ] GC(262) Pause Young (Concurrent Start) (G1 Humongous Allocation)
[2026-03-25T21:45:19.659+0900][12.601s][info][gc,task     ] GC(262) Using 8 workers of 8 for evacuation
[2026-03-25T21:45:19.660+0900][12.602s][info][gc,phases   ] GC(262)   Pre Evacuate Collection Set: 0.1ms
[2026-03-25T21:45:19.660+0900][12.602s][info][gc,phases   ] GC(262)   Merge Heap Roots: 0.1ms
[2026-03-25T21:45:19.660+0900][12.602s][info][gc,phases   ] GC(262)   Evacuate Collection Set: 0.2ms
[2026-03-25T21:45:19.660+0900][12.602s][info][gc,phases   ] GC(262)   Post Evacuate Collection Set: 0.2ms
[2026-03-25T21:45:19.660+0900][12.602s][info][gc,phases   ] GC(262)   Other: 0.3ms
[2026-03-25T21:45:19.660+0900][12.602s][info][gc,heap     ] GC(262) Eden regions: 1->0(137)
[2026-03-25T21:45:19.660+0900][12.602s][info][gc,heap     ] GC(262) Survivor regions: 1->1(18)
[2026-03-25T21:45:19.660+0900][12.602s][info][gc,heap     ] GC(262) Old regions: 1->1
[2026-03-25T21:45:19.660+0900][12.602s][info][gc,heap     ] GC(262) Archive regions: 2->2
[2026-03-25T21:45:19.660+0900][12.602s][info][gc,heap     ] GC(262) Humongous regions: 270->270
[2026-03-25T21:45:19.660+0900][12.602s][info][gc,metaspace] GC(262) Metaspace: 178K(384K)->178K(384K) NonClass: 171K(256K)->171K(256K) Class: 7K(128K)->7K(128K)
[2026-03-25T21:45:19.660+0900][12.602s][info][gc          ] GC(262) Pause Young (Concurrent Start) (G1 Humongous Allocation) 271M->271M(458M) 1.175ms
[2026-03-25T21:45:19.660+0900][12.602s][info][gc,cpu      ] GC(262) User=0.00s Sys=0.00s Real=0.01s
[2026-03-25T21:45:19.660+0900][12.602s][info][gc          ] GC(263) Concurrent Mark Cycle
[2026-03-25T21:45:19.660+0900][12.602s][info][gc,marking  ] GC(263) Concurrent Clear Claimed Marks
[2026-03-25T21:45:19.660+0900][12.602s][info][gc,marking  ] GC(263) Concurrent Clear Claimed Marks 0.020ms
[2026-03-25T21:45:19.660+0900][12.602s][info][gc,marking  ] GC(263) Concurrent Scan Root Regions
[2026-03-25T21:45:19.660+0900][12.603s][info][gc,marking  ] GC(263) Concurrent Scan Root Regions 0.054ms
[2026-03-25T21:45:19.660+0900][12.603s][info][gc,marking  ] GC(263) Concurrent Mark
[2026-03-25T21:45:19.660+0900][12.603s][info][gc,marking  ] GC(263) Concurrent Mark From Roots
[2026-03-25T21:45:19.660+0900][12.603s][info][gc,task     ] GC(263) Using 2 workers of 2 for marking
[2026-03-25T21:45:19.663+0900][12.605s][info][gc,marking  ] GC(263) Concurrent Mark From Roots 2.587ms
[2026-03-25T21:45:19.663+0900][12.605s][info][gc,marking  ] GC(263) Concurrent Preclean
[2026-03-25T21:45:19.663+0900][12.605s][info][gc,marking  ] GC(263) Concurrent Preclean 0.050ms
[2026-03-25T21:45:19.663+0900][12.605s][info][gc,start    ] GC(263) Pause Remark
[2026-03-25T21:45:19.664+0900][12.606s][info][gc          ] GC(263) Pause Remark 272M->272M(459M) 0.468ms
[2026-03-25T21:45:19.664+0900][12.606s][info][gc,cpu      ] GC(263) User=0.00s Sys=0.00s Real=0.00s
[2026-03-25T21:45:19.664+0900][12.606s][info][gc,marking  ] GC(263) Concurrent Mark 3.270ms
[2026-03-25T21:45:19.664+0900][12.606s][info][gc,marking  ] GC(263) Concurrent Rebuild Remembered Sets
[2026-03-25T21:45:19.664+0900][12.607s][info][gc,marking  ] GC(263) Concurrent Rebuild Remembered Sets 0.648ms
[2026-03-25T21:45:19.664+0900][12.607s][info][gc,start    ] GC(263) Pause Cleanup
[2026-03-25T21:45:19.664+0900][12.607s][info][gc          ] GC(263) Pause Cleanup 272M->272M(459M) 0.081ms
[2026-03-25T21:45:19.664+0900][12.607s][info][gc,cpu      ] GC(263) User=0.00s Sys=0.00s Real=0.00s
[2026-03-25T21:45:19.665+0900][12.607s][info][gc,marking  ] GC(263) Concurrent Cleanup for Next Mark
[2026-03-25T21:45:19.665+0900][12.607s][info][gc,marking  ] GC(263) Concurrent Cleanup for Next Mark 0.397ms
[2026-03-25T21:45:19.665+0900][12.607s][info][gc          ] GC(263) Concurrent Mark Cycle 4.768ms
[2026-03-25T21:45:19.716+0900][12.658s][info][gc,start    ] GC(264) Pause Young (Concurrent Start) (G1 Humongous Allocation)
[2026-03-25T21:45:19.716+0900][12.658s][info][gc,task     ] GC(264) Using 8 workers of 8 for evacuation
[2026-03-25T21:45:19.717+0900][12.659s][info][gc,phases   ] GC(264)   Pre Evacuate Collection Set: 0.2ms
[2026-03-25T21:45:19.717+0900][12.659s][info][gc,phases   ] GC(264)   Merge Heap Roots: 0.2ms
[2026-03-25T21:45:19.717+0900][12.659s][info][gc,phases   ] GC(264)   Evacuate Collection Set: 0.3ms
[2026-03-25T21:45:19.717+0900][12.659s][info][gc,phases   ] GC(264)   Post Evacuate Collection Set: 0.2ms
[2026-03-25T21:45:19.717+0900][12.659s][info][gc,phases   ] GC(264)   Other: 0.3ms
[2026-03-25T21:45:19.717+0900][12.659s][info][gc,heap     ] GC(264) Eden regions: 1->0(137)
[2026-03-25T21:45:19.717+0900][12.659s][info][gc,heap     ] GC(264) Survivor regions: 1->1(18)
[2026-03-25T21:45:19.717+0900][12.659s][info][gc,heap     ] GC(264) Old regions: 1->1
[2026-03-25T21:45:19.717+0900][12.659s][info][gc,heap     ] GC(264) Archive regions: 2->2
[2026-03-25T21:45:19.717+0900][12.659s][info][gc,heap     ] GC(264) Humongous regions: 271->271
[2026-03-25T21:45:19.717+0900][12.659s][info][gc,metaspace] GC(264) Metaspace: 178K(384K)->178K(384K) NonClass: 171K(256K)->171K(256K) Class: 7K(128K)->7K(128K)
[2026-03-25T21:45:19.717+0900][12.659s][info][gc          ] GC(264) Pause Young (Concurrent Start) (G1 Humongous Allocation) 272M->272M(459M) 1.414ms
[2026-03-25T21:45:19.717+0900][12.659s][info][gc,cpu      ] GC(264) User=0.00s Sys=0.00s Real=0.00s
[2026-03-25T21:45:19.717+0900][12.659s][info][gc          ] GC(265) Concurrent Mark Cycle
[2026-03-25T21:45:19.717+0900][12.659s][info][gc,marking  ] GC(265) Concurrent Clear Claimed Marks
[2026-03-25T21:45:19.717+0900][12.659s][info][gc,marking  ] GC(265) Concurrent Clear Claimed Marks 0.026ms
[2026-03-25T21:45:19.717+0900][12.659s][info][gc,marking  ] GC(265) Concurrent Scan Root Regions
[2026-03-25T21:45:19.717+0900][12.659s][info][gc,marking  ] GC(265) Concurrent Scan Root Regions 0.071ms
[2026-03-25T21:45:19.717+0900][12.659s][info][gc,marking  ] GC(265) Concurrent Mark
[2026-03-25T21:45:19.717+0900][12.659s][info][gc,marking  ] GC(265) Concurrent Mark From Roots
[2026-03-25T21:45:19.717+0900][12.659s][info][gc,task     ] GC(265) Using 2 workers of 2 for marking
[2026-03-25T21:45:19.720+0900][12.662s][info][gc,marking  ] GC(265) Concurrent Mark From Roots 3.002ms
[2026-03-25T21:45:19.720+0900][12.663s][info][gc,marking  ] GC(265) Concurrent Preclean
[2026-03-25T21:45:19.720+0900][12.663s][info][gc,marking  ] GC(265) Concurrent Preclean 0.049ms
[2026-03-25T21:45:19.720+0900][12.663s][info][gc,start    ] GC(265) Pause Remark
[2026-03-25T21:45:19.721+0900][12.663s][info][gc          ] GC(265) Pause Remark 273M->273M(460M) 0.523ms
[2026-03-25T21:45:19.721+0900][12.663s][info][gc,cpu      ] GC(265) User=0.00s Sys=0.00s Real=0.00s
[2026-03-25T21:45:19.721+0900][12.663s][info][gc,marking  ] GC(265) Concurrent Mark 3.817ms
[2026-03-25T21:45:19.721+0900][12.663s][info][gc,marking  ] GC(265) Concurrent Rebuild Remembered Sets
[2026-03-25T21:45:19.722+0900][12.664s][info][gc,marking  ] GC(265) Concurrent Rebuild Remembered Sets 0.652ms
[2026-03-25T21:45:19.722+0900][12.664s][info][gc,start    ] GC(265) Pause Cleanup
[2026-03-25T21:45:19.722+0900][12.664s][info][gc          ] GC(265) Pause Cleanup 273M->273M(460M) 0.083ms
[2026-03-25T21:45:19.722+0900][12.664s][info][gc,cpu      ] GC(265) User=0.00s Sys=0.00s Real=0.00s
[2026-03-25T21:45:19.722+0900][12.664s][info][gc,marking  ] GC(265) Concurrent Cleanup for Next Mark
[2026-03-25T21:45:19.722+0900][12.664s][info][gc,marking  ] GC(265) Concurrent Cleanup for Next Mark 0.369ms
[2026-03-25T21:45:19.722+0900][12.665s][info][gc          ] GC(265) Concurrent Mark Cycle 5.338ms
[2026-03-25T21:45:19.770+0900][12.712s][info][gc,start    ] GC(266) Pause Young (Concurrent Start) (G1 Humongous Allocation)
[2026-03-25T21:45:19.770+0900][12.712s][info][gc,task     ] GC(266) Using 8 workers of 8 for evacuation
[2026-03-25T21:45:19.771+0900][12.713s][info][gc,phases   ] GC(266)   Pre Evacuate Collection Set: 0.1ms
[2026-03-25T21:45:19.771+0900][12.713s][info][gc,phases   ] GC(266)   Merge Heap Roots: 0.1ms
[2026-03-25T21:45:19.771+0900][12.713s][info][gc,phases   ] GC(266)   Evacuate Collection Set: 0.2ms
[2026-03-25T21:45:19.771+0900][12.713s][info][gc,phases   ] GC(266)   Post Evacuate Collection Set: 0.2ms
[2026-03-25T21:45:19.771+0900][12.713s][info][gc,phases   ] GC(266)   Other: 0.2ms
[2026-03-25T21:45:19.771+0900][12.713s][info][gc,heap     ] GC(266) Eden regions: 1->0(137)
[2026-03-25T21:45:19.771+0900][12.713s][info][gc,heap     ] GC(266) Survivor regions: 1->1(18)
[2026-03-25T21:45:19.771+0900][12.713s][info][gc,heap     ] GC(266) Old regions: 1->1
[2026-03-25T21:45:19.771+0900][12.713s][info][gc,heap     ] GC(266) Archive regions: 2->2
[2026-03-25T21:45:19.771+0900][12.713s][info][gc,heap     ] GC(266) Humongous regions: 272->272
[2026-03-25T21:45:19.771+0900][12.713s][info][gc,metaspace] GC(266) Metaspace: 178K(384K)->178K(384K) NonClass: 171K(256K)->171K(256K) Class: 7K(128K)->7K(128K)
[2026-03-25T21:45:19.771+0900][12.713s][info][gc          ] GC(266) Pause Young (Concurrent Start) (G1 Humongous Allocation) 273M->273M(460M) 1.106ms
[2026-03-25T21:45:19.771+0900][12.713s][info][gc,cpu      ] GC(266) User=0.00s Sys=0.00s Real=0.00s
[2026-03-25T21:45:19.771+0900][12.713s][info][gc          ] GC(267) Concurrent Mark Cycle
[2026-03-25T21:45:19.771+0900][12.713s][info][gc,marking  ] GC(267) Concurrent Clear Claimed Marks
[2026-03-25T21:45:19.771+0900][12.713s][info][gc,marking  ] GC(267) Concurrent Clear Claimed Marks 0.019ms
[2026-03-25T21:45:19.771+0900][12.713s][info][gc,marking  ] GC(267) Concurrent Scan Root Regions
[2026-03-25T21:45:19.771+0900][12.713s][info][gc,marking  ] GC(267) Concurrent Scan Root Regions 0.054ms
[2026-03-25T21:45:19.771+0900][12.713s][info][gc,marking  ] GC(267) Concurrent Mark
[2026-03-25T21:45:19.771+0900][12.713s][info][gc,marking  ] GC(267) Concurrent Mark From Roots
[2026-03-25T21:45:19.771+0900][12.713s][info][gc,task     ] GC(267) Using 2 workers of 2 for marking
[2026-03-25T21:45:19.774+0900][12.716s][info][gc,marking  ] GC(267) Concurrent Mark From Roots 2.519ms
[2026-03-25T21:45:19.774+0900][12.716s][info][gc,marking  ] GC(267) Concurrent Preclean
[2026-03-25T21:45:19.774+0900][12.716s][info][gc,marking  ] GC(267) Concurrent Preclean 0.054ms
[2026-03-25T21:45:19.774+0900][12.716s][info][gc,start    ] GC(267) Pause Remark
[2026-03-25T21:45:19.774+0900][12.717s][info][gc          ] GC(267) Pause Remark 274M->274M(462M) 0.622ms
[2026-03-25T21:45:19.774+0900][12.717s][info][gc,cpu      ] GC(267) User=0.00s Sys=0.00s Real=0.00s
[2026-03-25T21:45:19.775+0900][12.717s][info][gc,marking  ] GC(267) Concurrent Mark 3.694ms
[2026-03-25T21:45:19.775+0900][12.717s][info][gc,marking  ] GC(267) Concurrent Rebuild Remembered Sets
[2026-03-25T21:45:19.777+0900][12.719s][info][gc,marking  ] GC(267) Concurrent Rebuild Remembered Sets 2.160ms
[2026-03-25T21:45:19.777+0900][12.719s][info][gc,start    ] GC(267) Pause Cleanup
[2026-03-25T21:45:19.777+0900][12.719s][info][gc          ] GC(267) Pause Cleanup 274M->274M(462M) 0.093ms
[2026-03-25T21:45:19.777+0900][12.719s][info][gc,cpu      ] GC(267) User=0.00s Sys=0.00s Real=0.00s
[2026-03-25T21:45:19.777+0900][12.719s][info][gc,marking  ] GC(267) Concurrent Cleanup for Next Mark
[2026-03-25T21:45:19.778+0900][12.720s][info][gc,marking  ] GC(267) Concurrent Cleanup for Next Mark 1.040ms
[2026-03-25T21:45:19.778+0900][12.721s][info][gc          ] GC(267) Concurrent Mark Cycle 7.451ms
[2026-03-25T21:45:19.821+0900][12.763s][info][gc,start    ] GC(268) Pause Young (Concurrent Start) (G1 Humongous Allocation)
[2026-03-25T21:45:19.821+0900][12.764s][info][gc,task     ] GC(268) Using 8 workers of 8 for evacuation
[2026-03-25T21:45:19.822+0900][12.765s][info][gc,phases   ] GC(268)   Pre Evacuate Collection Set: 0.2ms
[2026-03-25T21:45:19.822+0900][12.765s][info][gc,phases   ] GC(268)   Merge Heap Roots: 0.2ms
[2026-03-25T21:45:19.822+0900][12.765s][info][gc,phases   ] GC(268)   Evacuate Collection Set: 0.2ms
[2026-03-25T21:45:19.822+0900][12.765s][info][gc,phases   ] GC(268)   Post Evacuate Collection Set: 0.2ms
[2026-03-25T21:45:19.823+0900][12.765s][info][gc,phases   ] GC(268)   Other: 0.3ms
[2026-03-25T21:45:19.823+0900][12.765s][info][gc,heap     ] GC(268) Eden regions: 1->0(137)
[2026-03-25T21:45:19.823+0900][12.765s][info][gc,heap     ] GC(268) Survivor regions: 1->1(18)
[2026-03-25T21:45:19.823+0900][12.765s][info][gc,heap     ] GC(268) Old regions: 1->1
[2026-03-25T21:45:19.823+0900][12.765s][info][gc,heap     ] GC(268) Archive regions: 2->2
[2026-03-25T21:45:19.823+0900][12.765s][info][gc,heap     ] GC(268) Humongous regions: 273->273
[2026-03-25T21:45:19.823+0900][12.765s][info][gc,metaspace] GC(268) Metaspace: 178K(384K)->178K(384K) NonClass: 171K(256K)->171K(256K) Class: 7K(128K)->7K(128K)
[2026-03-25T21:45:19.823+0900][12.765s][info][gc          ] GC(268) Pause Young (Concurrent Start) (G1 Humongous Allocation) 274M->274M(462M) 1.402ms
[2026-03-25T21:45:19.823+0900][12.765s][info][gc,cpu      ] GC(268) User=0.00s Sys=0.00s Real=0.00s
[2026-03-25T21:45:19.823+0900][12.765s][info][gc          ] GC(269) Concurrent Mark Cycle
[2026-03-25T21:45:19.823+0900][12.765s][info][gc,marking  ] GC(269) Concurrent Clear Claimed Marks
[2026-03-25T21:45:19.823+0900][12.765s][info][gc,marking  ] GC(269) Concurrent Clear Claimed Marks 0.027ms
[2026-03-25T21:45:19.823+0900][12.765s][info][gc,marking  ] GC(269) Concurrent Scan Root Regions
[2026-03-25T21:45:19.823+0900][12.765s][info][gc,marking  ] GC(269) Concurrent Scan Root Regions 0.072ms
[2026-03-25T21:45:19.823+0900][12.765s][info][gc,marking  ] GC(269) Concurrent Mark
[2026-03-25T21:45:19.823+0900][12.765s][info][gc,marking  ] GC(269) Concurrent Mark From Roots
[2026-03-25T21:45:19.823+0900][12.765s][info][gc,task     ] GC(269) Using 2 workers of 2 for marking
[2026-03-25T21:45:19.825+0900][12.768s][info][gc,marking  ] GC(269) Concurrent Mark From Roots 2.461ms
[2026-03-25T21:45:19.826+0900][12.768s][info][gc,marking  ] GC(269) Concurrent Preclean
[2026-03-25T21:45:19.826+0900][12.768s][info][gc,marking  ] GC(269) Concurrent Preclean 0.040ms
[2026-03-25T21:45:19.826+0900][12.768s][info][gc,start    ] GC(269) Pause Remark
[2026-03-25T21:45:19.826+0900][12.768s][info][gc          ] GC(269) Pause Remark 277M->277M(469M) 0.463ms
[2026-03-25T21:45:19.826+0900][12.768s][info][gc,cpu      ] GC(269) User=0.00s Sys=0.00s Real=0.00s
[2026-03-25T21:45:19.826+0900][12.768s][info][gc,marking  ] GC(269) Concurrent Mark 3.120ms
[2026-03-25T21:45:19.826+0900][12.768s][info][gc,marking  ] GC(269) Concurrent Rebuild Remembered Sets
[2026-03-25T21:45:19.827+0900][12.769s][info][gc,marking  ] GC(269) Concurrent Rebuild Remembered Sets 0.655ms
[2026-03-25T21:45:19.827+0900][12.769s][info][gc,start    ] GC(269) Pause Cleanup
[2026-03-25T21:45:19.827+0900][12.769s][info][gc          ] GC(269) Pause Cleanup 277M->277M(469M) 0.091ms
[2026-03-25T21:45:19.827+0900][12.769s][info][gc,cpu      ] GC(269) User=0.00s Sys=0.00s Real=0.00s
[2026-03-25T21:45:19.827+0900][12.769s][info][gc,marking  ] GC(269) Concurrent Cleanup for Next Mark
[2026-03-25T21:45:19.828+0900][12.770s][info][gc,marking  ] GC(269) Concurrent Cleanup for Next Mark 0.517ms
[2026-03-25T21:45:19.828+0900][12.770s][info][gc          ] GC(269) Concurrent Mark Cycle 4.796ms
[2026-03-25T21:45:19.874+0900][12.816s][info][gc,start    ] GC(270) Pause Young (Concurrent Start) (G1 Humongous Allocation)
[2026-03-25T21:45:19.874+0900][12.816s][info][gc,task     ] GC(270) Using 8 workers of 8 for evacuation
[2026-03-25T21:45:19.875+0900][12.817s][info][gc,phases   ] GC(270)   Pre Evacuate Collection Set: 0.2ms
[2026-03-25T21:45:19.875+0900][12.817s][info][gc,phases   ] GC(270)   Merge Heap Roots: 0.2ms
[2026-03-25T21:45:19.875+0900][12.817s][info][gc,phases   ] GC(270)   Evacuate Collection Set: 0.3ms
[2026-03-25T21:45:19.875+0900][12.817s][info][gc,phases   ] GC(270)   Post Evacuate Collection Set: 0.3ms
[2026-03-25T21:45:19.875+0900][12.817s][info][gc,phases   ] GC(270)   Other: 0.3ms
[2026-03-25T21:45:19.875+0900][12.817s][info][gc,heap     ] GC(270) Eden regions: 1->0(141)
[2026-03-25T21:45:19.875+0900][12.817s][info][gc,heap     ] GC(270) Survivor regions: 1->1(18)
[2026-03-25T21:45:19.875+0900][12.817s][info][gc,heap     ] GC(270) Old regions: 1->1
[2026-03-25T21:45:19.875+0900][12.817s][info][gc,heap     ] GC(270) Archive regions: 2->2
[2026-03-25T21:45:19.875+0900][12.817s][info][gc,heap     ] GC(270) Humongous regions: 276->276
[2026-03-25T21:45:19.875+0900][12.817s][info][gc,metaspace] GC(270) Metaspace: 178K(384K)->178K(384K) NonClass: 171K(256K)->171K(256K) Class: 7K(128K)->7K(128K)
[2026-03-25T21:45:19.875+0900][12.817s][info][gc          ] GC(270) Pause Young (Concurrent Start) (G1 Humongous Allocation) 277M->277M(469M) 1.491ms
[2026-03-25T21:45:19.875+0900][12.817s][info][gc,cpu      ] GC(270) User=0.01s Sys=0.00s Real=0.00s
[2026-03-25T21:45:19.875+0900][12.818s][info][gc          ] GC(271) Concurrent Mark Cycle
[2026-03-25T21:45:19.875+0900][12.818s][info][gc,marking  ] GC(271) Concurrent Clear Claimed Marks
[2026-03-25T21:45:19.875+0900][12.818s][info][gc,marking  ] GC(271) Concurrent Clear Claimed Marks 0.050ms
[2026-03-25T21:45:19.876+0900][12.818s][info][gc,marking  ] GC(271) Concurrent Scan Root Regions
[2026-03-25T21:45:19.876+0900][12.818s][info][gc,marking  ] GC(271) Concurrent Scan Root Regions 0.073ms
[2026-03-25T21:45:19.876+0900][12.818s][info][gc,marking  ] GC(271) Concurrent Mark
[2026-03-25T21:45:19.876+0900][12.818s][info][gc,marking  ] GC(271) Concurrent Mark From Roots
[2026-03-25T21:45:19.876+0900][12.818s][info][gc,task     ] GC(271) Using 2 workers of 2 for marking
[2026-03-25T21:45:19.878+0900][12.820s][info][gc,marking  ] GC(271) Concurrent Mark From Roots 2.413ms
[2026-03-25T21:45:19.878+0900][12.820s][info][gc,marking  ] GC(271) Concurrent Preclean
[2026-03-25T21:45:19.878+0900][12.820s][info][gc,marking  ] GC(271) Concurrent Preclean 0.039ms
[2026-03-25T21:45:19.878+0900][12.820s][info][gc,start    ] GC(271) Pause Remark
[2026-03-25T21:45:19.878+0900][12.821s][info][gc          ] GC(271) Pause Remark 278M->278M(469M) 0.311ms
[2026-03-25T21:45:19.878+0900][12.821s][info][gc,cpu      ] GC(271) User=0.00s Sys=0.01s Real=0.00s
[2026-03-25T21:45:19.879+0900][12.821s][info][gc,marking  ] GC(271) Concurrent Mark 2.897ms
[2026-03-25T21:45:19.879+0900][12.821s][info][gc,marking  ] GC(271) Concurrent Rebuild Remembered Sets
[2026-03-25T21:45:19.879+0900][12.821s][info][gc,marking  ] GC(271) Concurrent Rebuild Remembered Sets 0.652ms
[2026-03-25T21:45:19.879+0900][12.821s][info][gc,start    ] GC(271) Pause Cleanup
[2026-03-25T21:45:19.879+0900][12.822s][info][gc          ] GC(271) Pause Cleanup 278M->278M(469M) 0.088ms
[2026-03-25T21:45:19.879+0900][12.822s][info][gc,cpu      ] GC(271) User=0.00s Sys=0.00s Real=0.00s
[2026-03-25T21:45:19.879+0900][12.822s][info][gc,marking  ] GC(271) Concurrent Cleanup for Next Mark
[2026-03-25T21:45:19.880+0900][12.822s][info][gc,marking  ] GC(271) Concurrent Cleanup for Next Mark 0.497ms
[2026-03-25T21:45:19.880+0900][12.822s][info][gc          ] GC(271) Concurrent Mark Cycle 4.617ms
[2026-03-25T21:45:19.931+0900][12.873s][info][gc,start    ] GC(272) Pause Young (Concurrent Start) (G1 Humongous Allocation)
[2026-03-25T21:45:19.931+0900][12.873s][info][gc,task     ] GC(272) Using 8 workers of 8 for evacuation
[2026-03-25T21:45:19.932+0900][12.874s][info][gc,phases   ] GC(272)   Pre Evacuate Collection Set: 0.2ms
[2026-03-25T21:45:19.932+0900][12.874s][info][gc,phases   ] GC(272)   Merge Heap Roots: 0.2ms
[2026-03-25T21:45:19.932+0900][12.874s][info][gc,phases   ] GC(272)   Evacuate Collection Set: 0.3ms
[2026-03-25T21:45:19.932+0900][12.874s][info][gc,phases   ] GC(272)   Post Evacuate Collection Set: 0.3ms
[2026-03-25T21:45:19.932+0900][12.874s][info][gc,phases   ] GC(272)   Other: 0.3ms
[2026-03-25T21:45:19.932+0900][12.874s][info][gc,heap     ] GC(272) Eden regions: 1->0(140)
[2026-03-25T21:45:19.932+0900][12.874s][info][gc,heap     ] GC(272) Survivor regions: 1->1(18)
[2026-03-25T21:45:19.932+0900][12.874s][info][gc,heap     ] GC(272) Old regions: 1->1
[2026-03-25T21:45:19.932+0900][12.874s][info][gc,heap     ] GC(272) Archive regions: 2->2
[2026-03-25T21:45:19.932+0900][12.874s][info][gc,heap     ] GC(272) Humongous regions: 277->277
[2026-03-25T21:45:19.932+0900][12.874s][info][gc,metaspace] GC(272) Metaspace: 178K(384K)->178K(384K) NonClass: 171K(256K)->171K(256K) Class: 7K(128K)->7K(128K)
[2026-03-25T21:45:19.932+0900][12.875s][info][gc          ] GC(272) Pause Young (Concurrent Start) (G1 Humongous Allocation) 278M->278M(469M) 1.576ms
[2026-03-25T21:45:19.932+0900][12.875s][info][gc,cpu      ] GC(272) User=0.00s Sys=0.00s Real=0.00s
[2026-03-25T21:45:19.932+0900][12.875s][info][gc          ] GC(273) Concurrent Mark Cycle
[2026-03-25T21:45:19.932+0900][12.875s][info][gc,marking  ] GC(273) Concurrent Clear Claimed Marks
[2026-03-25T21:45:19.933+0900][12.875s][info][gc,marking  ] GC(273) Concurrent Clear Claimed Marks 0.036ms
[2026-03-25T21:45:19.933+0900][12.875s][info][gc,marking  ] GC(273) Concurrent Scan Root Regions
[2026-03-25T21:45:19.933+0900][12.875s][info][gc,marking  ] GC(273) Concurrent Scan Root Regions 0.094ms
[2026-03-25T21:45:19.933+0900][12.875s][info][gc,marking  ] GC(273) Concurrent Mark
[2026-03-25T21:45:19.933+0900][12.875s][info][gc,marking  ] GC(273) Concurrent Mark From Roots
[2026-03-25T21:45:19.933+0900][12.875s][info][gc,task     ] GC(273) Using 2 workers of 2 for marking
[2026-03-25T21:45:19.935+0900][12.878s][info][gc,marking  ] GC(273) Concurrent Mark From Roots 2.696ms
[2026-03-25T21:45:19.935+0900][12.878s][info][gc,marking  ] GC(273) Concurrent Preclean
[2026-03-25T21:45:19.936+0900][12.878s][info][gc,marking  ] GC(273) Concurrent Preclean 0.045ms
[2026-03-25T21:45:19.936+0900][12.878s][info][gc,start    ] GC(273) Pause Remark
[2026-03-25T21:45:19.936+0900][12.878s][info][gc          ] GC(273) Pause Remark 279M->279M(470M) 0.414ms
[2026-03-25T21:45:19.936+0900][12.878s][info][gc,cpu      ] GC(273) User=0.00s Sys=0.00s Real=0.00s
[2026-03-25T21:45:19.936+0900][12.878s][info][gc,marking  ] GC(273) Concurrent Mark 3.381ms
[2026-03-25T21:45:19.936+0900][12.878s][info][gc,marking  ] GC(273) Concurrent Rebuild Remembered Sets
[2026-03-25T21:45:19.937+0900][12.879s][info][gc,marking  ] GC(273) Concurrent Rebuild Remembered Sets 0.643ms
[2026-03-25T21:45:19.937+0900][12.879s][info][gc,start    ] GC(273) Pause Cleanup
[2026-03-25T21:45:19.937+0900][12.879s][info][gc          ] GC(273) Pause Cleanup 279M->279M(470M) 0.072ms
[2026-03-25T21:45:19.937+0900][12.879s][info][gc,cpu      ] GC(273) User=0.00s Sys=0.00s Real=0.00s
[2026-03-25T21:45:19.937+0900][12.879s][info][gc,marking  ] GC(273) Concurrent Cleanup for Next Mark
[2026-03-25T21:45:19.937+0900][12.879s][info][gc,marking  ] GC(273) Concurrent Cleanup for Next Mark 0.352ms
[2026-03-25T21:45:19.937+0900][12.880s][info][gc          ] GC(273) Concurrent Mark Cycle 4.928ms
[2026-03-25T21:45:19.987+0900][12.929s][info][gc,start    ] GC(274) Pause Young (Concurrent Start) (G1 Humongous Allocation)
[2026-03-25T21:45:19.987+0900][12.929s][info][gc,task     ] GC(274) Using 8 workers of 8 for evacuation
[2026-03-25T21:45:19.987+0900][12.930s][info][gc,phases   ] GC(274)   Pre Evacuate Collection Set: 0.1ms
[2026-03-25T21:45:19.987+0900][12.930s][info][gc,phases   ] GC(274)   Merge Heap Roots: 0.1ms
[2026-03-25T21:45:19.987+0900][12.930s][info][gc,phases   ] GC(274)   Evacuate Collection Set: 0.2ms
[2026-03-25T21:45:19.987+0900][12.930s][info][gc,phases   ] GC(274)   Post Evacuate Collection Set: 0.1ms
[2026-03-25T21:45:19.987+0900][12.930s][info][gc,phases   ] GC(274)   Other: 0.2ms
[2026-03-25T21:45:19.988+0900][12.930s][info][gc,heap     ] GC(274) Eden regions: 1->0(140)
[2026-03-25T21:45:19.988+0900][12.930s][info][gc,heap     ] GC(274) Survivor regions: 1->1(18)
[2026-03-25T21:45:19.988+0900][12.930s][info][gc,heap     ] GC(274) Old regions: 1->1
[2026-03-25T21:45:19.988+0900][12.930s][info][gc,heap     ] GC(274) Archive regions: 2->2
[2026-03-25T21:45:19.988+0900][12.930s][info][gc,heap     ] GC(274) Humongous regions: 278->278
[2026-03-25T21:45:19.988+0900][12.930s][info][gc,metaspace] GC(274) Metaspace: 178K(384K)->178K(384K) NonClass: 171K(256K)->171K(256K) Class: 7K(128K)->7K(128K)
[2026-03-25T21:45:19.988+0900][12.930s][info][gc          ] GC(274) Pause Young (Concurrent Start) (G1 Humongous Allocation) 279M->279M(470M) 0.885ms
[2026-03-25T21:45:19.988+0900][12.930s][info][gc,cpu      ] GC(274) User=0.00s Sys=0.00s Real=0.00s
[2026-03-25T21:45:19.988+0900][12.930s][info][gc          ] GC(275) Concurrent Mark Cycle
[2026-03-25T21:45:19.988+0900][12.930s][info][gc,marking  ] GC(275) Concurrent Clear Claimed Marks
[2026-03-25T21:45:19.988+0900][12.930s][info][gc,marking  ] GC(275) Concurrent Clear Claimed Marks 0.015ms
[2026-03-25T21:45:19.988+0900][12.930s][info][gc,marking  ] GC(275) Concurrent Scan Root Regions
[2026-03-25T21:45:19.988+0900][12.930s][info][gc,marking  ] GC(275) Concurrent Scan Root Regions 0.046ms
[2026-03-25T21:45:19.988+0900][12.930s][info][gc,marking  ] GC(275) Concurrent Mark
[2026-03-25T21:45:19.988+0900][12.930s][info][gc,marking  ] GC(275) Concurrent Mark From Roots
[2026-03-25T21:45:19.988+0900][12.930s][info][gc,task     ] GC(275) Using 2 workers of 2 for marking
[2026-03-25T21:45:19.990+0900][12.932s][info][gc,marking  ] GC(275) Concurrent Mark From Roots 1.946ms
[2026-03-25T21:45:19.990+0900][12.932s][info][gc,marking  ] GC(275) Concurrent Preclean
[2026-03-25T21:45:19.990+0900][12.932s][info][gc,marking  ] GC(275) Concurrent Preclean 0.047ms
[2026-03-25T21:45:19.990+0900][12.932s][info][gc,start    ] GC(275) Pause Remark
[2026-03-25T21:45:19.990+0900][12.933s][info][gc          ] GC(275) Pause Remark 280M->280M(472M) 0.402ms
[2026-03-25T21:45:19.990+0900][12.933s][info][gc,cpu      ] GC(275) User=0.00s Sys=0.00s Real=0.00s
[2026-03-25T21:45:19.991+0900][12.933s][info][gc,marking  ] GC(275) Concurrent Mark 2.744ms
[2026-03-25T21:45:19.991+0900][12.933s][info][gc,marking  ] GC(275) Concurrent Rebuild Remembered Sets
[2026-03-25T21:45:19.991+0900][12.933s][info][gc,marking  ] GC(275) Concurrent Rebuild Remembered Sets 0.664ms
[2026-03-25T21:45:19.991+0900][12.933s][info][gc,start    ] GC(275) Pause Cleanup
[2026-03-25T21:45:19.991+0900][12.934s][info][gc          ] GC(275) Pause Cleanup 280M->280M(472M) 0.088ms
[2026-03-25T21:45:19.991+0900][12.934s][info][gc,cpu      ] GC(275) User=0.00s Sys=0.00s Real=0.00s
[2026-03-25T21:45:19.991+0900][12.934s][info][gc,marking  ] GC(275) Concurrent Cleanup for Next Mark
[2026-03-25T21:45:19.992+0900][12.934s][info][gc,marking  ] GC(275) Concurrent Cleanup for Next Mark 0.445ms
[2026-03-25T21:45:19.992+0900][12.934s][info][gc          ] GC(275) Concurrent Mark Cycle 4.309ms
[2026-03-25T21:45:20.041+0900][12.983s][info][gc,start    ] GC(276) Pause Young (Concurrent Start) (G1 Humongous Allocation)
[2026-03-25T21:45:20.041+0900][12.984s][info][gc,task     ] GC(276) Using 8 workers of 8 for evacuation
[2026-03-25T21:45:20.042+0900][12.984s][info][gc,phases   ] GC(276)   Pre Evacuate Collection Set: 0.1ms
[2026-03-25T21:45:20.042+0900][12.984s][info][gc,phases   ] GC(276)   Merge Heap Roots: 0.1ms
[2026-03-25T21:45:20.042+0900][12.984s][info][gc,phases   ] GC(276)   Evacuate Collection Set: 0.2ms
[2026-03-25T21:45:20.042+0900][12.984s][info][gc,phases   ] GC(276)   Post Evacuate Collection Set: 0.2ms
[2026-03-25T21:45:20.042+0900][12.984s][info][gc,phases   ] GC(276)   Other: 0.3ms
[2026-03-25T21:45:20.042+0900][12.984s][info][gc,heap     ] GC(276) Eden regions: 1->0(140)
[2026-03-25T21:45:20.042+0900][12.984s][info][gc,heap     ] GC(276) Survivor regions: 1->1(18)
[2026-03-25T21:45:20.042+0900][12.984s][info][gc,heap     ] GC(276) Old regions: 1->1
[2026-03-25T21:45:20.042+0900][12.984s][info][gc,heap     ] GC(276) Archive regions: 2->2
[2026-03-25T21:45:20.042+0900][12.985s][info][gc,heap     ] GC(276) Humongous regions: 279->279
[2026-03-25T21:45:20.042+0900][12.985s][info][gc,metaspace] GC(276) Metaspace: 181K(384K)->181K(384K) NonClass: 173K(256K)->173K(256K) Class: 7K(128K)->7K(128K)
[2026-03-25T21:45:20.042+0900][12.985s][info][gc          ] GC(276) Pause Young (Concurrent Start) (G1 Humongous Allocation) 280M->280M(472M) 1.173ms
[2026-03-25T21:45:20.042+0900][12.985s][info][gc,cpu      ] GC(276) User=0.00s Sys=0.00s Real=0.00s
[2026-03-25T21:45:20.042+0900][12.985s][info][gc          ] GC(277) Concurrent Mark Cycle
[2026-03-25T21:45:20.043+0900][12.985s][info][gc,marking  ] GC(277) Concurrent Clear Claimed Marks
[2026-03-25T21:45:20.043+0900][12.985s][info][gc,marking  ] GC(277) Concurrent Clear Claimed Marks 0.026ms
[2026-03-25T21:45:20.043+0900][12.985s][info][gc,marking  ] GC(277) Concurrent Scan Root Regions
[2026-03-25T21:45:20.043+0900][12.985s][info][gc,marking  ] GC(277) Concurrent Scan Root Regions 0.068ms
[2026-03-25T21:45:20.043+0900][12.985s][info][gc,marking  ] GC(277) Concurrent Mark
[2026-03-25T21:45:20.043+0900][12.985s][info][gc,marking  ] GC(277) Concurrent Mark From Roots
[2026-03-25T21:45:20.043+0900][12.985s][info][gc,task     ] GC(277) Using 2 workers of 2 for marking
[2026-03-25T21:45:20.045+0900][12.987s][info][gc,marking  ] GC(277) Concurrent Mark From Roots 2.364ms
[2026-03-25T21:45:20.045+0900][12.987s][info][gc,marking  ] GC(277) Concurrent Preclean
[2026-03-25T21:45:20.045+0900][12.987s][info][gc,marking  ] GC(277) Concurrent Preclean 0.044ms
[2026-03-25T21:45:20.045+0900][12.987s][info][gc,start    ] GC(277) Pause Remark
[2026-03-25T21:45:20.046+0900][12.988s][info][gc          ] GC(277) Pause Remark 281M->281M(474M) 0.419ms
[2026-03-25T21:45:20.046+0900][12.988s][info][gc,cpu      ] GC(277) User=0.00s Sys=0.00s Real=0.00s
[2026-03-25T21:45:20.046+0900][12.988s][info][gc,marking  ] GC(277) Concurrent Mark 3.003ms
[2026-03-25T21:45:20.046+0900][12.988s][info][gc,marking  ] GC(277) Concurrent Rebuild Remembered Sets
[2026-03-25T21:45:20.046+0900][12.988s][info][gc,marking  ] GC(277) Concurrent Rebuild Remembered Sets 0.573ms
[2026-03-25T21:45:20.046+0900][12.988s][info][gc,start    ] GC(277) Pause Cleanup
[2026-03-25T21:45:20.046+0900][12.989s][info][gc          ] GC(277) Pause Cleanup 281M->281M(474M) 0.071ms
[2026-03-25T21:45:20.046+0900][12.989s][info][gc,cpu      ] GC(277) User=0.00s Sys=0.00s Real=0.00s
[2026-03-25T21:45:20.046+0900][12.989s][info][gc,marking  ] GC(277) Concurrent Cleanup for Next Mark
[2026-03-25T21:45:20.047+0900][12.989s][info][gc,marking  ] GC(277) Concurrent Cleanup for Next Mark 0.368ms
[2026-03-25T21:45:20.047+0900][12.989s][info][gc          ] GC(277) Concurrent Mark Cycle 4.464ms
[2026-03-25T21:45:20.097+0900][13.039s][info][gc,start    ] GC(278) Pause Young (Concurrent Start) (G1 Humongous Allocation)
[2026-03-25T21:45:20.097+0900][13.039s][info][gc,task     ] GC(278) Using 8 workers of 8 for evacuation
[2026-03-25T21:45:20.098+0900][13.040s][info][gc,phases   ] GC(278)   Pre Evacuate Collection Set: 0.1ms
[2026-03-25T21:45:20.098+0900][13.040s][info][gc,phases   ] GC(278)   Merge Heap Roots: 0.1ms
[2026-03-25T21:45:20.098+0900][13.040s][info][gc,phases   ] GC(278)   Evacuate Collection Set: 0.2ms
[2026-03-25T21:45:20.098+0900][13.040s][info][gc,phases   ] GC(278)   Post Evacuate Collection Set: 0.1ms
[2026-03-25T21:45:20.098+0900][13.040s][info][gc,phases   ] GC(278)   Other: 0.2ms
[2026-03-25T21:45:20.098+0900][13.040s][info][gc,heap     ] GC(278) Eden regions: 1->0(141)
[2026-03-25T21:45:20.098+0900][13.040s][info][gc,heap     ] GC(278) Survivor regions: 1->1(18)
[2026-03-25T21:45:20.098+0900][13.040s][info][gc,heap     ] GC(278) Old regions: 1->1
[2026-03-25T21:45:20.098+0900][13.040s][info][gc,heap     ] GC(278) Archive regions: 2->2
[2026-03-25T21:45:20.098+0900][13.040s][info][gc,heap     ] GC(278) Humongous regions: 280->280
[2026-03-25T21:45:20.098+0900][13.040s][info][gc,metaspace] GC(278) Metaspace: 181K(384K)->181K(384K) NonClass: 173K(256K)->173K(256K) Class: 7K(128K)->7K(128K)
[2026-03-25T21:45:20.098+0900][13.040s][info][gc          ] GC(278) Pause Young (Concurrent Start) (G1 Humongous Allocation) 281M->281M(474M) 0.955ms
[2026-03-25T21:45:20.098+0900][13.040s][info][gc,cpu      ] GC(278) User=0.00s Sys=0.00s Real=0.00s
[2026-03-25T21:45:20.098+0900][13.040s][info][gc          ] GC(279) Concurrent Mark Cycle
[2026-03-25T21:45:20.098+0900][13.040s][info][gc,marking  ] GC(279) Concurrent Clear Claimed Marks
[2026-03-25T21:45:20.098+0900][13.040s][info][gc,marking  ] GC(279) Concurrent Clear Claimed Marks 0.019ms
[2026-03-25T21:45:20.098+0900][13.040s][info][gc,marking  ] GC(279) Concurrent Scan Root Regions
[2026-03-25T21:45:20.098+0900][13.040s][info][gc,marking  ] GC(279) Concurrent Scan Root Regions 0.051ms
[2026-03-25T21:45:20.098+0900][13.040s][info][gc,marking  ] GC(279) Concurrent Mark
[2026-03-25T21:45:20.098+0900][13.040s][info][gc,marking  ] GC(279) Concurrent Mark From Roots
[2026-03-25T21:45:20.098+0900][13.040s][info][gc,task     ] GC(279) Using 2 workers of 2 for marking
[2026-03-25T21:45:20.100+0900][13.042s][info][gc,marking  ] GC(279) Concurrent Mark From Roots 2.087ms
[2026-03-25T21:45:20.100+0900][13.042s][info][gc,marking  ] GC(279) Concurrent Preclean
[2026-03-25T21:45:20.100+0900][13.042s][info][gc,marking  ] GC(279) Concurrent Preclean 0.041ms
[2026-03-25T21:45:20.100+0900][13.043s][info][gc,start    ] GC(279) Pause Remark
[2026-03-25T21:45:20.101+0900][13.043s][info][gc          ] GC(279) Pause Remark 282M->282M(475M) 0.757ms
[2026-03-25T21:45:20.101+0900][13.043s][info][gc,cpu      ] GC(279) User=0.00s Sys=0.00s Real=0.00s
[2026-03-25T21:45:20.101+0900][13.043s][info][gc,marking  ] GC(279) Concurrent Mark 3.134ms
[2026-03-25T21:45:20.101+0900][13.043s][info][gc,marking  ] GC(279) Concurrent Rebuild Remembered Sets
[2026-03-25T21:45:20.102+0900][13.044s][info][gc,marking  ] GC(279) Concurrent Rebuild Remembered Sets 0.735ms
[2026-03-25T21:45:20.102+0900][13.044s][info][gc,start    ] GC(279) Pause Cleanup
[2026-03-25T21:45:20.102+0900][13.044s][info][gc          ] GC(279) Pause Cleanup 282M->282M(475M) 0.149ms
[2026-03-25T21:45:20.102+0900][13.045s][info][gc,cpu      ] GC(279) User=0.00s Sys=0.00s Real=0.00s
[2026-03-25T21:45:20.102+0900][13.045s][info][gc,marking  ] GC(279) Concurrent Cleanup for Next Mark
[2026-03-25T21:45:20.103+0900][13.045s][info][gc,marking  ] GC(279) Concurrent Cleanup for Next Mark 0.326ms
[2026-03-25T21:45:20.103+0900][13.045s][info][gc          ] GC(279) Concurrent Mark Cycle 4.818ms
[2026-03-25T21:45:20.151+0900][13.094s][info][gc,start    ] GC(280) Pause Young (Concurrent Start) (G1 Humongous Allocation)
[2026-03-25T21:45:20.151+0900][13.094s][info][gc,task     ] GC(280) Using 8 workers of 8 for evacuation
[2026-03-25T21:45:20.152+0900][13.094s][info][gc,phases   ] GC(280)   Pre Evacuate Collection Set: 0.1ms
[2026-03-25T21:45:20.152+0900][13.094s][info][gc,phases   ] GC(280)   Merge Heap Roots: 0.1ms
[2026-03-25T21:45:20.152+0900][13.094s][info][gc,phases   ] GC(280)   Evacuate Collection Set: 0.2ms
[2026-03-25T21:45:20.152+0900][13.094s][info][gc,phases   ] GC(280)   Post Evacuate Collection Set: 0.1ms
[2026-03-25T21:45:20.152+0900][13.094s][info][gc,phases   ] GC(280)   Other: 0.2ms
[2026-03-25T21:45:20.152+0900][13.094s][info][gc,heap     ] GC(280) Eden regions: 1->0(141)
[2026-03-25T21:45:20.152+0900][13.094s][info][gc,heap     ] GC(280) Survivor regions: 1->1(18)
[2026-03-25T21:45:20.152+0900][13.094s][info][gc,heap     ] GC(280) Old regions: 1->1
[2026-03-25T21:45:20.152+0900][13.094s][info][gc,heap     ] GC(280) Archive regions: 2->2
[2026-03-25T21:45:20.152+0900][13.094s][info][gc,heap     ] GC(280) Humongous regions: 281->281
[2026-03-25T21:45:20.152+0900][13.094s][info][gc,metaspace] GC(280) Metaspace: 181K(384K)->181K(384K) NonClass: 173K(256K)->173K(256K) Class: 7K(128K)->7K(128K)
[2026-03-25T21:45:20.152+0900][13.095s][info][gc          ] GC(280) Pause Young (Concurrent Start) (G1 Humongous Allocation) 282M->282M(475M) 0.988ms
[2026-03-25T21:45:20.152+0900][13.095s][info][gc,cpu      ] GC(280) User=0.00s Sys=0.00s Real=0.00s
[2026-03-25T21:45:20.152+0900][13.095s][info][gc          ] GC(281) Concurrent Mark Cycle
[2026-03-25T21:45:20.152+0900][13.095s][info][gc,marking  ] GC(281) Concurrent Clear Claimed Marks
[2026-03-25T21:45:20.152+0900][13.095s][info][gc,marking  ] GC(281) Concurrent Clear Claimed Marks 0.012ms
[2026-03-25T21:45:20.152+0900][13.095s][info][gc,marking  ] GC(281) Concurrent Scan Root Regions
[2026-03-25T21:45:20.152+0900][13.095s][info][gc,marking  ] GC(281) Concurrent Scan Root Regions 0.047ms
[2026-03-25T21:45:20.152+0900][13.095s][info][gc,marking  ] GC(281) Concurrent Mark
[2026-03-25T21:45:20.152+0900][13.095s][info][gc,marking  ] GC(281) Concurrent Mark From Roots
[2026-03-25T21:45:20.152+0900][13.095s][info][gc,task     ] GC(281) Using 2 workers of 2 for marking
[2026-03-25T21:45:20.154+0900][13.097s][info][gc,marking  ] GC(281) Concurrent Mark From Roots 1.860ms
[2026-03-25T21:45:20.154+0900][13.097s][info][gc,marking  ] GC(281) Concurrent Preclean
[2026-03-25T21:45:20.154+0900][13.097s][info][gc,marking  ] GC(281) Concurrent Preclean 0.034ms
[2026-03-25T21:45:20.154+0900][13.097s][info][gc,start    ] GC(281) Pause Remark
[2026-03-25T21:45:20.155+0900][13.097s][info][gc          ] GC(281) Pause Remark 283M->283M(477M) 0.365ms
[2026-03-25T21:45:20.155+0900][13.097s][info][gc,cpu      ] GC(281) User=0.00s Sys=0.01s Real=0.00s
[2026-03-25T21:45:20.155+0900][13.097s][info][gc,marking  ] GC(281) Concurrent Mark 2.386ms
[2026-03-25T21:45:20.155+0900][13.097s][info][gc,marking  ] GC(281) Concurrent Rebuild Remembered Sets
[2026-03-25T21:45:20.155+0900][13.098s][info][gc,marking  ] GC(281) Concurrent Rebuild Remembered Sets 0.549ms
[2026-03-25T21:45:20.155+0900][13.098s][info][gc,start    ] GC(281) Pause Cleanup
[2026-03-25T21:45:20.156+0900][13.098s][info][gc          ] GC(281) Pause Cleanup 283M->283M(477M) 0.076ms
[2026-03-25T21:45:20.156+0900][13.098s][info][gc,cpu      ] GC(281) User=0.00s Sys=0.00s Real=0.00s
[2026-03-25T21:45:20.156+0900][13.098s][info][gc,marking  ] GC(281) Concurrent Cleanup for Next Mark
[2026-03-25T21:45:20.156+0900][13.098s][info][gc,marking  ] GC(281) Concurrent Cleanup for Next Mark 0.377ms
[2026-03-25T21:45:20.156+0900][13.098s][info][gc          ] GC(281) Concurrent Mark Cycle 3.695ms
[2026-03-25T21:45:20.207+0900][13.149s][info][gc,start    ] GC(282) Pause Young (Concurrent Start) (G1 Humongous Allocation)
[2026-03-25T21:45:20.207+0900][13.149s][info][gc,task     ] GC(282) Using 8 workers of 8 for evacuation
[2026-03-25T21:45:20.207+0900][13.150s][info][gc,phases   ] GC(282)   Pre Evacuate Collection Set: 0.1ms
[2026-03-25T21:45:20.207+0900][13.150s][info][gc,phases   ] GC(282)   Merge Heap Roots: 0.1ms
[2026-03-25T21:45:20.207+0900][13.150s][info][gc,phases   ] GC(282)   Evacuate Collection Set: 0.2ms
[2026-03-25T21:45:20.207+0900][13.150s][info][gc,phases   ] GC(282)   Post Evacuate Collection Set: 0.2ms
[2026-03-25T21:45:20.207+0900][13.150s][info][gc,phases   ] GC(282)   Other: 0.2ms
[2026-03-25T21:45:20.207+0900][13.150s][info][gc,heap     ] GC(282) Eden regions: 1->0(144)
[2026-03-25T21:45:20.207+0900][13.150s][info][gc,heap     ] GC(282) Survivor regions: 1->1(18)
[2026-03-25T21:45:20.207+0900][13.150s][info][gc,heap     ] GC(282) Old regions: 1->1
[2026-03-25T21:45:20.207+0900][13.150s][info][gc,heap     ] GC(282) Archive regions: 2->2
[2026-03-25T21:45:20.208+0900][13.150s][info][gc,heap     ] GC(282) Humongous regions: 282->282
[2026-03-25T21:45:20.208+0900][13.150s][info][gc,metaspace] GC(282) Metaspace: 181K(384K)->181K(384K) NonClass: 173K(256K)->173K(256K) Class: 7K(128K)->7K(128K)
[2026-03-25T21:45:20.208+0900][13.150s][info][gc          ] GC(282) Pause Young (Concurrent Start) (G1 Humongous Allocation) 283M->283M(479M) 0.911ms
[2026-03-25T21:45:20.208+0900][13.150s][info][gc,cpu      ] GC(282) User=0.00s Sys=0.00s Real=0.00s
[2026-03-25T21:45:20.208+0900][13.150s][info][gc          ] GC(283) Concurrent Mark Cycle
[2026-03-25T21:45:20.208+0900][13.150s][info][gc,marking  ] GC(283) Concurrent Clear Claimed Marks
[2026-03-25T21:45:20.208+0900][13.150s][info][gc,marking  ] GC(283) Concurrent Clear Claimed Marks 0.013ms
[2026-03-25T21:45:20.208+0900][13.150s][info][gc,marking  ] GC(283) Concurrent Scan Root Regions
[2026-03-25T21:45:20.208+0900][13.150s][info][gc,marking  ] GC(283) Concurrent Scan Root Regions 0.044ms
[2026-03-25T21:45:20.208+0900][13.150s][info][gc,marking  ] GC(283) Concurrent Mark
[2026-03-25T21:45:20.208+0900][13.150s][info][gc,marking  ] GC(283) Concurrent Mark From Roots
[2026-03-25T21:45:20.208+0900][13.150s][info][gc,task     ] GC(283) Using 2 workers of 2 for marking
[2026-03-25T21:45:20.211+0900][13.153s][info][gc,marking  ] GC(283) Concurrent Mark From Roots 3.040ms
[2026-03-25T21:45:20.211+0900][13.153s][info][gc,marking  ] GC(283) Concurrent Preclean
[2026-03-25T21:45:20.211+0900][13.153s][info][gc,marking  ] GC(283) Concurrent Preclean 0.034ms
[2026-03-25T21:45:20.211+0900][13.153s][info][gc,start    ] GC(283) Pause Remark
[2026-03-25T21:45:20.211+0900][13.153s][info][gc          ] GC(283) Pause Remark 284M->284M(479M) 0.418ms
[2026-03-25T21:45:20.211+0900][13.154s][info][gc,cpu      ] GC(283) User=0.00s Sys=0.00s Real=0.00s
[2026-03-25T21:45:20.211+0900][13.154s][info][gc,marking  ] GC(283) Concurrent Mark 3.679ms
[2026-03-25T21:45:20.211+0900][13.154s][info][gc,marking  ] GC(283) Concurrent Rebuild Remembered Sets
[2026-03-25T21:45:20.212+0900][13.154s][info][gc,marking  ] GC(283) Concurrent Rebuild Remembered Sets 0.560ms
[2026-03-25T21:45:20.212+0900][13.154s][info][gc,start    ] GC(283) Pause Cleanup
[2026-03-25T21:45:20.212+0900][13.154s][info][gc          ] GC(283) Pause Cleanup 284M->284M(479M) 0.074ms
[2026-03-25T21:45:20.212+0900][13.154s][info][gc,cpu      ] GC(283) User=0.00s Sys=0.00s Real=0.00s
[2026-03-25T21:45:20.212+0900][13.154s][info][gc,marking  ] GC(283) Concurrent Cleanup for Next Mark
[2026-03-25T21:45:20.213+0900][13.155s][info][gc,marking  ] GC(283) Concurrent Cleanup for Next Mark 0.388ms
[2026-03-25T21:45:20.213+0900][13.155s][info][gc          ] GC(283) Concurrent Mark Cycle 5.045ms
[2026-03-25T21:45:20.258+0900][13.200s][info][gc,start    ] GC(284) Pause Young (Concurrent Start) (G1 Humongous Allocation)
[2026-03-25T21:45:20.258+0900][13.200s][info][gc,task     ] GC(284) Using 8 workers of 8 for evacuation
[2026-03-25T21:45:20.259+0900][13.201s][info][gc,phases   ] GC(284)   Pre Evacuate Collection Set: 0.2ms
[2026-03-25T21:45:20.259+0900][13.201s][info][gc,phases   ] GC(284)   Merge Heap Roots: 0.2ms
[2026-03-25T21:45:20.259+0900][13.201s][info][gc,phases   ] GC(284)   Evacuate Collection Set: 0.3ms
[2026-03-25T21:45:20.259+0900][13.201s][info][gc,phases   ] GC(284)   Post Evacuate Collection Set: 0.2ms
[2026-03-25T21:45:20.259+0900][13.201s][info][gc,phases   ] GC(284)   Other: 0.3ms
[2026-03-25T21:45:20.259+0900][13.201s][info][gc,heap     ] GC(284) Eden regions: 1->0(143)
[2026-03-25T21:45:20.259+0900][13.201s][info][gc,heap     ] GC(284) Survivor regions: 1->1(19)
[2026-03-25T21:45:20.259+0900][13.201s][info][gc,heap     ] GC(284) Old regions: 1->1
[2026-03-25T21:45:20.259+0900][13.202s][info][gc,heap     ] GC(284) Archive regions: 2->2
[2026-03-25T21:45:20.259+0900][13.202s][info][gc,heap     ] GC(284) Humongous regions: 283->283
[2026-03-25T21:45:20.259+0900][13.202s][info][gc,metaspace] GC(284) Metaspace: 181K(384K)->181K(384K) NonClass: 173K(256K)->173K(256K) Class: 7K(128K)->7K(128K)
[2026-03-25T21:45:20.259+0900][13.202s][info][gc          ] GC(284) Pause Young (Concurrent Start) (G1 Humongous Allocation) 284M->284M(479M) 1.461ms
[2026-03-25T21:45:20.259+0900][13.202s][info][gc,cpu      ] GC(284) User=0.00s Sys=0.00s Real=0.00s
[2026-03-25T21:45:20.259+0900][13.202s][info][gc          ] GC(285) Concurrent Mark Cycle
[2026-03-25T21:45:20.259+0900][13.202s][info][gc,marking  ] GC(285) Concurrent Clear Claimed Marks
[2026-03-25T21:45:20.260+0900][13.202s][info][gc,marking  ] GC(285) Concurrent Clear Claimed Marks 0.021ms
[2026-03-25T21:45:20.260+0900][13.202s][info][gc,marking  ] GC(285) Concurrent Scan Root Regions
[2026-03-25T21:45:20.260+0900][13.202s][info][gc,marking  ] GC(285) Concurrent Scan Root Regions 0.066ms
[2026-03-25T21:45:20.260+0900][13.202s][info][gc,marking  ] GC(285) Concurrent Mark
[2026-03-25T21:45:20.260+0900][13.202s][info][gc,marking  ] GC(285) Concurrent Mark From Roots
[2026-03-25T21:45:20.260+0900][13.202s][info][gc,task     ] GC(285) Using 2 workers of 2 for marking
[2026-03-25T21:45:20.262+0900][13.204s][info][gc,marking  ] GC(285) Concurrent Mark From Roots 2.625ms
[2026-03-25T21:45:20.262+0900][13.205s][info][gc,marking  ] GC(285) Concurrent Preclean
[2026-03-25T21:45:20.262+0900][13.205s][info][gc,marking  ] GC(285) Concurrent Preclean 0.058ms
[2026-03-25T21:45:20.262+0900][13.205s][info][gc,start    ] GC(285) Pause Remark
[2026-03-25T21:45:20.263+0900][13.205s][info][gc          ] GC(285) Pause Remark 285M->285M(480M) 0.606ms
[2026-03-25T21:45:20.263+0900][13.205s][info][gc,cpu      ] GC(285) User=0.00s Sys=0.00s Real=0.00s
[2026-03-25T21:45:20.263+0900][13.205s][info][gc,marking  ] GC(285) Concurrent Mark 3.555ms
[2026-03-25T21:45:20.263+0900][13.205s][info][gc,marking  ] GC(285) Concurrent Rebuild Remembered Sets
[2026-03-25T21:45:20.264+0900][13.206s][info][gc,marking  ] GC(285) Concurrent Rebuild Remembered Sets 0.729ms
[2026-03-25T21:45:20.264+0900][13.206s][info][gc,start    ] GC(285) Pause Cleanup
[2026-03-25T21:45:20.264+0900][13.206s][info][gc          ] GC(285) Pause Cleanup 285M->285M(480M) 0.106ms
[2026-03-25T21:45:20.264+0900][13.206s][info][gc,cpu      ] GC(285) User=0.00s Sys=0.00s Real=0.00s
[2026-03-25T21:45:20.264+0900][13.206s][info][gc,marking  ] GC(285) Concurrent Cleanup for Next Mark
[2026-03-25T21:45:20.265+0900][13.207s][info][gc,marking  ] GC(285) Concurrent Cleanup for Next Mark 0.522ms
[2026-03-25T21:45:20.265+0900][13.207s][info][gc          ] GC(285) Concurrent Mark Cycle 5.304ms
[2026-03-25T21:45:20.310+0900][13.252s][info][gc,start    ] GC(286) Pause Young (Concurrent Start) (G1 Humongous Allocation)
[2026-03-25T21:45:20.310+0900][13.252s][info][gc,task     ] GC(286) Using 8 workers of 8 for evacuation
[2026-03-25T21:45:20.311+0900][13.253s][info][gc,phases   ] GC(286)   Pre Evacuate Collection Set: 0.1ms
[2026-03-25T21:45:20.311+0900][13.253s][info][gc,phases   ] GC(286)   Merge Heap Roots: 0.1ms
[2026-03-25T21:45:20.311+0900][13.253s][info][gc,phases   ] GC(286)   Evacuate Collection Set: 0.2ms
[2026-03-25T21:45:20.311+0900][13.253s][info][gc,phases   ] GC(286)   Post Evacuate Collection Set: 0.1ms
[2026-03-25T21:45:20.311+0900][13.253s][info][gc,phases   ] GC(286)   Other: 0.2ms
[2026-03-25T21:45:20.311+0900][13.253s][info][gc,heap     ] GC(286) Eden regions: 1->0(143)
[2026-03-25T21:45:20.311+0900][13.253s][info][gc,heap     ] GC(286) Survivor regions: 1->1(18)
[2026-03-25T21:45:20.311+0900][13.253s][info][gc,heap     ] GC(286) Old regions: 1->1
[2026-03-25T21:45:20.311+0900][13.253s][info][gc,heap     ] GC(286) Archive regions: 2->2
[2026-03-25T21:45:20.311+0900][13.253s][info][gc,heap     ] GC(286) Humongous regions: 284->284
[2026-03-25T21:45:20.311+0900][13.253s][info][gc,metaspace] GC(286) Metaspace: 181K(384K)->181K(384K) NonClass: 173K(256K)->173K(256K) Class: 7K(128K)->7K(128K)
[2026-03-25T21:45:20.311+0900][13.253s][info][gc          ] GC(286) Pause Young (Concurrent Start) (G1 Humongous Allocation) 285M->285M(480M) 0.828ms
[2026-03-25T21:45:20.311+0900][13.253s][info][gc,cpu      ] GC(286) User=0.00s Sys=0.00s Real=0.00s
[2026-03-25T21:45:20.311+0900][13.253s][info][gc          ] GC(287) Concurrent Mark Cycle
[2026-03-25T21:45:20.311+0900][13.253s][info][gc,marking  ] GC(287) Concurrent Clear Claimed Marks
[2026-03-25T21:45:20.311+0900][13.253s][info][gc,marking  ] GC(287) Concurrent Clear Claimed Marks 0.015ms
[2026-03-25T21:45:20.311+0900][13.253s][info][gc,marking  ] GC(287) Concurrent Scan Root Regions
[2026-03-25T21:45:20.311+0900][13.253s][info][gc,marking  ] GC(287) Concurrent Scan Root Regions 0.043ms
[2026-03-25T21:45:20.311+0900][13.253s][info][gc,marking  ] GC(287) Concurrent Mark
[2026-03-25T21:45:20.311+0900][13.253s][info][gc,marking  ] GC(287) Concurrent Mark From Roots
[2026-03-25T21:45:20.311+0900][13.253s][info][gc,task     ] GC(287) Using 2 workers of 2 for marking
[2026-03-25T21:45:20.313+0900][13.255s][info][gc,marking  ] GC(287) Concurrent Mark From Roots 1.793ms
[2026-03-25T21:45:20.313+0900][13.255s][info][gc,marking  ] GC(287) Concurrent Preclean
[2026-03-25T21:45:20.313+0900][13.255s][info][gc,marking  ] GC(287) Concurrent Preclean 0.035ms
[2026-03-25T21:45:20.313+0900][13.255s][info][gc,start    ] GC(287) Pause Remark
[2026-03-25T21:45:20.313+0900][13.255s][info][gc          ] GC(287) Pause Remark 286M->286M(482M) 0.317ms
[2026-03-25T21:45:20.313+0900][13.255s][info][gc,cpu      ] GC(287) User=0.00s Sys=0.00s Real=0.00s
[2026-03-25T21:45:20.313+0900][13.255s][info][gc,marking  ] GC(287) Concurrent Mark 2.261ms
[2026-03-25T21:45:20.313+0900][13.255s][info][gc,marking  ] GC(287) Concurrent Rebuild Remembered Sets
[2026-03-25T21:45:20.314+0900][13.256s][info][gc,marking  ] GC(287) Concurrent Rebuild Remembered Sets 0.545ms
[2026-03-25T21:45:20.314+0900][13.256s][info][gc,start    ] GC(287) Pause Cleanup
[2026-03-25T21:45:20.314+0900][13.256s][info][gc          ] GC(287) Pause Cleanup 286M->286M(482M) 0.067ms
[2026-03-25T21:45:20.314+0900][13.256s][info][gc,cpu      ] GC(287) User=0.00s Sys=0.00s Real=0.00s
[2026-03-25T21:45:20.314+0900][13.256s][info][gc,marking  ] GC(287) Concurrent Cleanup for Next Mark
[2026-03-25T21:45:20.314+0900][13.256s][info][gc,marking  ] GC(287) Concurrent Cleanup for Next Mark 0.321ms
[2026-03-25T21:45:20.314+0900][13.257s][info][gc          ] GC(287) Concurrent Mark Cycle 3.492ms
[2026-03-25T21:45:20.363+0900][13.305s][info][gc,start    ] GC(288) Pause Young (Concurrent Start) (G1 Humongous Allocation)
[2026-03-25T21:45:20.363+0900][13.305s][info][gc,task     ] GC(288) Using 8 workers of 8 for evacuation
[2026-03-25T21:45:20.364+0900][13.306s][info][gc,phases   ] GC(288)   Pre Evacuate Collection Set: 0.2ms
[2026-03-25T21:45:20.364+0900][13.306s][info][gc,phases   ] GC(288)   Merge Heap Roots: 0.2ms
[2026-03-25T21:45:20.364+0900][13.306s][info][gc,phases   ] GC(288)   Evacuate Collection Set: 0.3ms
[2026-03-25T21:45:20.364+0900][13.306s][info][gc,phases   ] GC(288)   Post Evacuate Collection Set: 0.2ms
[2026-03-25T21:45:20.364+0900][13.306s][info][gc,phases   ] GC(288)   Other: 0.3ms
[2026-03-25T21:45:20.364+0900][13.306s][info][gc,heap     ] GC(288) Eden regions: 1->0(143)
[2026-03-25T21:45:20.364+0900][13.306s][info][gc,heap     ] GC(288) Survivor regions: 1->1(18)
[2026-03-25T21:45:20.364+0900][13.306s][info][gc,heap     ] GC(288) Old regions: 1->1
[2026-03-25T21:45:20.364+0900][13.306s][info][gc,heap     ] GC(288) Archive regions: 2->2
[2026-03-25T21:45:20.364+0900][13.306s][info][gc,heap     ] GC(288) Humongous regions: 285->285
[2026-03-25T21:45:20.364+0900][13.306s][info][gc,metaspace] GC(288) Metaspace: 181K(384K)->181K(384K) NonClass: 173K(256K)->173K(256K) Class: 7K(128K)->7K(128K)
[2026-03-25T21:45:20.364+0900][13.306s][info][gc          ] GC(288) Pause Young (Concurrent Start) (G1 Humongous Allocation) 286M->286M(482M) 1.442ms
[2026-03-25T21:45:20.364+0900][13.306s][info][gc,cpu      ] GC(288) User=0.00s Sys=0.00s Real=0.00s
[2026-03-25T21:45:20.364+0900][13.306s][info][gc          ] GC(289) Concurrent Mark Cycle
[2026-03-25T21:45:20.364+0900][13.306s][info][gc,marking  ] GC(289) Concurrent Clear Claimed Marks
[2026-03-25T21:45:20.364+0900][13.306s][info][gc,marking  ] GC(289) Concurrent Clear Claimed Marks 0.030ms
[2026-03-25T21:45:20.364+0900][13.306s][info][gc,marking  ] GC(289) Concurrent Scan Root Regions
[2026-03-25T21:45:20.364+0900][13.307s][info][gc,marking  ] GC(289) Concurrent Scan Root Regions 0.082ms
[2026-03-25T21:45:20.364+0900][13.307s][info][gc,marking  ] GC(289) Concurrent Mark
[2026-03-25T21:45:20.364+0900][13.307s][info][gc,marking  ] GC(289) Concurrent Mark From Roots
[2026-03-25T21:45:20.364+0900][13.307s][info][gc,task     ] GC(289) Using 2 workers of 2 for marking
[2026-03-25T21:45:20.367+0900][13.309s][info][gc,marking  ] GC(289) Concurrent Mark From Roots 2.538ms
[2026-03-25T21:45:20.367+0900][13.309s][info][gc,marking  ] GC(289) Concurrent Preclean
[2026-03-25T21:45:20.367+0900][13.309s][info][gc,marking  ] GC(289) Concurrent Preclean 0.042ms
[2026-03-25T21:45:20.367+0900][13.309s][info][gc,start    ] GC(289) Pause Remark
[2026-03-25T21:45:20.367+0900][13.310s][info][gc          ] GC(289) Pause Remark 289M->289M(489M) 0.419ms
[2026-03-25T21:45:20.368+0900][13.310s][info][gc,cpu      ] GC(289) User=0.01s Sys=0.00s Real=0.00s
[2026-03-25T21:45:20.368+0900][13.310s][info][gc,marking  ] GC(289) Concurrent Mark 3.159ms
[2026-03-25T21:45:20.368+0900][13.310s][info][gc,marking  ] GC(289) Concurrent Rebuild Remembered Sets
[2026-03-25T21:45:20.368+0900][13.311s][info][gc,marking  ] GC(289) Concurrent Rebuild Remembered Sets 0.811ms
[2026-03-25T21:45:20.368+0900][13.311s][info][gc,start    ] GC(289) Pause Cleanup
[2026-03-25T21:45:20.369+0900][13.311s][info][gc          ] GC(289) Pause Cleanup 289M->289M(489M) 0.079ms
[2026-03-25T21:45:20.369+0900][13.311s][info][gc,cpu      ] GC(289) User=0.00s Sys=0.00s Real=0.00s
[2026-03-25T21:45:20.369+0900][13.311s][info][gc,marking  ] GC(289) Concurrent Cleanup for Next Mark
[2026-03-25T21:45:20.369+0900][13.311s][info][gc,marking  ] GC(289) Concurrent Cleanup for Next Mark 0.352ms
[2026-03-25T21:45:20.369+0900][13.311s][info][gc          ] GC(289) Concurrent Mark Cycle 4.877ms
[2026-03-25T21:45:20.417+0900][13.359s][info][gc,start    ] GC(290) Pause Young (Concurrent Start) (G1 Humongous Allocation)
[2026-03-25T21:45:20.417+0900][13.359s][info][gc,task     ] GC(290) Using 8 workers of 8 for evacuation
[2026-03-25T21:45:20.418+0900][13.360s][info][gc,phases   ] GC(290)   Pre Evacuate Collection Set: 0.2ms
[2026-03-25T21:45:20.418+0900][13.360s][info][gc,phases   ] GC(290)   Merge Heap Roots: 0.2ms
[2026-03-25T21:45:20.418+0900][13.360s][info][gc,phases   ] GC(290)   Evacuate Collection Set: 0.3ms
[2026-03-25T21:45:20.418+0900][13.361s][info][gc,phases   ] GC(290)   Post Evacuate Collection Set: 0.4ms
[2026-03-25T21:45:20.418+0900][13.361s][info][gc,phases   ] GC(290)   Other: 0.3ms
[2026-03-25T21:45:20.418+0900][13.361s][info][gc,heap     ] GC(290) Eden regions: 1->0(147)
[2026-03-25T21:45:20.418+0900][13.361s][info][gc,heap     ] GC(290) Survivor regions: 1->1(18)
[2026-03-25T21:45:20.418+0900][13.361s][info][gc,heap     ] GC(290) Old regions: 1->1
[2026-03-25T21:45:20.418+0900][13.361s][info][gc,heap     ] GC(290) Archive regions: 2->2
[2026-03-25T21:45:20.418+0900][13.361s][info][gc,heap     ] GC(290) Humongous regions: 288->288
[2026-03-25T21:45:20.419+0900][13.361s][info][gc,metaspace] GC(290) Metaspace: 181K(384K)->181K(384K) NonClass: 173K(256K)->173K(256K) Class: 7K(128K)->7K(128K)
[2026-03-25T21:45:20.419+0900][13.361s][info][gc          ] GC(290) Pause Young (Concurrent Start) (G1 Humongous Allocation) 289M->289M(489M) 1.599ms
[2026-03-25T21:45:20.419+0900][13.361s][info][gc,cpu      ] GC(290) User=0.00s Sys=0.00s Real=0.00s
[2026-03-25T21:45:20.419+0900][13.361s][info][gc          ] GC(291) Concurrent Mark Cycle
[2026-03-25T21:45:20.419+0900][13.361s][info][gc,marking  ] GC(291) Concurrent Clear Claimed Marks
[2026-03-25T21:45:20.419+0900][13.361s][info][gc,marking  ] GC(291) Concurrent Clear Claimed Marks 0.026ms
[2026-03-25T21:45:20.419+0900][13.361s][info][gc,marking  ] GC(291) Concurrent Scan Root Regions
[2026-03-25T21:45:20.419+0900][13.361s][info][gc,marking  ] GC(291) Concurrent Scan Root Regions 0.083ms
[2026-03-25T21:45:20.419+0900][13.361s][info][gc,marking  ] GC(291) Concurrent Mark
[2026-03-25T21:45:20.419+0900][13.361s][info][gc,marking  ] GC(291) Concurrent Mark From Roots
[2026-03-25T21:45:20.419+0900][13.361s][info][gc,task     ] GC(291) Using 2 workers of 2 for marking
[2026-03-25T21:45:20.422+0900][13.364s][info][gc,marking  ] GC(291) Concurrent Mark From Roots 2.884ms
[2026-03-25T21:45:20.422+0900][13.364s][info][gc,marking  ] GC(291) Concurrent Preclean
[2026-03-25T21:45:20.422+0900][13.364s][info][gc,marking  ] GC(291) Concurrent Preclean 0.050ms
[2026-03-25T21:45:20.422+0900][13.364s][info][gc,start    ] GC(291) Pause Remark
[2026-03-25T21:45:20.422+0900][13.364s][info][gc          ] GC(291) Pause Remark 290M->290M(489M) 0.354ms
[2026-03-25T21:45:20.422+0900][13.364s][info][gc,cpu      ] GC(291) User=0.01s Sys=0.00s Real=0.00s
[2026-03-25T21:45:20.422+0900][13.365s][info][gc,marking  ] GC(291) Concurrent Mark 3.474ms
[2026-03-25T21:45:20.422+0900][13.365s][info][gc,marking  ] GC(291) Concurrent Rebuild Remembered Sets
[2026-03-25T21:45:20.423+0900][13.365s][info][gc,marking  ] GC(291) Concurrent Rebuild Remembered Sets 0.657ms
[2026-03-25T21:45:20.423+0900][13.365s][info][gc,start    ] GC(291) Pause Cleanup
[2026-03-25T21:45:20.423+0900][13.365s][info][gc          ] GC(291) Pause Cleanup 290M->290M(489M) 0.092ms
[2026-03-25T21:45:20.423+0900][13.365s][info][gc,cpu      ] GC(291) User=0.00s Sys=0.00s Real=0.00s
[2026-03-25T21:45:20.423+0900][13.365s][info][gc,marking  ] GC(291) Concurrent Cleanup for Next Mark
[2026-03-25T21:45:20.424+0900][13.366s][info][gc,marking  ] GC(291) Concurrent Cleanup for Next Mark 0.439ms
[2026-03-25T21:45:20.424+0900][13.366s][info][gc          ] GC(291) Concurrent Mark Cycle 5.074ms
[2026-03-25T21:45:20.471+0900][13.414s][info][gc,start    ] GC(292) Pause Young (Concurrent Start) (G1 Humongous Allocation)
[2026-03-25T21:45:20.471+0900][13.414s][info][gc,task     ] GC(292) Using 8 workers of 8 for evacuation
[2026-03-25T21:45:20.472+0900][13.414s][info][gc,phases   ] GC(292)   Pre Evacuate Collection Set: 0.1ms
[2026-03-25T21:45:20.472+0900][13.414s][info][gc,phases   ] GC(292)   Merge Heap Roots: 0.1ms
[2026-03-25T21:45:20.472+0900][13.414s][info][gc,phases   ] GC(292)   Evacuate Collection Set: 0.2ms
[2026-03-25T21:45:20.472+0900][13.414s][info][gc,phases   ] GC(292)   Post Evacuate Collection Set: 0.1ms
[2026-03-25T21:45:20.472+0900][13.414s][info][gc,phases   ] GC(292)   Other: 0.2ms
[2026-03-25T21:45:20.472+0900][13.414s][info][gc,heap     ] GC(292) Eden regions: 1->0(146)
[2026-03-25T21:45:20.472+0900][13.414s][info][gc,heap     ] GC(292) Survivor regions: 1->1(19)
[2026-03-25T21:45:20.472+0900][13.414s][info][gc,heap     ] GC(292) Old regions: 1->1
[2026-03-25T21:45:20.472+0900][13.414s][info][gc,heap     ] GC(292) Archive regions: 2->2
[2026-03-25T21:45:20.472+0900][13.414s][info][gc,heap     ] GC(292) Humongous regions: 289->289
[2026-03-25T21:45:20.472+0900][13.414s][info][gc,metaspace] GC(292) Metaspace: 181K(384K)->181K(384K) NonClass: 173K(256K)->173K(256K) Class: 7K(128K)->7K(128K)
[2026-03-25T21:45:20.472+0900][13.414s][info][gc          ] GC(292) Pause Young (Concurrent Start) (G1 Humongous Allocation) 290M->290M(489M) 0.832ms
[2026-03-25T21:45:20.472+0900][13.414s][info][gc,cpu      ] GC(292) User=0.00s Sys=0.00s Real=0.00s
[2026-03-25T21:45:20.472+0900][13.414s][info][gc          ] GC(293) Concurrent Mark Cycle
[2026-03-25T21:45:20.472+0900][13.415s][info][gc,marking  ] GC(293) Concurrent Clear Claimed Marks
[2026-03-25T21:45:20.472+0900][13.415s][info][gc,marking  ] GC(293) Concurrent Clear Claimed Marks 0.015ms
[2026-03-25T21:45:20.472+0900][13.415s][info][gc,marking  ] GC(293) Concurrent Scan Root Regions
[2026-03-25T21:45:20.472+0900][13.415s][info][gc,marking  ] GC(293) Concurrent Scan Root Regions 0.044ms
[2026-03-25T21:45:20.472+0900][13.415s][info][gc,marking  ] GC(293) Concurrent Mark
[2026-03-25T21:45:20.472+0900][13.415s][info][gc,marking  ] GC(293) Concurrent Mark From Roots
[2026-03-25T21:45:20.472+0900][13.415s][info][gc,task     ] GC(293) Using 2 workers of 2 for marking
[2026-03-25T21:45:20.475+0900][13.417s][info][gc,marking  ] GC(293) Concurrent Mark From Roots 2.254ms
[2026-03-25T21:45:20.475+0900][13.417s][info][gc,marking  ] GC(293) Concurrent Preclean
[2026-03-25T21:45:20.475+0900][13.417s][info][gc,marking  ] GC(293) Concurrent Preclean 0.051ms
[2026-03-25T21:45:20.475+0900][13.417s][info][gc,start    ] GC(293) Pause Remark
[2026-03-25T21:45:20.475+0900][13.417s][info][gc          ] GC(293) Pause Remark 291M->291M(490M) 0.498ms
[2026-03-25T21:45:20.475+0900][13.418s][info][gc,cpu      ] GC(293) User=0.00s Sys=0.00s Real=0.00s
[2026-03-25T21:45:20.475+0900][13.418s][info][gc,marking  ] GC(293) Concurrent Mark 2.974ms
[2026-03-25T21:45:20.475+0900][13.418s][info][gc,marking  ] GC(293) Concurrent Rebuild Remembered Sets
[2026-03-25T21:45:20.476+0900][13.418s][info][gc,marking  ] GC(293) Concurrent Rebuild Remembered Sets 0.669ms
[2026-03-25T21:45:20.476+0900][13.418s][info][gc,start    ] GC(293) Pause Cleanup
[2026-03-25T21:45:20.476+0900][13.418s][info][gc          ] GC(293) Pause Cleanup 291M->291M(490M) 0.092ms
[2026-03-25T21:45:20.476+0900][13.418s][info][gc,cpu      ] GC(293) User=0.00s Sys=0.00s Real=0.00s
[2026-03-25T21:45:20.476+0900][13.418s][info][gc,marking  ] GC(293) Concurrent Cleanup for Next Mark
[2026-03-25T21:45:20.477+0900][13.419s][info][gc,marking  ] GC(293) Concurrent Cleanup for Next Mark 0.411ms
[2026-03-25T21:45:20.477+0900][13.419s][info][gc          ] GC(293) Concurrent Mark Cycle 4.518ms
[2026-03-25T21:45:20.525+0900][13.467s][info][gc,start    ] GC(294) Pause Young (Concurrent Start) (G1 Humongous Allocation)
[2026-03-25T21:45:20.525+0900][13.467s][info][gc,task     ] GC(294) Using 8 workers of 8 for evacuation
[2026-03-25T21:45:20.525+0900][13.468s][info][gc,phases   ] GC(294)   Pre Evacuate Collection Set: 0.1ms
[2026-03-25T21:45:20.525+0900][13.468s][info][gc,phases   ] GC(294)   Merge Heap Roots: 0.1ms
[2026-03-25T21:45:20.525+0900][13.468s][info][gc,phases   ] GC(294)   Evacuate Collection Set: 0.2ms
[2026-03-25T21:45:20.525+0900][13.468s][info][gc,phases   ] GC(294)   Post Evacuate Collection Set: 0.1ms
[2026-03-25T21:45:20.525+0900][13.468s][info][gc,phases   ] GC(294)   Other: 0.2ms
[2026-03-25T21:45:20.525+0900][13.468s][info][gc,heap     ] GC(294) Eden regions: 1->0(146)
[2026-03-25T21:45:20.525+0900][13.468s][info][gc,heap     ] GC(294) Survivor regions: 1->1(19)
[2026-03-25T21:45:20.525+0900][13.468s][info][gc,heap     ] GC(294) Old regions: 1->1
[2026-03-25T21:45:20.525+0900][13.468s][info][gc,heap     ] GC(294) Archive regions: 2->2
[2026-03-25T21:45:20.525+0900][13.468s][info][gc,heap     ] GC(294) Humongous regions: 290->290
[2026-03-25T21:45:20.526+0900][13.468s][info][gc,metaspace] GC(294) Metaspace: 181K(384K)->181K(384K) NonClass: 173K(256K)->173K(256K) Class: 7K(128K)->7K(128K)
[2026-03-25T21:45:20.526+0900][13.468s][info][gc          ] GC(294) Pause Young (Concurrent Start) (G1 Humongous Allocation) 291M->291M(490M) 0.875ms
[2026-03-25T21:45:20.526+0900][13.468s][info][gc,cpu      ] GC(294) User=0.00s Sys=0.00s Real=0.00s
[2026-03-25T21:45:20.526+0900][13.468s][info][gc          ] GC(295) Concurrent Mark Cycle
[2026-03-25T21:45:20.526+0900][13.468s][info][gc,marking  ] GC(295) Concurrent Clear Claimed Marks
[2026-03-25T21:45:20.526+0900][13.468s][info][gc,marking  ] GC(295) Concurrent Clear Claimed Marks 0.015ms
[2026-03-25T21:45:20.526+0900][13.468s][info][gc,marking  ] GC(295) Concurrent Scan Root Regions
[2026-03-25T21:45:20.526+0900][13.468s][info][gc,marking  ] GC(295) Concurrent Scan Root Regions 0.049ms
[2026-03-25T21:45:20.526+0900][13.468s][info][gc,marking  ] GC(295) Concurrent Mark
[2026-03-25T21:45:20.526+0900][13.468s][info][gc,marking  ] GC(295) Concurrent Mark From Roots
[2026-03-25T21:45:20.526+0900][13.468s][info][gc,task     ] GC(295) Using 2 workers of 2 for marking
[2026-03-25T21:45:20.528+0900][13.470s][info][gc,marking  ] GC(295) Concurrent Mark From Roots 1.858ms
[2026-03-25T21:45:20.528+0900][13.470s][info][gc,marking  ] GC(295) Concurrent Preclean
[2026-03-25T21:45:20.528+0900][13.470s][info][gc,marking  ] GC(295) Concurrent Preclean 0.036ms
[2026-03-25T21:45:20.528+0900][13.470s][info][gc,start    ] GC(295) Pause Remark
[2026-03-25T21:45:20.528+0900][13.470s][info][gc          ] GC(295) Pause Remark 292M->292M(492M) 0.513ms
[2026-03-25T21:45:20.528+0900][13.470s][info][gc,cpu      ] GC(295) User=0.00s Sys=0.00s Real=0.00s
[2026-03-25T21:45:20.528+0900][13.471s][info][gc,marking  ] GC(295) Concurrent Mark 2.665ms
[2026-03-25T21:45:20.528+0900][13.471s][info][gc,marking  ] GC(295) Concurrent Rebuild Remembered Sets
[2026-03-25T21:45:20.529+0900][13.471s][info][gc,marking  ] GC(295) Concurrent Rebuild Remembered Sets 0.551ms
[2026-03-25T21:45:20.529+0900][13.471s][info][gc,start    ] GC(295) Pause Cleanup
[2026-03-25T21:45:20.529+0900][13.471s][info][gc          ] GC(295) Pause Cleanup 292M->292M(492M) 0.081ms
[2026-03-25T21:45:20.529+0900][13.471s][info][gc,cpu      ] GC(295) User=0.00s Sys=0.00s Real=0.00s
[2026-03-25T21:45:20.529+0900][13.471s][info][gc,marking  ] GC(295) Concurrent Cleanup for Next Mark
[2026-03-25T21:45:20.529+0900][13.472s][info][gc,marking  ] GC(295) Concurrent Cleanup for Next Mark 0.373ms
[2026-03-25T21:45:20.530+0900][13.472s][info][gc          ] GC(295) Concurrent Mark Cycle 4.011ms
[2026-03-25T21:45:20.576+0900][13.518s][info][gc,start    ] GC(296) Pause Young (Concurrent Start) (G1 Humongous Allocation)
[2026-03-25T21:45:20.576+0900][13.518s][info][gc,task     ] GC(296) Using 8 workers of 8 for evacuation
[2026-03-25T21:45:20.577+0900][13.519s][info][gc,phases   ] GC(296)   Pre Evacuate Collection Set: 0.2ms
[2026-03-25T21:45:20.577+0900][13.519s][info][gc,phases   ] GC(296)   Merge Heap Roots: 0.2ms
[2026-03-25T21:45:20.577+0900][13.519s][info][gc,phases   ] GC(296)   Evacuate Collection Set: 0.3ms
[2026-03-25T21:45:20.577+0900][13.519s][info][gc,phases   ] GC(296)   Post Evacuate Collection Set: 0.2ms
[2026-03-25T21:45:20.577+0900][13.519s][info][gc,phases   ] GC(296)   Other: 0.3ms
[2026-03-25T21:45:20.577+0900][13.519s][info][gc,heap     ] GC(296) Eden regions: 1->0(146)
[2026-03-25T21:45:20.577+0900][13.519s][info][gc,heap     ] GC(296) Survivor regions: 1->1(19)
[2026-03-25T21:45:20.577+0900][13.519s][info][gc,heap     ] GC(296) Old regions: 1->1
[2026-03-25T21:45:20.577+0900][13.519s][info][gc,heap     ] GC(296) Archive regions: 2->2
[2026-03-25T21:45:20.577+0900][13.519s][info][gc,heap     ] GC(296) Humongous regions: 291->291
[2026-03-25T21:45:20.577+0900][13.519s][info][gc,metaspace] GC(296) Metaspace: 181K(384K)->181K(384K) NonClass: 173K(256K)->173K(256K) Class: 7K(128K)->7K(128K)
[2026-03-25T21:45:20.577+0900][13.519s][info][gc          ] GC(296) Pause Young (Concurrent Start) (G1 Humongous Allocation) 292M->292M(492M) 1.435ms
[2026-03-25T21:45:20.577+0900][13.519s][info][gc,cpu      ] GC(296) User=0.00s Sys=0.00s Real=0.00s
[2026-03-25T21:45:20.577+0900][13.520s][info][gc          ] GC(297) Concurrent Mark Cycle
[2026-03-25T21:45:20.577+0900][13.520s][info][gc,marking  ] GC(297) Concurrent Clear Claimed Marks
[2026-03-25T21:45:20.577+0900][13.520s][info][gc,marking  ] GC(297) Concurrent Clear Claimed Marks 0.027ms
[2026-03-25T21:45:20.577+0900][13.520s][info][gc,marking  ] GC(297) Concurrent Scan Root Regions
[2026-03-25T21:45:20.578+0900][13.520s][info][gc,marking  ] GC(297) Concurrent Scan Root Regions 0.079ms
[2026-03-25T21:45:20.578+0900][13.520s][info][gc,marking  ] GC(297) Concurrent Mark
[2026-03-25T21:45:20.578+0900][13.520s][info][gc,marking  ] GC(297) Concurrent Mark From Roots
[2026-03-25T21:45:20.578+0900][13.520s][info][gc,task     ] GC(297) Using 2 workers of 2 for marking
[2026-03-25T21:45:20.580+0900][13.522s][info][gc,marking  ] GC(297) Concurrent Mark From Roots 2.565ms
[2026-03-25T21:45:20.580+0900][13.522s][info][gc,marking  ] GC(297) Concurrent Preclean
[2026-03-25T21:45:20.580+0900][13.522s][info][gc,marking  ] GC(297) Concurrent Preclean 0.042ms
[2026-03-25T21:45:20.580+0900][13.522s][info][gc,start    ] GC(297) Pause Remark
[2026-03-25T21:45:20.581+0900][13.523s][info][gc          ] GC(297) Pause Remark 293M->293M(494M) 0.394ms
[2026-03-25T21:45:20.581+0900][13.523s][info][gc,cpu      ] GC(297) User=0.00s Sys=0.00s Real=0.00s
[2026-03-25T21:45:20.581+0900][13.523s][info][gc,marking  ] GC(297) Concurrent Mark 3.167ms
[2026-03-25T21:45:20.581+0900][13.523s][info][gc,marking  ] GC(297) Concurrent Rebuild Remembered Sets
[2026-03-25T21:45:20.581+0900][13.524s][info][gc,marking  ] GC(297) Concurrent Rebuild Remembered Sets 0.669ms
[2026-03-25T21:45:20.581+0900][13.524s][info][gc,start    ] GC(297) Pause Cleanup
[2026-03-25T21:45:20.582+0900][13.524s][info][gc          ] GC(297) Pause Cleanup 293M->293M(494M) 0.089ms
[2026-03-25T21:45:20.582+0900][13.524s][info][gc,cpu      ] GC(297) User=0.00s Sys=0.00s Real=0.00s
[2026-03-25T21:45:20.582+0900][13.524s][info][gc,marking  ] GC(297) Concurrent Cleanup for Next Mark
[2026-03-25T21:45:20.582+0900][13.524s][info][gc,marking  ] GC(297) Concurrent Cleanup for Next Mark 0.346ms
[2026-03-25T21:45:20.582+0900][13.524s][info][gc          ] GC(297) Concurrent Mark Cycle 4.666ms
[2026-03-25T21:45:20.633+0900][13.575s][info][gc,start    ] GC(298) Pause Young (Concurrent Start) (G1 Humongous Allocation)
[2026-03-25T21:45:20.633+0900][13.575s][info][gc,task     ] GC(298) Using 8 workers of 8 for evacuation
[2026-03-25T21:45:20.634+0900][13.576s][info][gc,phases   ] GC(298)   Pre Evacuate Collection Set: 0.2ms
[2026-03-25T21:45:20.634+0900][13.577s][info][gc,phases   ] GC(298)   Merge Heap Roots: 0.2ms
[2026-03-25T21:45:20.634+0900][13.577s][info][gc,phases   ] GC(298)   Evacuate Collection Set: 0.3ms
[2026-03-25T21:45:20.634+0900][13.577s][info][gc,phases   ] GC(298)   Post Evacuate Collection Set: 0.4ms
[2026-03-25T21:45:20.634+0900][13.577s][info][gc,phases   ] GC(298)   Other: 0.3ms
[2026-03-25T21:45:20.635+0900][13.577s][info][gc,heap     ] GC(298) Eden regions: 1->0(148)
[2026-03-25T21:45:20.635+0900][13.577s][info][gc,heap     ] GC(298) Survivor regions: 1->1(19)
[2026-03-25T21:45:20.635+0900][13.577s][info][gc,heap     ] GC(298) Old regions: 1->1
[2026-03-25T21:45:20.635+0900][13.577s][info][gc,heap     ] GC(298) Archive regions: 2->2
[2026-03-25T21:45:20.635+0900][13.577s][info][gc,heap     ] GC(298) Humongous regions: 292->292
[2026-03-25T21:45:20.635+0900][13.577s][info][gc,metaspace] GC(298) Metaspace: 181K(384K)->181K(384K) NonClass: 173K(256K)->173K(256K) Class: 7K(128K)->7K(128K)
[2026-03-25T21:45:20.635+0900][13.577s][info][gc          ] GC(298) Pause Young (Concurrent Start) (G1 Humongous Allocation) 293M->293M(495M) 1.734ms
[2026-03-25T21:45:20.635+0900][13.577s][info][gc,cpu      ] GC(298) User=0.00s Sys=0.00s Real=0.00s
[2026-03-25T21:45:20.635+0900][13.577s][info][gc          ] GC(299) Concurrent Mark Cycle
[2026-03-25T21:45:20.635+0900][13.577s][info][gc,marking  ] GC(299) Concurrent Clear Claimed Marks
[2026-03-25T21:45:20.635+0900][13.577s][info][gc,marking  ] GC(299) Concurrent Clear Claimed Marks 0.031ms
[2026-03-25T21:45:20.635+0900][13.577s][info][gc,marking  ] GC(299) Concurrent Scan Root Regions
[2026-03-25T21:45:20.635+0900][13.577s][info][gc,marking  ] GC(299) Concurrent Scan Root Regions 0.080ms
[2026-03-25T21:45:20.635+0900][13.577s][info][gc,marking  ] GC(299) Concurrent Mark
[2026-03-25T21:45:20.635+0900][13.577s][info][gc,marking  ] GC(299) Concurrent Mark From Roots
[2026-03-25T21:45:20.635+0900][13.577s][info][gc,task     ] GC(299) Using 2 workers of 2 for marking
[2026-03-25T21:45:20.637+0900][13.580s][info][gc,marking  ] GC(299) Concurrent Mark From Roots 2.293ms
[2026-03-25T21:45:20.637+0900][13.580s][info][gc,marking  ] GC(299) Concurrent Preclean
[2026-03-25T21:45:20.637+0900][13.580s][info][gc,marking  ] GC(299) Concurrent Preclean 0.042ms
[2026-03-25T21:45:20.637+0900][13.580s][info][gc,start    ] GC(299) Pause Remark
[2026-03-25T21:45:20.638+0900][13.580s][info][gc          ] GC(299) Pause Remark 294M->294M(497M) 0.433ms
[2026-03-25T21:45:20.638+0900][13.580s][info][gc,cpu      ] GC(299) User=0.00s Sys=0.00s Real=0.00s
[2026-03-25T21:45:20.638+0900][13.580s][info][gc,marking  ] GC(299) Concurrent Mark 2.908ms
[2026-03-25T21:45:20.638+0900][13.580s][info][gc,marking  ] GC(299) Concurrent Rebuild Remembered Sets
[2026-03-25T21:45:20.639+0900][13.581s][info][gc,marking  ] GC(299) Concurrent Rebuild Remembered Sets 0.661ms
[2026-03-25T21:45:20.639+0900][13.581s][info][gc,start    ] GC(299) Pause Cleanup
[2026-03-25T21:45:20.639+0900][13.581s][info][gc          ] GC(299) Pause Cleanup 294M->294M(497M) 0.098ms
[2026-03-25T21:45:20.639+0900][13.581s][info][gc,cpu      ] GC(299) User=0.00s Sys=0.00s Real=0.00s
[2026-03-25T21:45:20.639+0900][13.581s][info][gc,marking  ] GC(299) Concurrent Cleanup for Next Mark
[2026-03-25T21:45:20.639+0900][13.581s][info][gc,marking  ] GC(299) Concurrent Cleanup for Next Mark 0.399ms
[2026-03-25T21:45:20.639+0900][13.582s][info][gc          ] GC(299) Concurrent Mark Cycle 4.558ms
[2026-03-25T21:45:20.688+0900][13.631s][info][gc,start    ] GC(300) Pause Young (Concurrent Start) (G1 Humongous Allocation)
[2026-03-25T21:45:20.688+0900][13.631s][info][gc,task     ] GC(300) Using 8 workers of 8 for evacuation
[2026-03-25T21:45:20.689+0900][13.631s][info][gc,phases   ] GC(300)   Pre Evacuate Collection Set: 0.1ms
[2026-03-25T21:45:20.689+0900][13.631s][info][gc,phases   ] GC(300)   Merge Heap Roots: 0.1ms
[2026-03-25T21:45:20.689+0900][13.632s][info][gc,phases   ] GC(300)   Evacuate Collection Set: 0.2ms
[2026-03-25T21:45:20.689+0900][13.632s][info][gc,phases   ] GC(300)   Post Evacuate Collection Set: 0.2ms
[2026-03-25T21:45:20.689+0900][13.632s][info][gc,phases   ] GC(300)   Other: 0.3ms
[2026-03-25T21:45:20.689+0900][13.632s][info][gc,heap     ] GC(300) Eden regions: 1->0(149)
[2026-03-25T21:45:20.689+0900][13.632s][info][gc,heap     ] GC(300) Survivor regions: 1->1(19)
[2026-03-25T21:45:20.689+0900][13.632s][info][gc,heap     ] GC(300) Old regions: 1->1
[2026-03-25T21:45:20.689+0900][13.632s][info][gc,heap     ] GC(300) Archive regions: 2->2
[2026-03-25T21:45:20.689+0900][13.632s][info][gc,heap     ] GC(300) Humongous regions: 293->293
[2026-03-25T21:45:20.689+0900][13.632s][info][gc,metaspace] GC(300) Metaspace: 181K(384K)->181K(384K) NonClass: 173K(256K)->173K(256K) Class: 7K(128K)->7K(128K)
[2026-03-25T21:45:20.690+0900][13.632s][info][gc          ] GC(300) Pause Young (Concurrent Start) (G1 Humongous Allocation) 294M->294M(497M) 1.162ms
[2026-03-25T21:45:20.690+0900][13.632s][info][gc,cpu      ] GC(300) User=0.00s Sys=0.00s Real=0.01s
[2026-03-25T21:45:20.690+0900][13.632s][info][gc          ] GC(301) Concurrent Mark Cycle
[2026-03-25T21:45:20.690+0900][13.632s][info][gc,marking  ] GC(301) Concurrent Clear Claimed Marks
[2026-03-25T21:45:20.690+0900][13.632s][info][gc,marking  ] GC(301) Concurrent Clear Claimed Marks 0.058ms
[2026-03-25T21:45:20.690+0900][13.632s][info][gc,marking  ] GC(301) Concurrent Scan Root Regions
[2026-03-25T21:45:20.690+0900][13.632s][info][gc,marking  ] GC(301) Concurrent Scan Root Regions 0.117ms
[2026-03-25T21:45:20.690+0900][13.632s][info][gc,marking  ] GC(301) Concurrent Mark
[2026-03-25T21:45:20.690+0900][13.632s][info][gc,marking  ] GC(301) Concurrent Mark From Roots
[2026-03-25T21:45:20.690+0900][13.632s][info][gc,task     ] GC(301) Using 2 workers of 2 for marking
[2026-03-25T21:45:20.692+0900][13.635s][info][gc,marking  ] GC(301) Concurrent Mark From Roots 2.567ms
[2026-03-25T21:45:20.693+0900][13.635s][info][gc,marking  ] GC(301) Concurrent Preclean
[2026-03-25T21:45:20.693+0900][13.635s][info][gc,marking  ] GC(301) Concurrent Preclean 0.043ms
[2026-03-25T21:45:20.693+0900][13.635s][info][gc,start    ] GC(301) Pause Remark
[2026-03-25T21:45:20.693+0900][13.635s][info][gc          ] GC(301) Pause Remark 295M->295M(497M) 0.405ms
[2026-03-25T21:45:20.693+0900][13.635s][info][gc,cpu      ] GC(301) User=0.00s Sys=0.00s Real=0.00s
[2026-03-25T21:45:20.693+0900][13.635s][info][gc,marking  ] GC(301) Concurrent Mark 3.245ms
[2026-03-25T21:45:20.693+0900][13.635s][info][gc,marking  ] GC(301) Concurrent Rebuild Remembered Sets
[2026-03-25T21:45:20.694+0900][13.636s][info][gc,marking  ] GC(301) Concurrent Rebuild Remembered Sets 0.669ms
[2026-03-25T21:45:20.694+0900][13.636s][info][gc,start    ] GC(301) Pause Cleanup
[2026-03-25T21:45:20.694+0900][13.636s][info][gc          ] GC(301) Pause Cleanup 295M->295M(497M) 0.106ms
[2026-03-25T21:45:20.694+0900][13.636s][info][gc,cpu      ] GC(301) User=0.00s Sys=0.00s Real=0.00s
[2026-03-25T21:45:20.694+0900][13.636s][info][gc,marking  ] GC(301) Concurrent Cleanup for Next Mark
[2026-03-25T21:45:20.694+0900][13.637s][info][gc,marking  ] GC(301) Concurrent Cleanup for Next Mark 0.421ms
[2026-03-25T21:45:20.695+0900][13.637s][info][gc          ] GC(301) Concurrent Mark Cycle 4.929ms
[2026-03-25T21:45:20.745+0900][13.687s][info][gc,start    ] GC(302) Pause Young (Concurrent Start) (G1 Humongous Allocation)
[2026-03-25T21:45:20.745+0900][13.687s][info][gc,task     ] GC(302) Using 8 workers of 8 for evacuation
[2026-03-25T21:45:20.746+0900][13.688s][info][gc,phases   ] GC(302)   Pre Evacuate Collection Set: 0.1ms
[2026-03-25T21:45:20.746+0900][13.688s][info][gc,phases   ] GC(302)   Merge Heap Roots: 0.0ms
[2026-03-25T21:45:20.746+0900][13.688s][info][gc,phases   ] GC(302)   Evacuate Collection Set: 0.2ms
[2026-03-25T21:45:20.746+0900][13.688s][info][gc,phases   ] GC(302)   Post Evacuate Collection Set: 0.1ms
[2026-03-25T21:45:20.746+0900][13.688s][info][gc,phases   ] GC(302)   Other: 0.2ms
[2026-03-25T21:45:20.746+0900][13.688s][info][gc,heap     ] GC(302) Eden regions: 1->0(148)
[2026-03-25T21:45:20.746+0900][13.688s][info][gc,heap     ] GC(302) Survivor regions: 1->1(19)
[2026-03-25T21:45:20.746+0900][13.688s][info][gc,heap     ] GC(302) Old regions: 1->1
[2026-03-25T21:45:20.746+0900][13.688s][info][gc,heap     ] GC(302) Archive regions: 2->2
[2026-03-25T21:45:20.746+0900][13.688s][info][gc,heap     ] GC(302) Humongous regions: 294->294
[2026-03-25T21:45:20.746+0900][13.688s][info][gc,metaspace] GC(302) Metaspace: 181K(384K)->181K(384K) NonClass: 173K(256K)->173K(256K) Class: 7K(128K)->7K(128K)
[2026-03-25T21:45:20.746+0900][13.688s][info][gc          ] GC(302) Pause Young (Concurrent Start) (G1 Humongous Allocation) 295M->295M(497M) 0.836ms
[2026-03-25T21:45:20.746+0900][13.688s][info][gc,cpu      ] GC(302) User=0.00s Sys=0.00s Real=0.00s
[2026-03-25T21:45:20.746+0900][13.688s][info][gc          ] GC(303) Concurrent Mark Cycle
[2026-03-25T21:45:20.746+0900][13.688s][info][gc,marking  ] GC(303) Concurrent Clear Claimed Marks
[2026-03-25T21:45:20.746+0900][13.688s][info][gc,marking  ] GC(303) Concurrent Clear Claimed Marks 0.012ms
[2026-03-25T21:45:20.746+0900][13.688s][info][gc,marking  ] GC(303) Concurrent Scan Root Regions
[2026-03-25T21:45:20.746+0900][13.688s][info][gc,marking  ] GC(303) Concurrent Scan Root Regions 0.089ms
[2026-03-25T21:45:20.746+0900][13.688s][info][gc,marking  ] GC(303) Concurrent Mark
[2026-03-25T21:45:20.746+0900][13.688s][info][gc,marking  ] GC(303) Concurrent Mark From Roots
[2026-03-25T21:45:20.746+0900][13.688s][info][gc,task     ] GC(303) Using 2 workers of 2 for marking
[2026-03-25T21:45:20.748+0900][13.690s][info][gc,marking  ] GC(303) Concurrent Mark From Roots 1.774ms
[2026-03-25T21:45:20.748+0900][13.690s][info][gc,marking  ] GC(303) Concurrent Preclean
[2026-03-25T21:45:20.748+0900][13.690s][info][gc,marking  ] GC(303) Concurrent Preclean 0.038ms
[2026-03-25T21:45:20.748+0900][13.690s][info][gc,start    ] GC(303) Pause Remark
[2026-03-25T21:45:20.748+0900][13.690s][info][gc          ] GC(303) Pause Remark 296M->296M(499M) 0.422ms
[2026-03-25T21:45:20.748+0900][13.691s][info][gc,cpu      ] GC(303) User=0.00s Sys=0.00s Real=0.00s
[2026-03-25T21:45:20.748+0900][13.691s][info][gc,marking  ] GC(303) Concurrent Mark 2.408ms
[2026-03-25T21:45:20.748+0900][13.691s][info][gc,marking  ] GC(303) Concurrent Rebuild Remembered Sets
[2026-03-25T21:45:20.749+0900][13.691s][info][gc,marking  ] GC(303) Concurrent Rebuild Remembered Sets 0.555ms
[2026-03-25T21:45:20.749+0900][13.691s][info][gc,start    ] GC(303) Pause Cleanup
[2026-03-25T21:45:20.749+0900][13.691s][info][gc          ] GC(303) Pause Cleanup 296M->296M(499M) 0.073ms
[2026-03-25T21:45:20.749+0900][13.691s][info][gc,cpu      ] GC(303) User=0.00s Sys=0.00s Real=0.00s
[2026-03-25T21:45:20.749+0900][13.691s][info][gc,marking  ] GC(303) Concurrent Cleanup for Next Mark
[2026-03-25T21:45:20.749+0900][13.692s][info][gc,marking  ] GC(303) Concurrent Cleanup for Next Mark 0.402ms
[2026-03-25T21:45:20.750+0900][13.692s][info][gc          ] GC(303) Concurrent Mark Cycle 3.784ms
[2026-03-25T21:45:20.799+0900][13.741s][info][gc,start    ] GC(304) Pause Young (Concurrent Start) (G1 Humongous Allocation)
[2026-03-25T21:45:20.799+0900][13.741s][info][gc,task     ] GC(304) Using 8 workers of 8 for evacuation
[2026-03-25T21:45:20.800+0900][13.742s][info][gc,phases   ] GC(304)   Pre Evacuate Collection Set: 0.1ms
[2026-03-25T21:45:20.800+0900][13.742s][info][gc,phases   ] GC(304)   Merge Heap Roots: 0.0ms
[2026-03-25T21:45:20.800+0900][13.742s][info][gc,phases   ] GC(304)   Evacuate Collection Set: 0.2ms
[2026-03-25T21:45:20.800+0900][13.742s][info][gc,phases   ] GC(304)   Post Evacuate Collection Set: 0.1ms
[2026-03-25T21:45:20.800+0900][13.742s][info][gc,phases   ] GC(304)   Other: 0.2ms
[2026-03-25T21:45:20.800+0900][13.742s][info][gc,heap     ] GC(304) Eden regions: 1->0(149)
[2026-03-25T21:45:20.800+0900][13.742s][info][gc,heap     ] GC(304) Survivor regions: 1->1(19)
[2026-03-25T21:45:20.800+0900][13.742s][info][gc,heap     ] GC(304) Old regions: 1->1
[2026-03-25T21:45:20.800+0900][13.742s][info][gc,heap     ] GC(304) Archive regions: 2->2
[2026-03-25T21:45:20.800+0900][13.742s][info][gc,heap     ] GC(304) Humongous regions: 295->295
[2026-03-25T21:45:20.800+0900][13.742s][info][gc,metaspace] GC(304) Metaspace: 181K(384K)->181K(384K) NonClass: 173K(256K)->173K(256K) Class: 7K(128K)->7K(128K)
[2026-03-25T21:45:20.800+0900][13.742s][info][gc          ] GC(304) Pause Young (Concurrent Start) (G1 Humongous Allocation) 296M->296M(499M) 0.905ms
[2026-03-25T21:45:20.800+0900][13.742s][info][gc,cpu      ] GC(304) User=0.00s Sys=0.00s Real=0.01s
[2026-03-25T21:45:20.800+0900][13.742s][info][gc          ] GC(305) Concurrent Mark Cycle
[2026-03-25T21:45:20.800+0900][13.742s][info][gc,marking  ] GC(305) Concurrent Clear Claimed Marks
[2026-03-25T21:45:20.800+0900][13.742s][info][gc,marking  ] GC(305) Concurrent Clear Claimed Marks 0.013ms
[2026-03-25T21:45:20.800+0900][13.742s][info][gc,marking  ] GC(305) Concurrent Scan Root Regions
[2026-03-25T21:45:20.800+0900][13.742s][info][gc,marking  ] GC(305) Concurrent Scan Root Regions 0.124ms
[2026-03-25T21:45:20.800+0900][13.742s][info][gc,marking  ] GC(305) Concurrent Mark
[2026-03-25T21:45:20.800+0900][13.742s][info][gc,marking  ] GC(305) Concurrent Mark From Roots
[2026-03-25T21:45:20.800+0900][13.742s][info][gc,task     ] GC(305) Using 2 workers of 2 for marking
[2026-03-25T21:45:20.802+0900][13.744s][info][gc,marking  ] GC(305) Concurrent Mark From Roots 2.000ms
[2026-03-25T21:45:20.802+0900][13.744s][info][gc,marking  ] GC(305) Concurrent Preclean
[2026-03-25T21:45:20.802+0900][13.744s][info][gc,marking  ] GC(305) Concurrent Preclean 0.040ms
[2026-03-25T21:45:20.802+0900][13.744s][info][gc,start    ] GC(305) Pause Remark
[2026-03-25T21:45:20.803+0900][13.745s][info][gc          ] GC(305) Pause Remark 297M->297M(500M) 0.428ms
[2026-03-25T21:45:20.803+0900][13.745s][info][gc,cpu      ] GC(305) User=0.00s Sys=0.00s Real=0.00s
[2026-03-25T21:45:20.803+0900][13.745s][info][gc,marking  ] GC(305) Concurrent Mark 2.666ms
[2026-03-25T21:45:20.803+0900][13.745s][info][gc,marking  ] GC(305) Concurrent Rebuild Remembered Sets
[2026-03-25T21:45:20.803+0900][13.746s][info][gc,marking  ] GC(305) Concurrent Rebuild Remembered Sets 0.559ms
[2026-03-25T21:45:20.803+0900][13.746s][info][gc,start    ] GC(305) Pause Cleanup
[2026-03-25T21:45:20.803+0900][13.746s][info][gc          ] GC(305) Pause Cleanup 297M->297M(500M) 0.081ms
[2026-03-25T21:45:20.803+0900][13.746s][info][gc,cpu      ] GC(305) User=0.00s Sys=0.00s Real=0.00s
[2026-03-25T21:45:20.803+0900][13.746s][info][gc,marking  ] GC(305) Concurrent Cleanup for Next Mark
[2026-03-25T21:45:20.804+0900][13.746s][info][gc,marking  ] GC(305) Concurrent Cleanup for Next Mark 0.398ms
[2026-03-25T21:45:20.804+0900][13.746s][info][gc          ] GC(305) Concurrent Mark Cycle 4.103ms
[2026-03-25T21:45:20.855+0900][13.797s][info][gc,start    ] GC(306) Pause Young (Concurrent Start) (G1 Humongous Allocation)
[2026-03-25T21:45:20.855+0900][13.797s][info][gc,task     ] GC(306) Using 8 workers of 8 for evacuation
[2026-03-25T21:45:20.856+0900][13.798s][info][gc,phases   ] GC(306)   Pre Evacuate Collection Set: 0.1ms
[2026-03-25T21:45:20.856+0900][13.798s][info][gc,phases   ] GC(306)   Merge Heap Roots: 0.1ms
[2026-03-25T21:45:20.856+0900][13.798s][info][gc,phases   ] GC(306)   Evacuate Collection Set: 0.2ms
[2026-03-25T21:45:20.856+0900][13.798s][info][gc,phases   ] GC(306)   Post Evacuate Collection Set: 0.1ms
[2026-03-25T21:45:20.856+0900][13.798s][info][gc,phases   ] GC(306)   Other: 0.2ms
[2026-03-25T21:45:20.856+0900][13.798s][info][gc,heap     ] GC(306) Eden regions: 1->0(149)
[2026-03-25T21:45:20.856+0900][13.798s][info][gc,heap     ] GC(306) Survivor regions: 1->1(19)
[2026-03-25T21:45:20.856+0900][13.798s][info][gc,heap     ] GC(306) Old regions: 1->1
[2026-03-25T21:45:20.856+0900][13.798s][info][gc,heap     ] GC(306) Archive regions: 2->2
[2026-03-25T21:45:20.856+0900][13.798s][info][gc,heap     ] GC(306) Humongous regions: 296->296
[2026-03-25T21:45:20.856+0900][13.798s][info][gc,metaspace] GC(306) Metaspace: 181K(384K)->181K(384K) NonClass: 173K(256K)->173K(256K) Class: 7K(128K)->7K(128K)
[2026-03-25T21:45:20.856+0900][13.798s][info][gc          ] GC(306) Pause Young (Concurrent Start) (G1 Humongous Allocation) 297M->297M(500M) 0.960ms
[2026-03-25T21:45:20.856+0900][13.798s][info][gc,cpu      ] GC(306) User=0.00s Sys=0.00s Real=0.00s
[2026-03-25T21:45:20.856+0900][13.798s][info][gc          ] GC(307) Concurrent Mark Cycle
[2026-03-25T21:45:20.856+0900][13.798s][info][gc,marking  ] GC(307) Concurrent Clear Claimed Marks
[2026-03-25T21:45:20.856+0900][13.798s][info][gc,marking  ] GC(307) Concurrent Clear Claimed Marks 0.019ms
[2026-03-25T21:45:20.856+0900][13.798s][info][gc,marking  ] GC(307) Concurrent Scan Root Regions
[2026-03-25T21:45:20.856+0900][13.799s][info][gc,marking  ] GC(307) Concurrent Scan Root Regions 0.118ms
[2026-03-25T21:45:20.856+0900][13.799s][info][gc,marking  ] GC(307) Concurrent Mark
[2026-03-25T21:45:20.856+0900][13.799s][info][gc,marking  ] GC(307) Concurrent Mark From Roots
[2026-03-25T21:45:20.856+0900][13.799s][info][gc,task     ] GC(307) Using 2 workers of 2 for marking
[2026-03-25T21:45:20.859+0900][13.802s][info][gc,marking  ] GC(307) Concurrent Mark From Roots 3.040ms
[2026-03-25T21:45:20.859+0900][13.802s][info][gc,marking  ] GC(307) Concurrent Preclean
[2026-03-25T21:45:20.860+0900][13.802s][info][gc,marking  ] GC(307) Concurrent Preclean 0.088ms
[2026-03-25T21:45:20.860+0900][13.802s][info][gc,start    ] GC(307) Pause Remark
[2026-03-25T21:45:20.861+0900][13.803s][info][gc          ] GC(307) Pause Remark 298M->298M(502M) 0.944ms
[2026-03-25T21:45:20.861+0900][13.803s][info][gc,cpu      ] GC(307) User=0.00s Sys=0.00s Real=0.00s
[2026-03-25T21:45:20.861+0900][13.803s][info][gc,marking  ] GC(307) Concurrent Mark 4.350ms
[2026-03-25T21:45:20.861+0900][13.803s][info][gc,marking  ] GC(307) Concurrent Rebuild Remembered Sets
[2026-03-25T21:45:20.862+0900][13.804s][info][gc,marking  ] GC(307) Concurrent Rebuild Remembered Sets 0.759ms
[2026-03-25T21:45:20.862+0900][13.804s][info][gc,start    ] GC(307) Pause Cleanup
[2026-03-25T21:45:20.862+0900][13.804s][info][gc          ] GC(307) Pause Cleanup 298M->298M(502M) 0.092ms
[2026-03-25T21:45:20.862+0900][13.804s][info][gc,cpu      ] GC(307) User=0.00s Sys=0.00s Real=0.00s
[2026-03-25T21:45:20.862+0900][13.804s][info][gc,marking  ] GC(307) Concurrent Cleanup for Next Mark
[2026-03-25T21:45:20.862+0900][13.804s][info][gc,marking  ] GC(307) Concurrent Cleanup for Next Mark 0.428ms
[2026-03-25T21:45:20.862+0900][13.804s][info][gc          ] GC(307) Concurrent Mark Cycle 6.096ms
[2026-03-25T21:45:20.908+0900][13.850s][info][gc,start    ] GC(308) Pause Young (Concurrent Start) (G1 Humongous Allocation)
[2026-03-25T21:45:20.908+0900][13.850s][info][gc,task     ] GC(308) Using 8 workers of 8 for evacuation
[2026-03-25T21:45:20.909+0900][13.851s][info][gc,phases   ] GC(308)   Pre Evacuate Collection Set: 0.1ms
[2026-03-25T21:45:20.909+0900][13.851s][info][gc,phases   ] GC(308)   Merge Heap Roots: 0.0ms
[2026-03-25T21:45:20.909+0900][13.851s][info][gc,phases   ] GC(308)   Evacuate Collection Set: 0.3ms
[2026-03-25T21:45:20.909+0900][13.851s][info][gc,phases   ] GC(308)   Post Evacuate Collection Set: 0.1ms
[2026-03-25T21:45:20.909+0900][13.851s][info][gc,phases   ] GC(308)   Other: 0.2ms
[2026-03-25T21:45:20.909+0900][13.851s][info][gc,heap     ] GC(308) Eden regions: 1->0(149)
[2026-03-25T21:45:20.909+0900][13.851s][info][gc,heap     ] GC(308) Survivor regions: 1->1(19)
[2026-03-25T21:45:20.909+0900][13.851s][info][gc,heap     ] GC(308) Old regions: 1->1
[2026-03-25T21:45:20.909+0900][13.851s][info][gc,heap     ] GC(308) Archive regions: 2->2
[2026-03-25T21:45:20.909+0900][13.851s][info][gc,heap     ] GC(308) Humongous regions: 297->297
[2026-03-25T21:45:20.909+0900][13.851s][info][gc,metaspace] GC(308) Metaspace: 181K(384K)->181K(384K) NonClass: 173K(256K)->173K(256K) Class: 7K(128K)->7K(128K)
[2026-03-25T21:45:20.909+0900][13.851s][info][gc          ] GC(308) Pause Young (Concurrent Start) (G1 Humongous Allocation) 298M->298M(502M) 0.947ms
[2026-03-25T21:45:20.909+0900][13.851s][info][gc,cpu      ] GC(308) User=0.00s Sys=0.00s Real=0.00s
[2026-03-25T21:45:20.909+0900][13.851s][info][gc          ] GC(309) Concurrent Mark Cycle
[2026-03-25T21:45:20.909+0900][13.851s][info][gc,marking  ] GC(309) Concurrent Clear Claimed Marks
[2026-03-25T21:45:20.909+0900][13.851s][info][gc,marking  ] GC(309) Concurrent Clear Claimed Marks 0.012ms
[2026-03-25T21:45:20.909+0900][13.851s][info][gc,marking  ] GC(309) Concurrent Scan Root Regions
[2026-03-25T21:45:20.909+0900][13.852s][info][gc,marking  ] GC(309) Concurrent Scan Root Regions 0.090ms
[2026-03-25T21:45:20.909+0900][13.852s][info][gc,marking  ] GC(309) Concurrent Mark
[2026-03-25T21:45:20.909+0900][13.852s][info][gc,marking  ] GC(309) Concurrent Mark From Roots
[2026-03-25T21:45:20.909+0900][13.852s][info][gc,task     ] GC(309) Using 2 workers of 2 for marking
[2026-03-25T21:45:20.911+0900][13.853s][info][gc,marking  ] GC(309) Concurrent Mark From Roots 1.772ms
[2026-03-25T21:45:20.911+0900][13.853s][info][gc,marking  ] GC(309) Concurrent Preclean
[2026-03-25T21:45:20.911+0900][13.853s][info][gc,marking  ] GC(309) Concurrent Preclean 0.039ms
[2026-03-25T21:45:20.911+0900][13.853s][info][gc,start    ] GC(309) Pause Remark
[2026-03-25T21:45:20.912+0900][13.854s][info][gc          ] GC(309) Pause Remark 301M->301M(509M) 0.483ms
[2026-03-25T21:45:20.912+0900][13.854s][info][gc,cpu      ] GC(309) User=0.00s Sys=0.00s Real=0.00s
[2026-03-25T21:45:20.912+0900][13.854s][info][gc,marking  ] GC(309) Concurrent Mark 2.501ms
[2026-03-25T21:45:20.912+0900][13.854s][info][gc,marking  ] GC(309) Concurrent Rebuild Remembered Sets
[2026-03-25T21:45:20.913+0900][13.855s][info][gc,marking  ] GC(309) Concurrent Rebuild Remembered Sets 0.699ms
[2026-03-25T21:45:20.913+0900][13.855s][info][gc,start    ] GC(309) Pause Cleanup
[2026-03-25T21:45:20.913+0900][13.855s][info][gc          ] GC(309) Pause Cleanup 301M->301M(509M) 0.086ms
[2026-03-25T21:45:20.913+0900][13.855s][info][gc,cpu      ] GC(309) User=0.00s Sys=0.00s Real=0.00s
[2026-03-25T21:45:20.913+0900][13.855s][info][gc,marking  ] GC(309) Concurrent Cleanup for Next Mark
[2026-03-25T21:45:20.913+0900][13.855s][info][gc,marking  ] GC(309) Concurrent Cleanup for Next Mark 0.516ms
[2026-03-25T21:45:20.913+0900][13.856s][info][gc          ] GC(309) Concurrent Mark Cycle 4.187ms
[2026-03-25T21:45:20.960+0900][13.902s][info][gc,start    ] GC(310) Pause Young (Concurrent Start) (G1 Humongous Allocation)
[2026-03-25T21:45:20.960+0900][13.902s][info][gc,task     ] GC(310) Using 8 workers of 8 for evacuation
[2026-03-25T21:45:20.961+0900][13.903s][info][gc,phases   ] GC(310)   Pre Evacuate Collection Set: 0.1ms
[2026-03-25T21:45:20.961+0900][13.903s][info][gc,phases   ] GC(310)   Merge Heap Roots: 0.1ms
[2026-03-25T21:45:20.961+0900][13.903s][info][gc,phases   ] GC(310)   Evacuate Collection Set: 0.2ms
[2026-03-25T21:45:20.961+0900][13.903s][info][gc,phases   ] GC(310)   Post Evacuate Collection Set: 0.1ms
[2026-03-25T21:45:20.961+0900][13.903s][info][gc,phases   ] GC(310)   Other: 0.2ms
[2026-03-25T21:45:20.961+0900][13.903s][info][gc,heap     ] GC(310) Eden regions: 1->0(153)
[2026-03-25T21:45:20.961+0900][13.903s][info][gc,heap     ] GC(310) Survivor regions: 1->1(19)
[2026-03-25T21:45:20.961+0900][13.903s][info][gc,heap     ] GC(310) Old regions: 1->1
[2026-03-25T21:45:20.961+0900][13.903s][info][gc,heap     ] GC(310) Archive regions: 2->2
[2026-03-25T21:45:20.961+0900][13.903s][info][gc,heap     ] GC(310) Humongous regions: 300->300
[2026-03-25T21:45:20.961+0900][13.903s][info][gc,metaspace] GC(310) Metaspace: 181K(384K)->181K(384K) NonClass: 173K(256K)->173K(256K) Class: 7K(128K)->7K(128K)
[2026-03-25T21:45:20.961+0900][13.903s][info][gc          ] GC(310) Pause Young (Concurrent Start) (G1 Humongous Allocation) 301M->301M(509M) 0.895ms
[2026-03-25T21:45:20.961+0900][13.903s][info][gc,cpu      ] GC(310) User=0.00s Sys=0.00s Real=0.00s
[2026-03-25T21:45:20.961+0900][13.903s][info][gc          ] GC(311) Concurrent Mark Cycle
[2026-03-25T21:45:20.961+0900][13.903s][info][gc,marking  ] GC(311) Concurrent Clear Claimed Marks
[2026-03-25T21:45:20.961+0900][13.903s][info][gc,marking  ] GC(311) Concurrent Clear Claimed Marks 0.015ms
[2026-03-25T21:45:20.961+0900][13.903s][info][gc,marking  ] GC(311) Concurrent Scan Root Regions
[2026-03-25T21:45:20.961+0900][13.903s][info][gc,marking  ] GC(311) Concurrent Scan Root Regions 0.080ms
[2026-03-25T21:45:20.961+0900][13.904s][info][gc,marking  ] GC(311) Concurrent Mark
[2026-03-25T21:45:20.961+0900][13.904s][info][gc,marking  ] GC(311) Concurrent Mark From Roots
[2026-03-25T21:45:20.961+0900][13.904s][info][gc,task     ] GC(311) Using 2 workers of 2 for marking
[2026-03-25T21:45:20.963+0900][13.905s][info][gc,marking  ] GC(311) Concurrent Mark From Roots 1.771ms
[2026-03-25T21:45:20.963+0900][13.905s][info][gc,marking  ] GC(311) Concurrent Preclean
[2026-03-25T21:45:20.963+0900][13.905s][info][gc,marking  ] GC(311) Concurrent Preclean 0.042ms
[2026-03-25T21:45:20.963+0900][13.905s][info][gc,start    ] GC(311) Pause Remark
[2026-03-25T21:45:20.964+0900][13.906s][info][gc          ] GC(311) Pause Remark 302M->302M(509M) 0.522ms
[2026-03-25T21:45:20.964+0900][13.906s][info][gc,cpu      ] GC(311) User=0.00s Sys=0.00s Real=0.00s
[2026-03-25T21:45:20.964+0900][13.906s][info][gc,marking  ] GC(311) Concurrent Mark 2.598ms
[2026-03-25T21:45:20.964+0900][13.906s][info][gc,marking  ] GC(311) Concurrent Rebuild Remembered Sets
[2026-03-25T21:45:20.965+0900][13.907s][info][gc,marking  ] GC(311) Concurrent Rebuild Remembered Sets 0.569ms
[2026-03-25T21:45:20.965+0900][13.907s][info][gc,start    ] GC(311) Pause Cleanup
[2026-03-25T21:45:20.965+0900][13.907s][info][gc          ] GC(311) Pause Cleanup 302M->302M(509M) 0.086ms
[2026-03-25T21:45:20.965+0900][13.907s][info][gc,cpu      ] GC(311) User=0.00s Sys=0.00s Real=0.00s
[2026-03-25T21:45:20.965+0900][13.907s][info][gc,marking  ] GC(311) Concurrent Cleanup for Next Mark
[2026-03-25T21:45:20.965+0900][13.907s][info][gc,marking  ] GC(311) Concurrent Cleanup for Next Mark 0.535ms
[2026-03-25T21:45:20.965+0900][13.908s][info][gc          ] GC(311) Concurrent Mark Cycle 4.209ms
[2026-03-25T21:45:21.016+0900][13.959s][info][gc,start    ] GC(312) Pause Young (Concurrent Start) (G1 Humongous Allocation)
[2026-03-25T21:45:21.017+0900][13.959s][info][gc,task     ] GC(312) Using 8 workers of 8 for evacuation
[2026-03-25T21:45:21.017+0900][13.959s][info][gc,phases   ] GC(312)   Pre Evacuate Collection Set: 0.2ms
[2026-03-25T21:45:21.017+0900][13.960s][info][gc,phases   ] GC(312)   Merge Heap Roots: 0.1ms
[2026-03-25T21:45:21.017+0900][13.960s][info][gc,phases   ] GC(312)   Evacuate Collection Set: 0.2ms
[2026-03-25T21:45:21.017+0900][13.960s][info][gc,phases   ] GC(312)   Post Evacuate Collection Set: 0.2ms
[2026-03-25T21:45:21.017+0900][13.960s][info][gc,phases   ] GC(312)   Other: 0.2ms
[2026-03-25T21:45:21.017+0900][13.960s][info][gc,heap     ] GC(312) Eden regions: 1->0(153)
[2026-03-25T21:45:21.017+0900][13.960s][info][gc,heap     ] GC(312) Survivor regions: 1->1(20)
[2026-03-25T21:45:21.017+0900][13.960s][info][gc,heap     ] GC(312) Old regions: 1->1
[2026-03-25T21:45:21.017+0900][13.960s][info][gc,heap     ] GC(312) Archive regions: 2->2
[2026-03-25T21:45:21.017+0900][13.960s][info][gc,heap     ] GC(312) Humongous regions: 301->301
[2026-03-25T21:45:21.017+0900][13.960s][info][gc,metaspace] GC(312) Metaspace: 181K(384K)->181K(384K) NonClass: 173K(256K)->173K(256K) Class: 7K(128K)->7K(128K)
[2026-03-25T21:45:21.017+0900][13.960s][info][gc          ] GC(312) Pause Young (Concurrent Start) (G1 Humongous Allocation) 302M->302M(510M) 1.026ms
[2026-03-25T21:45:21.017+0900][13.960s][info][gc,cpu      ] GC(312) User=0.01s Sys=0.01s Real=0.00s
[2026-03-25T21:45:21.018+0900][13.960s][info][gc          ] GC(313) Concurrent Mark Cycle
[2026-03-25T21:45:21.018+0900][13.960s][info][gc,marking  ] GC(313) Concurrent Clear Claimed Marks
[2026-03-25T21:45:21.018+0900][13.960s][info][gc,marking  ] GC(313) Concurrent Clear Claimed Marks 0.016ms
[2026-03-25T21:45:21.018+0900][13.960s][info][gc,marking  ] GC(313) Concurrent Scan Root Regions
[2026-03-25T21:45:21.018+0900][13.960s][info][gc,marking  ] GC(313) Concurrent Scan Root Regions 0.101ms
[2026-03-25T21:45:21.018+0900][13.960s][info][gc,marking  ] GC(313) Concurrent Mark
[2026-03-25T21:45:21.018+0900][13.960s][info][gc,marking  ] GC(313) Concurrent Mark From Roots
[2026-03-25T21:45:21.018+0900][13.960s][info][gc,task     ] GC(313) Using 2 workers of 2 for marking
[2026-03-25T21:45:21.020+0900][13.962s][info][gc,marking  ] GC(313) Concurrent Mark From Roots 2.477ms
[2026-03-25T21:45:21.020+0900][13.962s][info][gc,marking  ] GC(313) Concurrent Preclean
[2026-03-25T21:45:21.020+0900][13.962s][info][gc,marking  ] GC(313) Concurrent Preclean 0.037ms
[2026-03-25T21:45:21.020+0900][13.963s][info][gc,start    ] GC(313) Pause Remark
[2026-03-25T21:45:21.021+0900][13.963s][info][gc          ] GC(313) Pause Remark 303M->303M(510M) 0.355ms
[2026-03-25T21:45:21.021+0900][13.963s][info][gc,cpu      ] GC(313) User=0.00s Sys=0.00s Real=0.00s
[2026-03-25T21:45:21.021+0900][13.963s][info][gc,marking  ] GC(313) Concurrent Mark 3.073ms
[2026-03-25T21:45:21.021+0900][13.963s][info][gc,marking  ] GC(313) Concurrent Rebuild Remembered Sets
[2026-03-25T21:45:21.021+0900][13.964s][info][gc,marking  ] GC(313) Concurrent Rebuild Remembered Sets 0.562ms
[2026-03-25T21:45:21.021+0900][13.964s][info][gc,start    ] GC(313) Pause Cleanup
[2026-03-25T21:45:21.021+0900][13.964s][info][gc          ] GC(313) Pause Cleanup 303M->303M(510M) 0.082ms
[2026-03-25T21:45:21.021+0900][13.964s][info][gc,cpu      ] GC(313) User=0.00s Sys=0.00s Real=0.00s
[2026-03-25T21:45:21.021+0900][13.964s][info][gc,marking  ] GC(313) Concurrent Cleanup for Next Mark
[2026-03-25T21:45:21.022+0900][13.964s][info][gc,marking  ] GC(313) Concurrent Cleanup for Next Mark 0.406ms
[2026-03-25T21:45:21.022+0900][13.964s][info][gc          ] GC(313) Concurrent Mark Cycle 4.476ms
[2026-03-25T21:45:21.073+0900][14.015s][info][gc,start    ] GC(314) Pause Young (Concurrent Start) (G1 Humongous Allocation)
[2026-03-25T21:45:21.073+0900][14.015s][info][gc,task     ] GC(314) Using 8 workers of 8 for evacuation
[2026-03-25T21:45:21.074+0900][14.016s][info][gc,phases   ] GC(314)   Pre Evacuate Collection Set: 0.2ms
[2026-03-25T21:45:21.074+0900][14.016s][info][gc,phases   ] GC(314)   Merge Heap Roots: 0.1ms
[2026-03-25T21:45:21.074+0900][14.016s][info][gc,phases   ] GC(314)   Evacuate Collection Set: 0.3ms
[2026-03-25T21:45:21.074+0900][14.016s][info][gc,phases   ] GC(314)   Post Evacuate Collection Set: 0.2ms
[2026-03-25T21:45:21.074+0900][14.016s][info][gc,phases   ] GC(314)   Other: 0.3ms
[2026-03-25T21:45:21.074+0900][14.016s][info][gc,heap     ] GC(314) Eden regions: 1->0(152)
[2026-03-25T21:45:21.074+0900][14.016s][info][gc,heap     ] GC(314) Survivor regions: 1->1(20)
[2026-03-25T21:45:21.074+0900][14.016s][info][gc,heap     ] GC(314) Old regions: 1->1
[2026-03-25T21:45:21.074+0900][14.016s][info][gc,heap     ] GC(314) Archive regions: 2->2
[2026-03-25T21:45:21.074+0900][14.016s][info][gc,heap     ] GC(314) Humongous regions: 302->302
[2026-03-25T21:45:21.074+0900][14.016s][info][gc,metaspace] GC(314) Metaspace: 181K(384K)->181K(384K) NonClass: 173K(256K)->173K(256K) Class: 7K(128K)->7K(128K)
[2026-03-25T21:45:21.074+0900][14.016s][info][gc          ] GC(314) Pause Young (Concurrent Start) (G1 Humongous Allocation) 303M->303M(510M) 1.360ms
[2026-03-25T21:45:21.074+0900][14.016s][info][gc,cpu      ] GC(314) User=0.00s Sys=0.00s Real=0.00s
[2026-03-25T21:45:21.074+0900][14.017s][info][gc          ] GC(315) Concurrent Mark Cycle
[2026-03-25T21:45:21.074+0900][14.017s][info][gc,marking  ] GC(315) Concurrent Clear Claimed Marks
[2026-03-25T21:45:21.074+0900][14.017s][info][gc,marking  ] GC(315) Concurrent Clear Claimed Marks 0.026ms
[2026-03-25T21:45:21.074+0900][14.017s][info][gc,marking  ] GC(315) Concurrent Scan Root Regions
[2026-03-25T21:45:21.075+0900][14.017s][info][gc,marking  ] GC(315) Concurrent Scan Root Regions 0.140ms
[2026-03-25T21:45:21.075+0900][14.017s][info][gc,marking  ] GC(315) Concurrent Mark
[2026-03-25T21:45:21.075+0900][14.017s][info][gc,marking  ] GC(315) Concurrent Mark From Roots
[2026-03-25T21:45:21.075+0900][14.017s][info][gc,task     ] GC(315) Using 2 workers of 2 for marking
[2026-03-25T21:45:21.077+0900][14.019s][info][gc,marking  ] GC(315) Concurrent Mark From Roots 2.688ms
[2026-03-25T21:45:21.077+0900][14.020s][info][gc,marking  ] GC(315) Concurrent Preclean
[2026-03-25T21:45:21.077+0900][14.020s][info][gc,marking  ] GC(315) Concurrent Preclean 0.041ms
[2026-03-25T21:45:21.077+0900][14.020s][info][gc,start    ] GC(315) Pause Remark
[2026-03-25T21:45:21.078+0900][14.020s][info][gc          ] GC(315) Pause Remark 304M->304M(512M) 0.424ms
[2026-03-25T21:45:21.078+0900][14.020s][info][gc,cpu      ] GC(315) User=0.00s Sys=0.00s Real=0.00s
[2026-03-25T21:45:21.078+0900][14.020s][info][gc,marking  ] GC(315) Concurrent Mark 3.406ms
[2026-03-25T21:45:21.078+0900][14.020s][info][gc,marking  ] GC(315) Concurrent Rebuild Remembered Sets
[2026-03-25T21:45:21.079+0900][14.021s][info][gc,marking  ] GC(315) Concurrent Rebuild Remembered Sets 0.603ms
[2026-03-25T21:45:21.079+0900][14.021s][info][gc,start    ] GC(315) Pause Cleanup
[2026-03-25T21:45:21.079+0900][14.021s][info][gc          ] GC(315) Pause Cleanup 304M->304M(512M) 0.087ms
[2026-03-25T21:45:21.079+0900][14.021s][info][gc,cpu      ] GC(315) User=0.00s Sys=0.00s Real=0.00s
[2026-03-25T21:45:21.079+0900][14.021s][info][gc,marking  ] GC(315) Concurrent Cleanup for Next Mark
[2026-03-25T21:45:21.079+0900][14.022s][info][gc,marking  ] GC(315) Concurrent Cleanup for Next Mark 0.497ms
[2026-03-25T21:45:21.079+0900][14.022s][info][gc          ] GC(315) Concurrent Mark Cycle 5.094ms
[2026-03-25T21:45:21.130+0900][14.072s][info][gc,start    ] GC(316) Pause Young (Concurrent Start) (G1 Humongous Allocation)
[2026-03-25T21:45:21.130+0900][14.072s][info][gc,task     ] GC(316) Using 8 workers of 8 for evacuation
[2026-03-25T21:45:21.131+0900][14.073s][info][gc,phases   ] GC(316)   Pre Evacuate Collection Set: 0.2ms
[2026-03-25T21:45:21.131+0900][14.073s][info][gc,phases   ] GC(316)   Merge Heap Roots: 0.1ms
[2026-03-25T21:45:21.131+0900][14.073s][info][gc,phases   ] GC(316)   Evacuate Collection Set: 0.3ms
[2026-03-25T21:45:21.131+0900][14.073s][info][gc,phases   ] GC(316)   Post Evacuate Collection Set: 0.2ms
[2026-03-25T21:45:21.131+0900][14.073s][info][gc,phases   ] GC(316)   Other: 0.3ms
[2026-03-25T21:45:21.131+0900][14.073s][info][gc,heap     ] GC(316) Eden regions: 1->0(152)
[2026-03-25T21:45:21.131+0900][14.073s][info][gc,heap     ] GC(316) Survivor regions: 1->1(20)
[2026-03-25T21:45:21.131+0900][14.073s][info][gc,heap     ] GC(316) Old regions: 1->1
[2026-03-25T21:45:21.131+0900][14.073s][info][gc,heap     ] GC(316) Archive regions: 2->2
[2026-03-25T21:45:21.131+0900][14.073s][info][gc,heap     ] GC(316) Humongous regions: 303->303
[2026-03-25T21:45:21.131+0900][14.073s][info][gc,metaspace] GC(316) Metaspace: 181K(384K)->181K(384K) NonClass: 173K(256K)->173K(256K) Class: 7K(128K)->7K(128K)
[2026-03-25T21:45:21.131+0900][14.073s][info][gc          ] GC(316) Pause Young (Concurrent Start) (G1 Humongous Allocation) 304M->304M(512M) 1.344ms
[2026-03-25T21:45:21.131+0900][14.073s][info][gc,cpu      ] GC(316) User=0.00s Sys=0.00s Real=0.00s
[2026-03-25T21:45:21.131+0900][14.073s][info][gc          ] GC(317) Concurrent Mark Cycle
[2026-03-25T21:45:21.131+0900][14.073s][info][gc,marking  ] GC(317) Concurrent Clear Claimed Marks
[2026-03-25T21:45:21.131+0900][14.073s][info][gc,marking  ] GC(317) Concurrent Clear Claimed Marks 0.030ms
[2026-03-25T21:45:21.131+0900][14.073s][info][gc,marking  ] GC(317) Concurrent Scan Root Regions
[2026-03-25T21:45:21.131+0900][14.074s][info][gc,marking  ] GC(317) Concurrent Scan Root Regions 0.158ms
[2026-03-25T21:45:21.131+0900][14.074s][info][gc,marking  ] GC(317) Concurrent Mark
[2026-03-25T21:45:21.131+0900][14.074s][info][gc,marking  ] GC(317) Concurrent Mark From Roots
[2026-03-25T21:45:21.131+0900][14.074s][info][gc,task     ] GC(317) Using 2 workers of 2 for marking
[2026-03-25T21:45:21.134+0900][14.076s][info][gc,marking  ] GC(317) Concurrent Mark From Roots 2.362ms
[2026-03-25T21:45:21.134+0900][14.076s][info][gc,marking  ] GC(317) Concurrent Preclean
[2026-03-25T21:45:21.134+0900][14.076s][info][gc,marking  ] GC(317) Concurrent Preclean 0.040ms
[2026-03-25T21:45:21.134+0900][14.076s][info][gc,start    ] GC(317) Pause Remark
[2026-03-25T21:45:21.135+0900][14.077s][info][gc          ] GC(317) Pause Remark 305M->305M(512M) 0.775ms
[2026-03-25T21:45:21.135+0900][14.077s][info][gc,cpu      ] GC(317) User=0.00s Sys=0.00s Real=0.00s
[2026-03-25T21:45:21.135+0900][14.077s][info][gc,marking  ] GC(317) Concurrent Mark 3.466ms
[2026-03-25T21:45:21.135+0900][14.077s][info][gc,marking  ] GC(317) Concurrent Rebuild Remembered Sets
[2026-03-25T21:45:21.136+0900][14.078s][info][gc,marking  ] GC(317) Concurrent Rebuild Remembered Sets 0.603ms
[2026-03-25T21:45:21.136+0900][14.078s][info][gc,start    ] GC(317) Pause Cleanup
[2026-03-25T21:45:21.136+0900][14.078s][info][gc          ] GC(317) Pause Cleanup 305M->305M(512M) 0.097ms
[2026-03-25T21:45:21.136+0900][14.078s][info][gc,cpu      ] GC(317) User=0.00s Sys=0.00s Real=0.00s
[2026-03-25T21:45:21.136+0900][14.078s][info][gc,marking  ] GC(317) Concurrent Cleanup for Next Mark
[2026-03-25T21:45:21.136+0900][14.078s][info][gc,marking  ] GC(317) Concurrent Cleanup for Next Mark 0.534ms
[2026-03-25T21:45:21.136+0900][14.079s][info][gc          ] GC(317) Concurrent Mark Cycle 5.227ms
[2026-03-25T21:45:21.186+0900][14.128s][info][gc,start    ] GC(318) Pause Young (Concurrent Start) (G1 Humongous Allocation)
[2026-03-25T21:45:21.186+0900][14.128s][info][gc,task     ] GC(318) Using 8 workers of 8 for evacuation
[2026-03-25T21:45:21.186+0900][14.128s][info][gc,phases   ] GC(318)   Pre Evacuate Collection Set: 0.1ms
[2026-03-25T21:45:21.186+0900][14.128s][info][gc,phases   ] GC(318)   Merge Heap Roots: 0.0ms
[2026-03-25T21:45:21.186+0900][14.128s][info][gc,phases   ] GC(318)   Evacuate Collection Set: 0.2ms
[2026-03-25T21:45:21.186+0900][14.128s][info][gc,phases   ] GC(318)   Post Evacuate Collection Set: 0.2ms
[2026-03-25T21:45:21.186+0900][14.129s][info][gc,phases   ] GC(318)   Other: 0.2ms
[2026-03-25T21:45:21.186+0900][14.129s][info][gc,heap     ] GC(318) Eden regions: 1->0(151)
[2026-03-25T21:45:21.186+0900][14.129s][info][gc,heap     ] GC(318) Survivor regions: 1->1(20)
[2026-03-25T21:45:21.186+0900][14.129s][info][gc,heap     ] GC(318) Old regions: 1->1
[2026-03-25T21:45:21.186+0900][14.129s][info][gc,heap     ] GC(318) Archive regions: 2->2
[2026-03-25T21:45:21.186+0900][14.129s][info][gc,heap     ] GC(318) Humongous regions: 304->304
[2026-03-25T21:45:21.186+0900][14.129s][info][gc,metaspace] GC(318) Metaspace: 181K(384K)->181K(384K) NonClass: 173K(256K)->173K(256K) Class: 7K(128K)->7K(128K)
[2026-03-25T21:45:21.186+0900][14.129s][info][gc          ] GC(318) Pause Young (Concurrent Start) (G1 Humongous Allocation) 305M->305M(512M) 0.891ms
[2026-03-25T21:45:21.186+0900][14.129s][info][gc,cpu      ] GC(318) User=0.00s Sys=0.00s Real=0.00s
[2026-03-25T21:45:21.186+0900][14.129s][info][gc          ] GC(319) Concurrent Mark Cycle
[2026-03-25T21:45:21.186+0900][14.129s][info][gc,marking  ] GC(319) Concurrent Clear Claimed Marks
[2026-03-25T21:45:21.187+0900][14.129s][info][gc,marking  ] GC(319) Concurrent Clear Claimed Marks 0.014ms
[2026-03-25T21:45:21.187+0900][14.129s][info][gc,marking  ] GC(319) Concurrent Scan Root Regions
[2026-03-25T21:45:21.187+0900][14.129s][info][gc,marking  ] GC(319) Concurrent Scan Root Regions 0.057ms
[2026-03-25T21:45:21.187+0900][14.129s][info][gc,marking  ] GC(319) Concurrent Mark
[2026-03-25T21:45:21.187+0900][14.129s][info][gc,marking  ] GC(319) Concurrent Mark From Roots
[2026-03-25T21:45:21.187+0900][14.129s][info][gc,task     ] GC(319) Using 2 workers of 2 for marking
[2026-03-25T21:45:21.188+0900][14.131s][info][gc,marking  ] GC(319) Concurrent Mark From Roots 1.765ms
[2026-03-25T21:45:21.188+0900][14.131s][info][gc,marking  ] GC(319) Concurrent Preclean
[2026-03-25T21:45:21.188+0900][14.131s][info][gc,marking  ] GC(319) Concurrent Preclean 0.034ms
[2026-03-25T21:45:21.188+0900][14.131s][info][gc,start    ] GC(319) Pause Remark
[2026-03-25T21:45:21.189+0900][14.131s][info][gc          ] GC(319) Pause Remark 306M->306M(512M) 0.474ms
[2026-03-25T21:45:21.189+0900][14.131s][info][gc,cpu      ] GC(319) User=0.00s Sys=0.00s Real=0.00s
[2026-03-25T21:45:21.189+0900][14.131s][info][gc,marking  ] GC(319) Concurrent Mark 2.403ms
[2026-03-25T21:45:21.189+0900][14.131s][info][gc,marking  ] GC(319) Concurrent Rebuild Remembered Sets
[2026-03-25T21:45:21.190+0900][14.132s][info][gc,marking  ] GC(319) Concurrent Rebuild Remembered Sets 0.775ms
[2026-03-25T21:45:21.190+0900][14.132s][info][gc,start    ] GC(319) Pause Cleanup
[2026-03-25T21:45:21.190+0900][14.132s][info][gc          ] GC(319) Pause Cleanup 306M->306M(512M) 0.087ms
[2026-03-25T21:45:21.190+0900][14.132s][info][gc,cpu      ] GC(319) User=0.00s Sys=0.00s Real=0.00s
[2026-03-25T21:45:21.190+0900][14.132s][info][gc,marking  ] GC(319) Concurrent Cleanup for Next Mark
[2026-03-25T21:45:21.190+0900][14.133s][info][gc,marking  ] GC(319) Concurrent Cleanup for Next Mark 0.428ms
[2026-03-25T21:45:21.190+0900][14.133s][info][gc          ] GC(319) Concurrent Mark Cycle 3.957ms
[2026-03-25T21:45:21.242+0900][14.184s][info][gc,start    ] GC(320) Pause Young (Concurrent Start) (G1 Humongous Allocation)
[2026-03-25T21:45:21.242+0900][14.184s][info][gc,task     ] GC(320) Using 8 workers of 8 for evacuation
[2026-03-25T21:45:21.242+0900][14.185s][info][gc,phases   ] GC(320)   Pre Evacuate Collection Set: 0.1ms
[2026-03-25T21:45:21.242+0900][14.185s][info][gc,phases   ] GC(320)   Merge Heap Roots: 0.1ms
[2026-03-25T21:45:21.242+0900][14.185s][info][gc,phases   ] GC(320)   Evacuate Collection Set: 0.2ms
[2026-03-25T21:45:21.242+0900][14.185s][info][gc,phases   ] GC(320)   Post Evacuate Collection Set: 0.1ms
[2026-03-25T21:45:21.242+0900][14.185s][info][gc,phases   ] GC(320)   Other: 0.2ms
[2026-03-25T21:45:21.242+0900][14.185s][info][gc,heap     ] GC(320) Eden regions: 1->0(150)
[2026-03-25T21:45:21.242+0900][14.185s][info][gc,heap     ] GC(320) Survivor regions: 1->1(19)
[2026-03-25T21:45:21.242+0900][14.185s][info][gc,heap     ] GC(320) Old regions: 1->1
[2026-03-25T21:45:21.242+0900][14.185s][info][gc,heap     ] GC(320) Archive regions: 2->2
[2026-03-25T21:45:21.243+0900][14.185s][info][gc,heap     ] GC(320) Humongous regions: 305->305
[2026-03-25T21:45:21.243+0900][14.185s][info][gc,metaspace] GC(320) Metaspace: 181K(384K)->181K(384K) NonClass: 173K(256K)->173K(256K) Class: 7K(128K)->7K(128K)
[2026-03-25T21:45:21.243+0900][14.185s][info][gc          ] GC(320) Pause Young (Concurrent Start) (G1 Humongous Allocation) 306M->306M(512M) 0.809ms
[2026-03-25T21:45:21.243+0900][14.185s][info][gc,cpu      ] GC(320) User=0.00s Sys=0.00s Real=0.00s
[2026-03-25T21:45:21.243+0900][14.185s][info][gc          ] GC(321) Concurrent Mark Cycle
[2026-03-25T21:45:21.243+0900][14.185s][info][gc,marking  ] GC(321) Concurrent Clear Claimed Marks
[2026-03-25T21:45:21.243+0900][14.185s][info][gc,marking  ] GC(321) Concurrent Clear Claimed Marks 0.013ms
[2026-03-25T21:45:21.243+0900][14.185s][info][gc,marking  ] GC(321) Concurrent Scan Root Regions
[2026-03-25T21:45:21.243+0900][14.185s][info][gc,marking  ] GC(321) Concurrent Scan Root Regions 0.090ms
[2026-03-25T21:45:21.243+0900][14.185s][info][gc,marking  ] GC(321) Concurrent Mark
[2026-03-25T21:45:21.243+0900][14.185s][info][gc,marking  ] GC(321) Concurrent Mark From Roots
[2026-03-25T21:45:21.243+0900][14.185s][info][gc,task     ] GC(321) Using 2 workers of 2 for marking
[2026-03-25T21:45:21.244+0900][14.187s][info][gc,marking  ] GC(321) Concurrent Mark From Roots 1.728ms
[2026-03-25T21:45:21.245+0900][14.187s][info][gc,marking  ] GC(321) Concurrent Preclean
[2026-03-25T21:45:21.245+0900][14.187s][info][gc,marking  ] GC(321) Concurrent Preclean 0.038ms
[2026-03-25T21:45:21.245+0900][14.187s][info][gc,start    ] GC(321) Pause Remark
[2026-03-25T21:45:21.245+0900][14.187s][info][gc          ] GC(321) Pause Remark 307M->307M(512M) 0.271ms
[2026-03-25T21:45:21.245+0900][14.187s][info][gc,cpu      ] GC(321) User=0.00s Sys=0.00s Real=0.00s
[2026-03-25T21:45:21.245+0900][14.187s][info][gc,marking  ] GC(321) Concurrent Mark 2.157ms
[2026-03-25T21:45:21.245+0900][14.187s][info][gc,marking  ] GC(321) Concurrent Rebuild Remembered Sets
[2026-03-25T21:45:21.245+0900][14.188s][info][gc,marking  ] GC(321) Concurrent Rebuild Remembered Sets 0.560ms
[2026-03-25T21:45:21.246+0900][14.188s][info][gc,start    ] GC(321) Pause Cleanup
[2026-03-25T21:45:21.246+0900][14.188s][info][gc          ] GC(321) Pause Cleanup 307M->307M(512M) 0.061ms
[2026-03-25T21:45:21.246+0900][14.188s][info][gc,cpu      ] GC(321) User=0.00s Sys=0.00s Real=0.00s
[2026-03-25T21:45:21.246+0900][14.188s][info][gc,marking  ] GC(321) Concurrent Cleanup for Next Mark
[2026-03-25T21:45:21.246+0900][14.188s][info][gc,marking  ] GC(321) Concurrent Cleanup for Next Mark 0.357ms
[2026-03-25T21:45:21.246+0900][14.188s][info][gc          ] GC(321) Concurrent Mark Cycle 3.455ms
[2026-03-25T21:45:21.298+0900][14.240s][info][gc,start    ] GC(322) Pause Young (Concurrent Start) (G1 Humongous Allocation)
[2026-03-25T21:45:21.298+0900][14.240s][info][gc,task     ] GC(322) Using 8 workers of 8 for evacuation
[2026-03-25T21:45:21.298+0900][14.241s][info][gc,phases   ] GC(322)   Pre Evacuate Collection Set: 0.1ms
[2026-03-25T21:45:21.298+0900][14.241s][info][gc,phases   ] GC(322)   Merge Heap Roots: 0.0ms
[2026-03-25T21:45:21.298+0900][14.241s][info][gc,phases   ] GC(322)   Evacuate Collection Set: 0.2ms
[2026-03-25T21:45:21.298+0900][14.241s][info][gc,phases   ] GC(322)   Post Evacuate Collection Set: 0.1ms
[2026-03-25T21:45:21.299+0900][14.241s][info][gc,phases   ] GC(322)   Other: 0.2ms
[2026-03-25T21:45:21.299+0900][14.241s][info][gc,heap     ] GC(322) Eden regions: 1->0(149)
[2026-03-25T21:45:21.299+0900][14.241s][info][gc,heap     ] GC(322) Survivor regions: 1->1(19)
[2026-03-25T21:45:21.299+0900][14.241s][info][gc,heap     ] GC(322) Old regions: 1->1
[2026-03-25T21:45:21.299+0900][14.241s][info][gc,heap     ] GC(322) Archive regions: 2->2
[2026-03-25T21:45:21.299+0900][14.241s][info][gc,heap     ] GC(322) Humongous regions: 306->306
[2026-03-25T21:45:21.299+0900][14.241s][info][gc,metaspace] GC(322) Metaspace: 181K(384K)->181K(384K) NonClass: 173K(256K)->173K(256K) Class: 7K(128K)->7K(128K)
[2026-03-25T21:45:21.299+0900][14.241s][info][gc          ] GC(322) Pause Young (Concurrent Start) (G1 Humongous Allocation) 307M->307M(512M) 0.778ms
[2026-03-25T21:45:21.299+0900][14.241s][info][gc,cpu      ] GC(322) User=0.00s Sys=0.00s Real=0.00s
[2026-03-25T21:45:21.299+0900][14.241s][info][gc          ] GC(323) Concurrent Mark Cycle
[2026-03-25T21:45:21.299+0900][14.241s][info][gc,marking  ] GC(323) Concurrent Clear Claimed Marks
[2026-03-25T21:45:21.299+0900][14.241s][info][gc,marking  ] GC(323) Concurrent Clear Claimed Marks 0.016ms
[2026-03-25T21:45:21.299+0900][14.241s][info][gc,marking  ] GC(323) Concurrent Scan Root Regions
[2026-03-25T21:45:21.299+0900][14.241s][info][gc,marking  ] GC(323) Concurrent Scan Root Regions 0.084ms
[2026-03-25T21:45:21.299+0900][14.241s][info][gc,marking  ] GC(323) Concurrent Mark
[2026-03-25T21:45:21.299+0900][14.241s][info][gc,marking  ] GC(323) Concurrent Mark From Roots
[2026-03-25T21:45:21.299+0900][14.241s][info][gc,task     ] GC(323) Using 2 workers of 2 for marking
[2026-03-25T21:45:21.301+0900][14.243s][info][gc,marking  ] GC(323) Concurrent Mark From Roots 1.824ms
[2026-03-25T21:45:21.301+0900][14.243s][info][gc,marking  ] GC(323) Concurrent Preclean
[2026-03-25T21:45:21.301+0900][14.243s][info][gc,marking  ] GC(323) Concurrent Preclean 0.035ms
[2026-03-25T21:45:21.301+0900][14.243s][info][gc,start    ] GC(323) Pause Remark
[2026-03-25T21:45:21.301+0900][14.243s][info][gc          ] GC(323) Pause Remark 308M->308M(512M) 0.310ms
[2026-03-25T21:45:21.301+0900][14.243s][info][gc,cpu      ] GC(323) User=0.00s Sys=0.00s Real=0.00s
[2026-03-25T21:45:21.301+0900][14.243s][info][gc,marking  ] GC(323) Concurrent Mark 2.320ms
[2026-03-25T21:45:21.301+0900][14.243s][info][gc,marking  ] GC(323) Concurrent Rebuild Remembered Sets
[2026-03-25T21:45:21.302+0900][14.244s][info][gc,marking  ] GC(323) Concurrent Rebuild Remembered Sets 0.785ms
[2026-03-25T21:45:21.302+0900][14.244s][info][gc,start    ] GC(323) Pause Cleanup
[2026-03-25T21:45:21.302+0900][14.244s][info][gc          ] GC(323) Pause Cleanup 308M->308M(512M) 0.095ms
[2026-03-25T21:45:21.302+0900][14.244s][info][gc,cpu      ] GC(323) User=0.00s Sys=0.00s Real=0.00s
[2026-03-25T21:45:21.302+0900][14.244s][info][gc,marking  ] GC(323) Concurrent Cleanup for Next Mark
[2026-03-25T21:45:21.303+0900][14.245s][info][gc,marking  ] GC(323) Concurrent Cleanup for Next Mark 0.385ms
[2026-03-25T21:45:21.303+0900][14.245s][info][gc          ] GC(323) Concurrent Mark Cycle 3.997ms
[2026-03-25T21:45:21.350+0900][14.292s][info][gc,start    ] GC(324) Pause Young (Concurrent Start) (G1 Humongous Allocation)
[2026-03-25T21:45:21.350+0900][14.292s][info][gc,task     ] GC(324) Using 8 workers of 8 for evacuation
[2026-03-25T21:45:21.350+0900][14.293s][info][gc,phases   ] GC(324)   Pre Evacuate Collection Set: 0.1ms
[2026-03-25T21:45:21.350+0900][14.293s][info][gc,phases   ] GC(324)   Merge Heap Roots: 0.1ms
[2026-03-25T21:45:21.350+0900][14.293s][info][gc,phases   ] GC(324)   Evacuate Collection Set: 0.2ms
[2026-03-25T21:45:21.351+0900][14.293s][info][gc,phases   ] GC(324)   Post Evacuate Collection Set: 0.1ms
[2026-03-25T21:45:21.351+0900][14.293s][info][gc,phases   ] GC(324)   Other: 0.2ms
[2026-03-25T21:45:21.351+0900][14.293s][info][gc,heap     ] GC(324) Eden regions: 1->0(148)
[2026-03-25T21:45:21.351+0900][14.293s][info][gc,heap     ] GC(324) Survivor regions: 1->1(19)
[2026-03-25T21:45:21.351+0900][14.293s][info][gc,heap     ] GC(324) Old regions: 1->1
[2026-03-25T21:45:21.351+0900][14.293s][info][gc,heap     ] GC(324) Archive regions: 2->2
[2026-03-25T21:45:21.351+0900][14.293s][info][gc,heap     ] GC(324) Humongous regions: 307->307
[2026-03-25T21:45:21.351+0900][14.293s][info][gc,metaspace] GC(324) Metaspace: 181K(384K)->181K(384K) NonClass: 173K(256K)->173K(256K) Class: 7K(128K)->7K(128K)
[2026-03-25T21:45:21.351+0900][14.293s][info][gc          ] GC(324) Pause Young (Concurrent Start) (G1 Humongous Allocation) 308M->308M(512M) 1.013ms
[2026-03-25T21:45:21.351+0900][14.293s][info][gc,cpu      ] GC(324) User=0.00s Sys=0.00s Real=0.00s
[2026-03-25T21:45:21.351+0900][14.293s][info][gc          ] GC(325) Concurrent Mark Cycle
[2026-03-25T21:45:21.351+0900][14.293s][info][gc,marking  ] GC(325) Concurrent Clear Claimed Marks
[2026-03-25T21:45:21.351+0900][14.293s][info][gc,marking  ] GC(325) Concurrent Clear Claimed Marks 0.016ms
[2026-03-25T21:45:21.351+0900][14.293s][info][gc,marking  ] GC(325) Concurrent Scan Root Regions
[2026-03-25T21:45:21.351+0900][14.293s][info][gc,marking  ] GC(325) Concurrent Scan Root Regions 0.099ms
[2026-03-25T21:45:21.351+0900][14.293s][info][gc,marking  ] GC(325) Concurrent Mark
[2026-03-25T21:45:21.351+0900][14.293s][info][gc,marking  ] GC(325) Concurrent Mark From Roots
[2026-03-25T21:45:21.351+0900][14.293s][info][gc,task     ] GC(325) Using 2 workers of 2 for marking
[2026-03-25T21:45:21.353+0900][14.295s][info][gc,marking  ] GC(325) Concurrent Mark From Roots 2.263ms
[2026-03-25T21:45:21.353+0900][14.295s][info][gc,marking  ] GC(325) Concurrent Preclean
[2026-03-25T21:45:21.353+0900][14.295s][info][gc,marking  ] GC(325) Concurrent Preclean 0.035ms
[2026-03-25T21:45:21.353+0900][14.295s][info][gc,start    ] GC(325) Pause Remark
[2026-03-25T21:45:21.354+0900][14.296s][info][gc          ] GC(325) Pause Remark 309M->309M(512M) 0.360ms
[2026-03-25T21:45:21.354+0900][14.296s][info][gc,cpu      ] GC(325) User=0.00s Sys=0.00s Real=0.00s
[2026-03-25T21:45:21.354+0900][14.296s][info][gc,marking  ] GC(325) Concurrent Mark 2.851ms
[2026-03-25T21:45:21.354+0900][14.296s][info][gc,marking  ] GC(325) Concurrent Rebuild Remembered Sets
[2026-03-25T21:45:21.354+0900][14.296s][info][gc,marking  ] GC(325) Concurrent Rebuild Remembered Sets 0.561ms
[2026-03-25T21:45:21.354+0900][14.297s][info][gc,start    ] GC(325) Pause Cleanup
[2026-03-25T21:45:21.354+0900][14.297s][info][gc          ] GC(325) Pause Cleanup 309M->309M(512M) 0.082ms
[2026-03-25T21:45:21.354+0900][14.297s][info][gc,cpu      ] GC(325) User=0.00s Sys=0.00s Real=0.00s
[2026-03-25T21:45:21.354+0900][14.297s][info][gc,marking  ] GC(325) Concurrent Cleanup for Next Mark
[2026-03-25T21:45:21.355+0900][14.297s][info][gc,marking  ] GC(325) Concurrent Cleanup for Next Mark 0.374ms
[2026-03-25T21:45:21.355+0900][14.297s][info][gc          ] GC(325) Concurrent Mark Cycle 4.233ms
[2026-03-25T21:45:21.402+0900][14.344s][info][gc,start    ] GC(326) Pause Young (Concurrent Start) (G1 Humongous Allocation)
[2026-03-25T21:45:21.402+0900][14.344s][info][gc,task     ] GC(326) Using 8 workers of 8 for evacuation
[2026-03-25T21:45:21.403+0900][14.345s][info][gc,phases   ] GC(326)   Pre Evacuate Collection Set: 0.1ms
[2026-03-25T21:45:21.403+0900][14.345s][info][gc,phases   ] GC(326)   Merge Heap Roots: 0.0ms
[2026-03-25T21:45:21.403+0900][14.345s][info][gc,phases   ] GC(326)   Evacuate Collection Set: 0.4ms
[2026-03-25T21:45:21.403+0900][14.345s][info][gc,phases   ] GC(326)   Post Evacuate Collection Set: 0.1ms
[2026-03-25T21:45:21.403+0900][14.345s][info][gc,phases   ] GC(326)   Other: 0.2ms
[2026-03-25T21:45:21.403+0900][14.345s][info][gc,heap     ] GC(326) Eden regions: 1->0(147)
[2026-03-25T21:45:21.403+0900][14.345s][info][gc,heap     ] GC(326) Survivor regions: 1->1(19)
[2026-03-25T21:45:21.403+0900][14.345s][info][gc,heap     ] GC(326) Old regions: 1->1
[2026-03-25T21:45:21.403+0900][14.345s][info][gc,heap     ] GC(326) Archive regions: 2->2
[2026-03-25T21:45:21.403+0900][14.345s][info][gc,heap     ] GC(326) Humongous regions: 308->308
[2026-03-25T21:45:21.403+0900][14.345s][info][gc,metaspace] GC(326) Metaspace: 181K(384K)->181K(384K) NonClass: 173K(256K)->173K(256K) Class: 7K(128K)->7K(128K)
[2026-03-25T21:45:21.403+0900][14.345s][info][gc          ] GC(326) Pause Young (Concurrent Start) (G1 Humongous Allocation) 309M->309M(512M) 1.145ms
[2026-03-25T21:45:21.403+0900][14.345s][info][gc,cpu      ] GC(326) User=0.00s Sys=0.00s Real=0.00s
[2026-03-25T21:45:21.403+0900][14.345s][info][gc          ] GC(327) Concurrent Mark Cycle
[2026-03-25T21:45:21.403+0900][14.345s][info][gc,marking  ] GC(327) Concurrent Clear Claimed Marks
[2026-03-25T21:45:21.403+0900][14.345s][info][gc,marking  ] GC(327) Concurrent Clear Claimed Marks 0.068ms
[2026-03-25T21:45:21.403+0900][14.345s][info][gc,marking  ] GC(327) Concurrent Scan Root Regions
[2026-03-25T21:45:21.403+0900][14.345s][info][gc,marking  ] GC(327) Concurrent Scan Root Regions 0.088ms
[2026-03-25T21:45:21.403+0900][14.345s][info][gc,marking  ] GC(327) Concurrent Mark
[2026-03-25T21:45:21.403+0900][14.345s][info][gc,marking  ] GC(327) Concurrent Mark From Roots
[2026-03-25T21:45:21.403+0900][14.345s][info][gc,task     ] GC(327) Using 2 workers of 2 for marking
[2026-03-25T21:45:21.410+0900][14.352s][info][gc,marking  ] GC(327) Concurrent Mark From Roots 6.961ms
[2026-03-25T21:45:21.410+0900][14.352s][info][gc,marking  ] GC(327) Concurrent Preclean
[2026-03-25T21:45:21.410+0900][14.352s][info][gc,marking  ] GC(327) Concurrent Preclean 0.044ms
[2026-03-25T21:45:21.410+0900][14.353s][info][gc,start    ] GC(327) Pause Remark
[2026-03-25T21:45:21.411+0900][14.353s][info][gc          ] GC(327) Pause Remark 310M->310M(512M) 0.543ms
[2026-03-25T21:45:21.411+0900][14.353s][info][gc,cpu      ] GC(327) User=0.00s Sys=0.00s Real=0.00s
[2026-03-25T21:45:21.411+0900][14.353s][info][gc,marking  ] GC(327) Concurrent Mark 7.760ms
[2026-03-25T21:45:21.411+0900][14.353s][info][gc,marking  ] GC(327) Concurrent Rebuild Remembered Sets
[2026-03-25T21:45:21.412+0900][14.354s][info][gc,marking  ] GC(327) Concurrent Rebuild Remembered Sets 1.077ms
[2026-03-25T21:45:21.412+0900][14.354s][info][gc,start    ] GC(327) Pause Cleanup
[2026-03-25T21:45:21.412+0900][14.354s][info][gc          ] GC(327) Pause Cleanup 310M->310M(512M) 0.102ms
[2026-03-25T21:45:21.412+0900][14.354s][info][gc,cpu      ] GC(327) User=0.00s Sys=0.00s Real=0.00s
[2026-03-25T21:45:21.412+0900][14.355s][info][gc,marking  ] GC(327) Concurrent Cleanup for Next Mark
[2026-03-25T21:45:21.413+0900][14.355s][info][gc,marking  ] GC(327) Concurrent Cleanup for Next Mark 0.363ms
[2026-03-25T21:45:21.413+0900][14.355s][info][gc          ] GC(327) Concurrent Mark Cycle 9.804ms
[2026-03-25T21:45:21.458+0900][14.400s][info][gc,start    ] GC(328) Pause Young (Concurrent Start) (G1 Humongous Allocation)
[2026-03-25T21:45:21.458+0900][14.401s][info][gc,task     ] GC(328) Using 8 workers of 8 for evacuation
[2026-03-25T21:45:21.459+0900][14.401s][info][gc,phases   ] GC(328)   Pre Evacuate Collection Set: 0.3ms
[2026-03-25T21:45:21.459+0900][14.402s][info][gc,phases   ] GC(328)   Merge Heap Roots: 0.1ms
[2026-03-25T21:45:21.459+0900][14.402s][info][gc,phases   ] GC(328)   Evacuate Collection Set: 0.4ms
[2026-03-25T21:45:21.459+0900][14.402s][info][gc,phases   ] GC(328)   Post Evacuate Collection Set: 0.1ms
[2026-03-25T21:45:21.459+0900][14.402s][info][gc,phases   ] GC(328)   Other: 0.2ms
[2026-03-25T21:45:21.459+0900][14.402s][info][gc,heap     ] GC(328) Eden regions: 1->0(146)
[2026-03-25T21:45:21.459+0900][14.402s][info][gc,heap     ] GC(328) Survivor regions: 1->1(19)
[2026-03-25T21:45:21.459+0900][14.402s][info][gc,heap     ] GC(328) Old regions: 1->1
[2026-03-25T21:45:21.459+0900][14.402s][info][gc,heap     ] GC(328) Archive regions: 2->2
[2026-03-25T21:45:21.459+0900][14.402s][info][gc,heap     ] GC(328) Humongous regions: 309->309
[2026-03-25T21:45:21.459+0900][14.402s][info][gc,metaspace] GC(328) Metaspace: 181K(384K)->181K(384K) NonClass: 173K(256K)->173K(256K) Class: 7K(128K)->7K(128K)
[2026-03-25T21:45:21.459+0900][14.402s][info][gc          ] GC(328) Pause Young (Concurrent Start) (G1 Humongous Allocation) 310M->310M(512M) 1.257ms
[2026-03-25T21:45:21.459+0900][14.402s][info][gc,cpu      ] GC(328) User=0.00s Sys=0.00s Real=0.00s
[2026-03-25T21:45:21.460+0900][14.402s][info][gc          ] GC(329) Concurrent Mark Cycle
[2026-03-25T21:45:21.460+0900][14.402s][info][gc,marking  ] GC(329) Concurrent Clear Claimed Marks
[2026-03-25T21:45:21.460+0900][14.402s][info][gc,marking  ] GC(329) Concurrent Clear Claimed Marks 0.026ms
[2026-03-25T21:45:21.460+0900][14.402s][info][gc,marking  ] GC(329) Concurrent Scan Root Regions
[2026-03-25T21:45:21.460+0900][14.402s][info][gc,marking  ] GC(329) Concurrent Scan Root Regions 0.164ms
[2026-03-25T21:45:21.460+0900][14.402s][info][gc,marking  ] GC(329) Concurrent Mark
[2026-03-25T21:45:21.460+0900][14.402s][info][gc,marking  ] GC(329) Concurrent Mark From Roots
[2026-03-25T21:45:21.460+0900][14.402s][info][gc,task     ] GC(329) Using 2 workers of 2 for marking
[2026-03-25T21:45:21.462+0900][14.404s][info][gc,marking  ] GC(329) Concurrent Mark From Roots 1.783ms
[2026-03-25T21:45:21.462+0900][14.404s][info][gc,marking  ] GC(329) Concurrent Preclean
[2026-03-25T21:45:21.462+0900][14.404s][info][gc,marking  ] GC(329) Concurrent Preclean 0.035ms
[2026-03-25T21:45:21.462+0900][14.404s][info][gc,start    ] GC(329) Pause Remark
[2026-03-25T21:45:21.462+0900][14.404s][info][gc          ] GC(329) Pause Remark 313M->313M(512M) 0.339ms
[2026-03-25T21:45:21.462+0900][14.404s][info][gc,cpu      ] GC(329) User=0.00s Sys=0.00s Real=0.00s
[2026-03-25T21:45:21.462+0900][14.404s][info][gc,marking  ] GC(329) Concurrent Mark 2.334ms
[2026-03-25T21:45:21.462+0900][14.404s][info][gc,marking  ] GC(329) Concurrent Rebuild Remembered Sets
[2026-03-25T21:45:21.463+0900][14.405s][info][gc,marking  ] GC(329) Concurrent Rebuild Remembered Sets 0.633ms
[2026-03-25T21:45:21.463+0900][14.405s][info][gc,start    ] GC(329) Pause Cleanup
[2026-03-25T21:45:21.463+0900][14.405s][info][gc          ] GC(329) Pause Cleanup 313M->313M(512M) 0.073ms
[2026-03-25T21:45:21.463+0900][14.405s][info][gc,cpu      ] GC(329) User=0.00s Sys=0.00s Real=0.00s
[2026-03-25T21:45:21.463+0900][14.405s][info][gc,marking  ] GC(329) Concurrent Cleanup for Next Mark
[2026-03-25T21:45:21.463+0900][14.406s][info][gc,marking  ] GC(329) Concurrent Cleanup for Next Mark 0.438ms
[2026-03-25T21:45:21.463+0900][14.406s][info][gc          ] GC(329) Concurrent Mark Cycle 3.981ms
[2026-03-25T21:45:21.515+0900][14.457s][info][gc,start    ] GC(330) Pause Young (Concurrent Start) (G1 Humongous Allocation)
[2026-03-25T21:45:21.515+0900][14.457s][info][gc,task     ] GC(330) Using 8 workers of 8 for evacuation
[2026-03-25T21:45:21.516+0900][14.458s][info][gc,phases   ] GC(330)   Pre Evacuate Collection Set: 0.1ms
[2026-03-25T21:45:21.516+0900][14.458s][info][gc,phases   ] GC(330)   Merge Heap Roots: 0.1ms
[2026-03-25T21:45:21.516+0900][14.458s][info][gc,phases   ] GC(330)   Evacuate Collection Set: 0.2ms
[2026-03-25T21:45:21.516+0900][14.458s][info][gc,phases   ] GC(330)   Post Evacuate Collection Set: 0.2ms
[2026-03-25T21:45:21.516+0900][14.458s][info][gc,phases   ] GC(330)   Other: 0.2ms
[2026-03-25T21:45:21.516+0900][14.458s][info][gc,heap     ] GC(330) Eden regions: 1->0(143)
[2026-03-25T21:45:21.516+0900][14.458s][info][gc,heap     ] GC(330) Survivor regions: 1->1(19)
[2026-03-25T21:45:21.516+0900][14.458s][info][gc,heap     ] GC(330) Old regions: 1->1
[2026-03-25T21:45:21.516+0900][14.458s][info][gc,heap     ] GC(330) Archive regions: 2->2
[2026-03-25T21:45:21.516+0900][14.458s][info][gc,heap     ] GC(330) Humongous regions: 312->312
[2026-03-25T21:45:21.516+0900][14.458s][info][gc,metaspace] GC(330) Metaspace: 181K(384K)->181K(384K) NonClass: 173K(256K)->173K(256K) Class: 7K(128K)->7K(128K)
[2026-03-25T21:45:21.516+0900][14.458s][info][gc          ] GC(330) Pause Young (Concurrent Start) (G1 Humongous Allocation) 313M->313M(512M) 1.030ms
[2026-03-25T21:45:21.516+0900][14.458s][info][gc,cpu      ] GC(330) User=0.00s Sys=0.00s Real=0.00s
[2026-03-25T21:45:21.516+0900][14.458s][info][gc          ] GC(331) Concurrent Mark Cycle
[2026-03-25T21:45:21.516+0900][14.458s][info][gc,marking  ] GC(331) Concurrent Clear Claimed Marks
[2026-03-25T21:45:21.516+0900][14.458s][info][gc,marking  ] GC(331) Concurrent Clear Claimed Marks 0.022ms
[2026-03-25T21:45:21.516+0900][14.458s][info][gc,marking  ] GC(331) Concurrent Scan Root Regions
[2026-03-25T21:45:21.516+0900][14.459s][info][gc,marking  ] GC(331) Concurrent Scan Root Regions 0.126ms
[2026-03-25T21:45:21.516+0900][14.459s][info][gc,marking  ] GC(331) Concurrent Mark
[2026-03-25T21:45:21.516+0900][14.459s][info][gc,marking  ] GC(331) Concurrent Mark From Roots
[2026-03-25T21:45:21.516+0900][14.459s][info][gc,task     ] GC(331) Using 2 workers of 2 for marking
[2026-03-25T21:45:21.519+0900][14.461s][info][gc,marking  ] GC(331) Concurrent Mark From Roots 2.426ms
[2026-03-25T21:45:21.519+0900][14.461s][info][gc,marking  ] GC(331) Concurrent Preclean
[2026-03-25T21:45:21.519+0900][14.461s][info][gc,marking  ] GC(331) Concurrent Preclean 0.043ms
[2026-03-25T21:45:21.519+0900][14.461s][info][gc,start    ] GC(331) Pause Remark
[2026-03-25T21:45:21.519+0900][14.462s][info][gc          ] GC(331) Pause Remark 314M->314M(512M) 0.403ms
[2026-03-25T21:45:21.519+0900][14.462s][info][gc,cpu      ] GC(331) User=0.00s Sys=0.00s Real=0.00s
[2026-03-25T21:45:21.519+0900][14.462s][info][gc,marking  ] GC(331) Concurrent Mark 3.079ms
[2026-03-25T21:45:21.519+0900][14.462s][info][gc,marking  ] GC(331) Concurrent Rebuild Remembered Sets
[2026-03-25T21:45:21.520+0900][14.462s][info][gc,marking  ] GC(331) Concurrent Rebuild Remembered Sets 0.686ms
[2026-03-25T21:45:21.520+0900][14.462s][info][gc,start    ] GC(331) Pause Cleanup
[2026-03-25T21:45:21.520+0900][14.463s][info][gc          ] GC(331) Pause Cleanup 314M->314M(512M) 0.093ms
[2026-03-25T21:45:21.520+0900][14.463s][info][gc,cpu      ] GC(331) User=0.00s Sys=0.00s Real=0.00s
[2026-03-25T21:45:21.520+0900][14.463s][info][gc,marking  ] GC(331) Concurrent Cleanup for Next Mark
[2026-03-25T21:45:21.521+0900][14.463s][info][gc,marking  ] GC(331) Concurrent Cleanup for Next Mark 0.485ms
[2026-03-25T21:45:21.521+0900][14.463s][info][gc          ] GC(331) Concurrent Mark Cycle 4.797ms
[2026-03-25T21:45:21.568+0900][14.510s][info][gc,start    ] GC(332) Pause Young (Concurrent Start) (G1 Humongous Allocation)
[2026-03-25T21:45:21.568+0900][14.510s][info][gc,task     ] GC(332) Using 8 workers of 8 for evacuation
[2026-03-25T21:45:21.569+0900][14.511s][info][gc,phases   ] GC(332)   Pre Evacuate Collection Set: 0.1ms
[2026-03-25T21:45:21.569+0900][14.511s][info][gc,phases   ] GC(332)   Merge Heap Roots: 0.1ms
[2026-03-25T21:45:21.569+0900][14.511s][info][gc,phases   ] GC(332)   Evacuate Collection Set: 0.2ms
[2026-03-25T21:45:21.569+0900][14.511s][info][gc,phases   ] GC(332)   Post Evacuate Collection Set: 0.1ms
[2026-03-25T21:45:21.569+0900][14.511s][info][gc,phases   ] GC(332)   Other: 0.2ms
[2026-03-25T21:45:21.569+0900][14.511s][info][gc,heap     ] GC(332) Eden regions: 1->0(142)
[2026-03-25T21:45:21.569+0900][14.511s][info][gc,heap     ] GC(332) Survivor regions: 1->1(18)
[2026-03-25T21:45:21.569+0900][14.511s][info][gc,heap     ] GC(332) Old regions: 1->1
[2026-03-25T21:45:21.569+0900][14.511s][info][gc,heap     ] GC(332) Archive regions: 2->2
[2026-03-25T21:45:21.569+0900][14.511s][info][gc,heap     ] GC(332) Humongous regions: 313->313
[2026-03-25T21:45:21.569+0900][14.511s][info][gc,metaspace] GC(332) Metaspace: 181K(384K)->181K(384K) NonClass: 173K(256K)->173K(256K) Class: 7K(128K)->7K(128K)
[2026-03-25T21:45:21.569+0900][14.511s][info][gc          ] GC(332) Pause Young (Concurrent Start) (G1 Humongous Allocation) 314M->314M(512M) 0.837ms
[2026-03-25T21:45:21.569+0900][14.511s][info][gc,cpu      ] GC(332) User=0.00s Sys=0.00s Real=0.00s
[2026-03-25T21:45:21.569+0900][14.511s][info][gc          ] GC(333) Concurrent Mark Cycle
[2026-03-25T21:45:21.569+0900][14.511s][info][gc,marking  ] GC(333) Concurrent Clear Claimed Marks
[2026-03-25T21:45:21.569+0900][14.511s][info][gc,marking  ] GC(333) Concurrent Clear Claimed Marks 0.013ms
[2026-03-25T21:45:21.569+0900][14.511s][info][gc,marking  ] GC(333) Concurrent Scan Root Regions
[2026-03-25T21:45:21.569+0900][14.511s][info][gc,marking  ] GC(333) Concurrent Scan Root Regions 0.038ms
[2026-03-25T21:45:21.569+0900][14.511s][info][gc,marking  ] GC(333) Concurrent Mark
[2026-03-25T21:45:21.569+0900][14.511s][info][gc,marking  ] GC(333) Concurrent Mark From Roots
[2026-03-25T21:45:21.569+0900][14.511s][info][gc,task     ] GC(333) Using 2 workers of 2 for marking
[2026-03-25T21:45:21.571+0900][14.513s][info][gc,marking  ] GC(333) Concurrent Mark From Roots 2.145ms
[2026-03-25T21:45:21.571+0900][14.513s][info][gc,marking  ] GC(333) Concurrent Preclean
[2026-03-25T21:45:21.571+0900][14.513s][info][gc,marking  ] GC(333) Concurrent Preclean 0.048ms
[2026-03-25T21:45:21.571+0900][14.513s][info][gc,start    ] GC(333) Pause Remark
[2026-03-25T21:45:21.572+0900][14.514s][info][gc          ] GC(333) Pause Remark 315M->315M(512M) 0.414ms
[2026-03-25T21:45:21.572+0900][14.514s][info][gc,cpu      ] GC(333) User=0.01s Sys=0.00s Real=0.00s
[2026-03-25T21:45:21.572+0900][14.514s][info][gc,marking  ] GC(333) Concurrent Mark 2.760ms
[2026-03-25T21:45:21.572+0900][14.514s][info][gc,marking  ] GC(333) Concurrent Rebuild Remembered Sets
[2026-03-25T21:45:21.572+0900][14.515s][info][gc,marking  ] GC(333) Concurrent Rebuild Remembered Sets 0.693ms
[2026-03-25T21:45:21.572+0900][14.515s][info][gc,start    ] GC(333) Pause Cleanup
[2026-03-25T21:45:21.572+0900][14.515s][info][gc          ] GC(333) Pause Cleanup 315M->315M(512M) 0.084ms
[2026-03-25T21:45:21.573+0900][14.515s][info][gc,cpu      ] GC(333) User=0.00s Sys=0.00s Real=0.00s
[2026-03-25T21:45:21.573+0900][14.515s][info][gc,marking  ] GC(333) Concurrent Cleanup for Next Mark
[2026-03-25T21:45:21.573+0900][14.515s][info][gc,marking  ] GC(333) Concurrent Cleanup for Next Mark 0.382ms
[2026-03-25T21:45:21.573+0900][14.515s][info][gc          ] GC(333) Concurrent Mark Cycle 4.278ms
[2026-03-25T21:45:21.624+0900][14.566s][info][gc,start    ] GC(334) Pause Young (Concurrent Start) (G1 Humongous Allocation)
[2026-03-25T21:45:21.624+0900][14.566s][info][gc,task     ] GC(334) Using 8 workers of 8 for evacuation
[2026-03-25T21:45:21.625+0900][14.567s][info][gc,phases   ] GC(334)   Pre Evacuate Collection Set: 0.1ms
[2026-03-25T21:45:21.625+0900][14.567s][info][gc,phases   ] GC(334)   Merge Heap Roots: 0.1ms
[2026-03-25T21:45:21.625+0900][14.567s][info][gc,phases   ] GC(334)   Evacuate Collection Set: 0.2ms
[2026-03-25T21:45:21.625+0900][14.567s][info][gc,phases   ] GC(334)   Post Evacuate Collection Set: 0.1ms
[2026-03-25T21:45:21.625+0900][14.567s][info][gc,phases   ] GC(334)   Other: 0.2ms
[2026-03-25T21:45:21.625+0900][14.567s][info][gc,heap     ] GC(334) Eden regions: 1->0(141)
[2026-03-25T21:45:21.625+0900][14.567s][info][gc,heap     ] GC(334) Survivor regions: 1->1(18)
[2026-03-25T21:45:21.625+0900][14.567s][info][gc,heap     ] GC(334) Old regions: 1->1
[2026-03-25T21:45:21.625+0900][14.567s][info][gc,heap     ] GC(334) Archive regions: 2->2
[2026-03-25T21:45:21.625+0900][14.567s][info][gc,heap     ] GC(334) Humongous regions: 314->314
[2026-03-25T21:45:21.625+0900][14.567s][info][gc,metaspace] GC(334) Metaspace: 181K(384K)->181K(384K) NonClass: 173K(256K)->173K(256K) Class: 7K(128K)->7K(128K)
[2026-03-25T21:45:21.625+0900][14.567s][info][gc          ] GC(334) Pause Young (Concurrent Start) (G1 Humongous Allocation) 315M->315M(512M) 0.882ms
[2026-03-25T21:45:21.625+0900][14.567s][info][gc,cpu      ] GC(334) User=0.00s Sys=0.00s Real=0.00s
[2026-03-25T21:45:21.625+0900][14.567s][info][gc          ] GC(335) Concurrent Mark Cycle
[2026-03-25T21:45:21.625+0900][14.567s][info][gc,marking  ] GC(335) Concurrent Clear Claimed Marks
[2026-03-25T21:45:21.625+0900][14.567s][info][gc,marking  ] GC(335) Concurrent Clear Claimed Marks 0.013ms
[2026-03-25T21:45:21.625+0900][14.567s][info][gc,marking  ] GC(335) Concurrent Scan Root Regions
[2026-03-25T21:45:21.625+0900][14.567s][info][gc,marking  ] GC(335) Concurrent Scan Root Regions 0.039ms
[2026-03-25T21:45:21.625+0900][14.567s][info][gc,marking  ] GC(335) Concurrent Mark
[2026-03-25T21:45:21.625+0900][14.567s][info][gc,marking  ] GC(335) Concurrent Mark From Roots
[2026-03-25T21:45:21.625+0900][14.567s][info][gc,task     ] GC(335) Using 2 workers of 2 for marking
[2026-03-25T21:45:21.627+0900][14.569s][info][gc,marking  ] GC(335) Concurrent Mark From Roots 1.778ms
[2026-03-25T21:45:21.627+0900][14.569s][info][gc,marking  ] GC(335) Concurrent Preclean
[2026-03-25T21:45:21.627+0900][14.569s][info][gc,marking  ] GC(335) Concurrent Preclean 0.060ms
[2026-03-25T21:45:21.627+0900][14.569s][info][gc,start    ] GC(335) Pause Remark
[2026-03-25T21:45:21.627+0900][14.570s][info][gc          ] GC(335) Pause Remark 316M->316M(512M) 0.412ms
[2026-03-25T21:45:21.627+0900][14.570s][info][gc,cpu      ] GC(335) User=0.00s Sys=0.00s Real=0.00s
[2026-03-25T21:45:21.627+0900][14.570s][info][gc,marking  ] GC(335) Concurrent Mark 2.533ms
[2026-03-25T21:45:21.627+0900][14.570s][info][gc,marking  ] GC(335) Concurrent Rebuild Remembered Sets
[2026-03-25T21:45:21.628+0900][14.570s][info][gc,marking  ] GC(335) Concurrent Rebuild Remembered Sets 0.569ms
[2026-03-25T21:45:21.628+0900][14.570s][info][gc,start    ] GC(335) Pause Cleanup
[2026-03-25T21:45:21.628+0900][14.570s][info][gc          ] GC(335) Pause Cleanup 316M->316M(512M) 0.068ms
[2026-03-25T21:45:21.628+0900][14.570s][info][gc,cpu      ] GC(335) User=0.00s Sys=0.00s Real=0.00s
[2026-03-25T21:45:21.628+0900][14.570s][info][gc,marking  ] GC(335) Concurrent Cleanup for Next Mark
[2026-03-25T21:45:21.629+0900][14.571s][info][gc,marking  ] GC(335) Concurrent Cleanup for Next Mark 0.469ms
[2026-03-25T21:45:21.629+0900][14.571s][info][gc          ] GC(335) Concurrent Mark Cycle 3.963ms
[2026-03-25T21:45:21.677+0900][14.619s][info][gc,start    ] GC(336) Pause Young (Concurrent Start) (G1 Humongous Allocation)
[2026-03-25T21:45:21.677+0900][14.619s][info][gc,task     ] GC(336) Using 8 workers of 8 for evacuation
[2026-03-25T21:45:21.677+0900][14.620s][info][gc,phases   ] GC(336)   Pre Evacuate Collection Set: 0.1ms
[2026-03-25T21:45:21.678+0900][14.620s][info][gc,phases   ] GC(336)   Merge Heap Roots: 0.1ms
[2026-03-25T21:45:21.678+0900][14.620s][info][gc,phases   ] GC(336)   Evacuate Collection Set: 0.2ms
[2026-03-25T21:45:21.678+0900][14.620s][info][gc,phases   ] GC(336)   Post Evacuate Collection Set: 0.2ms
[2026-03-25T21:45:21.678+0900][14.620s][info][gc,phases   ] GC(336)   Other: 0.2ms
[2026-03-25T21:45:21.678+0900][14.620s][info][gc,heap     ] GC(336) Eden regions: 1->0(140)
[2026-03-25T21:45:21.678+0900][14.620s][info][gc,heap     ] GC(336) Survivor regions: 1->1(18)
[2026-03-25T21:45:21.678+0900][14.620s][info][gc,heap     ] GC(336) Old regions: 1->1
[2026-03-25T21:45:21.678+0900][14.620s][info][gc,heap     ] GC(336) Archive regions: 2->2
[2026-03-25T21:45:21.678+0900][14.620s][info][gc,heap     ] GC(336) Humongous regions: 315->315
[2026-03-25T21:45:21.678+0900][14.620s][info][gc,metaspace] GC(336) Metaspace: 181K(384K)->181K(384K) NonClass: 173K(256K)->173K(256K) Class: 7K(128K)->7K(128K)
[2026-03-25T21:45:21.678+0900][14.620s][info][gc          ] GC(336) Pause Young (Concurrent Start) (G1 Humongous Allocation) 316M->316M(512M) 1.210ms
[2026-03-25T21:45:21.678+0900][14.620s][info][gc,cpu      ] GC(336) User=0.01s Sys=0.00s Real=0.00s
[2026-03-25T21:45:21.678+0900][14.620s][info][gc          ] GC(337) Concurrent Mark Cycle
[2026-03-25T21:45:21.678+0900][14.620s][info][gc,marking  ] GC(337) Concurrent Clear Claimed Marks
[2026-03-25T21:45:21.678+0900][14.620s][info][gc,marking  ] GC(337) Concurrent Clear Claimed Marks 0.033ms
[2026-03-25T21:45:21.678+0900][14.620s][info][gc,marking  ] GC(337) Concurrent Scan Root Regions
[2026-03-25T21:45:21.678+0900][14.620s][info][gc,marking  ] GC(337) Concurrent Scan Root Regions 0.073ms
[2026-03-25T21:45:21.678+0900][14.620s][info][gc,marking  ] GC(337) Concurrent Mark
[2026-03-25T21:45:21.678+0900][14.620s][info][gc,marking  ] GC(337) Concurrent Mark From Roots
[2026-03-25T21:45:21.678+0900][14.620s][info][gc,task     ] GC(337) Using 2 workers of 2 for marking
[2026-03-25T21:45:21.681+0900][14.623s][info][gc,marking  ] GC(337) Concurrent Mark From Roots 3.042ms
[2026-03-25T21:45:21.681+0900][14.624s][info][gc,marking  ] GC(337) Concurrent Preclean
[2026-03-25T21:45:21.681+0900][14.624s][info][gc,marking  ] GC(337) Concurrent Preclean 0.051ms
[2026-03-25T21:45:21.681+0900][14.624s][info][gc,start    ] GC(337) Pause Remark
[2026-03-25T21:45:21.682+0900][14.624s][info][gc          ] GC(337) Pause Remark 317M->317M(512M) 0.453ms
[2026-03-25T21:45:21.682+0900][14.624s][info][gc,cpu      ] GC(337) User=0.00s Sys=0.00s Real=0.00s
[2026-03-25T21:45:21.682+0900][14.624s][info][gc,marking  ] GC(337) Concurrent Mark 3.717ms
[2026-03-25T21:45:21.682+0900][14.624s][info][gc,marking  ] GC(337) Concurrent Rebuild Remembered Sets
[2026-03-25T21:45:21.683+0900][14.625s][info][gc,marking  ] GC(337) Concurrent Rebuild Remembered Sets 0.703ms
[2026-03-25T21:45:21.683+0900][14.625s][info][gc,start    ] GC(337) Pause Cleanup
[2026-03-25T21:45:21.683+0900][14.625s][info][gc          ] GC(337) Pause Cleanup 317M->317M(512M) 0.099ms
[2026-03-25T21:45:21.683+0900][14.625s][info][gc,cpu      ] GC(337) User=0.00s Sys=0.00s Real=0.00s
[2026-03-25T21:45:21.683+0900][14.625s][info][gc,marking  ] GC(337) Concurrent Cleanup for Next Mark
[2026-03-25T21:45:21.684+0900][14.626s][info][gc,marking  ] GC(337) Concurrent Cleanup for Next Mark 0.645ms
[2026-03-25T21:45:21.684+0900][14.626s][info][gc          ] GC(337) Concurrent Mark Cycle 5.625ms
[2026-03-25T21:45:21.732+0900][14.674s][info][gc,start    ] GC(338) Pause Young (Concurrent Start) (G1 Humongous Allocation)
[2026-03-25T21:45:21.732+0900][14.674s][info][gc,task     ] GC(338) Using 8 workers of 8 for evacuation
[2026-03-25T21:45:21.733+0900][14.675s][info][gc,phases   ] GC(338)   Pre Evacuate Collection Set: 0.2ms
[2026-03-25T21:45:21.733+0900][14.675s][info][gc,phases   ] GC(338)   Merge Heap Roots: 0.2ms
[2026-03-25T21:45:21.733+0900][14.675s][info][gc,phases   ] GC(338)   Evacuate Collection Set: 0.3ms
[2026-03-25T21:45:21.733+0900][14.675s][info][gc,phases   ] GC(338)   Post Evacuate Collection Set: 0.2ms
[2026-03-25T21:45:21.733+0900][14.676s][info][gc,phases   ] GC(338)   Other: 0.3ms
[2026-03-25T21:45:21.733+0900][14.676s][info][gc,heap     ] GC(338) Eden regions: 1->0(139)
[2026-03-25T21:45:21.733+0900][14.676s][info][gc,heap     ] GC(338) Survivor regions: 1->1(18)
[2026-03-25T21:45:21.733+0900][14.676s][info][gc,heap     ] GC(338) Old regions: 1->1
[2026-03-25T21:45:21.733+0900][14.676s][info][gc,heap     ] GC(338) Archive regions: 2->2
[2026-03-25T21:45:21.733+0900][14.676s][info][gc,heap     ] GC(338) Humongous regions: 316->316
[2026-03-25T21:45:21.733+0900][14.676s][info][gc,metaspace] GC(338) Metaspace: 181K(384K)->181K(384K) NonClass: 173K(256K)->173K(256K) Class: 7K(128K)->7K(128K)
[2026-03-25T21:45:21.734+0900][14.676s][info][gc          ] GC(338) Pause Young (Concurrent Start) (G1 Humongous Allocation) 317M->317M(512M) 1.538ms
[2026-03-25T21:45:21.734+0900][14.676s][info][gc,cpu      ] GC(338) User=0.01s Sys=0.00s Real=0.00s
[2026-03-25T21:45:21.734+0900][14.676s][info][gc          ] GC(339) Concurrent Mark Cycle
[2026-03-25T21:45:21.734+0900][14.676s][info][gc,marking  ] GC(339) Concurrent Clear Claimed Marks
[2026-03-25T21:45:21.734+0900][14.676s][info][gc,marking  ] GC(339) Concurrent Clear Claimed Marks 0.029ms
[2026-03-25T21:45:21.734+0900][14.676s][info][gc,marking  ] GC(339) Concurrent Scan Root Regions
[2026-03-25T21:45:21.734+0900][14.676s][info][gc,marking  ] GC(339) Concurrent Scan Root Regions 0.074ms
[2026-03-25T21:45:21.734+0900][14.676s][info][gc,marking  ] GC(339) Concurrent Mark
[2026-03-25T21:45:21.734+0900][14.676s][info][gc,marking  ] GC(339) Concurrent Mark From Roots
[2026-03-25T21:45:21.734+0900][14.676s][info][gc,task     ] GC(339) Using 2 workers of 2 for marking
[2026-03-25T21:45:21.737+0900][14.679s][info][gc,marking  ] GC(339) Concurrent Mark From Roots 2.749ms
[2026-03-25T21:45:21.737+0900][14.679s][info][gc,marking  ] GC(339) Concurrent Preclean
[2026-03-25T21:45:21.737+0900][14.679s][info][gc,marking  ] GC(339) Concurrent Preclean 0.053ms
[2026-03-25T21:45:21.737+0900][14.679s][info][gc,start    ] GC(339) Pause Remark
[2026-03-25T21:45:21.737+0900][14.679s][info][gc          ] GC(339) Pause Remark 318M->318M(512M) 0.345ms
[2026-03-25T21:45:21.737+0900][14.679s][info][gc,cpu      ] GC(339) User=0.00s Sys=0.00s Real=0.00s
[2026-03-25T21:45:21.737+0900][14.679s][info][gc,marking  ] GC(339) Concurrent Mark 3.325ms
[2026-03-25T21:45:21.737+0900][14.679s][info][gc,marking  ] GC(339) Concurrent Rebuild Remembered Sets
[2026-03-25T21:45:21.738+0900][14.680s][info][gc,marking  ] GC(339) Concurrent Rebuild Remembered Sets 0.742ms
[2026-03-25T21:45:21.738+0900][14.680s][info][gc,start    ] GC(339) Pause Cleanup
[2026-03-25T21:45:21.738+0900][14.680s][info][gc          ] GC(339) Pause Cleanup 318M->318M(512M) 0.109ms
[2026-03-25T21:45:21.738+0900][14.680s][info][gc,cpu      ] GC(339) User=0.00s Sys=0.00s Real=0.00s
[2026-03-25T21:45:21.738+0900][14.680s][info][gc,marking  ] GC(339) Concurrent Cleanup for Next Mark
[2026-03-25T21:45:21.739+0900][14.681s][info][gc,marking  ] GC(339) Concurrent Cleanup for Next Mark 0.412ms
[2026-03-25T21:45:21.739+0900][14.681s][info][gc          ] GC(339) Concurrent Mark Cycle 5.079ms
[2026-03-25T21:45:21.789+0900][14.731s][info][gc,start    ] GC(340) Pause Young (Concurrent Start) (G1 Humongous Allocation)
[2026-03-25T21:45:21.789+0900][14.731s][info][gc,task     ] GC(340) Using 8 workers of 8 for evacuation
[2026-03-25T21:45:21.790+0900][14.732s][info][gc,phases   ] GC(340)   Pre Evacuate Collection Set: 0.1ms
[2026-03-25T21:45:21.790+0900][14.732s][info][gc,phases   ] GC(340)   Merge Heap Roots: 0.1ms
[2026-03-25T21:45:21.790+0900][14.732s][info][gc,phases   ] GC(340)   Evacuate Collection Set: 0.2ms
[2026-03-25T21:45:21.790+0900][14.732s][info][gc,phases   ] GC(340)   Post Evacuate Collection Set: 0.1ms
[2026-03-25T21:45:21.790+0900][14.732s][info][gc,phases   ] GC(340)   Other: 0.2ms
[2026-03-25T21:45:21.790+0900][14.732s][info][gc,heap     ] GC(340) Eden regions: 1->0(138)
[2026-03-25T21:45:21.790+0900][14.732s][info][gc,heap     ] GC(340) Survivor regions: 1->1(18)
[2026-03-25T21:45:21.790+0900][14.732s][info][gc,heap     ] GC(340) Old regions: 1->1
[2026-03-25T21:45:21.790+0900][14.732s][info][gc,heap     ] GC(340) Archive regions: 2->2
[2026-03-25T21:45:21.790+0900][14.732s][info][gc,heap     ] GC(340) Humongous regions: 317->317
[2026-03-25T21:45:21.790+0900][14.732s][info][gc,metaspace] GC(340) Metaspace: 181K(384K)->181K(384K) NonClass: 173K(256K)->173K(256K) Class: 7K(128K)->7K(128K)
[2026-03-25T21:45:21.790+0900][14.732s][info][gc          ] GC(340) Pause Young (Concurrent Start) (G1 Humongous Allocation) 318M->318M(512M) 0.883ms
[2026-03-25T21:45:21.790+0900][14.732s][info][gc,cpu      ] GC(340) User=0.01s Sys=0.00s Real=0.01s
[2026-03-25T21:45:21.790+0900][14.732s][info][gc          ] GC(341) Concurrent Mark Cycle
[2026-03-25T21:45:21.790+0900][14.732s][info][gc,marking  ] GC(341) Concurrent Clear Claimed Marks
[2026-03-25T21:45:21.790+0900][14.732s][info][gc,marking  ] GC(341) Concurrent Clear Claimed Marks 0.015ms
[2026-03-25T21:45:21.790+0900][14.732s][info][gc,marking  ] GC(341) Concurrent Scan Root Regions
[2026-03-25T21:45:21.790+0900][14.732s][info][gc,marking  ] GC(341) Concurrent Scan Root Regions 0.038ms
[2026-03-25T21:45:21.790+0900][14.732s][info][gc,marking  ] GC(341) Concurrent Mark
[2026-03-25T21:45:21.790+0900][14.732s][info][gc,marking  ] GC(341) Concurrent Mark From Roots
[2026-03-25T21:45:21.790+0900][14.732s][info][gc,task     ] GC(341) Using 2 workers of 2 for marking
[2026-03-25T21:45:21.793+0900][14.735s][info][gc,marking  ] GC(341) Concurrent Mark From Roots 2.686ms
[2026-03-25T21:45:21.793+0900][14.735s][info][gc,marking  ] GC(341) Concurrent Preclean
[2026-03-25T21:45:21.793+0900][14.735s][info][gc,marking  ] GC(341) Concurrent Preclean 0.038ms
[2026-03-25T21:45:21.793+0900][14.735s][info][gc,start    ] GC(341) Pause Remark
[2026-03-25T21:45:21.793+0900][14.735s][info][gc          ] GC(341) Pause Remark 319M->319M(512M) 0.395ms
[2026-03-25T21:45:21.793+0900][14.736s][info][gc,cpu      ] GC(341) User=0.00s Sys=0.00s Real=0.00s
[2026-03-25T21:45:21.793+0900][14.736s][info][gc,marking  ] GC(341) Concurrent Mark 3.350ms
[2026-03-25T21:45:21.793+0900][14.736s][info][gc,marking  ] GC(341) Concurrent Rebuild Remembered Sets
[2026-03-25T21:45:21.794+0900][14.736s][info][gc,marking  ] GC(341) Concurrent Rebuild Remembered Sets 0.601ms
[2026-03-25T21:45:21.794+0900][14.736s][info][gc,start    ] GC(341) Pause Cleanup
[2026-03-25T21:45:21.794+0900][14.736s][info][gc          ] GC(341) Pause Cleanup 319M->319M(512M) 0.066ms
[2026-03-25T21:45:21.794+0900][14.736s][info][gc,cpu      ] GC(341) User=0.00s Sys=0.00s Real=0.00s
[2026-03-25T21:45:21.794+0900][14.736s][info][gc,marking  ] GC(341) Concurrent Cleanup for Next Mark
[2026-03-25T21:45:21.794+0900][14.737s][info][gc,marking  ] GC(341) Concurrent Cleanup for Next Mark 0.331ms
[2026-03-25T21:45:21.795+0900][14.737s][info][gc          ] GC(341) Concurrent Mark Cycle 4.622ms
[2026-03-25T21:45:21.841+0900][14.784s][info][gc,start    ] GC(342) Pause Young (Concurrent Start) (G1 Humongous Allocation)
[2026-03-25T21:45:21.842+0900][14.784s][info][gc,task     ] GC(342) Using 8 workers of 8 for evacuation
[2026-03-25T21:45:21.842+0900][14.785s][info][gc,phases   ] GC(342)   Pre Evacuate Collection Set: 0.2ms
[2026-03-25T21:45:21.842+0900][14.785s][info][gc,phases   ] GC(342)   Merge Heap Roots: 0.1ms
[2026-03-25T21:45:21.842+0900][14.785s][info][gc,phases   ] GC(342)   Evacuate Collection Set: 0.2ms
[2026-03-25T21:45:21.842+0900][14.785s][info][gc,phases   ] GC(342)   Post Evacuate Collection Set: 0.1ms
[2026-03-25T21:45:21.842+0900][14.785s][info][gc,phases   ] GC(342)   Other: 0.3ms
[2026-03-25T21:45:21.842+0900][14.785s][info][gc,heap     ] GC(342) Eden regions: 1->0(137)
[2026-03-25T21:45:21.842+0900][14.785s][info][gc,heap     ] GC(342) Survivor regions: 1->1(18)
[2026-03-25T21:45:21.842+0900][14.785s][info][gc,heap     ] GC(342) Old regions: 1->1
[2026-03-25T21:45:21.842+0900][14.785s][info][gc,heap     ] GC(342) Archive regions: 2->2
[2026-03-25T21:45:21.842+0900][14.785s][info][gc,heap     ] GC(342) Humongous regions: 318->318
[2026-03-25T21:45:21.842+0900][14.785s][info][gc,metaspace] GC(342) Metaspace: 181K(384K)->181K(384K) NonClass: 173K(256K)->173K(256K) Class: 7K(128K)->7K(128K)
[2026-03-25T21:45:21.842+0900][14.785s][info][gc          ] GC(342) Pause Young (Concurrent Start) (G1 Humongous Allocation) 319M->319M(512M) 1.023ms
[2026-03-25T21:45:21.843+0900][14.785s][info][gc,cpu      ] GC(342) User=0.00s Sys=0.00s Real=0.00s
[2026-03-25T21:45:21.843+0900][14.785s][info][gc          ] GC(343) Concurrent Mark Cycle
[2026-03-25T21:45:21.843+0900][14.785s][info][gc,marking  ] GC(343) Concurrent Clear Claimed Marks
[2026-03-25T21:45:21.843+0900][14.785s][info][gc,marking  ] GC(343) Concurrent Clear Claimed Marks 0.013ms
[2026-03-25T21:45:21.843+0900][14.785s][info][gc,marking  ] GC(343) Concurrent Scan Root Regions
[2026-03-25T21:45:21.843+0900][14.785s][info][gc,marking  ] GC(343) Concurrent Scan Root Regions 0.038ms
[2026-03-25T21:45:21.843+0900][14.785s][info][gc,marking  ] GC(343) Concurrent Mark
[2026-03-25T21:45:21.843+0900][14.785s][info][gc,marking  ] GC(343) Concurrent Mark From Roots
[2026-03-25T21:45:21.843+0900][14.785s][info][gc,task     ] GC(343) Using 2 workers of 2 for marking
[2026-03-25T21:45:21.845+0900][14.787s][info][gc,marking  ] GC(343) Concurrent Mark From Roots 2.252ms
[2026-03-25T21:45:21.845+0900][14.787s][info][gc,marking  ] GC(343) Concurrent Preclean
[2026-03-25T21:45:21.845+0900][14.787s][info][gc,marking  ] GC(343) Concurrent Preclean 0.036ms
[2026-03-25T21:45:21.845+0900][14.787s][info][gc,start    ] GC(343) Pause Remark
[2026-03-25T21:45:21.846+0900][14.788s][info][gc          ] GC(343) Pause Remark 320M->320M(512M) 0.709ms
[2026-03-25T21:45:21.846+0900][14.788s][info][gc,cpu      ] GC(343) User=0.00s Sys=0.00s Real=0.00s
[2026-03-25T21:45:21.846+0900][14.788s][info][gc,marking  ] GC(343) Concurrent Mark 3.235ms
[2026-03-25T21:45:21.846+0900][14.788s][info][gc,marking  ] GC(343) Concurrent Rebuild Remembered Sets
[2026-03-25T21:45:21.847+0900][14.789s][info][gc,marking  ] GC(343) Concurrent Rebuild Remembered Sets 0.853ms
[2026-03-25T21:45:21.847+0900][14.789s][info][gc,start    ] GC(343) Pause Cleanup
[2026-03-25T21:45:21.847+0900][14.789s][info][gc          ] GC(343) Pause Cleanup 320M->320M(512M) 0.113ms
[2026-03-25T21:45:21.847+0900][14.789s][info][gc,cpu      ] GC(343) User=0.00s Sys=0.00s Real=0.00s
[2026-03-25T21:45:21.847+0900][14.789s][info][gc,marking  ] GC(343) Concurrent Cleanup for Next Mark
[2026-03-25T21:45:21.848+0900][14.790s][info][gc,marking  ] GC(343) Concurrent Cleanup for Next Mark 0.430ms
[2026-03-25T21:45:21.848+0900][14.790s][info][gc          ] GC(343) Concurrent Mark Cycle 5.114ms
[2026-03-25T21:45:21.895+0900][14.837s][info][gc,start    ] GC(344) Pause Young (Concurrent Start) (G1 Humongous Allocation)
[2026-03-25T21:45:21.895+0900][14.837s][info][gc,task     ] GC(344) Using 8 workers of 8 for evacuation
[2026-03-25T21:45:21.896+0900][14.839s][info][gc,phases   ] GC(344)   Pre Evacuate Collection Set: 0.7ms
[2026-03-25T21:45:21.896+0900][14.839s][info][gc,phases   ] GC(344)   Merge Heap Roots: 0.2ms
[2026-03-25T21:45:21.896+0900][14.839s][info][gc,phases   ] GC(344)   Evacuate Collection Set: 0.3ms
[2026-03-25T21:45:21.896+0900][14.839s][info][gc,phases   ] GC(344)   Post Evacuate Collection Set: 0.4ms
[2026-03-25T21:45:21.896+0900][14.839s][info][gc,phases   ] GC(344)   Other: 0.2ms
[2026-03-25T21:45:21.897+0900][14.839s][info][gc,heap     ] GC(344) Eden regions: 1->0(136)
[2026-03-25T21:45:21.897+0900][14.839s][info][gc,heap     ] GC(344) Survivor regions: 1->1(18)
[2026-03-25T21:45:21.897+0900][14.839s][info][gc,heap     ] GC(344) Old regions: 1->1
[2026-03-25T21:45:21.897+0900][14.839s][info][gc,heap     ] GC(344) Archive regions: 2->2
[2026-03-25T21:45:21.897+0900][14.839s][info][gc,heap     ] GC(344) Humongous regions: 319->319
[2026-03-25T21:45:21.897+0900][14.839s][info][gc,metaspace] GC(344) Metaspace: 181K(384K)->181K(384K) NonClass: 173K(256K)->173K(256K) Class: 7K(128K)->7K(128K)
[2026-03-25T21:45:21.897+0900][14.839s][info][gc          ] GC(344) Pause Young (Concurrent Start) (G1 Humongous Allocation) 320M->320M(512M) 1.969ms
[2026-03-25T21:45:21.897+0900][14.839s][info][gc,cpu      ] GC(344) User=0.00s Sys=0.00s Real=0.00s
[2026-03-25T21:45:21.897+0900][14.839s][info][gc          ] GC(345) Concurrent Mark Cycle
[2026-03-25T21:45:21.897+0900][14.839s][info][gc,marking  ] GC(345) Concurrent Clear Claimed Marks
[2026-03-25T21:45:21.897+0900][14.839s][info][gc,marking  ] GC(345) Concurrent Clear Claimed Marks 0.014ms
[2026-03-25T21:45:21.897+0900][14.839s][info][gc,marking  ] GC(345) Concurrent Scan Root Regions
[2026-03-25T21:45:21.897+0900][14.839s][info][gc,marking  ] GC(345) Concurrent Scan Root Regions 0.311ms
[2026-03-25T21:45:21.897+0900][14.839s][info][gc,marking  ] GC(345) Concurrent Mark
[2026-03-25T21:45:21.897+0900][14.839s][info][gc,marking  ] GC(345) Concurrent Mark From Roots
[2026-03-25T21:45:21.897+0900][14.839s][info][gc,task     ] GC(345) Using 2 workers of 2 for marking
[2026-03-25T21:45:21.899+0900][14.841s][info][gc,marking  ] GC(345) Concurrent Mark From Roots 2.137ms
[2026-03-25T21:45:21.899+0900][14.842s][info][gc,marking  ] GC(345) Concurrent Preclean
[2026-03-25T21:45:21.899+0900][14.842s][info][gc,marking  ] GC(345) Concurrent Preclean 0.042ms
[2026-03-25T21:45:21.899+0900][14.842s][info][gc,start    ] GC(345) Pause Remark
[2026-03-25T21:45:21.900+0900][14.842s][info][gc          ] GC(345) Pause Remark 321M->321M(512M) 0.408ms
[2026-03-25T21:45:21.900+0900][14.842s][info][gc,cpu      ] GC(345) User=0.00s Sys=0.01s Real=0.01s
[2026-03-25T21:45:21.900+0900][14.842s][info][gc,marking  ] GC(345) Concurrent Mark 2.797ms
[2026-03-25T21:45:21.900+0900][14.842s][info][gc,marking  ] GC(345) Concurrent Rebuild Remembered Sets
[2026-03-25T21:45:21.901+0900][14.843s][info][gc,marking  ] GC(345) Concurrent Rebuild Remembered Sets 0.627ms
[2026-03-25T21:45:21.901+0900][14.843s][info][gc,start    ] GC(345) Pause Cleanup
[2026-03-25T21:45:21.901+0900][14.843s][info][gc          ] GC(345) Pause Cleanup 321M->321M(512M) 0.073ms
[2026-03-25T21:45:21.901+0900][14.843s][info][gc,cpu      ] GC(345) User=0.00s Sys=0.00s Real=0.00s
[2026-03-25T21:45:21.901+0900][14.843s][info][gc,marking  ] GC(345) Concurrent Cleanup for Next Mark
[2026-03-25T21:45:21.901+0900][14.843s][info][gc,marking  ] GC(345) Concurrent Cleanup for Next Mark 0.439ms
[2026-03-25T21:45:21.901+0900][14.843s][info][gc          ] GC(345) Concurrent Mark Cycle 4.541ms
[2026-03-25T21:45:21.952+0900][14.894s][info][gc,start    ] GC(346) Pause Young (Concurrent Start) (G1 Humongous Allocation)
[2026-03-25T21:45:21.952+0900][14.894s][info][gc,task     ] GC(346) Using 8 workers of 8 for evacuation
[2026-03-25T21:45:21.953+0900][14.895s][info][gc,phases   ] GC(346)   Pre Evacuate Collection Set: 0.1ms
[2026-03-25T21:45:21.953+0900][14.895s][info][gc,phases   ] GC(346)   Merge Heap Roots: 0.1ms
[2026-03-25T21:45:21.953+0900][14.895s][info][gc,phases   ] GC(346)   Evacuate Collection Set: 0.2ms
[2026-03-25T21:45:21.953+0900][14.895s][info][gc,phases   ] GC(346)   Post Evacuate Collection Set: 0.1ms
[2026-03-25T21:45:21.953+0900][14.895s][info][gc,phases   ] GC(346)   Other: 0.2ms
[2026-03-25T21:45:21.953+0900][14.895s][info][gc,heap     ] GC(346) Eden regions: 1->0(135)
[2026-03-25T21:45:21.953+0900][14.895s][info][gc,heap     ] GC(346) Survivor regions: 1->1(18)
[2026-03-25T21:45:21.953+0900][14.895s][info][gc,heap     ] GC(346) Old regions: 1->1
[2026-03-25T21:45:21.953+0900][14.895s][info][gc,heap     ] GC(346) Archive regions: 2->2
[2026-03-25T21:45:21.953+0900][14.895s][info][gc,heap     ] GC(346) Humongous regions: 320->320
[2026-03-25T21:45:21.953+0900][14.895s][info][gc,metaspace] GC(346) Metaspace: 181K(384K)->181K(384K) NonClass: 173K(256K)->173K(256K) Class: 7K(128K)->7K(128K)
[2026-03-25T21:45:21.953+0900][14.895s][info][gc          ] GC(346) Pause Young (Concurrent Start) (G1 Humongous Allocation) 321M->321M(512M) 0.858ms
[2026-03-25T21:45:21.953+0900][14.895s][info][gc,cpu      ] GC(346) User=0.00s Sys=0.00s Real=0.00s
[2026-03-25T21:45:21.953+0900][14.895s][info][gc          ] GC(347) Concurrent Mark Cycle
[2026-03-25T21:45:21.953+0900][14.895s][info][gc,marking  ] GC(347) Concurrent Clear Claimed Marks
[2026-03-25T21:45:21.953+0900][14.895s][info][gc,marking  ] GC(347) Concurrent Clear Claimed Marks 0.013ms
[2026-03-25T21:45:21.953+0900][14.895s][info][gc,marking  ] GC(347) Concurrent Scan Root Regions
[2026-03-25T21:45:21.953+0900][14.895s][info][gc,marking  ] GC(347) Concurrent Scan Root Regions 0.035ms
[2026-03-25T21:45:21.953+0900][14.895s][info][gc,marking  ] GC(347) Concurrent Mark
[2026-03-25T21:45:21.953+0900][14.895s][info][gc,marking  ] GC(347) Concurrent Mark From Roots
[2026-03-25T21:45:21.953+0900][14.895s][info][gc,task     ] GC(347) Using 2 workers of 2 for marking
[2026-03-25T21:45:21.955+0900][14.897s][info][gc,marking  ] GC(347) Concurrent Mark From Roots 1.775ms
[2026-03-25T21:45:21.955+0900][14.897s][info][gc,marking  ] GC(347) Concurrent Preclean
[2026-03-25T21:45:21.955+0900][14.897s][info][gc,marking  ] GC(347) Concurrent Preclean 0.033ms
[2026-03-25T21:45:21.955+0900][14.897s][info][gc,start    ] GC(347) Pause Remark
[2026-03-25T21:45:21.955+0900][14.897s][info][gc          ] GC(347) Pause Remark 322M->322M(512M) 0.293ms
[2026-03-25T21:45:21.955+0900][14.897s][info][gc,cpu      ] GC(347) User=0.00s Sys=0.00s Real=0.00s
[2026-03-25T21:45:21.955+0900][14.898s][info][gc,marking  ] GC(347) Concurrent Mark 2.219ms
[2026-03-25T21:45:21.955+0900][14.898s][info][gc,marking  ] GC(347) Concurrent Rebuild Remembered Sets
[2026-03-25T21:45:21.956+0900][14.898s][info][gc,marking  ] GC(347) Concurrent Rebuild Remembered Sets 0.588ms
[2026-03-25T21:45:21.956+0900][14.898s][info][gc,start    ] GC(347) Pause Cleanup
[2026-03-25T21:45:21.956+0900][14.898s][info][gc          ] GC(347) Pause Cleanup 322M->322M(512M) 0.068ms
[2026-03-25T21:45:21.956+0900][14.898s][info][gc,cpu      ] GC(347) User=0.00s Sys=0.00s Real=0.00s
[2026-03-25T21:45:21.956+0900][14.898s][info][gc,marking  ] GC(347) Concurrent Cleanup for Next Mark
[2026-03-25T21:45:21.956+0900][14.899s][info][gc,marking  ] GC(347) Concurrent Cleanup for Next Mark 0.363ms
[2026-03-25T21:45:21.956+0900][14.899s][info][gc          ] GC(347) Concurrent Mark Cycle 3.505ms
[2026-03-25T21:45:22.006+0900][14.949s][info][gc,start    ] GC(348) Pause Young (Concurrent Start) (G1 Humongous Allocation)
[2026-03-25T21:45:22.007+0900][14.949s][info][gc,task     ] GC(348) Using 8 workers of 8 for evacuation
[2026-03-25T21:45:22.008+0900][14.950s][info][gc,phases   ] GC(348)   Pre Evacuate Collection Set: 0.2ms
[2026-03-25T21:45:22.008+0900][14.950s][info][gc,phases   ] GC(348)   Merge Heap Roots: 0.2ms
[2026-03-25T21:45:22.008+0900][14.950s][info][gc,phases   ] GC(348)   Evacuate Collection Set: 0.3ms
[2026-03-25T21:45:22.008+0900][14.950s][info][gc,phases   ] GC(348)   Post Evacuate Collection Set: 0.2ms
[2026-03-25T21:45:22.008+0900][14.950s][info][gc,phases   ] GC(348)   Other: 0.3ms
[2026-03-25T21:45:22.008+0900][14.950s][info][gc,heap     ] GC(348) Eden regions: 1->0(134)
[2026-03-25T21:45:22.008+0900][14.950s][info][gc,heap     ] GC(348) Survivor regions: 1->1(17)
[2026-03-25T21:45:22.008+0900][14.950s][info][gc,heap     ] GC(348) Old regions: 1->1
[2026-03-25T21:45:22.008+0900][14.950s][info][gc,heap     ] GC(348) Archive regions: 2->2
[2026-03-25T21:45:22.008+0900][14.950s][info][gc,heap     ] GC(348) Humongous regions: 321->321
[2026-03-25T21:45:22.008+0900][14.950s][info][gc,metaspace] GC(348) Metaspace: 181K(384K)->181K(384K) NonClass: 173K(256K)->173K(256K) Class: 7K(128K)->7K(128K)
[2026-03-25T21:45:22.008+0900][14.950s][info][gc          ] GC(348) Pause Young (Concurrent Start) (G1 Humongous Allocation) 322M->322M(512M) 1.530ms
[2026-03-25T21:45:22.008+0900][14.950s][info][gc,cpu      ] GC(348) User=0.01s Sys=0.00s Real=0.00s
[2026-03-25T21:45:22.008+0900][14.950s][info][gc          ] GC(349) Concurrent Mark Cycle
[2026-03-25T21:45:22.008+0900][14.950s][info][gc,marking  ] GC(349) Concurrent Clear Claimed Marks
[2026-03-25T21:45:22.008+0900][14.950s][info][gc,marking  ] GC(349) Concurrent Clear Claimed Marks 0.026ms
[2026-03-25T21:45:22.008+0900][14.950s][info][gc,marking  ] GC(349) Concurrent Scan Root Regions
[2026-03-25T21:45:22.008+0900][14.950s][info][gc,marking  ] GC(349) Concurrent Scan Root Regions 0.059ms
[2026-03-25T21:45:22.008+0900][14.950s][info][gc,marking  ] GC(349) Concurrent Mark
[2026-03-25T21:45:22.008+0900][14.950s][info][gc,marking  ] GC(349) Concurrent Mark From Roots
[2026-03-25T21:45:22.008+0900][14.950s][info][gc,task     ] GC(349) Using 2 workers of 2 for marking
[2026-03-25T21:45:22.010+0900][14.952s][info][gc,marking  ] GC(349) Concurrent Mark From Roots 1.970ms
[2026-03-25T21:45:22.010+0900][14.952s][info][gc,marking  ] GC(349) Concurrent Preclean
[2026-03-25T21:45:22.010+0900][14.953s][info][gc,marking  ] GC(349) Concurrent Preclean 0.034ms
[2026-03-25T21:45:22.010+0900][14.953s][info][gc,start    ] GC(349) Pause Remark
[2026-03-25T21:45:22.011+0900][14.953s][info][gc          ] GC(349) Pause Remark 325M->325M(512M) 0.361ms
[2026-03-25T21:45:22.011+0900][14.953s][info][gc,cpu      ] GC(349) User=0.00s Sys=0.00s Real=0.00s
[2026-03-25T21:45:22.011+0900][14.953s][info][gc,marking  ] GC(349) Concurrent Mark 2.566ms
[2026-03-25T21:45:22.011+0900][14.953s][info][gc,marking  ] GC(349) Concurrent Rebuild Remembered Sets
[2026-03-25T21:45:22.011+0900][14.954s][info][gc,marking  ] GC(349) Concurrent Rebuild Remembered Sets 0.589ms
[2026-03-25T21:45:22.011+0900][14.954s][info][gc,start    ] GC(349) Pause Cleanup
[2026-03-25T21:45:22.011+0900][14.954s][info][gc          ] GC(349) Pause Cleanup 325M->325M(512M) 0.072ms
[2026-03-25T21:45:22.012+0900][14.954s][info][gc,cpu      ] GC(349) User=0.00s Sys=0.00s Real=0.00s
[2026-03-25T21:45:22.012+0900][14.954s][info][gc,marking  ] GC(349) Concurrent Cleanup for Next Mark
[2026-03-25T21:45:22.012+0900][14.954s][info][gc,marking  ] GC(349) Concurrent Cleanup for Next Mark 0.444ms
[2026-03-25T21:45:22.012+0900][14.954s][info][gc          ] GC(349) Concurrent Mark Cycle 4.057ms
[2026-03-25T21:45:22.064+0900][15.006s][info][gc,start    ] GC(350) Pause Young (Concurrent Start) (G1 Humongous Allocation)
[2026-03-25T21:45:22.064+0900][15.006s][info][gc,task     ] GC(350) Using 8 workers of 8 for evacuation
[2026-03-25T21:45:22.064+0900][15.006s][info][gc,phases   ] GC(350)   Pre Evacuate Collection Set: 0.1ms
[2026-03-25T21:45:22.064+0900][15.006s][info][gc,phases   ] GC(350)   Merge Heap Roots: 0.1ms
[2026-03-25T21:45:22.064+0900][15.007s][info][gc,phases   ] GC(350)   Evacuate Collection Set: 0.2ms
[2026-03-25T21:45:22.064+0900][15.007s][info][gc,phases   ] GC(350)   Post Evacuate Collection Set: 0.1ms
[2026-03-25T21:45:22.064+0900][15.007s][info][gc,phases   ] GC(350)   Other: 0.2ms
[2026-03-25T21:45:22.064+0900][15.007s][info][gc,heap     ] GC(350) Eden regions: 1->0(131)
[2026-03-25T21:45:22.064+0900][15.007s][info][gc,heap     ] GC(350) Survivor regions: 1->1(17)
[2026-03-25T21:45:22.064+0900][15.007s][info][gc,heap     ] GC(350) Old regions: 1->1
[2026-03-25T21:45:22.064+0900][15.007s][info][gc,heap     ] GC(350) Archive regions: 2->2
[2026-03-25T21:45:22.064+0900][15.007s][info][gc,heap     ] GC(350) Humongous regions: 324->324
[2026-03-25T21:45:22.064+0900][15.007s][info][gc,metaspace] GC(350) Metaspace: 181K(384K)->181K(384K) NonClass: 173K(256K)->173K(256K) Class: 7K(128K)->7K(128K)
[2026-03-25T21:45:22.064+0900][15.007s][info][gc          ] GC(350) Pause Young (Concurrent Start) (G1 Humongous Allocation) 325M->325M(512M) 0.889ms
[2026-03-25T21:45:22.064+0900][15.007s][info][gc,cpu      ] GC(350) User=0.00s Sys=0.00s Real=0.00s
[2026-03-25T21:45:22.064+0900][15.007s][info][gc          ] GC(351) Concurrent Mark Cycle
[2026-03-25T21:45:22.064+0900][15.007s][info][gc,marking  ] GC(351) Concurrent Clear Claimed Marks
[2026-03-25T21:45:22.065+0900][15.007s][info][gc,marking  ] GC(351) Concurrent Clear Claimed Marks 0.012ms
[2026-03-25T21:45:22.065+0900][15.007s][info][gc,marking  ] GC(351) Concurrent Scan Root Regions
[2026-03-25T21:45:22.065+0900][15.007s][info][gc,marking  ] GC(351) Concurrent Scan Root Regions 0.042ms
[2026-03-25T21:45:22.065+0900][15.007s][info][gc,marking  ] GC(351) Concurrent Mark
[2026-03-25T21:45:22.065+0900][15.007s][info][gc,marking  ] GC(351) Concurrent Mark From Roots
[2026-03-25T21:45:22.065+0900][15.007s][info][gc,task     ] GC(351) Using 2 workers of 2 for marking
[2026-03-25T21:45:22.066+0900][15.009s][info][gc,marking  ] GC(351) Concurrent Mark From Roots 1.753ms
[2026-03-25T21:45:22.066+0900][15.009s][info][gc,marking  ] GC(351) Concurrent Preclean
[2026-03-25T21:45:22.066+0900][15.009s][info][gc,marking  ] GC(351) Concurrent Preclean 0.037ms
[2026-03-25T21:45:22.066+0900][15.009s][info][gc,start    ] GC(351) Pause Remark
[2026-03-25T21:45:22.067+0900][15.009s][info][gc          ] GC(351) Pause Remark 326M->326M(512M) 0.320ms
[2026-03-25T21:45:22.067+0900][15.009s][info][gc,cpu      ] GC(351) User=0.00s Sys=0.00s Real=0.00s
[2026-03-25T21:45:22.067+0900][15.009s][info][gc,marking  ] GC(351) Concurrent Mark 2.276ms
[2026-03-25T21:45:22.067+0900][15.009s][info][gc,marking  ] GC(351) Concurrent Rebuild Remembered Sets
[2026-03-25T21:45:22.067+0900][15.010s][info][gc,marking  ] GC(351) Concurrent Rebuild Remembered Sets 0.624ms
[2026-03-25T21:45:22.068+0900][15.010s][info][gc,start    ] GC(351) Pause Cleanup
[2026-03-25T21:45:22.068+0900][15.010s][info][gc          ] GC(351) Pause Cleanup 326M->326M(512M) 0.101ms
[2026-03-25T21:45:22.068+0900][15.010s][info][gc,cpu      ] GC(351) User=0.00s Sys=0.00s Real=0.00s
[2026-03-25T21:45:22.068+0900][15.010s][info][gc,marking  ] GC(351) Concurrent Cleanup for Next Mark
[2026-03-25T21:45:22.068+0900][15.010s][info][gc,marking  ] GC(351) Concurrent Cleanup for Next Mark 0.424ms
[2026-03-25T21:45:22.068+0900][15.010s][info][gc          ] GC(351) Concurrent Mark Cycle 3.740ms
[2026-03-25T21:45:22.120+0900][15.062s][info][gc,start    ] GC(352) Pause Young (Concurrent Start) (G1 Humongous Allocation)
[2026-03-25T21:45:22.120+0900][15.062s][info][gc,task     ] GC(352) Using 8 workers of 8 for evacuation
[2026-03-25T21:45:22.120+0900][15.063s][info][gc,phases   ] GC(352)   Pre Evacuate Collection Set: 0.1ms
[2026-03-25T21:45:22.120+0900][15.063s][info][gc,phases   ] GC(352)   Merge Heap Roots: 0.1ms
[2026-03-25T21:45:22.120+0900][15.063s][info][gc,phases   ] GC(352)   Evacuate Collection Set: 0.2ms
[2026-03-25T21:45:22.120+0900][15.063s][info][gc,phases   ] GC(352)   Post Evacuate Collection Set: 0.1ms
[2026-03-25T21:45:22.120+0900][15.063s][info][gc,phases   ] GC(352)   Other: 0.2ms
[2026-03-25T21:45:22.120+0900][15.063s][info][gc,heap     ] GC(352) Eden regions: 1->0(130)
[2026-03-25T21:45:22.120+0900][15.063s][info][gc,heap     ] GC(352) Survivor regions: 1->1(17)
[2026-03-25T21:45:22.120+0900][15.063s][info][gc,heap     ] GC(352) Old regions: 1->1
[2026-03-25T21:45:22.120+0900][15.063s][info][gc,heap     ] GC(352) Archive regions: 2->2
[2026-03-25T21:45:22.120+0900][15.063s][info][gc,heap     ] GC(352) Humongous regions: 325->325
[2026-03-25T21:45:22.120+0900][15.063s][info][gc,metaspace] GC(352) Metaspace: 181K(384K)->181K(384K) NonClass: 173K(256K)->173K(256K) Class: 7K(128K)->7K(128K)
[2026-03-25T21:45:22.120+0900][15.063s][info][gc          ] GC(352) Pause Young (Concurrent Start) (G1 Humongous Allocation) 326M->326M(512M) 0.849ms
[2026-03-25T21:45:22.120+0900][15.063s][info][gc,cpu      ] GC(352) User=0.00s Sys=0.00s Real=0.00s
[2026-03-25T21:45:22.121+0900][15.063s][info][gc          ] GC(353) Concurrent Mark Cycle
[2026-03-25T21:45:22.121+0900][15.063s][info][gc,marking  ] GC(353) Concurrent Clear Claimed Marks
[2026-03-25T21:45:22.121+0900][15.063s][info][gc,marking  ] GC(353) Concurrent Clear Claimed Marks 0.012ms
[2026-03-25T21:45:22.121+0900][15.063s][info][gc,marking  ] GC(353) Concurrent Scan Root Regions
[2026-03-25T21:45:22.121+0900][15.063s][info][gc,marking  ] GC(353) Concurrent Scan Root Regions 0.035ms
[2026-03-25T21:45:22.121+0900][15.063s][info][gc,marking  ] GC(353) Concurrent Mark
[2026-03-25T21:45:22.121+0900][15.063s][info][gc,marking  ] GC(353) Concurrent Mark From Roots
[2026-03-25T21:45:22.121+0900][15.063s][info][gc,task     ] GC(353) Using 2 workers of 2 for marking
[2026-03-25T21:45:22.122+0900][15.065s][info][gc,marking  ] GC(353) Concurrent Mark From Roots 1.783ms
[2026-03-25T21:45:22.122+0900][15.065s][info][gc,marking  ] GC(353) Concurrent Preclean
[2026-03-25T21:45:22.122+0900][15.065s][info][gc,marking  ] GC(353) Concurrent Preclean 0.036ms
[2026-03-25T21:45:22.122+0900][15.065s][info][gc,start    ] GC(353) Pause Remark
[2026-03-25T21:45:22.123+0900][15.065s][info][gc          ] GC(353) Pause Remark 327M->327M(512M) 0.287ms
[2026-03-25T21:45:22.123+0900][15.065s][info][gc,cpu      ] GC(353) User=0.00s Sys=0.00s Real=0.00s
[2026-03-25T21:45:22.123+0900][15.065s][info][gc,marking  ] GC(353) Concurrent Mark 2.227ms
[2026-03-25T21:45:22.123+0900][15.065s][info][gc,marking  ] GC(353) Concurrent Rebuild Remembered Sets
[2026-03-25T21:45:22.123+0900][15.066s][info][gc,marking  ] GC(353) Concurrent Rebuild Remembered Sets 0.577ms
[2026-03-25T21:45:22.123+0900][15.066s][info][gc,start    ] GC(353) Pause Cleanup
[2026-03-25T21:45:22.124+0900][15.066s][info][gc          ] GC(353) Pause Cleanup 327M->327M(512M) 0.068ms
[2026-03-25T21:45:22.124+0900][15.066s][info][gc,cpu      ] GC(353) User=0.00s Sys=0.00s Real=0.00s
[2026-03-25T21:45:22.124+0900][15.066s][info][gc,marking  ] GC(353) Concurrent Cleanup for Next Mark
[2026-03-25T21:45:22.124+0900][15.066s][info][gc,marking  ] GC(353) Concurrent Cleanup for Next Mark 0.421ms
[2026-03-25T21:45:22.124+0900][15.066s][info][gc          ] GC(353) Concurrent Mark Cycle 3.561ms
[2026-03-25T21:45:22.176+0900][15.118s][info][gc,start    ] GC(354) Pause Young (Concurrent Start) (G1 Humongous Allocation)
[2026-03-25T21:45:22.176+0900][15.118s][info][gc,task     ] GC(354) Using 8 workers of 8 for evacuation
[2026-03-25T21:45:22.176+0900][15.119s][info][gc,phases   ] GC(354)   Pre Evacuate Collection Set: 0.1ms
[2026-03-25T21:45:22.176+0900][15.119s][info][gc,phases   ] GC(354)   Merge Heap Roots: 0.1ms
[2026-03-25T21:45:22.177+0900][15.119s][info][gc,phases   ] GC(354)   Evacuate Collection Set: 0.2ms
[2026-03-25T21:45:22.177+0900][15.119s][info][gc,phases   ] GC(354)   Post Evacuate Collection Set: 0.1ms
[2026-03-25T21:45:22.177+0900][15.119s][info][gc,phases   ] GC(354)   Other: 0.2ms
[2026-03-25T21:45:22.177+0900][15.119s][info][gc,heap     ] GC(354) Eden regions: 1->0(129)
[2026-03-25T21:45:22.177+0900][15.119s][info][gc,heap     ] GC(354) Survivor regions: 1->1(17)
[2026-03-25T21:45:22.177+0900][15.119s][info][gc,heap     ] GC(354) Old regions: 1->1
[2026-03-25T21:45:22.177+0900][15.119s][info][gc,heap     ] GC(354) Archive regions: 2->2
[2026-03-25T21:45:22.177+0900][15.119s][info][gc,heap     ] GC(354) Humongous regions: 326->326
[2026-03-25T21:45:22.177+0900][15.119s][info][gc,metaspace] GC(354) Metaspace: 181K(384K)->181K(384K) NonClass: 173K(256K)->173K(256K) Class: 7K(128K)->7K(128K)
[2026-03-25T21:45:22.177+0900][15.119s][info][gc          ] GC(354) Pause Young (Concurrent Start) (G1 Humongous Allocation) 327M->327M(512M) 0.887ms
[2026-03-25T21:45:22.177+0900][15.119s][info][gc,cpu      ] GC(354) User=0.00s Sys=0.00s Real=0.00s
[2026-03-25T21:45:22.177+0900][15.119s][info][gc          ] GC(355) Concurrent Mark Cycle
[2026-03-25T21:45:22.177+0900][15.119s][info][gc,marking  ] GC(355) Concurrent Clear Claimed Marks
[2026-03-25T21:45:22.177+0900][15.119s][info][gc,marking  ] GC(355) Concurrent Clear Claimed Marks 0.015ms
[2026-03-25T21:45:22.177+0900][15.119s][info][gc,marking  ] GC(355) Concurrent Scan Root Regions
[2026-03-25T21:45:22.177+0900][15.119s][info][gc,marking  ] GC(355) Concurrent Scan Root Regions 0.037ms
[2026-03-25T21:45:22.177+0900][15.119s][info][gc,marking  ] GC(355) Concurrent Mark
[2026-03-25T21:45:22.177+0900][15.119s][info][gc,marking  ] GC(355) Concurrent Mark From Roots
[2026-03-25T21:45:22.177+0900][15.119s][info][gc,task     ] GC(355) Using 2 workers of 2 for marking
[2026-03-25T21:45:22.179+0900][15.121s][info][gc,marking  ] GC(355) Concurrent Mark From Roots 1.869ms
[2026-03-25T21:45:22.179+0900][15.121s][info][gc,marking  ] GC(355) Concurrent Preclean
[2026-03-25T21:45:22.179+0900][15.121s][info][gc,marking  ] GC(355) Concurrent Preclean 0.036ms
[2026-03-25T21:45:22.179+0900][15.121s][info][gc,start    ] GC(355) Pause Remark
[2026-03-25T21:45:22.179+0900][15.121s][info][gc          ] GC(355) Pause Remark 328M->328M(512M) 0.296ms
[2026-03-25T21:45:22.179+0900][15.121s][info][gc,cpu      ] GC(355) User=0.00s Sys=0.00s Real=0.00s
[2026-03-25T21:45:22.179+0900][15.121s][info][gc,marking  ] GC(355) Concurrent Mark 2.329ms
[2026-03-25T21:45:22.179+0900][15.121s][info][gc,marking  ] GC(355) Concurrent Rebuild Remembered Sets
[2026-03-25T21:45:22.180+0900][15.122s][info][gc,marking  ] GC(355) Concurrent Rebuild Remembered Sets 0.572ms
[2026-03-25T21:45:22.180+0900][15.122s][info][gc,start    ] GC(355) Pause Cleanup
[2026-03-25T21:45:22.180+0900][15.122s][info][gc          ] GC(355) Pause Cleanup 328M->328M(512M) 0.067ms
[2026-03-25T21:45:22.180+0900][15.122s][info][gc,cpu      ] GC(355) User=0.00s Sys=0.00s Real=0.00s
[2026-03-25T21:45:22.180+0900][15.122s][info][gc,marking  ] GC(355) Concurrent Cleanup for Next Mark
[2026-03-25T21:45:22.180+0900][15.122s][info][gc,marking  ] GC(355) Concurrent Cleanup for Next Mark 0.393ms
[2026-03-25T21:45:22.180+0900][15.123s][info][gc          ] GC(355) Concurrent Mark Cycle 3.651ms
[2026-03-25T21:45:22.231+0900][15.173s][info][gc,start    ] GC(356) Pause Young (Concurrent Start) (G1 Humongous Allocation)
[2026-03-25T21:45:22.231+0900][15.173s][info][gc,task     ] GC(356) Using 8 workers of 8 for evacuation
[2026-03-25T21:45:22.232+0900][15.174s][info][gc,phases   ] GC(356)   Pre Evacuate Collection Set: 0.1ms
[2026-03-25T21:45:22.232+0900][15.174s][info][gc,phases   ] GC(356)   Merge Heap Roots: 0.1ms
[2026-03-25T21:45:22.232+0900][15.174s][info][gc,phases   ] GC(356)   Evacuate Collection Set: 0.2ms
[2026-03-25T21:45:22.232+0900][15.174s][info][gc,phases   ] GC(356)   Post Evacuate Collection Set: 0.1ms
[2026-03-25T21:45:22.232+0900][15.174s][info][gc,phases   ] GC(356)   Other: 0.2ms
[2026-03-25T21:45:22.232+0900][15.174s][info][gc,heap     ] GC(356) Eden regions: 1->0(128)
[2026-03-25T21:45:22.232+0900][15.174s][info][gc,heap     ] GC(356) Survivor regions: 1->1(17)
[2026-03-25T21:45:22.232+0900][15.174s][info][gc,heap     ] GC(356) Old regions: 1->1
[2026-03-25T21:45:22.232+0900][15.174s][info][gc,heap     ] GC(356) Archive regions: 2->2
[2026-03-25T21:45:22.232+0900][15.174s][info][gc,heap     ] GC(356) Humongous regions: 327->327
[2026-03-25T21:45:22.232+0900][15.174s][info][gc,metaspace] GC(356) Metaspace: 181K(384K)->181K(384K) NonClass: 173K(256K)->173K(256K) Class: 7K(128K)->7K(128K)
[2026-03-25T21:45:22.232+0900][15.174s][info][gc          ] GC(356) Pause Young (Concurrent Start) (G1 Humongous Allocation) 328M->328M(512M) 0.902ms
[2026-03-25T21:45:22.232+0900][15.174s][info][gc,cpu      ] GC(356) User=0.00s Sys=0.00s Real=0.00s
[2026-03-25T21:45:22.232+0900][15.174s][info][gc          ] GC(357) Concurrent Mark Cycle
[2026-03-25T21:45:22.232+0900][15.174s][info][gc,marking  ] GC(357) Concurrent Clear Claimed Marks
[2026-03-25T21:45:22.232+0900][15.174s][info][gc,marking  ] GC(357) Concurrent Clear Claimed Marks 0.012ms
[2026-03-25T21:45:22.232+0900][15.174s][info][gc,marking  ] GC(357) Concurrent Scan Root Regions
[2026-03-25T21:45:22.232+0900][15.174s][info][gc,marking  ] GC(357) Concurrent Scan Root Regions 0.038ms
[2026-03-25T21:45:22.232+0900][15.174s][info][gc,marking  ] GC(357) Concurrent Mark
[2026-03-25T21:45:22.232+0900][15.174s][info][gc,marking  ] GC(357) Concurrent Mark From Roots
[2026-03-25T21:45:22.232+0900][15.174s][info][gc,task     ] GC(357) Using 2 workers of 2 for marking
[2026-03-25T21:45:22.235+0900][15.177s][info][gc,marking  ] GC(357) Concurrent Mark From Roots 2.686ms
[2026-03-25T21:45:22.235+0900][15.177s][info][gc,marking  ] GC(357) Concurrent Preclean
[2026-03-25T21:45:22.235+0900][15.177s][info][gc,marking  ] GC(357) Concurrent Preclean 0.039ms
[2026-03-25T21:45:22.235+0900][15.177s][info][gc,start    ] GC(357) Pause Remark
[2026-03-25T21:45:22.236+0900][15.178s][info][gc          ] GC(357) Pause Remark 329M->329M(512M) 0.739ms
[2026-03-25T21:45:22.236+0900][15.178s][info][gc,cpu      ] GC(357) User=0.00s Sys=0.00s Real=0.00s
[2026-03-25T21:45:22.236+0900][15.178s][info][gc,marking  ] GC(357) Concurrent Mark 3.727ms
[2026-03-25T21:45:22.236+0900][15.178s][info][gc,marking  ] GC(357) Concurrent Rebuild Remembered Sets
[2026-03-25T21:45:22.237+0900][15.179s][info][gc,marking  ] GC(357) Concurrent Rebuild Remembered Sets 1.092ms
[2026-03-25T21:45:22.237+0900][15.179s][info][gc,start    ] GC(357) Pause Cleanup
[2026-03-25T21:45:22.237+0900][15.179s][info][gc          ] GC(357) Pause Cleanup 329M->329M(512M) 0.087ms
[2026-03-25T21:45:22.237+0900][15.179s][info][gc,cpu      ] GC(357) User=0.00s Sys=0.00s Real=0.00s
[2026-03-25T21:45:22.237+0900][15.179s][info][gc,marking  ] GC(357) Concurrent Cleanup for Next Mark
[2026-03-25T21:45:22.238+0900][15.180s][info][gc,marking  ] GC(357) Concurrent Cleanup for Next Mark 0.405ms
[2026-03-25T21:45:22.238+0900][15.180s][info][gc          ] GC(357) Concurrent Mark Cycle 5.675ms
[2026-03-25T21:45:22.287+0900][15.230s][info][gc,start    ] GC(358) Pause Young (Concurrent Start) (G1 Humongous Allocation)
[2026-03-25T21:45:22.287+0900][15.230s][info][gc,task     ] GC(358) Using 8 workers of 8 for evacuation
[2026-03-25T21:45:22.289+0900][15.231s][info][gc,phases   ] GC(358)   Pre Evacuate Collection Set: 0.2ms
[2026-03-25T21:45:22.289+0900][15.231s][info][gc,phases   ] GC(358)   Merge Heap Roots: 0.2ms
[2026-03-25T21:45:22.289+0900][15.231s][info][gc,phases   ] GC(358)   Evacuate Collection Set: 0.3ms
[2026-03-25T21:45:22.289+0900][15.231s][info][gc,phases   ] GC(358)   Post Evacuate Collection Set: 0.2ms
[2026-03-25T21:45:22.289+0900][15.231s][info][gc,phases   ] GC(358)   Other: 0.3ms
[2026-03-25T21:45:22.289+0900][15.231s][info][gc,heap     ] GC(358) Eden regions: 1->0(127)
[2026-03-25T21:45:22.289+0900][15.231s][info][gc,heap     ] GC(358) Survivor regions: 1->1(17)
[2026-03-25T21:45:22.289+0900][15.231s][info][gc,heap     ] GC(358) Old regions: 1->1
[2026-03-25T21:45:22.289+0900][15.231s][info][gc,heap     ] GC(358) Archive regions: 2->2
[2026-03-25T21:45:22.289+0900][15.231s][info][gc,heap     ] GC(358) Humongous regions: 328->328
[2026-03-25T21:45:22.289+0900][15.231s][info][gc,metaspace] GC(358) Metaspace: 181K(384K)->181K(384K) NonClass: 173K(256K)->173K(256K) Class: 7K(128K)->7K(128K)
[2026-03-25T21:45:22.289+0900][15.231s][info][gc          ] GC(358) Pause Young (Concurrent Start) (G1 Humongous Allocation) 329M->329M(512M) 1.496ms
[2026-03-25T21:45:22.289+0900][15.231s][info][gc,cpu      ] GC(358) User=0.00s Sys=0.01s Real=0.00s
[2026-03-25T21:45:22.289+0900][15.231s][info][gc          ] GC(359) Concurrent Mark Cycle
[2026-03-25T21:45:22.289+0900][15.231s][info][gc,marking  ] GC(359) Concurrent Clear Claimed Marks
[2026-03-25T21:45:22.289+0900][15.231s][info][gc,marking  ] GC(359) Concurrent Clear Claimed Marks 0.033ms
[2026-03-25T21:45:22.289+0900][15.231s][info][gc,marking  ] GC(359) Concurrent Scan Root Regions
[2026-03-25T21:45:22.289+0900][15.231s][info][gc,marking  ] GC(359) Concurrent Scan Root Regions 0.072ms
[2026-03-25T21:45:22.289+0900][15.231s][info][gc,marking  ] GC(359) Concurrent Mark
[2026-03-25T21:45:22.289+0900][15.231s][info][gc,marking  ] GC(359) Concurrent Mark From Roots
[2026-03-25T21:45:22.289+0900][15.231s][info][gc,task     ] GC(359) Using 2 workers of 2 for marking
[2026-03-25T21:45:22.292+0900][15.234s][info][gc,marking  ] GC(359) Concurrent Mark From Roots 2.732ms
[2026-03-25T21:45:22.292+0900][15.234s][info][gc,marking  ] GC(359) Concurrent Preclean
[2026-03-25T21:45:22.292+0900][15.234s][info][gc,marking  ] GC(359) Concurrent Preclean 0.049ms
[2026-03-25T21:45:22.292+0900][15.234s][info][gc,start    ] GC(359) Pause Remark
[2026-03-25T21:45:22.292+0900][15.235s][info][gc          ] GC(359) Pause Remark 330M->330M(512M) 0.409ms
[2026-03-25T21:45:22.292+0900][15.235s][info][gc,cpu      ] GC(359) User=0.00s Sys=0.00s Real=0.00s
[2026-03-25T21:45:22.293+0900][15.235s][info][gc,marking  ] GC(359) Concurrent Mark 3.369ms
[2026-03-25T21:45:22.293+0900][15.235s][info][gc,marking  ] GC(359) Concurrent Rebuild Remembered Sets
[2026-03-25T21:45:22.293+0900][15.236s][info][gc,marking  ] GC(359) Concurrent Rebuild Remembered Sets 0.763ms
[2026-03-25T21:45:22.293+0900][15.236s][info][gc,start    ] GC(359) Pause Cleanup
[2026-03-25T21:45:22.293+0900][15.236s][info][gc          ] GC(359) Pause Cleanup 330M->330M(512M) 0.099ms
[2026-03-25T21:45:22.294+0900][15.236s][info][gc,cpu      ] GC(359) User=0.00s Sys=0.00s Real=0.00s
[2026-03-25T21:45:22.294+0900][15.236s][info][gc,marking  ] GC(359) Concurrent Cleanup for Next Mark
[2026-03-25T21:45:22.294+0900][15.236s][info][gc,marking  ] GC(359) Concurrent Cleanup for Next Mark 0.565ms
[2026-03-25T21:45:22.294+0900][15.236s][info][gc          ] GC(359) Concurrent Mark Cycle 5.290ms
[2026-03-25T21:45:22.344+0900][15.286s][info][gc,start    ] GC(360) Pause Young (Concurrent Start) (G1 Humongous Allocation)
[2026-03-25T21:45:22.344+0900][15.287s][info][gc,task     ] GC(360) Using 8 workers of 8 for evacuation
[2026-03-25T21:45:22.345+0900][15.287s][info][gc,phases   ] GC(360)   Pre Evacuate Collection Set: 0.1ms
[2026-03-25T21:45:22.345+0900][15.287s][info][gc,phases   ] GC(360)   Merge Heap Roots: 0.1ms
[2026-03-25T21:45:22.345+0900][15.287s][info][gc,phases   ] GC(360)   Evacuate Collection Set: 0.2ms
[2026-03-25T21:45:22.345+0900][15.287s][info][gc,phases   ] GC(360)   Post Evacuate Collection Set: 0.1ms
[2026-03-25T21:45:22.345+0900][15.287s][info][gc,phases   ] GC(360)   Other: 0.2ms
[2026-03-25T21:45:22.345+0900][15.287s][info][gc,heap     ] GC(360) Eden regions: 1->0(126)
[2026-03-25T21:45:22.345+0900][15.287s][info][gc,heap     ] GC(360) Survivor regions: 1->1(16)
[2026-03-25T21:45:22.345+0900][15.287s][info][gc,heap     ] GC(360) Old regions: 1->1
[2026-03-25T21:45:22.345+0900][15.287s][info][gc,heap     ] GC(360) Archive regions: 2->2
[2026-03-25T21:45:22.345+0900][15.287s][info][gc,heap     ] GC(360) Humongous regions: 329->329
[2026-03-25T21:45:22.345+0900][15.287s][info][gc,metaspace] GC(360) Metaspace: 181K(384K)->181K(384K) NonClass: 173K(256K)->173K(256K) Class: 7K(128K)->7K(128K)
[2026-03-25T21:45:22.345+0900][15.287s][info][gc          ] GC(360) Pause Young (Concurrent Start) (G1 Humongous Allocation) 330M->330M(512M) 0.879ms
[2026-03-25T21:45:22.345+0900][15.287s][info][gc,cpu      ] GC(360) User=0.00s Sys=0.00s Real=0.00s
[2026-03-25T21:45:22.345+0900][15.287s][info][gc          ] GC(361) Concurrent Mark Cycle
[2026-03-25T21:45:22.345+0900][15.287s][info][gc,marking  ] GC(361) Concurrent Clear Claimed Marks
[2026-03-25T21:45:22.345+0900][15.287s][info][gc,marking  ] GC(361) Concurrent Clear Claimed Marks 0.016ms
[2026-03-25T21:45:22.345+0900][15.287s][info][gc,marking  ] GC(361) Concurrent Scan Root Regions
[2026-03-25T21:45:22.345+0900][15.287s][info][gc,marking  ] GC(361) Concurrent Scan Root Regions 0.039ms
[2026-03-25T21:45:22.345+0900][15.288s][info][gc,marking  ] GC(361) Concurrent Mark
[2026-03-25T21:45:22.345+0900][15.288s][info][gc,marking  ] GC(361) Concurrent Mark From Roots
[2026-03-25T21:45:22.345+0900][15.288s][info][gc,task     ] GC(361) Using 2 workers of 2 for marking
[2026-03-25T21:45:22.348+0900][15.291s][info][gc,marking  ] GC(361) Concurrent Mark From Roots 3.118ms
[2026-03-25T21:45:22.348+0900][15.291s][info][gc,marking  ] GC(361) Concurrent Preclean
[2026-03-25T21:45:22.349+0900][15.291s][info][gc,marking  ] GC(361) Concurrent Preclean 0.055ms
[2026-03-25T21:45:22.349+0900][15.291s][info][gc,start    ] GC(361) Pause Remark
[2026-03-25T21:45:22.349+0900][15.291s][info][gc          ] GC(361) Pause Remark 331M->331M(512M) 0.667ms
[2026-03-25T21:45:22.349+0900][15.291s][info][gc,cpu      ] GC(361) User=0.00s Sys=0.00s Real=0.00s
[2026-03-25T21:45:22.349+0900][15.292s][info][gc,marking  ] GC(361) Concurrent Mark 4.010ms
[2026-03-25T21:45:22.349+0900][15.292s][info][gc,marking  ] GC(361) Concurrent Rebuild Remembered Sets
[2026-03-25T21:45:22.350+0900][15.292s][info][gc,marking  ] GC(361) Concurrent Rebuild Remembered Sets 0.578ms
[2026-03-25T21:45:22.350+0900][15.292s][info][gc,start    ] GC(361) Pause Cleanup
[2026-03-25T21:45:22.350+0900][15.292s][info][gc          ] GC(361) Pause Cleanup 331M->331M(512M) 0.075ms
[2026-03-25T21:45:22.350+0900][15.292s][info][gc,cpu      ] GC(361) User=0.00s Sys=0.00s Real=0.00s
[2026-03-25T21:45:22.350+0900][15.292s][info][gc,marking  ] GC(361) Concurrent Cleanup for Next Mark
[2026-03-25T21:45:22.350+0900][15.293s][info][gc,marking  ] GC(361) Concurrent Cleanup for Next Mark 0.393ms
[2026-03-25T21:45:22.351+0900][15.293s][info][gc          ] GC(361) Concurrent Mark Cycle 5.355ms
[2026-03-25T21:45:22.400+0900][15.343s][info][gc,start    ] GC(362) Pause Young (Concurrent Start) (G1 Humongous Allocation)
[2026-03-25T21:45:22.401+0900][15.343s][info][gc,task     ] GC(362) Using 8 workers of 8 for evacuation
[2026-03-25T21:45:22.401+0900][15.343s][info][gc,phases   ] GC(362)   Pre Evacuate Collection Set: 0.1ms
[2026-03-25T21:45:22.401+0900][15.343s][info][gc,phases   ] GC(362)   Merge Heap Roots: 0.1ms
[2026-03-25T21:45:22.401+0900][15.343s][info][gc,phases   ] GC(362)   Evacuate Collection Set: 0.2ms
[2026-03-25T21:45:22.401+0900][15.344s][info][gc,phases   ] GC(362)   Post Evacuate Collection Set: 0.1ms
[2026-03-25T21:45:22.401+0900][15.344s][info][gc,phases   ] GC(362)   Other: 0.3ms
[2026-03-25T21:45:22.401+0900][15.344s][info][gc,heap     ] GC(362) Eden regions: 1->0(125)
[2026-03-25T21:45:22.401+0900][15.344s][info][gc,heap     ] GC(362) Survivor regions: 1->1(16)
[2026-03-25T21:45:22.401+0900][15.344s][info][gc,heap     ] GC(362) Old regions: 1->1
[2026-03-25T21:45:22.401+0900][15.344s][info][gc,heap     ] GC(362) Archive regions: 2->2
[2026-03-25T21:45:22.401+0900][15.344s][info][gc,heap     ] GC(362) Humongous regions: 330->330
[2026-03-25T21:45:22.401+0900][15.344s][info][gc,metaspace] GC(362) Metaspace: 181K(384K)->181K(384K) NonClass: 173K(256K)->173K(256K) Class: 7K(128K)->7K(128K)
[2026-03-25T21:45:22.401+0900][15.344s][info][gc          ] GC(362) Pause Young (Concurrent Start) (G1 Humongous Allocation) 331M->331M(512M) 0.978ms
[2026-03-25T21:45:22.401+0900][15.344s][info][gc,cpu      ] GC(362) User=0.00s Sys=0.00s Real=0.00s
[2026-03-25T21:45:22.401+0900][15.344s][info][gc          ] GC(363) Concurrent Mark Cycle
[2026-03-25T21:45:22.401+0900][15.344s][info][gc,marking  ] GC(363) Concurrent Clear Claimed Marks
[2026-03-25T21:45:22.402+0900][15.344s][info][gc,marking  ] GC(363) Concurrent Clear Claimed Marks 0.015ms
[2026-03-25T21:45:22.402+0900][15.344s][info][gc,marking  ] GC(363) Concurrent Scan Root Regions
[2026-03-25T21:45:22.402+0900][15.344s][info][gc,marking  ] GC(363) Concurrent Scan Root Regions 0.043ms
[2026-03-25T21:45:22.402+0900][15.344s][info][gc,marking  ] GC(363) Concurrent Mark
[2026-03-25T21:45:22.402+0900][15.344s][info][gc,marking  ] GC(363) Concurrent Mark From Roots
[2026-03-25T21:45:22.402+0900][15.344s][info][gc,task     ] GC(363) Using 2 workers of 2 for marking
[2026-03-25T21:45:22.404+0900][15.347s][info][gc,marking  ] GC(363) Concurrent Mark From Roots 2.776ms
[2026-03-25T21:45:22.405+0900][15.347s][info][gc,marking  ] GC(363) Concurrent Preclean
[2026-03-25T21:45:22.405+0900][15.347s][info][gc,marking  ] GC(363) Concurrent Preclean 0.041ms
[2026-03-25T21:45:22.405+0900][15.347s][info][gc,start    ] GC(363) Pause Remark
[2026-03-25T21:45:22.406+0900][15.348s][info][gc          ] GC(363) Pause Remark 332M->332M(512M) 0.859ms
[2026-03-25T21:45:22.406+0900][15.348s][info][gc,cpu      ] GC(363) User=0.01s Sys=0.00s Real=0.00s
[2026-03-25T21:45:22.406+0900][15.348s][info][gc,marking  ] GC(363) Concurrent Mark 4.223ms
[2026-03-25T21:45:22.406+0900][15.348s][info][gc,marking  ] GC(363) Concurrent Rebuild Remembered Sets
[2026-03-25T21:45:22.407+0900][15.349s][info][gc,marking  ] GC(363) Concurrent Rebuild Remembered Sets 0.746ms
[2026-03-25T21:45:22.407+0900][15.349s][info][gc,start    ] GC(363) Pause Cleanup
[2026-03-25T21:45:22.407+0900][15.349s][info][gc          ] GC(363) Pause Cleanup 332M->332M(512M) 0.072ms
[2026-03-25T21:45:22.407+0900][15.349s][info][gc,cpu      ] GC(363) User=0.00s Sys=0.00s Real=0.00s
[2026-03-25T21:45:22.407+0900][15.349s][info][gc,marking  ] GC(363) Concurrent Cleanup for Next Mark
[2026-03-25T21:45:22.407+0900][15.349s][info][gc,marking  ] GC(363) Concurrent Cleanup for Next Mark 0.351ms
[2026-03-25T21:45:22.407+0900][15.349s][info][gc          ] GC(363) Concurrent Mark Cycle 5.714ms
[2026-03-25T21:45:22.457+0900][15.399s][info][gc,start    ] GC(364) Pause Young (Concurrent Start) (G1 Humongous Allocation)
[2026-03-25T21:45:22.457+0900][15.399s][info][gc,task     ] GC(364) Using 8 workers of 8 for evacuation
[2026-03-25T21:45:22.458+0900][15.400s][info][gc,phases   ] GC(364)   Pre Evacuate Collection Set: 0.2ms
[2026-03-25T21:45:22.458+0900][15.400s][info][gc,phases   ] GC(364)   Merge Heap Roots: 0.2ms
[2026-03-25T21:45:22.458+0900][15.400s][info][gc,phases   ] GC(364)   Evacuate Collection Set: 0.3ms
[2026-03-25T21:45:22.458+0900][15.400s][info][gc,phases   ] GC(364)   Post Evacuate Collection Set: 0.2ms
[2026-03-25T21:45:22.458+0900][15.400s][info][gc,phases   ] GC(364)   Other: 0.3ms
[2026-03-25T21:45:22.458+0900][15.400s][info][gc,heap     ] GC(364) Eden regions: 1->0(124)
[2026-03-25T21:45:22.458+0900][15.400s][info][gc,heap     ] GC(364) Survivor regions: 1->1(16)
[2026-03-25T21:45:22.458+0900][15.400s][info][gc,heap     ] GC(364) Old regions: 1->1
[2026-03-25T21:45:22.458+0900][15.400s][info][gc,heap     ] GC(364) Archive regions: 2->2
[2026-03-25T21:45:22.458+0900][15.400s][info][gc,heap     ] GC(364) Humongous regions: 331->331
[2026-03-25T21:45:22.458+0900][15.400s][info][gc,metaspace] GC(364) Metaspace: 181K(384K)->181K(384K) NonClass: 173K(256K)->173K(256K) Class: 7K(128K)->7K(128K)
[2026-03-25T21:45:22.458+0900][15.401s][info][gc          ] GC(364) Pause Young (Concurrent Start) (G1 Humongous Allocation) 332M->332M(512M) 1.508ms
[2026-03-25T21:45:22.458+0900][15.401s][info][gc,cpu      ] GC(364) User=0.00s Sys=0.00s Real=0.00s
[2026-03-25T21:45:22.458+0900][15.401s][info][gc          ] GC(365) Concurrent Mark Cycle
[2026-03-25T21:45:22.458+0900][15.401s][info][gc,marking  ] GC(365) Concurrent Clear Claimed Marks
[2026-03-25T21:45:22.459+0900][15.401s][info][gc,marking  ] GC(365) Concurrent Clear Claimed Marks 0.035ms
[2026-03-25T21:45:22.459+0900][15.401s][info][gc,marking  ] GC(365) Concurrent Scan Root Regions
[2026-03-25T21:45:22.459+0900][15.401s][info][gc,marking  ] GC(365) Concurrent Scan Root Regions 0.112ms
[2026-03-25T21:45:22.459+0900][15.401s][info][gc,marking  ] GC(365) Concurrent Mark
[2026-03-25T21:45:22.459+0900][15.401s][info][gc,marking  ] GC(365) Concurrent Mark From Roots
[2026-03-25T21:45:22.459+0900][15.401s][info][gc,task     ] GC(365) Using 2 workers of 2 for marking
[2026-03-25T21:45:22.461+0900][15.404s][info][gc,marking  ] GC(365) Concurrent Mark From Roots 2.603ms
[2026-03-25T21:45:22.461+0900][15.404s][info][gc,marking  ] GC(365) Concurrent Preclean
[2026-03-25T21:45:22.461+0900][15.404s][info][gc,marking  ] GC(365) Concurrent Preclean 0.040ms
[2026-03-25T21:45:22.462+0900][15.404s][info][gc,start    ] GC(365) Pause Remark
[2026-03-25T21:45:22.462+0900][15.404s][info][gc          ] GC(365) Pause Remark 333M->333M(512M) 0.353ms
[2026-03-25T21:45:22.462+0900][15.404s][info][gc,cpu      ] GC(365) User=0.00s Sys=0.00s Real=0.00s
[2026-03-25T21:45:22.462+0900][15.404s][info][gc,marking  ] GC(365) Concurrent Mark 3.253ms
[2026-03-25T21:45:22.462+0900][15.404s][info][gc,marking  ] GC(365) Concurrent Rebuild Remembered Sets
[2026-03-25T21:45:22.463+0900][15.405s][info][gc,marking  ] GC(365) Concurrent Rebuild Remembered Sets 0.620ms
[2026-03-25T21:45:22.463+0900][15.405s][info][gc,start    ] GC(365) Pause Cleanup
[2026-03-25T21:45:22.463+0900][15.405s][info][gc          ] GC(365) Pause Cleanup 333M->333M(512M) 0.075ms
[2026-03-25T21:45:22.463+0900][15.405s][info][gc,cpu      ] GC(365) User=0.00s Sys=0.00s Real=0.00s
[2026-03-25T21:45:22.463+0900][15.405s][info][gc,marking  ] GC(365) Concurrent Cleanup for Next Mark
[2026-03-25T21:45:22.463+0900][15.405s][info][gc,marking  ] GC(365) Concurrent Cleanup for Next Mark 0.355ms
[2026-03-25T21:45:22.463+0900][15.405s][info][gc          ] GC(365) Concurrent Mark Cycle 4.806ms
[2026-03-25T21:45:22.513+0900][15.456s][info][gc,start    ] GC(366) Pause Young (Concurrent Start) (G1 Humongous Allocation)
[2026-03-25T21:45:22.513+0900][15.456s][info][gc,task     ] GC(366) Using 8 workers of 8 for evacuation
[2026-03-25T21:45:22.514+0900][15.456s][info][gc,phases   ] GC(366)   Pre Evacuate Collection Set: 0.1ms
[2026-03-25T21:45:22.514+0900][15.456s][info][gc,phases   ] GC(366)   Merge Heap Roots: 0.1ms
[2026-03-25T21:45:22.514+0900][15.456s][info][gc,phases   ] GC(366)   Evacuate Collection Set: 0.2ms
[2026-03-25T21:45:22.514+0900][15.456s][info][gc,phases   ] GC(366)   Post Evacuate Collection Set: 0.1ms
[2026-03-25T21:45:22.514+0900][15.456s][info][gc,phases   ] GC(366)   Other: 0.2ms
[2026-03-25T21:45:22.514+0900][15.456s][info][gc,heap     ] GC(366) Eden regions: 1->0(123)
[2026-03-25T21:45:22.514+0900][15.456s][info][gc,heap     ] GC(366) Survivor regions: 1->1(16)
[2026-03-25T21:45:22.514+0900][15.456s][info][gc,heap     ] GC(366) Old regions: 1->1
[2026-03-25T21:45:22.514+0900][15.456s][info][gc,heap     ] GC(366) Archive regions: 2->2
[2026-03-25T21:45:22.514+0900][15.456s][info][gc,heap     ] GC(366) Humongous regions: 332->332
[2026-03-25T21:45:22.514+0900][15.456s][info][gc,metaspace] GC(366) Metaspace: 181K(384K)->181K(384K) NonClass: 173K(256K)->173K(256K) Class: 7K(128K)->7K(128K)
[2026-03-25T21:45:22.514+0900][15.456s][info][gc          ] GC(366) Pause Young (Concurrent Start) (G1 Humongous Allocation) 333M->333M(512M) 0.898ms
[2026-03-25T21:45:22.514+0900][15.457s][info][gc,cpu      ] GC(366) User=0.01s Sys=0.00s Real=0.00s
[2026-03-25T21:45:22.514+0900][15.457s][info][gc          ] GC(367) Concurrent Mark Cycle
[2026-03-25T21:45:22.514+0900][15.457s][info][gc,marking  ] GC(367) Concurrent Clear Claimed Marks
[2026-03-25T21:45:22.514+0900][15.457s][info][gc,marking  ] GC(367) Concurrent Clear Claimed Marks 0.014ms
[2026-03-25T21:45:22.514+0900][15.457s][info][gc,marking  ] GC(367) Concurrent Scan Root Regions
[2026-03-25T21:45:22.514+0900][15.457s][info][gc,marking  ] GC(367) Concurrent Scan Root Regions 0.040ms
[2026-03-25T21:45:22.514+0900][15.457s][info][gc,marking  ] GC(367) Concurrent Mark
[2026-03-25T21:45:22.514+0900][15.457s][info][gc,marking  ] GC(367) Concurrent Mark From Roots
[2026-03-25T21:45:22.514+0900][15.457s][info][gc,task     ] GC(367) Using 2 workers of 2 for marking
[2026-03-25T21:45:22.517+0900][15.459s][info][gc,marking  ] GC(367) Concurrent Mark From Roots 2.178ms
[2026-03-25T21:45:22.517+0900][15.459s][info][gc,marking  ] GC(367) Concurrent Preclean
[2026-03-25T21:45:22.517+0900][15.459s][info][gc,marking  ] GC(367) Concurrent Preclean 0.056ms
[2026-03-25T21:45:22.517+0900][15.459s][info][gc,start    ] GC(367) Pause Remark
[2026-03-25T21:45:22.517+0900][15.460s][info][gc          ] GC(367) Pause Remark 334M->334M(512M) 0.461ms
[2026-03-25T21:45:22.517+0900][15.460s][info][gc,cpu      ] GC(367) User=0.00s Sys=0.00s Real=0.00s
[2026-03-25T21:45:22.517+0900][15.460s][info][gc,marking  ] GC(367) Concurrent Mark 2.965ms
[2026-03-25T21:45:22.517+0900][15.460s][info][gc,marking  ] GC(367) Concurrent Rebuild Remembered Sets
[2026-03-25T21:45:22.518+0900][15.460s][info][gc,marking  ] GC(367) Concurrent Rebuild Remembered Sets 0.784ms
[2026-03-25T21:45:22.518+0900][15.461s][info][gc,start    ] GC(367) Pause Cleanup
[2026-03-25T21:45:22.518+0900][15.461s][info][gc          ] GC(367) Pause Cleanup 334M->334M(512M) 0.106ms
[2026-03-25T21:45:22.518+0900][15.461s][info][gc,cpu      ] GC(367) User=0.00s Sys=0.00s Real=0.00s
[2026-03-25T21:45:22.519+0900][15.461s][info][gc,marking  ] GC(367) Concurrent Cleanup for Next Mark
[2026-03-25T21:45:22.519+0900][15.462s][info][gc,marking  ] GC(367) Concurrent Cleanup for Next Mark 0.787ms
[2026-03-25T21:45:22.519+0900][15.462s][info][gc          ] GC(367) Concurrent Mark Cycle 5.108ms
[2026-03-25T21:45:22.565+0900][15.508s][info][gc,start    ] GC(368) Pause Young (Concurrent Start) (G1 Humongous Allocation)
[2026-03-25T21:45:22.566+0900][15.508s][info][gc,task     ] GC(368) Using 8 workers of 8 for evacuation
[2026-03-25T21:45:22.568+0900][15.510s][info][gc,phases   ] GC(368)   Pre Evacuate Collection Set: 0.4ms
[2026-03-25T21:45:22.568+0900][15.510s][info][gc,phases   ] GC(368)   Merge Heap Roots: 0.3ms
[2026-03-25T21:45:22.568+0900][15.510s][info][gc,phases   ] GC(368)   Evacuate Collection Set: 0.4ms
[2026-03-25T21:45:22.568+0900][15.510s][info][gc,phases   ] GC(368)   Post Evacuate Collection Set: 0.3ms
[2026-03-25T21:45:22.568+0900][15.510s][info][gc,phases   ] GC(368)   Other: 0.8ms
[2026-03-25T21:45:22.568+0900][15.511s][info][gc,heap     ] GC(368) Eden regions: 1->0(122)
[2026-03-25T21:45:22.568+0900][15.511s][info][gc,heap     ] GC(368) Survivor regions: 1->1(16)
[2026-03-25T21:45:22.568+0900][15.511s][info][gc,heap     ] GC(368) Old regions: 1->1
[2026-03-25T21:45:22.568+0900][15.511s][info][gc,heap     ] GC(368) Archive regions: 2->2
[2026-03-25T21:45:22.568+0900][15.511s][info][gc,heap     ] GC(368) Humongous regions: 333->333
[2026-03-25T21:45:22.568+0900][15.511s][info][gc,metaspace] GC(368) Metaspace: 181K(384K)->181K(384K) NonClass: 173K(256K)->173K(256K) Class: 7K(128K)->7K(128K)
[2026-03-25T21:45:22.569+0900][15.511s][info][gc          ] GC(368) Pause Young (Concurrent Start) (G1 Humongous Allocation) 334M->334M(512M) 3.049ms
[2026-03-25T21:45:22.569+0900][15.511s][info][gc,cpu      ] GC(368) User=0.00s Sys=0.00s Real=0.00s
[2026-03-25T21:45:22.569+0900][15.511s][info][gc          ] GC(369) Concurrent Mark Cycle
[2026-03-25T21:45:22.569+0900][15.511s][info][gc,marking  ] GC(369) Concurrent Clear Claimed Marks
[2026-03-25T21:45:22.569+0900][15.511s][info][gc,marking  ] GC(369) Concurrent Clear Claimed Marks 0.019ms
[2026-03-25T21:45:22.569+0900][15.511s][info][gc,marking  ] GC(369) Concurrent Scan Root Regions
[2026-03-25T21:45:22.569+0900][15.511s][info][gc,marking  ] GC(369) Concurrent Scan Root Regions 0.051ms
[2026-03-25T21:45:22.569+0900][15.511s][info][gc,marking  ] GC(369) Concurrent Mark
[2026-03-25T21:45:22.569+0900][15.511s][info][gc,marking  ] GC(369) Concurrent Mark From Roots
[2026-03-25T21:45:22.569+0900][15.511s][info][gc,task     ] GC(369) Using 2 workers of 2 for marking
[2026-03-25T21:45:22.571+0900][15.513s][info][gc,marking  ] GC(369) Concurrent Mark From Roots 1.961ms
[2026-03-25T21:45:22.571+0900][15.513s][info][gc,marking  ] GC(369) Concurrent Preclean
[2026-03-25T21:45:22.571+0900][15.513s][info][gc,marking  ] GC(369) Concurrent Preclean 0.032ms
[2026-03-25T21:45:22.571+0900][15.513s][info][gc,start    ] GC(369) Pause Remark
[2026-03-25T21:45:22.571+0900][15.513s][info][gc          ] GC(369) Pause Remark 337M->337M(512M) 0.423ms
[2026-03-25T21:45:22.571+0900][15.513s][info][gc,cpu      ] GC(369) User=0.00s Sys=0.00s Real=0.00s
[2026-03-25T21:45:22.571+0900][15.514s][info][gc,marking  ] GC(369) Concurrent Mark 2.580ms
[2026-03-25T21:45:22.571+0900][15.514s][info][gc,marking  ] GC(369) Concurrent Rebuild Remembered Sets
[2026-03-25T21:45:22.572+0900][15.514s][info][gc,marking  ] GC(369) Concurrent Rebuild Remembered Sets 0.687ms
[2026-03-25T21:45:22.572+0900][15.514s][info][gc,start    ] GC(369) Pause Cleanup
[2026-03-25T21:45:22.572+0900][15.514s][info][gc          ] GC(369) Pause Cleanup 337M->337M(512M) 0.137ms
[2026-03-25T21:45:22.572+0900][15.514s][info][gc,cpu      ] GC(369) User=0.00s Sys=0.00s Real=0.00s
[2026-03-25T21:45:22.572+0900][15.514s][info][gc,marking  ] GC(369) Concurrent Cleanup for Next Mark
[2026-03-25T21:45:22.573+0900][15.515s][info][gc,marking  ] GC(369) Concurrent Cleanup for Next Mark 0.592ms
[2026-03-25T21:45:22.573+0900][15.515s][info][gc          ] GC(369) Concurrent Mark Cycle 4.311ms
[2026-03-25T21:45:22.624+0900][15.566s][info][gc,start    ] GC(370) Pause Young (Concurrent Start) (G1 Humongous Allocation)
[2026-03-25T21:45:22.624+0900][15.566s][info][gc,task     ] GC(370) Using 8 workers of 8 for evacuation
[2026-03-25T21:45:22.625+0900][15.567s][info][gc,phases   ] GC(370)   Pre Evacuate Collection Set: 0.1ms
[2026-03-25T21:45:22.625+0900][15.567s][info][gc,phases   ] GC(370)   Merge Heap Roots: 0.1ms
[2026-03-25T21:45:22.625+0900][15.567s][info][gc,phases   ] GC(370)   Evacuate Collection Set: 0.2ms
[2026-03-25T21:45:22.625+0900][15.567s][info][gc,phases   ] GC(370)   Post Evacuate Collection Set: 0.1ms
[2026-03-25T21:45:22.625+0900][15.567s][info][gc,phases   ] GC(370)   Other: 0.2ms
[2026-03-25T21:45:22.625+0900][15.567s][info][gc,heap     ] GC(370) Eden regions: 1->0(119)
[2026-03-25T21:45:22.625+0900][15.567s][info][gc,heap     ] GC(370) Survivor regions: 1->1(16)
[2026-03-25T21:45:22.625+0900][15.567s][info][gc,heap     ] GC(370) Old regions: 1->1
[2026-03-25T21:45:22.625+0900][15.567s][info][gc,heap     ] GC(370) Archive regions: 2->2
[2026-03-25T21:45:22.625+0900][15.567s][info][gc,heap     ] GC(370) Humongous regions: 336->336
[2026-03-25T21:45:22.625+0900][15.567s][info][gc,metaspace] GC(370) Metaspace: 181K(384K)->181K(384K) NonClass: 173K(256K)->173K(256K) Class: 7K(128K)->7K(128K)
[2026-03-25T21:45:22.625+0900][15.567s][info][gc          ] GC(370) Pause Young (Concurrent Start) (G1 Humongous Allocation) 337M->337M(512M) 0.882ms
[2026-03-25T21:45:22.625+0900][15.567s][info][gc,cpu      ] GC(370) User=0.00s Sys=0.00s Real=0.00s
[2026-03-25T21:45:22.625+0900][15.567s][info][gc          ] GC(371) Concurrent Mark Cycle
[2026-03-25T21:45:22.625+0900][15.567s][info][gc,marking  ] GC(371) Concurrent Clear Claimed Marks
[2026-03-25T21:45:22.625+0900][15.567s][info][gc,marking  ] GC(371) Concurrent Clear Claimed Marks 0.014ms
[2026-03-25T21:45:22.625+0900][15.567s][info][gc,marking  ] GC(371) Concurrent Scan Root Regions
[2026-03-25T21:45:22.625+0900][15.567s][info][gc,marking  ] GC(371) Concurrent Scan Root Regions 0.042ms
[2026-03-25T21:45:22.625+0900][15.567s][info][gc,marking  ] GC(371) Concurrent Mark
[2026-03-25T21:45:22.625+0900][15.567s][info][gc,marking  ] GC(371) Concurrent Mark From Roots
[2026-03-25T21:45:22.625+0900][15.567s][info][gc,task     ] GC(371) Using 2 workers of 2 for marking
[2026-03-25T21:45:22.627+0900][15.569s][info][gc,marking  ] GC(371) Concurrent Mark From Roots 1.828ms
[2026-03-25T21:45:22.627+0900][15.569s][info][gc,marking  ] GC(371) Concurrent Preclean
[2026-03-25T21:45:22.627+0900][15.569s][info][gc,marking  ] GC(371) Concurrent Preclean 0.039ms
[2026-03-25T21:45:22.627+0900][15.569s][info][gc,start    ] GC(371) Pause Remark
[2026-03-25T21:45:22.628+0900][15.570s][info][gc          ] GC(371) Pause Remark 338M->338M(512M) 0.385ms
[2026-03-25T21:45:22.628+0900][15.570s][info][gc,cpu      ] GC(371) User=0.00s Sys=0.00s Real=0.00s
[2026-03-25T21:45:22.628+0900][15.570s][info][gc,marking  ] GC(371) Concurrent Mark 2.446ms
[2026-03-25T21:45:22.628+0900][15.570s][info][gc,marking  ] GC(371) Concurrent Rebuild Remembered Sets
[2026-03-25T21:45:22.628+0900][15.570s][info][gc,marking  ] GC(371) Concurrent Rebuild Remembered Sets 0.700ms
[2026-03-25T21:45:22.628+0900][15.571s][info][gc,start    ] GC(371) Pause Cleanup
[2026-03-25T21:45:22.629+0900][15.571s][info][gc          ] GC(371) Pause Cleanup 338M->338M(512M) 0.180ms
[2026-03-25T21:45:22.629+0900][15.571s][info][gc,cpu      ] GC(371) User=0.00s Sys=0.00s Real=0.00s
[2026-03-25T21:45:22.629+0900][15.571s][info][gc,marking  ] GC(371) Concurrent Cleanup for Next Mark
[2026-03-25T21:45:22.629+0900][15.571s][info][gc,marking  ] GC(371) Concurrent Cleanup for Next Mark 0.348ms
[2026-03-25T21:45:22.629+0900][15.571s][info][gc          ] GC(371) Concurrent Mark Cycle 4.112ms
[2026-03-25T21:45:22.676+0900][15.619s][info][gc,start    ] GC(372) Pause Young (Concurrent Start) (G1 Humongous Allocation)
[2026-03-25T21:45:22.677+0900][15.619s][info][gc,task     ] GC(372) Using 8 workers of 8 for evacuation
[2026-03-25T21:45:22.677+0900][15.620s][info][gc,phases   ] GC(372)   Pre Evacuate Collection Set: 0.1ms
[2026-03-25T21:45:22.677+0900][15.620s][info][gc,phases   ] GC(372)   Merge Heap Roots: 0.1ms
[2026-03-25T21:45:22.677+0900][15.620s][info][gc,phases   ] GC(372)   Evacuate Collection Set: 0.2ms
[2026-03-25T21:45:22.677+0900][15.620s][info][gc,phases   ] GC(372)   Post Evacuate Collection Set: 0.2ms
[2026-03-25T21:45:22.678+0900][15.620s][info][gc,phases   ] GC(372)   Other: 0.2ms
[2026-03-25T21:45:22.678+0900][15.620s][info][gc,heap     ] GC(372) Eden regions: 1->0(118)
[2026-03-25T21:45:22.678+0900][15.620s][info][gc,heap     ] GC(372) Survivor regions: 1->1(15)
[2026-03-25T21:45:22.678+0900][15.620s][info][gc,heap     ] GC(372) Old regions: 1->1
[2026-03-25T21:45:22.678+0900][15.620s][info][gc,heap     ] GC(372) Archive regions: 2->2
[2026-03-25T21:45:22.678+0900][15.620s][info][gc,heap     ] GC(372) Humongous regions: 337->337
[2026-03-25T21:45:22.678+0900][15.620s][info][gc,metaspace] GC(372) Metaspace: 181K(384K)->181K(384K) NonClass: 173K(256K)->173K(256K) Class: 7K(128K)->7K(128K)
[2026-03-25T21:45:22.678+0900][15.620s][info][gc          ] GC(372) Pause Young (Concurrent Start) (G1 Humongous Allocation) 338M->338M(512M) 1.208ms
[2026-03-25T21:45:22.678+0900][15.620s][info][gc,cpu      ] GC(372) User=0.00s Sys=0.00s Real=0.00s
[2026-03-25T21:45:22.678+0900][15.620s][info][gc          ] GC(373) Concurrent Mark Cycle
[2026-03-25T21:45:22.678+0900][15.620s][info][gc,marking  ] GC(373) Concurrent Clear Claimed Marks
[2026-03-25T21:45:22.678+0900][15.620s][info][gc,marking  ] GC(373) Concurrent Clear Claimed Marks 0.027ms
[2026-03-25T21:45:22.678+0900][15.620s][info][gc,marking  ] GC(373) Concurrent Scan Root Regions
[2026-03-25T21:45:22.678+0900][15.620s][info][gc,marking  ] GC(373) Concurrent Scan Root Regions 0.059ms
[2026-03-25T21:45:22.678+0900][15.620s][info][gc,marking  ] GC(373) Concurrent Mark
[2026-03-25T21:45:22.678+0900][15.620s][info][gc,marking  ] GC(373) Concurrent Mark From Roots
[2026-03-25T21:45:22.678+0900][15.620s][info][gc,task     ] GC(373) Using 2 workers of 2 for marking
[2026-03-25T21:45:22.680+0900][15.623s][info][gc,marking  ] GC(373) Concurrent Mark From Roots 2.321ms
[2026-03-25T21:45:22.680+0900][15.623s][info][gc,marking  ] GC(373) Concurrent Preclean
[2026-03-25T21:45:22.680+0900][15.623s][info][gc,marking  ] GC(373) Concurrent Preclean 0.047ms
[2026-03-25T21:45:22.680+0900][15.623s][info][gc,start    ] GC(373) Pause Remark
[2026-03-25T21:45:22.681+0900][15.623s][info][gc          ] GC(373) Pause Remark 339M->339M(512M) 0.349ms
[2026-03-25T21:45:22.681+0900][15.623s][info][gc,cpu      ] GC(373) User=0.00s Sys=0.00s Real=0.00s
[2026-03-25T21:45:22.681+0900][15.623s][info][gc,marking  ] GC(373) Concurrent Mark 2.938ms
[2026-03-25T21:45:22.681+0900][15.623s][info][gc,marking  ] GC(373) Concurrent Rebuild Remembered Sets
[2026-03-25T21:45:22.682+0900][15.624s][info][gc,marking  ] GC(373) Concurrent Rebuild Remembered Sets 0.712ms
[2026-03-25T21:45:22.682+0900][15.624s][info][gc,start    ] GC(373) Pause Cleanup
[2026-03-25T21:45:22.682+0900][15.624s][info][gc          ] GC(373) Pause Cleanup 339M->339M(512M) 0.088ms
[2026-03-25T21:45:22.682+0900][15.624s][info][gc,cpu      ] GC(373) User=0.00s Sys=0.00s Real=0.00s
[2026-03-25T21:45:22.682+0900][15.624s][info][gc,marking  ] GC(373) Concurrent Cleanup for Next Mark
[2026-03-25T21:45:22.682+0900][15.624s][info][gc,marking  ] GC(373) Concurrent Cleanup for Next Mark 0.398ms
[2026-03-25T21:45:22.682+0900][15.625s][info][gc          ] GC(373) Concurrent Mark Cycle 4.562ms
[2026-03-25T21:45:22.730+0900][15.672s][info][gc,start    ] GC(374) Pause Young (Concurrent Start) (G1 Humongous Allocation)
[2026-03-25T21:45:22.730+0900][15.672s][info][gc,task     ] GC(374) Using 8 workers of 8 for evacuation
[2026-03-25T21:45:22.730+0900][15.673s][info][gc,phases   ] GC(374)   Pre Evacuate Collection Set: 0.1ms
[2026-03-25T21:45:22.730+0900][15.673s][info][gc,phases   ] GC(374)   Merge Heap Roots: 0.1ms
[2026-03-25T21:45:22.731+0900][15.673s][info][gc,phases   ] GC(374)   Evacuate Collection Set: 0.2ms
[2026-03-25T21:45:22.731+0900][15.673s][info][gc,phases   ] GC(374)   Post Evacuate Collection Set: 0.1ms
[2026-03-25T21:45:22.731+0900][15.673s][info][gc,phases   ] GC(374)   Other: 0.3ms
[2026-03-25T21:45:22.731+0900][15.673s][info][gc,heap     ] GC(374) Eden regions: 1->0(117)
[2026-03-25T21:45:22.731+0900][15.673s][info][gc,heap     ] GC(374) Survivor regions: 1->1(15)
[2026-03-25T21:45:22.731+0900][15.673s][info][gc,heap     ] GC(374) Old regions: 1->1
[2026-03-25T21:45:22.731+0900][15.673s][info][gc,heap     ] GC(374) Archive regions: 2->2
[2026-03-25T21:45:22.731+0900][15.673s][info][gc,heap     ] GC(374) Humongous regions: 338->338
[2026-03-25T21:45:22.731+0900][15.673s][info][gc,metaspace] GC(374) Metaspace: 181K(384K)->181K(384K) NonClass: 173K(256K)->173K(256K) Class: 7K(128K)->7K(128K)
[2026-03-25T21:45:22.731+0900][15.673s][info][gc          ] GC(374) Pause Young (Concurrent Start) (G1 Humongous Allocation) 339M->339M(512M) 1.032ms
[2026-03-25T21:45:22.731+0900][15.673s][info][gc,cpu      ] GC(374) User=0.00s Sys=0.00s Real=0.00s
[2026-03-25T21:45:22.731+0900][15.673s][info][gc          ] GC(375) Concurrent Mark Cycle
[2026-03-25T21:45:22.731+0900][15.673s][info][gc,marking  ] GC(375) Concurrent Clear Claimed Marks
[2026-03-25T21:45:22.731+0900][15.673s][info][gc,marking  ] GC(375) Concurrent Clear Claimed Marks 0.022ms
[2026-03-25T21:45:22.731+0900][15.673s][info][gc,marking  ] GC(375) Concurrent Scan Root Regions
[2026-03-25T21:45:22.731+0900][15.673s][info][gc,marking  ] GC(375) Concurrent Scan Root Regions 0.050ms
[2026-03-25T21:45:22.731+0900][15.673s][info][gc,marking  ] GC(375) Concurrent Mark
[2026-03-25T21:45:22.731+0900][15.673s][info][gc,marking  ] GC(375) Concurrent Mark From Roots
[2026-03-25T21:45:22.731+0900][15.673s][info][gc,task     ] GC(375) Using 2 workers of 2 for marking
[2026-03-25T21:45:22.733+0900][15.675s][info][gc,marking  ] GC(375) Concurrent Mark From Roots 2.254ms
[2026-03-25T21:45:22.733+0900][15.675s][info][gc,marking  ] GC(375) Concurrent Preclean
[2026-03-25T21:45:22.733+0900][15.676s][info][gc,marking  ] GC(375) Concurrent Preclean 0.045ms
[2026-03-25T21:45:22.733+0900][15.676s][info][gc,start    ] GC(375) Pause Remark
[2026-03-25T21:45:22.734+0900][15.676s][info][gc          ] GC(375) Pause Remark 340M->340M(512M) 0.404ms
[2026-03-25T21:45:22.734+0900][15.676s][info][gc,cpu      ] GC(375) User=0.00s Sys=0.00s Real=0.00s
[2026-03-25T21:45:22.734+0900][15.676s][info][gc,marking  ] GC(375) Concurrent Mark 2.945ms
[2026-03-25T21:45:22.734+0900][15.676s][info][gc,marking  ] GC(375) Concurrent Rebuild Remembered Sets
[2026-03-25T21:45:22.735+0900][15.677s][info][gc,marking  ] GC(375) Concurrent Rebuild Remembered Sets 0.636ms
[2026-03-25T21:45:22.735+0900][15.677s][info][gc,start    ] GC(375) Pause Cleanup
[2026-03-25T21:45:22.735+0900][15.677s][info][gc          ] GC(375) Pause Cleanup 340M->340M(512M) 0.146ms
[2026-03-25T21:45:22.735+0900][15.677s][info][gc,cpu      ] GC(375) User=0.00s Sys=0.00s Real=0.00s
[2026-03-25T21:45:22.735+0900][15.677s][info][gc,marking  ] GC(375) Concurrent Cleanup for Next Mark
[2026-03-25T21:45:22.735+0900][15.677s][info][gc,marking  ] GC(375) Concurrent Cleanup for Next Mark 0.428ms
[2026-03-25T21:45:22.735+0900][15.678s][info][gc          ] GC(375) Concurrent Mark Cycle 4.584ms
[2026-03-25T21:45:22.786+0900][15.728s][info][gc,start    ] GC(376) Pause Young (Concurrent Start) (G1 Humongous Allocation)
[2026-03-25T21:45:22.786+0900][15.728s][info][gc,task     ] GC(376) Using 8 workers of 8 for evacuation
[2026-03-25T21:45:22.787+0900][15.729s][info][gc,phases   ] GC(376)   Pre Evacuate Collection Set: 0.1ms
[2026-03-25T21:45:22.787+0900][15.729s][info][gc,phases   ] GC(376)   Merge Heap Roots: 0.1ms
[2026-03-25T21:45:22.787+0900][15.729s][info][gc,phases   ] GC(376)   Evacuate Collection Set: 0.2ms
[2026-03-25T21:45:22.787+0900][15.729s][info][gc,phases   ] GC(376)   Post Evacuate Collection Set: 0.1ms
[2026-03-25T21:45:22.787+0900][15.729s][info][gc,phases   ] GC(376)   Other: 0.2ms
[2026-03-25T21:45:22.787+0900][15.729s][info][gc,heap     ] GC(376) Eden regions: 1->0(116)
[2026-03-25T21:45:22.787+0900][15.729s][info][gc,heap     ] GC(376) Survivor regions: 1->1(15)
[2026-03-25T21:45:22.787+0900][15.729s][info][gc,heap     ] GC(376) Old regions: 1->1
[2026-03-25T21:45:22.787+0900][15.729s][info][gc,heap     ] GC(376) Archive regions: 2->2
[2026-03-25T21:45:22.787+0900][15.729s][info][gc,heap     ] GC(376) Humongous regions: 339->339
[2026-03-25T21:45:22.787+0900][15.729s][info][gc,metaspace] GC(376) Metaspace: 181K(384K)->181K(384K) NonClass: 173K(256K)->173K(256K) Class: 7K(128K)->7K(128K)
[2026-03-25T21:45:22.787+0900][15.729s][info][gc          ] GC(376) Pause Young (Concurrent Start) (G1 Humongous Allocation) 340M->340M(512M) 1.057ms
[2026-03-25T21:45:22.787+0900][15.729s][info][gc,cpu      ] GC(376) User=0.00s Sys=0.00s Real=0.00s
[2026-03-25T21:45:22.787+0900][15.729s][info][gc          ] GC(377) Concurrent Mark Cycle
[2026-03-25T21:45:22.787+0900][15.729s][info][gc,marking  ] GC(377) Concurrent Clear Claimed Marks
[2026-03-25T21:45:22.787+0900][15.729s][info][gc,marking  ] GC(377) Concurrent Clear Claimed Marks 0.015ms
[2026-03-25T21:45:22.787+0900][15.729s][info][gc,marking  ] GC(377) Concurrent Scan Root Regions
[2026-03-25T21:45:22.787+0900][15.730s][info][gc,marking  ] GC(377) Concurrent Scan Root Regions 0.041ms
[2026-03-25T21:45:22.787+0900][15.730s][info][gc,marking  ] GC(377) Concurrent Mark
[2026-03-25T21:45:22.787+0900][15.730s][info][gc,marking  ] GC(377) Concurrent Mark From Roots
[2026-03-25T21:45:22.787+0900][15.730s][info][gc,task     ] GC(377) Using 2 workers of 2 for marking
[2026-03-25T21:45:22.789+0900][15.731s][info][gc,marking  ] GC(377) Concurrent Mark From Roots 1.826ms
[2026-03-25T21:45:22.789+0900][15.731s][info][gc,marking  ] GC(377) Concurrent Preclean
[2026-03-25T21:45:22.789+0900][15.731s][info][gc,marking  ] GC(377) Concurrent Preclean 0.036ms
[2026-03-25T21:45:22.789+0900][15.731s][info][gc,start    ] GC(377) Pause Remark
[2026-03-25T21:45:22.790+0900][15.732s][info][gc          ] GC(377) Pause Remark 341M->341M(512M) 0.302ms
[2026-03-25T21:45:22.790+0900][15.732s][info][gc,cpu      ] GC(377) User=0.00s Sys=0.00s Real=0.01s
[2026-03-25T21:45:22.790+0900][15.732s][info][gc,marking  ] GC(377) Concurrent Mark 2.302ms
[2026-03-25T21:45:22.790+0900][15.732s][info][gc,marking  ] GC(377) Concurrent Rebuild Remembered Sets
[2026-03-25T21:45:22.790+0900][15.732s][info][gc,marking  ] GC(377) Concurrent Rebuild Remembered Sets 0.591ms
[2026-03-25T21:45:22.790+0900][15.732s][info][gc,start    ] GC(377) Pause Cleanup
[2026-03-25T21:45:22.790+0900][15.733s][info][gc          ] GC(377) Pause Cleanup 341M->341M(512M) 0.084ms
[2026-03-25T21:45:22.790+0900][15.733s][info][gc,cpu      ] GC(377) User=0.00s Sys=0.00s Real=0.00s
[2026-03-25T21:45:22.790+0900][15.733s][info][gc,marking  ] GC(377) Concurrent Cleanup for Next Mark
[2026-03-25T21:45:22.791+0900][15.733s][info][gc,marking  ] GC(377) Concurrent Cleanup for Next Mark 0.401ms
[2026-03-25T21:45:22.791+0900][15.733s][info][gc          ] GC(377) Concurrent Mark Cycle 3.681ms
[2026-03-25T21:45:22.838+0900][15.781s][info][gc,start    ] GC(378) Pause Young (Concurrent Start) (G1 Humongous Allocation)
[2026-03-25T21:45:22.839+0900][15.781s][info][gc,task     ] GC(378) Using 8 workers of 8 for evacuation
[2026-03-25T21:45:22.839+0900][15.781s][info][gc,phases   ] GC(378)   Pre Evacuate Collection Set: 0.1ms
[2026-03-25T21:45:22.839+0900][15.781s][info][gc,phases   ] GC(378)   Merge Heap Roots: 0.1ms
[2026-03-25T21:45:22.839+0900][15.781s][info][gc,phases   ] GC(378)   Evacuate Collection Set: 0.1ms
[2026-03-25T21:45:22.839+0900][15.781s][info][gc,phases   ] GC(378)   Post Evacuate Collection Set: 0.1ms
[2026-03-25T21:45:22.839+0900][15.781s][info][gc,phases   ] GC(378)   Other: 0.1ms
[2026-03-25T21:45:22.839+0900][15.781s][info][gc,heap     ] GC(378) Eden regions: 1->0(115)
[2026-03-25T21:45:22.839+0900][15.781s][info][gc,heap     ] GC(378) Survivor regions: 1->1(15)
[2026-03-25T21:45:22.839+0900][15.781s][info][gc,heap     ] GC(378) Old regions: 1->1
[2026-03-25T21:45:22.839+0900][15.781s][info][gc,heap     ] GC(378) Archive regions: 2->2
[2026-03-25T21:45:22.839+0900][15.781s][info][gc,heap     ] GC(378) Humongous regions: 340->340
[2026-03-25T21:45:22.839+0900][15.781s][info][gc,metaspace] GC(378) Metaspace: 181K(384K)->181K(384K) NonClass: 173K(256K)->173K(256K) Class: 7K(128K)->7K(128K)
[2026-03-25T21:45:22.839+0900][15.781s][info][gc          ] GC(378) Pause Young (Concurrent Start) (G1 Humongous Allocation) 341M->341M(512M) 0.573ms
[2026-03-25T21:45:22.839+0900][15.781s][info][gc,cpu      ] GC(378) User=0.00s Sys=0.00s Real=0.00s
[2026-03-25T21:45:22.839+0900][15.781s][info][gc          ] GC(379) Concurrent Mark Cycle
[2026-03-25T21:45:22.839+0900][15.781s][info][gc,marking  ] GC(379) Concurrent Clear Claimed Marks
[2026-03-25T21:45:22.839+0900][15.781s][info][gc,marking  ] GC(379) Concurrent Clear Claimed Marks 0.011ms
[2026-03-25T21:45:22.839+0900][15.781s][info][gc,marking  ] GC(379) Concurrent Scan Root Regions
[2026-03-25T21:45:22.839+0900][15.781s][info][gc,marking  ] GC(379) Concurrent Scan Root Regions 0.024ms
[2026-03-25T21:45:22.839+0900][15.781s][info][gc,marking  ] GC(379) Concurrent Mark
[2026-03-25T21:45:22.839+0900][15.781s][info][gc,marking  ] GC(379) Concurrent Mark From Roots
[2026-03-25T21:45:22.839+0900][15.781s][info][gc,task     ] GC(379) Using 2 workers of 2 for marking
[2026-03-25T21:45:22.840+0900][15.783s][info][gc,marking  ] GC(379) Concurrent Mark From Roots 1.175ms
[2026-03-25T21:45:22.840+0900][15.783s][info][gc,marking  ] GC(379) Concurrent Preclean
[2026-03-25T21:45:22.840+0900][15.783s][info][gc,marking  ] GC(379) Concurrent Preclean 0.024ms
[2026-03-25T21:45:22.840+0900][15.783s][info][gc,start    ] GC(379) Pause Remark
[2026-03-25T21:45:22.841+0900][15.783s][info][gc          ] GC(379) Pause Remark 342M->342M(512M) 0.378ms
[2026-03-25T21:45:22.841+0900][15.783s][info][gc,cpu      ] GC(379) User=0.00s Sys=0.00s Real=0.00s
[2026-03-25T21:45:22.841+0900][15.783s][info][gc,marking  ] GC(379) Concurrent Mark 1.668ms
[2026-03-25T21:45:22.841+0900][15.783s][info][gc,marking  ] GC(379) Concurrent Rebuild Remembered Sets
[2026-03-25T21:45:22.841+0900][15.783s][info][gc,marking  ] GC(379) Concurrent Rebuild Remembered Sets 0.473ms
[2026-03-25T21:45:22.841+0900][15.784s][info][gc,start    ] GC(379) Pause Cleanup
[2026-03-25T21:45:22.841+0900][15.784s][info][gc          ] GC(379) Pause Cleanup 342M->342M(512M) 0.051ms
[2026-03-25T21:45:22.841+0900][15.784s][info][gc,cpu      ] GC(379) User=0.00s Sys=0.00s Real=0.00s
[2026-03-25T21:45:22.841+0900][15.784s][info][gc,marking  ] GC(379) Concurrent Cleanup for Next Mark
[2026-03-25T21:45:22.842+0900][15.784s][info][gc,marking  ] GC(379) Concurrent Cleanup for Next Mark 0.333ms
[2026-03-25T21:45:22.842+0900][15.784s][info][gc          ] GC(379) Concurrent Mark Cycle 2.689ms
[2026-03-25T21:45:22.894+0900][15.836s][info][gc,start    ] GC(380) Pause Young (Concurrent Start) (G1 Humongous Allocation)
[2026-03-25T21:45:22.894+0900][15.837s][info][gc,task     ] GC(380) Using 8 workers of 8 for evacuation
[2026-03-25T21:45:22.895+0900][15.837s][info][gc,phases   ] GC(380)   Pre Evacuate Collection Set: 0.1ms
[2026-03-25T21:45:22.895+0900][15.837s][info][gc,phases   ] GC(380)   Merge Heap Roots: 0.1ms
[2026-03-25T21:45:22.895+0900][15.837s][info][gc,phases   ] GC(380)   Evacuate Collection Set: 0.1ms
[2026-03-25T21:45:22.895+0900][15.837s][info][gc,phases   ] GC(380)   Post Evacuate Collection Set: 0.1ms
[2026-03-25T21:45:22.895+0900][15.837s][info][gc,phases   ] GC(380)   Other: 0.2ms
[2026-03-25T21:45:22.895+0900][15.837s][info][gc,heap     ] GC(380) Eden regions: 1->0(114)
[2026-03-25T21:45:22.895+0900][15.837s][info][gc,heap     ] GC(380) Survivor regions: 1->1(15)
[2026-03-25T21:45:22.895+0900][15.837s][info][gc,heap     ] GC(380) Old regions: 1->1
[2026-03-25T21:45:22.895+0900][15.837s][info][gc,heap     ] GC(380) Archive regions: 2->2
[2026-03-25T21:45:22.895+0900][15.837s][info][gc,heap     ] GC(380) Humongous regions: 341->341
[2026-03-25T21:45:22.895+0900][15.837s][info][gc,metaspace] GC(380) Metaspace: 181K(384K)->181K(384K) NonClass: 173K(256K)->173K(256K) Class: 7K(128K)->7K(128K)
[2026-03-25T21:45:22.895+0900][15.837s][info][gc          ] GC(380) Pause Young (Concurrent Start) (G1 Humongous Allocation) 342M->342M(512M) 0.749ms
[2026-03-25T21:45:22.895+0900][15.837s][info][gc,cpu      ] GC(380) User=0.01s Sys=0.01s Real=0.00s
[2026-03-25T21:45:22.895+0900][15.837s][info][gc          ] GC(381) Concurrent Mark Cycle
[2026-03-25T21:45:22.895+0900][15.837s][info][gc,marking  ] GC(381) Concurrent Clear Claimed Marks
[2026-03-25T21:45:22.895+0900][15.837s][info][gc,marking  ] GC(381) Concurrent Clear Claimed Marks 0.014ms
[2026-03-25T21:45:22.895+0900][15.837s][info][gc,marking  ] GC(381) Concurrent Scan Root Regions
[2026-03-25T21:45:22.895+0900][15.837s][info][gc,marking  ] GC(381) Concurrent Scan Root Regions 0.034ms
[2026-03-25T21:45:22.895+0900][15.837s][info][gc,marking  ] GC(381) Concurrent Mark
[2026-03-25T21:45:22.895+0900][15.837s][info][gc,marking  ] GC(381) Concurrent Mark From Roots
[2026-03-25T21:45:22.895+0900][15.837s][info][gc,task     ] GC(381) Using 2 workers of 2 for marking
[2026-03-25T21:45:22.897+0900][15.839s][info][gc,marking  ] GC(381) Concurrent Mark From Roots 1.384ms
[2026-03-25T21:45:22.897+0900][15.839s][info][gc,marking  ] GC(381) Concurrent Preclean
[2026-03-25T21:45:22.897+0900][15.839s][info][gc,marking  ] GC(381) Concurrent Preclean 0.030ms
[2026-03-25T21:45:22.897+0900][15.839s][info][gc,start    ] GC(381) Pause Remark
[2026-03-25T21:45:22.897+0900][15.839s][info][gc          ] GC(381) Pause Remark 343M->343M(512M) 0.274ms
[2026-03-25T21:45:22.897+0900][15.839s][info][gc,cpu      ] GC(381) User=0.00s Sys=0.00s Real=0.00s
[2026-03-25T21:45:22.897+0900][15.839s][info][gc,marking  ] GC(381) Concurrent Mark 1.804ms
[2026-03-25T21:45:22.897+0900][15.839s][info][gc,marking  ] GC(381) Concurrent Rebuild Remembered Sets
[2026-03-25T21:45:22.898+0900][15.840s][info][gc,marking  ] GC(381) Concurrent Rebuild Remembered Sets 0.666ms
[2026-03-25T21:45:22.898+0900][15.840s][info][gc,start    ] GC(381) Pause Cleanup
[2026-03-25T21:45:22.898+0900][15.840s][info][gc          ] GC(381) Pause Cleanup 343M->343M(512M) 0.064ms
[2026-03-25T21:45:22.898+0900][15.840s][info][gc,cpu      ] GC(381) User=0.00s Sys=0.00s Real=0.00s
[2026-03-25T21:45:22.898+0900][15.840s][info][gc,marking  ] GC(381) Concurrent Cleanup for Next Mark
[2026-03-25T21:45:22.898+0900][15.840s][info][gc,marking  ] GC(381) Concurrent Cleanup for Next Mark 0.352ms
[2026-03-25T21:45:22.898+0900][15.840s][info][gc          ] GC(381) Concurrent Mark Cycle 3.109ms
[2026-03-25T21:45:22.949+0900][15.891s][info][gc,start    ] GC(382) Pause Young (Concurrent Start) (G1 Humongous Allocation)
[2026-03-25T21:45:22.949+0900][15.891s][info][gc,task     ] GC(382) Using 8 workers of 8 for evacuation
[2026-03-25T21:45:22.950+0900][15.892s][info][gc,phases   ] GC(382)   Pre Evacuate Collection Set: 0.2ms
[2026-03-25T21:45:22.950+0900][15.892s][info][gc,phases   ] GC(382)   Merge Heap Roots: 0.1ms
[2026-03-25T21:45:22.950+0900][15.892s][info][gc,phases   ] GC(382)   Evacuate Collection Set: 0.2ms
[2026-03-25T21:45:22.950+0900][15.892s][info][gc,phases   ] GC(382)   Post Evacuate Collection Set: 0.1ms
[2026-03-25T21:45:22.950+0900][15.892s][info][gc,phases   ] GC(382)   Other: 0.2ms
[2026-03-25T21:45:22.950+0900][15.892s][info][gc,heap     ] GC(382) Eden regions: 1->0(113)
[2026-03-25T21:45:22.950+0900][15.892s][info][gc,heap     ] GC(382) Survivor regions: 1->1(15)
[2026-03-25T21:45:22.950+0900][15.892s][info][gc,heap     ] GC(382) Old regions: 1->1
[2026-03-25T21:45:22.950+0900][15.892s][info][gc,heap     ] GC(382) Archive regions: 2->2
[2026-03-25T21:45:22.950+0900][15.892s][info][gc,heap     ] GC(382) Humongous regions: 342->342
[2026-03-25T21:45:22.950+0900][15.892s][info][gc,metaspace] GC(382) Metaspace: 181K(384K)->181K(384K) NonClass: 173K(256K)->173K(256K) Class: 7K(128K)->7K(128K)
[2026-03-25T21:45:22.950+0900][15.892s][info][gc          ] GC(382) Pause Young (Concurrent Start) (G1 Humongous Allocation) 343M->343M(512M) 0.865ms
[2026-03-25T21:45:22.950+0900][15.892s][info][gc,cpu      ] GC(382) User=0.00s Sys=0.00s Real=0.01s
[2026-03-25T21:45:22.950+0900][15.892s][info][gc          ] GC(383) Concurrent Mark Cycle
[2026-03-25T21:45:22.950+0900][15.892s][info][gc,marking  ] GC(383) Concurrent Clear Claimed Marks
[2026-03-25T21:45:22.950+0900][15.892s][info][gc,marking  ] GC(383) Concurrent Clear Claimed Marks 0.009ms
[2026-03-25T21:45:22.950+0900][15.892s][info][gc,marking  ] GC(383) Concurrent Scan Root Regions
[2026-03-25T21:45:22.950+0900][15.892s][info][gc,marking  ] GC(383) Concurrent Scan Root Regions 0.022ms
[2026-03-25T21:45:22.950+0900][15.892s][info][gc,marking  ] GC(383) Concurrent Mark
[2026-03-25T21:45:22.950+0900][15.892s][info][gc,marking  ] GC(383) Concurrent Mark From Roots
[2026-03-25T21:45:22.950+0900][15.892s][info][gc,task     ] GC(383) Using 2 workers of 2 for marking
[2026-03-25T21:45:22.951+0900][15.893s][info][gc,marking  ] GC(383) Concurrent Mark From Roots 1.163ms
[2026-03-25T21:45:22.951+0900][15.893s][info][gc,marking  ] GC(383) Concurrent Preclean
[2026-03-25T21:45:22.951+0900][15.893s][info][gc,marking  ] GC(383) Concurrent Preclean 0.021ms
[2026-03-25T21:45:22.951+0900][15.893s][info][gc,start    ] GC(383) Pause Remark
[2026-03-25T21:45:22.951+0900][15.894s][info][gc          ] GC(383) Pause Remark 344M->344M(512M) 0.253ms
[2026-03-25T21:45:22.951+0900][15.894s][info][gc,cpu      ] GC(383) User=0.00s Sys=0.00s Real=0.00s
[2026-03-25T21:45:22.951+0900][15.894s][info][gc,marking  ] GC(383) Concurrent Mark 1.518ms
[2026-03-25T21:45:22.951+0900][15.894s][info][gc,marking  ] GC(383) Concurrent Rebuild Remembered Sets
[2026-03-25T21:45:22.952+0900][15.894s][info][gc,marking  ] GC(383) Concurrent Rebuild Remembered Sets 0.489ms
[2026-03-25T21:45:22.952+0900][15.894s][info][gc,start    ] GC(383) Pause Cleanup
[2026-03-25T21:45:22.952+0900][15.894s][info][gc          ] GC(383) Pause Cleanup 344M->344M(512M) 0.117ms
[2026-03-25T21:45:22.952+0900][15.894s][info][gc,cpu      ] GC(383) User=0.00s Sys=0.00s Real=0.00s
[2026-03-25T21:45:22.952+0900][15.894s][info][gc,marking  ] GC(383) Concurrent Cleanup for Next Mark
[2026-03-25T21:45:22.953+0900][15.895s][info][gc,marking  ] GC(383) Concurrent Cleanup for Next Mark 0.364ms
[2026-03-25T21:45:22.953+0900][15.895s][info][gc          ] GC(383) Concurrent Mark Cycle 2.784ms
[2026-03-25T21:45:23.004+0900][15.946s][info][gc,start    ] GC(384) Pause Young (Concurrent Start) (G1 Humongous Allocation)
[2026-03-25T21:45:23.004+0900][15.946s][info][gc,task     ] GC(384) Using 8 workers of 8 for evacuation
[2026-03-25T21:45:23.004+0900][15.947s][info][gc,phases   ] GC(384)   Pre Evacuate Collection Set: 0.1ms
[2026-03-25T21:45:23.004+0900][15.947s][info][gc,phases   ] GC(384)   Merge Heap Roots: 0.1ms
[2026-03-25T21:45:23.004+0900][15.947s][info][gc,phases   ] GC(384)   Evacuate Collection Set: 0.1ms
[2026-03-25T21:45:23.005+0900][15.947s][info][gc,phases   ] GC(384)   Post Evacuate Collection Set: 0.1ms
[2026-03-25T21:45:23.005+0900][15.947s][info][gc,phases   ] GC(384)   Other: 0.1ms
[2026-03-25T21:45:23.005+0900][15.947s][info][gc,heap     ] GC(384) Eden regions: 1->0(112)
[2026-03-25T21:45:23.005+0900][15.947s][info][gc,heap     ] GC(384) Survivor regions: 1->1(15)
[2026-03-25T21:45:23.005+0900][15.947s][info][gc,heap     ] GC(384) Old regions: 1->1
[2026-03-25T21:45:23.005+0900][15.947s][info][gc,heap     ] GC(384) Archive regions: 2->2
[2026-03-25T21:45:23.005+0900][15.947s][info][gc,heap     ] GC(384) Humongous regions: 343->343
[2026-03-25T21:45:23.005+0900][15.947s][info][gc,metaspace] GC(384) Metaspace: 181K(384K)->181K(384K) NonClass: 173K(256K)->173K(256K) Class: 7K(128K)->7K(128K)
[2026-03-25T21:45:23.005+0900][15.947s][info][gc          ] GC(384) Pause Young (Concurrent Start) (G1 Humongous Allocation) 344M->344M(512M) 0.556ms
[2026-03-25T21:45:23.005+0900][15.947s][info][gc,cpu      ] GC(384) User=0.00s Sys=0.00s Real=0.00s
[2026-03-25T21:45:23.005+0900][15.947s][info][gc          ] GC(385) Concurrent Mark Cycle
[2026-03-25T21:45:23.005+0900][15.947s][info][gc,marking  ] GC(385) Concurrent Clear Claimed Marks
[2026-03-25T21:45:23.005+0900][15.947s][info][gc,marking  ] GC(385) Concurrent Clear Claimed Marks 0.010ms
[2026-03-25T21:45:23.005+0900][15.947s][info][gc,marking  ] GC(385) Concurrent Scan Root Regions
[2026-03-25T21:45:23.005+0900][15.947s][info][gc,marking  ] GC(385) Concurrent Scan Root Regions 0.024ms
[2026-03-25T21:45:23.005+0900][15.947s][info][gc,marking  ] GC(385) Concurrent Mark
[2026-03-25T21:45:23.005+0900][15.947s][info][gc,marking  ] GC(385) Concurrent Mark From Roots
[2026-03-25T21:45:23.005+0900][15.947s][info][gc,task     ] GC(385) Using 2 workers of 2 for marking
[2026-03-25T21:45:23.006+0900][15.948s][info][gc,marking  ] GC(385) Concurrent Mark From Roots 1.268ms
[2026-03-25T21:45:23.006+0900][15.948s][info][gc,marking  ] GC(385) Concurrent Preclean
[2026-03-25T21:45:23.006+0900][15.948s][info][gc,marking  ] GC(385) Concurrent Preclean 0.026ms
[2026-03-25T21:45:23.006+0900][15.948s][info][gc,start    ] GC(385) Pause Remark
[2026-03-25T21:45:23.006+0900][15.949s][info][gc          ] GC(385) Pause Remark 345M->345M(512M) 0.274ms
[2026-03-25T21:45:23.006+0900][15.949s][info][gc,cpu      ] GC(385) User=0.00s Sys=0.00s Real=0.00s
[2026-03-25T21:45:23.006+0900][15.949s][info][gc,marking  ] GC(385) Concurrent Mark 1.722ms
[2026-03-25T21:45:23.006+0900][15.949s][info][gc,marking  ] GC(385) Concurrent Rebuild Remembered Sets
[2026-03-25T21:45:23.007+0900][15.949s][info][gc,marking  ] GC(385) Concurrent Rebuild Remembered Sets 0.506ms
[2026-03-25T21:45:23.007+0900][15.949s][info][gc,start    ] GC(385) Pause Cleanup
[2026-03-25T21:45:23.007+0900][15.949s][info][gc          ] GC(385) Pause Cleanup 345M->345M(512M) 0.075ms
[2026-03-25T21:45:23.007+0900][15.949s][info][gc,cpu      ] GC(385) User=0.00s Sys=0.00s Real=0.00s
[2026-03-25T21:45:23.007+0900][15.949s][info][gc,marking  ] GC(385) Concurrent Cleanup for Next Mark
[2026-03-25T21:45:23.007+0900][15.950s][info][gc,marking  ] GC(385) Concurrent Cleanup for Next Mark 0.332ms
[2026-03-25T21:45:23.007+0900][15.950s][info][gc          ] GC(385) Concurrent Mark Cycle 2.813ms
[2026-03-25T21:45:23.058+0900][16.000s][info][gc,start    ] GC(386) Pause Young (Concurrent Start) (G1 Humongous Allocation)
[2026-03-25T21:45:23.058+0900][16.000s][info][gc,task     ] GC(386) Using 8 workers of 8 for evacuation
[2026-03-25T21:45:23.058+0900][16.000s][info][gc,phases   ] GC(386)   Pre Evacuate Collection Set: 0.1ms
[2026-03-25T21:45:23.058+0900][16.000s][info][gc,phases   ] GC(386)   Merge Heap Roots: 0.2ms
[2026-03-25T21:45:23.058+0900][16.000s][info][gc,phases   ] GC(386)   Evacuate Collection Set: 0.1ms
[2026-03-25T21:45:23.058+0900][16.001s][info][gc,phases   ] GC(386)   Post Evacuate Collection Set: 0.1ms
[2026-03-25T21:45:23.058+0900][16.001s][info][gc,phases   ] GC(386)   Other: 0.1ms
[2026-03-25T21:45:23.058+0900][16.001s][info][gc,heap     ] GC(386) Eden regions: 1->0(111)
[2026-03-25T21:45:23.058+0900][16.001s][info][gc,heap     ] GC(386) Survivor regions: 1->1(15)
[2026-03-25T21:45:23.058+0900][16.001s][info][gc,heap     ] GC(386) Old regions: 1->1
[2026-03-25T21:45:23.058+0900][16.001s][info][gc,heap     ] GC(386) Archive regions: 2->2
[2026-03-25T21:45:23.058+0900][16.001s][info][gc,heap     ] GC(386) Humongous regions: 344->344
[2026-03-25T21:45:23.058+0900][16.001s][info][gc,metaspace] GC(386) Metaspace: 181K(384K)->181K(384K) NonClass: 173K(256K)->173K(256K) Class: 7K(128K)->7K(128K)
[2026-03-25T21:45:23.058+0900][16.001s][info][gc          ] GC(386) Pause Young (Concurrent Start) (G1 Humongous Allocation) 345M->345M(512M) 0.799ms
[2026-03-25T21:45:23.058+0900][16.001s][info][gc,cpu      ] GC(386) User=0.00s Sys=0.00s Real=0.00s
[2026-03-25T21:45:23.058+0900][16.001s][info][gc          ] GC(387) Concurrent Mark Cycle
[2026-03-25T21:45:23.058+0900][16.001s][info][gc,marking  ] GC(387) Concurrent Clear Claimed Marks
[2026-03-25T21:45:23.058+0900][16.001s][info][gc,marking  ] GC(387) Concurrent Clear Claimed Marks 0.011ms
[2026-03-25T21:45:23.058+0900][16.001s][info][gc,marking  ] GC(387) Concurrent Scan Root Regions
[2026-03-25T21:45:23.058+0900][16.001s][info][gc,marking  ] GC(387) Concurrent Scan Root Regions 0.025ms
[2026-03-25T21:45:23.058+0900][16.001s][info][gc,marking  ] GC(387) Concurrent Mark
[2026-03-25T21:45:23.058+0900][16.001s][info][gc,marking  ] GC(387) Concurrent Mark From Roots
[2026-03-25T21:45:23.058+0900][16.001s][info][gc,task     ] GC(387) Using 2 workers of 2 for marking
[2026-03-25T21:45:23.060+0900][16.002s][info][gc,marking  ] GC(387) Concurrent Mark From Roots 1.204ms
[2026-03-25T21:45:23.060+0900][16.002s][info][gc,marking  ] GC(387) Concurrent Preclean
[2026-03-25T21:45:23.060+0900][16.002s][info][gc,marking  ] GC(387) Concurrent Preclean 0.021ms
[2026-03-25T21:45:23.060+0900][16.002s][info][gc,start    ] GC(387) Pause Remark
[2026-03-25T21:45:23.060+0900][16.002s][info][gc          ] GC(387) Pause Remark 346M->346M(512M) 0.211ms
[2026-03-25T21:45:23.060+0900][16.002s][info][gc,cpu      ] GC(387) User=0.00s Sys=0.00s Real=0.00s
[2026-03-25T21:45:23.060+0900][16.002s][info][gc,marking  ] GC(387) Concurrent Mark 1.503ms
[2026-03-25T21:45:23.060+0900][16.002s][info][gc,marking  ] GC(387) Concurrent Rebuild Remembered Sets
[2026-03-25T21:45:23.060+0900][16.003s][info][gc,marking  ] GC(387) Concurrent Rebuild Remembered Sets 0.499ms
[2026-03-25T21:45:23.061+0900][16.003s][info][gc,start    ] GC(387) Pause Cleanup
[2026-03-25T21:45:23.061+0900][16.003s][info][gc          ] GC(387) Pause Cleanup 346M->346M(512M) 0.085ms
[2026-03-25T21:45:23.061+0900][16.003s][info][gc,cpu      ] GC(387) User=0.00s Sys=0.00s Real=0.00s
[2026-03-25T21:45:23.061+0900][16.003s][info][gc,marking  ] GC(387) Concurrent Cleanup for Next Mark
[2026-03-25T21:45:23.061+0900][16.003s][info][gc,marking  ] GC(387) Concurrent Cleanup for Next Mark 0.352ms
[2026-03-25T21:45:23.061+0900][16.003s][info][gc          ] GC(387) Concurrent Mark Cycle 2.623ms
[2026-03-25T21:45:23.109+0900][16.051s][info][gc,start    ] GC(388) Pause Young (Concurrent Start) (G1 Humongous Allocation)
[2026-03-25T21:45:23.109+0900][16.051s][info][gc,task     ] GC(388) Using 8 workers of 8 for evacuation
[2026-03-25T21:45:23.109+0900][16.052s][info][gc,phases   ] GC(388)   Pre Evacuate Collection Set: 0.1ms
[2026-03-25T21:45:23.109+0900][16.052s][info][gc,phases   ] GC(388)   Merge Heap Roots: 0.1ms
[2026-03-25T21:45:23.109+0900][16.052s][info][gc,phases   ] GC(388)   Evacuate Collection Set: 0.1ms
[2026-03-25T21:45:23.109+0900][16.052s][info][gc,phases   ] GC(388)   Post Evacuate Collection Set: 0.2ms
[2026-03-25T21:45:23.109+0900][16.052s][info][gc,phases   ] GC(388)   Other: 0.2ms
[2026-03-25T21:45:23.110+0900][16.052s][info][gc,heap     ] GC(388) Eden regions: 1->0(110)
[2026-03-25T21:45:23.110+0900][16.052s][info][gc,heap     ] GC(388) Survivor regions: 1->1(14)
[2026-03-25T21:45:23.110+0900][16.052s][info][gc,heap     ] GC(388) Old regions: 1->1
[2026-03-25T21:45:23.110+0900][16.052s][info][gc,heap     ] GC(388) Archive regions: 2->2
[2026-03-25T21:45:23.110+0900][16.052s][info][gc,heap     ] GC(388) Humongous regions: 345->345
[2026-03-25T21:45:23.110+0900][16.052s][info][gc,metaspace] GC(388) Metaspace: 181K(384K)->181K(384K) NonClass: 173K(256K)->173K(256K) Class: 7K(128K)->7K(128K)
[2026-03-25T21:45:23.110+0900][16.052s][info][gc          ] GC(388) Pause Young (Concurrent Start) (G1 Humongous Allocation) 346M->346M(512M) 0.764ms
[2026-03-25T21:45:23.110+0900][16.052s][info][gc,cpu      ] GC(388) User=0.00s Sys=0.00s Real=0.01s
[2026-03-25T21:45:23.110+0900][16.052s][info][gc          ] GC(389) Concurrent Mark Cycle
[2026-03-25T21:45:23.110+0900][16.052s][info][gc,marking  ] GC(389) Concurrent Clear Claimed Marks
[2026-03-25T21:45:23.110+0900][16.052s][info][gc,marking  ] GC(389) Concurrent Clear Claimed Marks 0.011ms
[2026-03-25T21:45:23.110+0900][16.052s][info][gc,marking  ] GC(389) Concurrent Scan Root Regions
[2026-03-25T21:45:23.110+0900][16.052s][info][gc,marking  ] GC(389) Concurrent Scan Root Regions 0.025ms
[2026-03-25T21:45:23.110+0900][16.052s][info][gc,marking  ] GC(389) Concurrent Mark
[2026-03-25T21:45:23.110+0900][16.052s][info][gc,marking  ] GC(389) Concurrent Mark From Roots
[2026-03-25T21:45:23.110+0900][16.052s][info][gc,task     ] GC(389) Using 2 workers of 2 for marking
[2026-03-25T21:45:23.111+0900][16.053s][info][gc,marking  ] GC(389) Concurrent Mark From Roots 1.290ms
[2026-03-25T21:45:23.111+0900][16.053s][info][gc,marking  ] GC(389) Concurrent Preclean
[2026-03-25T21:45:23.111+0900][16.053s][info][gc,marking  ] GC(389) Concurrent Preclean 0.024ms
[2026-03-25T21:45:23.111+0900][16.053s][info][gc,start    ] GC(389) Pause Remark
[2026-03-25T21:45:23.111+0900][16.054s][info][gc          ] GC(389) Pause Remark 349M->349M(512M) 0.297ms
[2026-03-25T21:45:23.111+0900][16.054s][info][gc,cpu      ] GC(389) User=0.00s Sys=0.00s Real=0.00s
[2026-03-25T21:45:23.111+0900][16.054s][info][gc,marking  ] GC(389) Concurrent Mark 1.725ms
[2026-03-25T21:45:23.111+0900][16.054s][info][gc,marking  ] GC(389) Concurrent Rebuild Remembered Sets
[2026-03-25T21:45:23.112+0900][16.054s][info][gc,marking  ] GC(389) Concurrent Rebuild Remembered Sets 0.578ms
[2026-03-25T21:45:23.112+0900][16.054s][info][gc,start    ] GC(389) Pause Cleanup
[2026-03-25T21:45:23.112+0900][16.054s][info][gc          ] GC(389) Pause Cleanup 349M->349M(512M) 0.089ms
[2026-03-25T21:45:23.112+0900][16.054s][info][gc,cpu      ] GC(389) User=0.00s Sys=0.00s Real=0.00s
[2026-03-25T21:45:23.112+0900][16.054s][info][gc,marking  ] GC(389) Concurrent Cleanup for Next Mark
[2026-03-25T21:45:23.113+0900][16.055s][info][gc,marking  ] GC(389) Concurrent Cleanup for Next Mark 0.636ms
[2026-03-25T21:45:23.113+0900][16.055s][info][gc          ] GC(389) Concurrent Mark Cycle 3.233ms
[2026-03-25T21:45:23.165+0900][16.107s][info][gc,start    ] GC(390) Pause Young (Concurrent Start) (G1 Humongous Allocation)
[2026-03-25T21:45:23.165+0900][16.107s][info][gc,task     ] GC(390) Using 8 workers of 8 for evacuation
[2026-03-25T21:45:23.165+0900][16.108s][info][gc,phases   ] GC(390)   Pre Evacuate Collection Set: 0.1ms
[2026-03-25T21:45:23.165+0900][16.108s][info][gc,phases   ] GC(390)   Merge Heap Roots: 0.1ms
[2026-03-25T21:45:23.165+0900][16.108s][info][gc,phases   ] GC(390)   Evacuate Collection Set: 0.2ms
[2026-03-25T21:45:23.165+0900][16.108s][info][gc,phases   ] GC(390)   Post Evacuate Collection Set: 0.2ms
[2026-03-25T21:45:23.165+0900][16.108s][info][gc,phases   ] GC(390)   Other: 0.2ms
[2026-03-25T21:45:23.165+0900][16.108s][info][gc,heap     ] GC(390) Eden regions: 1->0(107)
[2026-03-25T21:45:23.165+0900][16.108s][info][gc,heap     ] GC(390) Survivor regions: 1->1(14)
[2026-03-25T21:45:23.166+0900][16.108s][info][gc,heap     ] GC(390) Old regions: 1->1
[2026-03-25T21:45:23.166+0900][16.108s][info][gc,heap     ] GC(390) Archive regions: 2->2
[2026-03-25T21:45:23.166+0900][16.108s][info][gc,heap     ] GC(390) Humongous regions: 348->348
[2026-03-25T21:45:23.166+0900][16.108s][info][gc,metaspace] GC(390) Metaspace: 181K(384K)->181K(384K) NonClass: 173K(256K)->173K(256K) Class: 7K(128K)->7K(128K)
[2026-03-25T21:45:23.166+0900][16.108s][info][gc          ] GC(390) Pause Young (Concurrent Start) (G1 Humongous Allocation) 349M->349M(512M) 0.939ms
[2026-03-25T21:45:23.166+0900][16.108s][info][gc,cpu      ] GC(390) User=0.00s Sys=0.00s Real=0.00s
[2026-03-25T21:45:23.166+0900][16.108s][info][gc          ] GC(391) Concurrent Mark Cycle
[2026-03-25T21:45:23.166+0900][16.108s][info][gc,marking  ] GC(391) Concurrent Clear Claimed Marks
[2026-03-25T21:45:23.166+0900][16.108s][info][gc,marking  ] GC(391) Concurrent Clear Claimed Marks 0.013ms
[2026-03-25T21:45:23.166+0900][16.108s][info][gc,marking  ] GC(391) Concurrent Scan Root Regions
[2026-03-25T21:45:23.166+0900][16.108s][info][gc,marking  ] GC(391) Concurrent Scan Root Regions 0.034ms
[2026-03-25T21:45:23.166+0900][16.108s][info][gc,marking  ] GC(391) Concurrent Mark
[2026-03-25T21:45:23.166+0900][16.108s][info][gc,marking  ] GC(391) Concurrent Mark From Roots
[2026-03-25T21:45:23.166+0900][16.108s][info][gc,task     ] GC(391) Using 2 workers of 2 for marking
[2026-03-25T21:45:23.167+0900][16.110s][info][gc,marking  ] GC(391) Concurrent Mark From Roots 1.607ms
[2026-03-25T21:45:23.167+0900][16.110s][info][gc,marking  ] GC(391) Concurrent Preclean
[2026-03-25T21:45:23.167+0900][16.110s][info][gc,marking  ] GC(391) Concurrent Preclean 0.028ms
[2026-03-25T21:45:23.167+0900][16.110s][info][gc,start    ] GC(391) Pause Remark
[2026-03-25T21:45:23.168+0900][16.110s][info][gc          ] GC(391) Pause Remark 350M->350M(512M) 0.312ms
[2026-03-25T21:45:23.168+0900][16.110s][info][gc,cpu      ] GC(391) User=0.00s Sys=0.00s Real=0.00s
[2026-03-25T21:45:23.168+0900][16.110s][info][gc,marking  ] GC(391) Concurrent Mark 2.054ms
[2026-03-25T21:45:23.168+0900][16.110s][info][gc,marking  ] GC(391) Concurrent Rebuild Remembered Sets
[2026-03-25T21:45:23.168+0900][16.111s][info][gc,marking  ] GC(391) Concurrent Rebuild Remembered Sets 0.676ms
[2026-03-25T21:45:23.168+0900][16.111s][info][gc,start    ] GC(391) Pause Cleanup
[2026-03-25T21:45:23.169+0900][16.111s][info][gc          ] GC(391) Pause Cleanup 350M->350M(512M) 0.063ms
[2026-03-25T21:45:23.169+0900][16.111s][info][gc,cpu      ] GC(391) User=0.00s Sys=0.00s Real=0.00s
[2026-03-25T21:45:23.169+0900][16.111s][info][gc,marking  ] GC(391) Concurrent Cleanup for Next Mark
[2026-03-25T21:45:23.169+0900][16.111s][info][gc,marking  ] GC(391) Concurrent Cleanup for Next Mark 0.377ms
[2026-03-25T21:45:23.169+0900][16.111s][info][gc          ] GC(391) Concurrent Mark Cycle 3.397ms
[2026-03-25T21:45:23.221+0900][16.163s][info][gc,start    ] GC(392) Pause Young (Concurrent Start) (G1 Humongous Allocation)
[2026-03-25T21:45:23.221+0900][16.163s][info][gc,task     ] GC(392) Using 8 workers of 8 for evacuation
[2026-03-25T21:45:23.222+0900][16.164s][info][gc,phases   ] GC(392)   Pre Evacuate Collection Set: 0.1ms
[2026-03-25T21:45:23.222+0900][16.164s][info][gc,phases   ] GC(392)   Merge Heap Roots: 0.1ms
[2026-03-25T21:45:23.222+0900][16.164s][info][gc,phases   ] GC(392)   Evacuate Collection Set: 0.2ms
[2026-03-25T21:45:23.222+0900][16.164s][info][gc,phases   ] GC(392)   Post Evacuate Collection Set: 0.1ms
[2026-03-25T21:45:23.222+0900][16.164s][info][gc,phases   ] GC(392)   Other: 0.2ms
[2026-03-25T21:45:23.222+0900][16.164s][info][gc,heap     ] GC(392) Eden regions: 1->0(106)
[2026-03-25T21:45:23.222+0900][16.164s][info][gc,heap     ] GC(392) Survivor regions: 1->1(14)
[2026-03-25T21:45:23.222+0900][16.164s][info][gc,heap     ] GC(392) Old regions: 1->1
[2026-03-25T21:45:23.222+0900][16.164s][info][gc,heap     ] GC(392) Archive regions: 2->2
[2026-03-25T21:45:23.222+0900][16.164s][info][gc,heap     ] GC(392) Humongous regions: 349->349
[2026-03-25T21:45:23.222+0900][16.164s][info][gc,metaspace] GC(392) Metaspace: 181K(384K)->181K(384K) NonClass: 173K(256K)->173K(256K) Class: 7K(128K)->7K(128K)
[2026-03-25T21:45:23.222+0900][16.164s][info][gc          ] GC(392) Pause Young (Concurrent Start) (G1 Humongous Allocation) 350M->350M(512M) 0.871ms
[2026-03-25T21:45:23.222+0900][16.164s][info][gc,cpu      ] GC(392) User=0.00s Sys=0.00s Real=0.00s
[2026-03-25T21:45:23.222+0900][16.164s][info][gc          ] GC(393) Concurrent Mark Cycle
[2026-03-25T21:45:23.222+0900][16.164s][info][gc,marking  ] GC(393) Concurrent Clear Claimed Marks
[2026-03-25T21:45:23.222+0900][16.164s][info][gc,marking  ] GC(393) Concurrent Clear Claimed Marks 0.015ms
[2026-03-25T21:45:23.222+0900][16.164s][info][gc,marking  ] GC(393) Concurrent Scan Root Regions
[2026-03-25T21:45:23.222+0900][16.164s][info][gc,marking  ] GC(393) Concurrent Scan Root Regions 0.039ms
[2026-03-25T21:45:23.222+0900][16.164s][info][gc,marking  ] GC(393) Concurrent Mark
[2026-03-25T21:45:23.222+0900][16.164s][info][gc,marking  ] GC(393) Concurrent Mark From Roots
[2026-03-25T21:45:23.222+0900][16.164s][info][gc,task     ] GC(393) Using 2 workers of 2 for marking
[2026-03-25T21:45:23.224+0900][16.166s][info][gc,marking  ] GC(393) Concurrent Mark From Roots 1.730ms
[2026-03-25T21:45:23.224+0900][16.166s][info][gc,marking  ] GC(393) Concurrent Preclean
[2026-03-25T21:45:23.224+0900][16.166s][info][gc,marking  ] GC(393) Concurrent Preclean 0.033ms
[2026-03-25T21:45:23.224+0900][16.166s][info][gc,start    ] GC(393) Pause Remark
[2026-03-25T21:45:23.224+0900][16.166s][info][gc          ] GC(393) Pause Remark 351M->351M(512M) 0.298ms
[2026-03-25T21:45:23.224+0900][16.166s][info][gc,cpu      ] GC(393) User=0.00s Sys=0.00s Real=0.00s
[2026-03-25T21:45:23.224+0900][16.166s][info][gc,marking  ] GC(393) Concurrent Mark 2.171ms
[2026-03-25T21:45:23.224+0900][16.166s][info][gc,marking  ] GC(393) Concurrent Rebuild Remembered Sets
[2026-03-25T21:45:23.225+0900][16.167s][info][gc,marking  ] GC(393) Concurrent Rebuild Remembered Sets 0.593ms
[2026-03-25T21:45:23.225+0900][16.167s][info][gc,start    ] GC(393) Pause Cleanup
[2026-03-25T21:45:23.225+0900][16.167s][info][gc          ] GC(393) Pause Cleanup 351M->351M(512M) 0.066ms
[2026-03-25T21:45:23.225+0900][16.167s][info][gc,cpu      ] GC(393) User=0.00s Sys=0.00s Real=0.00s
[2026-03-25T21:45:23.225+0900][16.167s][info][gc,marking  ] GC(393) Concurrent Cleanup for Next Mark
[2026-03-25T21:45:23.225+0900][16.168s][info][gc,marking  ] GC(393) Concurrent Cleanup for Next Mark 0.318ms
[2026-03-25T21:45:23.225+0900][16.168s][info][gc          ] GC(393) Concurrent Mark Cycle 3.464ms
[2026-03-25T21:45:23.272+0900][16.214s][info][gc,start    ] GC(394) Pause Young (Concurrent Start) (G1 Humongous Allocation)
[2026-03-25T21:45:23.272+0900][16.215s][info][gc,task     ] GC(394) Using 8 workers of 8 for evacuation
[2026-03-25T21:45:23.273+0900][16.215s][info][gc,phases   ] GC(394)   Pre Evacuate Collection Set: 0.1ms
[2026-03-25T21:45:23.273+0900][16.215s][info][gc,phases   ] GC(394)   Merge Heap Roots: 0.1ms
[2026-03-25T21:45:23.273+0900][16.215s][info][gc,phases   ] GC(394)   Evacuate Collection Set: 0.2ms
[2026-03-25T21:45:23.273+0900][16.215s][info][gc,phases   ] GC(394)   Post Evacuate Collection Set: 0.1ms
[2026-03-25T21:45:23.273+0900][16.215s][info][gc,phases   ] GC(394)   Other: 0.2ms
[2026-03-25T21:45:23.273+0900][16.215s][info][gc,heap     ] GC(394) Eden regions: 1->0(105)
[2026-03-25T21:45:23.273+0900][16.215s][info][gc,heap     ] GC(394) Survivor regions: 1->1(14)
[2026-03-25T21:45:23.273+0900][16.215s][info][gc,heap     ] GC(394) Old regions: 1->1
[2026-03-25T21:45:23.273+0900][16.215s][info][gc,heap     ] GC(394) Archive regions: 2->2
[2026-03-25T21:45:23.273+0900][16.215s][info][gc,heap     ] GC(394) Humongous regions: 350->350
[2026-03-25T21:45:23.273+0900][16.215s][info][gc,metaspace] GC(394) Metaspace: 181K(384K)->181K(384K) NonClass: 173K(256K)->173K(256K) Class: 7K(128K)->7K(128K)
[2026-03-25T21:45:23.273+0900][16.215s][info][gc          ] GC(394) Pause Young (Concurrent Start) (G1 Humongous Allocation) 351M->351M(512M) 0.913ms
[2026-03-25T21:45:23.273+0900][16.215s][info][gc,cpu      ] GC(394) User=0.00s Sys=0.00s Real=0.00s
[2026-03-25T21:45:23.273+0900][16.215s][info][gc          ] GC(395) Concurrent Mark Cycle
[2026-03-25T21:45:23.273+0900][16.215s][info][gc,marking  ] GC(395) Concurrent Clear Claimed Marks
[2026-03-25T21:45:23.273+0900][16.215s][info][gc,marking  ] GC(395) Concurrent Clear Claimed Marks 0.014ms
[2026-03-25T21:45:23.273+0900][16.215s][info][gc,marking  ] GC(395) Concurrent Scan Root Regions
[2026-03-25T21:45:23.273+0900][16.216s][info][gc,marking  ] GC(395) Concurrent Scan Root Regions 0.040ms
[2026-03-25T21:45:23.273+0900][16.216s][info][gc,marking  ] GC(395) Concurrent Mark
[2026-03-25T21:45:23.273+0900][16.216s][info][gc,marking  ] GC(395) Concurrent Mark From Roots
[2026-03-25T21:45:23.273+0900][16.216s][info][gc,task     ] GC(395) Using 2 workers of 2 for marking
[2026-03-25T21:45:23.276+0900][16.219s][info][gc,marking  ] GC(395) Concurrent Mark From Roots 2.980ms
[2026-03-25T21:45:23.276+0900][16.219s][info][gc,marking  ] GC(395) Concurrent Preclean
[2026-03-25T21:45:23.277+0900][16.219s][info][gc,marking  ] GC(395) Concurrent Preclean 0.242ms
[2026-03-25T21:45:23.277+0900][16.219s][info][gc,start    ] GC(395) Pause Remark
[2026-03-25T21:45:23.278+0900][16.220s][info][gc          ] GC(395) Pause Remark 352M->352M(512M) 0.620ms
[2026-03-25T21:45:23.278+0900][16.220s][info][gc,cpu      ] GC(395) User=0.00s Sys=0.00s Real=0.00s
[2026-03-25T21:45:23.278+0900][16.220s][info][gc,marking  ] GC(395) Concurrent Mark 4.385ms
[2026-03-25T21:45:23.278+0900][16.220s][info][gc,marking  ] GC(395) Concurrent Rebuild Remembered Sets
[2026-03-25T21:45:23.279+0900][16.221s][info][gc,marking  ] GC(395) Concurrent Rebuild Remembered Sets 0.734ms
[2026-03-25T21:45:23.279+0900][16.221s][info][gc,start    ] GC(395) Pause Cleanup
[2026-03-25T21:45:23.279+0900][16.221s][info][gc          ] GC(395) Pause Cleanup 352M->352M(512M) 0.092ms
[2026-03-25T21:45:23.279+0900][16.221s][info][gc,cpu      ] GC(395) User=0.00s Sys=0.00s Real=0.00s
[2026-03-25T21:45:23.279+0900][16.221s][info][gc,marking  ] GC(395) Concurrent Cleanup for Next Mark
[2026-03-25T21:45:23.279+0900][16.221s][info][gc,marking  ] GC(395) Concurrent Cleanup for Next Mark 0.417ms
[2026-03-25T21:45:23.279+0900][16.221s][info][gc          ] GC(395) Concurrent Mark Cycle 6.037ms
[2026-03-25T21:45:23.326+0900][16.268s][info][gc,start    ] GC(396) Pause Young (Concurrent Start) (G1 Humongous Allocation)
[2026-03-25T21:45:23.326+0900][16.268s][info][gc,task     ] GC(396) Using 8 workers of 8 for evacuation
[2026-03-25T21:45:23.328+0900][16.271s][info][gc,phases   ] GC(396)   Pre Evacuate Collection Set: 0.7ms
[2026-03-25T21:45:23.329+0900][16.271s][info][gc,phases   ] GC(396)   Merge Heap Roots: 0.6ms
[2026-03-25T21:45:23.329+0900][16.271s][info][gc,phases   ] GC(396)   Evacuate Collection Set: 0.4ms
[2026-03-25T21:45:23.329+0900][16.271s][info][gc,phases   ] GC(396)   Post Evacuate Collection Set: 0.2ms
[2026-03-25T21:45:23.329+0900][16.271s][info][gc,phases   ] GC(396)   Other: 0.4ms
[2026-03-25T21:45:23.329+0900][16.271s][info][gc,heap     ] GC(396) Eden regions: 1->0(104)
[2026-03-25T21:45:23.329+0900][16.271s][info][gc,heap     ] GC(396) Survivor regions: 1->1(14)
[2026-03-25T21:45:23.329+0900][16.271s][info][gc,heap     ] GC(396) Old regions: 1->1
[2026-03-25T21:45:23.329+0900][16.271s][info][gc,heap     ] GC(396) Archive regions: 2->2
[2026-03-25T21:45:23.329+0900][16.271s][info][gc,heap     ] GC(396) Humongous regions: 351->351
[2026-03-25T21:45:23.329+0900][16.271s][info][gc,metaspace] GC(396) Metaspace: 181K(384K)->181K(384K) NonClass: 173K(256K)->173K(256K) Class: 7K(128K)->7K(128K)
[2026-03-25T21:45:23.329+0900][16.271s][info][gc          ] GC(396) Pause Young (Concurrent Start) (G1 Humongous Allocation) 352M->352M(512M) 2.776ms
[2026-03-25T21:45:23.329+0900][16.271s][info][gc,cpu      ] GC(396) User=0.00s Sys=0.00s Real=0.00s
[2026-03-25T21:45:23.329+0900][16.271s][info][gc          ] GC(397) Concurrent Mark Cycle
[2026-03-25T21:45:23.329+0900][16.271s][info][gc,marking  ] GC(397) Concurrent Clear Claimed Marks
[2026-03-25T21:45:23.329+0900][16.271s][info][gc,marking  ] GC(397) Concurrent Clear Claimed Marks 0.020ms
[2026-03-25T21:45:23.329+0900][16.271s][info][gc,marking  ] GC(397) Concurrent Scan Root Regions
[2026-03-25T21:45:23.329+0900][16.271s][info][gc,marking  ] GC(397) Concurrent Scan Root Regions 0.083ms
[2026-03-25T21:45:23.329+0900][16.271s][info][gc,marking  ] GC(397) Concurrent Mark
[2026-03-25T21:45:23.330+0900][16.272s][info][gc,marking  ] GC(397) Concurrent Mark From Roots
[2026-03-25T21:45:23.330+0900][16.272s][info][gc,task     ] GC(397) Using 2 workers of 2 for marking
[2026-03-25T21:45:23.333+0900][16.275s][info][gc,marking  ] GC(397) Concurrent Mark From Roots 3.068ms
[2026-03-25T21:45:23.333+0900][16.276s][info][gc,marking  ] GC(397) Concurrent Preclean
[2026-03-25T21:45:23.333+0900][16.276s][info][gc,marking  ] GC(397) Concurrent Preclean 0.037ms
[2026-03-25T21:45:23.333+0900][16.276s][info][gc,start    ] GC(397) Pause Remark
[2026-03-25T21:45:23.334+0900][16.276s][info][gc          ] GC(397) Pause Remark 353M->353M(512M) 0.381ms
[2026-03-25T21:45:23.334+0900][16.276s][info][gc,cpu      ] GC(397) User=0.00s Sys=0.00s Real=0.00s
[2026-03-25T21:45:23.334+0900][16.276s][info][gc,marking  ] GC(397) Concurrent Mark 4.647ms
[2026-03-25T21:45:23.334+0900][16.276s][info][gc,marking  ] GC(397) Concurrent Rebuild Remembered Sets
[2026-03-25T21:45:23.335+0900][16.277s][info][gc,marking  ] GC(397) Concurrent Rebuild Remembered Sets 0.967ms
[2026-03-25T21:45:23.335+0900][16.277s][info][gc,start    ] GC(397) Pause Cleanup
[2026-03-25T21:45:23.335+0900][16.277s][info][gc          ] GC(397) Pause Cleanup 353M->353M(512M) 0.120ms
[2026-03-25T21:45:23.335+0900][16.277s][info][gc,cpu      ] GC(397) User=0.00s Sys=0.00s Real=0.00s
[2026-03-25T21:45:23.335+0900][16.277s][info][gc,marking  ] GC(397) Concurrent Cleanup for Next Mark
[2026-03-25T21:45:23.336+0900][16.278s][info][gc,marking  ] GC(397) Concurrent Cleanup for Next Mark 0.427ms
[2026-03-25T21:45:23.336+0900][16.278s][info][gc          ] GC(397) Concurrent Mark Cycle 6.557ms
[2026-03-25T21:45:23.381+0900][16.323s][info][gc,start    ] GC(398) Pause Young (Concurrent Start) (G1 Humongous Allocation)
[2026-03-25T21:45:23.381+0900][16.323s][info][gc,task     ] GC(398) Using 8 workers of 8 for evacuation
[2026-03-25T21:45:23.382+0900][16.324s][info][gc,phases   ] GC(398)   Pre Evacuate Collection Set: 0.2ms
[2026-03-25T21:45:23.382+0900][16.324s][info][gc,phases   ] GC(398)   Merge Heap Roots: 0.1ms
[2026-03-25T21:45:23.382+0900][16.324s][info][gc,phases   ] GC(398)   Evacuate Collection Set: 0.2ms
[2026-03-25T21:45:23.382+0900][16.324s][info][gc,phases   ] GC(398)   Post Evacuate Collection Set: 0.2ms
[2026-03-25T21:45:23.382+0900][16.324s][info][gc,phases   ] GC(398)   Other: 0.2ms
[2026-03-25T21:45:23.382+0900][16.324s][info][gc,heap     ] GC(398) Eden regions: 1->0(103)
[2026-03-25T21:45:23.382+0900][16.324s][info][gc,heap     ] GC(398) Survivor regions: 1->1(14)
[2026-03-25T21:45:23.382+0900][16.324s][info][gc,heap     ] GC(398) Old regions: 1->1
[2026-03-25T21:45:23.382+0900][16.324s][info][gc,heap     ] GC(398) Archive regions: 2->2
[2026-03-25T21:45:23.382+0900][16.324s][info][gc,heap     ] GC(398) Humongous regions: 352->352
[2026-03-25T21:45:23.382+0900][16.324s][info][gc,metaspace] GC(398) Metaspace: 181K(384K)->181K(384K) NonClass: 173K(256K)->173K(256K) Class: 7K(128K)->7K(128K)
[2026-03-25T21:45:23.382+0900][16.324s][info][gc          ] GC(398) Pause Young (Concurrent Start) (G1 Humongous Allocation) 353M->353M(512M) 1.141ms
[2026-03-25T21:45:23.382+0900][16.324s][info][gc,cpu      ] GC(398) User=0.00s Sys=0.00s Real=0.00s
[2026-03-25T21:45:23.382+0900][16.324s][info][gc          ] GC(399) Concurrent Mark Cycle
[2026-03-25T21:45:23.382+0900][16.324s][info][gc,marking  ] GC(399) Concurrent Clear Claimed Marks
[2026-03-25T21:45:23.382+0900][16.324s][info][gc,marking  ] GC(399) Concurrent Clear Claimed Marks 0.014ms
[2026-03-25T21:45:23.382+0900][16.324s][info][gc,marking  ] GC(399) Concurrent Scan Root Regions
[2026-03-25T21:45:23.382+0900][16.324s][info][gc,marking  ] GC(399) Concurrent Scan Root Regions 0.047ms
[2026-03-25T21:45:23.382+0900][16.325s][info][gc,marking  ] GC(399) Concurrent Mark
[2026-03-25T21:45:23.382+0900][16.325s][info][gc,marking  ] GC(399) Concurrent Mark From Roots
[2026-03-25T21:45:23.382+0900][16.325s][info][gc,task     ] GC(399) Using 2 workers of 2 for marking
[2026-03-25T21:45:23.384+0900][16.326s][info][gc,marking  ] GC(399) Concurrent Mark From Roots 1.702ms
[2026-03-25T21:45:23.384+0900][16.326s][info][gc,marking  ] GC(399) Concurrent Preclean
[2026-03-25T21:45:23.384+0900][16.326s][info][gc,marking  ] GC(399) Concurrent Preclean 0.038ms
[2026-03-25T21:45:23.384+0900][16.326s][info][gc,start    ] GC(399) Pause Remark
[2026-03-25T21:45:23.385+0900][16.327s][info][gc          ] GC(399) Pause Remark 354M->354M(512M) 0.440ms
[2026-03-25T21:45:23.385+0900][16.327s][info][gc,cpu      ] GC(399) User=0.00s Sys=0.00s Real=0.00s
[2026-03-25T21:45:23.385+0900][16.327s][info][gc,marking  ] GC(399) Concurrent Mark 2.339ms
[2026-03-25T21:45:23.385+0900][16.327s][info][gc,marking  ] GC(399) Concurrent Rebuild Remembered Sets
[2026-03-25T21:45:23.386+0900][16.328s][info][gc,marking  ] GC(399) Concurrent Rebuild Remembered Sets 0.961ms
[2026-03-25T21:45:23.386+0900][16.328s][info][gc,start    ] GC(399) Pause Cleanup
[2026-03-25T21:45:23.386+0900][16.328s][info][gc          ] GC(399) Pause Cleanup 354M->354M(512M) 0.142ms
[2026-03-25T21:45:23.386+0900][16.328s][info][gc,cpu      ] GC(399) User=0.00s Sys=0.00s Real=0.00s
[2026-03-25T21:45:23.386+0900][16.328s][info][gc,marking  ] GC(399) Concurrent Cleanup for Next Mark
[2026-03-25T21:45:23.386+0900][16.328s][info][gc,marking  ] GC(399) Concurrent Cleanup for Next Mark 0.360ms
[2026-03-25T21:45:23.386+0900][16.328s][info][gc          ] GC(399) Concurrent Mark Cycle 4.124ms
[2026-03-25T21:45:23.437+0900][16.380s][info][gc,start    ] GC(400) Pause Young (Concurrent Start) (G1 Humongous Allocation)
[2026-03-25T21:45:23.438+0900][16.380s][info][gc,task     ] GC(400) Using 8 workers of 8 for evacuation
[2026-03-25T21:45:23.438+0900][16.380s][info][gc,phases   ] GC(400)   Pre Evacuate Collection Set: 0.1ms
[2026-03-25T21:45:23.438+0900][16.380s][info][gc,phases   ] GC(400)   Merge Heap Roots: 0.1ms
[2026-03-25T21:45:23.438+0900][16.380s][info][gc,phases   ] GC(400)   Evacuate Collection Set: 0.2ms
[2026-03-25T21:45:23.438+0900][16.381s][info][gc,phases   ] GC(400)   Post Evacuate Collection Set: 0.2ms
[2026-03-25T21:45:23.438+0900][16.381s][info][gc,phases   ] GC(400)   Other: 0.2ms
[2026-03-25T21:45:23.438+0900][16.381s][info][gc,heap     ] GC(400) Eden regions: 1->0(102)
[2026-03-25T21:45:23.438+0900][16.381s][info][gc,heap     ] GC(400) Survivor regions: 1->1(13)
[2026-03-25T21:45:23.438+0900][16.381s][info][gc,heap     ] GC(400) Old regions: 1->1
[2026-03-25T21:45:23.438+0900][16.381s][info][gc,heap     ] GC(400) Archive regions: 2->2
[2026-03-25T21:45:23.438+0900][16.381s][info][gc,heap     ] GC(400) Humongous regions: 353->353
[2026-03-25T21:45:23.438+0900][16.381s][info][gc,metaspace] GC(400) Metaspace: 181K(384K)->181K(384K) NonClass: 173K(256K)->173K(256K) Class: 7K(128K)->7K(128K)
[2026-03-25T21:45:23.438+0900][16.381s][info][gc          ] GC(400) Pause Young (Concurrent Start) (G1 Humongous Allocation) 354M->354M(512M) 0.916ms
[2026-03-25T21:45:23.438+0900][16.381s][info][gc,cpu      ] GC(400) User=0.00s Sys=0.00s Real=0.00s
[2026-03-25T21:45:23.438+0900][16.381s][info][gc          ] GC(401) Concurrent Mark Cycle
[2026-03-25T21:45:23.438+0900][16.381s][info][gc,marking  ] GC(401) Concurrent Clear Claimed Marks
[2026-03-25T21:45:23.439+0900][16.381s][info][gc,marking  ] GC(401) Concurrent Clear Claimed Marks 0.015ms
[2026-03-25T21:45:23.439+0900][16.381s][info][gc,marking  ] GC(401) Concurrent Scan Root Regions
[2026-03-25T21:45:23.439+0900][16.381s][info][gc,marking  ] GC(401) Concurrent Scan Root Regions 0.036ms
[2026-03-25T21:45:23.439+0900][16.381s][info][gc,marking  ] GC(401) Concurrent Mark
[2026-03-25T21:45:23.439+0900][16.381s][info][gc,marking  ] GC(401) Concurrent Mark From Roots
[2026-03-25T21:45:23.439+0900][16.381s][info][gc,task     ] GC(401) Using 2 workers of 2 for marking
[2026-03-25T21:45:23.440+0900][16.383s][info][gc,marking  ] GC(401) Concurrent Mark From Roots 1.819ms
[2026-03-25T21:45:23.440+0900][16.383s][info][gc,marking  ] GC(401) Concurrent Preclean
[2026-03-25T21:45:23.440+0900][16.383s][info][gc,marking  ] GC(401) Concurrent Preclean 0.037ms
[2026-03-25T21:45:23.441+0900][16.383s][info][gc,start    ] GC(401) Pause Remark
[2026-03-25T21:45:23.441+0900][16.383s][info][gc          ] GC(401) Pause Remark 355M->355M(512M) 0.370ms
[2026-03-25T21:45:23.441+0900][16.383s][info][gc,cpu      ] GC(401) User=0.00s Sys=0.00s Real=0.00s
[2026-03-25T21:45:23.441+0900][16.383s][info][gc,marking  ] GC(401) Concurrent Mark 2.404ms
[2026-03-25T21:45:23.441+0900][16.383s][info][gc,marking  ] GC(401) Concurrent Rebuild Remembered Sets
[2026-03-25T21:45:23.442+0900][16.384s][info][gc,marking  ] GC(401) Concurrent Rebuild Remembered Sets 0.878ms
[2026-03-25T21:45:23.442+0900][16.384s][info][gc,start    ] GC(401) Pause Cleanup
[2026-03-25T21:45:23.442+0900][16.384s][info][gc          ] GC(401) Pause Cleanup 355M->355M(512M) 0.102ms
[2026-03-25T21:45:23.442+0900][16.384s][info][gc,cpu      ] GC(401) User=0.00s Sys=0.00s Real=0.00s
[2026-03-25T21:45:23.442+0900][16.384s][info][gc,marking  ] GC(401) Concurrent Cleanup for Next Mark
[2026-03-25T21:45:23.443+0900][16.385s][info][gc,marking  ] GC(401) Concurrent Cleanup for Next Mark 0.454ms
[2026-03-25T21:45:23.443+0900][16.385s][info][gc          ] GC(401) Concurrent Mark Cycle 4.103ms
[2026-03-25T21:45:23.493+0900][16.435s][info][gc,start    ] GC(402) Pause Young (Concurrent Start) (G1 Humongous Allocation)
[2026-03-25T21:45:23.493+0900][16.436s][info][gc,task     ] GC(402) Using 8 workers of 8 for evacuation
[2026-03-25T21:45:23.494+0900][16.436s][info][gc,phases   ] GC(402)   Pre Evacuate Collection Set: 0.1ms
[2026-03-25T21:45:23.494+0900][16.436s][info][gc,phases   ] GC(402)   Merge Heap Roots: 0.1ms
[2026-03-25T21:45:23.494+0900][16.436s][info][gc,phases   ] GC(402)   Evacuate Collection Set: 0.2ms
[2026-03-25T21:45:23.494+0900][16.436s][info][gc,phases   ] GC(402)   Post Evacuate Collection Set: 0.2ms
[2026-03-25T21:45:23.494+0900][16.436s][info][gc,phases   ] GC(402)   Other: 0.1ms
[2026-03-25T21:45:23.494+0900][16.436s][info][gc,heap     ] GC(402) Eden regions: 1->0(101)
[2026-03-25T21:45:23.494+0900][16.436s][info][gc,heap     ] GC(402) Survivor regions: 1->1(13)
[2026-03-25T21:45:23.494+0900][16.436s][info][gc,heap     ] GC(402) Old regions: 1->1
[2026-03-25T21:45:23.494+0900][16.436s][info][gc,heap     ] GC(402) Archive regions: 2->2
[2026-03-25T21:45:23.494+0900][16.436s][info][gc,heap     ] GC(402) Humongous regions: 354->354
[2026-03-25T21:45:23.494+0900][16.436s][info][gc,metaspace] GC(402) Metaspace: 181K(384K)->181K(384K) NonClass: 173K(256K)->173K(256K) Class: 7K(128K)->7K(128K)
[2026-03-25T21:45:23.494+0900][16.436s][info][gc          ] GC(402) Pause Young (Concurrent Start) (G1 Humongous Allocation) 355M->355M(512M) 0.924ms
[2026-03-25T21:45:23.494+0900][16.436s][info][gc,cpu      ] GC(402) User=0.00s Sys=0.00s Real=0.00s
[2026-03-25T21:45:23.494+0900][16.436s][info][gc          ] GC(403) Concurrent Mark Cycle
[2026-03-25T21:45:23.494+0900][16.436s][info][gc,marking  ] GC(403) Concurrent Clear Claimed Marks
[2026-03-25T21:45:23.494+0900][16.436s][info][gc,marking  ] GC(403) Concurrent Clear Claimed Marks 0.013ms
[2026-03-25T21:45:23.494+0900][16.436s][info][gc,marking  ] GC(403) Concurrent Scan Root Regions
[2026-03-25T21:45:23.494+0900][16.437s][info][gc,marking  ] GC(403) Concurrent Scan Root Regions 0.029ms
[2026-03-25T21:45:23.494+0900][16.437s][info][gc,marking  ] GC(403) Concurrent Mark
[2026-03-25T21:45:23.494+0900][16.437s][info][gc,marking  ] GC(403) Concurrent Mark From Roots
[2026-03-25T21:45:23.494+0900][16.437s][info][gc,task     ] GC(403) Using 2 workers of 2 for marking
[2026-03-25T21:45:23.496+0900][16.438s][info][gc,marking  ] GC(403) Concurrent Mark From Roots 1.590ms
[2026-03-25T21:45:23.496+0900][16.438s][info][gc,marking  ] GC(403) Concurrent Preclean
[2026-03-25T21:45:23.496+0900][16.438s][info][gc,marking  ] GC(403) Concurrent Preclean 0.029ms
[2026-03-25T21:45:23.496+0900][16.438s][info][gc,start    ] GC(403) Pause Remark
[2026-03-25T21:45:23.496+0900][16.439s][info][gc          ] GC(403) Pause Remark 356M->356M(512M) 0.303ms
[2026-03-25T21:45:23.496+0900][16.439s][info][gc,cpu      ] GC(403) User=0.00s Sys=0.00s Real=0.00s
[2026-03-25T21:45:23.496+0900][16.439s][info][gc,marking  ] GC(403) Concurrent Mark 2.039ms
[2026-03-25T21:45:23.496+0900][16.439s][info][gc,marking  ] GC(403) Concurrent Rebuild Remembered Sets
[2026-03-25T21:45:23.497+0900][16.439s][info][gc,marking  ] GC(403) Concurrent Rebuild Remembered Sets 0.742ms
[2026-03-25T21:45:23.497+0900][16.439s][info][gc,start    ] GC(403) Pause Cleanup
[2026-03-25T21:45:23.497+0900][16.439s][info][gc          ] GC(403) Pause Cleanup 356M->356M(512M) 0.078ms
[2026-03-25T21:45:23.497+0900][16.439s][info][gc,cpu      ] GC(403) User=0.00s Sys=0.00s Real=0.00s
[2026-03-25T21:45:23.497+0900][16.439s][info][gc,marking  ] GC(403) Concurrent Cleanup for Next Mark
[2026-03-25T21:45:23.498+0900][16.440s][info][gc,marking  ] GC(403) Concurrent Cleanup for Next Mark 0.337ms
[2026-03-25T21:45:23.498+0900][16.440s][info][gc          ] GC(403) Concurrent Mark Cycle 3.416ms
[2026-03-25T21:45:23.549+0900][16.491s][info][gc,start    ] GC(404) Pause Young (Concurrent Start) (G1 Humongous Allocation)
[2026-03-25T21:45:23.549+0900][16.491s][info][gc,task     ] GC(404) Using 8 workers of 8 for evacuation
[2026-03-25T21:45:23.550+0900][16.492s][info][gc,phases   ] GC(404)   Pre Evacuate Collection Set: 0.2ms
[2026-03-25T21:45:23.550+0900][16.492s][info][gc,phases   ] GC(404)   Merge Heap Roots: 0.1ms
[2026-03-25T21:45:23.550+0900][16.492s][info][gc,phases   ] GC(404)   Evacuate Collection Set: 0.2ms
[2026-03-25T21:45:23.550+0900][16.492s][info][gc,phases   ] GC(404)   Post Evacuate Collection Set: 0.2ms
[2026-03-25T21:45:23.550+0900][16.492s][info][gc,phases   ] GC(404)   Other: 0.2ms
[2026-03-25T21:45:23.550+0900][16.492s][info][gc,heap     ] GC(404) Eden regions: 1->0(100)
[2026-03-25T21:45:23.550+0900][16.492s][info][gc,heap     ] GC(404) Survivor regions: 1->1(13)
[2026-03-25T21:45:23.550+0900][16.492s][info][gc,heap     ] GC(404) Old regions: 1->1
[2026-03-25T21:45:23.550+0900][16.492s][info][gc,heap     ] GC(404) Archive regions: 2->2
[2026-03-25T21:45:23.550+0900][16.492s][info][gc,heap     ] GC(404) Humongous regions: 355->355
[2026-03-25T21:45:23.550+0900][16.492s][info][gc,metaspace] GC(404) Metaspace: 181K(384K)->181K(384K) NonClass: 173K(256K)->173K(256K) Class: 7K(128K)->7K(128K)
[2026-03-25T21:45:23.550+0900][16.492s][info][gc          ] GC(404) Pause Young (Concurrent Start) (G1 Humongous Allocation) 356M->356M(512M) 1.014ms
[2026-03-25T21:45:23.550+0900][16.492s][info][gc,cpu      ] GC(404) User=0.00s Sys=0.01s Real=0.01s
[2026-03-25T21:45:23.550+0900][16.492s][info][gc          ] GC(405) Concurrent Mark Cycle
[2026-03-25T21:45:23.550+0900][16.492s][info][gc,marking  ] GC(405) Concurrent Clear Claimed Marks
[2026-03-25T21:45:23.550+0900][16.492s][info][gc,marking  ] GC(405) Concurrent Clear Claimed Marks 0.011ms
[2026-03-25T21:45:23.550+0900][16.492s][info][gc,marking  ] GC(405) Concurrent Scan Root Regions
[2026-03-25T21:45:23.550+0900][16.492s][info][gc,marking  ] GC(405) Concurrent Scan Root Regions 0.032ms
[2026-03-25T21:45:23.550+0900][16.492s][info][gc,marking  ] GC(405) Concurrent Mark
[2026-03-25T21:45:23.550+0900][16.492s][info][gc,marking  ] GC(405) Concurrent Mark From Roots
[2026-03-25T21:45:23.550+0900][16.492s][info][gc,task     ] GC(405) Using 2 workers of 2 for marking
[2026-03-25T21:45:23.552+0900][16.494s][info][gc,marking  ] GC(405) Concurrent Mark From Roots 1.424ms
[2026-03-25T21:45:23.552+0900][16.494s][info][gc,marking  ] GC(405) Concurrent Preclean
[2026-03-25T21:45:23.552+0900][16.494s][info][gc,marking  ] GC(405) Concurrent Preclean 0.028ms
[2026-03-25T21:45:23.552+0900][16.494s][info][gc,start    ] GC(405) Pause Remark
[2026-03-25T21:45:23.552+0900][16.494s][info][gc          ] GC(405) Pause Remark 357M->357M(512M) 0.302ms
[2026-03-25T21:45:23.552+0900][16.494s][info][gc,cpu      ] GC(405) User=0.00s Sys=0.00s Real=0.00s
[2026-03-25T21:45:23.552+0900][16.494s][info][gc,marking  ] GC(405) Concurrent Mark 1.902ms
[2026-03-25T21:45:23.552+0900][16.494s][info][gc,marking  ] GC(405) Concurrent Rebuild Remembered Sets
[2026-03-25T21:45:23.553+0900][16.495s][info][gc,marking  ] GC(405) Concurrent Rebuild Remembered Sets 0.585ms
[2026-03-25T21:45:23.553+0900][16.495s][info][gc,start    ] GC(405) Pause Cleanup
[2026-03-25T21:45:23.553+0900][16.495s][info][gc          ] GC(405) Pause Cleanup 357M->357M(512M) 0.079ms
[2026-03-25T21:45:23.553+0900][16.495s][info][gc,cpu      ] GC(405) User=0.00s Sys=0.00s Real=0.00s
[2026-03-25T21:45:23.553+0900][16.495s][info][gc,marking  ] GC(405) Concurrent Cleanup for Next Mark
[2026-03-25T21:45:23.553+0900][16.495s][info][gc,marking  ] GC(405) Concurrent Cleanup for Next Mark 0.343ms
[2026-03-25T21:45:23.553+0900][16.495s][info][gc          ] GC(405) Concurrent Mark Cycle 3.094ms
[2026-03-25T21:45:23.603+0900][16.546s][info][gc,start    ] GC(406) Pause Young (Concurrent Start) (G1 Humongous Allocation)
[2026-03-25T21:45:23.604+0900][16.546s][info][gc,task     ] GC(406) Using 8 workers of 8 for evacuation
[2026-03-25T21:45:23.604+0900][16.546s][info][gc,phases   ] GC(406)   Pre Evacuate Collection Set: 0.1ms
[2026-03-25T21:45:23.604+0900][16.546s][info][gc,phases   ] GC(406)   Merge Heap Roots: 0.1ms
[2026-03-25T21:45:23.604+0900][16.546s][info][gc,phases   ] GC(406)   Evacuate Collection Set: 0.1ms
[2026-03-25T21:45:23.604+0900][16.546s][info][gc,phases   ] GC(406)   Post Evacuate Collection Set: 0.1ms
[2026-03-25T21:45:23.604+0900][16.546s][info][gc,phases   ] GC(406)   Other: 0.1ms
[2026-03-25T21:45:23.604+0900][16.546s][info][gc,heap     ] GC(406) Eden regions: 1->0(99)
[2026-03-25T21:45:23.604+0900][16.546s][info][gc,heap     ] GC(406) Survivor regions: 1->1(13)
[2026-03-25T21:45:23.604+0900][16.546s][info][gc,heap     ] GC(406) Old regions: 1->1
[2026-03-25T21:45:23.604+0900][16.546s][info][gc,heap     ] GC(406) Archive regions: 2->2
[2026-03-25T21:45:23.604+0900][16.546s][info][gc,heap     ] GC(406) Humongous regions: 356->356
[2026-03-25T21:45:23.604+0900][16.546s][info][gc,metaspace] GC(406) Metaspace: 181K(384K)->181K(384K) NonClass: 173K(256K)->173K(256K) Class: 7K(128K)->7K(128K)
[2026-03-25T21:45:23.604+0900][16.546s][info][gc          ] GC(406) Pause Young (Concurrent Start) (G1 Humongous Allocation) 357M->357M(512M) 0.660ms
[2026-03-25T21:45:23.604+0900][16.546s][info][gc,cpu      ] GC(406) User=0.00s Sys=0.00s Real=0.00s
[2026-03-25T21:45:23.604+0900][16.546s][info][gc          ] GC(407) Concurrent Mark Cycle
[2026-03-25T21:45:23.604+0900][16.546s][info][gc,marking  ] GC(407) Concurrent Clear Claimed Marks
[2026-03-25T21:45:23.604+0900][16.546s][info][gc,marking  ] GC(407) Concurrent Clear Claimed Marks 0.008ms
[2026-03-25T21:45:23.604+0900][16.546s][info][gc,marking  ] GC(407) Concurrent Scan Root Regions
[2026-03-25T21:45:23.604+0900][16.546s][info][gc,marking  ] GC(407) Concurrent Scan Root Regions 0.027ms
[2026-03-25T21:45:23.604+0900][16.546s][info][gc,marking  ] GC(407) Concurrent Mark
[2026-03-25T21:45:23.604+0900][16.546s][info][gc,marking  ] GC(407) Concurrent Mark From Roots
[2026-03-25T21:45:23.604+0900][16.546s][info][gc,task     ] GC(407) Using 2 workers of 2 for marking
[2026-03-25T21:45:23.606+0900][16.548s][info][gc,marking  ] GC(407) Concurrent Mark From Roots 1.258ms
[2026-03-25T21:45:23.606+0900][16.548s][info][gc,marking  ] GC(407) Concurrent Preclean
[2026-03-25T21:45:23.606+0900][16.548s][info][gc,marking  ] GC(407) Concurrent Preclean 0.026ms
[2026-03-25T21:45:23.606+0900][16.548s][info][gc,start    ] GC(407) Pause Remark
[2026-03-25T21:45:23.606+0900][16.548s][info][gc          ] GC(407) Pause Remark 358M->358M(512M) 0.235ms
[2026-03-25T21:45:23.606+0900][16.548s][info][gc,cpu      ] GC(407) User=0.00s Sys=0.00s Real=0.00s
[2026-03-25T21:45:23.606+0900][16.548s][info][gc,marking  ] GC(407) Concurrent Mark 1.609ms
[2026-03-25T21:45:23.606+0900][16.548s][info][gc,marking  ] GC(407) Concurrent Rebuild Remembered Sets
[2026-03-25T21:45:23.607+0900][16.549s][info][gc,marking  ] GC(407) Concurrent Rebuild Remembered Sets 0.651ms
[2026-03-25T21:45:23.607+0900][16.549s][info][gc,start    ] GC(407) Pause Cleanup
[2026-03-25T21:45:23.607+0900][16.549s][info][gc          ] GC(407) Pause Cleanup 358M->358M(512M) 0.104ms
[2026-03-25T21:45:23.607+0900][16.549s][info][gc,cpu      ] GC(407) User=0.00s Sys=0.00s Real=0.00s
[2026-03-25T21:45:23.607+0900][16.549s][info][gc,marking  ] GC(407) Concurrent Cleanup for Next Mark
[2026-03-25T21:45:23.607+0900][16.549s][info][gc,marking  ] GC(407) Concurrent Cleanup for Next Mark 0.434ms
[2026-03-25T21:45:23.607+0900][16.549s][info][gc          ] GC(407) Concurrent Mark Cycle 2.976ms
[2026-03-25T21:45:23.658+0900][16.600s][info][gc,start    ] GC(408) Pause Young (Concurrent Start) (G1 Humongous Allocation)
[2026-03-25T21:45:23.658+0900][16.601s][info][gc,task     ] GC(408) Using 8 workers of 8 for evacuation
[2026-03-25T21:45:23.659+0900][16.601s][info][gc,phases   ] GC(408)   Pre Evacuate Collection Set: 0.1ms
[2026-03-25T21:45:23.659+0900][16.601s][info][gc,phases   ] GC(408)   Merge Heap Roots: 0.1ms
[2026-03-25T21:45:23.659+0900][16.601s][info][gc,phases   ] GC(408)   Evacuate Collection Set: 0.2ms
[2026-03-25T21:45:23.659+0900][16.601s][info][gc,phases   ] GC(408)   Post Evacuate Collection Set: 0.1ms
[2026-03-25T21:45:23.659+0900][16.601s][info][gc,phases   ] GC(408)   Other: 0.2ms
[2026-03-25T21:45:23.659+0900][16.601s][info][gc,heap     ] GC(408) Eden regions: 1->0(98)
[2026-03-25T21:45:23.659+0900][16.601s][info][gc,heap     ] GC(408) Survivor regions: 1->1(13)
[2026-03-25T21:45:23.659+0900][16.601s][info][gc,heap     ] GC(408) Old regions: 1->1
[2026-03-25T21:45:23.659+0900][16.601s][info][gc,heap     ] GC(408) Archive regions: 2->2
[2026-03-25T21:45:23.659+0900][16.601s][info][gc,heap     ] GC(408) Humongous regions: 357->357
[2026-03-25T21:45:23.659+0900][16.601s][info][gc,metaspace] GC(408) Metaspace: 181K(384K)->181K(384K) NonClass: 173K(256K)->173K(256K) Class: 7K(128K)->7K(128K)
[2026-03-25T21:45:23.659+0900][16.601s][info][gc          ] GC(408) Pause Young (Concurrent Start) (G1 Humongous Allocation) 358M->358M(512M) 0.996ms
[2026-03-25T21:45:23.659+0900][16.601s][info][gc,cpu      ] GC(408) User=0.01s Sys=0.00s Real=0.00s
[2026-03-25T21:45:23.659+0900][16.602s][info][gc          ] GC(409) Concurrent Mark Cycle
[2026-03-25T21:45:23.659+0900][16.602s][info][gc,marking  ] GC(409) Concurrent Clear Claimed Marks
[2026-03-25T21:45:23.659+0900][16.602s][info][gc,marking  ] GC(409) Concurrent Clear Claimed Marks 0.012ms
[2026-03-25T21:45:23.659+0900][16.602s][info][gc,marking  ] GC(409) Concurrent Scan Root Regions
[2026-03-25T21:45:23.659+0900][16.602s][info][gc,marking  ] GC(409) Concurrent Scan Root Regions 0.038ms
[2026-03-25T21:45:23.659+0900][16.602s][info][gc,marking  ] GC(409) Concurrent Mark
[2026-03-25T21:45:23.659+0900][16.602s][info][gc,marking  ] GC(409) Concurrent Mark From Roots
[2026-03-25T21:45:23.659+0900][16.602s][info][gc,task     ] GC(409) Using 2 workers of 2 for marking
[2026-03-25T21:45:23.661+0900][16.603s][info][gc,marking  ] GC(409) Concurrent Mark From Roots 1.859ms
[2026-03-25T21:45:23.661+0900][16.604s][info][gc,marking  ] GC(409) Concurrent Preclean
[2026-03-25T21:45:23.661+0900][16.604s][info][gc,marking  ] GC(409) Concurrent Preclean 0.036ms
[2026-03-25T21:45:23.661+0900][16.604s][info][gc,start    ] GC(409) Pause Remark
[2026-03-25T21:45:23.662+0900][16.604s][info][gc          ] GC(409) Pause Remark 361M->361M(512M) 0.308ms
[2026-03-25T21:45:23.662+0900][16.604s][info][gc,cpu      ] GC(409) User=0.00s Sys=0.00s Real=0.00s
[2026-03-25T21:45:23.662+0900][16.604s][info][gc,marking  ] GC(409) Concurrent Mark 2.383ms
[2026-03-25T21:45:23.662+0900][16.604s][info][gc,marking  ] GC(409) Concurrent Rebuild Remembered Sets
[2026-03-25T21:45:23.662+0900][16.605s][info][gc,marking  ] GC(409) Concurrent Rebuild Remembered Sets 0.598ms
[2026-03-25T21:45:23.662+0900][16.605s][info][gc,start    ] GC(409) Pause Cleanup
[2026-03-25T21:45:23.662+0900][16.605s][info][gc          ] GC(409) Pause Cleanup 361M->361M(512M) 0.068ms
[2026-03-25T21:45:23.662+0900][16.605s][info][gc,cpu      ] GC(409) User=0.00s Sys=0.00s Real=0.00s
[2026-03-25T21:45:23.663+0900][16.605s][info][gc,marking  ] GC(409) Concurrent Cleanup for Next Mark
[2026-03-25T21:45:23.663+0900][16.605s][info][gc,marking  ] GC(409) Concurrent Cleanup for Next Mark 0.463ms
[2026-03-25T21:45:23.663+0900][16.605s][info][gc          ] GC(409) Concurrent Mark Cycle 3.800ms
[2026-03-25T21:45:23.715+0900][16.657s][info][gc,start    ] GC(410) Pause Young (Concurrent Start) (G1 Humongous Allocation)
[2026-03-25T21:45:23.715+0900][16.657s][info][gc,task     ] GC(410) Using 8 workers of 8 for evacuation
[2026-03-25T21:45:23.716+0900][16.658s][info][gc,phases   ] GC(410)   Pre Evacuate Collection Set: 0.2ms
[2026-03-25T21:45:23.716+0900][16.658s][info][gc,phases   ] GC(410)   Merge Heap Roots: 0.2ms
[2026-03-25T21:45:23.716+0900][16.658s][info][gc,phases   ] GC(410)   Evacuate Collection Set: 0.2ms
[2026-03-25T21:45:23.716+0900][16.658s][info][gc,phases   ] GC(410)   Post Evacuate Collection Set: 0.2ms
[2026-03-25T21:45:23.716+0900][16.658s][info][gc,phases   ] GC(410)   Other: 0.3ms
[2026-03-25T21:45:23.716+0900][16.658s][info][gc,heap     ] GC(410) Eden regions: 1->0(95)
[2026-03-25T21:45:23.716+0900][16.658s][info][gc,heap     ] GC(410) Survivor regions: 1->1(13)
[2026-03-25T21:45:23.716+0900][16.658s][info][gc,heap     ] GC(410) Old regions: 1->1
[2026-03-25T21:45:23.716+0900][16.658s][info][gc,heap     ] GC(410) Archive regions: 2->2
[2026-03-25T21:45:23.716+0900][16.658s][info][gc,heap     ] GC(410) Humongous regions: 360->360
[2026-03-25T21:45:23.716+0900][16.658s][info][gc,metaspace] GC(410) Metaspace: 181K(384K)->181K(384K) NonClass: 173K(256K)->173K(256K) Class: 7K(128K)->7K(128K)
[2026-03-25T21:45:23.716+0900][16.658s][info][gc          ] GC(410) Pause Young (Concurrent Start) (G1 Humongous Allocation) 361M->361M(512M) 1.216ms
[2026-03-25T21:45:23.716+0900][16.658s][info][gc,cpu      ] GC(410) User=0.00s Sys=0.00s Real=0.00s
[2026-03-25T21:45:23.716+0900][16.658s][info][gc          ] GC(411) Concurrent Mark Cycle
[2026-03-25T21:45:23.716+0900][16.658s][info][gc,marking  ] GC(411) Concurrent Clear Claimed Marks
[2026-03-25T21:45:23.716+0900][16.658s][info][gc,marking  ] GC(411) Concurrent Clear Claimed Marks 0.022ms
[2026-03-25T21:45:23.716+0900][16.658s][info][gc,marking  ] GC(411) Concurrent Scan Root Regions
[2026-03-25T21:45:23.716+0900][16.658s][info][gc,marking  ] GC(411) Concurrent Scan Root Regions 0.059ms
[2026-03-25T21:45:23.716+0900][16.658s][info][gc,marking  ] GC(411) Concurrent Mark
[2026-03-25T21:45:23.716+0900][16.658s][info][gc,marking  ] GC(411) Concurrent Mark From Roots
[2026-03-25T21:45:23.716+0900][16.658s][info][gc,task     ] GC(411) Using 2 workers of 2 for marking
[2026-03-25T21:45:23.719+0900][16.661s][info][gc,marking  ] GC(411) Concurrent Mark From Roots 2.706ms
[2026-03-25T21:45:23.719+0900][16.661s][info][gc,marking  ] GC(411) Concurrent Preclean
[2026-03-25T21:45:23.719+0900][16.661s][info][gc,marking  ] GC(411) Concurrent Preclean 0.060ms
[2026-03-25T21:45:23.719+0900][16.661s][info][gc,start    ] GC(411) Pause Remark
[2026-03-25T21:45:23.720+0900][16.662s][info][gc          ] GC(411) Pause Remark 362M->362M(512M) 0.456ms
[2026-03-25T21:45:23.720+0900][16.662s][info][gc,cpu      ] GC(411) User=0.00s Sys=0.00s Real=0.01s
[2026-03-25T21:45:23.720+0900][16.662s][info][gc,marking  ] GC(411) Concurrent Mark 3.471ms
[2026-03-25T21:45:23.720+0900][16.662s][info][gc,marking  ] GC(411) Concurrent Rebuild Remembered Sets
[2026-03-25T21:45:23.721+0900][16.663s][info][gc,marking  ] GC(411) Concurrent Rebuild Remembered Sets 0.877ms
[2026-03-25T21:45:23.721+0900][16.663s][info][gc,start    ] GC(411) Pause Cleanup
[2026-03-25T21:45:23.721+0900][16.663s][info][gc          ] GC(411) Pause Cleanup 362M->362M(512M) 0.097ms
[2026-03-25T21:45:23.721+0900][16.663s][info][gc,cpu      ] GC(411) User=0.00s Sys=0.00s Real=0.00s
[2026-03-25T21:45:23.721+0900][16.663s][info][gc,marking  ] GC(411) Concurrent Cleanup for Next Mark
[2026-03-25T21:45:23.721+0900][16.663s][info][gc,marking  ] GC(411) Concurrent Cleanup for Next Mark 0.397ms
[2026-03-25T21:45:23.721+0900][16.664s][info][gc          ] GC(411) Concurrent Mark Cycle 5.226ms
[2026-03-25T21:45:23.767+0900][16.709s][info][gc,start    ] GC(412) Pause Young (Concurrent Start) (G1 Humongous Allocation)
[2026-03-25T21:45:23.767+0900][16.709s][info][gc,task     ] GC(412) Using 8 workers of 8 for evacuation
[2026-03-25T21:45:23.768+0900][16.710s][info][gc,phases   ] GC(412)   Pre Evacuate Collection Set: 0.2ms
[2026-03-25T21:45:23.768+0900][16.711s][info][gc,phases   ] GC(412)   Merge Heap Roots: 0.2ms
[2026-03-25T21:45:23.768+0900][16.711s][info][gc,phases   ] GC(412)   Evacuate Collection Set: 0.2ms
[2026-03-25T21:45:23.768+0900][16.711s][info][gc,phases   ] GC(412)   Post Evacuate Collection Set: 0.1ms
[2026-03-25T21:45:23.768+0900][16.711s][info][gc,phases   ] GC(412)   Other: 0.4ms
[2026-03-25T21:45:23.768+0900][16.711s][info][gc,heap     ] GC(412) Eden regions: 1->0(94)
[2026-03-25T21:45:23.768+0900][16.711s][info][gc,heap     ] GC(412) Survivor regions: 1->1(12)
[2026-03-25T21:45:23.768+0900][16.711s][info][gc,heap     ] GC(412) Old regions: 1->1
[2026-03-25T21:45:23.768+0900][16.711s][info][gc,heap     ] GC(412) Archive regions: 2->2
[2026-03-25T21:45:23.768+0900][16.711s][info][gc,heap     ] GC(412) Humongous regions: 361->361
[2026-03-25T21:45:23.768+0900][16.711s][info][gc,metaspace] GC(412) Metaspace: 181K(384K)->181K(384K) NonClass: 173K(256K)->173K(256K) Class: 7K(128K)->7K(128K)
[2026-03-25T21:45:23.768+0900][16.711s][info][gc          ] GC(412) Pause Young (Concurrent Start) (G1 Humongous Allocation) 362M->362M(512M) 1.358ms
[2026-03-25T21:45:23.768+0900][16.711s][info][gc,cpu      ] GC(412) User=0.00s Sys=0.00s Real=0.00s
[2026-03-25T21:45:23.769+0900][16.711s][info][gc          ] GC(413) Concurrent Mark Cycle
[2026-03-25T21:45:23.769+0900][16.711s][info][gc,marking  ] GC(413) Concurrent Clear Claimed Marks
[2026-03-25T21:45:23.769+0900][16.711s][info][gc,marking  ] GC(413) Concurrent Clear Claimed Marks 0.012ms
[2026-03-25T21:45:23.769+0900][16.711s][info][gc,marking  ] GC(413) Concurrent Scan Root Regions
[2026-03-25T21:45:23.769+0900][16.711s][info][gc,marking  ] GC(413) Concurrent Scan Root Regions 0.039ms
[2026-03-25T21:45:23.769+0900][16.711s][info][gc,marking  ] GC(413) Concurrent Mark
[2026-03-25T21:45:23.769+0900][16.711s][info][gc,marking  ] GC(413) Concurrent Mark From Roots
[2026-03-25T21:45:23.769+0900][16.711s][info][gc,task     ] GC(413) Using 2 workers of 2 for marking
[2026-03-25T21:45:23.770+0900][16.713s][info][gc,marking  ] GC(413) Concurrent Mark From Roots 1.805ms
[2026-03-25T21:45:23.770+0900][16.713s][info][gc,marking  ] GC(413) Concurrent Preclean
[2026-03-25T21:45:23.771+0900][16.713s][info][gc,marking  ] GC(413) Concurrent Preclean 0.038ms
[2026-03-25T21:45:23.771+0900][16.713s][info][gc,start    ] GC(413) Pause Remark
[2026-03-25T21:45:23.771+0900][16.713s][info][gc          ] GC(413) Pause Remark 363M->363M(512M) 0.324ms
[2026-03-25T21:45:23.771+0900][16.713s][info][gc,cpu      ] GC(413) User=0.00s Sys=0.00s Real=0.00s
[2026-03-25T21:45:23.771+0900][16.713s][info][gc,marking  ] GC(413) Concurrent Mark 2.348ms
[2026-03-25T21:45:23.771+0900][16.713s][info][gc,marking  ] GC(413) Concurrent Rebuild Remembered Sets
[2026-03-25T21:45:23.772+0900][16.714s][info][gc,marking  ] GC(413) Concurrent Rebuild Remembered Sets 0.604ms
[2026-03-25T21:45:23.772+0900][16.714s][info][gc,start    ] GC(413) Pause Cleanup
[2026-03-25T21:45:23.772+0900][16.714s][info][gc          ] GC(413) Pause Cleanup 363M->363M(512M) 0.072ms
[2026-03-25T21:45:23.772+0900][16.714s][info][gc,cpu      ] GC(413) User=0.00s Sys=0.00s Real=0.00s
[2026-03-25T21:45:23.772+0900][16.714s][info][gc,marking  ] GC(413) Concurrent Cleanup for Next Mark
[2026-03-25T21:45:23.772+0900][16.714s][info][gc,marking  ] GC(413) Concurrent Cleanup for Next Mark 0.383ms
[2026-03-25T21:45:23.772+0900][16.714s][info][gc          ] GC(413) Concurrent Mark Cycle 3.666ms
[2026-03-25T21:45:23.823+0900][16.765s][info][gc,start    ] GC(414) Pause Young (Concurrent Start) (G1 Humongous Allocation)
[2026-03-25T21:45:23.823+0900][16.765s][info][gc,task     ] GC(414) Using 8 workers of 8 for evacuation
[2026-03-25T21:45:23.824+0900][16.766s][info][gc,phases   ] GC(414)   Pre Evacuate Collection Set: 0.2ms
[2026-03-25T21:45:23.824+0900][16.766s][info][gc,phases   ] GC(414)   Merge Heap Roots: 0.2ms
[2026-03-25T21:45:23.824+0900][16.766s][info][gc,phases   ] GC(414)   Evacuate Collection Set: 0.3ms
[2026-03-25T21:45:23.824+0900][16.766s][info][gc,phases   ] GC(414)   Post Evacuate Collection Set: 0.2ms
[2026-03-25T21:45:23.824+0900][16.767s][info][gc,phases   ] GC(414)   Other: 0.3ms
[2026-03-25T21:45:23.824+0900][16.767s][info][gc,heap     ] GC(414) Eden regions: 1->0(93)
[2026-03-25T21:45:23.824+0900][16.767s][info][gc,heap     ] GC(414) Survivor regions: 1->1(12)
[2026-03-25T21:45:23.824+0900][16.767s][info][gc,heap     ] GC(414) Old regions: 1->1
[2026-03-25T21:45:23.824+0900][16.767s][info][gc,heap     ] GC(414) Archive regions: 2->2
[2026-03-25T21:45:23.824+0900][16.767s][info][gc,heap     ] GC(414) Humongous regions: 362->362
[2026-03-25T21:45:23.824+0900][16.767s][info][gc,metaspace] GC(414) Metaspace: 181K(384K)->181K(384K) NonClass: 173K(256K)->173K(256K) Class: 7K(128K)->7K(128K)
[2026-03-25T21:45:23.824+0900][16.767s][info][gc          ] GC(414) Pause Young (Concurrent Start) (G1 Humongous Allocation) 363M->363M(512M) 1.595ms
[2026-03-25T21:45:23.825+0900][16.767s][info][gc,cpu      ] GC(414) User=0.00s Sys=0.00s Real=0.00s
[2026-03-25T21:45:23.825+0900][16.767s][info][gc          ] GC(415) Concurrent Mark Cycle
[2026-03-25T21:45:23.825+0900][16.767s][info][gc,marking  ] GC(415) Concurrent Clear Claimed Marks
[2026-03-25T21:45:23.825+0900][16.767s][info][gc,marking  ] GC(415) Concurrent Clear Claimed Marks 0.032ms
[2026-03-25T21:45:23.825+0900][16.767s][info][gc,marking  ] GC(415) Concurrent Scan Root Regions
[2026-03-25T21:45:23.825+0900][16.767s][info][gc,marking  ] GC(415) Concurrent Scan Root Regions 0.070ms
[2026-03-25T21:45:23.825+0900][16.767s][info][gc,marking  ] GC(415) Concurrent Mark
[2026-03-25T21:45:23.825+0900][16.767s][info][gc,marking  ] GC(415) Concurrent Mark From Roots
[2026-03-25T21:45:23.825+0900][16.767s][info][gc,task     ] GC(415) Using 2 workers of 2 for marking
[2026-03-25T21:45:23.828+0900][16.770s][info][gc,marking  ] GC(415) Concurrent Mark From Roots 2.986ms
[2026-03-25T21:45:23.828+0900][16.770s][info][gc,marking  ] GC(415) Concurrent Preclean
[2026-03-25T21:45:23.828+0900][16.770s][info][gc,marking  ] GC(415) Concurrent Preclean 0.042ms
[2026-03-25T21:45:23.828+0900][16.770s][info][gc,start    ] GC(415) Pause Remark
[2026-03-25T21:45:23.828+0900][16.771s][info][gc          ] GC(415) Pause Remark 364M->364M(512M) 0.381ms
[2026-03-25T21:45:23.828+0900][16.771s][info][gc,cpu      ] GC(415) User=0.00s Sys=0.00s Real=0.00s
[2026-03-25T21:45:23.828+0900][16.771s][info][gc,marking  ] GC(415) Concurrent Mark 3.651ms
[2026-03-25T21:45:23.828+0900][16.771s][info][gc,marking  ] GC(415) Concurrent Rebuild Remembered Sets
[2026-03-25T21:45:23.829+0900][16.771s][info][gc,marking  ] GC(415) Concurrent Rebuild Remembered Sets 0.725ms
[2026-03-25T21:45:23.829+0900][16.771s][info][gc,start    ] GC(415) Pause Cleanup
[2026-03-25T21:45:23.829+0900][16.772s][info][gc          ] GC(415) Pause Cleanup 364M->364M(512M) 0.095ms
[2026-03-25T21:45:23.829+0900][16.772s][info][gc,cpu      ] GC(415) User=0.00s Sys=0.00s Real=0.00s
[2026-03-25T21:45:23.829+0900][16.772s][info][gc,marking  ] GC(415) Concurrent Cleanup for Next Mark
[2026-03-25T21:45:23.830+0900][16.772s][info][gc,marking  ] GC(415) Concurrent Cleanup for Next Mark 0.396ms
[2026-03-25T21:45:23.830+0900][16.772s][info][gc          ] GC(415) Concurrent Mark Cycle 5.303ms
[2026-03-25T21:45:23.877+0900][16.819s][info][gc,start    ] GC(416) Pause Young (Concurrent Start) (G1 Humongous Allocation)
[2026-03-25T21:45:23.877+0900][16.819s][info][gc,task     ] GC(416) Using 8 workers of 8 for evacuation
[2026-03-25T21:45:23.877+0900][16.820s][info][gc,phases   ] GC(416)   Pre Evacuate Collection Set: 0.1ms
[2026-03-25T21:45:23.877+0900][16.820s][info][gc,phases   ] GC(416)   Merge Heap Roots: 0.1ms
[2026-03-25T21:45:23.877+0900][16.820s][info][gc,phases   ] GC(416)   Evacuate Collection Set: 0.2ms
[2026-03-25T21:45:23.877+0900][16.820s][info][gc,phases   ] GC(416)   Post Evacuate Collection Set: 0.1ms
[2026-03-25T21:45:23.877+0900][16.820s][info][gc,phases   ] GC(416)   Other: 0.2ms
[2026-03-25T21:45:23.877+0900][16.820s][info][gc,heap     ] GC(416) Eden regions: 1->0(92)
[2026-03-25T21:45:23.877+0900][16.820s][info][gc,heap     ] GC(416) Survivor regions: 1->1(12)
[2026-03-25T21:45:23.877+0900][16.820s][info][gc,heap     ] GC(416) Old regions: 1->1
[2026-03-25T21:45:23.877+0900][16.820s][info][gc,heap     ] GC(416) Archive regions: 2->2
[2026-03-25T21:45:23.877+0900][16.820s][info][gc,heap     ] GC(416) Humongous regions: 363->363
[2026-03-25T21:45:23.877+0900][16.820s][info][gc,metaspace] GC(416) Metaspace: 181K(384K)->181K(384K) NonClass: 173K(256K)->173K(256K) Class: 7K(128K)->7K(128K)
[2026-03-25T21:45:23.878+0900][16.820s][info][gc          ] GC(416) Pause Young (Concurrent Start) (G1 Humongous Allocation) 364M->364M(512M) 0.930ms
[2026-03-25T21:45:23.878+0900][16.820s][info][gc,cpu      ] GC(416) User=0.00s Sys=0.01s Real=0.00s
[2026-03-25T21:45:23.878+0900][16.820s][info][gc          ] GC(417) Concurrent Mark Cycle
[2026-03-25T21:45:23.878+0900][16.820s][info][gc,marking  ] GC(417) Concurrent Clear Claimed Marks
[2026-03-25T21:45:23.878+0900][16.820s][info][gc,marking  ] GC(417) Concurrent Clear Claimed Marks 0.012ms
[2026-03-25T21:45:23.878+0900][16.820s][info][gc,marking  ] GC(417) Concurrent Scan Root Regions
[2026-03-25T21:45:23.878+0900][16.820s][info][gc,marking  ] GC(417) Concurrent Scan Root Regions 0.038ms
[2026-03-25T21:45:23.878+0900][16.820s][info][gc,marking  ] GC(417) Concurrent Mark
[2026-03-25T21:45:23.878+0900][16.820s][info][gc,marking  ] GC(417) Concurrent Mark From Roots
[2026-03-25T21:45:23.878+0900][16.820s][info][gc,task     ] GC(417) Using 2 workers of 2 for marking
[2026-03-25T21:45:23.880+0900][16.822s][info][gc,marking  ] GC(417) Concurrent Mark From Roots 1.829ms
[2026-03-25T21:45:23.880+0900][16.822s][info][gc,marking  ] GC(417) Concurrent Preclean
[2026-03-25T21:45:23.880+0900][16.822s][info][gc,marking  ] GC(417) Concurrent Preclean 0.036ms
[2026-03-25T21:45:23.880+0900][16.822s][info][gc,start    ] GC(417) Pause Remark
[2026-03-25T21:45:23.880+0900][16.822s][info][gc          ] GC(417) Pause Remark 365M->365M(512M) 0.335ms
[2026-03-25T21:45:23.880+0900][16.822s][info][gc,cpu      ] GC(417) User=0.00s Sys=0.00s Real=0.00s
[2026-03-25T21:45:23.880+0900][16.822s][info][gc,marking  ] GC(417) Concurrent Mark 2.379ms
[2026-03-25T21:45:23.880+0900][16.822s][info][gc,marking  ] GC(417) Concurrent Rebuild Remembered Sets
[2026-03-25T21:45:23.881+0900][16.823s][info][gc,marking  ] GC(417) Concurrent Rebuild Remembered Sets 0.607ms
[2026-03-25T21:45:23.881+0900][16.823s][info][gc,start    ] GC(417) Pause Cleanup
[2026-03-25T21:45:23.881+0900][16.823s][info][gc          ] GC(417) Pause Cleanup 365M->365M(512M) 0.078ms
[2026-03-25T21:45:23.881+0900][16.823s][info][gc,cpu      ] GC(417) User=0.00s Sys=0.00s Real=0.00s
[2026-03-25T21:45:23.881+0900][16.823s][info][gc,marking  ] GC(417) Concurrent Cleanup for Next Mark
[2026-03-25T21:45:23.881+0900][16.824s][info][gc,marking  ] GC(417) Concurrent Cleanup for Next Mark 0.503ms
[2026-03-25T21:45:23.881+0900][16.824s][info][gc          ] GC(417) Concurrent Mark Cycle 3.891ms
[2026-03-25T21:45:23.933+0900][16.875s][info][gc,start    ] GC(418) Pause Young (Concurrent Start) (G1 Humongous Allocation)
[2026-03-25T21:45:23.933+0900][16.875s][info][gc,task     ] GC(418) Using 8 workers of 8 for evacuation
[2026-03-25T21:45:23.934+0900][16.876s][info][gc,phases   ] GC(418)   Pre Evacuate Collection Set: 0.1ms
[2026-03-25T21:45:23.934+0900][16.876s][info][gc,phases   ] GC(418)   Merge Heap Roots: 0.1ms
[2026-03-25T21:45:23.934+0900][16.876s][info][gc,phases   ] GC(418)   Evacuate Collection Set: 0.2ms
[2026-03-25T21:45:23.934+0900][16.876s][info][gc,phases   ] GC(418)   Post Evacuate Collection Set: 0.1ms
[2026-03-25T21:45:23.934+0900][16.876s][info][gc,phases   ] GC(418)   Other: 0.2ms
[2026-03-25T21:45:23.934+0900][16.876s][info][gc,heap     ] GC(418) Eden regions: 1->0(91)
[2026-03-25T21:45:23.934+0900][16.876s][info][gc,heap     ] GC(418) Survivor regions: 1->1(12)
[2026-03-25T21:45:23.934+0900][16.876s][info][gc,heap     ] GC(418) Old regions: 1->1
[2026-03-25T21:45:23.934+0900][16.876s][info][gc,heap     ] GC(418) Archive regions: 2->2
[2026-03-25T21:45:23.934+0900][16.876s][info][gc,heap     ] GC(418) Humongous regions: 364->364
[2026-03-25T21:45:23.934+0900][16.876s][info][gc,metaspace] GC(418) Metaspace: 181K(384K)->181K(384K) NonClass: 173K(256K)->173K(256K) Class: 7K(128K)->7K(128K)
[2026-03-25T21:45:23.934+0900][16.876s][info][gc          ] GC(418) Pause Young (Concurrent Start) (G1 Humongous Allocation) 365M->365M(512M) 0.938ms
[2026-03-25T21:45:23.934+0900][16.876s][info][gc,cpu      ] GC(418) User=0.00s Sys=0.00s Real=0.00s
[2026-03-25T21:45:23.934+0900][16.876s][info][gc          ] GC(419) Concurrent Mark Cycle
[2026-03-25T21:45:23.934+0900][16.876s][info][gc,marking  ] GC(419) Concurrent Clear Claimed Marks
[2026-03-25T21:45:23.934+0900][16.876s][info][gc,marking  ] GC(419) Concurrent Clear Claimed Marks 0.015ms
[2026-03-25T21:45:23.934+0900][16.876s][info][gc,marking  ] GC(419) Concurrent Scan Root Regions
[2026-03-25T21:45:23.934+0900][16.876s][info][gc,marking  ] GC(419) Concurrent Scan Root Regions 0.039ms
[2026-03-25T21:45:23.934+0900][16.876s][info][gc,marking  ] GC(419) Concurrent Mark
[2026-03-25T21:45:23.934+0900][16.876s][info][gc,marking  ] GC(419) Concurrent Mark From Roots
[2026-03-25T21:45:23.934+0900][16.876s][info][gc,task     ] GC(419) Using 2 workers of 2 for marking
[2026-03-25T21:45:23.936+0900][16.878s][info][gc,marking  ] GC(419) Concurrent Mark From Roots 1.789ms
[2026-03-25T21:45:23.936+0900][16.878s][info][gc,marking  ] GC(419) Concurrent Preclean
[2026-03-25T21:45:23.936+0900][16.878s][info][gc,marking  ] GC(419) Concurrent Preclean 0.034ms
[2026-03-25T21:45:23.936+0900][16.878s][info][gc,start    ] GC(419) Pause Remark
[2026-03-25T21:45:23.936+0900][16.878s][info][gc          ] GC(419) Pause Remark 366M->366M(512M) 0.303ms
[2026-03-25T21:45:23.936+0900][16.878s][info][gc,cpu      ] GC(419) User=0.00s Sys=0.00s Real=0.00s
[2026-03-25T21:45:23.936+0900][16.878s][info][gc,marking  ] GC(419) Concurrent Mark 2.245ms
[2026-03-25T21:45:23.936+0900][16.878s][info][gc,marking  ] GC(419) Concurrent Rebuild Remembered Sets
[2026-03-25T21:45:23.937+0900][16.879s][info][gc,marking  ] GC(419) Concurrent Rebuild Remembered Sets 0.604ms
[2026-03-25T21:45:23.937+0900][16.879s][info][gc,start    ] GC(419) Pause Cleanup
[2026-03-25T21:45:23.937+0900][16.879s][info][gc          ] GC(419) Pause Cleanup 366M->366M(512M) 0.067ms
[2026-03-25T21:45:23.937+0900][16.879s][info][gc,cpu      ] GC(419) User=0.00s Sys=0.00s Real=0.00s
[2026-03-25T21:45:23.937+0900][16.879s][info][gc,marking  ] GC(419) Concurrent Cleanup for Next Mark
[2026-03-25T21:45:23.937+0900][16.880s][info][gc,marking  ] GC(419) Concurrent Cleanup for Next Mark 0.333ms
[2026-03-25T21:45:23.937+0900][16.880s][info][gc          ] GC(419) Concurrent Mark Cycle 3.534ms
[2026-03-25T21:45:23.989+0900][16.931s][info][gc,start    ] GC(420) Pause Young (Concurrent Start) (G1 Humongous Allocation)
[2026-03-25T21:45:23.989+0900][16.932s][info][gc,task     ] GC(420) Using 8 workers of 8 for evacuation
[2026-03-25T21:45:23.990+0900][16.933s][info][gc,phases   ] GC(420)   Pre Evacuate Collection Set: 0.2ms
[2026-03-25T21:45:23.990+0900][16.933s][info][gc,phases   ] GC(420)   Merge Heap Roots: 0.2ms
[2026-03-25T21:45:23.990+0900][16.933s][info][gc,phases   ] GC(420)   Evacuate Collection Set: 0.3ms
[2026-03-25T21:45:23.991+0900][16.933s][info][gc,phases   ] GC(420)   Post Evacuate Collection Set: 0.2ms
[2026-03-25T21:45:23.991+0900][16.933s][info][gc,phases   ] GC(420)   Other: 0.3ms
[2026-03-25T21:45:23.991+0900][16.933s][info][gc,heap     ] GC(420) Eden regions: 1->0(90)
[2026-03-25T21:45:23.991+0900][16.933s][info][gc,heap     ] GC(420) Survivor regions: 1->1(12)
[2026-03-25T21:45:23.991+0900][16.933s][info][gc,heap     ] GC(420) Old regions: 1->1
[2026-03-25T21:45:23.991+0900][16.933s][info][gc,heap     ] GC(420) Archive regions: 2->2
[2026-03-25T21:45:23.991+0900][16.933s][info][gc,heap     ] GC(420) Humongous regions: 365->365
[2026-03-25T21:45:23.991+0900][16.933s][info][gc,metaspace] GC(420) Metaspace: 181K(384K)->181K(384K) NonClass: 173K(256K)->173K(256K) Class: 7K(128K)->7K(128K)
[2026-03-25T21:45:23.991+0900][16.933s][info][gc          ] GC(420) Pause Young (Concurrent Start) (G1 Humongous Allocation) 366M->366M(512M) 1.557ms
[2026-03-25T21:45:23.991+0900][16.933s][info][gc,cpu      ] GC(420) User=0.00s Sys=0.00s Real=0.01s
[2026-03-25T21:45:23.991+0900][16.933s][info][gc          ] GC(421) Concurrent Mark Cycle
[2026-03-25T21:45:23.991+0900][16.933s][info][gc,marking  ] GC(421) Concurrent Clear Claimed Marks
[2026-03-25T21:45:23.991+0900][16.933s][info][gc,marking  ] GC(421) Concurrent Clear Claimed Marks 0.029ms
[2026-03-25T21:45:23.991+0900][16.933s][info][gc,marking  ] GC(421) Concurrent Scan Root Regions
[2026-03-25T21:45:23.991+0900][16.933s][info][gc,marking  ] GC(421) Concurrent Scan Root Regions 0.073ms
[2026-03-25T21:45:23.991+0900][16.933s][info][gc,marking  ] GC(421) Concurrent Mark
[2026-03-25T21:45:23.991+0900][16.933s][info][gc,marking  ] GC(421) Concurrent Mark From Roots
[2026-03-25T21:45:23.991+0900][16.933s][info][gc,task     ] GC(421) Using 2 workers of 2 for marking
[2026-03-25T21:45:23.994+0900][16.936s][info][gc,marking  ] GC(421) Concurrent Mark From Roots 2.825ms
[2026-03-25T21:45:23.994+0900][16.936s][info][gc,marking  ] GC(421) Concurrent Preclean
[2026-03-25T21:45:23.994+0900][16.936s][info][gc,marking  ] GC(421) Concurrent Preclean 0.054ms
[2026-03-25T21:45:23.994+0900][16.936s][info][gc,start    ] GC(421) Pause Remark
[2026-03-25T21:45:23.994+0900][16.937s][info][gc          ] GC(421) Pause Remark 367M->367M(512M) 0.423ms
[2026-03-25T21:45:23.994+0900][16.937s][info][gc,cpu      ] GC(421) User=0.00s Sys=0.00s Real=0.00s
[2026-03-25T21:45:23.995+0900][16.937s][info][gc,marking  ] GC(421) Concurrent Mark 3.471ms
[2026-03-25T21:45:23.995+0900][16.937s][info][gc,marking  ] GC(421) Concurrent Rebuild Remembered Sets
[2026-03-25T21:45:23.995+0900][16.938s][info][gc,marking  ] GC(421) Concurrent Rebuild Remembered Sets 0.730ms
[2026-03-25T21:45:23.995+0900][16.938s][info][gc,start    ] GC(421) Pause Cleanup
[2026-03-25T21:45:23.995+0900][16.938s][info][gc          ] GC(421) Pause Cleanup 367M->367M(512M) 0.085ms
[2026-03-25T21:45:23.995+0900][16.938s][info][gc,cpu      ] GC(421) User=0.00s Sys=0.00s Real=0.00s
[2026-03-25T21:45:23.995+0900][16.938s][info][gc,marking  ] GC(421) Concurrent Cleanup for Next Mark
[2026-03-25T21:45:23.996+0900][16.938s][info][gc,marking  ] GC(421) Concurrent Cleanup for Next Mark 0.391ms
[2026-03-25T21:45:23.996+0900][16.938s][info][gc          ] GC(421) Concurrent Mark Cycle 5.094ms
[2026-03-25T21:45:24.045+0900][16.987s][info][gc,start    ] GC(422) Pause Young (Concurrent Start) (G1 Humongous Allocation)
[2026-03-25T21:45:24.045+0900][16.988s][info][gc,task     ] GC(422) Using 8 workers of 8 for evacuation
[2026-03-25T21:45:24.046+0900][16.988s][info][gc,phases   ] GC(422)   Pre Evacuate Collection Set: 0.1ms
[2026-03-25T21:45:24.046+0900][16.988s][info][gc,phases   ] GC(422)   Merge Heap Roots: 0.1ms
[2026-03-25T21:45:24.046+0900][16.988s][info][gc,phases   ] GC(422)   Evacuate Collection Set: 0.2ms
[2026-03-25T21:45:24.046+0900][16.988s][info][gc,phases   ] GC(422)   Post Evacuate Collection Set: 0.1ms
[2026-03-25T21:45:24.046+0900][16.988s][info][gc,phases   ] GC(422)   Other: 0.2ms
[2026-03-25T21:45:24.046+0900][16.988s][info][gc,heap     ] GC(422) Eden regions: 1->0(89)
[2026-03-25T21:45:24.046+0900][16.988s][info][gc,heap     ] GC(422) Survivor regions: 1->1(12)
[2026-03-25T21:45:24.046+0900][16.988s][info][gc,heap     ] GC(422) Old regions: 1->1
[2026-03-25T21:45:24.046+0900][16.988s][info][gc,heap     ] GC(422) Archive regions: 2->2
[2026-03-25T21:45:24.046+0900][16.988s][info][gc,heap     ] GC(422) Humongous regions: 366->366
[2026-03-25T21:45:24.046+0900][16.988s][info][gc,metaspace] GC(422) Metaspace: 181K(384K)->181K(384K) NonClass: 173K(256K)->173K(256K) Class: 7K(128K)->7K(128K)
[2026-03-25T21:45:24.046+0900][16.988s][info][gc          ] GC(422) Pause Young (Concurrent Start) (G1 Humongous Allocation) 367M->367M(512M) 0.906ms
[2026-03-25T21:45:24.046+0900][16.988s][info][gc,cpu      ] GC(422) User=0.00s Sys=0.00s Real=0.00s
[2026-03-25T21:45:24.046+0900][16.988s][info][gc          ] GC(423) Concurrent Mark Cycle
[2026-03-25T21:45:24.046+0900][16.988s][info][gc,marking  ] GC(423) Concurrent Clear Claimed Marks
[2026-03-25T21:45:24.046+0900][16.988s][info][gc,marking  ] GC(423) Concurrent Clear Claimed Marks 0.012ms
[2026-03-25T21:45:24.046+0900][16.988s][info][gc,marking  ] GC(423) Concurrent Scan Root Regions
[2026-03-25T21:45:24.046+0900][16.988s][info][gc,marking  ] GC(423) Concurrent Scan Root Regions 0.035ms
[2026-03-25T21:45:24.046+0900][16.988s][info][gc,marking  ] GC(423) Concurrent Mark
[2026-03-25T21:45:24.046+0900][16.988s][info][gc,marking  ] GC(423) Concurrent Mark From Roots
[2026-03-25T21:45:24.046+0900][16.989s][info][gc,task     ] GC(423) Using 2 workers of 2 for marking
[2026-03-25T21:45:24.048+0900][16.990s][info][gc,marking  ] GC(423) Concurrent Mark From Roots 1.768ms
[2026-03-25T21:45:24.048+0900][16.990s][info][gc,marking  ] GC(423) Concurrent Preclean
[2026-03-25T21:45:24.048+0900][16.990s][info][gc,marking  ] GC(423) Concurrent Preclean 0.044ms
[2026-03-25T21:45:24.048+0900][16.990s][info][gc,start    ] GC(423) Pause Remark
[2026-03-25T21:45:24.048+0900][16.991s][info][gc          ] GC(423) Pause Remark 368M->368M(512M) 0.331ms
[2026-03-25T21:45:24.049+0900][16.991s][info][gc,cpu      ] GC(423) User=0.00s Sys=0.00s Real=0.00s
[2026-03-25T21:45:24.049+0900][16.991s][info][gc,marking  ] GC(423) Concurrent Mark 2.292ms
[2026-03-25T21:45:24.049+0900][16.991s][info][gc,marking  ] GC(423) Concurrent Rebuild Remembered Sets
[2026-03-25T21:45:24.049+0900][16.992s][info][gc,marking  ] GC(423) Concurrent Rebuild Remembered Sets 0.728ms
[2026-03-25T21:45:24.049+0900][16.992s][info][gc,start    ] GC(423) Pause Cleanup
[2026-03-25T21:45:24.049+0900][16.992s][info][gc          ] GC(423) Pause Cleanup 368M->368M(512M) 0.105ms
[2026-03-25T21:45:24.049+0900][16.992s][info][gc,cpu      ] GC(423) User=0.00s Sys=0.00s Real=0.00s
[2026-03-25T21:45:24.050+0900][16.992s][info][gc,marking  ] GC(423) Concurrent Cleanup for Next Mark
[2026-03-25T21:45:24.050+0900][16.992s][info][gc,marking  ] GC(423) Concurrent Cleanup for Next Mark 0.482ms
[2026-03-25T21:45:24.050+0900][16.992s][info][gc          ] GC(423) Concurrent Mark Cycle 3.892ms
[2026-03-25T21:45:24.101+0900][17.044s][info][gc,start    ] GC(424) Pause Young (Concurrent Start) (G1 Humongous Allocation)
[2026-03-25T21:45:24.102+0900][17.044s][info][gc,task     ] GC(424) Using 8 workers of 8 for evacuation
[2026-03-25T21:45:24.103+0900][17.046s][info][gc,phases   ] GC(424)   Pre Evacuate Collection Set: 0.1ms
[2026-03-25T21:45:24.103+0900][17.046s][info][gc,phases   ] GC(424)   Merge Heap Roots: 0.1ms
[2026-03-25T21:45:24.103+0900][17.046s][info][gc,phases   ] GC(424)   Evacuate Collection Set: 1.2ms
[2026-03-25T21:45:24.103+0900][17.046s][info][gc,phases   ] GC(424)   Post Evacuate Collection Set: 0.2ms
[2026-03-25T21:45:24.103+0900][17.046s][info][gc,phases   ] GC(424)   Other: 0.2ms
[2026-03-25T21:45:24.103+0900][17.046s][info][gc,heap     ] GC(424) Eden regions: 1->0(88)
[2026-03-25T21:45:24.104+0900][17.046s][info][gc,heap     ] GC(424) Survivor regions: 1->1(12)
[2026-03-25T21:45:24.104+0900][17.046s][info][gc,heap     ] GC(424) Old regions: 1->1
[2026-03-25T21:45:24.104+0900][17.046s][info][gc,heap     ] GC(424) Archive regions: 2->2
[2026-03-25T21:45:24.104+0900][17.046s][info][gc,heap     ] GC(424) Humongous regions: 367->367
[2026-03-25T21:45:24.104+0900][17.046s][info][gc,metaspace] GC(424) Metaspace: 181K(384K)->181K(384K) NonClass: 173K(256K)->173K(256K) Class: 7K(128K)->7K(128K)
[2026-03-25T21:45:24.104+0900][17.046s][info][gc          ] GC(424) Pause Young (Concurrent Start) (G1 Humongous Allocation) 368M->368M(512M) 2.114ms
[2026-03-25T21:45:24.104+0900][17.046s][info][gc,cpu      ] GC(424) User=0.00s Sys=0.00s Real=0.00s
[2026-03-25T21:45:24.104+0900][17.046s][info][gc          ] GC(425) Concurrent Mark Cycle
[2026-03-25T21:45:24.104+0900][17.046s][info][gc,marking  ] GC(425) Concurrent Clear Claimed Marks
[2026-03-25T21:45:24.104+0900][17.046s][info][gc,marking  ] GC(425) Concurrent Clear Claimed Marks 0.012ms
[2026-03-25T21:45:24.104+0900][17.046s][info][gc,marking  ] GC(425) Concurrent Scan Root Regions
[2026-03-25T21:45:24.104+0900][17.046s][info][gc,marking  ] GC(425) Concurrent Scan Root Regions 0.038ms
[2026-03-25T21:45:24.104+0900][17.046s][info][gc,marking  ] GC(425) Concurrent Mark
[2026-03-25T21:45:24.104+0900][17.046s][info][gc,marking  ] GC(425) Concurrent Mark From Roots
[2026-03-25T21:45:24.104+0900][17.046s][info][gc,task     ] GC(425) Using 2 workers of 2 for marking
[2026-03-25T21:45:24.105+0900][17.048s][info][gc,marking  ] GC(425) Concurrent Mark From Roots 1.700ms
[2026-03-25T21:45:24.105+0900][17.048s][info][gc,marking  ] GC(425) Concurrent Preclean
[2026-03-25T21:45:24.105+0900][17.048s][info][gc,marking  ] GC(425) Concurrent Preclean 0.035ms
[2026-03-25T21:45:24.106+0900][17.048s][info][gc,start    ] GC(425) Pause Remark
[2026-03-25T21:45:24.106+0900][17.048s][info][gc          ] GC(425) Pause Remark 369M->369M(512M) 0.312ms
[2026-03-25T21:45:24.106+0900][17.048s][info][gc,cpu      ] GC(425) User=0.01s Sys=0.00s Real=0.00s
[2026-03-25T21:45:24.106+0900][17.048s][info][gc,marking  ] GC(425) Concurrent Mark 2.177ms
[2026-03-25T21:45:24.106+0900][17.048s][info][gc,marking  ] GC(425) Concurrent Rebuild Remembered Sets
[2026-03-25T21:45:24.107+0900][17.049s][info][gc,marking  ] GC(425) Concurrent Rebuild Remembered Sets 0.605ms
[2026-03-25T21:45:24.107+0900][17.049s][info][gc,start    ] GC(425) Pause Cleanup
[2026-03-25T21:45:24.107+0900][17.049s][info][gc          ] GC(425) Pause Cleanup 369M->369M(512M) 0.065ms
[2026-03-25T21:45:24.107+0900][17.049s][info][gc,cpu      ] GC(425) User=0.00s Sys=0.00s Real=0.00s
[2026-03-25T21:45:24.107+0900][17.049s][info][gc,marking  ] GC(425) Concurrent Cleanup for Next Mark
[2026-03-25T21:45:24.107+0900][17.049s][info][gc,marking  ] GC(425) Concurrent Cleanup for Next Mark 0.326ms
[2026-03-25T21:45:24.107+0900][17.049s][info][gc          ] GC(425) Concurrent Mark Cycle 3.429ms
[2026-03-25T21:45:24.159+0900][17.101s][info][gc,start    ] GC(426) Pause Young (Concurrent Start) (G1 Humongous Allocation)
[2026-03-25T21:45:24.159+0900][17.101s][info][gc,task     ] GC(426) Using 8 workers of 8 for evacuation
[2026-03-25T21:45:24.160+0900][17.102s][info][gc,phases   ] GC(426)   Pre Evacuate Collection Set: 0.1ms
[2026-03-25T21:45:24.160+0900][17.102s][info][gc,phases   ] GC(426)   Merge Heap Roots: 0.1ms
[2026-03-25T21:45:24.160+0900][17.102s][info][gc,phases   ] GC(426)   Evacuate Collection Set: 0.2ms
[2026-03-25T21:45:24.160+0900][17.102s][info][gc,phases   ] GC(426)   Post Evacuate Collection Set: 0.1ms
[2026-03-25T21:45:24.160+0900][17.102s][info][gc,phases   ] GC(426)   Other: 0.2ms
[2026-03-25T21:45:24.160+0900][17.102s][info][gc,heap     ] GC(426) Eden regions: 1->0(87)
[2026-03-25T21:45:24.160+0900][17.102s][info][gc,heap     ] GC(426) Survivor regions: 1->1(12)
[2026-03-25T21:45:24.160+0900][17.102s][info][gc,heap     ] GC(426) Old regions: 1->1
[2026-03-25T21:45:24.160+0900][17.102s][info][gc,heap     ] GC(426) Archive regions: 2->2
[2026-03-25T21:45:24.160+0900][17.102s][info][gc,heap     ] GC(426) Humongous regions: 368->368
[2026-03-25T21:45:24.160+0900][17.102s][info][gc,metaspace] GC(426) Metaspace: 181K(384K)->181K(384K) NonClass: 173K(256K)->173K(256K) Class: 7K(128K)->7K(128K)
[2026-03-25T21:45:24.160+0900][17.102s][info][gc          ] GC(426) Pause Young (Concurrent Start) (G1 Humongous Allocation) 369M->369M(512M) 0.901ms
[2026-03-25T21:45:24.160+0900][17.102s][info][gc,cpu      ] GC(426) User=0.00s Sys=0.00s Real=0.01s
[2026-03-25T21:45:24.160+0900][17.102s][info][gc          ] GC(427) Concurrent Mark Cycle
[2026-03-25T21:45:24.160+0900][17.102s][info][gc,marking  ] GC(427) Concurrent Clear Claimed Marks
[2026-03-25T21:45:24.160+0900][17.102s][info][gc,marking  ] GC(427) Concurrent Clear Claimed Marks 0.015ms
[2026-03-25T21:45:24.160+0900][17.102s][info][gc,marking  ] GC(427) Concurrent Scan Root Regions
[2026-03-25T21:45:24.160+0900][17.102s][info][gc,marking  ] GC(427) Concurrent Scan Root Regions 0.038ms
[2026-03-25T21:45:24.160+0900][17.102s][info][gc,marking  ] GC(427) Concurrent Mark
[2026-03-25T21:45:24.160+0900][17.102s][info][gc,marking  ] GC(427) Concurrent Mark From Roots
[2026-03-25T21:45:24.160+0900][17.102s][info][gc,task     ] GC(427) Using 2 workers of 2 for marking
[2026-03-25T21:45:24.162+0900][17.104s][info][gc,marking  ] GC(427) Concurrent Mark From Roots 1.879ms
[2026-03-25T21:45:24.162+0900][17.104s][info][gc,marking  ] GC(427) Concurrent Preclean
[2026-03-25T21:45:24.162+0900][17.104s][info][gc,marking  ] GC(427) Concurrent Preclean 0.035ms
[2026-03-25T21:45:24.162+0900][17.104s][info][gc,start    ] GC(427) Pause Remark
[2026-03-25T21:45:24.162+0900][17.105s][info][gc          ] GC(427) Pause Remark 370M->370M(512M) 0.356ms
[2026-03-25T21:45:24.162+0900][17.105s][info][gc,cpu      ] GC(427) User=0.00s Sys=0.00s Real=0.00s
[2026-03-25T21:45:24.162+0900][17.105s][info][gc,marking  ] GC(427) Concurrent Mark 2.463ms
[2026-03-25T21:45:24.162+0900][17.105s][info][gc,marking  ] GC(427) Concurrent Rebuild Remembered Sets
[2026-03-25T21:45:24.163+0900][17.105s][info][gc,marking  ] GC(427) Concurrent Rebuild Remembered Sets 0.616ms
[2026-03-25T21:45:24.163+0900][17.105s][info][gc,start    ] GC(427) Pause Cleanup
[2026-03-25T21:45:24.163+0900][17.105s][info][gc          ] GC(427) Pause Cleanup 370M->370M(512M) 0.077ms
[2026-03-25T21:45:24.163+0900][17.105s][info][gc,cpu      ] GC(427) User=0.00s Sys=0.00s Real=0.00s
[2026-03-25T21:45:24.163+0900][17.105s][info][gc,marking  ] GC(427) Concurrent Cleanup for Next Mark
[2026-03-25T21:45:24.164+0900][17.106s][info][gc,marking  ] GC(427) Concurrent Cleanup for Next Mark 0.481ms
[2026-03-25T21:45:24.164+0900][17.106s][info][gc          ] GC(427) Concurrent Mark Cycle 3.978ms
[2026-03-25T21:45:24.211+0900][17.153s][info][gc,start    ] GC(428) Pause Young (Concurrent Start) (G1 Humongous Allocation)
[2026-03-25T21:45:24.211+0900][17.153s][info][gc,task     ] GC(428) Using 8 workers of 8 for evacuation
[2026-03-25T21:45:24.212+0900][17.154s][info][gc,phases   ] GC(428)   Pre Evacuate Collection Set: 0.1ms
[2026-03-25T21:45:24.212+0900][17.154s][info][gc,phases   ] GC(428)   Merge Heap Roots: 0.1ms
[2026-03-25T21:45:24.212+0900][17.154s][info][gc,phases   ] GC(428)   Evacuate Collection Set: 0.2ms
[2026-03-25T21:45:24.212+0900][17.154s][info][gc,phases   ] GC(428)   Post Evacuate Collection Set: 0.1ms
[2026-03-25T21:45:24.212+0900][17.154s][info][gc,phases   ] GC(428)   Other: 0.2ms
[2026-03-25T21:45:24.212+0900][17.154s][info][gc,heap     ] GC(428) Eden regions: 1->0(86)
[2026-03-25T21:45:24.212+0900][17.154s][info][gc,heap     ] GC(428) Survivor regions: 1->1(11)
[2026-03-25T21:45:24.212+0900][17.154s][info][gc,heap     ] GC(428) Old regions: 1->1
[2026-03-25T21:45:24.212+0900][17.154s][info][gc,heap     ] GC(428) Archive regions: 2->2
[2026-03-25T21:45:24.212+0900][17.154s][info][gc,heap     ] GC(428) Humongous regions: 369->369
[2026-03-25T21:45:24.212+0900][17.154s][info][gc,metaspace] GC(428) Metaspace: 181K(384K)->181K(384K) NonClass: 173K(256K)->173K(256K) Class: 7K(128K)->7K(128K)
[2026-03-25T21:45:24.212+0900][17.154s][info][gc          ] GC(428) Pause Young (Concurrent Start) (G1 Humongous Allocation) 370M->370M(512M) 0.868ms
[2026-03-25T21:45:24.212+0900][17.154s][info][gc,cpu      ] GC(428) User=0.01s Sys=0.00s Real=0.00s
[2026-03-25T21:45:24.212+0900][17.154s][info][gc          ] GC(429) Concurrent Mark Cycle
[2026-03-25T21:45:24.212+0900][17.154s][info][gc,marking  ] GC(429) Concurrent Clear Claimed Marks
[2026-03-25T21:45:24.212+0900][17.154s][info][gc,marking  ] GC(429) Concurrent Clear Claimed Marks 0.015ms
[2026-03-25T21:45:24.212+0900][17.154s][info][gc,marking  ] GC(429) Concurrent Scan Root Regions
[2026-03-25T21:45:24.212+0900][17.154s][info][gc,marking  ] GC(429) Concurrent Scan Root Regions 0.038ms
[2026-03-25T21:45:24.212+0900][17.154s][info][gc,marking  ] GC(429) Concurrent Mark
[2026-03-25T21:45:24.212+0900][17.154s][info][gc,marking  ] GC(429) Concurrent Mark From Roots
[2026-03-25T21:45:24.212+0900][17.154s][info][gc,task     ] GC(429) Using 2 workers of 2 for marking
[2026-03-25T21:45:24.214+0900][17.156s][info][gc,marking  ] GC(429) Concurrent Mark From Roots 1.851ms
[2026-03-25T21:45:24.214+0900][17.156s][info][gc,marking  ] GC(429) Concurrent Preclean
[2026-03-25T21:45:24.214+0900][17.156s][info][gc,marking  ] GC(429) Concurrent Preclean 0.034ms
[2026-03-25T21:45:24.214+0900][17.156s][info][gc,start    ] GC(429) Pause Remark
[2026-03-25T21:45:24.214+0900][17.157s][info][gc          ] GC(429) Pause Remark 373M->373M(512M) 0.287ms
[2026-03-25T21:45:24.214+0900][17.157s][info][gc,cpu      ] GC(429) User=0.00s Sys=0.00s Real=0.00s
[2026-03-25T21:45:24.214+0900][17.157s][info][gc,marking  ] GC(429) Concurrent Mark 2.279ms
[2026-03-25T21:45:24.214+0900][17.157s][info][gc,marking  ] GC(429) Concurrent Rebuild Remembered Sets
[2026-03-25T21:45:24.215+0900][17.157s][info][gc,marking  ] GC(429) Concurrent Rebuild Remembered Sets 0.608ms
[2026-03-25T21:45:24.215+0900][17.157s][info][gc,start    ] GC(429) Pause Cleanup
[2026-03-25T21:45:24.215+0900][17.157s][info][gc          ] GC(429) Pause Cleanup 373M->373M(512M) 0.076ms
[2026-03-25T21:45:24.215+0900][17.157s][info][gc,cpu      ] GC(429) User=0.00s Sys=0.00s Real=0.00s
[2026-03-25T21:45:24.215+0900][17.157s][info][gc,marking  ] GC(429) Concurrent Cleanup for Next Mark
[2026-03-25T21:45:24.216+0900][17.158s][info][gc,marking  ] GC(429) Concurrent Cleanup for Next Mark 0.438ms
[2026-03-25T21:45:24.216+0900][17.158s][info][gc          ] GC(429) Concurrent Mark Cycle 3.700ms
[2026-03-25T21:45:24.267+0900][17.209s][info][gc,start    ] GC(430) Pause Young (Concurrent Start) (G1 Humongous Allocation)
[2026-03-25T21:45:24.267+0900][17.209s][info][gc,task     ] GC(430) Using 8 workers of 8 for evacuation
[2026-03-25T21:45:24.267+0900][17.210s][info][gc,phases   ] GC(430)   Pre Evacuate Collection Set: 0.1ms
[2026-03-25T21:45:24.267+0900][17.210s][info][gc,phases   ] GC(430)   Merge Heap Roots: 0.1ms
[2026-03-25T21:45:24.267+0900][17.210s][info][gc,phases   ] GC(430)   Evacuate Collection Set: 0.2ms
[2026-03-25T21:45:24.267+0900][17.210s][info][gc,phases   ] GC(430)   Post Evacuate Collection Set: 0.1ms
[2026-03-25T21:45:24.267+0900][17.210s][info][gc,phases   ] GC(430)   Other: 0.2ms
[2026-03-25T21:45:24.267+0900][17.210s][info][gc,heap     ] GC(430) Eden regions: 1->0(83)
[2026-03-25T21:45:24.267+0900][17.210s][info][gc,heap     ] GC(430) Survivor regions: 1->1(11)
[2026-03-25T21:45:24.267+0900][17.210s][info][gc,heap     ] GC(430) Old regions: 1->1
[2026-03-25T21:45:24.268+0900][17.210s][info][gc,heap     ] GC(430) Archive regions: 2->2
[2026-03-25T21:45:24.268+0900][17.210s][info][gc,heap     ] GC(430) Humongous regions: 372->372
[2026-03-25T21:45:24.268+0900][17.210s][info][gc,metaspace] GC(430) Metaspace: 181K(384K)->181K(384K) NonClass: 173K(256K)->173K(256K) Class: 7K(128K)->7K(128K)
[2026-03-25T21:45:24.268+0900][17.210s][info][gc          ] GC(430) Pause Young (Concurrent Start) (G1 Humongous Allocation) 373M->373M(512M) 0.931ms
[2026-03-25T21:45:24.268+0900][17.210s][info][gc,cpu      ] GC(430) User=0.00s Sys=0.00s Real=0.00s
[2026-03-25T21:45:24.268+0900][17.210s][info][gc          ] GC(431) Concurrent Mark Cycle
[2026-03-25T21:45:24.268+0900][17.210s][info][gc,marking  ] GC(431) Concurrent Clear Claimed Marks
[2026-03-25T21:45:24.268+0900][17.210s][info][gc,marking  ] GC(431) Concurrent Clear Claimed Marks 0.013ms
[2026-03-25T21:45:24.268+0900][17.210s][info][gc,marking  ] GC(431) Concurrent Scan Root Regions
[2026-03-25T21:45:24.268+0900][17.210s][info][gc,marking  ] GC(431) Concurrent Scan Root Regions 0.038ms
[2026-03-25T21:45:24.268+0900][17.210s][info][gc,marking  ] GC(431) Concurrent Mark
[2026-03-25T21:45:24.268+0900][17.210s][info][gc,marking  ] GC(431) Concurrent Mark From Roots
[2026-03-25T21:45:24.268+0900][17.210s][info][gc,task     ] GC(431) Using 2 workers of 2 for marking
[2026-03-25T21:45:24.269+0900][17.212s][info][gc,marking  ] GC(431) Concurrent Mark From Roots 1.776ms
[2026-03-25T21:45:24.270+0900][17.212s][info][gc,marking  ] GC(431) Concurrent Preclean
[2026-03-25T21:45:24.270+0900][17.212s][info][gc,marking  ] GC(431) Concurrent Preclean 0.033ms
[2026-03-25T21:45:24.270+0900][17.212s][info][gc,start    ] GC(431) Pause Remark
[2026-03-25T21:45:24.270+0900][17.212s][info][gc          ] GC(431) Pause Remark 374M->374M(512M) 0.304ms
[2026-03-25T21:45:24.270+0900][17.212s][info][gc,cpu      ] GC(431) User=0.00s Sys=0.00s Real=0.00s
[2026-03-25T21:45:24.270+0900][17.212s][info][gc,marking  ] GC(431) Concurrent Mark 2.229ms
[2026-03-25T21:45:24.270+0900][17.212s][info][gc,marking  ] GC(431) Concurrent Rebuild Remembered Sets
[2026-03-25T21:45:24.271+0900][17.213s][info][gc,marking  ] GC(431) Concurrent Rebuild Remembered Sets 0.605ms
[2026-03-25T21:45:24.271+0900][17.213s][info][gc,start    ] GC(431) Pause Cleanup
[2026-03-25T21:45:24.271+0900][17.213s][info][gc          ] GC(431) Pause Cleanup 374M->374M(512M) 0.065ms
[2026-03-25T21:45:24.271+0900][17.213s][info][gc,cpu      ] GC(431) User=0.00s Sys=0.00s Real=0.00s
[2026-03-25T21:45:24.271+0900][17.213s][info][gc,marking  ] GC(431) Concurrent Cleanup for Next Mark
[2026-03-25T21:45:24.271+0900][17.213s][info][gc,marking  ] GC(431) Concurrent Cleanup for Next Mark 0.327ms
[2026-03-25T21:45:24.271+0900][17.213s][info][gc          ] GC(431) Concurrent Mark Cycle 3.509ms
[2026-03-25T21:45:24.318+0900][17.260s][info][gc,start    ] GC(432) Pause Young (Concurrent Start) (G1 Humongous Allocation)
[2026-03-25T21:45:24.318+0900][17.260s][info][gc,task     ] GC(432) Using 8 workers of 8 for evacuation
[2026-03-25T21:45:24.319+0900][17.261s][info][gc,phases   ] GC(432)   Pre Evacuate Collection Set: 0.1ms
[2026-03-25T21:45:24.319+0900][17.261s][info][gc,phases   ] GC(432)   Merge Heap Roots: 0.1ms
[2026-03-25T21:45:24.319+0900][17.261s][info][gc,phases   ] GC(432)   Evacuate Collection Set: 0.2ms
[2026-03-25T21:45:24.319+0900][17.261s][info][gc,phases   ] GC(432)   Post Evacuate Collection Set: 0.1ms
[2026-03-25T21:45:24.319+0900][17.261s][info][gc,phases   ] GC(432)   Other: 0.2ms
[2026-03-25T21:45:24.319+0900][17.261s][info][gc,heap     ] GC(432) Eden regions: 1->0(82)
[2026-03-25T21:45:24.319+0900][17.261s][info][gc,heap     ] GC(432) Survivor regions: 1->1(11)
[2026-03-25T21:45:24.319+0900][17.261s][info][gc,heap     ] GC(432) Old regions: 1->1
[2026-03-25T21:45:24.319+0900][17.261s][info][gc,heap     ] GC(432) Archive regions: 2->2
[2026-03-25T21:45:24.319+0900][17.261s][info][gc,heap     ] GC(432) Humongous regions: 373->373
[2026-03-25T21:45:24.319+0900][17.261s][info][gc,metaspace] GC(432) Metaspace: 181K(384K)->181K(384K) NonClass: 173K(256K)->173K(256K) Class: 7K(128K)->7K(128K)
[2026-03-25T21:45:24.319+0900][17.261s][info][gc          ] GC(432) Pause Young (Concurrent Start) (G1 Humongous Allocation) 374M->374M(512M) 0.897ms
[2026-03-25T21:45:24.319+0900][17.261s][info][gc,cpu      ] GC(432) User=0.00s Sys=0.00s Real=0.00s
[2026-03-25T21:45:24.319+0900][17.261s][info][gc          ] GC(433) Concurrent Mark Cycle
[2026-03-25T21:45:24.319+0900][17.261s][info][gc,marking  ] GC(433) Concurrent Clear Claimed Marks
[2026-03-25T21:45:24.319+0900][17.261s][info][gc,marking  ] GC(433) Concurrent Clear Claimed Marks 0.012ms
[2026-03-25T21:45:24.319+0900][17.261s][info][gc,marking  ] GC(433) Concurrent Scan Root Regions
[2026-03-25T21:45:24.319+0900][17.261s][info][gc,marking  ] GC(433) Concurrent Scan Root Regions 0.038ms
[2026-03-25T21:45:24.319+0900][17.261s][info][gc,marking  ] GC(433) Concurrent Mark
[2026-03-25T21:45:24.319+0900][17.261s][info][gc,marking  ] GC(433) Concurrent Mark From Roots
[2026-03-25T21:45:24.319+0900][17.261s][info][gc,task     ] GC(433) Using 2 workers of 2 for marking
[2026-03-25T21:45:24.321+0900][17.263s][info][gc,marking  ] GC(433) Concurrent Mark From Roots 1.720ms
[2026-03-25T21:45:24.321+0900][17.263s][info][gc,marking  ] GC(433) Concurrent Preclean
[2026-03-25T21:45:24.321+0900][17.263s][info][gc,marking  ] GC(433) Concurrent Preclean 0.037ms
[2026-03-25T21:45:24.321+0900][17.263s][info][gc,start    ] GC(433) Pause Remark
[2026-03-25T21:45:24.321+0900][17.263s][info][gc          ] GC(433) Pause Remark 375M->375M(512M) 0.320ms
[2026-03-25T21:45:24.321+0900][17.263s][info][gc,cpu      ] GC(433) User=0.00s Sys=0.00s Real=0.00s
[2026-03-25T21:45:24.321+0900][17.263s][info][gc,marking  ] GC(433) Concurrent Mark 2.249ms
[2026-03-25T21:45:24.321+0900][17.264s][info][gc,marking  ] GC(433) Concurrent Rebuild Remembered Sets
[2026-03-25T21:45:24.322+0900][17.264s][info][gc,marking  ] GC(433) Concurrent Rebuild Remembered Sets 0.617ms
[2026-03-25T21:45:24.322+0900][17.264s][info][gc,start    ] GC(433) Pause Cleanup
[2026-03-25T21:45:24.322+0900][17.264s][info][gc          ] GC(433) Pause Cleanup 375M->375M(512M) 0.075ms
[2026-03-25T21:45:24.322+0900][17.264s][info][gc,cpu      ] GC(433) User=0.00s Sys=0.00s Real=0.00s
[2026-03-25T21:45:24.322+0900][17.264s][info][gc,marking  ] GC(433) Concurrent Cleanup for Next Mark
[2026-03-25T21:45:24.322+0900][17.265s][info][gc,marking  ] GC(433) Concurrent Cleanup for Next Mark 0.398ms
[2026-03-25T21:45:24.323+0900][17.265s][info][gc          ] GC(433) Concurrent Mark Cycle 3.622ms
[2026-03-25T21:45:24.374+0900][17.316s][info][gc,start    ] GC(434) Pause Young (Concurrent Start) (G1 Humongous Allocation)
[2026-03-25T21:45:24.374+0900][17.316s][info][gc,task     ] GC(434) Using 8 workers of 8 for evacuation
[2026-03-25T21:45:24.375+0900][17.317s][info][gc,phases   ] GC(434)   Pre Evacuate Collection Set: 0.2ms
[2026-03-25T21:45:24.375+0900][17.317s][info][gc,phases   ] GC(434)   Merge Heap Roots: 0.2ms
[2026-03-25T21:45:24.375+0900][17.317s][info][gc,phases   ] GC(434)   Evacuate Collection Set: 0.3ms
[2026-03-25T21:45:24.375+0900][17.317s][info][gc,phases   ] GC(434)   Post Evacuate Collection Set: 0.2ms
[2026-03-25T21:45:24.375+0900][17.317s][info][gc,phases   ] GC(434)   Other: 0.2ms
[2026-03-25T21:45:24.375+0900][17.317s][info][gc,heap     ] GC(434) Eden regions: 1->0(81)
[2026-03-25T21:45:24.375+0900][17.317s][info][gc,heap     ] GC(434) Survivor regions: 1->1(11)
[2026-03-25T21:45:24.375+0900][17.318s][info][gc,heap     ] GC(434) Old regions: 1->1
[2026-03-25T21:45:24.375+0900][17.318s][info][gc,heap     ] GC(434) Archive regions: 2->2
[2026-03-25T21:45:24.375+0900][17.318s][info][gc,heap     ] GC(434) Humongous regions: 374->374
[2026-03-25T21:45:24.375+0900][17.318s][info][gc,metaspace] GC(434) Metaspace: 181K(384K)->181K(384K) NonClass: 173K(256K)->173K(256K) Class: 7K(128K)->7K(128K)
[2026-03-25T21:45:24.375+0900][17.318s][info][gc          ] GC(434) Pause Young (Concurrent Start) (G1 Humongous Allocation) 375M->375M(512M) 1.228ms
[2026-03-25T21:45:24.375+0900][17.318s][info][gc,cpu      ] GC(434) User=0.00s Sys=0.00s Real=0.00s
[2026-03-25T21:45:24.375+0900][17.318s][info][gc          ] GC(435) Concurrent Mark Cycle
[2026-03-25T21:45:24.375+0900][17.318s][info][gc,marking  ] GC(435) Concurrent Clear Claimed Marks
[2026-03-25T21:45:24.375+0900][17.318s][info][gc,marking  ] GC(435) Concurrent Clear Claimed Marks 0.014ms
[2026-03-25T21:45:24.375+0900][17.318s][info][gc,marking  ] GC(435) Concurrent Scan Root Regions
[2026-03-25T21:45:24.375+0900][17.318s][info][gc,marking  ] GC(435) Concurrent Scan Root Regions 0.041ms
[2026-03-25T21:45:24.375+0900][17.318s][info][gc,marking  ] GC(435) Concurrent Mark
[2026-03-25T21:45:24.375+0900][17.318s][info][gc,marking  ] GC(435) Concurrent Mark From Roots
[2026-03-25T21:45:24.376+0900][17.318s][info][gc,task     ] GC(435) Using 2 workers of 2 for marking
[2026-03-25T21:45:24.377+0900][17.320s][info][gc,marking  ] GC(435) Concurrent Mark From Roots 1.779ms
[2026-03-25T21:45:24.377+0900][17.320s][info][gc,marking  ] GC(435) Concurrent Preclean
[2026-03-25T21:45:24.377+0900][17.320s][info][gc,marking  ] GC(435) Concurrent Preclean 0.036ms
[2026-03-25T21:45:24.377+0900][17.320s][info][gc,start    ] GC(435) Pause Remark
[2026-03-25T21:45:24.378+0900][17.320s][info][gc          ] GC(435) Pause Remark 376M->376M(512M) 0.311ms
[2026-03-25T21:45:24.378+0900][17.320s][info][gc,cpu      ] GC(435) User=0.00s Sys=0.00s Real=0.00s
[2026-03-25T21:45:24.378+0900][17.320s][info][gc,marking  ] GC(435) Concurrent Mark 2.249ms
[2026-03-25T21:45:24.378+0900][17.320s][info][gc,marking  ] GC(435) Concurrent Rebuild Remembered Sets
[2026-03-25T21:45:24.378+0900][17.321s][info][gc,marking  ] GC(435) Concurrent Rebuild Remembered Sets 0.613ms
[2026-03-25T21:45:24.378+0900][17.321s][info][gc,start    ] GC(435) Pause Cleanup
[2026-03-25T21:45:24.378+0900][17.321s][info][gc          ] GC(435) Pause Cleanup 376M->376M(512M) 0.070ms
[2026-03-25T21:45:24.378+0900][17.321s][info][gc,cpu      ] GC(435) User=0.00s Sys=0.00s Real=0.00s
[2026-03-25T21:45:24.379+0900][17.321s][info][gc,marking  ] GC(435) Concurrent Cleanup for Next Mark
[2026-03-25T21:45:24.379+0900][17.321s][info][gc,marking  ] GC(435) Concurrent Cleanup for Next Mark 0.438ms
[2026-03-25T21:45:24.379+0900][17.321s][info][gc          ] GC(435) Concurrent Mark Cycle 3.649ms
[2026-03-25T21:45:24.430+0900][17.373s][info][gc,start    ] GC(436) Pause Young (Concurrent Start) (G1 Humongous Allocation)
[2026-03-25T21:45:24.431+0900][17.373s][info][gc,task     ] GC(436) Using 8 workers of 8 for evacuation
[2026-03-25T21:45:24.431+0900][17.373s][info][gc,phases   ] GC(436)   Pre Evacuate Collection Set: 0.1ms
[2026-03-25T21:45:24.431+0900][17.373s][info][gc,phases   ] GC(436)   Merge Heap Roots: 0.1ms
[2026-03-25T21:45:24.431+0900][17.373s][info][gc,phases   ] GC(436)   Evacuate Collection Set: 0.2ms
[2026-03-25T21:45:24.431+0900][17.373s][info][gc,phases   ] GC(436)   Post Evacuate Collection Set: 0.1ms
[2026-03-25T21:45:24.431+0900][17.374s][info][gc,phases   ] GC(436)   Other: 0.2ms
[2026-03-25T21:45:24.431+0900][17.374s][info][gc,heap     ] GC(436) Eden regions: 1->0(80)
[2026-03-25T21:45:24.431+0900][17.374s][info][gc,heap     ] GC(436) Survivor regions: 1->1(11)
[2026-03-25T21:45:24.431+0900][17.374s][info][gc,heap     ] GC(436) Old regions: 1->1
[2026-03-25T21:45:24.431+0900][17.374s][info][gc,heap     ] GC(436) Archive regions: 2->2
[2026-03-25T21:45:24.431+0900][17.374s][info][gc,heap     ] GC(436) Humongous regions: 375->375
[2026-03-25T21:45:24.431+0900][17.374s][info][gc,metaspace] GC(436) Metaspace: 181K(384K)->181K(384K) NonClass: 173K(256K)->173K(256K) Class: 7K(128K)->7K(128K)
[2026-03-25T21:45:24.431+0900][17.374s][info][gc          ] GC(436) Pause Young (Concurrent Start) (G1 Humongous Allocation) 376M->376M(512M) 0.906ms
[2026-03-25T21:45:24.431+0900][17.374s][info][gc,cpu      ] GC(436) User=0.00s Sys=0.00s Real=0.00s
[2026-03-25T21:45:24.431+0900][17.374s][info][gc          ] GC(437) Concurrent Mark Cycle
[2026-03-25T21:45:24.431+0900][17.374s][info][gc,marking  ] GC(437) Concurrent Clear Claimed Marks
[2026-03-25T21:45:24.431+0900][17.374s][info][gc,marking  ] GC(437) Concurrent Clear Claimed Marks 0.015ms
[2026-03-25T21:45:24.431+0900][17.374s][info][gc,marking  ] GC(437) Concurrent Scan Root Regions
[2026-03-25T21:45:24.432+0900][17.374s][info][gc,marking  ] GC(437) Concurrent Scan Root Regions 0.039ms
[2026-03-25T21:45:24.432+0900][17.374s][info][gc,marking  ] GC(437) Concurrent Mark
[2026-03-25T21:45:24.432+0900][17.374s][info][gc,marking  ] GC(437) Concurrent Mark From Roots
[2026-03-25T21:45:24.432+0900][17.374s][info][gc,task     ] GC(437) Using 2 workers of 2 for marking
[2026-03-25T21:45:24.433+0900][17.376s][info][gc,marking  ] GC(437) Concurrent Mark From Roots 1.809ms
[2026-03-25T21:45:24.433+0900][17.376s][info][gc,marking  ] GC(437) Concurrent Preclean
[2026-03-25T21:45:24.433+0900][17.376s][info][gc,marking  ] GC(437) Concurrent Preclean 0.032ms
[2026-03-25T21:45:24.433+0900][17.376s][info][gc,start    ] GC(437) Pause Remark
[2026-03-25T21:45:24.434+0900][17.376s][info][gc          ] GC(437) Pause Remark 377M->377M(512M) 0.275ms
[2026-03-25T21:45:24.434+0900][17.376s][info][gc,cpu      ] GC(437) User=0.00s Sys=0.00s Real=0.00s
[2026-03-25T21:45:24.434+0900][17.376s][info][gc,marking  ] GC(437) Concurrent Mark 2.229ms
[2026-03-25T21:45:24.434+0900][17.376s][info][gc,marking  ] GC(437) Concurrent Rebuild Remembered Sets
[2026-03-25T21:45:24.434+0900][17.377s][info][gc,marking  ] GC(437) Concurrent Rebuild Remembered Sets 0.659ms
[2026-03-25T21:45:24.435+0900][17.377s][info][gc,start    ] GC(437) Pause Cleanup
[2026-03-25T21:45:24.435+0900][17.377s][info][gc          ] GC(437) Pause Cleanup 377M->377M(512M) 0.090ms
[2026-03-25T21:45:24.435+0900][17.377s][info][gc,cpu      ] GC(437) User=0.00s Sys=0.00s Real=0.00s
[2026-03-25T21:45:24.435+0900][17.377s][info][gc,marking  ] GC(437) Concurrent Cleanup for Next Mark
[2026-03-25T21:45:24.435+0900][17.377s][info][gc,marking  ] GC(437) Concurrent Cleanup for Next Mark 0.441ms
[2026-03-25T21:45:24.435+0900][17.377s][info][gc          ] GC(437) Concurrent Mark Cycle 3.776ms
[2026-03-25T21:45:24.485+0900][17.427s][info][gc,start    ] GC(438) Pause Young (Concurrent Start) (G1 Humongous Allocation)
[2026-03-25T21:45:24.485+0900][17.427s][info][gc,task     ] GC(438) Using 8 workers of 8 for evacuation
[2026-03-25T21:45:24.485+0900][17.428s][info][gc,phases   ] GC(438)   Pre Evacuate Collection Set: 0.1ms
[2026-03-25T21:45:24.485+0900][17.428s][info][gc,phases   ] GC(438)   Merge Heap Roots: 0.1ms
[2026-03-25T21:45:24.485+0900][17.428s][info][gc,phases   ] GC(438)   Evacuate Collection Set: 0.2ms
[2026-03-25T21:45:24.485+0900][17.428s][info][gc,phases   ] GC(438)   Post Evacuate Collection Set: 0.1ms
[2026-03-25T21:45:24.485+0900][17.428s][info][gc,phases   ] GC(438)   Other: 0.2ms
[2026-03-25T21:45:24.485+0900][17.428s][info][gc,heap     ] GC(438) Eden regions: 1->0(79)
[2026-03-25T21:45:24.485+0900][17.428s][info][gc,heap     ] GC(438) Survivor regions: 1->1(11)
[2026-03-25T21:45:24.486+0900][17.428s][info][gc,heap     ] GC(438) Old regions: 1->1
[2026-03-25T21:45:24.486+0900][17.428s][info][gc,heap     ] GC(438) Archive regions: 2->2
[2026-03-25T21:45:24.486+0900][17.428s][info][gc,heap     ] GC(438) Humongous regions: 376->376
[2026-03-25T21:45:24.486+0900][17.428s][info][gc,metaspace] GC(438) Metaspace: 181K(384K)->181K(384K) NonClass: 173K(256K)->173K(256K) Class: 7K(128K)->7K(128K)
[2026-03-25T21:45:24.486+0900][17.428s][info][gc          ] GC(438) Pause Young (Concurrent Start) (G1 Humongous Allocation) 377M->377M(512M) 0.953ms
[2026-03-25T21:45:24.486+0900][17.428s][info][gc,cpu      ] GC(438) User=0.00s Sys=0.00s Real=0.00s
[2026-03-25T21:45:24.486+0900][17.428s][info][gc          ] GC(439) Concurrent Mark Cycle
[2026-03-25T21:45:24.486+0900][17.428s][info][gc,marking  ] GC(439) Concurrent Clear Claimed Marks
[2026-03-25T21:45:24.486+0900][17.428s][info][gc,marking  ] GC(439) Concurrent Clear Claimed Marks 0.018ms
[2026-03-25T21:45:24.486+0900][17.428s][info][gc,marking  ] GC(439) Concurrent Scan Root Regions
[2026-03-25T21:45:24.486+0900][17.428s][info][gc,marking  ] GC(439) Concurrent Scan Root Regions 0.045ms
[2026-03-25T21:45:24.486+0900][17.428s][info][gc,marking  ] GC(439) Concurrent Mark
[2026-03-25T21:45:24.486+0900][17.428s][info][gc,marking  ] GC(439) Concurrent Mark From Roots
[2026-03-25T21:45:24.486+0900][17.428s][info][gc,task     ] GC(439) Using 2 workers of 2 for marking
[2026-03-25T21:45:24.488+0900][17.430s][info][gc,marking  ] GC(439) Concurrent Mark From Roots 1.988ms
[2026-03-25T21:45:24.488+0900][17.430s][info][gc,marking  ] GC(439) Concurrent Preclean
[2026-03-25T21:45:24.488+0900][17.430s][info][gc,marking  ] GC(439) Concurrent Preclean 0.034ms
[2026-03-25T21:45:24.488+0900][17.430s][info][gc,start    ] GC(439) Pause Remark
[2026-03-25T21:45:24.488+0900][17.430s][info][gc          ] GC(439) Pause Remark 378M->378M(512M) 0.325ms
[2026-03-25T21:45:24.488+0900][17.430s][info][gc,cpu      ] GC(439) User=0.00s Sys=0.00s Real=0.00s
[2026-03-25T21:45:24.488+0900][17.430s][info][gc,marking  ] GC(439) Concurrent Mark 2.487ms
[2026-03-25T21:45:24.488+0900][17.431s][info][gc,marking  ] GC(439) Concurrent Rebuild Remembered Sets
[2026-03-25T21:45:24.489+0900][17.431s][info][gc,marking  ] GC(439) Concurrent Rebuild Remembered Sets 0.607ms
[2026-03-25T21:45:24.489+0900][17.431s][info][gc,start    ] GC(439) Pause Cleanup
[2026-03-25T21:45:24.489+0900][17.431s][info][gc          ] GC(439) Pause Cleanup 378M->378M(512M) 0.090ms
[2026-03-25T21:45:24.489+0900][17.431s][info][gc,cpu      ] GC(439) User=0.00s Sys=0.00s Real=0.00s
[2026-03-25T21:45:24.489+0900][17.431s][info][gc,marking  ] GC(439) Concurrent Cleanup for Next Mark
[2026-03-25T21:45:24.490+0900][17.432s][info][gc,marking  ] GC(439) Concurrent Cleanup for Next Mark 0.421ms
[2026-03-25T21:45:24.490+0900][17.432s][info][gc          ] GC(439) Concurrent Mark Cycle 3.981ms
[2026-03-25T21:45:24.538+0900][17.481s][info][gc,start    ] GC(440) Pause Young (Concurrent Start) (G1 Humongous Allocation)
[2026-03-25T21:45:24.539+0900][17.481s][info][gc,task     ] GC(440) Using 8 workers of 8 for evacuation
[2026-03-25T21:45:24.539+0900][17.481s][info][gc,phases   ] GC(440)   Pre Evacuate Collection Set: 0.1ms
[2026-03-25T21:45:24.539+0900][17.481s][info][gc,phases   ] GC(440)   Merge Heap Roots: 0.1ms
[2026-03-25T21:45:24.539+0900][17.481s][info][gc,phases   ] GC(440)   Evacuate Collection Set: 0.2ms
[2026-03-25T21:45:24.539+0900][17.482s][info][gc,phases   ] GC(440)   Post Evacuate Collection Set: 0.1ms
[2026-03-25T21:45:24.539+0900][17.482s][info][gc,phases   ] GC(440)   Other: 0.2ms
[2026-03-25T21:45:24.539+0900][17.482s][info][gc,heap     ] GC(440) Eden regions: 1->0(78)
[2026-03-25T21:45:24.539+0900][17.482s][info][gc,heap     ] GC(440) Survivor regions: 1->1(10)
[2026-03-25T21:45:24.539+0900][17.482s][info][gc,heap     ] GC(440) Old regions: 1->1
[2026-03-25T21:45:24.539+0900][17.482s][info][gc,heap     ] GC(440) Archive regions: 2->2
[2026-03-25T21:45:24.539+0900][17.482s][info][gc,heap     ] GC(440) Humongous regions: 377->377
[2026-03-25T21:45:24.539+0900][17.482s][info][gc,metaspace] GC(440) Metaspace: 181K(384K)->181K(384K) NonClass: 173K(256K)->173K(256K) Class: 7K(128K)->7K(128K)
[2026-03-25T21:45:24.539+0900][17.482s][info][gc          ] GC(440) Pause Young (Concurrent Start) (G1 Humongous Allocation) 378M->378M(512M) 0.899ms
[2026-03-25T21:45:24.539+0900][17.482s][info][gc,cpu      ] GC(440) User=0.00s Sys=0.00s Real=0.00s
[2026-03-25T21:45:24.539+0900][17.482s][info][gc          ] GC(441) Concurrent Mark Cycle
[2026-03-25T21:45:24.539+0900][17.482s][info][gc,marking  ] GC(441) Concurrent Clear Claimed Marks
[2026-03-25T21:45:24.539+0900][17.482s][info][gc,marking  ] GC(441) Concurrent Clear Claimed Marks 0.016ms
[2026-03-25T21:45:24.539+0900][17.482s][info][gc,marking  ] GC(441) Concurrent Scan Root Regions
[2026-03-25T21:45:24.540+0900][17.482s][info][gc,marking  ] GC(441) Concurrent Scan Root Regions 0.037ms
[2026-03-25T21:45:24.540+0900][17.482s][info][gc,marking  ] GC(441) Concurrent Mark
[2026-03-25T21:45:24.540+0900][17.482s][info][gc,marking  ] GC(441) Concurrent Mark From Roots
[2026-03-25T21:45:24.540+0900][17.482s][info][gc,task     ] GC(441) Using 2 workers of 2 for marking
[2026-03-25T21:45:24.541+0900][17.484s][info][gc,marking  ] GC(441) Concurrent Mark From Roots 1.768ms
[2026-03-25T21:45:24.541+0900][17.484s][info][gc,marking  ] GC(441) Concurrent Preclean
[2026-03-25T21:45:24.541+0900][17.484s][info][gc,marking  ] GC(441) Concurrent Preclean 0.035ms
[2026-03-25T21:45:24.541+0900][17.484s][info][gc,start    ] GC(441) Pause Remark
[2026-03-25T21:45:24.542+0900][17.484s][info][gc          ] GC(441) Pause Remark 379M->379M(512M) 0.308ms
[2026-03-25T21:45:24.542+0900][17.484s][info][gc,cpu      ] GC(441) User=0.00s Sys=0.00s Real=0.00s
[2026-03-25T21:45:24.542+0900][17.484s][info][gc,marking  ] GC(441) Concurrent Mark 2.266ms
[2026-03-25T21:45:24.542+0900][17.484s][info][gc,marking  ] GC(441) Concurrent Rebuild Remembered Sets
[2026-03-25T21:45:24.542+0900][17.485s][info][gc,marking  ] GC(441) Concurrent Rebuild Remembered Sets 0.618ms
[2026-03-25T21:45:24.542+0900][17.485s][info][gc,start    ] GC(441) Pause Cleanup
[2026-03-25T21:45:24.543+0900][17.485s][info][gc          ] GC(441) Pause Cleanup 379M->379M(512M) 0.089ms
[2026-03-25T21:45:24.543+0900][17.485s][info][gc,cpu      ] GC(441) User=0.00s Sys=0.00s Real=0.00s
[2026-03-25T21:45:24.543+0900][17.485s][info][gc,marking  ] GC(441) Concurrent Cleanup for Next Mark
[2026-03-25T21:45:24.543+0900][17.486s][info][gc,marking  ] GC(441) Concurrent Cleanup for Next Mark 0.816ms
[2026-03-25T21:45:24.544+0900][17.486s][info][gc          ] GC(441) Concurrent Mark Cycle 4.148ms
[2026-03-25T21:45:24.595+0900][17.537s][info][gc,start    ] GC(442) Pause Young (Concurrent Start) (G1 Humongous Allocation)
[2026-03-25T21:45:24.595+0900][17.537s][info][gc,task     ] GC(442) Using 8 workers of 8 for evacuation
[2026-03-25T21:45:24.596+0900][17.538s][info][gc,phases   ] GC(442)   Pre Evacuate Collection Set: 0.1ms
[2026-03-25T21:45:24.596+0900][17.538s][info][gc,phases   ] GC(442)   Merge Heap Roots: 0.1ms
[2026-03-25T21:45:24.596+0900][17.538s][info][gc,phases   ] GC(442)   Evacuate Collection Set: 0.2ms
[2026-03-25T21:45:24.596+0900][17.538s][info][gc,phases   ] GC(442)   Post Evacuate Collection Set: 0.2ms
[2026-03-25T21:45:24.596+0900][17.538s][info][gc,phases   ] GC(442)   Other: 0.2ms
[2026-03-25T21:45:24.596+0900][17.538s][info][gc,heap     ] GC(442) Eden regions: 1->0(77)
[2026-03-25T21:45:24.596+0900][17.538s][info][gc,heap     ] GC(442) Survivor regions: 1->1(10)
[2026-03-25T21:45:24.596+0900][17.538s][info][gc,heap     ] GC(442) Old regions: 1->1
[2026-03-25T21:45:24.596+0900][17.538s][info][gc,heap     ] GC(442) Archive regions: 2->2
[2026-03-25T21:45:24.596+0900][17.538s][info][gc,heap     ] GC(442) Humongous regions: 378->378
[2026-03-25T21:45:24.596+0900][17.538s][info][gc,metaspace] GC(442) Metaspace: 181K(384K)->181K(384K) NonClass: 173K(256K)->173K(256K) Class: 7K(128K)->7K(128K)
[2026-03-25T21:45:24.596+0900][17.538s][info][gc          ] GC(442) Pause Young (Concurrent Start) (G1 Humongous Allocation) 379M->379M(512M) 1.135ms
[2026-03-25T21:45:24.596+0900][17.538s][info][gc,cpu      ] GC(442) User=0.01s Sys=0.00s Real=0.00s
[2026-03-25T21:45:24.596+0900][17.538s][info][gc          ] GC(443) Concurrent Mark Cycle
[2026-03-25T21:45:24.596+0900][17.538s][info][gc,marking  ] GC(443) Concurrent Clear Claimed Marks
[2026-03-25T21:45:24.596+0900][17.538s][info][gc,marking  ] GC(443) Concurrent Clear Claimed Marks 0.031ms
[2026-03-25T21:45:24.596+0900][17.538s][info][gc,marking  ] GC(443) Concurrent Scan Root Regions
[2026-03-25T21:45:24.596+0900][17.538s][info][gc,marking  ] GC(443) Concurrent Scan Root Regions 0.071ms
[2026-03-25T21:45:24.596+0900][17.538s][info][gc,marking  ] GC(443) Concurrent Mark
[2026-03-25T21:45:24.596+0900][17.538s][info][gc,marking  ] GC(443) Concurrent Mark From Roots
[2026-03-25T21:45:24.596+0900][17.539s][info][gc,task     ] GC(443) Using 2 workers of 2 for marking
[2026-03-25T21:45:24.599+0900][17.541s][info][gc,marking  ] GC(443) Concurrent Mark From Roots 2.736ms
[2026-03-25T21:45:24.599+0900][17.541s][info][gc,marking  ] GC(443) Concurrent Preclean
[2026-03-25T21:45:24.599+0900][17.541s][info][gc,marking  ] GC(443) Concurrent Preclean 0.052ms
[2026-03-25T21:45:24.599+0900][17.541s][info][gc,start    ] GC(443) Pause Remark
[2026-03-25T21:45:24.600+0900][17.542s][info][gc          ] GC(443) Pause Remark 380M->380M(512M) 0.432ms
[2026-03-25T21:45:24.600+0900][17.542s][info][gc,cpu      ] GC(443) User=0.00s Sys=0.00s Real=0.01s
[2026-03-25T21:45:24.600+0900][17.542s][info][gc,marking  ] GC(443) Concurrent Mark 3.371ms
[2026-03-25T21:45:24.600+0900][17.542s][info][gc,marking  ] GC(443) Concurrent Rebuild Remembered Sets
[2026-03-25T21:45:24.600+0900][17.543s][info][gc,marking  ] GC(443) Concurrent Rebuild Remembered Sets 0.742ms
[2026-03-25T21:45:24.600+0900][17.543s][info][gc,start    ] GC(443) Pause Cleanup
[2026-03-25T21:45:24.600+0900][17.543s][info][gc          ] GC(443) Pause Cleanup 380M->380M(512M) 0.095ms
[2026-03-25T21:45:24.601+0900][17.543s][info][gc,cpu      ] GC(443) User=0.00s Sys=0.00s Real=0.00s
[2026-03-25T21:45:24.601+0900][17.543s][info][gc,marking  ] GC(443) Concurrent Cleanup for Next Mark
[2026-03-25T21:45:24.601+0900][17.543s][info][gc,marking  ] GC(443) Concurrent Cleanup for Next Mark 0.616ms
[2026-03-25T21:45:24.601+0900][17.544s][info][gc          ] GC(443) Concurrent Mark Cycle 5.247ms
[2026-03-25T21:45:24.650+0900][17.592s][info][gc,start    ] GC(444) Pause Young (Concurrent Start) (G1 Humongous Allocation)
[2026-03-25T21:45:24.650+0900][17.592s][info][gc,task     ] GC(444) Using 8 workers of 8 for evacuation
[2026-03-25T21:45:24.650+0900][17.593s][info][gc,phases   ] GC(444)   Pre Evacuate Collection Set: 0.1ms
[2026-03-25T21:45:24.650+0900][17.593s][info][gc,phases   ] GC(444)   Merge Heap Roots: 0.1ms
[2026-03-25T21:45:24.650+0900][17.593s][info][gc,phases   ] GC(444)   Evacuate Collection Set: 0.2ms
[2026-03-25T21:45:24.651+0900][17.593s][info][gc,phases   ] GC(444)   Post Evacuate Collection Set: 0.1ms
[2026-03-25T21:45:24.651+0900][17.593s][info][gc,phases   ] GC(444)   Other: 0.2ms
[2026-03-25T21:45:24.651+0900][17.593s][info][gc,heap     ] GC(444) Eden regions: 1->0(76)
[2026-03-25T21:45:24.651+0900][17.593s][info][gc,heap     ] GC(444) Survivor regions: 1->1(10)
[2026-03-25T21:45:24.651+0900][17.593s][info][gc,heap     ] GC(444) Old regions: 1->1
[2026-03-25T21:45:24.651+0900][17.593s][info][gc,heap     ] GC(444) Archive regions: 2->2
[2026-03-25T21:45:24.651+0900][17.593s][info][gc,heap     ] GC(444) Humongous regions: 379->379
[2026-03-25T21:45:24.651+0900][17.593s][info][gc,metaspace] GC(444) Metaspace: 181K(384K)->181K(384K) NonClass: 173K(256K)->173K(256K) Class: 7K(128K)->7K(128K)
[2026-03-25T21:45:24.651+0900][17.593s][info][gc          ] GC(444) Pause Young (Concurrent Start) (G1 Humongous Allocation) 380M->380M(512M) 0.893ms
[2026-03-25T21:45:24.651+0900][17.593s][info][gc,cpu      ] GC(444) User=0.01s Sys=0.00s Real=0.00s
[2026-03-25T21:45:24.651+0900][17.593s][info][gc          ] GC(445) Concurrent Mark Cycle
[2026-03-25T21:45:24.651+0900][17.593s][info][gc,marking  ] GC(445) Concurrent Clear Claimed Marks
[2026-03-25T21:45:24.651+0900][17.593s][info][gc,marking  ] GC(445) Concurrent Clear Claimed Marks 0.012ms
[2026-03-25T21:45:24.651+0900][17.593s][info][gc,marking  ] GC(445) Concurrent Scan Root Regions
[2026-03-25T21:45:24.651+0900][17.593s][info][gc,marking  ] GC(445) Concurrent Scan Root Regions 0.036ms
[2026-03-25T21:45:24.651+0900][17.593s][info][gc,marking  ] GC(445) Concurrent Mark
[2026-03-25T21:45:24.651+0900][17.593s][info][gc,marking  ] GC(445) Concurrent Mark From Roots
[2026-03-25T21:45:24.651+0900][17.593s][info][gc,task     ] GC(445) Using 2 workers of 2 for marking
[2026-03-25T21:45:24.653+0900][17.596s][info][gc,marking  ] GC(445) Concurrent Mark From Roots 2.547ms
[2026-03-25T21:45:24.653+0900][17.596s][info][gc,marking  ] GC(445) Concurrent Preclean
[2026-03-25T21:45:24.654+0900][17.596s][info][gc,marking  ] GC(445) Concurrent Preclean 0.052ms
[2026-03-25T21:45:24.654+0900][17.596s][info][gc,start    ] GC(445) Pause Remark
[2026-03-25T21:45:24.654+0900][17.596s][info][gc          ] GC(445) Pause Remark 381M->381M(512M) 0.477ms
[2026-03-25T21:45:24.654+0900][17.597s][info][gc,cpu      ] GC(445) User=0.00s Sys=0.00s Real=0.00s
[2026-03-25T21:45:24.654+0900][17.597s][info][gc,marking  ] GC(445) Concurrent Mark 3.537ms
[2026-03-25T21:45:24.654+0900][17.597s][info][gc,marking  ] GC(445) Concurrent Rebuild Remembered Sets
[2026-03-25T21:45:24.655+0900][17.598s][info][gc,marking  ] GC(445) Concurrent Rebuild Remembered Sets 1.129ms
[2026-03-25T21:45:24.656+0900][17.598s][info][gc,start    ] GC(445) Pause Cleanup
[2026-03-25T21:45:24.656+0900][17.598s][info][gc          ] GC(445) Pause Cleanup 381M->381M(512M) 0.109ms
[2026-03-25T21:45:24.656+0900][17.598s][info][gc,cpu      ] GC(445) User=0.00s Sys=0.00s Real=0.00s
[2026-03-25T21:45:24.656+0900][17.598s][info][gc,marking  ] GC(445) Concurrent Cleanup for Next Mark
[2026-03-25T21:45:24.656+0900][17.598s][info][gc,marking  ] GC(445) Concurrent Cleanup for Next Mark 0.385ms
[2026-03-25T21:45:24.656+0900][17.598s][info][gc          ] GC(445) Concurrent Mark Cycle 5.511ms
[2026-03-25T21:45:24.702+0900][17.644s][info][gc,start    ] GC(446) Pause Young (Concurrent Start) (G1 Humongous Allocation)
[2026-03-25T21:45:24.702+0900][17.644s][info][gc,task     ] GC(446) Using 8 workers of 8 for evacuation
[2026-03-25T21:45:24.703+0900][17.645s][info][gc,phases   ] GC(446)   Pre Evacuate Collection Set: 0.3ms
[2026-03-25T21:45:24.703+0900][17.645s][info][gc,phases   ] GC(446)   Merge Heap Roots: 0.1ms
[2026-03-25T21:45:24.703+0900][17.645s][info][gc,phases   ] GC(446)   Evacuate Collection Set: 0.2ms
[2026-03-25T21:45:24.703+0900][17.645s][info][gc,phases   ] GC(446)   Post Evacuate Collection Set: 0.1ms
[2026-03-25T21:45:24.703+0900][17.645s][info][gc,phases   ] GC(446)   Other: 0.2ms
[2026-03-25T21:45:24.703+0900][17.645s][info][gc,heap     ] GC(446) Eden regions: 1->0(75)
[2026-03-25T21:45:24.703+0900][17.645s][info][gc,heap     ] GC(446) Survivor regions: 1->1(10)
[2026-03-25T21:45:24.703+0900][17.645s][info][gc,heap     ] GC(446) Old regions: 1->1
[2026-03-25T21:45:24.703+0900][17.645s][info][gc,heap     ] GC(446) Archive regions: 2->2
[2026-03-25T21:45:24.703+0900][17.645s][info][gc,heap     ] GC(446) Humongous regions: 380->380
[2026-03-25T21:45:24.703+0900][17.645s][info][gc,metaspace] GC(446) Metaspace: 181K(384K)->181K(384K) NonClass: 173K(256K)->173K(256K) Class: 7K(128K)->7K(128K)
[2026-03-25T21:45:24.703+0900][17.645s][info][gc          ] GC(446) Pause Young (Concurrent Start) (G1 Humongous Allocation) 381M->381M(512M) 1.059ms
[2026-03-25T21:45:24.703+0900][17.645s][info][gc,cpu      ] GC(446) User=0.00s Sys=0.00s Real=0.00s
[2026-03-25T21:45:24.703+0900][17.645s][info][gc          ] GC(447) Concurrent Mark Cycle
[2026-03-25T21:45:24.703+0900][17.645s][info][gc,marking  ] GC(447) Concurrent Clear Claimed Marks
[2026-03-25T21:45:24.703+0900][17.645s][info][gc,marking  ] GC(447) Concurrent Clear Claimed Marks 0.014ms
[2026-03-25T21:45:24.703+0900][17.645s][info][gc,marking  ] GC(447) Concurrent Scan Root Regions
[2026-03-25T21:45:24.703+0900][17.645s][info][gc,marking  ] GC(447) Concurrent Scan Root Regions 0.037ms
[2026-03-25T21:45:24.703+0900][17.645s][info][gc,marking  ] GC(447) Concurrent Mark
[2026-03-25T21:45:24.703+0900][17.645s][info][gc,marking  ] GC(447) Concurrent Mark From Roots
[2026-03-25T21:45:24.703+0900][17.645s][info][gc,task     ] GC(447) Using 2 workers of 2 for marking
[2026-03-25T21:45:24.705+0900][17.647s][info][gc,marking  ] GC(447) Concurrent Mark From Roots 1.769ms
[2026-03-25T21:45:24.705+0900][17.647s][info][gc,marking  ] GC(447) Concurrent Preclean
[2026-03-25T21:45:24.705+0900][17.647s][info][gc,marking  ] GC(447) Concurrent Preclean 0.040ms
[2026-03-25T21:45:24.705+0900][17.647s][info][gc,start    ] GC(447) Pause Remark
[2026-03-25T21:45:24.705+0900][17.648s][info][gc          ] GC(447) Pause Remark 382M->382M(512M) 0.383ms
[2026-03-25T21:45:24.705+0900][17.648s][info][gc,cpu      ] GC(447) User=0.00s Sys=0.00s Real=0.00s
[2026-03-25T21:45:24.705+0900][17.648s][info][gc,marking  ] GC(447) Concurrent Mark 2.374ms
[2026-03-25T21:45:24.705+0900][17.648s][info][gc,marking  ] GC(447) Concurrent Rebuild Remembered Sets
[2026-03-25T21:45:24.706+0900][17.648s][info][gc,marking  ] GC(447) Concurrent Rebuild Remembered Sets 0.693ms
[2026-03-25T21:45:24.706+0900][17.648s][info][gc,start    ] GC(447) Pause Cleanup
[2026-03-25T21:45:24.706+0900][17.648s][info][gc          ] GC(447) Pause Cleanup 382M->382M(512M) 0.070ms
[2026-03-25T21:45:24.706+0900][17.648s][info][gc,cpu      ] GC(447) User=0.00s Sys=0.00s Real=0.00s
[2026-03-25T21:45:24.706+0900][17.648s][info][gc,marking  ] GC(447) Concurrent Cleanup for Next Mark
[2026-03-25T21:45:24.707+0900][17.649s][info][gc,marking  ] GC(447) Concurrent Cleanup for Next Mark 0.374ms
[2026-03-25T21:45:24.707+0900][17.649s][info][gc          ] GC(447) Concurrent Mark Cycle 3.807ms
[2026-03-25T21:45:24.758+0900][17.700s][info][gc,start    ] GC(448) Pause Young (Concurrent Start) (G1 Humongous Allocation)
[2026-03-25T21:45:24.758+0900][17.701s][info][gc,task     ] GC(448) Using 8 workers of 8 for evacuation
[2026-03-25T21:45:24.759+0900][17.702s][info][gc,phases   ] GC(448)   Pre Evacuate Collection Set: 0.2ms
[2026-03-25T21:45:24.759+0900][17.702s][info][gc,phases   ] GC(448)   Merge Heap Roots: 0.2ms
[2026-03-25T21:45:24.759+0900][17.702s][info][gc,phases   ] GC(448)   Evacuate Collection Set: 0.2ms
[2026-03-25T21:45:24.759+0900][17.702s][info][gc,phases   ] GC(448)   Post Evacuate Collection Set: 0.2ms
[2026-03-25T21:45:24.759+0900][17.702s][info][gc,phases   ] GC(448)   Other: 0.2ms
[2026-03-25T21:45:24.760+0900][17.702s][info][gc,heap     ] GC(448) Eden regions: 1->0(74)
[2026-03-25T21:45:24.760+0900][17.702s][info][gc,heap     ] GC(448) Survivor regions: 1->1(10)
[2026-03-25T21:45:24.760+0900][17.702s][info][gc,heap     ] GC(448) Old regions: 1->1
[2026-03-25T21:45:24.760+0900][17.702s][info][gc,heap     ] GC(448) Archive regions: 2->2
[2026-03-25T21:45:24.760+0900][17.702s][info][gc,heap     ] GC(448) Humongous regions: 381->381
[2026-03-25T21:45:24.760+0900][17.702s][info][gc,metaspace] GC(448) Metaspace: 181K(384K)->181K(384K) NonClass: 173K(256K)->173K(256K) Class: 7K(128K)->7K(128K)
[2026-03-25T21:45:24.760+0900][17.702s][info][gc          ] GC(448) Pause Young (Concurrent Start) (G1 Humongous Allocation) 382M->382M(512M) 1.492ms
[2026-03-25T21:45:24.760+0900][17.702s][info][gc,cpu      ] GC(448) User=0.00s Sys=0.00s Real=0.01s
[2026-03-25T21:45:24.760+0900][17.702s][info][gc          ] GC(449) Concurrent Mark Cycle
[2026-03-25T21:45:24.760+0900][17.702s][info][gc,marking  ] GC(449) Concurrent Clear Claimed Marks
[2026-03-25T21:45:24.760+0900][17.702s][info][gc,marking  ] GC(449) Concurrent Clear Claimed Marks 0.028ms
[2026-03-25T21:45:24.760+0900][17.702s][info][gc,marking  ] GC(449) Concurrent Scan Root Regions
[2026-03-25T21:45:24.760+0900][17.702s][info][gc,marking  ] GC(449) Concurrent Scan Root Regions 0.070ms
[2026-03-25T21:45:24.760+0900][17.702s][info][gc,marking  ] GC(449) Concurrent Mark
[2026-03-25T21:45:24.760+0900][17.702s][info][gc,marking  ] GC(449) Concurrent Mark From Roots
[2026-03-25T21:45:24.760+0900][17.702s][info][gc,task     ] GC(449) Using 2 workers of 2 for marking
[2026-03-25T21:45:24.762+0900][17.705s][info][gc,marking  ] GC(449) Concurrent Mark From Roots 2.410ms
[2026-03-25T21:45:24.762+0900][17.705s][info][gc,marking  ] GC(449) Concurrent Preclean
[2026-03-25T21:45:24.763+0900][17.705s][info][gc,marking  ] GC(449) Concurrent Preclean 0.044ms
[2026-03-25T21:45:24.763+0900][17.705s][info][gc,start    ] GC(449) Pause Remark
[2026-03-25T21:45:24.763+0900][17.705s][info][gc          ] GC(449) Pause Remark 385M->385M(512M) 0.309ms
[2026-03-25T21:45:24.763+0900][17.705s][info][gc,cpu      ] GC(449) User=0.00s Sys=0.00s Real=0.00s
[2026-03-25T21:45:24.763+0900][17.705s][info][gc,marking  ] GC(449) Concurrent Mark 2.915ms
[2026-03-25T21:45:24.763+0900][17.705s][info][gc,marking  ] GC(449) Concurrent Rebuild Remembered Sets
[2026-03-25T21:45:24.764+0900][17.706s][info][gc,marking  ] GC(449) Concurrent Rebuild Remembered Sets 0.746ms
[2026-03-25T21:45:24.764+0900][17.706s][info][gc,start    ] GC(449) Pause Cleanup
[2026-03-25T21:45:24.764+0900][17.706s][info][gc          ] GC(449) Pause Cleanup 385M->385M(512M) 0.093ms
[2026-03-25T21:45:24.764+0900][17.706s][info][gc,cpu      ] GC(449) User=0.00s Sys=0.00s Real=0.00s
[2026-03-25T21:45:24.764+0900][17.706s][info][gc,marking  ] GC(449) Concurrent Cleanup for Next Mark
[2026-03-25T21:45:24.764+0900][17.706s][info][gc,marking  ] GC(449) Concurrent Cleanup for Next Mark 0.370ms
[2026-03-25T21:45:24.764+0900][17.707s][info][gc          ] GC(449) Concurrent Mark Cycle 4.535ms
[2026-03-25T21:45:24.814+0900][17.756s][info][gc,start    ] GC(450) Pause Young (Concurrent Start) (G1 Humongous Allocation)
[2026-03-25T21:45:24.814+0900][17.756s][info][gc,task     ] GC(450) Using 8 workers of 8 for evacuation
[2026-03-25T21:45:24.816+0900][17.758s][info][gc,phases   ] GC(450)   Pre Evacuate Collection Set: 0.3ms
[2026-03-25T21:45:24.816+0900][17.758s][info][gc,phases   ] GC(450)   Merge Heap Roots: 0.2ms
[2026-03-25T21:45:24.816+0900][17.758s][info][gc,phases   ] GC(450)   Evacuate Collection Set: 0.9ms
[2026-03-25T21:45:24.816+0900][17.758s][info][gc,phases   ] GC(450)   Post Evacuate Collection Set: 0.2ms
[2026-03-25T21:45:24.816+0900][17.758s][info][gc,phases   ] GC(450)   Other: 0.4ms
[2026-03-25T21:45:24.816+0900][17.758s][info][gc,heap     ] GC(450) Eden regions: 1->0(71)
[2026-03-25T21:45:24.816+0900][17.758s][info][gc,heap     ] GC(450) Survivor regions: 1->1(10)
[2026-03-25T21:45:24.816+0900][17.758s][info][gc,heap     ] GC(450) Old regions: 1->1
[2026-03-25T21:45:24.816+0900][17.758s][info][gc,heap     ] GC(450) Archive regions: 2->2
[2026-03-25T21:45:24.816+0900][17.758s][info][gc,heap     ] GC(450) Humongous regions: 384->384
[2026-03-25T21:45:24.816+0900][17.758s][info][gc,metaspace] GC(450) Metaspace: 181K(384K)->181K(384K) NonClass: 173K(256K)->173K(256K) Class: 7K(128K)->7K(128K)
[2026-03-25T21:45:24.816+0900][17.758s][info][gc          ] GC(450) Pause Young (Concurrent Start) (G1 Humongous Allocation) 385M->385M(512M) 2.224ms
[2026-03-25T21:45:24.816+0900][17.758s][info][gc,cpu      ] GC(450) User=0.00s Sys=0.00s Real=0.00s
[2026-03-25T21:45:24.816+0900][17.758s][info][gc          ] GC(451) Concurrent Mark Cycle
[2026-03-25T21:45:24.816+0900][17.758s][info][gc,marking  ] GC(451) Concurrent Clear Claimed Marks
[2026-03-25T21:45:24.816+0900][17.758s][info][gc,marking  ] GC(451) Concurrent Clear Claimed Marks 0.016ms
[2026-03-25T21:45:24.816+0900][17.758s][info][gc,marking  ] GC(451) Concurrent Scan Root Regions
[2026-03-25T21:45:24.816+0900][17.759s][info][gc,marking  ] GC(451) Concurrent Scan Root Regions 0.042ms
[2026-03-25T21:45:24.816+0900][17.759s][info][gc,marking  ] GC(451) Concurrent Mark
[2026-03-25T21:45:24.816+0900][17.759s][info][gc,marking  ] GC(451) Concurrent Mark From Roots
[2026-03-25T21:45:24.816+0900][17.759s][info][gc,task     ] GC(451) Using 2 workers of 2 for marking
[2026-03-25T21:45:24.818+0900][17.760s][info][gc,marking  ] GC(451) Concurrent Mark From Roots 1.885ms
[2026-03-25T21:45:24.818+0900][17.760s][info][gc,marking  ] GC(451) Concurrent Preclean
[2026-03-25T21:45:24.818+0900][17.761s][info][gc,marking  ] GC(451) Concurrent Preclean 0.035ms
[2026-03-25T21:45:24.818+0900][17.761s][info][gc,start    ] GC(451) Pause Remark
[2026-03-25T21:45:24.819+0900][17.761s][info][gc          ] GC(451) Pause Remark 386M->386M(512M) 0.336ms
[2026-03-25T21:45:24.819+0900][17.761s][info][gc,cpu      ] GC(451) User=0.00s Sys=0.00s Real=0.00s
[2026-03-25T21:45:24.819+0900][17.761s][info][gc,marking  ] GC(451) Concurrent Mark 2.446ms
[2026-03-25T21:45:24.819+0900][17.761s][info][gc,marking  ] GC(451) Concurrent Rebuild Remembered Sets
[2026-03-25T21:45:24.819+0900][17.762s][info][gc,marking  ] GC(451) Concurrent Rebuild Remembered Sets 0.620ms
[2026-03-25T21:45:24.819+0900][17.762s][info][gc,start    ] GC(451) Pause Cleanup
[2026-03-25T21:45:24.819+0900][17.762s][info][gc          ] GC(451) Pause Cleanup 386M->386M(512M) 0.083ms
[2026-03-25T21:45:24.820+0900][17.762s][info][gc,cpu      ] GC(451) User=0.00s Sys=0.00s Real=0.01s
[2026-03-25T21:45:24.820+0900][17.762s][info][gc,marking  ] GC(451) Concurrent Cleanup for Next Mark
[2026-03-25T21:45:24.820+0900][17.762s][info][gc,marking  ] GC(451) Concurrent Cleanup for Next Mark 0.399ms
[2026-03-25T21:45:24.820+0900][17.762s][info][gc          ] GC(451) Concurrent Mark Cycle 3.879ms
[2026-03-25T21:45:24.872+0900][17.814s][info][gc,start    ] GC(452) Pause Young (Concurrent Start) (G1 Humongous Allocation)
[2026-03-25T21:45:24.872+0900][17.814s][info][gc,task     ] GC(452) Using 8 workers of 8 for evacuation
[2026-03-25T21:45:24.873+0900][17.815s][info][gc,phases   ] GC(452)   Pre Evacuate Collection Set: 0.2ms
[2026-03-25T21:45:24.873+0900][17.815s][info][gc,phases   ] GC(452)   Merge Heap Roots: 0.2ms
[2026-03-25T21:45:24.873+0900][17.815s][info][gc,phases   ] GC(452)   Evacuate Collection Set: 0.3ms
[2026-03-25T21:45:24.873+0900][17.815s][info][gc,phases   ] GC(452)   Post Evacuate Collection Set: 0.2ms
[2026-03-25T21:45:24.873+0900][17.815s][info][gc,phases   ] GC(452)   Other: 0.3ms
[2026-03-25T21:45:24.873+0900][17.815s][info][gc,heap     ] GC(452) Eden regions: 1->0(70)
[2026-03-25T21:45:24.873+0900][17.815s][info][gc,heap     ] GC(452) Survivor regions: 1->1(9)
[2026-03-25T21:45:24.873+0900][17.815s][info][gc,heap     ] GC(452) Old regions: 1->1
[2026-03-25T21:45:24.873+0900][17.815s][info][gc,heap     ] GC(452) Archive regions: 2->2
[2026-03-25T21:45:24.873+0900][17.815s][info][gc,heap     ] GC(452) Humongous regions: 385->385
[2026-03-25T21:45:24.873+0900][17.815s][info][gc,metaspace] GC(452) Metaspace: 181K(384K)->181K(384K) NonClass: 173K(256K)->173K(256K) Class: 7K(128K)->7K(128K)
[2026-03-25T21:45:24.873+0900][17.815s][info][gc          ] GC(452) Pause Young (Concurrent Start) (G1 Humongous Allocation) 386M->386M(512M) 1.527ms
[2026-03-25T21:45:24.873+0900][17.815s][info][gc,cpu      ] GC(452) User=0.00s Sys=0.00s Real=0.00s
[2026-03-25T21:45:24.873+0900][17.815s][info][gc          ] GC(453) Concurrent Mark Cycle
[2026-03-25T21:45:24.873+0900][17.816s][info][gc,marking  ] GC(453) Concurrent Clear Claimed Marks
[2026-03-25T21:45:24.873+0900][17.816s][info][gc,marking  ] GC(453) Concurrent Clear Claimed Marks 0.028ms
[2026-03-25T21:45:24.873+0900][17.816s][info][gc,marking  ] GC(453) Concurrent Scan Root Regions
[2026-03-25T21:45:24.873+0900][17.816s][info][gc,marking  ] GC(453) Concurrent Scan Root Regions 0.075ms
[2026-03-25T21:45:24.873+0900][17.816s][info][gc,marking  ] GC(453) Concurrent Mark
[2026-03-25T21:45:24.873+0900][17.816s][info][gc,marking  ] GC(453) Concurrent Mark From Roots
[2026-03-25T21:45:24.873+0900][17.816s][info][gc,task     ] GC(453) Using 2 workers of 2 for marking
[2026-03-25T21:45:24.876+0900][17.819s][info][gc,marking  ] GC(453) Concurrent Mark From Roots 2.863ms
[2026-03-25T21:45:24.876+0900][17.819s][info][gc,marking  ] GC(453) Concurrent Preclean
[2026-03-25T21:45:24.876+0900][17.819s][info][gc,marking  ] GC(453) Concurrent Preclean 0.051ms
[2026-03-25T21:45:24.876+0900][17.819s][info][gc,start    ] GC(453) Pause Remark
[2026-03-25T21:45:24.877+0900][17.819s][info][gc          ] GC(453) Pause Remark 387M->387M(512M) 0.427ms
[2026-03-25T21:45:24.877+0900][17.819s][info][gc,cpu      ] GC(453) User=0.00s Sys=0.01s Real=0.00s
[2026-03-25T21:45:24.877+0900][17.819s][info][gc,marking  ] GC(453) Concurrent Mark 3.500ms
[2026-03-25T21:45:24.877+0900][17.819s][info][gc,marking  ] GC(453) Concurrent Rebuild Remembered Sets
[2026-03-25T21:45:24.878+0900][17.820s][info][gc,marking  ] GC(453) Concurrent Rebuild Remembered Sets 0.741ms
[2026-03-25T21:45:24.878+0900][17.820s][info][gc,start    ] GC(453) Pause Cleanup
[2026-03-25T21:45:24.878+0900][17.820s][info][gc          ] GC(453) Pause Cleanup 387M->387M(512M) 0.080ms
[2026-03-25T21:45:24.878+0900][17.820s][info][gc,cpu      ] GC(453) User=0.01s Sys=0.00s Real=0.00s
[2026-03-25T21:45:24.878+0900][17.820s][info][gc,marking  ] GC(453) Concurrent Cleanup for Next Mark
[2026-03-25T21:45:24.878+0900][17.821s][info][gc,marking  ] GC(453) Concurrent Cleanup for Next Mark 0.391ms
[2026-03-25T21:45:24.878+0900][17.821s][info][gc          ] GC(453) Concurrent Mark Cycle 5.136ms
[2026-03-25T21:45:24.929+0900][17.871s][info][gc,start    ] GC(454) Pause Young (Concurrent Start) (G1 Humongous Allocation)
[2026-03-25T21:45:24.929+0900][17.871s][info][gc,task     ] GC(454) Using 8 workers of 8 for evacuation
[2026-03-25T21:45:24.929+0900][17.872s][info][gc,phases   ] GC(454)   Pre Evacuate Collection Set: 0.1ms
[2026-03-25T21:45:24.929+0900][17.872s][info][gc,phases   ] GC(454)   Merge Heap Roots: 0.1ms
[2026-03-25T21:45:24.929+0900][17.872s][info][gc,phases   ] GC(454)   Evacuate Collection Set: 0.2ms
[2026-03-25T21:45:24.929+0900][17.872s][info][gc,phases   ] GC(454)   Post Evacuate Collection Set: 0.1ms
[2026-03-25T21:45:24.929+0900][17.872s][info][gc,phases   ] GC(454)   Other: 0.2ms
[2026-03-25T21:45:24.929+0900][17.872s][info][gc,heap     ] GC(454) Eden regions: 1->0(69)
[2026-03-25T21:45:24.930+0900][17.872s][info][gc,heap     ] GC(454) Survivor regions: 1->1(9)
[2026-03-25T21:45:24.930+0900][17.872s][info][gc,heap     ] GC(454) Old regions: 1->1
[2026-03-25T21:45:24.930+0900][17.872s][info][gc,heap     ] GC(454) Archive regions: 2->2
[2026-03-25T21:45:24.930+0900][17.872s][info][gc,heap     ] GC(454) Humongous regions: 386->386
[2026-03-25T21:45:24.930+0900][17.872s][info][gc,metaspace] GC(454) Metaspace: 181K(384K)->181K(384K) NonClass: 173K(256K)->173K(256K) Class: 7K(128K)->7K(128K)
[2026-03-25T21:45:24.930+0900][17.872s][info][gc          ] GC(454) Pause Young (Concurrent Start) (G1 Humongous Allocation) 387M->387M(512M) 0.906ms
[2026-03-25T21:45:24.930+0900][17.872s][info][gc,cpu      ] GC(454) User=0.00s Sys=0.00s Real=0.01s
[2026-03-25T21:45:24.930+0900][17.872s][info][gc          ] GC(455) Concurrent Mark Cycle
[2026-03-25T21:45:24.930+0900][17.872s][info][gc,marking  ] GC(455) Concurrent Clear Claimed Marks
[2026-03-25T21:45:24.930+0900][17.872s][info][gc,marking  ] GC(455) Concurrent Clear Claimed Marks 0.013ms
[2026-03-25T21:45:24.930+0900][17.872s][info][gc,marking  ] GC(455) Concurrent Scan Root Regions
[2026-03-25T21:45:24.930+0900][17.872s][info][gc,marking  ] GC(455) Concurrent Scan Root Regions 0.038ms
[2026-03-25T21:45:24.930+0900][17.872s][info][gc,marking  ] GC(455) Concurrent Mark
[2026-03-25T21:45:24.930+0900][17.872s][info][gc,marking  ] GC(455) Concurrent Mark From Roots
[2026-03-25T21:45:24.930+0900][17.872s][info][gc,task     ] GC(455) Using 2 workers of 2 for marking
[2026-03-25T21:45:24.931+0900][17.874s][info][gc,marking  ] GC(455) Concurrent Mark From Roots 1.697ms
[2026-03-25T21:45:24.931+0900][17.874s][info][gc,marking  ] GC(455) Concurrent Preclean
[2026-03-25T21:45:24.931+0900][17.874s][info][gc,marking  ] GC(455) Concurrent Preclean 0.035ms
[2026-03-25T21:45:24.932+0900][17.874s][info][gc,start    ] GC(455) Pause Remark
[2026-03-25T21:45:24.932+0900][17.874s][info][gc          ] GC(455) Pause Remark 388M->388M(512M) 0.300ms
[2026-03-25T21:45:24.932+0900][17.874s][info][gc,cpu      ] GC(455) User=0.00s Sys=0.00s Real=0.00s
[2026-03-25T21:45:24.932+0900][17.874s][info][gc,marking  ] GC(455) Concurrent Mark 2.147ms
[2026-03-25T21:45:24.932+0900][17.874s][info][gc,marking  ] GC(455) Concurrent Rebuild Remembered Sets
[2026-03-25T21:45:24.933+0900][17.875s][info][gc,marking  ] GC(455) Concurrent Rebuild Remembered Sets 0.618ms
[2026-03-25T21:45:24.933+0900][17.875s][info][gc,start    ] GC(455) Pause Cleanup
[2026-03-25T21:45:24.933+0900][17.875s][info][gc          ] GC(455) Pause Cleanup 388M->388M(512M) 0.077ms
[2026-03-25T21:45:24.933+0900][17.875s][info][gc,cpu      ] GC(455) User=0.00s Sys=0.00s Real=0.00s
[2026-03-25T21:45:24.933+0900][17.875s][info][gc,marking  ] GC(455) Concurrent Cleanup for Next Mark
[2026-03-25T21:45:24.933+0900][17.875s][info][gc,marking  ] GC(455) Concurrent Cleanup for Next Mark 0.385ms
[2026-03-25T21:45:24.933+0900][17.875s][info][gc          ] GC(455) Concurrent Mark Cycle 3.522ms
[2026-03-25T21:45:24.985+0900][17.927s][info][gc,start    ] GC(456) Pause Young (Concurrent Start) (G1 Humongous Allocation)
[2026-03-25T21:45:24.985+0900][17.927s][info][gc,task     ] GC(456) Using 8 workers of 8 for evacuation
[2026-03-25T21:45:24.986+0900][17.928s][info][gc,phases   ] GC(456)   Pre Evacuate Collection Set: 0.4ms
[2026-03-25T21:45:24.986+0900][17.928s][info][gc,phases   ] GC(456)   Merge Heap Roots: 0.1ms
[2026-03-25T21:45:24.986+0900][17.928s][info][gc,phases   ] GC(456)   Evacuate Collection Set: 0.2ms
[2026-03-25T21:45:24.986+0900][17.928s][info][gc,phases   ] GC(456)   Post Evacuate Collection Set: 0.1ms
[2026-03-25T21:45:24.986+0900][17.928s][info][gc,phases   ] GC(456)   Other: 0.2ms
[2026-03-25T21:45:24.986+0900][17.928s][info][gc,heap     ] GC(456) Eden regions: 1->0(68)
[2026-03-25T21:45:24.986+0900][17.928s][info][gc,heap     ] GC(456) Survivor regions: 1->1(9)
[2026-03-25T21:45:24.986+0900][17.928s][info][gc,heap     ] GC(456) Old regions: 1->1
[2026-03-25T21:45:24.986+0900][17.928s][info][gc,heap     ] GC(456) Archive regions: 2->2
[2026-03-25T21:45:24.986+0900][17.928s][info][gc,heap     ] GC(456) Humongous regions: 387->387
[2026-03-25T21:45:24.986+0900][17.928s][info][gc,metaspace] GC(456) Metaspace: 181K(384K)->181K(384K) NonClass: 173K(256K)->173K(256K) Class: 7K(128K)->7K(128K)
[2026-03-25T21:45:24.986+0900][17.928s][info][gc          ] GC(456) Pause Young (Concurrent Start) (G1 Humongous Allocation) 388M->388M(512M) 1.269ms
[2026-03-25T21:45:24.986+0900][17.928s][info][gc,cpu      ] GC(456) User=0.00s Sys=0.00s Real=0.00s
[2026-03-25T21:45:24.986+0900][17.929s][info][gc          ] GC(457) Concurrent Mark Cycle
[2026-03-25T21:45:24.986+0900][17.929s][info][gc,marking  ] GC(457) Concurrent Clear Claimed Marks
[2026-03-25T21:45:24.986+0900][17.929s][info][gc,marking  ] GC(457) Concurrent Clear Claimed Marks 0.015ms
[2026-03-25T21:45:24.986+0900][17.929s][info][gc,marking  ] GC(457) Concurrent Scan Root Regions
[2026-03-25T21:45:24.986+0900][17.929s][info][gc,marking  ] GC(457) Concurrent Scan Root Regions 0.042ms
[2026-03-25T21:45:24.986+0900][17.929s][info][gc,marking  ] GC(457) Concurrent Mark
[2026-03-25T21:45:24.986+0900][17.929s][info][gc,marking  ] GC(457) Concurrent Mark From Roots
[2026-03-25T21:45:24.986+0900][17.929s][info][gc,task     ] GC(457) Using 2 workers of 2 for marking
[2026-03-25T21:45:24.988+0900][17.931s][info][gc,marking  ] GC(457) Concurrent Mark From Roots 1.878ms
[2026-03-25T21:45:24.988+0900][17.931s][info][gc,marking  ] GC(457) Concurrent Preclean
[2026-03-25T21:45:24.988+0900][17.931s][info][gc,marking  ] GC(457) Concurrent Preclean 0.035ms
[2026-03-25T21:45:24.988+0900][17.931s][info][gc,start    ] GC(457) Pause Remark
[2026-03-25T21:45:24.989+0900][17.931s][info][gc          ] GC(457) Pause Remark 389M->389M(512M) 0.335ms
[2026-03-25T21:45:24.989+0900][17.931s][info][gc,cpu      ] GC(457) User=0.00s Sys=0.00s Real=0.00s
[2026-03-25T21:45:24.989+0900][17.931s][info][gc,marking  ] GC(457) Concurrent Mark 2.444ms
[2026-03-25T21:45:24.989+0900][17.931s][info][gc,marking  ] GC(457) Concurrent Rebuild Remembered Sets
[2026-03-25T21:45:24.989+0900][17.932s][info][gc,marking  ] GC(457) Concurrent Rebuild Remembered Sets 0.633ms
[2026-03-25T21:45:24.990+0900][17.932s][info][gc,start    ] GC(457) Pause Cleanup
[2026-03-25T21:45:24.990+0900][17.932s][info][gc          ] GC(457) Pause Cleanup 389M->389M(512M) 0.074ms
[2026-03-25T21:45:24.990+0900][17.932s][info][gc,cpu      ] GC(457) User=0.00s Sys=0.00s Real=0.01s
[2026-03-25T21:45:24.990+0900][17.932s][info][gc,marking  ] GC(457) Concurrent Cleanup for Next Mark
[2026-03-25T21:45:24.990+0900][17.932s][info][gc,marking  ] GC(457) Concurrent Cleanup for Next Mark 0.420ms
[2026-03-25T21:45:24.990+0900][17.932s][info][gc          ] GC(457) Concurrent Mark Cycle 3.872ms
[2026-03-25T21:45:25.042+0900][17.984s][info][gc,start    ] GC(458) Pause Young (Concurrent Start) (G1 Humongous Allocation)
[2026-03-25T21:45:25.042+0900][17.984s][info][gc,task     ] GC(458) Using 8 workers of 8 for evacuation
[2026-03-25T21:45:25.042+0900][17.985s][info][gc,phases   ] GC(458)   Pre Evacuate Collection Set: 0.1ms
[2026-03-25T21:45:25.042+0900][17.985s][info][gc,phases   ] GC(458)   Merge Heap Roots: 0.1ms
[2026-03-25T21:45:25.042+0900][17.985s][info][gc,phases   ] GC(458)   Evacuate Collection Set: 0.2ms
[2026-03-25T21:45:25.042+0900][17.985s][info][gc,phases   ] GC(458)   Post Evacuate Collection Set: 0.1ms
[2026-03-25T21:45:25.042+0900][17.985s][info][gc,phases   ] GC(458)   Other: 0.2ms
[2026-03-25T21:45:25.042+0900][17.985s][info][gc,heap     ] GC(458) Eden regions: 1->0(67)
[2026-03-25T21:45:25.042+0900][17.985s][info][gc,heap     ] GC(458) Survivor regions: 1->1(9)
[2026-03-25T21:45:25.042+0900][17.985s][info][gc,heap     ] GC(458) Old regions: 1->1
[2026-03-25T21:45:25.042+0900][17.985s][info][gc,heap     ] GC(458) Archive regions: 2->2
[2026-03-25T21:45:25.042+0900][17.985s][info][gc,heap     ] GC(458) Humongous regions: 388->388
[2026-03-25T21:45:25.042+0900][17.985s][info][gc,metaspace] GC(458) Metaspace: 181K(384K)->181K(384K) NonClass: 173K(256K)->173K(256K) Class: 7K(128K)->7K(128K)
[2026-03-25T21:45:25.042+0900][17.985s][info][gc          ] GC(458) Pause Young (Concurrent Start) (G1 Humongous Allocation) 389M->389M(512M) 0.927ms
[2026-03-25T21:45:25.042+0900][17.985s][info][gc,cpu      ] GC(458) User=0.00s Sys=0.00s Real=0.00s
[2026-03-25T21:45:25.043+0900][17.985s][info][gc          ] GC(459) Concurrent Mark Cycle
[2026-03-25T21:45:25.043+0900][17.985s][info][gc,marking  ] GC(459) Concurrent Clear Claimed Marks
[2026-03-25T21:45:25.043+0900][17.985s][info][gc,marking  ] GC(459) Concurrent Clear Claimed Marks 0.017ms
[2026-03-25T21:45:25.043+0900][17.985s][info][gc,marking  ] GC(459) Concurrent Scan Root Regions
[2026-03-25T21:45:25.043+0900][17.985s][info][gc,marking  ] GC(459) Concurrent Scan Root Regions 0.043ms
[2026-03-25T21:45:25.043+0900][17.985s][info][gc,marking  ] GC(459) Concurrent Mark
[2026-03-25T21:45:25.043+0900][17.985s][info][gc,marking  ] GC(459) Concurrent Mark From Roots
[2026-03-25T21:45:25.043+0900][17.985s][info][gc,task     ] GC(459) Using 2 workers of 2 for marking
[2026-03-25T21:45:25.045+0900][17.987s][info][gc,marking  ] GC(459) Concurrent Mark From Roots 1.946ms
[2026-03-25T21:45:25.045+0900][17.987s][info][gc,marking  ] GC(459) Concurrent Preclean
[2026-03-25T21:45:25.045+0900][17.987s][info][gc,marking  ] GC(459) Concurrent Preclean 0.038ms
[2026-03-25T21:45:25.045+0900][17.987s][info][gc,start    ] GC(459) Pause Remark
[2026-03-25T21:45:25.045+0900][17.987s][info][gc          ] GC(459) Pause Remark 390M->390M(512M) 0.357ms
[2026-03-25T21:45:25.045+0900][17.987s][info][gc,cpu      ] GC(459) User=0.00s Sys=0.00s Real=0.00s
[2026-03-25T21:45:25.045+0900][17.987s][info][gc,marking  ] GC(459) Concurrent Mark 2.484ms
[2026-03-25T21:45:25.045+0900][17.987s][info][gc,marking  ] GC(459) Concurrent Rebuild Remembered Sets
[2026-03-25T21:45:25.046+0900][17.988s][info][gc,marking  ] GC(459) Concurrent Rebuild Remembered Sets 0.616ms
[2026-03-25T21:45:25.046+0900][17.988s][info][gc,start    ] GC(459) Pause Cleanup
[2026-03-25T21:45:25.046+0900][17.988s][info][gc          ] GC(459) Pause Cleanup 390M->390M(512M) 0.072ms
[2026-03-25T21:45:25.046+0900][17.988s][info][gc,cpu      ] GC(459) User=0.00s Sys=0.00s Real=0.00s
[2026-03-25T21:45:25.046+0900][17.988s][info][gc,marking  ] GC(459) Concurrent Cleanup for Next Mark
[2026-03-25T21:45:25.046+0900][17.989s][info][gc,marking  ] GC(459) Concurrent Cleanup for Next Mark 0.343ms
[2026-03-25T21:45:25.046+0900][17.989s][info][gc          ] GC(459) Concurrent Mark Cycle 3.853ms
[2026-03-25T21:45:25.096+0900][18.038s][info][gc,start    ] GC(460) Pause Young (Concurrent Start) (G1 Humongous Allocation)
[2026-03-25T21:45:25.096+0900][18.038s][info][gc,task     ] GC(460) Using 8 workers of 8 for evacuation
[2026-03-25T21:45:25.097+0900][18.039s][info][gc,phases   ] GC(460)   Pre Evacuate Collection Set: 0.2ms
[2026-03-25T21:45:25.097+0900][18.039s][info][gc,phases   ] GC(460)   Merge Heap Roots: 0.2ms
[2026-03-25T21:45:25.097+0900][18.039s][info][gc,phases   ] GC(460)   Evacuate Collection Set: 0.3ms
[2026-03-25T21:45:25.097+0900][18.039s][info][gc,phases   ] GC(460)   Post Evacuate Collection Set: 0.2ms
[2026-03-25T21:45:25.097+0900][18.039s][info][gc,phases   ] GC(460)   Other: 0.3ms
[2026-03-25T21:45:25.097+0900][18.039s][info][gc,heap     ] GC(460) Eden regions: 1->0(66)
[2026-03-25T21:45:25.097+0900][18.039s][info][gc,heap     ] GC(460) Survivor regions: 1->1(9)
[2026-03-25T21:45:25.097+0900][18.040s][info][gc,heap     ] GC(460) Old regions: 1->1
[2026-03-25T21:45:25.097+0900][18.040s][info][gc,heap     ] GC(460) Archive regions: 2->2
[2026-03-25T21:45:25.097+0900][18.040s][info][gc,heap     ] GC(460) Humongous regions: 389->389
[2026-03-25T21:45:25.097+0900][18.040s][info][gc,metaspace] GC(460) Metaspace: 181K(384K)->181K(384K) NonClass: 173K(256K)->173K(256K) Class: 7K(128K)->7K(128K)
[2026-03-25T21:45:25.097+0900][18.040s][info][gc          ] GC(460) Pause Young (Concurrent Start) (G1 Humongous Allocation) 390M->390M(512M) 1.559ms
[2026-03-25T21:45:25.097+0900][18.040s][info][gc,cpu      ] GC(460) User=0.00s Sys=0.00s Real=0.00s
[2026-03-25T21:45:25.097+0900][18.040s][info][gc          ] GC(461) Concurrent Mark Cycle
[2026-03-25T21:45:25.098+0900][18.040s][info][gc,marking  ] GC(461) Concurrent Clear Claimed Marks
[2026-03-25T21:45:25.098+0900][18.040s][info][gc,marking  ] GC(461) Concurrent Clear Claimed Marks 0.029ms
[2026-03-25T21:45:25.098+0900][18.040s][info][gc,marking  ] GC(461) Concurrent Scan Root Regions
[2026-03-25T21:45:25.098+0900][18.040s][info][gc,marking  ] GC(461) Concurrent Scan Root Regions 0.073ms
[2026-03-25T21:45:25.098+0900][18.040s][info][gc,marking  ] GC(461) Concurrent Mark
[2026-03-25T21:45:25.098+0900][18.040s][info][gc,marking  ] GC(461) Concurrent Mark From Roots
[2026-03-25T21:45:25.098+0900][18.040s][info][gc,task     ] GC(461) Using 2 workers of 2 for marking
[2026-03-25T21:45:25.100+0900][18.042s][info][gc,marking  ] GC(461) Concurrent Mark From Roots 2.494ms
[2026-03-25T21:45:25.100+0900][18.043s][info][gc,marking  ] GC(461) Concurrent Preclean
[2026-03-25T21:45:25.100+0900][18.043s][info][gc,marking  ] GC(461) Concurrent Preclean 0.040ms
[2026-03-25T21:45:25.101+0900][18.043s][info][gc,start    ] GC(461) Pause Remark
[2026-03-25T21:45:25.102+0900][18.044s][info][gc          ] GC(461) Pause Remark 391M->391M(512M) 0.558ms
[2026-03-25T21:45:25.102+0900][18.044s][info][gc,cpu      ] GC(461) User=0.00s Sys=0.00s Real=0.00s
[2026-03-25T21:45:25.102+0900][18.044s][info][gc,marking  ] GC(461) Concurrent Mark 3.981ms
[2026-03-25T21:45:25.102+0900][18.044s][info][gc,marking  ] GC(461) Concurrent Rebuild Remembered Sets
[2026-03-25T21:45:25.102+0900][18.045s][info][gc,marking  ] GC(461) Concurrent Rebuild Remembered Sets 0.692ms
[2026-03-25T21:45:25.102+0900][18.045s][info][gc,start    ] GC(461) Pause Cleanup
[2026-03-25T21:45:25.103+0900][18.045s][info][gc          ] GC(461) Pause Cleanup 391M->391M(512M) 0.077ms
[2026-03-25T21:45:25.103+0900][18.045s][info][gc,cpu      ] GC(461) User=0.00s Sys=0.00s Real=0.00s
[2026-03-25T21:45:25.103+0900][18.045s][info][gc,marking  ] GC(461) Concurrent Cleanup for Next Mark
[2026-03-25T21:45:25.103+0900][18.045s][info][gc,marking  ] GC(461) Concurrent Cleanup for Next Mark 0.322ms
[2026-03-25T21:45:25.103+0900][18.045s][info][gc          ] GC(461) Concurrent Mark Cycle 5.531ms
[2026-03-25T21:45:25.149+0900][18.091s][info][gc,start    ] GC(462) Pause Young (Concurrent Start) (G1 Humongous Allocation)
[2026-03-25T21:45:25.149+0900][18.091s][info][gc,task     ] GC(462) Using 8 workers of 8 for evacuation
[2026-03-25T21:45:25.150+0900][18.092s][info][gc,phases   ] GC(462)   Pre Evacuate Collection Set: 0.2ms
[2026-03-25T21:45:25.150+0900][18.092s][info][gc,phases   ] GC(462)   Merge Heap Roots: 0.1ms
[2026-03-25T21:45:25.150+0900][18.092s][info][gc,phases   ] GC(462)   Evacuate Collection Set: 0.2ms
[2026-03-25T21:45:25.150+0900][18.092s][info][gc,phases   ] GC(462)   Post Evacuate Collection Set: 0.1ms
[2026-03-25T21:45:25.150+0900][18.092s][info][gc,phases   ] GC(462)   Other: 0.2ms
[2026-03-25T21:45:25.150+0900][18.092s][info][gc,heap     ] GC(462) Eden regions: 1->0(65)
[2026-03-25T21:45:25.150+0900][18.092s][info][gc,heap     ] GC(462) Survivor regions: 1->1(9)
[2026-03-25T21:45:25.150+0900][18.092s][info][gc,heap     ] GC(462) Old regions: 1->1
[2026-03-25T21:45:25.150+0900][18.092s][info][gc,heap     ] GC(462) Archive regions: 2->2
[2026-03-25T21:45:25.150+0900][18.092s][info][gc,heap     ] GC(462) Humongous regions: 390->390
[2026-03-25T21:45:25.150+0900][18.092s][info][gc,metaspace] GC(462) Metaspace: 181K(384K)->181K(384K) NonClass: 173K(256K)->173K(256K) Class: 7K(128K)->7K(128K)
[2026-03-25T21:45:25.150+0900][18.092s][info][gc          ] GC(462) Pause Young (Concurrent Start) (G1 Humongous Allocation) 391M->391M(512M) 1.151ms
[2026-03-25T21:45:25.150+0900][18.092s][info][gc,cpu      ] GC(462) User=0.00s Sys=0.00s Real=0.01s
[2026-03-25T21:45:25.150+0900][18.092s][info][gc          ] GC(463) Concurrent Mark Cycle
[2026-03-25T21:45:25.150+0900][18.092s][info][gc,marking  ] GC(463) Concurrent Clear Claimed Marks
[2026-03-25T21:45:25.150+0900][18.092s][info][gc,marking  ] GC(463) Concurrent Clear Claimed Marks 0.014ms
[2026-03-25T21:45:25.150+0900][18.092s][info][gc,marking  ] GC(463) Concurrent Scan Root Regions
[2026-03-25T21:45:25.150+0900][18.093s][info][gc,marking  ] GC(463) Concurrent Scan Root Regions 0.301ms
[2026-03-25T21:45:25.150+0900][18.093s][info][gc,marking  ] GC(463) Concurrent Mark
[2026-03-25T21:45:25.151+0900][18.093s][info][gc,marking  ] GC(463) Concurrent Mark From Roots
[2026-03-25T21:45:25.151+0900][18.093s][info][gc,task     ] GC(463) Using 2 workers of 2 for marking
[2026-03-25T21:45:25.152+0900][18.095s][info][gc,marking  ] GC(463) Concurrent Mark From Roots 1.954ms
[2026-03-25T21:45:25.153+0900][18.095s][info][gc,marking  ] GC(463) Concurrent Preclean
[2026-03-25T21:45:25.153+0900][18.095s][info][gc,marking  ] GC(463) Concurrent Preclean 0.046ms
[2026-03-25T21:45:25.153+0900][18.095s][info][gc,start    ] GC(463) Pause Remark
[2026-03-25T21:45:25.153+0900][18.095s][info][gc          ] GC(463) Pause Remark 392M->392M(512M) 0.362ms
[2026-03-25T21:45:25.153+0900][18.095s][info][gc,cpu      ] GC(463) User=0.00s Sys=0.00s Real=0.00s
[2026-03-25T21:45:25.153+0900][18.095s][info][gc,marking  ] GC(463) Concurrent Mark 2.559ms
[2026-03-25T21:45:25.153+0900][18.095s][info][gc,marking  ] GC(463) Concurrent Rebuild Remembered Sets
[2026-03-25T21:45:25.154+0900][18.096s][info][gc,marking  ] GC(463) Concurrent Rebuild Remembered Sets 0.618ms
[2026-03-25T21:45:25.154+0900][18.096s][info][gc,start    ] GC(463) Pause Cleanup
[2026-03-25T21:45:25.154+0900][18.096s][info][gc          ] GC(463) Pause Cleanup 392M->392M(512M) 0.068ms
[2026-03-25T21:45:25.154+0900][18.096s][info][gc,cpu      ] GC(463) User=0.00s Sys=0.00s Real=0.00s
[2026-03-25T21:45:25.154+0900][18.096s][info][gc,marking  ] GC(463) Concurrent Cleanup for Next Mark
[2026-03-25T21:45:25.154+0900][18.097s][info][gc,marking  ] GC(463) Concurrent Cleanup for Next Mark 0.446ms
[2026-03-25T21:45:25.154+0900][18.097s][info][gc          ] GC(463) Concurrent Mark Cycle 4.265ms
[2026-03-25T21:45:25.201+0900][18.143s][info][gc,start    ] GC(464) Pause Young (Concurrent Start) (G1 Humongous Allocation)
[2026-03-25T21:45:25.201+0900][18.144s][info][gc,task     ] GC(464) Using 8 workers of 8 for evacuation
[2026-03-25T21:45:25.202+0900][18.144s][info][gc,phases   ] GC(464)   Pre Evacuate Collection Set: 0.1ms
[2026-03-25T21:45:25.202+0900][18.144s][info][gc,phases   ] GC(464)   Merge Heap Roots: 0.1ms
[2026-03-25T21:45:25.202+0900][18.144s][info][gc,phases   ] GC(464)   Evacuate Collection Set: 0.2ms
[2026-03-25T21:45:25.202+0900][18.144s][info][gc,phases   ] GC(464)   Post Evacuate Collection Set: 0.1ms
[2026-03-25T21:45:25.202+0900][18.144s][info][gc,phases   ] GC(464)   Other: 0.2ms
[2026-03-25T21:45:25.202+0900][18.144s][info][gc,heap     ] GC(464) Eden regions: 1->0(64)
[2026-03-25T21:45:25.202+0900][18.144s][info][gc,heap     ] GC(464) Survivor regions: 1->1(9)
[2026-03-25T21:45:25.202+0900][18.144s][info][gc,heap     ] GC(464) Old regions: 1->1
[2026-03-25T21:45:25.202+0900][18.144s][info][gc,heap     ] GC(464) Archive regions: 2->2
[2026-03-25T21:45:25.202+0900][18.144s][info][gc,heap     ] GC(464) Humongous regions: 391->391
[2026-03-25T21:45:25.202+0900][18.144s][info][gc,metaspace] GC(464) Metaspace: 181K(384K)->181K(384K) NonClass: 173K(256K)->173K(256K) Class: 7K(128K)->7K(128K)
[2026-03-25T21:45:25.202+0900][18.144s][info][gc          ] GC(464) Pause Young (Concurrent Start) (G1 Humongous Allocation) 392M->392M(512M) 0.905ms
[2026-03-25T21:45:25.202+0900][18.144s][info][gc,cpu      ] GC(464) User=0.00s Sys=0.00s Real=0.00s
[2026-03-25T21:45:25.202+0900][18.144s][info][gc          ] GC(465) Concurrent Mark Cycle
[2026-03-25T21:45:25.202+0900][18.144s][info][gc,marking  ] GC(465) Concurrent Clear Claimed Marks
[2026-03-25T21:45:25.202+0900][18.144s][info][gc,marking  ] GC(465) Concurrent Clear Claimed Marks 0.012ms
[2026-03-25T21:45:25.202+0900][18.144s][info][gc,marking  ] GC(465) Concurrent Scan Root Regions
[2026-03-25T21:45:25.202+0900][18.145s][info][gc,marking  ] GC(465) Concurrent Scan Root Regions 0.042ms
[2026-03-25T21:45:25.202+0900][18.145s][info][gc,marking  ] GC(465) Concurrent Mark
[2026-03-25T21:45:25.202+0900][18.145s][info][gc,marking  ] GC(465) Concurrent Mark From Roots
[2026-03-25T21:45:25.202+0900][18.145s][info][gc,task     ] GC(465) Using 2 workers of 2 for marking
[2026-03-25T21:45:25.204+0900][18.146s][info][gc,marking  ] GC(465) Concurrent Mark From Roots 1.786ms
[2026-03-25T21:45:25.204+0900][18.146s][info][gc,marking  ] GC(465) Concurrent Preclean
[2026-03-25T21:45:25.204+0900][18.146s][info][gc,marking  ] GC(465) Concurrent Preclean 0.036ms
[2026-03-25T21:45:25.204+0900][18.146s][info][gc,start    ] GC(465) Pause Remark
[2026-03-25T21:45:25.204+0900][18.147s][info][gc          ] GC(465) Pause Remark 393M->393M(512M) 0.316ms
[2026-03-25T21:45:25.205+0900][18.147s][info][gc,cpu      ] GC(465) User=0.00s Sys=0.00s Real=0.00s
[2026-03-25T21:45:25.205+0900][18.147s][info][gc,marking  ] GC(465) Concurrent Mark 2.280ms
[2026-03-25T21:45:25.205+0900][18.147s][info][gc,marking  ] GC(465) Concurrent Rebuild Remembered Sets
[2026-03-25T21:45:25.205+0900][18.147s][info][gc,marking  ] GC(465) Concurrent Rebuild Remembered Sets 0.632ms
[2026-03-25T21:45:25.205+0900][18.147s][info][gc,start    ] GC(465) Pause Cleanup
[2026-03-25T21:45:25.205+0900][18.148s][info][gc          ] GC(465) Pause Cleanup 393M->393M(512M) 0.073ms
[2026-03-25T21:45:25.205+0900][18.148s][info][gc,cpu      ] GC(465) User=0.00s Sys=0.00s Real=0.00s
[2026-03-25T21:45:25.205+0900][18.148s][info][gc,marking  ] GC(465) Concurrent Cleanup for Next Mark
[2026-03-25T21:45:25.206+0900][18.148s][info][gc,marking  ] GC(465) Concurrent Cleanup for Next Mark 0.345ms
[2026-03-25T21:45:25.206+0900][18.148s][info][gc          ] GC(465) Concurrent Mark Cycle 3.593ms
[2026-03-25T21:45:25.256+0900][18.198s][info][gc,start    ] GC(466) Pause Young (Concurrent Start) (G1 Humongous Allocation)
[2026-03-25T21:45:25.256+0900][18.198s][info][gc,task     ] GC(466) Using 8 workers of 8 for evacuation
[2026-03-25T21:45:25.257+0900][18.199s][info][gc,phases   ] GC(466)   Pre Evacuate Collection Set: 0.2ms
[2026-03-25T21:45:25.257+0900][18.199s][info][gc,phases   ] GC(466)   Merge Heap Roots: 0.2ms
[2026-03-25T21:45:25.257+0900][18.199s][info][gc,phases   ] GC(466)   Evacuate Collection Set: 0.3ms
[2026-03-25T21:45:25.257+0900][18.199s][info][gc,phases   ] GC(466)   Post Evacuate Collection Set: 0.2ms
[2026-03-25T21:45:25.257+0900][18.199s][info][gc,phases   ] GC(466)   Other: 0.3ms
[2026-03-25T21:45:25.257+0900][18.199s][info][gc,heap     ] GC(466) Eden regions: 1->0(63)
[2026-03-25T21:45:25.257+0900][18.199s][info][gc,heap     ] GC(466) Survivor regions: 1->1(9)
[2026-03-25T21:45:25.257+0900][18.199s][info][gc,heap     ] GC(466) Old regions: 1->1
[2026-03-25T21:45:25.257+0900][18.199s][info][gc,heap     ] GC(466) Archive regions: 2->2
[2026-03-25T21:45:25.257+0900][18.199s][info][gc,heap     ] GC(466) Humongous regions: 392->392
[2026-03-25T21:45:25.257+0900][18.199s][info][gc,metaspace] GC(466) Metaspace: 181K(384K)->181K(384K) NonClass: 173K(256K)->173K(256K) Class: 7K(128K)->7K(128K)
[2026-03-25T21:45:25.257+0900][18.200s][info][gc          ] GC(466) Pause Young (Concurrent Start) (G1 Humongous Allocation) 393M->393M(512M) 1.487ms
[2026-03-25T21:45:25.257+0900][18.200s][info][gc,cpu      ] GC(466) User=0.00s Sys=0.00s Real=0.00s
[2026-03-25T21:45:25.257+0900][18.200s][info][gc          ] GC(467) Concurrent Mark Cycle
[2026-03-25T21:45:25.257+0900][18.200s][info][gc,marking  ] GC(467) Concurrent Clear Claimed Marks
[2026-03-25T21:45:25.257+0900][18.200s][info][gc,marking  ] GC(467) Concurrent Clear Claimed Marks 0.030ms
[2026-03-25T21:45:25.257+0900][18.200s][info][gc,marking  ] GC(467) Concurrent Scan Root Regions
[2026-03-25T21:45:25.258+0900][18.200s][info][gc,marking  ] GC(467) Concurrent Scan Root Regions 0.072ms
[2026-03-25T21:45:25.258+0900][18.200s][info][gc,marking  ] GC(467) Concurrent Mark
[2026-03-25T21:45:25.258+0900][18.200s][info][gc,marking  ] GC(467) Concurrent Mark From Roots
[2026-03-25T21:45:25.258+0900][18.200s][info][gc,task     ] GC(467) Using 2 workers of 2 for marking
[2026-03-25T21:45:25.261+0900][18.203s][info][gc,marking  ] GC(467) Concurrent Mark From Roots 2.901ms
[2026-03-25T21:45:25.261+0900][18.203s][info][gc,marking  ] GC(467) Concurrent Preclean
[2026-03-25T21:45:25.261+0900][18.203s][info][gc,marking  ] GC(467) Concurrent Preclean 0.052ms
[2026-03-25T21:45:25.261+0900][18.203s][info][gc,start    ] GC(467) Pause Remark
[2026-03-25T21:45:25.261+0900][18.203s][info][gc          ] GC(467) Pause Remark 394M->394M(512M) 0.431ms
[2026-03-25T21:45:25.261+0900][18.203s][info][gc,cpu      ] GC(467) User=0.00s Sys=0.00s Real=0.00s
[2026-03-25T21:45:25.261+0900][18.203s][info][gc,marking  ] GC(467) Concurrent Mark 3.561ms
[2026-03-25T21:45:25.261+0900][18.203s][info][gc,marking  ] GC(467) Concurrent Rebuild Remembered Sets
[2026-03-25T21:45:25.262+0900][18.204s][info][gc,marking  ] GC(467) Concurrent Rebuild Remembered Sets 0.750ms
[2026-03-25T21:45:25.262+0900][18.204s][info][gc,start    ] GC(467) Pause Cleanup
[2026-03-25T21:45:25.262+0900][18.204s][info][gc          ] GC(467) Pause Cleanup 394M->394M(512M) 0.097ms
[2026-03-25T21:45:25.262+0900][18.204s][info][gc,cpu      ] GC(467) User=0.00s Sys=0.00s Real=0.00s
[2026-03-25T21:45:25.262+0900][18.204s][info][gc,marking  ] GC(467) Concurrent Cleanup for Next Mark
[2026-03-25T21:45:25.263+0900][18.205s][info][gc,marking  ] GC(467) Concurrent Cleanup for Next Mark 0.382ms
[2026-03-25T21:45:25.263+0900][18.205s][info][gc          ] GC(467) Concurrent Mark Cycle 5.228ms
[2026-03-25T21:45:25.313+0900][18.255s][info][gc,start    ] GC(468) Pause Young (Concurrent Start) (G1 Humongous Allocation)
[2026-03-25T21:45:25.313+0900][18.255s][info][gc,task     ] GC(468) Using 8 workers of 8 for evacuation
[2026-03-25T21:45:25.313+0900][18.256s][info][gc,phases   ] GC(468)   Pre Evacuate Collection Set: 0.1ms
[2026-03-25T21:45:25.313+0900][18.256s][info][gc,phases   ] GC(468)   Merge Heap Roots: 0.1ms
[2026-03-25T21:45:25.313+0900][18.256s][info][gc,phases   ] GC(468)   Evacuate Collection Set: 0.2ms
[2026-03-25T21:45:25.313+0900][18.256s][info][gc,phases   ] GC(468)   Post Evacuate Collection Set: 0.1ms
[2026-03-25T21:45:25.314+0900][18.256s][info][gc,phases   ] GC(468)   Other: 0.2ms
[2026-03-25T21:45:25.314+0900][18.256s][info][gc,heap     ] GC(468) Eden regions: 1->0(62)
[2026-03-25T21:45:25.314+0900][18.256s][info][gc,heap     ] GC(468) Survivor regions: 1->1(8)
[2026-03-25T21:45:25.314+0900][18.256s][info][gc,heap     ] GC(468) Old regions: 1->1
[2026-03-25T21:45:25.314+0900][18.256s][info][gc,heap     ] GC(468) Archive regions: 2->2
[2026-03-25T21:45:25.314+0900][18.256s][info][gc,heap     ] GC(468) Humongous regions: 393->393
[2026-03-25T21:45:25.314+0900][18.256s][info][gc,metaspace] GC(468) Metaspace: 181K(384K)->181K(384K) NonClass: 173K(256K)->173K(256K) Class: 7K(128K)->7K(128K)
[2026-03-25T21:45:25.314+0900][18.256s][info][gc          ] GC(468) Pause Young (Concurrent Start) (G1 Humongous Allocation) 394M->394M(512M) 0.920ms
[2026-03-25T21:45:25.314+0900][18.256s][info][gc,cpu      ] GC(468) User=0.00s Sys=0.00s Real=0.00s
[2026-03-25T21:45:25.314+0900][18.256s][info][gc          ] GC(469) Concurrent Mark Cycle
[2026-03-25T21:45:25.314+0900][18.256s][info][gc,marking  ] GC(469) Concurrent Clear Claimed Marks
[2026-03-25T21:45:25.314+0900][18.256s][info][gc,marking  ] GC(469) Concurrent Clear Claimed Marks 0.013ms
[2026-03-25T21:45:25.314+0900][18.256s][info][gc,marking  ] GC(469) Concurrent Scan Root Regions
[2026-03-25T21:45:25.314+0900][18.256s][info][gc,marking  ] GC(469) Concurrent Scan Root Regions 0.040ms
[2026-03-25T21:45:25.314+0900][18.256s][info][gc,marking  ] GC(469) Concurrent Mark
[2026-03-25T21:45:25.314+0900][18.256s][info][gc,marking  ] GC(469) Concurrent Mark From Roots
[2026-03-25T21:45:25.314+0900][18.256s][info][gc,task     ] GC(469) Using 2 workers of 2 for marking
[2026-03-25T21:45:25.315+0900][18.258s][info][gc,marking  ] GC(469) Concurrent Mark From Roots 1.690ms
[2026-03-25T21:45:25.315+0900][18.258s][info][gc,marking  ] GC(469) Concurrent Preclean
[2026-03-25T21:45:25.316+0900][18.258s][info][gc,marking  ] GC(469) Concurrent Preclean 0.034ms
[2026-03-25T21:45:25.316+0900][18.258s][info][gc,start    ] GC(469) Pause Remark
[2026-03-25T21:45:25.316+0900][18.258s][info][gc          ] GC(469) Pause Remark 397M->397M(512M) 0.311ms
[2026-03-25T21:45:25.316+0900][18.258s][info][gc,cpu      ] GC(469) User=0.00s Sys=0.00s Real=0.00s
[2026-03-25T21:45:25.316+0900][18.258s][info][gc,marking  ] GC(469) Concurrent Mark 2.156ms
[2026-03-25T21:45:25.316+0900][18.258s][info][gc,marking  ] GC(469) Concurrent Rebuild Remembered Sets
[2026-03-25T21:45:25.317+0900][18.259s][info][gc,marking  ] GC(469) Concurrent Rebuild Remembered Sets 0.647ms
[2026-03-25T21:45:25.317+0900][18.259s][info][gc,start    ] GC(469) Pause Cleanup
[2026-03-25T21:45:25.317+0900][18.259s][info][gc          ] GC(469) Pause Cleanup 397M->397M(512M) 0.066ms
[2026-03-25T21:45:25.317+0900][18.259s][info][gc,cpu      ] GC(469) User=0.00s Sys=0.00s Real=0.00s
[2026-03-25T21:45:25.317+0900][18.259s][info][gc,marking  ] GC(469) Concurrent Cleanup for Next Mark
[2026-03-25T21:45:25.317+0900][18.260s][info][gc,marking  ] GC(469) Concurrent Cleanup for Next Mark 0.499ms
[2026-03-25T21:45:25.317+0900][18.260s][info][gc          ] GC(469) Concurrent Mark Cycle 3.697ms
[2026-03-25T21:45:25.369+0900][18.311s][info][gc,start    ] GC(470) Pause Young (Concurrent Start) (G1 Humongous Allocation)
[2026-03-25T21:45:25.369+0900][18.312s][info][gc,task     ] GC(470) Using 8 workers of 8 for evacuation
[2026-03-25T21:45:25.370+0900][18.313s][info][gc,phases   ] GC(470)   Pre Evacuate Collection Set: 0.2ms
[2026-03-25T21:45:25.370+0900][18.313s][info][gc,phases   ] GC(470)   Merge Heap Roots: 0.2ms
[2026-03-25T21:45:25.370+0900][18.313s][info][gc,phases   ] GC(470)   Evacuate Collection Set: 0.3ms
[2026-03-25T21:45:25.370+0900][18.313s][info][gc,phases   ] GC(470)   Post Evacuate Collection Set: 0.2ms
[2026-03-25T21:45:25.370+0900][18.313s][info][gc,phases   ] GC(470)   Other: 0.3ms
[2026-03-25T21:45:25.371+0900][18.313s][info][gc,heap     ] GC(470) Eden regions: 1->0(59)
[2026-03-25T21:45:25.371+0900][18.313s][info][gc,heap     ] GC(470) Survivor regions: 1->1(8)
[2026-03-25T21:45:25.371+0900][18.313s][info][gc,heap     ] GC(470) Old regions: 1->1
[2026-03-25T21:45:25.371+0900][18.313s][info][gc,heap     ] GC(470) Archive regions: 2->2
[2026-03-25T21:45:25.371+0900][18.313s][info][gc,heap     ] GC(470) Humongous regions: 396->396
[2026-03-25T21:45:25.371+0900][18.313s][info][gc,metaspace] GC(470) Metaspace: 181K(384K)->181K(384K) NonClass: 173K(256K)->173K(256K) Class: 7K(128K)->7K(128K)
[2026-03-25T21:45:25.371+0900][18.313s][info][gc          ] GC(470) Pause Young (Concurrent Start) (G1 Humongous Allocation) 397M->397M(512M) 1.543ms
[2026-03-25T21:45:25.371+0900][18.313s][info][gc,cpu      ] GC(470) User=0.00s Sys=0.00s Real=0.01s
[2026-03-25T21:45:25.371+0900][18.313s][info][gc          ] GC(471) Concurrent Mark Cycle
[2026-03-25T21:45:25.371+0900][18.313s][info][gc,marking  ] GC(471) Concurrent Clear Claimed Marks
[2026-03-25T21:45:25.371+0900][18.313s][info][gc,marking  ] GC(471) Concurrent Clear Claimed Marks 0.026ms
[2026-03-25T21:45:25.371+0900][18.313s][info][gc,marking  ] GC(471) Concurrent Scan Root Regions
[2026-03-25T21:45:25.371+0900][18.313s][info][gc,marking  ] GC(471) Concurrent Scan Root Regions 0.071ms
[2026-03-25T21:45:25.371+0900][18.313s][info][gc,marking  ] GC(471) Concurrent Mark
[2026-03-25T21:45:25.371+0900][18.313s][info][gc,marking  ] GC(471) Concurrent Mark From Roots
[2026-03-25T21:45:25.371+0900][18.313s][info][gc,task     ] GC(471) Using 2 workers of 2 for marking
[2026-03-25T21:45:25.374+0900][18.316s][info][gc,marking  ] GC(471) Concurrent Mark From Roots 2.645ms
[2026-03-25T21:45:25.374+0900][18.316s][info][gc,marking  ] GC(471) Concurrent Preclean
[2026-03-25T21:45:25.374+0900][18.316s][info][gc,marking  ] GC(471) Concurrent Preclean 0.041ms
[2026-03-25T21:45:25.374+0900][18.316s][info][gc,start    ] GC(471) Pause Remark
[2026-03-25T21:45:25.374+0900][18.316s][info][gc          ] GC(471) Pause Remark 398M->398M(512M) 0.303ms
[2026-03-25T21:45:25.374+0900][18.316s][info][gc,cpu      ] GC(471) User=0.00s Sys=0.00s Real=0.00s
[2026-03-25T21:45:25.374+0900][18.316s][info][gc,marking  ] GC(471) Concurrent Mark 3.127ms
[2026-03-25T21:45:25.374+0900][18.316s][info][gc,marking  ] GC(471) Concurrent Rebuild Remembered Sets
[2026-03-25T21:45:25.375+0900][18.317s][info][gc,marking  ] GC(471) Concurrent Rebuild Remembered Sets 0.745ms
[2026-03-25T21:45:25.375+0900][18.317s][info][gc,start    ] GC(471) Pause Cleanup
[2026-03-25T21:45:25.375+0900][18.317s][info][gc          ] GC(471) Pause Cleanup 398M->398M(512M) 0.093ms
[2026-03-25T21:45:25.375+0900][18.317s][info][gc,cpu      ] GC(471) User=0.00s Sys=0.00s Real=0.00s
[2026-03-25T21:45:25.375+0900][18.317s][info][gc,marking  ] GC(471) Concurrent Cleanup for Next Mark
[2026-03-25T21:45:25.375+0900][18.318s][info][gc,marking  ] GC(471) Concurrent Cleanup for Next Mark 0.400ms
[2026-03-25T21:45:25.376+0900][18.318s][info][gc          ] GC(471) Concurrent Mark Cycle 4.788ms
[2026-03-25T21:45:25.422+0900][18.364s][info][gc,start    ] GC(472) Pause Young (Concurrent Start) (G1 Humongous Allocation)
[2026-03-25T21:45:25.422+0900][18.364s][info][gc,task     ] GC(472) Using 8 workers of 8 for evacuation
[2026-03-25T21:45:25.423+0900][18.365s][info][gc,phases   ] GC(472)   Pre Evacuate Collection Set: 0.1ms
[2026-03-25T21:45:25.423+0900][18.365s][info][gc,phases   ] GC(472)   Merge Heap Roots: 0.1ms
[2026-03-25T21:45:25.423+0900][18.365s][info][gc,phases   ] GC(472)   Evacuate Collection Set: 0.2ms
[2026-03-25T21:45:25.423+0900][18.365s][info][gc,phases   ] GC(472)   Post Evacuate Collection Set: 0.1ms
[2026-03-25T21:45:25.423+0900][18.365s][info][gc,phases   ] GC(472)   Other: 0.2ms
[2026-03-25T21:45:25.423+0900][18.365s][info][gc,heap     ] GC(472) Eden regions: 1->0(58)
[2026-03-25T21:45:25.423+0900][18.365s][info][gc,heap     ] GC(472) Survivor regions: 1->1(8)
[2026-03-25T21:45:25.423+0900][18.365s][info][gc,heap     ] GC(472) Old regions: 1->1
[2026-03-25T21:45:25.423+0900][18.365s][info][gc,heap     ] GC(472) Archive regions: 2->2
[2026-03-25T21:45:25.423+0900][18.365s][info][gc,heap     ] GC(472) Humongous regions: 397->397
[2026-03-25T21:45:25.423+0900][18.365s][info][gc,metaspace] GC(472) Metaspace: 181K(384K)->181K(384K) NonClass: 173K(256K)->173K(256K) Class: 7K(128K)->7K(128K)
[2026-03-25T21:45:25.423+0900][18.365s][info][gc          ] GC(472) Pause Young (Concurrent Start) (G1 Humongous Allocation) 398M->398M(512M) 1.002ms
[2026-03-25T21:45:25.423+0900][18.365s][info][gc,cpu      ] GC(472) User=0.00s Sys=0.00s Real=0.00s
[2026-03-25T21:45:25.423+0900][18.365s][info][gc          ] GC(473) Concurrent Mark Cycle
[2026-03-25T21:45:25.423+0900][18.365s][info][gc,marking  ] GC(473) Concurrent Clear Claimed Marks
[2026-03-25T21:45:25.423+0900][18.365s][info][gc,marking  ] GC(473) Concurrent Clear Claimed Marks 0.026ms
[2026-03-25T21:45:25.423+0900][18.365s][info][gc,marking  ] GC(473) Concurrent Scan Root Regions
[2026-03-25T21:45:25.423+0900][18.366s][info][gc,marking  ] GC(473) Concurrent Scan Root Regions 0.071ms
[2026-03-25T21:45:25.423+0900][18.366s][info][gc,marking  ] GC(473) Concurrent Mark
[2026-03-25T21:45:25.423+0900][18.366s][info][gc,marking  ] GC(473) Concurrent Mark From Roots
[2026-03-25T21:45:25.423+0900][18.366s][info][gc,task     ] GC(473) Using 2 workers of 2 for marking
[2026-03-25T21:45:25.426+0900][18.369s][info][gc,marking  ] GC(473) Concurrent Mark From Roots 2.964ms
[2026-03-25T21:45:25.426+0900][18.369s][info][gc,marking  ] GC(473) Concurrent Preclean
[2026-03-25T21:45:25.426+0900][18.369s][info][gc,marking  ] GC(473) Concurrent Preclean 0.050ms
[2026-03-25T21:45:25.426+0900][18.369s][info][gc,start    ] GC(473) Pause Remark
[2026-03-25T21:45:25.427+0900][18.369s][info][gc          ] GC(473) Pause Remark 399M->399M(512M) 0.410ms
[2026-03-25T21:45:25.427+0900][18.369s][info][gc,cpu      ] GC(473) User=0.01s Sys=0.00s Real=0.00s
[2026-03-25T21:45:25.427+0900][18.369s][info][gc,marking  ] GC(473) Concurrent Mark 3.585ms
[2026-03-25T21:45:25.427+0900][18.369s][info][gc,marking  ] GC(473) Concurrent Rebuild Remembered Sets
[2026-03-25T21:45:25.428+0900][18.370s][info][gc,marking  ] GC(473) Concurrent Rebuild Remembered Sets 0.751ms
[2026-03-25T21:45:25.428+0900][18.370s][info][gc,start    ] GC(473) Pause Cleanup
[2026-03-25T21:45:25.428+0900][18.370s][info][gc          ] GC(473) Pause Cleanup 399M->399M(512M) 0.098ms
[2026-03-25T21:45:25.428+0900][18.370s][info][gc,cpu      ] GC(473) User=0.00s Sys=0.00s Real=0.00s
[2026-03-25T21:45:25.428+0900][18.370s][info][gc,marking  ] GC(473) Concurrent Cleanup for Next Mark
[2026-03-25T21:45:25.428+0900][18.371s][info][gc,marking  ] GC(473) Concurrent Cleanup for Next Mark 0.400ms
[2026-03-25T21:45:25.428+0900][18.371s][info][gc          ] GC(473) Concurrent Mark Cycle 5.238ms
[2026-03-25T21:45:25.474+0900][18.416s][info][gc,start    ] GC(474) Pause Young (Concurrent Start) (G1 Humongous Allocation)
[2026-03-25T21:45:25.474+0900][18.416s][info][gc,task     ] GC(474) Using 8 workers of 8 for evacuation
[2026-03-25T21:45:25.475+0900][18.418s][info][gc,phases   ] GC(474)   Pre Evacuate Collection Set: 0.2ms
[2026-03-25T21:45:25.475+0900][18.418s][info][gc,phases   ] GC(474)   Merge Heap Roots: 0.2ms
[2026-03-25T21:45:25.475+0900][18.418s][info][gc,phases   ] GC(474)   Evacuate Collection Set: 0.3ms
[2026-03-25T21:45:25.475+0900][18.418s][info][gc,phases   ] GC(474)   Post Evacuate Collection Set: 0.2ms
[2026-03-25T21:45:25.475+0900][18.418s][info][gc,phases   ] GC(474)   Other: 0.3ms
[2026-03-25T21:45:25.475+0900][18.418s][info][gc,heap     ] GC(474) Eden regions: 1->0(57)
[2026-03-25T21:45:25.475+0900][18.418s][info][gc,heap     ] GC(474) Survivor regions: 1->1(8)
[2026-03-25T21:45:25.475+0900][18.418s][info][gc,heap     ] GC(474) Old regions: 1->1
[2026-03-25T21:45:25.475+0900][18.418s][info][gc,heap     ] GC(474) Archive regions: 2->2
[2026-03-25T21:45:25.476+0900][18.418s][info][gc,heap     ] GC(474) Humongous regions: 398->398
[2026-03-25T21:45:25.476+0900][18.418s][info][gc,metaspace] GC(474) Metaspace: 181K(384K)->181K(384K) NonClass: 173K(256K)->173K(256K) Class: 7K(128K)->7K(128K)
[2026-03-25T21:45:25.476+0900][18.418s][info][gc          ] GC(474) Pause Young (Concurrent Start) (G1 Humongous Allocation) 399M->399M(512M) 1.591ms
[2026-03-25T21:45:25.476+0900][18.418s][info][gc,cpu      ] GC(474) User=0.00s Sys=0.00s Real=0.00s
[2026-03-25T21:45:25.476+0900][18.418s][info][gc          ] GC(475) Concurrent Mark Cycle
[2026-03-25T21:45:25.476+0900][18.418s][info][gc,marking  ] GC(475) Concurrent Clear Claimed Marks
[2026-03-25T21:45:25.476+0900][18.418s][info][gc,marking  ] GC(475) Concurrent Clear Claimed Marks 0.029ms
[2026-03-25T21:45:25.476+0900][18.418s][info][gc,marking  ] GC(475) Concurrent Scan Root Regions
[2026-03-25T21:45:25.476+0900][18.418s][info][gc,marking  ] GC(475) Concurrent Scan Root Regions 0.074ms
[2026-03-25T21:45:25.476+0900][18.418s][info][gc,marking  ] GC(475) Concurrent Mark
[2026-03-25T21:45:25.476+0900][18.418s][info][gc,marking  ] GC(475) Concurrent Mark From Roots
[2026-03-25T21:45:25.476+0900][18.418s][info][gc,task     ] GC(475) Using 2 workers of 2 for marking
[2026-03-25T21:45:25.478+0900][18.421s][info][gc,marking  ] GC(475) Concurrent Mark From Roots 2.505ms
[2026-03-25T21:45:25.479+0900][18.421s][info][gc,marking  ] GC(475) Concurrent Preclean
[2026-03-25T21:45:25.479+0900][18.421s][info][gc,marking  ] GC(475) Concurrent Preclean 0.044ms
[2026-03-25T21:45:25.479+0900][18.421s][info][gc,start    ] GC(475) Pause Remark
[2026-03-25T21:45:25.479+0900][18.421s][info][gc          ] GC(475) Pause Remark 400M->400M(512M) 0.412ms
[2026-03-25T21:45:25.479+0900][18.421s][info][gc,cpu      ] GC(475) User=0.00s Sys=0.00s Real=0.00s
[2026-03-25T21:45:25.479+0900][18.421s][info][gc,marking  ] GC(475) Concurrent Mark 3.198ms
[2026-03-25T21:45:25.479+0900][18.421s][info][gc,marking  ] GC(475) Concurrent Rebuild Remembered Sets
[2026-03-25T21:45:25.480+0900][18.422s][info][gc,marking  ] GC(475) Concurrent Rebuild Remembered Sets 0.810ms
[2026-03-25T21:45:25.480+0900][18.422s][info][gc,start    ] GC(475) Pause Cleanup
[2026-03-25T21:45:25.480+0900][18.422s][info][gc          ] GC(475) Pause Cleanup 400M->400M(512M) 0.096ms
[2026-03-25T21:45:25.480+0900][18.422s][info][gc,cpu      ] GC(475) User=0.00s Sys=0.00s Real=0.00s
[2026-03-25T21:45:25.480+0900][18.422s][info][gc,marking  ] GC(475) Concurrent Cleanup for Next Mark
[2026-03-25T21:45:25.481+0900][18.423s][info][gc,marking  ] GC(475) Concurrent Cleanup for Next Mark 0.406ms
[2026-03-25T21:45:25.481+0900][18.423s][info][gc          ] GC(475) Concurrent Mark Cycle 4.979ms
[2026-03-25T21:45:25.531+0900][18.473s][info][gc,start    ] GC(476) Pause Young (Concurrent Start) (G1 Humongous Allocation)
[2026-03-25T21:45:25.531+0900][18.473s][info][gc,task     ] GC(476) Using 8 workers of 8 for evacuation
[2026-03-25T21:45:25.532+0900][18.474s][info][gc,phases   ] GC(476)   Pre Evacuate Collection Set: 0.2ms
[2026-03-25T21:45:25.532+0900][18.474s][info][gc,phases   ] GC(476)   Merge Heap Roots: 0.2ms
[2026-03-25T21:45:25.532+0900][18.475s][info][gc,phases   ] GC(476)   Evacuate Collection Set: 0.3ms
[2026-03-25T21:45:25.532+0900][18.475s][info][gc,phases   ] GC(476)   Post Evacuate Collection Set: 0.2ms
[2026-03-25T21:45:25.532+0900][18.475s][info][gc,phases   ] GC(476)   Other: 0.3ms
[2026-03-25T21:45:25.532+0900][18.475s][info][gc,heap     ] GC(476) Eden regions: 1->0(56)
[2026-03-25T21:45:25.532+0900][18.475s][info][gc,heap     ] GC(476) Survivor regions: 1->1(8)
[2026-03-25T21:45:25.532+0900][18.475s][info][gc,heap     ] GC(476) Old regions: 1->1
[2026-03-25T21:45:25.532+0900][18.475s][info][gc,heap     ] GC(476) Archive regions: 2->2
[2026-03-25T21:45:25.532+0900][18.475s][info][gc,heap     ] GC(476) Humongous regions: 399->399
[2026-03-25T21:45:25.532+0900][18.475s][info][gc,metaspace] GC(476) Metaspace: 181K(384K)->181K(384K) NonClass: 173K(256K)->173K(256K) Class: 7K(128K)->7K(128K)
[2026-03-25T21:45:25.533+0900][18.475s][info][gc          ] GC(476) Pause Young (Concurrent Start) (G1 Humongous Allocation) 400M->400M(512M) 1.471ms
[2026-03-25T21:45:25.533+0900][18.475s][info][gc,cpu      ] GC(476) User=0.00s Sys=0.00s Real=0.00s
[2026-03-25T21:45:25.533+0900][18.475s][info][gc          ] GC(477) Concurrent Mark Cycle
[2026-03-25T21:45:25.533+0900][18.475s][info][gc,marking  ] GC(477) Concurrent Clear Claimed Marks
[2026-03-25T21:45:25.533+0900][18.475s][info][gc,marking  ] GC(477) Concurrent Clear Claimed Marks 0.027ms
[2026-03-25T21:45:25.533+0900][18.475s][info][gc,marking  ] GC(477) Concurrent Scan Root Regions
[2026-03-25T21:45:25.533+0900][18.475s][info][gc,marking  ] GC(477) Concurrent Scan Root Regions 0.075ms
[2026-03-25T21:45:25.533+0900][18.475s][info][gc,marking  ] GC(477) Concurrent Mark
[2026-03-25T21:45:25.533+0900][18.475s][info][gc,marking  ] GC(477) Concurrent Mark From Roots
[2026-03-25T21:45:25.533+0900][18.475s][info][gc,task     ] GC(477) Using 2 workers of 2 for marking
[2026-03-25T21:45:25.536+0900][18.478s][info][gc,marking  ] GC(477) Concurrent Mark From Roots 3.100ms
[2026-03-25T21:45:25.536+0900][18.478s][info][gc,marking  ] GC(477) Concurrent Preclean
[2026-03-25T21:45:25.536+0900][18.478s][info][gc,marking  ] GC(477) Concurrent Preclean 0.082ms
[2026-03-25T21:45:25.536+0900][18.478s][info][gc,start    ] GC(477) Pause Remark
[2026-03-25T21:45:25.537+0900][18.479s][info][gc          ] GC(477) Pause Remark 401M->401M(512M) 0.433ms
[2026-03-25T21:45:25.537+0900][18.479s][info][gc,cpu      ] GC(477) User=0.01s Sys=0.00s Real=0.00s
[2026-03-25T21:45:25.537+0900][18.479s][info][gc,marking  ] GC(477) Concurrent Mark 3.863ms
[2026-03-25T21:45:25.537+0900][18.479s][info][gc,marking  ] GC(477) Concurrent Rebuild Remembered Sets
[2026-03-25T21:45:25.538+0900][18.480s][info][gc,marking  ] GC(477) Concurrent Rebuild Remembered Sets 0.822ms
[2026-03-25T21:45:25.538+0900][18.480s][info][gc,start    ] GC(477) Pause Cleanup
[2026-03-25T21:45:25.538+0900][18.480s][info][gc          ] GC(477) Pause Cleanup 401M->401M(512M) 0.092ms
[2026-03-25T21:45:25.538+0900][18.480s][info][gc,cpu      ] GC(477) User=0.00s Sys=0.00s Real=0.00s
[2026-03-25T21:45:25.538+0900][18.480s][info][gc,marking  ] GC(477) Concurrent Cleanup for Next Mark
[2026-03-25T21:45:25.538+0900][18.480s][info][gc,marking  ] GC(477) Concurrent Cleanup for Next Mark 0.375ms
[2026-03-25T21:45:25.538+0900][18.481s][info][gc          ] GC(477) Concurrent Mark Cycle 5.643ms
[2026-03-25T21:45:25.588+0900][18.530s][info][gc,start    ] GC(478) Pause Young (Concurrent Start) (G1 Humongous Allocation)
[2026-03-25T21:45:25.588+0900][18.530s][info][gc,task     ] GC(478) Using 8 workers of 8 for evacuation
[2026-03-25T21:45:25.589+0900][18.531s][info][gc,phases   ] GC(478)   Pre Evacuate Collection Set: 0.2ms
[2026-03-25T21:45:25.589+0900][18.531s][info][gc,phases   ] GC(478)   Merge Heap Roots: 0.1ms
[2026-03-25T21:45:25.589+0900][18.531s][info][gc,phases   ] GC(478)   Evacuate Collection Set: 0.2ms
[2026-03-25T21:45:25.589+0900][18.531s][info][gc,phases   ] GC(478)   Post Evacuate Collection Set: 0.1ms
[2026-03-25T21:45:25.589+0900][18.531s][info][gc,phases   ] GC(478)   Other: 0.2ms
[2026-03-25T21:45:25.589+0900][18.531s][info][gc,heap     ] GC(478) Eden regions: 1->0(55)
[2026-03-25T21:45:25.589+0900][18.531s][info][gc,heap     ] GC(478) Survivor regions: 1->1(8)
[2026-03-25T21:45:25.589+0900][18.531s][info][gc,heap     ] GC(478) Old regions: 1->1
[2026-03-25T21:45:25.589+0900][18.531s][info][gc,heap     ] GC(478) Archive regions: 2->2
[2026-03-25T21:45:25.589+0900][18.531s][info][gc,heap     ] GC(478) Humongous regions: 400->400
[2026-03-25T21:45:25.589+0900][18.531s][info][gc,metaspace] GC(478) Metaspace: 181K(384K)->181K(384K) NonClass: 173K(256K)->173K(256K) Class: 7K(128K)->7K(128K)
[2026-03-25T21:45:25.589+0900][18.531s][info][gc          ] GC(478) Pause Young (Concurrent Start) (G1 Humongous Allocation) 401M->401M(512M) 0.993ms
[2026-03-25T21:45:25.589+0900][18.531s][info][gc,cpu      ] GC(478) User=0.00s Sys=0.00s Real=0.00s
[2026-03-25T21:45:25.589+0900][18.531s][info][gc          ] GC(479) Concurrent Mark Cycle
[2026-03-25T21:45:25.589+0900][18.531s][info][gc,marking  ] GC(479) Concurrent Clear Claimed Marks
[2026-03-25T21:45:25.589+0900][18.531s][info][gc,marking  ] GC(479) Concurrent Clear Claimed Marks 0.014ms
[2026-03-25T21:45:25.589+0900][18.531s][info][gc,marking  ] GC(479) Concurrent Scan Root Regions
[2026-03-25T21:45:25.589+0900][18.531s][info][gc,marking  ] GC(479) Concurrent Scan Root Regions 0.042ms
[2026-03-25T21:45:25.589+0900][18.531s][info][gc,marking  ] GC(479) Concurrent Mark
[2026-03-25T21:45:25.589+0900][18.531s][info][gc,marking  ] GC(479) Concurrent Mark From Roots
[2026-03-25T21:45:25.589+0900][18.531s][info][gc,task     ] GC(479) Using 2 workers of 2 for marking
[2026-03-25T21:45:25.591+0900][18.533s][info][gc,marking  ] GC(479) Concurrent Mark From Roots 1.912ms
[2026-03-25T21:45:25.591+0900][18.533s][info][gc,marking  ] GC(479) Concurrent Preclean
[2026-03-25T21:45:25.591+0900][18.533s][info][gc,marking  ] GC(479) Concurrent Preclean 0.036ms
[2026-03-25T21:45:25.591+0900][18.534s][info][gc,start    ] GC(479) Pause Remark
[2026-03-25T21:45:25.592+0900][18.534s][info][gc          ] GC(479) Pause Remark 402M->402M(512M) 0.421ms
[2026-03-25T21:45:25.592+0900][18.534s][info][gc,cpu      ] GC(479) User=0.00s Sys=0.00s Real=0.00s
[2026-03-25T21:45:25.592+0900][18.534s][info][gc,marking  ] GC(479) Concurrent Mark 2.594ms
[2026-03-25T21:45:25.592+0900][18.534s][info][gc,marking  ] GC(479) Concurrent Rebuild Remembered Sets
[2026-03-25T21:45:25.592+0900][18.535s][info][gc,marking  ] GC(479) Concurrent Rebuild Remembered Sets 0.712ms
[2026-03-25T21:45:25.593+0900][18.535s][info][gc,start    ] GC(479) Pause Cleanup
[2026-03-25T21:45:25.593+0900][18.535s][info][gc          ] GC(479) Pause Cleanup 402M->402M(512M) 0.085ms
[2026-03-25T21:45:25.593+0900][18.535s][info][gc,cpu      ] GC(479) User=0.00s Sys=0.00s Real=0.00s
[2026-03-25T21:45:25.593+0900][18.535s][info][gc,marking  ] GC(479) Concurrent Cleanup for Next Mark
[2026-03-25T21:45:25.593+0900][18.535s][info][gc,marking  ] GC(479) Concurrent Cleanup for Next Mark 0.400ms
[2026-03-25T21:45:25.593+0900][18.535s][info][gc          ] GC(479) Concurrent Mark Cycle 4.125ms
[2026-03-25T21:45:25.640+0900][18.582s][info][gc,start    ] GC(480) Pause Young (Concurrent Start) (G1 Humongous Allocation)
[2026-03-25T21:45:25.640+0900][18.582s][info][gc,task     ] GC(480) Using 8 workers of 8 for evacuation
[2026-03-25T21:45:25.640+0900][18.583s][info][gc,phases   ] GC(480)   Pre Evacuate Collection Set: 0.1ms
[2026-03-25T21:45:25.640+0900][18.583s][info][gc,phases   ] GC(480)   Merge Heap Roots: 0.1ms
[2026-03-25T21:45:25.640+0900][18.583s][info][gc,phases   ] GC(480)   Evacuate Collection Set: 0.2ms
[2026-03-25T21:45:25.641+0900][18.583s][info][gc,phases   ] GC(480)   Post Evacuate Collection Set: 0.1ms
[2026-03-25T21:45:25.641+0900][18.583s][info][gc,phases   ] GC(480)   Other: 0.2ms
[2026-03-25T21:45:25.641+0900][18.583s][info][gc,heap     ] GC(480) Eden regions: 1->0(54)
[2026-03-25T21:45:25.641+0900][18.583s][info][gc,heap     ] GC(480) Survivor regions: 1->1(7)
[2026-03-25T21:45:25.641+0900][18.583s][info][gc,heap     ] GC(480) Old regions: 1->1
[2026-03-25T21:45:25.641+0900][18.583s][info][gc,heap     ] GC(480) Archive regions: 2->2
[2026-03-25T21:45:25.641+0900][18.583s][info][gc,heap     ] GC(480) Humongous regions: 401->401
[2026-03-25T21:45:25.641+0900][18.583s][info][gc,metaspace] GC(480) Metaspace: 181K(384K)->181K(384K) NonClass: 173K(256K)->173K(256K) Class: 7K(128K)->7K(128K)
[2026-03-25T21:45:25.641+0900][18.583s][info][gc          ] GC(480) Pause Young (Concurrent Start) (G1 Humongous Allocation) 402M->402M(512M) 0.923ms
[2026-03-25T21:45:25.641+0900][18.583s][info][gc,cpu      ] GC(480) User=0.01s Sys=0.00s Real=0.00s
[2026-03-25T21:45:25.641+0900][18.583s][info][gc          ] GC(481) Concurrent Mark Cycle
[2026-03-25T21:45:25.641+0900][18.583s][info][gc,marking  ] GC(481) Concurrent Clear Claimed Marks
[2026-03-25T21:45:25.641+0900][18.583s][info][gc,marking  ] GC(481) Concurrent Clear Claimed Marks 0.012ms
[2026-03-25T21:45:25.641+0900][18.583s][info][gc,marking  ] GC(481) Concurrent Scan Root Regions
[2026-03-25T21:45:25.641+0900][18.583s][info][gc,marking  ] GC(481) Concurrent Scan Root Regions 0.038ms
[2026-03-25T21:45:25.641+0900][18.583s][info][gc,marking  ] GC(481) Concurrent Mark
[2026-03-25T21:45:25.641+0900][18.583s][info][gc,marking  ] GC(481) Concurrent Mark From Roots
[2026-03-25T21:45:25.641+0900][18.583s][info][gc,task     ] GC(481) Using 2 workers of 2 for marking
[2026-03-25T21:45:25.643+0900][18.585s][info][gc,marking  ] GC(481) Concurrent Mark From Roots 1.814ms
[2026-03-25T21:45:25.643+0900][18.585s][info][gc,marking  ] GC(481) Concurrent Preclean
[2026-03-25T21:45:25.643+0900][18.585s][info][gc,marking  ] GC(481) Concurrent Preclean 0.033ms
[2026-03-25T21:45:25.643+0900][18.585s][info][gc,start    ] GC(481) Pause Remark
[2026-03-25T21:45:25.643+0900][18.585s][info][gc          ] GC(481) Pause Remark 403M->403M(512M) 0.306ms
[2026-03-25T21:45:25.643+0900][18.585s][info][gc,cpu      ] GC(481) User=0.00s Sys=0.00s Real=0.00s
[2026-03-25T21:45:25.643+0900][18.585s][info][gc,marking  ] GC(481) Concurrent Mark 2.287ms
[2026-03-25T21:45:25.643+0900][18.585s][info][gc,marking  ] GC(481) Concurrent Rebuild Remembered Sets
[2026-03-25T21:45:25.644+0900][18.586s][info][gc,marking  ] GC(481) Concurrent Rebuild Remembered Sets 0.622ms
[2026-03-25T21:45:25.644+0900][18.586s][info][gc,start    ] GC(481) Pause Cleanup
[2026-03-25T21:45:25.644+0900][18.586s][info][gc          ] GC(481) Pause Cleanup 403M->403M(512M) 0.070ms
[2026-03-25T21:45:25.644+0900][18.586s][info][gc,cpu      ] GC(481) User=0.00s Sys=0.00s Real=0.00s
[2026-03-25T21:45:25.644+0900][18.586s][info][gc,marking  ] GC(481) Concurrent Cleanup for Next Mark
[2026-03-25T21:45:25.644+0900][18.587s][info][gc,marking  ] GC(481) Concurrent Cleanup for Next Mark 0.458ms
[2026-03-25T21:45:25.645+0900][18.587s][info][gc          ] GC(481) Concurrent Mark Cycle 3.718ms
[2026-03-25T21:45:25.696+0900][18.638s][info][gc,start    ] GC(482) Pause Young (Concurrent Start) (G1 Humongous Allocation)
[2026-03-25T21:45:25.696+0900][18.638s][info][gc,task     ] GC(482) Using 8 workers of 8 for evacuation
[2026-03-25T21:45:25.697+0900][18.639s][info][gc,phases   ] GC(482)   Pre Evacuate Collection Set: 0.1ms
[2026-03-25T21:45:25.697+0900][18.639s][info][gc,phases   ] GC(482)   Merge Heap Roots: 0.1ms
[2026-03-25T21:45:25.697+0900][18.639s][info][gc,phases   ] GC(482)   Evacuate Collection Set: 0.1ms
[2026-03-25T21:45:25.697+0900][18.639s][info][gc,phases   ] GC(482)   Post Evacuate Collection Set: 0.2ms
[2026-03-25T21:45:25.697+0900][18.639s][info][gc,phases   ] GC(482)   Other: 0.1ms
[2026-03-25T21:45:25.697+0900][18.639s][info][gc,heap     ] GC(482) Eden regions: 1->0(53)
[2026-03-25T21:45:25.697+0900][18.639s][info][gc,heap     ] GC(482) Survivor regions: 1->1(7)
[2026-03-25T21:45:25.697+0900][18.639s][info][gc,heap     ] GC(482) Old regions: 1->1
[2026-03-25T21:45:25.697+0900][18.639s][info][gc,heap     ] GC(482) Archive regions: 2->2
[2026-03-25T21:45:25.697+0900][18.639s][info][gc,heap     ] GC(482) Humongous regions: 402->402
[2026-03-25T21:45:25.697+0900][18.639s][info][gc,metaspace] GC(482) Metaspace: 181K(384K)->181K(384K) NonClass: 173K(256K)->173K(256K) Class: 7K(128K)->7K(128K)
[2026-03-25T21:45:25.697+0900][18.639s][info][gc          ] GC(482) Pause Young (Concurrent Start) (G1 Humongous Allocation) 403M->403M(512M) 0.772ms
[2026-03-25T21:45:25.697+0900][18.639s][info][gc,cpu      ] GC(482) User=0.00s Sys=0.00s Real=0.00s
[2026-03-25T21:45:25.697+0900][18.639s][info][gc          ] GC(483) Concurrent Mark Cycle
[2026-03-25T21:45:25.697+0900][18.639s][info][gc,marking  ] GC(483) Concurrent Clear Claimed Marks
[2026-03-25T21:45:25.697+0900][18.639s][info][gc,marking  ] GC(483) Concurrent Clear Claimed Marks 0.010ms
[2026-03-25T21:45:25.697+0900][18.639s][info][gc,marking  ] GC(483) Concurrent Scan Root Regions
[2026-03-25T21:45:25.697+0900][18.639s][info][gc,marking  ] GC(483) Concurrent Scan Root Regions 0.036ms
[2026-03-25T21:45:25.697+0900][18.639s][info][gc,marking  ] GC(483) Concurrent Mark
[2026-03-25T21:45:25.697+0900][18.639s][info][gc,marking  ] GC(483) Concurrent Mark From Roots
[2026-03-25T21:45:25.697+0900][18.639s][info][gc,task     ] GC(483) Using 2 workers of 2 for marking
[2026-03-25T21:45:25.698+0900][18.640s][info][gc,marking  ] GC(483) Concurrent Mark From Roots 1.313ms
[2026-03-25T21:45:25.698+0900][18.640s][info][gc,marking  ] GC(483) Concurrent Preclean
[2026-03-25T21:45:25.698+0900][18.640s][info][gc,marking  ] GC(483) Concurrent Preclean 0.019ms
[2026-03-25T21:45:25.698+0900][18.640s][info][gc,start    ] GC(483) Pause Remark
[2026-03-25T21:45:25.699+0900][18.641s][info][gc          ] GC(483) Pause Remark 404M->404M(512M) 0.335ms
[2026-03-25T21:45:25.699+0900][18.641s][info][gc,cpu      ] GC(483) User=0.00s Sys=0.00s Real=0.00s
[2026-03-25T21:45:25.699+0900][18.641s][info][gc,marking  ] GC(483) Concurrent Mark 1.730ms
[2026-03-25T21:45:25.699+0900][18.641s][info][gc,marking  ] GC(483) Concurrent Rebuild Remembered Sets
[2026-03-25T21:45:25.699+0900][18.641s][info][gc,marking  ] GC(483) Concurrent Rebuild Remembered Sets 0.477ms
[2026-03-25T21:45:25.699+0900][18.641s][info][gc,start    ] GC(483) Pause Cleanup
[2026-03-25T21:45:25.699+0900][18.641s][info][gc          ] GC(483) Pause Cleanup 404M->404M(512M) 0.065ms
[2026-03-25T21:45:25.699+0900][18.641s][info][gc,cpu      ] GC(483) User=0.00s Sys=0.00s Real=0.00s
[2026-03-25T21:45:25.699+0900][18.641s][info][gc,marking  ] GC(483) Concurrent Cleanup for Next Mark
[2026-03-25T21:45:25.700+0900][18.642s][info][gc,marking  ] GC(483) Concurrent Cleanup for Next Mark 0.364ms
[2026-03-25T21:45:25.700+0900][18.642s][info][gc          ] GC(483) Concurrent Mark Cycle 2.799ms
[2026-03-25T21:45:25.752+0900][18.694s][info][gc,start    ] GC(484) Pause Young (Concurrent Start) (G1 Humongous Allocation)
[2026-03-25T21:45:25.752+0900][18.694s][info][gc,task     ] GC(484) Using 8 workers of 8 for evacuation
[2026-03-25T21:45:25.752+0900][18.695s][info][gc,phases   ] GC(484)   Pre Evacuate Collection Set: 0.1ms
[2026-03-25T21:45:25.752+0900][18.695s][info][gc,phases   ] GC(484)   Merge Heap Roots: 0.1ms
[2026-03-25T21:45:25.752+0900][18.695s][info][gc,phases   ] GC(484)   Evacuate Collection Set: 0.1ms
[2026-03-25T21:45:25.752+0900][18.695s][info][gc,phases   ] GC(484)   Post Evacuate Collection Set: 0.1ms
[2026-03-25T21:45:25.752+0900][18.695s][info][gc,phases   ] GC(484)   Other: 0.1ms
[2026-03-25T21:45:25.752+0900][18.695s][info][gc,heap     ] GC(484) Eden regions: 1->0(52)
[2026-03-25T21:45:25.752+0900][18.695s][info][gc,heap     ] GC(484) Survivor regions: 1->1(7)
[2026-03-25T21:45:25.752+0900][18.695s][info][gc,heap     ] GC(484) Old regions: 1->1
[2026-03-25T21:45:25.752+0900][18.695s][info][gc,heap     ] GC(484) Archive regions: 2->2
[2026-03-25T21:45:25.752+0900][18.695s][info][gc,heap     ] GC(484) Humongous regions: 403->403
[2026-03-25T21:45:25.752+0900][18.695s][info][gc,metaspace] GC(484) Metaspace: 181K(384K)->181K(384K) NonClass: 173K(256K)->173K(256K) Class: 7K(128K)->7K(128K)
[2026-03-25T21:45:25.752+0900][18.695s][info][gc          ] GC(484) Pause Young (Concurrent Start) (G1 Humongous Allocation) 404M->404M(512M) 0.616ms
[2026-03-25T21:45:25.752+0900][18.695s][info][gc,cpu      ] GC(484) User=0.00s Sys=0.00s Real=0.00s
[2026-03-25T21:45:25.753+0900][18.695s][info][gc          ] GC(485) Concurrent Mark Cycle
[2026-03-25T21:45:25.753+0900][18.695s][info][gc,marking  ] GC(485) Concurrent Clear Claimed Marks
[2026-03-25T21:45:25.753+0900][18.695s][info][gc,marking  ] GC(485) Concurrent Clear Claimed Marks 0.010ms
[2026-03-25T21:45:25.753+0900][18.695s][info][gc,marking  ] GC(485) Concurrent Scan Root Regions
[2026-03-25T21:45:25.753+0900][18.695s][info][gc,marking  ] GC(485) Concurrent Scan Root Regions 0.025ms
[2026-03-25T21:45:25.753+0900][18.695s][info][gc,marking  ] GC(485) Concurrent Mark
[2026-03-25T21:45:25.753+0900][18.695s][info][gc,marking  ] GC(485) Concurrent Mark From Roots
[2026-03-25T21:45:25.753+0900][18.695s][info][gc,task     ] GC(485) Using 2 workers of 2 for marking
[2026-03-25T21:45:25.754+0900][18.696s][info][gc,marking  ] GC(485) Concurrent Mark From Roots 1.185ms
[2026-03-25T21:45:25.754+0900][18.696s][info][gc,marking  ] GC(485) Concurrent Preclean
[2026-03-25T21:45:25.754+0900][18.696s][info][gc,marking  ] GC(485) Concurrent Preclean 0.024ms
[2026-03-25T21:45:25.754+0900][18.696s][info][gc,start    ] GC(485) Pause Remark
[2026-03-25T21:45:25.754+0900][18.696s][info][gc          ] GC(485) Pause Remark 405M->405M(512M) 0.248ms
[2026-03-25T21:45:25.754+0900][18.696s][info][gc,cpu      ] GC(485) User=0.00s Sys=0.00s Real=0.00s
[2026-03-25T21:45:25.754+0900][18.696s][info][gc,marking  ] GC(485) Concurrent Mark 1.533ms
[2026-03-25T21:45:25.754+0900][18.696s][info][gc,marking  ] GC(485) Concurrent Rebuild Remembered Sets
[2026-03-25T21:45:25.755+0900][18.697s][info][gc,marking  ] GC(485) Concurrent Rebuild Remembered Sets 0.607ms
[2026-03-25T21:45:25.755+0900][18.697s][info][gc,start    ] GC(485) Pause Cleanup
[2026-03-25T21:45:25.755+0900][18.697s][info][gc          ] GC(485) Pause Cleanup 405M->405M(512M) 0.072ms
[2026-03-25T21:45:25.755+0900][18.697s][info][gc,cpu      ] GC(485) User=0.00s Sys=0.00s Real=0.00s
[2026-03-25T21:45:25.755+0900][18.697s][info][gc,marking  ] GC(485) Concurrent Cleanup for Next Mark
[2026-03-25T21:45:25.755+0900][18.697s][info][gc,marking  ] GC(485) Concurrent Cleanup for Next Mark 0.299ms
[2026-03-25T21:45:25.755+0900][18.697s][info][gc          ] GC(485) Concurrent Mark Cycle 2.674ms
[2026-03-25T21:45:25.808+0900][18.750s][info][gc,start    ] GC(486) Pause Young (Concurrent Start) (G1 Humongous Allocation)
[2026-03-25T21:45:25.808+0900][18.750s][info][gc,task     ] GC(486) Using 8 workers of 8 for evacuation
[2026-03-25T21:45:25.809+0900][18.751s][info][gc,phases   ] GC(486)   Pre Evacuate Collection Set: 0.2ms
[2026-03-25T21:45:25.809+0900][18.751s][info][gc,phases   ] GC(486)   Merge Heap Roots: 0.1ms
[2026-03-25T21:45:25.809+0900][18.751s][info][gc,phases   ] GC(486)   Evacuate Collection Set: 0.2ms
[2026-03-25T21:45:25.809+0900][18.751s][info][gc,phases   ] GC(486)   Post Evacuate Collection Set: 0.2ms
[2026-03-25T21:45:25.809+0900][18.751s][info][gc,phases   ] GC(486)   Other: 0.2ms
[2026-03-25T21:45:25.809+0900][18.751s][info][gc,heap     ] GC(486) Eden regions: 1->0(51)
[2026-03-25T21:45:25.809+0900][18.751s][info][gc,heap     ] GC(486) Survivor regions: 1->1(7)
[2026-03-25T21:45:25.809+0900][18.751s][info][gc,heap     ] GC(486) Old regions: 1->1
[2026-03-25T21:45:25.809+0900][18.751s][info][gc,heap     ] GC(486) Archive regions: 2->2
[2026-03-25T21:45:25.809+0900][18.751s][info][gc,heap     ] GC(486) Humongous regions: 404->404
[2026-03-25T21:45:25.809+0900][18.751s][info][gc,metaspace] GC(486) Metaspace: 181K(384K)->181K(384K) NonClass: 173K(256K)->173K(256K) Class: 7K(128K)->7K(128K)
[2026-03-25T21:45:25.809+0900][18.751s][info][gc          ] GC(486) Pause Young (Concurrent Start) (G1 Humongous Allocation) 405M->405M(512M) 1.079ms
[2026-03-25T21:45:25.809+0900][18.751s][info][gc,cpu      ] GC(486) User=0.00s Sys=0.01s Real=0.00s
[2026-03-25T21:45:25.809+0900][18.751s][info][gc          ] GC(487) Concurrent Mark Cycle
[2026-03-25T21:45:25.809+0900][18.751s][info][gc,marking  ] GC(487) Concurrent Clear Claimed Marks
[2026-03-25T21:45:25.809+0900][18.751s][info][gc,marking  ] GC(487) Concurrent Clear Claimed Marks 0.021ms
[2026-03-25T21:45:25.809+0900][18.751s][info][gc,marking  ] GC(487) Concurrent Scan Root Regions
[2026-03-25T21:45:25.809+0900][18.751s][info][gc,marking  ] GC(487) Concurrent Scan Root Regions 0.043ms
[2026-03-25T21:45:25.809+0900][18.751s][info][gc,marking  ] GC(487) Concurrent Mark
[2026-03-25T21:45:25.809+0900][18.751s][info][gc,marking  ] GC(487) Concurrent Mark From Roots
[2026-03-25T21:45:25.809+0900][18.751s][info][gc,task     ] GC(487) Using 2 workers of 2 for marking
[2026-03-25T21:45:25.811+0900][18.753s][info][gc,marking  ] GC(487) Concurrent Mark From Roots 1.749ms
[2026-03-25T21:45:25.811+0900][18.753s][info][gc,marking  ] GC(487) Concurrent Preclean
[2026-03-25T21:45:25.811+0900][18.753s][info][gc,marking  ] GC(487) Concurrent Preclean 0.033ms
[2026-03-25T21:45:25.811+0900][18.753s][info][gc,start    ] GC(487) Pause Remark
[2026-03-25T21:45:25.811+0900][18.753s][info][gc          ] GC(487) Pause Remark 406M->406M(512M) 0.367ms
[2026-03-25T21:45:25.811+0900][18.753s][info][gc,cpu      ] GC(487) User=0.00s Sys=0.00s Real=0.00s
[2026-03-25T21:45:25.811+0900][18.754s][info][gc,marking  ] GC(487) Concurrent Mark 2.260ms
[2026-03-25T21:45:25.811+0900][18.754s][info][gc,marking  ] GC(487) Concurrent Rebuild Remembered Sets
[2026-03-25T21:45:25.812+0900][18.754s][info][gc,marking  ] GC(487) Concurrent Rebuild Remembered Sets 0.897ms
[2026-03-25T21:45:25.812+0900][18.754s][info][gc,start    ] GC(487) Pause Cleanup
[2026-03-25T21:45:25.812+0900][18.755s][info][gc          ] GC(487) Pause Cleanup 406M->406M(512M) 0.075ms
[2026-03-25T21:45:25.812+0900][18.755s][info][gc,cpu      ] GC(487) User=0.00s Sys=0.00s Real=0.00s
[2026-03-25T21:45:25.812+0900][18.755s][info][gc,marking  ] GC(487) Concurrent Cleanup for Next Mark
[2026-03-25T21:45:25.813+0900][18.755s][info][gc,marking  ] GC(487) Concurrent Cleanup for Next Mark 0.419ms
[2026-03-25T21:45:25.813+0900][18.755s][info][gc          ] GC(487) Concurrent Mark Cycle 3.932ms
[2026-03-25T21:45:25.864+0900][18.806s][info][gc,start    ] GC(488) Pause Young (Concurrent Start) (G1 Humongous Allocation)
[2026-03-25T21:45:25.864+0900][18.807s][info][gc,task     ] GC(488) Using 8 workers of 8 for evacuation
[2026-03-25T21:45:25.865+0900][18.808s][info][gc,phases   ] GC(488)   Pre Evacuate Collection Set: 0.2ms
[2026-03-25T21:45:25.865+0900][18.808s][info][gc,phases   ] GC(488)   Merge Heap Roots: 0.2ms
[2026-03-25T21:45:25.865+0900][18.808s][info][gc,phases   ] GC(488)   Evacuate Collection Set: 0.2ms
[2026-03-25T21:45:25.865+0900][18.808s][info][gc,phases   ] GC(488)   Post Evacuate Collection Set: 0.2ms
[2026-03-25T21:45:25.865+0900][18.808s][info][gc,phases   ] GC(488)   Other: 0.3ms
[2026-03-25T21:45:25.865+0900][18.808s][info][gc,heap     ] GC(488) Eden regions: 1->0(50)
[2026-03-25T21:45:25.865+0900][18.808s][info][gc,heap     ] GC(488) Survivor regions: 1->1(7)
[2026-03-25T21:45:25.865+0900][18.808s][info][gc,heap     ] GC(488) Old regions: 1->1
[2026-03-25T21:45:25.865+0900][18.808s][info][gc,heap     ] GC(488) Archive regions: 2->2
[2026-03-25T21:45:25.865+0900][18.808s][info][gc,heap     ] GC(488) Humongous regions: 405->405
[2026-03-25T21:45:25.865+0900][18.808s][info][gc,metaspace] GC(488) Metaspace: 181K(384K)->181K(384K) NonClass: 173K(256K)->173K(256K) Class: 7K(128K)->7K(128K)
[2026-03-25T21:45:25.866+0900][18.808s][info][gc          ] GC(488) Pause Young (Concurrent Start) (G1 Humongous Allocation) 406M->406M(512M) 1.350ms
[2026-03-25T21:45:25.866+0900][18.808s][info][gc,cpu      ] GC(488) User=0.00s Sys=0.00s Real=0.00s
[2026-03-25T21:45:25.866+0900][18.808s][info][gc          ] GC(489) Concurrent Mark Cycle
[2026-03-25T21:45:25.866+0900][18.808s][info][gc,marking  ] GC(489) Concurrent Clear Claimed Marks
[2026-03-25T21:45:25.866+0900][18.808s][info][gc,marking  ] GC(489) Concurrent Clear Claimed Marks 0.036ms
[2026-03-25T21:45:25.866+0900][18.808s][info][gc,marking  ] GC(489) Concurrent Scan Root Regions
[2026-03-25T21:45:25.866+0900][18.808s][info][gc,marking  ] GC(489) Concurrent Scan Root Regions 0.064ms
[2026-03-25T21:45:25.866+0900][18.808s][info][gc,marking  ] GC(489) Concurrent Mark
[2026-03-25T21:45:25.866+0900][18.808s][info][gc,marking  ] GC(489) Concurrent Mark From Roots
[2026-03-25T21:45:25.866+0900][18.808s][info][gc,task     ] GC(489) Using 2 workers of 2 for marking
[2026-03-25T21:45:25.868+0900][18.810s][info][gc,marking  ] GC(489) Concurrent Mark From Roots 2.436ms
[2026-03-25T21:45:25.868+0900][18.811s][info][gc,marking  ] GC(489) Concurrent Preclean
[2026-03-25T21:45:25.868+0900][18.811s][info][gc,marking  ] GC(489) Concurrent Preclean 0.048ms
[2026-03-25T21:45:25.868+0900][18.811s][info][gc,start    ] GC(489) Pause Remark
[2026-03-25T21:45:25.869+0900][18.811s][info][gc          ] GC(489) Pause Remark 409M->409M(512M) 0.599ms
[2026-03-25T21:45:25.869+0900][18.811s][info][gc,cpu      ] GC(489) User=0.00s Sys=0.00s Real=0.00s
[2026-03-25T21:45:25.869+0900][18.811s][info][gc,marking  ] GC(489) Concurrent Mark 3.351ms
[2026-03-25T21:45:25.869+0900][18.811s][info][gc,marking  ] GC(489) Concurrent Rebuild Remembered Sets
[2026-03-25T21:45:25.870+0900][18.812s][info][gc,marking  ] GC(489) Concurrent Rebuild Remembered Sets 0.783ms
[2026-03-25T21:45:25.870+0900][18.812s][info][gc,start    ] GC(489) Pause Cleanup
[2026-03-25T21:45:25.870+0900][18.812s][info][gc          ] GC(489) Pause Cleanup 409M->409M(512M) 0.092ms
[2026-03-25T21:45:25.870+0900][18.812s][info][gc,cpu      ] GC(489) User=0.00s Sys=0.00s Real=0.00s
[2026-03-25T21:45:25.870+0900][18.812s][info][gc,marking  ] GC(489) Concurrent Cleanup for Next Mark
[2026-03-25T21:45:25.871+0900][18.813s][info][gc,marking  ] GC(489) Concurrent Cleanup for Next Mark 0.438ms
[2026-03-25T21:45:25.871+0900][18.813s][info][gc          ] GC(489) Concurrent Mark Cycle 5.076ms
[2026-03-25T21:45:25.918+0900][18.860s][info][gc,start    ] GC(490) Pause Young (Concurrent Start) (G1 Humongous Allocation)
[2026-03-25T21:45:25.918+0900][18.860s][info][gc,task     ] GC(490) Using 8 workers of 8 for evacuation
[2026-03-25T21:45:25.919+0900][18.861s][info][gc,phases   ] GC(490)   Pre Evacuate Collection Set: 0.1ms
[2026-03-25T21:45:25.919+0900][18.861s][info][gc,phases   ] GC(490)   Merge Heap Roots: 0.1ms
[2026-03-25T21:45:25.919+0900][18.861s][info][gc,phases   ] GC(490)   Evacuate Collection Set: 0.2ms
[2026-03-25T21:45:25.919+0900][18.861s][info][gc,phases   ] GC(490)   Post Evacuate Collection Set: 0.1ms
[2026-03-25T21:45:25.919+0900][18.861s][info][gc,phases   ] GC(490)   Other: 0.2ms
[2026-03-25T21:45:25.919+0900][18.861s][info][gc,heap     ] GC(490) Eden regions: 1->0(47)
[2026-03-25T21:45:25.919+0900][18.861s][info][gc,heap     ] GC(490) Survivor regions: 1->1(7)
[2026-03-25T21:45:25.919+0900][18.861s][info][gc,heap     ] GC(490) Old regions: 1->1
[2026-03-25T21:45:25.919+0900][18.861s][info][gc,heap     ] GC(490) Archive regions: 2->2
[2026-03-25T21:45:25.919+0900][18.861s][info][gc,heap     ] GC(490) Humongous regions: 408->408
[2026-03-25T21:45:25.919+0900][18.861s][info][gc,metaspace] GC(490) Metaspace: 181K(384K)->181K(384K) NonClass: 173K(256K)->173K(256K) Class: 7K(128K)->7K(128K)
[2026-03-25T21:45:25.919+0900][18.861s][info][gc          ] GC(490) Pause Young (Concurrent Start) (G1 Humongous Allocation) 409M->409M(512M) 0.890ms
[2026-03-25T21:45:25.919+0900][18.861s][info][gc,cpu      ] GC(490) User=0.00s Sys=0.00s Real=0.00s
[2026-03-25T21:45:25.919+0900][18.861s][info][gc          ] GC(491) Concurrent Mark Cycle
[2026-03-25T21:45:25.919+0900][18.861s][info][gc,marking  ] GC(491) Concurrent Clear Claimed Marks
[2026-03-25T21:45:25.919+0900][18.861s][info][gc,marking  ] GC(491) Concurrent Clear Claimed Marks 0.012ms
[2026-03-25T21:45:25.919+0900][18.861s][info][gc,marking  ] GC(491) Concurrent Scan Root Regions
[2026-03-25T21:45:25.919+0900][18.861s][info][gc,marking  ] GC(491) Concurrent Scan Root Regions 0.047ms
[2026-03-25T21:45:25.919+0900][18.861s][info][gc,marking  ] GC(491) Concurrent Mark
[2026-03-25T21:45:25.919+0900][18.861s][info][gc,marking  ] GC(491) Concurrent Mark From Roots
[2026-03-25T21:45:25.919+0900][18.861s][info][gc,task     ] GC(491) Using 2 workers of 2 for marking
[2026-03-25T21:45:25.921+0900][18.863s][info][gc,marking  ] GC(491) Concurrent Mark From Roots 1.967ms
[2026-03-25T21:45:25.921+0900][18.863s][info][gc,marking  ] GC(491) Concurrent Preclean
[2026-03-25T21:45:25.921+0900][18.863s][info][gc,marking  ] GC(491) Concurrent Preclean 0.037ms
[2026-03-25T21:45:25.921+0900][18.863s][info][gc,start    ] GC(491) Pause Remark
[2026-03-25T21:45:25.921+0900][18.864s][info][gc          ] GC(491) Pause Remark 410M->410M(512M) 0.321ms
[2026-03-25T21:45:25.921+0900][18.864s][info][gc,cpu      ] GC(491) User=0.01s Sys=0.00s Real=0.00s
[2026-03-25T21:45:25.921+0900][18.864s][info][gc,marking  ] GC(491) Concurrent Mark 2.450ms
[2026-03-25T21:45:25.921+0900][18.864s][info][gc,marking  ] GC(491) Concurrent Rebuild Remembered Sets
[2026-03-25T21:45:25.922+0900][18.864s][info][gc,marking  ] GC(491) Concurrent Rebuild Remembered Sets 0.667ms
[2026-03-25T21:45:25.922+0900][18.864s][info][gc,start    ] GC(491) Pause Cleanup
[2026-03-25T21:45:25.922+0900][18.864s][info][gc          ] GC(491) Pause Cleanup 410M->410M(512M) 0.090ms
[2026-03-25T21:45:25.922+0900][18.864s][info][gc,cpu      ] GC(491) User=0.00s Sys=0.00s Real=0.00s
[2026-03-25T21:45:25.922+0900][18.864s][info][gc,marking  ] GC(491) Concurrent Cleanup for Next Mark
[2026-03-25T21:45:25.923+0900][18.865s][info][gc,marking  ] GC(491) Concurrent Cleanup for Next Mark 0.416ms
[2026-03-25T21:45:25.923+0900][18.865s][info][gc          ] GC(491) Concurrent Mark Cycle 3.933ms
[2026-03-25T21:45:25.971+0900][18.913s][info][gc,start    ] GC(492) Pause Young (Concurrent Start) (G1 Humongous Allocation)
[2026-03-25T21:45:25.971+0900][18.914s][info][gc,task     ] GC(492) Using 8 workers of 8 for evacuation
[2026-03-25T21:45:25.972+0900][18.915s][info][gc,phases   ] GC(492)   Pre Evacuate Collection Set: 0.2ms
[2026-03-25T21:45:25.972+0900][18.915s][info][gc,phases   ] GC(492)   Merge Heap Roots: 0.2ms
[2026-03-25T21:45:25.972+0900][18.915s][info][gc,phases   ] GC(492)   Evacuate Collection Set: 0.3ms
[2026-03-25T21:45:25.972+0900][18.915s][info][gc,phases   ] GC(492)   Post Evacuate Collection Set: 0.2ms
[2026-03-25T21:45:25.972+0900][18.915s][info][gc,phases   ] GC(492)   Other: 0.3ms
[2026-03-25T21:45:25.972+0900][18.915s][info][gc,heap     ] GC(492) Eden regions: 1->0(46)
[2026-03-25T21:45:25.973+0900][18.915s][info][gc,heap     ] GC(492) Survivor regions: 1->1(6)
[2026-03-25T21:45:25.973+0900][18.915s][info][gc,heap     ] GC(492) Old regions: 1->1
[2026-03-25T21:45:25.973+0900][18.915s][info][gc,heap     ] GC(492) Archive regions: 2->2
[2026-03-25T21:45:25.973+0900][18.915s][info][gc,heap     ] GC(492) Humongous regions: 409->409
[2026-03-25T21:45:25.973+0900][18.915s][info][gc,metaspace] GC(492) Metaspace: 181K(384K)->181K(384K) NonClass: 173K(256K)->173K(256K) Class: 7K(128K)->7K(128K)
[2026-03-25T21:45:25.973+0900][18.915s][info][gc          ] GC(492) Pause Young (Concurrent Start) (G1 Humongous Allocation) 410M->410M(512M) 1.516ms
[2026-03-25T21:45:25.973+0900][18.915s][info][gc,cpu      ] GC(492) User=0.00s Sys=0.00s Real=0.00s
[2026-03-25T21:45:25.973+0900][18.915s][info][gc          ] GC(493) Concurrent Mark Cycle
[2026-03-25T21:45:25.973+0900][18.915s][info][gc,marking  ] GC(493) Concurrent Clear Claimed Marks
[2026-03-25T21:45:25.973+0900][18.915s][info][gc,marking  ] GC(493) Concurrent Clear Claimed Marks 0.029ms
[2026-03-25T21:45:25.973+0900][18.915s][info][gc,marking  ] GC(493) Concurrent Scan Root Regions
[2026-03-25T21:45:25.973+0900][18.915s][info][gc,marking  ] GC(493) Concurrent Scan Root Regions 0.089ms
[2026-03-25T21:45:25.973+0900][18.915s][info][gc,marking  ] GC(493) Concurrent Mark
[2026-03-25T21:45:25.973+0900][18.915s][info][gc,marking  ] GC(493) Concurrent Mark From Roots
[2026-03-25T21:45:25.973+0900][18.915s][info][gc,task     ] GC(493) Using 2 workers of 2 for marking
[2026-03-25T21:45:25.975+0900][18.918s][info][gc,marking  ] GC(493) Concurrent Mark From Roots 2.472ms
[2026-03-25T21:45:25.976+0900][18.918s][info][gc,marking  ] GC(493) Concurrent Preclean
[2026-03-25T21:45:25.976+0900][18.918s][info][gc,marking  ] GC(493) Concurrent Preclean 0.044ms
[2026-03-25T21:45:25.976+0900][18.918s][info][gc,start    ] GC(493) Pause Remark
[2026-03-25T21:45:25.976+0900][18.918s][info][gc          ] GC(493) Pause Remark 411M->411M(512M) 0.365ms
[2026-03-25T21:45:25.976+0900][18.918s][info][gc,cpu      ] GC(493) User=0.00s Sys=0.00s Real=0.00s
[2026-03-25T21:45:25.976+0900][18.918s][info][gc,marking  ] GC(493) Concurrent Mark 3.060ms
[2026-03-25T21:45:25.976+0900][18.918s][info][gc,marking  ] GC(493) Concurrent Rebuild Remembered Sets
[2026-03-25T21:45:25.977+0900][18.919s][info][gc,marking  ] GC(493) Concurrent Rebuild Remembered Sets 0.756ms
[2026-03-25T21:45:25.977+0900][18.919s][info][gc,start    ] GC(493) Pause Cleanup
[2026-03-25T21:45:25.977+0900][18.919s][info][gc          ] GC(493) Pause Cleanup 411M->411M(512M) 0.072ms
[2026-03-25T21:45:25.977+0900][18.919s][info][gc,cpu      ] GC(493) User=0.00s Sys=0.00s Real=0.00s
[2026-03-25T21:45:25.977+0900][18.919s][info][gc,marking  ] GC(493) Concurrent Cleanup for Next Mark
[2026-03-25T21:45:25.977+0900][18.920s][info][gc,marking  ] GC(493) Concurrent Cleanup for Next Mark 0.439ms
[2026-03-25T21:45:25.978+0900][18.920s][info][gc          ] GC(493) Concurrent Mark Cycle 4.777ms
[2026-03-25T21:45:26.028+0900][18.970s][info][gc,start    ] GC(494) Pause Young (Concurrent Start) (G1 Humongous Allocation)
[2026-03-25T21:45:26.028+0900][18.971s][info][gc,task     ] GC(494) Using 8 workers of 8 for evacuation
[2026-03-25T21:45:26.029+0900][18.972s][info][gc,phases   ] GC(494)   Pre Evacuate Collection Set: 0.2ms
[2026-03-25T21:45:26.029+0900][18.972s][info][gc,phases   ] GC(494)   Merge Heap Roots: 0.2ms
[2026-03-25T21:45:26.029+0900][18.972s][info][gc,phases   ] GC(494)   Evacuate Collection Set: 0.3ms
[2026-03-25T21:45:26.029+0900][18.972s][info][gc,phases   ] GC(494)   Post Evacuate Collection Set: 0.2ms
[2026-03-25T21:45:26.029+0900][18.972s][info][gc,phases   ] GC(494)   Other: 0.3ms
[2026-03-25T21:45:26.030+0900][18.972s][info][gc,heap     ] GC(494) Eden regions: 1->0(45)
[2026-03-25T21:45:26.030+0900][18.972s][info][gc,heap     ] GC(494) Survivor regions: 1->1(6)
[2026-03-25T21:45:26.030+0900][18.972s][info][gc,heap     ] GC(494) Old regions: 1->1
[2026-03-25T21:45:26.030+0900][18.972s][info][gc,heap     ] GC(494) Archive regions: 2->2
[2026-03-25T21:45:26.030+0900][18.972s][info][gc,heap     ] GC(494) Humongous regions: 410->410
[2026-03-25T21:45:26.030+0900][18.972s][info][gc,metaspace] GC(494) Metaspace: 181K(384K)->181K(384K) NonClass: 173K(256K)->173K(256K) Class: 7K(128K)->7K(128K)
[2026-03-25T21:45:26.030+0900][18.972s][info][gc          ] GC(494) Pause Young (Concurrent Start) (G1 Humongous Allocation) 411M->411M(512M) 1.565ms
[2026-03-25T21:45:26.030+0900][18.972s][info][gc,cpu      ] GC(494) User=0.00s Sys=0.00s Real=0.01s
[2026-03-25T21:45:26.030+0900][18.972s][info][gc          ] GC(495) Concurrent Mark Cycle
[2026-03-25T21:45:26.030+0900][18.972s][info][gc,marking  ] GC(495) Concurrent Clear Claimed Marks
[2026-03-25T21:45:26.030+0900][18.972s][info][gc,marking  ] GC(495) Concurrent Clear Claimed Marks 0.029ms
[2026-03-25T21:45:26.030+0900][18.972s][info][gc,marking  ] GC(495) Concurrent Scan Root Regions
[2026-03-25T21:45:26.030+0900][18.972s][info][gc,marking  ] GC(495) Concurrent Scan Root Regions 0.166ms
[2026-03-25T21:45:26.030+0900][18.972s][info][gc,marking  ] GC(495) Concurrent Mark
[2026-03-25T21:45:26.030+0900][18.972s][info][gc,marking  ] GC(495) Concurrent Mark From Roots
[2026-03-25T21:45:26.030+0900][18.972s][info][gc,task     ] GC(495) Using 2 workers of 2 for marking
[2026-03-25T21:45:26.032+0900][18.974s][info][gc,marking  ] GC(495) Concurrent Mark From Roots 1.968ms
[2026-03-25T21:45:26.032+0900][18.974s][info][gc,marking  ] GC(495) Concurrent Preclean
[2026-03-25T21:45:26.032+0900][18.974s][info][gc,marking  ] GC(495) Concurrent Preclean 0.033ms
[2026-03-25T21:45:26.032+0900][18.974s][info][gc,start    ] GC(495) Pause Remark
[2026-03-25T21:45:26.033+0900][18.975s][info][gc          ] GC(495) Pause Remark 412M->412M(512M) 0.367ms
[2026-03-25T21:45:26.033+0900][18.975s][info][gc,cpu      ] GC(495) User=0.00s Sys=0.00s Real=0.00s
[2026-03-25T21:45:26.033+0900][18.975s][info][gc,marking  ] GC(495) Concurrent Mark 2.530ms
[2026-03-25T21:45:26.033+0900][18.975s][info][gc,marking  ] GC(495) Concurrent Rebuild Remembered Sets
[2026-03-25T21:45:26.033+0900][18.976s][info][gc,marking  ] GC(495) Concurrent Rebuild Remembered Sets 0.638ms
[2026-03-25T21:45:26.033+0900][18.976s][info][gc,start    ] GC(495) Pause Cleanup
[2026-03-25T21:45:26.033+0900][18.976s][info][gc          ] GC(495) Pause Cleanup 412M->412M(512M) 0.076ms
[2026-03-25T21:45:26.033+0900][18.976s][info][gc,cpu      ] GC(495) User=0.00s Sys=0.01s Real=0.00s
[2026-03-25T21:45:26.033+0900][18.976s][info][gc,marking  ] GC(495) Concurrent Cleanup for Next Mark
[2026-03-25T21:45:26.034+0900][18.976s][info][gc,marking  ] GC(495) Concurrent Cleanup for Next Mark 0.621ms
[2026-03-25T21:45:26.034+0900][18.976s][info][gc          ] GC(495) Concurrent Mark Cycle 4.413ms
[2026-03-25T21:45:26.085+0900][19.028s][info][gc,start    ] GC(496) Pause Young (Concurrent Start) (G1 Humongous Allocation)
[2026-03-25T21:45:26.085+0900][19.028s][info][gc,task     ] GC(496) Using 8 workers of 8 for evacuation
[2026-03-25T21:45:26.086+0900][19.029s][info][gc,phases   ] GC(496)   Pre Evacuate Collection Set: 0.2ms
[2026-03-25T21:45:26.087+0900][19.029s][info][gc,phases   ] GC(496)   Merge Heap Roots: 0.2ms
[2026-03-25T21:45:26.087+0900][19.029s][info][gc,phases   ] GC(496)   Evacuate Collection Set: 0.3ms
[2026-03-25T21:45:26.087+0900][19.029s][info][gc,phases   ] GC(496)   Post Evacuate Collection Set: 0.2ms
[2026-03-25T21:45:26.087+0900][19.029s][info][gc,phases   ] GC(496)   Other: 0.3ms
[2026-03-25T21:45:26.087+0900][19.029s][info][gc,heap     ] GC(496) Eden regions: 1->0(44)
[2026-03-25T21:45:26.087+0900][19.029s][info][gc,heap     ] GC(496) Survivor regions: 1->1(6)
[2026-03-25T21:45:26.087+0900][19.029s][info][gc,heap     ] GC(496) Old regions: 1->1
[2026-03-25T21:45:26.087+0900][19.029s][info][gc,heap     ] GC(496) Archive regions: 2->2
[2026-03-25T21:45:26.087+0900][19.029s][info][gc,heap     ] GC(496) Humongous regions: 411->411
[2026-03-25T21:45:26.087+0900][19.029s][info][gc,metaspace] GC(496) Metaspace: 181K(384K)->181K(384K) NonClass: 173K(256K)->173K(256K) Class: 7K(128K)->7K(128K)
[2026-03-25T21:45:26.087+0900][19.029s][info][gc          ] GC(496) Pause Young (Concurrent Start) (G1 Humongous Allocation) 412M->412M(512M) 1.508ms
[2026-03-25T21:45:26.087+0900][19.029s][info][gc,cpu      ] GC(496) User=0.01s Sys=0.00s Real=0.00s
[2026-03-25T21:45:26.087+0900][19.029s][info][gc          ] GC(497) Concurrent Mark Cycle
[2026-03-25T21:45:26.087+0900][19.029s][info][gc,marking  ] GC(497) Concurrent Clear Claimed Marks
[2026-03-25T21:45:26.087+0900][19.029s][info][gc,marking  ] GC(497) Concurrent Clear Claimed Marks 0.013ms
[2026-03-25T21:45:26.087+0900][19.029s][info][gc,marking  ] GC(497) Concurrent Scan Root Regions
[2026-03-25T21:45:26.087+0900][19.029s][info][gc,marking  ] GC(497) Concurrent Scan Root Regions 0.072ms
[2026-03-25T21:45:26.087+0900][19.029s][info][gc,marking  ] GC(497) Concurrent Mark
[2026-03-25T21:45:26.087+0900][19.029s][info][gc,marking  ] GC(497) Concurrent Mark From Roots
[2026-03-25T21:45:26.087+0900][19.029s][info][gc,task     ] GC(497) Using 2 workers of 2 for marking
[2026-03-25T21:45:26.089+0900][19.031s][info][gc,marking  ] GC(497) Concurrent Mark From Roots 1.799ms
[2026-03-25T21:45:26.089+0900][19.031s][info][gc,marking  ] GC(497) Concurrent Preclean
[2026-03-25T21:45:26.089+0900][19.031s][info][gc,marking  ] GC(497) Concurrent Preclean 0.036ms
[2026-03-25T21:45:26.089+0900][19.031s][info][gc,start    ] GC(497) Pause Remark
[2026-03-25T21:45:26.089+0900][19.032s][info][gc          ] GC(497) Pause Remark 413M->413M(512M) 0.366ms
[2026-03-25T21:45:26.089+0900][19.032s][info][gc,cpu      ] GC(497) User=0.00s Sys=0.00s Real=0.00s
[2026-03-25T21:45:26.089+0900][19.032s][info][gc,marking  ] GC(497) Concurrent Mark 2.387ms
[2026-03-25T21:45:26.089+0900][19.032s][info][gc,marking  ] GC(497) Concurrent Rebuild Remembered Sets
[2026-03-25T21:45:26.090+0900][19.032s][info][gc,marking  ] GC(497) Concurrent Rebuild Remembered Sets 0.630ms
[2026-03-25T21:45:26.090+0900][19.032s][info][gc,start    ] GC(497) Pause Cleanup
[2026-03-25T21:45:26.090+0900][19.032s][info][gc          ] GC(497) Pause Cleanup 413M->413M(512M) 0.079ms
[2026-03-25T21:45:26.090+0900][19.032s][info][gc,cpu      ] GC(497) User=0.00s Sys=0.00s Real=0.00s
[2026-03-25T21:45:26.090+0900][19.032s][info][gc,marking  ] GC(497) Concurrent Cleanup for Next Mark
[2026-03-25T21:45:26.091+0900][19.033s][info][gc,marking  ] GC(497) Concurrent Cleanup for Next Mark 0.391ms
[2026-03-25T21:45:26.091+0900][19.033s][info][gc          ] GC(497) Concurrent Mark Cycle 3.813ms
[2026-03-25T21:45:26.142+0900][19.084s][info][gc,start    ] GC(498) Pause Young (Concurrent Start) (G1 Humongous Allocation)
[2026-03-25T21:45:26.142+0900][19.084s][info][gc,task     ] GC(498) Using 8 workers of 8 for evacuation
[2026-03-25T21:45:26.143+0900][19.085s][info][gc,phases   ] GC(498)   Pre Evacuate Collection Set: 0.1ms
[2026-03-25T21:45:26.143+0900][19.085s][info][gc,phases   ] GC(498)   Merge Heap Roots: 0.1ms
[2026-03-25T21:45:26.143+0900][19.085s][info][gc,phases   ] GC(498)   Evacuate Collection Set: 0.2ms
[2026-03-25T21:45:26.143+0900][19.085s][info][gc,phases   ] GC(498)   Post Evacuate Collection Set: 0.1ms
[2026-03-25T21:45:26.143+0900][19.085s][info][gc,phases   ] GC(498)   Other: 0.2ms
[2026-03-25T21:45:26.143+0900][19.085s][info][gc,heap     ] GC(498) Eden regions: 1->0(43)
[2026-03-25T21:45:26.143+0900][19.085s][info][gc,heap     ] GC(498) Survivor regions: 1->1(6)
[2026-03-25T21:45:26.143+0900][19.085s][info][gc,heap     ] GC(498) Old regions: 1->1
[2026-03-25T21:45:26.143+0900][19.085s][info][gc,heap     ] GC(498) Archive regions: 2->2
[2026-03-25T21:45:26.143+0900][19.085s][info][gc,heap     ] GC(498) Humongous regions: 412->412
[2026-03-25T21:45:26.143+0900][19.085s][info][gc,metaspace] GC(498) Metaspace: 181K(384K)->181K(384K) NonClass: 173K(256K)->173K(256K) Class: 7K(128K)->7K(128K)
[2026-03-25T21:45:26.143+0900][19.085s][info][gc          ] GC(498) Pause Young (Concurrent Start) (G1 Humongous Allocation) 413M->413M(512M) 0.817ms
[2026-03-25T21:45:26.143+0900][19.085s][info][gc,cpu      ] GC(498) User=0.00s Sys=0.00s Real=0.00s
[2026-03-25T21:45:26.143+0900][19.085s][info][gc          ] GC(499) Concurrent Mark Cycle
[2026-03-25T21:45:26.143+0900][19.085s][info][gc,marking  ] GC(499) Concurrent Clear Claimed Marks
[2026-03-25T21:45:26.143+0900][19.085s][info][gc,marking  ] GC(499) Concurrent Clear Claimed Marks 0.014ms
[2026-03-25T21:45:26.143+0900][19.085s][info][gc,marking  ] GC(499) Concurrent Scan Root Regions
[2026-03-25T21:45:26.143+0900][19.085s][info][gc,marking  ] GC(499) Concurrent Scan Root Regions 0.045ms
[2026-03-25T21:45:26.143+0900][19.085s][info][gc,marking  ] GC(499) Concurrent Mark
[2026-03-25T21:45:26.143+0900][19.085s][info][gc,marking  ] GC(499) Concurrent Mark From Roots
[2026-03-25T21:45:26.143+0900][19.085s][info][gc,task     ] GC(499) Using 2 workers of 2 for marking
[2026-03-25T21:45:26.145+0900][19.087s][info][gc,marking  ] GC(499) Concurrent Mark From Roots 1.681ms
[2026-03-25T21:45:26.145+0900][19.087s][info][gc,marking  ] GC(499) Concurrent Preclean
[2026-03-25T21:45:26.145+0900][19.087s][info][gc,marking  ] GC(499) Concurrent Preclean 0.033ms
[2026-03-25T21:45:26.145+0900][19.087s][info][gc,start    ] GC(499) Pause Remark
[2026-03-25T21:45:26.145+0900][19.087s][info][gc          ] GC(499) Pause Remark 414M->414M(512M) 0.317ms
[2026-03-25T21:45:26.145+0900][19.087s][info][gc,cpu      ] GC(499) User=0.00s Sys=0.00s Real=0.00s
[2026-03-25T21:45:26.145+0900][19.088s][info][gc,marking  ] GC(499) Concurrent Mark 2.142ms
[2026-03-25T21:45:26.145+0900][19.088s][info][gc,marking  ] GC(499) Concurrent Rebuild Remembered Sets
[2026-03-25T21:45:26.146+0900][19.088s][info][gc,marking  ] GC(499) Concurrent Rebuild Remembered Sets 0.872ms
[2026-03-25T21:45:26.146+0900][19.088s][info][gc,start    ] GC(499) Pause Cleanup
[2026-03-25T21:45:26.146+0900][19.089s][info][gc          ] GC(499) Pause Cleanup 414M->414M(512M) 0.119ms
[2026-03-25T21:45:26.146+0900][19.089s][info][gc,cpu      ] GC(499) User=0.00s Sys=0.00s Real=0.00s
[2026-03-25T21:45:26.146+0900][19.089s][info][gc,marking  ] GC(499) Concurrent Cleanup for Next Mark
[2026-03-25T21:45:26.147+0900][19.089s][info][gc,marking  ] GC(499) Concurrent Cleanup for Next Mark 0.456ms
[2026-03-25T21:45:26.147+0900][19.089s][info][gc          ] GC(499) Concurrent Mark Cycle 3.953ms
[2026-03-25T21:45:26.196+0900][19.138s][info][gc,start    ] GC(500) Pause Young (Concurrent Start) (G1 Humongous Allocation)
[2026-03-25T21:45:26.196+0900][19.138s][info][gc,task     ] GC(500) Using 8 workers of 8 for evacuation
[2026-03-25T21:45:26.196+0900][19.139s][info][gc,phases   ] GC(500)   Pre Evacuate Collection Set: 0.1ms
[2026-03-25T21:45:26.197+0900][19.139s][info][gc,phases   ] GC(500)   Merge Heap Roots: 0.1ms
[2026-03-25T21:45:26.197+0900][19.139s][info][gc,phases   ] GC(500)   Evacuate Collection Set: 0.2ms
[2026-03-25T21:45:26.197+0900][19.139s][info][gc,phases   ] GC(500)   Post Evacuate Collection Set: 0.1ms
[2026-03-25T21:45:26.197+0900][19.139s][info][gc,phases   ] GC(500)   Other: 0.2ms
[2026-03-25T21:45:26.197+0900][19.139s][info][gc,heap     ] GC(500) Eden regions: 1->0(42)
[2026-03-25T21:45:26.197+0900][19.139s][info][gc,heap     ] GC(500) Survivor regions: 1->1(6)
[2026-03-25T21:45:26.197+0900][19.139s][info][gc,heap     ] GC(500) Old regions: 1->1
[2026-03-25T21:45:26.197+0900][19.139s][info][gc,heap     ] GC(500) Archive regions: 2->2
[2026-03-25T21:45:26.197+0900][19.139s][info][gc,heap     ] GC(500) Humongous regions: 413->413
[2026-03-25T21:45:26.197+0900][19.139s][info][gc,metaspace] GC(500) Metaspace: 181K(384K)->181K(384K) NonClass: 173K(256K)->173K(256K) Class: 7K(128K)->7K(128K)
[2026-03-25T21:45:26.197+0900][19.139s][info][gc          ] GC(500) Pause Young (Concurrent Start) (G1 Humongous Allocation) 414M->414M(512M) 0.995ms
[2026-03-25T21:45:26.197+0900][19.139s][info][gc,cpu      ] GC(500) User=0.00s Sys=0.00s Real=0.00s
[2026-03-25T21:45:26.197+0900][19.139s][info][gc          ] GC(501) Concurrent Mark Cycle
[2026-03-25T21:45:26.197+0900][19.139s][info][gc,marking  ] GC(501) Concurrent Clear Claimed Marks
[2026-03-25T21:45:26.197+0900][19.139s][info][gc,marking  ] GC(501) Concurrent Clear Claimed Marks 0.012ms
[2026-03-25T21:45:26.197+0900][19.139s][info][gc,marking  ] GC(501) Concurrent Scan Root Regions
[2026-03-25T21:45:26.197+0900][19.139s][info][gc,marking  ] GC(501) Concurrent Scan Root Regions 0.048ms
[2026-03-25T21:45:26.197+0900][19.139s][info][gc,marking  ] GC(501) Concurrent Mark
[2026-03-25T21:45:26.197+0900][19.139s][info][gc,marking  ] GC(501) Concurrent Mark From Roots
[2026-03-25T21:45:26.197+0900][19.139s][info][gc,task     ] GC(501) Using 2 workers of 2 for marking
[2026-03-25T21:45:26.199+0900][19.141s][info][gc,marking  ] GC(501) Concurrent Mark From Roots 1.781ms
[2026-03-25T21:45:26.199+0900][19.141s][info][gc,marking  ] GC(501) Concurrent Preclean
[2026-03-25T21:45:26.199+0900][19.141s][info][gc,marking  ] GC(501) Concurrent Preclean 0.037ms
[2026-03-25T21:45:26.199+0900][19.141s][info][gc,start    ] GC(501) Pause Remark
[2026-03-25T21:45:26.199+0900][19.141s][info][gc          ] GC(501) Pause Remark 415M->415M(512M) 0.311ms
[2026-03-25T21:45:26.199+0900][19.141s][info][gc,cpu      ] GC(501) User=0.00s Sys=0.00s Real=0.00s
[2026-03-25T21:45:26.199+0900][19.141s][info][gc,marking  ] GC(501) Concurrent Mark 2.313ms
[2026-03-25T21:45:26.199+0900][19.141s][info][gc,marking  ] GC(501) Concurrent Rebuild Remembered Sets
[2026-03-25T21:45:26.200+0900][19.142s][info][gc,marking  ] GC(501) Concurrent Rebuild Remembered Sets 0.627ms
[2026-03-25T21:45:26.200+0900][19.142s][info][gc,start    ] GC(501) Pause Cleanup
[2026-03-25T21:45:26.200+0900][19.142s][info][gc          ] GC(501) Pause Cleanup 415M->415M(512M) 0.080ms
[2026-03-25T21:45:26.200+0900][19.142s][info][gc,cpu      ] GC(501) User=0.00s Sys=0.00s Real=0.00s
[2026-03-25T21:45:26.200+0900][19.142s][info][gc,marking  ] GC(501) Concurrent Cleanup for Next Mark
[2026-03-25T21:45:26.200+0900][19.143s][info][gc,marking  ] GC(501) Concurrent Cleanup for Next Mark 0.389ms
[2026-03-25T21:45:26.200+0900][19.143s][info][gc          ] GC(501) Concurrent Mark Cycle 3.694ms
[2026-03-25T21:45:26.251+0900][19.193s][info][gc,start    ] GC(502) Pause Young (Concurrent Start) (G1 Humongous Allocation)
[2026-03-25T21:45:26.251+0900][19.193s][info][gc,task     ] GC(502) Using 8 workers of 8 for evacuation
[2026-03-25T21:45:26.252+0900][19.194s][info][gc,phases   ] GC(502)   Pre Evacuate Collection Set: 0.2ms
[2026-03-25T21:45:26.252+0900][19.195s][info][gc,phases   ] GC(502)   Merge Heap Roots: 0.2ms
[2026-03-25T21:45:26.252+0900][19.195s][info][gc,phases   ] GC(502)   Evacuate Collection Set: 0.3ms
[2026-03-25T21:45:26.252+0900][19.195s][info][gc,phases   ] GC(502)   Post Evacuate Collection Set: 0.2ms
[2026-03-25T21:45:26.252+0900][19.195s][info][gc,phases   ] GC(502)   Other: 0.3ms
[2026-03-25T21:45:26.252+0900][19.195s][info][gc,heap     ] GC(502) Eden regions: 1->0(41)
[2026-03-25T21:45:26.252+0900][19.195s][info][gc,heap     ] GC(502) Survivor regions: 1->1(6)
[2026-03-25T21:45:26.252+0900][19.195s][info][gc,heap     ] GC(502) Old regions: 1->1
[2026-03-25T21:45:26.252+0900][19.195s][info][gc,heap     ] GC(502) Archive regions: 2->2
[2026-03-25T21:45:26.253+0900][19.195s][info][gc,heap     ] GC(502) Humongous regions: 414->414
[2026-03-25T21:45:26.253+0900][19.195s][info][gc,metaspace] GC(502) Metaspace: 181K(384K)->181K(384K) NonClass: 173K(256K)->173K(256K) Class: 7K(128K)->7K(128K)
[2026-03-25T21:45:26.253+0900][19.195s][info][gc          ] GC(502) Pause Young (Concurrent Start) (G1 Humongous Allocation) 415M->415M(512M) 1.625ms
[2026-03-25T21:45:26.253+0900][19.195s][info][gc,cpu      ] GC(502) User=0.00s Sys=0.00s Real=0.00s
[2026-03-25T21:45:26.253+0900][19.195s][info][gc          ] GC(503) Concurrent Mark Cycle
[2026-03-25T21:45:26.253+0900][19.195s][info][gc,marking  ] GC(503) Concurrent Clear Claimed Marks
[2026-03-25T21:45:26.253+0900][19.195s][info][gc,marking  ] GC(503) Concurrent Clear Claimed Marks 0.028ms
[2026-03-25T21:45:26.253+0900][19.195s][info][gc,marking  ] GC(503) Concurrent Scan Root Regions
[2026-03-25T21:45:26.253+0900][19.195s][info][gc,marking  ] GC(503) Concurrent Scan Root Regions 0.084ms
[2026-03-25T21:45:26.253+0900][19.195s][info][gc,marking  ] GC(503) Concurrent Mark
[2026-03-25T21:45:26.253+0900][19.195s][info][gc,marking  ] GC(503) Concurrent Mark From Roots
[2026-03-25T21:45:26.253+0900][19.195s][info][gc,task     ] GC(503) Using 2 workers of 2 for marking
[2026-03-25T21:45:26.256+0900][19.198s][info][gc,marking  ] GC(503) Concurrent Mark From Roots 2.854ms
[2026-03-25T21:45:26.256+0900][19.198s][info][gc,marking  ] GC(503) Concurrent Preclean
[2026-03-25T21:45:26.256+0900][19.198s][info][gc,marking  ] GC(503) Concurrent Preclean 0.052ms
[2026-03-25T21:45:26.256+0900][19.198s][info][gc,start    ] GC(503) Pause Remark
[2026-03-25T21:45:26.256+0900][19.199s][info][gc          ] GC(503) Pause Remark 416M->416M(512M) 0.347ms
[2026-03-25T21:45:26.256+0900][19.199s][info][gc,cpu      ] GC(503) User=0.00s Sys=0.00s Real=0.00s
[2026-03-25T21:45:26.256+0900][19.199s][info][gc,marking  ] GC(503) Concurrent Mark 3.413ms
[2026-03-25T21:45:26.256+0900][19.199s][info][gc,marking  ] GC(503) Concurrent Rebuild Remembered Sets
[2026-03-25T21:45:26.257+0900][19.199s][info][gc,marking  ] GC(503) Concurrent Rebuild Remembered Sets 0.754ms
[2026-03-25T21:45:26.257+0900][19.199s][info][gc,start    ] GC(503) Pause Cleanup
[2026-03-25T21:45:26.257+0900][19.199s][info][gc          ] GC(503) Pause Cleanup 416M->416M(512M) 0.091ms
[2026-03-25T21:45:26.257+0900][19.200s][info][gc,cpu      ] GC(503) User=0.00s Sys=0.00s Real=0.00s
[2026-03-25T21:45:26.257+0900][19.200s][info][gc,marking  ] GC(503) Concurrent Cleanup for Next Mark
[2026-03-25T21:45:26.258+0900][19.200s][info][gc,marking  ] GC(503) Concurrent Cleanup for Next Mark 0.402ms
[2026-03-25T21:45:26.258+0900][19.200s][info][gc          ] GC(503) Concurrent Mark Cycle 5.094ms
[2026-03-25T21:45:26.305+0900][19.247s][info][gc,start    ] GC(504) Pause Young (Concurrent Start) (G1 Humongous Allocation)
[2026-03-25T21:45:26.305+0900][19.247s][info][gc,task     ] GC(504) Using 8 workers of 8 for evacuation
[2026-03-25T21:45:26.306+0900][19.248s][info][gc,phases   ] GC(504)   Pre Evacuate Collection Set: 0.1ms
[2026-03-25T21:45:26.306+0900][19.248s][info][gc,phases   ] GC(504)   Merge Heap Roots: 0.1ms
[2026-03-25T21:45:26.306+0900][19.248s][info][gc,phases   ] GC(504)   Evacuate Collection Set: 0.2ms
[2026-03-25T21:45:26.306+0900][19.248s][info][gc,phases   ] GC(504)   Post Evacuate Collection Set: 0.1ms
[2026-03-25T21:45:26.306+0900][19.248s][info][gc,phases   ] GC(504)   Other: 0.2ms
[2026-03-25T21:45:26.306+0900][19.248s][info][gc,heap     ] GC(504) Eden regions: 1->0(40)
[2026-03-25T21:45:26.306+0900][19.248s][info][gc,heap     ] GC(504) Survivor regions: 1->1(6)
[2026-03-25T21:45:26.306+0900][19.248s][info][gc,heap     ] GC(504) Old regions: 1->1
[2026-03-25T21:45:26.306+0900][19.248s][info][gc,heap     ] GC(504) Archive regions: 2->2
[2026-03-25T21:45:26.306+0900][19.248s][info][gc,heap     ] GC(504) Humongous regions: 415->415
[2026-03-25T21:45:26.306+0900][19.248s][info][gc,metaspace] GC(504) Metaspace: 181K(384K)->181K(384K) NonClass: 173K(256K)->173K(256K) Class: 7K(128K)->7K(128K)
[2026-03-25T21:45:26.306+0900][19.248s][info][gc          ] GC(504) Pause Young (Concurrent Start) (G1 Humongous Allocation) 416M->416M(512M) 0.836ms
[2026-03-25T21:45:26.306+0900][19.248s][info][gc,cpu      ] GC(504) User=0.00s Sys=0.00s Real=0.00s
[2026-03-25T21:45:26.306+0900][19.248s][info][gc          ] GC(505) Concurrent Mark Cycle
[2026-03-25T21:45:26.306+0900][19.248s][info][gc,marking  ] GC(505) Concurrent Clear Claimed Marks
[2026-03-25T21:45:26.306+0900][19.248s][info][gc,marking  ] GC(505) Concurrent Clear Claimed Marks 0.015ms
[2026-03-25T21:45:26.306+0900][19.248s][info][gc,marking  ] GC(505) Concurrent Scan Root Regions
[2026-03-25T21:45:26.306+0900][19.248s][info][gc,marking  ] GC(505) Concurrent Scan Root Regions 0.045ms
[2026-03-25T21:45:26.306+0900][19.248s][info][gc,marking  ] GC(505) Concurrent Mark
[2026-03-25T21:45:26.306+0900][19.248s][info][gc,marking  ] GC(505) Concurrent Mark From Roots
[2026-03-25T21:45:26.306+0900][19.248s][info][gc,task     ] GC(505) Using 2 workers of 2 for marking
[2026-03-25T21:45:26.308+0900][19.250s][info][gc,marking  ] GC(505) Concurrent Mark From Roots 1.908ms
[2026-03-25T21:45:26.308+0900][19.250s][info][gc,marking  ] GC(505) Concurrent Preclean
[2026-03-25T21:45:26.308+0900][19.250s][info][gc,marking  ] GC(505) Concurrent Preclean 0.055ms
[2026-03-25T21:45:26.308+0900][19.250s][info][gc,start    ] GC(505) Pause Remark
[2026-03-25T21:45:26.308+0900][19.251s][info][gc          ] GC(505) Pause Remark 417M->417M(512M) 0.492ms
[2026-03-25T21:45:26.309+0900][19.251s][info][gc,cpu      ] GC(505) User=0.00s Sys=0.00s Real=0.00s
[2026-03-25T21:45:26.309+0900][19.251s][info][gc,marking  ] GC(505) Concurrent Mark 2.637ms
[2026-03-25T21:45:26.309+0900][19.251s][info][gc,marking  ] GC(505) Concurrent Rebuild Remembered Sets
[2026-03-25T21:45:26.310+0900][19.252s][info][gc,marking  ] GC(505) Concurrent Rebuild Remembered Sets 0.980ms
[2026-03-25T21:45:26.310+0900][19.252s][info][gc,start    ] GC(505) Pause Cleanup
[2026-03-25T21:45:26.310+0900][19.252s][info][gc          ] GC(505) Pause Cleanup 417M->417M(512M) 0.092ms
[2026-03-25T21:45:26.310+0900][19.252s][info][gc,cpu      ] GC(505) User=0.00s Sys=0.00s Real=0.00s
[2026-03-25T21:45:26.310+0900][19.252s][info][gc,marking  ] GC(505) Concurrent Cleanup for Next Mark
[2026-03-25T21:45:26.310+0900][19.252s][info][gc,marking  ] GC(505) Concurrent Cleanup for Next Mark 0.421ms
[2026-03-25T21:45:26.310+0900][19.253s][info][gc          ] GC(505) Concurrent Mark Cycle 4.497ms
[2026-03-25T21:45:26.361+0900][19.303s][info][gc,start    ] GC(506) Pause Young (Concurrent Start) (G1 Humongous Allocation)
[2026-03-25T21:45:26.361+0900][19.304s][info][gc,task     ] GC(506) Using 8 workers of 8 for evacuation
[2026-03-25T21:45:26.362+0900][19.305s][info][gc,phases   ] GC(506)   Pre Evacuate Collection Set: 0.2ms
[2026-03-25T21:45:26.362+0900][19.305s][info][gc,phases   ] GC(506)   Merge Heap Roots: 0.2ms
[2026-03-25T21:45:26.362+0900][19.305s][info][gc,phases   ] GC(506)   Evacuate Collection Set: 0.3ms
[2026-03-25T21:45:26.362+0900][19.305s][info][gc,phases   ] GC(506)   Post Evacuate Collection Set: 0.2ms
[2026-03-25T21:45:26.362+0900][19.305s][info][gc,phases   ] GC(506)   Other: 0.3ms
[2026-03-25T21:45:26.362+0900][19.305s][info][gc,heap     ] GC(506) Eden regions: 1->0(39)
[2026-03-25T21:45:26.362+0900][19.305s][info][gc,heap     ] GC(506) Survivor regions: 1->1(6)
[2026-03-25T21:45:26.362+0900][19.305s][info][gc,heap     ] GC(506) Old regions: 1->1
[2026-03-25T21:45:26.363+0900][19.305s][info][gc,heap     ] GC(506) Archive regions: 2->2
[2026-03-25T21:45:26.363+0900][19.305s][info][gc,heap     ] GC(506) Humongous regions: 416->416
[2026-03-25T21:45:26.363+0900][19.305s][info][gc,metaspace] GC(506) Metaspace: 181K(384K)->181K(384K) NonClass: 173K(256K)->173K(256K) Class: 7K(128K)->7K(128K)
[2026-03-25T21:45:26.363+0900][19.305s][info][gc          ] GC(506) Pause Young (Concurrent Start) (G1 Humongous Allocation) 417M->417M(512M) 1.536ms
[2026-03-25T21:45:26.363+0900][19.305s][info][gc,cpu      ] GC(506) User=0.00s Sys=0.01s Real=0.00s
[2026-03-25T21:45:26.363+0900][19.305s][info][gc          ] GC(507) Concurrent Mark Cycle
[2026-03-25T21:45:26.363+0900][19.305s][info][gc,marking  ] GC(507) Concurrent Clear Claimed Marks
[2026-03-25T21:45:26.363+0900][19.305s][info][gc,marking  ] GC(507) Concurrent Clear Claimed Marks 0.027ms
[2026-03-25T21:45:26.363+0900][19.305s][info][gc,marking  ] GC(507) Concurrent Scan Root Regions
[2026-03-25T21:45:26.363+0900][19.305s][info][gc,marking  ] GC(507) Concurrent Scan Root Regions 0.095ms
[2026-03-25T21:45:26.363+0900][19.305s][info][gc,marking  ] GC(507) Concurrent Mark
[2026-03-25T21:45:26.363+0900][19.305s][info][gc,marking  ] GC(507) Concurrent Mark From Roots
[2026-03-25T21:45:26.363+0900][19.305s][info][gc,task     ] GC(507) Using 2 workers of 2 for marking
[2026-03-25T21:45:26.365+0900][19.308s][info][gc,marking  ] GC(507) Concurrent Mark From Roots 2.446ms
[2026-03-25T21:45:26.366+0900][19.308s][info][gc,marking  ] GC(507) Concurrent Preclean
[2026-03-25T21:45:26.366+0900][19.308s][info][gc,marking  ] GC(507) Concurrent Preclean 0.039ms
[2026-03-25T21:45:26.366+0900][19.308s][info][gc,start    ] GC(507) Pause Remark
[2026-03-25T21:45:26.366+0900][19.308s][info][gc          ] GC(507) Pause Remark 418M->418M(512M) 0.324ms
[2026-03-25T21:45:26.366+0900][19.308s][info][gc,cpu      ] GC(507) User=0.00s Sys=0.00s Real=0.00s
[2026-03-25T21:45:26.366+0900][19.308s][info][gc,marking  ] GC(507) Concurrent Mark 3.011ms
[2026-03-25T21:45:26.366+0900][19.308s][info][gc,marking  ] GC(507) Concurrent Rebuild Remembered Sets
[2026-03-25T21:45:26.367+0900][19.309s][info][gc,marking  ] GC(507) Concurrent Rebuild Remembered Sets 0.647ms
[2026-03-25T21:45:26.367+0900][19.309s][info][gc,start    ] GC(507) Pause Cleanup
[2026-03-25T21:45:26.367+0900][19.309s][info][gc          ] GC(507) Pause Cleanup 418M->418M(512M) 0.085ms
[2026-03-25T21:45:26.367+0900][19.309s][info][gc,cpu      ] GC(507) User=0.00s Sys=0.00s Real=0.00s
[2026-03-25T21:45:26.367+0900][19.309s][info][gc,marking  ] GC(507) Concurrent Cleanup for Next Mark
[2026-03-25T21:45:26.367+0900][19.310s][info][gc,marking  ] GC(507) Concurrent Cleanup for Next Mark 0.453ms
[2026-03-25T21:45:26.367+0900][19.310s][info][gc          ] GC(507) Concurrent Mark Cycle 4.657ms
[2026-03-25T21:45:26.418+0900][19.360s][info][gc,start    ] GC(508) Pause Young (Concurrent Start) (G1 Humongous Allocation)
[2026-03-25T21:45:26.418+0900][19.361s][info][gc,task     ] GC(508) Using 8 workers of 8 for evacuation
[2026-03-25T21:45:26.419+0900][19.362s][info][gc,phases   ] GC(508)   Pre Evacuate Collection Set: 0.2ms
[2026-03-25T21:45:26.419+0900][19.362s][info][gc,phases   ] GC(508)   Merge Heap Roots: 0.2ms
[2026-03-25T21:45:26.419+0900][19.362s][info][gc,phases   ] GC(508)   Evacuate Collection Set: 0.2ms
[2026-03-25T21:45:26.419+0900][19.362s][info][gc,phases   ] GC(508)   Post Evacuate Collection Set: 0.2ms
[2026-03-25T21:45:26.420+0900][19.362s][info][gc,phases   ] GC(508)   Other: 0.3ms
[2026-03-25T21:45:26.420+0900][19.362s][info][gc,heap     ] GC(508) Eden regions: 1->0(38)
[2026-03-25T21:45:26.420+0900][19.362s][info][gc,heap     ] GC(508) Survivor regions: 1->1(5)
[2026-03-25T21:45:26.420+0900][19.362s][info][gc,heap     ] GC(508) Old regions: 1->1
[2026-03-25T21:45:26.420+0900][19.362s][info][gc,heap     ] GC(508) Archive regions: 2->2
[2026-03-25T21:45:26.420+0900][19.362s][info][gc,heap     ] GC(508) Humongous regions: 417->417
[2026-03-25T21:45:26.420+0900][19.362s][info][gc,metaspace] GC(508) Metaspace: 181K(384K)->181K(384K) NonClass: 174K(256K)->174K(256K) Class: 7K(128K)->7K(128K)
[2026-03-25T21:45:26.420+0900][19.362s][info][gc          ] GC(508) Pause Young (Concurrent Start) (G1 Humongous Allocation) 418M->418M(512M) 1.542ms
[2026-03-25T21:45:26.420+0900][19.362s][info][gc,cpu      ] GC(508) User=0.01s Sys=0.00s Real=0.01s
[2026-03-25T21:45:26.420+0900][19.362s][info][gc          ] GC(509) Concurrent Mark Cycle
[2026-03-25T21:45:26.420+0900][19.362s][info][gc,marking  ] GC(509) Concurrent Clear Claimed Marks
[2026-03-25T21:45:26.420+0900][19.362s][info][gc,marking  ] GC(509) Concurrent Clear Claimed Marks 0.027ms
[2026-03-25T21:45:26.420+0900][19.362s][info][gc,marking  ] GC(509) Concurrent Scan Root Regions
[2026-03-25T21:45:26.420+0900][19.362s][info][gc,marking  ] GC(509) Concurrent Scan Root Regions 0.085ms
[2026-03-25T21:45:26.420+0900][19.362s][info][gc,marking  ] GC(509) Concurrent Mark
[2026-03-25T21:45:26.420+0900][19.362s][info][gc,marking  ] GC(509) Concurrent Mark From Roots
[2026-03-25T21:45:26.420+0900][19.362s][info][gc,task     ] GC(509) Using 2 workers of 2 for marking
[2026-03-25T21:45:26.422+0900][19.365s][info][gc,marking  ] GC(509) Concurrent Mark From Roots 2.203ms
[2026-03-25T21:45:26.422+0900][19.365s][info][gc,marking  ] GC(509) Concurrent Preclean
[2026-03-25T21:45:26.422+0900][19.365s][info][gc,marking  ] GC(509) Concurrent Preclean 0.045ms
[2026-03-25T21:45:26.422+0900][19.365s][info][gc,start    ] GC(509) Pause Remark
[2026-03-25T21:45:26.423+0900][19.365s][info][gc          ] GC(509) Pause Remark 421M->421M(512M) 0.373ms
[2026-03-25T21:45:26.423+0900][19.365s][info][gc,cpu      ] GC(509) User=0.00s Sys=0.00s Real=0.00s
[2026-03-25T21:45:26.423+0900][19.365s][info][gc,marking  ] GC(509) Concurrent Mark 2.823ms
[2026-03-25T21:45:26.423+0900][19.365s][info][gc,marking  ] GC(509) Concurrent Rebuild Remembered Sets
[2026-03-25T21:45:26.424+0900][19.366s][info][gc,marking  ] GC(509) Concurrent Rebuild Remembered Sets 0.768ms
[2026-03-25T21:45:26.424+0900][19.366s][info][gc,start    ] GC(509) Pause Cleanup
[2026-03-25T21:45:26.424+0900][19.366s][info][gc          ] GC(509) Pause Cleanup 421M->421M(512M) 0.091ms
[2026-03-25T21:45:26.424+0900][19.366s][info][gc,cpu      ] GC(509) User=0.00s Sys=0.00s Real=0.00s
[2026-03-25T21:45:26.424+0900][19.366s][info][gc,marking  ] GC(509) Concurrent Cleanup for Next Mark
[2026-03-25T21:45:26.424+0900][19.367s][info][gc,marking  ] GC(509) Concurrent Cleanup for Next Mark 0.411ms
[2026-03-25T21:45:26.424+0900][19.367s][info][gc          ] GC(509) Concurrent Mark Cycle 4.502ms
[2026-03-25T21:45:26.475+0900][19.417s][info][gc,start    ] GC(510) Pause Young (Concurrent Start) (G1 Humongous Allocation)
[2026-03-25T21:45:26.475+0900][19.417s][info][gc,task     ] GC(510) Using 8 workers of 8 for evacuation
[2026-03-25T21:45:26.476+0900][19.418s][info][gc,phases   ] GC(510)   Pre Evacuate Collection Set: 0.2ms
[2026-03-25T21:45:26.476+0900][19.418s][info][gc,phases   ] GC(510)   Merge Heap Roots: 0.1ms
[2026-03-25T21:45:26.476+0900][19.418s][info][gc,phases   ] GC(510)   Evacuate Collection Set: 0.2ms
[2026-03-25T21:45:26.476+0900][19.418s][info][gc,phases   ] GC(510)   Post Evacuate Collection Set: 0.1ms
[2026-03-25T21:45:26.476+0900][19.418s][info][gc,phases   ] GC(510)   Other: 0.2ms
[2026-03-25T21:45:26.476+0900][19.418s][info][gc,heap     ] GC(510) Eden regions: 1->0(35)
[2026-03-25T21:45:26.476+0900][19.418s][info][gc,heap     ] GC(510) Survivor regions: 1->1(5)
[2026-03-25T21:45:26.476+0900][19.418s][info][gc,heap     ] GC(510) Old regions: 1->1
[2026-03-25T21:45:26.476+0900][19.418s][info][gc,heap     ] GC(510) Archive regions: 2->2
[2026-03-25T21:45:26.476+0900][19.418s][info][gc,heap     ] GC(510) Humongous regions: 420->420
[2026-03-25T21:45:26.476+0900][19.418s][info][gc,metaspace] GC(510) Metaspace: 184K(384K)->184K(384K) NonClass: 176K(256K)->176K(256K) Class: 7K(128K)->7K(128K)
[2026-03-25T21:45:26.476+0900][19.418s][info][gc          ] GC(510) Pause Young (Concurrent Start) (G1 Humongous Allocation) 421M->421M(512M) 0.924ms
[2026-03-25T21:45:26.476+0900][19.418s][info][gc,cpu      ] GC(510) User=0.00s Sys=0.00s Real=0.00s
[2026-03-25T21:45:26.476+0900][19.418s][info][gc          ] GC(511) Concurrent Mark Cycle
[2026-03-25T21:45:26.476+0900][19.418s][info][gc,marking  ] GC(511) Concurrent Clear Claimed Marks
[2026-03-25T21:45:26.476+0900][19.418s][info][gc,marking  ] GC(511) Concurrent Clear Claimed Marks 0.033ms
[2026-03-25T21:45:26.476+0900][19.419s][info][gc,marking  ] GC(511) Concurrent Scan Root Regions
[2026-03-25T21:45:26.476+0900][19.419s][info][gc,marking  ] GC(511) Concurrent Scan Root Regions 0.185ms
[2026-03-25T21:45:26.476+0900][19.419s][info][gc,marking  ] GC(511) Concurrent Mark
[2026-03-25T21:45:26.476+0900][19.419s][info][gc,marking  ] GC(511) Concurrent Mark From Roots
[2026-03-25T21:45:26.476+0900][19.419s][info][gc,task     ] GC(511) Using 2 workers of 2 for marking
[2026-03-25T21:45:26.480+0900][19.422s][info][gc,marking  ] GC(511) Concurrent Mark From Roots 3.415ms
[2026-03-25T21:45:26.480+0900][19.422s][info][gc,marking  ] GC(511) Concurrent Preclean
[2026-03-25T21:45:26.480+0900][19.422s][info][gc,marking  ] GC(511) Concurrent Preclean 0.040ms
[2026-03-25T21:45:26.480+0900][19.422s][info][gc,start    ] GC(511) Pause Remark
[2026-03-25T21:45:26.481+0900][19.423s][info][gc          ] GC(511) Pause Remark 422M->422M(512M) 0.646ms
[2026-03-25T21:45:26.481+0900][19.423s][info][gc,cpu      ] GC(511) User=0.00s Sys=0.00s Real=0.00s
[2026-03-25T21:45:26.481+0900][19.423s][info][gc,marking  ] GC(511) Concurrent Mark 4.386ms
[2026-03-25T21:45:26.481+0900][19.423s][info][gc,marking  ] GC(511) Concurrent Rebuild Remembered Sets
[2026-03-25T21:45:26.481+0900][19.424s][info][gc,marking  ] GC(511) Concurrent Rebuild Remembered Sets 0.651ms
[2026-03-25T21:45:26.482+0900][19.424s][info][gc,start    ] GC(511) Pause Cleanup
[2026-03-25T21:45:26.482+0900][19.424s][info][gc          ] GC(511) Pause Cleanup 422M->422M(512M) 0.091ms
[2026-03-25T21:45:26.482+0900][19.424s][info][gc,cpu      ] GC(511) User=0.00s Sys=0.00s Real=0.00s
[2026-03-25T21:45:26.482+0900][19.424s][info][gc,marking  ] GC(511) Concurrent Cleanup for Next Mark
[2026-03-25T21:45:26.482+0900][19.424s][info][gc,marking  ] GC(511) Concurrent Cleanup for Next Mark 0.360ms
[2026-03-25T21:45:26.482+0900][19.424s][info][gc          ] GC(511) Concurrent Mark Cycle 6.058ms
[2026-03-25T21:45:26.531+0900][19.474s][info][gc,start    ] GC(512) Pause Young (Concurrent Start) (G1 Humongous Allocation)
[2026-03-25T21:45:26.532+0900][19.474s][info][gc,task     ] GC(512) Using 8 workers of 8 for evacuation
[2026-03-25T21:45:26.532+0900][19.474s][info][gc,phases   ] GC(512)   Pre Evacuate Collection Set: 0.1ms
[2026-03-25T21:45:26.532+0900][19.474s][info][gc,phases   ] GC(512)   Merge Heap Roots: 0.1ms
[2026-03-25T21:45:26.532+0900][19.474s][info][gc,phases   ] GC(512)   Evacuate Collection Set: 0.2ms
[2026-03-25T21:45:26.532+0900][19.474s][info][gc,phases   ] GC(512)   Post Evacuate Collection Set: 0.1ms
[2026-03-25T21:45:26.532+0900][19.475s][info][gc,phases   ] GC(512)   Other: 0.2ms
[2026-03-25T21:45:26.532+0900][19.475s][info][gc,heap     ] GC(512) Eden regions: 1->0(34)
[2026-03-25T21:45:26.532+0900][19.475s][info][gc,heap     ] GC(512) Survivor regions: 1->1(5)
[2026-03-25T21:45:26.532+0900][19.475s][info][gc,heap     ] GC(512) Old regions: 1->1
[2026-03-25T21:45:26.532+0900][19.475s][info][gc,heap     ] GC(512) Archive regions: 2->2
[2026-03-25T21:45:26.532+0900][19.475s][info][gc,heap     ] GC(512) Humongous regions: 421->421
[2026-03-25T21:45:26.532+0900][19.475s][info][gc,metaspace] GC(512) Metaspace: 184K(384K)->184K(384K) NonClass: 176K(256K)->176K(256K) Class: 7K(128K)->7K(128K)
[2026-03-25T21:45:26.532+0900][19.475s][info][gc          ] GC(512) Pause Young (Concurrent Start) (G1 Humongous Allocation) 422M->422M(512M) 0.902ms
[2026-03-25T21:45:26.532+0900][19.475s][info][gc,cpu      ] GC(512) User=0.00s Sys=0.00s Real=0.00s
[2026-03-25T21:45:26.532+0900][19.475s][info][gc          ] GC(513) Concurrent Mark Cycle
[2026-03-25T21:45:26.532+0900][19.475s][info][gc,marking  ] GC(513) Concurrent Clear Claimed Marks
[2026-03-25T21:45:26.532+0900][19.475s][info][gc,marking  ] GC(513) Concurrent Clear Claimed Marks 0.012ms
[2026-03-25T21:45:26.532+0900][19.475s][info][gc,marking  ] GC(513) Concurrent Scan Root Regions
[2026-03-25T21:45:26.533+0900][19.475s][info][gc,marking  ] GC(513) Concurrent Scan Root Regions 0.066ms
[2026-03-25T21:45:26.533+0900][19.475s][info][gc,marking  ] GC(513) Concurrent Mark
[2026-03-25T21:45:26.533+0900][19.475s][info][gc,marking  ] GC(513) Concurrent Mark From Roots
[2026-03-25T21:45:26.533+0900][19.475s][info][gc,task     ] GC(513) Using 2 workers of 2 for marking
[2026-03-25T21:45:26.535+0900][19.478s][info][gc,marking  ] GC(513) Concurrent Mark From Roots 2.904ms
[2026-03-25T21:45:26.536+0900][19.478s][info][gc,marking  ] GC(513) Concurrent Preclean
[2026-03-25T21:45:26.536+0900][19.478s][info][gc,marking  ] GC(513) Concurrent Preclean 0.037ms
[2026-03-25T21:45:26.536+0900][19.478s][info][gc,start    ] GC(513) Pause Remark
[2026-03-25T21:45:26.536+0900][19.478s][info][gc          ] GC(513) Pause Remark 423M->423M(512M) 0.407ms
[2026-03-25T21:45:26.536+0900][19.478s][info][gc,cpu      ] GC(513) User=0.00s Sys=0.00s Real=0.00s
[2026-03-25T21:45:26.536+0900][19.478s][info][gc,marking  ] GC(513) Concurrent Mark 3.593ms
[2026-03-25T21:45:26.536+0900][19.478s][info][gc,marking  ] GC(513) Concurrent Rebuild Remembered Sets
[2026-03-25T21:45:26.537+0900][19.479s][info][gc,marking  ] GC(513) Concurrent Rebuild Remembered Sets 0.708ms
[2026-03-25T21:45:26.537+0900][19.479s][info][gc,start    ] GC(513) Pause Cleanup
[2026-03-25T21:45:26.537+0900][19.479s][info][gc          ] GC(513) Pause Cleanup 423M->423M(512M) 0.090ms
[2026-03-25T21:45:26.537+0900][19.479s][info][gc,cpu      ] GC(513) User=0.00s Sys=0.00s Real=0.00s
[2026-03-25T21:45:26.537+0900][19.479s][info][gc,marking  ] GC(513) Concurrent Cleanup for Next Mark
[2026-03-25T21:45:26.538+0900][19.480s][info][gc,marking  ] GC(513) Concurrent Cleanup for Next Mark 0.429ms
[2026-03-25T21:45:26.538+0900][19.480s][info][gc          ] GC(513) Concurrent Mark Cycle 5.202ms
[2026-03-25T21:45:26.588+0900][19.530s][info][gc,start    ] GC(514) Pause Young (Concurrent Start) (G1 Humongous Allocation)
[2026-03-25T21:45:26.588+0900][19.530s][info][gc,task     ] GC(514) Using 8 workers of 8 for evacuation
[2026-03-25T21:45:26.588+0900][19.531s][info][gc,phases   ] GC(514)   Pre Evacuate Collection Set: 0.1ms
[2026-03-25T21:45:26.588+0900][19.531s][info][gc,phases   ] GC(514)   Merge Heap Roots: 0.1ms
[2026-03-25T21:45:26.588+0900][19.531s][info][gc,phases   ] GC(514)   Evacuate Collection Set: 0.2ms
[2026-03-25T21:45:26.588+0900][19.531s][info][gc,phases   ] GC(514)   Post Evacuate Collection Set: 0.1ms
[2026-03-25T21:45:26.588+0900][19.531s][info][gc,phases   ] GC(514)   Other: 0.2ms
[2026-03-25T21:45:26.588+0900][19.531s][info][gc,heap     ] GC(514) Eden regions: 1->0(33)
[2026-03-25T21:45:26.588+0900][19.531s][info][gc,heap     ] GC(514) Survivor regions: 1->1(5)
[2026-03-25T21:45:26.588+0900][19.531s][info][gc,heap     ] GC(514) Old regions: 1->1
[2026-03-25T21:45:26.588+0900][19.531s][info][gc,heap     ] GC(514) Archive regions: 2->2
[2026-03-25T21:45:26.588+0900][19.531s][info][gc,heap     ] GC(514) Humongous regions: 422->422
[2026-03-25T21:45:26.588+0900][19.531s][info][gc,metaspace] GC(514) Metaspace: 184K(384K)->184K(384K) NonClass: 176K(256K)->176K(256K) Class: 7K(128K)->7K(128K)
[2026-03-25T21:45:26.589+0900][19.531s][info][gc          ] GC(514) Pause Young (Concurrent Start) (G1 Humongous Allocation) 423M->423M(512M) 0.861ms
[2026-03-25T21:45:26.589+0900][19.531s][info][gc,cpu      ] GC(514) User=0.00s Sys=0.00s Real=0.00s
[2026-03-25T21:45:26.589+0900][19.531s][info][gc          ] GC(515) Concurrent Mark Cycle
[2026-03-25T21:45:26.589+0900][19.531s][info][gc,marking  ] GC(515) Concurrent Clear Claimed Marks
[2026-03-25T21:45:26.589+0900][19.531s][info][gc,marking  ] GC(515) Concurrent Clear Claimed Marks 0.013ms
[2026-03-25T21:45:26.589+0900][19.531s][info][gc,marking  ] GC(515) Concurrent Scan Root Regions
[2026-03-25T21:45:26.589+0900][19.531s][info][gc,marking  ] GC(515) Concurrent Scan Root Regions 0.048ms
[2026-03-25T21:45:26.589+0900][19.531s][info][gc,marking  ] GC(515) Concurrent Mark
[2026-03-25T21:45:26.589+0900][19.531s][info][gc,marking  ] GC(515) Concurrent Mark From Roots
[2026-03-25T21:45:26.589+0900][19.531s][info][gc,task     ] GC(515) Using 2 workers of 2 for marking
[2026-03-25T21:45:26.591+0900][19.533s][info][gc,marking  ] GC(515) Concurrent Mark From Roots 1.881ms
[2026-03-25T21:45:26.591+0900][19.533s][info][gc,marking  ] GC(515) Concurrent Preclean
[2026-03-25T21:45:26.591+0900][19.533s][info][gc,marking  ] GC(515) Concurrent Preclean 0.038ms
[2026-03-25T21:45:26.591+0900][19.533s][info][gc,start    ] GC(515) Pause Remark
[2026-03-25T21:45:26.591+0900][19.533s][info][gc          ] GC(515) Pause Remark 424M->424M(512M) 0.394ms
[2026-03-25T21:45:26.591+0900][19.533s][info][gc,cpu      ] GC(515) User=0.00s Sys=0.00s Real=0.00s
[2026-03-25T21:45:26.591+0900][19.534s][info][gc,marking  ] GC(515) Concurrent Mark 2.721ms
[2026-03-25T21:45:26.591+0900][19.534s][info][gc,marking  ] GC(515) Concurrent Rebuild Remembered Sets
[2026-03-25T21:45:26.592+0900][19.534s][info][gc,marking  ] GC(515) Concurrent Rebuild Remembered Sets 0.658ms
[2026-03-25T21:45:26.592+0900][19.534s][info][gc,start    ] GC(515) Pause Cleanup
[2026-03-25T21:45:26.592+0900][19.534s][info][gc          ] GC(515) Pause Cleanup 424M->424M(512M) 0.083ms
[2026-03-25T21:45:26.592+0900][19.535s][info][gc,cpu      ] GC(515) User=0.00s Sys=0.00s Real=0.00s
[2026-03-25T21:45:26.592+0900][19.535s][info][gc,marking  ] GC(515) Concurrent Cleanup for Next Mark
[2026-03-25T21:45:26.593+0900][19.535s][info][gc,marking  ] GC(515) Concurrent Cleanup for Next Mark 0.321ms
[2026-03-25T21:45:26.593+0900][19.535s][info][gc          ] GC(515) Concurrent Mark Cycle 4.121ms
[2026-03-25T21:45:26.641+0900][19.583s][info][gc,start    ] GC(516) Pause Young (Concurrent Start) (G1 Humongous Allocation)
[2026-03-25T21:45:26.641+0900][19.583s][info][gc,task     ] GC(516) Using 8 workers of 8 for evacuation
[2026-03-25T21:45:26.641+0900][19.584s][info][gc,phases   ] GC(516)   Pre Evacuate Collection Set: 0.1ms
[2026-03-25T21:45:26.641+0900][19.584s][info][gc,phases   ] GC(516)   Merge Heap Roots: 0.1ms
[2026-03-25T21:45:26.641+0900][19.584s][info][gc,phases   ] GC(516)   Evacuate Collection Set: 0.2ms
[2026-03-25T21:45:26.641+0900][19.584s][info][gc,phases   ] GC(516)   Post Evacuate Collection Set: 0.1ms
[2026-03-25T21:45:26.641+0900][19.584s][info][gc,phases   ] GC(516)   Other: 0.2ms
[2026-03-25T21:45:26.641+0900][19.584s][info][gc,heap     ] GC(516) Eden regions: 1->0(32)
[2026-03-25T21:45:26.641+0900][19.584s][info][gc,heap     ] GC(516) Survivor regions: 1->1(5)
[2026-03-25T21:45:26.641+0900][19.584s][info][gc,heap     ] GC(516) Old regions: 1->1
[2026-03-25T21:45:26.641+0900][19.584s][info][gc,heap     ] GC(516) Archive regions: 2->2
[2026-03-25T21:45:26.641+0900][19.584s][info][gc,heap     ] GC(516) Humongous regions: 423->423
[2026-03-25T21:45:26.641+0900][19.584s][info][gc,metaspace] GC(516) Metaspace: 184K(384K)->184K(384K) NonClass: 176K(256K)->176K(256K) Class: 7K(128K)->7K(128K)
[2026-03-25T21:45:26.641+0900][19.584s][info][gc          ] GC(516) Pause Young (Concurrent Start) (G1 Humongous Allocation) 424M->424M(512M) 0.927ms
[2026-03-25T21:45:26.641+0900][19.584s][info][gc,cpu      ] GC(516) User=0.00s Sys=0.00s Real=0.00s
[2026-03-25T21:45:26.641+0900][19.584s][info][gc          ] GC(517) Concurrent Mark Cycle
[2026-03-25T21:45:26.642+0900][19.584s][info][gc,marking  ] GC(517) Concurrent Clear Claimed Marks
[2026-03-25T21:45:26.642+0900][19.584s][info][gc,marking  ] GC(517) Concurrent Clear Claimed Marks 0.015ms
[2026-03-25T21:45:26.642+0900][19.584s][info][gc,marking  ] GC(517) Concurrent Scan Root Regions
[2026-03-25T21:45:26.642+0900][19.584s][info][gc,marking  ] GC(517) Concurrent Scan Root Regions 0.048ms
[2026-03-25T21:45:26.642+0900][19.584s][info][gc,marking  ] GC(517) Concurrent Mark
[2026-03-25T21:45:26.642+0900][19.584s][info][gc,marking  ] GC(517) Concurrent Mark From Roots
[2026-03-25T21:45:26.642+0900][19.584s][info][gc,task     ] GC(517) Using 2 workers of 2 for marking
[2026-03-25T21:45:26.644+0900][19.586s][info][gc,marking  ] GC(517) Concurrent Mark From Roots 1.909ms
[2026-03-25T21:45:26.644+0900][19.586s][info][gc,marking  ] GC(517) Concurrent Preclean
[2026-03-25T21:45:26.644+0900][19.586s][info][gc,marking  ] GC(517) Concurrent Preclean 0.039ms
[2026-03-25T21:45:26.644+0900][19.586s][info][gc,start    ] GC(517) Pause Remark
[2026-03-25T21:45:26.644+0900][19.586s][info][gc          ] GC(517) Pause Remark 425M->425M(512M) 0.383ms
[2026-03-25T21:45:26.644+0900][19.586s][info][gc,cpu      ] GC(517) User=0.00s Sys=0.00s Real=0.00s
[2026-03-25T21:45:26.644+0900][19.586s][info][gc,marking  ] GC(517) Concurrent Mark 2.484ms
[2026-03-25T21:45:26.644+0900][19.586s][info][gc,marking  ] GC(517) Concurrent Rebuild Remembered Sets
[2026-03-25T21:45:26.645+0900][19.587s][info][gc,marking  ] GC(517) Concurrent Rebuild Remembered Sets 0.978ms
[2026-03-25T21:45:26.645+0900][19.587s][info][gc,start    ] GC(517) Pause Cleanup
[2026-03-25T21:45:26.645+0900][19.588s][info][gc          ] GC(517) Pause Cleanup 425M->425M(512M) 0.114ms
[2026-03-25T21:45:26.645+0900][19.588s][info][gc,cpu      ] GC(517) User=0.00s Sys=0.00s Real=0.00s
[2026-03-25T21:45:26.645+0900][19.588s][info][gc,marking  ] GC(517) Concurrent Cleanup for Next Mark
[2026-03-25T21:45:26.646+0900][19.588s][info][gc,marking  ] GC(517) Concurrent Cleanup for Next Mark 0.340ms
[2026-03-25T21:45:26.646+0900][19.588s][info][gc          ] GC(517) Concurrent Mark Cycle 4.336ms
[2026-03-25T21:45:26.692+0900][19.634s][info][gc,start    ] GC(518) Pause Young (Concurrent Start) (G1 Humongous Allocation)
[2026-03-25T21:45:26.692+0900][19.634s][info][gc,task     ] GC(518) Using 8 workers of 8 for evacuation
[2026-03-25T21:45:26.693+0900][19.635s][info][gc,phases   ] GC(518)   Pre Evacuate Collection Set: 0.1ms
[2026-03-25T21:45:26.693+0900][19.635s][info][gc,phases   ] GC(518)   Merge Heap Roots: 0.1ms
[2026-03-25T21:45:26.693+0900][19.635s][info][gc,phases   ] GC(518)   Evacuate Collection Set: 0.2ms
[2026-03-25T21:45:26.693+0900][19.635s][info][gc,phases   ] GC(518)   Post Evacuate Collection Set: 0.1ms
[2026-03-25T21:45:26.693+0900][19.635s][info][gc,phases   ] GC(518)   Other: 0.2ms
[2026-03-25T21:45:26.693+0900][19.635s][info][gc,heap     ] GC(518) Eden regions: 1->0(31)
[2026-03-25T21:45:26.693+0900][19.635s][info][gc,heap     ] GC(518) Survivor regions: 1->1(5)
[2026-03-25T21:45:26.693+0900][19.635s][info][gc,heap     ] GC(518) Old regions: 1->1
[2026-03-25T21:45:26.693+0900][19.635s][info][gc,heap     ] GC(518) Archive regions: 2->2
[2026-03-25T21:45:26.693+0900][19.635s][info][gc,heap     ] GC(518) Humongous regions: 424->424
[2026-03-25T21:45:26.693+0900][19.635s][info][gc,metaspace] GC(518) Metaspace: 184K(384K)->184K(384K) NonClass: 176K(256K)->176K(256K) Class: 7K(128K)->7K(128K)
[2026-03-25T21:45:26.693+0900][19.635s][info][gc          ] GC(518) Pause Young (Concurrent Start) (G1 Humongous Allocation) 425M->425M(512M) 0.920ms
[2026-03-25T21:45:26.693+0900][19.635s][info][gc,cpu      ] GC(518) User=0.00s Sys=0.00s Real=0.00s
[2026-03-25T21:45:26.693+0900][19.635s][info][gc          ] GC(519) Concurrent Mark Cycle
[2026-03-25T21:45:26.693+0900][19.635s][info][gc,marking  ] GC(519) Concurrent Clear Claimed Marks
[2026-03-25T21:45:26.693+0900][19.635s][info][gc,marking  ] GC(519) Concurrent Clear Claimed Marks 0.015ms
[2026-03-25T21:45:26.693+0900][19.635s][info][gc,marking  ] GC(519) Concurrent Scan Root Regions
[2026-03-25T21:45:26.693+0900][19.635s][info][gc,marking  ] GC(519) Concurrent Scan Root Regions 0.045ms
[2026-03-25T21:45:26.693+0900][19.635s][info][gc,marking  ] GC(519) Concurrent Mark
[2026-03-25T21:45:26.693+0900][19.635s][info][gc,marking  ] GC(519) Concurrent Mark From Roots
[2026-03-25T21:45:26.693+0900][19.635s][info][gc,task     ] GC(519) Using 2 workers of 2 for marking
[2026-03-25T21:45:26.695+0900][19.637s][info][gc,marking  ] GC(519) Concurrent Mark From Roots 2.015ms
[2026-03-25T21:45:26.695+0900][19.637s][info][gc,marking  ] GC(519) Concurrent Preclean
[2026-03-25T21:45:26.695+0900][19.637s][info][gc,marking  ] GC(519) Concurrent Preclean 0.054ms
[2026-03-25T21:45:26.695+0900][19.637s][info][gc,start    ] GC(519) Pause Remark
[2026-03-25T21:45:26.696+0900][19.638s][info][gc          ] GC(519) Pause Remark 426M->426M(512M) 0.414ms
[2026-03-25T21:45:26.696+0900][19.638s][info][gc,cpu      ] GC(519) User=0.00s Sys=0.00s Real=0.00s
[2026-03-25T21:45:26.696+0900][19.638s][info][gc,marking  ] GC(519) Concurrent Mark 2.651ms
[2026-03-25T21:45:26.696+0900][19.638s][info][gc,marking  ] GC(519) Concurrent Rebuild Remembered Sets
[2026-03-25T21:45:26.697+0900][19.639s][info][gc,marking  ] GC(519) Concurrent Rebuild Remembered Sets 0.868ms
[2026-03-25T21:45:26.697+0900][19.639s][info][gc,start    ] GC(519) Pause Cleanup
[2026-03-25T21:45:26.697+0900][19.639s][info][gc          ] GC(519) Pause Cleanup 426M->426M(512M) 0.090ms
[2026-03-25T21:45:26.697+0900][19.639s][info][gc,cpu      ] GC(519) User=0.00s Sys=0.00s Real=0.00s
[2026-03-25T21:45:26.697+0900][19.639s][info][gc,marking  ] GC(519) Concurrent Cleanup for Next Mark
[2026-03-25T21:45:26.697+0900][19.639s][info][gc,marking  ] GC(519) Concurrent Cleanup for Next Mark 0.395ms
[2026-03-25T21:45:26.697+0900][19.640s][info][gc          ] GC(519) Concurrent Mark Cycle 4.357ms
[2026-03-25T21:45:26.746+0900][19.688s][info][gc,start    ] GC(520) Pause Young (Concurrent Start) (G1 Humongous Allocation)
[2026-03-25T21:45:26.746+0900][19.688s][info][gc,task     ] GC(520) Using 8 workers of 8 for evacuation
[2026-03-25T21:45:26.747+0900][19.689s][info][gc,phases   ] GC(520)   Pre Evacuate Collection Set: 0.1ms
[2026-03-25T21:45:26.747+0900][19.689s][info][gc,phases   ] GC(520)   Merge Heap Roots: 0.2ms
[2026-03-25T21:45:26.747+0900][19.689s][info][gc,phases   ] GC(520)   Evacuate Collection Set: 0.2ms
[2026-03-25T21:45:26.747+0900][19.689s][info][gc,phases   ] GC(520)   Post Evacuate Collection Set: 0.2ms
[2026-03-25T21:45:26.747+0900][19.689s][info][gc,phases   ] GC(520)   Other: 0.3ms
[2026-03-25T21:45:26.747+0900][19.689s][info][gc,heap     ] GC(520) Eden regions: 1->0(30)
[2026-03-25T21:45:26.747+0900][19.689s][info][gc,heap     ] GC(520) Survivor regions: 1->1(4)
[2026-03-25T21:45:26.747+0900][19.689s][info][gc,heap     ] GC(520) Old regions: 1->1
[2026-03-25T21:45:26.747+0900][19.690s][info][gc,heap     ] GC(520) Archive regions: 2->2
[2026-03-25T21:45:26.747+0900][19.690s][info][gc,heap     ] GC(520) Humongous regions: 425->425
[2026-03-25T21:45:26.747+0900][19.690s][info][gc,metaspace] GC(520) Metaspace: 184K(384K)->184K(384K) NonClass: 176K(256K)->176K(256K) Class: 7K(128K)->7K(128K)
[2026-03-25T21:45:26.747+0900][19.690s][info][gc          ] GC(520) Pause Young (Concurrent Start) (G1 Humongous Allocation) 426M->426M(512M) 1.237ms
[2026-03-25T21:45:26.747+0900][19.690s][info][gc,cpu      ] GC(520) User=0.01s Sys=0.00s Real=0.00s
[2026-03-25T21:45:26.747+0900][19.690s][info][gc          ] GC(521) Concurrent Mark Cycle
[2026-03-25T21:45:26.747+0900][19.690s][info][gc,marking  ] GC(521) Concurrent Clear Claimed Marks
[2026-03-25T21:45:26.748+0900][19.690s][info][gc,marking  ] GC(521) Concurrent Clear Claimed Marks 0.053ms
[2026-03-25T21:45:26.748+0900][19.690s][info][gc,marking  ] GC(521) Concurrent Scan Root Regions
[2026-03-25T21:45:26.748+0900][19.690s][info][gc,marking  ] GC(521) Concurrent Scan Root Regions 0.472ms
[2026-03-25T21:45:26.748+0900][19.690s][info][gc,marking  ] GC(521) Concurrent Mark
[2026-03-25T21:45:26.748+0900][19.690s][info][gc,marking  ] GC(521) Concurrent Mark From Roots
[2026-03-25T21:45:26.748+0900][19.690s][info][gc,task     ] GC(521) Using 2 workers of 2 for marking
[2026-03-25T21:45:26.751+0900][19.693s][info][gc,marking  ] GC(521) Concurrent Mark From Roots 2.418ms
[2026-03-25T21:45:26.751+0900][19.693s][info][gc,marking  ] GC(521) Concurrent Preclean
[2026-03-25T21:45:26.751+0900][19.693s][info][gc,marking  ] GC(521) Concurrent Preclean 0.043ms
[2026-03-25T21:45:26.751+0900][19.693s][info][gc,start    ] GC(521) Pause Remark
[2026-03-25T21:45:26.751+0900][19.693s][info][gc          ] GC(521) Pause Remark 427M->427M(512M) 0.416ms
[2026-03-25T21:45:26.751+0900][19.693s][info][gc,cpu      ] GC(521) User=0.00s Sys=0.00s Real=0.00s
[2026-03-25T21:45:26.751+0900][19.693s][info][gc,marking  ] GC(521) Concurrent Mark 3.091ms
[2026-03-25T21:45:26.751+0900][19.693s][info][gc,marking  ] GC(521) Concurrent Rebuild Remembered Sets
[2026-03-25T21:45:26.752+0900][19.694s][info][gc,marking  ] GC(521) Concurrent Rebuild Remembered Sets 0.738ms
[2026-03-25T21:45:26.752+0900][19.694s][info][gc,start    ] GC(521) Pause Cleanup
[2026-03-25T21:45:26.752+0900][19.694s][info][gc          ] GC(521) Pause Cleanup 427M->427M(512M) 0.071ms
[2026-03-25T21:45:26.752+0900][19.694s][info][gc,cpu      ] GC(521) User=0.00s Sys=0.00s Real=0.00s
[2026-03-25T21:45:26.752+0900][19.694s][info][gc,marking  ] GC(521) Concurrent Cleanup for Next Mark
[2026-03-25T21:45:26.753+0900][19.695s][info][gc,marking  ] GC(521) Concurrent Cleanup for Next Mark 0.376ms
[2026-03-25T21:45:26.753+0900][19.695s][info][gc          ] GC(521) Concurrent Mark Cycle 5.215ms
[2026-03-25T21:45:26.801+0900][19.743s][info][gc,start    ] GC(522) Pause Young (Concurrent Start) (G1 Humongous Allocation)
[2026-03-25T21:45:26.801+0900][19.743s][info][gc,task     ] GC(522) Using 8 workers of 8 for evacuation
[2026-03-25T21:45:26.802+0900][19.745s][info][gc,phases   ] GC(522)   Pre Evacuate Collection Set: 0.2ms
[2026-03-25T21:45:26.802+0900][19.745s][info][gc,phases   ] GC(522)   Merge Heap Roots: 0.2ms
[2026-03-25T21:45:26.802+0900][19.745s][info][gc,phases   ] GC(522)   Evacuate Collection Set: 0.5ms
[2026-03-25T21:45:26.802+0900][19.745s][info][gc,phases   ] GC(522)   Post Evacuate Collection Set: 0.2ms
[2026-03-25T21:45:26.802+0900][19.745s][info][gc,phases   ] GC(522)   Other: 0.2ms
[2026-03-25T21:45:26.802+0900][19.745s][info][gc,heap     ] GC(522) Eden regions: 1->0(29)
[2026-03-25T21:45:26.803+0900][19.745s][info][gc,heap     ] GC(522) Survivor regions: 1->1(4)
[2026-03-25T21:45:26.803+0900][19.745s][info][gc,heap     ] GC(522) Old regions: 1->1
[2026-03-25T21:45:26.803+0900][19.745s][info][gc,heap     ] GC(522) Archive regions: 2->2
[2026-03-25T21:45:26.803+0900][19.745s][info][gc,heap     ] GC(522) Humongous regions: 426->426
[2026-03-25T21:45:26.803+0900][19.745s][info][gc,metaspace] GC(522) Metaspace: 184K(384K)->184K(384K) NonClass: 176K(256K)->176K(256K) Class: 7K(128K)->7K(128K)
[2026-03-25T21:45:26.803+0900][19.745s][info][gc          ] GC(522) Pause Young (Concurrent Start) (G1 Humongous Allocation) 427M->427M(512M) 1.538ms
[2026-03-25T21:45:26.803+0900][19.745s][info][gc,cpu      ] GC(522) User=0.00s Sys=0.00s Real=0.00s
[2026-03-25T21:45:26.803+0900][19.745s][info][gc          ] GC(523) Concurrent Mark Cycle
[2026-03-25T21:45:26.803+0900][19.745s][info][gc,marking  ] GC(523) Concurrent Clear Claimed Marks
[2026-03-25T21:45:26.803+0900][19.745s][info][gc,marking  ] GC(523) Concurrent Clear Claimed Marks 0.016ms
[2026-03-25T21:45:26.803+0900][19.745s][info][gc,marking  ] GC(523) Concurrent Scan Root Regions
[2026-03-25T21:45:26.803+0900][19.745s][info][gc,marking  ] GC(523) Concurrent Scan Root Regions 0.050ms
[2026-03-25T21:45:26.803+0900][19.745s][info][gc,marking  ] GC(523) Concurrent Mark
[2026-03-25T21:45:26.803+0900][19.745s][info][gc,marking  ] GC(523) Concurrent Mark From Roots
[2026-03-25T21:45:26.803+0900][19.745s][info][gc,task     ] GC(523) Using 2 workers of 2 for marking
[2026-03-25T21:45:26.805+0900][19.747s][info][gc,marking  ] GC(523) Concurrent Mark From Roots 1.884ms
[2026-03-25T21:45:26.805+0900][19.747s][info][gc,marking  ] GC(523) Concurrent Preclean
[2026-03-25T21:45:26.805+0900][19.747s][info][gc,marking  ] GC(523) Concurrent Preclean 0.038ms
[2026-03-25T21:45:26.805+0900][19.747s][info][gc,start    ] GC(523) Pause Remark
[2026-03-25T21:45:26.805+0900][19.747s][info][gc          ] GC(523) Pause Remark 428M->428M(512M) 0.365ms
[2026-03-25T21:45:26.805+0900][19.747s][info][gc,cpu      ] GC(523) User=0.00s Sys=0.00s Real=0.00s
[2026-03-25T21:45:26.805+0900][19.748s][info][gc,marking  ] GC(523) Concurrent Mark 2.464ms
[2026-03-25T21:45:26.805+0900][19.748s][info][gc,marking  ] GC(523) Concurrent Rebuild Remembered Sets
[2026-03-25T21:45:26.806+0900][19.748s][info][gc,marking  ] GC(523) Concurrent Rebuild Remembered Sets 0.633ms
[2026-03-25T21:45:26.806+0900][19.748s][info][gc,start    ] GC(523) Pause Cleanup
[2026-03-25T21:45:26.806+0900][19.748s][info][gc          ] GC(523) Pause Cleanup 428M->428M(512M) 0.069ms
[2026-03-25T21:45:26.806+0900][19.748s][info][gc,cpu      ] GC(523) User=0.00s Sys=0.00s Real=0.00s
[2026-03-25T21:45:26.806+0900][19.748s][info][gc,marking  ] GC(523) Concurrent Cleanup for Next Mark
[2026-03-25T21:45:26.806+0900][19.749s][info][gc,marking  ] GC(523) Concurrent Cleanup for Next Mark 0.384ms
[2026-03-25T21:45:26.807+0900][19.749s][info][gc          ] GC(523) Concurrent Mark Cycle 3.883ms
[2026-03-25T21:45:26.858+0900][19.800s][info][gc,start    ] GC(524) Pause Young (Concurrent Start) (G1 Humongous Allocation)
[2026-03-25T21:45:26.858+0900][19.800s][info][gc,task     ] GC(524) Using 8 workers of 8 for evacuation
[2026-03-25T21:45:26.859+0900][19.801s][info][gc,phases   ] GC(524)   Pre Evacuate Collection Set: 0.1ms
[2026-03-25T21:45:26.859+0900][19.801s][info][gc,phases   ] GC(524)   Merge Heap Roots: 0.1ms
[2026-03-25T21:45:26.859+0900][19.801s][info][gc,phases   ] GC(524)   Evacuate Collection Set: 0.2ms
[2026-03-25T21:45:26.859+0900][19.801s][info][gc,phases   ] GC(524)   Post Evacuate Collection Set: 0.1ms
[2026-03-25T21:45:26.859+0900][19.801s][info][gc,phases   ] GC(524)   Other: 0.2ms
[2026-03-25T21:45:26.859+0900][19.801s][info][gc,heap     ] GC(524) Eden regions: 1->0(28)
[2026-03-25T21:45:26.859+0900][19.801s][info][gc,heap     ] GC(524) Survivor regions: 1->1(4)
[2026-03-25T21:45:26.859+0900][19.801s][info][gc,heap     ] GC(524) Old regions: 1->1
[2026-03-25T21:45:26.859+0900][19.801s][info][gc,heap     ] GC(524) Archive regions: 2->2
[2026-03-25T21:45:26.859+0900][19.801s][info][gc,heap     ] GC(524) Humongous regions: 427->427
[2026-03-25T21:45:26.859+0900][19.801s][info][gc,metaspace] GC(524) Metaspace: 184K(384K)->184K(384K) NonClass: 176K(256K)->176K(256K) Class: 7K(128K)->7K(128K)
[2026-03-25T21:45:26.859+0900][19.801s][info][gc          ] GC(524) Pause Young (Concurrent Start) (G1 Humongous Allocation) 428M->428M(512M) 0.936ms
[2026-03-25T21:45:26.859+0900][19.801s][info][gc,cpu      ] GC(524) User=0.00s Sys=0.00s Real=0.00s
[2026-03-25T21:45:26.859+0900][19.801s][info][gc          ] GC(525) Concurrent Mark Cycle
[2026-03-25T21:45:26.859+0900][19.801s][info][gc,marking  ] GC(525) Concurrent Clear Claimed Marks
[2026-03-25T21:45:26.859+0900][19.801s][info][gc,marking  ] GC(525) Concurrent Clear Claimed Marks 0.015ms
[2026-03-25T21:45:26.859+0900][19.801s][info][gc,marking  ] GC(525) Concurrent Scan Root Regions
[2026-03-25T21:45:26.859+0900][19.801s][info][gc,marking  ] GC(525) Concurrent Scan Root Regions 0.040ms
[2026-03-25T21:45:26.859+0900][19.801s][info][gc,marking  ] GC(525) Concurrent Mark
[2026-03-25T21:45:26.859+0900][19.801s][info][gc,marking  ] GC(525) Concurrent Mark From Roots
[2026-03-25T21:45:26.859+0900][19.801s][info][gc,task     ] GC(525) Using 2 workers of 2 for marking
[2026-03-25T21:45:26.861+0900][19.803s][info][gc,marking  ] GC(525) Concurrent Mark From Roots 1.868ms
[2026-03-25T21:45:26.861+0900][19.803s][info][gc,marking  ] GC(525) Concurrent Preclean
[2026-03-25T21:45:26.861+0900][19.803s][info][gc,marking  ] GC(525) Concurrent Preclean 0.034ms
[2026-03-25T21:45:26.861+0900][19.803s][info][gc,start    ] GC(525) Pause Remark
[2026-03-25T21:45:26.861+0900][19.804s][info][gc          ] GC(525) Pause Remark 429M->429M(512M) 0.287ms
[2026-03-25T21:45:26.861+0900][19.804s][info][gc,cpu      ] GC(525) User=0.00s Sys=0.00s Real=0.00s
[2026-03-25T21:45:26.861+0900][19.804s][info][gc,marking  ] GC(525) Concurrent Mark 2.300ms
[2026-03-25T21:45:26.861+0900][19.804s][info][gc,marking  ] GC(525) Concurrent Rebuild Remembered Sets
[2026-03-25T21:45:26.862+0900][19.804s][info][gc,marking  ] GC(525) Concurrent Rebuild Remembered Sets 0.642ms
[2026-03-25T21:45:26.862+0900][19.804s][info][gc,start    ] GC(525) Pause Cleanup
[2026-03-25T21:45:26.862+0900][19.804s][info][gc          ] GC(525) Pause Cleanup 429M->429M(512M) 0.076ms
[2026-03-25T21:45:26.862+0900][19.804s][info][gc,cpu      ] GC(525) User=0.00s Sys=0.00s Real=0.00s
[2026-03-25T21:45:26.862+0900][19.804s][info][gc,marking  ] GC(525) Concurrent Cleanup for Next Mark
[2026-03-25T21:45:26.863+0900][19.805s][info][gc,marking  ] GC(525) Concurrent Cleanup for Next Mark 0.457ms
[2026-03-25T21:45:26.863+0900][19.805s][info][gc          ] GC(525) Concurrent Mark Cycle 3.798ms
[2026-03-25T21:45:26.910+0900][19.853s][info][gc,start    ] GC(526) Pause Young (Concurrent Start) (G1 Humongous Allocation)
[2026-03-25T21:45:26.910+0900][19.853s][info][gc,task     ] GC(526) Using 8 workers of 8 for evacuation
[2026-03-25T21:45:26.911+0900][19.853s][info][gc,phases   ] GC(526)   Pre Evacuate Collection Set: 0.1ms
[2026-03-25T21:45:26.911+0900][19.853s][info][gc,phases   ] GC(526)   Merge Heap Roots: 0.1ms
[2026-03-25T21:45:26.911+0900][19.853s][info][gc,phases   ] GC(526)   Evacuate Collection Set: 0.2ms
[2026-03-25T21:45:26.911+0900][19.853s][info][gc,phases   ] GC(526)   Post Evacuate Collection Set: 0.2ms
[2026-03-25T21:45:26.911+0900][19.853s][info][gc,phases   ] GC(526)   Other: 0.2ms
[2026-03-25T21:45:26.911+0900][19.853s][info][gc,heap     ] GC(526) Eden regions: 1->0(27)
[2026-03-25T21:45:26.911+0900][19.853s][info][gc,heap     ] GC(526) Survivor regions: 1->1(4)
[2026-03-25T21:45:26.911+0900][19.854s][info][gc,heap     ] GC(526) Old regions: 1->1
[2026-03-25T21:45:26.911+0900][19.854s][info][gc,heap     ] GC(526) Archive regions: 2->2
[2026-03-25T21:45:26.911+0900][19.854s][info][gc,heap     ] GC(526) Humongous regions: 428->428
[2026-03-25T21:45:26.911+0900][19.854s][info][gc,metaspace] GC(526) Metaspace: 184K(384K)->184K(384K) NonClass: 176K(256K)->176K(256K) Class: 7K(128K)->7K(128K)
[2026-03-25T21:45:26.911+0900][19.854s][info][gc          ] GC(526) Pause Young (Concurrent Start) (G1 Humongous Allocation) 429M->429M(512M) 1.087ms
[2026-03-25T21:45:26.911+0900][19.854s][info][gc,cpu      ] GC(526) User=0.00s Sys=0.00s Real=0.00s
[2026-03-25T21:45:26.911+0900][19.854s][info][gc          ] GC(527) Concurrent Mark Cycle
[2026-03-25T21:45:26.911+0900][19.854s][info][gc,marking  ] GC(527) Concurrent Clear Claimed Marks
[2026-03-25T21:45:26.912+0900][19.854s][info][gc,marking  ] GC(527) Concurrent Clear Claimed Marks 0.031ms
[2026-03-25T21:45:26.912+0900][19.854s][info][gc,marking  ] GC(527) Concurrent Scan Root Regions
[2026-03-25T21:45:26.912+0900][19.854s][info][gc,marking  ] GC(527) Concurrent Scan Root Regions 0.073ms
[2026-03-25T21:45:26.912+0900][19.854s][info][gc,marking  ] GC(527) Concurrent Mark
[2026-03-25T21:45:26.912+0900][19.854s][info][gc,marking  ] GC(527) Concurrent Mark From Roots
[2026-03-25T21:45:26.912+0900][19.854s][info][gc,task     ] GC(527) Using 2 workers of 2 for marking
[2026-03-25T21:45:26.914+0900][19.857s][info][gc,marking  ] GC(527) Concurrent Mark From Roots 2.799ms
[2026-03-25T21:45:26.915+0900][19.857s][info][gc,marking  ] GC(527) Concurrent Preclean
[2026-03-25T21:45:26.915+0900][19.857s][info][gc,marking  ] GC(527) Concurrent Preclean 0.052ms
[2026-03-25T21:45:26.915+0900][19.857s][info][gc,start    ] GC(527) Pause Remark
[2026-03-25T21:45:26.915+0900][19.857s][info][gc          ] GC(527) Pause Remark 430M->430M(512M) 0.368ms
[2026-03-25T21:45:26.915+0900][19.857s][info][gc,cpu      ] GC(527) User=0.00s Sys=0.00s Real=0.00s
[2026-03-25T21:45:26.915+0900][19.857s][info][gc,marking  ] GC(527) Concurrent Mark 3.389ms
[2026-03-25T21:45:26.915+0900][19.857s][info][gc,marking  ] GC(527) Concurrent Rebuild Remembered Sets
[2026-03-25T21:45:26.916+0900][19.858s][info][gc,marking  ] GC(527) Concurrent Rebuild Remembered Sets 0.764ms
[2026-03-25T21:45:26.916+0900][19.858s][info][gc,start    ] GC(527) Pause Cleanup
[2026-03-25T21:45:26.916+0900][19.858s][info][gc          ] GC(527) Pause Cleanup 430M->430M(512M) 0.092ms
[2026-03-25T21:45:26.916+0900][19.858s][info][gc,cpu      ] GC(527) User=0.00s Sys=0.00s Real=0.00s
[2026-03-25T21:45:26.916+0900][19.858s][info][gc,marking  ] GC(527) Concurrent Cleanup for Next Mark
[2026-03-25T21:45:26.916+0900][19.859s][info][gc,marking  ] GC(527) Concurrent Cleanup for Next Mark 0.402ms
[2026-03-25T21:45:26.917+0900][19.859s][info][gc          ] GC(527) Concurrent Mark Cycle 5.094ms
[2026-03-25T21:45:26.964+0900][19.906s][info][gc,start    ] GC(528) Pause Young (Concurrent Start) (G1 Humongous Allocation)
[2026-03-25T21:45:26.964+0900][19.907s][info][gc,task     ] GC(528) Using 8 workers of 8 for evacuation
[2026-03-25T21:45:26.965+0900][19.907s][info][gc,phases   ] GC(528)   Pre Evacuate Collection Set: 0.1ms
[2026-03-25T21:45:26.965+0900][19.907s][info][gc,phases   ] GC(528)   Merge Heap Roots: 0.1ms
[2026-03-25T21:45:26.965+0900][19.907s][info][gc,phases   ] GC(528)   Evacuate Collection Set: 0.2ms
[2026-03-25T21:45:26.965+0900][19.907s][info][gc,phases   ] GC(528)   Post Evacuate Collection Set: 0.1ms
[2026-03-25T21:45:26.965+0900][19.907s][info][gc,phases   ] GC(528)   Other: 0.2ms
[2026-03-25T21:45:26.965+0900][19.907s][info][gc,heap     ] GC(528) Eden regions: 1->0(26)
[2026-03-25T21:45:26.965+0900][19.907s][info][gc,heap     ] GC(528) Survivor regions: 1->1(4)
[2026-03-25T21:45:26.965+0900][19.907s][info][gc,heap     ] GC(528) Old regions: 1->1
[2026-03-25T21:45:26.965+0900][19.907s][info][gc,heap     ] GC(528) Archive regions: 2->2
[2026-03-25T21:45:26.965+0900][19.907s][info][gc,heap     ] GC(528) Humongous regions: 429->429
[2026-03-25T21:45:26.965+0900][19.907s][info][gc,metaspace] GC(528) Metaspace: 184K(384K)->184K(384K) NonClass: 176K(256K)->176K(256K) Class: 7K(128K)->7K(128K)
[2026-03-25T21:45:26.965+0900][19.907s][info][gc          ] GC(528) Pause Young (Concurrent Start) (G1 Humongous Allocation) 430M->430M(512M) 0.931ms
[2026-03-25T21:45:26.965+0900][19.907s][info][gc,cpu      ] GC(528) User=0.00s Sys=0.00s Real=0.00s
[2026-03-25T21:45:26.965+0900][19.907s][info][gc          ] GC(529) Concurrent Mark Cycle
[2026-03-25T21:45:26.965+0900][19.907s][info][gc,marking  ] GC(529) Concurrent Clear Claimed Marks
[2026-03-25T21:45:26.965+0900][19.907s][info][gc,marking  ] GC(529) Concurrent Clear Claimed Marks 0.015ms
[2026-03-25T21:45:26.965+0900][19.907s][info][gc,marking  ] GC(529) Concurrent Scan Root Regions
[2026-03-25T21:45:26.965+0900][19.908s][info][gc,marking  ] GC(529) Concurrent Scan Root Regions 0.037ms
[2026-03-25T21:45:26.965+0900][19.908s][info][gc,marking  ] GC(529) Concurrent Mark
[2026-03-25T21:45:26.965+0900][19.908s][info][gc,marking  ] GC(529) Concurrent Mark From Roots
[2026-03-25T21:45:26.965+0900][19.908s][info][gc,task     ] GC(529) Using 2 workers of 2 for marking
[2026-03-25T21:45:26.967+0900][19.909s][info][gc,marking  ] GC(529) Concurrent Mark From Roots 1.725ms
[2026-03-25T21:45:26.967+0900][19.909s][info][gc,marking  ] GC(529) Concurrent Preclean
[2026-03-25T21:45:26.967+0900][19.909s][info][gc,marking  ] GC(529) Concurrent Preclean 0.034ms
[2026-03-25T21:45:26.967+0900][19.909s][info][gc,start    ] GC(529) Pause Remark
[2026-03-25T21:45:26.967+0900][19.910s][info][gc          ] GC(529) Pause Remark 433M->433M(512M) 0.346ms
[2026-03-25T21:45:26.967+0900][19.910s][info][gc,cpu      ] GC(529) User=0.00s Sys=0.01s Real=0.00s
[2026-03-25T21:45:26.968+0900][19.910s][info][gc,marking  ] GC(529) Concurrent Mark 2.255ms
[2026-03-25T21:45:26.968+0900][19.910s][info][gc,marking  ] GC(529) Concurrent Rebuild Remembered Sets
[2026-03-25T21:45:26.968+0900][19.910s][info][gc,marking  ] GC(529) Concurrent Rebuild Remembered Sets 0.643ms
[2026-03-25T21:45:26.968+0900][19.910s][info][gc,start    ] GC(529) Pause Cleanup
[2026-03-25T21:45:26.968+0900][19.911s][info][gc          ] GC(529) Pause Cleanup 433M->433M(512M) 0.072ms
[2026-03-25T21:45:26.968+0900][19.911s][info][gc,cpu      ] GC(529) User=0.00s Sys=0.00s Real=0.00s
[2026-03-25T21:45:26.968+0900][19.911s][info][gc,marking  ] GC(529) Concurrent Cleanup for Next Mark
[2026-03-25T21:45:26.969+0900][19.911s][info][gc,marking  ] GC(529) Concurrent Cleanup for Next Mark 0.338ms
[2026-03-25T21:45:26.969+0900][19.911s][info][gc          ] GC(529) Concurrent Mark Cycle 3.628ms
[2026-03-25T21:45:27.020+0900][19.962s][info][gc,start    ] GC(530) Pause Young (Concurrent Start) (G1 Humongous Allocation)
[2026-03-25T21:45:27.020+0900][19.962s][info][gc,task     ] GC(530) Using 8 workers of 8 for evacuation
[2026-03-25T21:45:27.022+0900][19.964s][info][gc,phases   ] GC(530)   Pre Evacuate Collection Set: 0.3ms
[2026-03-25T21:45:27.023+0900][19.966s][info][gc,phases   ] GC(530)   Merge Heap Roots: 0.5ms
[2026-03-25T21:45:27.024+0900][19.966s][info][gc,phases   ] GC(530)   Evacuate Collection Set: 0.4ms
[2026-03-25T21:45:27.024+0900][19.966s][info][gc,phases   ] GC(530)   Post Evacuate Collection Set: 0.4ms
[2026-03-25T21:45:27.024+0900][19.966s][info][gc,phases   ] GC(530)   Other: 0.4ms
[2026-03-25T21:45:27.024+0900][19.966s][info][gc,heap     ] GC(530) Eden regions: 1->0(24)
[2026-03-25T21:45:27.024+0900][19.966s][info][gc,heap     ] GC(530) Survivor regions: 1->1(4)
[2026-03-25T21:45:27.024+0900][19.966s][info][gc,heap     ] GC(530) Old regions: 1->1
[2026-03-25T21:45:27.024+0900][19.966s][info][gc,heap     ] GC(530) Archive regions: 2->2
[2026-03-25T21:45:27.024+0900][19.966s][info][gc,heap     ] GC(530) Humongous regions: 432->432
[2026-03-25T21:45:27.024+0900][19.966s][info][gc,metaspace] GC(530) Metaspace: 184K(384K)->184K(384K) NonClass: 176K(256K)->176K(256K) Class: 7K(128K)->7K(128K)
[2026-03-25T21:45:27.024+0900][19.966s][info][gc          ] GC(530) Pause Young (Concurrent Start) (G1 Humongous Allocation) 433M->433M(512M) 3.990ms
[2026-03-25T21:45:27.024+0900][19.966s][info][gc,cpu      ] GC(530) User=0.01s Sys=0.00s Real=0.00s
[2026-03-25T21:45:27.024+0900][19.966s][info][gc          ] GC(531) Concurrent Mark Cycle
[2026-03-25T21:45:27.024+0900][19.966s][info][gc,marking  ] GC(531) Concurrent Clear Claimed Marks
[2026-03-25T21:45:27.024+0900][19.966s][info][gc,marking  ] GC(531) Concurrent Clear Claimed Marks 0.016ms
[2026-03-25T21:45:27.024+0900][19.966s][info][gc,marking  ] GC(531) Concurrent Scan Root Regions
[2026-03-25T21:45:27.024+0900][19.966s][info][gc,marking  ] GC(531) Concurrent Scan Root Regions 0.057ms
[2026-03-25T21:45:27.024+0900][19.966s][info][gc,marking  ] GC(531) Concurrent Mark
[2026-03-25T21:45:27.024+0900][19.966s][info][gc,marking  ] GC(531) Concurrent Mark From Roots
[2026-03-25T21:45:27.024+0900][19.966s][info][gc,task     ] GC(531) Using 2 workers of 2 for marking
[2026-03-25T21:45:27.026+0900][19.968s][info][gc,marking  ] GC(531) Concurrent Mark From Roots 2.027ms
[2026-03-25T21:45:27.026+0900][19.968s][info][gc,marking  ] GC(531) Concurrent Preclean
[2026-03-25T21:45:27.026+0900][19.968s][info][gc,marking  ] GC(531) Concurrent Preclean 0.034ms
[2026-03-25T21:45:27.026+0900][19.969s][info][gc,start    ] GC(531) Pause Remark
[2026-03-25T21:45:27.027+0900][19.969s][info][gc          ] GC(531) Pause Remark 434M->434M(512M) 0.354ms
[2026-03-25T21:45:27.027+0900][19.969s][info][gc,cpu      ] GC(531) User=0.00s Sys=0.00s Real=0.00s
[2026-03-25T21:45:27.027+0900][19.969s][info][gc,marking  ] GC(531) Concurrent Mark 2.586ms
[2026-03-25T21:45:27.027+0900][19.969s][info][gc,marking  ] GC(531) Concurrent Rebuild Remembered Sets
[2026-03-25T21:45:27.027+0900][19.970s][info][gc,marking  ] GC(531) Concurrent Rebuild Remembered Sets 0.639ms
[2026-03-25T21:45:27.027+0900][19.970s][info][gc,start    ] GC(531) Pause Cleanup
[2026-03-25T21:45:27.027+0900][19.970s][info][gc          ] GC(531) Pause Cleanup 434M->434M(512M) 0.070ms
[2026-03-25T21:45:27.027+0900][19.970s][info][gc,cpu      ] GC(531) User=0.00s Sys=0.00s Real=0.00s
[2026-03-25T21:45:27.027+0900][19.970s][info][gc,marking  ] GC(531) Concurrent Cleanup for Next Mark
[2026-03-25T21:45:27.028+0900][19.970s][info][gc,marking  ] GC(531) Concurrent Cleanup for Next Mark 0.395ms
[2026-03-25T21:45:27.028+0900][19.970s][info][gc          ] GC(531) Concurrent Mark Cycle 3.987ms
[2026-03-25T21:45:27.079+0900][20.022s][info][gc,start    ] GC(532) Pause Young (Concurrent Start) (G1 Humongous Allocation)
[2026-03-25T21:45:27.079+0900][20.022s][info][gc,task     ] GC(532) Using 8 workers of 8 for evacuation
[2026-03-25T21:45:27.080+0900][20.022s][info][gc,phases   ] GC(532)   Pre Evacuate Collection Set: 0.1ms
[2026-03-25T21:45:27.080+0900][20.022s][info][gc,phases   ] GC(532)   Merge Heap Roots: 0.1ms
[2026-03-25T21:45:27.080+0900][20.022s][info][gc,phases   ] GC(532)   Evacuate Collection Set: 0.2ms
[2026-03-25T21:45:27.080+0900][20.022s][info][gc,phases   ] GC(532)   Post Evacuate Collection Set: 0.1ms
[2026-03-25T21:45:27.080+0900][20.022s][info][gc,phases   ] GC(532)   Other: 0.2ms
[2026-03-25T21:45:27.080+0900][20.022s][info][gc,heap     ] GC(532) Eden regions: 1->0(24)
[2026-03-25T21:45:27.080+0900][20.022s][info][gc,heap     ] GC(532) Survivor regions: 1->1(4)
[2026-03-25T21:45:27.080+0900][20.022s][info][gc,heap     ] GC(532) Old regions: 1->1
[2026-03-25T21:45:27.080+0900][20.022s][info][gc,heap     ] GC(532) Archive regions: 2->2
[2026-03-25T21:45:27.080+0900][20.022s][info][gc,heap     ] GC(532) Humongous regions: 433->433
[2026-03-25T21:45:27.080+0900][20.022s][info][gc,metaspace] GC(532) Metaspace: 184K(384K)->184K(384K) NonClass: 176K(256K)->176K(256K) Class: 7K(128K)->7K(128K)
[2026-03-25T21:45:27.080+0900][20.022s][info][gc          ] GC(532) Pause Young (Concurrent Start) (G1 Humongous Allocation) 434M->434M(512M) 0.968ms
[2026-03-25T21:45:27.080+0900][20.022s][info][gc,cpu      ] GC(532) User=0.00s Sys=0.00s Real=0.01s
[2026-03-25T21:45:27.080+0900][20.023s][info][gc          ] GC(533) Concurrent Mark Cycle
[2026-03-25T21:45:27.080+0900][20.023s][info][gc,marking  ] GC(533) Concurrent Clear Claimed Marks
[2026-03-25T21:45:27.080+0900][20.023s][info][gc,marking  ] GC(533) Concurrent Clear Claimed Marks 0.015ms
[2026-03-25T21:45:27.080+0900][20.023s][info][gc,marking  ] GC(533) Concurrent Scan Root Regions
[2026-03-25T21:45:27.080+0900][20.023s][info][gc,marking  ] GC(533) Concurrent Scan Root Regions 0.041ms
[2026-03-25T21:45:27.080+0900][20.023s][info][gc,marking  ] GC(533) Concurrent Mark
[2026-03-25T21:45:27.080+0900][20.023s][info][gc,marking  ] GC(533) Concurrent Mark From Roots
[2026-03-25T21:45:27.080+0900][20.023s][info][gc,task     ] GC(533) Using 2 workers of 2 for marking
[2026-03-25T21:45:27.082+0900][20.025s][info][gc,marking  ] GC(533) Concurrent Mark From Roots 1.861ms
[2026-03-25T21:45:27.082+0900][20.025s][info][gc,marking  ] GC(533) Concurrent Preclean
[2026-03-25T21:45:27.082+0900][20.025s][info][gc,marking  ] GC(533) Concurrent Preclean 0.045ms
[2026-03-25T21:45:27.082+0900][20.025s][info][gc,start    ] GC(533) Pause Remark
[2026-03-25T21:45:27.083+0900][20.025s][info][gc          ] GC(533) Pause Remark 435M->435M(512M) 0.435ms
[2026-03-25T21:45:27.083+0900][20.025s][info][gc,cpu      ] GC(533) User=0.00s Sys=0.00s Real=0.00s
[2026-03-25T21:45:27.083+0900][20.025s][info][gc,marking  ] GC(533) Concurrent Mark 2.576ms
[2026-03-25T21:45:27.083+0900][20.025s][info][gc,marking  ] GC(533) Concurrent Rebuild Remembered Sets
[2026-03-25T21:45:27.084+0900][20.026s][info][gc,marking  ] GC(533) Concurrent Rebuild Remembered Sets 0.664ms
[2026-03-25T21:45:27.084+0900][20.026s][info][gc,start    ] GC(533) Pause Cleanup
[2026-03-25T21:45:27.084+0900][20.026s][info][gc          ] GC(533) Pause Cleanup 435M->435M(512M) 0.083ms
[2026-03-25T21:45:27.084+0900][20.026s][info][gc,cpu      ] GC(533) User=0.00s Sys=0.00s Real=0.00s
[2026-03-25T21:45:27.084+0900][20.026s][info][gc,marking  ] GC(533) Concurrent Cleanup for Next Mark
[2026-03-25T21:45:27.084+0900][20.026s][info][gc,marking  ] GC(533) Concurrent Cleanup for Next Mark 0.414ms
[2026-03-25T21:45:27.084+0900][20.027s][info][gc          ] GC(533) Concurrent Mark Cycle 4.060ms
[2026-03-25T21:45:27.138+0900][20.080s][info][gc,start    ] GC(534) Pause Young (Concurrent Start) (G1 Humongous Allocation)
[2026-03-25T21:45:27.138+0900][20.080s][info][gc,task     ] GC(534) Using 8 workers of 8 for evacuation
[2026-03-25T21:45:27.139+0900][20.081s][info][gc,phases   ] GC(534)   Pre Evacuate Collection Set: 0.2ms
[2026-03-25T21:45:27.139+0900][20.081s][info][gc,phases   ] GC(534)   Merge Heap Roots: 0.1ms
[2026-03-25T21:45:27.139+0900][20.081s][info][gc,phases   ] GC(534)   Evacuate Collection Set: 0.2ms
[2026-03-25T21:45:27.139+0900][20.081s][info][gc,phases   ] GC(534)   Post Evacuate Collection Set: 0.1ms
[2026-03-25T21:45:27.139+0900][20.081s][info][gc,phases   ] GC(534)   Other: 0.2ms
[2026-03-25T21:45:27.139+0900][20.081s][info][gc,heap     ] GC(534) Eden regions: 1->0(24)
[2026-03-25T21:45:27.139+0900][20.081s][info][gc,heap     ] GC(534) Survivor regions: 1->1(4)
[2026-03-25T21:45:27.139+0900][20.081s][info][gc,heap     ] GC(534) Old regions: 1->1
[2026-03-25T21:45:27.139+0900][20.081s][info][gc,heap     ] GC(534) Archive regions: 2->2
[2026-03-25T21:45:27.139+0900][20.081s][info][gc,heap     ] GC(534) Humongous regions: 434->434
[2026-03-25T21:45:27.139+0900][20.081s][info][gc,metaspace] GC(534) Metaspace: 184K(384K)->184K(384K) NonClass: 176K(256K)->176K(256K) Class: 7K(128K)->7K(128K)
[2026-03-25T21:45:27.139+0900][20.081s][info][gc          ] GC(534) Pause Young (Concurrent Start) (G1 Humongous Allocation) 435M->435M(512M) 0.949ms
[2026-03-25T21:45:27.139+0900][20.081s][info][gc,cpu      ] GC(534) User=0.00s Sys=0.00s Real=0.00s
[2026-03-25T21:45:27.139+0900][20.081s][info][gc          ] GC(535) Concurrent Mark Cycle
[2026-03-25T21:45:27.139+0900][20.081s][info][gc,marking  ] GC(535) Concurrent Clear Claimed Marks
[2026-03-25T21:45:27.139+0900][20.081s][info][gc,marking  ] GC(535) Concurrent Clear Claimed Marks 0.012ms
[2026-03-25T21:45:27.139+0900][20.081s][info][gc,marking  ] GC(535) Concurrent Scan Root Regions
[2026-03-25T21:45:27.139+0900][20.081s][info][gc,marking  ] GC(535) Concurrent Scan Root Regions 0.036ms
[2026-03-25T21:45:27.139+0900][20.081s][info][gc,marking  ] GC(535) Concurrent Mark
[2026-03-25T21:45:27.139+0900][20.081s][info][gc,marking  ] GC(535) Concurrent Mark From Roots
[2026-03-25T21:45:27.139+0900][20.081s][info][gc,task     ] GC(535) Using 2 workers of 2 for marking
[2026-03-25T21:45:27.141+0900][20.083s][info][gc,marking  ] GC(535) Concurrent Mark From Roots 1.746ms
[2026-03-25T21:45:27.141+0900][20.083s][info][gc,marking  ] GC(535) Concurrent Preclean
[2026-03-25T21:45:27.141+0900][20.083s][info][gc,marking  ] GC(535) Concurrent Preclean 0.038ms
[2026-03-25T21:45:27.141+0900][20.083s][info][gc,start    ] GC(535) Pause Remark
[2026-03-25T21:45:27.141+0900][20.084s][info][gc          ] GC(535) Pause Remark 436M->436M(512M) 0.401ms
[2026-03-25T21:45:27.142+0900][20.084s][info][gc,cpu      ] GC(535) User=0.00s Sys=0.00s Real=0.00s
[2026-03-25T21:45:27.142+0900][20.084s][info][gc,marking  ] GC(535) Concurrent Mark 2.356ms
[2026-03-25T21:45:27.142+0900][20.084s][info][gc,marking  ] GC(535) Concurrent Rebuild Remembered Sets
[2026-03-25T21:45:27.142+0900][20.085s][info][gc,marking  ] GC(535) Concurrent Rebuild Remembered Sets 0.669ms
[2026-03-25T21:45:27.142+0900][20.085s][info][gc,start    ] GC(535) Pause Cleanup
[2026-03-25T21:45:27.142+0900][20.085s][info][gc          ] GC(535) Pause Cleanup 436M->436M(512M) 0.102ms
[2026-03-25T21:45:27.142+0900][20.085s][info][gc,cpu      ] GC(535) User=0.00s Sys=0.00s Real=0.00s
[2026-03-25T21:45:27.142+0900][20.085s][info][gc,marking  ] GC(535) Concurrent Cleanup for Next Mark
[2026-03-25T21:45:27.143+0900][20.085s][info][gc,marking  ] GC(535) Concurrent Cleanup for Next Mark 0.419ms
[2026-03-25T21:45:27.143+0900][20.085s][info][gc          ] GC(535) Concurrent Mark Cycle 3.875ms
[2026-03-25T21:45:27.194+0900][20.137s][info][gc,start    ] GC(536) Pause Young (Concurrent Start) (G1 Humongous Allocation)
[2026-03-25T21:45:27.195+0900][20.137s][info][gc,task     ] GC(536) Using 8 workers of 8 for evacuation
[2026-03-25T21:45:27.195+0900][20.137s][info][gc,phases   ] GC(536)   Pre Evacuate Collection Set: 0.1ms
[2026-03-25T21:45:27.195+0900][20.138s][info][gc,phases   ] GC(536)   Merge Heap Roots: 0.1ms
[2026-03-25T21:45:27.195+0900][20.138s][info][gc,phases   ] GC(536)   Evacuate Collection Set: 0.2ms
[2026-03-25T21:45:27.195+0900][20.138s][info][gc,phases   ] GC(536)   Post Evacuate Collection Set: 0.2ms
[2026-03-25T21:45:27.195+0900][20.138s][info][gc,phases   ] GC(536)   Other: 0.2ms
[2026-03-25T21:45:27.195+0900][20.138s][info][gc,heap     ] GC(536) Eden regions: 1->0(24)
[2026-03-25T21:45:27.195+0900][20.138s][info][gc,heap     ] GC(536) Survivor regions: 1->1(4)
[2026-03-25T21:45:27.195+0900][20.138s][info][gc,heap     ] GC(536) Old regions: 1->1
[2026-03-25T21:45:27.195+0900][20.138s][info][gc,heap     ] GC(536) Archive regions: 2->2
[2026-03-25T21:45:27.195+0900][20.138s][info][gc,heap     ] GC(536) Humongous regions: 435->435
[2026-03-25T21:45:27.195+0900][20.138s][info][gc,metaspace] GC(536) Metaspace: 184K(384K)->184K(384K) NonClass: 176K(256K)->176K(256K) Class: 7K(128K)->7K(128K)
[2026-03-25T21:45:27.195+0900][20.138s][info][gc          ] GC(536) Pause Young (Concurrent Start) (G1 Humongous Allocation) 436M->436M(512M) 1.051ms
[2026-03-25T21:45:27.195+0900][20.138s][info][gc,cpu      ] GC(536) User=0.00s Sys=0.00s Real=0.00s
[2026-03-25T21:45:27.196+0900][20.138s][info][gc          ] GC(537) Concurrent Mark Cycle
[2026-03-25T21:45:27.196+0900][20.138s][info][gc,marking  ] GC(537) Concurrent Clear Claimed Marks
[2026-03-25T21:45:27.196+0900][20.138s][info][gc,marking  ] GC(537) Concurrent Clear Claimed Marks 0.019ms
[2026-03-25T21:45:27.196+0900][20.138s][info][gc,marking  ] GC(537) Concurrent Scan Root Regions
[2026-03-25T21:45:27.196+0900][20.138s][info][gc,marking  ] GC(537) Concurrent Scan Root Regions 0.075ms
[2026-03-25T21:45:27.196+0900][20.138s][info][gc,marking  ] GC(537) Concurrent Mark
[2026-03-25T21:45:27.196+0900][20.138s][info][gc,marking  ] GC(537) Concurrent Mark From Roots
[2026-03-25T21:45:27.196+0900][20.138s][info][gc,task     ] GC(537) Using 2 workers of 2 for marking
[2026-03-25T21:45:27.199+0900][20.141s][info][gc,marking  ] GC(537) Concurrent Mark From Roots 2.995ms
[2026-03-25T21:45:27.199+0900][20.141s][info][gc,marking  ] GC(537) Concurrent Preclean
[2026-03-25T21:45:27.199+0900][20.141s][info][gc,marking  ] GC(537) Concurrent Preclean 0.041ms
[2026-03-25T21:45:27.199+0900][20.141s][info][gc,start    ] GC(537) Pause Remark
[2026-03-25T21:45:27.200+0900][20.142s][info][gc          ] GC(537) Pause Remark 437M->437M(512M) 0.627ms
[2026-03-25T21:45:27.200+0900][20.142s][info][gc,cpu      ] GC(537) User=0.00s Sys=0.00s Real=0.01s
[2026-03-25T21:45:27.200+0900][20.142s][info][gc,marking  ] GC(537) Concurrent Mark 3.903ms
[2026-03-25T21:45:27.200+0900][20.142s][info][gc,marking  ] GC(537) Concurrent Rebuild Remembered Sets
[2026-03-25T21:45:27.204+0900][20.146s][info][gc,marking  ] GC(537) Concurrent Rebuild Remembered Sets 4.494ms
[2026-03-25T21:45:27.204+0900][20.147s][info][gc,start    ] GC(537) Pause Cleanup
[2026-03-25T21:45:27.204+0900][20.147s][info][gc          ] GC(537) Pause Cleanup 437M->437M(512M) 0.088ms
[2026-03-25T21:45:27.204+0900][20.147s][info][gc,cpu      ] GC(537) User=0.00s Sys=0.00s Real=0.00s
[2026-03-25T21:45:27.204+0900][20.147s][info][gc,marking  ] GC(537) Concurrent Cleanup for Next Mark
[2026-03-25T21:45:27.205+0900][20.147s][info][gc,marking  ] GC(537) Concurrent Cleanup for Next Mark 0.369ms
[2026-03-25T21:45:27.205+0900][20.147s][info][gc          ] GC(537) Concurrent Mark Cycle 9.382ms
[2026-03-25T21:45:27.251+0900][20.193s][info][gc,start    ] GC(538) Pause Young (Concurrent Start) (G1 Humongous Allocation)
[2026-03-25T21:45:27.251+0900][20.193s][info][gc,task     ] GC(538) Using 8 workers of 8 for evacuation
[2026-03-25T21:45:27.252+0900][20.194s][info][gc,phases   ] GC(538)   Pre Evacuate Collection Set: 0.1ms
[2026-03-25T21:45:27.252+0900][20.194s][info][gc,phases   ] GC(538)   Merge Heap Roots: 0.2ms
[2026-03-25T21:45:27.252+0900][20.194s][info][gc,phases   ] GC(538)   Evacuate Collection Set: 0.3ms
[2026-03-25T21:45:27.252+0900][20.194s][info][gc,phases   ] GC(538)   Post Evacuate Collection Set: 0.1ms
[2026-03-25T21:45:27.252+0900][20.194s][info][gc,phases   ] GC(538)   Other: 0.2ms
[2026-03-25T21:45:27.252+0900][20.194s][info][gc,heap     ] GC(538) Eden regions: 1->0(24)
[2026-03-25T21:45:27.252+0900][20.194s][info][gc,heap     ] GC(538) Survivor regions: 1->1(4)
[2026-03-25T21:45:27.252+0900][20.194s][info][gc,heap     ] GC(538) Old regions: 1->1
[2026-03-25T21:45:27.252+0900][20.194s][info][gc,heap     ] GC(538) Archive regions: 2->2
[2026-03-25T21:45:27.252+0900][20.194s][info][gc,heap     ] GC(538) Humongous regions: 436->436
[2026-03-25T21:45:27.252+0900][20.194s][info][gc,metaspace] GC(538) Metaspace: 184K(384K)->184K(384K) NonClass: 176K(256K)->176K(256K) Class: 7K(128K)->7K(128K)
[2026-03-25T21:45:27.252+0900][20.194s][info][gc          ] GC(538) Pause Young (Concurrent Start) (G1 Humongous Allocation) 437M->437M(512M) 1.043ms
[2026-03-25T21:45:27.252+0900][20.194s][info][gc,cpu      ] GC(538) User=0.01s Sys=0.00s Real=0.00s
[2026-03-25T21:45:27.252+0900][20.194s][info][gc          ] GC(539) Concurrent Mark Cycle
[2026-03-25T21:45:27.252+0900][20.194s][info][gc,marking  ] GC(539) Concurrent Clear Claimed Marks
[2026-03-25T21:45:27.252+0900][20.194s][info][gc,marking  ] GC(539) Concurrent Clear Claimed Marks 0.012ms
[2026-03-25T21:45:27.252+0900][20.194s][info][gc,marking  ] GC(539) Concurrent Scan Root Regions
[2026-03-25T21:45:27.252+0900][20.194s][info][gc,marking  ] GC(539) Concurrent Scan Root Regions 0.037ms
[2026-03-25T21:45:27.252+0900][20.194s][info][gc,marking  ] GC(539) Concurrent Mark
[2026-03-25T21:45:27.252+0900][20.194s][info][gc,marking  ] GC(539) Concurrent Mark From Roots
[2026-03-25T21:45:27.252+0900][20.194s][info][gc,task     ] GC(539) Using 2 workers of 2 for marking
[2026-03-25T21:45:27.254+0900][20.196s][info][gc,marking  ] GC(539) Concurrent Mark From Roots 1.737ms
[2026-03-25T21:45:27.254+0900][20.196s][info][gc,marking  ] GC(539) Concurrent Preclean
[2026-03-25T21:45:27.254+0900][20.196s][info][gc,marking  ] GC(539) Concurrent Preclean 0.036ms
[2026-03-25T21:45:27.254+0900][20.196s][info][gc,start    ] GC(539) Pause Remark
[2026-03-25T21:45:27.254+0900][20.196s][info][gc          ] GC(539) Pause Remark 438M->438M(512M) 0.298ms
[2026-03-25T21:45:27.254+0900][20.196s][info][gc,cpu      ] GC(539) User=0.00s Sys=0.00s Real=0.00s
[2026-03-25T21:45:27.254+0900][20.196s][info][gc,marking  ] GC(539) Concurrent Mark 2.206ms
[2026-03-25T21:45:27.254+0900][20.196s][info][gc,marking  ] GC(539) Concurrent Rebuild Remembered Sets
[2026-03-25T21:45:27.255+0900][20.197s][info][gc,marking  ] GC(539) Concurrent Rebuild Remembered Sets 0.631ms
[2026-03-25T21:45:27.255+0900][20.197s][info][gc,start    ] GC(539) Pause Cleanup
[2026-03-25T21:45:27.255+0900][20.197s][info][gc          ] GC(539) Pause Cleanup 438M->438M(512M) 0.068ms
[2026-03-25T21:45:27.255+0900][20.197s][info][gc,cpu      ] GC(539) User=0.00s Sys=0.00s Real=0.00s
[2026-03-25T21:45:27.255+0900][20.197s][info][gc,marking  ] GC(539) Concurrent Cleanup for Next Mark
[2026-03-25T21:45:27.255+0900][20.198s][info][gc,marking  ] GC(539) Concurrent Cleanup for Next Mark 0.442ms
[2026-03-25T21:45:27.256+0900][20.198s][info][gc          ] GC(539) Concurrent Mark Cycle 3.643ms
[2026-03-25T21:45:27.305+0900][20.247s][info][gc,start    ] GC(540) Pause Young (Concurrent Start) (G1 Humongous Allocation)
[2026-03-25T21:45:27.305+0900][20.247s][info][gc,task     ] GC(540) Using 8 workers of 8 for evacuation
[2026-03-25T21:45:27.306+0900][20.248s][info][gc,phases   ] GC(540)   Pre Evacuate Collection Set: 0.1ms
[2026-03-25T21:45:27.306+0900][20.248s][info][gc,phases   ] GC(540)   Merge Heap Roots: 0.1ms
[2026-03-25T21:45:27.306+0900][20.248s][info][gc,phases   ] GC(540)   Evacuate Collection Set: 0.2ms
[2026-03-25T21:45:27.306+0900][20.248s][info][gc,phases   ] GC(540)   Post Evacuate Collection Set: 0.1ms
[2026-03-25T21:45:27.306+0900][20.248s][info][gc,phases   ] GC(540)   Other: 0.2ms
[2026-03-25T21:45:27.306+0900][20.248s][info][gc,heap     ] GC(540) Eden regions: 1->0(24)
[2026-03-25T21:45:27.306+0900][20.248s][info][gc,heap     ] GC(540) Survivor regions: 1->1(4)
[2026-03-25T21:45:27.306+0900][20.248s][info][gc,heap     ] GC(540) Old regions: 1->1
[2026-03-25T21:45:27.306+0900][20.248s][info][gc,heap     ] GC(540) Archive regions: 2->2
[2026-03-25T21:45:27.306+0900][20.248s][info][gc,heap     ] GC(540) Humongous regions: 437->437
[2026-03-25T21:45:27.306+0900][20.248s][info][gc,metaspace] GC(540) Metaspace: 184K(384K)->184K(384K) NonClass: 176K(256K)->176K(256K) Class: 7K(128K)->7K(128K)
[2026-03-25T21:45:27.306+0900][20.248s][info][gc          ] GC(540) Pause Young (Concurrent Start) (G1 Humongous Allocation) 438M->438M(512M) 0.872ms
[2026-03-25T21:45:27.306+0900][20.248s][info][gc,cpu      ] GC(540) User=0.00s Sys=0.00s Real=0.00s
[2026-03-25T21:45:27.306+0900][20.248s][info][gc          ] GC(541) Concurrent Mark Cycle
[2026-03-25T21:45:27.306+0900][20.248s][info][gc,marking  ] GC(541) Concurrent Clear Claimed Marks
[2026-03-25T21:45:27.306+0900][20.248s][info][gc,marking  ] GC(541) Concurrent Clear Claimed Marks 0.015ms
[2026-03-25T21:45:27.306+0900][20.248s][info][gc,marking  ] GC(541) Concurrent Scan Root Regions
[2026-03-25T21:45:27.306+0900][20.248s][info][gc,marking  ] GC(541) Concurrent Scan Root Regions 0.037ms
[2026-03-25T21:45:27.306+0900][20.248s][info][gc,marking  ] GC(541) Concurrent Mark
[2026-03-25T21:45:27.306+0900][20.248s][info][gc,marking  ] GC(541) Concurrent Mark From Roots
[2026-03-25T21:45:27.306+0900][20.248s][info][gc,task     ] GC(541) Using 2 workers of 2 for marking
[2026-03-25T21:45:27.308+0900][20.250s][info][gc,marking  ] GC(541) Concurrent Mark From Roots 1.727ms
[2026-03-25T21:45:27.308+0900][20.250s][info][gc,marking  ] GC(541) Concurrent Preclean
[2026-03-25T21:45:27.308+0900][20.250s][info][gc,marking  ] GC(541) Concurrent Preclean 0.033ms
[2026-03-25T21:45:27.308+0900][20.250s][info][gc,start    ] GC(541) Pause Remark
[2026-03-25T21:45:27.308+0900][20.250s][info][gc          ] GC(541) Pause Remark 439M->439M(512M) 0.306ms
[2026-03-25T21:45:27.308+0900][20.250s][info][gc,cpu      ] GC(541) User=0.00s Sys=0.00s Real=0.00s
[2026-03-25T21:45:27.308+0900][20.250s][info][gc,marking  ] GC(541) Concurrent Mark 2.179ms
[2026-03-25T21:45:27.308+0900][20.250s][info][gc,marking  ] GC(541) Concurrent Rebuild Remembered Sets
[2026-03-25T21:45:27.309+0900][20.251s][info][gc,marking  ] GC(541) Concurrent Rebuild Remembered Sets 0.697ms
[2026-03-25T21:45:27.309+0900][20.251s][info][gc,start    ] GC(541) Pause Cleanup
[2026-03-25T21:45:27.309+0900][20.251s][info][gc          ] GC(541) Pause Cleanup 439M->439M(512M) 0.072ms
[2026-03-25T21:45:27.309+0900][20.251s][info][gc,cpu      ] GC(541) User=0.00s Sys=0.00s Real=0.00s
[2026-03-25T21:45:27.309+0900][20.251s][info][gc,marking  ] GC(541) Concurrent Cleanup for Next Mark
[2026-03-25T21:45:27.309+0900][20.252s][info][gc,marking  ] GC(541) Concurrent Cleanup for Next Mark 0.406ms
[2026-03-25T21:45:27.310+0900][20.252s][info][gc          ] GC(541) Concurrent Mark Cycle 3.659ms
[2026-03-25T21:45:27.361+0900][20.303s][info][gc,start    ] GC(542) Pause Young (Concurrent Start) (G1 Humongous Allocation)
[2026-03-25T21:45:27.361+0900][20.303s][info][gc,task     ] GC(542) Using 8 workers of 8 for evacuation
[2026-03-25T21:45:27.362+0900][20.304s][info][gc,phases   ] GC(542)   Pre Evacuate Collection Set: 0.1ms
[2026-03-25T21:45:27.362+0900][20.304s][info][gc,phases   ] GC(542)   Merge Heap Roots: 0.2ms
[2026-03-25T21:45:27.362+0900][20.304s][info][gc,phases   ] GC(542)   Evacuate Collection Set: 0.2ms
[2026-03-25T21:45:27.362+0900][20.304s][info][gc,phases   ] GC(542)   Post Evacuate Collection Set: 0.1ms
[2026-03-25T21:45:27.362+0900][20.304s][info][gc,phases   ] GC(542)   Other: 0.2ms
[2026-03-25T21:45:27.362+0900][20.304s][info][gc,heap     ] GC(542) Eden regions: 1->0(24)
[2026-03-25T21:45:27.362+0900][20.304s][info][gc,heap     ] GC(542) Survivor regions: 1->1(4)
[2026-03-25T21:45:27.362+0900][20.304s][info][gc,heap     ] GC(542) Old regions: 1->1
[2026-03-25T21:45:27.362+0900][20.304s][info][gc,heap     ] GC(542) Archive regions: 2->2
[2026-03-25T21:45:27.362+0900][20.304s][info][gc,heap     ] GC(542) Humongous regions: 438->438
[2026-03-25T21:45:27.362+0900][20.304s][info][gc,metaspace] GC(542) Metaspace: 184K(384K)->184K(384K) NonClass: 176K(256K)->176K(256K) Class: 7K(128K)->7K(128K)
[2026-03-25T21:45:27.362+0900][20.304s][info][gc          ] GC(542) Pause Young (Concurrent Start) (G1 Humongous Allocation) 439M->439M(512M) 0.921ms
[2026-03-25T21:45:27.362+0900][20.304s][info][gc,cpu      ] GC(542) User=0.00s Sys=0.01s Real=0.00s
[2026-03-25T21:45:27.362+0900][20.304s][info][gc          ] GC(543) Concurrent Mark Cycle
[2026-03-25T21:45:27.362+0900][20.304s][info][gc,marking  ] GC(543) Concurrent Clear Claimed Marks
[2026-03-25T21:45:27.362+0900][20.304s][info][gc,marking  ] GC(543) Concurrent Clear Claimed Marks 0.012ms
[2026-03-25T21:45:27.362+0900][20.304s][info][gc,marking  ] GC(543) Concurrent Scan Root Regions
[2026-03-25T21:45:27.362+0900][20.304s][info][gc,marking  ] GC(543) Concurrent Scan Root Regions 0.041ms
[2026-03-25T21:45:27.362+0900][20.304s][info][gc,marking  ] GC(543) Concurrent Mark
[2026-03-25T21:45:27.362+0900][20.304s][info][gc,marking  ] GC(543) Concurrent Mark From Roots
[2026-03-25T21:45:27.362+0900][20.304s][info][gc,task     ] GC(543) Using 2 workers of 2 for marking
[2026-03-25T21:45:27.364+0900][20.306s][info][gc,marking  ] GC(543) Concurrent Mark From Roots 1.711ms
[2026-03-25T21:45:27.364+0900][20.306s][info][gc,marking  ] GC(543) Concurrent Preclean
[2026-03-25T21:45:27.364+0900][20.306s][info][gc,marking  ] GC(543) Concurrent Preclean 0.034ms
[2026-03-25T21:45:27.364+0900][20.306s][info][gc,start    ] GC(543) Pause Remark
[2026-03-25T21:45:27.364+0900][20.307s][info][gc          ] GC(543) Pause Remark 440M->440M(512M) 0.423ms
[2026-03-25T21:45:27.364+0900][20.307s][info][gc,cpu      ] GC(543) User=0.00s Sys=0.00s Real=0.00s
[2026-03-25T21:45:27.364+0900][20.307s][info][gc,marking  ] GC(543) Concurrent Mark 2.300ms
[2026-03-25T21:45:27.364+0900][20.307s][info][gc,marking  ] GC(543) Concurrent Rebuild Remembered Sets
[2026-03-25T21:45:27.365+0900][20.307s][info][gc,marking  ] GC(543) Concurrent Rebuild Remembered Sets 0.644ms
[2026-03-25T21:45:27.365+0900][20.307s][info][gc,start    ] GC(543) Pause Cleanup
[2026-03-25T21:45:27.365+0900][20.307s][info][gc          ] GC(543) Pause Cleanup 440M->440M(512M) 0.076ms
[2026-03-25T21:45:27.365+0900][20.307s][info][gc,cpu      ] GC(543) User=0.00s Sys=0.00s Real=0.00s
[2026-03-25T21:45:27.365+0900][20.308s][info][gc,marking  ] GC(543) Concurrent Cleanup for Next Mark
[2026-03-25T21:45:27.366+0900][20.308s][info][gc,marking  ] GC(543) Concurrent Cleanup for Next Mark 0.411ms
[2026-03-25T21:45:27.366+0900][20.308s][info][gc          ] GC(543) Concurrent Mark Cycle 3.720ms
[2026-03-25T21:45:27.415+0900][20.358s][info][gc,start    ] GC(544) Pause Young (Concurrent Start) (G1 Humongous Allocation)
[2026-03-25T21:45:27.415+0900][20.358s][info][gc,task     ] GC(544) Using 8 workers of 8 for evacuation
[2026-03-25T21:45:27.416+0900][20.358s][info][gc,phases   ] GC(544)   Pre Evacuate Collection Set: 0.1ms
[2026-03-25T21:45:27.416+0900][20.358s][info][gc,phases   ] GC(544)   Merge Heap Roots: 0.1ms
[2026-03-25T21:45:27.416+0900][20.358s][info][gc,phases   ] GC(544)   Evacuate Collection Set: 0.2ms
[2026-03-25T21:45:27.416+0900][20.358s][info][gc,phases   ] GC(544)   Post Evacuate Collection Set: 0.1ms
[2026-03-25T21:45:27.416+0900][20.358s][info][gc,phases   ] GC(544)   Other: 0.2ms
[2026-03-25T21:45:27.416+0900][20.358s][info][gc,heap     ] GC(544) Eden regions: 1->0(24)
[2026-03-25T21:45:27.416+0900][20.358s][info][gc,heap     ] GC(544) Survivor regions: 1->1(4)
[2026-03-25T21:45:27.416+0900][20.358s][info][gc,heap     ] GC(544) Old regions: 1->1
[2026-03-25T21:45:27.416+0900][20.358s][info][gc,heap     ] GC(544) Archive regions: 2->2
[2026-03-25T21:45:27.416+0900][20.358s][info][gc,heap     ] GC(544) Humongous regions: 439->439
[2026-03-25T21:45:27.416+0900][20.358s][info][gc,metaspace] GC(544) Metaspace: 184K(384K)->184K(384K) NonClass: 176K(256K)->176K(256K) Class: 7K(128K)->7K(128K)
[2026-03-25T21:45:27.416+0900][20.358s][info][gc          ] GC(544) Pause Young (Concurrent Start) (G1 Humongous Allocation) 440M->440M(512M) 0.859ms
[2026-03-25T21:45:27.416+0900][20.358s][info][gc,cpu      ] GC(544) User=0.00s Sys=0.00s Real=0.00s
[2026-03-25T21:45:27.416+0900][20.358s][info][gc          ] GC(545) Concurrent Mark Cycle
[2026-03-25T21:45:27.416+0900][20.358s][info][gc,marking  ] GC(545) Concurrent Clear Claimed Marks
[2026-03-25T21:45:27.416+0900][20.359s][info][gc,marking  ] GC(545) Concurrent Clear Claimed Marks 0.015ms
[2026-03-25T21:45:27.416+0900][20.359s][info][gc,marking  ] GC(545) Concurrent Scan Root Regions
[2026-03-25T21:45:27.416+0900][20.359s][info][gc,marking  ] GC(545) Concurrent Scan Root Regions 0.137ms
[2026-03-25T21:45:27.416+0900][20.359s][info][gc,marking  ] GC(545) Concurrent Mark
[2026-03-25T21:45:27.416+0900][20.359s][info][gc,marking  ] GC(545) Concurrent Mark From Roots
[2026-03-25T21:45:27.416+0900][20.359s][info][gc,task     ] GC(545) Using 2 workers of 2 for marking
[2026-03-25T21:45:27.419+0900][20.361s][info][gc,marking  ] GC(545) Concurrent Mark From Roots 2.374ms
[2026-03-25T21:45:27.419+0900][20.361s][info][gc,marking  ] GC(545) Concurrent Preclean
[2026-03-25T21:45:27.419+0900][20.361s][info][gc,marking  ] GC(545) Concurrent Preclean 0.044ms
[2026-03-25T21:45:27.419+0900][20.361s][info][gc,start    ] GC(545) Pause Remark
[2026-03-25T21:45:27.419+0900][20.362s][info][gc          ] GC(545) Pause Remark 441M->441M(512M) 0.466ms
[2026-03-25T21:45:27.420+0900][20.362s][info][gc,cpu      ] GC(545) User=0.00s Sys=0.00s Real=0.01s
[2026-03-25T21:45:27.420+0900][20.362s][info][gc,marking  ] GC(545) Concurrent Mark 3.199ms
[2026-03-25T21:45:27.420+0900][20.362s][info][gc,marking  ] GC(545) Concurrent Rebuild Remembered Sets
[2026-03-25T21:45:27.421+0900][20.363s][info][gc,marking  ] GC(545) Concurrent Rebuild Remembered Sets 1.035ms
[2026-03-25T21:45:27.421+0900][20.363s][info][gc,start    ] GC(545) Pause Cleanup
[2026-03-25T21:45:27.421+0900][20.363s][info][gc          ] GC(545) Pause Cleanup 441M->441M(512M) 0.102ms
[2026-03-25T21:45:27.421+0900][20.363s][info][gc,cpu      ] GC(545) User=0.00s Sys=0.00s Real=0.00s
[2026-03-25T21:45:27.421+0900][20.363s][info][gc,marking  ] GC(545) Concurrent Cleanup for Next Mark
[2026-03-25T21:45:27.421+0900][20.364s][info][gc,marking  ] GC(545) Concurrent Cleanup for Next Mark 0.429ms
[2026-03-25T21:45:27.421+0900][20.364s][info][gc          ] GC(545) Concurrent Mark Cycle 5.266ms
[2026-03-25T21:45:27.468+0900][20.410s][info][gc,start    ] GC(546) Pause Young (Concurrent Start) (G1 Humongous Allocation)
[2026-03-25T21:45:27.468+0900][20.410s][info][gc,task     ] GC(546) Using 8 workers of 8 for evacuation
[2026-03-25T21:45:27.469+0900][20.411s][info][gc,phases   ] GC(546)   Pre Evacuate Collection Set: 0.2ms
[2026-03-25T21:45:27.469+0900][20.411s][info][gc,phases   ] GC(546)   Merge Heap Roots: 0.1ms
[2026-03-25T21:45:27.469+0900][20.411s][info][gc,phases   ] GC(546)   Evacuate Collection Set: 0.2ms
[2026-03-25T21:45:27.469+0900][20.411s][info][gc,phases   ] GC(546)   Post Evacuate Collection Set: 0.1ms
[2026-03-25T21:45:27.469+0900][20.411s][info][gc,phases   ] GC(546)   Other: 0.3ms
[2026-03-25T21:45:27.469+0900][20.411s][info][gc,heap     ] GC(546) Eden regions: 1->0(24)
[2026-03-25T21:45:27.469+0900][20.411s][info][gc,heap     ] GC(546) Survivor regions: 1->1(4)
[2026-03-25T21:45:27.469+0900][20.411s][info][gc,heap     ] GC(546) Old regions: 1->1
[2026-03-25T21:45:27.469+0900][20.411s][info][gc,heap     ] GC(546) Archive regions: 2->2
[2026-03-25T21:45:27.469+0900][20.411s][info][gc,heap     ] GC(546) Humongous regions: 440->440
[2026-03-25T21:45:27.469+0900][20.411s][info][gc,metaspace] GC(546) Metaspace: 184K(384K)->184K(384K) NonClass: 176K(256K)->176K(256K) Class: 7K(128K)->7K(128K)
[2026-03-25T21:45:27.469+0900][20.411s][info][gc          ] GC(546) Pause Young (Concurrent Start) (G1 Humongous Allocation) 441M->441M(512M) 1.051ms
[2026-03-25T21:45:27.469+0900][20.411s][info][gc,cpu      ] GC(546) User=0.00s Sys=0.00s Real=0.00s
[2026-03-25T21:45:27.469+0900][20.411s][info][gc          ] GC(547) Concurrent Mark Cycle
[2026-03-25T21:45:27.469+0900][20.411s][info][gc,marking  ] GC(547) Concurrent Clear Claimed Marks
[2026-03-25T21:45:27.469+0900][20.411s][info][gc,marking  ] GC(547) Concurrent Clear Claimed Marks 0.013ms
[2026-03-25T21:45:27.469+0900][20.411s][info][gc,marking  ] GC(547) Concurrent Scan Root Regions
[2026-03-25T21:45:27.469+0900][20.411s][info][gc,marking  ] GC(547) Concurrent Scan Root Regions 0.108ms
[2026-03-25T21:45:27.469+0900][20.411s][info][gc,marking  ] GC(547) Concurrent Mark
[2026-03-25T21:45:27.469+0900][20.411s][info][gc,marking  ] GC(547) Concurrent Mark From Roots
[2026-03-25T21:45:27.469+0900][20.411s][info][gc,task     ] GC(547) Using 2 workers of 2 for marking
[2026-03-25T21:45:27.471+0900][20.413s][info][gc,marking  ] GC(547) Concurrent Mark From Roots 1.684ms
[2026-03-25T21:45:27.471+0900][20.413s][info][gc,marking  ] GC(547) Concurrent Preclean
[2026-03-25T21:45:27.471+0900][20.413s][info][gc,marking  ] GC(547) Concurrent Preclean 0.035ms
[2026-03-25T21:45:27.471+0900][20.413s][info][gc,start    ] GC(547) Pause Remark
[2026-03-25T21:45:27.471+0900][20.413s][info][gc          ] GC(547) Pause Remark 442M->442M(512M) 0.287ms
[2026-03-25T21:45:27.471+0900][20.413s][info][gc,cpu      ] GC(547) User=0.00s Sys=0.00s Real=0.00s
[2026-03-25T21:45:27.471+0900][20.413s][info][gc,marking  ] GC(547) Concurrent Mark 2.130ms
[2026-03-25T21:45:27.471+0900][20.413s][info][gc,marking  ] GC(547) Concurrent Rebuild Remembered Sets
[2026-03-25T21:45:27.472+0900][20.414s][info][gc,marking  ] GC(547) Concurrent Rebuild Remembered Sets 0.680ms
[2026-03-25T21:45:27.472+0900][20.414s][info][gc,start    ] GC(547) Pause Cleanup
[2026-03-25T21:45:27.472+0900][20.414s][info][gc          ] GC(547) Pause Cleanup 442M->442M(512M) 0.090ms
[2026-03-25T21:45:27.472+0900][20.414s][info][gc,cpu      ] GC(547) User=0.00s Sys=0.00s Real=0.00s
[2026-03-25T21:45:27.472+0900][20.414s][info][gc,marking  ] GC(547) Concurrent Cleanup for Next Mark
[2026-03-25T21:45:27.472+0900][20.415s][info][gc,marking  ] GC(547) Concurrent Cleanup for Next Mark 0.421ms
[2026-03-25T21:45:27.472+0900][20.415s][info][gc          ] GC(547) Concurrent Mark Cycle 3.690ms
[2026-03-25T21:45:27.522+0900][20.465s][info][gc,start    ] GC(548) Pause Young (Concurrent Start) (G1 Humongous Allocation)
[2026-03-25T21:45:27.522+0900][20.465s][info][gc,task     ] GC(548) Using 8 workers of 8 for evacuation
[2026-03-25T21:45:27.523+0900][20.465s][info][gc,phases   ] GC(548)   Pre Evacuate Collection Set: 0.1ms
[2026-03-25T21:45:27.523+0900][20.465s][info][gc,phases   ] GC(548)   Merge Heap Roots: 0.1ms
[2026-03-25T21:45:27.523+0900][20.465s][info][gc,phases   ] GC(548)   Evacuate Collection Set: 0.2ms
[2026-03-25T21:45:27.523+0900][20.465s][info][gc,phases   ] GC(548)   Post Evacuate Collection Set: 0.1ms
[2026-03-25T21:45:27.523+0900][20.465s][info][gc,phases   ] GC(548)   Other: 0.2ms
[2026-03-25T21:45:27.523+0900][20.465s][info][gc,heap     ] GC(548) Eden regions: 1->0(24)
[2026-03-25T21:45:27.523+0900][20.465s][info][gc,heap     ] GC(548) Survivor regions: 1->1(4)
[2026-03-25T21:45:27.523+0900][20.465s][info][gc,heap     ] GC(548) Old regions: 1->1
[2026-03-25T21:45:27.523+0900][20.465s][info][gc,heap     ] GC(548) Archive regions: 2->2
[2026-03-25T21:45:27.523+0900][20.465s][info][gc,heap     ] GC(548) Humongous regions: 441->441
[2026-03-25T21:45:27.523+0900][20.465s][info][gc,metaspace] GC(548) Metaspace: 184K(384K)->184K(384K) NonClass: 176K(256K)->176K(256K) Class: 7K(128K)->7K(128K)
[2026-03-25T21:45:27.523+0900][20.465s][info][gc          ] GC(548) Pause Young (Concurrent Start) (G1 Humongous Allocation) 442M->442M(512M) 0.865ms
[2026-03-25T21:45:27.523+0900][20.465s][info][gc,cpu      ] GC(548) User=0.00s Sys=0.00s Real=0.00s
[2026-03-25T21:45:27.523+0900][20.465s][info][gc          ] GC(549) Concurrent Mark Cycle
[2026-03-25T21:45:27.523+0900][20.466s][info][gc,marking  ] GC(549) Concurrent Clear Claimed Marks
[2026-03-25T21:45:27.523+0900][20.466s][info][gc,marking  ] GC(549) Concurrent Clear Claimed Marks 0.013ms
[2026-03-25T21:45:27.523+0900][20.466s][info][gc,marking  ] GC(549) Concurrent Scan Root Regions
[2026-03-25T21:45:27.523+0900][20.466s][info][gc,marking  ] GC(549) Concurrent Scan Root Regions 0.113ms
[2026-03-25T21:45:27.523+0900][20.466s][info][gc,marking  ] GC(549) Concurrent Mark
[2026-03-25T21:45:27.523+0900][20.466s][info][gc,marking  ] GC(549) Concurrent Mark From Roots
[2026-03-25T21:45:27.523+0900][20.466s][info][gc,task     ] GC(549) Using 2 workers of 2 for marking
[2026-03-25T21:45:27.525+0900][20.467s][info][gc,marking  ] GC(549) Concurrent Mark From Roots 1.652ms
[2026-03-25T21:45:27.525+0900][20.467s][info][gc,marking  ] GC(549) Concurrent Preclean
[2026-03-25T21:45:27.525+0900][20.467s][info][gc,marking  ] GC(549) Concurrent Preclean 0.034ms
[2026-03-25T21:45:27.525+0900][20.467s][info][gc,start    ] GC(549) Pause Remark
[2026-03-25T21:45:27.525+0900][20.468s][info][gc          ] GC(549) Pause Remark 445M->445M(512M) 0.329ms
[2026-03-25T21:45:27.525+0900][20.468s][info][gc,cpu      ] GC(549) User=0.01s Sys=0.00s Real=0.00s
[2026-03-25T21:45:27.525+0900][20.468s][info][gc,marking  ] GC(549) Concurrent Mark 2.130ms
[2026-03-25T21:45:27.526+0900][20.468s][info][gc,marking  ] GC(549) Concurrent Rebuild Remembered Sets
[2026-03-25T21:45:27.526+0900][20.468s][info][gc,marking  ] GC(549) Concurrent Rebuild Remembered Sets 0.675ms
[2026-03-25T21:45:27.526+0900][20.469s][info][gc,start    ] GC(549) Pause Cleanup
[2026-03-25T21:45:27.526+0900][20.469s][info][gc          ] GC(549) Pause Cleanup 445M->445M(512M) 0.079ms
[2026-03-25T21:45:27.526+0900][20.469s][info][gc,cpu      ] GC(549) User=0.00s Sys=0.00s Real=0.00s
[2026-03-25T21:45:27.526+0900][20.469s][info][gc,marking  ] GC(549) Concurrent Cleanup for Next Mark
[2026-03-25T21:45:27.527+0900][20.469s][info][gc,marking  ] GC(549) Concurrent Cleanup for Next Mark 0.423ms
[2026-03-25T21:45:27.527+0900][20.469s][info][gc          ] GC(549) Concurrent Mark Cycle 3.680ms
[2026-03-25T21:45:27.578+0900][20.520s][info][gc,start    ] GC(550) Pause Young (Concurrent Start) (G1 Humongous Allocation)
[2026-03-25T21:45:27.578+0900][20.520s][info][gc,task     ] GC(550) Using 8 workers of 8 for evacuation
[2026-03-25T21:45:27.579+0900][20.521s][info][gc,phases   ] GC(550)   Pre Evacuate Collection Set: 0.2ms
[2026-03-25T21:45:27.579+0900][20.521s][info][gc,phases   ] GC(550)   Merge Heap Roots: 0.1ms
[2026-03-25T21:45:27.579+0900][20.521s][info][gc,phases   ] GC(550)   Evacuate Collection Set: 0.3ms
[2026-03-25T21:45:27.579+0900][20.521s][info][gc,phases   ] GC(550)   Post Evacuate Collection Set: 0.2ms
[2026-03-25T21:45:27.579+0900][20.521s][info][gc,phases   ] GC(550)   Other: 0.3ms
[2026-03-25T21:45:27.579+0900][20.521s][info][gc,heap     ] GC(550) Eden regions: 1->0(24)
[2026-03-25T21:45:27.579+0900][20.521s][info][gc,heap     ] GC(550) Survivor regions: 1->1(4)
[2026-03-25T21:45:27.579+0900][20.521s][info][gc,heap     ] GC(550) Old regions: 1->1
[2026-03-25T21:45:27.579+0900][20.522s][info][gc,heap     ] GC(550) Archive regions: 2->2
[2026-03-25T21:45:27.579+0900][20.522s][info][gc,heap     ] GC(550) Humongous regions: 444->444
[2026-03-25T21:45:27.579+0900][20.522s][info][gc,metaspace] GC(550) Metaspace: 184K(384K)->184K(384K) NonClass: 176K(256K)->176K(256K) Class: 7K(128K)->7K(128K)
[2026-03-25T21:45:27.579+0900][20.522s][info][gc          ] GC(550) Pause Young (Concurrent Start) (G1 Humongous Allocation) 445M->445M(512M) 1.418ms
[2026-03-25T21:45:27.579+0900][20.522s][info][gc,cpu      ] GC(550) User=0.00s Sys=0.00s Real=0.00s
[2026-03-25T21:45:27.579+0900][20.522s][info][gc          ] GC(551) Concurrent Mark Cycle
[2026-03-25T21:45:27.579+0900][20.522s][info][gc,marking  ] GC(551) Concurrent Clear Claimed Marks
[2026-03-25T21:45:27.580+0900][20.522s][info][gc,marking  ] GC(551) Concurrent Clear Claimed Marks 0.027ms
[2026-03-25T21:45:27.580+0900][20.522s][info][gc,marking  ] GC(551) Concurrent Scan Root Regions
[2026-03-25T21:45:27.580+0900][20.522s][info][gc,marking  ] GC(551) Concurrent Scan Root Regions 0.209ms
[2026-03-25T21:45:27.580+0900][20.522s][info][gc,marking  ] GC(551) Concurrent Mark
[2026-03-25T21:45:27.580+0900][20.522s][info][gc,marking  ] GC(551) Concurrent Mark From Roots
[2026-03-25T21:45:27.580+0900][20.522s][info][gc,task     ] GC(551) Using 2 workers of 2 for marking
[2026-03-25T21:45:27.582+0900][20.525s][info][gc,marking  ] GC(551) Concurrent Mark From Roots 2.628ms
[2026-03-25T21:45:27.582+0900][20.525s][info][gc,marking  ] GC(551) Concurrent Preclean
[2026-03-25T21:45:27.582+0900][20.525s][info][gc,marking  ] GC(551) Concurrent Preclean 0.041ms
[2026-03-25T21:45:27.583+0900][20.525s][info][gc,start    ] GC(551) Pause Remark
[2026-03-25T21:45:27.583+0900][20.525s][info][gc          ] GC(551) Pause Remark 446M->446M(512M) 0.352ms
[2026-03-25T21:45:27.583+0900][20.525s][info][gc,cpu      ] GC(551) User=0.00s Sys=0.00s Real=0.00s
[2026-03-25T21:45:27.583+0900][20.525s][info][gc,marking  ] GC(551) Concurrent Mark 3.179ms
[2026-03-25T21:45:27.583+0900][20.525s][info][gc,marking  ] GC(551) Concurrent Rebuild Remembered Sets
[2026-03-25T21:45:27.584+0900][20.526s][info][gc,marking  ] GC(551) Concurrent Rebuild Remembered Sets 0.777ms
[2026-03-25T21:45:27.584+0900][20.526s][info][gc,start    ] GC(551) Pause Cleanup
[2026-03-25T21:45:27.584+0900][20.526s][info][gc          ] GC(551) Pause Cleanup 446M->446M(512M) 0.078ms
[2026-03-25T21:45:27.584+0900][20.526s][info][gc,cpu      ] GC(551) User=0.00s Sys=0.00s Real=0.00s
[2026-03-25T21:45:27.584+0900][20.526s][info][gc,marking  ] GC(551) Concurrent Cleanup for Next Mark
[2026-03-25T21:45:27.584+0900][20.527s][info][gc,marking  ] GC(551) Concurrent Cleanup for Next Mark 0.331ms
[2026-03-25T21:45:27.584+0900][20.527s][info][gc          ] GC(551) Concurrent Mark Cycle 4.884ms
[2026-03-25T21:45:27.634+0900][20.577s][info][gc,start    ] GC(552) Pause Young (Concurrent Start) (G1 Humongous Allocation)
[2026-03-25T21:45:27.635+0900][20.577s][info][gc,task     ] GC(552) Using 8 workers of 8 for evacuation
[2026-03-25T21:45:27.635+0900][20.578s][info][gc,phases   ] GC(552)   Pre Evacuate Collection Set: 0.2ms
[2026-03-25T21:45:27.635+0900][20.578s][info][gc,phases   ] GC(552)   Merge Heap Roots: 0.1ms
[2026-03-25T21:45:27.635+0900][20.578s][info][gc,phases   ] GC(552)   Evacuate Collection Set: 0.2ms
[2026-03-25T21:45:27.635+0900][20.578s][info][gc,phases   ] GC(552)   Post Evacuate Collection Set: 0.1ms
[2026-03-25T21:45:27.635+0900][20.578s][info][gc,phases   ] GC(552)   Other: 0.3ms
[2026-03-25T21:45:27.635+0900][20.578s][info][gc,heap     ] GC(552) Eden regions: 1->0(24)
[2026-03-25T21:45:27.635+0900][20.578s][info][gc,heap     ] GC(552) Survivor regions: 1->1(4)
[2026-03-25T21:45:27.635+0900][20.578s][info][gc,heap     ] GC(552) Old regions: 1->1
[2026-03-25T21:45:27.635+0900][20.578s][info][gc,heap     ] GC(552) Archive regions: 2->2
[2026-03-25T21:45:27.635+0900][20.578s][info][gc,heap     ] GC(552) Humongous regions: 445->445
[2026-03-25T21:45:27.635+0900][20.578s][info][gc,metaspace] GC(552) Metaspace: 184K(384K)->184K(384K) NonClass: 176K(256K)->176K(256K) Class: 7K(128K)->7K(128K)
[2026-03-25T21:45:27.636+0900][20.578s][info][gc          ] GC(552) Pause Young (Concurrent Start) (G1 Humongous Allocation) 446M->446M(512M) 1.107ms
[2026-03-25T21:45:27.636+0900][20.578s][info][gc,cpu      ] GC(552) User=0.00s Sys=0.00s Real=0.00s
[2026-03-25T21:45:27.636+0900][20.578s][info][gc          ] GC(553) Concurrent Mark Cycle
[2026-03-25T21:45:27.636+0900][20.578s][info][gc,marking  ] GC(553) Concurrent Clear Claimed Marks
[2026-03-25T21:45:27.636+0900][20.578s][info][gc,marking  ] GC(553) Concurrent Clear Claimed Marks 0.017ms
[2026-03-25T21:45:27.636+0900][20.578s][info][gc,marking  ] GC(553) Concurrent Scan Root Regions
[2026-03-25T21:45:27.636+0900][20.578s][info][gc,marking  ] GC(553) Concurrent Scan Root Regions 0.127ms
[2026-03-25T21:45:27.636+0900][20.578s][info][gc,marking  ] GC(553) Concurrent Mark
[2026-03-25T21:45:27.636+0900][20.578s][info][gc,marking  ] GC(553) Concurrent Mark From Roots
[2026-03-25T21:45:27.636+0900][20.578s][info][gc,task     ] GC(553) Using 2 workers of 2 for marking
[2026-03-25T21:45:27.638+0900][20.580s][info][gc,marking  ] GC(553) Concurrent Mark From Roots 1.920ms
[2026-03-25T21:45:27.638+0900][20.580s][info][gc,marking  ] GC(553) Concurrent Preclean
[2026-03-25T21:45:27.638+0900][20.580s][info][gc,marking  ] GC(553) Concurrent Preclean 0.036ms
[2026-03-25T21:45:27.638+0900][20.580s][info][gc,start    ] GC(553) Pause Remark
[2026-03-25T21:45:27.638+0900][20.581s][info][gc          ] GC(553) Pause Remark 447M->447M(512M) 0.419ms
[2026-03-25T21:45:27.638+0900][20.581s][info][gc,cpu      ] GC(553) User=0.00s Sys=0.00s Real=0.00s
[2026-03-25T21:45:27.638+0900][20.581s][info][gc,marking  ] GC(553) Concurrent Mark 2.596ms
[2026-03-25T21:45:27.638+0900][20.581s][info][gc,marking  ] GC(553) Concurrent Rebuild Remembered Sets
[2026-03-25T21:45:27.639+0900][20.581s][info][gc,marking  ] GC(553) Concurrent Rebuild Remembered Sets 0.666ms
[2026-03-25T21:45:27.639+0900][20.581s][info][gc,start    ] GC(553) Pause Cleanup
[2026-03-25T21:45:27.639+0900][20.581s][info][gc          ] GC(553) Pause Cleanup 447M->447M(512M) 0.105ms
[2026-03-25T21:45:27.639+0900][20.582s][info][gc,cpu      ] GC(553) User=0.00s Sys=0.01s Real=0.00s
[2026-03-25T21:45:27.639+0900][20.582s][info][gc,marking  ] GC(553) Concurrent Cleanup for Next Mark
[2026-03-25T21:45:27.640+0900][20.582s][info][gc,marking  ] GC(553) Concurrent Cleanup for Next Mark 0.460ms
[2026-03-25T21:45:27.640+0900][20.582s][info][gc          ] GC(553) Concurrent Mark Cycle 4.235ms
[2026-03-25T21:45:27.686+0900][20.628s][info][gc,start    ] GC(554) Pause Young (Concurrent Start) (G1 Humongous Allocation)
[2026-03-25T21:45:27.686+0900][20.628s][info][gc,task     ] GC(554) Using 8 workers of 8 for evacuation
[2026-03-25T21:45:27.687+0900][20.629s][info][gc,phases   ] GC(554)   Pre Evacuate Collection Set: 0.2ms
[2026-03-25T21:45:27.687+0900][20.629s][info][gc,phases   ] GC(554)   Merge Heap Roots: 0.1ms
[2026-03-25T21:45:27.687+0900][20.629s][info][gc,phases   ] GC(554)   Evacuate Collection Set: 0.2ms
[2026-03-25T21:45:27.687+0900][20.629s][info][gc,phases   ] GC(554)   Post Evacuate Collection Set: 0.1ms
[2026-03-25T21:45:27.687+0900][20.629s][info][gc,phases   ] GC(554)   Other: 0.3ms
[2026-03-25T21:45:27.687+0900][20.629s][info][gc,heap     ] GC(554) Eden regions: 1->0(24)
[2026-03-25T21:45:27.687+0900][20.629s][info][gc,heap     ] GC(554) Survivor regions: 1->1(4)
[2026-03-25T21:45:27.687+0900][20.629s][info][gc,heap     ] GC(554) Old regions: 1->1
[2026-03-25T21:45:27.687+0900][20.629s][info][gc,heap     ] GC(554) Archive regions: 2->2
[2026-03-25T21:45:27.687+0900][20.629s][info][gc,heap     ] GC(554) Humongous regions: 446->446
[2026-03-25T21:45:27.687+0900][20.629s][info][gc,metaspace] GC(554) Metaspace: 184K(384K)->184K(384K) NonClass: 176K(256K)->176K(256K) Class: 7K(128K)->7K(128K)
[2026-03-25T21:45:27.687+0900][20.629s][info][gc          ] GC(554) Pause Young (Concurrent Start) (G1 Humongous Allocation) 447M->447M(512M) 1.082ms
[2026-03-25T21:45:27.687+0900][20.629s][info][gc,cpu      ] GC(554) User=0.01s Sys=0.00s Real=0.00s
[2026-03-25T21:45:27.687+0900][20.629s][info][gc          ] GC(555) Concurrent Mark Cycle
[2026-03-25T21:45:27.687+0900][20.629s][info][gc,marking  ] GC(555) Concurrent Clear Claimed Marks
[2026-03-25T21:45:27.687+0900][20.629s][info][gc,marking  ] GC(555) Concurrent Clear Claimed Marks 0.016ms
[2026-03-25T21:45:27.687+0900][20.629s][info][gc,marking  ] GC(555) Concurrent Scan Root Regions
[2026-03-25T21:45:27.687+0900][20.629s][info][gc,marking  ] GC(555) Concurrent Scan Root Regions 0.124ms
[2026-03-25T21:45:27.687+0900][20.629s][info][gc,marking  ] GC(555) Concurrent Mark
[2026-03-25T21:45:27.687+0900][20.629s][info][gc,marking  ] GC(555) Concurrent Mark From Roots
[2026-03-25T21:45:27.687+0900][20.629s][info][gc,task     ] GC(555) Using 2 workers of 2 for marking
[2026-03-25T21:45:27.689+0900][20.632s][info][gc,marking  ] GC(555) Concurrent Mark From Roots 2.096ms
[2026-03-25T21:45:27.689+0900][20.632s][info][gc,marking  ] GC(555) Concurrent Preclean
[2026-03-25T21:45:27.689+0900][20.632s][info][gc,marking  ] GC(555) Concurrent Preclean 0.041ms
[2026-03-25T21:45:27.689+0900][20.632s][info][gc,start    ] GC(555) Pause Remark
[2026-03-25T21:45:27.690+0900][20.632s][info][gc          ] GC(555) Pause Remark 448M->448M(512M) 0.374ms
[2026-03-25T21:45:27.690+0900][20.632s][info][gc,cpu      ] GC(555) User=0.00s Sys=0.00s Real=0.01s
[2026-03-25T21:45:27.690+0900][20.632s][info][gc,marking  ] GC(555) Concurrent Mark 2.729ms
[2026-03-25T21:45:27.690+0900][20.632s][info][gc,marking  ] GC(555) Concurrent Rebuild Remembered Sets
[2026-03-25T21:45:27.691+0900][20.633s][info][gc,marking  ] GC(555) Concurrent Rebuild Remembered Sets 0.771ms
[2026-03-25T21:45:27.691+0900][20.633s][info][gc,start    ] GC(555) Pause Cleanup
[2026-03-25T21:45:27.691+0900][20.633s][info][gc          ] GC(555) Pause Cleanup 448M->448M(512M) 0.095ms
[2026-03-25T21:45:27.691+0900][20.633s][info][gc,cpu      ] GC(555) User=0.00s Sys=0.00s Real=0.00s
[2026-03-25T21:45:27.691+0900][20.633s][info][gc,marking  ] GC(555) Concurrent Cleanup for Next Mark
[2026-03-25T21:45:27.691+0900][20.634s][info][gc,marking  ] GC(555) Concurrent Cleanup for Next Mark 0.378ms
[2026-03-25T21:45:27.691+0900][20.634s][info][gc          ] GC(555) Concurrent Mark Cycle 4.391ms
[2026-03-25T21:45:27.739+0900][20.682s][info][gc,start    ] GC(556) Pause Young (Concurrent Start) (G1 Humongous Allocation)
[2026-03-25T21:45:27.740+0900][20.682s][info][gc,task     ] GC(556) Using 8 workers of 8 for evacuation
[2026-03-25T21:45:27.740+0900][20.683s][info][gc,phases   ] GC(556)   Pre Evacuate Collection Set: 0.1ms
[2026-03-25T21:45:27.740+0900][20.683s][info][gc,phases   ] GC(556)   Merge Heap Roots: 0.1ms
[2026-03-25T21:45:27.740+0900][20.683s][info][gc,phases   ] GC(556)   Evacuate Collection Set: 0.2ms
[2026-03-25T21:45:27.740+0900][20.683s][info][gc,phases   ] GC(556)   Post Evacuate Collection Set: 0.2ms
[2026-03-25T21:45:27.740+0900][20.683s][info][gc,phases   ] GC(556)   Other: 0.3ms
[2026-03-25T21:45:27.740+0900][20.683s][info][gc,heap     ] GC(556) Eden regions: 1->0(24)
[2026-03-25T21:45:27.740+0900][20.683s][info][gc,heap     ] GC(556) Survivor regions: 1->1(4)
[2026-03-25T21:45:27.740+0900][20.683s][info][gc,heap     ] GC(556) Old regions: 1->1
[2026-03-25T21:45:27.740+0900][20.683s][info][gc,heap     ] GC(556) Archive regions: 2->2
[2026-03-25T21:45:27.740+0900][20.683s][info][gc,heap     ] GC(556) Humongous regions: 447->447
[2026-03-25T21:45:27.740+0900][20.683s][info][gc,metaspace] GC(556) Metaspace: 184K(384K)->184K(384K) NonClass: 176K(256K)->176K(256K) Class: 7K(128K)->7K(128K)
[2026-03-25T21:45:27.740+0900][20.683s][info][gc          ] GC(556) Pause Young (Concurrent Start) (G1 Humongous Allocation) 448M->448M(512M) 1.113ms
[2026-03-25T21:45:27.741+0900][20.683s][info][gc,cpu      ] GC(556) User=0.00s Sys=0.00s Real=0.01s
[2026-03-25T21:45:27.741+0900][20.683s][info][gc          ] GC(557) Concurrent Mark Cycle
[2026-03-25T21:45:27.741+0900][20.683s][info][gc,marking  ] GC(557) Concurrent Clear Claimed Marks
[2026-03-25T21:45:27.741+0900][20.683s][info][gc,marking  ] GC(557) Concurrent Clear Claimed Marks 0.023ms
[2026-03-25T21:45:27.741+0900][20.683s][info][gc,marking  ] GC(557) Concurrent Scan Root Regions
[2026-03-25T21:45:27.741+0900][20.683s][info][gc,marking  ] GC(557) Concurrent Scan Root Regions 0.154ms
[2026-03-25T21:45:27.741+0900][20.683s][info][gc,marking  ] GC(557) Concurrent Mark
[2026-03-25T21:45:27.741+0900][20.683s][info][gc,marking  ] GC(557) Concurrent Mark From Roots
[2026-03-25T21:45:27.741+0900][20.683s][info][gc,task     ] GC(557) Using 2 workers of 2 for marking
[2026-03-25T21:45:27.744+0900][20.686s][info][gc,marking  ] GC(557) Concurrent Mark From Roots 2.718ms
[2026-03-25T21:45:27.744+0900][20.686s][info][gc,marking  ] GC(557) Concurrent Preclean
[2026-03-25T21:45:27.744+0900][20.686s][info][gc,marking  ] GC(557) Concurrent Preclean 0.043ms
[2026-03-25T21:45:27.744+0900][20.686s][info][gc,start    ] GC(557) Pause Remark
[2026-03-25T21:45:27.744+0900][20.686s][info][gc          ] GC(557) Pause Remark 449M->449M(512M) 0.375ms
[2026-03-25T21:45:27.744+0900][20.686s][info][gc,cpu      ] GC(557) User=0.00s Sys=0.00s Real=0.00s
[2026-03-25T21:45:27.744+0900][20.687s][info][gc,marking  ] GC(557) Concurrent Mark 3.375ms
[2026-03-25T21:45:27.744+0900][20.687s][info][gc,marking  ] GC(557) Concurrent Rebuild Remembered Sets
[2026-03-25T21:45:27.745+0900][20.687s][info][gc,marking  ] GC(557) Concurrent Rebuild Remembered Sets 0.784ms
[2026-03-25T21:45:27.745+0900][20.687s][info][gc,start    ] GC(557) Pause Cleanup
[2026-03-25T21:45:27.745+0900][20.687s][info][gc          ] GC(557) Pause Cleanup 449M->449M(512M) 0.099ms
[2026-03-25T21:45:27.745+0900][20.687s][info][gc,cpu      ] GC(557) User=0.00s Sys=0.00s Real=0.00s
[2026-03-25T21:45:27.745+0900][20.687s][info][gc,marking  ] GC(557) Concurrent Cleanup for Next Mark
[2026-03-25T21:45:27.746+0900][20.688s][info][gc,marking  ] GC(557) Concurrent Cleanup for Next Mark 0.425ms
[2026-03-25T21:45:27.746+0900][20.688s][info][gc          ] GC(557) Concurrent Mark Cycle 5.194ms
[2026-03-25T21:45:27.792+0900][20.735s][info][gc,start    ] GC(558) Pause Young (Concurrent Start) (G1 Humongous Allocation)
[2026-03-25T21:45:27.793+0900][20.735s][info][gc,task     ] GC(558) Using 8 workers of 8 for evacuation
[2026-03-25T21:45:27.793+0900][20.736s][info][gc,phases   ] GC(558)   Pre Evacuate Collection Set: 0.2ms
[2026-03-25T21:45:27.793+0900][20.736s][info][gc,phases   ] GC(558)   Merge Heap Roots: 0.1ms
[2026-03-25T21:45:27.793+0900][20.736s][info][gc,phases   ] GC(558)   Evacuate Collection Set: 0.2ms
[2026-03-25T21:45:27.793+0900][20.736s][info][gc,phases   ] GC(558)   Post Evacuate Collection Set: 0.2ms
[2026-03-25T21:45:27.794+0900][20.736s][info][gc,phases   ] GC(558)   Other: 0.2ms
[2026-03-25T21:45:27.794+0900][20.736s][info][gc,heap     ] GC(558) Eden regions: 1->0(24)
[2026-03-25T21:45:27.794+0900][20.736s][info][gc,heap     ] GC(558) Survivor regions: 1->1(4)
[2026-03-25T21:45:27.794+0900][20.736s][info][gc,heap     ] GC(558) Old regions: 1->1
[2026-03-25T21:45:27.794+0900][20.736s][info][gc,heap     ] GC(558) Archive regions: 2->2
[2026-03-25T21:45:27.794+0900][20.736s][info][gc,heap     ] GC(558) Humongous regions: 448->448
[2026-03-25T21:45:27.794+0900][20.736s][info][gc,metaspace] GC(558) Metaspace: 184K(384K)->184K(384K) NonClass: 176K(256K)->176K(256K) Class: 7K(128K)->7K(128K)
[2026-03-25T21:45:27.794+0900][20.736s][info][gc          ] GC(558) Pause Young (Concurrent Start) (G1 Humongous Allocation) 449M->449M(512M) 1.137ms
[2026-03-25T21:45:27.794+0900][20.736s][info][gc,cpu      ] GC(558) User=0.00s Sys=0.00s Real=0.00s
[2026-03-25T21:45:27.794+0900][20.736s][info][gc          ] GC(559) Concurrent Mark Cycle
[2026-03-25T21:45:27.794+0900][20.736s][info][gc,marking  ] GC(559) Concurrent Clear Claimed Marks
[2026-03-25T21:45:27.794+0900][20.736s][info][gc,marking  ] GC(559) Concurrent Clear Claimed Marks 0.103ms
[2026-03-25T21:45:27.794+0900][20.736s][info][gc,marking  ] GC(559) Concurrent Scan Root Regions
[2026-03-25T21:45:27.795+0900][20.737s][info][gc,marking  ] GC(559) Concurrent Scan Root Regions 0.801ms
[2026-03-25T21:45:27.795+0900][20.737s][info][gc,marking  ] GC(559) Concurrent Mark
[2026-03-25T21:45:27.795+0900][20.737s][info][gc,marking  ] GC(559) Concurrent Mark From Roots
[2026-03-25T21:45:27.795+0900][20.737s][info][gc,task     ] GC(559) Using 2 workers of 2 for marking
[2026-03-25T21:45:27.800+0900][20.742s][info][gc,marking  ] GC(559) Concurrent Mark From Roots 4.549ms
[2026-03-25T21:45:27.800+0900][20.742s][info][gc,marking  ] GC(559) Concurrent Preclean
[2026-03-25T21:45:27.800+0900][20.742s][info][gc,marking  ] GC(559) Concurrent Preclean 0.046ms
[2026-03-25T21:45:27.800+0900][20.742s][info][gc,start    ] GC(559) Pause Remark
[2026-03-25T21:45:27.800+0900][20.743s][info][gc          ] GC(559) Pause Remark 450M->450M(512M) 0.533ms
[2026-03-25T21:45:27.801+0900][20.743s][info][gc,cpu      ] GC(559) User=0.00s Sys=0.00s Real=0.00s
[2026-03-25T21:45:27.801+0900][20.743s][info][gc,marking  ] GC(559) Concurrent Mark 5.722ms
[2026-03-25T21:45:27.801+0900][20.743s][info][gc,marking  ] GC(559) Concurrent Rebuild Remembered Sets
[2026-03-25T21:45:27.802+0900][20.744s][info][gc,marking  ] GC(559) Concurrent Rebuild Remembered Sets 1.200ms
[2026-03-25T21:45:27.802+0900][20.745s][info][gc,start    ] GC(559) Pause Cleanup
[2026-03-25T21:45:27.802+0900][20.745s][info][gc          ] GC(559) Pause Cleanup 450M->450M(512M) 0.189ms
[2026-03-25T21:45:27.803+0900][20.745s][info][gc,cpu      ] GC(559) User=0.00s Sys=0.00s Real=0.00s
[2026-03-25T21:45:27.803+0900][20.745s][info][gc,marking  ] GC(559) Concurrent Cleanup for Next Mark
[2026-03-25T21:45:27.803+0900][20.745s][info][gc,marking  ] GC(559) Concurrent Cleanup for Next Mark 0.433ms
[2026-03-25T21:45:27.803+0900][20.745s][info][gc          ] GC(559) Concurrent Mark Cycle 9.340ms
[2026-03-25T21:45:27.849+0900][20.792s][info][gc,start    ] GC(560) Pause Young (Concurrent Start) (G1 Humongous Allocation)
[2026-03-25T21:45:27.849+0900][20.792s][info][gc,task     ] GC(560) Using 8 workers of 8 for evacuation
[2026-03-25T21:45:27.851+0900][20.793s][info][gc,phases   ] GC(560)   Pre Evacuate Collection Set: 0.3ms
[2026-03-25T21:45:27.851+0900][20.793s][info][gc,phases   ] GC(560)   Merge Heap Roots: 0.1ms
[2026-03-25T21:45:27.851+0900][20.793s][info][gc,phases   ] GC(560)   Evacuate Collection Set: 0.3ms
[2026-03-25T21:45:27.851+0900][20.793s][info][gc,phases   ] GC(560)   Post Evacuate Collection Set: 0.2ms
[2026-03-25T21:45:27.851+0900][20.793s][info][gc,phases   ] GC(560)   Other: 0.3ms
[2026-03-25T21:45:27.851+0900][20.793s][info][gc,heap     ] GC(560) Eden regions: 1->0(24)
[2026-03-25T21:45:27.851+0900][20.793s][info][gc,heap     ] GC(560) Survivor regions: 1->1(4)
[2026-03-25T21:45:27.851+0900][20.793s][info][gc,heap     ] GC(560) Old regions: 1->1
[2026-03-25T21:45:27.851+0900][20.793s][info][gc,heap     ] GC(560) Archive regions: 2->2
[2026-03-25T21:45:27.851+0900][20.793s][info][gc,heap     ] GC(560) Humongous regions: 449->449
[2026-03-25T21:45:27.851+0900][20.793s][info][gc,metaspace] GC(560) Metaspace: 184K(384K)->184K(384K) NonClass: 176K(256K)->176K(256K) Class: 7K(128K)->7K(128K)
[2026-03-25T21:45:27.851+0900][20.793s][info][gc          ] GC(560) Pause Young (Concurrent Start) (G1 Humongous Allocation) 450M->450M(512M) 1.728ms
[2026-03-25T21:45:27.851+0900][20.793s][info][gc,cpu      ] GC(560) User=0.00s Sys=0.00s Real=0.01s
[2026-03-25T21:45:27.851+0900][20.793s][info][gc          ] GC(561) Concurrent Mark Cycle
[2026-03-25T21:45:27.851+0900][20.793s][info][gc,marking  ] GC(561) Concurrent Clear Claimed Marks
[2026-03-25T21:45:27.851+0900][20.793s][info][gc,marking  ] GC(561) Concurrent Clear Claimed Marks 0.016ms
[2026-03-25T21:45:27.851+0900][20.793s][info][gc,marking  ] GC(561) Concurrent Scan Root Regions
[2026-03-25T21:45:27.851+0900][20.794s][info][gc,marking  ] GC(561) Concurrent Scan Root Regions 0.131ms
[2026-03-25T21:45:27.851+0900][20.794s][info][gc,marking  ] GC(561) Concurrent Mark
[2026-03-25T21:45:27.851+0900][20.794s][info][gc,marking  ] GC(561) Concurrent Mark From Roots
[2026-03-25T21:45:27.851+0900][20.794s][info][gc,task     ] GC(561) Using 2 workers of 2 for marking
[2026-03-25T21:45:27.853+0900][20.796s][info][gc,marking  ] GC(561) Concurrent Mark From Roots 2.043ms
[2026-03-25T21:45:27.853+0900][20.796s][info][gc,marking  ] GC(561) Concurrent Preclean
[2026-03-25T21:45:27.854+0900][20.796s][info][gc,marking  ] GC(561) Concurrent Preclean 0.040ms
[2026-03-25T21:45:27.854+0900][20.796s][info][gc,start    ] GC(561) Pause Remark
[2026-03-25T21:45:27.854+0900][20.796s][info][gc          ] GC(561) Pause Remark 451M->451M(512M) 0.327ms
[2026-03-25T21:45:27.854+0900][20.796s][info][gc,cpu      ] GC(561) User=0.00s Sys=0.00s Real=0.00s
[2026-03-25T21:45:27.854+0900][20.796s][info][gc,marking  ] GC(561) Concurrent Mark 2.644ms
[2026-03-25T21:45:27.854+0900][20.796s][info][gc,marking  ] GC(561) Concurrent Rebuild Remembered Sets
[2026-03-25T21:45:27.855+0900][20.797s][info][gc,marking  ] GC(561) Concurrent Rebuild Remembered Sets 0.647ms
[2026-03-25T21:45:27.855+0900][20.797s][info][gc,start    ] GC(561) Pause Cleanup
[2026-03-25T21:45:27.855+0900][20.797s][info][gc          ] GC(561) Pause Cleanup 451M->451M(512M) 0.074ms
[2026-03-25T21:45:27.855+0900][20.797s][info][gc,cpu      ] GC(561) User=0.00s Sys=0.00s Real=0.00s
[2026-03-25T21:45:27.855+0900][20.797s][info][gc,marking  ] GC(561) Concurrent Cleanup for Next Mark
[2026-03-25T21:45:27.855+0900][20.798s][info][gc,marking  ] GC(561) Concurrent Cleanup for Next Mark 0.466ms
[2026-03-25T21:45:27.855+0900][20.798s][info][gc          ] GC(561) Concurrent Mark Cycle 4.223ms
[2026-03-25T21:45:27.906+0900][20.849s][info][gc,start    ] GC(562) Pause Young (Concurrent Start) (G1 Humongous Allocation)
[2026-03-25T21:45:27.906+0900][20.849s][info][gc,task     ] GC(562) Using 8 workers of 8 for evacuation
[2026-03-25T21:45:27.907+0900][20.850s][info][gc,phases   ] GC(562)   Pre Evacuate Collection Set: 0.2ms
[2026-03-25T21:45:27.907+0900][20.850s][info][gc,phases   ] GC(562)   Merge Heap Roots: 0.1ms
[2026-03-25T21:45:27.907+0900][20.850s][info][gc,phases   ] GC(562)   Evacuate Collection Set: 0.3ms
[2026-03-25T21:45:27.907+0900][20.850s][info][gc,phases   ] GC(562)   Post Evacuate Collection Set: 0.2ms
[2026-03-25T21:45:27.907+0900][20.850s][info][gc,phases   ] GC(562)   Other: 0.3ms
[2026-03-25T21:45:27.907+0900][20.850s][info][gc,heap     ] GC(562) Eden regions: 1->0(24)
[2026-03-25T21:45:27.907+0900][20.850s][info][gc,heap     ] GC(562) Survivor regions: 1->1(4)
[2026-03-25T21:45:27.907+0900][20.850s][info][gc,heap     ] GC(562) Old regions: 1->1
[2026-03-25T21:45:27.908+0900][20.850s][info][gc,heap     ] GC(562) Archive regions: 2->2
[2026-03-25T21:45:27.908+0900][20.850s][info][gc,heap     ] GC(562) Humongous regions: 450->450
[2026-03-25T21:45:27.908+0900][20.850s][info][gc,metaspace] GC(562) Metaspace: 184K(384K)->184K(384K) NonClass: 176K(256K)->176K(256K) Class: 7K(128K)->7K(128K)
[2026-03-25T21:45:27.908+0900][20.850s][info][gc          ] GC(562) Pause Young (Concurrent Start) (G1 Humongous Allocation) 451M->451M(512M) 1.395ms
[2026-03-25T21:45:27.908+0900][20.850s][info][gc,cpu      ] GC(562) User=0.00s Sys=0.00s Real=0.00s
[2026-03-25T21:45:27.908+0900][20.850s][info][gc          ] GC(563) Concurrent Mark Cycle
[2026-03-25T21:45:27.908+0900][20.850s][info][gc,marking  ] GC(563) Concurrent Clear Claimed Marks
[2026-03-25T21:45:27.908+0900][20.850s][info][gc,marking  ] GC(563) Concurrent Clear Claimed Marks 0.030ms
[2026-03-25T21:45:27.908+0900][20.850s][info][gc,marking  ] GC(563) Concurrent Scan Root Regions
[2026-03-25T21:45:27.908+0900][20.850s][info][gc,marking  ] GC(563) Concurrent Scan Root Regions 0.181ms
[2026-03-25T21:45:27.908+0900][20.850s][info][gc,marking  ] GC(563) Concurrent Mark
[2026-03-25T21:45:27.908+0900][20.850s][info][gc,marking  ] GC(563) Concurrent Mark From Roots
[2026-03-25T21:45:27.908+0900][20.850s][info][gc,task     ] GC(563) Using 2 workers of 2 for marking
[2026-03-25T21:45:27.910+0900][20.853s][info][gc,marking  ] GC(563) Concurrent Mark From Roots 2.441ms
[2026-03-25T21:45:27.911+0900][20.853s][info][gc,marking  ] GC(563) Concurrent Preclean
[2026-03-25T21:45:27.911+0900][20.853s][info][gc,marking  ] GC(563) Concurrent Preclean 0.042ms
[2026-03-25T21:45:27.911+0900][20.853s][info][gc,start    ] GC(563) Pause Remark
[2026-03-25T21:45:27.911+0900][20.853s][info][gc          ] GC(563) Pause Remark 452M->452M(512M) 0.348ms
[2026-03-25T21:45:27.911+0900][20.853s][info][gc,cpu      ] GC(563) User=0.00s Sys=0.01s Real=0.00s
[2026-03-25T21:45:27.911+0900][20.853s][info][gc,marking  ] GC(563) Concurrent Mark 2.998ms
[2026-03-25T21:45:27.911+0900][20.853s][info][gc,marking  ] GC(563) Concurrent Rebuild Remembered Sets
[2026-03-25T21:45:27.912+0900][20.854s][info][gc,marking  ] GC(563) Concurrent Rebuild Remembered Sets 0.772ms
[2026-03-25T21:45:27.912+0900][20.854s][info][gc,start    ] GC(563) Pause Cleanup
[2026-03-25T21:45:27.912+0900][20.854s][info][gc          ] GC(563) Pause Cleanup 452M->452M(512M) 0.094ms
[2026-03-25T21:45:27.912+0900][20.854s][info][gc,cpu      ] GC(563) User=0.00s Sys=0.00s Real=0.00s
[2026-03-25T21:45:27.912+0900][20.854s][info][gc,marking  ] GC(563) Concurrent Cleanup for Next Mark
[2026-03-25T21:45:27.912+0900][20.855s][info][gc,marking  ] GC(563) Concurrent Cleanup for Next Mark 0.382ms
[2026-03-25T21:45:27.913+0900][20.855s][info][gc          ] GC(563) Concurrent Mark Cycle 4.816ms
[2026-03-25T21:45:27.959+0900][20.901s][info][gc,start    ] GC(564) Pause Young (Concurrent Start) (G1 Humongous Allocation)
[2026-03-25T21:45:27.959+0900][20.901s][info][gc,task     ] GC(564) Using 8 workers of 8 for evacuation
[2026-03-25T21:45:27.960+0900][20.902s][info][gc,phases   ] GC(564)   Pre Evacuate Collection Set: 0.2ms
[2026-03-25T21:45:27.960+0900][20.903s][info][gc,phases   ] GC(564)   Merge Heap Roots: 0.1ms
[2026-03-25T21:45:27.960+0900][20.903s][info][gc,phases   ] GC(564)   Evacuate Collection Set: 0.4ms
[2026-03-25T21:45:27.960+0900][20.903s][info][gc,phases   ] GC(564)   Post Evacuate Collection Set: 0.2ms
[2026-03-25T21:45:27.960+0900][20.903s][info][gc,phases   ] GC(564)   Other: 0.2ms
[2026-03-25T21:45:27.960+0900][20.903s][info][gc,heap     ] GC(564) Eden regions: 1->0(24)
[2026-03-25T21:45:27.960+0900][20.903s][info][gc,heap     ] GC(564) Survivor regions: 1->1(4)
[2026-03-25T21:45:27.960+0900][20.903s][info][gc,heap     ] GC(564) Old regions: 1->1
[2026-03-25T21:45:27.960+0900][20.903s][info][gc,heap     ] GC(564) Archive regions: 2->2
[2026-03-25T21:45:27.961+0900][20.903s][info][gc,heap     ] GC(564) Humongous regions: 451->451
[2026-03-25T21:45:27.961+0900][20.903s][info][gc,metaspace] GC(564) Metaspace: 184K(384K)->184K(384K) NonClass: 176K(256K)->176K(256K) Class: 7K(128K)->7K(128K)
[2026-03-25T21:45:27.961+0900][20.903s][info][gc          ] GC(564) Pause Young (Concurrent Start) (G1 Humongous Allocation) 452M->452M(512M) 1.599ms
[2026-03-25T21:45:27.961+0900][20.903s][info][gc,cpu      ] GC(564) User=0.00s Sys=0.00s Real=0.01s
[2026-03-25T21:45:27.961+0900][20.903s][info][gc          ] GC(565) Concurrent Mark Cycle
[2026-03-25T21:45:27.961+0900][20.903s][info][gc,marking  ] GC(565) Concurrent Clear Claimed Marks
[2026-03-25T21:45:27.961+0900][20.903s][info][gc,marking  ] GC(565) Concurrent Clear Claimed Marks 0.014ms
[2026-03-25T21:45:27.961+0900][20.903s][info][gc,marking  ] GC(565) Concurrent Scan Root Regions
[2026-03-25T21:45:27.961+0900][20.903s][info][gc,marking  ] GC(565) Concurrent Scan Root Regions 0.138ms
[2026-03-25T21:45:27.961+0900][20.903s][info][gc,marking  ] GC(565) Concurrent Mark
[2026-03-25T21:45:27.961+0900][20.903s][info][gc,marking  ] GC(565) Concurrent Mark From Roots
[2026-03-25T21:45:27.961+0900][20.903s][info][gc,task     ] GC(565) Using 2 workers of 2 for marking
[2026-03-25T21:45:27.963+0900][20.905s][info][gc,marking  ] GC(565) Concurrent Mark From Roots 1.768ms
[2026-03-25T21:45:27.963+0900][20.905s][info][gc,marking  ] GC(565) Concurrent Preclean
[2026-03-25T21:45:27.963+0900][20.905s][info][gc,marking  ] GC(565) Concurrent Preclean 0.037ms
[2026-03-25T21:45:27.963+0900][20.905s][info][gc,start    ] GC(565) Pause Remark
[2026-03-25T21:45:27.963+0900][20.905s][info][gc          ] GC(565) Pause Remark 453M->453M(512M) 0.355ms
[2026-03-25T21:45:27.963+0900][20.905s][info][gc,cpu      ] GC(565) User=0.00s Sys=0.00s Real=0.00s
[2026-03-25T21:45:27.963+0900][20.906s][info][gc,marking  ] GC(565) Concurrent Mark 2.344ms
[2026-03-25T21:45:27.963+0900][20.906s][info][gc,marking  ] GC(565) Concurrent Rebuild Remembered Sets
[2026-03-25T21:45:27.964+0900][20.906s][info][gc,marking  ] GC(565) Concurrent Rebuild Remembered Sets 0.668ms
[2026-03-25T21:45:27.964+0900][20.906s][info][gc,start    ] GC(565) Pause Cleanup
[2026-03-25T21:45:27.964+0900][20.906s][info][gc          ] GC(565) Pause Cleanup 453M->453M(512M) 0.080ms
[2026-03-25T21:45:27.964+0900][20.906s][info][gc,cpu      ] GC(565) User=0.00s Sys=0.00s Real=0.00s
[2026-03-25T21:45:27.964+0900][20.906s][info][gc,marking  ] GC(565) Concurrent Cleanup for Next Mark
[2026-03-25T21:45:27.964+0900][20.907s][info][gc,marking  ] GC(565) Concurrent Cleanup for Next Mark 0.360ms
[2026-03-25T21:45:27.965+0900][20.907s][info][gc          ] GC(565) Concurrent Mark Cycle 3.864ms
[2026-03-25T21:45:28.016+0900][20.958s][info][gc,start    ] GC(566) Pause Young (Concurrent Start) (G1 Humongous Allocation)
[2026-03-25T21:45:28.016+0900][20.958s][info][gc,task     ] GC(566) Using 8 workers of 8 for evacuation
[2026-03-25T21:45:28.017+0900][20.959s][info][gc,phases   ] GC(566)   Pre Evacuate Collection Set: 0.2ms
[2026-03-25T21:45:28.017+0900][20.959s][info][gc,phases   ] GC(566)   Merge Heap Roots: 0.1ms
[2026-03-25T21:45:28.017+0900][20.960s][info][gc,phases   ] GC(566)   Evacuate Collection Set: 0.3ms
[2026-03-25T21:45:28.017+0900][20.960s][info][gc,phases   ] GC(566)   Post Evacuate Collection Set: 0.2ms
[2026-03-25T21:45:28.017+0900][20.960s][info][gc,phases   ] GC(566)   Other: 0.3ms
[2026-03-25T21:45:28.017+0900][20.960s][info][gc,heap     ] GC(566) Eden regions: 1->0(24)
[2026-03-25T21:45:28.017+0900][20.960s][info][gc,heap     ] GC(566) Survivor regions: 1->1(4)
[2026-03-25T21:45:28.017+0900][20.960s][info][gc,heap     ] GC(566) Old regions: 1->1
[2026-03-25T21:45:28.017+0900][20.960s][info][gc,heap     ] GC(566) Archive regions: 2->2
[2026-03-25T21:45:28.017+0900][20.960s][info][gc,heap     ] GC(566) Humongous regions: 452->452
[2026-03-25T21:45:28.018+0900][20.960s][info][gc,metaspace] GC(566) Metaspace: 184K(384K)->184K(384K) NonClass: 176K(256K)->176K(256K) Class: 7K(128K)->7K(128K)
[2026-03-25T21:45:28.018+0900][20.960s][info][gc          ] GC(566) Pause Young (Concurrent Start) (G1 Humongous Allocation) 453M->453M(512M) 1.575ms
[2026-03-25T21:45:28.018+0900][20.960s][info][gc,cpu      ] GC(566) User=0.00s Sys=0.00s Real=0.00s
[2026-03-25T21:45:28.018+0900][20.960s][info][gc          ] GC(567) Concurrent Mark Cycle
[2026-03-25T21:45:28.018+0900][20.960s][info][gc,marking  ] GC(567) Concurrent Clear Claimed Marks
[2026-03-25T21:45:28.018+0900][20.960s][info][gc,marking  ] GC(567) Concurrent Clear Claimed Marks 0.029ms
[2026-03-25T21:45:28.018+0900][20.960s][info][gc,marking  ] GC(567) Concurrent Scan Root Regions
[2026-03-25T21:45:28.018+0900][20.960s][info][gc,marking  ] GC(567) Concurrent Scan Root Regions 0.165ms
[2026-03-25T21:45:28.018+0900][20.960s][info][gc,marking  ] GC(567) Concurrent Mark
[2026-03-25T21:45:28.018+0900][20.960s][info][gc,marking  ] GC(567) Concurrent Mark From Roots
[2026-03-25T21:45:28.018+0900][20.960s][info][gc,task     ] GC(567) Using 2 workers of 2 for marking
[2026-03-25T21:45:28.020+0900][20.962s][info][gc,marking  ] GC(567) Concurrent Mark From Roots 2.076ms
[2026-03-25T21:45:28.020+0900][20.962s][info][gc,marking  ] GC(567) Concurrent Preclean
[2026-03-25T21:45:28.020+0900][20.963s][info][gc,marking  ] GC(567) Concurrent Preclean 0.043ms
[2026-03-25T21:45:28.020+0900][20.963s][info][gc,start    ] GC(567) Pause Remark
[2026-03-25T21:45:28.021+0900][20.963s][info][gc          ] GC(567) Pause Remark 454M->454M(512M) 0.467ms
[2026-03-25T21:45:28.021+0900][20.963s][info][gc,cpu      ] GC(567) User=0.00s Sys=0.00s Real=0.00s
[2026-03-25T21:45:28.021+0900][20.963s][info][gc,marking  ] GC(567) Concurrent Mark 2.826ms
[2026-03-25T21:45:28.021+0900][20.963s][info][gc,marking  ] GC(567) Concurrent Rebuild Remembered Sets
[2026-03-25T21:45:28.022+0900][20.964s][info][gc,marking  ] GC(567) Concurrent Rebuild Remembered Sets 0.661ms
[2026-03-25T21:45:28.022+0900][20.964s][info][gc,start    ] GC(567) Pause Cleanup
[2026-03-25T21:45:28.022+0900][20.964s][info][gc          ] GC(567) Pause Cleanup 454M->454M(512M) 0.082ms
[2026-03-25T21:45:28.022+0900][20.964s][info][gc,cpu      ] GC(567) User=0.00s Sys=0.00s Real=0.00s
[2026-03-25T21:45:28.022+0900][20.964s][info][gc,marking  ] GC(567) Concurrent Cleanup for Next Mark
[2026-03-25T21:45:28.022+0900][20.964s][info][gc,marking  ] GC(567) Concurrent Cleanup for Next Mark 0.428ms
[2026-03-25T21:45:28.022+0900][20.965s][info][gc          ] GC(567) Concurrent Mark Cycle 4.564ms
[2026-03-25T21:45:28.072+0900][21.014s][info][gc,start    ] GC(568) Pause Young (Concurrent Start) (G1 Humongous Allocation)
[2026-03-25T21:45:28.072+0900][21.014s][info][gc,task     ] GC(568) Using 8 workers of 8 for evacuation
[2026-03-25T21:45:28.072+0900][21.015s][info][gc,phases   ] GC(568)   Pre Evacuate Collection Set: 0.1ms
[2026-03-25T21:45:28.072+0900][21.015s][info][gc,phases   ] GC(568)   Merge Heap Roots: 0.1ms
[2026-03-25T21:45:28.072+0900][21.015s][info][gc,phases   ] GC(568)   Evacuate Collection Set: 0.2ms
[2026-03-25T21:45:28.072+0900][21.015s][info][gc,phases   ] GC(568)   Post Evacuate Collection Set: 0.1ms
[2026-03-25T21:45:28.072+0900][21.015s][info][gc,phases   ] GC(568)   Other: 0.2ms
[2026-03-25T21:45:28.072+0900][21.015s][info][gc,heap     ] GC(568) Eden regions: 1->0(24)
[2026-03-25T21:45:28.072+0900][21.015s][info][gc,heap     ] GC(568) Survivor regions: 1->1(4)
[2026-03-25T21:45:28.072+0900][21.015s][info][gc,heap     ] GC(568) Old regions: 1->1
[2026-03-25T21:45:28.072+0900][21.015s][info][gc,heap     ] GC(568) Archive regions: 2->2
[2026-03-25T21:45:28.072+0900][21.015s][info][gc,heap     ] GC(568) Humongous regions: 453->453
[2026-03-25T21:45:28.072+0900][21.015s][info][gc,metaspace] GC(568) Metaspace: 184K(384K)->184K(384K) NonClass: 176K(256K)->176K(256K) Class: 7K(128K)->7K(128K)
[2026-03-25T21:45:28.073+0900][21.015s][info][gc          ] GC(568) Pause Young (Concurrent Start) (G1 Humongous Allocation) 454M->454M(512M) 0.834ms
[2026-03-25T21:45:28.073+0900][21.015s][info][gc,cpu      ] GC(568) User=0.00s Sys=0.00s Real=0.00s
[2026-03-25T21:45:28.073+0900][21.015s][info][gc          ] GC(569) Concurrent Mark Cycle
[2026-03-25T21:45:28.073+0900][21.015s][info][gc,marking  ] GC(569) Concurrent Clear Claimed Marks
[2026-03-25T21:45:28.073+0900][21.015s][info][gc,marking  ] GC(569) Concurrent Clear Claimed Marks 0.015ms
[2026-03-25T21:45:28.073+0900][21.015s][info][gc,marking  ] GC(569) Concurrent Scan Root Regions
[2026-03-25T21:45:28.073+0900][21.015s][info][gc,marking  ] GC(569) Concurrent Scan Root Regions 0.129ms
[2026-03-25T21:45:28.073+0900][21.015s][info][gc,marking  ] GC(569) Concurrent Mark
[2026-03-25T21:45:28.073+0900][21.015s][info][gc,marking  ] GC(569) Concurrent Mark From Roots
[2026-03-25T21:45:28.073+0900][21.015s][info][gc,task     ] GC(569) Using 2 workers of 2 for marking
[2026-03-25T21:45:28.074+0900][21.017s][info][gc,marking  ] GC(569) Concurrent Mark From Roots 1.685ms
[2026-03-25T21:45:28.074+0900][21.017s][info][gc,marking  ] GC(569) Concurrent Preclean
[2026-03-25T21:45:28.075+0900][21.017s][info][gc,marking  ] GC(569) Concurrent Preclean 0.034ms
[2026-03-25T21:45:28.075+0900][21.017s][info][gc,start    ] GC(569) Pause Remark
[2026-03-25T21:45:28.075+0900][21.017s][info][gc          ] GC(569) Pause Remark 457M->457M(512M) 0.293ms
[2026-03-25T21:45:28.075+0900][21.017s][info][gc,cpu      ] GC(569) User=0.00s Sys=0.00s Real=0.00s
[2026-03-25T21:45:28.075+0900][21.017s][info][gc,marking  ] GC(569) Concurrent Mark 2.138ms
[2026-03-25T21:45:28.075+0900][21.017s][info][gc,marking  ] GC(569) Concurrent Rebuild Remembered Sets
[2026-03-25T21:45:28.076+0900][21.018s][info][gc,marking  ] GC(569) Concurrent Rebuild Remembered Sets 0.653ms
[2026-03-25T21:45:28.076+0900][21.018s][info][gc,start    ] GC(569) Pause Cleanup
[2026-03-25T21:45:28.076+0900][21.018s][info][gc          ] GC(569) Pause Cleanup 457M->457M(512M) 0.085ms
[2026-03-25T21:45:28.076+0900][21.018s][info][gc,cpu      ] GC(569) User=0.00s Sys=0.00s Real=0.00s
[2026-03-25T21:45:28.076+0900][21.018s][info][gc,marking  ] GC(569) Concurrent Cleanup for Next Mark
[2026-03-25T21:45:28.076+0900][21.018s][info][gc,marking  ] GC(569) Concurrent Cleanup for Next Mark 0.409ms
[2026-03-25T21:45:28.076+0900][21.019s][info][gc          ] GC(569) Concurrent Mark Cycle 3.729ms
[2026-03-25T21:45:28.125+0900][21.067s][info][gc,start    ] GC(570) Pause Young (Concurrent Start) (G1 Humongous Allocation)
[2026-03-25T21:45:28.125+0900][21.067s][info][gc,task     ] GC(570) Using 8 workers of 8 for evacuation
[2026-03-25T21:45:28.126+0900][21.068s][info][gc,phases   ] GC(570)   Pre Evacuate Collection Set: 0.2ms
[2026-03-25T21:45:28.126+0900][21.068s][info][gc,phases   ] GC(570)   Merge Heap Roots: 0.1ms
[2026-03-25T21:45:28.126+0900][21.068s][info][gc,phases   ] GC(570)   Evacuate Collection Set: 0.2ms
[2026-03-25T21:45:28.126+0900][21.068s][info][gc,phases   ] GC(570)   Post Evacuate Collection Set: 0.1ms
[2026-03-25T21:45:28.126+0900][21.068s][info][gc,phases   ] GC(570)   Other: 0.2ms
[2026-03-25T21:45:28.126+0900][21.068s][info][gc,heap     ] GC(570) Eden regions: 1->0(24)
[2026-03-25T21:45:28.126+0900][21.068s][info][gc,heap     ] GC(570) Survivor regions: 1->1(4)
[2026-03-25T21:45:28.126+0900][21.068s][info][gc,heap     ] GC(570) Old regions: 1->1
[2026-03-25T21:45:28.126+0900][21.068s][info][gc,heap     ] GC(570) Archive regions: 2->2
[2026-03-25T21:45:28.126+0900][21.068s][info][gc,heap     ] GC(570) Humongous regions: 456->456
[2026-03-25T21:45:28.126+0900][21.069s][info][gc,metaspace] GC(570) Metaspace: 184K(384K)->184K(384K) NonClass: 176K(256K)->176K(256K) Class: 7K(128K)->7K(128K)
[2026-03-25T21:45:28.126+0900][21.069s][info][gc          ] GC(570) Pause Young (Concurrent Start) (G1 Humongous Allocation) 457M->457M(512M) 1.595ms
[2026-03-25T21:45:28.126+0900][21.069s][info][gc,cpu      ] GC(570) User=0.00s Sys=0.00s Real=0.00s
[2026-03-25T21:45:28.126+0900][21.069s][info][gc          ] GC(571) Concurrent Mark Cycle
[2026-03-25T21:45:28.126+0900][21.069s][info][gc,marking  ] GC(571) Concurrent Clear Claimed Marks
[2026-03-25T21:45:28.126+0900][21.069s][info][gc,marking  ] GC(571) Concurrent Clear Claimed Marks 0.015ms
[2026-03-25T21:45:28.126+0900][21.069s][info][gc,marking  ] GC(571) Concurrent Scan Root Regions
[2026-03-25T21:45:28.127+0900][21.069s][info][gc,marking  ] GC(571) Concurrent Scan Root Regions 0.371ms
[2026-03-25T21:45:28.127+0900][21.069s][info][gc,marking  ] GC(571) Concurrent Mark
[2026-03-25T21:45:28.127+0900][21.069s][info][gc,marking  ] GC(571) Concurrent Mark From Roots
[2026-03-25T21:45:28.127+0900][21.069s][info][gc,task     ] GC(571) Using 2 workers of 2 for marking
[2026-03-25T21:45:28.129+0900][21.071s][info][gc,marking  ] GC(571) Concurrent Mark From Roots 2.021ms
[2026-03-25T21:45:28.129+0900][21.071s][info][gc,marking  ] GC(571) Concurrent Preclean
[2026-03-25T21:45:28.129+0900][21.071s][info][gc,marking  ] GC(571) Concurrent Preclean 0.041ms
[2026-03-25T21:45:28.129+0900][21.071s][info][gc,start    ] GC(571) Pause Remark
[2026-03-25T21:45:28.129+0900][21.072s][info][gc          ] GC(571) Pause Remark 458M->458M(512M) 0.370ms
[2026-03-25T21:45:28.130+0900][21.072s][info][gc,cpu      ] GC(571) User=0.00s Sys=0.00s Real=0.01s
[2026-03-25T21:45:28.130+0900][21.072s][info][gc,marking  ] GC(571) Concurrent Mark 2.649ms
[2026-03-25T21:45:28.130+0900][21.072s][info][gc,marking  ] GC(571) Concurrent Rebuild Remembered Sets
[2026-03-25T21:45:28.130+0900][21.073s][info][gc,marking  ] GC(571) Concurrent Rebuild Remembered Sets 0.680ms
[2026-03-25T21:45:28.130+0900][21.073s][info][gc,start    ] GC(571) Pause Cleanup
[2026-03-25T21:45:28.130+0900][21.073s][info][gc          ] GC(571) Pause Cleanup 458M->458M(512M) 0.091ms
[2026-03-25T21:45:28.130+0900][21.073s][info][gc,cpu      ] GC(571) User=0.00s Sys=0.00s Real=0.00s
[2026-03-25T21:45:28.130+0900][21.073s][info][gc,marking  ] GC(571) Concurrent Cleanup for Next Mark
[2026-03-25T21:45:28.131+0900][21.073s][info][gc,marking  ] GC(571) Concurrent Cleanup for Next Mark 0.391ms
[2026-03-25T21:45:28.131+0900][21.073s][info][gc          ] GC(571) Concurrent Mark Cycle 4.517ms
[2026-03-25T21:45:28.182+0900][21.124s][info][gc,start    ] GC(572) Pause Young (Concurrent Start) (G1 Humongous Allocation)
[2026-03-25T21:45:28.182+0900][21.124s][info][gc,task     ] GC(572) Using 8 workers of 8 for evacuation
[2026-03-25T21:45:28.182+0900][21.125s][info][gc,phases   ] GC(572)   Pre Evacuate Collection Set: 0.1ms
[2026-03-25T21:45:28.183+0900][21.125s][info][gc,phases   ] GC(572)   Merge Heap Roots: 0.1ms
[2026-03-25T21:45:28.183+0900][21.125s][info][gc,phases   ] GC(572)   Evacuate Collection Set: 0.2ms
[2026-03-25T21:45:28.183+0900][21.125s][info][gc,phases   ] GC(572)   Post Evacuate Collection Set: 0.1ms
[2026-03-25T21:45:28.183+0900][21.125s][info][gc,phases   ] GC(572)   Other: 0.2ms
[2026-03-25T21:45:28.183+0900][21.125s][info][gc,heap     ] GC(572) Eden regions: 1->0(24)
[2026-03-25T21:45:28.183+0900][21.125s][info][gc,heap     ] GC(572) Survivor regions: 1->1(4)
[2026-03-25T21:45:28.183+0900][21.125s][info][gc,heap     ] GC(572) Old regions: 1->1
[2026-03-25T21:45:28.183+0900][21.125s][info][gc,heap     ] GC(572) Archive regions: 2->2
[2026-03-25T21:45:28.183+0900][21.125s][info][gc,heap     ] GC(572) Humongous regions: 457->457
[2026-03-25T21:45:28.183+0900][21.125s][info][gc,metaspace] GC(572) Metaspace: 184K(384K)->184K(384K) NonClass: 176K(256K)->176K(256K) Class: 7K(128K)->7K(128K)
[2026-03-25T21:45:28.183+0900][21.125s][info][gc          ] GC(572) Pause Young (Concurrent Start) (G1 Humongous Allocation) 458M->458M(512M) 0.823ms
[2026-03-25T21:45:28.183+0900][21.125s][info][gc,cpu      ] GC(572) User=0.00s Sys=0.00s Real=0.00s
[2026-03-25T21:45:28.183+0900][21.125s][info][gc          ] GC(573) Concurrent Mark Cycle
[2026-03-25T21:45:28.183+0900][21.125s][info][gc,marking  ] GC(573) Concurrent Clear Claimed Marks
[2026-03-25T21:45:28.183+0900][21.125s][info][gc,marking  ] GC(573) Concurrent Clear Claimed Marks 0.018ms
[2026-03-25T21:45:28.183+0900][21.125s][info][gc,marking  ] GC(573) Concurrent Scan Root Regions
[2026-03-25T21:45:28.183+0900][21.125s][info][gc,marking  ] GC(573) Concurrent Scan Root Regions 0.120ms
[2026-03-25T21:45:28.183+0900][21.125s][info][gc,marking  ] GC(573) Concurrent Mark
[2026-03-25T21:45:28.183+0900][21.125s][info][gc,marking  ] GC(573) Concurrent Mark From Roots
[2026-03-25T21:45:28.183+0900][21.125s][info][gc,task     ] GC(573) Using 2 workers of 2 for marking
[2026-03-25T21:45:28.185+0900][21.127s][info][gc,marking  ] GC(573) Concurrent Mark From Roots 1.865ms
[2026-03-25T21:45:28.185+0900][21.127s][info][gc,marking  ] GC(573) Concurrent Preclean
[2026-03-25T21:45:28.185+0900][21.127s][info][gc,marking  ] GC(573) Concurrent Preclean 0.040ms
[2026-03-25T21:45:28.185+0900][21.127s][info][gc,start    ] GC(573) Pause Remark
[2026-03-25T21:45:28.185+0900][21.128s][info][gc          ] GC(573) Pause Remark 459M->459M(512M) 0.442ms
[2026-03-25T21:45:28.185+0900][21.128s][info][gc,cpu      ] GC(573) User=0.00s Sys=0.00s Real=0.00s
[2026-03-25T21:45:28.186+0900][21.128s][info][gc,marking  ] GC(573) Concurrent Mark 2.558ms
[2026-03-25T21:45:28.186+0900][21.128s][info][gc,marking  ] GC(573) Concurrent Rebuild Remembered Sets
[2026-03-25T21:45:28.186+0900][21.129s][info][gc,marking  ] GC(573) Concurrent Rebuild Remembered Sets 0.727ms
[2026-03-25T21:45:28.186+0900][21.129s][info][gc,start    ] GC(573) Pause Cleanup
[2026-03-25T21:45:28.186+0900][21.129s][info][gc          ] GC(573) Pause Cleanup 459M->459M(512M) 0.078ms
[2026-03-25T21:45:28.186+0900][21.129s][info][gc,cpu      ] GC(573) User=0.00s Sys=0.00s Real=0.00s
[2026-03-25T21:45:28.186+0900][21.129s][info][gc,marking  ] GC(573) Concurrent Cleanup for Next Mark
[2026-03-25T21:45:28.187+0900][21.129s][info][gc,marking  ] GC(573) Concurrent Cleanup for Next Mark 0.372ms
[2026-03-25T21:45:28.187+0900][21.129s][info][gc          ] GC(573) Concurrent Mark Cycle 4.143ms
[2026-03-25T21:45:28.233+0900][21.176s][info][gc,start    ] GC(574) Pause Young (Concurrent Start) (G1 Humongous Allocation)
[2026-03-25T21:45:28.233+0900][21.176s][info][gc,task     ] GC(574) Using 8 workers of 8 for evacuation
[2026-03-25T21:45:28.234+0900][21.177s][info][gc,phases   ] GC(574)   Pre Evacuate Collection Set: 0.2ms
[2026-03-25T21:45:28.234+0900][21.177s][info][gc,phases   ] GC(574)   Merge Heap Roots: 0.1ms
[2026-03-25T21:45:28.234+0900][21.177s][info][gc,phases   ] GC(574)   Evacuate Collection Set: 0.2ms
[2026-03-25T21:45:28.234+0900][21.177s][info][gc,phases   ] GC(574)   Post Evacuate Collection Set: 0.2ms
[2026-03-25T21:45:28.234+0900][21.177s][info][gc,phases   ] GC(574)   Other: 0.2ms
[2026-03-25T21:45:28.234+0900][21.177s][info][gc,heap     ] GC(574) Eden regions: 1->0(24)
[2026-03-25T21:45:28.234+0900][21.177s][info][gc,heap     ] GC(574) Survivor regions: 1->1(4)
[2026-03-25T21:45:28.235+0900][21.177s][info][gc,heap     ] GC(574) Old regions: 1->1
[2026-03-25T21:45:28.235+0900][21.177s][info][gc,heap     ] GC(574) Archive regions: 2->2
[2026-03-25T21:45:28.235+0900][21.177s][info][gc,heap     ] GC(574) Humongous regions: 458->458
[2026-03-25T21:45:28.235+0900][21.177s][info][gc,metaspace] GC(574) Metaspace: 184K(384K)->184K(384K) NonClass: 176K(256K)->176K(256K) Class: 7K(128K)->7K(128K)
[2026-03-25T21:45:28.235+0900][21.177s][info][gc          ] GC(574) Pause Young (Concurrent Start) (G1 Humongous Allocation) 459M->459M(512M) 1.302ms
[2026-03-25T21:45:28.235+0900][21.177s][info][gc,cpu      ] GC(574) User=0.00s Sys=0.01s Real=0.00s
[2026-03-25T21:45:28.235+0900][21.177s][info][gc          ] GC(575) Concurrent Mark Cycle
[2026-03-25T21:45:28.235+0900][21.177s][info][gc,marking  ] GC(575) Concurrent Clear Claimed Marks
[2026-03-25T21:45:28.235+0900][21.177s][info][gc,marking  ] GC(575) Concurrent Clear Claimed Marks 0.015ms
[2026-03-25T21:45:28.235+0900][21.177s][info][gc,marking  ] GC(575) Concurrent Scan Root Regions
[2026-03-25T21:45:28.235+0900][21.177s][info][gc,marking  ] GC(575) Concurrent Scan Root Regions 0.111ms
[2026-03-25T21:45:28.235+0900][21.177s][info][gc,marking  ] GC(575) Concurrent Mark
[2026-03-25T21:45:28.235+0900][21.177s][info][gc,marking  ] GC(575) Concurrent Mark From Roots
[2026-03-25T21:45:28.235+0900][21.177s][info][gc,task     ] GC(575) Using 2 workers of 2 for marking
[2026-03-25T21:45:28.236+0900][21.179s][info][gc,marking  ] GC(575) Concurrent Mark From Roots 1.656ms
[2026-03-25T21:45:28.237+0900][21.179s][info][gc,marking  ] GC(575) Concurrent Preclean
[2026-03-25T21:45:28.237+0900][21.179s][info][gc,marking  ] GC(575) Concurrent Preclean 0.036ms
[2026-03-25T21:45:28.237+0900][21.179s][info][gc,start    ] GC(575) Pause Remark
[2026-03-25T21:45:28.237+0900][21.179s][info][gc          ] GC(575) Pause Remark 460M->460M(512M) 0.332ms
[2026-03-25T21:45:28.237+0900][21.179s][info][gc,cpu      ] GC(575) User=0.00s Sys=0.00s Real=0.00s
[2026-03-25T21:45:28.237+0900][21.179s][info][gc,marking  ] GC(575) Concurrent Mark 2.192ms
[2026-03-25T21:45:28.237+0900][21.179s][info][gc,marking  ] GC(575) Concurrent Rebuild Remembered Sets
[2026-03-25T21:45:28.238+0900][21.180s][info][gc,marking  ] GC(575) Concurrent Rebuild Remembered Sets 0.694ms
[2026-03-25T21:45:28.238+0900][21.180s][info][gc,start    ] GC(575) Pause Cleanup
[2026-03-25T21:45:28.238+0900][21.180s][info][gc          ] GC(575) Pause Cleanup 460M->460M(512M) 0.087ms
[2026-03-25T21:45:28.238+0900][21.180s][info][gc,cpu      ] GC(575) User=0.00s Sys=0.00s Real=0.00s
[2026-03-25T21:45:28.238+0900][21.180s][info][gc,marking  ] GC(575) Concurrent Cleanup for Next Mark
[2026-03-25T21:45:28.238+0900][21.181s][info][gc,marking  ] GC(575) Concurrent Cleanup for Next Mark 0.361ms
[2026-03-25T21:45:28.238+0900][21.181s][info][gc          ] GC(575) Concurrent Mark Cycle 3.727ms
[2026-03-25T21:45:28.286+0900][21.229s][info][gc,start    ] GC(576) Pause Young (Concurrent Start) (G1 Humongous Allocation)
[2026-03-25T21:45:28.286+0900][21.229s][info][gc,task     ] GC(576) Using 8 workers of 8 for evacuation
[2026-03-25T21:45:28.287+0900][21.229s][info][gc,phases   ] GC(576)   Pre Evacuate Collection Set: 0.1ms
[2026-03-25T21:45:28.287+0900][21.229s][info][gc,phases   ] GC(576)   Merge Heap Roots: 0.1ms
[2026-03-25T21:45:28.287+0900][21.229s][info][gc,phases   ] GC(576)   Evacuate Collection Set: 0.2ms
[2026-03-25T21:45:28.287+0900][21.229s][info][gc,phases   ] GC(576)   Post Evacuate Collection Set: 0.1ms
[2026-03-25T21:45:28.287+0900][21.229s][info][gc,phases   ] GC(576)   Other: 0.2ms
[2026-03-25T21:45:28.287+0900][21.229s][info][gc,heap     ] GC(576) Eden regions: 1->0(24)
[2026-03-25T21:45:28.287+0900][21.229s][info][gc,heap     ] GC(576) Survivor regions: 1->1(4)
[2026-03-25T21:45:28.287+0900][21.229s][info][gc,heap     ] GC(576) Old regions: 1->1
[2026-03-25T21:45:28.287+0900][21.229s][info][gc,heap     ] GC(576) Archive regions: 2->2
[2026-03-25T21:45:28.287+0900][21.229s][info][gc,heap     ] GC(576) Humongous regions: 459->459
[2026-03-25T21:45:28.287+0900][21.229s][info][gc,metaspace] GC(576) Metaspace: 184K(384K)->184K(384K) NonClass: 176K(256K)->176K(256K) Class: 7K(128K)->7K(128K)
[2026-03-25T21:45:28.287+0900][21.229s][info][gc          ] GC(576) Pause Young (Concurrent Start) (G1 Humongous Allocation) 460M->460M(512M) 0.904ms
[2026-03-25T21:45:28.287+0900][21.229s][info][gc,cpu      ] GC(576) User=0.00s Sys=0.00s Real=0.00s
[2026-03-25T21:45:28.287+0900][21.230s][info][gc          ] GC(577) Concurrent Mark Cycle
[2026-03-25T21:45:28.287+0900][21.230s][info][gc,marking  ] GC(577) Concurrent Clear Claimed Marks
[2026-03-25T21:45:28.287+0900][21.230s][info][gc,marking  ] GC(577) Concurrent Clear Claimed Marks 0.018ms
[2026-03-25T21:45:28.287+0900][21.230s][info][gc,marking  ] GC(577) Concurrent Scan Root Regions
[2026-03-25T21:45:28.287+0900][21.230s][info][gc,marking  ] GC(577) Concurrent Scan Root Regions 0.041ms
[2026-03-25T21:45:28.287+0900][21.230s][info][gc,marking  ] GC(577) Concurrent Mark
[2026-03-25T21:45:28.287+0900][21.230s][info][gc,marking  ] GC(577) Concurrent Mark From Roots
[2026-03-25T21:45:28.287+0900][21.230s][info][gc,task     ] GC(577) Using 2 workers of 2 for marking
[2026-03-25T21:45:28.289+0900][21.231s][info][gc,marking  ] GC(577) Concurrent Mark From Roots 1.677ms
[2026-03-25T21:45:28.289+0900][21.231s][info][gc,marking  ] GC(577) Concurrent Preclean
[2026-03-25T21:45:28.289+0900][21.231s][info][gc,marking  ] GC(577) Concurrent Preclean 0.035ms
[2026-03-25T21:45:28.289+0900][21.231s][info][gc,start    ] GC(577) Pause Remark
[2026-03-25T21:45:28.289+0900][21.232s][info][gc          ] GC(577) Pause Remark 461M->461M(512M) 0.297ms
[2026-03-25T21:45:28.290+0900][21.232s][info][gc,cpu      ] GC(577) User=0.00s Sys=0.00s Real=0.01s
[2026-03-25T21:45:28.290+0900][21.232s][info][gc,marking  ] GC(577) Concurrent Mark 2.229ms
[2026-03-25T21:45:28.290+0900][21.232s][info][gc,marking  ] GC(577) Concurrent Rebuild Remembered Sets
[2026-03-25T21:45:28.290+0900][21.233s][info][gc,marking  ] GC(577) Concurrent Rebuild Remembered Sets 0.696ms
[2026-03-25T21:45:28.290+0900][21.233s][info][gc,start    ] GC(577) Pause Cleanup
[2026-03-25T21:45:28.290+0900][21.233s][info][gc          ] GC(577) Pause Cleanup 461M->461M(512M) 0.066ms
[2026-03-25T21:45:28.290+0900][21.233s][info][gc,cpu      ] GC(577) User=0.00s Sys=0.00s Real=0.00s
[2026-03-25T21:45:28.290+0900][21.233s][info][gc,marking  ] GC(577) Concurrent Cleanup for Next Mark
[2026-03-25T21:45:28.291+0900][21.233s][info][gc,marking  ] GC(577) Concurrent Cleanup for Next Mark 0.319ms
[2026-03-25T21:45:28.291+0900][21.233s][info][gc          ] GC(577) Concurrent Mark Cycle 3.592ms
[2026-03-25T21:45:28.342+0900][21.285s][info][gc,start    ] GC(578) Pause Young (Concurrent Start) (G1 Humongous Allocation)
[2026-03-25T21:45:28.343+0900][21.285s][info][gc,task     ] GC(578) Using 8 workers of 8 for evacuation
[2026-03-25T21:45:28.343+0900][21.286s][info][gc,phases   ] GC(578)   Pre Evacuate Collection Set: 0.1ms
[2026-03-25T21:45:28.343+0900][21.286s][info][gc,phases   ] GC(578)   Merge Heap Roots: 0.2ms
[2026-03-25T21:45:28.343+0900][21.286s][info][gc,phases   ] GC(578)   Evacuate Collection Set: 0.2ms
[2026-03-25T21:45:28.343+0900][21.286s][info][gc,phases   ] GC(578)   Post Evacuate Collection Set: 0.1ms
[2026-03-25T21:45:28.343+0900][21.286s][info][gc,phases   ] GC(578)   Other: 0.2ms
[2026-03-25T21:45:28.343+0900][21.286s][info][gc,heap     ] GC(578) Eden regions: 1->0(24)
[2026-03-25T21:45:28.343+0900][21.286s][info][gc,heap     ] GC(578) Survivor regions: 1->1(4)
[2026-03-25T21:45:28.343+0900][21.286s][info][gc,heap     ] GC(578) Old regions: 1->1
[2026-03-25T21:45:28.343+0900][21.286s][info][gc,heap     ] GC(578) Archive regions: 2->2
[2026-03-25T21:45:28.343+0900][21.286s][info][gc,heap     ] GC(578) Humongous regions: 460->460
[2026-03-25T21:45:28.344+0900][21.286s][info][gc,metaspace] GC(578) Metaspace: 184K(384K)->184K(384K) NonClass: 176K(256K)->176K(256K) Class: 7K(128K)->7K(128K)
[2026-03-25T21:45:28.344+0900][21.286s][info][gc          ] GC(578) Pause Young (Concurrent Start) (G1 Humongous Allocation) 461M->461M(512M) 1.071ms
[2026-03-25T21:45:28.344+0900][21.286s][info][gc,cpu      ] GC(578) User=0.00s Sys=0.00s Real=0.00s
[2026-03-25T21:45:28.344+0900][21.286s][info][gc          ] GC(579) Concurrent Mark Cycle
[2026-03-25T21:45:28.344+0900][21.286s][info][gc,marking  ] GC(579) Concurrent Clear Claimed Marks
[2026-03-25T21:45:28.344+0900][21.286s][info][gc,marking  ] GC(579) Concurrent Clear Claimed Marks 0.018ms
[2026-03-25T21:45:28.344+0900][21.286s][info][gc,marking  ] GC(579) Concurrent Scan Root Regions
[2026-03-25T21:45:28.344+0900][21.286s][info][gc,marking  ] GC(579) Concurrent Scan Root Regions 0.052ms
[2026-03-25T21:45:28.344+0900][21.286s][info][gc,marking  ] GC(579) Concurrent Mark
[2026-03-25T21:45:28.344+0900][21.286s][info][gc,marking  ] GC(579) Concurrent Mark From Roots
[2026-03-25T21:45:28.344+0900][21.286s][info][gc,task     ] GC(579) Using 2 workers of 2 for marking
[2026-03-25T21:45:28.347+0900][21.289s][info][gc,marking  ] GC(579) Concurrent Mark From Roots 2.993ms
[2026-03-25T21:45:28.347+0900][21.289s][info][gc,marking  ] GC(579) Concurrent Preclean
[2026-03-25T21:45:28.347+0900][21.289s][info][gc,marking  ] GC(579) Concurrent Preclean 0.056ms
[2026-03-25T21:45:28.347+0900][21.289s][info][gc,start    ] GC(579) Pause Remark
[2026-03-25T21:45:28.347+0900][21.290s][info][gc          ] GC(579) Pause Remark 462M->462M(512M) 0.393ms
[2026-03-25T21:45:28.347+0900][21.290s][info][gc,cpu      ] GC(579) User=0.00s Sys=0.00s Real=0.00s
[2026-03-25T21:45:28.347+0900][21.290s][info][gc,marking  ] GC(579) Concurrent Mark 3.655ms
[2026-03-25T21:45:28.347+0900][21.290s][info][gc,marking  ] GC(579) Concurrent Rebuild Remembered Sets
[2026-03-25T21:45:28.348+0900][21.291s][info][gc,marking  ] GC(579) Concurrent Rebuild Remembered Sets 0.844ms
[2026-03-25T21:45:28.348+0900][21.291s][info][gc,start    ] GC(579) Pause Cleanup
[2026-03-25T21:45:28.348+0900][21.291s][info][gc          ] GC(579) Pause Cleanup 462M->462M(512M) 0.103ms
[2026-03-25T21:45:28.348+0900][21.291s][info][gc,cpu      ] GC(579) User=0.00s Sys=0.00s Real=0.00s
[2026-03-25T21:45:28.348+0900][21.291s][info][gc,marking  ] GC(579) Concurrent Cleanup for Next Mark
[2026-03-25T21:45:28.349+0900][21.291s][info][gc,marking  ] GC(579) Concurrent Cleanup for Next Mark 0.332ms
[2026-03-25T21:45:28.349+0900][21.291s][info][gc          ] GC(579) Concurrent Mark Cycle 5.335ms
[2026-03-25T21:45:28.396+0900][21.339s][info][gc,start    ] GC(580) Pause Young (Concurrent Start) (G1 Humongous Allocation)
[2026-03-25T21:45:28.397+0900][21.339s][info][gc,task     ] GC(580) Using 8 workers of 8 for evacuation
[2026-03-25T21:45:28.398+0900][21.340s][info][gc,phases   ] GC(580)   Pre Evacuate Collection Set: 0.2ms
[2026-03-25T21:45:28.398+0900][21.340s][info][gc,phases   ] GC(580)   Merge Heap Roots: 0.3ms
[2026-03-25T21:45:28.398+0900][21.340s][info][gc,phases   ] GC(580)   Evacuate Collection Set: 0.3ms
[2026-03-25T21:45:28.398+0900][21.340s][info][gc,phases   ] GC(580)   Post Evacuate Collection Set: 0.2ms
[2026-03-25T21:45:28.398+0900][21.340s][info][gc,phases   ] GC(580)   Other: 0.3ms
[2026-03-25T21:45:28.398+0900][21.340s][info][gc,heap     ] GC(580) Eden regions: 1->0(24)
[2026-03-25T21:45:28.398+0900][21.340s][info][gc,heap     ] GC(580) Survivor regions: 1->1(4)
[2026-03-25T21:45:28.398+0900][21.340s][info][gc,heap     ] GC(580) Old regions: 1->1
[2026-03-25T21:45:28.398+0900][21.340s][info][gc,heap     ] GC(580) Archive regions: 2->2
[2026-03-25T21:45:28.398+0900][21.340s][info][gc,heap     ] GC(580) Humongous regions: 461->461
[2026-03-25T21:45:28.398+0900][21.340s][info][gc,metaspace] GC(580) Metaspace: 184K(384K)->184K(384K) NonClass: 176K(256K)->176K(256K) Class: 7K(128K)->7K(128K)
[2026-03-25T21:45:28.398+0900][21.340s][info][gc          ] GC(580) Pause Young (Concurrent Start) (G1 Humongous Allocation) 462M->462M(512M) 1.614ms
[2026-03-25T21:45:28.398+0900][21.340s][info][gc,cpu      ] GC(580) User=0.00s Sys=0.00s Real=0.00s
[2026-03-25T21:45:28.398+0900][21.340s][info][gc          ] GC(581) Concurrent Mark Cycle
[2026-03-25T21:45:28.398+0900][21.341s][info][gc,marking  ] GC(581) Concurrent Clear Claimed Marks
[2026-03-25T21:45:28.398+0900][21.341s][info][gc,marking  ] GC(581) Concurrent Clear Claimed Marks 0.037ms
[2026-03-25T21:45:28.398+0900][21.341s][info][gc,marking  ] GC(581) Concurrent Scan Root Regions
[2026-03-25T21:45:28.398+0900][21.341s][info][gc,marking  ] GC(581) Concurrent Scan Root Regions 0.081ms
[2026-03-25T21:45:28.398+0900][21.341s][info][gc,marking  ] GC(581) Concurrent Mark
[2026-03-25T21:45:28.398+0900][21.341s][info][gc,marking  ] GC(581) Concurrent Mark From Roots
[2026-03-25T21:45:28.398+0900][21.341s][info][gc,task     ] GC(581) Using 2 workers of 2 for marking
[2026-03-25T21:45:28.401+0900][21.343s][info][gc,marking  ] GC(581) Concurrent Mark From Roots 2.679ms
[2026-03-25T21:45:28.401+0900][21.343s][info][gc,marking  ] GC(581) Concurrent Preclean
[2026-03-25T21:45:28.401+0900][21.344s][info][gc,marking  ] GC(581) Concurrent Preclean 0.042ms
[2026-03-25T21:45:28.401+0900][21.344s][info][gc,start    ] GC(581) Pause Remark
[2026-03-25T21:45:28.402+0900][21.344s][info][gc          ] GC(581) Pause Remark 463M->463M(512M) 0.417ms
[2026-03-25T21:45:28.402+0900][21.344s][info][gc,cpu      ] GC(581) User=0.00s Sys=0.00s Real=0.00s
[2026-03-25T21:45:28.402+0900][21.344s][info][gc,marking  ] GC(581) Concurrent Mark 3.322ms
[2026-03-25T21:45:28.402+0900][21.344s][info][gc,marking  ] GC(581) Concurrent Rebuild Remembered Sets
[2026-03-25T21:45:28.403+0900][21.345s][info][gc,marking  ] GC(581) Concurrent Rebuild Remembered Sets 0.793ms
[2026-03-25T21:45:28.403+0900][21.345s][info][gc,start    ] GC(581) Pause Cleanup
[2026-03-25T21:45:28.403+0900][21.345s][info][gc          ] GC(581) Pause Cleanup 463M->463M(512M) 0.107ms
[2026-03-25T21:45:28.403+0900][21.345s][info][gc,cpu      ] GC(581) User=0.01s Sys=0.00s Real=0.00s
[2026-03-25T21:45:28.403+0900][21.345s][info][gc,marking  ] GC(581) Concurrent Cleanup for Next Mark
[2026-03-25T21:45:28.403+0900][21.346s][info][gc,marking  ] GC(581) Concurrent Cleanup for Next Mark 0.430ms
[2026-03-25T21:45:28.403+0900][21.346s][info][gc          ] GC(581) Concurrent Mark Cycle 5.174ms
[2026-03-25T21:45:28.451+0900][21.393s][info][gc,start    ] GC(582) Pause Young (Concurrent Start) (G1 Humongous Allocation)
[2026-03-25T21:45:28.451+0900][21.393s][info][gc,task     ] GC(582) Using 8 workers of 8 for evacuation
[2026-03-25T21:45:28.452+0900][21.394s][info][gc,phases   ] GC(582)   Pre Evacuate Collection Set: 0.2ms
[2026-03-25T21:45:28.452+0900][21.394s][info][gc,phases   ] GC(582)   Merge Heap Roots: 0.3ms
[2026-03-25T21:45:28.452+0900][21.394s][info][gc,phases   ] GC(582)   Evacuate Collection Set: 0.2ms
[2026-03-25T21:45:28.452+0900][21.394s][info][gc,phases   ] GC(582)   Post Evacuate Collection Set: 0.2ms
[2026-03-25T21:45:28.452+0900][21.394s][info][gc,phases   ] GC(582)   Other: 0.3ms
[2026-03-25T21:45:28.452+0900][21.394s][info][gc,heap     ] GC(582) Eden regions: 1->0(24)
[2026-03-25T21:45:28.452+0900][21.394s][info][gc,heap     ] GC(582) Survivor regions: 1->1(4)
[2026-03-25T21:45:28.452+0900][21.394s][info][gc,heap     ] GC(582) Old regions: 1->1
[2026-03-25T21:45:28.452+0900][21.394s][info][gc,heap     ] GC(582) Archive regions: 2->2
[2026-03-25T21:45:28.452+0900][21.394s][info][gc,heap     ] GC(582) Humongous regions: 462->462
[2026-03-25T21:45:28.452+0900][21.394s][info][gc,metaspace] GC(582) Metaspace: 184K(384K)->184K(384K) NonClass: 176K(256K)->176K(256K) Class: 7K(128K)->7K(128K)
[2026-03-25T21:45:28.452+0900][21.394s][info][gc          ] GC(582) Pause Young (Concurrent Start) (G1 Humongous Allocation) 463M->463M(512M) 1.422ms
[2026-03-25T21:45:28.452+0900][21.394s][info][gc,cpu      ] GC(582) User=0.00s Sys=0.00s Real=0.00s
[2026-03-25T21:45:28.452+0900][21.394s][info][gc          ] GC(583) Concurrent Mark Cycle
[2026-03-25T21:45:28.452+0900][21.394s][info][gc,marking  ] GC(583) Concurrent Clear Claimed Marks
[2026-03-25T21:45:28.452+0900][21.394s][info][gc,marking  ] GC(583) Concurrent Clear Claimed Marks 0.022ms
[2026-03-25T21:45:28.452+0900][21.394s][info][gc,marking  ] GC(583) Concurrent Scan Root Regions
[2026-03-25T21:45:28.452+0900][21.394s][info][gc,marking  ] GC(583) Concurrent Scan Root Regions 0.049ms
[2026-03-25T21:45:28.452+0900][21.395s][info][gc,marking  ] GC(583) Concurrent Mark
[2026-03-25T21:45:28.452+0900][21.395s][info][gc,marking  ] GC(583) Concurrent Mark From Roots
[2026-03-25T21:45:28.452+0900][21.395s][info][gc,task     ] GC(583) Using 2 workers of 2 for marking
[2026-03-25T21:45:28.461+0900][21.403s][info][gc,marking  ] GC(583) Concurrent Mark From Roots 8.282ms
[2026-03-25T21:45:28.461+0900][21.403s][info][gc,marking  ] GC(583) Concurrent Preclean
[2026-03-25T21:45:28.461+0900][21.403s][info][gc,marking  ] GC(583) Concurrent Preclean 0.054ms
[2026-03-25T21:45:28.461+0900][21.403s][info][gc,start    ] GC(583) Pause Remark
[2026-03-25T21:45:28.461+0900][21.404s][info][gc          ] GC(583) Pause Remark 464M->464M(512M) 0.474ms
[2026-03-25T21:45:28.461+0900][21.404s][info][gc,cpu      ] GC(583) User=0.00s Sys=0.00s Real=0.00s
[2026-03-25T21:45:28.461+0900][21.404s][info][gc,marking  ] GC(583) Concurrent Mark 9.100ms
[2026-03-25T21:45:28.461+0900][21.404s][info][gc,marking  ] GC(583) Concurrent Rebuild Remembered Sets
[2026-03-25T21:45:28.462+0900][21.404s][info][gc,marking  ] GC(583) Concurrent Rebuild Remembered Sets 0.664ms
[2026-03-25T21:45:28.462+0900][21.404s][info][gc,start    ] GC(583) Pause Cleanup
[2026-03-25T21:45:28.462+0900][21.404s][info][gc          ] GC(583) Pause Cleanup 464M->464M(512M) 0.097ms
[2026-03-25T21:45:28.462+0900][21.404s][info][gc,cpu      ] GC(583) User=0.00s Sys=0.00s Real=0.00s
[2026-03-25T21:45:28.462+0900][21.405s][info][gc,marking  ] GC(583) Concurrent Cleanup for Next Mark
[2026-03-25T21:45:28.463+0900][21.405s][info][gc,marking  ] GC(583) Concurrent Cleanup for Next Mark 0.383ms
[2026-03-25T21:45:28.463+0900][21.405s][info][gc          ] GC(583) Concurrent Mark Cycle 10.676ms
[2026-03-25T21:45:28.507+0900][21.450s][info][gc,start    ] GC(584) Pause Young (Concurrent Start) (G1 Humongous Allocation)
[2026-03-25T21:45:28.508+0900][21.450s][info][gc,task     ] GC(584) Using 8 workers of 8 for evacuation
[2026-03-25T21:45:28.508+0900][21.450s][info][gc,phases   ] GC(584)   Pre Evacuate Collection Set: 0.1ms
[2026-03-25T21:45:28.508+0900][21.450s][info][gc,phases   ] GC(584)   Merge Heap Roots: 0.1ms
[2026-03-25T21:45:28.508+0900][21.450s][info][gc,phases   ] GC(584)   Evacuate Collection Set: 0.2ms
[2026-03-25T21:45:28.508+0900][21.451s][info][gc,phases   ] GC(584)   Post Evacuate Collection Set: 0.1ms
[2026-03-25T21:45:28.508+0900][21.451s][info][gc,phases   ] GC(584)   Other: 0.2ms
[2026-03-25T21:45:28.508+0900][21.451s][info][gc,heap     ] GC(584) Eden regions: 1->0(24)
[2026-03-25T21:45:28.508+0900][21.451s][info][gc,heap     ] GC(584) Survivor regions: 1->1(4)
[2026-03-25T21:45:28.508+0900][21.451s][info][gc,heap     ] GC(584) Old regions: 1->1
[2026-03-25T21:45:28.508+0900][21.451s][info][gc,heap     ] GC(584) Archive regions: 2->2
[2026-03-25T21:45:28.508+0900][21.451s][info][gc,heap     ] GC(584) Humongous regions: 463->463
[2026-03-25T21:45:28.508+0900][21.451s][info][gc,metaspace] GC(584) Metaspace: 184K(384K)->184K(384K) NonClass: 176K(256K)->176K(256K) Class: 7K(128K)->7K(128K)
[2026-03-25T21:45:28.508+0900][21.451s][info][gc          ] GC(584) Pause Young (Concurrent Start) (G1 Humongous Allocation) 464M->464M(512M) 0.926ms
[2026-03-25T21:45:28.508+0900][21.451s][info][gc,cpu      ] GC(584) User=0.01s Sys=0.01s Real=0.00s
[2026-03-25T21:45:28.508+0900][21.451s][info][gc          ] GC(585) Concurrent Mark Cycle
[2026-03-25T21:45:28.508+0900][21.451s][info][gc,marking  ] GC(585) Concurrent Clear Claimed Marks
[2026-03-25T21:45:28.508+0900][21.451s][info][gc,marking  ] GC(585) Concurrent Clear Claimed Marks 0.018ms
[2026-03-25T21:45:28.508+0900][21.451s][info][gc,marking  ] GC(585) Concurrent Scan Root Regions
[2026-03-25T21:45:28.509+0900][21.451s][info][gc,marking  ] GC(585) Concurrent Scan Root Regions 0.178ms
[2026-03-25T21:45:28.509+0900][21.451s][info][gc,marking  ] GC(585) Concurrent Mark
[2026-03-25T21:45:28.509+0900][21.451s][info][gc,marking  ] GC(585) Concurrent Mark From Roots
[2026-03-25T21:45:28.509+0900][21.451s][info][gc,task     ] GC(585) Using 2 workers of 2 for marking
[2026-03-25T21:45:28.511+0900][21.453s][info][gc,marking  ] GC(585) Concurrent Mark From Roots 1.819ms
[2026-03-25T21:45:28.511+0900][21.453s][info][gc,marking  ] GC(585) Concurrent Preclean
[2026-03-25T21:45:28.511+0900][21.453s][info][gc,marking  ] GC(585) Concurrent Preclean 0.036ms
[2026-03-25T21:45:28.511+0900][21.453s][info][gc,start    ] GC(585) Pause Remark
[2026-03-25T21:45:28.511+0900][21.453s][info][gc          ] GC(585) Pause Remark 465M->465M(512M) 0.295ms
[2026-03-25T21:45:28.511+0900][21.453s][info][gc,cpu      ] GC(585) User=0.00s Sys=0.00s Real=0.00s
[2026-03-25T21:45:28.511+0900][21.453s][info][gc,marking  ] GC(585) Concurrent Mark 2.289ms
[2026-03-25T21:45:28.511+0900][21.453s][info][gc,marking  ] GC(585) Concurrent Rebuild Remembered Sets
[2026-03-25T21:45:28.512+0900][21.454s][info][gc,marking  ] GC(585) Concurrent Rebuild Remembered Sets 0.660ms
[2026-03-25T21:45:28.512+0900][21.454s][info][gc,start    ] GC(585) Pause Cleanup
[2026-03-25T21:45:28.512+0900][21.454s][info][gc          ] GC(585) Pause Cleanup 465M->465M(512M) 0.073ms
[2026-03-25T21:45:28.512+0900][21.454s][info][gc,cpu      ] GC(585) User=0.00s Sys=0.00s Real=0.00s
[2026-03-25T21:45:28.512+0900][21.454s][info][gc,marking  ] GC(585) Concurrent Cleanup for Next Mark
[2026-03-25T21:45:28.512+0900][21.455s][info][gc,marking  ] GC(585) Concurrent Cleanup for Next Mark 0.403ms
[2026-03-25T21:45:28.512+0900][21.455s][info][gc          ] GC(585) Concurrent Mark Cycle 3.894ms
[2026-03-25T21:45:28.564+0900][21.506s][info][gc,start    ] GC(586) Pause Young (Concurrent Start) (G1 Humongous Allocation)
[2026-03-25T21:45:28.564+0900][21.506s][info][gc,task     ] GC(586) Using 8 workers of 8 for evacuation
[2026-03-25T21:45:28.566+0900][21.508s][info][gc,phases   ] GC(586)   Pre Evacuate Collection Set: 0.3ms
[2026-03-25T21:45:28.566+0900][21.508s][info][gc,phases   ] GC(586)   Merge Heap Roots: 0.1ms
[2026-03-25T21:45:28.566+0900][21.509s][info][gc,phases   ] GC(586)   Evacuate Collection Set: 1.1ms
[2026-03-25T21:45:28.566+0900][21.509s][info][gc,phases   ] GC(586)   Post Evacuate Collection Set: 0.3ms
[2026-03-25T21:45:28.566+0900][21.509s][info][gc,phases   ] GC(586)   Other: 0.2ms
[2026-03-25T21:45:28.566+0900][21.509s][info][gc,heap     ] GC(586) Eden regions: 1->0(24)
[2026-03-25T21:45:28.566+0900][21.509s][info][gc,heap     ] GC(586) Survivor regions: 1->1(4)
[2026-03-25T21:45:28.566+0900][21.509s][info][gc,heap     ] GC(586) Old regions: 1->1
[2026-03-25T21:45:28.566+0900][21.509s][info][gc,heap     ] GC(586) Archive regions: 2->2
[2026-03-25T21:45:28.566+0900][21.509s][info][gc,heap     ] GC(586) Humongous regions: 464->464
[2026-03-25T21:45:28.566+0900][21.509s][info][gc,metaspace] GC(586) Metaspace: 184K(384K)->184K(384K) NonClass: 176K(256K)->176K(256K) Class: 7K(128K)->7K(128K)
[2026-03-25T21:45:28.566+0900][21.509s][info][gc          ] GC(586) Pause Young (Concurrent Start) (G1 Humongous Allocation) 465M->465M(512M) 2.354ms
[2026-03-25T21:45:28.566+0900][21.509s][info][gc,cpu      ] GC(586) User=0.00s Sys=0.00s Real=0.00s
[2026-03-25T21:45:28.566+0900][21.509s][info][gc          ] GC(587) Concurrent Mark Cycle
[2026-03-25T21:45:28.566+0900][21.509s][info][gc,marking  ] GC(587) Concurrent Clear Claimed Marks
[2026-03-25T21:45:28.566+0900][21.509s][info][gc,marking  ] GC(587) Concurrent Clear Claimed Marks 0.019ms
[2026-03-25T21:45:28.566+0900][21.509s][info][gc,marking  ] GC(587) Concurrent Scan Root Regions
[2026-03-25T21:45:28.567+0900][21.509s][info][gc,marking  ] GC(587) Concurrent Scan Root Regions 0.049ms
[2026-03-25T21:45:28.567+0900][21.509s][info][gc,marking  ] GC(587) Concurrent Mark
[2026-03-25T21:45:28.567+0900][21.509s][info][gc,marking  ] GC(587) Concurrent Mark From Roots
[2026-03-25T21:45:28.567+0900][21.509s][info][gc,task     ] GC(587) Using 2 workers of 2 for marking
[2026-03-25T21:45:28.569+0900][21.512s][info][gc,marking  ] GC(587) Concurrent Mark From Roots 2.857ms
[2026-03-25T21:45:28.570+0900][21.512s][info][gc,marking  ] GC(587) Concurrent Preclean
[2026-03-25T21:45:28.570+0900][21.512s][info][gc,marking  ] GC(587) Concurrent Preclean 0.040ms
[2026-03-25T21:45:28.570+0900][21.512s][info][gc,start    ] GC(587) Pause Remark
[2026-03-25T21:45:28.571+0900][21.513s][info][gc          ] GC(587) Pause Remark 466M->466M(512M) 1.046ms
[2026-03-25T21:45:28.571+0900][21.513s][info][gc,cpu      ] GC(587) User=0.00s Sys=0.00s Real=0.00s
[2026-03-25T21:45:28.571+0900][21.513s][info][gc,marking  ] GC(587) Concurrent Mark 4.154ms
[2026-03-25T21:45:28.571+0900][21.513s][info][gc,marking  ] GC(587) Concurrent Rebuild Remembered Sets
[2026-03-25T21:45:28.572+0900][21.514s][info][gc,marking  ] GC(587) Concurrent Rebuild Remembered Sets 0.872ms
[2026-03-25T21:45:28.572+0900][21.514s][info][gc,start    ] GC(587) Pause Cleanup
[2026-03-25T21:45:28.572+0900][21.514s][info][gc          ] GC(587) Pause Cleanup 466M->466M(512M) 0.094ms
[2026-03-25T21:45:28.572+0900][21.514s][info][gc,cpu      ] GC(587) User=0.00s Sys=0.00s Real=0.00s
[2026-03-25T21:45:28.572+0900][21.514s][info][gc,marking  ] GC(587) Concurrent Cleanup for Next Mark
[2026-03-25T21:45:28.572+0900][21.515s][info][gc,marking  ] GC(587) Concurrent Cleanup for Next Mark 0.460ms
[2026-03-25T21:45:28.572+0900][21.515s][info][gc          ] GC(587) Concurrent Mark Cycle 5.869ms
[2026-03-25T21:45:28.618+0900][21.560s][info][gc,start    ] GC(588) Pause Young (Concurrent Start) (G1 Humongous Allocation)
[2026-03-25T21:45:28.618+0900][21.560s][info][gc,task     ] GC(588) Using 8 workers of 8 for evacuation
[2026-03-25T21:45:28.619+0900][21.561s][info][gc,phases   ] GC(588)   Pre Evacuate Collection Set: 0.2ms
[2026-03-25T21:45:28.619+0900][21.561s][info][gc,phases   ] GC(588)   Merge Heap Roots: 0.1ms
[2026-03-25T21:45:28.619+0900][21.561s][info][gc,phases   ] GC(588)   Evacuate Collection Set: 0.2ms
[2026-03-25T21:45:28.619+0900][21.561s][info][gc,phases   ] GC(588)   Post Evacuate Collection Set: 0.1ms
[2026-03-25T21:45:28.619+0900][21.561s][info][gc,phases   ] GC(588)   Other: 0.3ms
[2026-03-25T21:45:28.619+0900][21.561s][info][gc,heap     ] GC(588) Eden regions: 1->0(24)
[2026-03-25T21:45:28.619+0900][21.561s][info][gc,heap     ] GC(588) Survivor regions: 1->1(4)
[2026-03-25T21:45:28.619+0900][21.561s][info][gc,heap     ] GC(588) Old regions: 1->1
[2026-03-25T21:45:28.619+0900][21.561s][info][gc,heap     ] GC(588) Archive regions: 2->2
[2026-03-25T21:45:28.619+0900][21.561s][info][gc,heap     ] GC(588) Humongous regions: 465->465
[2026-03-25T21:45:28.619+0900][21.561s][info][gc,metaspace] GC(588) Metaspace: 184K(384K)->184K(384K) NonClass: 176K(256K)->176K(256K) Class: 7K(128K)->7K(128K)
[2026-03-25T21:45:28.619+0900][21.561s][info][gc          ] GC(588) Pause Young (Concurrent Start) (G1 Humongous Allocation) 466M->466M(512M) 1.190ms
[2026-03-25T21:45:28.619+0900][21.561s][info][gc,cpu      ] GC(588) User=0.00s Sys=0.00s Real=0.00s
[2026-03-25T21:45:28.619+0900][21.561s][info][gc          ] GC(589) Concurrent Mark Cycle
[2026-03-25T21:45:28.619+0900][21.561s][info][gc,marking  ] GC(589) Concurrent Clear Claimed Marks
[2026-03-25T21:45:28.619+0900][21.561s][info][gc,marking  ] GC(589) Concurrent Clear Claimed Marks 0.026ms
[2026-03-25T21:45:28.619+0900][21.561s][info][gc,marking  ] GC(589) Concurrent Scan Root Regions
[2026-03-25T21:45:28.619+0900][21.561s][info][gc,marking  ] GC(589) Concurrent Scan Root Regions 0.045ms
[2026-03-25T21:45:28.619+0900][21.561s][info][gc,marking  ] GC(589) Concurrent Mark
[2026-03-25T21:45:28.619+0900][21.562s][info][gc,marking  ] GC(589) Concurrent Mark From Roots
[2026-03-25T21:45:28.619+0900][21.562s][info][gc,task     ] GC(589) Using 2 workers of 2 for marking
[2026-03-25T21:45:28.621+0900][21.563s][info][gc,marking  ] GC(589) Concurrent Mark From Roots 1.876ms
[2026-03-25T21:45:28.621+0900][21.563s][info][gc,marking  ] GC(589) Concurrent Preclean
[2026-03-25T21:45:28.621+0900][21.563s][info][gc,marking  ] GC(589) Concurrent Preclean 0.042ms
[2026-03-25T21:45:28.621+0900][21.564s][info][gc,start    ] GC(589) Pause Remark
[2026-03-25T21:45:28.622+0900][21.564s][info][gc          ] GC(589) Pause Remark 469M->469M(512M) 0.361ms
[2026-03-25T21:45:28.622+0900][21.564s][info][gc,cpu      ] GC(589) User=0.00s Sys=0.00s Real=0.00s
[2026-03-25T21:45:28.622+0900][21.564s][info][gc,marking  ] GC(589) Concurrent Mark 2.479ms
[2026-03-25T21:45:28.622+0900][21.564s][info][gc,marking  ] GC(589) Concurrent Rebuild Remembered Sets
[2026-03-25T21:45:28.622+0900][21.565s][info][gc,marking  ] GC(589) Concurrent Rebuild Remembered Sets 0.652ms
[2026-03-25T21:45:28.622+0900][21.565s][info][gc,start    ] GC(589) Pause Cleanup
[2026-03-25T21:45:28.622+0900][21.565s][info][gc          ] GC(589) Pause Cleanup 469M->469M(512M) 0.076ms
[2026-03-25T21:45:28.622+0900][21.565s][info][gc,cpu      ] GC(589) User=0.00s Sys=0.00s Real=0.00s
[2026-03-25T21:45:28.622+0900][21.565s][info][gc,marking  ] GC(589) Concurrent Cleanup for Next Mark
[2026-03-25T21:45:28.623+0900][21.565s][info][gc,marking  ] GC(589) Concurrent Cleanup for Next Mark 0.348ms
[2026-03-25T21:45:28.623+0900][21.565s][info][gc          ] GC(589) Concurrent Mark Cycle 3.946ms
[2026-03-25T21:45:28.673+0900][21.616s][info][gc,start    ] GC(590) Pause Young (Concurrent Start) (G1 Humongous Allocation)
[2026-03-25T21:45:28.673+0900][21.616s][info][gc,task     ] GC(590) Using 8 workers of 8 for evacuation
[2026-03-25T21:45:28.674+0900][21.617s][info][gc,phases   ] GC(590)   Pre Evacuate Collection Set: 0.2ms
[2026-03-25T21:45:28.674+0900][21.617s][info][gc,phases   ] GC(590)   Merge Heap Roots: 0.2ms
[2026-03-25T21:45:28.674+0900][21.617s][info][gc,phases   ] GC(590)   Evacuate Collection Set: 0.2ms
[2026-03-25T21:45:28.674+0900][21.617s][info][gc,phases   ] GC(590)   Post Evacuate Collection Set: 0.1ms
[2026-03-25T21:45:28.674+0900][21.617s][info][gc,phases   ] GC(590)   Other: 0.2ms
[2026-03-25T21:45:28.674+0900][21.617s][info][gc,heap     ] GC(590) Eden regions: 1->0(24)
[2026-03-25T21:45:28.674+0900][21.617s][info][gc,heap     ] GC(590) Survivor regions: 1->1(4)
[2026-03-25T21:45:28.674+0900][21.617s][info][gc,heap     ] GC(590) Old regions: 1->1
[2026-03-25T21:45:28.674+0900][21.617s][info][gc,heap     ] GC(590) Archive regions: 2->2
[2026-03-25T21:45:28.674+0900][21.617s][info][gc,heap     ] GC(590) Humongous regions: 468->468
[2026-03-25T21:45:28.675+0900][21.617s][info][gc,metaspace] GC(590) Metaspace: 184K(384K)->184K(384K) NonClass: 176K(256K)->176K(256K) Class: 7K(128K)->7K(128K)
[2026-03-25T21:45:28.675+0900][21.617s][info][gc          ] GC(590) Pause Young (Concurrent Start) (G1 Humongous Allocation) 469M->469M(512M) 1.214ms
[2026-03-25T21:45:28.675+0900][21.617s][info][gc,cpu      ] GC(590) User=0.00s Sys=0.00s Real=0.00s
[2026-03-25T21:45:28.675+0900][21.617s][info][gc          ] GC(591) Concurrent Mark Cycle
[2026-03-25T21:45:28.675+0900][21.617s][info][gc,marking  ] GC(591) Concurrent Clear Claimed Marks
[2026-03-25T21:45:28.675+0900][21.617s][info][gc,marking  ] GC(591) Concurrent Clear Claimed Marks 0.022ms
[2026-03-25T21:45:28.675+0900][21.617s][info][gc,marking  ] GC(591) Concurrent Scan Root Regions
[2026-03-25T21:45:28.675+0900][21.617s][info][gc,marking  ] GC(591) Concurrent Scan Root Regions 0.050ms
[2026-03-25T21:45:28.675+0900][21.617s][info][gc,marking  ] GC(591) Concurrent Mark
[2026-03-25T21:45:28.675+0900][21.617s][info][gc,marking  ] GC(591) Concurrent Mark From Roots
[2026-03-25T21:45:28.675+0900][21.617s][info][gc,task     ] GC(591) Using 2 workers of 2 for marking
[2026-03-25T21:45:28.677+0900][21.619s][info][gc,marking  ] GC(591) Concurrent Mark From Roots 1.883ms
[2026-03-25T21:45:28.677+0900][21.619s][info][gc,marking  ] GC(591) Concurrent Preclean
[2026-03-25T21:45:28.677+0900][21.619s][info][gc,marking  ] GC(591) Concurrent Preclean 0.039ms
[2026-03-25T21:45:28.677+0900][21.619s][info][gc,start    ] GC(591) Pause Remark
[2026-03-25T21:45:28.677+0900][21.619s][info][gc          ] GC(591) Pause Remark 470M->470M(512M) 0.293ms
[2026-03-25T21:45:28.677+0900][21.619s][info][gc,cpu      ] GC(591) User=0.00s Sys=0.00s Real=0.00s
[2026-03-25T21:45:28.677+0900][21.619s][info][gc,marking  ] GC(591) Concurrent Mark 2.379ms
[2026-03-25T21:45:28.677+0900][21.619s][info][gc,marking  ] GC(591) Concurrent Rebuild Remembered Sets
[2026-03-25T21:45:28.678+0900][21.620s][info][gc,marking  ] GC(591) Concurrent Rebuild Remembered Sets 0.648ms
[2026-03-25T21:45:28.678+0900][21.620s][info][gc,start    ] GC(591) Pause Cleanup
[2026-03-25T21:45:28.678+0900][21.620s][info][gc          ] GC(591) Pause Cleanup 470M->470M(512M) 0.077ms
[2026-03-25T21:45:28.678+0900][21.620s][info][gc,cpu      ] GC(591) User=0.00s Sys=0.00s Real=0.00s
[2026-03-25T21:45:28.678+0900][21.620s][info][gc,marking  ] GC(591) Concurrent Cleanup for Next Mark
[2026-03-25T21:45:28.678+0900][21.621s][info][gc,marking  ] GC(591) Concurrent Cleanup for Next Mark 0.393ms
[2026-03-25T21:45:28.678+0900][21.621s][info][gc          ] GC(591) Concurrent Mark Cycle 3.858ms
[2026-03-25T21:45:28.730+0900][21.672s][info][gc,start    ] GC(592) Pause Young (Concurrent Start) (G1 Humongous Allocation)
[2026-03-25T21:45:28.730+0900][21.672s][info][gc,task     ] GC(592) Using 8 workers of 8 for evacuation
[2026-03-25T21:45:28.731+0900][21.673s][info][gc,phases   ] GC(592)   Pre Evacuate Collection Set: 0.3ms
[2026-03-25T21:45:28.731+0900][21.673s][info][gc,phases   ] GC(592)   Merge Heap Roots: 0.2ms
[2026-03-25T21:45:28.731+0900][21.673s][info][gc,phases   ] GC(592)   Evacuate Collection Set: 0.2ms
[2026-03-25T21:45:28.731+0900][21.673s][info][gc,phases   ] GC(592)   Post Evacuate Collection Set: 0.1ms
[2026-03-25T21:45:28.731+0900][21.673s][info][gc,phases   ] GC(592)   Other: 0.3ms
[2026-03-25T21:45:28.731+0900][21.673s][info][gc,heap     ] GC(592) Eden regions: 1->0(24)
[2026-03-25T21:45:28.731+0900][21.673s][info][gc,heap     ] GC(592) Survivor regions: 1->1(4)
[2026-03-25T21:45:28.731+0900][21.673s][info][gc,heap     ] GC(592) Old regions: 1->1
[2026-03-25T21:45:28.731+0900][21.673s][info][gc,heap     ] GC(592) Archive regions: 2->2
[2026-03-25T21:45:28.731+0900][21.673s][info][gc,heap     ] GC(592) Humongous regions: 469->469
[2026-03-25T21:45:28.731+0900][21.673s][info][gc,metaspace] GC(592) Metaspace: 184K(384K)->184K(384K) NonClass: 176K(256K)->176K(256K) Class: 7K(128K)->7K(128K)
[2026-03-25T21:45:28.731+0900][21.673s][info][gc          ] GC(592) Pause Young (Concurrent Start) (G1 Humongous Allocation) 470M->470M(512M) 1.188ms
[2026-03-25T21:45:28.731+0900][21.673s][info][gc,cpu      ] GC(592) User=0.00s Sys=0.00s Real=0.00s
[2026-03-25T21:45:28.731+0900][21.673s][info][gc          ] GC(593) Concurrent Mark Cycle
[2026-03-25T21:45:28.731+0900][21.673s][info][gc,marking  ] GC(593) Concurrent Clear Claimed Marks
[2026-03-25T21:45:28.731+0900][21.673s][info][gc,marking  ] GC(593) Concurrent Clear Claimed Marks 0.014ms
[2026-03-25T21:45:28.731+0900][21.673s][info][gc,marking  ] GC(593) Concurrent Scan Root Regions
[2026-03-25T21:45:28.731+0900][21.673s][info][gc,marking  ] GC(593) Concurrent Scan Root Regions 0.040ms
[2026-03-25T21:45:28.731+0900][21.674s][info][gc,marking  ] GC(593) Concurrent Mark
[2026-03-25T21:45:28.731+0900][21.674s][info][gc,marking  ] GC(593) Concurrent Mark From Roots
[2026-03-25T21:45:28.731+0900][21.674s][info][gc,task     ] GC(593) Using 2 workers of 2 for marking
[2026-03-25T21:45:28.733+0900][21.675s][info][gc,marking  ] GC(593) Concurrent Mark From Roots 1.802ms
[2026-03-25T21:45:28.733+0900][21.675s][info][gc,marking  ] GC(593) Concurrent Preclean
[2026-03-25T21:45:28.733+0900][21.675s][info][gc,marking  ] GC(593) Concurrent Preclean 0.040ms
[2026-03-25T21:45:28.733+0900][21.675s][info][gc,start    ] GC(593) Pause Remark
[2026-03-25T21:45:28.733+0900][21.676s][info][gc          ] GC(593) Pause Remark 471M->471M(512M) 0.321ms
[2026-03-25T21:45:28.733+0900][21.676s][info][gc,cpu      ] GC(593) User=0.00s Sys=0.00s Real=0.00s
[2026-03-25T21:45:28.734+0900][21.676s][info][gc,marking  ] GC(593) Concurrent Mark 2.295ms
[2026-03-25T21:45:28.734+0900][21.676s][info][gc,marking  ] GC(593) Concurrent Rebuild Remembered Sets
[2026-03-25T21:45:28.734+0900][21.677s][info][gc,marking  ] GC(593) Concurrent Rebuild Remembered Sets 0.675ms
[2026-03-25T21:45:28.734+0900][21.677s][info][gc,start    ] GC(593) Pause Cleanup
[2026-03-25T21:45:28.735+0900][21.677s][info][gc          ] GC(593) Pause Cleanup 471M->471M(512M) 0.258ms
[2026-03-25T21:45:28.735+0900][21.677s][info][gc,cpu      ] GC(593) User=0.00s Sys=0.00s Real=0.00s
[2026-03-25T21:45:28.735+0900][21.677s][info][gc,marking  ] GC(593) Concurrent Cleanup for Next Mark
[2026-03-25T21:45:28.735+0900][21.677s][info][gc,marking  ] GC(593) Concurrent Cleanup for Next Mark 0.486ms
[2026-03-25T21:45:28.735+0900][21.678s][info][gc          ] GC(593) Concurrent Mark Cycle 4.124ms
[2026-03-25T21:45:28.786+0900][21.728s][info][gc,start    ] GC(594) Pause Young (Concurrent Start) (G1 Humongous Allocation)
[2026-03-25T21:45:28.786+0900][21.728s][info][gc,task     ] GC(594) Using 8 workers of 8 for evacuation
[2026-03-25T21:45:28.787+0900][21.729s][info][gc,phases   ] GC(594)   Pre Evacuate Collection Set: 0.1ms
[2026-03-25T21:45:28.787+0900][21.729s][info][gc,phases   ] GC(594)   Merge Heap Roots: 0.2ms
[2026-03-25T21:45:28.787+0900][21.729s][info][gc,phases   ] GC(594)   Evacuate Collection Set: 0.2ms
[2026-03-25T21:45:28.787+0900][21.729s][info][gc,phases   ] GC(594)   Post Evacuate Collection Set: 0.1ms
[2026-03-25T21:45:28.787+0900][21.729s][info][gc,phases   ] GC(594)   Other: 0.2ms
[2026-03-25T21:45:28.787+0900][21.729s][info][gc,heap     ] GC(594) Eden regions: 1->0(24)
[2026-03-25T21:45:28.787+0900][21.729s][info][gc,heap     ] GC(594) Survivor regions: 1->1(4)
[2026-03-25T21:45:28.787+0900][21.729s][info][gc,heap     ] GC(594) Old regions: 1->1
[2026-03-25T21:45:28.787+0900][21.729s][info][gc,heap     ] GC(594) Archive regions: 2->2
[2026-03-25T21:45:28.787+0900][21.729s][info][gc,heap     ] GC(594) Humongous regions: 470->470
[2026-03-25T21:45:28.787+0900][21.729s][info][gc,metaspace] GC(594) Metaspace: 184K(384K)->184K(384K) NonClass: 176K(256K)->176K(256K) Class: 7K(128K)->7K(128K)
[2026-03-25T21:45:28.787+0900][21.729s][info][gc          ] GC(594) Pause Young (Concurrent Start) (G1 Humongous Allocation) 471M->471M(512M) 0.987ms
[2026-03-25T21:45:28.787+0900][21.729s][info][gc,cpu      ] GC(594) User=0.00s Sys=0.00s Real=0.00s
[2026-03-25T21:45:28.787+0900][21.729s][info][gc          ] GC(595) Concurrent Mark Cycle
[2026-03-25T21:45:28.787+0900][21.729s][info][gc,marking  ] GC(595) Concurrent Clear Claimed Marks
[2026-03-25T21:45:28.787+0900][21.729s][info][gc,marking  ] GC(595) Concurrent Clear Claimed Marks 0.021ms
[2026-03-25T21:45:28.787+0900][21.729s][info][gc,marking  ] GC(595) Concurrent Scan Root Regions
[2026-03-25T21:45:28.787+0900][21.729s][info][gc,marking  ] GC(595) Concurrent Scan Root Regions 0.047ms
[2026-03-25T21:45:28.787+0900][21.729s][info][gc,marking  ] GC(595) Concurrent Mark
[2026-03-25T21:45:28.787+0900][21.729s][info][gc,marking  ] GC(595) Concurrent Mark From Roots
[2026-03-25T21:45:28.787+0900][21.729s][info][gc,task     ] GC(595) Using 2 workers of 2 for marking
[2026-03-25T21:45:28.790+0900][21.732s][info][gc,marking  ] GC(595) Concurrent Mark From Roots 3.053ms
[2026-03-25T21:45:28.790+0900][21.732s][info][gc,marking  ] GC(595) Concurrent Preclean
[2026-03-25T21:45:28.790+0900][21.732s][info][gc,marking  ] GC(595) Concurrent Preclean 0.039ms
[2026-03-25T21:45:28.790+0900][21.733s][info][gc,start    ] GC(595) Pause Remark
[2026-03-25T21:45:28.791+0900][21.733s][info][gc          ] GC(595) Pause Remark 472M->472M(512M) 0.392ms
[2026-03-25T21:45:28.791+0900][21.733s][info][gc,cpu      ] GC(595) User=0.00s Sys=0.00s Real=0.00s
[2026-03-25T21:45:28.791+0900][21.733s][info][gc,marking  ] GC(595) Concurrent Mark 3.698ms
[2026-03-25T21:45:28.791+0900][21.733s][info][gc,marking  ] GC(595) Concurrent Rebuild Remembered Sets
[2026-03-25T21:45:28.791+0900][21.734s][info][gc,marking  ] GC(595) Concurrent Rebuild Remembered Sets 0.687ms
[2026-03-25T21:45:28.791+0900][21.734s][info][gc,start    ] GC(595) Pause Cleanup
[2026-03-25T21:45:28.792+0900][21.734s][info][gc          ] GC(595) Pause Cleanup 472M->472M(512M) 0.090ms
[2026-03-25T21:45:28.792+0900][21.734s][info][gc,cpu      ] GC(595) User=0.00s Sys=0.00s Real=0.00s
[2026-03-25T21:45:28.792+0900][21.734s][info][gc,marking  ] GC(595) Concurrent Cleanup for Next Mark
[2026-03-25T21:45:28.792+0900][21.735s][info][gc,marking  ] GC(595) Concurrent Cleanup for Next Mark 0.643ms
[2026-03-25T21:45:28.792+0900][21.735s][info][gc          ] GC(595) Concurrent Mark Cycle 5.511ms
[2026-03-25T21:45:28.842+0900][21.784s][info][gc,start    ] GC(596) Pause Young (Concurrent Start) (G1 Humongous Allocation)
[2026-03-25T21:45:28.842+0900][21.785s][info][gc,task     ] GC(596) Using 8 workers of 8 for evacuation
[2026-03-25T21:45:28.843+0900][21.785s][info][gc,phases   ] GC(596)   Pre Evacuate Collection Set: 0.1ms
[2026-03-25T21:45:28.843+0900][21.785s][info][gc,phases   ] GC(596)   Merge Heap Roots: 0.1ms
[2026-03-25T21:45:28.843+0900][21.785s][info][gc,phases   ] GC(596)   Evacuate Collection Set: 0.2ms
[2026-03-25T21:45:28.843+0900][21.785s][info][gc,phases   ] GC(596)   Post Evacuate Collection Set: 0.1ms
[2026-03-25T21:45:28.843+0900][21.785s][info][gc,phases   ] GC(596)   Other: 0.2ms
[2026-03-25T21:45:28.843+0900][21.785s][info][gc,heap     ] GC(596) Eden regions: 1->0(24)
[2026-03-25T21:45:28.843+0900][21.785s][info][gc,heap     ] GC(596) Survivor regions: 1->1(4)
[2026-03-25T21:45:28.843+0900][21.785s][info][gc,heap     ] GC(596) Old regions: 1->1
[2026-03-25T21:45:28.843+0900][21.785s][info][gc,heap     ] GC(596) Archive regions: 2->2
[2026-03-25T21:45:28.843+0900][21.785s][info][gc,heap     ] GC(596) Humongous regions: 471->471
[2026-03-25T21:45:28.843+0900][21.785s][info][gc,metaspace] GC(596) Metaspace: 184K(384K)->184K(384K) NonClass: 176K(256K)->176K(256K) Class: 7K(128K)->7K(128K)
[2026-03-25T21:45:28.843+0900][21.785s][info][gc          ] GC(596) Pause Young (Concurrent Start) (G1 Humongous Allocation) 472M->472M(512M) 0.970ms
[2026-03-25T21:45:28.843+0900][21.785s][info][gc,cpu      ] GC(596) User=0.00s Sys=0.00s Real=0.00s
[2026-03-25T21:45:28.843+0900][21.786s][info][gc          ] GC(597) Concurrent Mark Cycle
[2026-03-25T21:45:28.843+0900][21.786s][info][gc,marking  ] GC(597) Concurrent Clear Claimed Marks
[2026-03-25T21:45:28.843+0900][21.786s][info][gc,marking  ] GC(597) Concurrent Clear Claimed Marks 0.018ms
[2026-03-25T21:45:28.843+0900][21.786s][info][gc,marking  ] GC(597) Concurrent Scan Root Regions
[2026-03-25T21:45:28.843+0900][21.786s][info][gc,marking  ] GC(597) Concurrent Scan Root Regions 0.039ms
[2026-03-25T21:45:28.843+0900][21.786s][info][gc,marking  ] GC(597) Concurrent Mark
[2026-03-25T21:45:28.843+0900][21.786s][info][gc,marking  ] GC(597) Concurrent Mark From Roots
[2026-03-25T21:45:28.843+0900][21.786s][info][gc,task     ] GC(597) Using 2 workers of 2 for marking
[2026-03-25T21:45:28.845+0900][21.788s][info][gc,marking  ] GC(597) Concurrent Mark From Roots 1.908ms
[2026-03-25T21:45:28.845+0900][21.788s][info][gc,marking  ] GC(597) Concurrent Preclean
[2026-03-25T21:45:28.845+0900][21.788s][info][gc,marking  ] GC(597) Concurrent Preclean 0.056ms
[2026-03-25T21:45:28.845+0900][21.788s][info][gc,start    ] GC(597) Pause Remark
[2026-03-25T21:45:28.846+0900][21.788s][info][gc          ] GC(597) Pause Remark 473M->473M(512M) 0.409ms
[2026-03-25T21:45:28.846+0900][21.788s][info][gc,cpu      ] GC(597) User=0.00s Sys=0.00s Real=0.00s
[2026-03-25T21:45:28.846+0900][21.788s][info][gc,marking  ] GC(597) Concurrent Mark 2.562ms
[2026-03-25T21:45:28.846+0900][21.788s][info][gc,marking  ] GC(597) Concurrent Rebuild Remembered Sets
[2026-03-25T21:45:28.847+0900][21.789s][info][gc,marking  ] GC(597) Concurrent Rebuild Remembered Sets 0.974ms
[2026-03-25T21:45:28.847+0900][21.789s][info][gc,start    ] GC(597) Pause Cleanup
[2026-03-25T21:45:28.847+0900][21.789s][info][gc          ] GC(597) Pause Cleanup 473M->473M(512M) 0.103ms
[2026-03-25T21:45:28.847+0900][21.789s][info][gc,cpu      ] GC(597) User=0.00s Sys=0.00s Real=0.00s
[2026-03-25T21:45:28.847+0900][21.789s][info][gc,marking  ] GC(597) Concurrent Cleanup for Next Mark
[2026-03-25T21:45:28.848+0900][21.790s][info][gc,marking  ] GC(597) Concurrent Cleanup for Next Mark 0.379ms
[2026-03-25T21:45:28.848+0900][21.790s][info][gc          ] GC(597) Concurrent Mark Cycle 4.402ms
[2026-03-25T21:45:28.898+0900][21.841s][info][gc,start    ] GC(598) Pause Young (Concurrent Start) (G1 Humongous Allocation)
[2026-03-25T21:45:28.899+0900][21.841s][info][gc,task     ] GC(598) Using 8 workers of 8 for evacuation
[2026-03-25T21:45:28.899+0900][21.841s][info][gc,phases   ] GC(598)   Pre Evacuate Collection Set: 0.1ms
[2026-03-25T21:45:28.899+0900][21.841s][info][gc,phases   ] GC(598)   Merge Heap Roots: 0.1ms
[2026-03-25T21:45:28.899+0900][21.841s][info][gc,phases   ] GC(598)   Evacuate Collection Set: 0.2ms
[2026-03-25T21:45:28.899+0900][21.841s][info][gc,phases   ] GC(598)   Post Evacuate Collection Set: 0.1ms
[2026-03-25T21:45:28.899+0900][21.842s][info][gc,phases   ] GC(598)   Other: 0.2ms
[2026-03-25T21:45:28.899+0900][21.842s][info][gc,heap     ] GC(598) Eden regions: 1->0(24)
[2026-03-25T21:45:28.899+0900][21.842s][info][gc,heap     ] GC(598) Survivor regions: 1->1(4)
[2026-03-25T21:45:28.899+0900][21.842s][info][gc,heap     ] GC(598) Old regions: 1->1
[2026-03-25T21:45:28.899+0900][21.842s][info][gc,heap     ] GC(598) Archive regions: 2->2
[2026-03-25T21:45:28.899+0900][21.842s][info][gc,heap     ] GC(598) Humongous regions: 472->472
[2026-03-25T21:45:28.899+0900][21.842s][info][gc,metaspace] GC(598) Metaspace: 184K(384K)->184K(384K) NonClass: 176K(256K)->176K(256K) Class: 7K(128K)->7K(128K)
[2026-03-25T21:45:28.899+0900][21.842s][info][gc          ] GC(598) Pause Young (Concurrent Start) (G1 Humongous Allocation) 473M->473M(512M) 0.876ms
[2026-03-25T21:45:28.899+0900][21.842s][info][gc,cpu      ] GC(598) User=0.00s Sys=0.00s Real=0.00s
[2026-03-25T21:45:28.899+0900][21.842s][info][gc          ] GC(599) Concurrent Mark Cycle
[2026-03-25T21:45:28.899+0900][21.842s][info][gc,marking  ] GC(599) Concurrent Clear Claimed Marks
[2026-03-25T21:45:28.899+0900][21.842s][info][gc,marking  ] GC(599) Concurrent Clear Claimed Marks 0.017ms
[2026-03-25T21:45:28.899+0900][21.842s][info][gc,marking  ] GC(599) Concurrent Scan Root Regions
[2026-03-25T21:45:28.899+0900][21.842s][info][gc,marking  ] GC(599) Concurrent Scan Root Regions 0.039ms
[2026-03-25T21:45:28.899+0900][21.842s][info][gc,marking  ] GC(599) Concurrent Mark
[2026-03-25T21:45:28.899+0900][21.842s][info][gc,marking  ] GC(599) Concurrent Mark From Roots
[2026-03-25T21:45:28.900+0900][21.842s][info][gc,task     ] GC(599) Using 2 workers of 2 for marking
[2026-03-25T21:45:28.902+0900][21.844s][info][gc,marking  ] GC(599) Concurrent Mark From Roots 2.120ms
[2026-03-25T21:45:28.902+0900][21.844s][info][gc,marking  ] GC(599) Concurrent Preclean
[2026-03-25T21:45:28.902+0900][21.844s][info][gc,marking  ] GC(599) Concurrent Preclean 0.045ms
[2026-03-25T21:45:28.902+0900][21.844s][info][gc,start    ] GC(599) Pause Remark
[2026-03-25T21:45:28.902+0900][21.845s][info][gc          ] GC(599) Pause Remark 474M->474M(512M) 0.399ms
[2026-03-25T21:45:28.902+0900][21.845s][info][gc,cpu      ] GC(599) User=0.00s Sys=0.00s Real=0.00s
[2026-03-25T21:45:28.902+0900][21.845s][info][gc,marking  ] GC(599) Concurrent Mark 2.810ms
[2026-03-25T21:45:28.902+0900][21.845s][info][gc,marking  ] GC(599) Concurrent Rebuild Remembered Sets
[2026-03-25T21:45:28.903+0900][21.845s][info][gc,marking  ] GC(599) Concurrent Rebuild Remembered Sets 0.797ms
[2026-03-25T21:45:28.903+0900][21.845s][info][gc,start    ] GC(599) Pause Cleanup
[2026-03-25T21:45:28.903+0900][21.846s][info][gc          ] GC(599) Pause Cleanup 474M->474M(512M) 0.097ms
[2026-03-25T21:45:28.903+0900][21.846s][info][gc,cpu      ] GC(599) User=0.00s Sys=0.00s Real=0.00s
[2026-03-25T21:45:28.903+0900][21.846s][info][gc,marking  ] GC(599) Concurrent Cleanup for Next Mark
[2026-03-25T21:45:28.904+0900][21.846s][info][gc,marking  ] GC(599) Concurrent Cleanup for Next Mark 0.464ms
[2026-03-25T21:45:28.904+0900][21.846s][info][gc          ] GC(599) Concurrent Mark Cycle 4.565ms
[2026-03-25T21:45:28.954+0900][21.897s][info][gc,start    ] GC(600) Pause Young (Concurrent Start) (G1 Humongous Allocation)
[2026-03-25T21:45:28.954+0900][21.897s][info][gc,task     ] GC(600) Using 8 workers of 8 for evacuation
[2026-03-25T21:45:28.955+0900][21.897s][info][gc,phases   ] GC(600)   Pre Evacuate Collection Set: 0.1ms
[2026-03-25T21:45:28.955+0900][21.897s][info][gc,phases   ] GC(600)   Merge Heap Roots: 0.1ms
[2026-03-25T21:45:28.955+0900][21.897s][info][gc,phases   ] GC(600)   Evacuate Collection Set: 0.2ms
[2026-03-25T21:45:28.955+0900][21.897s][info][gc,phases   ] GC(600)   Post Evacuate Collection Set: 0.1ms
[2026-03-25T21:45:28.955+0900][21.897s][info][gc,phases   ] GC(600)   Other: 0.2ms
[2026-03-25T21:45:28.955+0900][21.897s][info][gc,heap     ] GC(600) Eden regions: 1->0(24)
[2026-03-25T21:45:28.955+0900][21.898s][info][gc,heap     ] GC(600) Survivor regions: 1->1(4)
[2026-03-25T21:45:28.955+0900][21.898s][info][gc,heap     ] GC(600) Old regions: 1->1
[2026-03-25T21:45:28.955+0900][21.898s][info][gc,heap     ] GC(600) Archive regions: 2->2
[2026-03-25T21:45:28.955+0900][21.898s][info][gc,heap     ] GC(600) Humongous regions: 473->473
[2026-03-25T21:45:28.955+0900][21.898s][info][gc,metaspace] GC(600) Metaspace: 184K(384K)->184K(384K) NonClass: 176K(256K)->176K(256K) Class: 7K(128K)->7K(128K)
[2026-03-25T21:45:28.955+0900][21.898s][info][gc          ] GC(600) Pause Young (Concurrent Start) (G1 Humongous Allocation) 474M->474M(512M) 0.958ms
[2026-03-25T21:45:28.955+0900][21.898s][info][gc,cpu      ] GC(600) User=0.01s Sys=0.00s Real=0.00s
[2026-03-25T21:45:28.955+0900][21.898s][info][gc          ] GC(601) Concurrent Mark Cycle
[2026-03-25T21:45:28.955+0900][21.898s][info][gc,marking  ] GC(601) Concurrent Clear Claimed Marks
[2026-03-25T21:45:28.955+0900][21.898s][info][gc,marking  ] GC(601) Concurrent Clear Claimed Marks 0.018ms
[2026-03-25T21:45:28.955+0900][21.898s][info][gc,marking  ] GC(601) Concurrent Scan Root Regions
[2026-03-25T21:45:28.955+0900][21.898s][info][gc,marking  ] GC(601) Concurrent Scan Root Regions 0.039ms
[2026-03-25T21:45:28.955+0900][21.898s][info][gc,marking  ] GC(601) Concurrent Mark
[2026-03-25T21:45:28.955+0900][21.898s][info][gc,marking  ] GC(601) Concurrent Mark From Roots
[2026-03-25T21:45:28.955+0900][21.898s][info][gc,task     ] GC(601) Using 2 workers of 2 for marking
[2026-03-25T21:45:28.957+0900][21.900s][info][gc,marking  ] GC(601) Concurrent Mark From Roots 1.825ms
[2026-03-25T21:45:28.957+0900][21.900s][info][gc,marking  ] GC(601) Concurrent Preclean
[2026-03-25T21:45:28.957+0900][21.900s][info][gc,marking  ] GC(601) Concurrent Preclean 0.045ms
[2026-03-25T21:45:28.957+0900][21.900s][info][gc,start    ] GC(601) Pause Remark
[2026-03-25T21:45:28.958+0900][21.900s][info][gc          ] GC(601) Pause Remark 475M->475M(512M) 0.334ms
[2026-03-25T21:45:28.958+0900][21.900s][info][gc,cpu      ] GC(601) User=0.00s Sys=0.00s Real=0.00s
[2026-03-25T21:45:28.958+0900][21.900s][info][gc,marking  ] GC(601) Concurrent Mark 2.374ms
[2026-03-25T21:45:28.958+0900][21.900s][info][gc,marking  ] GC(601) Concurrent Rebuild Remembered Sets
[2026-03-25T21:45:28.962+0900][21.904s][info][gc,marking  ] GC(601) Concurrent Rebuild Remembered Sets 3.766ms
[2026-03-25T21:45:28.962+0900][21.904s][info][gc,start    ] GC(601) Pause Cleanup
[2026-03-25T21:45:28.962+0900][21.904s][info][gc          ] GC(601) Pause Cleanup 475M->475M(512M) 0.123ms
[2026-03-25T21:45:28.962+0900][21.904s][info][gc,cpu      ] GC(601) User=0.00s Sys=0.00s Real=0.00s
[2026-03-25T21:45:28.962+0900][21.904s][info][gc,marking  ] GC(601) Concurrent Cleanup for Next Mark
[2026-03-25T21:45:28.962+0900][21.905s][info][gc,marking  ] GC(601) Concurrent Cleanup for Next Mark 0.404ms
[2026-03-25T21:45:28.962+0900][21.905s][info][gc          ] GC(601) Concurrent Mark Cycle 7.086ms
[2026-03-25T21:45:29.008+0900][21.950s][info][gc,start    ] GC(602) Pause Young (Concurrent Start) (G1 Humongous Allocation)
[2026-03-25T21:45:29.008+0900][21.950s][info][gc,task     ] GC(602) Using 8 workers of 8 for evacuation
[2026-03-25T21:45:29.009+0900][21.951s][info][gc,phases   ] GC(602)   Pre Evacuate Collection Set: 0.3ms
[2026-03-25T21:45:29.009+0900][21.951s][info][gc,phases   ] GC(602)   Merge Heap Roots: 0.1ms
[2026-03-25T21:45:29.009+0900][21.951s][info][gc,phases   ] GC(602)   Evacuate Collection Set: 0.1ms
[2026-03-25T21:45:29.009+0900][21.951s][info][gc,phases   ] GC(602)   Post Evacuate Collection Set: 0.1ms
[2026-03-25T21:45:29.009+0900][21.951s][info][gc,phases   ] GC(602)   Other: 0.3ms
[2026-03-25T21:45:29.009+0900][21.951s][info][gc,heap     ] GC(602) Eden regions: 1->0(24)
[2026-03-25T21:45:29.009+0900][21.951s][info][gc,heap     ] GC(602) Survivor regions: 1->1(4)
[2026-03-25T21:45:29.009+0900][21.951s][info][gc,heap     ] GC(602) Old regions: 1->1
[2026-03-25T21:45:29.009+0900][21.951s][info][gc,heap     ] GC(602) Archive regions: 2->2
[2026-03-25T21:45:29.009+0900][21.951s][info][gc,heap     ] GC(602) Humongous regions: 474->474
[2026-03-25T21:45:29.009+0900][21.951s][info][gc,metaspace] GC(602) Metaspace: 184K(384K)->184K(384K) NonClass: 176K(256K)->176K(256K) Class: 7K(128K)->7K(128K)
[2026-03-25T21:45:29.009+0900][21.951s][info][gc          ] GC(602) Pause Young (Concurrent Start) (G1 Humongous Allocation) 475M->475M(512M) 1.205ms
[2026-03-25T21:45:29.009+0900][21.951s][info][gc,cpu      ] GC(602) User=0.00s Sys=0.00s Real=0.00s
[2026-03-25T21:45:29.009+0900][21.951s][info][gc          ] GC(603) Concurrent Mark Cycle
[2026-03-25T21:45:29.009+0900][21.951s][info][gc,marking  ] GC(603) Concurrent Clear Claimed Marks
[2026-03-25T21:45:29.009+0900][21.951s][info][gc,marking  ] GC(603) Concurrent Clear Claimed Marks 0.008ms
[2026-03-25T21:45:29.009+0900][21.951s][info][gc,marking  ] GC(603) Concurrent Scan Root Regions
[2026-03-25T21:45:29.009+0900][21.952s][info][gc,marking  ] GC(603) Concurrent Scan Root Regions 0.024ms
[2026-03-25T21:45:29.009+0900][21.952s][info][gc,marking  ] GC(603) Concurrent Mark
[2026-03-25T21:45:29.009+0900][21.952s][info][gc,marking  ] GC(603) Concurrent Mark From Roots
[2026-03-25T21:45:29.009+0900][21.952s][info][gc,task     ] GC(603) Using 2 workers of 2 for marking
[2026-03-25T21:45:29.011+0900][21.954s][info][gc,marking  ] GC(603) Concurrent Mark From Roots 1.994ms
[2026-03-25T21:45:29.011+0900][21.954s][info][gc,marking  ] GC(603) Concurrent Preclean
[2026-03-25T21:45:29.011+0900][21.954s][info][gc,marking  ] GC(603) Concurrent Preclean 0.028ms
[2026-03-25T21:45:29.011+0900][21.954s][info][gc,start    ] GC(603) Pause Remark
[2026-03-25T21:45:29.012+0900][21.955s][info][gc          ] GC(603) Pause Remark 476M->476M(512M) 0.912ms
[2026-03-25T21:45:29.012+0900][21.955s][info][gc,cpu      ] GC(603) User=0.01s Sys=0.00s Real=0.00s
[2026-03-25T21:45:29.012+0900][21.955s][info][gc,marking  ] GC(603) Concurrent Mark 3.121ms
[2026-03-25T21:45:29.012+0900][21.955s][info][gc,marking  ] GC(603) Concurrent Rebuild Remembered Sets
[2026-03-25T21:45:29.014+0900][21.956s][info][gc,marking  ] GC(603) Concurrent Rebuild Remembered Sets 1.135ms
[2026-03-25T21:45:29.014+0900][21.956s][info][gc,start    ] GC(603) Pause Cleanup
[2026-03-25T21:45:29.014+0900][21.956s][info][gc          ] GC(603) Pause Cleanup 476M->476M(512M) 0.103ms
[2026-03-25T21:45:29.014+0900][21.956s][info][gc,cpu      ] GC(603) User=0.00s Sys=0.00s Real=0.00s
[2026-03-25T21:45:29.014+0900][21.956s][info][gc,marking  ] GC(603) Concurrent Cleanup for Next Mark
[2026-03-25T21:45:29.014+0900][21.956s][info][gc,marking  ] GC(603) Concurrent Cleanup for Next Mark 0.382ms
[2026-03-25T21:45:29.014+0900][21.957s][info][gc          ] GC(603) Concurrent Mark Cycle 5.040ms
[2026-03-25T21:45:29.061+0900][22.003s][info][gc,start    ] GC(604) Pause Young (Concurrent Start) (G1 Humongous Allocation)
[2026-03-25T21:45:29.061+0900][22.003s][info][gc,task     ] GC(604) Using 8 workers of 8 for evacuation
[2026-03-25T21:45:29.062+0900][22.004s][info][gc,phases   ] GC(604)   Pre Evacuate Collection Set: 0.3ms
[2026-03-25T21:45:29.062+0900][22.005s][info][gc,phases   ] GC(604)   Merge Heap Roots: 0.2ms
[2026-03-25T21:45:29.062+0900][22.005s][info][gc,phases   ] GC(604)   Evacuate Collection Set: 0.4ms
[2026-03-25T21:45:29.062+0900][22.005s][info][gc,phases   ] GC(604)   Post Evacuate Collection Set: 0.2ms
[2026-03-25T21:45:29.062+0900][22.005s][info][gc,phases   ] GC(604)   Other: 0.2ms
[2026-03-25T21:45:29.062+0900][22.005s][info][gc,heap     ] GC(604) Eden regions: 1->0(24)
[2026-03-25T21:45:29.062+0900][22.005s][info][gc,heap     ] GC(604) Survivor regions: 1->1(4)
[2026-03-25T21:45:29.063+0900][22.005s][info][gc,heap     ] GC(604) Old regions: 1->1
[2026-03-25T21:45:29.063+0900][22.005s][info][gc,heap     ] GC(604) Archive regions: 2->2
[2026-03-25T21:45:29.063+0900][22.005s][info][gc,heap     ] GC(604) Humongous regions: 475->475
[2026-03-25T21:45:29.063+0900][22.005s][info][gc,metaspace] GC(604) Metaspace: 184K(384K)->184K(384K) NonClass: 176K(256K)->176K(256K) Class: 7K(128K)->7K(128K)
[2026-03-25T21:45:29.063+0900][22.005s][info][gc          ] GC(604) Pause Young (Concurrent Start) (G1 Humongous Allocation) 476M->476M(512M) 1.804ms
[2026-03-25T21:45:29.063+0900][22.005s][info][gc,cpu      ] GC(604) User=0.00s Sys=0.00s Real=0.00s
[2026-03-25T21:45:29.063+0900][22.005s][info][gc          ] GC(605) Concurrent Mark Cycle
[2026-03-25T21:45:29.063+0900][22.005s][info][gc,marking  ] GC(605) Concurrent Clear Claimed Marks
[2026-03-25T21:45:29.063+0900][22.006s][info][gc,marking  ] GC(605) Concurrent Clear Claimed Marks 0.020ms
[2026-03-25T21:45:29.063+0900][22.006s][info][gc,marking  ] GC(605) Concurrent Scan Root Regions
[2026-03-25T21:45:29.063+0900][22.006s][info][gc,marking  ] GC(605) Concurrent Scan Root Regions 0.073ms
[2026-03-25T21:45:29.063+0900][22.006s][info][gc,marking  ] GC(605) Concurrent Mark
[2026-03-25T21:45:29.063+0900][22.006s][info][gc,marking  ] GC(605) Concurrent Mark From Roots
[2026-03-25T21:45:29.063+0900][22.006s][info][gc,task     ] GC(605) Using 2 workers of 2 for marking
[2026-03-25T21:45:29.065+0900][22.007s][info][gc,marking  ] GC(605) Concurrent Mark From Roots 1.582ms
[2026-03-25T21:45:29.065+0900][22.007s][info][gc,marking  ] GC(605) Concurrent Preclean
[2026-03-25T21:45:29.065+0900][22.007s][info][gc,marking  ] GC(605) Concurrent Preclean 0.030ms
[2026-03-25T21:45:29.065+0900][22.007s][info][gc,start    ] GC(605) Pause Remark
[2026-03-25T21:45:29.065+0900][22.008s][info][gc          ] GC(605) Pause Remark 477M->477M(512M) 0.410ms
[2026-03-25T21:45:29.065+0900][22.008s][info][gc,cpu      ] GC(605) User=0.00s Sys=0.00s Real=0.00s
[2026-03-25T21:45:29.065+0900][22.008s][info][gc,marking  ] GC(605) Concurrent Mark 2.172ms
[2026-03-25T21:45:29.066+0900][22.008s][info][gc,marking  ] GC(605) Concurrent Rebuild Remembered Sets
[2026-03-25T21:45:29.066+0900][22.009s][info][gc,marking  ] GC(605) Concurrent Rebuild Remembered Sets 0.740ms
[2026-03-25T21:45:29.066+0900][22.009s][info][gc,start    ] GC(605) Pause Cleanup
[2026-03-25T21:45:29.066+0900][22.009s][info][gc          ] GC(605) Pause Cleanup 477M->477M(512M) 0.085ms
[2026-03-25T21:45:29.066+0900][22.009s][info][gc,cpu      ] GC(605) User=0.00s Sys=0.00s Real=0.00s
[2026-03-25T21:45:29.066+0900][22.009s][info][gc,marking  ] GC(605) Concurrent Cleanup for Next Mark
[2026-03-25T21:45:29.067+0900][22.009s][info][gc,marking  ] GC(605) Concurrent Cleanup for Next Mark 0.518ms
[2026-03-25T21:45:29.067+0900][22.009s][info][gc          ] GC(605) Concurrent Mark Cycle 3.886ms
[2026-03-25T21:45:29.114+0900][22.056s][info][gc,start    ] GC(606) Pause Young (Concurrent Start) (G1 Humongous Allocation)
[2026-03-25T21:45:29.114+0900][22.057s][info][gc,task     ] GC(606) Using 8 workers of 8 for evacuation
[2026-03-25T21:45:29.115+0900][22.057s][info][gc,phases   ] GC(606)   Pre Evacuate Collection Set: 0.2ms
[2026-03-25T21:45:29.115+0900][22.058s][info][gc,phases   ] GC(606)   Merge Heap Roots: 0.2ms
[2026-03-25T21:45:29.115+0900][22.058s][info][gc,phases   ] GC(606)   Evacuate Collection Set: 0.2ms
[2026-03-25T21:45:29.115+0900][22.058s][info][gc,phases   ] GC(606)   Post Evacuate Collection Set: 0.2ms
[2026-03-25T21:45:29.115+0900][22.058s][info][gc,phases   ] GC(606)   Other: 0.3ms
[2026-03-25T21:45:29.115+0900][22.058s][info][gc,heap     ] GC(606) Eden regions: 1->0(24)
[2026-03-25T21:45:29.115+0900][22.058s][info][gc,heap     ] GC(606) Survivor regions: 1->1(4)
[2026-03-25T21:45:29.115+0900][22.058s][info][gc,heap     ] GC(606) Old regions: 1->1
[2026-03-25T21:45:29.115+0900][22.058s][info][gc,heap     ] GC(606) Archive regions: 2->2
[2026-03-25T21:45:29.115+0900][22.058s][info][gc,heap     ] GC(606) Humongous regions: 476->476
[2026-03-25T21:45:29.115+0900][22.058s][info][gc,metaspace] GC(606) Metaspace: 184K(384K)->184K(384K) NonClass: 176K(256K)->176K(256K) Class: 7K(128K)->7K(128K)
[2026-03-25T21:45:29.115+0900][22.058s][info][gc          ] GC(606) Pause Young (Concurrent Start) (G1 Humongous Allocation) 477M->477M(512M) 1.261ms
[2026-03-25T21:45:29.115+0900][22.058s][info][gc,cpu      ] GC(606) User=0.00s Sys=0.01s Real=0.00s
[2026-03-25T21:45:29.115+0900][22.058s][info][gc          ] GC(607) Concurrent Mark Cycle
[2026-03-25T21:45:29.115+0900][22.058s][info][gc,marking  ] GC(607) Concurrent Clear Claimed Marks
[2026-03-25T21:45:29.116+0900][22.058s][info][gc,marking  ] GC(607) Concurrent Clear Claimed Marks 0.028ms
[2026-03-25T21:45:29.116+0900][22.058s][info][gc,marking  ] GC(607) Concurrent Scan Root Regions
[2026-03-25T21:45:29.116+0900][22.058s][info][gc,marking  ] GC(607) Concurrent Scan Root Regions 0.040ms
[2026-03-25T21:45:29.116+0900][22.058s][info][gc,marking  ] GC(607) Concurrent Mark
[2026-03-25T21:45:29.116+0900][22.058s][info][gc,marking  ] GC(607) Concurrent Mark From Roots
[2026-03-25T21:45:29.116+0900][22.058s][info][gc,task     ] GC(607) Using 2 workers of 2 for marking
[2026-03-25T21:45:29.117+0900][22.060s][info][gc,marking  ] GC(607) Concurrent Mark From Roots 1.755ms
[2026-03-25T21:45:29.117+0900][22.060s][info][gc,marking  ] GC(607) Concurrent Preclean
[2026-03-25T21:45:29.117+0900][22.060s][info][gc,marking  ] GC(607) Concurrent Preclean 0.040ms
[2026-03-25T21:45:29.118+0900][22.060s][info][gc,start    ] GC(607) Pause Remark
[2026-03-25T21:45:29.118+0900][22.060s][info][gc          ] GC(607) Pause Remark 478M->478M(512M) 0.486ms
[2026-03-25T21:45:29.118+0900][22.060s][info][gc,cpu      ] GC(607) User=0.00s Sys=0.00s Real=0.00s
[2026-03-25T21:45:29.118+0900][22.060s][info][gc,marking  ] GC(607) Concurrent Mark 2.482ms
[2026-03-25T21:45:29.118+0900][22.060s][info][gc,marking  ] GC(607) Concurrent Rebuild Remembered Sets
[2026-03-25T21:45:29.119+0900][22.061s][info][gc,marking  ] GC(607) Concurrent Rebuild Remembered Sets 0.898ms
[2026-03-25T21:45:29.119+0900][22.061s][info][gc,start    ] GC(607) Pause Cleanup
[2026-03-25T21:45:29.119+0900][22.061s][info][gc          ] GC(607) Pause Cleanup 478M->478M(512M) 0.095ms
[2026-03-25T21:45:29.119+0900][22.061s][info][gc,cpu      ] GC(607) User=0.00s Sys=0.00s Real=0.00s
[2026-03-25T21:45:29.119+0900][22.062s][info][gc,marking  ] GC(607) Concurrent Cleanup for Next Mark
[2026-03-25T21:45:29.120+0900][22.062s][info][gc,marking  ] GC(607) Concurrent Cleanup for Next Mark 0.396ms
[2026-03-25T21:45:29.120+0900][22.062s][info][gc          ] GC(607) Concurrent Mark Cycle 4.216ms
[2026-03-25T21:45:29.170+0900][22.112s][info][gc,start    ] GC(608) Pause Young (Concurrent Start) (G1 Humongous Allocation)
[2026-03-25T21:45:29.170+0900][22.112s][info][gc,task     ] GC(608) Using 8 workers of 8 for evacuation
[2026-03-25T21:45:29.171+0900][22.113s][info][gc,phases   ] GC(608)   Pre Evacuate Collection Set: 0.1ms
[2026-03-25T21:45:29.171+0900][22.113s][info][gc,phases   ] GC(608)   Merge Heap Roots: 0.2ms
[2026-03-25T21:45:29.171+0900][22.113s][info][gc,phases   ] GC(608)   Evacuate Collection Set: 0.2ms
[2026-03-25T21:45:29.171+0900][22.113s][info][gc,phases   ] GC(608)   Post Evacuate Collection Set: 0.1ms
[2026-03-25T21:45:29.171+0900][22.113s][info][gc,phases   ] GC(608)   Other: 0.2ms
[2026-03-25T21:45:29.171+0900][22.113s][info][gc,heap     ] GC(608) Eden regions: 1->0(24)
[2026-03-25T21:45:29.171+0900][22.113s][info][gc,heap     ] GC(608) Survivor regions: 1->1(4)
[2026-03-25T21:45:29.171+0900][22.113s][info][gc,heap     ] GC(608) Old regions: 1->1
[2026-03-25T21:45:29.171+0900][22.113s][info][gc,heap     ] GC(608) Archive regions: 2->2
[2026-03-25T21:45:29.171+0900][22.113s][info][gc,heap     ] GC(608) Humongous regions: 477->477
[2026-03-25T21:45:29.171+0900][22.113s][info][gc,metaspace] GC(608) Metaspace: 184K(384K)->184K(384K) NonClass: 176K(256K)->176K(256K) Class: 7K(128K)->7K(128K)
[2026-03-25T21:45:29.171+0900][22.113s][info][gc          ] GC(608) Pause Young (Concurrent Start) (G1 Humongous Allocation) 478M->478M(512M) 1.071ms
[2026-03-25T21:45:29.171+0900][22.113s][info][gc,cpu      ] GC(608) User=0.00s Sys=0.00s Real=0.00s
[2026-03-25T21:45:29.171+0900][22.113s][info][gc          ] GC(609) Concurrent Mark Cycle
[2026-03-25T21:45:29.171+0900][22.113s][info][gc,marking  ] GC(609) Concurrent Clear Claimed Marks
[2026-03-25T21:45:29.171+0900][22.113s][info][gc,marking  ] GC(609) Concurrent Clear Claimed Marks 0.021ms
[2026-03-25T21:45:29.171+0900][22.113s][info][gc,marking  ] GC(609) Concurrent Scan Root Regions
[2026-03-25T21:45:29.171+0900][22.114s][info][gc,marking  ] GC(609) Concurrent Scan Root Regions 0.046ms
[2026-03-25T21:45:29.171+0900][22.114s][info][gc,marking  ] GC(609) Concurrent Mark
[2026-03-25T21:45:29.171+0900][22.114s][info][gc,marking  ] GC(609) Concurrent Mark From Roots
[2026-03-25T21:45:29.171+0900][22.114s][info][gc,task     ] GC(609) Using 2 workers of 2 for marking
[2026-03-25T21:45:29.173+0900][22.115s][info][gc,marking  ] GC(609) Concurrent Mark From Roots 1.782ms
[2026-03-25T21:45:29.173+0900][22.115s][info][gc,marking  ] GC(609) Concurrent Preclean
[2026-03-25T21:45:29.173+0900][22.115s][info][gc,marking  ] GC(609) Concurrent Preclean 0.037ms
[2026-03-25T21:45:29.173+0900][22.115s][info][gc,start    ] GC(609) Pause Remark
[2026-03-25T21:45:29.174+0900][22.116s][info][gc          ] GC(609) Pause Remark 481M->481M(512M) 0.352ms
[2026-03-25T21:45:29.174+0900][22.116s][info][gc,cpu      ] GC(609) User=0.00s Sys=0.00s Real=0.00s
[2026-03-25T21:45:29.174+0900][22.116s][info][gc,marking  ] GC(609) Concurrent Mark 2.344ms
[2026-03-25T21:45:29.174+0900][22.116s][info][gc,marking  ] GC(609) Concurrent Rebuild Remembered Sets
[2026-03-25T21:45:29.174+0900][22.117s][info][gc,marking  ] GC(609) Concurrent Rebuild Remembered Sets 0.662ms
[2026-03-25T21:45:29.174+0900][22.117s][info][gc,start    ] GC(609) Pause Cleanup
[2026-03-25T21:45:29.174+0900][22.117s][info][gc          ] GC(609) Pause Cleanup 481M->481M(512M) 0.072ms
[2026-03-25T21:45:29.174+0900][22.117s][info][gc,cpu      ] GC(609) User=0.00s Sys=0.00s Real=0.00s
[2026-03-25T21:45:29.174+0900][22.117s][info][gc,marking  ] GC(609) Concurrent Cleanup for Next Mark
[2026-03-25T21:45:29.175+0900][22.117s][info][gc,marking  ] GC(609) Concurrent Cleanup for Next Mark 0.391ms
[2026-03-25T21:45:29.175+0900][22.117s][info][gc          ] GC(609) Concurrent Mark Cycle 3.839ms
[2026-03-25T21:45:29.223+0900][22.165s][info][gc,start    ] GC(610) Pause Young (Concurrent Start) (G1 Humongous Allocation)
[2026-03-25T21:45:29.223+0900][22.166s][info][gc,task     ] GC(610) Using 8 workers of 8 for evacuation
[2026-03-25T21:45:29.224+0900][22.167s][info][gc,phases   ] GC(610)   Pre Evacuate Collection Set: 0.2ms
[2026-03-25T21:45:29.224+0900][22.167s][info][gc,phases   ] GC(610)   Merge Heap Roots: 0.3ms
[2026-03-25T21:45:29.224+0900][22.167s][info][gc,phases   ] GC(610)   Evacuate Collection Set: 0.3ms
[2026-03-25T21:45:29.224+0900][22.167s][info][gc,phases   ] GC(610)   Post Evacuate Collection Set: 0.2ms
[2026-03-25T21:45:29.225+0900][22.167s][info][gc,phases   ] GC(610)   Other: 0.3ms
[2026-03-25T21:45:29.225+0900][22.167s][info][gc,heap     ] GC(610) Eden regions: 1->0(24)
[2026-03-25T21:45:29.225+0900][22.167s][info][gc,heap     ] GC(610) Survivor regions: 1->1(4)
[2026-03-25T21:45:29.225+0900][22.167s][info][gc,heap     ] GC(610) Old regions: 1->1
[2026-03-25T21:45:29.225+0900][22.167s][info][gc,heap     ] GC(610) Archive regions: 2->2
[2026-03-25T21:45:29.225+0900][22.167s][info][gc,heap     ] GC(610) Humongous regions: 480->480
[2026-03-25T21:45:29.225+0900][22.167s][info][gc,metaspace] GC(610) Metaspace: 184K(384K)->184K(384K) NonClass: 176K(256K)->176K(256K) Class: 7K(128K)->7K(128K)
[2026-03-25T21:45:29.225+0900][22.167s][info][gc          ] GC(610) Pause Young (Concurrent Start) (G1 Humongous Allocation) 481M->481M(512M) 1.660ms
[2026-03-25T21:45:29.225+0900][22.167s][info][gc,cpu      ] GC(610) User=0.00s Sys=0.00s Real=0.00s
[2026-03-25T21:45:29.225+0900][22.167s][info][gc          ] GC(611) Concurrent Mark Cycle
[2026-03-25T21:45:29.225+0900][22.167s][info][gc,marking  ] GC(611) Concurrent Clear Claimed Marks
[2026-03-25T21:45:29.225+0900][22.167s][info][gc,marking  ] GC(611) Concurrent Clear Claimed Marks 0.032ms
[2026-03-25T21:45:29.225+0900][22.167s][info][gc,marking  ] GC(611) Concurrent Scan Root Regions
[2026-03-25T21:45:29.225+0900][22.167s][info][gc,marking  ] GC(611) Concurrent Scan Root Regions 0.061ms
[2026-03-25T21:45:29.225+0900][22.167s][info][gc,marking  ] GC(611) Concurrent Mark
[2026-03-25T21:45:29.225+0900][22.167s][info][gc,marking  ] GC(611) Concurrent Mark From Roots
[2026-03-25T21:45:29.225+0900][22.167s][info][gc,task     ] GC(611) Using 2 workers of 2 for marking
[2026-03-25T21:45:29.227+0900][22.170s][info][gc,marking  ] GC(611) Concurrent Mark From Roots 2.387ms
[2026-03-25T21:45:29.228+0900][22.170s][info][gc,marking  ] GC(611) Concurrent Preclean
[2026-03-25T21:45:29.228+0900][22.170s][info][gc,marking  ] GC(611) Concurrent Preclean 0.049ms
[2026-03-25T21:45:29.228+0900][22.170s][info][gc,start    ] GC(611) Pause Remark
[2026-03-25T21:45:29.228+0900][22.170s][info][gc          ] GC(611) Pause Remark 482M->482M(512M) 0.361ms
[2026-03-25T21:45:29.228+0900][22.170s][info][gc,cpu      ] GC(611) User=0.00s Sys=0.00s Real=0.00s
[2026-03-25T21:45:29.228+0900][22.170s][info][gc,marking  ] GC(611) Concurrent Mark 2.967ms
[2026-03-25T21:45:29.228+0900][22.170s][info][gc,marking  ] GC(611) Concurrent Rebuild Remembered Sets
[2026-03-25T21:45:29.229+0900][22.171s][info][gc,marking  ] GC(611) Concurrent Rebuild Remembered Sets 0.793ms
[2026-03-25T21:45:29.229+0900][22.171s][info][gc,start    ] GC(611) Pause Cleanup
[2026-03-25T21:45:29.229+0900][22.171s][info][gc          ] GC(611) Pause Cleanup 482M->482M(512M) 0.091ms
[2026-03-25T21:45:29.229+0900][22.171s][info][gc,cpu      ] GC(611) User=0.00s Sys=0.00s Real=0.00s
[2026-03-25T21:45:29.229+0900][22.171s][info][gc,marking  ] GC(611) Concurrent Cleanup for Next Mark
[2026-03-25T21:45:29.229+0900][22.172s][info][gc,marking  ] GC(611) Concurrent Cleanup for Next Mark 0.389ms
[2026-03-25T21:45:29.230+0900][22.172s][info][gc          ] GC(611) Concurrent Mark Cycle 4.672ms
[2026-03-25T21:45:29.280+0900][22.222s][info][gc,start    ] GC(612) Pause Young (Concurrent Start) (G1 Humongous Allocation)
[2026-03-25T21:45:29.280+0900][22.223s][info][gc,task     ] GC(612) Using 8 workers of 8 for evacuation
[2026-03-25T21:45:29.281+0900][22.223s][info][gc,phases   ] GC(612)   Pre Evacuate Collection Set: 0.1ms
[2026-03-25T21:45:29.281+0900][22.223s][info][gc,phases   ] GC(612)   Merge Heap Roots: 0.1ms
[2026-03-25T21:45:29.281+0900][22.223s][info][gc,phases   ] GC(612)   Evacuate Collection Set: 0.2ms
[2026-03-25T21:45:29.281+0900][22.223s][info][gc,phases   ] GC(612)   Post Evacuate Collection Set: 0.1ms
[2026-03-25T21:45:29.281+0900][22.223s][info][gc,phases   ] GC(612)   Other: 0.2ms
[2026-03-25T21:45:29.281+0900][22.223s][info][gc,heap     ] GC(612) Eden regions: 1->0(24)
[2026-03-25T21:45:29.281+0900][22.223s][info][gc,heap     ] GC(612) Survivor regions: 1->1(4)
[2026-03-25T21:45:29.281+0900][22.223s][info][gc,heap     ] GC(612) Old regions: 1->1
[2026-03-25T21:45:29.281+0900][22.223s][info][gc,heap     ] GC(612) Archive regions: 2->2
[2026-03-25T21:45:29.281+0900][22.223s][info][gc,heap     ] GC(612) Humongous regions: 481->481
[2026-03-25T21:45:29.281+0900][22.223s][info][gc,metaspace] GC(612) Metaspace: 184K(384K)->184K(384K) NonClass: 176K(256K)->176K(256K) Class: 7K(128K)->7K(128K)
[2026-03-25T21:45:29.281+0900][22.223s][info][gc          ] GC(612) Pause Young (Concurrent Start) (G1 Humongous Allocation) 482M->482M(512M) 0.887ms
[2026-03-25T21:45:29.281+0900][22.223s][info][gc,cpu      ] GC(612) User=0.00s Sys=0.00s Real=0.00s
[2026-03-25T21:45:29.281+0900][22.223s][info][gc          ] GC(613) Concurrent Mark Cycle
[2026-03-25T21:45:29.281+0900][22.223s][info][gc,marking  ] GC(613) Concurrent Clear Claimed Marks
[2026-03-25T21:45:29.281+0900][22.223s][info][gc,marking  ] GC(613) Concurrent Clear Claimed Marks 0.017ms
[2026-03-25T21:45:29.281+0900][22.223s][info][gc,marking  ] GC(613) Concurrent Scan Root Regions
[2026-03-25T21:45:29.281+0900][22.223s][info][gc,marking  ] GC(613) Concurrent Scan Root Regions 0.038ms
[2026-03-25T21:45:29.281+0900][22.223s][info][gc,marking  ] GC(613) Concurrent Mark
[2026-03-25T21:45:29.281+0900][22.223s][info][gc,marking  ] GC(613) Concurrent Mark From Roots
[2026-03-25T21:45:29.281+0900][22.223s][info][gc,task     ] GC(613) Using 2 workers of 2 for marking
[2026-03-25T21:45:29.283+0900][22.226s][info][gc,marking  ] GC(613) Concurrent Mark From Roots 2.236ms
[2026-03-25T21:45:29.284+0900][22.226s][info][gc,marking  ] GC(613) Concurrent Preclean
[2026-03-25T21:45:29.284+0900][22.226s][info][gc,marking  ] GC(613) Concurrent Preclean 0.058ms
[2026-03-25T21:45:29.284+0900][22.226s][info][gc,start    ] GC(613) Pause Remark
[2026-03-25T21:45:29.284+0900][22.227s][info][gc          ] GC(613) Pause Remark 483M->483M(512M) 0.564ms
[2026-03-25T21:45:29.284+0900][22.227s][info][gc,cpu      ] GC(613) User=0.00s Sys=0.00s Real=0.00s
[2026-03-25T21:45:29.284+0900][22.227s][info][gc,marking  ] GC(613) Concurrent Mark 3.159ms
[2026-03-25T21:45:29.284+0900][22.227s][info][gc,marking  ] GC(613) Concurrent Rebuild Remembered Sets
[2026-03-25T21:45:29.285+0900][22.228s][info][gc,marking  ] GC(613) Concurrent Rebuild Remembered Sets 0.963ms
[2026-03-25T21:45:29.285+0900][22.228s][info][gc,start    ] GC(613) Pause Cleanup
[2026-03-25T21:45:29.285+0900][22.228s][info][gc          ] GC(613) Pause Cleanup 483M->483M(512M) 0.099ms
[2026-03-25T21:45:29.285+0900][22.228s][info][gc,cpu      ] GC(613) User=0.00s Sys=0.00s Real=0.00s
[2026-03-25T21:45:29.286+0900][22.228s][info][gc,marking  ] GC(613) Concurrent Cleanup for Next Mark
[2026-03-25T21:45:29.286+0900][22.228s][info][gc,marking  ] GC(613) Concurrent Cleanup for Next Mark 0.442ms
[2026-03-25T21:45:29.286+0900][22.228s][info][gc          ] GC(613) Concurrent Mark Cycle 4.951ms
[2026-03-25T21:45:29.335+0900][22.277s][info][gc,start    ] GC(614) Pause Young (Concurrent Start) (G1 Humongous Allocation)
[2026-03-25T21:45:29.335+0900][22.277s][info][gc,task     ] GC(614) Using 8 workers of 8 for evacuation
[2026-03-25T21:45:29.335+0900][22.278s][info][gc,phases   ] GC(614)   Pre Evacuate Collection Set: 0.1ms
[2026-03-25T21:45:29.335+0900][22.278s][info][gc,phases   ] GC(614)   Merge Heap Roots: 0.1ms
[2026-03-25T21:45:29.335+0900][22.278s][info][gc,phases   ] GC(614)   Evacuate Collection Set: 0.2ms
[2026-03-25T21:45:29.335+0900][22.278s][info][gc,phases   ] GC(614)   Post Evacuate Collection Set: 0.1ms
[2026-03-25T21:45:29.335+0900][22.278s][info][gc,phases   ] GC(614)   Other: 0.2ms
[2026-03-25T21:45:29.335+0900][22.278s][info][gc,heap     ] GC(614) Eden regions: 1->0(24)
[2026-03-25T21:45:29.335+0900][22.278s][info][gc,heap     ] GC(614) Survivor regions: 1->1(4)
[2026-03-25T21:45:29.335+0900][22.278s][info][gc,heap     ] GC(614) Old regions: 1->1
[2026-03-25T21:45:29.335+0900][22.278s][info][gc,heap     ] GC(614) Archive regions: 2->2
[2026-03-25T21:45:29.335+0900][22.278s][info][gc,heap     ] GC(614) Humongous regions: 482->482
[2026-03-25T21:45:29.335+0900][22.278s][info][gc,metaspace] GC(614) Metaspace: 184K(384K)->184K(384K) NonClass: 176K(256K)->176K(256K) Class: 7K(128K)->7K(128K)
[2026-03-25T21:45:29.335+0900][22.278s][info][gc          ] GC(614) Pause Young (Concurrent Start) (G1 Humongous Allocation) 483M->483M(512M) 0.969ms
[2026-03-25T21:45:29.335+0900][22.278s][info][gc,cpu      ] GC(614) User=0.00s Sys=0.00s Real=0.00s
[2026-03-25T21:45:29.336+0900][22.278s][info][gc          ] GC(615) Concurrent Mark Cycle
[2026-03-25T21:45:29.336+0900][22.278s][info][gc,marking  ] GC(615) Concurrent Clear Claimed Marks
[2026-03-25T21:45:29.336+0900][22.278s][info][gc,marking  ] GC(615) Concurrent Clear Claimed Marks 0.014ms
[2026-03-25T21:45:29.336+0900][22.278s][info][gc,marking  ] GC(615) Concurrent Scan Root Regions
[2026-03-25T21:45:29.336+0900][22.278s][info][gc,marking  ] GC(615) Concurrent Scan Root Regions 0.038ms
[2026-03-25T21:45:29.336+0900][22.278s][info][gc,marking  ] GC(615) Concurrent Mark
[2026-03-25T21:45:29.336+0900][22.278s][info][gc,marking  ] GC(615) Concurrent Mark From Roots
[2026-03-25T21:45:29.336+0900][22.278s][info][gc,task     ] GC(615) Using 2 workers of 2 for marking
[2026-03-25T21:45:29.337+0900][22.280s][info][gc,marking  ] GC(615) Concurrent Mark From Roots 1.724ms
[2026-03-25T21:45:29.337+0900][22.280s][info][gc,marking  ] GC(615) Concurrent Preclean
[2026-03-25T21:45:29.337+0900][22.280s][info][gc,marking  ] GC(615) Concurrent Preclean 0.039ms
[2026-03-25T21:45:29.337+0900][22.280s][info][gc,start    ] GC(615) Pause Remark
[2026-03-25T21:45:29.338+0900][22.280s][info][gc          ] GC(615) Pause Remark 484M->484M(512M) 0.320ms
[2026-03-25T21:45:29.338+0900][22.280s][info][gc,cpu      ] GC(615) User=0.00s Sys=0.00s Real=0.00s
[2026-03-25T21:45:29.338+0900][22.280s][info][gc,marking  ] GC(615) Concurrent Mark 2.242ms
[2026-03-25T21:45:29.338+0900][22.280s][info][gc,marking  ] GC(615) Concurrent Rebuild Remembered Sets
[2026-03-25T21:45:29.339+0900][22.281s][info][gc,marking  ] GC(615) Concurrent Rebuild Remembered Sets 0.657ms
[2026-03-25T21:45:29.339+0900][22.281s][info][gc,start    ] GC(615) Pause Cleanup
[2026-03-25T21:45:29.339+0900][22.281s][info][gc          ] GC(615) Pause Cleanup 484M->484M(512M) 0.073ms
[2026-03-25T21:45:29.339+0900][22.281s][info][gc,cpu      ] GC(615) User=0.00s Sys=0.00s Real=0.00s
[2026-03-25T21:45:29.339+0900][22.281s][info][gc,marking  ] GC(615) Concurrent Cleanup for Next Mark
[2026-03-25T21:45:29.339+0900][22.281s][info][gc,marking  ] GC(615) Concurrent Cleanup for Next Mark 0.405ms
[2026-03-25T21:45:29.339+0900][22.282s][info][gc          ] GC(615) Concurrent Mark Cycle 3.688ms
[2026-03-25T21:45:29.391+0900][22.333s][info][gc,start    ] GC(616) Pause Young (Concurrent Start) (G1 Humongous Allocation)
[2026-03-25T21:45:29.391+0900][22.333s][info][gc,task     ] GC(616) Using 8 workers of 8 for evacuation
[2026-03-25T21:45:29.395+0900][22.337s][info][gc,phases   ] GC(616)   Pre Evacuate Collection Set: 0.2ms
[2026-03-25T21:45:29.395+0900][22.338s][info][gc,phases   ] GC(616)   Merge Heap Roots: 0.1ms
[2026-03-25T21:45:29.395+0900][22.338s][info][gc,phases   ] GC(616)   Evacuate Collection Set: 3.8ms
[2026-03-25T21:45:29.395+0900][22.338s][info][gc,phases   ] GC(616)   Post Evacuate Collection Set: 0.2ms
[2026-03-25T21:45:29.395+0900][22.338s][info][gc,phases   ] GC(616)   Other: 0.2ms
[2026-03-25T21:45:29.395+0900][22.338s][info][gc,heap     ] GC(616) Eden regions: 1->0(24)
[2026-03-25T21:45:29.395+0900][22.338s][info][gc,heap     ] GC(616) Survivor regions: 1->1(4)
[2026-03-25T21:45:29.395+0900][22.338s][info][gc,heap     ] GC(616) Old regions: 1->1
[2026-03-25T21:45:29.395+0900][22.338s][info][gc,heap     ] GC(616) Archive regions: 2->2
[2026-03-25T21:45:29.395+0900][22.338s][info][gc,heap     ] GC(616) Humongous regions: 483->483
[2026-03-25T21:45:29.395+0900][22.338s][info][gc,metaspace] GC(616) Metaspace: 184K(384K)->184K(384K) NonClass: 176K(256K)->176K(256K) Class: 7K(128K)->7K(128K)
[2026-03-25T21:45:29.395+0900][22.338s][info][gc          ] GC(616) Pause Young (Concurrent Start) (G1 Humongous Allocation) 484M->484M(512M) 4.904ms
[2026-03-25T21:45:29.395+0900][22.338s][info][gc,cpu      ] GC(616) User=0.00s Sys=0.00s Real=0.00s
[2026-03-25T21:45:29.396+0900][22.338s][info][gc          ] GC(617) Concurrent Mark Cycle
[2026-03-25T21:45:29.396+0900][22.338s][info][gc,marking  ] GC(617) Concurrent Clear Claimed Marks
[2026-03-25T21:45:29.396+0900][22.338s][info][gc,marking  ] GC(617) Concurrent Clear Claimed Marks 0.017ms
[2026-03-25T21:45:29.396+0900][22.338s][info][gc,marking  ] GC(617) Concurrent Scan Root Regions
[2026-03-25T21:45:29.396+0900][22.338s][info][gc,marking  ] GC(617) Concurrent Scan Root Regions 0.191ms
[2026-03-25T21:45:29.396+0900][22.338s][info][gc,marking  ] GC(617) Concurrent Mark
[2026-03-25T21:45:29.396+0900][22.338s][info][gc,marking  ] GC(617) Concurrent Mark From Roots
[2026-03-25T21:45:29.396+0900][22.338s][info][gc,task     ] GC(617) Using 2 workers of 2 for marking
[2026-03-25T21:45:29.403+0900][22.346s][info][gc,marking  ] GC(617) Concurrent Mark From Roots 7.628ms
[2026-03-25T21:45:29.404+0900][22.346s][info][gc,marking  ] GC(617) Concurrent Preclean
[2026-03-25T21:45:29.404+0900][22.346s][info][gc,marking  ] GC(617) Concurrent Preclean 0.038ms
[2026-03-25T21:45:29.404+0900][22.346s][info][gc,start    ] GC(617) Pause Remark
[2026-03-25T21:45:29.405+0900][22.347s][info][gc          ] GC(617) Pause Remark 485M->485M(512M) 1.253ms
[2026-03-25T21:45:29.405+0900][22.348s][info][gc,cpu      ] GC(617) User=0.00s Sys=0.00s Real=0.00s
[2026-03-25T21:45:29.405+0900][22.348s][info][gc,marking  ] GC(617) Concurrent Mark 9.451ms
[2026-03-25T21:45:29.405+0900][22.348s][info][gc,marking  ] GC(617) Concurrent Rebuild Remembered Sets
[2026-03-25T21:45:29.411+0900][22.353s][info][gc,marking  ] GC(617) Concurrent Rebuild Remembered Sets 5.254ms
[2026-03-25T21:45:29.411+0900][22.353s][info][gc,start    ] GC(617) Pause Cleanup
[2026-03-25T21:45:29.411+0900][22.353s][info][gc          ] GC(617) Pause Cleanup 485M->485M(512M) 0.079ms
[2026-03-25T21:45:29.411+0900][22.353s][info][gc,cpu      ] GC(617) User=0.00s Sys=0.00s Real=0.00s
[2026-03-25T21:45:29.411+0900][22.353s][info][gc,marking  ] GC(617) Concurrent Cleanup for Next Mark
[2026-03-25T21:45:29.411+0900][22.354s][info][gc,marking  ] GC(617) Concurrent Cleanup for Next Mark 0.446ms
[2026-03-25T21:45:29.411+0900][22.354s][info][gc          ] GC(617) Concurrent Mark Cycle 15.702ms
[2026-03-25T21:45:29.451+0900][22.393s][info][gc,start    ] GC(618) Pause Young (Concurrent Start) (G1 Humongous Allocation)
[2026-03-25T21:45:29.451+0900][22.394s][info][gc,task     ] GC(618) Using 8 workers of 8 for evacuation
[2026-03-25T21:45:29.453+0900][22.395s][info][gc,phases   ] GC(618)   Pre Evacuate Collection Set: 0.6ms
[2026-03-25T21:45:29.453+0900][22.395s][info][gc,phases   ] GC(618)   Merge Heap Roots: 0.3ms
[2026-03-25T21:45:29.453+0900][22.395s][info][gc,phases   ] GC(618)   Evacuate Collection Set: 0.5ms
[2026-03-25T21:45:29.453+0900][22.395s][info][gc,phases   ] GC(618)   Post Evacuate Collection Set: 0.2ms
[2026-03-25T21:45:29.453+0900][22.395s][info][gc,phases   ] GC(618)   Other: 0.5ms
[2026-03-25T21:45:29.453+0900][22.395s][info][gc,heap     ] GC(618) Eden regions: 1->0(24)
[2026-03-25T21:45:29.453+0900][22.395s][info][gc,heap     ] GC(618) Survivor regions: 1->1(4)
[2026-03-25T21:45:29.453+0900][22.395s][info][gc,heap     ] GC(618) Old regions: 1->1
[2026-03-25T21:45:29.453+0900][22.395s][info][gc,heap     ] GC(618) Archive regions: 2->2
[2026-03-25T21:45:29.453+0900][22.395s][info][gc,heap     ] GC(618) Humongous regions: 484->484
[2026-03-25T21:45:29.453+0900][22.395s][info][gc,metaspace] GC(618) Metaspace: 184K(384K)->184K(384K) NonClass: 176K(256K)->176K(256K) Class: 7K(128K)->7K(128K)
[2026-03-25T21:45:29.453+0900][22.395s][info][gc          ] GC(618) Pause Young (Concurrent Start) (G1 Humongous Allocation) 485M->485M(512M) 1.986ms
[2026-03-25T21:45:29.453+0900][22.395s][info][gc,cpu      ] GC(618) User=0.00s Sys=0.00s Real=0.00s
[2026-03-25T21:45:29.453+0900][22.395s][info][gc          ] GC(619) Concurrent Mark Cycle
[2026-03-25T21:45:29.453+0900][22.395s][info][gc,marking  ] GC(619) Concurrent Clear Claimed Marks
[2026-03-25T21:45:29.453+0900][22.396s][info][gc,marking  ] GC(619) Concurrent Clear Claimed Marks 0.010ms
[2026-03-25T21:45:29.453+0900][22.396s][info][gc,marking  ] GC(619) Concurrent Scan Root Regions
[2026-03-25T21:45:29.453+0900][22.396s][info][gc,marking  ] GC(619) Concurrent Scan Root Regions 0.024ms
[2026-03-25T21:45:29.453+0900][22.396s][info][gc,marking  ] GC(619) Concurrent Mark
[2026-03-25T21:45:29.453+0900][22.396s][info][gc,marking  ] GC(619) Concurrent Mark From Roots
[2026-03-25T21:45:29.453+0900][22.396s][info][gc,task     ] GC(619) Using 2 workers of 2 for marking
[2026-03-25T21:45:29.455+0900][22.397s][info][gc,marking  ] GC(619) Concurrent Mark From Roots 1.917ms
[2026-03-25T21:45:29.455+0900][22.398s][info][gc,marking  ] GC(619) Concurrent Preclean
[2026-03-25T21:45:29.455+0900][22.398s][info][gc,marking  ] GC(619) Concurrent Preclean 0.028ms
[2026-03-25T21:45:29.455+0900][22.398s][info][gc,start    ] GC(619) Pause Remark
[2026-03-25T21:45:29.456+0900][22.399s][info][gc          ] GC(619) Pause Remark 486M->486M(512M) 0.959ms
[2026-03-25T21:45:29.456+0900][22.399s][info][gc,cpu      ] GC(619) User=0.00s Sys=0.00s Real=0.00s
[2026-03-25T21:45:29.456+0900][22.399s][info][gc,marking  ] GC(619) Concurrent Mark 3.134ms
[2026-03-25T21:45:29.456+0900][22.399s][info][gc,marking  ] GC(619) Concurrent Rebuild Remembered Sets
[2026-03-25T21:45:29.461+0900][22.404s][info][gc,marking  ] GC(619) Concurrent Rebuild Remembered Sets 4.810ms
[2026-03-25T21:45:29.461+0900][22.404s][info][gc,start    ] GC(619) Pause Cleanup
[2026-03-25T21:45:29.462+0900][22.404s][info][gc          ] GC(619) Pause Cleanup 486M->486M(512M) 0.294ms
[2026-03-25T21:45:29.462+0900][22.404s][info][gc,cpu      ] GC(619) User=0.00s Sys=0.00s Real=0.00s
[2026-03-25T21:45:29.462+0900][22.404s][info][gc,marking  ] GC(619) Concurrent Cleanup for Next Mark
[2026-03-25T21:45:29.463+0900][22.406s][info][gc,marking  ] GC(619) Concurrent Cleanup for Next Mark 1.240ms
[2026-03-25T21:45:29.463+0900][22.406s][info][gc          ] GC(619) Concurrent Mark Cycle 10.078ms
[2026-03-25T21:45:29.514+0900][22.456s][info][gc,start    ] GC(620) Pause Young (Concurrent Start) (G1 Humongous Allocation)
[2026-03-25T21:45:29.514+0900][22.456s][info][gc,task     ] GC(620) Using 8 workers of 8 for evacuation
[2026-03-25T21:45:29.516+0900][22.458s][info][gc,phases   ] GC(620)   Pre Evacuate Collection Set: 1.5ms
[2026-03-25T21:45:29.516+0900][22.458s][info][gc,phases   ] GC(620)   Merge Heap Roots: 0.1ms
[2026-03-25T21:45:29.516+0900][22.458s][info][gc,phases   ] GC(620)   Evacuate Collection Set: 0.2ms
[2026-03-25T21:45:29.516+0900][22.458s][info][gc,phases   ] GC(620)   Post Evacuate Collection Set: 0.1ms
[2026-03-25T21:45:29.516+0900][22.458s][info][gc,phases   ] GC(620)   Other: 0.2ms
[2026-03-25T21:45:29.516+0900][22.458s][info][gc,heap     ] GC(620) Eden regions: 1->0(24)
[2026-03-25T21:45:29.516+0900][22.458s][info][gc,heap     ] GC(620) Survivor regions: 1->1(4)
[2026-03-25T21:45:29.516+0900][22.458s][info][gc,heap     ] GC(620) Old regions: 1->1
[2026-03-25T21:45:29.516+0900][22.458s][info][gc,heap     ] GC(620) Archive regions: 2->2
[2026-03-25T21:45:29.516+0900][22.458s][info][gc,heap     ] GC(620) Humongous regions: 485->485
[2026-03-25T21:45:29.516+0900][22.458s][info][gc,metaspace] GC(620) Metaspace: 184K(384K)->184K(384K) NonClass: 176K(256K)->176K(256K) Class: 7K(128K)->7K(128K)
[2026-03-25T21:45:29.516+0900][22.458s][info][gc          ] GC(620) Pause Young (Concurrent Start) (G1 Humongous Allocation) 486M->486M(512M) 2.269ms
[2026-03-25T21:45:29.516+0900][22.458s][info][gc,cpu      ] GC(620) User=0.00s Sys=0.00s Real=0.00s
[2026-03-25T21:45:29.516+0900][22.458s][info][gc          ] GC(621) Concurrent Mark Cycle
[2026-03-25T21:45:29.516+0900][22.458s][info][gc,marking  ] GC(621) Concurrent Clear Claimed Marks
[2026-03-25T21:45:29.516+0900][22.458s][info][gc,marking  ] GC(621) Concurrent Clear Claimed Marks 0.008ms
[2026-03-25T21:45:29.516+0900][22.458s][info][gc,marking  ] GC(621) Concurrent Scan Root Regions
[2026-03-25T21:45:29.516+0900][22.458s][info][gc,marking  ] GC(621) Concurrent Scan Root Regions 0.105ms
[2026-03-25T21:45:29.516+0900][22.458s][info][gc,marking  ] GC(621) Concurrent Mark
[2026-03-25T21:45:29.516+0900][22.458s][info][gc,marking  ] GC(621) Concurrent Mark From Roots
[2026-03-25T21:45:29.516+0900][22.458s][info][gc,task     ] GC(621) Using 2 workers of 2 for marking
[2026-03-25T21:45:29.529+0900][22.471s][info][gc,marking  ] GC(621) Concurrent Mark From Roots 12.849ms
[2026-03-25T21:45:29.529+0900][22.471s][info][gc,marking  ] GC(621) Concurrent Preclean
[2026-03-25T21:45:29.529+0900][22.471s][info][gc,marking  ] GC(621) Concurrent Preclean 0.030ms
[2026-03-25T21:45:29.529+0900][22.471s][info][gc,start    ] GC(621) Pause Remark
[2026-03-25T21:45:29.529+0900][22.472s][info][gc          ] GC(621) Pause Remark 487M->487M(512M) 0.419ms
[2026-03-25T21:45:29.529+0900][22.472s][info][gc,cpu      ] GC(621) User=0.00s Sys=0.00s Real=0.00s
[2026-03-25T21:45:29.529+0900][22.472s][info][gc,marking  ] GC(621) Concurrent Mark 13.440ms
[2026-03-25T21:45:29.530+0900][22.472s][info][gc,marking  ] GC(621) Concurrent Rebuild Remembered Sets
[2026-03-25T21:45:29.532+0900][22.474s][info][gc,marking  ] GC(621) Concurrent Rebuild Remembered Sets 2.496ms
[2026-03-25T21:45:29.534+0900][22.476s][info][gc,start    ] GC(621) Pause Cleanup
[2026-03-25T21:45:29.534+0900][22.476s][info][gc          ] GC(621) Pause Cleanup 487M->487M(512M) 0.122ms
[2026-03-25T21:45:29.534+0900][22.476s][info][gc,cpu      ] GC(621) User=0.00s Sys=0.00s Real=0.00s
[2026-03-25T21:45:29.534+0900][22.477s][info][gc,marking  ] GC(621) Concurrent Cleanup for Next Mark
[2026-03-25T21:45:29.535+0900][22.477s][info][gc,marking  ] GC(621) Concurrent Cleanup for Next Mark 0.649ms
[2026-03-25T21:45:29.535+0900][22.477s][info][gc          ] GC(621) Concurrent Mark Cycle 19.019ms
[2026-03-25T21:45:29.571+0900][22.514s][info][gc,start    ] GC(622) Pause Young (Concurrent Start) (G1 Humongous Allocation)
[2026-03-25T21:45:29.571+0900][22.514s][info][gc,task     ] GC(622) Using 8 workers of 8 for evacuation
[2026-03-25T21:45:29.572+0900][22.515s][info][gc,phases   ] GC(622)   Pre Evacuate Collection Set: 0.2ms
[2026-03-25T21:45:29.572+0900][22.515s][info][gc,phases   ] GC(622)   Merge Heap Roots: 0.1ms
[2026-03-25T21:45:29.572+0900][22.515s][info][gc,phases   ] GC(622)   Evacuate Collection Set: 0.2ms
[2026-03-25T21:45:29.572+0900][22.515s][info][gc,phases   ] GC(622)   Post Evacuate Collection Set: 0.2ms
[2026-03-25T21:45:29.572+0900][22.515s][info][gc,phases   ] GC(622)   Other: 0.1ms
[2026-03-25T21:45:29.572+0900][22.515s][info][gc,heap     ] GC(622) Eden regions: 1->0(24)
[2026-03-25T21:45:29.572+0900][22.515s][info][gc,heap     ] GC(622) Survivor regions: 1->1(4)
[2026-03-25T21:45:29.572+0900][22.515s][info][gc,heap     ] GC(622) Old regions: 1->1
[2026-03-25T21:45:29.572+0900][22.515s][info][gc,heap     ] GC(622) Archive regions: 2->2
[2026-03-25T21:45:29.572+0900][22.515s][info][gc,heap     ] GC(622) Humongous regions: 486->486
[2026-03-25T21:45:29.572+0900][22.515s][info][gc,metaspace] GC(622) Metaspace: 184K(384K)->184K(384K) NonClass: 176K(256K)->176K(256K) Class: 7K(128K)->7K(128K)
[2026-03-25T21:45:29.572+0900][22.515s][info][gc          ] GC(622) Pause Young (Concurrent Start) (G1 Humongous Allocation) 487M->487M(512M) 0.968ms
[2026-03-25T21:45:29.572+0900][22.515s][info][gc,cpu      ] GC(622) User=0.00s Sys=0.00s Real=0.00s
[2026-03-25T21:45:29.572+0900][22.515s][info][gc          ] GC(623) Concurrent Mark Cycle
[2026-03-25T21:45:29.572+0900][22.515s][info][gc,marking  ] GC(623) Concurrent Clear Claimed Marks
[2026-03-25T21:45:29.572+0900][22.515s][info][gc,marking  ] GC(623) Concurrent Clear Claimed Marks 0.012ms
[2026-03-25T21:45:29.572+0900][22.515s][info][gc,marking  ] GC(623) Concurrent Scan Root Regions
[2026-03-25T21:45:29.573+0900][22.515s][info][gc,marking  ] GC(623) Concurrent Scan Root Regions 0.092ms
[2026-03-25T21:45:29.573+0900][22.515s][info][gc,marking  ] GC(623) Concurrent Mark
[2026-03-25T21:45:29.573+0900][22.515s][info][gc,marking  ] GC(623) Concurrent Mark From Roots
[2026-03-25T21:45:29.573+0900][22.515s][info][gc,task     ] GC(623) Using 2 workers of 2 for marking
[2026-03-25T21:45:29.574+0900][22.516s][info][gc,marking  ] GC(623) Concurrent Mark From Roots 1.141ms
[2026-03-25T21:45:29.574+0900][22.516s][info][gc,marking  ] GC(623) Concurrent Preclean
[2026-03-25T21:45:29.574+0900][22.516s][info][gc,marking  ] GC(623) Concurrent Preclean 0.029ms
[2026-03-25T21:45:29.574+0900][22.516s][info][gc,start    ] GC(623) Pause Remark
[2026-03-25T21:45:29.574+0900][22.516s][info][gc          ] GC(623) Pause Remark 488M->488M(512M) 0.342ms
[2026-03-25T21:45:29.574+0900][22.516s][info][gc,cpu      ] GC(623) User=0.00s Sys=0.00s Real=0.00s
[2026-03-25T21:45:29.574+0900][22.516s][info][gc,marking  ] GC(623) Concurrent Mark 1.620ms
[2026-03-25T21:45:29.574+0900][22.516s][info][gc,marking  ] GC(623) Concurrent Rebuild Remembered Sets
[2026-03-25T21:45:29.575+0900][22.517s][info][gc,marking  ] GC(623) Concurrent Rebuild Remembered Sets 0.561ms
[2026-03-25T21:45:29.575+0900][22.517s][info][gc,start    ] GC(623) Pause Cleanup
[2026-03-25T21:45:29.575+0900][22.517s][info][gc          ] GC(623) Pause Cleanup 488M->488M(512M) 0.076ms
[2026-03-25T21:45:29.575+0900][22.517s][info][gc,cpu      ] GC(623) User=0.00s Sys=0.00s Real=0.00s
[2026-03-25T21:45:29.575+0900][22.517s][info][gc,marking  ] GC(623) Concurrent Cleanup for Next Mark
[2026-03-25T21:45:29.575+0900][22.518s][info][gc,marking  ] GC(623) Concurrent Cleanup for Next Mark 0.443ms
[2026-03-25T21:45:29.575+0900][22.518s][info][gc          ] GC(623) Concurrent Mark Cycle 2.976ms
[2026-03-25T21:45:29.625+0900][22.568s][info][gc,start    ] GC(624) Pause Young (Concurrent Start) (G1 Humongous Allocation)
[2026-03-25T21:45:29.626+0900][22.568s][info][gc,task     ] GC(624) Using 8 workers of 8 for evacuation
[2026-03-25T21:45:29.626+0900][22.569s][info][gc,phases   ] GC(624)   Pre Evacuate Collection Set: 0.1ms
[2026-03-25T21:45:29.626+0900][22.569s][info][gc,phases   ] GC(624)   Merge Heap Roots: 0.1ms
[2026-03-25T21:45:29.626+0900][22.569s][info][gc,phases   ] GC(624)   Evacuate Collection Set: 0.2ms
[2026-03-25T21:45:29.626+0900][22.569s][info][gc,phases   ] GC(624)   Post Evacuate Collection Set: 0.1ms
[2026-03-25T21:45:29.626+0900][22.569s][info][gc,phases   ] GC(624)   Other: 0.2ms
[2026-03-25T21:45:29.626+0900][22.569s][info][gc,heap     ] GC(624) Eden regions: 1->0(24)
[2026-03-25T21:45:29.626+0900][22.569s][info][gc,heap     ] GC(624) Survivor regions: 1->1(4)
[2026-03-25T21:45:29.626+0900][22.569s][info][gc,heap     ] GC(624) Old regions: 1->1
[2026-03-25T21:45:29.626+0900][22.569s][info][gc,heap     ] GC(624) Archive regions: 2->2
[2026-03-25T21:45:29.626+0900][22.569s][info][gc,heap     ] GC(624) Humongous regions: 487->487
[2026-03-25T21:45:29.626+0900][22.569s][info][gc,metaspace] GC(624) Metaspace: 184K(384K)->184K(384K) NonClass: 176K(256K)->176K(256K) Class: 7K(128K)->7K(128K)
[2026-03-25T21:45:29.626+0900][22.569s][info][gc          ] GC(624) Pause Young (Concurrent Start) (G1 Humongous Allocation) 488M->488M(512M) 0.965ms
[2026-03-25T21:45:29.626+0900][22.569s][info][gc,cpu      ] GC(624) User=0.00s Sys=0.00s Real=0.00s
[2026-03-25T21:45:29.627+0900][22.569s][info][gc          ] GC(625) Concurrent Mark Cycle
[2026-03-25T21:45:29.627+0900][22.569s][info][gc,marking  ] GC(625) Concurrent Clear Claimed Marks
[2026-03-25T21:45:29.627+0900][22.569s][info][gc,marking  ] GC(625) Concurrent Clear Claimed Marks 0.019ms
[2026-03-25T21:45:29.627+0900][22.569s][info][gc,marking  ] GC(625) Concurrent Scan Root Regions
[2026-03-25T21:45:29.627+0900][22.569s][info][gc,marking  ] GC(625) Concurrent Scan Root Regions 0.042ms
[2026-03-25T21:45:29.627+0900][22.569s][info][gc,marking  ] GC(625) Concurrent Mark
[2026-03-25T21:45:29.627+0900][22.569s][info][gc,marking  ] GC(625) Concurrent Mark From Roots
[2026-03-25T21:45:29.627+0900][22.569s][info][gc,task     ] GC(625) Using 2 workers of 2 for marking
[2026-03-25T21:45:29.629+0900][22.571s][info][gc,marking  ] GC(625) Concurrent Mark From Roots 1.915ms
[2026-03-25T21:45:29.629+0900][22.571s][info][gc,marking  ] GC(625) Concurrent Preclean
[2026-03-25T21:45:29.629+0900][22.571s][info][gc,marking  ] GC(625) Concurrent Preclean 0.043ms
[2026-03-25T21:45:29.630+0900][22.572s][info][gc,start    ] GC(625) Pause Remark
[2026-03-25T21:45:29.630+0900][22.572s][info][gc          ] GC(625) Pause Remark 489M->489M(512M) 0.453ms
[2026-03-25T21:45:29.630+0900][22.572s][info][gc,cpu      ] GC(625) User=0.00s Sys=0.00s Real=0.00s
[2026-03-25T21:45:29.630+0900][22.572s][info][gc,marking  ] GC(625) Concurrent Mark 3.419ms
[2026-03-25T21:45:29.630+0900][22.572s][info][gc,marking  ] GC(625) Concurrent Rebuild Remembered Sets
[2026-03-25T21:45:29.631+0900][22.573s][info][gc,marking  ] GC(625) Concurrent Rebuild Remembered Sets 1.002ms
[2026-03-25T21:45:29.631+0900][22.573s][info][gc,start    ] GC(625) Pause Cleanup
[2026-03-25T21:45:29.631+0900][22.574s][info][gc          ] GC(625) Pause Cleanup 489M->489M(512M) 0.078ms
[2026-03-25T21:45:29.631+0900][22.574s][info][gc,cpu      ] GC(625) User=0.00s Sys=0.00s Real=0.00s
[2026-03-25T21:45:29.631+0900][22.574s][info][gc,marking  ] GC(625) Concurrent Cleanup for Next Mark
[2026-03-25T21:45:29.632+0900][22.574s][info][gc,marking  ] GC(625) Concurrent Cleanup for Next Mark 0.435ms
[2026-03-25T21:45:29.632+0900][22.574s][info][gc          ] GC(625) Concurrent Mark Cycle 5.312ms
[2026-03-25T21:45:29.679+0900][22.621s][info][gc,start    ] GC(626) Pause Young (Concurrent Start) (G1 Humongous Allocation)
[2026-03-25T21:45:29.679+0900][22.621s][info][gc,task     ] GC(626) Using 8 workers of 8 for evacuation
[2026-03-25T21:45:29.680+0900][22.622s][info][gc,phases   ] GC(626)   Pre Evacuate Collection Set: 0.1ms
[2026-03-25T21:45:29.680+0900][22.622s][info][gc,phases   ] GC(626)   Merge Heap Roots: 0.2ms
[2026-03-25T21:45:29.680+0900][22.622s][info][gc,phases   ] GC(626)   Evacuate Collection Set: 0.2ms
[2026-03-25T21:45:29.680+0900][22.622s][info][gc,phases   ] GC(626)   Post Evacuate Collection Set: 0.1ms
[2026-03-25T21:45:29.680+0900][22.622s][info][gc,phases   ] GC(626)   Other: 0.2ms
[2026-03-25T21:45:29.680+0900][22.622s][info][gc,heap     ] GC(626) Eden regions: 1->0(24)
[2026-03-25T21:45:29.680+0900][22.622s][info][gc,heap     ] GC(626) Survivor regions: 1->1(4)
[2026-03-25T21:45:29.680+0900][22.622s][info][gc,heap     ] GC(626) Old regions: 1->1
[2026-03-25T21:45:29.680+0900][22.622s][info][gc,heap     ] GC(626) Archive regions: 2->2
[2026-03-25T21:45:29.680+0900][22.622s][info][gc,heap     ] GC(626) Humongous regions: 488->488
[2026-03-25T21:45:29.680+0900][22.622s][info][gc,metaspace] GC(626) Metaspace: 184K(384K)->184K(384K) NonClass: 176K(256K)->176K(256K) Class: 7K(128K)->7K(128K)
[2026-03-25T21:45:29.680+0900][22.622s][info][gc          ] GC(626) Pause Young (Concurrent Start) (G1 Humongous Allocation) 489M->489M(512M) 0.954ms
[2026-03-25T21:45:29.680+0900][22.622s][info][gc,cpu      ] GC(626) User=0.00s Sys=0.00s Real=0.01s
[2026-03-25T21:45:29.680+0900][22.622s][info][gc          ] GC(627) Concurrent Mark Cycle
[2026-03-25T21:45:29.680+0900][22.622s][info][gc,marking  ] GC(627) Concurrent Clear Claimed Marks
[2026-03-25T21:45:29.680+0900][22.622s][info][gc,marking  ] GC(627) Concurrent Clear Claimed Marks 0.017ms
[2026-03-25T21:45:29.680+0900][22.622s][info][gc,marking  ] GC(627) Concurrent Scan Root Regions
[2026-03-25T21:45:29.680+0900][22.622s][info][gc,marking  ] GC(627) Concurrent Scan Root Regions 0.042ms
[2026-03-25T21:45:29.680+0900][22.622s][info][gc,marking  ] GC(627) Concurrent Mark
[2026-03-25T21:45:29.680+0900][22.622s][info][gc,marking  ] GC(627) Concurrent Mark From Roots
[2026-03-25T21:45:29.680+0900][22.622s][info][gc,task     ] GC(627) Using 2 workers of 2 for marking
[2026-03-25T21:45:29.682+0900][22.624s][info][gc,marking  ] GC(627) Concurrent Mark From Roots 1.819ms
[2026-03-25T21:45:29.682+0900][22.624s][info][gc,marking  ] GC(627) Concurrent Preclean
[2026-03-25T21:45:29.682+0900][22.624s][info][gc,marking  ] GC(627) Concurrent Preclean 0.040ms
[2026-03-25T21:45:29.682+0900][22.624s][info][gc,start    ] GC(627) Pause Remark
[2026-03-25T21:45:29.686+0900][22.628s][info][gc          ] GC(627) Pause Remark 490M->490M(512M) 3.866ms
[2026-03-25T21:45:29.686+0900][22.628s][info][gc,cpu      ] GC(627) User=0.00s Sys=0.01s Real=0.00s
[2026-03-25T21:45:29.686+0900][22.628s][info][gc,marking  ] GC(627) Concurrent Mark 5.987ms
[2026-03-25T21:45:29.686+0900][22.628s][info][gc,marking  ] GC(627) Concurrent Rebuild Remembered Sets
[2026-03-25T21:45:29.687+0900][22.629s][info][gc,marking  ] GC(627) Concurrent Rebuild Remembered Sets 0.730ms
[2026-03-25T21:45:29.687+0900][22.629s][info][gc,start    ] GC(627) Pause Cleanup
[2026-03-25T21:45:29.687+0900][22.629s][info][gc          ] GC(627) Pause Cleanup 490M->490M(512M) 0.083ms
[2026-03-25T21:45:29.687+0900][22.629s][info][gc,cpu      ] GC(627) User=0.00s Sys=0.00s Real=0.00s
[2026-03-25T21:45:29.687+0900][22.629s][info][gc,marking  ] GC(627) Concurrent Cleanup for Next Mark
[2026-03-25T21:45:29.687+0900][22.630s][info][gc,marking  ] GC(627) Concurrent Cleanup for Next Mark 0.387ms
[2026-03-25T21:45:29.687+0900][22.630s][info][gc          ] GC(627) Concurrent Mark Cycle 7.541ms
[2026-03-25T21:45:29.735+0900][22.677s][info][gc,start    ] GC(628) Pause Young (Concurrent Start) (G1 Humongous Allocation)
[2026-03-25T21:45:29.735+0900][22.677s][info][gc,task     ] GC(628) Using 8 workers of 8 for evacuation
[2026-03-25T21:45:29.737+0900][22.679s][info][gc,phases   ] GC(628)   Pre Evacuate Collection Set: 0.4ms
[2026-03-25T21:45:29.737+0900][22.679s][info][gc,phases   ] GC(628)   Merge Heap Roots: 0.5ms
[2026-03-25T21:45:29.737+0900][22.679s][info][gc,phases   ] GC(628)   Evacuate Collection Set: 0.7ms
[2026-03-25T21:45:29.737+0900][22.679s][info][gc,phases   ] GC(628)   Post Evacuate Collection Set: 0.3ms
[2026-03-25T21:45:29.737+0900][22.679s][info][gc,phases   ] GC(628)   Other: 0.4ms
[2026-03-25T21:45:29.737+0900][22.679s][info][gc,heap     ] GC(628) Eden regions: 1->0(24)
[2026-03-25T21:45:29.737+0900][22.680s][info][gc,heap     ] GC(628) Survivor regions: 1->1(4)
[2026-03-25T21:45:29.737+0900][22.680s][info][gc,heap     ] GC(628) Old regions: 1->1
[2026-03-25T21:45:29.737+0900][22.680s][info][gc,heap     ] GC(628) Archive regions: 2->2
[2026-03-25T21:45:29.737+0900][22.680s][info][gc,heap     ] GC(628) Humongous regions: 489->489
[2026-03-25T21:45:29.737+0900][22.680s][info][gc,metaspace] GC(628) Metaspace: 178K(384K)->178K(384K) NonClass: 172K(256K)->172K(256K) Class: 5K(128K)->5K(128K)
[2026-03-25T21:45:29.737+0900][22.680s][info][gc          ] GC(628) Pause Young (Concurrent Start) (G1 Humongous Allocation) 490M->490M(512M) 2.640ms
[2026-03-25T21:45:29.738+0900][22.680s][info][gc,cpu      ] GC(628) User=0.00s Sys=0.00s Real=0.00s
[2026-03-25T21:45:29.738+0900][22.680s][info][gc          ] GC(629) Concurrent Mark Cycle
[2026-03-25T21:45:29.738+0900][22.680s][info][gc,marking  ] GC(629) Concurrent Clear Claimed Marks
[2026-03-25T21:45:29.738+0900][22.680s][info][gc,marking  ] GC(629) Concurrent Clear Claimed Marks 0.011ms
[2026-03-25T21:45:29.738+0900][22.680s][info][gc,marking  ] GC(629) Concurrent Scan Root Regions
[2026-03-25T21:45:29.738+0900][22.680s][info][gc,marking  ] GC(629) Concurrent Scan Root Regions 0.033ms
[2026-03-25T21:45:29.738+0900][22.680s][info][gc,marking  ] GC(629) Concurrent Mark
[2026-03-25T21:45:29.738+0900][22.680s][info][gc,marking  ] GC(629) Concurrent Mark From Roots
[2026-03-25T21:45:29.738+0900][22.680s][info][gc,task     ] GC(629) Using 2 workers of 2 for marking
[2026-03-25T21:45:29.740+0900][22.682s][info][gc,marking  ] GC(629) Concurrent Mark From Roots 2.520ms
[2026-03-25T21:45:29.740+0900][22.683s][info][gc,marking  ] GC(629) Concurrent Preclean
[2026-03-25T21:45:29.740+0900][22.683s][info][gc,marking  ] GC(629) Concurrent Preclean 0.041ms
[2026-03-25T21:45:29.740+0900][22.683s][info][gc,start    ] GC(629) Pause Remark
[2026-03-25T21:45:29.741+0900][22.683s][info][gc          ] GC(629) Pause Remark 493M->493M(512M) 0.646ms
[2026-03-25T21:45:29.741+0900][22.683s][info][gc,cpu      ] GC(629) User=0.00s Sys=0.00s Real=0.00s
[2026-03-25T21:45:29.741+0900][22.683s][info][gc,marking  ] GC(629) Concurrent Mark 3.407ms
[2026-03-25T21:45:29.741+0900][22.683s][info][gc,marking  ] GC(629) Concurrent Rebuild Remembered Sets
[2026-03-25T21:45:29.742+0900][22.685s][info][gc,marking  ] GC(629) Concurrent Rebuild Remembered Sets 1.119ms
[2026-03-25T21:45:29.742+0900][22.685s][info][gc,start    ] GC(629) Pause Cleanup
[2026-03-25T21:45:29.742+0900][22.685s][info][gc          ] GC(629) Pause Cleanup 493M->493M(512M) 0.094ms
[2026-03-25T21:45:29.742+0900][22.685s][info][gc,cpu      ] GC(629) User=0.00s Sys=0.00s Real=0.00s
[2026-03-25T21:45:29.742+0900][22.685s][info][gc,marking  ] GC(629) Concurrent Cleanup for Next Mark
[2026-03-25T21:45:29.743+0900][22.686s][info][gc,marking  ] GC(629) Concurrent Cleanup for Next Mark 0.836ms
[2026-03-25T21:45:29.743+0900][22.686s][info][gc          ] GC(629) Concurrent Mark Cycle 5.687ms
[2026-03-25T21:45:29.793+0900][22.735s][info][gc,start    ] GC(630) Pause Young (Concurrent Start) (G1 Humongous Allocation)
[2026-03-25T21:45:29.793+0900][22.735s][info][gc,task     ] GC(630) Using 8 workers of 8 for evacuation
[2026-03-25T21:45:29.794+0900][22.736s][info][gc,phases   ] GC(630)   Pre Evacuate Collection Set: 0.2ms
[2026-03-25T21:45:29.794+0900][22.736s][info][gc,phases   ] GC(630)   Merge Heap Roots: 0.1ms
[2026-03-25T21:45:29.794+0900][22.736s][info][gc,phases   ] GC(630)   Evacuate Collection Set: 0.3ms
[2026-03-25T21:45:29.794+0900][22.736s][info][gc,phases   ] GC(630)   Post Evacuate Collection Set: 0.4ms
[2026-03-25T21:45:29.794+0900][22.737s][info][gc,phases   ] GC(630)   Other: 0.2ms
[2026-03-25T21:45:29.794+0900][22.737s][info][gc,heap     ] GC(630) Eden regions: 1->0(24)
[2026-03-25T21:45:29.794+0900][22.737s][info][gc,heap     ] GC(630) Survivor regions: 1->1(4)
[2026-03-25T21:45:29.794+0900][22.737s][info][gc,heap     ] GC(630) Old regions: 1->1
[2026-03-25T21:45:29.794+0900][22.737s][info][gc,heap     ] GC(630) Archive regions: 2->2
[2026-03-25T21:45:29.794+0900][22.737s][info][gc,heap     ] GC(630) Humongous regions: 492->492
[2026-03-25T21:45:29.794+0900][22.737s][info][gc,metaspace] GC(630) Metaspace: 178K(384K)->178K(384K) NonClass: 172K(256K)->172K(256K) Class: 5K(128K)->5K(128K)
[2026-03-25T21:45:29.794+0900][22.737s][info][gc          ] GC(630) Pause Young (Concurrent Start) (G1 Humongous Allocation) 493M->493M(512M) 1.454ms
[2026-03-25T21:45:29.794+0900][22.737s][info][gc,cpu      ] GC(630) User=0.00s Sys=0.01s Real=0.00s
[2026-03-25T21:45:29.795+0900][22.737s][info][gc          ] GC(631) Concurrent Mark Cycle
[2026-03-25T21:45:29.795+0900][22.737s][info][gc,marking  ] GC(631) Concurrent Clear Claimed Marks
[2026-03-25T21:45:29.795+0900][22.737s][info][gc,marking  ] GC(631) Concurrent Clear Claimed Marks 0.042ms
[2026-03-25T21:45:29.795+0900][22.737s][info][gc,marking  ] GC(631) Concurrent Scan Root Regions
[2026-03-25T21:45:29.795+0900][22.737s][info][gc,marking  ] GC(631) Concurrent Scan Root Regions 0.051ms
[2026-03-25T21:45:29.795+0900][22.737s][info][gc,marking  ] GC(631) Concurrent Mark
[2026-03-25T21:45:29.795+0900][22.737s][info][gc,marking  ] GC(631) Concurrent Mark From Roots
[2026-03-25T21:45:29.795+0900][22.737s][info][gc,task     ] GC(631) Using 2 workers of 2 for marking
[2026-03-25T21:45:29.798+0900][22.740s][info][gc,marking  ] GC(631) Concurrent Mark From Roots 3.010ms
[2026-03-25T21:45:29.798+0900][22.740s][info][gc,marking  ] GC(631) Concurrent Preclean
[2026-03-25T21:45:29.798+0900][22.740s][info][gc,marking  ] GC(631) Concurrent Preclean 0.035ms
[2026-03-25T21:45:29.798+0900][22.740s][info][gc,start    ] GC(631) Pause Remark
[2026-03-25T21:45:29.798+0900][22.741s][info][gc          ] GC(631) Pause Remark 494M->494M(512M) 0.500ms
[2026-03-25T21:45:29.798+0900][22.741s][info][gc,cpu      ] GC(631) User=0.00s Sys=0.00s Real=0.00s
[2026-03-25T21:45:29.798+0900][22.741s][info][gc,marking  ] GC(631) Concurrent Mark 3.715ms
[2026-03-25T21:45:29.799+0900][22.741s][info][gc,marking  ] GC(631) Concurrent Rebuild Remembered Sets
[2026-03-25T21:45:29.800+0900][22.742s][info][gc,marking  ] GC(631) Concurrent Rebuild Remembered Sets 1.312ms
[2026-03-25T21:45:29.800+0900][22.742s][info][gc,start    ] GC(631) Pause Cleanup
[2026-03-25T21:45:29.800+0900][22.742s][info][gc          ] GC(631) Pause Cleanup 494M->494M(512M) 0.179ms
[2026-03-25T21:45:29.800+0900][22.743s][info][gc,cpu      ] GC(631) User=0.00s Sys=0.00s Real=0.00s
[2026-03-25T21:45:29.800+0900][22.743s][info][gc,marking  ] GC(631) Concurrent Cleanup for Next Mark
[2026-03-25T21:45:29.801+0900][22.743s][info][gc,marking  ] GC(631) Concurrent Cleanup for Next Mark 0.600ms
[2026-03-25T21:45:29.801+0900][22.743s][info][gc          ] GC(631) Concurrent Mark Cycle 6.241ms
[2026-03-25T21:45:29.849+0900][22.791s][info][gc,start    ] GC(632) Pause Young (Concurrent Start) (G1 Humongous Allocation)
[2026-03-25T21:45:29.849+0900][22.791s][info][gc,task     ] GC(632) Using 8 workers of 8 for evacuation
[2026-03-25T21:45:29.849+0900][22.792s][info][gc,phases   ] GC(632)   Pre Evacuate Collection Set: 0.1ms
[2026-03-25T21:45:29.849+0900][22.792s][info][gc,phases   ] GC(632)   Merge Heap Roots: 0.1ms
[2026-03-25T21:45:29.849+0900][22.792s][info][gc,phases   ] GC(632)   Evacuate Collection Set: 0.1ms
[2026-03-25T21:45:29.849+0900][22.792s][info][gc,phases   ] GC(632)   Post Evacuate Collection Set: 0.1ms
[2026-03-25T21:45:29.849+0900][22.792s][info][gc,phases   ] GC(632)   Other: 0.1ms
[2026-03-25T21:45:29.849+0900][22.792s][info][gc,heap     ] GC(632) Eden regions: 1->0(24)
[2026-03-25T21:45:29.850+0900][22.792s][info][gc,heap     ] GC(632) Survivor regions: 1->1(4)
[2026-03-25T21:45:29.850+0900][22.792s][info][gc,heap     ] GC(632) Old regions: 1->1
[2026-03-25T21:45:29.850+0900][22.792s][info][gc,heap     ] GC(632) Archive regions: 2->2
[2026-03-25T21:45:29.850+0900][22.792s][info][gc,heap     ] GC(632) Humongous regions: 493->493
[2026-03-25T21:45:29.850+0900][22.792s][info][gc,metaspace] GC(632) Metaspace: 178K(384K)->178K(384K) NonClass: 172K(256K)->172K(256K) Class: 5K(128K)->5K(128K)
[2026-03-25T21:45:29.850+0900][22.792s][info][gc          ] GC(632) Pause Young (Concurrent Start) (G1 Humongous Allocation) 494M->494M(512M) 0.777ms
[2026-03-25T21:45:29.850+0900][22.792s][info][gc,cpu      ] GC(632) User=0.00s Sys=0.00s Real=0.01s
[2026-03-25T21:45:29.850+0900][22.792s][info][gc          ] GC(633) Concurrent Mark Cycle
[2026-03-25T21:45:29.850+0900][22.792s][info][gc,marking  ] GC(633) Concurrent Clear Claimed Marks
[2026-03-25T21:45:29.850+0900][22.792s][info][gc,marking  ] GC(633) Concurrent Clear Claimed Marks 0.011ms
[2026-03-25T21:45:29.850+0900][22.792s][info][gc,marking  ] GC(633) Concurrent Scan Root Regions
[2026-03-25T21:45:29.850+0900][22.792s][info][gc,marking  ] GC(633) Concurrent Scan Root Regions 0.033ms
[2026-03-25T21:45:29.850+0900][22.792s][info][gc,marking  ] GC(633) Concurrent Mark
[2026-03-25T21:45:29.850+0900][22.792s][info][gc,marking  ] GC(633) Concurrent Mark From Roots
[2026-03-25T21:45:29.850+0900][22.792s][info][gc,task     ] GC(633) Using 2 workers of 2 for marking
[2026-03-25T21:45:29.851+0900][22.793s][info][gc,marking  ] GC(633) Concurrent Mark From Roots 1.428ms
[2026-03-25T21:45:29.851+0900][22.793s][info][gc,marking  ] GC(633) Concurrent Preclean
[2026-03-25T21:45:29.851+0900][22.794s][info][gc,marking  ] GC(633) Concurrent Preclean 0.028ms
[2026-03-25T21:45:29.851+0900][22.794s][info][gc,start    ] GC(633) Pause Remark
[2026-03-25T21:45:29.852+0900][22.794s][info][gc          ] GC(633) Pause Remark 495M->495M(512M) 0.314ms
[2026-03-25T21:45:29.852+0900][22.794s][info][gc,cpu      ] GC(633) User=0.00s Sys=0.00s Real=0.00s
[2026-03-25T21:45:29.852+0900][22.794s][info][gc,marking  ] GC(633) Concurrent Mark 1.877ms
[2026-03-25T21:45:29.852+0900][22.794s][info][gc,marking  ] GC(633) Concurrent Rebuild Remembered Sets
[2026-03-25T21:45:29.852+0900][22.795s][info][gc,marking  ] GC(633) Concurrent Rebuild Remembered Sets 0.631ms
[2026-03-25T21:45:29.852+0900][22.795s][info][gc,start    ] GC(633) Pause Cleanup
[2026-03-25T21:45:29.852+0900][22.795s][info][gc          ] GC(633) Pause Cleanup 495M->495M(512M) 0.072ms
[2026-03-25T21:45:29.852+0900][22.795s][info][gc,cpu      ] GC(633) User=0.00s Sys=0.00s Real=0.00s
[2026-03-25T21:45:29.852+0900][22.795s][info][gc,marking  ] GC(633) Concurrent Cleanup for Next Mark
[2026-03-25T21:45:29.853+0900][22.795s][info][gc,marking  ] GC(633) Concurrent Cleanup for Next Mark 0.323ms
[2026-03-25T21:45:29.853+0900][22.795s][info][gc          ] GC(633) Concurrent Mark Cycle 3.112ms
[2026-03-25T21:45:29.901+0900][22.844s][info][gc,start    ] GC(634) Pause Young (Concurrent Start) (G1 Humongous Allocation)
[2026-03-25T21:45:29.901+0900][22.844s][info][gc,task     ] GC(634) Using 8 workers of 8 for evacuation
[2026-03-25T21:45:29.902+0900][22.844s][info][gc,phases   ] GC(634)   Pre Evacuate Collection Set: 0.2ms
[2026-03-25T21:45:29.902+0900][22.845s][info][gc,phases   ] GC(634)   Merge Heap Roots: 0.2ms
[2026-03-25T21:45:29.902+0900][22.845s][info][gc,phases   ] GC(634)   Evacuate Collection Set: 0.2ms
[2026-03-25T21:45:29.902+0900][22.845s][info][gc,phases   ] GC(634)   Post Evacuate Collection Set: 0.1ms
[2026-03-25T21:45:29.902+0900][22.845s][info][gc,phases   ] GC(634)   Other: 0.2ms
[2026-03-25T21:45:29.902+0900][22.845s][info][gc,heap     ] GC(634) Eden regions: 1->0(24)
[2026-03-25T21:45:29.902+0900][22.845s][info][gc,heap     ] GC(634) Survivor regions: 1->1(4)
[2026-03-25T21:45:29.902+0900][22.845s][info][gc,heap     ] GC(634) Old regions: 1->1
[2026-03-25T21:45:29.902+0900][22.845s][info][gc,heap     ] GC(634) Archive regions: 2->2
[2026-03-25T21:45:29.902+0900][22.845s][info][gc,heap     ] GC(634) Humongous regions: 494->494
[2026-03-25T21:45:29.902+0900][22.845s][info][gc,metaspace] GC(634) Metaspace: 178K(384K)->178K(384K) NonClass: 172K(256K)->172K(256K) Class: 5K(128K)->5K(128K)
[2026-03-25T21:45:29.902+0900][22.845s][info][gc          ] GC(634) Pause Young (Concurrent Start) (G1 Humongous Allocation) 495M->495M(512M) 1.204ms
[2026-03-25T21:45:29.902+0900][22.845s][info][gc,cpu      ] GC(634) User=0.00s Sys=0.00s Real=0.00s
[2026-03-25T21:45:29.902+0900][22.845s][info][gc          ] GC(635) Concurrent Mark Cycle
[2026-03-25T21:45:29.903+0900][22.845s][info][gc,marking  ] GC(635) Concurrent Clear Claimed Marks
[2026-03-25T21:45:29.903+0900][22.845s][info][gc,marking  ] GC(635) Concurrent Clear Claimed Marks 0.021ms
[2026-03-25T21:45:29.903+0900][22.845s][info][gc,marking  ] GC(635) Concurrent Scan Root Regions
[2026-03-25T21:45:29.903+0900][22.845s][info][gc,marking  ] GC(635) Concurrent Scan Root Regions 0.049ms
[2026-03-25T21:45:29.903+0900][22.845s][info][gc,marking  ] GC(635) Concurrent Mark
[2026-03-25T21:45:29.903+0900][22.845s][info][gc,marking  ] GC(635) Concurrent Mark From Roots
[2026-03-25T21:45:29.903+0900][22.845s][info][gc,task     ] GC(635) Using 2 workers of 2 for marking
[2026-03-25T21:45:29.905+0900][22.847s][info][gc,marking  ] GC(635) Concurrent Mark From Roots 1.995ms
[2026-03-25T21:45:29.905+0900][22.847s][info][gc,marking  ] GC(635) Concurrent Preclean
[2026-03-25T21:45:29.905+0900][22.847s][info][gc,marking  ] GC(635) Concurrent Preclean 0.040ms
[2026-03-25T21:45:29.905+0900][22.847s][info][gc,start    ] GC(635) Pause Remark
[2026-03-25T21:45:29.905+0900][22.847s][info][gc          ] GC(635) Pause Remark 496M->496M(512M) 0.310ms
[2026-03-25T21:45:29.905+0900][22.847s][info][gc,cpu      ] GC(635) User=0.00s Sys=0.00s Real=0.00s
[2026-03-25T21:45:29.905+0900][22.847s][info][gc,marking  ] GC(635) Concurrent Mark 2.485ms
[2026-03-25T21:45:29.905+0900][22.847s][info][gc,marking  ] GC(635) Concurrent Rebuild Remembered Sets
[2026-03-25T21:45:29.906+0900][22.848s][info][gc,marking  ] GC(635) Concurrent Rebuild Remembered Sets 0.666ms
[2026-03-25T21:45:29.906+0900][22.848s][info][gc,start    ] GC(635) Pause Cleanup
[2026-03-25T21:45:29.906+0900][22.848s][info][gc          ] GC(635) Pause Cleanup 496M->496M(512M) 0.111ms
[2026-03-25T21:45:29.906+0900][22.848s][info][gc,cpu      ] GC(635) User=0.00s Sys=0.00s Real=0.00s
[2026-03-25T21:45:29.906+0900][22.848s][info][gc,marking  ] GC(635) Concurrent Cleanup for Next Mark
[2026-03-25T21:45:29.906+0900][22.849s][info][gc,marking  ] GC(635) Concurrent Cleanup for Next Mark 0.344ms
[2026-03-25T21:45:29.906+0900][22.849s][info][gc          ] GC(635) Concurrent Mark Cycle 3.912ms
[2026-03-25T21:45:29.957+0900][22.899s][info][gc,start    ] GC(636) Pause Young (Concurrent Start) (G1 Humongous Allocation)
[2026-03-25T21:45:29.957+0900][22.899s][info][gc,task     ] GC(636) Using 8 workers of 8 for evacuation
[2026-03-25T21:45:29.957+0900][22.900s][info][gc,phases   ] GC(636)   Pre Evacuate Collection Set: 0.1ms
[2026-03-25T21:45:29.957+0900][22.900s][info][gc,phases   ] GC(636)   Merge Heap Roots: 0.2ms
[2026-03-25T21:45:29.957+0900][22.900s][info][gc,phases   ] GC(636)   Evacuate Collection Set: 0.2ms
[2026-03-25T21:45:29.957+0900][22.900s][info][gc,phases   ] GC(636)   Post Evacuate Collection Set: 0.2ms
[2026-03-25T21:45:29.957+0900][22.900s][info][gc,phases   ] GC(636)   Other: 0.2ms
[2026-03-25T21:45:29.957+0900][22.900s][info][gc,heap     ] GC(636) Eden regions: 1->0(24)
[2026-03-25T21:45:29.957+0900][22.900s][info][gc,heap     ] GC(636) Survivor regions: 1->1(4)
[2026-03-25T21:45:29.957+0900][22.900s][info][gc,heap     ] GC(636) Old regions: 1->1
[2026-03-25T21:45:29.958+0900][22.900s][info][gc,heap     ] GC(636) Archive regions: 2->2
[2026-03-25T21:45:29.958+0900][22.900s][info][gc,heap     ] GC(636) Humongous regions: 495->495
[2026-03-25T21:45:29.958+0900][22.900s][info][gc,metaspace] GC(636) Metaspace: 178K(384K)->178K(384K) NonClass: 172K(256K)->172K(256K) Class: 5K(128K)->5K(128K)
[2026-03-25T21:45:29.958+0900][22.900s][info][gc          ] GC(636) Pause Young (Concurrent Start) (G1 Humongous Allocation) 496M->496M(512M) 1.067ms
[2026-03-25T21:45:29.958+0900][22.900s][info][gc,cpu      ] GC(636) User=0.00s Sys=0.00s Real=0.00s
[2026-03-25T21:45:29.958+0900][22.900s][info][gc          ] GC(637) Concurrent Mark Cycle
[2026-03-25T21:45:29.958+0900][22.900s][info][gc,marking  ] GC(637) Concurrent Clear Claimed Marks
[2026-03-25T21:45:29.958+0900][22.900s][info][gc,marking  ] GC(637) Concurrent Clear Claimed Marks 0.015ms
[2026-03-25T21:45:29.958+0900][22.900s][info][gc,marking  ] GC(637) Concurrent Scan Root Regions
[2026-03-25T21:45:29.958+0900][22.900s][info][gc,marking  ] GC(637) Concurrent Scan Root Regions 0.040ms
[2026-03-25T21:45:29.958+0900][22.900s][info][gc,marking  ] GC(637) Concurrent Mark
[2026-03-25T21:45:29.958+0900][22.900s][info][gc,marking  ] GC(637) Concurrent Mark From Roots
[2026-03-25T21:45:29.958+0900][22.900s][info][gc,task     ] GC(637) Using 2 workers of 2 for marking
[2026-03-25T21:45:29.960+0900][22.902s][info][gc,marking  ] GC(637) Concurrent Mark From Roots 2.277ms
[2026-03-25T21:45:29.960+0900][22.902s][info][gc,marking  ] GC(637) Concurrent Preclean
[2026-03-25T21:45:29.960+0900][22.903s][info][gc,marking  ] GC(637) Concurrent Preclean 0.045ms
[2026-03-25T21:45:29.960+0900][22.903s][info][gc,start    ] GC(637) Pause Remark
[2026-03-25T21:45:29.961+0900][22.903s][info][gc          ] GC(637) Pause Remark 497M->497M(512M) 0.428ms
[2026-03-25T21:45:29.961+0900][22.903s][info][gc,cpu      ] GC(637) User=0.00s Sys=0.00s Real=0.00s
[2026-03-25T21:45:29.961+0900][22.903s][info][gc,marking  ] GC(637) Concurrent Mark 3.053ms
[2026-03-25T21:45:29.961+0900][22.903s][info][gc,marking  ] GC(637) Concurrent Rebuild Remembered Sets
[2026-03-25T21:45:29.962+0900][22.904s][info][gc,marking  ] GC(637) Concurrent Rebuild Remembered Sets 0.751ms
[2026-03-25T21:45:29.962+0900][22.904s][info][gc,start    ] GC(637) Pause Cleanup
[2026-03-25T21:45:29.962+0900][22.904s][info][gc          ] GC(637) Pause Cleanup 497M->497M(512M) 0.076ms
[2026-03-25T21:45:29.962+0900][22.904s][info][gc,cpu      ] GC(637) User=0.00s Sys=0.00s Real=0.00s
[2026-03-25T21:45:29.962+0900][22.904s][info][gc,marking  ] GC(637) Concurrent Cleanup for Next Mark
[2026-03-25T21:45:29.962+0900][22.904s][info][gc,marking  ] GC(637) Concurrent Cleanup for Next Mark 0.406ms
[2026-03-25T21:45:29.962+0900][22.905s][info][gc          ] GC(637) Concurrent Mark Cycle 4.657ms
[2026-03-25T21:45:30.012+0900][22.954s][info][gc,start    ] GC(638) Pause Young (Concurrent Start) (G1 Humongous Allocation)
[2026-03-25T21:45:30.012+0900][22.954s][info][gc,task     ] GC(638) Using 8 workers of 8 for evacuation
[2026-03-25T21:45:30.013+0900][22.955s][info][gc,phases   ] GC(638)   Pre Evacuate Collection Set: 0.3ms
[2026-03-25T21:45:30.013+0900][22.955s][info][gc,phases   ] GC(638)   Merge Heap Roots: 0.3ms
[2026-03-25T21:45:30.013+0900][22.955s][info][gc,phases   ] GC(638)   Evacuate Collection Set: 0.3ms
[2026-03-25T21:45:30.013+0900][22.955s][info][gc,phases   ] GC(638)   Post Evacuate Collection Set: 0.2ms
[2026-03-25T21:45:30.013+0900][22.955s][info][gc,phases   ] GC(638)   Other: 0.3ms
[2026-03-25T21:45:30.013+0900][22.955s][info][gc,heap     ] GC(638) Eden regions: 1->0(24)
[2026-03-25T21:45:30.013+0900][22.955s][info][gc,heap     ] GC(638) Survivor regions: 1->1(4)
[2026-03-25T21:45:30.013+0900][22.955s][info][gc,heap     ] GC(638) Old regions: 1->1
[2026-03-25T21:45:30.013+0900][22.956s][info][gc,heap     ] GC(638) Archive regions: 2->2
[2026-03-25T21:45:30.013+0900][22.956s][info][gc,heap     ] GC(638) Humongous regions: 496->496
[2026-03-25T21:45:30.013+0900][22.956s][info][gc,metaspace] GC(638) Metaspace: 178K(384K)->178K(384K) NonClass: 172K(256K)->172K(256K) Class: 5K(128K)->5K(128K)
[2026-03-25T21:45:30.013+0900][22.956s][info][gc          ] GC(638) Pause Young (Concurrent Start) (G1 Humongous Allocation) 497M->497M(512M) 1.757ms
[2026-03-25T21:45:30.013+0900][22.956s][info][gc,cpu      ] GC(638) User=0.00s Sys=0.00s Real=0.00s
[2026-03-25T21:45:30.013+0900][22.956s][info][gc          ] GC(639) Concurrent Mark Cycle
[2026-03-25T21:45:30.013+0900][22.956s][info][gc,marking  ] GC(639) Concurrent Clear Claimed Marks
[2026-03-25T21:45:30.014+0900][22.956s][info][gc,marking  ] GC(639) Concurrent Clear Claimed Marks 0.037ms
[2026-03-25T21:45:30.014+0900][22.956s][info][gc,marking  ] GC(639) Concurrent Scan Root Regions
[2026-03-25T21:45:30.014+0900][22.956s][info][gc,marking  ] GC(639) Concurrent Scan Root Regions 0.077ms
[2026-03-25T21:45:30.014+0900][22.956s][info][gc,marking  ] GC(639) Concurrent Mark
[2026-03-25T21:45:30.014+0900][22.956s][info][gc,marking  ] GC(639) Concurrent Mark From Roots
[2026-03-25T21:45:30.014+0900][22.956s][info][gc,task     ] GC(639) Using 2 workers of 2 for marking
[2026-03-25T21:45:30.017+0900][22.959s][info][gc,marking  ] GC(639) Concurrent Mark From Roots 2.852ms
[2026-03-25T21:45:30.017+0900][22.959s][info][gc,marking  ] GC(639) Concurrent Preclean
[2026-03-25T21:45:30.017+0900][22.959s][info][gc,marking  ] GC(639) Concurrent Preclean 0.048ms
[2026-03-25T21:45:30.017+0900][22.959s][info][gc,start    ] GC(639) Pause Remark
[2026-03-25T21:45:30.017+0900][22.959s][info][gc          ] GC(639) Pause Remark 498M->498M(512M) 0.344ms
[2026-03-25T21:45:30.017+0900][22.959s][info][gc,cpu      ] GC(639) User=0.00s Sys=0.01s Real=0.00s
[2026-03-25T21:45:30.017+0900][22.959s][info][gc,marking  ] GC(639) Concurrent Mark 3.420ms
[2026-03-25T21:45:30.017+0900][22.959s][info][gc,marking  ] GC(639) Concurrent Rebuild Remembered Sets
[2026-03-25T21:45:30.018+0900][22.960s][info][gc,marking  ] GC(639) Concurrent Rebuild Remembered Sets 0.838ms
[2026-03-25T21:45:30.018+0900][22.960s][info][gc,start    ] GC(639) Pause Cleanup
[2026-03-25T21:45:30.018+0900][22.960s][info][gc          ] GC(639) Pause Cleanup 498M->498M(512M) 0.093ms
[2026-03-25T21:45:30.018+0900][22.960s][info][gc,cpu      ] GC(639) User=0.00s Sys=0.00s Real=0.00s
[2026-03-25T21:45:30.018+0900][22.960s][info][gc,marking  ] GC(639) Concurrent Cleanup for Next Mark
[2026-03-25T21:45:30.019+0900][22.961s][info][gc,marking  ] GC(639) Concurrent Cleanup for Next Mark 0.454ms
[2026-03-25T21:45:30.019+0900][22.961s][info][gc          ] GC(639) Concurrent Mark Cycle 5.281ms
[2026-03-25T21:45:30.066+0900][23.008s][info][gc,start    ] GC(640) Pause Young (Concurrent Start) (G1 Humongous Allocation)
[2026-03-25T21:45:30.066+0900][23.008s][info][gc,task     ] GC(640) Using 8 workers of 8 for evacuation
[2026-03-25T21:45:30.066+0900][23.009s][info][gc,phases   ] GC(640)   Pre Evacuate Collection Set: 0.1ms
[2026-03-25T21:45:30.066+0900][23.009s][info][gc,phases   ] GC(640)   Merge Heap Roots: 0.1ms
[2026-03-25T21:45:30.066+0900][23.009s][info][gc,phases   ] GC(640)   Evacuate Collection Set: 0.1ms
[2026-03-25T21:45:30.066+0900][23.009s][info][gc,phases   ] GC(640)   Post Evacuate Collection Set: 0.1ms
[2026-03-25T21:45:30.066+0900][23.009s][info][gc,phases   ] GC(640)   Other: 0.2ms
[2026-03-25T21:45:30.066+0900][23.009s][info][gc,heap     ] GC(640) Eden regions: 1->0(24)
[2026-03-25T21:45:30.066+0900][23.009s][info][gc,heap     ] GC(640) Survivor regions: 1->1(4)
[2026-03-25T21:45:30.066+0900][23.009s][info][gc,heap     ] GC(640) Old regions: 1->1
[2026-03-25T21:45:30.066+0900][23.009s][info][gc,heap     ] GC(640) Archive regions: 2->2
[2026-03-25T21:45:30.066+0900][23.009s][info][gc,heap     ] GC(640) Humongous regions: 497->497
[2026-03-25T21:45:30.066+0900][23.009s][info][gc,metaspace] GC(640) Metaspace: 178K(384K)->178K(384K) NonClass: 172K(256K)->172K(256K) Class: 5K(128K)->5K(128K)
[2026-03-25T21:45:30.066+0900][23.009s][info][gc          ] GC(640) Pause Young (Concurrent Start) (G1 Humongous Allocation) 498M->498M(512M) 0.811ms
[2026-03-25T21:45:30.067+0900][23.009s][info][gc,cpu      ] GC(640) User=0.00s Sys=0.00s Real=0.00s
[2026-03-25T21:45:30.067+0900][23.009s][info][gc          ] GC(641) Concurrent Mark Cycle
[2026-03-25T21:45:30.067+0900][23.009s][info][gc,marking  ] GC(641) Concurrent Clear Claimed Marks
[2026-03-25T21:45:30.067+0900][23.009s][info][gc,marking  ] GC(641) Concurrent Clear Claimed Marks 0.128ms
[2026-03-25T21:45:30.067+0900][23.009s][info][gc,marking  ] GC(641) Concurrent Scan Root Regions
[2026-03-25T21:45:30.067+0900][23.009s][info][gc,marking  ] GC(641) Concurrent Scan Root Regions 0.140ms
[2026-03-25T21:45:30.067+0900][23.009s][info][gc,marking  ] GC(641) Concurrent Mark
[2026-03-25T21:45:30.067+0900][23.009s][info][gc,marking  ] GC(641) Concurrent Mark From Roots
[2026-03-25T21:45:30.067+0900][23.009s][info][gc,task     ] GC(641) Using 2 workers of 2 for marking
[2026-03-25T21:45:30.068+0900][23.011s][info][gc,marking  ] GC(641) Concurrent Mark From Roots 1.454ms
[2026-03-25T21:45:30.068+0900][23.011s][info][gc,marking  ] GC(641) Concurrent Preclean
[2026-03-25T21:45:30.068+0900][23.011s][info][gc,marking  ] GC(641) Concurrent Preclean 0.035ms
[2026-03-25T21:45:30.069+0900][23.011s][info][gc,start    ] GC(641) Pause Remark
[2026-03-25T21:45:30.069+0900][23.011s][info][gc          ] GC(641) Pause Remark 499M->499M(512M) 0.285ms
[2026-03-25T21:45:30.069+0900][23.011s][info][gc,cpu      ] GC(641) User=0.00s Sys=0.00s Real=0.00s
[2026-03-25T21:45:30.069+0900][23.011s][info][gc,marking  ] GC(641) Concurrent Mark 1.909ms
[2026-03-25T21:45:30.069+0900][23.011s][info][gc,marking  ] GC(641) Concurrent Rebuild Remembered Sets
[2026-03-25T21:45:30.070+0900][23.012s][info][gc,marking  ] GC(641) Concurrent Rebuild Remembered Sets 0.646ms
[2026-03-25T21:45:30.070+0900][23.012s][info][gc,start    ] GC(641) Pause Cleanup
[2026-03-25T21:45:30.070+0900][23.012s][info][gc          ] GC(641) Pause Cleanup 499M->499M(512M) 0.075ms
[2026-03-25T21:45:30.070+0900][23.012s][info][gc,cpu      ] GC(641) User=0.00s Sys=0.00s Real=0.00s
[2026-03-25T21:45:30.070+0900][23.012s][info][gc,marking  ] GC(641) Concurrent Cleanup for Next Mark
[2026-03-25T21:45:30.070+0900][23.012s][info][gc,marking  ] GC(641) Concurrent Cleanup for Next Mark 0.346ms
[2026-03-25T21:45:30.070+0900][23.012s][info][gc          ] GC(641) Concurrent Mark Cycle 3.477ms
[2026-03-25T21:45:30.118+0900][23.060s][info][gc,start    ] GC(642) Pause Young (Concurrent Start) (G1 Humongous Allocation)
[2026-03-25T21:45:30.118+0900][23.060s][info][gc,task     ] GC(642) Using 8 workers of 8 for evacuation
[2026-03-25T21:45:30.119+0900][23.061s][info][gc,phases   ] GC(642)   Pre Evacuate Collection Set: 0.1ms
[2026-03-25T21:45:30.119+0900][23.061s][info][gc,phases   ] GC(642)   Merge Heap Roots: 0.2ms
[2026-03-25T21:45:30.119+0900][23.061s][info][gc,phases   ] GC(642)   Evacuate Collection Set: 0.2ms
[2026-03-25T21:45:30.119+0900][23.061s][info][gc,phases   ] GC(642)   Post Evacuate Collection Set: 0.1ms
[2026-03-25T21:45:30.119+0900][23.061s][info][gc,phases   ] GC(642)   Other: 0.2ms
[2026-03-25T21:45:30.119+0900][23.061s][info][gc,heap     ] GC(642) Eden regions: 1->0(24)
[2026-03-25T21:45:30.119+0900][23.061s][info][gc,heap     ] GC(642) Survivor regions: 1->1(4)
[2026-03-25T21:45:30.119+0900][23.061s][info][gc,heap     ] GC(642) Old regions: 1->1
[2026-03-25T21:45:30.119+0900][23.061s][info][gc,heap     ] GC(642) Archive regions: 2->2
[2026-03-25T21:45:30.119+0900][23.061s][info][gc,heap     ] GC(642) Humongous regions: 498->498
[2026-03-25T21:45:30.119+0900][23.061s][info][gc,metaspace] GC(642) Metaspace: 178K(384K)->178K(384K) NonClass: 172K(256K)->172K(256K) Class: 5K(128K)->5K(128K)
[2026-03-25T21:45:30.119+0900][23.061s][info][gc          ] GC(642) Pause Young (Concurrent Start) (G1 Humongous Allocation) 499M->499M(512M) 1.080ms
[2026-03-25T21:45:30.119+0900][23.061s][info][gc,cpu      ] GC(642) User=0.00s Sys=0.00s Real=0.00s
[2026-03-25T21:45:30.119+0900][23.061s][info][gc          ] GC(643) Concurrent Mark Cycle
[2026-03-25T21:45:30.119+0900][23.061s][info][gc,marking  ] GC(643) Concurrent Clear Claimed Marks
[2026-03-25T21:45:30.119+0900][23.061s][info][gc,marking  ] GC(643) Concurrent Clear Claimed Marks 0.025ms
[2026-03-25T21:45:30.119+0900][23.062s][info][gc,marking  ] GC(643) Concurrent Scan Root Regions
[2026-03-25T21:45:30.119+0900][23.062s][info][gc,marking  ] GC(643) Concurrent Scan Root Regions 0.060ms
[2026-03-25T21:45:30.119+0900][23.062s][info][gc,marking  ] GC(643) Concurrent Mark
[2026-03-25T21:45:30.119+0900][23.062s][info][gc,marking  ] GC(643) Concurrent Mark From Roots
[2026-03-25T21:45:30.119+0900][23.062s][info][gc,task     ] GC(643) Using 2 workers of 2 for marking
[2026-03-25T21:45:30.122+0900][23.064s][info][gc,marking  ] GC(643) Concurrent Mark From Roots 2.324ms
[2026-03-25T21:45:30.122+0900][23.064s][info][gc,marking  ] GC(643) Concurrent Preclean
[2026-03-25T21:45:30.122+0900][23.064s][info][gc,marking  ] GC(643) Concurrent Preclean 0.040ms
[2026-03-25T21:45:30.122+0900][23.064s][info][gc,start    ] GC(643) Pause Remark
[2026-03-25T21:45:30.122+0900][23.064s][info][gc          ] GC(643) Pause Remark 500M->500M(512M) 0.361ms
[2026-03-25T21:45:30.122+0900][23.065s][info][gc,cpu      ] GC(643) User=0.00s Sys=0.00s Real=0.00s
[2026-03-25T21:45:30.122+0900][23.065s][info][gc,marking  ] GC(643) Concurrent Mark 2.942ms
[2026-03-25T21:45:30.122+0900][23.065s][info][gc,marking  ] GC(643) Concurrent Rebuild Remembered Sets
[2026-03-25T21:45:30.123+0900][23.065s][info][gc,marking  ] GC(643) Concurrent Rebuild Remembered Sets 0.678ms
[2026-03-25T21:45:30.123+0900][23.065s][info][gc,start    ] GC(643) Pause Cleanup
[2026-03-25T21:45:30.123+0900][23.065s][info][gc          ] GC(643) Pause Cleanup 500M->500M(512M) 0.077ms
[2026-03-25T21:45:30.123+0900][23.065s][info][gc,cpu      ] GC(643) User=0.00s Sys=0.00s Real=0.00s
[2026-03-25T21:45:30.123+0900][23.065s][info][gc,marking  ] GC(643) Concurrent Cleanup for Next Mark
[2026-03-25T21:45:30.124+0900][23.066s][info][gc,marking  ] GC(643) Concurrent Cleanup for Next Mark 0.409ms
[2026-03-25T21:45:30.124+0900][23.066s][info][gc          ] GC(643) Concurrent Mark Cycle 4.567ms
[2026-03-25T21:45:30.174+0900][23.116s][info][gc,start    ] GC(644) Pause Young (Concurrent Start) (G1 Humongous Allocation)
[2026-03-25T21:45:30.174+0900][23.116s][info][gc,task     ] GC(644) Using 8 workers of 8 for evacuation
[2026-03-25T21:45:30.175+0900][23.117s][info][gc,phases   ] GC(644)   Pre Evacuate Collection Set: 0.1ms
[2026-03-25T21:45:30.175+0900][23.117s][info][gc,phases   ] GC(644)   Merge Heap Roots: 0.2ms
[2026-03-25T21:45:30.175+0900][23.117s][info][gc,phases   ] GC(644)   Evacuate Collection Set: 0.2ms
[2026-03-25T21:45:30.175+0900][23.117s][info][gc,phases   ] GC(644)   Post Evacuate Collection Set: 0.2ms
[2026-03-25T21:45:30.175+0900][23.117s][info][gc,phases   ] GC(644)   Other: 0.2ms
[2026-03-25T21:45:30.175+0900][23.117s][info][gc,heap     ] GC(644) Eden regions: 1->0(24)
[2026-03-25T21:45:30.175+0900][23.117s][info][gc,heap     ] GC(644) Survivor regions: 1->1(4)
[2026-03-25T21:45:30.175+0900][23.117s][info][gc,heap     ] GC(644) Old regions: 1->1
[2026-03-25T21:45:30.175+0900][23.117s][info][gc,heap     ] GC(644) Archive regions: 2->2
[2026-03-25T21:45:30.175+0900][23.117s][info][gc,heap     ] GC(644) Humongous regions: 499->499
[2026-03-25T21:45:30.175+0900][23.117s][info][gc,metaspace] GC(644) Metaspace: 178K(384K)->178K(384K) NonClass: 172K(256K)->172K(256K) Class: 5K(128K)->5K(128K)
[2026-03-25T21:45:30.175+0900][23.117s][info][gc          ] GC(644) Pause Young (Concurrent Start) (G1 Humongous Allocation) 500M->500M(512M) 1.345ms
[2026-03-25T21:45:30.175+0900][23.117s][info][gc,cpu      ] GC(644) User=0.00s Sys=0.00s Real=0.00s
[2026-03-25T21:45:30.175+0900][23.118s][info][gc          ] GC(645) Concurrent Mark Cycle
[2026-03-25T21:45:30.175+0900][23.118s][info][gc,marking  ] GC(645) Concurrent Clear Claimed Marks
[2026-03-25T21:45:30.175+0900][23.118s][info][gc,marking  ] GC(645) Concurrent Clear Claimed Marks 0.032ms
[2026-03-25T21:45:30.175+0900][23.118s][info][gc,marking  ] GC(645) Concurrent Scan Root Regions
[2026-03-25T21:45:30.175+0900][23.118s][info][gc,marking  ] GC(645) Concurrent Scan Root Regions 0.077ms
[2026-03-25T21:45:30.175+0900][23.118s][info][gc,marking  ] GC(645) Concurrent Mark
[2026-03-25T21:45:30.175+0900][23.118s][info][gc,marking  ] GC(645) Concurrent Mark From Roots
[2026-03-25T21:45:30.175+0900][23.118s][info][gc,task     ] GC(645) Using 2 workers of 2 for marking
[2026-03-25T21:45:30.177+0900][23.120s][info][gc,marking  ] GC(645) Concurrent Mark From Roots 1.905ms
[2026-03-25T21:45:30.177+0900][23.120s][info][gc,marking  ] GC(645) Concurrent Preclean
[2026-03-25T21:45:30.178+0900][23.120s][info][gc,marking  ] GC(645) Concurrent Preclean 0.041ms
[2026-03-25T21:45:30.178+0900][23.120s][info][gc,start    ] GC(645) Pause Remark
[2026-03-25T21:45:30.178+0900][23.120s][info][gc          ] GC(645) Pause Remark 501M->501M(512M) 0.390ms
[2026-03-25T21:45:30.178+0900][23.120s][info][gc,cpu      ] GC(645) User=0.00s Sys=0.00s Real=0.00s
[2026-03-25T21:45:30.178+0900][23.120s][info][gc,marking  ] GC(645) Concurrent Mark 2.614ms
[2026-03-25T21:45:30.178+0900][23.120s][info][gc,marking  ] GC(645) Concurrent Rebuild Remembered Sets
[2026-03-25T21:45:30.179+0900][23.121s][info][gc,marking  ] GC(645) Concurrent Rebuild Remembered Sets 0.680ms
[2026-03-25T21:45:30.179+0900][23.121s][info][gc,start    ] GC(645) Pause Cleanup
[2026-03-25T21:45:30.179+0900][23.121s][info][gc          ] GC(645) Pause Cleanup 501M->501M(512M) 0.076ms
[2026-03-25T21:45:30.179+0900][23.121s][info][gc,cpu      ] GC(645) User=0.00s Sys=0.00s Real=0.00s
[2026-03-25T21:45:30.179+0900][23.121s][info][gc,marking  ] GC(645) Concurrent Cleanup for Next Mark
[2026-03-25T21:45:30.179+0900][23.122s][info][gc,marking  ] GC(645) Concurrent Cleanup for Next Mark 0.389ms
[2026-03-25T21:45:30.179+0900][23.122s][info][gc          ] GC(645) Concurrent Mark Cycle 4.218ms
[2026-03-25T21:45:30.231+0900][23.173s][info][gc,start    ] GC(646) Pause Young (Concurrent Start) (G1 Humongous Allocation)
[2026-03-25T21:45:30.231+0900][23.173s][info][gc,task     ] GC(646) Using 8 workers of 8 for evacuation
[2026-03-25T21:45:30.231+0900][23.174s][info][gc,phases   ] GC(646)   Pre Evacuate Collection Set: 0.1ms
[2026-03-25T21:45:30.231+0900][23.174s][info][gc,phases   ] GC(646)   Merge Heap Roots: 0.1ms
[2026-03-25T21:45:30.231+0900][23.174s][info][gc,phases   ] GC(646)   Evacuate Collection Set: 0.2ms
[2026-03-25T21:45:30.231+0900][23.174s][info][gc,phases   ] GC(646)   Post Evacuate Collection Set: 0.1ms
[2026-03-25T21:45:30.231+0900][23.174s][info][gc,phases   ] GC(646)   Other: 0.2ms
[2026-03-25T21:45:30.231+0900][23.174s][info][gc,heap     ] GC(646) Eden regions: 1->0(24)
[2026-03-25T21:45:30.231+0900][23.174s][info][gc,heap     ] GC(646) Survivor regions: 1->1(4)
[2026-03-25T21:45:30.231+0900][23.174s][info][gc,heap     ] GC(646) Old regions: 1->1
[2026-03-25T21:45:30.231+0900][23.174s][info][gc,heap     ] GC(646) Archive regions: 2->2
[2026-03-25T21:45:30.231+0900][23.174s][info][gc,heap     ] GC(646) Humongous regions: 500->500
[2026-03-25T21:45:30.231+0900][23.174s][info][gc,metaspace] GC(646) Metaspace: 178K(384K)->178K(384K) NonClass: 172K(256K)->172K(256K) Class: 5K(128K)->5K(128K)
[2026-03-25T21:45:30.232+0900][23.174s][info][gc          ] GC(646) Pause Young (Concurrent Start) (G1 Humongous Allocation) 501M->501M(512M) 0.986ms
[2026-03-25T21:45:30.232+0900][23.174s][info][gc,cpu      ] GC(646) User=0.00s Sys=0.00s Real=0.00s
[2026-03-25T21:45:30.232+0900][23.174s][info][gc          ] GC(647) Concurrent Mark Cycle
[2026-03-25T21:45:30.232+0900][23.174s][info][gc,marking  ] GC(647) Concurrent Clear Claimed Marks
[2026-03-25T21:45:30.232+0900][23.174s][info][gc,marking  ] GC(647) Concurrent Clear Claimed Marks 0.017ms
[2026-03-25T21:45:30.232+0900][23.174s][info][gc,marking  ] GC(647) Concurrent Scan Root Regions
[2026-03-25T21:45:30.232+0900][23.174s][info][gc,marking  ] GC(647) Concurrent Scan Root Regions 0.040ms
[2026-03-25T21:45:30.232+0900][23.174s][info][gc,marking  ] GC(647) Concurrent Mark
[2026-03-25T21:45:30.232+0900][23.174s][info][gc,marking  ] GC(647) Concurrent Mark From Roots
[2026-03-25T21:45:30.232+0900][23.174s][info][gc,task     ] GC(647) Using 2 workers of 2 for marking
[2026-03-25T21:45:30.234+0900][23.176s][info][gc,marking  ] GC(647) Concurrent Mark From Roots 1.838ms
[2026-03-25T21:45:30.234+0900][23.176s][info][gc,marking  ] GC(647) Concurrent Preclean
[2026-03-25T21:45:30.234+0900][23.176s][info][gc,marking  ] GC(647) Concurrent Preclean 0.046ms
[2026-03-25T21:45:30.234+0900][23.176s][info][gc,start    ] GC(647) Pause Remark
[2026-03-25T21:45:30.234+0900][23.176s][info][gc          ] GC(647) Pause Remark 502M->502M(512M) 0.427ms
[2026-03-25T21:45:30.234+0900][23.176s][info][gc,cpu      ] GC(647) User=0.00s Sys=0.00s Real=0.00s
[2026-03-25T21:45:30.234+0900][23.177s][info][gc,marking  ] GC(647) Concurrent Mark 2.528ms
[2026-03-25T21:45:30.234+0900][23.177s][info][gc,marking  ] GC(647) Concurrent Rebuild Remembered Sets
[2026-03-25T21:45:30.235+0900][23.177s][info][gc,marking  ] GC(647) Concurrent Rebuild Remembered Sets 0.796ms
[2026-03-25T21:45:30.235+0900][23.177s][info][gc,start    ] GC(647) Pause Cleanup
[2026-03-25T21:45:30.235+0900][23.178s][info][gc          ] GC(647) Pause Cleanup 502M->502M(512M) 0.088ms
[2026-03-25T21:45:30.235+0900][23.178s][info][gc,cpu      ] GC(647) User=0.00s Sys=0.00s Real=0.00s
[2026-03-25T21:45:30.235+0900][23.178s][info][gc,marking  ] GC(647) Concurrent Cleanup for Next Mark
[2026-03-25T21:45:30.236+0900][23.178s][info][gc,marking  ] GC(647) Concurrent Cleanup for Next Mark 0.536ms
[2026-03-25T21:45:30.236+0900][23.178s][info][gc          ] GC(647) Concurrent Mark Cycle 4.339ms
[2026-03-25T21:45:30.287+0900][23.229s][info][gc,start    ] GC(648) Pause Young (Concurrent Start) (G1 Humongous Allocation)
[2026-03-25T21:45:30.287+0900][23.229s][info][gc,task     ] GC(648) Using 8 workers of 8 for evacuation
[2026-03-25T21:45:30.288+0900][23.230s][info][gc,phases   ] GC(648)   Pre Evacuate Collection Set: 0.1ms
[2026-03-25T21:45:30.288+0900][23.230s][info][gc,phases   ] GC(648)   Merge Heap Roots: 0.2ms
[2026-03-25T21:45:30.288+0900][23.230s][info][gc,phases   ] GC(648)   Evacuate Collection Set: 0.2ms
[2026-03-25T21:45:30.288+0900][23.230s][info][gc,phases   ] GC(648)   Post Evacuate Collection Set: 0.1ms
[2026-03-25T21:45:30.288+0900][23.230s][info][gc,phases   ] GC(648)   Other: 0.2ms
[2026-03-25T21:45:30.288+0900][23.230s][info][gc,heap     ] GC(648) Eden regions: 1->0(24)
[2026-03-25T21:45:30.288+0900][23.230s][info][gc,heap     ] GC(648) Survivor regions: 1->1(4)
[2026-03-25T21:45:30.288+0900][23.230s][info][gc,heap     ] GC(648) Old regions: 1->1
[2026-03-25T21:45:30.288+0900][23.230s][info][gc,heap     ] GC(648) Archive regions: 2->2
[2026-03-25T21:45:30.288+0900][23.230s][info][gc,heap     ] GC(648) Humongous regions: 501->501
[2026-03-25T21:45:30.288+0900][23.230s][info][gc,metaspace] GC(648) Metaspace: 178K(384K)->178K(384K) NonClass: 172K(256K)->172K(256K) Class: 5K(128K)->5K(128K)
[2026-03-25T21:45:30.288+0900][23.230s][info][gc          ] GC(648) Pause Young (Concurrent Start) (G1 Humongous Allocation) 502M->502M(512M) 0.961ms
[2026-03-25T21:45:30.288+0900][23.230s][info][gc,cpu      ] GC(648) User=0.00s Sys=0.00s Real=0.00s
[2026-03-25T21:45:30.288+0900][23.230s][info][gc          ] GC(649) Concurrent Mark Cycle
[2026-03-25T21:45:30.288+0900][23.230s][info][gc,marking  ] GC(649) Concurrent Clear Claimed Marks
[2026-03-25T21:45:30.288+0900][23.230s][info][gc,marking  ] GC(649) Concurrent Clear Claimed Marks 0.014ms
[2026-03-25T21:45:30.288+0900][23.230s][info][gc,marking  ] GC(649) Concurrent Scan Root Regions
[2026-03-25T21:45:30.288+0900][23.230s][info][gc,marking  ] GC(649) Concurrent Scan Root Regions 0.050ms
[2026-03-25T21:45:30.288+0900][23.230s][info][gc,marking  ] GC(649) Concurrent Mark
[2026-03-25T21:45:30.288+0900][23.230s][info][gc,marking  ] GC(649) Concurrent Mark From Roots
[2026-03-25T21:45:30.288+0900][23.230s][info][gc,task     ] GC(649) Using 2 workers of 2 for marking
[2026-03-25T21:45:30.291+0900][23.233s][info][gc,marking  ] GC(649) Concurrent Mark From Roots 2.877ms
[2026-03-25T21:45:30.291+0900][23.233s][info][gc,marking  ] GC(649) Concurrent Preclean
[2026-03-25T21:45:30.291+0900][23.233s][info][gc,marking  ] GC(649) Concurrent Preclean 0.047ms
[2026-03-25T21:45:30.291+0900][23.233s][info][gc,start    ] GC(649) Pause Remark
[2026-03-25T21:45:30.292+0900][23.234s][info][gc          ] GC(649) Pause Remark 505M->505M(512M) 0.407ms
[2026-03-25T21:45:30.292+0900][23.234s][info][gc,cpu      ] GC(649) User=0.00s Sys=0.00s Real=0.00s
[2026-03-25T21:45:30.292+0900][23.234s][info][gc,marking  ] GC(649) Concurrent Mark 3.533ms
[2026-03-25T21:45:30.292+0900][23.234s][info][gc,marking  ] GC(649) Concurrent Rebuild Remembered Sets
[2026-03-25T21:45:30.292+0900][23.235s][info][gc,marking  ] GC(649) Concurrent Rebuild Remembered Sets 0.823ms
[2026-03-25T21:45:30.293+0900][23.235s][info][gc,start    ] GC(649) Pause Cleanup
[2026-03-25T21:45:30.293+0900][23.235s][info][gc          ] GC(649) Pause Cleanup 505M->505M(512M) 0.155ms
[2026-03-25T21:45:30.293+0900][23.235s][info][gc,cpu      ] GC(649) User=0.00s Sys=0.00s Real=0.00s
[2026-03-25T21:45:30.293+0900][23.235s][info][gc,marking  ] GC(649) Concurrent Cleanup for Next Mark
[2026-03-25T21:45:30.293+0900][23.236s][info][gc,marking  ] GC(649) Concurrent Cleanup for Next Mark 0.509ms
[2026-03-25T21:45:30.293+0900][23.236s][info][gc          ] GC(649) Concurrent Mark Cycle 5.441ms
[2026-03-25T21:45:30.340+0900][23.282s][info][gc,start    ] GC(650) Pause Young (Concurrent Start) (G1 Humongous Allocation)
[2026-03-25T21:45:30.340+0900][23.282s][info][gc,task     ] GC(650) Using 8 workers of 8 for evacuation
[2026-03-25T21:45:30.342+0900][23.284s][info][gc,phases   ] GC(650)   Pre Evacuate Collection Set: 0.2ms
[2026-03-25T21:45:30.342+0900][23.284s][info][gc,phases   ] GC(650)   Merge Heap Roots: 0.3ms
[2026-03-25T21:45:30.342+0900][23.284s][info][gc,phases   ] GC(650)   Evacuate Collection Set: 0.5ms
[2026-03-25T21:45:30.342+0900][23.284s][info][gc,phases   ] GC(650)   Post Evacuate Collection Set: 0.3ms
[2026-03-25T21:45:30.342+0900][23.284s][info][gc,phases   ] GC(650)   Other: 0.4ms
[2026-03-25T21:45:30.342+0900][23.284s][info][gc,heap     ] GC(650) Eden regions: 1->0(24)
[2026-03-25T21:45:30.342+0900][23.284s][info][gc,heap     ] GC(650) Survivor regions: 1->1(3)
[2026-03-25T21:45:30.342+0900][23.284s][info][gc,heap     ] GC(650) Old regions: 1->1
[2026-03-25T21:45:30.342+0900][23.284s][info][gc,heap     ] GC(650) Archive regions: 2->2
[2026-03-25T21:45:30.342+0900][23.284s][info][gc,heap     ] GC(650) Humongous regions: 504->504
[2026-03-25T21:45:30.342+0900][23.284s][info][gc,metaspace] GC(650) Metaspace: 178K(384K)->178K(384K) NonClass: 172K(256K)->172K(256K) Class: 5K(128K)->5K(128K)
[2026-03-25T21:45:30.342+0900][23.284s][info][gc          ] GC(650) Pause Young (Concurrent Start) (G1 Humongous Allocation) 505M->505M(512M) 2.178ms
[2026-03-25T21:45:30.342+0900][23.285s][info][gc,cpu      ] GC(650) User=0.00s Sys=0.01s Real=0.00s
[2026-03-25T21:45:30.342+0900][23.285s][info][gc          ] GC(651) Concurrent Mark Cycle
[2026-03-25T21:45:30.342+0900][23.285s][info][gc,marking  ] GC(651) Concurrent Clear Claimed Marks
[2026-03-25T21:45:30.342+0900][23.285s][info][gc,marking  ] GC(651) Concurrent Clear Claimed Marks 0.058ms
[2026-03-25T21:45:30.343+0900][23.285s][info][gc,marking  ] GC(651) Concurrent Scan Root Regions
[2026-03-25T21:45:30.343+0900][23.285s][info][gc,marking  ] GC(651) Concurrent Scan Root Regions 0.074ms
[2026-03-25T21:45:30.343+0900][23.285s][info][gc,marking  ] GC(651) Concurrent Mark
[2026-03-25T21:45:30.343+0900][23.286s][info][gc,marking  ] GC(651) Concurrent Mark From Roots
[2026-03-25T21:45:30.343+0900][23.286s][info][gc,task     ] GC(651) Using 2 workers of 2 for marking
[2026-03-25T21:45:30.346+0900][23.288s][info][gc,marking  ] GC(651) Concurrent Mark From Roots 2.599ms
[2026-03-25T21:45:30.346+0900][23.288s][info][gc,marking  ] GC(651) Concurrent Preclean
[2026-03-25T21:45:30.346+0900][23.288s][info][gc,marking  ] GC(651) Concurrent Preclean 0.041ms
[2026-03-25T21:45:30.346+0900][23.288s][info][gc,start    ] GC(651) Pause Remark
[2026-03-25T21:45:30.346+0900][23.289s][info][gc          ] GC(651) Pause Remark 506M->506M(512M) 0.374ms
[2026-03-25T21:45:30.346+0900][23.289s][info][gc,cpu      ] GC(651) User=0.00s Sys=0.00s Real=0.00s
[2026-03-25T21:45:30.346+0900][23.289s][info][gc,marking  ] GC(651) Concurrent Mark 3.210ms
[2026-03-25T21:45:30.346+0900][23.289s][info][gc,marking  ] GC(651) Concurrent Rebuild Remembered Sets
[2026-03-25T21:45:30.347+0900][23.289s][info][gc,marking  ] GC(651) Concurrent Rebuild Remembered Sets 0.687ms
[2026-03-25T21:45:30.347+0900][23.289s][info][gc,start    ] GC(651) Pause Cleanup
[2026-03-25T21:45:30.347+0900][23.290s][info][gc          ] GC(651) Pause Cleanup 506M->506M(512M) 0.077ms
[2026-03-25T21:45:30.347+0900][23.290s][info][gc,cpu      ] GC(651) User=0.00s Sys=0.00s Real=0.00s
[2026-03-25T21:45:30.347+0900][23.290s][info][gc,marking  ] GC(651) Concurrent Cleanup for Next Mark
[2026-03-25T21:45:30.348+0900][23.290s][info][gc,marking  ] GC(651) Concurrent Cleanup for Next Mark 0.376ms
[2026-03-25T21:45:30.348+0900][23.290s][info][gc          ] GC(651) Concurrent Mark Cycle 5.464ms
[2026-03-25T21:45:30.394+0900][23.337s][info][gc,start    ] GC(652) Pause Young (Concurrent Start) (G1 Humongous Allocation)
[2026-03-25T21:45:30.395+0900][23.337s][info][gc,task     ] GC(652) Using 8 workers of 8 for evacuation
[2026-03-25T21:45:30.396+0900][23.338s][info][gc,phases   ] GC(652)   Pre Evacuate Collection Set: 0.2ms
[2026-03-25T21:45:30.396+0900][23.338s][info][gc,phases   ] GC(652)   Merge Heap Roots: 0.3ms
[2026-03-25T21:45:30.396+0900][23.338s][info][gc,phases   ] GC(652)   Evacuate Collection Set: 0.3ms
[2026-03-25T21:45:30.396+0900][23.338s][info][gc,phases   ] GC(652)   Post Evacuate Collection Set: 0.2ms
[2026-03-25T21:45:30.396+0900][23.338s][info][gc,phases   ] GC(652)   Other: 0.3ms
[2026-03-25T21:45:30.396+0900][23.338s][info][gc,heap     ] GC(652) Eden regions: 1->0(24)
[2026-03-25T21:45:30.396+0900][23.338s][info][gc,heap     ] GC(652) Survivor regions: 1->1(2)
[2026-03-25T21:45:30.396+0900][23.338s][info][gc,heap     ] GC(652) Old regions: 1->1
[2026-03-25T21:45:30.396+0900][23.338s][info][gc,heap     ] GC(652) Archive regions: 2->2
[2026-03-25T21:45:30.396+0900][23.338s][info][gc,heap     ] GC(652) Humongous regions: 505->505
[2026-03-25T21:45:30.396+0900][23.338s][info][gc,metaspace] GC(652) Metaspace: 178K(384K)->178K(384K) NonClass: 172K(256K)->172K(256K) Class: 5K(128K)->5K(128K)
[2026-03-25T21:45:30.396+0900][23.338s][info][gc          ] GC(652) Pause Young (Concurrent Start) (G1 Humongous Allocation) 506M->506M(512M) 1.694ms
[2026-03-25T21:45:30.396+0900][23.338s][info][gc,cpu      ] GC(652) User=0.01s Sys=0.00s Real=0.00s
[2026-03-25T21:45:30.396+0900][23.339s][info][gc          ] GC(653) Concurrent Mark Cycle
[2026-03-25T21:45:30.396+0900][23.339s][info][gc,marking  ] GC(653) Concurrent Clear Claimed Marks
[2026-03-25T21:45:30.396+0900][23.339s][info][gc,marking  ] GC(653) Concurrent Clear Claimed Marks 0.030ms
[2026-03-25T21:45:30.396+0900][23.339s][info][gc,marking  ] GC(653) Concurrent Scan Root Regions
[2026-03-25T21:45:30.396+0900][23.339s][info][gc,marking  ] GC(653) Concurrent Scan Root Regions 0.056ms
[2026-03-25T21:45:30.396+0900][23.339s][info][gc,marking  ] GC(653) Concurrent Mark
[2026-03-25T21:45:30.396+0900][23.339s][info][gc,marking  ] GC(653) Concurrent Mark From Roots
[2026-03-25T21:45:30.396+0900][23.339s][info][gc,task     ] GC(653) Using 2 workers of 2 for marking
[2026-03-25T21:45:30.399+0900][23.341s][info][gc,marking  ] GC(653) Concurrent Mark From Roots 2.475ms
[2026-03-25T21:45:30.399+0900][23.341s][info][gc,marking  ] GC(653) Concurrent Preclean
[2026-03-25T21:45:30.399+0900][23.341s][info][gc,marking  ] GC(653) Concurrent Preclean 0.045ms
[2026-03-25T21:45:30.399+0900][23.341s][info][gc,start    ] GC(653) Pause Remark
[2026-03-25T21:45:30.399+0900][23.342s][info][gc          ] GC(653) Pause Remark 507M->507M(512M) 0.332ms
[2026-03-25T21:45:30.399+0900][23.342s][info][gc,cpu      ] GC(653) User=0.00s Sys=0.00s Real=0.00s
[2026-03-25T21:45:30.399+0900][23.342s][info][gc,marking  ] GC(653) Concurrent Mark 3.005ms
[2026-03-25T21:45:30.399+0900][23.342s][info][gc,marking  ] GC(653) Concurrent Rebuild Remembered Sets
[2026-03-25T21:45:30.400+0900][23.343s][info][gc,marking  ] GC(653) Concurrent Rebuild Remembered Sets 0.800ms
[2026-03-25T21:45:30.400+0900][23.343s][info][gc,start    ] GC(653) Pause Cleanup
[2026-03-25T21:45:30.400+0900][23.343s][info][gc          ] GC(653) Pause Cleanup 507M->507M(512M) 0.104ms
[2026-03-25T21:45:30.400+0900][23.343s][info][gc,cpu      ] GC(653) User=0.00s Sys=0.00s Real=0.00s
[2026-03-25T21:45:30.400+0900][23.343s][info][gc,marking  ] GC(653) Concurrent Cleanup for Next Mark
[2026-03-25T21:45:30.401+0900][23.343s][info][gc,marking  ] GC(653) Concurrent Cleanup for Next Mark 0.389ms
[2026-03-25T21:45:30.401+0900][23.343s][info][gc          ] GC(653) Concurrent Mark Cycle 4.707ms
[2026-03-25T21:45:30.451+0900][23.394s][info][gc,start    ] GC(654) Pause Young (Concurrent Start) (G1 Humongous Allocation)
[2026-03-25T21:45:30.451+0900][23.394s][info][gc,task     ] GC(654) Using 8 workers of 8 for evacuation
[2026-03-25T21:45:30.453+0900][23.395s][info][gc,phases   ] GC(654)   Pre Evacuate Collection Set: 0.3ms
[2026-03-25T21:45:30.453+0900][23.395s][info][gc,phases   ] GC(654)   Merge Heap Roots: 0.3ms
[2026-03-25T21:45:30.453+0900][23.395s][info][gc,phases   ] GC(654)   Evacuate Collection Set: 0.3ms
[2026-03-25T21:45:30.453+0900][23.395s][info][gc,phases   ] GC(654)   Post Evacuate Collection Set: 0.2ms
[2026-03-25T21:45:30.453+0900][23.395s][info][gc,phases   ] GC(654)   Other: 0.4ms
[2026-03-25T21:45:30.453+0900][23.395s][info][gc,heap     ] GC(654) Eden regions: 1->0(24)
[2026-03-25T21:45:30.453+0900][23.395s][info][gc,heap     ] GC(654) Survivor regions: 1->1(1)
[2026-03-25T21:45:30.453+0900][23.395s][info][gc,heap     ] GC(654) Old regions: 1->1
[2026-03-25T21:45:30.453+0900][23.395s][info][gc,heap     ] GC(654) Archive regions: 2->2
[2026-03-25T21:45:30.453+0900][23.395s][info][gc,heap     ] GC(654) Humongous regions: 506->506
[2026-03-25T21:45:30.453+0900][23.395s][info][gc,metaspace] GC(654) Metaspace: 178K(384K)->178K(384K) NonClass: 172K(256K)->172K(256K) Class: 5K(128K)->5K(128K)
[2026-03-25T21:45:30.453+0900][23.395s][info][gc          ] GC(654) Pause Young (Concurrent Start) (G1 Humongous Allocation) 507M->507M(512M) 1.866ms
[2026-03-25T21:45:30.453+0900][23.396s][info][gc,cpu      ] GC(654) User=0.01s Sys=0.00s Real=0.00s
[2026-03-25T21:45:30.453+0900][23.396s][info][gc          ] GC(655) Concurrent Mark Cycle
[2026-03-25T21:45:30.453+0900][23.396s][info][gc,marking  ] GC(655) Concurrent Clear Claimed Marks
[2026-03-25T21:45:30.453+0900][23.396s][info][gc,marking  ] GC(655) Concurrent Clear Claimed Marks 0.032ms
[2026-03-25T21:45:30.453+0900][23.396s][info][gc,marking  ] GC(655) Concurrent Scan Root Regions
[2026-03-25T21:45:30.453+0900][23.396s][info][gc,marking  ] GC(655) Concurrent Scan Root Regions 0.078ms
[2026-03-25T21:45:30.453+0900][23.396s][info][gc,marking  ] GC(655) Concurrent Mark
[2026-03-25T21:45:30.453+0900][23.396s][info][gc,marking  ] GC(655) Concurrent Mark From Roots
[2026-03-25T21:45:30.454+0900][23.396s][info][gc,task     ] GC(655) Using 2 workers of 2 for marking
[2026-03-25T21:45:30.456+0900][23.398s][info][gc,marking  ] GC(655) Concurrent Mark From Roots 2.655ms
[2026-03-25T21:45:30.456+0900][23.399s][info][gc,marking  ] GC(655) Concurrent Preclean
[2026-03-25T21:45:30.456+0900][23.399s][info][gc,marking  ] GC(655) Concurrent Preclean 0.047ms
[2026-03-25T21:45:30.456+0900][23.399s][info][gc,start    ] GC(655) Pause Remark
[2026-03-25T21:45:30.457+0900][23.399s][info][gc          ] GC(655) Pause Remark 508M->508M(512M) 0.488ms
[2026-03-25T21:45:30.457+0900][23.399s][info][gc,cpu      ] GC(655) User=0.00s Sys=0.00s Real=0.00s
[2026-03-25T21:45:30.457+0900][23.399s][info][gc,marking  ] GC(655) Concurrent Mark 3.385ms
[2026-03-25T21:45:30.457+0900][23.399s][info][gc,marking  ] GC(655) Concurrent Rebuild Remembered Sets
[2026-03-25T21:45:30.458+0900][23.400s][info][gc,marking  ] GC(655) Concurrent Rebuild Remembered Sets 0.984ms
[2026-03-25T21:45:30.458+0900][23.400s][info][gc,start    ] GC(655) Pause Cleanup
[2026-03-25T21:45:30.458+0900][23.400s][info][gc          ] GC(655) Pause Cleanup 508M->508M(512M) 0.112ms
[2026-03-25T21:45:30.458+0900][23.400s][info][gc,cpu      ] GC(655) User=0.00s Sys=0.00s Real=0.00s
[2026-03-25T21:45:30.458+0900][23.400s][info][gc,marking  ] GC(655) Concurrent Cleanup for Next Mark
[2026-03-25T21:45:30.462+0900][23.404s][info][gc,marking  ] GC(655) Concurrent Cleanup for Next Mark 3.489ms
[2026-03-25T21:45:30.462+0900][23.404s][info][gc          ] GC(655) Concurrent Mark Cycle 8.502ms
[2026-03-25T21:45:30.508+0900][23.451s][info][gc,start    ] GC(656) Pause Young (Normal) (G1 Preventive Collection)
[2026-03-25T21:45:30.509+0900][23.451s][info][gc,task     ] GC(656) Using 8 workers of 8 for evacuation
[2026-03-25T21:45:30.510+0900][23.452s][info][gc,phases   ] GC(656)   Pre Evacuate Collection Set: 0.2ms
[2026-03-25T21:45:30.510+0900][23.452s][info][gc,phases   ] GC(656)   Merge Heap Roots: 0.3ms
[2026-03-25T21:45:30.510+0900][23.452s][info][gc,phases   ] GC(656)   Evacuate Collection Set: 0.2ms
[2026-03-25T21:45:30.510+0900][23.452s][info][gc,phases   ] GC(656)   Post Evacuate Collection Set: 0.2ms
[2026-03-25T21:45:30.510+0900][23.452s][info][gc,phases   ] GC(656)   Other: 0.3ms
[2026-03-25T21:45:30.510+0900][23.452s][info][gc,heap     ] GC(656) Eden regions: 0->0(25)
[2026-03-25T21:45:30.510+0900][23.452s][info][gc,heap     ] GC(656) Survivor regions: 1->0(1)
[2026-03-25T21:45:30.510+0900][23.452s][info][gc,heap     ] GC(656) Old regions: 1->1
[2026-03-25T21:45:30.510+0900][23.452s][info][gc,heap     ] GC(656) Archive regions: 2->2
[2026-03-25T21:45:30.510+0900][23.452s][info][gc,heap     ] GC(656) Humongous regions: 507->507
[2026-03-25T21:45:30.510+0900][23.452s][info][gc,metaspace] GC(656) Metaspace: 178K(384K)->178K(384K) NonClass: 172K(256K)->172K(256K) Class: 5K(128K)->5K(128K)
[2026-03-25T21:45:30.510+0900][23.452s][info][gc          ] GC(656) Pause Young (Normal) (G1 Preventive Collection) 508M->508M(512M) 1.482ms
[2026-03-25T21:45:30.510+0900][23.452s][info][gc,cpu      ] GC(656) User=0.01s Sys=0.00s Real=0.01s
[2026-03-25T21:45:30.510+0900][23.452s][info][gc,start    ] GC(657) Pause Young (Concurrent Start) (G1 Humongous Allocation)
[2026-03-25T21:45:30.510+0900][23.452s][info][gc,task     ] GC(657) Using 8 workers of 8 for evacuation
[2026-03-25T21:45:30.510+0900][23.453s][info][gc,phases   ] GC(657)   Pre Evacuate Collection Set: 0.1ms
[2026-03-25T21:45:30.510+0900][23.453s][info][gc,phases   ] GC(657)   Merge Heap Roots: 0.0ms
[2026-03-25T21:45:30.510+0900][23.453s][info][gc,phases   ] GC(657)   Evacuate Collection Set: 0.2ms
[2026-03-25T21:45:30.510+0900][23.453s][info][gc,phases   ] GC(657)   Post Evacuate Collection Set: 0.1ms
[2026-03-25T21:45:30.510+0900][23.453s][info][gc,phases   ] GC(657)   Other: 0.1ms
[2026-03-25T21:45:30.510+0900][23.453s][info][gc,heap     ] GC(657) Eden regions: 1->0(24)
[2026-03-25T21:45:30.511+0900][23.453s][info][gc,heap     ] GC(657) Survivor regions: 0->1(1)
[2026-03-25T21:45:30.511+0900][23.453s][info][gc,heap     ] GC(657) Old regions: 1->1
[2026-03-25T21:45:30.511+0900][23.453s][info][gc,heap     ] GC(657) Archive regions: 2->2
[2026-03-25T21:45:30.511+0900][23.453s][info][gc,heap     ] GC(657) Humongous regions: 507->507
[2026-03-25T21:45:30.511+0900][23.453s][info][gc,metaspace] GC(657) Metaspace: 178K(384K)->178K(384K) NonClass: 172K(256K)->172K(256K) Class: 5K(128K)->5K(128K)
[2026-03-25T21:45:30.511+0900][23.453s][info][gc          ] GC(657) Pause Young (Concurrent Start) (G1 Humongous Allocation) 508M->508M(512M) 0.662ms
[2026-03-25T21:45:30.511+0900][23.453s][info][gc,cpu      ] GC(657) User=0.00s Sys=0.00s Real=0.00s
[2026-03-25T21:45:30.511+0900][23.453s][info][gc          ] GC(658) Concurrent Mark Cycle
[2026-03-25T21:45:30.511+0900][23.453s][info][gc,marking  ] GC(658) Concurrent Clear Claimed Marks
[2026-03-25T21:45:30.511+0900][23.453s][info][gc,marking  ] GC(658) Concurrent Clear Claimed Marks 0.014ms
[2026-03-25T21:45:30.511+0900][23.453s][info][gc,marking  ] GC(658) Concurrent Scan Root Regions
[2026-03-25T21:45:30.511+0900][23.453s][info][gc,marking  ] GC(658) Concurrent Scan Root Regions 0.044ms
[2026-03-25T21:45:30.511+0900][23.453s][info][gc,marking  ] GC(658) Concurrent Mark
[2026-03-25T21:45:30.511+0900][23.453s][info][gc,start    ] GC(659) Pause Young (Normal) (G1 Preventive Collection)
[2026-03-25T21:45:30.511+0900][23.453s][info][gc,marking  ] GC(658) Concurrent Mark From Roots
[2026-03-25T21:45:30.511+0900][23.453s][info][gc,task     ] GC(659) Using 8 workers of 8 for evacuation
[2026-03-25T21:45:30.511+0900][23.453s][info][gc,task     ] GC(658) Using 2 workers of 2 for marking
[2026-03-25T21:45:30.511+0900][23.454s][info][gc,phases   ] GC(659)   Pre Evacuate Collection Set: 0.2ms
[2026-03-25T21:45:30.511+0900][23.454s][info][gc,phases   ] GC(659)   Merge Heap Roots: 0.0ms
[2026-03-25T21:45:30.511+0900][23.454s][info][gc,phases   ] GC(659)   Evacuate Collection Set: 0.1ms
[2026-03-25T21:45:30.511+0900][23.454s][info][gc,phases   ] GC(659)   Post Evacuate Collection Set: 0.1ms
[2026-03-25T21:45:30.511+0900][23.454s][info][gc,phases   ] GC(659)   Other: 0.1ms
[2026-03-25T21:45:30.511+0900][23.454s][info][gc,heap     ] GC(659) Eden regions: 0->0(24)
[2026-03-25T21:45:30.511+0900][23.454s][info][gc,heap     ] GC(659) Survivor regions: 1->1(1)
[2026-03-25T21:45:30.511+0900][23.454s][info][gc,heap     ] GC(659) Old regions: 1->1
[2026-03-25T21:45:30.511+0900][23.454s][info][gc,heap     ] GC(659) Archive regions: 2->2
[2026-03-25T21:45:30.511+0900][23.454s][info][gc,heap     ] GC(659) Humongous regions: 507->507
[2026-03-25T21:45:30.511+0900][23.454s][info][gc,metaspace] GC(659) Metaspace: 178K(384K)->178K(384K) NonClass: 172K(256K)->172K(256K) Class: 5K(128K)->5K(128K)
[2026-03-25T21:45:30.511+0900][23.454s][info][gc          ] GC(659) Pause Young (Normal) (G1 Preventive Collection) 508M->508M(512M) 0.645ms
[2026-03-25T21:45:30.511+0900][23.454s][info][gc,cpu      ] GC(659) User=0.00s Sys=0.00s Real=0.00s
[2026-03-25T21:45:30.513+0900][23.456s][info][gc,marking  ] GC(658) Concurrent Mark From Roots 2.493ms
[2026-03-25T21:45:30.513+0900][23.456s][info][gc,marking  ] GC(658) Concurrent Preclean
[2026-03-25T21:45:30.513+0900][23.456s][info][gc,marking  ] GC(658) Concurrent Preclean 0.042ms
[2026-03-25T21:45:30.513+0900][23.456s][info][gc,start    ] GC(658) Pause Remark
[2026-03-25T21:45:30.514+0900][23.456s][info][gc          ] GC(658) Pause Remark 509M->509M(512M) 0.305ms
[2026-03-25T21:45:30.514+0900][23.456s][info][gc,cpu      ] GC(658) User=0.00s Sys=0.00s Real=0.00s
[2026-03-25T21:45:30.514+0900][23.456s][info][gc,marking  ] GC(658) Concurrent Mark 3.024ms
[2026-03-25T21:45:30.514+0900][23.456s][info][gc,marking  ] GC(658) Concurrent Rebuild Remembered Sets
[2026-03-25T21:45:30.514+0900][23.457s][info][gc,marking  ] GC(658) Concurrent Rebuild Remembered Sets 0.667ms
[2026-03-25T21:45:30.514+0900][23.457s][info][gc,start    ] GC(658) Pause Cleanup
[2026-03-25T21:45:30.515+0900][23.457s][info][gc          ] GC(658) Pause Cleanup 509M->509M(512M) 0.072ms
[2026-03-25T21:45:30.515+0900][23.457s][info][gc,cpu      ] GC(658) User=0.00s Sys=0.00s Real=0.00s
[2026-03-25T21:45:30.515+0900][23.457s][info][gc,marking  ] GC(658) Concurrent Cleanup for Next Mark
[2026-03-25T21:45:30.515+0900][23.457s][info][gc,marking  ] GC(658) Concurrent Cleanup for Next Mark 0.514ms
[2026-03-25T21:45:30.515+0900][23.458s][info][gc          ] GC(658) Concurrent Mark Cycle 4.571ms
[2026-03-25T21:45:30.563+0900][23.505s][info][gc,start    ] GC(660) Pause Young (Normal) (G1 Evacuation Pause)
[2026-03-25T21:45:30.563+0900][23.505s][info][gc,task     ] GC(660) Using 8 workers of 8 for evacuation
[2026-03-25T21:45:30.566+0900][23.508s][info][gc,phases   ] GC(660)   Pre Evacuate Collection Set: 0.2ms
[2026-03-25T21:45:30.566+0900][23.508s][info][gc,phases   ] GC(660)   Merge Heap Roots: 0.7ms
[2026-03-25T21:45:30.566+0900][23.508s][info][gc,phases   ] GC(660)   Evacuate Collection Set: 0.3ms
[2026-03-25T21:45:30.566+0900][23.508s][info][gc,phases   ] GC(660)   Post Evacuate Collection Set: 1.3ms
[2026-03-25T21:45:30.566+0900][23.508s][info][gc,phases   ] GC(660)   Other: 0.2ms
[2026-03-25T21:45:30.566+0900][23.508s][info][gc,heap     ] GC(660) Eden regions: 0->0(25)
[2026-03-25T21:45:30.566+0900][23.508s][info][gc,heap     ] GC(660) Survivor regions: 1->0(0)
[2026-03-25T21:45:30.566+0900][23.508s][info][gc,heap     ] GC(660) Old regions: 1->1
[2026-03-25T21:45:30.566+0900][23.508s][info][gc,heap     ] GC(660) Archive regions: 2->2
[2026-03-25T21:45:30.566+0900][23.508s][info][gc,heap     ] GC(660) Humongous regions: 508->508
[2026-03-25T21:45:30.566+0900][23.508s][info][gc,metaspace] GC(660) Metaspace: 178K(384K)->178K(384K) NonClass: 172K(256K)->172K(256K) Class: 5K(128K)->5K(128K)
[2026-03-25T21:45:30.566+0900][23.508s][info][gc          ] GC(660) Pause Young (Normal) (G1 Evacuation Pause) 509M->509M(512M) 2.966ms
[2026-03-25T21:45:30.566+0900][23.508s][info][gc,cpu      ] GC(660) User=0.00s Sys=0.00s Real=0.00s
[2026-03-25T21:45:30.566+0900][23.508s][info][gc,start    ] GC(661) Pause Young (Concurrent Start) (G1 Humongous Allocation)
[2026-03-25T21:45:30.566+0900][23.508s][info][gc,task     ] GC(661) Using 8 workers of 8 for evacuation
[2026-03-25T21:45:30.567+0900][23.509s][info][gc,phases   ] GC(661)   Pre Evacuate Collection Set: 0.2ms
[2026-03-25T21:45:30.567+0900][23.509s][info][gc,phases   ] GC(661)   Merge Heap Roots: 0.0ms
[2026-03-25T21:45:30.567+0900][23.509s][info][gc,phases   ] GC(661)   Evacuate Collection Set: 0.2ms
[2026-03-25T21:45:30.567+0900][23.509s][info][gc,phases   ] GC(661)   Post Evacuate Collection Set: 0.1ms
[2026-03-25T21:45:30.567+0900][23.509s][info][gc,phases   ] GC(661)   Other: 0.2ms
[2026-03-25T21:45:30.567+0900][23.509s][info][gc,heap     ] GC(661) Eden regions: 1->0(25)
[2026-03-25T21:45:30.567+0900][23.509s][info][gc,heap     ] GC(661) Survivor regions: 0->0(0)
[2026-03-25T21:45:30.567+0900][23.509s][info][gc,heap     ] GC(661) Old regions: 1->1
[2026-03-25T21:45:30.567+0900][23.509s][info][gc,heap     ] GC(661) Archive regions: 2->2
[2026-03-25T21:45:30.567+0900][23.509s][info][gc,heap     ] GC(661) Humongous regions: 508->508
[2026-03-25T21:45:30.567+0900][23.509s][info][gc,metaspace] GC(661) Metaspace: 178K(384K)->178K(384K) NonClass: 172K(256K)->172K(256K) Class: 5K(128K)->5K(128K)
[2026-03-25T21:45:30.567+0900][23.509s][info][gc          ] GC(661) Pause Young (Concurrent Start) (G1 Humongous Allocation) 509M->509M(512M) 0.919ms
[2026-03-25T21:45:30.567+0900][23.509s][info][gc,cpu      ] GC(661) User=0.00s Sys=0.00s Real=0.00s
[2026-03-25T21:45:30.567+0900][23.509s][info][gc          ] GC(662) Concurrent Mark Cycle
[2026-03-25T21:45:30.567+0900][23.509s][info][gc,marking  ] GC(662) Concurrent Clear Claimed Marks
[2026-03-25T21:45:30.567+0900][23.509s][info][gc,marking  ] GC(662) Concurrent Clear Claimed Marks 0.018ms
[2026-03-25T21:45:30.567+0900][23.509s][info][gc,marking  ] GC(662) Concurrent Scan Root Regions
[2026-03-25T21:45:30.567+0900][23.509s][info][gc,marking  ] GC(662) Concurrent Scan Root Regions 0.042ms
[2026-03-25T21:45:30.567+0900][23.509s][info][gc,marking  ] GC(662) Concurrent Mark
[2026-03-25T21:45:30.567+0900][23.509s][info][gc,marking  ] GC(662) Concurrent Mark From Roots
[2026-03-25T21:45:30.567+0900][23.510s][info][gc,task     ] GC(662) Using 2 workers of 2 for marking
[2026-03-25T21:45:30.569+0900][23.511s][info][gc,marking  ] GC(662) Concurrent Mark From Roots 1.905ms
[2026-03-25T21:45:30.569+0900][23.511s][info][gc,marking  ] GC(662) Concurrent Preclean
[2026-03-25T21:45:30.569+0900][23.512s][info][gc,marking  ] GC(662) Concurrent Preclean 0.046ms
[2026-03-25T21:45:30.569+0900][23.512s][info][gc,start    ] GC(662) Pause Remark
[2026-03-25T21:45:30.570+0900][23.512s][info][gc          ] GC(662) Pause Remark 510M->510M(512M) 0.440ms
[2026-03-25T21:45:30.570+0900][23.512s][info][gc,cpu      ] GC(662) User=0.00s Sys=0.00s Real=0.01s
[2026-03-25T21:45:30.570+0900][23.512s][info][gc,marking  ] GC(662) Concurrent Mark 2.657ms
[2026-03-25T21:45:30.570+0900][23.512s][info][gc,marking  ] GC(662) Concurrent Rebuild Remembered Sets
[2026-03-25T21:45:30.571+0900][23.513s][info][gc,marking  ] GC(662) Concurrent Rebuild Remembered Sets 0.798ms
[2026-03-25T21:45:30.571+0900][23.513s][info][gc,start    ] GC(662) Pause Cleanup
[2026-03-25T21:45:30.571+0900][23.513s][info][gc          ] GC(662) Pause Cleanup 510M->510M(512M) 0.119ms
[2026-03-25T21:45:30.571+0900][23.513s][info][gc,cpu      ] GC(662) User=0.00s Sys=0.00s Real=0.00s
[2026-03-25T21:45:30.571+0900][23.513s][info][gc,marking  ] GC(662) Concurrent Cleanup for Next Mark
[2026-03-25T21:45:30.571+0900][23.514s][info][gc,marking  ] GC(662) Concurrent Cleanup for Next Mark 0.414ms
[2026-03-25T21:45:30.571+0900][23.514s][info][gc          ] GC(662) Concurrent Mark Cycle 4.281ms
[2026-03-25T21:45:30.621+0900][23.563s][info][gc,start    ] GC(663) Pause Young (Normal) (G1 Evacuation Pause)
[2026-03-25T21:45:30.621+0900][23.563s][info][gc,task     ] GC(663) Using 8 workers of 8 for evacuation
[2026-03-25T21:45:30.622+0900][23.564s][info][gc,phases   ] GC(663)   Pre Evacuate Collection Set: 0.1ms
[2026-03-25T21:45:30.622+0900][23.564s][info][gc,phases   ] GC(663)   Merge Heap Roots: 0.2ms
[2026-03-25T21:45:30.622+0900][23.564s][info][gc,phases   ] GC(663)   Evacuate Collection Set: 0.1ms
[2026-03-25T21:45:30.622+0900][23.564s][info][gc,phases   ] GC(663)   Post Evacuate Collection Set: 0.1ms
[2026-03-25T21:45:30.622+0900][23.564s][info][gc,phases   ] GC(663)   Other: 0.2ms
[2026-03-25T21:45:30.622+0900][23.564s][info][gc,heap     ] GC(663) Eden regions: 0->0(25)
[2026-03-25T21:45:30.622+0900][23.564s][info][gc,heap     ] GC(663) Survivor regions: 0->0(0)
[2026-03-25T21:45:30.622+0900][23.564s][info][gc,heap     ] GC(663) Old regions: 1->1
[2026-03-25T21:45:30.622+0900][23.564s][info][gc,heap     ] GC(663) Archive regions: 2->2
[2026-03-25T21:45:30.622+0900][23.564s][info][gc,heap     ] GC(663) Humongous regions: 509->509
[2026-03-25T21:45:30.622+0900][23.564s][info][gc,metaspace] GC(663) Metaspace: 178K(384K)->178K(384K) NonClass: 172K(256K)->172K(256K) Class: 5K(128K)->5K(128K)
[2026-03-25T21:45:30.622+0900][23.564s][info][gc          ] GC(663) Pause Young (Normal) (G1 Evacuation Pause) 510M->510M(512M) 1.003ms
[2026-03-25T21:45:30.622+0900][23.564s][info][gc,cpu      ] GC(663) User=0.00s Sys=0.00s Real=0.00s
[2026-03-25T21:45:30.622+0900][23.564s][info][gc,ergo     ] Attempting full compaction
[2026-03-25T21:45:30.622+0900][23.564s][info][gc,start    ] GC(664) Pause Full (G1 Compaction Pause)
[2026-03-25T21:45:30.622+0900][23.564s][info][gc,task     ] GC(664) Using 8 workers of 8 for full compaction
[2026-03-25T21:45:30.623+0900][23.565s][info][gc,phases,start] GC(664) Phase 1: Mark live objects
[2026-03-25T21:45:30.624+0900][23.566s][info][gc,phases      ] GC(664) Phase 1: Mark live objects 1.644ms
[2026-03-25T21:45:30.624+0900][23.566s][info][gc,phases,start] GC(664) Phase 2: Prepare for compaction
[2026-03-25T21:45:30.625+0900][23.567s][info][gc,phases      ] GC(664) Phase 2: Prepare for compaction 0.927ms
[2026-03-25T21:45:30.625+0900][23.567s][info][gc,phases,start] GC(664) Phase 3: Adjust pointers
[2026-03-25T21:45:30.625+0900][23.568s][info][gc,phases      ] GC(664) Phase 3: Adjust pointers 0.632ms
[2026-03-25T21:45:30.625+0900][23.568s][info][gc,phases,start] GC(664) Phase 4: Compact heap
[2026-03-25T21:45:30.626+0900][23.568s][info][gc,phases      ] GC(664) Phase 4: Compact heap 0.175ms
[2026-03-25T21:45:30.626+0900][23.569s][info][gc,heap        ] GC(664) Eden regions: 0->0(25)
[2026-03-25T21:45:30.626+0900][23.569s][info][gc,heap        ] GC(664) Survivor regions: 0->0(0)
[2026-03-25T21:45:30.626+0900][23.569s][info][gc,heap        ] GC(664) Old regions: 1->1
[2026-03-25T21:45:30.626+0900][23.569s][info][gc,heap        ] GC(664) Archive regions: 2->2
[2026-03-25T21:45:30.626+0900][23.569s][info][gc,heap        ] GC(664) Humongous regions: 509->509
[2026-03-25T21:45:30.627+0900][23.569s][info][gc,metaspace   ] GC(664) Metaspace: 178K(384K)->178K(384K) NonClass: 172K(256K)->172K(256K) Class: 5K(128K)->5K(128K)
[2026-03-25T21:45:30.627+0900][23.569s][info][gc             ] GC(664) Pause Full (G1 Compaction Pause) 510M->510M(512M) 4.711ms
[2026-03-25T21:45:30.627+0900][23.569s][info][gc,cpu         ] GC(664) User=0.01s Sys=0.00s Real=0.00s
[2026-03-25T21:45:30.627+0900][23.569s][info][gc,ergo        ] Attempting maximum full compaction clearing soft references
[2026-03-25T21:45:30.627+0900][23.569s][info][gc,start       ] GC(665) Pause Full (G1 Compaction Pause)
[2026-03-25T21:45:30.627+0900][23.569s][info][gc,task        ] GC(665) Using 8 workers of 8 for full compaction
[2026-03-25T21:45:30.627+0900][23.569s][info][gc,phases,start] GC(665) Phase 1: Mark live objects
[2026-03-25T21:45:30.628+0900][23.570s][info][gc,phases      ] GC(665) Phase 1: Mark live objects 0.957ms
[2026-03-25T21:45:30.628+0900][23.570s][info][gc,phases,start] GC(665) Phase 2: Prepare for compaction
[2026-03-25T21:45:30.628+0900][23.570s][info][gc,phases      ] GC(665) Phase 2: Prepare for compaction 0.193ms
[2026-03-25T21:45:30.628+0900][23.570s][info][gc,phases,start] GC(665) Phase 3: Adjust pointers
[2026-03-25T21:45:30.628+0900][23.571s][info][gc,phases      ] GC(665) Phase 3: Adjust pointers 0.373ms
[2026-03-25T21:45:30.628+0900][23.571s][info][gc,phases,start] GC(665) Phase 4: Compact heap
[2026-03-25T21:45:30.628+0900][23.571s][info][gc,phases      ] GC(665) Phase 4: Compact heap 0.105ms
[2026-03-25T21:45:30.629+0900][23.571s][info][gc,heap        ] GC(665) Eden regions: 0->0(25)
[2026-03-25T21:45:30.629+0900][23.571s][info][gc,heap        ] GC(665) Survivor regions: 0->0(0)
[2026-03-25T21:45:30.629+0900][23.571s][info][gc,heap        ] GC(665) Old regions: 1->1
[2026-03-25T21:45:30.629+0900][23.571s][info][gc,heap        ] GC(665) Archive regions: 2->2
[2026-03-25T21:45:30.629+0900][23.571s][info][gc,heap        ] GC(665) Humongous regions: 509->509
[2026-03-25T21:45:30.629+0900][23.571s][info][gc,metaspace   ] GC(665) Metaspace: 178K(384K)->178K(384K) NonClass: 172K(256K)->172K(256K) Class: 5K(128K)->5K(128K)
[2026-03-25T21:45:30.629+0900][23.571s][info][gc             ] GC(665) Pause Full (G1 Compaction Pause) 510M->510M(512M) 2.369ms
[2026-03-25T21:45:30.629+0900][23.571s][info][gc,cpu         ] GC(665) User=0.00s Sys=0.00s Real=0.00s
[2026-03-25T21:45:30.629+0900][23.571s][info][gc,start       ] GC(666) Pause Young (Concurrent Start) (G1 Evacuation Pause)
[2026-03-25T21:45:30.629+0900][23.571s][info][gc,task        ] GC(666) Using 8 workers of 8 for evacuation
[2026-03-25T21:45:30.630+0900][23.572s][info][gc,phases      ] GC(666)   Pre Evacuate Collection Set: 0.1ms
[2026-03-25T21:45:30.630+0900][23.572s][info][gc,phases      ] GC(666)   Merge Heap Roots: 0.0ms
[2026-03-25T21:45:30.630+0900][23.572s][info][gc,phases      ] GC(666)   Evacuate Collection Set: 0.1ms
[2026-03-25T21:45:30.630+0900][23.572s][info][gc,phases      ] GC(666)   Post Evacuate Collection Set: 0.1ms
[2026-03-25T21:45:30.630+0900][23.572s][info][gc,phases      ] GC(666)   Other: 0.1ms
[2026-03-25T21:45:30.630+0900][23.572s][info][gc,heap        ] GC(666) Eden regions: 0->0(25)
[2026-03-25T21:45:30.630+0900][23.572s][info][gc,heap        ] GC(666) Survivor regions: 0->0(0)
[2026-03-25T21:45:30.630+0900][23.572s][info][gc,heap        ] GC(666) Old regions: 1->1
[2026-03-25T21:45:30.630+0900][23.572s][info][gc,heap        ] GC(666) Archive regions: 2->2
[2026-03-25T21:45:30.630+0900][23.572s][info][gc,heap        ] GC(666) Humongous regions: 509->509
[2026-03-25T21:45:30.630+0900][23.572s][info][gc,metaspace   ] GC(666) Metaspace: 178K(384K)->178K(384K) NonClass: 172K(256K)->172K(256K) Class: 5K(128K)->5K(128K)
[2026-03-25T21:45:30.630+0900][23.572s][info][gc             ] GC(666) Pause Young (Concurrent Start) (G1 Evacuation Pause) 510M->510M(512M) 0.623ms
[2026-03-25T21:45:30.630+0900][23.572s][info][gc,cpu         ] GC(666) User=0.00s Sys=0.00s Real=0.01s
[2026-03-25T21:45:30.630+0900][23.572s][info][gc,ergo        ] Attempting full compaction
[2026-03-25T21:45:30.630+0900][23.572s][info][gc             ] GC(667) Concurrent Mark Cycle
[2026-03-25T21:45:30.630+0900][23.572s][info][gc,start       ] GC(667) Pause Full (G1 Compaction Pause)
[2026-03-25T21:45:30.630+0900][23.572s][info][gc,marking     ] GC(667) Concurrent Clear Claimed Marks
[2026-03-25T21:45:30.630+0900][23.572s][info][gc,task        ] GC(667) Using 8 workers of 8 for full compaction
[2026-03-25T21:45:30.630+0900][23.572s][info][gc,marking     ] GC(667) Concurrent Clear Claimed Marks 0.046ms
[2026-03-25T21:45:30.630+0900][23.572s][info][gc,marking     ] GC(667) Concurrent Scan Root Regions
[2026-03-25T21:45:30.630+0900][23.572s][info][gc,marking     ] GC(667) Concurrent Scan Root Regions 0.011ms
[2026-03-25T21:45:30.630+0900][23.572s][info][gc,marking     ] GC(667) Concurrent Mark
[2026-03-25T21:45:30.630+0900][23.572s][info][gc,marking     ] GC(667) Concurrent Mark From Roots
[2026-03-25T21:45:30.630+0900][23.572s][info][gc,task        ] GC(667) Using 2 workers of 2 for marking
[2026-03-25T21:45:30.630+0900][23.572s][info][gc,phases,start] GC(667) Phase 1: Mark live objects
[2026-03-25T21:45:30.631+0900][23.573s][info][gc,phases      ] GC(667) Phase 1: Mark live objects 0.611ms
[2026-03-25T21:45:30.631+0900][23.573s][info][gc,phases,start] GC(667) Phase 2: Prepare for compaction
[2026-03-25T21:45:30.631+0900][23.573s][info][gc,phases      ] GC(667) Phase 2: Prepare for compaction 0.184ms
[2026-03-25T21:45:30.631+0900][23.573s][info][gc,phases,start] GC(667) Phase 3: Adjust pointers
[2026-03-25T21:45:30.631+0900][23.574s][info][gc,phases      ] GC(667) Phase 3: Adjust pointers 0.392ms
[2026-03-25T21:45:30.631+0900][23.574s][info][gc,phases,start] GC(667) Phase 4: Compact heap
[2026-03-25T21:45:30.631+0900][23.574s][info][gc,phases      ] GC(667) Phase 4: Compact heap 0.113ms
[2026-03-25T21:45:30.632+0900][23.574s][info][gc,heap        ] GC(667) Eden regions: 0->0(25)
[2026-03-25T21:45:30.632+0900][23.574s][info][gc,heap        ] GC(667) Survivor regions: 0->0(0)
[2026-03-25T21:45:30.632+0900][23.574s][info][gc,heap        ] GC(667) Old regions: 1->1
[2026-03-25T21:45:30.632+0900][23.574s][info][gc,heap        ] GC(667) Archive regions: 2->2
[2026-03-25T21:45:30.632+0900][23.574s][info][gc,heap        ] GC(667) Humongous regions: 509->509
[2026-03-25T21:45:30.632+0900][23.574s][info][gc,metaspace   ] GC(667) Metaspace: 178K(384K)->178K(384K) NonClass: 172K(256K)->172K(256K) Class: 5K(128K)->5K(128K)
[2026-03-25T21:45:30.632+0900][23.574s][info][gc             ] GC(667) Pause Full (G1 Compaction Pause) 510M->510M(512M) 2.119ms
[2026-03-25T21:45:30.632+0900][23.574s][info][gc,cpu         ] GC(667) User=0.01s Sys=0.00s Real=0.00s
[2026-03-25T21:45:30.632+0900][23.574s][info][gc,ergo        ] Attempting maximum full compaction clearing soft references
[2026-03-25T21:45:30.632+0900][23.574s][info][gc,start       ] GC(668) Pause Full (G1 Compaction Pause)
[2026-03-25T21:45:30.632+0900][23.574s][info][gc,task        ] GC(668) Using 8 workers of 8 for full compaction
[2026-03-25T21:45:30.632+0900][23.574s][info][gc,phases,start] GC(668) Phase 1: Mark live objects
[2026-03-25T21:45:30.633+0900][23.575s][info][gc,phases      ] GC(668) Phase 1: Mark live objects 0.549ms
[2026-03-25T21:45:30.633+0900][23.575s][info][gc,phases,start] GC(668) Phase 2: Prepare for compaction
[2026-03-25T21:45:30.633+0900][23.575s][info][gc,phases      ] GC(668) Phase 2: Prepare for compaction 0.195ms
[2026-03-25T21:45:30.633+0900][23.575s][info][gc,phases,start] GC(668) Phase 3: Adjust pointers
[2026-03-25T21:45:30.633+0900][23.575s][info][gc,phases      ] GC(668) Phase 3: Adjust pointers 0.422ms
[2026-03-25T21:45:30.633+0900][23.576s][info][gc,phases,start] GC(668) Phase 4: Compact heap
[2026-03-25T21:45:30.633+0900][23.576s][info][gc,phases      ] GC(668) Phase 4: Compact heap 0.167ms
[2026-03-25T21:45:30.634+0900][23.576s][info][gc,heap        ] GC(668) Eden regions: 0->0(25)
[2026-03-25T21:45:30.634+0900][23.576s][info][gc,heap        ] GC(668) Survivor regions: 0->0(0)
[2026-03-25T21:45:30.634+0900][23.576s][info][gc,heap        ] GC(668) Old regions: 1->1
[2026-03-25T21:45:30.634+0900][23.576s][info][gc,heap        ] GC(668) Archive regions: 2->2
[2026-03-25T21:45:30.634+0900][23.576s][info][gc,heap        ] GC(668) Humongous regions: 509->509
[2026-03-25T21:45:30.634+0900][23.576s][info][gc,metaspace   ] GC(668) Metaspace: 178K(384K)->178K(384K) NonClass: 172K(256K)->172K(256K) Class: 5K(128K)->5K(128K)
[2026-03-25T21:45:30.634+0900][23.576s][info][gc             ] GC(668) Pause Full (G1 Compaction Pause) 510M->510M(512M) 1.975ms
[2026-03-25T21:45:30.634+0900][23.576s][info][gc,cpu         ] GC(668) User=0.00s Sys=0.01s Real=0.00s
[2026-03-25T21:45:30.634+0900][23.576s][info][gc,marking     ] GC(667) Concurrent Mark From Roots 4.049ms
[2026-03-25T21:45:30.634+0900][23.576s][info][gc,marking     ] GC(667) Concurrent Mark Abort
[2026-03-25T21:45:30.634+0900][23.576s][info][gc             ] GC(667) Concurrent Mark Cycle 4.226ms
[2026-03-25T21:45:30.634+0900][23.576s][info][gc,start       ] GC(669) Pause Young (Normal) (G1 Evacuation Pause)
[2026-03-25T21:45:30.634+0900][23.576s][info][gc,task        ] GC(669) Using 8 workers of 8 for evacuation
[2026-03-25T21:45:30.634+0900][23.577s][info][gc,phases      ] GC(669)   Pre Evacuate Collection Set: 0.1ms
[2026-03-25T21:45:30.634+0900][23.577s][info][gc,phases      ] GC(669)   Merge Heap Roots: 0.0ms
[2026-03-25T21:45:30.634+0900][23.577s][info][gc,phases      ] GC(669)   Evacuate Collection Set: 0.1ms
[2026-03-25T21:45:30.634+0900][23.577s][info][gc,phases      ] GC(669)   Post Evacuate Collection Set: 0.1ms
[2026-03-25T21:45:30.634+0900][23.577s][info][gc,phases      ] GC(669)   Other: 0.1ms
[2026-03-25T21:45:30.635+0900][23.577s][info][gc,heap        ] GC(669) Eden regions: 0->0(25)
[2026-03-25T21:45:30.635+0900][23.577s][info][gc,heap        ] GC(669) Survivor regions: 0->0(0)
[2026-03-25T21:45:30.635+0900][23.577s][info][gc,heap        ] GC(669) Old regions: 1->1
[2026-03-25T21:45:30.635+0900][23.577s][info][gc,heap        ] GC(669) Archive regions: 2->2
[2026-03-25T21:45:30.635+0900][23.577s][info][gc,heap        ] GC(669) Humongous regions: 509->509
[2026-03-25T21:45:30.635+0900][23.577s][info][gc,metaspace   ] GC(669) Metaspace: 178K(384K)->178K(384K) NonClass: 173K(256K)->173K(256K) Class: 5K(128K)->5K(128K)
[2026-03-25T21:45:30.635+0900][23.577s][info][gc             ] GC(669) Pause Young (Normal) (G1 Evacuation Pause) 510M->510M(512M) 0.526ms
[2026-03-25T21:45:30.635+0900][23.577s][info][gc,cpu         ] GC(669) User=0.00s Sys=0.00s Real=0.00s
[2026-03-25T21:45:30.635+0900][23.577s][info][gc,ergo        ] Attempting full compaction
[2026-03-25T21:45:30.635+0900][23.577s][info][gc,start       ] GC(670) Pause Full (G1 Compaction Pause)
[2026-03-25T21:45:30.635+0900][23.577s][info][gc,task        ] GC(670) Using 8 workers of 8 for full compaction
[2026-03-25T21:45:30.635+0900][23.577s][info][gc,phases,start] GC(670) Phase 1: Mark live objects
[2026-03-25T21:45:30.635+0900][23.578s][info][gc,phases      ] GC(670) Phase 1: Mark live objects 0.531ms
[2026-03-25T21:45:30.635+0900][23.578s][info][gc,phases,start] GC(670) Phase 2: Prepare for compaction
[2026-03-25T21:45:30.635+0900][23.578s][info][gc,phases      ] GC(670) Phase 2: Prepare for compaction 0.182ms
[2026-03-25T21:45:30.635+0900][23.578s][info][gc,phases,start] GC(670) Phase 3: Adjust pointers
[2026-03-25T21:45:30.636+0900][23.578s][info][gc,phases      ] GC(670) Phase 3: Adjust pointers 0.406ms
[2026-03-25T21:45:30.636+0900][23.578s][info][gc,phases,start] GC(670) Phase 4: Compact heap
[2026-03-25T21:45:30.636+0900][23.578s][info][gc,phases      ] GC(670) Phase 4: Compact heap 0.155ms
[2026-03-25T21:45:30.636+0900][23.579s][info][gc,heap        ] GC(670) Eden regions: 0->0(25)
[2026-03-25T21:45:30.636+0900][23.579s][info][gc,heap        ] GC(670) Survivor regions: 0->0(0)
[2026-03-25T21:45:30.636+0900][23.579s][info][gc,heap        ] GC(670) Old regions: 1->1
[2026-03-25T21:45:30.636+0900][23.579s][info][gc,heap        ] GC(670) Archive regions: 2->2
[2026-03-25T21:45:30.636+0900][23.579s][info][gc,heap        ] GC(670) Humongous regions: 509->509
[2026-03-25T21:45:30.636+0900][23.579s][info][gc,metaspace   ] GC(670) Metaspace: 178K(384K)->178K(384K) NonClass: 173K(256K)->173K(256K) Class: 5K(128K)->5K(128K)
[2026-03-25T21:45:30.636+0900][23.579s][info][gc             ] GC(670) Pause Full (G1 Compaction Pause) 510M->510M(512M) 1.795ms
[2026-03-25T21:45:30.636+0900][23.579s][info][gc,cpu         ] GC(670) User=0.01s Sys=0.00s Real=0.00s
[2026-03-25T21:45:30.636+0900][23.579s][info][gc,ergo        ] Attempting maximum full compaction clearing soft references
[2026-03-25T21:45:30.636+0900][23.579s][info][gc,start       ] GC(671) Pause Full (G1 Compaction Pause)
[2026-03-25T21:45:30.636+0900][23.579s][info][gc,task        ] GC(671) Using 8 workers of 8 for full compaction
[2026-03-25T21:45:30.637+0900][23.579s][info][gc,phases,start] GC(671) Phase 1: Mark live objects
[2026-03-25T21:45:30.637+0900][23.579s][info][gc,phases      ] GC(671) Phase 1: Mark live objects 0.511ms
[2026-03-25T21:45:30.637+0900][23.579s][info][gc,phases,start] GC(671) Phase 2: Prepare for compaction
[2026-03-25T21:45:30.637+0900][23.580s][info][gc,phases      ] GC(671) Phase 2: Prepare for compaction 0.170ms
[2026-03-25T21:45:30.637+0900][23.580s][info][gc,phases,start] GC(671) Phase 3: Adjust pointers
[2026-03-25T21:45:30.638+0900][23.580s][info][gc,phases      ] GC(671) Phase 3: Adjust pointers 0.385ms
[2026-03-25T21:45:30.638+0900][23.580s][info][gc,phases,start] GC(671) Phase 4: Compact heap
[2026-03-25T21:45:30.638+0900][23.580s][info][gc,phases      ] GC(671) Phase 4: Compact heap 0.153ms
[2026-03-25T21:45:30.638+0900][23.580s][info][gc,heap        ] GC(671) Eden regions: 0->0(25)
[2026-03-25T21:45:30.638+0900][23.580s][info][gc,heap        ] GC(671) Survivor regions: 0->0(0)
[2026-03-25T21:45:30.638+0900][23.580s][info][gc,heap        ] GC(671) Old regions: 1->1
[2026-03-25T21:45:30.638+0900][23.580s][info][gc,heap        ] GC(671) Archive regions: 2->2
[2026-03-25T21:45:30.638+0900][23.580s][info][gc,heap        ] GC(671) Humongous regions: 509->509
[2026-03-25T21:45:30.638+0900][23.581s][info][gc,metaspace   ] GC(671) Metaspace: 178K(384K)->178K(384K) NonClass: 173K(256K)->173K(256K) Class: 5K(128K)->5K(128K)
[2026-03-25T21:45:30.638+0900][23.581s][info][gc             ] GC(671) Pause Full (G1 Compaction Pause) 510M->510M(512M) 1.737ms
[2026-03-25T21:45:30.638+0900][23.581s][info][gc,cpu         ] GC(671) User=0.00s Sys=0.00s Real=0.00s
[2026-03-25T21:45:30.638+0900][23.581s][info][gc,start       ] GC(672) Pause Young (Concurrent Start) (G1 Evacuation Pause)
[2026-03-25T21:45:30.638+0900][23.581s][info][gc,task        ] GC(672) Using 8 workers of 8 for evacuation
[2026-03-25T21:45:30.639+0900][23.581s][info][gc,phases      ] GC(672)   Pre Evacuate Collection Set: 0.1ms
[2026-03-25T21:45:30.639+0900][23.581s][info][gc,phases      ] GC(672)   Merge Heap Roots: 0.0ms
[2026-03-25T21:45:30.639+0900][23.581s][info][gc,phases      ] GC(672)   Evacuate Collection Set: 0.1ms
[2026-03-25T21:45:30.639+0900][23.581s][info][gc,phases      ] GC(672)   Post Evacuate Collection Set: 0.1ms
[2026-03-25T21:45:30.639+0900][23.581s][info][gc,phases      ] GC(672)   Other: 0.1ms
[2026-03-25T21:45:30.639+0900][23.581s][info][gc,heap        ] GC(672) Eden regions: 0->0(25)
[2026-03-25T21:45:30.639+0900][23.581s][info][gc,heap        ] GC(672) Survivor regions: 0->0(0)
[2026-03-25T21:45:30.639+0900][23.581s][info][gc,heap        ] GC(672) Old regions: 1->1
[2026-03-25T21:45:30.639+0900][23.581s][info][gc,heap        ] GC(672) Archive regions: 2->2
[2026-03-25T21:45:30.639+0900][23.581s][info][gc,heap        ] GC(672) Humongous regions: 509->509
[2026-03-25T21:45:30.639+0900][23.581s][info][gc,metaspace   ] GC(672) Metaspace: 178K(384K)->178K(384K) NonClass: 173K(256K)->173K(256K) Class: 5K(128K)->5K(128K)
[2026-03-25T21:45:30.639+0900][23.581s][info][gc             ] GC(672) Pause Young (Concurrent Start) (G1 Evacuation Pause) 510M->510M(512M) 0.587ms
[2026-03-25T21:45:30.639+0900][23.581s][info][gc,cpu         ] GC(672) User=0.00s Sys=0.00s Real=0.00s
[2026-03-25T21:45:30.639+0900][23.581s][info][gc,ergo        ] Attempting full compaction
[2026-03-25T21:45:30.639+0900][23.581s][info][gc,start       ] GC(673) Pause Full (G1 Compaction Pause)
[2026-03-25T21:45:30.639+0900][23.581s][info][gc             ] GC(674) Concurrent Mark Cycle
[2026-03-25T21:45:30.639+0900][23.581s][info][gc,task        ] GC(673) Using 8 workers of 8 for full compaction
[2026-03-25T21:45:30.639+0900][23.581s][info][gc,marking     ] GC(674) Concurrent Clear Claimed Marks
[2026-03-25T21:45:30.639+0900][23.581s][info][gc,marking     ] GC(674) Concurrent Clear Claimed Marks 0.042ms
[2026-03-25T21:45:30.639+0900][23.581s][info][gc,marking     ] GC(674) Concurrent Scan Root Regions
[2026-03-25T21:45:30.639+0900][23.581s][info][gc,marking     ] GC(674) Concurrent Scan Root Regions 0.010ms
[2026-03-25T21:45:30.639+0900][23.581s][info][gc,marking     ] GC(674) Concurrent Mark
[2026-03-25T21:45:30.639+0900][23.581s][info][gc,marking     ] GC(674) Concurrent Mark From Roots
[2026-03-25T21:45:30.639+0900][23.581s][info][gc,task        ] GC(674) Using 2 workers of 2 for marking
[2026-03-25T21:45:30.639+0900][23.582s][info][gc,phases,start] GC(673) Phase 1: Mark live objects
[2026-03-25T21:45:30.640+0900][23.582s][info][gc,phases      ] GC(673) Phase 1: Mark live objects 0.554ms
[2026-03-25T21:45:30.640+0900][23.582s][info][gc,phases,start] GC(673) Phase 2: Prepare for compaction
[2026-03-25T21:45:30.640+0900][23.582s][info][gc,phases      ] GC(673) Phase 2: Prepare for compaction 0.170ms
[2026-03-25T21:45:30.640+0900][23.582s][info][gc,phases,start] GC(673) Phase 3: Adjust pointers
[2026-03-25T21:45:30.640+0900][23.583s][info][gc,phases      ] GC(673) Phase 3: Adjust pointers 0.372ms
[2026-03-25T21:45:30.640+0900][23.583s][info][gc,phases,start] GC(673) Phase 4: Compact heap
[2026-03-25T21:45:30.640+0900][23.583s][info][gc,phases      ] GC(673) Phase 4: Compact heap 0.163ms
[2026-03-25T21:45:30.641+0900][23.583s][info][gc,heap        ] GC(673) Eden regions: 0->0(25)
[2026-03-25T21:45:30.641+0900][23.583s][info][gc,heap        ] GC(673) Survivor regions: 0->0(0)
[2026-03-25T21:45:30.641+0900][23.583s][info][gc,heap        ] GC(673) Old regions: 1->1
[2026-03-25T21:45:30.641+0900][23.583s][info][gc,heap        ] GC(673) Archive regions: 2->2
[2026-03-25T21:45:30.641+0900][23.583s][info][gc,heap        ] GC(673) Humongous regions: 509->509
[2026-03-25T21:45:30.641+0900][23.583s][info][gc,metaspace   ] GC(673) Metaspace: 178K(384K)->178K(384K) NonClass: 173K(256K)->173K(256K) Class: 5K(128K)->5K(128K)
[2026-03-25T21:45:30.641+0900][23.583s][info][gc             ] GC(673) Pause Full (G1 Compaction Pause) 510M->510M(512M) 2.025ms
[2026-03-25T21:45:30.641+0900][23.583s][info][gc,cpu         ] GC(673) User=0.01s Sys=0.00s Real=0.01s
[2026-03-25T21:45:30.641+0900][23.583s][info][gc,ergo        ] Attempting maximum full compaction clearing soft references
[2026-03-25T21:45:30.641+0900][23.583s][info][gc,start       ] GC(675) Pause Full (G1 Compaction Pause)
[2026-03-25T21:45:30.641+0900][23.583s][info][gc,task        ] GC(675) Using 8 workers of 8 for full compaction
[2026-03-25T21:45:30.641+0900][23.583s][info][gc,phases,start] GC(675) Phase 1: Mark live objects
[2026-03-25T21:45:30.642+0900][23.584s][info][gc,phases      ] GC(675) Phase 1: Mark live objects 0.583ms
[2026-03-25T21:45:30.642+0900][23.584s][info][gc,phases,start] GC(675) Phase 2: Prepare for compaction
[2026-03-25T21:45:30.642+0900][23.584s][info][gc,phases      ] GC(675) Phase 2: Prepare for compaction 0.184ms
[2026-03-25T21:45:30.642+0900][23.584s][info][gc,phases,start] GC(675) Phase 3: Adjust pointers
[2026-03-25T21:45:30.642+0900][23.585s][info][gc,phases      ] GC(675) Phase 3: Adjust pointers 0.375ms
[2026-03-25T21:45:30.642+0900][23.585s][info][gc,phases,start] GC(675) Phase 4: Compact heap
[2026-03-25T21:45:30.642+0900][23.585s][info][gc,phases      ] GC(675) Phase 4: Compact heap 0.131ms
[2026-03-25T21:45:30.643+0900][23.585s][info][gc,heap        ] GC(675) Eden regions: 0->0(25)
[2026-03-25T21:45:30.643+0900][23.585s][info][gc,heap        ] GC(675) Survivor regions: 0->0(0)
[2026-03-25T21:45:30.643+0900][23.585s][info][gc,heap        ] GC(675) Old regions: 1->1
[2026-03-25T21:45:30.643+0900][23.585s][info][gc,heap        ] GC(675) Archive regions: 2->2
[2026-03-25T21:45:30.643+0900][23.585s][info][gc,heap        ] GC(675) Humongous regions: 509->509
[2026-03-25T21:45:30.643+0900][23.585s][info][gc,metaspace   ] GC(675) Metaspace: 178K(384K)->178K(384K) NonClass: 173K(256K)->173K(256K) Class: 5K(128K)->5K(128K)
[2026-03-25T21:45:30.643+0900][23.585s][info][gc             ] GC(675) Pause Full (G1 Compaction Pause) 510M->510M(512M) 1.835ms
[2026-03-25T21:45:30.643+0900][23.585s][info][gc,cpu         ] GC(675) User=0.01s Sys=0.00s Real=0.00s
[2026-03-25T21:45:30.643+0900][23.585s][info][gc,marking     ] GC(674) Concurrent Mark From Roots 3.819ms
[2026-03-25T21:45:30.643+0900][23.585s][info][gc,marking     ] GC(674) Concurrent Mark Abort
[2026-03-25T21:45:30.643+0900][23.585s][info][gc             ] GC(674) Concurrent Mark Cycle 3.992ms
[2026-03-25T21:45:30.643+0900][23.585s][info][gc,start       ] GC(676) Pause Young (Normal) (G1 Evacuation Pause)
[2026-03-25T21:45:30.643+0900][23.585s][info][gc,task        ] GC(676) Using 8 workers of 8 for evacuation
[2026-03-25T21:45:30.644+0900][23.586s][info][gc,phases      ] GC(676)   Pre Evacuate Collection Set: 0.1ms
[2026-03-25T21:45:30.644+0900][23.586s][info][gc,phases      ] GC(676)   Merge Heap Roots: 0.1ms
[2026-03-25T21:45:30.644+0900][23.586s][info][gc,phases      ] GC(676)   Evacuate Collection Set: 0.1ms
[2026-03-25T21:45:30.644+0900][23.586s][info][gc,phases      ] GC(676)   Post Evacuate Collection Set: 0.2ms
[2026-03-25T21:45:30.644+0900][23.586s][info][gc,phases      ] GC(676)   Other: 0.1ms
[2026-03-25T21:45:30.644+0900][23.586s][info][gc,heap        ] GC(676) Eden regions: 0->0(25)
[2026-03-25T21:45:30.644+0900][23.586s][info][gc,heap        ] GC(676) Survivor regions: 0->0(0)
[2026-03-25T21:45:30.644+0900][23.586s][info][gc,heap        ] GC(676) Old regions: 1->1
[2026-03-25T21:45:30.644+0900][23.586s][info][gc,heap        ] GC(676) Archive regions: 2->2
[2026-03-25T21:45:30.644+0900][23.586s][info][gc,heap        ] GC(676) Humongous regions: 509->509
[2026-03-25T21:45:30.644+0900][23.586s][info][gc,metaspace   ] GC(676) Metaspace: 179K(384K)->179K(384K) NonClass: 173K(256K)->173K(256K) Class: 5K(128K)->5K(128K)
[2026-03-25T21:45:30.644+0900][23.586s][info][gc             ] GC(676) Pause Young (Normal) (G1 Evacuation Pause) 510M->510M(512M) 0.675ms
[2026-03-25T21:45:30.644+0900][23.586s][info][gc,cpu         ] GC(676) User=0.00s Sys=0.00s Real=0.00s
[2026-03-25T21:45:30.644+0900][23.586s][info][gc,ergo        ] Attempting full compaction
[2026-03-25T21:45:30.644+0900][23.586s][info][gc,start       ] GC(677) Pause Full (G1 Compaction Pause)
[2026-03-25T21:45:30.644+0900][23.586s][info][gc,task        ] GC(677) Using 8 workers of 8 for full compaction
[2026-03-25T21:45:30.644+0900][23.586s][info][gc,phases,start] GC(677) Phase 1: Mark live objects
[2026-03-25T21:45:30.644+0900][23.587s][info][gc,phases      ] GC(677) Phase 1: Mark live objects 0.653ms
[2026-03-25T21:45:30.645+0900][23.587s][info][gc,phases,start] GC(677) Phase 2: Prepare for compaction
[2026-03-25T21:45:30.645+0900][23.587s][info][gc,phases      ] GC(677) Phase 2: Prepare for compaction 0.249ms
[2026-03-25T21:45:30.645+0900][23.587s][info][gc,phases,start] GC(677) Phase 3: Adjust pointers
[2026-03-25T21:45:30.645+0900][23.588s][info][gc,phases      ] GC(677) Phase 3: Adjust pointers 0.444ms
[2026-03-25T21:45:30.645+0900][23.588s][info][gc,phases,start] GC(677) Phase 4: Compact heap
[2026-03-25T21:45:30.646+0900][23.588s][info][gc,phases      ] GC(677) Phase 4: Compact heap 0.196ms
[2026-03-25T21:45:30.646+0900][23.588s][info][gc,heap        ] GC(677) Eden regions: 0->0(25)
[2026-03-25T21:45:30.646+0900][23.588s][info][gc,heap        ] GC(677) Survivor regions: 0->0(0)
[2026-03-25T21:45:30.646+0900][23.588s][info][gc,heap        ] GC(677) Old regions: 1->1
[2026-03-25T21:45:30.646+0900][23.588s][info][gc,heap        ] GC(677) Archive regions: 2->2
[2026-03-25T21:45:30.646+0900][23.588s][info][gc,heap        ] GC(677) Humongous regions: 509->509
[2026-03-25T21:45:30.646+0900][23.588s][info][gc,metaspace   ] GC(677) Metaspace: 179K(384K)->179K(384K) NonClass: 173K(256K)->173K(256K) Class: 5K(128K)->5K(128K)
[2026-03-25T21:45:30.646+0900][23.588s][info][gc             ] GC(677) Pause Full (G1 Compaction Pause) 510M->510M(512M) 2.217ms
[2026-03-25T21:45:30.646+0900][23.588s][info][gc,cpu         ] GC(677) User=0.00s Sys=0.00s Real=0.00s
[2026-03-25T21:45:30.646+0900][23.588s][info][gc,ergo        ] Attempting maximum full compaction clearing soft references
[2026-03-25T21:45:30.646+0900][23.588s][info][gc,start       ] GC(678) Pause Full (G1 Compaction Pause)
[2026-03-25T21:45:30.646+0900][23.588s][info][gc,task        ] GC(678) Using 8 workers of 8 for full compaction
[2026-03-25T21:45:30.646+0900][23.588s][info][gc,phases,start] GC(678) Phase 1: Mark live objects
[2026-03-25T21:45:30.647+0900][23.589s][info][gc,phases      ] GC(678) Phase 1: Mark live objects 0.722ms
[2026-03-25T21:45:30.647+0900][23.589s][info][gc,phases,start] GC(678) Phase 2: Prepare for compaction
[2026-03-25T21:45:30.647+0900][23.589s][info][gc,phases      ] GC(678) Phase 2: Prepare for compaction 0.202ms
[2026-03-25T21:45:30.647+0900][23.589s][info][gc,phases,start] GC(678) Phase 3: Adjust pointers
[2026-03-25T21:45:30.647+0900][23.590s][info][gc,phases      ] GC(678) Phase 3: Adjust pointers 0.407ms
[2026-03-25T21:45:30.647+0900][23.590s][info][gc,phases,start] GC(678) Phase 4: Compact heap
[2026-03-25T21:45:30.648+0900][23.590s][info][gc,phases      ] GC(678) Phase 4: Compact heap 0.157ms
[2026-03-25T21:45:30.648+0900][23.590s][info][gc,heap        ] GC(678) Eden regions: 0->0(25)
[2026-03-25T21:45:30.648+0900][23.590s][info][gc,heap        ] GC(678) Survivor regions: 0->0(0)
[2026-03-25T21:45:30.648+0900][23.590s][info][gc,heap        ] GC(678) Old regions: 1->1
[2026-03-25T21:45:30.648+0900][23.590s][info][gc,heap        ] GC(678) Archive regions: 2->2
[2026-03-25T21:45:30.648+0900][23.590s][info][gc,heap        ] GC(678) Humongous regions: 509->509
[2026-03-25T21:45:30.648+0900][23.590s][info][gc,metaspace   ] GC(678) Metaspace: 179K(384K)->179K(384K) NonClass: 173K(256K)->173K(256K) Class: 5K(128K)->5K(128K)
[2026-03-25T21:45:30.648+0900][23.590s][info][gc             ] GC(678) Pause Full (G1 Compaction Pause) 510M->510M(512M) 2.124ms
[2026-03-25T21:45:30.648+0900][23.590s][info][gc,cpu         ] GC(678) User=0.01s Sys=0.01s Real=0.00s
[2026-03-25T21:45:30.648+0900][23.591s][info][gc,start       ] GC(679) Pause Young (Concurrent Start) (G1 Evacuation Pause)
[2026-03-25T21:45:30.648+0900][23.591s][info][gc,task        ] GC(679) Using 8 workers of 8 for evacuation
[2026-03-25T21:45:30.649+0900][23.591s][info][gc,phases      ] GC(679)   Pre Evacuate Collection Set: 0.1ms
[2026-03-25T21:45:30.649+0900][23.591s][info][gc,phases      ] GC(679)   Merge Heap Roots: 0.1ms
[2026-03-25T21:45:30.649+0900][23.591s][info][gc,phases      ] GC(679)   Evacuate Collection Set: 0.1ms
[2026-03-25T21:45:30.649+0900][23.591s][info][gc,phases      ] GC(679)   Post Evacuate Collection Set: 0.1ms
[2026-03-25T21:45:30.649+0900][23.591s][info][gc,phases      ] GC(679)   Other: 0.1ms
[2026-03-25T21:45:30.649+0900][23.591s][info][gc,heap        ] GC(679) Eden regions: 0->0(25)
[2026-03-25T21:45:30.649+0900][23.591s][info][gc,heap        ] GC(679) Survivor regions: 0->0(0)
[2026-03-25T21:45:30.649+0900][23.591s][info][gc,heap        ] GC(679) Old regions: 1->1
[2026-03-25T21:45:30.649+0900][23.591s][info][gc,heap        ] GC(679) Archive regions: 2->2
[2026-03-25T21:45:30.649+0900][23.591s][info][gc,heap        ] GC(679) Humongous regions: 509->509
[2026-03-25T21:45:30.649+0900][23.591s][info][gc,metaspace   ] GC(679) Metaspace: 179K(384K)->179K(384K) NonClass: 173K(256K)->173K(256K) Class: 5K(128K)->5K(128K)
[2026-03-25T21:45:30.649+0900][23.591s][info][gc             ] GC(679) Pause Young (Concurrent Start) (G1 Evacuation Pause) 510M->510M(512M) 0.585ms
[2026-03-25T21:45:30.649+0900][23.591s][info][gc,cpu         ] GC(679) User=0.00s Sys=0.00s Real=0.00s
[2026-03-25T21:45:30.649+0900][23.591s][info][gc,ergo        ] Attempting full compaction
[2026-03-25T21:45:30.649+0900][23.591s][info][gc,start       ] GC(680) Pause Full (G1 Compaction Pause)
[2026-03-25T21:45:30.649+0900][23.591s][info][gc             ] GC(681) Concurrent Mark Cycle
[2026-03-25T21:45:30.649+0900][23.591s][info][gc,task        ] GC(680) Using 8 workers of 8 for full compaction
[2026-03-25T21:45:30.649+0900][23.591s][info][gc,marking     ] GC(681) Concurrent Clear Claimed Marks
[2026-03-25T21:45:30.649+0900][23.591s][info][gc,marking     ] GC(681) Concurrent Clear Claimed Marks 0.046ms
[2026-03-25T21:45:30.649+0900][23.591s][info][gc,marking     ] GC(681) Concurrent Scan Root Regions
[2026-03-25T21:45:30.649+0900][23.591s][info][gc,marking     ] GC(681) Concurrent Scan Root Regions 0.011ms
[2026-03-25T21:45:30.649+0900][23.591s][info][gc,marking     ] GC(681) Concurrent Mark
[2026-03-25T21:45:30.649+0900][23.591s][info][gc,marking     ] GC(681) Concurrent Mark From Roots
[2026-03-25T21:45:30.649+0900][23.591s][info][gc,task        ] GC(681) Using 2 workers of 2 for marking
[2026-03-25T21:45:30.649+0900][23.592s][info][gc,phases,start] GC(680) Phase 1: Mark live objects
[2026-03-25T21:45:30.650+0900][23.592s][info][gc,phases      ] GC(680) Phase 1: Mark live objects 0.663ms
[2026-03-25T21:45:30.650+0900][23.592s][info][gc,phases,start] GC(680) Phase 2: Prepare for compaction
[2026-03-25T21:45:30.650+0900][23.592s][info][gc,phases      ] GC(680) Phase 2: Prepare for compaction 0.172ms
[2026-03-25T21:45:30.650+0900][23.592s][info][gc,phases,start] GC(680) Phase 3: Adjust pointers
[2026-03-25T21:45:30.651+0900][23.593s][info][gc,phases      ] GC(680) Phase 3: Adjust pointers 0.419ms
[2026-03-25T21:45:30.651+0900][23.593s][info][gc,phases,start] GC(680) Phase 4: Compact heap
[2026-03-25T21:45:30.651+0900][23.593s][info][gc,phases      ] GC(680) Phase 4: Compact heap 0.144ms
[2026-03-25T21:45:30.651+0900][23.593s][info][gc,heap        ] GC(680) Eden regions: 0->0(25)
[2026-03-25T21:45:30.651+0900][23.593s][info][gc,heap        ] GC(680) Survivor regions: 0->0(0)
[2026-03-25T21:45:30.651+0900][23.593s][info][gc,heap        ] GC(680) Old regions: 1->1
[2026-03-25T21:45:30.651+0900][23.593s][info][gc,heap        ] GC(680) Archive regions: 2->2
[2026-03-25T21:45:30.651+0900][23.593s][info][gc,heap        ] GC(680) Humongous regions: 509->509
[2026-03-25T21:45:30.651+0900][23.593s][info][gc,metaspace   ] GC(680) Metaspace: 179K(384K)->179K(384K) NonClass: 173K(256K)->173K(256K) Class: 5K(128K)->5K(128K)
[2026-03-25T21:45:30.651+0900][23.593s][info][gc             ] GC(680) Pause Full (G1 Compaction Pause) 510M->510M(512M) 2.241ms
[2026-03-25T21:45:30.651+0900][23.593s][info][gc,cpu         ] GC(680) User=0.00s Sys=0.00s Real=0.01s
[2026-03-25T21:45:30.651+0900][23.593s][info][gc,ergo        ] Attempting maximum full compaction clearing soft references
[2026-03-25T21:45:30.651+0900][23.593s][info][gc,start       ] GC(682) Pause Full (G1 Compaction Pause)
[2026-03-25T21:45:30.651+0900][23.593s][info][gc,task        ] GC(682) Using 8 workers of 8 for full compaction
[2026-03-25T21:45:30.651+0900][23.594s][info][gc,phases,start] GC(682) Phase 1: Mark live objects
[2026-03-25T21:45:30.652+0900][23.594s][info][gc,phases      ] GC(682) Phase 1: Mark live objects 0.536ms
[2026-03-25T21:45:30.652+0900][23.594s][info][gc,phases,start] GC(682) Phase 2: Prepare for compaction
[2026-03-25T21:45:30.652+0900][23.594s][info][gc,phases      ] GC(682) Phase 2: Prepare for compaction 0.170ms
[2026-03-25T21:45:30.652+0900][23.594s][info][gc,phases,start] GC(682) Phase 3: Adjust pointers
[2026-03-25T21:45:30.652+0900][23.595s][info][gc,phases      ] GC(682) Phase 3: Adjust pointers 0.354ms
[2026-03-25T21:45:30.652+0900][23.595s][info][gc,phases,start] GC(682) Phase 4: Compact heap
[2026-03-25T21:45:30.652+0900][23.595s][info][gc,phases      ] GC(682) Phase 4: Compact heap 0.137ms
[2026-03-25T21:45:30.653+0900][23.595s][info][gc,heap        ] GC(682) Eden regions: 0->0(25)
[2026-03-25T21:45:30.653+0900][23.595s][info][gc,heap        ] GC(682) Survivor regions: 0->0(0)
[2026-03-25T21:45:30.653+0900][23.595s][info][gc,heap        ] GC(682) Old regions: 1->1
[2026-03-25T21:45:30.653+0900][23.595s][info][gc,heap        ] GC(682) Archive regions: 2->2
[2026-03-25T21:45:30.653+0900][23.595s][info][gc,heap        ] GC(682) Humongous regions: 509->509
[2026-03-25T21:45:30.653+0900][23.595s][info][gc,metaspace   ] GC(682) Metaspace: 179K(384K)->179K(384K) NonClass: 173K(256K)->173K(256K) Class: 5K(128K)->5K(128K)
[2026-03-25T21:45:30.653+0900][23.595s][info][gc             ] GC(682) Pause Full (G1 Compaction Pause) 510M->510M(512M) 1.705ms
[2026-03-25T21:45:30.653+0900][23.595s][info][gc,cpu         ] GC(682) User=0.01s Sys=0.00s Real=0.00s
[2026-03-25T21:45:30.653+0900][23.595s][info][gc,marking     ] GC(681) Concurrent Mark From Roots 3.721ms
[2026-03-25T21:45:30.653+0900][23.595s][info][gc,marking     ] GC(681) Concurrent Mark Abort
[2026-03-25T21:45:30.653+0900][23.595s][info][gc             ] GC(681) Concurrent Mark Cycle 4.064ms
