[2026-03-24T18:40:24.013+0900][0.010s][info][gc,init] CardTable entry size: 512
[2026-03-24T18:40:24.013+0900][0.010s][info][gc     ] Using Parallel
[2026-03-24T18:40:24.013+0900][0.011s][info][gc,init] Version: 18.0.2.1+1-1 (release)
[2026-03-24T18:40:24.013+0900][0.012s][info][gc,init] CPUs: 8 total, 8 available
[2026-03-24T18:40:24.013+0900][0.012s][info][gc,init] Memory: 16092M
[2026-03-24T18:40:24.013+0900][0.012s][info][gc,init] Large Page Support: Disabled
[2026-03-24T18:40:24.013+0900][0.012s][info][gc,init] NUMA Support: Disabled
[2026-03-24T18:40:24.013+0900][0.012s][info][gc,init] Compressed Oops: Enabled (32-bit)
[2026-03-24T18:40:24.013+0900][0.012s][info][gc,init] Alignments: Space 512K, Generation 512K, Heap 2M
[2026-03-24T18:40:24.013+0900][0.012s][info][gc,init] Heap Min Capacity: 256M
[2026-03-24T18:40:24.013+0900][0.012s][info][gc,init] Heap Initial Capacity: 256M
[2026-03-24T18:40:24.013+0900][0.012s][info][gc,init] Heap Max Capacity: 512M
[2026-03-24T18:40:24.013+0900][0.012s][info][gc,init] Pre-touch: Disabled
[2026-03-24T18:40:24.013+0900][0.012s][info][gc,init] Parallel Workers: 8
[2026-03-24T18:40:24.013+0900][0.013s][info][gc,metaspace] CDS archive(s) mapped at: [0x0000000800000000-0x0000000800ba0000-0x0000000800ba0000), size 12189696, SharedBaseAddress: 0x0000000800000000, ArchiveRelocationMode: 0.
[2026-03-24T18:40:24.013+0900][0.013s][info][gc,metaspace] Compressed class space mapped at: 0x0000000800c00000-0x0000000840c00000, reserved size: 1073741824
[2026-03-24T18:40:24.013+0900][0.013s][info][gc,metaspace] Narrow klass base: 0x0000000800000000, Narrow klass shift: 0, Narrow klass range: 0x100000000
[2026-03-24T18:40:24.569+0900][0.564s][info][gc,start    ] GC(0) Pause Young (Allocation Failure)
[2026-03-24T18:40:24.569+0900][0.567s][info][gc,heap     ] GC(0) PSYoungGen: 65536K(76288K)->4919K(76288K) Eden: 65536K(65536K)->0K(65536K) From: 0K(10752K)->4919K(10752K)
[2026-03-24T18:40:24.569+0900][0.567s][info][gc,heap     ] GC(0) ParOldGen: 0K(175104K)->8K(175104K)
[2026-03-24T18:40:24.569+0900][0.567s][info][gc,metaspace] GC(0) Metaspace: 178K(384K)->178K(384K) NonClass: 167K(256K)->167K(256K) Class: 10K(128K)->10K(128K)
[2026-03-24T18:40:24.569+0900][0.567s][info][gc          ] GC(0) Pause Young (Allocation Failure) 64M->4M(245M) 3.576ms
[2026-03-24T18:40:24.569+0900][0.567s][info][gc,cpu      ] GC(0) User=0.00s Sys=0.00s Real=0.00s
[2026-03-24T18:40:25.070+0900][1.065s][info][gc,start    ] GC(1) Pause Young (Allocation Failure)
[2026-03-24T18:40:25.070+0900][1.069s][info][gc,heap     ] GC(1) PSYoungGen: 68567K(76288K)->8936K(76288K) Eden: 63648K(65536K)->0K(65536K) From: 4919K(10752K)->8936K(10752K)
[2026-03-24T18:40:25.070+0900][1.069s][info][gc,heap     ] GC(1) ParOldGen: 8K(175104K)->16K(175104K)
[2026-03-24T18:40:25.070+0900][1.069s][info][gc,metaspace] GC(1) Metaspace: 180K(384K)->180K(384K) NonClass: 169K(256K)->169K(256K) Class: 10K(128K)->10K(128K)
[2026-03-24T18:40:25.070+0900][1.069s][info][gc          ] GC(1) Pause Young (Allocation Failure) 66M->8M(245M) 4.573ms
[2026-03-24T18:40:25.070+0900][1.069s][info][gc,cpu      ] GC(1) User=0.00s Sys=0.00s Real=0.00s
[2026-03-24T18:40:25.861+0900][1.856s][info][gc,start    ] GC(2) Pause Young (Allocation Failure)
[2026-03-24T18:40:25.861+0900][1.861s][info][gc,heap     ] GC(2) PSYoungGen: 72565K(76288K)->10652K(76288K) Eden: 63629K(65536K)->0K(65536K) From: 8936K(10752K)->10652K(10752K)
[2026-03-24T18:40:25.861+0900][1.861s][info][gc,heap     ] GC(2) ParOldGen: 16K(175104K)->4816K(175104K)
[2026-03-24T18:40:25.861+0900][1.861s][info][gc,metaspace] GC(2) Metaspace: 180K(384K)->180K(384K) NonClass: 169K(256K)->169K(256K) Class: 10K(128K)->10K(128K)
[2026-03-24T18:40:25.861+0900][1.861s][info][gc          ] GC(2) Pause Young (Allocation Failure) 70M->15M(245M) 5.393ms
[2026-03-24T18:40:25.861+0900][1.861s][info][gc,cpu      ] GC(2) User=0.00s Sys=0.00s Real=0.00s
[2026-03-24T18:40:27.295+0900][3.289s][info][gc,start    ] GC(3) Pause Young (Allocation Failure)
[2026-03-24T18:40:27.295+0900][3.292s][info][gc,heap     ] GC(3) PSYoungGen: 74434K(76288K)->10711K(76288K) Eden: 63782K(65536K)->0K(65536K) From: 10652K(10752K)->10711K(10752K)
[2026-03-24T18:40:27.295+0900][3.292s][info][gc,heap     ] GC(3) ParOldGen: 4816K(175104K)->17226K(175104K)
[2026-03-24T18:40:27.295+0900][3.292s][info][gc,metaspace] GC(3) Metaspace: 181K(384K)->181K(384K) NonClass: 171K(256K)->171K(256K) Class: 10K(128K)->10K(128K)
[2026-03-24T18:40:27.295+0900][3.292s][info][gc          ] GC(3) Pause Young (Allocation Failure) 77M->27M(245M) 2.997ms
[2026-03-24T18:40:27.295+0900][3.292s][info][gc,cpu      ] GC(3) User=0.00s Sys=0.00s Real=0.00s
[2026-03-24T18:40:28.693+0900][4.687s][info][gc,start    ] GC(4) Pause Young (Allocation Failure)
[2026-03-24T18:40:28.693+0900][4.690s][info][gc,heap     ] GC(4) PSYoungGen: 74503K(76288K)->10668K(74752K) Eden: 63792K(65536K)->0K(64000K) From: 10711K(10752K)->10668K(10752K)
[2026-03-24T18:40:28.693+0900][4.690s][info][gc,heap     ] GC(4) ParOldGen: 17226K(175104K)->29828K(175104K)
[2026-03-24T18:40:28.693+0900][4.690s][info][gc,metaspace] GC(4) Metaspace: 181K(384K)->181K(384K) NonClass: 171K(256K)->171K(256K) Class: 10K(128K)->10K(128K)
[2026-03-24T18:40:28.693+0900][4.690s][info][gc          ] GC(4) Pause Young (Allocation Failure) 89M->39M(244M) 3.064ms
[2026-03-24T18:40:28.693+0900][4.690s][info][gc,cpu      ] GC(4) User=0.00s Sys=0.00s Real=0.00s
[2026-03-24T18:40:30.118+0900][6.112s][info][gc,start    ] GC(5) Pause Young (Allocation Failure)
[2026-03-24T18:40:30.119+0900][6.115s][info][gc,heap     ] GC(5) PSYoungGen: 74437K(74752K)->14279K(76288K) Eden: 63768K(64000K)->0K(61952K) From: 10668K(10752K)->14279K(14336K)
[2026-03-24T18:40:30.119+0900][6.116s][info][gc,heap     ] GC(5) ParOldGen: 29828K(175104K)->38638K(175104K)
[2026-03-24T18:40:30.119+0900][6.116s][info][gc,metaspace] GC(5) Metaspace: 181K(384K)->181K(384K) NonClass: 171K(256K)->171K(256K) Class: 10K(128K)->10K(128K)
[2026-03-24T18:40:30.119+0900][6.116s][info][gc          ] GC(5) Pause Young (Allocation Failure) 101M->51M(245M) 3.245ms
[2026-03-24T18:40:30.119+0900][6.116s][info][gc,cpu      ] GC(5) User=0.00s Sys=0.00s Real=0.00s
[2026-03-24T18:40:31.497+0900][7.491s][info][gc,start    ] GC(6) Pause Young (Allocation Failure)
[2026-03-24T18:40:31.497+0900][7.494s][info][gc,heap     ] GC(6) PSYoungGen: 75463K(76288K)->16362K(77312K) Eden: 61184K(61952K)->0K(60928K) From: 14279K(14336K)->16362K(16384K)
[2026-03-24T18:40:31.497+0900][7.494s][info][gc,heap     ] GC(6) ParOldGen: 38638K(175104K)->48637K(175104K)
[2026-03-24T18:40:31.497+0900][7.494s][info][gc,metaspace] GC(6) Metaspace: 181K(384K)->181K(384K) NonClass: 171K(256K)->171K(256K) Class: 10K(128K)->10K(128K)
[2026-03-24T18:40:31.497+0900][7.494s][info][gc          ] GC(6) Pause Young (Allocation Failure) 111M->63M(246M) 2.801ms
[2026-03-24T18:40:31.497+0900][7.494s][info][gc,cpu      ] GC(6) User=0.00s Sys=0.00s Real=0.00s
[2026-03-24T18:40:32.774+0900][8.769s][info][gc,start    ] GC(7) Pause Young (Allocation Failure)
[2026-03-24T18:40:32.774+0900][8.777s][info][gc,heap     ] GC(7) PSYoungGen: 76093K(77312K)->18398K(76800K) Eden: 59730K(60928K)->0K(58368K) From: 16362K(16384K)->18398K(18432K)
[2026-03-24T18:40:32.774+0900][8.777s][info][gc,heap     ] GC(7) ParOldGen: 48637K(175104K)->58046K(175104K)
[2026-03-24T18:40:32.774+0900][8.777s][info][gc,metaspace] GC(7) Metaspace: 181K(384K)->181K(384K) NonClass: 171K(256K)->171K(256K) Class: 10K(128K)->10K(128K)
[2026-03-24T18:40:32.774+0900][8.777s][info][gc          ] GC(7) Pause Young (Allocation Failure) 121M->74M(246M) 8.329ms
[2026-03-24T18:40:32.774+0900][8.777s][info][gc,cpu      ] GC(7) User=0.00s Sys=0.00s Real=0.00s
[2026-03-24T18:40:34.072+0900][10.066s][info][gc,start    ] GC(8) Pause Young (Allocation Failure)
[2026-03-24T18:40:34.072+0900][10.068s][info][gc,heap     ] GC(8) PSYoungGen: 76666K(76800K)->20963K(78336K) Eden: 58268K(58368K)->0K(57344K) From: 18398K(18432K)->20963K(20992K)
[2026-03-24T18:40:34.072+0900][10.068s][info][gc,heap     ] GC(8) ParOldGen: 58046K(175104K)->66655K(175104K)
[2026-03-24T18:40:34.072+0900][10.068s][info][gc,metaspace] GC(8) Metaspace: 181K(384K)->181K(384K) NonClass: 171K(256K)->171K(256K) Class: 10K(128K)->10K(128K)
[2026-03-24T18:40:34.072+0900][10.068s][info][gc          ] GC(8) Pause Young (Allocation Failure) 131M->85M(247M) 2.661ms
[2026-03-24T18:40:34.072+0900][10.068s][info][gc,cpu      ] GC(8) User=0.00s Sys=0.00s Real=0.00s
[2026-03-24T18:40:35.305+0900][11.299s][info][gc,start    ] GC(9) Pause Young (Allocation Failure)
[2026-03-24T18:40:35.305+0900][11.305s][info][gc,heap     ] GC(9) PSYoungGen: 77458K(78336K)->22363K(78336K) Eden: 56495K(57344K)->0K(54784K) From: 20963K(20992K)->22363K(23552K)
[2026-03-24T18:40:35.305+0900][11.305s][info][gc,heap     ] GC(9) ParOldGen: 66655K(175104K)->76697K(175104K)
[2026-03-24T18:40:35.305+0900][11.305s][info][gc,metaspace] GC(9) Metaspace: 181K(384K)->181K(384K) NonClass: 171K(256K)->171K(256K) Class: 10K(128K)->10K(128K)
[2026-03-24T18:40:35.305+0900][11.305s][info][gc          ] GC(9) Pause Young (Allocation Failure) 140M->96M(247M) 5.750ms
[2026-03-24T18:40:35.305+0900][11.305s][info][gc,cpu      ] GC(9) User=0.00s Sys=0.00s Real=0.00s
[2026-03-24T18:40:36.740+0900][12.734s][info][gc,start    ] GC(10) Pause Young (Allocation Failure)
[2026-03-24T18:40:36.740+0900][12.739s][info][gc,heap     ] GC(10) PSYoungGen: 75963K(78336K)->10597K(64512K) Eden: 53599K(54784K)->0K(53760K) From: 22363K(23552K)->10597K(10752K)
[2026-03-24T18:40:36.740+0900][12.739s][info][gc,heap     ] GC(10) ParOldGen: 76697K(175104K)->98929K(175104K)
[2026-03-24T18:40:36.740+0900][12.739s][info][gc,metaspace] GC(10) Metaspace: 181K(384K)->181K(384K) NonClass: 171K(256K)->171K(256K) Class: 10K(128K)->10K(128K)
[2026-03-24T18:40:36.740+0900][12.739s][info][gc          ] GC(10) Pause Young (Allocation Failure) 149M->106M(234M) 4.917ms
[2026-03-24T18:40:36.740+0900][12.739s][info][gc,cpu      ] GC(10) User=0.00s Sys=0.00s Real=0.00s
[2026-03-24T18:40:37.974+0900][13.968s][info][gc,start    ] GC(11) Pause Young (Allocation Failure)
[2026-03-24T18:40:37.974+0900][13.970s][info][gc,heap     ] GC(11) PSYoungGen: 64178K(64512K)->10533K(76288K) Eden: 53581K(53760K)->0K(52736K) From: 10597K(10752K)->10533K(23552K)
[2026-03-24T18:40:37.974+0900][13.970s][info][gc,heap     ] GC(11) ParOldGen: 98929K(175104K)->109471K(175104K)
[2026-03-24T18:40:37.974+0900][13.970s][info][gc,metaspace] GC(11) Metaspace: 181K(384K)->181K(384K) NonClass: 171K(256K)->171K(256K) Class: 10K(128K)->10K(128K)
[2026-03-24T18:40:37.974+0900][13.970s][info][gc          ] GC(11) Pause Young (Allocation Failure) 159M->117M(245M) 2.650ms
[2026-03-24T18:40:37.974+0900][13.970s][info][gc,cpu      ] GC(11) User=0.00s Sys=0.00s Real=0.00s
[2026-03-24T18:40:39.332+0900][15.326s][info][gc,start    ] GC(12) Pause Young (Allocation Failure)
[2026-03-24T18:40:39.332+0900][15.331s][info][gc,heap     ] GC(12) PSYoungGen: 61547K(76288K)->10129K(61952K) Eden: 51013K(52736K)->0K(51712K) From: 10533K(23552K)->10129K(10240K)
[2026-03-24T18:40:39.332+0900][15.331s][info][gc,heap     ] GC(12) ParOldGen: 109471K(175104K)->120013K(175104K)
[2026-03-24T18:40:39.332+0900][15.331s][info][gc,metaspace] GC(12) Metaspace: 181K(384K)->181K(384K) NonClass: 171K(256K)->171K(256K) Class: 10K(128K)->10K(128K)
[2026-03-24T18:40:39.332+0900][15.331s][info][gc          ] GC(12) Pause Young (Allocation Failure) 167M->127M(231M) 5.044ms
[2026-03-24T18:40:39.332+0900][15.331s][info][gc,cpu      ] GC(12) User=0.00s Sys=0.00s Real=0.00s
[2026-03-24T18:40:40.497+0900][16.491s][info][gc,start    ] GC(13) Pause Young (Allocation Failure)
[2026-03-24T18:40:40.497+0900][16.494s][info][gc,heap     ] GC(13) PSYoungGen: 61123K(61952K)->10097K(72704K) Eden: 50993K(51712K)->0K(50688K) From: 10129K(10240K)->10097K(22016K)
[2026-03-24T18:40:40.497+0900][16.494s][info][gc,heap     ] GC(13) ParOldGen: 120013K(175104K)->130061K(175104K)
[2026-03-24T18:40:40.497+0900][16.494s][info][gc,metaspace] GC(13) Metaspace: 181K(384K)->181K(384K) NonClass: 171K(256K)->171K(256K) Class: 10K(128K)->10K(128K)
[2026-03-24T18:40:40.497+0900][16.494s][info][gc          ] GC(13) Pause Young (Allocation Failure) 176M->136M(242M) 2.694ms
[2026-03-24T18:40:40.497+0900][16.494s][info][gc,cpu      ] GC(13) User=0.00s Sys=0.00s Real=0.00s
[2026-03-24T18:40:41.612+0900][17.606s][info][gc,start    ] GC(14) Pause Young (Allocation Failure)
[2026-03-24T18:40:41.612+0900][17.610s][info][gc,heap     ] GC(14) PSYoungGen: 59131K(72704K)->9533K(59392K) Eden: 49034K(50688K)->0K(49664K) From: 10097K(22016K)->9533K(9728K)
[2026-03-24T18:40:41.612+0900][17.610s][info][gc,heap     ] GC(14) ParOldGen: 130061K(175104K)->140103K(175104K)
[2026-03-24T18:40:41.612+0900][17.610s][info][gc,metaspace] GC(14) Metaspace: 181K(384K)->181K(384K) NonClass: 171K(256K)->171K(256K) Class: 10K(128K)->10K(128K)
[2026-03-24T18:40:41.612+0900][17.610s][info][gc          ] GC(14) Pause Young (Allocation Failure) 184M->146M(229M) 3.876ms
[2026-03-24T18:40:41.612+0900][17.610s][info][gc,cpu      ] GC(14) User=0.00s Sys=0.00s Real=0.00s
[2026-03-24T18:40:42.747+0900][18.741s][info][gc,start    ] GC(15) Pause Young (Allocation Failure)
[2026-03-24T18:40:42.747+0900][18.745s][info][gc,heap     ] GC(15) PSYoungGen: 58024K(59392K)->9533K(69632K) Eden: 48490K(49664K)->0K(48640K) From: 9533K(9728K)->9533K(20992K)
[2026-03-24T18:40:42.747+0900][18.745s][info][gc,heap     ] GC(15) ParOldGen: 140103K(175104K)->149644K(175104K)
[2026-03-24T18:40:42.747+0900][18.745s][info][gc,metaspace] GC(15) Metaspace: 181K(384K)->181K(384K) NonClass: 171K(256K)->171K(256K) Class: 10K(128K)->10K(128K)
[2026-03-24T18:40:42.747+0900][18.745s][info][gc          ] GC(15) Pause Young (Allocation Failure) 193M->155M(239M) 3.941ms
[2026-03-24T18:40:42.747+0900][18.745s][info][gc,cpu      ] GC(15) User=0.00s Sys=0.00s Real=0.00s
[2026-03-24T18:40:43.820+0900][19.815s][info][gc,start    ] GC(16) Pause Young (Allocation Failure)
[2026-03-24T18:40:43.820+0900][19.820s][info][gc,heap     ] GC(16) PSYoungGen: 58009K(69632K)->9533K(57344K) Eden: 48476K(48640K)->0K(47616K) From: 9533K(20992K)->9533K(9728K)
[2026-03-24T18:40:43.820+0900][19.820s][info][gc,heap     ] GC(16) ParOldGen: 149644K(175104K)->159186K(175104K)
[2026-03-24T18:40:43.820+0900][19.820s][info][gc,metaspace] GC(16) Metaspace: 181K(384K)->181K(384K) NonClass: 171K(256K)->171K(256K) Class: 10K(128K)->10K(128K)
[2026-03-24T18:40:43.820+0900][19.820s][info][gc          ] GC(16) Pause Young (Allocation Failure) 202M->164M(227M) 5.678ms
[2026-03-24T18:40:43.820+0900][19.820s][info][gc,cpu      ] GC(16) User=0.00s Sys=0.00s Real=0.00s
[2026-03-24T18:40:43.820+0900][19.820s][info][gc,start    ] GC(17) Pause Full (Ergonomics)
[2026-03-24T18:40:43.820+0900][19.820s][info][gc,phases,start] GC(17) Marking Phase
[2026-03-24T18:40:43.820+0900][19.822s][info][gc,phases      ] GC(17) Marking Phase 1.267ms
[2026-03-24T18:40:43.820+0900][19.822s][info][gc,phases,start] GC(17) Summary Phase
[2026-03-24T18:40:43.820+0900][19.822s][info][gc,phases      ] GC(17) Summary Phase 0.025ms
[2026-03-24T18:40:43.820+0900][19.822s][info][gc,phases,start] GC(17) Adjust Roots
[2026-03-24T18:40:43.820+0900][19.822s][info][gc,phases      ] GC(17) Adjust Roots 0.358ms
[2026-03-24T18:40:43.820+0900][19.822s][info][gc,phases,start] GC(17) Compaction Phase
[2026-03-24T18:40:43.836+0900][19.838s][info][gc,phases      ] GC(17) Compaction Phase 15.681ms
[2026-03-24T18:40:43.836+0900][19.838s][info][gc,phases,start] GC(17) Post Compact
[2026-03-24T18:40:43.836+0900][19.838s][info][gc,phases      ] GC(17) Post Compact 0.271ms
[2026-03-24T18:40:43.836+0900][19.838s][info][gc,heap        ] GC(17) PSYoungGen: 9533K(57344K)->0K(68608K) Eden: 0K(47616K)->0K(47104K) From: 9533K(9728K)->0K(21504K)
[2026-03-24T18:40:43.836+0900][19.838s][info][gc,heap        ] GC(17) ParOldGen: 159186K(175104K)->168337K(249344K)
[2026-03-24T18:40:43.836+0900][19.838s][info][gc,metaspace   ] GC(17) Metaspace: 181K(384K)->181K(384K) NonClass: 171K(256K)->171K(256K) Class: 10K(128K)->10K(128K)
[2026-03-24T18:40:43.836+0900][19.838s][info][gc             ] GC(17) Pause Full (Ergonomics) 164M->164M(310M) 18.140ms
[2026-03-24T18:40:43.836+0900][19.838s][info][gc,cpu         ] GC(17) User=0.00s Sys=0.00s Real=0.02s
[2026-03-24T18:40:44.958+0900][20.953s][info][gc,start       ] GC(18) Pause Young (Allocation Failure)
[2026-03-24T18:40:44.960+0900][20.954s][info][gc,heap        ] GC(18) PSYoungGen: 45900K(68608K)->9225K(56320K) Eden: 45900K(47104K)->0K(46592K) From: 0K(21504K)->9225K(9728K)
[2026-03-24T18:40:44.960+0900][20.954s][info][gc,heap        ] GC(18) ParOldGen: 168337K(249344K)->168337K(249344K)
[2026-03-24T18:40:44.960+0900][20.955s][info][gc,metaspace   ] GC(18) Metaspace: 181K(384K)->181K(384K) NonClass: 171K(256K)->171K(256K) Class: 10K(128K)->10K(128K)
[2026-03-24T18:40:44.960+0900][20.955s][info][gc             ] GC(18) Pause Young (Allocation Failure) 209M->173M(298M) 1.977ms
[2026-03-24T18:40:44.960+0900][20.955s][info][gc,cpu         ] GC(18) User=0.02s Sys=0.00s Real=0.00s
[2026-03-24T18:40:45.968+0900][21.963s][info][gc,start       ] GC(19) Pause Young (Allocation Failure)
[2026-03-24T18:40:45.971+0900][21.965s][info][gc,heap        ] GC(19) PSYoungGen: 55732K(56320K)->9097K(65024K) Eden: 46506K(46592K)->0K(46080K) From: 9225K(9728K)->9097K(18944K)
[2026-03-24T18:40:45.971+0900][21.965s][info][gc,heap        ] GC(19) ParOldGen: 168337K(249344K)->177395K(249344K)
[2026-03-24T18:40:45.971+0900][21.965s][info][gc,metaspace   ] GC(19) Metaspace: 181K(384K)->181K(384K) NonClass: 171K(256K)->171K(256K) Class: 10K(128K)->10K(128K)
[2026-03-24T18:40:45.971+0900][21.965s][info][gc             ] GC(19) Pause Young (Allocation Failure) 218M->182M(307M) 2.109ms
[2026-03-24T18:40:45.971+0900][21.965s][info][gc,cpu         ] GC(19) User=0.00s Sys=0.00s Real=0.00s
[2026-03-24T18:40:46.996+0900][22.990s][info][gc,start       ] GC(20) Pause Young (Allocation Failure)
[2026-03-24T18:40:46.996+0900][22.994s][info][gc,heap        ] GC(20) PSYoungGen: 55177K(65024K)->9033K(54784K) Eden: 46080K(46080K)->0K(45568K) From: 9097K(18944K)->9033K(9216K)
[2026-03-24T18:40:46.996+0900][22.994s][info][gc,heap        ] GC(20) ParOldGen: 177395K(249344K)->186463K(249344K)
[2026-03-24T18:40:46.996+0900][22.994s][info][gc,metaspace   ] GC(20) Metaspace: 181K(384K)->181K(384K) NonClass: 171K(256K)->171K(256K) Class: 10K(128K)->10K(128K)
[2026-03-24T18:40:46.996+0900][22.994s][info][gc             ] GC(20) Pause Young (Allocation Failure) 227M->190M(297M) 3.693ms
[2026-03-24T18:40:46.996+0900][22.994s][info][gc,cpu         ] GC(20) User=0.00s Sys=0.00s Real=0.00s
[2026-03-24T18:40:47.972+0900][23.967s][info][gc,start       ] GC(21) Pause Young (Allocation Failure)
[2026-03-24T18:40:47.972+0900][23.970s][info][gc,heap        ] GC(21) PSYoungGen: 52805K(54784K)->8533K(64512K) Eden: 43772K(45568K)->0K(45056K) From: 9033K(9216K)->8533K(19456K)
[2026-03-24T18:40:47.972+0900][23.970s][info][gc,heap        ] GC(21) ParOldGen: 186463K(249344K)->195520K(249344K)
[2026-03-24T18:40:47.972+0900][23.970s][info][gc,metaspace   ] GC(21) Metaspace: 181K(384K)->181K(384K) NonClass: 171K(256K)->171K(256K) Class: 10K(128K)->10K(128K)
[2026-03-24T18:40:47.972+0900][23.970s][info][gc             ] GC(21) Pause Young (Allocation Failure) 233M->199M(306M) 3.618ms
[2026-03-24T18:40:47.972+0900][23.970s][info][gc,cpu         ] GC(21) User=0.00s Sys=0.00s Real=0.00s
[2026-03-24T18:40:49.012+0900][25.007s][info][gc,start       ] GC(22) Pause Young (Allocation Failure)
[2026-03-24T18:40:49.012+0900][25.012s][info][gc,heap        ] GC(22) PSYoungGen: 51941K(64512K)->8533K(53248K) Eden: 43408K(45056K)->0K(44544K) From: 8533K(19456K)->8533K(8704K)
[2026-03-24T18:40:49.012+0900][25.012s][info][gc,heap        ] GC(22) ParOldGen: 195520K(249344K)->204078K(249344K)
[2026-03-24T18:40:49.012+0900][25.012s][info][gc,metaspace   ] GC(22) Metaspace: 181K(384K)->181K(384K) NonClass: 171K(256K)->171K(256K) Class: 10K(128K)->10K(128K)
[2026-03-24T18:40:49.012+0900][25.012s][info][gc             ] GC(22) Pause Young (Allocation Failure) 241M->207M(295M) 5.426ms
[2026-03-24T18:40:49.012+0900][25.012s][info][gc,cpu         ] GC(22) User=0.00s Sys=0.00s Real=0.00s
[2026-03-24T18:40:50.059+0900][26.053s][info][gc,start       ] GC(23) Pause Young (Allocation Failure)
[2026-03-24T18:40:50.059+0900][26.057s][info][gc,heap        ] GC(23) PSYoungGen: 51933K(53248K)->8533K(61952K) Eden: 43399K(44544K)->0K(44032K) From: 8533K(8704K)->8533K(17920K)
[2026-03-24T18:40:50.059+0900][26.057s][info][gc,heap        ] GC(23) ParOldGen: 204078K(249344K)->212635K(249344K)
[2026-03-24T18:40:50.059+0900][26.057s][info][gc,metaspace   ] GC(23) Metaspace: 181K(384K)->181K(384K) NonClass: 171K(256K)->171K(256K) Class: 10K(128K)->10K(128K)
[2026-03-24T18:40:50.059+0900][26.057s][info][gc             ] GC(23) Pause Young (Allocation Failure) 250M->215M(304M) 4.279ms
[2026-03-24T18:40:50.059+0900][26.057s][info][gc,cpu         ] GC(23) User=0.00s Sys=0.00s Real=0.00s
[2026-03-24T18:40:51.102+0900][27.097s][info][gc,start       ] GC(24) Pause Young (Allocation Failure)
[2026-03-24T18:40:51.102+0900][27.102s][info][gc,heap        ] GC(24) PSYoungGen: 51925K(61952K)->8533K(52224K) Eden: 43392K(44032K)->0K(43520K) From: 8533K(17920K)->8533K(8704K)
[2026-03-24T18:40:51.102+0900][27.102s][info][gc,heap        ] GC(24) ParOldGen: 212635K(249344K)->221192K(249344K)
[2026-03-24T18:40:51.102+0900][27.102s][info][gc,metaspace   ] GC(24) Metaspace: 181K(384K)->181K(384K) NonClass: 171K(256K)->171K(256K) Class: 10K(128K)->10K(128K)
[2026-03-24T18:40:51.102+0900][27.102s][info][gc             ] GC(24) Pause Young (Allocation Failure) 258M->224M(294M) 5.201ms
[2026-03-24T18:40:51.102+0900][27.102s][info][gc,cpu         ] GC(24) User=0.00s Sys=0.00s Real=0.00s
[2026-03-24T18:40:52.154+0900][28.148s][info][gc,start       ] GC(25) Pause Young (Allocation Failure)
[2026-03-24T18:40:52.154+0900][28.153s][info][gc,heap        ] GC(25) PSYoungGen: 51916K(52224K)->8533K(59904K) Eden: 43383K(43520K)->0K(43008K) From: 8533K(8704K)->8533K(16896K)
[2026-03-24T18:40:52.154+0900][28.153s][info][gc,heap        ] GC(25) ParOldGen: 221192K(249344K)->229750K(249344K)
[2026-03-24T18:40:52.154+0900][28.153s][info][gc,metaspace   ] GC(25) Metaspace: 181K(384K)->181K(384K) NonClass: 171K(256K)->171K(256K) Class: 10K(128K)->10K(128K)
[2026-03-24T18:40:52.154+0900][28.153s][info][gc             ] GC(25) Pause Young (Allocation Failure) 266M->232M(302M) 4.575ms
[2026-03-24T18:40:52.154+0900][28.153s][info][gc,cpu         ] GC(25) User=0.00s Sys=0.00s Real=0.00s
[2026-03-24T18:40:53.128+0900][29.123s][info][gc,start       ] GC(26) Pause Young (Allocation Failure)
[2026-03-24T18:40:53.128+0900][29.125s][info][gc,heap        ] GC(26) PSYoungGen: 51507K(59904K)->8165K(50688K) Eden: 42974K(43008K)->0K(42496K) From: 8533K(16896K)->8165K(8192K)
[2026-03-24T18:40:53.128+0900][29.125s][info][gc,heap        ] GC(26) ParOldGen: 229750K(249344K)->238307K(249344K)
[2026-03-24T18:40:53.128+0900][29.125s][info][gc,metaspace   ] GC(26) Metaspace: 181K(384K)->181K(384K) NonClass: 171K(256K)->171K(256K) Class: 10K(128K)->10K(128K)
[2026-03-24T18:40:53.128+0900][29.125s][info][gc             ] GC(26) Pause Young (Allocation Failure) 274M->240M(293M) 2.207ms
[2026-03-24T18:40:53.128+0900][29.125s][info][gc,cpu         ] GC(26) User=0.00s Sys=0.00s Real=0.00s
[2026-03-24T18:40:53.128+0900][29.125s][info][gc,start       ] GC(27) Pause Full (Ergonomics)
[2026-03-24T18:40:53.128+0900][29.125s][info][gc,phases,start] GC(27) Marking Phase
[2026-03-24T18:40:53.128+0900][29.126s][info][gc,phases      ] GC(27) Marking Phase 0.903ms
[2026-03-24T18:40:53.128+0900][29.126s][info][gc,phases,start] GC(27) Summary Phase
[2026-03-24T18:40:53.128+0900][29.126s][info][gc,phases      ] GC(27) Summary Phase 0.014ms
[2026-03-24T18:40:53.128+0900][29.126s][info][gc,phases,start] GC(27) Adjust Roots
[2026-03-24T18:40:53.128+0900][29.126s][info][gc,phases      ] GC(27) Adjust Roots 0.222ms
[2026-03-24T18:40:53.128+0900][29.126s][info][gc,phases,start] GC(27) Compaction Phase
[2026-03-24T18:40:53.128+0900][29.130s][info][gc,phases      ] GC(27) Compaction Phase 4.047ms
[2026-03-24T18:40:53.128+0900][29.130s][info][gc,phases,start] GC(27) Post Compact
[2026-03-24T18:40:53.128+0900][29.130s][info][gc,phases      ] GC(27) Post Compact 0.316ms
[2026-03-24T18:40:53.128+0900][29.131s][info][gc,heap        ] GC(27) PSYoungGen: 8165K(50688K)->0K(58880K) Eden: 0K(42496K)->0K(41984K) From: 8165K(8192K)->0K(16896K)
[2026-03-24T18:40:53.128+0900][29.131s][info][gc,heap        ] GC(27) ParOldGen: 238307K(249344K)->245972K(320512K)
[2026-03-24T18:40:53.128+0900][29.131s][info][gc,metaspace   ] GC(27) Metaspace: 181K(384K)->181K(384K) NonClass: 171K(256K)->171K(256K) Class: 10K(128K)->10K(128K)
[2026-03-24T18:40:53.128+0900][29.131s][info][gc             ] GC(27) Pause Full (Ergonomics) 240M->240M(370M) 6.006ms
[2026-03-24T18:40:53.128+0900][29.131s][info][gc,cpu         ] GC(27) User=0.00s Sys=0.00s Real=0.00s
[2026-03-24T18:40:54.153+0900][30.147s][info][gc,start       ] GC(28) Pause Young (Allocation Failure)
[2026-03-24T18:40:54.153+0900][30.149s][info][gc,heap        ] GC(28) PSYoungGen: 41206K(58880K)->8657K(50176K) Eden: 41206K(41984K)->0K(41472K) From: 0K(16896K)->8657K(8704K)
[2026-03-24T18:40:54.153+0900][30.149s][info][gc,heap        ] GC(28) ParOldGen: 245972K(320512K)->245972K(320512K)
[2026-03-24T18:40:54.153+0900][30.149s][info][gc,metaspace   ] GC(28) Metaspace: 181K(384K)->181K(384K) NonClass: 171K(256K)->171K(256K) Class: 10K(128K)->10K(128K)
[2026-03-24T18:40:54.153+0900][30.149s][info][gc             ] GC(28) Pause Young (Allocation Failure) 280M->248M(362M) 2.188ms
[2026-03-24T18:40:54.153+0900][30.150s][info][gc,cpu         ] GC(28) User=0.00s Sys=0.00s Real=0.00s
[2026-03-24T18:40:55.142+0900][31.136s][info][gc,start       ] GC(29) Pause Young (Allocation Failure)
[2026-03-24T18:40:55.142+0900][31.142s][info][gc,heap        ] GC(29) PSYoungGen: 49448K(50176K)->8033K(56320K) Eden: 40791K(41472K)->0K(40960K) From: 8657K(8704K)->8033K(15360K)
[2026-03-24T18:40:55.142+0900][31.142s][info][gc,heap        ] GC(29) ParOldGen: 245972K(320512K)->254438K(320512K)
[2026-03-24T18:40:55.142+0900][31.142s][info][gc,metaspace   ] GC(29) Metaspace: 181K(384K)->181K(384K) NonClass: 171K(256K)->171K(256K) Class: 10K(128K)->10K(128K)
[2026-03-24T18:40:55.142+0900][31.142s][info][gc             ] GC(29) Pause Young (Allocation Failure) 288M->256M(368M) 5.507ms
[2026-03-24T18:40:55.142+0900][31.142s][info][gc,cpu         ] GC(29) User=0.00s Sys=0.00s Real=0.00s
[2026-03-24T18:40:56.114+0900][32.109s][info][gc,start       ] GC(30) Pause Young (Allocation Failure)
[2026-03-24T18:40:56.114+0900][32.114s][info][gc,heap        ] GC(30) PSYoungGen: 48859K(56320K)->8033K(48640K) Eden: 40825K(40960K)->0K(40448K) From: 8033K(15360K)->8033K(8192K)
[2026-03-24T18:40:56.114+0900][32.115s][info][gc,heap        ] GC(30) ParOldGen: 254438K(320512K)->262503K(320512K)
[2026-03-24T18:40:56.114+0900][32.115s][info][gc,metaspace   ] GC(30) Metaspace: 181K(384K)->181K(384K) NonClass: 171K(256K)->171K(256K) Class: 10K(128K)->10K(128K)
[2026-03-24T18:40:56.114+0900][32.115s][info][gc             ] GC(30) Pause Young (Allocation Failure) 296M->264M(360M) 5.896ms
[2026-03-24T18:40:56.114+0900][32.115s][info][gc,cpu         ] GC(30) User=0.00s Sys=0.00s Real=0.00s
[2026-03-24T18:40:56.996+0900][32.990s][info][gc,start       ] GC(31) Pause Young (Allocation Failure)
[2026-03-24T18:40:56.996+0900][32.992s][info][gc,heap        ] GC(31) PSYoungGen: 48393K(48640K)->7565K(55296K) Eden: 40360K(40448K)->0K(39936K) From: 8033K(8192K)->7565K(15360K)
[2026-03-24T18:40:56.996+0900][32.992s][info][gc,heap        ] GC(31) ParOldGen: 262503K(320512K)->270568K(320512K)
[2026-03-24T18:40:56.996+0900][32.992s][info][gc,metaspace   ] GC(31) Metaspace: 181K(384K)->181K(384K) NonClass: 171K(256K)->171K(256K) Class: 10K(128K)->10K(128K)
[2026-03-24T18:40:56.996+0900][32.992s][info][gc             ] GC(31) Pause Young (Allocation Failure) 303M->271M(367M) 1.952ms
[2026-03-24T18:40:56.996+0900][32.992s][info][gc,cpu         ] GC(31) User=0.00s Sys=0.00s Real=0.00s
[2026-03-24T18:40:57.928+0900][33.923s][info][gc,start       ] GC(32) Pause Young (Allocation Failure)
[2026-03-24T18:40:57.928+0900][33.928s][info][gc,heap        ] GC(32) PSYoungGen: 46373K(55296K)->8081K(47616K) Eden: 38808K(39936K)->0K(39424K) From: 7565K(15360K)->8081K(8192K)
[2026-03-24T18:40:57.928+0900][33.928s][info][gc,heap        ] GC(32) ParOldGen: 270568K(320512K)->278133K(320512K)
[2026-03-24T18:40:57.928+0900][33.928s][info][gc,metaspace   ] GC(32) Metaspace: 181K(384K)->181K(384K) NonClass: 171K(256K)->171K(256K) Class: 10K(128K)->10K(128K)
[2026-03-24T18:40:57.928+0900][33.928s][info][gc             ] GC(32) Pause Young (Allocation Failure) 309M->279M(359M) 5.156ms
[2026-03-24T18:40:57.928+0900][33.928s][info][gc,cpu         ] GC(32) User=0.00s Sys=0.00s Real=0.00s
[2026-03-24T18:40:58.833+0900][34.828s][info][gc,start       ] GC(33) Pause Young (Allocation Failure)
[2026-03-24T18:40:58.836+0900][34.830s][info][gc,heap        ] GC(33) PSYoungGen: 46383K(47616K)->7629K(52736K) Eden: 38301K(39424K)->0K(38912K) From: 8081K(8192K)->7629K(13824K)
[2026-03-24T18:40:58.836+0900][34.830s][info][gc,heap        ] GC(33) ParOldGen: 278133K(320512K)->286207K(320512K)
[2026-03-24T18:40:58.836+0900][34.830s][info][gc,metaspace   ] GC(33) Metaspace: 181K(384K)->181K(384K) NonClass: 171K(256K)->171K(256K) Class: 10K(128K)->10K(128K)
[2026-03-24T18:40:58.836+0900][34.830s][info][gc             ] GC(33) Pause Young (Allocation Failure) 316M->286M(364M) 2.515ms
[2026-03-24T18:40:58.836+0900][34.830s][info][gc,cpu         ] GC(33) User=0.00s Sys=0.02s Real=0.00s
[2026-03-24T18:40:59.801+0900][35.795s][info][gc,start       ] GC(34) Pause Young (Allocation Failure)
[2026-03-24T18:40:59.801+0900][35.797s][info][gc,heap        ] GC(34) PSYoungGen: 45923K(52736K)->7533K(46080K) Eden: 38294K(38912K)->0K(38400K) From: 7629K(13824K)->7533K(7680K)
[2026-03-24T18:40:59.801+0900][35.797s][info][gc,heap        ] GC(34) ParOldGen: 286207K(320512K)->293772K(320512K)
[2026-03-24T18:40:59.801+0900][35.797s][info][gc,metaspace   ] GC(34) Metaspace: 181K(384K)->181K(384K) NonClass: 171K(256K)->171K(256K) Class: 10K(128K)->10K(128K)
[2026-03-24T18:40:59.801+0900][35.797s][info][gc             ] GC(34) Pause Young (Allocation Failure) 324M->294M(358M) 2.043ms
[2026-03-24T18:40:59.801+0900][35.797s][info][gc,cpu         ] GC(34) User=0.00s Sys=0.00s Real=0.00s
[2026-03-24T18:41:00.662+0900][36.657s][info][gc,start       ] GC(35) Pause Young (Allocation Failure)
[2026-03-24T18:41:00.662+0900][36.659s][info][gc,heap        ] GC(35) PSYoungGen: 45818K(46080K)->7533K(51712K) Eden: 38285K(38400K)->0K(37888K) From: 7533K(7680K)->7533K(13824K)
[2026-03-24T18:41:00.662+0900][36.659s][info][gc,heap        ] GC(35) ParOldGen: 293772K(320512K)->301329K(320512K)
[2026-03-24T18:41:00.662+0900][36.659s][info][gc,metaspace   ] GC(35) Metaspace: 181K(384K)->181K(384K) NonClass: 171K(256K)->171K(256K) Class: 10K(128K)->10K(128K)
[2026-03-24T18:41:00.662+0900][36.659s][info][gc             ] GC(35) Pause Young (Allocation Failure) 331M->301M(363M) 2.200ms
[2026-03-24T18:41:00.662+0900][36.659s][info][gc,cpu         ] GC(35) User=0.00s Sys=0.00s Real=0.00s
[2026-03-24T18:41:01.512+0900][37.507s][info][gc,start       ] GC(36) Pause Young (Allocation Failure)
[2026-03-24T18:41:01.512+0900][37.509s][info][gc,heap        ] GC(36) PSYoungGen: 45409K(51712K)->7165K(44544K) Eden: 37875K(37888K)->0K(37376K) From: 7533K(13824K)->7165K(7168K)
[2026-03-24T18:41:01.512+0900][37.509s][info][gc,heap        ] GC(36) ParOldGen: 301329K(320512K)->308894K(320512K)
[2026-03-24T18:41:01.512+0900][37.509s][info][gc,metaspace   ] GC(36) Metaspace: 181K(384K)->181K(384K) NonClass: 171K(256K)->171K(256K) Class: 10K(128K)->10K(128K)
[2026-03-24T18:41:01.512+0900][37.509s][info][gc             ] GC(36) Pause Young (Allocation Failure) 338M->308M(356M) 2.263ms
[2026-03-24T18:41:01.512+0900][37.509s][info][gc,cpu         ] GC(36) User=0.00s Sys=0.00s Real=0.00s
[2026-03-24T18:41:02.369+0900][38.364s][info][gc,start       ] GC(37) Pause Young (Allocation Failure)
[2026-03-24T18:41:02.369+0900][38.369s][info][gc,heap        ] GC(37) PSYoungGen: 43283K(44544K)->7433K(50176K) Eden: 36118K(37376K)->0K(36864K) From: 7165K(7168K)->7433K(13312K)
[2026-03-24T18:41:02.369+0900][38.369s][info][gc,heap        ] GC(37) ParOldGen: 308894K(320512K)->316060K(320512K)
[2026-03-24T18:41:02.369+0900][38.369s][info][gc,metaspace   ] GC(37) Metaspace: 181K(384K)->181K(384K) NonClass: 171K(256K)->171K(256K) Class: 10K(128K)->10K(128K)
[2026-03-24T18:41:02.369+0900][38.369s][info][gc             ] GC(37) Pause Young (Allocation Failure) 343M->315M(362M) 5.511ms
[2026-03-24T18:41:02.369+0900][38.369s][info][gc,cpu         ] GC(37) User=0.00s Sys=0.00s Real=0.00s
[2026-03-24T18:41:02.369+0900][38.369s][info][gc,start       ] GC(38) Pause Full (Ergonomics)
[2026-03-24T18:41:02.369+0900][38.369s][info][gc,phases,start] GC(38) Marking Phase
[2026-03-24T18:41:02.369+0900][38.371s][info][gc,phases      ] GC(38) Marking Phase 1.824ms
[2026-03-24T18:41:02.369+0900][38.371s][info][gc,phases,start] GC(38) Summary Phase
[2026-03-24T18:41:02.369+0900][38.371s][info][gc,phases      ] GC(38) Summary Phase 0.026ms
[2026-03-24T18:41:02.369+0900][38.371s][info][gc,phases,start] GC(38) Adjust Roots
[2026-03-24T18:41:02.369+0900][38.371s][info][gc,phases      ] GC(38) Adjust Roots 0.152ms
[2026-03-24T18:41:02.369+0900][38.372s][info][gc,phases,start] GC(38) Compaction Phase
[2026-03-24T18:41:02.385+0900][38.382s][info][gc,phases      ] GC(38) Compaction Phase 10.454ms
[2026-03-24T18:41:02.385+0900][38.382s][info][gc,phases,start] GC(38) Post Compact
[2026-03-24T18:41:02.385+0900][38.382s][info][gc,phases      ] GC(38) Post Compact 0.434ms
[2026-03-24T18:41:02.385+0900][38.383s][info][gc,heap        ] GC(38) PSYoungGen: 7433K(50176K)->2800K(49152K) Eden: 0K(36864K)->0K(36352K) From: 7433K(13312K)->2800K(12800K)
[2026-03-24T18:41:02.385+0900][38.383s][info][gc,heap        ] GC(38) ParOldGen: 316060K(320512K)->320094K(349696K)
[2026-03-24T18:41:02.385+0900][38.383s][info][gc,metaspace   ] GC(38) Metaspace: 181K(384K)->181K(384K) NonClass: 171K(256K)->171K(256K) Class: 10K(128K)->10K(128K)
[2026-03-24T18:41:02.385+0900][38.383s][info][gc             ] GC(38) Pause Full (Ergonomics) 315M->315M(389M) 13.405ms
[2026-03-24T18:41:02.385+0900][38.383s][info][gc,cpu         ] GC(38) User=0.02s Sys=0.00s Real=0.02s
[2026-03-24T18:41:03.257+0900][39.252s][info][gc,start       ] GC(39) Pause Young (Allocation Failure)
[2026-03-24T18:41:03.257+0900][39.255s][info][gc,heap        ] GC(39) PSYoungGen: 38498K(49152K)->7161K(43008K) Eden: 35698K(36352K)->0K(35840K) From: 2800K(12800K)->7161K(7168K)
[2026-03-24T18:41:03.257+0900][39.255s][info][gc,heap        ] GC(39) ParOldGen: 320094K(349696K)->322895K(349696K)
[2026-03-24T18:41:03.257+0900][39.255s][info][gc,metaspace   ] GC(39) Metaspace: 181K(384K)->181K(384K) NonClass: 171K(256K)->171K(256K) Class: 10K(128K)->10K(128K)
[2026-03-24T18:41:03.257+0900][39.255s][info][gc             ] GC(39) Pause Young (Allocation Failure) 350M->322M(383M) 3.765ms
[2026-03-24T18:41:03.257+0900][39.255s][info][gc,cpu         ] GC(39) User=0.00s Sys=0.00s Real=0.00s
[2026-03-24T18:41:04.116+0900][40.110s][info][gc,start       ] GC(40) Pause Young (Allocation Failure)
[2026-03-24T18:41:04.116+0900][40.113s][info][gc,heap        ] GC(40) PSYoungGen: 43001K(43008K)->7033K(48128K) Eden: 35840K(35840K)->0K(35328K) From: 7161K(7168K)->7033K(12800K)
[2026-03-24T18:41:04.116+0900][40.113s][info][gc,heap        ] GC(40) ParOldGen: 322895K(349696K)->329960K(349696K)
[2026-03-24T18:41:04.116+0900][40.113s][info][gc,metaspace   ] GC(40) Metaspace: 181K(384K)->181K(384K) NonClass: 171K(256K)->171K(256K) Class: 10K(128K)->10K(128K)
[2026-03-24T18:41:04.116+0900][40.113s][info][gc             ] GC(40) Pause Young (Allocation Failure) 357M->329M(388M) 2.615ms
[2026-03-24T18:41:04.116+0900][40.113s][info][gc,cpu         ] GC(40) User=0.00s Sys=0.00s Real=0.00s
[2026-03-24T18:41:04.925+0900][40.920s][info][gc,start       ] GC(41) Pause Young (Allocation Failure)
[2026-03-24T18:41:04.925+0900][40.925s][info][gc,heap        ] GC(41) PSYoungGen: 40380K(48128K)->6533K(41472K) Eden: 33347K(35328K)->0K(34816K) From: 7033K(12800K)->6533K(6656K)
[2026-03-24T18:41:04.925+0900][40.926s][info][gc,heap        ] GC(41) ParOldGen: 329960K(349696K)->337025K(349696K)
[2026-03-24T18:41:04.925+0900][40.926s][info][gc,metaspace   ] GC(41) Metaspace: 181K(384K)->181K(384K) NonClass: 171K(256K)->171K(256K) Class: 10K(128K)->10K(128K)
[2026-03-24T18:41:04.925+0900][40.926s][info][gc             ] GC(41) Pause Young (Allocation Failure) 361M->335M(382M) 5.779ms
[2026-03-24T18:41:04.925+0900][40.926s][info][gc,cpu         ] GC(41) User=0.00s Sys=0.00s Real=0.00s
[2026-03-24T18:41:05.727+0900][41.721s][info][gc,start       ] GC(42) Pause Young (Allocation Failure)
[2026-03-24T18:41:05.727+0900][41.727s][info][gc,heap        ] GC(42) PSYoungGen: 39733K(41472K)->6533K(46592K) Eden: 33200K(34816K)->0K(34304K) From: 6533K(6656K)->6533K(12288K)
[2026-03-24T18:41:05.727+0900][41.727s][info][gc,heap        ] GC(42) ParOldGen: 337025K(349696K)->343582K(349696K)
[2026-03-24T18:41:05.727+0900][41.727s][info][gc,metaspace   ] GC(42) Metaspace: 181K(384K)->181K(384K) NonClass: 171K(256K)->171K(256K) Class: 10K(128K)->10K(128K)
[2026-03-24T18:41:05.727+0900][41.727s][info][gc             ] GC(42) Pause Young (Allocation Failure) 367M->341M(387M) 5.820ms
[2026-03-24T18:41:05.727+0900][41.727s][info][gc,cpu         ] GC(42) User=0.00s Sys=0.00s Real=0.00s
[2026-03-24T18:41:05.727+0900][41.727s][info][gc,start       ] GC(43) Pause Full (Ergonomics)
[2026-03-24T18:41:05.727+0900][41.727s][info][gc,phases,start] GC(43) Marking Phase
[2026-03-24T18:41:05.727+0900][41.728s][info][gc,phases      ] GC(43) Marking Phase 0.862ms
[2026-03-24T18:41:05.727+0900][41.728s][info][gc,phases,start] GC(43) Summary Phase
[2026-03-24T18:41:05.727+0900][41.728s][info][gc,phases      ] GC(43) Summary Phase 0.013ms
[2026-03-24T18:41:05.727+0900][41.728s][info][gc,phases,start] GC(43) Adjust Roots
[2026-03-24T18:41:05.727+0900][41.728s][info][gc,phases      ] GC(43) Adjust Roots 0.161ms
[2026-03-24T18:41:05.727+0900][41.728s][info][gc,phases,start] GC(43) Compaction Phase
[2026-03-24T18:41:05.727+0900][41.730s][info][gc,phases      ] GC(43) Compaction Phase 1.942ms
[2026-03-24T18:41:05.727+0900][41.730s][info][gc,phases,start] GC(43) Post Compact
[2026-03-24T18:41:05.727+0900][41.731s][info][gc,phases      ] GC(43) Post Compact 0.424ms
[2026-03-24T18:41:05.727+0900][41.731s][info][gc,heap        ] GC(43) PSYoungGen: 6533K(46592K)->300K(45568K) Eden: 0K(34304K)->0K(33792K) From: 6533K(12288K)->300K(11776K)
[2026-03-24T18:41:05.727+0900][41.731s][info][gc,heap        ] GC(43) ParOldGen: 343582K(349696K)->349603K(349696K)
[2026-03-24T18:41:05.727+0900][41.731s][info][gc,metaspace   ] GC(43) Metaspace: 181K(384K)->181K(384K) NonClass: 171K(256K)->171K(256K) Class: 10K(128K)->10K(128K)
[2026-03-24T18:41:05.727+0900][41.731s][info][gc             ] GC(43) Pause Full (Ergonomics) 341M->341M(386M) 3.698ms
[2026-03-24T18:41:05.727+0900][41.731s][info][gc,cpu         ] GC(43) User=0.00s Sys=0.00s Real=0.00s
[2026-03-24T18:41:06.531+0900][42.526s][info][gc,start       ] GC(44) Pause Full (Ergonomics)
[2026-03-24T18:41:06.531+0900][42.526s][info][gc,phases,start] GC(44) Marking Phase
[2026-03-24T18:41:06.531+0900][42.528s][info][gc,phases      ] GC(44) Marking Phase 1.835ms
[2026-03-24T18:41:06.531+0900][42.528s][info][gc,phases,start] GC(44) Summary Phase
[2026-03-24T18:41:06.531+0900][42.528s][info][gc,phases      ] GC(44) Summary Phase 0.045ms
[2026-03-24T18:41:06.531+0900][42.528s][info][gc,phases,start] GC(44) Adjust Roots
[2026-03-24T18:41:06.531+0900][42.528s][info][gc,phases      ] GC(44) Adjust Roots 0.307ms
[2026-03-24T18:41:06.531+0900][42.528s][info][gc,phases,start] GC(44) Compaction Phase
[2026-03-24T18:41:06.531+0900][42.530s][info][gc,phases      ] GC(44) Compaction Phase 1.501ms
[2026-03-24T18:41:06.531+0900][42.530s][info][gc,phases,start] GC(44) Post Compact
[2026-03-24T18:41:06.531+0900][42.531s][info][gc,phases      ] GC(44) Post Compact 1.730ms
[2026-03-24T18:41:06.531+0900][42.532s][info][gc,heap        ] GC(44) PSYoungGen: 33488K(45568K)->6802K(46592K) Eden: 33187K(33792K)->6802K(33792K) From: 300K(11776K)->0K(12800K)
[2026-03-24T18:41:06.531+0900][42.532s][info][gc,heap        ] GC(44) ParOldGen: 349603K(349696K)->349603K(349696K)
[2026-03-24T18:41:06.531+0900][42.532s][info][gc,metaspace   ] GC(44) Metaspace: 181K(384K)->181K(384K) NonClass: 171K(256K)->171K(256K) Class: 10K(128K)->10K(128K)
[2026-03-24T18:41:06.531+0900][42.532s][info][gc             ] GC(44) Pause Full (Ergonomics) 374M->348M(387M) 6.232ms
[2026-03-24T18:41:06.531+0900][42.532s][info][gc,cpu         ] GC(44) User=0.00s Sys=0.00s Real=0.00s
[2026-03-24T18:41:07.151+0900][43.146s][info][gc,start       ] GC(45) Pause Full (Ergonomics)
[2026-03-24T18:41:07.151+0900][43.146s][info][gc,phases,start] GC(45) Marking Phase
[2026-03-24T18:41:07.151+0900][43.147s][info][gc,phases      ] GC(45) Marking Phase 1.660ms
[2026-03-24T18:41:07.151+0900][43.148s][info][gc,phases,start] GC(45) Summary Phase
[2026-03-24T18:41:07.151+0900][43.148s][info][gc,phases      ] GC(45) Summary Phase 0.045ms
[2026-03-24T18:41:07.151+0900][43.148s][info][gc,phases,start] GC(45) Adjust Roots
[2026-03-24T18:41:07.151+0900][43.148s][info][gc,phases      ] GC(45) Adjust Roots 0.297ms
[2026-03-24T18:41:07.151+0900][43.148s][info][gc,phases,start] GC(45) Compaction Phase
[2026-03-24T18:41:07.151+0900][43.149s][info][gc,phases      ] GC(45) Compaction Phase 1.406ms
[2026-03-24T18:41:07.151+0900][43.150s][info][gc,phases,start] GC(45) Post Compact
[2026-03-24T18:41:07.151+0900][43.151s][info][gc,phases      ] GC(45) Post Compact 0.934ms
[2026-03-24T18:41:07.151+0900][43.151s][info][gc,heap        ] GC(45) PSYoungGen: 32345K(46592K)->11803K(45056K) Eden: 32345K(33792K)->11803K(33792K) From: 0K(12800K)->0K(11264K)
[2026-03-24T18:41:07.151+0900][43.151s][info][gc,heap        ] GC(45) ParOldGen: 349603K(349696K)->349603K(349696K)
[2026-03-24T18:41:07.151+0900][43.151s][info][gc,metaspace   ] GC(45) Metaspace: 181K(384K)->181K(384K) NonClass: 171K(256K)->171K(256K) Class: 10K(128K)->10K(128K)
[2026-03-24T18:41:07.151+0900][43.151s][info][gc             ] GC(45) Pause Full (Ergonomics) 372M->352M(385M) 4.971ms
[2026-03-24T18:41:07.151+0900][43.151s][info][gc,cpu         ] GC(45) User=0.00s Sys=0.00s Real=0.00s
[2026-03-24T18:41:07.652+0900][43.646s][info][gc,start       ] GC(46) Pause Full (Ergonomics)
[2026-03-24T18:41:07.652+0900][43.647s][info][gc,phases,start] GC(46) Marking Phase
[2026-03-24T18:41:07.652+0900][43.648s][info][gc,phases      ] GC(46) Marking Phase 1.543ms
[2026-03-24T18:41:07.652+0900][43.648s][info][gc,phases,start] GC(46) Summary Phase
[2026-03-24T18:41:07.652+0900][43.648s][info][gc,phases      ] GC(46) Summary Phase 0.041ms
[2026-03-24T18:41:07.652+0900][43.648s][info][gc,phases,start] GC(46) Adjust Roots
[2026-03-24T18:41:07.652+0900][43.649s][info][gc,phases      ] GC(46) Adjust Roots 0.326ms
[2026-03-24T18:41:07.652+0900][43.649s][info][gc,phases,start] GC(46) Compaction Phase
[2026-03-24T18:41:07.652+0900][43.650s][info][gc,phases      ] GC(46) Compaction Phase 1.248ms
[2026-03-24T18:41:07.652+0900][43.650s][info][gc,phases,start] GC(46) Post Compact
[2026-03-24T18:41:07.652+0900][43.651s][info][gc,phases      ] GC(46) Post Compact 0.893ms
[2026-03-24T18:41:07.652+0900][43.651s][info][gc,heap        ] GC(46) PSYoungGen: 32205K(45056K)->15804K(46592K) Eden: 32205K(33792K)->15804K(33792K) From: 0K(11264K)->0K(12800K)
[2026-03-24T18:41:07.652+0900][43.651s][info][gc,heap        ] GC(46) ParOldGen: 349603K(349696K)->349603K(349696K)
[2026-03-24T18:41:07.652+0900][43.651s][info][gc,metaspace   ] GC(46) Metaspace: 181K(384K)->181K(384K) NonClass: 171K(256K)->171K(256K) Class: 10K(128K)->10K(128K)
[2026-03-24T18:41:07.652+0900][43.651s][info][gc             ] GC(46) Pause Full (Ergonomics) 372M->356M(387M) 4.668ms
[2026-03-24T18:41:07.652+0900][43.651s][info][gc,cpu         ] GC(46) User=0.00s Sys=0.00s Real=0.00s
[2026-03-24T18:41:08.088+0900][44.083s][info][gc,start       ] GC(47) Pause Full (Ergonomics)
[2026-03-24T18:41:08.088+0900][44.083s][info][gc,phases,start] GC(47) Marking Phase
[2026-03-24T18:41:08.088+0900][44.085s][info][gc,phases      ] GC(47) Marking Phase 1.647ms
[2026-03-24T18:41:08.088+0900][44.085s][info][gc,phases,start] GC(47) Summary Phase
[2026-03-24T18:41:08.088+0900][44.085s][info][gc,phases      ] GC(47) Summary Phase 0.042ms
[2026-03-24T18:41:08.088+0900][44.085s][info][gc,phases,start] GC(47) Adjust Roots
[2026-03-24T18:41:08.088+0900][44.085s][info][gc,phases      ] GC(47) Adjust Roots 0.305ms
[2026-03-24T18:41:08.088+0900][44.085s][info][gc,phases,start] GC(47) Compaction Phase
[2026-03-24T18:41:08.088+0900][44.086s][info][gc,phases      ] GC(47) Compaction Phase 1.157ms
[2026-03-24T18:41:08.088+0900][44.086s][info][gc,phases,start] GC(47) Post Compact
[2026-03-24T18:41:08.088+0900][44.087s][info][gc,phases      ] GC(47) Post Compact 0.836ms
[2026-03-24T18:41:08.088+0900][44.087s][info][gc,heap        ] GC(47) PSYoungGen: 33692K(46592K)->19305K(45056K) Eden: 33692K(33792K)->19305K(33792K) From: 0K(12800K)->0K(11264K)
[2026-03-24T18:41:08.088+0900][44.087s][info][gc,heap        ] GC(47) ParOldGen: 349603K(349696K)->349603K(349696K)
[2026-03-24T18:41:08.088+0900][44.087s][info][gc,metaspace   ] GC(47) Metaspace: 181K(384K)->181K(384K) NonClass: 171K(256K)->171K(256K) Class: 10K(128K)->10K(128K)
[2026-03-24T18:41:08.088+0900][44.087s][info][gc             ] GC(47) Pause Full (Ergonomics) 374M->360M(385M) 4.634ms
[2026-03-24T18:41:08.088+0900][44.087s][info][gc,cpu         ] GC(47) User=0.00s Sys=0.00s Real=0.00s
[2026-03-24T18:41:08.395+0900][44.390s][info][gc,start       ] GC(48) Pause Full (Ergonomics)
[2026-03-24T18:41:08.395+0900][44.390s][info][gc,phases,start] GC(48) Marking Phase
[2026-03-24T18:41:08.395+0900][44.390s][info][gc,phases      ] GC(48) Marking Phase 0.664ms
[2026-03-24T18:41:08.395+0900][44.390s][info][gc,phases,start] GC(48) Summary Phase
[2026-03-24T18:41:08.395+0900][44.390s][info][gc,phases      ] GC(48) Summary Phase 0.015ms
[2026-03-24T18:41:08.395+0900][44.390s][info][gc,phases,start] GC(48) Adjust Roots
[2026-03-24T18:41:08.395+0900][44.391s][info][gc,phases      ] GC(48) Adjust Roots 0.203ms
[2026-03-24T18:41:08.395+0900][44.391s][info][gc,phases,start] GC(48) Compaction Phase
[2026-03-24T18:41:08.395+0900][44.391s][info][gc,phases      ] GC(48) Compaction Phase 0.582ms
[2026-03-24T18:41:08.395+0900][44.391s][info][gc,phases,start] GC(48) Post Compact
[2026-03-24T18:41:08.395+0900][44.392s][info][gc,phases      ] GC(48) Post Compact 0.339ms
[2026-03-24T18:41:08.395+0900][44.392s][info][gc,heap        ] GC(48) PSYoungGen: 32130K(45056K)->21806K(46592K) Eden: 32130K(33792K)->21806K(33792K) From: 0K(11264K)->0K(12800K)
[2026-03-24T18:41:08.395+0900][44.392s][info][gc,heap        ] GC(48) ParOldGen: 349603K(349696K)->349603K(349696K)
[2026-03-24T18:41:08.395+0900][44.392s][info][gc,metaspace   ] GC(48) Metaspace: 181K(384K)->181K(384K) NonClass: 171K(256K)->171K(256K) Class: 10K(128K)->10K(128K)
[2026-03-24T18:41:08.395+0900][44.392s][info][gc             ] GC(48) Pause Full (Ergonomics) 372M->362M(387M) 2.083ms
[2026-03-24T18:41:08.395+0900][44.392s][info][gc,cpu         ] GC(48) User=0.00s Sys=0.00s Real=0.00s
[2026-03-24T18:41:08.643+0900][44.637s][info][gc,start       ] GC(49) Pause Full (Ergonomics)
[2026-03-24T18:41:08.649+0900][44.643s][info][gc,phases,start] GC(49) Marking Phase
[2026-03-24T18:41:08.649+0900][44.645s][info][gc,phases      ] GC(49) Marking Phase 1.801ms
[2026-03-24T18:41:08.649+0900][44.645s][info][gc,phases,start] GC(49) Summary Phase
[2026-03-24T18:41:08.649+0900][44.645s][info][gc,phases      ] GC(49) Summary Phase 0.043ms
[2026-03-24T18:41:08.649+0900][44.645s][info][gc,phases,start] GC(49) Adjust Roots
[2026-03-24T18:41:08.649+0900][44.645s][info][gc,phases      ] GC(49) Adjust Roots 0.317ms
[2026-03-24T18:41:08.649+0900][44.646s][info][gc,phases,start] GC(49) Compaction Phase
[2026-03-24T18:41:08.649+0900][44.647s][info][gc,phases      ] GC(49) Compaction Phase 1.381ms
[2026-03-24T18:41:08.649+0900][44.647s][info][gc,phases,start] GC(49) Post Compact
[2026-03-24T18:41:08.649+0900][44.648s][info][gc,phases      ] GC(49) Post Compact 1.078ms
[2026-03-24T18:41:08.649+0900][44.648s][info][gc,heap        ] GC(49) PSYoungGen: 32008K(46592K)->23807K(45056K) Eden: 32008K(33792K)->23807K(33792K) From: 0K(12800K)->0K(11264K)
[2026-03-24T18:41:08.649+0900][44.648s][info][gc,heap        ] GC(49) ParOldGen: 349603K(349696K)->349603K(349696K)
[2026-03-24T18:41:08.649+0900][44.648s][info][gc,metaspace   ] GC(49) Metaspace: 181K(384K)->181K(384K) NonClass: 171K(256K)->171K(256K) Class: 10K(128K)->10K(128K)
[2026-03-24T18:41:08.649+0900][44.648s][info][gc             ] GC(49) Pause Full (Ergonomics) 372M->364M(385M) 10.928ms
[2026-03-24T18:41:08.649+0900][44.648s][info][gc,cpu         ] GC(49) User=0.00s Sys=0.00s Real=0.01s
[2026-03-24T18:41:08.874+0900][44.868s][info][gc,start       ] GC(50) Pause Full (Ergonomics)
[2026-03-24T18:41:08.874+0900][44.868s][info][gc,phases,start] GC(50) Marking Phase
[2026-03-24T18:41:08.874+0900][44.870s][info][gc,phases      ] GC(50) Marking Phase 1.704ms
[2026-03-24T18:41:08.874+0900][44.870s][info][gc,phases,start] GC(50) Summary Phase
[2026-03-24T18:41:08.874+0900][44.870s][info][gc,phases      ] GC(50) Summary Phase 0.047ms
[2026-03-24T18:41:08.874+0900][44.870s][info][gc,phases,start] GC(50) Adjust Roots
[2026-03-24T18:41:08.874+0900][44.870s][info][gc,phases      ] GC(50) Adjust Roots 0.338ms
[2026-03-24T18:41:08.874+0900][44.871s][info][gc,phases,start] GC(50) Compaction Phase
[2026-03-24T18:41:08.874+0900][44.872s][info][gc,phases      ] GC(50) Compaction Phase 1.374ms
[2026-03-24T18:41:08.874+0900][44.872s][info][gc,phases,start] GC(50) Post Compact
[2026-03-24T18:41:08.874+0900][44.873s][info][gc,phases      ] GC(50) Post Compact 0.972ms
[2026-03-24T18:41:08.874+0900][44.873s][info][gc,heap        ] GC(50) PSYoungGen: 33740K(45056K)->25507K(46592K) Eden: 33740K(33792K)->25507K(33792K) From: 0K(11264K)->0K(12800K)
[2026-03-24T18:41:08.874+0900][44.873s][info][gc,heap        ] GC(50) ParOldGen: 349603K(349696K)->349603K(349696K)
[2026-03-24T18:41:08.874+0900][44.873s][info][gc,metaspace   ] GC(50) Metaspace: 181K(384K)->181K(384K) NonClass: 171K(256K)->171K(256K) Class: 10K(128K)->10K(128K)
[2026-03-24T18:41:08.874+0900][44.873s][info][gc             ] GC(50) Pause Full (Ergonomics) 374M->366M(387M) 5.135ms
[2026-03-24T18:41:08.874+0900][44.873s][info][gc,cpu         ] GC(50) User=0.00s Sys=0.00s Real=0.00s
[2026-03-24T18:41:09.084+0900][45.079s][info][gc,start       ] GC(51) Pause Full (Ergonomics)
[2026-03-24T18:41:09.084+0900][45.079s][info][gc,phases,start] GC(51) Marking Phase
[2026-03-24T18:41:09.084+0900][45.081s][info][gc,phases      ] GC(51) Marking Phase 1.674ms
[2026-03-24T18:41:09.084+0900][45.081s][info][gc,phases,start] GC(51) Summary Phase
[2026-03-24T18:41:09.084+0900][45.081s][info][gc,phases      ] GC(51) Summary Phase 0.046ms
[2026-03-24T18:41:09.084+0900][45.081s][info][gc,phases,start] GC(51) Adjust Roots
[2026-03-24T18:41:09.084+0900][45.081s][info][gc,phases      ] GC(51) Adjust Roots 0.317ms
[2026-03-24T18:41:09.084+0900][45.081s][info][gc,phases,start] GC(51) Compaction Phase
[2026-03-24T18:41:09.084+0900][45.083s][info][gc,phases      ] GC(51) Compaction Phase 1.744ms
[2026-03-24T18:41:09.084+0900][45.083s][info][gc,phases,start] GC(51) Post Compact
[2026-03-24T18:41:09.084+0900][45.084s][info][gc,phases      ] GC(51) Post Compact 1.112ms
[2026-03-24T18:41:09.084+0900][45.084s][info][gc,heap        ] GC(51) PSYoungGen: 33544K(46592K)->27308K(45056K) Eden: 33544K(33792K)->27308K(33792K) From: 0K(12800K)->0K(11264K)
[2026-03-24T18:41:09.084+0900][45.084s][info][gc,heap        ] GC(51) ParOldGen: 349603K(349696K)->349603K(349696K)
[2026-03-24T18:41:09.084+0900][45.084s][info][gc,metaspace   ] GC(51) Metaspace: 181K(384K)->181K(384K) NonClass: 171K(256K)->171K(256K) Class: 10K(128K)->10K(128K)
[2026-03-24T18:41:09.084+0900][45.084s][info][gc             ] GC(51) Pause Full (Ergonomics) 374M->368M(385M) 5.597ms
[2026-03-24T18:41:09.084+0900][45.084s][info][gc,cpu         ] GC(51) User=0.00s Sys=0.00s Real=0.00s
[2026-03-24T18:41:09.215+0900][45.210s][info][gc,start       ] GC(52) Pause Full (Ergonomics)
[2026-03-24T18:41:09.215+0900][45.210s][info][gc,phases,start] GC(52) Marking Phase
[2026-03-24T18:41:09.215+0900][45.212s][info][gc,phases      ] GC(52) Marking Phase 1.720ms
[2026-03-24T18:41:09.215+0900][45.212s][info][gc,phases,start] GC(52) Summary Phase
[2026-03-24T18:41:09.215+0900][45.212s][info][gc,phases      ] GC(52) Summary Phase 0.043ms
[2026-03-24T18:41:09.215+0900][45.212s][info][gc,phases,start] GC(52) Adjust Roots
[2026-03-24T18:41:09.215+0900][45.212s][info][gc,phases      ] GC(52) Adjust Roots 0.331ms
[2026-03-24T18:41:09.215+0900][45.212s][info][gc,phases,start] GC(52) Compaction Phase
[2026-03-24T18:41:09.215+0900][45.214s][info][gc,phases      ] GC(52) Compaction Phase 1.411ms
[2026-03-24T18:41:09.215+0900][45.214s][info][gc,phases,start] GC(52) Post Compact
[2026-03-24T18:41:09.215+0900][45.215s][info][gc,phases      ] GC(52) Post Compact 1.162ms
[2026-03-24T18:41:09.215+0900][45.215s][info][gc,heap        ] GC(52) PSYoungGen: 32451K(45056K)->28308K(46592K) Eden: 32451K(33792K)->28308K(33792K) From: 0K(11264K)->0K(12800K)
[2026-03-24T18:41:09.215+0900][45.215s][info][gc,heap        ] GC(52) ParOldGen: 349603K(349696K)->349603K(349696K)
[2026-03-24T18:41:09.215+0900][45.215s][info][gc,metaspace   ] GC(52) Metaspace: 181K(384K)->181K(384K) NonClass: 171K(256K)->171K(256K) Class: 10K(128K)->10K(128K)
[2026-03-24T18:41:09.215+0900][45.215s][info][gc             ] GC(52) Pause Full (Ergonomics) 373M->369M(387M) 5.387ms
[2026-03-24T18:41:09.215+0900][45.215s][info][gc,cpu         ] GC(52) User=0.00s Sys=0.00s Real=0.00s
[2026-03-24T18:41:09.344+0900][45.338s][info][gc,start       ] GC(53) Pause Full (Ergonomics)
[2026-03-24T18:41:09.344+0900][45.338s][info][gc,phases,start] GC(53) Marking Phase
[2026-03-24T18:41:09.344+0900][45.340s][info][gc,phases      ] GC(53) Marking Phase 1.762ms
[2026-03-24T18:41:09.344+0900][45.340s][info][gc,phases,start] GC(53) Summary Phase
[2026-03-24T18:41:09.344+0900][45.340s][info][gc,phases      ] GC(53) Summary Phase 0.047ms
[2026-03-24T18:41:09.344+0900][45.340s][info][gc,phases,start] GC(53) Adjust Roots
[2026-03-24T18:41:09.344+0900][45.341s][info][gc,phases      ] GC(53) Adjust Roots 0.314ms
[2026-03-24T18:41:09.344+0900][45.341s][info][gc,phases,start] GC(53) Compaction Phase
[2026-03-24T18:41:09.344+0900][45.342s][info][gc,phases      ] GC(53) Compaction Phase 1.543ms
[2026-03-24T18:41:09.344+0900][45.342s][info][gc,phases,start] GC(53) Post Compact
[2026-03-24T18:41:09.344+0900][45.343s][info][gc,phases      ] GC(53) Post Compact 1.074ms
[2026-03-24T18:41:09.344+0900][45.343s][info][gc,heap        ] GC(53) PSYoungGen: 33502K(46592K)->29309K(45056K) Eden: 33502K(33792K)->29309K(33792K) From: 0K(12800K)->0K(11264K)
[2026-03-24T18:41:09.344+0900][45.343s][info][gc,heap        ] GC(53) ParOldGen: 349603K(349696K)->349603K(349696K)
[2026-03-24T18:41:09.344+0900][45.344s][info][gc,metaspace   ] GC(53) Metaspace: 181K(384K)->181K(384K) NonClass: 171K(256K)->171K(256K) Class: 10K(128K)->10K(128K)
[2026-03-24T18:41:09.344+0900][45.344s][info][gc             ] GC(53) Pause Full (Ergonomics) 374M->370M(385M) 5.426ms
[2026-03-24T18:41:09.344+0900][45.344s][info][gc,cpu         ] GC(53) User=0.00s Sys=0.00s Real=0.00s
[2026-03-24T18:41:09.411+0900][45.405s][info][gc,start       ] GC(54) Pause Full (Ergonomics)
[2026-03-24T18:41:09.411+0900][45.406s][info][gc,phases,start] GC(54) Marking Phase
[2026-03-24T18:41:09.411+0900][45.407s][info][gc,phases      ] GC(54) Marking Phase 1.574ms
[2026-03-24T18:41:09.411+0900][45.407s][info][gc,phases,start] GC(54) Summary Phase
[2026-03-24T18:41:09.411+0900][45.407s][info][gc,phases      ] GC(54) Summary Phase 0.035ms
[2026-03-24T18:41:09.411+0900][45.407s][info][gc,phases,start] GC(54) Adjust Roots
[2026-03-24T18:41:09.411+0900][45.408s][info][gc,phases      ] GC(54) Adjust Roots 0.275ms
[2026-03-24T18:41:09.411+0900][45.408s][info][gc,phases,start] GC(54) Compaction Phase
[2026-03-24T18:41:09.411+0900][45.409s][info][gc,phases      ] GC(54) Compaction Phase 1.040ms
[2026-03-24T18:41:09.411+0900][45.409s][info][gc,phases,start] GC(54) Post Compact
[2026-03-24T18:41:09.411+0900][45.409s][info][gc,phases      ] GC(54) Post Compact 0.515ms
[2026-03-24T18:41:09.411+0900][45.409s][info][gc,heap        ] GC(54) PSYoungGen: 31922K(45056K)->29809K(46592K) Eden: 31922K(33792K)->29809K(33792K) From: 0K(11264K)->0K(12800K)
[2026-03-24T18:41:09.411+0900][45.409s][info][gc,heap        ] GC(54) ParOldGen: 349603K(349696K)->349603K(349696K)
[2026-03-24T18:41:09.411+0900][45.409s][info][gc,metaspace   ] GC(54) Metaspace: 181K(384K)->181K(384K) NonClass: 171K(256K)->171K(256K) Class: 10K(128K)->10K(128K)
[2026-03-24T18:41:09.411+0900][45.409s][info][gc             ] GC(54) Pause Full (Ergonomics) 372M->370M(387M) 3.946ms
[2026-03-24T18:41:09.411+0900][45.409s][info][gc,cpu         ] GC(54) User=0.00s Sys=0.00s Real=0.00s
[2026-03-24T18:41:09.476+0900][45.470s][info][gc,start       ] GC(55) Pause Full (Ergonomics)
[2026-03-24T18:41:09.476+0900][45.470s][info][gc,phases,start] GC(55) Marking Phase
[2026-03-24T18:41:09.476+0900][45.472s][info][gc,phases      ] GC(55) Marking Phase 1.733ms
[2026-03-24T18:41:09.476+0900][45.472s][info][gc,phases,start] GC(55) Summary Phase
[2026-03-24T18:41:09.476+0900][45.472s][info][gc,phases      ] GC(55) Summary Phase 0.048ms
[2026-03-24T18:41:09.476+0900][45.472s][info][gc,phases,start] GC(55) Adjust Roots
[2026-03-24T18:41:09.476+0900][45.472s][info][gc,phases      ] GC(55) Adjust Roots 0.336ms
[2026-03-24T18:41:09.476+0900][45.473s][info][gc,phases,start] GC(55) Compaction Phase
[2026-03-24T18:41:09.476+0900][45.474s][info][gc,phases      ] GC(55) Compaction Phase 1.466ms
[2026-03-24T18:41:09.476+0900][45.474s][info][gc,phases,start] GC(55) Post Compact
[2026-03-24T18:41:09.476+0900][45.475s][info][gc,phases      ] GC(55) Post Compact 1.056ms
[2026-03-24T18:41:09.476+0900][45.475s][info][gc,heap        ] GC(55) PSYoungGen: 32383K(46592K)->30309K(45056K) Eden: 32383K(33792K)->30309K(33792K) From: 0K(12800K)->0K(11264K)
[2026-03-24T18:41:09.476+0900][45.475s][info][gc,heap        ] GC(55) ParOldGen: 349603K(349696K)->349603K(349696K)
[2026-03-24T18:41:09.476+0900][45.475s][info][gc,metaspace   ] GC(55) Metaspace: 181K(384K)->181K(384K) NonClass: 171K(256K)->171K(256K) Class: 10K(128K)->10K(128K)
[2026-03-24T18:41:09.476+0900][45.475s][info][gc             ] GC(55) Pause Full (Ergonomics) 373M->371M(385M) 5.309ms
[2026-03-24T18:41:09.476+0900][45.475s][info][gc,cpu         ] GC(55) User=0.00s Sys=0.00s Real=0.00s
[2026-03-24T18:41:09.541+0900][45.535s][info][gc,start       ] GC(56) Pause Full (Ergonomics)
[2026-03-24T18:41:09.541+0900][45.535s][info][gc,phases,start] GC(56) Marking Phase
[2026-03-24T18:41:09.541+0900][45.537s][info][gc,phases      ] GC(56) Marking Phase 1.642ms
[2026-03-24T18:41:09.541+0900][45.537s][info][gc,phases,start] GC(56) Summary Phase
[2026-03-24T18:41:09.541+0900][45.537s][info][gc,phases      ] GC(56) Summary Phase 0.044ms
[2026-03-24T18:41:09.541+0900][45.537s][info][gc,phases,start] GC(56) Adjust Roots
[2026-03-24T18:41:09.541+0900][45.537s][info][gc,phases      ] GC(56) Adjust Roots 0.317ms
[2026-03-24T18:41:09.541+0900][45.537s][info][gc,phases,start] GC(56) Compaction Phase
[2026-03-24T18:41:09.541+0900][45.539s][info][gc,phases      ] GC(56) Compaction Phase 1.710ms
[2026-03-24T18:41:09.541+0900][45.539s][info][gc,phases,start] GC(56) Post Compact
[2026-03-24T18:41:09.541+0900][45.541s][info][gc,phases      ] GC(56) Post Compact 1.311ms
[2026-03-24T18:41:09.541+0900][45.541s][info][gc,heap        ] GC(56) PSYoungGen: 32860K(45056K)->30809K(46592K) Eden: 32860K(33792K)->30809K(33792K) From: 0K(11264K)->0K(12800K)
[2026-03-24T18:41:09.541+0900][45.541s][info][gc,heap        ] GC(56) ParOldGen: 349603K(349696K)->349603K(349696K)
[2026-03-24T18:41:09.541+0900][45.541s][info][gc,metaspace   ] GC(56) Metaspace: 181K(384K)->181K(384K) NonClass: 171K(256K)->171K(256K) Class: 10K(128K)->10K(128K)
[2026-03-24T18:41:09.541+0900][45.541s][info][gc             ] GC(56) Pause Full (Ergonomics) 373M->371M(387M) 5.736ms
[2026-03-24T18:41:09.541+0900][45.541s][info][gc,cpu         ] GC(56) User=0.00s Sys=0.00s Real=0.00s
[2026-03-24T18:41:09.610+0900][45.604s][info][gc,start       ] GC(57) Pause Full (Ergonomics)
[2026-03-24T18:41:09.610+0900][45.604s][info][gc,phases,start] GC(57) Marking Phase
[2026-03-24T18:41:09.610+0900][45.606s][info][gc,phases      ] GC(57) Marking Phase 1.593ms
[2026-03-24T18:41:09.610+0900][45.606s][info][gc,phases,start] GC(57) Summary Phase
[2026-03-24T18:41:09.610+0900][45.606s][info][gc,phases      ] GC(57) Summary Phase 0.058ms
[2026-03-24T18:41:09.610+0900][45.606s][info][gc,phases,start] GC(57) Adjust Roots
[2026-03-24T18:41:09.610+0900][45.606s][info][gc,phases      ] GC(57) Adjust Roots 0.321ms
[2026-03-24T18:41:09.610+0900][45.606s][info][gc,phases,start] GC(57) Compaction Phase
[2026-03-24T18:41:09.610+0900][45.608s][info][gc,phases      ] GC(57) Compaction Phase 1.444ms
[2026-03-24T18:41:09.610+0900][45.608s][info][gc,phases,start] GC(57) Post Compact
[2026-03-24T18:41:09.610+0900][45.609s][info][gc,phases      ] GC(57) Post Compact 0.994ms
[2026-03-24T18:41:09.610+0900][45.609s][info][gc,heap        ] GC(57) PSYoungGen: 33442K(46592K)->31309K(45056K) Eden: 33442K(33792K)->31309K(33792K) From: 0K(12800K)->0K(11264K)
[2026-03-24T18:41:09.610+0900][45.609s][info][gc,heap        ] GC(57) ParOldGen: 349603K(349696K)->349603K(349696K)
[2026-03-24T18:41:09.610+0900][45.609s][info][gc,metaspace   ] GC(57) Metaspace: 181K(384K)->181K(384K) NonClass: 171K(256K)->171K(256K) Class: 10K(128K)->10K(128K)
[2026-03-24T18:41:09.610+0900][45.609s][info][gc             ] GC(57) Pause Full (Ergonomics) 374M->371M(385M) 5.076ms
[2026-03-24T18:41:09.610+0900][45.609s][info][gc,cpu         ] GC(57) User=0.00s Sys=0.00s Real=0.00s
[2026-03-24T18:41:09.665+0900][45.659s][info][gc,start       ] GC(58) Pause Full (Ergonomics)
[2026-03-24T18:41:09.665+0900][45.659s][info][gc,phases,start] GC(58) Marking Phase
[2026-03-24T18:41:09.665+0900][45.661s][info][gc,phases      ] GC(58) Marking Phase 1.735ms
[2026-03-24T18:41:09.665+0900][45.661s][info][gc,phases,start] GC(58) Summary Phase
[2026-03-24T18:41:09.665+0900][45.661s][info][gc,phases      ] GC(58) Summary Phase 0.042ms
[2026-03-24T18:41:09.665+0900][45.661s][info][gc,phases,start] GC(58) Adjust Roots
[2026-03-24T18:41:09.665+0900][45.662s][info][gc,phases      ] GC(58) Adjust Roots 0.328ms
[2026-03-24T18:41:09.665+0900][45.662s][info][gc,phases,start] GC(58) Compaction Phase
[2026-03-24T18:41:09.665+0900][45.663s][info][gc,phases      ] GC(58) Compaction Phase 1.474ms
[2026-03-24T18:41:09.665+0900][45.663s][info][gc,phases,start] GC(58) Post Compact
[2026-03-24T18:41:09.665+0900][45.665s][info][gc,phases      ] GC(58) Post Compact 1.101ms
[2026-03-24T18:41:09.665+0900][45.665s][info][gc,heap        ] GC(58) PSYoungGen: 33730K(45056K)->31609K(46592K) Eden: 33730K(33792K)->31609K(33792K) From: 0K(11264K)->0K(12800K)
[2026-03-24T18:41:09.665+0900][45.665s][info][gc,heap        ] GC(58) ParOldGen: 349603K(349696K)->349603K(349696K)
[2026-03-24T18:41:09.665+0900][45.665s][info][gc,metaspace   ] GC(58) Metaspace: 181K(384K)->181K(384K) NonClass: 171K(256K)->171K(256K) Class: 10K(128K)->10K(128K)
[2026-03-24T18:41:09.665+0900][45.665s][info][gc             ] GC(58) Pause Full (Ergonomics) 374M->372M(387M) 5.367ms
[2026-03-24T18:41:09.665+0900][45.665s][info][gc,cpu         ] GC(58) User=0.00s Sys=0.00s Real=0.00s
[2026-03-24T18:41:09.684+0900][45.678s][info][gc,start       ] GC(59) Pause Full (Ergonomics)
[2026-03-24T18:41:09.684+0900][45.678s][info][gc,phases,start] GC(59) Marking Phase
[2026-03-24T18:41:09.684+0900][45.680s][info][gc,phases      ] GC(59) Marking Phase 1.718ms
[2026-03-24T18:41:09.684+0900][45.680s][info][gc,phases,start] GC(59) Summary Phase
[2026-03-24T18:41:09.684+0900][45.680s][info][gc,phases      ] GC(59) Summary Phase 0.043ms
[2026-03-24T18:41:09.684+0900][45.680s][info][gc,phases,start] GC(59) Adjust Roots
[2026-03-24T18:41:09.684+0900][45.680s][info][gc,phases      ] GC(59) Adjust Roots 0.306ms
[2026-03-24T18:41:09.684+0900][45.681s][info][gc,phases,start] GC(59) Compaction Phase
[2026-03-24T18:41:09.684+0900][45.682s][info][gc,phases      ] GC(59) Compaction Phase 1.415ms
[2026-03-24T18:41:09.684+0900][45.682s][info][gc,phases,start] GC(59) Post Compact
[2026-03-24T18:41:09.684+0900][45.683s][info][gc,phases      ] GC(59) Post Compact 0.879ms
[2026-03-24T18:41:09.684+0900][45.683s][info][gc,heap        ] GC(59) PSYoungGen: 31873K(46592K)->31809K(45056K) Eden: 31873K(33792K)->31809K(33792K) From: 0K(12800K)->0K(11264K)
[2026-03-24T18:41:09.684+0900][45.683s][info][gc,heap        ] GC(59) ParOldGen: 349603K(349696K)->349603K(349696K)
[2026-03-24T18:41:09.684+0900][45.683s][info][gc,metaspace   ] GC(59) Metaspace: 181K(384K)->181K(384K) NonClass: 171K(256K)->171K(256K) Class: 10K(128K)->10K(128K)
[2026-03-24T18:41:09.684+0900][45.683s][info][gc             ] GC(59) Pause Full (Ergonomics) 372M->372M(385M) 5.121ms
[2026-03-24T18:41:09.684+0900][45.683s][info][gc,cpu         ] GC(59) User=0.00s Sys=0.00s Real=0.00s
[2026-03-24T18:41:09.684+0900][45.683s][info][gc,start       ] GC(60) Pause Full (Allocation Failure)
[2026-03-24T18:41:09.684+0900][45.683s][info][gc,phases,start] GC(60) Marking Phase
[2026-03-24T18:41:09.684+0900][45.685s][info][gc,phases      ] GC(60) Marking Phase 1.290ms
[2026-03-24T18:41:09.684+0900][45.685s][info][gc,phases,start] GC(60) Summary Phase
[2026-03-24T18:41:09.684+0900][45.685s][info][gc,phases      ] GC(60) Summary Phase 0.032ms
[2026-03-24T18:41:09.684+0900][45.685s][info][gc,phases,start] GC(60) Adjust Roots
[2026-03-24T18:41:09.684+0900][45.685s][info][gc,phases      ] GC(60) Adjust Roots 0.303ms
[2026-03-24T18:41:09.684+0900][45.685s][info][gc,phases,start] GC(60) Compaction Phase
[2026-03-24T18:41:09.699+0900][45.701s][info][gc,phases      ] GC(60) Compaction Phase 15.829ms
[2026-03-24T18:41:09.699+0900][45.701s][info][gc,phases,start] GC(60) Post Compact
[2026-03-24T18:41:09.707+0900][45.702s][info][gc,phases      ] GC(60) Post Compact 0.469ms
[2026-03-24T18:41:09.707+0900][45.702s][info][gc,heap        ] GC(60) PSYoungGen: 31809K(45056K)->31809K(46592K) Eden: 31809K(33792K)->31809K(33792K) From: 0K(11264K)->0K(12800K)
[2026-03-24T18:41:09.707+0900][45.702s][info][gc,heap        ] GC(60) ParOldGen: 349603K(349696K)->349603K(349696K)
[2026-03-24T18:41:09.707+0900][45.702s][info][gc,metaspace   ] GC(60) Metaspace: 181K(384K)->181K(384K) NonClass: 171K(256K)->171K(256K) Class: 10K(128K)->10K(128K)
[2026-03-24T18:41:09.707+0900][45.702s][info][gc             ] GC(60) Pause Full (Allocation Failure) 372M->372M(387M) 18.303ms
[2026-03-24T18:41:09.707+0900][45.702s][info][gc,cpu         ] GC(60) User=0.05s Sys=0.00s Real=0.02s
[2026-03-24T18:41:09.716+0900][45.711s][info][gc,heap,exit   ] Heap
[2026-03-24T18:41:09.716+0900][45.711s][info][gc,heap,exit   ]  PSYoungGen      total 46592K, used 32529K [0x00000000f5580000, 0x00000000f9000000, 0x0000000100000000)
[2026-03-24T18:41:09.716+0900][45.712s][info][gc,heap,exit   ]   eden space 33792K, 96% used [0x00000000f5580000,0x00000000f7544460,0x00000000f7680000)
[2026-03-24T18:41:09.716+0900][45.712s][info][gc,heap,exit   ]   from space 12800K, 0% used [0x00000000f7680000,0x00000000f7680000,0x00000000f8300000)
[2026-03-24T18:41:09.716+0900][45.712s][info][gc,heap,exit   ]   to   space 11264K, 0% used [0x00000000f8400000,0x00000000f8400000,0x00000000f8f00000)
[2026-03-24T18:41:09.716+0900][45.712s][info][gc,heap,exit   ]  ParOldGen       total 349696K, used 349603K [0x00000000e0000000, 0x00000000f5580000, 0x00000000f5580000)
[2026-03-24T18:41:09.716+0900][45.712s][info][gc,heap,exit   ]   object space 349696K, 99% used [0x00000000e0000000,0x00000000f5568ca0,0x00000000f5580000)
[2026-03-24T18:41:09.716+0900][45.712s][info][gc,heap,exit   ]  Metaspace       used 187K, committed 384K, reserved 1114112K
[2026-03-24T18:41:09.716+0900][45.712s][info][gc,heap,exit   ]   class space    used 11K, committed 128K, reserved 1048576K
