[2026-03-25T15:12:45.052+0900][0.012s][info][gc,init] CardTable entry size: 512
[2026-03-25T15:12:45.052+0900][0.013s][info][gc     ] Using Parallel
[2026-03-25T15:12:45.054+0900][0.015s][info][gc,init] Version: 18.0.2.1+1-1 (release)
[2026-03-25T15:12:45.054+0900][0.015s][info][gc,init] CPUs: 8 total, 8 available
[2026-03-25T15:12:45.054+0900][0.015s][info][gc,init] Memory: 16092M
[2026-03-25T15:12:45.054+0900][0.015s][info][gc,init] Large Page Support: Disabled
[2026-03-25T15:12:45.054+0900][0.015s][info][gc,init] NUMA Support: Disabled
[2026-03-25T15:12:45.054+0900][0.015s][info][gc,init] Compressed Oops: Enabled (32-bit)
[2026-03-25T15:12:45.054+0900][0.015s][info][gc,init] Alignments: Space 512K, Generation 512K, Heap 2M
[2026-03-25T15:12:45.054+0900][0.015s][info][gc,init] Heap Min Capacity: 256M
[2026-03-25T15:12:45.054+0900][0.015s][info][gc,init] Heap Initial Capacity: 256M
[2026-03-25T15:12:45.054+0900][0.015s][info][gc,init] Heap Max Capacity: 512M
[2026-03-25T15:12:45.054+0900][0.015s][info][gc,init] Pre-touch: Disabled
[2026-03-25T15:12:45.054+0900][0.015s][info][gc,init] Parallel Workers: 8
[2026-03-25T15:12:45.056+0900][0.016s][info][gc,metaspace] CDS archive(s) mapped at: [0x0000000800000000-0x0000000800ba0000-0x0000000800ba0000), size 12189696, SharedBaseAddress: 0x0000000800000000, ArchiveRelocationMode: 0.
[2026-03-25T15:12:45.056+0900][0.017s][info][gc,metaspace] Compressed class space mapped at: 0x0000000800c00000-0x0000000840c00000, reserved size: 1073741824
[2026-03-25T15:12:45.056+0900][0.017s][info][gc,metaspace] Narrow klass base: 0x0000000800000000, Narrow klass shift: 0, Narrow klass range: 0x100000000
[2026-03-25T15:12:46.479+0900][1.439s][info][gc,start    ] GC(0) Pause Young (Allocation Failure)
[2026-03-25T15:12:46.482+0900][1.442s][info][gc,heap     ] GC(0) PSYoungGen: 97753K(114688K)->6936K(114688K) Eden: 97753K(98304K)->0K(98304K) From: 0K(16384K)->6936K(16384K)
[2026-03-25T15:12:46.482+0900][1.443s][info][gc,heap     ] GC(0) ParOldGen: 0K(131072K)->8K(131072K)
[2026-03-25T15:12:46.482+0900][1.443s][info][gc,metaspace] GC(0) Metaspace: 171K(384K)->171K(384K) NonClass: 160K(256K)->160K(256K) Class: 10K(128K)->10K(128K)
[2026-03-25T15:12:46.482+0900][1.443s][info][gc          ] GC(0) Pause Young (Allocation Failure) 95M->6M(240M) 3.286ms
[2026-03-25T15:12:46.482+0900][1.443s][info][gc,cpu      ] GC(0) User=0.00s Sys=0.00s Real=0.00s
[2026-03-25T15:12:48.127+0900][3.088s][info][gc,start    ] GC(1) Pause Young (Allocation Failure)
[2026-03-25T15:12:48.133+0900][3.094s][info][gc,heap     ] GC(1) PSYoungGen: 103904K(114688K)->15969K(114688K) Eden: 96968K(98304K)->0K(98304K) From: 6936K(16384K)->15969K(16384K)
[2026-03-25T15:12:48.133+0900][3.094s][info][gc,heap     ] GC(1) ParOldGen: 8K(131072K)->16K(131072K)
[2026-03-25T15:12:48.133+0900][3.094s][info][gc,metaspace] GC(1) Metaspace: 171K(384K)->171K(384K) NonClass: 161K(256K)->161K(256K) Class: 10K(128K)->10K(128K)
[2026-03-25T15:12:48.133+0900][3.094s][info][gc          ] GC(1) Pause Young (Allocation Failure) 101M->15M(240M) 5.741ms
[2026-03-25T15:12:48.133+0900][3.094s][info][gc,cpu      ] GC(1) User=0.00s Sys=0.02s Real=0.01s
[2026-03-25T15:12:51.758+0900][6.719s][info][gc,start    ] GC(2) Pause Young (Allocation Failure)
[2026-03-25T15:12:51.768+0900][6.729s][info][gc,heap     ] GC(2) PSYoungGen: 113948K(114688K)->16353K(114688K) Eden: 97978K(98304K)->0K(98304K) From: 15969K(16384K)->16353K(16384K)
[2026-03-25T15:12:51.769+0900][6.729s][info][gc,heap     ] GC(2) ParOldGen: 16K(131072K)->18618K(131072K)
[2026-03-25T15:12:51.769+0900][6.729s][info][gc,metaspace] GC(2) Metaspace: 172K(384K)->172K(384K) NonClass: 162K(256K)->162K(256K) Class: 10K(128K)->10K(128K)
[2026-03-25T15:12:51.769+0900][6.729s][info][gc          ] GC(2) Pause Young (Allocation Failure) 111M->34M(240M) 10.714ms
[2026-03-25T15:12:51.769+0900][6.729s][info][gc,cpu      ] GC(2) User=0.00s Sys=0.00s Real=0.01s
[2026-03-25T15:12:55.379+0900][10.340s][info][gc,start    ] GC(3) Pause Young (Allocation Failure)
[2026-03-25T15:12:55.387+0900][10.348s][info][gc,heap     ] GC(3) PSYoungGen: 113254K(114688K)->16327K(114688K) Eden: 96900K(98304K)->0K(98304K) From: 16353K(16384K)->16327K(16384K)
[2026-03-25T15:12:55.387+0900][10.348s][info][gc,heap     ] GC(3) ParOldGen: 18618K(131072K)->37621K(131072K)
[2026-03-25T15:12:55.387+0900][10.348s][info][gc,metaspace] GC(3) Metaspace: 172K(384K)->172K(384K) NonClass: 162K(256K)->162K(256K) Class: 10K(128K)->10K(128K)
[2026-03-25T15:12:55.387+0900][10.348s][info][gc          ] GC(3) Pause Young (Allocation Failure) 128M->52M(240M) 8.024ms
[2026-03-25T15:12:55.387+0900][10.348s][info][gc,cpu      ] GC(3) User=0.00s Sys=0.02s Real=0.01s
[2026-03-25T15:12:58.822+0900][13.783s][info][gc,start    ] GC(4) Pause Young (Allocation Failure)
[2026-03-25T15:12:58.828+0900][13.789s][info][gc,heap     ] GC(4) PSYoungGen: 113235K(114688K)->16365K(112640K) Eden: 96907K(98304K)->0K(96256K) From: 16327K(16384K)->16365K(16384K)
[2026-03-25T15:12:58.828+0900][13.789s][info][gc,heap     ] GC(4) ParOldGen: 37621K(131072K)->56724K(131072K)
[2026-03-25T15:12:58.828+0900][13.789s][info][gc,metaspace] GC(4) Metaspace: 172K(384K)->172K(384K) NonClass: 162K(256K)->162K(256K) Class: 10K(128K)->10K(128K)
[2026-03-25T15:12:58.828+0900][13.789s][info][gc          ] GC(4) Pause Young (Allocation Failure) 147M->71M(238M) 6.706ms
[2026-03-25T15:12:58.828+0900][13.789s][info][gc,cpu      ] GC(4) User=0.00s Sys=0.00s Real=0.01s
[2026-03-25T15:13:02.274+0900][17.234s][info][gc,start    ] GC(5) Pause Young (Allocation Failure)
[2026-03-25T15:13:02.280+0900][17.241s][info][gc,heap     ] GC(5) PSYoungGen: 112123K(112640K)->21966K(115200K) Eden: 95758K(96256K)->0K(93184K) From: 16365K(16384K)->21966K(22016K)
[2026-03-25T15:13:02.280+0900][17.241s][info][gc,heap     ] GC(5) ParOldGen: 56724K(131072K)->69626K(131072K)
[2026-03-25T15:13:02.280+0900][17.241s][info][gc,metaspace] GC(5) Metaspace: 172K(384K)->172K(384K) NonClass: 162K(256K)->162K(256K) Class: 10K(128K)->10K(128K)
[2026-03-25T15:13:02.280+0900][17.241s][info][gc          ] GC(5) Pause Young (Allocation Failure) 164M->89M(240M) 6.591ms
[2026-03-25T15:13:02.280+0900][17.241s][info][gc,cpu      ] GC(5) User=0.00s Sys=0.00s Real=0.01s
[2026-03-25T15:13:05.709+0900][20.670s][info][gc,start    ] GC(6) Pause Young (Allocation Failure)
[2026-03-25T15:13:05.719+0900][20.680s][info][gc,heap     ] GC(6) PSYoungGen: 113749K(115200K)->25063K(116224K) Eden: 91783K(93184K)->0K(91136K) From: 21966K(22016K)->25063K(25088K)
[2026-03-25T15:13:05.719+0900][20.680s][info][gc,heap     ] GC(6) ParOldGen: 69626K(131072K)->84434K(131072K)
[2026-03-25T15:13:05.720+0900][20.680s][info][gc,metaspace] GC(6) Metaspace: 172K(384K)->172K(384K) NonClass: 162K(256K)->162K(256K) Class: 10K(128K)->10K(128K)
[2026-03-25T15:13:05.720+0900][20.680s][info][gc          ] GC(6) Pause Young (Allocation Failure) 179M->106M(241M) 10.267ms
[2026-03-25T15:13:05.720+0900][20.680s][info][gc,cpu      ] GC(6) User=0.00s Sys=0.00s Real=0.01s
[2026-03-25T15:13:08.949+0900][23.910s][info][gc,start    ] GC(7) Pause Young (Allocation Failure)
[2026-03-25T15:13:08.956+0900][23.917s][info][gc,heap     ] GC(7) PSYoungGen: 114400K(116224K)->35761K(121344K) Eden: 89336K(91136K)->0K(85504K) From: 25063K(25088K)->35761K(35840K)
[2026-03-25T15:13:08.956+0900][23.917s][info][gc,heap     ] GC(7) ParOldGen: 84434K(131072K)->91343K(131072K)
[2026-03-25T15:13:08.956+0900][23.917s][info][gc,metaspace] GC(7) Metaspace: 172K(384K)->172K(384K) NonClass: 162K(256K)->162K(256K) Class: 10K(128K)->10K(128K)
[2026-03-25T15:13:08.956+0900][23.917s][info][gc          ] GC(7) Pause Young (Allocation Failure) 194M->124M(246M) 7.374ms
[2026-03-25T15:13:08.956+0900][23.917s][info][gc,cpu      ] GC(7) User=0.00s Sys=0.00s Real=0.01s
[2026-03-25T15:13:16.352+0900][31.313s][info][gc,start    ] GC(8) Pause Young (Allocation Failure)
[2026-03-25T15:13:16.358+0900][31.319s][info][gc,heap     ] GC(8) PSYoungGen: 119947K(121344K)->41462K(125440K) Eden: 84186K(85504K)->0K(83968K) From: 35761K(35840K)->41462K(41472K)
[2026-03-25T15:13:16.358+0900][31.319s][info][gc,heap     ] GC(8) ParOldGen: 91343K(131072K)->102201K(131072K)
[2026-03-25T15:13:16.358+0900][31.319s][info][gc,metaspace] GC(8) Metaspace: 172K(384K)->172K(384K) NonClass: 162K(256K)->162K(256K) Class: 10K(128K)->10K(128K)
[2026-03-25T15:13:16.358+0900][31.319s][info][gc          ] GC(8) Pause Young (Allocation Failure) 206M->140M(250M) 5.765ms
[2026-03-25T15:13:16.358+0900][31.319s][info][gc,cpu      ] GC(8) User=0.00s Sys=0.00s Real=0.01s
[2026-03-25T15:13:19.285+0900][34.246s][info][gc,start    ] GC(9) Pause Young (Allocation Failure)
[2026-03-25T15:13:19.286+0900][34.247s][info][gc,heap     ] GC(9) PSYoungGen: 125421K(125440K)->8993K(129024K) Eden: 83959K(83968K)->0K(82432K) From: 41462K(41472K)->8993K(46592K)
[2026-03-25T15:13:19.286+0900][34.248s][info][gc,heap     ] GC(9) ParOldGen: 102201K(131072K)->102208K(131072K)
[2026-03-25T15:13:19.286+0900][34.248s][info][gc,metaspace] GC(9) Metaspace: 172K(384K)->172K(384K) NonClass: 162K(256K)->162K(256K) Class: 10K(128K)->10K(128K)
[2026-03-25T15:13:19.286+0900][34.248s][info][gc          ] GC(9) Pause Young (Allocation Failure) 222M->108M(254M) 1.495ms
[2026-03-25T15:13:19.286+0900][34.248s][info][gc,cpu      ] GC(9) User=0.00s Sys=0.00s Real=0.00s
[2026-03-25T15:13:22.125+0900][37.086s][info][gc,start    ] GC(10) Pause Young (Allocation Failure)
[2026-03-25T15:13:22.130+0900][37.091s][info][gc,heap     ] GC(10) PSYoungGen: 90776K(129024K)->16234K(97280K) Eden: 81782K(82432K)->0K(80896K) From: 8993K(46592K)->16234K(16384K)
[2026-03-25T15:13:22.130+0900][37.091s][info][gc,heap     ] GC(10) ParOldGen: 102208K(131072K)->111042K(131072K)
[2026-03-25T15:13:22.130+0900][37.091s][info][gc,metaspace] GC(10) Metaspace: 172K(384K)->172K(384K) NonClass: 162K(256K)->162K(256K) Class: 10K(128K)->10K(128K)
[2026-03-25T15:13:22.130+0900][37.091s][info][gc          ] GC(10) Pause Young (Allocation Failure) 188M->124M(223M) 5.276ms
[2026-03-25T15:13:22.130+0900][37.091s][info][gc,cpu      ] GC(10) User=0.00s Sys=0.00s Real=0.01s
[2026-03-25T15:13:22.130+0900][37.091s][info][gc,start    ] GC(11) Pause Full (Ergonomics)
[2026-03-25T15:13:22.138+0900][37.099s][info][gc,phases,start] GC(11) Marking Phase
[2026-03-25T15:13:22.140+0900][37.101s][info][gc,phases      ] GC(11) Marking Phase 1.880ms
[2026-03-25T15:13:22.140+0900][37.101s][info][gc,phases,start] GC(11) Summary Phase
[2026-03-25T15:13:22.140+0900][37.101s][info][gc,phases      ] GC(11) Summary Phase 0.050ms
[2026-03-25T15:13:22.140+0900][37.101s][info][gc,phases,start] GC(11) Adjust Roots
[2026-03-25T15:13:22.141+0900][37.102s][info][gc,phases      ] GC(11) Adjust Roots 0.650ms
[2026-03-25T15:13:22.141+0900][37.102s][info][gc,phases,start] GC(11) Compaction Phase
[2026-03-25T15:13:22.148+0900][37.109s][info][gc,phases      ] GC(11) Compaction Phase 6.729ms
[2026-03-25T15:13:22.148+0900][37.109s][info][gc,phases,start] GC(11) Post Compact
[2026-03-25T15:13:22.150+0900][37.110s][info][gc,phases      ] GC(11) Post Compact 1.880ms
[2026-03-25T15:13:22.150+0900][37.111s][info][gc,heap        ] GC(11) PSYoungGen: 16234K(97280K)->0K(123392K) Eden: 0K(80896K)->0K(79360K) From: 16234K(16384K)->0K(44032K)
[2026-03-25T15:13:22.150+0900][37.111s][info][gc,heap        ] GC(11) ParOldGen: 111042K(131072K)->25693K(145408K)
[2026-03-25T15:13:22.150+0900][37.111s][info][gc,metaspace   ] GC(11) Metaspace: 172K(384K)->172K(384K) NonClass: 162K(256K)->162K(256K) Class: 10K(128K)->10K(128K)
[2026-03-25T15:13:22.150+0900][37.111s][info][gc             ] GC(11) Pause Full (Ergonomics) 124M->25M(262M) 19.731ms
[2026-03-25T15:13:22.150+0900][37.111s][info][gc,cpu         ] GC(11) User=0.00s Sys=0.02s Real=0.02s
[2026-03-25T15:13:24.899+0900][39.860s][info][gc,start       ] GC(12) Pause Young (Allocation Failure)
[2026-03-25T15:13:24.900+0900][39.862s][info][gc,heap        ] GC(12) PSYoungGen: 79074K(123392K)->15662K(93696K) Eden: 79074K(79360K)->0K(77824K) From: 0K(44032K)->15662K(15872K)
[2026-03-25T15:13:24.900+0900][39.862s][info][gc,heap        ] GC(12) ParOldGen: 25693K(145408K)->25693K(145408K)
[2026-03-25T15:13:24.900+0900][39.862s][info][gc,metaspace   ] GC(12) Metaspace: 172K(384K)->172K(384K) NonClass: 162K(256K)->162K(256K) Class: 10K(128K)->10K(128K)
[2026-03-25T15:13:24.900+0900][39.862s][info][gc             ] GC(12) Pause Young (Allocation Failure) 102M->40M(233M) 1.848ms
[2026-03-25T15:13:24.902+0900][39.862s][info][gc,cpu         ] GC(12) User=0.00s Sys=0.00s Real=0.00s
[2026-03-25T15:13:27.493+0900][42.454s][info][gc,start       ] GC(13) Pause Young (Allocation Failure)
[2026-03-25T15:13:27.497+0900][42.458s][info][gc,heap        ] GC(13) PSYoungGen: 92148K(93696K)->15098K(116224K) Eden: 76486K(77824K)->0K(76288K) From: 15662K(15872K)->15098K(39936K)
[2026-03-25T15:13:27.497+0900][42.458s][info][gc,heap        ] GC(13) ParOldGen: 25693K(145408K)->41211K(145408K)
[2026-03-25T15:13:27.497+0900][42.458s][info][gc,metaspace   ] GC(13) Metaspace: 172K(384K)->172K(384K) NonClass: 162K(256K)->162K(256K) Class: 10K(128K)->10K(128K)
[2026-03-25T15:13:27.497+0900][42.458s][info][gc             ] GC(13) Pause Young (Allocation Failure) 115M->54M(255M) 4.195ms
[2026-03-25T15:13:27.497+0900][42.458s][info][gc,cpu         ] GC(13) User=0.00s Sys=0.00s Real=0.00s
[2026-03-25T15:13:30.015+0900][44.975s][info][gc,start       ] GC(14) Pause Young (Allocation Failure)
[2026-03-25T15:13:30.019+0900][44.979s][info][gc,heap        ] GC(14) PSYoungGen: 89662K(116224K)->14630K(89600K) Eden: 74564K(76288K)->0K(74752K) From: 15098K(39936K)->14630K(14848K)
[2026-03-25T15:13:30.019+0900][44.979s][info][gc,heap        ] GC(14) ParOldGen: 41211K(145408K)->56237K(145408K)
[2026-03-25T15:13:30.019+0900][44.979s][info][gc,metaspace   ] GC(14) Metaspace: 172K(384K)->172K(384K) NonClass: 162K(256K)->162K(256K) Class: 10K(128K)->10K(128K)
[2026-03-25T15:13:30.019+0900][44.979s][info][gc             ] GC(14) Pause Young (Allocation Failure) 127M->69M(229M) 4.072ms
[2026-03-25T15:13:30.019+0900][44.979s][info][gc,cpu         ] GC(14) User=0.00s Sys=0.00s Real=0.00s
[2026-03-25T15:13:32.588+0900][47.549s][info][gc,start       ] GC(15) Pause Young (Allocation Failure)
[2026-03-25T15:13:32.591+0900][47.552s][info][gc,heap        ] GC(15) PSYoungGen: 88598K(89600K)->14694K(111104K) Eden: 73968K(74752K)->0K(73216K) From: 14630K(14848K)->14694K(37888K)
[2026-03-25T15:13:32.591+0900][47.552s][info][gc,heap        ] GC(15) ParOldGen: 56237K(145408K)->70780K(145408K)
[2026-03-25T15:13:32.591+0900][47.552s][info][gc,metaspace   ] GC(15) Metaspace: 172K(384K)->172K(384K) NonClass: 162K(256K)->162K(256K) Class: 10K(128K)->10K(128K)
[2026-03-25T15:13:32.591+0900][47.552s][info][gc             ] GC(15) Pause Young (Allocation Failure) 141M->83M(250M) 3.549ms
[2026-03-25T15:13:32.591+0900][47.552s][info][gc,cpu         ] GC(15) User=0.00s Sys=0.00s Real=0.00s
[2026-03-25T15:13:35.073+0900][50.034s][info][gc,start       ] GC(16) Pause Young (Allocation Failure)
[2026-03-25T15:13:35.077+0900][50.038s][info][gc,heap        ] GC(16) PSYoungGen: 86091K(111104K)->14098K(86016K) Eden: 71397K(73216K)->0K(71680K) From: 14694K(37888K)->14098K(14336K)
[2026-03-25T15:13:35.077+0900][50.038s][info][gc,heap        ] GC(16) ParOldGen: 70780K(145408K)->85298K(145408K)
[2026-03-25T15:13:35.077+0900][50.038s][info][gc,metaspace   ] GC(16) Metaspace: 172K(384K)->172K(384K) NonClass: 162K(256K)->162K(256K) Class: 10K(128K)->10K(128K)
[2026-03-25T15:13:35.077+0900][50.038s][info][gc             ] GC(16) Pause Young (Allocation Failure) 153M->97M(226M) 4.155ms
[2026-03-25T15:13:35.077+0900][50.038s][info][gc,cpu         ] GC(16) User=0.00s Sys=0.00s Real=0.00s
[2026-03-25T15:13:37.561+0900][52.522s][info][gc,start       ] GC(17) Pause Young (Allocation Failure)
[2026-03-25T15:13:37.564+0900][52.526s][info][gc,heap        ] GC(17) PSYoungGen: 85542K(86016K)->14130K(106496K) Eden: 71444K(71680K)->0K(70656K) From: 14098K(14336K)->14130K(35840K)
[2026-03-25T15:13:37.565+0900][52.526s][info][gc,heap        ] GC(17) ParOldGen: 85298K(145408K)->99324K(145408K)
[2026-03-25T15:13:37.565+0900][52.526s][info][gc,metaspace   ] GC(17) Metaspace: 172K(384K)->172K(384K) NonClass: 162K(256K)->162K(256K) Class: 10K(128K)->10K(128K)
[2026-03-25T15:13:37.565+0900][52.526s][info][gc             ] GC(17) Pause Young (Allocation Failure) 166M->110M(246M) 3.783ms
[2026-03-25T15:13:37.565+0900][52.526s][info][gc,cpu         ] GC(17) User=0.00s Sys=0.00s Real=0.00s
[2026-03-25T15:13:39.921+0900][54.882s][info][gc,start       ] GC(18) Pause Young (Allocation Failure)
[2026-03-25T15:13:39.926+0900][54.887s][info][gc,heap        ] GC(18) PSYoungGen: 83021K(106496K)->13534K(83456K) Eden: 68890K(70656K)->0K(69632K) From: 14130K(35840K)->13534K(13824K)
[2026-03-25T15:13:39.926+0900][54.887s][info][gc,heap        ] GC(18) ParOldGen: 99324K(145408K)->113350K(145408K)
[2026-03-25T15:13:39.926+0900][54.887s][info][gc,metaspace   ] GC(18) Metaspace: 172K(384K)->172K(384K) NonClass: 162K(256K)->162K(256K) Class: 10K(128K)->10K(128K)
[2026-03-25T15:13:39.926+0900][54.887s][info][gc             ] GC(18) Pause Young (Allocation Failure) 178M->123M(223M) 5.269ms
[2026-03-25T15:13:39.926+0900][54.887s][info][gc,cpu         ] GC(18) User=0.00s Sys=0.00s Real=0.01s
[2026-03-25T15:13:42.299+0900][57.259s][info][gc,start       ] GC(19) Pause Young (Allocation Failure)
[2026-03-25T15:13:42.304+0900][57.265s][info][gc,heap        ] GC(19) PSYoungGen: 82411K(83456K)->13534K(101376K) Eden: 68877K(69632K)->0K(68608K) From: 13534K(13824K)->13534K(32768K)
[2026-03-25T15:13:42.304+0900][57.265s][info][gc,heap        ] GC(19) ParOldGen: 113350K(145408K)->126884K(145408K)
[2026-03-25T15:13:42.304+0900][57.265s][info][gc,metaspace   ] GC(19) Metaspace: 172K(384K)->172K(384K) NonClass: 162K(256K)->162K(256K) Class: 10K(128K)->10K(128K)
[2026-03-25T15:13:42.304+0900][57.265s][info][gc             ] GC(19) Pause Young (Allocation Failure) 191M->137M(241M) 6.228ms
[2026-03-25T15:13:42.304+0900][57.265s][info][gc,cpu         ] GC(19) User=0.00s Sys=0.02s Real=0.00s
[2026-03-25T15:13:42.304+0900][57.266s][info][gc,start       ] GC(20) Pause Full (Ergonomics)
[2026-03-25T15:13:42.304+0900][57.266s][info][gc,phases,start] GC(20) Marking Phase
[2026-03-25T15:13:42.305+0900][57.266s][info][gc,phases      ] GC(20) Marking Phase 0.793ms
[2026-03-25T15:13:42.305+0900][57.266s][info][gc,phases,start] GC(20) Summary Phase
[2026-03-25T15:13:42.305+0900][57.266s][info][gc,phases      ] GC(20) Summary Phase 0.018ms
[2026-03-25T15:13:42.305+0900][57.266s][info][gc,phases,start] GC(20) Adjust Roots
[2026-03-25T15:13:42.305+0900][57.267s][info][gc,phases      ] GC(20) Adjust Roots 0.125ms
[2026-03-25T15:13:42.305+0900][57.267s][info][gc,phases,start] GC(20) Compaction Phase
[2026-03-25T15:13:42.323+0900][57.284s][info][gc,phases      ] GC(20) Compaction Phase 17.722ms
[2026-03-25T15:13:42.323+0900][57.284s][info][gc,phases,start] GC(20) Post Compact
[2026-03-25T15:13:42.324+0900][57.285s][info][gc,phases      ] GC(20) Post Compact 0.423ms
[2026-03-25T15:13:42.324+0900][57.285s][info][gc,heap        ] GC(20) PSYoungGen: 13534K(101376K)->0K(68096K) Eden: 0K(68608K)->0K(67584K) From: 13534K(32768K)->0K(512K)
[2026-03-25T15:13:42.324+0900][57.285s][info][gc,heap        ] GC(20) ParOldGen: 126884K(145408K)->140228K(257024K)
[2026-03-25T15:13:42.324+0900][57.285s][info][gc,metaspace   ] GC(20) Metaspace: 172K(384K)->172K(384K) NonClass: 162K(256K)->162K(256K) Class: 10K(128K)->10K(128K)
[2026-03-25T15:13:42.324+0900][57.285s][info][gc             ] GC(20) Pause Full (Ergonomics) 137M->136M(317M) 19.949ms
[2026-03-25T15:13:42.324+0900][57.286s][info][gc,cpu         ] GC(20) User=0.02s Sys=0.00s Real=0.02s
[2026-03-25T15:13:44.621+0900][59.582s][info][gc,start       ] GC(21) Pause Young (Allocation Failure)
[2026-03-25T15:13:44.622+0900][59.584s][info][gc,heap        ] GC(21) PSYoungGen: 66293K(68096K)->2560K(101888K) Eden: 66293K(67584K)->0K(66560K) From: 0K(512K)->2560K(35328K)
[2026-03-25T15:13:44.622+0900][59.584s][info][gc,heap        ] GC(21) ParOldGen: 140228K(257024K)->140228K(257024K)
[2026-03-25T15:13:44.622+0900][59.584s][info][gc,metaspace   ] GC(21) Metaspace: 172K(384K)->172K(384K) NonClass: 162K(256K)->162K(256K) Class: 10K(128K)->10K(128K)
[2026-03-25T15:13:44.622+0900][59.584s][info][gc             ] GC(21) Pause Young (Allocation Failure) 201M->139M(350M) 1.723ms
[2026-03-25T15:13:44.622+0900][59.584s][info][gc,cpu         ] GC(21) User=0.00s Sys=0.00s Real=0.00s
[2026-03-25T15:13:46.843+0900][61.803s][info][gc,start       ] GC(22) Pause Young (Allocation Failure)
[2026-03-25T15:13:46.845+0900][61.806s][info][gc,heap        ] GC(22) PSYoungGen: 67622K(101888K)->12661K(78336K) Eden: 65061K(66560K)->0K(65536K) From: 2560K(35328K)->12661K(12800K)
[2026-03-25T15:13:46.846+0900][61.806s][info][gc,heap        ] GC(22) ParOldGen: 140228K(257024K)->142661K(257024K)
[2026-03-25T15:13:46.846+0900][61.806s][info][gc,metaspace   ] GC(22) Metaspace: 172K(384K)->172K(384K) NonClass: 162K(256K)->162K(256K) Class: 10K(128K)->10K(128K)
[2026-03-25T15:13:46.846+0900][61.806s][info][gc             ] GC(22) Pause Young (Allocation Failure) 202M->151M(327M) 2.640ms
[2026-03-25T15:13:46.846+0900][61.806s][info][gc,cpu         ] GC(22) User=0.00s Sys=0.00s Real=0.00s
[2026-03-25T15:13:49.237+0900][64.198s][info][gc,start       ] GC(23) Pause Young (Allocation Failure)
[2026-03-25T15:13:49.240+0900][64.202s][info][gc,heap        ] GC(23) PSYoungGen: 76463K(78336K)->12533K(95232K) Eden: 63801K(65536K)->0K(64512K) From: 12661K(12800K)->12533K(30720K)
[2026-03-25T15:13:49.240+0900][64.202s][info][gc,heap        ] GC(23) ParOldGen: 142661K(257024K)->155211K(257024K)
[2026-03-25T15:13:49.240+0900][64.202s][info][gc,metaspace   ] GC(23) Metaspace: 172K(384K)->172K(384K) NonClass: 162K(256K)->162K(256K) Class: 10K(128K)->10K(128K)
[2026-03-25T15:13:49.240+0900][64.202s][info][gc             ] GC(23) Pause Young (Allocation Failure) 213M->163M(344M) 4.219ms
[2026-03-25T15:13:49.240+0900][64.202s][info][gc,cpu         ] GC(23) User=0.02s Sys=0.00s Real=0.00s
[2026-03-25T15:13:51.535+0900][66.496s][info][gc,start       ] GC(24) Pause Young (Allocation Failure)
[2026-03-25T15:13:51.539+0900][66.501s][info][gc,heap        ] GC(24) PSYoungGen: 76311K(95232K)->12533K(76288K) Eden: 63777K(64512K)->0K(63488K) From: 12533K(30720K)->12533K(12800K)
[2026-03-25T15:13:51.540+0900][66.501s][info][gc,heap        ] GC(24) ParOldGen: 155211K(257024K)->167761K(257024K)
[2026-03-25T15:13:51.540+0900][66.501s][info][gc,metaspace   ] GC(24) Metaspace: 172K(384K)->172K(384K) NonClass: 162K(256K)->162K(256K) Class: 10K(128K)->10K(128K)
[2026-03-25T15:13:51.540+0900][66.501s][info][gc             ] GC(24) Pause Young (Allocation Failure) 226M->176M(325M) 4.653ms
[2026-03-25T15:13:51.540+0900][66.501s][info][gc,cpu         ] GC(24) User=0.00s Sys=0.00s Real=0.00s
[2026-03-25T15:13:53.768+0900][68.729s][info][gc,start       ] GC(25) Pause Young (Allocation Failure)
[2026-03-25T15:13:53.772+0900][68.732s][info][gc,heap        ] GC(25) PSYoungGen: 75995K(76288K)->12265K(91136K) Eden: 63461K(63488K)->0K(62464K) From: 12533K(12800K)->12265K(28672K)
[2026-03-25T15:13:53.772+0900][68.733s][info][gc,heap        ] GC(25) ParOldGen: 167761K(257024K)->180319K(257024K)
[2026-03-25T15:13:53.772+0900][68.733s][info][gc,metaspace   ] GC(25) Metaspace: 172K(384K)->172K(384K) NonClass: 162K(256K)->162K(256K) Class: 10K(128K)->10K(128K)
[2026-03-25T15:13:53.772+0900][68.733s][info][gc             ] GC(25) Pause Young (Allocation Failure) 238M->188M(340M) 3.998ms
[2026-03-25T15:13:53.772+0900][68.733s][info][gc,cpu         ] GC(25) User=0.00s Sys=0.00s Real=0.00s
[2026-03-25T15:13:56.084+0900][71.045s][info][gc,start       ] GC(26) Pause Young (Allocation Failure)
[2026-03-25T15:13:56.087+0900][71.049s][info][gc,heap        ] GC(26) PSYoungGen: 73762K(91136K)->12333K(74240K) Eden: 61496K(62464K)->0K(61440K) From: 12265K(28672K)->12333K(12800K)
[2026-03-25T15:13:56.087+0900][71.049s][info][gc,heap        ] GC(26) ParOldGen: 180319K(257024K)->192569K(257024K)
[2026-03-25T15:13:56.087+0900][71.049s][info][gc,metaspace   ] GC(26) Metaspace: 172K(384K)->172K(384K) NonClass: 162K(256K)->162K(256K) Class: 10K(128K)->10K(128K)
[2026-03-25T15:13:56.087+0900][71.049s][info][gc             ] GC(26) Pause Young (Allocation Failure) 248M->200M(323M) 3.784ms
[2026-03-25T15:13:56.087+0900][71.049s][info][gc,cpu         ] GC(26) User=0.00s Sys=0.00s Real=0.00s
[2026-03-25T15:13:58.230+0900][73.190s][info][gc,start       ] GC(27) Pause Young (Allocation Failure)
[2026-03-25T15:13:58.233+0900][73.195s][info][gc,heap        ] GC(27) PSYoungGen: 73536K(74240K)->12033K(87040K) Eden: 61202K(61440K)->0K(60416K) From: 12333K(12800K)->12033K(26624K)
[2026-03-25T15:13:58.233+0900][73.195s][info][gc,heap        ] GC(27) ParOldGen: 192569K(257024K)->204918K(257024K)
[2026-03-25T15:13:58.233+0900][73.195s][info][gc,metaspace   ] GC(27) Metaspace: 172K(384K)->172K(384K) NonClass: 162K(256K)->162K(256K) Class: 10K(128K)->10K(128K)
[2026-03-25T15:13:58.233+0900][73.195s][info][gc             ] GC(27) Pause Young (Allocation Failure) 259M->211M(336M) 4.478ms
[2026-03-25T15:13:58.233+0900][73.195s][info][gc,cpu         ] GC(27) User=0.00s Sys=0.00s Real=0.00s
[2026-03-25T15:14:09.549+0900][84.510s][info][gc,start       ] GC(28) Pause Young (Allocation Failure)
[2026-03-25T15:14:09.557+0900][84.518s][info][gc,heap        ] GC(28) PSYoungGen: 71681K(87040K)->11533K(71168K) Eden: 59647K(60416K)->0K(59392K) From: 12033K(26624K)->11533K(11776K)
[2026-03-25T15:14:09.557+0900][84.518s][info][gc,heap        ] GC(28) ParOldGen: 204918K(257024K)->216968K(257024K)
[2026-03-25T15:14:09.557+0900][84.518s][info][gc,metaspace   ] GC(28) Metaspace: 172K(384K)->172K(384K) NonClass: 162K(256K)->162K(256K) Class: 10K(128K)->10K(128K)
[2026-03-25T15:14:09.557+0900][84.518s][info][gc             ] GC(28) Pause Young (Allocation Failure) 270M->223M(320M) 8.209ms
[2026-03-25T15:14:09.557+0900][84.518s][info][gc,cpu         ] GC(28) User=0.00s Sys=0.02s Real=0.01s
[2026-03-25T15:14:27.415+0900][102.376s][info][gc,start       ] GC(29) Pause Young (Allocation Failure)
[2026-03-25T15:14:27.424+0900][102.385s][info][gc,heap        ] GC(29) PSYoungGen: 70224K(71168K)->11533K(82944K) Eden: 58691K(59392K)->0K(58368K) From: 11533K(11776K)->11533K(24576K)
[2026-03-25T15:14:27.424+0900][102.385s][info][gc,heap        ] GC(29) ParOldGen: 216968K(257024K)->228526K(257024K)
[2026-03-25T15:14:27.424+0900][102.385s][info][gc,metaspace   ] GC(29) Metaspace: 172K(384K)->172K(384K) NonClass: 162K(256K)->162K(256K) Class: 10K(128K)->10K(128K)
[2026-03-25T15:14:27.424+0900][102.385s][info][gc             ] GC(29) Pause Young (Allocation Failure) 280M->234M(332M) 9.264ms
[2026-03-25T15:14:27.424+0900][102.385s][info][gc,cpu         ] GC(29) User=0.00s Sys=0.00s Real=0.01s
[2026-03-25T15:14:44.973+0900][119.934s][info][gc,start       ] GC(30) Pause Young (Allocation Failure)
[2026-03-25T15:14:44.982+0900][119.943s][info][gc,heap        ] GC(30) PSYoungGen: 69899K(82944K)->11265K(69120K) Eden: 58365K(58368K)->0K(57344K) From: 11533K(24576K)->11265K(11776K)
[2026-03-25T15:14:44.982+0900][119.943s][info][gc,heap        ] GC(30) ParOldGen: 228526K(257024K)->240092K(257024K)
[2026-03-25T15:14:44.982+0900][119.943s][info][gc,metaspace   ] GC(30) Metaspace: 172K(384K)->172K(384K) NonClass: 162K(256K)->162K(256K) Class: 10K(128K)->10K(128K)
[2026-03-25T15:14:44.982+0900][119.943s][info][gc             ] GC(30) Pause Young (Allocation Failure) 291M->245M(318M) 8.708ms
[2026-03-25T15:14:44.982+0900][119.943s][info][gc,cpu         ] GC(30) User=0.00s Sys=0.02s Real=0.01s
[2026-03-25T15:14:44.982+0900][119.943s][info][gc,start       ] GC(31) Pause Full (Ergonomics)
[2026-03-25T15:14:44.982+0900][119.943s][info][gc,phases,start] GC(31) Marking Phase
[2026-03-25T15:14:44.985+0900][119.946s][info][gc,phases      ] GC(31) Marking Phase 2.650ms
[2026-03-25T15:14:44.985+0900][119.946s][info][gc,phases,start] GC(31) Summary Phase
[2026-03-25T15:14:44.985+0900][119.946s][info][gc,phases      ] GC(31) Summary Phase 0.088ms
[2026-03-25T15:14:44.985+0900][119.946s][info][gc,phases,start] GC(31) Adjust Roots
[2026-03-25T15:14:44.985+0900][119.947s][info][gc,phases      ] GC(31) Adjust Roots 0.265ms
[2026-03-25T15:14:44.986+0900][119.947s][info][gc,phases,start] GC(31) Compaction Phase
[2026-03-25T15:14:44.991+0900][119.952s][info][gc,phases      ] GC(31) Compaction Phase 5.222ms
[2026-03-25T15:14:44.991+0900][119.952s][info][gc,phases,start] GC(31) Post Compact
[2026-03-25T15:14:44.993+0900][119.954s][info][gc,phases      ] GC(31) Post Compact 1.878ms
[2026-03-25T15:14:44.998+0900][119.959s][info][gc,heap        ] GC(31) PSYoungGen: 11265K(69120K)->0K(80896K) Eden: 0K(57344K)->0K(56320K) From: 11265K(11776K)->0K(24576K)
[2026-03-25T15:14:44.998+0900][119.959s][info][gc,heap        ] GC(31) ParOldGen: 240092K(257024K)->111319K(221184K)
[2026-03-25T15:14:44.998+0900][119.959s][info][gc,metaspace   ] GC(31) Metaspace: 172K(384K)->172K(384K) NonClass: 162K(256K)->162K(256K) Class: 10K(128K)->10K(128K)
[2026-03-25T15:14:44.998+0900][119.959s][info][gc             ] GC(31) Pause Full (Ergonomics) 245M->108M(295M) 15.759ms
[2026-03-25T15:14:44.998+0900][119.959s][info][gc,cpu         ] GC(31) User=0.02s Sys=0.00s Real=0.02s
[2026-03-25T15:15:02.590+0900][137.551s][info][gc,start       ] GC(32) Pause Young (Allocation Failure)
[2026-03-25T15:15:02.591+0900][137.553s][info][gc,heap        ] GC(32) PSYoungGen: 56299K(80896K)->11425K(67072K) Eden: 56299K(56320K)->0K(55296K) From: 0K(24576K)->11425K(11776K)
[2026-03-25T15:15:02.592+0900][137.553s][info][gc,heap        ] GC(32) ParOldGen: 111319K(221184K)->111319K(221184K)
[2026-03-25T15:15:02.592+0900][137.553s][info][gc,metaspace   ] GC(32) Metaspace: 172K(384K)->172K(384K) NonClass: 162K(256K)->162K(256K) Class: 10K(128K)->10K(128K)
[2026-03-25T15:15:02.592+0900][137.553s][info][gc             ] GC(32) Pause Young (Allocation Failure) 163M->119M(281M) 1.869ms
[2026-03-25T15:15:02.592+0900][137.553s][info][gc,cpu         ] GC(32) User=0.00s Sys=0.00s Real=0.00s
[2026-03-25T15:15:18.888+0900][153.850s][info][gc,start       ] GC(33) Pause Young (Allocation Failure)
[2026-03-25T15:15:18.893+0900][153.853s][info][gc,heap        ] GC(33) PSYoungGen: 65129K(67072K)->10761K(76288K) Eden: 53703K(55296K)->0K(54272K) From: 11425K(11776K)->10761K(22016K)
[2026-03-25T15:15:18.893+0900][153.853s][info][gc,heap        ] GC(33) ParOldGen: 111319K(221184K)->122553K(221184K)
[2026-03-25T15:15:18.893+0900][153.853s][info][gc,metaspace   ] GC(33) Metaspace: 172K(384K)->172K(384K) NonClass: 162K(256K)->162K(256K) Class: 10K(128K)->10K(128K)
[2026-03-25T15:15:18.893+0900][153.853s][info][gc             ] GC(33) Pause Young (Allocation Failure) 172M->130M(290M) 3.759ms
[2026-03-25T15:15:18.893+0900][153.853s][info][gc,cpu         ] GC(33) User=0.00s Sys=0.00s Real=0.00s
[2026-03-25T15:15:35.128+0900][170.090s][info][gc,start       ] GC(34) Pause Young (Allocation Failure)
[2026-03-25T15:15:35.130+0900][170.092s][info][gc,heap        ] GC(34) PSYoungGen: 64335K(76288K)->10661K(64512K) Eden: 53573K(54272K)->0K(53760K) From: 10761K(22016K)->10661K(10752K)
[2026-03-25T15:15:35.130+0900][170.092s][info][gc,heap        ] GC(34) ParOldGen: 122553K(221184K)->133187K(221184K)
[2026-03-25T15:15:35.130+0900][170.092s][info][gc,metaspace   ] GC(34) Metaspace: 172K(384K)->172K(384K) NonClass: 162K(256K)->162K(256K) Class: 10K(128K)->10K(128K)
[2026-03-25T15:15:35.130+0900][170.092s][info][gc             ] GC(34) Pause Young (Allocation Failure) 182M->140M(279M) 2.216ms
[2026-03-25T15:15:35.131+0900][170.092s][info][gc,cpu         ] GC(34) User=0.00s Sys=0.02s Real=0.00s
[2026-03-25T15:15:51.425+0900][186.385s][info][gc,start       ] GC(35) Pause Young (Allocation Failure)
[2026-03-25T15:15:51.427+0900][186.388s][info][gc,heap        ] GC(35) PSYoungGen: 64232K(64512K)->3364K(76800K) Eden: 53571K(53760K)->0K(53248K) From: 10661K(10752K)->3364K(23552K)
[2026-03-25T15:15:51.427+0900][186.388s][info][gc,heap        ] GC(35) ParOldGen: 133187K(221184K)->133187K(221184K)
[2026-03-25T15:15:51.427+0900][186.388s][info][gc,metaspace   ] GC(35) Metaspace: 172K(384K)->172K(384K) NonClass: 162K(256K)->162K(256K) Class: 10K(128K)->10K(128K)
[2026-03-25T15:15:51.427+0900][186.388s][info][gc             ] GC(35) Pause Young (Allocation Failure) 192M->133M(291M) 2.264ms
[2026-03-25T15:15:51.427+0900][186.388s][info][gc,cpu         ] GC(35) User=0.00s Sys=0.00s Real=0.00s
[2026-03-25T15:16:07.261+0900][202.222s][info][gc,start       ] GC(36) Pause Young (Allocation Failure)
[2026-03-25T15:16:07.264+0900][202.225s][info][gc,heap        ] GC(36) PSYoungGen: 56529K(76800K)->13530K(66560K) Eden: 53165K(53248K)->0K(52736K) From: 3364K(23552K)->13530K(13824K)
[2026-03-25T15:16:07.264+0900][202.225s][info][gc,heap        ] GC(36) ParOldGen: 133187K(221184K)->133187K(221184K)
[2026-03-25T15:16:07.264+0900][202.225s][info][gc,metaspace   ] GC(36) Metaspace: 172K(384K)->172K(384K) NonClass: 162K(256K)->162K(256K) Class: 10K(128K)->10K(128K)
[2026-03-25T15:16:07.264+0900][202.225s][info][gc             ] GC(36) Pause Young (Allocation Failure) 185M->143M(281M) 3.008ms
[2026-03-25T15:16:07.264+0900][202.225s][info][gc,cpu         ] GC(36) User=0.00s Sys=0.00s Real=0.00s
[2026-03-25T15:16:23.255+0900][218.216s][info][gc,start       ] GC(37) Pause Young (Allocation Failure)
[2026-03-25T15:16:23.257+0900][218.219s][info][gc,heap        ] GC(37) PSYoungGen: 64940K(66560K)->23463K(73216K) Eden: 51410K(52736K)->0K(49664K) From: 13530K(13824K)->23463K(23552K)
[2026-03-25T15:16:23.257+0900][218.219s][info][gc,heap        ] GC(37) ParOldGen: 133187K(221184K)->133687K(221184K)
[2026-03-25T15:16:23.257+0900][218.219s][info][gc,metaspace   ] GC(37) Metaspace: 172K(384K)->172K(384K) NonClass: 162K(256K)->162K(256K) Class: 10K(128K)->10K(128K)
[2026-03-25T15:16:23.257+0900][218.219s][info][gc             ] GC(37) Pause Young (Allocation Failure) 193M->153M(287M) 2.415ms
[2026-03-25T15:16:23.258+0900][218.219s][info][gc,cpu         ] GC(37) User=0.03s Sys=0.00s Real=0.00s
[2026-03-25T15:16:37.976+0900][232.937s][info][gc,start       ] GC(38) Pause Young (Allocation Failure)
[2026-03-25T15:16:37.981+0900][232.942s][info][gc,heap        ] GC(38) PSYoungGen: 71966K(73216K)->26532K(75776K) Eden: 48502K(49664K)->0K(49152K) From: 23463K(23552K)->26532K(26624K)
[2026-03-25T15:16:37.981+0900][232.942s][info][gc,heap        ] GC(38) ParOldGen: 133687K(221184K)->140088K(221184K)
[2026-03-25T15:16:37.981+0900][232.942s][info][gc,metaspace   ] GC(38) Metaspace: 172K(384K)->172K(384K) NonClass: 162K(256K)->162K(256K) Class: 10K(128K)->10K(128K)
[2026-03-25T15:16:37.981+0900][232.942s][info][gc             ] GC(38) Pause Young (Allocation Failure) 200M->162M(290M) 5.279ms
[2026-03-25T15:16:37.981+0900][232.942s][info][gc,cpu         ] GC(38) User=0.00s Sys=0.00s Real=0.00s
[2026-03-25T15:16:52.730+0900][247.691s][info][gc,start       ] GC(39) Pause Young (Allocation Failure)
[2026-03-25T15:16:52.739+0900][247.700s][info][gc,heap        ] GC(39) PSYoungGen: 75026K(75776K)->30196K(75264K) Eden: 48493K(49152K)->0K(45056K) From: 26532K(26624K)->30196K(30208K)
[2026-03-25T15:16:52.739+0900][247.700s][info][gc,heap        ] GC(39) ParOldGen: 140088K(221184K)->145989K(221184K)
[2026-03-25T15:16:52.739+0900][247.700s][info][gc,metaspace   ] GC(39) Metaspace: 172K(384K)->172K(384K) NonClass: 162K(256K)->162K(256K) Class: 10K(128K)->10K(128K)
[2026-03-25T15:16:52.739+0900][247.700s][info][gc             ] GC(39) Pause Young (Allocation Failure) 210M->172M(289M) 9.227ms
[2026-03-25T15:16:52.739+0900][247.700s][info][gc,cpu         ] GC(39) User=0.00s Sys=0.00s Real=0.01s
[2026-03-25T15:17:05.942+0900][260.903s][info][gc,start       ] GC(40) Pause Young (Allocation Failure)
[2026-03-25T15:17:05.946+0900][260.906s][info][gc,heap        ] GC(40) PSYoungGen: 73613K(75264K)->34229K(78848K) Eden: 43416K(45056K)->0K(44544K) From: 30196K(30208K)->34229K(34304K)
[2026-03-25T15:17:05.946+0900][260.906s][info][gc,heap        ] GC(40) ParOldGen: 145989K(221184K)->150489K(221184K)
[2026-03-25T15:17:05.946+0900][260.906s][info][gc,metaspace   ] GC(40) Metaspace: 172K(384K)->172K(384K) NonClass: 162K(256K)->162K(256K) Class: 10K(128K)->10K(128K)
[2026-03-25T15:17:05.946+0900][260.906s][info][gc             ] GC(40) Pause Young (Allocation Failure) 214M->180M(293M) 3.439ms
[2026-03-25T15:17:05.946+0900][260.906s][info][gc,cpu         ] GC(40) User=0.02s Sys=0.00s Real=0.00s
[2026-03-25T15:17:19.157+0900][274.118s][info][gc,start       ] GC(41) Pause Young (Allocation Failure)
[2026-03-25T15:17:19.165+0900][274.127s][info][gc,heap        ] GC(41) PSYoungGen: 77636K(78848K)->39398K(78336K) Eden: 43407K(44544K)->0K(38912K) From: 34229K(34304K)->39398K(39424K)
[2026-03-25T15:17:19.165+0900][274.127s][info][gc,heap        ] GC(41) ParOldGen: 150489K(221184K)->153790K(221184K)
[2026-03-25T15:17:19.166+0900][274.127s][info][gc,metaspace   ] GC(41) Metaspace: 172K(384K)->172K(384K) NonClass: 162K(256K)->162K(256K) Class: 10K(128K)->10K(128K)
[2026-03-25T15:17:19.166+0900][274.127s][info][gc             ] GC(41) Pause Young (Allocation Failure) 222M->188M(292M) 8.666ms
[2026-03-25T15:17:19.166+0900][274.127s][info][gc,cpu         ] GC(41) User=0.00s Sys=0.00s Real=0.01s
[2026-03-25T15:17:30.816+0900][285.777s][info][gc,start       ] GC(42) Pause Young (Allocation Failure)
[2026-03-25T15:17:30.820+0900][285.781s][info][gc,heap        ] GC(42) PSYoungGen: 77696K(78336K)->44967K(83456K) Eden: 38298K(38912K)->0K(38400K) From: 39398K(39424K)->44967K(45056K)
[2026-03-25T15:17:30.820+0900][285.781s][info][gc,heap        ] GC(42) ParOldGen: 153790K(221184K)->155690K(221184K)
[2026-03-25T15:17:30.820+0900][285.781s][info][gc,metaspace   ] GC(42) Metaspace: 172K(384K)->172K(384K) NonClass: 162K(256K)->162K(256K) Class: 10K(128K)->10K(128K)
[2026-03-25T15:17:30.820+0900][285.781s][info][gc             ] GC(42) Pause Young (Allocation Failure) 226M->195M(297M) 3.704ms
[2026-03-25T15:17:30.820+0900][285.781s][info][gc,cpu         ] GC(42) User=0.02s Sys=0.00s Real=0.00s
[2026-03-25T15:17:42.466+0900][297.427s][info][gc,start       ] GC(43) Pause Young (Allocation Failure)
[2026-03-25T15:17:42.476+0900][297.437s][info][gc,heap        ] GC(43) PSYoungGen: 83255K(83456K)->52200K(82944K) Eden: 38288K(38400K)->0K(30720K) From: 44967K(45056K)->52200K(52224K)
[2026-03-25T15:17:42.476+0900][297.437s][info][gc,heap        ] GC(43) ParOldGen: 155690K(221184K)->155990K(221184K)
[2026-03-25T15:17:42.476+0900][297.437s][info][gc,metaspace   ] GC(43) Metaspace: 172K(384K)->172K(384K) NonClass: 162K(256K)->162K(256K) Class: 10K(128K)->10K(128K)
[2026-03-25T15:17:42.476+0900][297.437s][info][gc             ] GC(43) Pause Young (Allocation Failure) 233M->203M(297M) 10.277ms
[2026-03-25T15:17:42.476+0900][297.437s][info][gc,cpu         ] GC(43) User=0.02s Sys=0.02s Real=0.01s
[2026-03-25T15:17:51.780+0900][306.741s][info][gc,start       ] GC(44) Pause Young (Allocation Failure)
[2026-03-25T15:17:51.786+0900][306.747s][info][gc,heap        ] GC(44) PSYoungGen: 82790K(82944K)->58137K(90624K) Eden: 30590K(30720K)->0K(30720K) From: 52200K(52224K)->58137K(59904K)
[2026-03-25T15:17:51.786+0900][306.747s][info][gc,heap        ] GC(44) ParOldGen: 155990K(221184K)->155990K(221184K)
[2026-03-25T15:17:51.786+0900][306.747s][info][gc,metaspace   ] GC(44) Metaspace: 172K(384K)->172K(384K) NonClass: 162K(256K)->162K(256K) Class: 10K(128K)->10K(128K)
[2026-03-25T15:17:51.786+0900][306.747s][info][gc             ] GC(44) Pause Young (Allocation Failure) 233M->209M(304M) 6.566ms
[2026-03-25T15:17:51.786+0900][306.747s][info][gc,cpu         ] GC(44) User=0.00s Sys=0.00s Real=0.01s
[2026-03-25T15:18:01.114+0900][316.075s][info][gc,start       ] GC(45) Pause Young (Allocation Failure)
[2026-03-25T15:18:01.127+0900][316.088s][info][gc,heap        ] GC(45) PSYoungGen: 88727K(90624K)->64266K(90112K) Eden: 30590K(30720K)->0K(21504K) From: 58137K(59904K)->64266K(68608K)
[2026-03-25T15:18:01.127+0900][316.088s][info][gc,heap        ] GC(45) ParOldGen: 155990K(221184K)->155990K(221184K)
[2026-03-25T15:18:01.127+0900][316.089s][info][gc,metaspace   ] GC(45) Metaspace: 172K(384K)->172K(384K) NonClass: 162K(256K)->162K(256K) Class: 10K(128K)->10K(128K)
[2026-03-25T15:18:01.127+0900][316.089s][info][gc             ] GC(45) Pause Young (Allocation Failure) 238M->215M(304M) 13.734ms
[2026-03-25T15:18:01.127+0900][316.089s][info][gc,cpu         ] GC(45) User=0.03s Sys=0.02s Real=0.01s
[2026-03-25T15:18:07.381+0900][322.342s][info][gc,start       ] GC(46) Pause Young (Allocation Failure)
[2026-03-25T15:18:07.385+0900][322.345s][info][gc,heap        ] GC(46) PSYoungGen: 84680K(90112K)->54832K(99328K) Eden: 20414K(21504K)->0K(21504K) From: 64266K(68608K)->54832K(77824K)
[2026-03-25T15:18:07.385+0900][322.345s][info][gc,heap        ] GC(46) ParOldGen: 155990K(221184K)->169440K(221184K)
[2026-03-25T15:18:07.385+0900][322.345s][info][gc,metaspace   ] GC(46) Metaspace: 172K(384K)->172K(384K) NonClass: 162K(256K)->162K(256K) Class: 10K(128K)->10K(128K)
[2026-03-25T15:18:07.385+0900][322.345s][info][gc             ] GC(46) Pause Young (Allocation Failure) 235M->219M(313M) 3.807ms
[2026-03-25T15:18:07.385+0900][322.345s][info][gc,cpu         ] GC(46) User=0.08s Sys=0.00s Real=0.00s
[2026-03-25T15:18:13.596+0900][328.557s][info][gc,start       ] GC(47) Pause Young (Allocation Failure)
[2026-03-25T15:18:13.602+0900][328.563s][info][gc,heap        ] GC(47) PSYoungGen: 75247K(99328K)->51732K(101888K) Eden: 20414K(21504K)->0K(19968K) From: 54832K(77824K)->51732K(81920K)
[2026-03-25T15:18:13.602+0900][328.563s][info][gc,heap        ] GC(47) ParOldGen: 169440K(221184K)->176590K(221184K)
[2026-03-25T15:18:13.602+0900][328.563s][info][gc,metaspace   ] GC(47) Metaspace: 172K(384K)->172K(384K) NonClass: 162K(256K)->162K(256K) Class: 10K(128K)->10K(128K)
[2026-03-25T15:18:13.602+0900][328.563s][info][gc             ] GC(47) Pause Young (Allocation Failure) 238M->222M(315M) 5.722ms
[2026-03-25T15:18:13.602+0900][328.563s][info][gc,cpu         ] GC(47) User=0.02s Sys=0.00s Real=0.01s
[2026-03-25T15:18:19.040+0900][334.001s][info][gc,start       ] GC(48) Pause Young (Allocation Failure)
[2026-03-25T15:18:19.045+0900][334.006s][info][gc,heap        ] GC(48) PSYoungGen: 69667K(101888K)->45031K(65024K) Eden: 17935K(19968K)->0K(19968K) From: 51732K(81920K)->45031K(45056K)
[2026-03-25T15:18:19.045+0900][334.006s][info][gc,heap        ] GC(48) ParOldGen: 176590K(221184K)->186839K(221184K)
[2026-03-25T15:18:19.045+0900][334.006s][info][gc,metaspace   ] GC(48) Metaspace: 172K(384K)->172K(384K) NonClass: 162K(256K)->162K(256K) Class: 10K(128K)->10K(128K)
[2026-03-25T15:18:19.045+0900][334.006s][info][gc             ] GC(48) Pause Young (Allocation Failure) 240M->226M(279M) 5.443ms
[2026-03-25T15:18:19.045+0900][334.006s][info][gc,cpu         ] GC(48) User=0.00s Sys=0.00s Real=0.01s
[2026-03-25T15:18:24.480+0900][339.442s][info][gc,start       ] GC(49) Pause Young (Allocation Failure)
[2026-03-25T15:18:24.485+0900][339.447s][info][gc,heap        ] GC(49) PSYoungGen: 62966K(65024K)->34665K(93696K) Eden: 17935K(19968K)->0K(19968K) From: 45031K(45056K)->34665K(73728K)
[2026-03-25T15:18:24.486+0900][339.447s][info][gc,heap        ] GC(49) ParOldGen: 186839K(221184K)->200673K(221184K)
[2026-03-25T15:18:24.486+0900][339.447s][info][gc,metaspace   ] GC(49) Metaspace: 172K(384K)->172K(384K) NonClass: 162K(256K)->162K(256K) Class: 10K(128K)->10K(128K)
[2026-03-25T15:18:24.486+0900][339.447s][info][gc             ] GC(49) Pause Young (Allocation Failure) 243M->229M(307M) 5.148ms
[2026-03-25T15:18:24.486+0900][339.447s][info][gc,cpu         ] GC(49) User=0.00s Sys=0.00s Real=0.01s
[2026-03-25T15:18:29.936+0900][344.897s][info][gc,start       ] GC(50) Pause Young (Allocation Failure)
[2026-03-25T15:18:29.940+0900][344.901s][info][gc,heap        ] GC(50) PSYoungGen: 52600K(93696K)->24695K(45056K) Eden: 17935K(19968K)->0K(19968K) From: 34665K(73728K)->24695K(25088K)
[2026-03-25T15:18:29.940+0900][344.901s][info][gc,heap        ] GC(50) ParOldGen: 200673K(221184K)->214207K(221184K)
[2026-03-25T15:18:29.940+0900][344.901s][info][gc,metaspace   ] GC(50) Metaspace: 172K(384K)->172K(384K) NonClass: 162K(256K)->162K(256K) Class: 10K(128K)->10K(128K)
[2026-03-25T15:18:29.940+0900][344.901s][info][gc             ] GC(50) Pause Young (Allocation Failure) 247M->233M(260M) 3.704ms
[2026-03-25T15:18:29.940+0900][344.901s][info][gc,cpu         ] GC(50) User=0.00s Sys=0.00s Real=0.00s
[2026-03-25T15:18:29.940+0900][344.901s][info][gc,start       ] GC(51) Pause Full (Ergonomics)
[2026-03-25T15:18:29.940+0900][344.901s][info][gc,phases,start] GC(51) Marking Phase
[2026-03-25T15:18:29.942+0900][344.903s][info][gc,phases      ] GC(51) Marking Phase 1.743ms
[2026-03-25T15:18:29.942+0900][344.903s][info][gc,phases,start] GC(51) Summary Phase
[2026-03-25T15:18:29.942+0900][344.903s][info][gc,phases      ] GC(51) Summary Phase 0.056ms
[2026-03-25T15:18:29.942+0900][344.903s][info][gc,phases,start] GC(51) Adjust Roots
[2026-03-25T15:18:29.942+0900][344.904s][info][gc,phases      ] GC(51) Adjust Roots 0.393ms
[2026-03-25T15:18:29.942+0900][344.904s][info][gc,phases,start] GC(51) Compaction Phase
[2026-03-25T15:18:29.953+0900][344.914s][info][gc,phases      ] GC(51) Compaction Phase 10.276ms
[2026-03-25T15:18:29.953+0900][344.914s][info][gc,phases,start] GC(51) Post Compact
[2026-03-25T15:18:29.954+0900][344.915s][info][gc,phases      ] GC(51) Post Compact 1.197ms
[2026-03-25T15:18:29.956+0900][344.917s][info][gc,heap        ] GC(51) PSYoungGen: 24695K(45056K)->0K(95744K) Eden: 0K(19968K)->0K(19968K) From: 24695K(25088K)->0K(75776K)
[2026-03-25T15:18:29.956+0900][344.917s][info][gc,heap        ] GC(51) ParOldGen: 214207K(221184K)->106018K(212480K)
[2026-03-25T15:18:29.956+0900][344.917s][info][gc,metaspace   ] GC(51) Metaspace: 172K(384K)->172K(384K) NonClass: 162K(256K)->162K(256K) Class: 10K(128K)->10K(128K)
[2026-03-25T15:18:29.956+0900][344.917s][info][gc             ] GC(51) Pause Full (Ergonomics) 233M->103M(301M) 15.910ms
[2026-03-25T15:18:29.956+0900][344.917s][info][gc,cpu         ] GC(51) User=0.05s Sys=0.00s Real=0.02s
[2026-03-25T15:18:35.381+0900][350.343s][info][gc,start       ] GC(52) Pause Young (Allocation Failure)
[2026-03-25T15:18:35.383+0900][350.344s][info][gc,heap        ] GC(52) PSYoungGen: 17934K(95744K)->3724K(95744K) Eden: 17934K(19968K)->0K(19968K) From: 0K(75776K)->3724K(75776K)
[2026-03-25T15:18:35.383+0900][350.344s][info][gc,heap        ] GC(52) ParOldGen: 106018K(212480K)->106018K(212480K)
[2026-03-25T15:18:35.383+0900][350.344s][info][gc,metaspace   ] GC(52) Metaspace: 172K(384K)->172K(384K) NonClass: 162K(256K)->162K(256K) Class: 10K(128K)->10K(128K)
[2026-03-25T15:18:35.383+0900][350.344s][info][gc             ] GC(52) Pause Young (Allocation Failure) 121M->107M(301M) 1.799ms
[2026-03-25T15:18:35.383+0900][350.344s][info][gc,cpu         ] GC(52) User=0.00s Sys=0.00s Real=0.00s
[2026-03-25T15:18:40.862+0900][355.823s][info][gc,start       ] GC(53) Pause Young (Allocation Failure)
[2026-03-25T15:18:40.864+0900][355.825s][info][gc,heap        ] GC(53) PSYoungGen: 21656K(95744K)->7193K(97280K) Eden: 17932K(19968K)->0K(19968K) From: 3724K(75776K)->7193K(77312K)
[2026-03-25T15:18:40.864+0900][355.825s][info][gc,heap        ] GC(53) ParOldGen: 106018K(212480K)->106018K(212480K)
[2026-03-25T15:18:40.864+0900][355.825s][info][gc,metaspace   ] GC(53) Metaspace: 172K(384K)->172K(384K) NonClass: 162K(256K)->162K(256K) Class: 10K(128K)->10K(128K)
[2026-03-25T15:18:40.864+0900][355.825s][info][gc             ] GC(53) Pause Young (Allocation Failure) 124M->110M(302M) 1.928ms
[2026-03-25T15:18:40.864+0900][355.825s][info][gc,cpu         ] GC(53) User=0.00s Sys=0.00s Real=0.00s
[2026-03-25T15:18:46.291+0900][361.252s][info][gc,start       ] GC(54) Pause Young (Allocation Failure)
[2026-03-25T15:18:46.293+0900][361.254s][info][gc,heap        ] GC(54) PSYoungGen: 25125K(97280K)->10661K(30720K) Eden: 17932K(19968K)->0K(19968K) From: 7193K(77312K)->10661K(10752K)
[2026-03-25T15:18:46.293+0900][361.254s][info][gc,heap        ] GC(54) ParOldGen: 106018K(212480K)->106018K(212480K)
[2026-03-25T15:18:46.293+0900][361.254s][info][gc,metaspace   ] GC(54) Metaspace: 172K(384K)->172K(384K) NonClass: 162K(256K)->162K(256K) Class: 10K(128K)->10K(128K)
[2026-03-25T15:18:46.293+0900][361.254s][info][gc             ] GC(54) Pause Young (Allocation Failure) 128M->113M(237M) 1.919ms
[2026-03-25T15:18:46.293+0900][361.254s][info][gc,cpu         ] GC(54) User=0.00s Sys=0.00s Real=0.00s
[2026-03-25T15:18:51.722+0900][366.683s][info][gc,start       ] GC(55) Pause Young (Allocation Failure)
[2026-03-25T15:18:51.723+0900][366.684s][info][gc,heap        ] GC(55) PSYoungGen: 28594K(30720K)->10629K(91648K) Eden: 17933K(19968K)->0K(19968K) From: 10661K(10752K)->10629K(71680K)
[2026-03-25T15:18:51.723+0900][366.685s][info][gc,heap        ] GC(55) ParOldGen: 106018K(212480K)->109543K(212480K)
[2026-03-25T15:18:51.723+0900][366.685s][info][gc,metaspace   ] GC(55) Metaspace: 172K(384K)->172K(384K) NonClass: 162K(256K)->162K(256K) Class: 10K(128K)->10K(128K)
[2026-03-25T15:18:51.723+0900][366.685s][info][gc             ] GC(55) Pause Young (Allocation Failure) 131M->117M(297M) 1.539ms
[2026-03-25T15:18:51.723+0900][366.685s][info][gc,cpu         ] GC(55) User=0.00s Sys=0.00s Real=0.00s
[2026-03-25T15:18:56.337+0900][371.297s][info][gc,start       ] GC(56) Pause Young (Allocation Failure)
[2026-03-25T15:18:56.338+0900][371.299s][info][gc,heap        ] GC(56) PSYoungGen: 28562K(91648K)->10629K(30720K) Eden: 17933K(19968K)->0K(19968K) From: 10629K(71680K)->10629K(10752K)
[2026-03-25T15:18:56.338+0900][371.299s][info][gc,heap        ] GC(56) ParOldGen: 109543K(212480K)->113059K(212480K)
[2026-03-25T15:18:56.338+0900][371.299s][info][gc,metaspace   ] GC(56) Metaspace: 172K(384K)->172K(384K) NonClass: 162K(256K)->162K(256K) Class: 10K(128K)->10K(128K)
[2026-03-25T15:18:56.338+0900][371.299s][info][gc             ] GC(56) Pause Young (Allocation Failure) 134M->120M(237M) 1.787ms
[2026-03-25T15:18:56.338+0900][371.299s][info][gc,cpu         ] GC(56) User=0.00s Sys=0.00s Real=0.00s
[2026-03-25T15:18:57.107+0900][372.067s][info][gc,start       ] GC(57) Pause Young (Allocation Failure)
[2026-03-25T15:18:57.116+0900][372.077s][info][gc,heap        ] GC(57) PSYoungGen: 28563K(30720K)->14194K(86528K) Eden: 17933K(19968K)->0K(19968K) From: 10629K(10752K)->14194K(66560K)
[2026-03-25T15:18:57.116+0900][372.077s][info][gc,heap        ] GC(57) ParOldGen: 113059K(212480K)->113059K(212480K)
[2026-03-25T15:18:57.116+0900][372.077s][info][gc,metaspace   ] GC(57) Metaspace: 172K(384K)->172K(384K) NonClass: 162K(256K)->162K(256K) Class: 10K(128K)->10K(128K)
[2026-03-25T15:18:57.116+0900][372.077s][info][gc             ] GC(57) Pause Young (Allocation Failure) 138M->124M(292M) 9.328ms
[2026-03-25T15:18:57.116+0900][372.077s][info][gc,cpu         ] GC(57) User=0.00s Sys=0.00s Real=0.01s
[2026-03-25T15:18:57.828+0900][372.789s][info][gc,start       ] GC(58) Pause Young (Allocation Failure)
[2026-03-25T15:18:57.830+0900][372.791s][info][gc,heap        ] GC(58) PSYoungGen: 32127K(86528K)->10725K(30720K) Eden: 17933K(19968K)->0K(19968K) From: 14194K(66560K)->10725K(10752K)
[2026-03-25T15:18:57.830+0900][372.791s][info][gc,heap        ] GC(58) ParOldGen: 113059K(212480K)->120100K(212480K)
[2026-03-25T15:18:57.830+0900][372.791s][info][gc,metaspace   ] GC(58) Metaspace: 172K(384K)->172K(384K) NonClass: 162K(256K)->162K(256K) Class: 10K(128K)->10K(128K)
[2026-03-25T15:18:57.830+0900][372.791s][info][gc             ] GC(58) Pause Young (Allocation Failure) 141M->127M(237M) 1.924ms
[2026-03-25T15:18:57.830+0900][372.791s][info][gc,cpu         ] GC(58) User=0.00s Sys=0.00s Real=0.00s
[2026-03-25T15:18:58.496+0900][373.456s][info][gc,start       ] GC(59) Pause Young (Allocation Failure)
[2026-03-25T15:18:58.498+0900][373.459s][info][gc,heap        ] GC(59) PSYoungGen: 28659K(30720K)->7097K(83456K) Eden: 17933K(19968K)->0K(19968K) From: 10725K(10752K)->7097K(63488K)
[2026-03-25T15:18:58.498+0900][373.459s][info][gc,heap        ] GC(59) ParOldGen: 120100K(212480K)->127117K(212480K)
[2026-03-25T15:18:58.498+0900][373.459s][info][gc,metaspace   ] GC(59) Metaspace: 172K(384K)->172K(384K) NonClass: 162K(256K)->162K(256K) Class: 10K(128K)->10K(128K)
[2026-03-25T15:18:58.498+0900][373.459s][info][gc             ] GC(59) Pause Young (Allocation Failure) 145M->131M(289M) 2.475ms
[2026-03-25T15:18:58.498+0900][373.459s][info][gc,cpu         ] GC(59) User=0.00s Sys=0.00s Real=0.00s
[2026-03-25T15:18:59.111+0900][374.072s][info][gc,start       ] GC(60) Pause Young (Allocation Failure)
[2026-03-25T15:18:59.114+0900][374.075s][info][gc,heap        ] GC(60) PSYoungGen: 25030K(83456K)->3532K(23552K) Eden: 17933K(19968K)->0K(19968K) From: 7097K(63488K)->3532K(3584K)
[2026-03-25T15:18:59.114+0900][374.075s][info][gc,heap        ] GC(60) ParOldGen: 127117K(212480K)->134142K(212480K)
[2026-03-25T15:18:59.114+0900][374.075s][info][gc,metaspace   ] GC(60) Metaspace: 172K(384K)->172K(384K) NonClass: 162K(256K)->162K(256K) Class: 10K(128K)->10K(128K)
[2026-03-25T15:18:59.114+0900][374.075s][info][gc             ] GC(60) Pause Young (Allocation Failure) 148M->134M(230M) 3.364ms
[2026-03-25T15:18:59.115+0900][374.075s][info][gc,cpu         ] GC(60) User=0.00s Sys=0.00s Real=0.00s
[2026-03-25T15:18:59.729+0900][374.689s][info][gc,start       ] GC(61) Pause Young (Allocation Failure)
[2026-03-25T15:18:59.731+0900][374.692s][info][gc,heap        ] GC(61) PSYoungGen: 21466K(23552K)->3564K(79360K) Eden: 17933K(19968K)->0K(19968K) From: 3532K(3584K)->3564K(59392K)
[2026-03-25T15:18:59.732+0900][374.692s][info][gc,heap        ] GC(61) ParOldGen: 134142K(212480K)->137659K(212480K)
[2026-03-25T15:18:59.732+0900][374.692s][info][gc,metaspace   ] GC(61) Metaspace: 172K(384K)->172K(384K) NonClass: 162K(256K)->162K(256K) Class: 10K(128K)->10K(128K)
[2026-03-25T15:18:59.732+0900][374.692s][info][gc             ] GC(61) Pause Young (Allocation Failure) 151M->137M(285M) 2.998ms
[2026-03-25T15:18:59.732+0900][374.693s][info][gc,cpu         ] GC(61) User=0.00s Sys=0.00s Real=0.00s
[2026-03-25T15:19:00.383+0900][375.343s][info][gc,start       ] GC(62) Pause Young (Allocation Failure)
[2026-03-25T15:19:00.384+0900][375.344s][info][gc,heap        ] GC(62) PSYoungGen: 21498K(79360K)->3692K(24064K) Eden: 17933K(19968K)->0K(19968K) From: 3564K(59392K)->3692K(4096K)
[2026-03-25T15:19:00.384+0900][375.344s][info][gc,heap        ] GC(62) ParOldGen: 137659K(212480K)->141191K(212480K)
[2026-03-25T15:19:00.384+0900][375.344s][info][gc,metaspace   ] GC(62) Metaspace: 172K(384K)->172K(384K) NonClass: 162K(256K)->162K(256K) Class: 10K(128K)->10K(128K)
[2026-03-25T15:19:00.384+0900][375.344s][info][gc             ] GC(62) Pause Young (Allocation Failure) 155M->141M(231M) 1.167ms
[2026-03-25T15:19:00.384+0900][375.344s][info][gc,cpu         ] GC(62) User=0.00s Sys=0.00s Real=0.00s
[2026-03-25T15:19:01.051+0900][376.012s][info][gc,start       ] GC(63) Pause Young (Allocation Failure)
[2026-03-25T15:19:01.052+0900][376.013s][info][gc,heap        ] GC(63) PSYoungGen: 21626K(24064K)->3660K(75264K) Eden: 17933K(19968K)->0K(19968K) From: 3692K(4096K)->3660K(55296K)
[2026-03-25T15:19:01.052+0900][376.013s][info][gc,heap        ] GC(63) ParOldGen: 141191K(212480K)->144724K(212480K)
[2026-03-25T15:19:01.052+0900][376.013s][info][gc,metaspace   ] GC(63) Metaspace: 172K(384K)->172K(384K) NonClass: 162K(256K)->162K(256K) Class: 10K(128K)->10K(128K)
[2026-03-25T15:19:01.052+0900][376.013s][info][gc             ] GC(63) Pause Young (Allocation Failure) 159M->144M(281M) 1.469ms
[2026-03-25T15:19:01.052+0900][376.013s][info][gc,cpu         ] GC(63) User=0.00s Sys=0.00s Real=0.00s
[2026-03-25T15:19:01.642+0900][376.602s][info][gc,start       ] GC(64) Pause Young (Allocation Failure)
[2026-03-25T15:19:01.644+0900][376.605s][info][gc,heap        ] GC(64) PSYoungGen: 21594K(75264K)->732K(20992K) Eden: 17933K(19968K)->0K(19968K) From: 3660K(55296K)->732K(1024K)
[2026-03-25T15:19:01.644+0900][376.605s][info][gc,heap        ] GC(64) ParOldGen: 144724K(212480K)->144724K(212480K)
[2026-03-25T15:19:01.644+0900][376.605s][info][gc,metaspace   ] GC(64) Metaspace: 172K(384K)->172K(384K) NonClass: 162K(256K)->162K(256K) Class: 10K(128K)->10K(128K)
[2026-03-25T15:19:01.644+0900][376.605s][info][gc             ] GC(64) Pause Young (Allocation Failure) 162M->142M(228M) 2.831ms
[2026-03-25T15:19:01.644+0900][376.605s][info][gc,cpu         ] GC(64) User=0.00s Sys=0.00s Real=0.00s
[2026-03-25T15:19:02.271+0900][377.231s][info][gc,start       ] GC(65) Pause Young (Allocation Failure)
[2026-03-25T15:19:02.272+0900][377.233s][info][gc,heap        ] GC(65) PSYoungGen: 18665K(20992K)->3628K(70656K) Eden: 17933K(19968K)->0K(19968K) From: 732K(1024K)->3628K(50688K)
[2026-03-25T15:19:02.272+0900][377.233s][info][gc,heap        ] GC(65) ParOldGen: 144724K(212480K)->145448K(212480K)
[2026-03-25T15:19:02.272+0900][377.233s][info][gc,metaspace   ] GC(65) Metaspace: 172K(384K)->172K(384K) NonClass: 162K(256K)->162K(256K) Class: 10K(128K)->10K(128K)
[2026-03-25T15:19:02.272+0900][377.233s][info][gc             ] GC(65) Pause Young (Allocation Failure) 159M->145M(276M) 2.060ms
[2026-03-25T15:19:02.272+0900][377.233s][info][gc,cpu         ] GC(65) User=0.02s Sys=0.00s Real=0.00s
[2026-03-25T15:19:02.901+0900][377.861s][info][gc,start       ] GC(66) Pause Young (Allocation Failure)
[2026-03-25T15:19:02.903+0900][377.864s][info][gc,heap        ] GC(66) PSYoungGen: 21562K(70656K)->3628K(24064K) Eden: 17933K(19968K)->0K(19968K) From: 3628K(50688K)->3628K(4096K)
[2026-03-25T15:19:02.904+0900][377.864s][info][gc,heap        ] GC(66) ParOldGen: 145448K(212480K)->148973K(212480K)
[2026-03-25T15:19:02.904+0900][377.864s][info][gc,metaspace   ] GC(66) Metaspace: 172K(384K)->172K(384K) NonClass: 162K(256K)->162K(256K) Class: 10K(128K)->10K(128K)
[2026-03-25T15:19:02.904+0900][377.864s][info][gc             ] GC(66) Pause Young (Allocation Failure) 163M->149M(231M) 3.045ms
[2026-03-25T15:19:02.904+0900][377.864s][info][gc,cpu         ] GC(66) User=0.00s Sys=0.00s Real=0.00s
[2026-03-25T15:19:03.670+0900][378.631s][info][gc,start       ] GC(67) Pause Young (Allocation Failure)
[2026-03-25T15:19:03.671+0900][378.632s][info][gc,heap        ] GC(67) PSYoungGen: 21562K(24064K)->3692K(65536K) Eden: 17933K(19968K)->0K(19968K) From: 3628K(4096K)->3692K(45568K)
[2026-03-25T15:19:03.671+0900][378.632s][info][gc,heap        ] GC(67) ParOldGen: 148973K(212480K)->152513K(212480K)
[2026-03-25T15:19:03.671+0900][378.632s][info][gc,metaspace   ] GC(67) Metaspace: 172K(384K)->172K(384K) NonClass: 162K(256K)->162K(256K) Class: 10K(128K)->10K(128K)
[2026-03-25T15:19:03.671+0900][378.632s][info][gc             ] GC(67) Pause Young (Allocation Failure) 166M->152M(271M) 1.263ms
[2026-03-25T15:19:03.671+0900][378.632s][info][gc,cpu         ] GC(67) User=0.00s Sys=0.00s Real=0.00s
[2026-03-25T15:19:04.309+0900][379.270s][info][gc,start       ] GC(68) Pause Young (Allocation Failure)
[2026-03-25T15:19:04.312+0900][379.273s][info][gc,heap        ] GC(68) PSYoungGen: 21626K(65536K)->3692K(24064K) Eden: 17933K(19968K)->0K(19968K) From: 3692K(45568K)->3692K(4096K)
[2026-03-25T15:19:04.312+0900][379.273s][info][gc,heap        ] GC(68) ParOldGen: 152513K(212480K)->156062K(212480K)
[2026-03-25T15:19:04.312+0900][379.273s][info][gc,metaspace   ] GC(68) Metaspace: 172K(384K)->172K(384K) NonClass: 162K(256K)->162K(256K) Class: 10K(128K)->10K(128K)
[2026-03-25T15:19:04.312+0900][379.273s][info][gc             ] GC(68) Pause Young (Allocation Failure) 170M->156M(231M) 2.533ms
[2026-03-25T15:19:04.312+0900][379.273s][info][gc,cpu         ] GC(68) User=0.00s Sys=0.00s Real=0.00s
[2026-03-25T15:19:04.950+0900][379.911s][info][gc,start       ] GC(69) Pause Young (Allocation Failure)
[2026-03-25T15:19:04.955+0900][379.916s][info][gc,heap        ] GC(69) PSYoungGen: 21626K(24064K)->3532K(60416K) Eden: 17933K(19968K)->0K(19968K) From: 3692K(4096K)->3532K(40448K)
[2026-03-25T15:19:04.956+0900][379.917s][info][gc,heap        ] GC(69) ParOldGen: 156062K(212480K)->159578K(212480K)
[2026-03-25T15:19:04.956+0900][379.917s][info][gc,metaspace   ] GC(69) Metaspace: 172K(384K)->172K(384K) NonClass: 162K(256K)->162K(256K) Class: 10K(128K)->10K(128K)
[2026-03-25T15:19:04.956+0900][379.917s][info][gc             ] GC(69) Pause Young (Allocation Failure) 173M->159M(266M) 6.293ms
[2026-03-25T15:19:04.956+0900][379.917s][info][gc,cpu         ] GC(69) User=0.00s Sys=0.00s Real=0.01s
[2026-03-25T15:19:05.595+0900][380.556s][info][gc,start       ] GC(70) Pause Young (Allocation Failure)
[2026-03-25T15:19:05.596+0900][380.558s][info][gc,heap        ] GC(70) PSYoungGen: 21466K(60416K)->3660K(24064K) Eden: 17933K(19968K)->0K(19968K) From: 3532K(40448K)->3660K(4096K)
[2026-03-25T15:19:05.596+0900][380.558s][info][gc,heap        ] GC(70) ParOldGen: 159578K(212480K)->163119K(212480K)
[2026-03-25T15:19:05.596+0900][380.558s][info][gc,metaspace   ] GC(70) Metaspace: 172K(384K)->172K(384K) NonClass: 162K(256K)->162K(256K) Class: 10K(128K)->10K(128K)
[2026-03-25T15:19:05.596+0900][380.558s][info][gc             ] GC(70) Pause Young (Allocation Failure) 176M->162M(231M) 1.505ms
[2026-03-25T15:19:05.596+0900][380.558s][info][gc,cpu         ] GC(70) User=0.00s Sys=0.00s Real=0.00s
[2026-03-25T15:19:06.342+0900][381.302s][info][gc,start       ] GC(71) Pause Young (Allocation Failure)
[2026-03-25T15:19:06.343+0900][381.304s][info][gc,heap        ] GC(71) PSYoungGen: 21594K(24064K)->3660K(55808K) Eden: 17933K(19968K)->0K(19968K) From: 3660K(4096K)->3660K(35840K)
[2026-03-25T15:19:06.343+0900][381.304s][info][gc,heap        ] GC(71) ParOldGen: 163119K(212480K)->166651K(212480K)
[2026-03-25T15:19:06.343+0900][381.304s][info][gc,metaspace   ] GC(71) Metaspace: 172K(384K)->172K(384K) NonClass: 162K(256K)->162K(256K) Class: 10K(128K)->10K(128K)
[2026-03-25T15:19:06.343+0900][381.304s][info][gc             ] GC(71) Pause Young (Allocation Failure) 180M->166M(262M) 1.561ms
[2026-03-25T15:19:06.343+0900][381.304s][info][gc,cpu         ] GC(71) User=0.00s Sys=0.00s Real=0.00s
[2026-03-25T15:19:06.984+0900][381.945s][info][gc,start       ] GC(72) Pause Young (Allocation Failure)
[2026-03-25T15:19:06.986+0900][381.948s][info][gc,heap        ] GC(72) PSYoungGen: 21594K(55808K)->3564K(23552K) Eden: 17933K(19968K)->0K(19968K) From: 3660K(35840K)->3564K(3584K)
[2026-03-25T15:19:06.987+0900][381.948s][info][gc,heap        ] GC(72) ParOldGen: 166651K(212480K)->170176K(212480K)
[2026-03-25T15:19:06.987+0900][381.948s][info][gc,metaspace   ] GC(72) Metaspace: 172K(384K)->172K(384K) NonClass: 162K(256K)->162K(256K) Class: 10K(128K)->10K(128K)
[2026-03-25T15:19:06.987+0900][381.948s][info][gc             ] GC(72) Pause Young (Allocation Failure) 183M->169M(230M) 3.125ms
[2026-03-25T15:19:06.987+0900][381.948s][info][gc,cpu         ] GC(72) User=0.00s Sys=0.00s Real=0.00s
[2026-03-25T15:19:07.663+0900][382.623s][info][gc,start       ] GC(73) Pause Young (Allocation Failure)
[2026-03-25T15:19:07.664+0900][382.625s][info][gc,heap        ] GC(73) PSYoungGen: 21498K(23552K)->3628K(52224K) Eden: 17933K(19968K)->0K(19968K) From: 3564K(3584K)->3628K(32256K)
[2026-03-25T15:19:07.664+0900][382.625s][info][gc,heap        ] GC(73) ParOldGen: 170176K(212480K)->173701K(212480K)
[2026-03-25T15:19:07.664+0900][382.625s][info][gc,metaspace   ] GC(73) Metaspace: 172K(384K)->172K(384K) NonClass: 162K(256K)->162K(256K) Class: 10K(128K)->10K(128K)
[2026-03-25T15:19:07.664+0900][382.625s][info][gc             ] GC(73) Pause Young (Allocation Failure) 187M->173M(258M) 1.447ms
[2026-03-25T15:19:07.664+0900][382.625s][info][gc,cpu         ] GC(73) User=0.00s Sys=0.00s Real=0.00s
[2026-03-25T15:19:08.309+0900][383.270s][info][gc,start       ] GC(74) Pause Young (Allocation Failure)
[2026-03-25T15:19:08.313+0900][383.274s][info][gc,heap        ] GC(74) PSYoungGen: 21562K(52224K)->3532K(23552K) Eden: 17933K(19968K)->0K(19968K) From: 3628K(32256K)->3532K(3584K)
[2026-03-25T15:19:08.313+0900][383.275s][info][gc,heap        ] GC(74) ParOldGen: 173701K(212480K)->177217K(212480K)
[2026-03-25T15:19:08.314+0900][383.275s][info][gc,metaspace   ] GC(74) Metaspace: 172K(384K)->172K(384K) NonClass: 162K(256K)->162K(256K) Class: 10K(128K)->10K(128K)
[2026-03-25T15:19:08.314+0900][383.275s][info][gc             ] GC(74) Pause Young (Allocation Failure) 190M->176M(230M) 4.994ms
[2026-03-25T15:19:08.314+0900][383.275s][info][gc,cpu         ] GC(74) User=0.00s Sys=0.00s Real=0.00s
[2026-03-25T15:19:08.957+0900][383.918s][info][gc,start       ] GC(75) Pause Young (Allocation Failure)
[2026-03-25T15:19:08.959+0900][383.920s][info][gc,heap        ] GC(75) PSYoungGen: 21466K(23552K)->3628K(48128K) Eden: 17933K(19968K)->0K(19968K) From: 3532K(3584K)->3628K(28160K)
[2026-03-25T15:19:08.959+0900][383.920s][info][gc,heap        ] GC(75) ParOldGen: 177217K(212480K)->180750K(212480K)
[2026-03-25T15:19:08.959+0900][383.920s][info][gc,metaspace   ] GC(75) Metaspace: 172K(384K)->172K(384K) NonClass: 162K(256K)->162K(256K) Class: 10K(128K)->10K(128K)
[2026-03-25T15:19:08.959+0900][383.920s][info][gc             ] GC(75) Pause Young (Allocation Failure) 194M->180M(254M) 2.004ms
[2026-03-25T15:19:08.959+0900][383.920s][info][gc,cpu         ] GC(75) User=0.00s Sys=0.02s Real=0.00s
[2026-03-25T15:19:09.611+0900][384.572s][info][gc,start       ] GC(76) Pause Young (Allocation Failure)
[2026-03-25T15:19:09.612+0900][384.573s][info][gc,heap        ] GC(76) PSYoungGen: 21562K(48128K)->3660K(24064K) Eden: 17933K(19968K)->0K(19968K) From: 3628K(28160K)->3660K(4096K)
[2026-03-25T15:19:09.613+0900][384.574s][info][gc,heap        ] GC(76) ParOldGen: 180750K(212480K)->184282K(212480K)
[2026-03-25T15:19:09.613+0900][384.574s][info][gc,metaspace   ] GC(76) Metaspace: 172K(384K)->172K(384K) NonClass: 162K(256K)->162K(256K) Class: 10K(128K)->10K(128K)
[2026-03-25T15:19:09.613+0900][384.574s][info][gc             ] GC(76) Pause Young (Allocation Failure) 197M->183M(231M) 1.842ms
[2026-03-25T15:19:09.613+0900][384.574s][info][gc,cpu         ] GC(76) User=0.00s Sys=0.00s Real=0.00s
[2026-03-25T15:19:10.306+0900][385.266s][info][gc,start       ] GC(77) Pause Young (Allocation Failure)
[2026-03-25T15:19:10.307+0900][385.268s][info][gc,heap        ] GC(77) PSYoungGen: 21594K(24064K)->3660K(44544K) Eden: 17933K(19968K)->0K(19968K) From: 3660K(4096K)->3660K(24576K)
[2026-03-25T15:19:10.307+0900][385.268s][info][gc,heap        ] GC(77) ParOldGen: 184282K(212480K)->187815K(212480K)
[2026-03-25T15:19:10.307+0900][385.268s][info][gc,metaspace   ] GC(77) Metaspace: 172K(384K)->172K(384K) NonClass: 162K(256K)->162K(256K) Class: 10K(128K)->10K(128K)
[2026-03-25T15:19:10.307+0900][385.268s][info][gc             ] GC(77) Pause Young (Allocation Failure) 201M->186M(251M) 1.480ms
[2026-03-25T15:19:10.307+0900][385.268s][info][gc,cpu         ] GC(77) User=0.00s Sys=0.00s Real=0.00s
[2026-03-25T15:19:11.005+0900][385.966s][info][gc,start       ] GC(78) Pause Young (Allocation Failure)
[2026-03-25T15:19:11.006+0900][385.967s][info][gc,heap        ] GC(78) PSYoungGen: 21594K(44544K)->3532K(23552K) Eden: 17933K(19968K)->0K(19968K) From: 3660K(24576K)->3532K(3584K)
[2026-03-25T15:19:11.007+0900][385.968s][info][gc,heap        ] GC(78) ParOldGen: 187815K(212480K)->191347K(212480K)
[2026-03-25T15:19:11.007+0900][385.968s][info][gc,metaspace   ] GC(78) Metaspace: 172K(384K)->172K(384K) NonClass: 162K(256K)->162K(256K) Class: 10K(128K)->10K(128K)
[2026-03-25T15:19:11.007+0900][385.968s][info][gc             ] GC(78) Pause Young (Allocation Failure) 204M->190M(230M) 1.747ms
[2026-03-25T15:19:11.007+0900][385.968s][info][gc,cpu         ] GC(78) User=0.02s Sys=0.00s Real=0.00s
[2026-03-25T15:19:11.691+0900][386.652s][info][gc,start       ] GC(79) Pause Young (Allocation Failure)
[2026-03-25T15:19:11.692+0900][386.654s][info][gc,heap        ] GC(79) PSYoungGen: 21466K(23552K)->3628K(41984K) Eden: 17933K(19968K)->0K(19968K) From: 3532K(3584K)->3628K(22016K)
[2026-03-25T15:19:11.693+0900][386.654s][info][gc,heap        ] GC(79) ParOldGen: 191347K(212480K)->194872K(212480K)
[2026-03-25T15:19:11.693+0900][386.654s][info][gc,metaspace   ] GC(79) Metaspace: 172K(384K)->172K(384K) NonClass: 162K(256K)->162K(256K) Class: 10K(128K)->10K(128K)
[2026-03-25T15:19:11.693+0900][386.654s][info][gc             ] GC(79) Pause Young (Allocation Failure) 207M->193M(248M) 1.762ms
[2026-03-25T15:19:11.693+0900][386.654s][info][gc,cpu         ] GC(79) User=0.00s Sys=0.00s Real=0.00s
[2026-03-25T15:19:12.348+0900][387.309s][info][gc,start       ] GC(80) Pause Young (Allocation Failure)
[2026-03-25T15:19:12.350+0900][387.311s][info][gc,heap        ] GC(80) PSYoungGen: 21562K(41984K)->3596K(24064K) Eden: 17933K(19968K)->0K(19968K) From: 3628K(22016K)->3596K(4096K)
[2026-03-25T15:19:12.350+0900][387.311s][info][gc,heap        ] GC(80) ParOldGen: 194872K(212480K)->198388K(212480K)
[2026-03-25T15:19:12.350+0900][387.311s][info][gc,metaspace   ] GC(80) Metaspace: 172K(384K)->172K(384K) NonClass: 162K(256K)->162K(256K) Class: 10K(128K)->10K(128K)
[2026-03-25T15:19:12.350+0900][387.311s][info][gc             ] GC(80) Pause Young (Allocation Failure) 211M->197M(231M) 2.002ms
[2026-03-25T15:19:12.350+0900][387.311s][info][gc,cpu         ] GC(80) User=0.00s Sys=0.00s Real=0.00s
[2026-03-25T15:19:13.017+0900][387.978s][info][gc,start       ] GC(81) Pause Young (Allocation Failure)
[2026-03-25T15:19:13.018+0900][387.979s][info][gc,heap        ] GC(81) PSYoungGen: 21530K(24064K)->3596K(39936K) Eden: 17933K(19968K)->0K(19968K) From: 3596K(4096K)->3596K(19968K)
[2026-03-25T15:19:13.018+0900][387.980s][info][gc,heap        ] GC(81) ParOldGen: 198388K(212480K)->201905K(212480K)
[2026-03-25T15:19:13.018+0900][387.980s][info][gc,metaspace   ] GC(81) Metaspace: 172K(384K)->172K(384K) NonClass: 162K(256K)->162K(256K) Class: 10K(128K)->10K(128K)
[2026-03-25T15:19:13.018+0900][387.980s][info][gc             ] GC(81) Pause Young (Allocation Failure) 214M->200M(246M) 1.689ms
[2026-03-25T15:19:13.018+0900][387.980s][info][gc,cpu         ] GC(81) User=0.00s Sys=0.00s Real=0.00s
[2026-03-25T15:19:13.686+0900][388.647s][info][gc,start       ] GC(82) Pause Young (Allocation Failure)
[2026-03-25T15:19:13.687+0900][388.648s][info][gc,heap        ] GC(82) PSYoungGen: 21530K(39936K)->3628K(24064K) Eden: 17933K(19968K)->0K(19968K) From: 3596K(19968K)->3628K(4096K)
[2026-03-25T15:19:13.687+0900][388.648s][info][gc,heap        ] GC(82) ParOldGen: 201905K(212480K)->205429K(212480K)
[2026-03-25T15:19:13.687+0900][388.648s][info][gc,metaspace   ] GC(82) Metaspace: 172K(384K)->172K(384K) NonClass: 162K(256K)->162K(256K) Class: 10K(128K)->10K(128K)
[2026-03-25T15:19:13.687+0900][388.648s][info][gc             ] GC(82) Pause Young (Allocation Failure) 218M->204M(231M) 1.521ms
[2026-03-25T15:19:13.687+0900][388.648s][info][gc,cpu         ] GC(82) User=0.00s Sys=0.00s Real=0.00s
[2026-03-25T15:19:14.350+0900][389.310s][info][gc,start       ] GC(83) Pause Young (Allocation Failure)
[2026-03-25T15:19:14.351+0900][389.312s][info][gc,heap        ] GC(83) PSYoungGen: 21562K(24064K)->3660K(37376K) Eden: 17933K(19968K)->0K(19968K) From: 3628K(4096K)->3660K(17408K)
[2026-03-25T15:19:14.351+0900][389.312s][info][gc,heap        ] GC(83) ParOldGen: 205429K(212480K)->208954K(212480K)
[2026-03-25T15:19:14.351+0900][389.312s][info][gc,metaspace   ] GC(83) Metaspace: 172K(384K)->172K(384K) NonClass: 162K(256K)->162K(256K) Class: 10K(128K)->10K(128K)
[2026-03-25T15:19:14.351+0900][389.312s][info][gc             ] GC(83) Pause Young (Allocation Failure) 221M->207M(244M) 1.447ms
[2026-03-25T15:19:14.351+0900][389.312s][info][gc,cpu         ] GC(83) User=0.00s Sys=0.00s Real=0.00s
[2026-03-25T15:19:14.351+0900][389.312s][info][gc,start       ] GC(84) Pause Full (Ergonomics)
[2026-03-25T15:19:14.351+0900][389.312s][info][gc,phases,start] GC(84) Marking Phase
[2026-03-25T15:19:14.352+0900][389.313s][info][gc,phases      ] GC(84) Marking Phase 0.782ms
[2026-03-25T15:19:14.352+0900][389.313s][info][gc,phases,start] GC(84) Summary Phase
[2026-03-25T15:19:14.352+0900][389.313s][info][gc,phases      ] GC(84) Summary Phase 0.036ms
[2026-03-25T15:19:14.352+0900][389.313s][info][gc,phases,start] GC(84) Adjust Roots
[2026-03-25T15:19:14.352+0900][389.313s][info][gc,phases      ] GC(84) Adjust Roots 0.151ms
[2026-03-25T15:19:14.352+0900][389.313s][info][gc,phases,start] GC(84) Compaction Phase
[2026-03-25T15:19:14.356+0900][389.316s][info][gc,phases      ] GC(84) Compaction Phase 3.233ms
[2026-03-25T15:19:14.356+0900][389.316s][info][gc,phases,start] GC(84) Post Compact
[2026-03-25T15:19:14.356+0900][389.317s][info][gc,phases      ] GC(84) Post Compact 0.541ms
[2026-03-25T15:19:14.361+0900][389.322s][info][gc,heap        ] GC(84) PSYoungGen: 3660K(37376K)->0K(38400K) Eden: 0K(19968K)->0K(19968K) From: 3660K(17408K)->0K(18432K)
[2026-03-25T15:19:14.361+0900][389.322s][info][gc,heap        ] GC(84) ParOldGen: 208954K(212480K)->67906K(157184K)
[2026-03-25T15:19:14.361+0900][389.322s][info][gc,metaspace   ] GC(84) Metaspace: 172K(384K)->172K(384K) NonClass: 162K(256K)->162K(256K) Class: 10K(128K)->10K(128K)
[2026-03-25T15:19:14.361+0900][389.322s][info][gc             ] GC(84) Pause Full (Ergonomics) 207M->66M(191M) 10.094ms
[2026-03-25T15:19:14.361+0900][389.322s][info][gc,cpu         ] GC(84) User=0.00s Sys=0.00s Real=0.01s
[2026-03-25T15:19:15.751+0900][390.712s][info][gc,start       ] GC(85) Pause Young (Allocation Failure)
[2026-03-25T15:19:15.752+0900][390.713s][info][gc,heap        ] GC(85) PSYoungGen: 17933K(38400K)->3692K(36352K) Eden: 17933K(19968K)->0K(19968K) From: 0K(18432K)->3692K(16384K)
[2026-03-25T15:19:15.753+0900][390.713s][info][gc,heap        ] GC(85) ParOldGen: 67906K(157184K)->67906K(157184K)
[2026-03-25T15:19:15.753+0900][390.713s][info][gc,metaspace   ] GC(85) Metaspace: 172K(384K)->172K(384K) NonClass: 162K(256K)->162K(256K) Class: 10K(128K)->10K(128K)
[2026-03-25T15:19:15.753+0900][390.713s][info][gc             ] GC(85) Pause Young (Allocation Failure) 83M->69M(189M) 1.568ms
[2026-03-25T15:19:15.753+0900][390.713s][info][gc,cpu         ] GC(85) User=0.00s Sys=0.00s Real=0.00s
[2026-03-25T15:19:21.184+0900][396.145s][info][gc,start       ] GC(86) Pause Young (Allocation Failure)
[2026-03-25T15:19:21.186+0900][396.147s][info][gc,heap        ] GC(86) PSYoungGen: 21624K(36352K)->3628K(24064K) Eden: 17931K(19968K)->0K(19968K) From: 3692K(16384K)->3628K(4096K)
[2026-03-25T15:19:21.186+0900][396.147s][info][gc,heap        ] GC(86) ParOldGen: 67906K(157184K)->71431K(157184K)
[2026-03-25T15:19:21.186+0900][396.147s][info][gc,metaspace   ] GC(86) Metaspace: 172K(384K)->172K(384K) NonClass: 162K(256K)->162K(256K) Class: 10K(128K)->10K(128K)
[2026-03-25T15:19:21.186+0900][396.147s][info][gc             ] GC(86) Pause Young (Allocation Failure) 87M->73M(177M) 2.290ms
[2026-03-25T15:19:21.187+0900][396.147s][info][gc,cpu         ] GC(86) User=0.00s Sys=0.00s Real=0.00s
[2026-03-25T15:19:26.618+0900][401.579s][info][gc,start       ] GC(87) Pause Young (Allocation Failure)
[2026-03-25T15:19:26.621+0900][401.582s][info][gc,heap        ] GC(87) PSYoungGen: 21560K(24064K)->3564K(34304K) Eden: 17932K(19968K)->0K(19968K) From: 3628K(4096K)->3564K(14336K)
[2026-03-25T15:19:26.622+0900][401.582s][info][gc,heap        ] GC(87) ParOldGen: 71431K(157184K)->74939K(157184K)
[2026-03-25T15:19:26.622+0900][401.582s][info][gc,metaspace   ] GC(87) Metaspace: 172K(384K)->172K(384K) NonClass: 162K(256K)->162K(256K) Class: 10K(128K)->10K(128K)
[2026-03-25T15:19:26.622+0900][401.582s][info][gc             ] GC(87) Pause Young (Allocation Failure) 90M->76M(187M) 3.369ms
[2026-03-25T15:19:26.622+0900][401.582s][info][gc,cpu         ] GC(87) User=0.00s Sys=0.00s Real=0.00s
[2026-03-25T15:19:32.058+0900][407.019s][info][gc,start       ] GC(88) Pause Young (Allocation Failure)
[2026-03-25T15:19:32.060+0900][407.021s][info][gc,heap        ] GC(88) PSYoungGen: 21497K(34304K)->3660K(24064K) Eden: 17932K(19968K)->0K(19968K) From: 3564K(14336K)->3660K(4096K)
[2026-03-25T15:19:32.060+0900][407.021s][info][gc,heap        ] GC(88) ParOldGen: 74939K(157184K)->78472K(157184K)
[2026-03-25T15:19:32.060+0900][407.021s][info][gc,metaspace   ] GC(88) Metaspace: 172K(384K)->172K(384K) NonClass: 162K(256K)->162K(256K) Class: 10K(128K)->10K(128K)
[2026-03-25T15:19:32.060+0900][407.021s][info][gc             ] GC(88) Pause Young (Allocation Failure) 94M->80M(177M) 2.259ms
[2026-03-25T15:19:32.060+0900][407.021s][info][gc,cpu         ] GC(88) User=0.00s Sys=0.00s Real=0.00s
[2026-03-25T15:19:37.483+0900][412.444s][info][gc,start       ] GC(89) Pause Young (Allocation Failure)
[2026-03-25T15:19:37.484+0900][412.445s][info][gc,heap        ] GC(89) PSYoungGen: 21593K(24064K)->3628K(33280K) Eden: 17933K(19968K)->0K(19968K) From: 3660K(4096K)->3628K(13312K)
[2026-03-25T15:19:37.484+0900][412.445s][info][gc,heap        ] GC(89) ParOldGen: 78472K(157184K)->81996K(157184K)
[2026-03-25T15:19:37.484+0900][412.445s][info][gc,metaspace   ] GC(89) Metaspace: 172K(384K)->172K(384K) NonClass: 162K(256K)->162K(256K) Class: 10K(128K)->10K(128K)
[2026-03-25T15:19:37.485+0900][412.445s][info][gc             ] GC(89) Pause Young (Allocation Failure) 97M->83M(186M) 1.674ms
[2026-03-25T15:19:37.485+0900][412.445s][info][gc,cpu         ] GC(89) User=0.00s Sys=0.00s Real=0.00s
[2026-03-25T15:19:42.886+0900][417.847s][info][gc,start       ] GC(90) Pause Young (Allocation Failure)
[2026-03-25T15:19:42.888+0900][417.849s][info][gc,heap        ] GC(90) PSYoungGen: 21561K(33280K)->3596K(24064K) Eden: 17933K(19968K)->0K(19968K) From: 3628K(13312K)->3596K(4096K)
[2026-03-25T15:19:42.888+0900][417.849s][info][gc,heap        ] GC(90) ParOldGen: 81996K(157184K)->85513K(157184K)
[2026-03-25T15:19:42.888+0900][417.849s][info][gc,metaspace   ] GC(90) Metaspace: 172K(384K)->172K(384K) NonClass: 162K(256K)->162K(256K) Class: 10K(128K)->10K(128K)
[2026-03-25T15:19:42.888+0900][417.849s][info][gc             ] GC(90) Pause Young (Allocation Failure) 101M->87M(177M) 2.331ms
[2026-03-25T15:19:42.888+0900][417.849s][info][gc,cpu         ] GC(90) User=0.00s Sys=0.00s Real=0.00s
[2026-03-25T15:19:48.293+0900][423.254s][info][gc,start       ] GC(91) Pause Young (Allocation Failure)
[2026-03-25T15:19:48.296+0900][423.257s][info][gc,heap        ] GC(91) PSYoungGen: 21530K(24064K)->3596K(31744K) Eden: 17933K(19968K)->0K(19968K) From: 3596K(4096K)->3596K(11776K)
[2026-03-25T15:19:48.296+0900][423.257s][info][gc,heap        ] GC(91) ParOldGen: 85513K(157184K)->89029K(157184K)
[2026-03-25T15:19:48.296+0900][423.257s][info][gc,metaspace   ] GC(91) Metaspace: 172K(384K)->172K(384K) NonClass: 162K(256K)->162K(256K) Class: 10K(128K)->10K(128K)
[2026-03-25T15:19:48.296+0900][423.257s][info][gc             ] GC(91) Pause Young (Allocation Failure) 104M->90M(184M) 2.787ms
[2026-03-25T15:19:48.296+0900][423.257s][info][gc,cpu         ] GC(91) User=0.00s Sys=0.00s Real=0.00s
[2026-03-25T15:19:50.422+0900][425.382s][info][gc,start       ] GC(92) Pause Young (Allocation Failure)
[2026-03-25T15:19:50.423+0900][425.384s][info][gc,heap        ] GC(92) PSYoungGen: 21530K(31744K)->3660K(24064K) Eden: 17933K(19968K)->0K(19968K) From: 3596K(11776K)->3660K(4096K)
[2026-03-25T15:19:50.423+0900][425.384s][info][gc,heap        ] GC(92) ParOldGen: 89029K(157184K)->92562K(157184K)
[2026-03-25T15:19:50.423+0900][425.384s][info][gc,metaspace   ] GC(92) Metaspace: 172K(384K)->172K(384K) NonClass: 162K(256K)->162K(256K) Class: 10K(128K)->10K(128K)
[2026-03-25T15:19:50.423+0900][425.384s][info][gc             ] GC(92) Pause Young (Allocation Failure) 107M->93M(177M) 1.667ms
[2026-03-25T15:19:50.424+0900][425.384s][info][gc,cpu         ] GC(92) User=0.00s Sys=0.00s Real=0.00s
[2026-03-25T15:19:51.081+0900][426.043s][info][gc,start       ] GC(93) Pause Young (Allocation Failure)
[2026-03-25T15:19:51.084+0900][426.045s][info][gc,heap        ] GC(93) PSYoungGen: 21594K(24064K)->3628K(29696K) Eden: 17933K(19968K)->0K(19968K) From: 3660K(4096K)->3628K(9728K)
[2026-03-25T15:19:51.084+0900][426.045s][info][gc,heap        ] GC(93) ParOldGen: 92562K(157184K)->96086K(157184K)
[2026-03-25T15:19:51.084+0900][426.045s][info][gc,metaspace   ] GC(93) Metaspace: 172K(384K)->172K(384K) NonClass: 162K(256K)->162K(256K) Class: 10K(128K)->10K(128K)
[2026-03-25T15:19:51.084+0900][426.045s][info][gc             ] GC(93) Pause Young (Allocation Failure) 111M->97M(182M) 2.472ms
[2026-03-25T15:19:51.084+0900][426.045s][info][gc,cpu         ] GC(93) User=0.00s Sys=0.00s Real=0.00s
[2026-03-25T15:19:51.709+0900][426.670s][info][gc,start       ] GC(94) Pause Young (Allocation Failure)
[2026-03-25T15:19:51.710+0900][426.671s][info][gc,heap        ] GC(94) PSYoungGen: 21562K(29696K)->3628K(24064K) Eden: 17933K(19968K)->0K(19968K) From: 3628K(9728K)->3628K(4096K)
[2026-03-25T15:19:51.710+0900][426.671s][info][gc,heap        ] GC(94) ParOldGen: 96086K(157184K)->99611K(157184K)
[2026-03-25T15:19:51.710+0900][426.671s][info][gc,metaspace   ] GC(94) Metaspace: 172K(384K)->172K(384K) NonClass: 162K(256K)->162K(256K) Class: 10K(128K)->10K(128K)
[2026-03-25T15:19:51.710+0900][426.671s][info][gc             ] GC(94) Pause Young (Allocation Failure) 114M->100M(177M) 1.422ms
[2026-03-25T15:19:51.710+0900][426.671s][info][gc,cpu         ] GC(94) User=0.02s Sys=0.00s Real=0.00s
[2026-03-25T15:19:52.349+0900][427.310s][info][gc,start       ] GC(95) Pause Young (Allocation Failure)
[2026-03-25T15:19:52.351+0900][427.312s][info][gc,heap        ] GC(95) PSYoungGen: 21562K(24064K)->3628K(29184K) Eden: 17933K(19968K)->0K(19968K) From: 3628K(4096K)->3628K(9216K)
[2026-03-25T15:19:52.351+0900][427.312s][info][gc,heap        ] GC(95) ParOldGen: 99611K(157184K)->103136K(157184K)
[2026-03-25T15:19:52.351+0900][427.312s][info][gc,metaspace   ] GC(95) Metaspace: 172K(384K)->172K(384K) NonClass: 162K(256K)->162K(256K) Class: 10K(128K)->10K(128K)
[2026-03-25T15:19:52.351+0900][427.312s][info][gc             ] GC(95) Pause Young (Allocation Failure) 118M->104M(182M) 1.945ms
[2026-03-25T15:19:52.351+0900][427.312s][info][gc,cpu         ] GC(95) User=0.02s Sys=0.00s Real=0.00s
[2026-03-25T15:19:53.075+0900][428.036s][info][gc,start       ] GC(96) Pause Young (Allocation Failure)
[2026-03-25T15:19:53.076+0900][428.037s][info][gc,heap        ] GC(96) PSYoungGen: 21562K(29184K)->3660K(24064K) Eden: 17933K(19968K)->0K(19968K) From: 3628K(9216K)->3660K(4096K)
[2026-03-25T15:19:53.076+0900][428.037s][info][gc,heap        ] GC(96) ParOldGen: 103136K(157184K)->106668K(157184K)
[2026-03-25T15:19:53.076+0900][428.037s][info][gc,metaspace   ] GC(96) Metaspace: 172K(384K)->172K(384K) NonClass: 162K(256K)->162K(256K) Class: 10K(128K)->10K(128K)
[2026-03-25T15:19:53.076+0900][428.037s][info][gc             ] GC(96) Pause Young (Allocation Failure) 121M->107M(177M) 0.906ms
[2026-03-25T15:19:53.076+0900][428.037s][info][gc,cpu         ] GC(96) User=0.00s Sys=0.00s Real=0.00s
[2026-03-25T15:19:53.783+0900][428.744s][info][gc,start       ] GC(97) Pause Young (Allocation Failure)
[2026-03-25T15:19:53.784+0900][428.745s][info][gc,heap        ] GC(97) PSYoungGen: 21594K(24064K)->3660K(28160K) Eden: 17933K(19968K)->0K(19968K) From: 3660K(4096K)->3660K(8192K)
[2026-03-25T15:19:53.784+0900][428.745s][info][gc,heap        ] GC(97) ParOldGen: 106668K(157184K)->110201K(157184K)
[2026-03-25T15:19:53.784+0900][428.745s][info][gc,metaspace   ] GC(97) Metaspace: 172K(384K)->172K(384K) NonClass: 162K(256K)->162K(256K) Class: 10K(128K)->10K(128K)
[2026-03-25T15:19:53.784+0900][428.745s][info][gc             ] GC(97) Pause Young (Allocation Failure) 125M->111M(181M) 1.026ms
[2026-03-25T15:19:53.784+0900][428.745s][info][gc,cpu         ] GC(97) User=0.00s Sys=0.00s Real=0.00s
[2026-03-25T15:19:54.469+0900][429.430s][info][gc,start       ] GC(98) Pause Young (Allocation Failure)
[2026-03-25T15:19:54.470+0900][429.431s][info][gc,heap        ] GC(98) PSYoungGen: 21594K(28160K)->3628K(28672K) Eden: 17933K(19968K)->0K(19968K) From: 3660K(8192K)->3628K(8704K)
[2026-03-25T15:19:54.470+0900][429.431s][info][gc,heap        ] GC(98) ParOldGen: 110201K(157184K)->113725K(157184K)
[2026-03-25T15:19:54.470+0900][429.431s][info][gc,metaspace   ] GC(98) Metaspace: 172K(384K)->172K(384K) NonClass: 162K(256K)->162K(256K) Class: 10K(128K)->10K(128K)
[2026-03-25T15:19:54.470+0900][429.431s][info][gc             ] GC(98) Pause Young (Allocation Failure) 128M->114M(181M) 1.043ms
[2026-03-25T15:19:54.470+0900][429.431s][info][gc,cpu         ] GC(98) User=0.00s Sys=0.00s Real=0.00s
[2026-03-25T15:19:55.149+0900][430.110s][info][gc,start       ] GC(99) Pause Young (Allocation Failure)
[2026-03-25T15:19:55.150+0900][430.112s][info][gc,heap        ] GC(99) PSYoungGen: 21562K(28672K)->3596K(27648K) Eden: 17933K(19968K)->0K(19968K) From: 3628K(8704K)->3596K(7680K)
[2026-03-25T15:19:55.150+0900][430.112s][info][gc,heap        ] GC(99) ParOldGen: 113725K(157184K)->117242K(157184K)
[2026-03-25T15:19:55.150+0900][430.112s][info][gc,metaspace   ] GC(99) Metaspace: 172K(384K)->172K(384K) NonClass: 162K(256K)->162K(256K) Class: 10K(128K)->10K(128K)
[2026-03-25T15:19:55.150+0900][430.112s][info][gc             ] GC(99) Pause Young (Allocation Failure) 132M->118M(180M) 1.796ms
[2026-03-25T15:19:55.151+0900][430.112s][info][gc,cpu         ] GC(99) User=0.00s Sys=0.00s Real=0.00s
[2026-03-25T15:19:55.852+0900][430.813s][info][gc,start       ] GC(100) Pause Young (Allocation Failure)
[2026-03-25T15:19:55.853+0900][430.814s][info][gc,heap        ] GC(100) PSYoungGen: 21530K(27648K)->3756K(24064K) Eden: 17933K(19968K)->0K(19968K) From: 3596K(7680K)->3756K(4096K)
[2026-03-25T15:19:55.853+0900][430.814s][info][gc,heap        ] GC(100) ParOldGen: 117242K(157184K)->120798K(157184K)
[2026-03-25T15:19:55.853+0900][430.814s][info][gc,metaspace   ] GC(100) Metaspace: 172K(384K)->172K(384K) NonClass: 162K(256K)->162K(256K) Class: 10K(128K)->10K(128K)
[2026-03-25T15:19:55.853+0900][430.814s][info][gc             ] GC(100) Pause Young (Allocation Failure) 135M->121M(177M) 0.850ms
[2026-03-25T15:19:55.853+0900][430.814s][info][gc,cpu         ] GC(100) User=0.00s Sys=0.00s Real=0.00s
[2026-03-25T15:19:56.535+0900][431.496s][info][gc,start       ] GC(101) Pause Young (Allocation Failure)
[2026-03-25T15:19:56.536+0900][431.497s][info][gc,heap        ] GC(101) PSYoungGen: 21690K(24064K)->3596K(27648K) Eden: 17933K(19968K)->0K(19968K) From: 3756K(4096K)->3596K(7680K)
[2026-03-25T15:19:56.536+0900][431.497s][info][gc,heap        ] GC(101) ParOldGen: 120798K(157184K)->124315K(157184K)
[2026-03-25T15:19:56.536+0900][431.497s][info][gc,metaspace   ] GC(101) Metaspace: 172K(384K)->172K(384K) NonClass: 162K(256K)->162K(256K) Class: 10K(128K)->10K(128K)
[2026-03-25T15:19:56.536+0900][431.497s][info][gc             ] GC(101) Pause Young (Allocation Failure) 139M->124M(180M) 1.619ms
[2026-03-25T15:19:56.536+0900][431.497s][info][gc,cpu         ] GC(101) User=0.00s Sys=0.00s Real=0.00s
[2026-03-25T15:19:57.198+0900][432.159s][info][gc,start       ] GC(102) Pause Young (Allocation Failure)
[2026-03-25T15:19:57.199+0900][432.160s][info][gc,heap        ] GC(102) PSYoungGen: 21530K(27648K)->3660K(24064K) Eden: 17933K(19968K)->0K(19968K) From: 3596K(7680K)->3660K(4096K)
[2026-03-25T15:19:57.199+0900][432.160s][info][gc,heap        ] GC(102) ParOldGen: 124315K(157184K)->127847K(157184K)
[2026-03-25T15:19:57.199+0900][432.160s][info][gc,metaspace   ] GC(102) Metaspace: 172K(384K)->172K(384K) NonClass: 162K(256K)->162K(256K) Class: 10K(128K)->10K(128K)
[2026-03-25T15:19:57.199+0900][432.160s][info][gc             ] GC(102) Pause Young (Allocation Failure) 142M->128M(177M) 1.120ms
[2026-03-25T15:19:57.199+0900][432.160s][info][gc,cpu         ] GC(102) User=0.00s Sys=0.00s Real=0.00s
[2026-03-25T15:19:57.919+0900][432.879s][info][gc,start       ] GC(103) Pause Young (Allocation Failure)
[2026-03-25T15:19:57.920+0900][432.880s][info][gc,heap        ] GC(103) PSYoungGen: 21594K(24064K)->3660K(26112K) Eden: 17933K(19968K)->0K(19968K) From: 3660K(4096K)->3660K(6144K)
[2026-03-25T15:19:57.920+0900][432.880s][info][gc,heap        ] GC(103) ParOldGen: 127847K(157184K)->131380K(157184K)
[2026-03-25T15:19:57.920+0900][432.880s][info][gc,metaspace   ] GC(103) Metaspace: 172K(384K)->172K(384K) NonClass: 162K(256K)->162K(256K) Class: 10K(128K)->10K(128K)
[2026-03-25T15:19:57.920+0900][432.880s][info][gc             ] GC(103) Pause Young (Allocation Failure) 145M->131M(179M) 1.009ms
[2026-03-25T15:19:57.920+0900][432.880s][info][gc,cpu         ] GC(103) User=0.00s Sys=0.00s Real=0.00s
[2026-03-25T15:19:58.571+0900][433.532s][info][gc,start       ] GC(104) Pause Young (Allocation Failure)
[2026-03-25T15:19:58.572+0900][433.533s][info][gc,heap        ] GC(104) PSYoungGen: 21594K(26112K)->3596K(26624K) Eden: 17933K(19968K)->0K(19968K) From: 3660K(6144K)->3596K(6656K)
[2026-03-25T15:19:58.572+0900][433.533s][info][gc,heap        ] GC(104) ParOldGen: 131380K(157184K)->134897K(157184K)
[2026-03-25T15:19:58.572+0900][433.533s][info][gc,metaspace   ] GC(104) Metaspace: 172K(384K)->172K(384K) NonClass: 162K(256K)->162K(256K) Class: 10K(128K)->10K(128K)
[2026-03-25T15:19:58.572+0900][433.533s][info][gc             ] GC(104) Pause Young (Allocation Failure) 149M->135M(179M) 1.409ms
[2026-03-25T15:19:58.572+0900][433.533s][info][gc,cpu         ] GC(104) User=0.00s Sys=0.00s Real=0.00s
[2026-03-25T15:19:59.207+0900][434.168s][info][gc,start       ] GC(105) Pause Young (Allocation Failure)
[2026-03-25T15:19:59.209+0900][434.170s][info][gc,heap        ] GC(105) PSYoungGen: 21530K(26624K)->3628K(25600K) Eden: 17933K(19968K)->0K(19968K) From: 3596K(6656K)->3628K(5632K)
[2026-03-25T15:19:59.209+0900][434.170s][info][gc,heap        ] GC(105) ParOldGen: 134897K(157184K)->138413K(157184K)
[2026-03-25T15:19:59.209+0900][434.170s][info][gc,metaspace   ] GC(105) Metaspace: 172K(384K)->172K(384K) NonClass: 162K(256K)->162K(256K) Class: 10K(128K)->10K(128K)
[2026-03-25T15:19:59.209+0900][434.170s][info][gc             ] GC(105) Pause Young (Allocation Failure) 152M->138M(178M) 2.118ms
[2026-03-25T15:19:59.209+0900][434.170s][info][gc,cpu         ] GC(105) User=0.00s Sys=0.00s Real=0.00s
[2026-03-25T15:19:59.851+0900][434.812s][info][gc,start       ] GC(106) Pause Young (Allocation Failure)
[2026-03-25T15:19:59.852+0900][434.813s][info][gc,heap        ] GC(106) PSYoungGen: 21562K(25600K)->3628K(26112K) Eden: 17933K(19968K)->0K(19968K) From: 3628K(5632K)->3628K(6144K)
[2026-03-25T15:19:59.852+0900][434.813s][info][gc,heap        ] GC(106) ParOldGen: 138413K(157184K)->141938K(157184K)
[2026-03-25T15:19:59.852+0900][434.813s][info][gc,metaspace   ] GC(106) Metaspace: 172K(384K)->172K(384K) NonClass: 162K(256K)->162K(256K) Class: 10K(128K)->10K(128K)
[2026-03-25T15:19:59.852+0900][434.813s][info][gc             ] GC(106) Pause Young (Allocation Failure) 156M->142M(179M) 1.074ms
[2026-03-25T15:19:59.852+0900][434.813s][info][gc,cpu         ] GC(106) User=0.00s Sys=0.00s Real=0.00s
[2026-03-25T15:20:00.553+0900][435.515s][info][gc,start       ] GC(107) Pause Young (Allocation Failure)
[2026-03-25T15:20:00.555+0900][435.515s][info][gc,heap        ] GC(107) PSYoungGen: 21562K(26112K)->3692K(26112K) Eden: 17933K(19968K)->0K(19968K) From: 3628K(6144K)->3692K(6144K)
[2026-03-25T15:20:00.555+0900][435.516s][info][gc,heap        ] GC(107) ParOldGen: 141938K(157184K)->145478K(157184K)
[2026-03-25T15:20:00.555+0900][435.516s][info][gc,metaspace   ] GC(107) Metaspace: 172K(384K)->172K(384K) NonClass: 162K(256K)->162K(256K) Class: 10K(128K)->10K(128K)
[2026-03-25T15:20:00.555+0900][435.516s][info][gc             ] GC(107) Pause Young (Allocation Failure) 159M->145M(179M) 0.957ms
[2026-03-25T15:20:00.555+0900][435.516s][info][gc,cpu         ] GC(107) User=0.03s Sys=0.00s Real=0.00s
[2026-03-25T15:20:01.240+0900][436.200s][info][gc,start       ] GC(108) Pause Young (Allocation Failure)
[2026-03-25T15:20:01.240+0900][436.201s][info][gc,heap        ] GC(108) PSYoungGen: 21626K(26112K)->1324K(26112K) Eden: 17933K(19968K)->0K(19968K) From: 3692K(6144K)->1324K(6144K)
[2026-03-25T15:20:01.240+0900][436.201s][info][gc,heap        ] GC(108) ParOldGen: 145478K(157184K)->145478K(157184K)
[2026-03-25T15:20:01.240+0900][436.201s][info][gc,metaspace   ] GC(108) Metaspace: 172K(384K)->172K(384K) NonClass: 162K(256K)->162K(256K) Class: 10K(128K)->10K(128K)
[2026-03-25T15:20:01.241+0900][436.201s][info][gc             ] GC(108) Pause Young (Allocation Failure) 163M->143M(179M) 0.809ms
[2026-03-25T15:20:01.241+0900][436.201s][info][gc,cpu         ] GC(108) User=0.00s Sys=0.00s Real=0.00s
[2026-03-25T15:20:01.918+0900][436.879s][info][gc,start       ] GC(109) Pause Young (Allocation Failure)
[2026-03-25T15:20:01.920+0900][436.880s][info][gc,heap        ] GC(109) PSYoungGen: 19258K(26112K)->3692K(26112K) Eden: 17933K(19968K)->0K(19968K) From: 1324K(6144K)->3692K(6144K)
[2026-03-25T15:20:01.920+0900][436.881s][info][gc,heap        ] GC(109) ParOldGen: 145478K(157184K)->146618K(157184K)
[2026-03-25T15:20:01.920+0900][436.881s][info][gc,metaspace   ] GC(109) Metaspace: 172K(384K)->172K(384K) NonClass: 162K(256K)->162K(256K) Class: 10K(128K)->10K(128K)
[2026-03-25T15:20:01.920+0900][436.881s][info][gc             ] GC(109) Pause Young (Allocation Failure) 160M->146M(179M) 1.477ms
[2026-03-25T15:20:01.920+0900][436.881s][info][gc,cpu         ] GC(109) User=0.00s Sys=0.00s Real=0.00s
[2026-03-25T15:20:02.684+0900][437.644s][info][gc,start       ] GC(110) Pause Young (Allocation Failure)
[2026-03-25T15:20:02.684+0900][437.645s][info][gc,heap        ] GC(110) PSYoungGen: 21626K(26112K)->3628K(24064K) Eden: 17933K(19968K)->0K(19968K) From: 3692K(6144K)->3628K(4096K)
[2026-03-25T15:20:02.684+0900][437.645s][info][gc,heap        ] GC(110) ParOldGen: 146618K(157184K)->150143K(157184K)
[2026-03-25T15:20:02.684+0900][437.645s][info][gc,metaspace   ] GC(110) Metaspace: 172K(384K)->172K(384K) NonClass: 162K(256K)->162K(256K) Class: 10K(128K)->10K(128K)
[2026-03-25T15:20:02.684+0900][437.645s][info][gc             ] GC(110) Pause Young (Allocation Failure) 164M->150M(177M) 1.147ms
[2026-03-25T15:20:02.684+0900][437.645s][info][gc,cpu         ] GC(110) User=0.00s Sys=0.00s Real=0.00s
[2026-03-25T15:20:03.365+0900][438.325s][info][gc,start       ] GC(111) Pause Young (Allocation Failure)
[2026-03-25T15:20:03.366+0900][438.326s][info][gc,heap        ] GC(111) PSYoungGen: 21562K(24064K)->3660K(25600K) Eden: 17933K(19968K)->0K(19968K) From: 3628K(4096K)->3660K(5632K)
[2026-03-25T15:20:03.366+0900][438.326s][info][gc,heap        ] GC(111) ParOldGen: 150143K(157184K)->153675K(157184K)
[2026-03-25T15:20:03.366+0900][438.326s][info][gc,metaspace   ] GC(111) Metaspace: 172K(384K)->172K(384K) NonClass: 162K(256K)->162K(256K) Class: 10K(128K)->10K(128K)
[2026-03-25T15:20:03.366+0900][438.326s][info][gc             ] GC(111) Pause Young (Allocation Failure) 167M->153M(178M) 0.981ms
[2026-03-25T15:20:03.366+0900][438.326s][info][gc,cpu         ] GC(111) User=0.00s Sys=0.00s Real=0.00s
[2026-03-25T15:20:03.366+0900][438.326s][info][gc,start       ] GC(112) Pause Full (Ergonomics)
[2026-03-25T15:20:03.366+0900][438.326s][info][gc,phases,start] GC(112) Marking Phase
[2026-03-25T15:20:03.367+0900][438.327s][info][gc,phases      ] GC(112) Marking Phase 0.750ms
[2026-03-25T15:20:03.367+0900][438.327s][info][gc,phases,start] GC(112) Summary Phase
[2026-03-25T15:20:03.367+0900][438.327s][info][gc,phases      ] GC(112) Summary Phase 0.026ms
[2026-03-25T15:20:03.367+0900][438.327s][info][gc,phases,start] GC(112) Adjust Roots
[2026-03-25T15:20:03.367+0900][438.327s][info][gc,phases      ] GC(112) Adjust Roots 0.150ms
[2026-03-25T15:20:03.367+0900][438.327s][info][gc,phases,start] GC(112) Compaction Phase
[2026-03-25T15:20:03.368+0900][438.328s][info][gc,phases      ] GC(112) Compaction Phase 0.635ms
[2026-03-25T15:20:03.368+0900][438.328s][info][gc,phases,start] GC(112) Post Compact
[2026-03-25T15:20:03.368+0900][438.328s][info][gc,phases      ] GC(112) Post Compact 0.245ms
[2026-03-25T15:20:03.373+0900][438.333s][info][gc,heap        ] GC(112) PSYoungGen: 3660K(25600K)->0K(25600K) Eden: 0K(19968K)->0K(19968K) From: 3660K(5632K)->0K(5632K)
[2026-03-25T15:20:03.373+0900][438.333s][info][gc,heap        ] GC(112) ParOldGen: 153675K(157184K)->12627K(97792K)
[2026-03-25T15:20:03.373+0900][438.333s][info][gc,metaspace   ] GC(112) Metaspace: 172K(384K)->172K(384K) NonClass: 162K(256K)->162K(256K) Class: 10K(128K)->10K(128K)
[2026-03-25T15:20:03.373+0900][438.333s][info][gc             ] GC(112) Pause Full (Ergonomics) 153M->12M(120M) 7.179ms
[2026-03-25T15:20:03.373+0900][438.334s][info][gc,cpu         ] GC(112) User=0.02s Sys=0.00s Real=0.01s
[2026-03-25T15:20:04.020+0900][438.981s][info][gc,start       ] GC(113) Pause Young (Allocation Failure)
[2026-03-25T15:20:04.020+0900][438.982s][info][gc,heap        ] GC(113) PSYoungGen: 17933K(25600K)->3596K(25600K) Eden: 17933K(19968K)->0K(19968K) From: 0K(5632K)->3596K(5632K)
[2026-03-25T15:20:04.020+0900][438.982s][info][gc,heap        ] GC(113) ParOldGen: 12627K(97792K)->12627K(97792K)
[2026-03-25T15:20:04.020+0900][438.982s][info][gc,metaspace   ] GC(113) Metaspace: 172K(384K)->172K(384K) NonClass: 162K(256K)->162K(256K) Class: 10K(128K)->10K(128K)
[2026-03-25T15:20:04.021+0900][438.982s][info][gc             ] GC(113) Pause Young (Allocation Failure) 29M->15M(120M) 0.744ms
[2026-03-25T15:20:04.021+0900][438.982s][info][gc,cpu         ] GC(113) User=0.00s Sys=0.00s Real=0.00s
[2026-03-25T15:20:04.630+0900][439.591s][info][gc,start       ] GC(114) Pause Young (Allocation Failure)
[2026-03-25T15:20:04.632+0900][439.593s][info][gc,heap        ] GC(114) PSYoungGen: 21528K(25600K)->3596K(24064K) Eden: 17931K(19968K)->0K(19968K) From: 3596K(5632K)->3596K(4096K)
[2026-03-25T15:20:04.632+0900][439.593s][info][gc,heap        ] GC(114) ParOldGen: 12627K(97792K)->16144K(97792K)
[2026-03-25T15:20:04.632+0900][439.593s][info][gc,metaspace   ] GC(114) Metaspace: 172K(384K)->172K(384K) NonClass: 162K(256K)->162K(256K) Class: 10K(128K)->10K(128K)
[2026-03-25T15:20:04.632+0900][439.593s][info][gc             ] GC(114) Pause Young (Allocation Failure) 33M->19M(119M) 1.899ms
[2026-03-25T15:20:04.632+0900][439.593s][info][gc,cpu         ] GC(114) User=0.00s Sys=0.00s Real=0.00s
[2026-03-25T15:20:05.263+0900][440.224s][info][gc,start       ] GC(115) Pause Young (Allocation Failure)
[2026-03-25T15:20:05.264+0900][440.225s][info][gc,heap        ] GC(115) PSYoungGen: 21528K(24064K)->3660K(25088K) Eden: 17932K(19968K)->0K(19968K) From: 3596K(4096K)->3660K(5120K)
[2026-03-25T15:20:05.264+0900][440.225s][info][gc,heap        ] GC(115) ParOldGen: 16144K(97792K)->19676K(97792K)
[2026-03-25T15:20:05.264+0900][440.225s][info][gc,metaspace   ] GC(115) Metaspace: 172K(384K)->172K(384K) NonClass: 162K(256K)->162K(256K) Class: 10K(128K)->10K(128K)
[2026-03-25T15:20:05.264+0900][440.225s][info][gc             ] GC(115) Pause Young (Allocation Failure) 36M->22M(120M) 1.054ms
[2026-03-25T15:20:05.264+0900][440.225s][info][gc,cpu         ] GC(115) User=0.00s Sys=0.00s Real=0.00s
[2026-03-25T15:20:05.886+0900][440.847s][info][gc,start       ] GC(116) Pause Young (Allocation Failure)
[2026-03-25T15:20:05.887+0900][440.848s][info][gc,heap        ] GC(116) PSYoungGen: 21593K(25088K)->3660K(25088K) Eden: 17932K(19968K)->0K(19968K) From: 3660K(5120K)->3660K(5120K)
[2026-03-25T15:20:05.887+0900][440.848s][info][gc,heap        ] GC(116) ParOldGen: 19676K(97792K)->23209K(97792K)
[2026-03-25T15:20:05.887+0900][440.848s][info][gc,metaspace   ] GC(116) Metaspace: 172K(384K)->172K(384K) NonClass: 162K(256K)->162K(256K) Class: 10K(128K)->10K(128K)
[2026-03-25T15:20:05.887+0900][440.848s][info][gc             ] GC(116) Pause Young (Allocation Failure) 40M->26M(120M) 1.325ms
[2026-03-25T15:20:05.887+0900][440.848s][info][gc,cpu         ] GC(116) User=0.00s Sys=0.00s Real=0.00s
[2026-03-25T15:20:06.497+0900][441.458s][info][gc,start       ] GC(117) Pause Young (Allocation Failure)
[2026-03-25T15:20:06.498+0900][441.459s][info][gc,heap        ] GC(117) PSYoungGen: 21593K(25088K)->3692K(25088K) Eden: 17933K(19968K)->0K(19968K) From: 3660K(5120K)->3692K(5120K)
[2026-03-25T15:20:06.498+0900][441.459s][info][gc,heap        ] GC(117) ParOldGen: 23209K(97792K)->26749K(97792K)
[2026-03-25T15:20:06.498+0900][441.459s][info][gc,metaspace   ] GC(117) Metaspace: 172K(384K)->172K(384K) NonClass: 162K(256K)->162K(256K) Class: 10K(128K)->10K(128K)
[2026-03-25T15:20:06.498+0900][441.459s][info][gc             ] GC(117) Pause Young (Allocation Failure) 43M->29M(120M) 1.395ms
[2026-03-25T15:20:06.498+0900][441.459s][info][gc,cpu         ] GC(117) User=0.00s Sys=0.00s Real=0.00s
[2026-03-25T15:20:07.129+0900][442.090s][info][gc,start       ] GC(118) Pause Young (Allocation Failure)
[2026-03-25T15:20:07.129+0900][442.090s][info][gc,heap        ] GC(118) PSYoungGen: 21625K(25088K)->3628K(25088K) Eden: 17933K(19968K)->0K(19968K) From: 3692K(5120K)->3628K(5120K)
[2026-03-25T15:20:07.130+0900][442.090s][info][gc,heap        ] GC(118) ParOldGen: 26749K(97792K)->30274K(97792K)
[2026-03-25T15:20:07.130+0900][442.090s][info][gc,metaspace   ] GC(118) Metaspace: 172K(384K)->172K(384K) NonClass: 162K(256K)->162K(256K) Class: 10K(128K)->10K(128K)
[2026-03-25T15:20:07.130+0900][442.090s][info][gc             ] GC(118) Pause Young (Allocation Failure) 47M->33M(120M) 0.781ms
[2026-03-25T15:20:07.130+0900][442.090s][info][gc,cpu         ] GC(118) User=0.00s Sys=0.00s Real=0.00s
[2026-03-25T15:20:07.790+0900][442.750s][info][gc,start       ] GC(119) Pause Young (Allocation Failure)
[2026-03-25T15:20:07.791+0900][442.751s][info][gc,heap        ] GC(119) PSYoungGen: 21562K(25088K)->3692K(24064K) Eden: 17933K(19968K)->0K(19968K) From: 3628K(5120K)->3692K(4096K)
[2026-03-25T15:20:07.791+0900][442.751s][info][gc,heap        ] GC(119) ParOldGen: 30274K(97792K)->33814K(97792K)
[2026-03-25T15:20:07.791+0900][442.751s][info][gc,metaspace   ] GC(119) Metaspace: 172K(384K)->172K(384K) NonClass: 162K(256K)->162K(256K) Class: 10K(128K)->10K(128K)
[2026-03-25T15:20:07.791+0900][442.751s][info][gc             ] GC(119) Pause Young (Allocation Failure) 50M->36M(119M) 0.892ms
[2026-03-25T15:20:07.791+0900][442.751s][info][gc,cpu         ] GC(119) User=0.00s Sys=0.00s Real=0.00s
[2026-03-25T15:20:08.448+0900][443.408s][info][gc,start       ] GC(120) Pause Young (Allocation Failure)
[2026-03-25T15:20:08.449+0900][443.409s][info][gc,heap        ] GC(120) PSYoungGen: 21626K(24064K)->3692K(24576K) Eden: 17933K(19968K)->0K(19968K) From: 3692K(4096K)->3692K(4608K)
[2026-03-25T15:20:08.449+0900][443.409s][info][gc,heap        ] GC(120) ParOldGen: 33814K(97792K)->37355K(97792K)
[2026-03-25T15:20:08.449+0900][443.409s][info][gc,metaspace   ] GC(120) Metaspace: 172K(384K)->172K(384K) NonClass: 162K(256K)->162K(256K) Class: 10K(128K)->10K(128K)
[2026-03-25T15:20:08.449+0900][443.409s][info][gc             ] GC(120) Pause Young (Allocation Failure) 54M->40M(119M) 0.790ms
[2026-03-25T15:20:08.449+0900][443.409s][info][gc,cpu         ] GC(120) User=0.00s Sys=0.00s Real=0.00s
[2026-03-25T15:20:09.111+0900][444.073s][info][gc,start       ] GC(121) Pause Young (Allocation Failure)
[2026-03-25T15:20:09.112+0900][444.073s][info][gc,heap        ] GC(121) PSYoungGen: 21626K(24576K)->3628K(24576K) Eden: 17933K(19968K)->0K(19968K) From: 3692K(4608K)->3628K(4608K)
[2026-03-25T15:20:09.112+0900][444.073s][info][gc,heap        ] GC(121) ParOldGen: 37355K(97792K)->40880K(97792K)
[2026-03-25T15:20:09.112+0900][444.073s][info][gc,metaspace   ] GC(121) Metaspace: 172K(384K)->172K(384K) NonClass: 162K(256K)->162K(256K) Class: 10K(128K)->10K(128K)
[2026-03-25T15:20:09.112+0900][444.073s][info][gc             ] GC(121) Pause Young (Allocation Failure) 57M->43M(119M) 0.871ms
[2026-03-25T15:20:09.112+0900][444.073s][info][gc,cpu         ] GC(121) User=0.00s Sys=0.00s Real=0.00s
[2026-03-25T15:20:09.801+0900][444.761s][info][gc,start       ] GC(122) Pause Young (Allocation Failure)
[2026-03-25T15:20:09.801+0900][444.762s][info][gc,heap        ] GC(122) PSYoungGen: 21562K(24576K)->3532K(24576K) Eden: 17933K(19968K)->0K(19968K) From: 3628K(4608K)->3532K(4608K)
[2026-03-25T15:20:09.802+0900][444.762s][info][gc,heap        ] GC(122) ParOldGen: 40880K(97792K)->44396K(97792K)
[2026-03-25T15:20:09.802+0900][444.762s][info][gc,metaspace   ] GC(122) Metaspace: 172K(384K)->172K(384K) NonClass: 162K(256K)->162K(256K) Class: 10K(128K)->10K(128K)
[2026-03-25T15:20:09.802+0900][444.762s][info][gc             ] GC(122) Pause Young (Allocation Failure) 60M->46M(119M) 0.920ms
[2026-03-25T15:20:09.802+0900][444.762s][info][gc,cpu         ] GC(122) User=0.00s Sys=0.00s Real=0.00s
[2026-03-25T15:20:10.520+0900][445.481s][info][gc,start       ] GC(123) Pause Young (Allocation Failure)
[2026-03-25T15:20:10.521+0900][445.481s][info][gc,heap        ] GC(123) PSYoungGen: 21466K(24576K)->3660K(24576K) Eden: 17933K(19968K)->0K(19968K) From: 3532K(4608K)->3660K(4608K)
[2026-03-25T15:20:10.521+0900][445.481s][info][gc,heap        ] GC(123) ParOldGen: 44396K(97792K)->47929K(97792K)
[2026-03-25T15:20:10.521+0900][445.481s][info][gc,metaspace   ] GC(123) Metaspace: 172K(384K)->172K(384K) NonClass: 162K(256K)->162K(256K) Class: 10K(128K)->10K(128K)
[2026-03-25T15:20:10.521+0900][445.481s][info][gc             ] GC(123) Pause Young (Allocation Failure) 64M->50M(119M) 0.808ms
[2026-03-25T15:20:10.521+0900][445.481s][info][gc,cpu         ] GC(123) User=0.00s Sys=0.00s Real=0.00s
[2026-03-25T15:20:11.257+0900][446.217s][info][gc,start       ] GC(124) Pause Young (Allocation Failure)
[2026-03-25T15:20:11.257+0900][446.218s][info][gc,heap        ] GC(124) PSYoungGen: 21594K(24576K)->3660K(24576K) Eden: 17933K(19968K)->0K(19968K) From: 3660K(4608K)->3660K(4608K)
[2026-03-25T15:20:11.257+0900][446.218s][info][gc,heap        ] GC(124) ParOldGen: 47929K(97792K)->51461K(97792K)
[2026-03-25T15:20:11.257+0900][446.218s][info][gc,metaspace   ] GC(124) Metaspace: 172K(384K)->172K(384K) NonClass: 162K(256K)->162K(256K) Class: 10K(128K)->10K(128K)
[2026-03-25T15:20:11.257+0900][446.218s][info][gc             ] GC(124) Pause Young (Allocation Failure) 67M->53M(119M) 0.832ms
[2026-03-25T15:20:11.257+0900][446.218s][info][gc,cpu         ] GC(124) User=0.00s Sys=0.00s Real=0.00s
[2026-03-25T15:20:11.905+0900][446.866s][info][gc,start       ] GC(125) Pause Young (Allocation Failure)
[2026-03-25T15:20:11.905+0900][446.866s][info][gc,heap        ] GC(125) PSYoungGen: 21594K(24576K)->3724K(24576K) Eden: 17933K(19968K)->0K(19968K) From: 3660K(4608K)->3724K(4608K)
[2026-03-25T15:20:11.906+0900][446.866s][info][gc,heap        ] GC(125) ParOldGen: 51461K(97792K)->55010K(97792K)
[2026-03-25T15:20:11.906+0900][446.866s][info][gc,metaspace   ] GC(125) Metaspace: 172K(384K)->172K(384K) NonClass: 162K(256K)->162K(256K) Class: 10K(128K)->10K(128K)
[2026-03-25T15:20:11.906+0900][446.866s][info][gc             ] GC(125) Pause Young (Allocation Failure) 71M->57M(119M) 0.825ms
[2026-03-25T15:20:11.906+0900][446.866s][info][gc,cpu         ] GC(125) User=0.00s Sys=0.00s Real=0.00s
[2026-03-25T15:20:12.521+0900][447.482s][info][gc,start       ] GC(126) Pause Young (Allocation Failure)
[2026-03-25T15:20:12.522+0900][447.483s][info][gc,heap        ] GC(126) PSYoungGen: 21658K(24576K)->3692K(24576K) Eden: 17933K(19968K)->0K(19968K) From: 3724K(4608K)->3692K(4608K)
[2026-03-25T15:20:12.522+0900][447.483s][info][gc,heap        ] GC(126) ParOldGen: 55010K(97792K)->58550K(97792K)
[2026-03-25T15:20:12.522+0900][447.483s][info][gc,metaspace   ] GC(126) Metaspace: 172K(384K)->172K(384K) NonClass: 162K(256K)->162K(256K) Class: 10K(128K)->10K(128K)
[2026-03-25T15:20:12.522+0900][447.483s][info][gc             ] GC(126) Pause Young (Allocation Failure) 74M->60M(119M) 1.376ms
[2026-03-25T15:20:12.522+0900][447.483s][info][gc,cpu         ] GC(126) User=0.02s Sys=0.00s Real=0.00s
[2026-03-25T15:20:13.143+0900][448.104s][info][gc,start       ] GC(127) Pause Young (Allocation Failure)
[2026-03-25T15:20:13.144+0900][448.105s][info][gc,heap        ] GC(127) PSYoungGen: 21626K(24576K)->3628K(24576K) Eden: 17933K(19968K)->0K(19968K) From: 3692K(4608K)->3628K(4608K)
[2026-03-25T15:20:13.144+0900][448.105s][info][gc,heap        ] GC(127) ParOldGen: 58550K(97792K)->62075K(97792K)
[2026-03-25T15:20:13.144+0900][448.105s][info][gc,metaspace   ] GC(127) Metaspace: 172K(384K)->172K(384K) NonClass: 162K(256K)->162K(256K) Class: 10K(128K)->10K(128K)
[2026-03-25T15:20:13.144+0900][448.105s][info][gc             ] GC(127) Pause Young (Allocation Failure) 78M->64M(119M) 0.996ms
[2026-03-25T15:20:13.144+0900][448.105s][info][gc,cpu         ] GC(127) User=0.00s Sys=0.00s Real=0.00s
[2026-03-25T15:20:13.764+0900][448.725s][info][gc,start       ] GC(128) Pause Young (Allocation Failure)
[2026-03-25T15:20:13.766+0900][448.727s][info][gc,heap        ] GC(128) PSYoungGen: 21562K(24576K)->3628K(24576K) Eden: 17933K(19968K)->0K(19968K) From: 3628K(4608K)->3628K(4608K)
[2026-03-25T15:20:13.767+0900][448.727s][info][gc,heap        ] GC(128) ParOldGen: 62075K(97792K)->65599K(97792K)
[2026-03-25T15:20:13.767+0900][448.727s][info][gc,metaspace   ] GC(128) Metaspace: 172K(384K)->172K(384K) NonClass: 162K(256K)->162K(256K) Class: 10K(128K)->10K(128K)
[2026-03-25T15:20:13.767+0900][448.727s][info][gc             ] GC(128) Pause Young (Allocation Failure) 81M->67M(119M) 2.079ms
[2026-03-25T15:20:13.767+0900][448.727s][info][gc,cpu         ] GC(128) User=0.00s Sys=0.00s Real=0.00s
[2026-03-25T15:20:14.388+0900][449.349s][info][gc,start       ] GC(129) Pause Young (Allocation Failure)
[2026-03-25T15:20:14.389+0900][449.351s][info][gc,heap        ] GC(129) PSYoungGen: 21562K(24576K)->3628K(24064K) Eden: 17933K(19968K)->0K(19968K) From: 3628K(4608K)->3628K(4096K)
[2026-03-25T15:20:14.389+0900][449.351s][info][gc,heap        ] GC(129) ParOldGen: 65599K(97792K)->69124K(97792K)
[2026-03-25T15:20:14.391+0900][449.351s][info][gc,metaspace   ] GC(129) Metaspace: 172K(384K)->172K(384K) NonClass: 162K(256K)->162K(256K) Class: 10K(128K)->10K(128K)
[2026-03-25T15:20:14.391+0900][449.351s][info][gc             ] GC(129) Pause Young (Allocation Failure) 85M->71M(119M) 1.755ms
[2026-03-25T15:20:14.391+0900][449.351s][info][gc,cpu         ] GC(129) User=0.00s Sys=0.00s Real=0.00s
[2026-03-25T15:20:15.101+0900][450.061s][info][gc,start       ] GC(130) Pause Young (Allocation Failure)
[2026-03-25T15:20:15.102+0900][450.063s][info][gc,heap        ] GC(130) PSYoungGen: 21562K(24064K)->3692K(24064K) Eden: 17933K(19968K)->0K(19968K) From: 3628K(4096K)->3692K(4096K)
[2026-03-25T15:20:15.102+0900][450.063s][info][gc,heap        ] GC(130) ParOldGen: 69124K(97792K)->72664K(97792K)
[2026-03-25T15:20:15.102+0900][450.063s][info][gc,metaspace   ] GC(130) Metaspace: 172K(384K)->172K(384K) NonClass: 162K(256K)->162K(256K) Class: 10K(128K)->10K(128K)
[2026-03-25T15:20:15.102+0900][450.063s][info][gc             ] GC(130) Pause Young (Allocation Failure) 88M->74M(119M) 1.245ms
[2026-03-25T15:20:15.102+0900][450.063s][info][gc,cpu         ] GC(130) User=0.00s Sys=0.00s Real=0.00s
[2026-03-25T15:20:15.741+0900][450.702s][info][gc,start       ] GC(131) Pause Young (Allocation Failure)
[2026-03-25T15:20:15.742+0900][450.703s][info][gc,heap        ] GC(131) PSYoungGen: 21626K(24064K)->3496K(23552K) Eden: 17933K(19968K)->0K(19968K) From: 3692K(4096K)->3496K(3584K)
[2026-03-25T15:20:15.742+0900][450.703s][info][gc,heap        ] GC(131) ParOldGen: 72664K(97792K)->76281K(97792K)
[2026-03-25T15:20:15.742+0900][450.703s][info][gc,metaspace   ] GC(131) Metaspace: 172K(384K)->172K(384K) NonClass: 162K(256K)->162K(256K) Class: 10K(128K)->10K(128K)
[2026-03-25T15:20:15.742+0900][450.704s][info][gc             ] GC(131) Pause Young (Allocation Failure) 92M->77M(118M) 1.546ms
[2026-03-25T15:20:15.742+0900][450.704s][info][gc,cpu         ] GC(131) User=0.00s Sys=0.00s Real=0.00s
[2026-03-25T15:20:16.385+0900][451.345s][info][gc,start       ] GC(132) Pause Young (Allocation Failure)
[2026-03-25T15:20:16.386+0900][451.346s][info][gc,heap        ] GC(132) PSYoungGen: 21430K(23552K)->3596K(24064K) Eden: 17933K(19968K)->0K(19968K) From: 3496K(3584K)->3596K(4096K)
[2026-03-25T15:20:16.386+0900][451.346s][info][gc,heap        ] GC(132) ParOldGen: 76281K(97792K)->79706K(97792K)
[2026-03-25T15:20:16.386+0900][451.347s][info][gc,metaspace   ] GC(132) Metaspace: 172K(384K)->172K(384K) NonClass: 162K(256K)->162K(256K) Class: 10K(128K)->10K(128K)
[2026-03-25T15:20:16.386+0900][451.347s][info][gc             ] GC(132) Pause Young (Allocation Failure) 95M->81M(119M) 1.362ms
[2026-03-25T15:20:16.386+0900][451.347s][info][gc,cpu         ] GC(132) User=0.00s Sys=0.00s Real=0.00s
[2026-03-25T15:20:17.010+0900][451.971s][info][gc,start       ] GC(133) Pause Young (Allocation Failure)
[2026-03-25T15:20:17.011+0900][451.972s][info][gc,heap        ] GC(133) PSYoungGen: 21530K(24064K)->3628K(24064K) Eden: 17933K(19968K)->0K(19968K) From: 3596K(4096K)->3628K(4096K)
[2026-03-25T15:20:17.011+0900][451.972s][info][gc,heap        ] GC(133) ParOldGen: 79706K(97792K)->83230K(97792K)
[2026-03-25T15:20:17.011+0900][451.972s][info][gc,metaspace   ] GC(133) Metaspace: 172K(384K)->172K(384K) NonClass: 162K(256K)->162K(256K) Class: 10K(128K)->10K(128K)
[2026-03-25T15:20:17.011+0900][451.972s][info][gc             ] GC(133) Pause Young (Allocation Failure) 98M->84M(119M) 1.410ms
[2026-03-25T15:20:17.011+0900][451.972s][info][gc,cpu         ] GC(133) User=0.00s Sys=0.00s Real=0.00s
[2026-03-25T15:20:17.645+0900][452.606s][info][gc,start       ] GC(134) Pause Young (Allocation Failure)
[2026-03-25T15:20:17.646+0900][452.606s][info][gc,heap        ] GC(134) PSYoungGen: 21562K(24064K)->3660K(24064K) Eden: 17933K(19968K)->0K(19968K) From: 3628K(4096K)->3660K(4096K)
[2026-03-25T15:20:17.646+0900][452.607s][info][gc,heap        ] GC(134) ParOldGen: 83230K(97792K)->86763K(97792K)
[2026-03-25T15:20:17.646+0900][452.607s][info][gc,metaspace   ] GC(134) Metaspace: 172K(384K)->172K(384K) NonClass: 162K(256K)->162K(256K) Class: 10K(128K)->10K(128K)
[2026-03-25T15:20:17.646+0900][452.607s][info][gc             ] GC(134) Pause Young (Allocation Failure) 102M->88M(119M) 1.076ms
[2026-03-25T15:20:17.646+0900][452.607s][info][gc,cpu         ] GC(134) User=0.00s Sys=0.00s Real=0.00s
[2026-03-25T15:20:18.268+0900][453.229s][info][gc,start       ] GC(135) Pause Young (Allocation Failure)
[2026-03-25T15:20:18.270+0900][453.231s][info][gc,heap        ] GC(135) PSYoungGen: 21594K(24064K)->3628K(24064K) Eden: 17933K(19968K)->0K(19968K) From: 3660K(4096K)->3628K(4096K)
[2026-03-25T15:20:18.270+0900][453.231s][info][gc,heap        ] GC(135) ParOldGen: 86763K(97792K)->90287K(97792K)
[2026-03-25T15:20:18.270+0900][453.231s][info][gc,metaspace   ] GC(135) Metaspace: 172K(384K)->172K(384K) NonClass: 162K(256K)->162K(256K) Class: 10K(128K)->10K(128K)
[2026-03-25T15:20:18.271+0900][453.232s][info][gc             ] GC(135) Pause Young (Allocation Failure) 105M->91M(119M) 3.092ms
[2026-03-25T15:20:18.271+0900][453.232s][info][gc,cpu         ] GC(135) User=0.00s Sys=0.00s Real=0.00s
[2026-03-25T15:20:18.933+0900][453.894s][info][gc,start       ] GC(136) Pause Young (Allocation Failure)
[2026-03-25T15:20:18.934+0900][453.895s][info][gc,heap        ] GC(136) PSYoungGen: 21562K(24064K)->3596K(24064K) Eden: 17933K(19968K)->0K(19968K) From: 3628K(4096K)->3596K(4096K)
[2026-03-25T15:20:18.934+0900][453.895s][info][gc,heap        ] GC(136) ParOldGen: 90287K(97792K)->93804K(97792K)
[2026-03-25T15:20:18.934+0900][453.895s][info][gc,metaspace   ] GC(136) Metaspace: 172K(384K)->172K(384K) NonClass: 162K(256K)->162K(256K) Class: 10K(128K)->10K(128K)
[2026-03-25T15:20:18.934+0900][453.895s][info][gc             ] GC(136) Pause Young (Allocation Failure) 109M->95M(119M) 1.236ms
[2026-03-25T15:20:18.934+0900][453.895s][info][gc,cpu         ] GC(136) User=0.00s Sys=0.00s Real=0.00s
[2026-03-25T15:20:18.934+0900][453.895s][info][gc,start       ] GC(137) Pause Full (Ergonomics)
[2026-03-25T15:20:18.934+0900][453.895s][info][gc,phases,start] GC(137) Marking Phase
[2026-03-25T15:20:18.935+0900][453.896s][info][gc,phases      ] GC(137) Marking Phase 1.090ms
[2026-03-25T15:20:18.935+0900][453.896s][info][gc,phases,start] GC(137) Summary Phase
[2026-03-25T15:20:18.935+0900][453.896s][info][gc,phases      ] GC(137) Summary Phase 0.036ms
[2026-03-25T15:20:18.935+0900][453.896s][info][gc,phases,start] GC(137) Adjust Roots
[2026-03-25T15:20:18.935+0900][453.897s][info][gc,phases      ] GC(137) Adjust Roots 0.211ms
[2026-03-25T15:20:18.936+0900][453.897s][info][gc,phases,start] GC(137) Compaction Phase
[2026-03-25T15:20:18.944+0900][453.905s][info][gc,phases      ] GC(137) Compaction Phase 8.107ms
[2026-03-25T15:20:18.944+0900][453.905s][info][gc,phases,start] GC(137) Post Compact
[2026-03-25T15:20:18.944+0900][453.905s][info][gc,phases      ] GC(137) Post Compact 0.216ms
[2026-03-25T15:20:18.944+0900][453.905s][info][gc,heap        ] GC(137) PSYoungGen: 3596K(24064K)->0K(24064K) Eden: 0K(19968K)->0K(19968K) From: 3596K(4096K)->0K(4096K)
[2026-03-25T15:20:18.944+0900][453.906s][info][gc,heap        ] GC(137) ParOldGen: 93804K(97792K)->96315K(178176K)
[2026-03-25T15:20:18.944+0900][453.906s][info][gc,metaspace   ] GC(137) Metaspace: 172K(384K)->172K(384K) NonClass: 162K(256K)->162K(256K) Class: 10K(128K)->10K(128K)
[2026-03-25T15:20:18.944+0900][453.906s][info][gc             ] GC(137) Pause Full (Ergonomics) 95M->94M(197M) 10.471ms
[2026-03-25T15:20:18.944+0900][453.906s][info][gc,cpu         ] GC(137) User=0.02s Sys=0.00s Real=0.01s
[2026-03-25T15:20:19.580+0900][454.540s][info][gc,start       ] GC(138) Pause Young (Allocation Failure)
[2026-03-25T15:20:19.581+0900][454.541s][info][gc,heap        ] GC(138) PSYoungGen: 17933K(24064K)->3660K(24064K) Eden: 17933K(19968K)->0K(19968K) From: 0K(4096K)->3660K(4096K)
[2026-03-25T15:20:19.581+0900][454.541s][info][gc,heap        ] GC(138) ParOldGen: 96315K(178176K)->96315K(178176K)
[2026-03-25T15:20:19.581+0900][454.541s][info][gc,metaspace   ] GC(138) Metaspace: 172K(384K)->172K(384K) NonClass: 162K(256K)->162K(256K) Class: 10K(128K)->10K(128K)
[2026-03-25T15:20:19.581+0900][454.542s][info][gc             ] GC(138) Pause Young (Allocation Failure) 111M->97M(197M) 1.129ms
[2026-03-25T15:20:19.581+0900][454.542s][info][gc,cpu         ] GC(138) User=0.00s Sys=0.00s Real=0.00s
[2026-03-25T15:20:20.258+0900][455.219s][info][gc,start       ] GC(139) Pause Young (Allocation Failure)
[2026-03-25T15:20:20.259+0900][455.220s][info][gc,heap        ] GC(139) PSYoungGen: 21592K(24064K)->3532K(24064K) Eden: 17931K(19968K)->0K(19968K) From: 3660K(4096K)->3532K(4096K)
[2026-03-25T15:20:20.259+0900][455.220s][info][gc,heap        ] GC(139) ParOldGen: 96315K(178176K)->99856K(178176K)
[2026-03-25T15:20:20.259+0900][455.220s][info][gc,metaspace   ] GC(139) Metaspace: 172K(384K)->172K(384K) NonClass: 162K(256K)->162K(256K) Class: 10K(128K)->10K(128K)
[2026-03-25T15:20:20.259+0900][455.220s][info][gc             ] GC(139) Pause Young (Allocation Failure) 115M->100M(197M) 1.110ms
[2026-03-25T15:20:20.259+0900][455.220s][info][gc,cpu         ] GC(139) User=0.00s Sys=0.00s Real=0.00s
[2026-03-25T15:20:20.981+0900][455.942s][info][gc,start       ] GC(140) Pause Young (Allocation Failure)
[2026-03-25T15:20:20.983+0900][455.944s][info][gc,heap        ] GC(140) PSYoungGen: 21464K(24064K)->3532K(24064K) Eden: 17932K(19968K)->0K(19968K) From: 3532K(4096K)->3532K(4096K)
[2026-03-25T15:20:20.983+0900][455.944s][info][gc,heap        ] GC(140) ParOldGen: 99856K(178176K)->103380K(178176K)
[2026-03-25T15:20:20.983+0900][455.944s][info][gc,metaspace   ] GC(140) Metaspace: 172K(384K)->172K(384K) NonClass: 162K(256K)->162K(256K) Class: 10K(128K)->10K(128K)
[2026-03-25T15:20:20.983+0900][455.944s][info][gc             ] GC(140) Pause Young (Allocation Failure) 118M->104M(197M) 2.017ms
[2026-03-25T15:20:20.983+0900][455.944s][info][gc,cpu         ] GC(140) User=0.00s Sys=0.00s Real=0.00s
[2026-03-25T15:20:21.639+0900][456.600s][info][gc,start       ] GC(141) Pause Young (Allocation Failure)
[2026-03-25T15:20:21.640+0900][456.601s][info][gc,heap        ] GC(141) PSYoungGen: 21465K(24064K)->3532K(24064K) Eden: 17932K(19968K)->0K(19968K) From: 3532K(4096K)->3532K(4096K)
[2026-03-25T15:20:21.640+0900][456.601s][info][gc,heap        ] GC(141) ParOldGen: 103380K(178176K)->106921K(178176K)
[2026-03-25T15:20:21.640+0900][456.601s][info][gc,metaspace   ] GC(141) Metaspace: 172K(384K)->172K(384K) NonClass: 162K(256K)->162K(256K) Class: 10K(128K)->10K(128K)
[2026-03-25T15:20:21.640+0900][456.601s][info][gc             ] GC(141) Pause Young (Allocation Failure) 121M->107M(197M) 1.709ms
[2026-03-25T15:20:21.640+0900][456.601s][info][gc,cpu         ] GC(141) User=0.00s Sys=0.00s Real=0.00s
[2026-03-25T15:20:22.298+0900][457.259s][info][gc,start       ] GC(142) Pause Young (Allocation Failure)
[2026-03-25T15:20:22.299+0900][457.260s][info][gc,heap        ] GC(142) PSYoungGen: 21465K(24064K)->3532K(24064K) Eden: 17933K(19968K)->0K(19968K) From: 3532K(4096K)->3532K(4096K)
[2026-03-25T15:20:22.300+0900][457.260s][info][gc,heap        ] GC(142) ParOldGen: 106921K(178176K)->110453K(178176K)
[2026-03-25T15:20:22.300+0900][457.260s][info][gc,metaspace   ] GC(142) Metaspace: 172K(384K)->172K(384K) NonClass: 162K(256K)->162K(256K) Class: 10K(128K)->10K(128K)
[2026-03-25T15:20:22.300+0900][457.260s][info][gc             ] GC(142) Pause Young (Allocation Failure) 125M->111M(197M) 1.741ms
[2026-03-25T15:20:22.300+0900][457.260s][info][gc,cpu         ] GC(142) User=0.00s Sys=0.00s Real=0.00s
[2026-03-25T15:20:22.935+0900][457.896s][info][gc,start       ] GC(143) Pause Young (Allocation Failure)
[2026-03-25T15:20:22.936+0900][457.898s][info][gc,heap        ] GC(143) PSYoungGen: 21465K(24064K)->3532K(24064K) Eden: 17933K(19968K)->0K(19968K) From: 3532K(4096K)->3532K(4096K)
[2026-03-25T15:20:22.937+0900][457.898s][info][gc,heap        ] GC(143) ParOldGen: 110453K(178176K)->113986K(178176K)
[2026-03-25T15:20:22.937+0900][457.898s][info][gc,metaspace   ] GC(143) Metaspace: 172K(384K)->172K(384K) NonClass: 162K(256K)->162K(256K) Class: 10K(128K)->10K(128K)
[2026-03-25T15:20:22.937+0900][457.898s][info][gc             ] GC(143) Pause Young (Allocation Failure) 128M->114M(197M) 1.834ms
[2026-03-25T15:20:22.937+0900][457.898s][info][gc,cpu         ] GC(143) User=0.00s Sys=0.00s Real=0.00s
[2026-03-25T15:20:24.793+0900][459.754s][info][gc,start       ] GC(144) Pause Young (Allocation Failure)
[2026-03-25T15:20:24.796+0900][459.757s][info][gc,heap        ] GC(144) PSYoungGen: 21466K(24064K)->3532K(24064K) Eden: 17933K(19968K)->0K(19968K) From: 3532K(4096K)->3532K(4096K)
[2026-03-25T15:20:24.796+0900][459.757s][info][gc,heap        ] GC(144) ParOldGen: 113986K(178176K)->117534K(178176K)
[2026-03-25T15:20:24.796+0900][459.757s][info][gc,metaspace   ] GC(144) Metaspace: 172K(384K)->172K(384K) NonClass: 162K(256K)->162K(256K) Class: 10K(128K)->10K(128K)
[2026-03-25T15:20:24.796+0900][459.757s][info][gc             ] GC(144) Pause Young (Allocation Failure) 132M->118M(197M) 3.211ms
[2026-03-25T15:20:24.796+0900][459.757s][info][gc,cpu         ] GC(144) User=0.00s Sys=0.00s Real=0.00s
[2026-03-25T15:20:30.228+0900][465.189s][info][gc,start       ] GC(145) Pause Young (Allocation Failure)
[2026-03-25T15:20:30.232+0900][465.193s][info][gc,heap        ] GC(145) PSYoungGen: 21466K(24064K)->3532K(24064K) Eden: 17933K(19968K)->0K(19968K) From: 3532K(4096K)->3532K(4096K)
[2026-03-25T15:20:30.232+0900][465.193s][info][gc,heap        ] GC(145) ParOldGen: 117534K(178176K)->121075K(178176K)
[2026-03-25T15:20:30.232+0900][465.193s][info][gc,metaspace   ] GC(145) Metaspace: 172K(384K)->172K(384K) NonClass: 162K(256K)->162K(256K) Class: 10K(128K)->10K(128K)
[2026-03-25T15:20:30.232+0900][465.193s][info][gc             ] GC(145) Pause Young (Allocation Failure) 135M->121M(197M) 3.910ms
[2026-03-25T15:20:30.232+0900][465.193s][info][gc,cpu         ] GC(145) User=0.00s Sys=0.00s Real=0.00s
[2026-03-25T15:20:35.751+0900][470.712s][info][gc,start       ] GC(146) Pause Young (Allocation Failure)
[2026-03-25T15:20:35.754+0900][470.714s][info][gc,heap        ] GC(146) PSYoungGen: 21466K(24064K)->3532K(24064K) Eden: 17933K(19968K)->0K(19968K) From: 3532K(4096K)->3532K(4096K)
[2026-03-25T15:20:35.754+0900][470.715s][info][gc,heap        ] GC(146) ParOldGen: 121075K(178176K)->124615K(178176K)
[2026-03-25T15:20:35.754+0900][470.715s][info][gc,metaspace   ] GC(146) Metaspace: 172K(384K)->172K(384K) NonClass: 162K(256K)->162K(256K) Class: 10K(128K)->10K(128K)
[2026-03-25T15:20:35.754+0900][470.715s][info][gc             ] GC(146) Pause Young (Allocation Failure) 139M->125M(197M) 2.219ms
[2026-03-25T15:20:35.754+0900][470.715s][info][gc,cpu         ] GC(146) User=0.00s Sys=0.00s Real=0.00s
[2026-03-25T15:20:41.168+0900][476.129s][info][gc,start       ] GC(147) Pause Young (Allocation Failure)
[2026-03-25T15:20:41.171+0900][476.132s][info][gc,heap        ] GC(147) PSYoungGen: 21466K(24064K)->3532K(24064K) Eden: 17933K(19968K)->0K(19968K) From: 3532K(4096K)->3532K(4096K)
[2026-03-25T15:20:41.171+0900][476.132s][info][gc,heap        ] GC(147) ParOldGen: 124615K(178176K)->128164K(178176K)
[2026-03-25T15:20:41.171+0900][476.132s][info][gc,metaspace   ] GC(147) Metaspace: 172K(384K)->172K(384K) NonClass: 162K(256K)->162K(256K) Class: 10K(128K)->10K(128K)
[2026-03-25T15:20:41.171+0900][476.132s][info][gc             ] GC(147) Pause Young (Allocation Failure) 142M->128M(197M) 3.470ms
[2026-03-25T15:20:41.171+0900][476.132s][info][gc,cpu         ] GC(147) User=0.00s Sys=0.00s Real=0.00s
[2026-03-25T15:20:46.599+0900][481.560s][info][gc,start       ] GC(148) Pause Young (Allocation Failure)
[2026-03-25T15:20:46.603+0900][481.564s][info][gc,heap        ] GC(148) PSYoungGen: 21466K(24064K)->3532K(24064K) Eden: 17933K(19968K)->0K(19968K) From: 3532K(4096K)->3532K(4096K)
[2026-03-25T15:20:46.603+0900][481.564s][info][gc,heap        ] GC(148) ParOldGen: 128164K(178176K)->131704K(178176K)
[2026-03-25T15:20:46.603+0900][481.564s][info][gc,metaspace   ] GC(148) Metaspace: 172K(384K)->172K(384K) NonClass: 162K(256K)->162K(256K) Class: 10K(128K)->10K(128K)
[2026-03-25T15:20:46.603+0900][481.564s][info][gc             ] GC(148) Pause Young (Allocation Failure) 146M->132M(197M) 3.861ms
[2026-03-25T15:20:46.603+0900][481.564s][info][gc,cpu         ] GC(148) User=0.00s Sys=0.02s Real=0.00s
[2026-03-25T15:20:52.126+0900][487.087s][info][gc,start       ] GC(149) Pause Young (Allocation Failure)
[2026-03-25T15:20:52.128+0900][487.089s][info][gc,heap        ] GC(149) PSYoungGen: 21466K(24064K)->3532K(24064K) Eden: 17933K(19968K)->0K(19968K) From: 3532K(4096K)->3532K(4096K)
[2026-03-25T15:20:52.128+0900][487.089s][info][gc,heap        ] GC(149) ParOldGen: 131704K(178176K)->135245K(178176K)
[2026-03-25T15:20:52.128+0900][487.089s][info][gc,metaspace   ] GC(149) Metaspace: 172K(384K)->172K(384K) NonClass: 162K(256K)->162K(256K) Class: 10K(128K)->10K(128K)
[2026-03-25T15:20:52.128+0900][487.089s][info][gc             ] GC(149) Pause Young (Allocation Failure) 149M->135M(197M) 2.793ms
[2026-03-25T15:20:52.128+0900][487.089s][info][gc,cpu         ] GC(149) User=0.00s Sys=0.00s Real=0.00s
[2026-03-25T15:20:57.529+0900][492.490s][info][gc,start       ] GC(150) Pause Young (Allocation Failure)
[2026-03-25T15:20:57.532+0900][492.492s][info][gc,heap        ] GC(150) PSYoungGen: 21466K(24064K)->3564K(24064K) Eden: 17933K(19968K)->0K(19968K) From: 3532K(4096K)->3564K(4096K)
[2026-03-25T15:20:57.532+0900][492.493s][info][gc,heap        ] GC(150) ParOldGen: 135245K(178176K)->138770K(178176K)
[2026-03-25T15:20:57.532+0900][492.493s][info][gc,metaspace   ] GC(150) Metaspace: 172K(384K)->172K(384K) NonClass: 162K(256K)->162K(256K) Class: 10K(128K)->10K(128K)
[2026-03-25T15:20:57.532+0900][492.493s][info][gc             ] GC(150) Pause Young (Allocation Failure) 153M->138M(197M) 3.080ms
[2026-03-25T15:20:57.532+0900][492.493s][info][gc,cpu         ] GC(150) User=0.00s Sys=0.00s Real=0.00s
[2026-03-25T15:21:02.982+0900][497.943s][info][gc,start       ] GC(151) Pause Young (Allocation Failure)
[2026-03-25T15:21:02.986+0900][497.947s][info][gc,heap        ] GC(151) PSYoungGen: 21498K(24064K)->3532K(24064K) Eden: 17933K(19968K)->0K(19968K) From: 3564K(4096K)->3532K(4096K)
[2026-03-25T15:21:02.986+0900][497.947s][info][gc,heap        ] GC(151) ParOldGen: 138770K(178176K)->142318K(178176K)
[2026-03-25T15:21:02.986+0900][497.947s][info][gc,metaspace   ] GC(151) Metaspace: 172K(384K)->172K(384K) NonClass: 162K(256K)->162K(256K) Class: 10K(128K)->10K(128K)
[2026-03-25T15:21:02.986+0900][497.947s][info][gc             ] GC(151) Pause Young (Allocation Failure) 156M->142M(197M) 4.074ms
[2026-03-25T15:21:02.986+0900][497.947s][info][gc,cpu         ] GC(151) User=0.00s Sys=0.00s Real=0.00s
[2026-03-25T15:21:08.494+0900][503.455s][info][gc,start       ] GC(152) Pause Young (Allocation Failure)
[2026-03-25T15:21:08.498+0900][503.459s][info][gc,heap        ] GC(152) PSYoungGen: 21466K(24064K)->3532K(24064K) Eden: 17933K(19968K)->0K(19968K) From: 3532K(4096K)->3532K(4096K)
[2026-03-25T15:21:08.498+0900][503.459s][info][gc,heap        ] GC(152) ParOldGen: 142318K(178176K)->145867K(178176K)
[2026-03-25T15:21:08.498+0900][503.459s][info][gc,metaspace   ] GC(152) Metaspace: 172K(384K)->172K(384K) NonClass: 162K(256K)->162K(256K) Class: 10K(128K)->10K(128K)
[2026-03-25T15:21:08.498+0900][503.459s][info][gc             ] GC(152) Pause Young (Allocation Failure) 159M->145M(197M) 3.566ms
[2026-03-25T15:21:08.499+0900][503.459s][info][gc,cpu         ] GC(152) User=0.00s Sys=0.00s Real=0.01s
[2026-03-25T15:21:13.914+0900][508.875s][info][gc,start       ] GC(153) Pause Young (Allocation Failure)
[2026-03-25T15:21:13.916+0900][508.877s][info][gc,heap        ] GC(153) PSYoungGen: 21466K(24064K)->1628K(24064K) Eden: 17933K(19968K)->0K(19968K) From: 3532K(4096K)->1628K(4096K)
[2026-03-25T15:21:13.916+0900][508.877s][info][gc,heap        ] GC(153) ParOldGen: 145867K(178176K)->145867K(178176K)
[2026-03-25T15:21:13.916+0900][508.877s][info][gc,metaspace   ] GC(153) Metaspace: 172K(384K)->172K(384K) NonClass: 162K(256K)->162K(256K) Class: 10K(128K)->10K(128K)
[2026-03-25T15:21:13.916+0900][508.877s][info][gc             ] GC(153) Pause Young (Allocation Failure) 163M->144M(197M) 1.478ms
[2026-03-25T15:21:13.916+0900][508.877s][info][gc,cpu         ] GC(153) User=0.00s Sys=0.00s Real=0.00s
[2026-03-25T15:21:15.426+0900][510.387s][info][gc,start       ] GC(154) Pause Young (Allocation Failure)
[2026-03-25T15:21:15.427+0900][510.388s][info][gc,heap        ] GC(154) PSYoungGen: 19562K(24064K)->3692K(24064K) Eden: 17933K(19968K)->0K(19968K) From: 1628K(4096K)->3692K(4096K)
[2026-03-25T15:21:15.427+0900][510.388s][info][gc,heap        ] GC(154) ParOldGen: 145867K(178176K)->147407K(178176K)
[2026-03-25T15:21:15.427+0900][510.388s][info][gc,metaspace   ] GC(154) Metaspace: 172K(384K)->172K(384K) NonClass: 162K(256K)->162K(256K) Class: 10K(128K)->10K(128K)
[2026-03-25T15:21:15.427+0900][510.388s][info][gc             ] GC(154) Pause Young (Allocation Failure) 161M->147M(197M) 1.200ms
[2026-03-25T15:21:15.427+0900][510.388s][info][gc,cpu         ] GC(154) User=0.00s Sys=0.00s Real=0.00s
[2026-03-25T15:21:16.081+0900][511.041s][info][gc,start       ] GC(155) Pause Young (Allocation Failure)
[2026-03-25T15:21:16.082+0900][511.043s][info][gc,heap        ] GC(155) PSYoungGen: 21626K(24064K)->3532K(24064K) Eden: 17933K(19968K)->0K(19968K) From: 3692K(4096K)->3532K(4096K)
[2026-03-25T15:21:16.082+0900][511.043s][info][gc,heap        ] GC(155) ParOldGen: 147407K(178176K)->150955K(178176K)
[2026-03-25T15:21:16.082+0900][511.043s][info][gc,metaspace   ] GC(155) Metaspace: 172K(384K)->172K(384K) NonClass: 162K(256K)->162K(256K) Class: 10K(128K)->10K(128K)
[2026-03-25T15:21:16.082+0900][511.043s][info][gc             ] GC(155) Pause Young (Allocation Failure) 165M->150M(197M) 1.631ms
[2026-03-25T15:21:16.083+0900][511.043s][info][gc,cpu         ] GC(155) User=0.00s Sys=0.00s Real=0.00s
[2026-03-25T15:21:16.770+0900][511.730s][info][gc,start       ] GC(156) Pause Young (Allocation Failure)
[2026-03-25T15:21:16.771+0900][511.732s][info][gc,heap        ] GC(156) PSYoungGen: 21466K(24064K)->3532K(24064K) Eden: 17933K(19968K)->0K(19968K) From: 3532K(4096K)->3532K(4096K)
[2026-03-25T15:21:16.771+0900][511.732s][info][gc,heap        ] GC(156) ParOldGen: 150955K(178176K)->154488K(178176K)
[2026-03-25T15:21:16.771+0900][511.732s][info][gc,metaspace   ] GC(156) Metaspace: 172K(384K)->172K(384K) NonClass: 162K(256K)->162K(256K) Class: 10K(128K)->10K(128K)
[2026-03-25T15:21:16.771+0900][511.732s][info][gc             ] GC(156) Pause Young (Allocation Failure) 168M->154M(197M) 1.564ms
[2026-03-25T15:21:16.771+0900][511.732s][info][gc,cpu         ] GC(156) User=0.00s Sys=0.00s Real=0.00s
[2026-03-25T15:21:17.448+0900][512.409s][info][gc,start       ] GC(157) Pause Young (Allocation Failure)
[2026-03-25T15:21:17.449+0900][512.410s][info][gc,heap        ] GC(157) PSYoungGen: 21466K(24064K)->3532K(24064K) Eden: 17933K(19968K)->0K(19968K) From: 3532K(4096K)->3532K(4096K)
[2026-03-25T15:21:17.449+0900][512.410s][info][gc,heap        ] GC(157) ParOldGen: 154488K(178176K)->158029K(178176K)
[2026-03-25T15:21:17.449+0900][512.410s][info][gc,metaspace   ] GC(157) Metaspace: 172K(384K)->172K(384K) NonClass: 162K(256K)->162K(256K) Class: 10K(128K)->10K(128K)
[2026-03-25T15:21:17.449+0900][512.410s][info][gc             ] GC(157) Pause Young (Allocation Failure) 171M->157M(197M) 1.614ms
[2026-03-25T15:21:17.450+0900][512.410s][info][gc,cpu         ] GC(157) User=0.00s Sys=0.00s Real=0.00s
[2026-03-25T15:21:18.221+0900][513.182s][info][gc,start       ] GC(158) Pause Young (Allocation Failure)
[2026-03-25T15:21:18.222+0900][513.183s][info][gc,heap        ] GC(158) PSYoungGen: 21466K(24064K)->3532K(24064K) Eden: 17933K(19968K)->0K(19968K) From: 3532K(4096K)->3532K(4096K)
[2026-03-25T15:21:18.222+0900][513.183s][info][gc,heap        ] GC(158) ParOldGen: 158029K(178176K)->161569K(178176K)
[2026-03-25T15:21:18.222+0900][513.183s][info][gc,metaspace   ] GC(158) Metaspace: 172K(384K)->172K(384K) NonClass: 162K(256K)->162K(256K) Class: 10K(128K)->10K(128K)
[2026-03-25T15:21:18.222+0900][513.183s][info][gc             ] GC(158) Pause Young (Allocation Failure) 175M->161M(197M) 1.414ms
[2026-03-25T15:21:18.222+0900][513.183s][info][gc,cpu         ] GC(158) User=0.00s Sys=0.00s Real=0.00s
[2026-03-25T15:21:18.972+0900][513.933s][info][gc,start       ] GC(159) Pause Young (Allocation Failure)
[2026-03-25T15:21:18.973+0900][513.934s][info][gc,heap        ] GC(159) PSYoungGen: 21466K(24064K)->3532K(24064K) Eden: 17933K(19968K)->0K(19968K) From: 3532K(4096K)->3532K(4096K)
[2026-03-25T15:21:18.973+0900][513.934s][info][gc,heap        ] GC(159) ParOldGen: 161569K(178176K)->165110K(178176K)
[2026-03-25T15:21:18.973+0900][513.935s][info][gc,metaspace   ] GC(159) Metaspace: 172K(384K)->172K(384K) NonClass: 162K(256K)->162K(256K) Class: 10K(128K)->10K(128K)
[2026-03-25T15:21:18.973+0900][513.935s][info][gc             ] GC(159) Pause Young (Allocation Failure) 178M->164M(197M) 1.680ms
[2026-03-25T15:21:18.973+0900][513.935s][info][gc,cpu         ] GC(159) User=0.00s Sys=0.00s Real=0.00s
[2026-03-25T15:21:19.637+0900][514.597s][info][gc,start       ] GC(160) Pause Young (Allocation Failure)
[2026-03-25T15:21:19.638+0900][514.599s][info][gc,heap        ] GC(160) PSYoungGen: 21466K(24064K)->3532K(24064K) Eden: 17933K(19968K)->0K(19968K) From: 3532K(4096K)->3532K(4096K)
[2026-03-25T15:21:19.639+0900][514.599s][info][gc,heap        ] GC(160) ParOldGen: 165110K(178176K)->168650K(178176K)
[2026-03-25T15:21:19.639+0900][514.599s][info][gc,metaspace   ] GC(160) Metaspace: 172K(384K)->172K(384K) NonClass: 162K(256K)->162K(256K) Class: 10K(128K)->10K(128K)
[2026-03-25T15:21:19.639+0900][514.599s][info][gc             ] GC(160) Pause Young (Allocation Failure) 182M->168M(197M) 1.723ms
[2026-03-25T15:21:19.639+0900][514.599s][info][gc,cpu         ] GC(160) User=0.00s Sys=0.00s Real=0.00s
[2026-03-25T15:21:20.316+0900][515.277s][info][gc,start       ] GC(161) Pause Young (Allocation Failure)
[2026-03-25T15:21:20.317+0900][515.279s][info][gc,heap        ] GC(161) PSYoungGen: 21466K(24064K)->3532K(24064K) Eden: 17933K(19968K)->0K(19968K) From: 3532K(4096K)->3532K(4096K)
[2026-03-25T15:21:20.317+0900][515.279s][info][gc,heap        ] GC(161) ParOldGen: 168650K(178176K)->172199K(178176K)
[2026-03-25T15:21:20.317+0900][515.279s][info][gc,metaspace   ] GC(161) Metaspace: 172K(384K)->172K(384K) NonClass: 162K(256K)->162K(256K) Class: 10K(128K)->10K(128K)
[2026-03-25T15:21:20.317+0900][515.279s][info][gc             ] GC(161) Pause Young (Allocation Failure) 185M->171M(197M) 1.660ms
[2026-03-25T15:21:20.317+0900][515.279s][info][gc,cpu         ] GC(161) User=0.00s Sys=0.00s Real=0.00s
[2026-03-25T15:21:20.958+0900][515.919s][info][gc,start       ] GC(162) Pause Young (Allocation Failure)
[2026-03-25T15:21:20.959+0900][515.920s][info][gc,heap        ] GC(162) PSYoungGen: 21466K(24064K)->3532K(24064K) Eden: 17933K(19968K)->0K(19968K) From: 3532K(4096K)->3532K(4096K)
[2026-03-25T15:21:20.960+0900][515.920s][info][gc,heap        ] GC(162) ParOldGen: 172199K(178176K)->175731K(178176K)
[2026-03-25T15:21:20.960+0900][515.920s][info][gc,metaspace   ] GC(162) Metaspace: 172K(384K)->172K(384K) NonClass: 162K(256K)->162K(256K) Class: 10K(128K)->10K(128K)
[2026-03-25T15:21:20.960+0900][515.921s][info][gc             ] GC(162) Pause Young (Allocation Failure) 189M->175M(197M) 1.866ms
[2026-03-25T15:21:20.960+0900][515.921s][info][gc,cpu         ] GC(162) User=0.00s Sys=0.00s Real=0.00s
[2026-03-25T15:21:20.960+0900][515.921s][info][gc,start       ] GC(163) Pause Full (Ergonomics)
[2026-03-25T15:21:20.960+0900][515.921s][info][gc,phases,start] GC(163) Marking Phase
[2026-03-25T15:21:20.960+0900][515.921s][info][gc,phases      ] GC(163) Marking Phase 0.755ms
[2026-03-25T15:21:20.961+0900][515.921s][info][gc,phases,start] GC(163) Summary Phase
[2026-03-25T15:21:20.961+0900][515.921s][info][gc,phases      ] GC(163) Summary Phase 0.032ms
[2026-03-25T15:21:20.961+0900][515.921s][info][gc,phases,start] GC(163) Adjust Roots
[2026-03-25T15:21:20.961+0900][515.922s][info][gc,phases      ] GC(163) Adjust Roots 0.211ms
[2026-03-25T15:21:20.961+0900][515.922s][info][gc,phases,start] GC(163) Compaction Phase
[2026-03-25T15:21:20.962+0900][515.923s][info][gc,phases      ] GC(163) Compaction Phase 1.542ms
[2026-03-25T15:21:20.962+0900][515.923s][info][gc,phases,start] GC(163) Post Compact
[2026-03-25T15:21:20.964+0900][515.924s][info][gc,phases      ] GC(163) Post Compact 1.068ms
[2026-03-25T15:21:20.971+0900][515.932s][info][gc,heap        ] GC(163) PSYoungGen: 3532K(24064K)->0K(24064K) Eden: 0K(19968K)->0K(19968K) From: 3532K(4096K)->0K(4096K)
[2026-03-25T15:21:20.971+0900][515.932s][info][gc,heap        ] GC(163) ParOldGen: 175731K(178176K)->33695K(113152K)
[2026-03-25T15:21:20.971+0900][515.932s][info][gc,metaspace   ] GC(163) Metaspace: 172K(384K)->172K(384K) NonClass: 162K(256K)->162K(256K) Class: 10K(128K)->10K(128K)
[2026-03-25T15:21:20.971+0900][515.932s][info][gc             ] GC(163) Pause Full (Ergonomics) 175M->32M(134M) 11.107ms
[2026-03-25T15:21:20.971+0900][515.932s][info][gc,cpu         ] GC(163) User=0.00s Sys=0.00s Real=0.01s
[2026-03-25T15:21:21.602+0900][516.563s][info][gc,start       ] GC(164) Pause Young (Allocation Failure)
[2026-03-25T15:21:21.602+0900][516.564s][info][gc,heap        ] GC(164) PSYoungGen: 17933K(24064K)->3596K(24064K) Eden: 17933K(19968K)->0K(19968K) From: 0K(4096K)->3596K(4096K)
[2026-03-25T15:21:21.602+0900][516.564s][info][gc,heap        ] GC(164) ParOldGen: 33695K(113152K)->33695K(113152K)
[2026-03-25T15:21:21.602+0900][516.564s][info][gc,metaspace   ] GC(164) Metaspace: 172K(384K)->172K(384K) NonClass: 162K(256K)->162K(256K) Class: 10K(128K)->10K(128K)
[2026-03-25T15:21:21.602+0900][516.564s][info][gc             ] GC(164) Pause Young (Allocation Failure) 50M->36M(134M) 0.638ms
[2026-03-25T15:21:21.602+0900][516.564s][info][gc,cpu         ] GC(164) User=0.00s Sys=0.00s Real=0.00s
[2026-03-25T15:21:22.254+0900][517.215s][info][gc,start       ] GC(165) Pause Young (Allocation Failure)
[2026-03-25T15:21:22.255+0900][517.215s][info][gc,heap        ] GC(165) PSYoungGen: 21528K(24064K)->3660K(24064K) Eden: 17931K(19968K)->0K(19968K) From: 3596K(4096K)->3660K(4096K)
[2026-03-25T15:21:22.255+0900][517.215s][info][gc,heap        ] GC(165) ParOldGen: 33695K(113152K)->37228K(113152K)
[2026-03-25T15:21:22.255+0900][517.215s][info][gc,metaspace   ] GC(165) Metaspace: 172K(384K)->172K(384K) NonClass: 162K(256K)->162K(256K) Class: 10K(128K)->10K(128K)
[2026-03-25T15:21:22.255+0900][517.215s][info][gc             ] GC(165) Pause Young (Allocation Failure) 53M->39M(134M) 0.804ms
[2026-03-25T15:21:22.255+0900][517.215s][info][gc,cpu         ] GC(165) User=0.00s Sys=0.00s Real=0.00s
[2026-03-25T15:21:22.907+0900][517.867s][info][gc,start       ] GC(166) Pause Young (Allocation Failure)
[2026-03-25T15:21:22.907+0900][517.868s][info][gc,heap        ] GC(166) PSYoungGen: 21592K(24064K)->3596K(24064K) Eden: 17932K(19968K)->0K(19968K) From: 3660K(4096K)->3596K(4096K)
[2026-03-25T15:21:22.907+0900][517.868s][info][gc,heap        ] GC(166) ParOldGen: 37228K(113152K)->40744K(113152K)
[2026-03-25T15:21:22.907+0900][517.868s][info][gc,metaspace   ] GC(166) Metaspace: 172K(384K)->172K(384K) NonClass: 162K(256K)->162K(256K) Class: 10K(128K)->10K(128K)
[2026-03-25T15:21:22.908+0900][517.868s][info][gc             ] GC(166) Pause Young (Allocation Failure) 57M->43M(134M) 0.824ms
[2026-03-25T15:21:22.908+0900][517.868s][info][gc,cpu         ] GC(166) User=0.00s Sys=0.00s Real=0.00s
[2026-03-25T15:21:23.571+0900][518.532s][info][gc,start       ] GC(167) Pause Young (Allocation Failure)
[2026-03-25T15:21:23.572+0900][518.532s][info][gc,heap        ] GC(167) PSYoungGen: 21529K(24064K)->3628K(24064K) Eden: 17932K(19968K)->0K(19968K) From: 3596K(4096K)->3628K(4096K)
[2026-03-25T15:21:23.572+0900][518.533s][info][gc,heap        ] GC(167) ParOldGen: 40744K(113152K)->44269K(113152K)
[2026-03-25T15:21:23.572+0900][518.533s][info][gc,metaspace   ] GC(167) Metaspace: 172K(384K)->172K(384K) NonClass: 162K(256K)->162K(256K) Class: 10K(128K)->10K(128K)
[2026-03-25T15:21:23.572+0900][518.533s][info][gc             ] GC(167) Pause Young (Allocation Failure) 60M->46M(134M) 0.877ms
[2026-03-25T15:21:23.572+0900][518.533s][info][gc,cpu         ] GC(167) User=0.00s Sys=0.00s Real=0.00s
[2026-03-25T15:21:24.259+0900][519.220s][info][gc,start       ] GC(168) Pause Young (Allocation Failure)
[2026-03-25T15:21:24.259+0900][519.221s][info][gc,heap        ] GC(168) PSYoungGen: 21561K(24064K)->3724K(24064K) Eden: 17933K(19968K)->0K(19968K) From: 3628K(4096K)->3724K(4096K)
[2026-03-25T15:21:24.260+0900][519.221s][info][gc,heap        ] GC(168) ParOldGen: 44269K(113152K)->47817K(113152K)
[2026-03-25T15:21:24.260+0900][519.221s][info][gc,metaspace   ] GC(168) Metaspace: 172K(384K)->172K(384K) NonClass: 162K(256K)->162K(256K) Class: 10K(128K)->10K(128K)
[2026-03-25T15:21:24.260+0900][519.221s][info][gc             ] GC(168) Pause Young (Allocation Failure) 64M->50M(134M) 0.877ms
[2026-03-25T15:21:24.260+0900][519.221s][info][gc,cpu         ] GC(168) User=0.00s Sys=0.00s Real=0.00s
[2026-03-25T15:21:24.973+0900][519.933s][info][gc,start       ] GC(169) Pause Young (Allocation Failure)
[2026-03-25T15:21:24.973+0900][519.934s][info][gc,heap        ] GC(169) PSYoungGen: 21657K(24064K)->3724K(24064K) Eden: 17933K(19968K)->0K(19968K) From: 3724K(4096K)->3724K(4096K)
[2026-03-25T15:21:24.973+0900][519.934s][info][gc,heap        ] GC(169) ParOldGen: 47817K(113152K)->51366K(113152K)
[2026-03-25T15:21:24.974+0900][519.934s][info][gc,metaspace   ] GC(169) Metaspace: 172K(384K)->172K(384K) NonClass: 162K(256K)->162K(256K) Class: 10K(128K)->10K(128K)
[2026-03-25T15:21:24.974+0900][519.934s][info][gc             ] GC(169) Pause Young (Allocation Failure) 67M->53M(134M) 0.740ms
[2026-03-25T15:21:24.974+0900][519.934s][info][gc,cpu         ] GC(169) User=0.00s Sys=0.00s Real=0.00s
[2026-03-25T15:21:25.685+0900][520.646s][info][gc,start       ] GC(170) Pause Young (Allocation Failure)
[2026-03-25T15:21:25.685+0900][520.646s][info][gc,heap        ] GC(170) PSYoungGen: 21658K(24064K)->3692K(24064K) Eden: 17933K(19968K)->0K(19968K) From: 3724K(4096K)->3692K(4096K)
[2026-03-25T15:21:25.686+0900][520.646s][info][gc,heap        ] GC(170) ParOldGen: 51366K(113152K)->54906K(113152K)
[2026-03-25T15:21:25.686+0900][520.646s][info][gc,metaspace   ] GC(170) Metaspace: 172K(384K)->172K(384K) NonClass: 162K(256K)->162K(256K) Class: 10K(128K)->10K(128K)
[2026-03-25T15:21:25.686+0900][520.646s][info][gc             ] GC(170) Pause Young (Allocation Failure) 71M->57M(134M) 0.785ms
[2026-03-25T15:21:25.686+0900][520.646s][info][gc,cpu         ] GC(170) User=0.00s Sys=0.00s Real=0.00s
[2026-03-25T15:21:26.368+0900][521.329s][info][gc,start       ] GC(171) Pause Young (Allocation Failure)
[2026-03-25T15:21:26.369+0900][521.330s][info][gc,heap        ] GC(171) PSYoungGen: 21626K(24064K)->3724K(24064K) Eden: 17933K(19968K)->0K(19968K) From: 3692K(4096K)->3724K(4096K)
[2026-03-25T15:21:26.369+0900][521.330s][info][gc,heap        ] GC(171) ParOldGen: 54906K(113152K)->58455K(113152K)
[2026-03-25T15:21:26.369+0900][521.330s][info][gc,metaspace   ] GC(171) Metaspace: 172K(384K)->172K(384K) NonClass: 162K(256K)->162K(256K) Class: 10K(128K)->10K(128K)
[2026-03-25T15:21:26.369+0900][521.330s][info][gc             ] GC(171) Pause Young (Allocation Failure) 74M->60M(134M) 0.834ms
[2026-03-25T15:21:26.369+0900][521.330s][info][gc,cpu         ] GC(171) User=0.00s Sys=0.00s Real=0.00s
[2026-03-25T15:21:27.010+0900][521.971s][info][gc,start       ] GC(172) Pause Young (Allocation Failure)
[2026-03-25T15:21:27.011+0900][521.972s][info][gc,heap        ] GC(172) PSYoungGen: 21658K(24064K)->3596K(24064K) Eden: 17933K(19968K)->0K(19968K) From: 3724K(4096K)->3596K(4096K)
[2026-03-25T15:21:27.011+0900][521.972s][info][gc,heap        ] GC(172) ParOldGen: 58455K(113152K)->61972K(113152K)
[2026-03-25T15:21:27.011+0900][521.972s][info][gc,metaspace   ] GC(172) Metaspace: 172K(384K)->172K(384K) NonClass: 162K(256K)->162K(256K) Class: 10K(128K)->10K(128K)
[2026-03-25T15:21:27.011+0900][521.972s][info][gc             ] GC(172) Pause Young (Allocation Failure) 78M->64M(134M) 0.937ms
[2026-03-25T15:21:27.011+0900][521.972s][info][gc,cpu         ] GC(172) User=0.00s Sys=0.00s Real=0.00s
[2026-03-25T15:21:27.714+0900][522.675s][info][gc,start       ] GC(173) Pause Young (Allocation Failure)
[2026-03-25T15:21:27.715+0900][522.675s][info][gc,heap        ] GC(173) PSYoungGen: 21530K(24064K)->3596K(24064K) Eden: 17933K(19968K)->0K(19968K) From: 3596K(4096K)->3596K(4096K)
[2026-03-25T15:21:27.715+0900][522.676s][info][gc,heap        ] GC(173) ParOldGen: 61972K(113152K)->65488K(113152K)
[2026-03-25T15:21:27.715+0900][522.676s][info][gc,metaspace   ] GC(173) Metaspace: 172K(384K)->172K(384K) NonClass: 162K(256K)->162K(256K) Class: 10K(128K)->10K(128K)
[2026-03-25T15:21:27.715+0900][522.676s][info][gc             ] GC(173) Pause Young (Allocation Failure) 81M->67M(134M) 0.958ms
[2026-03-25T15:21:27.715+0900][522.676s][info][gc,cpu         ] GC(173) User=0.00s Sys=0.00s Real=0.00s
[2026-03-25T15:21:28.422+0900][523.382s][info][gc,start       ] GC(174) Pause Young (Allocation Failure)
[2026-03-25T15:21:28.422+0900][523.383s][info][gc,heap        ] GC(174) PSYoungGen: 21530K(24064K)->3692K(24064K) Eden: 17933K(19968K)->0K(19968K) From: 3596K(4096K)->3692K(4096K)
[2026-03-25T15:21:28.422+0900][523.383s][info][gc,heap        ] GC(174) ParOldGen: 65488K(113152K)->69029K(113152K)
[2026-03-25T15:21:28.422+0900][523.383s][info][gc,metaspace   ] GC(174) Metaspace: 172K(384K)->172K(384K) NonClass: 162K(256K)->162K(256K) Class: 10K(128K)->10K(128K)
[2026-03-25T15:21:28.422+0900][523.383s][info][gc             ] GC(174) Pause Young (Allocation Failure) 84M->71M(134M) 0.696ms
[2026-03-25T15:21:28.422+0900][523.383s][info][gc,cpu         ] GC(174) User=0.00s Sys=0.00s Real=0.00s
[2026-03-25T15:21:29.105+0900][524.066s][info][gc,start       ] GC(175) Pause Young (Allocation Failure)
[2026-03-25T15:21:29.105+0900][524.067s][info][gc,heap        ] GC(175) PSYoungGen: 21626K(24064K)->3628K(24064K) Eden: 17933K(19968K)->0K(19968K) From: 3692K(4096K)->3628K(4096K)
[2026-03-25T15:21:29.105+0900][524.067s][info][gc,heap        ] GC(175) ParOldGen: 69029K(113152K)->72553K(113152K)
[2026-03-25T15:21:29.105+0900][524.067s][info][gc,metaspace   ] GC(175) Metaspace: 172K(384K)->172K(384K) NonClass: 162K(256K)->162K(256K) Class: 10K(128K)->10K(128K)
[2026-03-25T15:21:29.105+0900][524.067s][info][gc             ] GC(175) Pause Young (Allocation Failure) 88M->74M(134M) 0.741ms
[2026-03-25T15:21:29.105+0900][524.067s][info][gc,cpu         ] GC(175) User=0.00s Sys=0.00s Real=0.00s
[2026-03-25T15:21:29.794+0900][524.754s][info][gc,start       ] GC(176) Pause Young (Allocation Failure)
[2026-03-25T15:21:29.794+0900][524.755s][info][gc,heap        ] GC(176) PSYoungGen: 21562K(24064K)->3724K(24064K) Eden: 17933K(19968K)->0K(19968K) From: 3628K(4096K)->3724K(4096K)
[2026-03-25T15:21:29.794+0900][524.755s][info][gc,heap        ] GC(176) ParOldGen: 72553K(113152K)->76102K(113152K)
[2026-03-25T15:21:29.794+0900][524.755s][info][gc,metaspace   ] GC(176) Metaspace: 172K(384K)->172K(384K) NonClass: 162K(256K)->162K(256K) Class: 10K(128K)->10K(128K)
[2026-03-25T15:21:29.794+0900][524.755s][info][gc             ] GC(176) Pause Young (Allocation Failure) 91M->77M(134M) 0.730ms
[2026-03-25T15:21:29.794+0900][524.755s][info][gc,cpu         ] GC(176) User=0.00s Sys=0.00s Real=0.00s
[2026-03-25T15:21:30.504+0900][525.464s][info][gc,start       ] GC(177) Pause Young (Allocation Failure)
[2026-03-25T15:21:30.504+0900][525.465s][info][gc,heap        ] GC(177) PSYoungGen: 21658K(24064K)->3692K(24064K) Eden: 17933K(19968K)->0K(19968K) From: 3724K(4096K)->3692K(4096K)
[2026-03-25T15:21:30.505+0900][525.465s][info][gc,heap        ] GC(177) ParOldGen: 76102K(113152K)->79642K(113152K)
[2026-03-25T15:21:30.505+0900][525.465s][info][gc,metaspace   ] GC(177) Metaspace: 172K(384K)->172K(384K) NonClass: 162K(256K)->162K(256K) Class: 10K(128K)->10K(128K)
[2026-03-25T15:21:30.505+0900][525.465s][info][gc             ] GC(177) Pause Young (Allocation Failure) 95M->81M(134M) 0.783ms
[2026-03-25T15:21:30.505+0900][525.465s][info][gc,cpu         ] GC(177) User=0.00s Sys=0.00s Real=0.00s
[2026-03-25T15:21:31.186+0900][526.147s][info][gc,start       ] GC(178) Pause Young (Allocation Failure)
[2026-03-25T15:21:31.186+0900][526.148s][info][gc,heap        ] GC(178) PSYoungGen: 21626K(24064K)->3628K(24064K) Eden: 17933K(19968K)->0K(19968K) From: 3692K(4096K)->3628K(4096K)
[2026-03-25T15:21:31.187+0900][526.148s][info][gc,heap        ] GC(178) ParOldGen: 79642K(113152K)->83167K(113152K)
[2026-03-25T15:21:31.187+0900][526.148s][info][gc,metaspace   ] GC(178) Metaspace: 172K(384K)->172K(384K) NonClass: 162K(256K)->162K(256K) Class: 10K(128K)->10K(128K)
[2026-03-25T15:21:31.187+0900][526.148s][info][gc             ] GC(178) Pause Young (Allocation Failure) 98M->84M(134M) 0.776ms
[2026-03-25T15:21:31.187+0900][526.148s][info][gc,cpu         ] GC(178) User=0.00s Sys=0.00s Real=0.00s
[2026-03-25T15:21:31.830+0900][526.791s][info][gc,start       ] GC(179) Pause Young (Allocation Failure)
[2026-03-25T15:21:31.831+0900][526.792s][info][gc,heap        ] GC(179) PSYoungGen: 21562K(24064K)->3660K(24064K) Eden: 17933K(19968K)->0K(19968K) From: 3628K(4096K)->3660K(4096K)
[2026-03-25T15:21:31.831+0900][526.792s][info][gc,heap        ] GC(179) ParOldGen: 83167K(113152K)->86699K(113152K)
[2026-03-25T15:21:31.831+0900][526.792s][info][gc,metaspace   ] GC(179) Metaspace: 172K(384K)->172K(384K) NonClass: 162K(256K)->162K(256K) Class: 10K(128K)->10K(128K)
[2026-03-25T15:21:31.831+0900][526.792s][info][gc             ] GC(179) Pause Young (Allocation Failure) 102M->88M(134M) 0.930ms
[2026-03-25T15:21:31.831+0900][526.792s][info][gc,cpu         ] GC(179) User=0.00s Sys=0.00s Real=0.00s
[2026-03-25T15:21:32.507+0900][527.468s][info][gc,start       ] GC(180) Pause Young (Allocation Failure)
[2026-03-25T15:21:32.508+0900][527.469s][info][gc,heap        ] GC(180) PSYoungGen: 21594K(24064K)->3692K(24064K) Eden: 17933K(19968K)->0K(19968K) From: 3660K(4096K)->3692K(4096K)
[2026-03-25T15:21:32.508+0900][527.469s][info][gc,heap        ] GC(180) ParOldGen: 86699K(113152K)->90240K(113152K)
[2026-03-25T15:21:32.508+0900][527.469s][info][gc,metaspace   ] GC(180) Metaspace: 172K(384K)->172K(384K) NonClass: 162K(256K)->162K(256K) Class: 10K(128K)->10K(128K)
[2026-03-25T15:21:32.508+0900][527.469s][info][gc             ] GC(180) Pause Young (Allocation Failure) 105M->91M(134M) 0.867ms
[2026-03-25T15:21:32.508+0900][527.469s][info][gc,cpu         ] GC(180) User=0.00s Sys=0.00s Real=0.00s
[2026-03-25T15:21:33.195+0900][528.156s][info][gc,start       ] GC(181) Pause Young (Allocation Failure)
[2026-03-25T15:21:33.196+0900][528.157s][info][gc,heap        ] GC(181) PSYoungGen: 21626K(24064K)->3692K(24064K) Eden: 17933K(19968K)->0K(19968K) From: 3692K(4096K)->3692K(4096K)
[2026-03-25T15:21:33.196+0900][528.157s][info][gc,heap        ] GC(181) ParOldGen: 90240K(113152K)->93781K(113152K)
[2026-03-25T15:21:33.196+0900][528.157s][info][gc,metaspace   ] GC(181) Metaspace: 172K(384K)->172K(384K) NonClass: 162K(256K)->162K(256K) Class: 10K(128K)->10K(128K)
[2026-03-25T15:21:33.196+0900][528.157s][info][gc             ] GC(181) Pause Young (Allocation Failure) 109M->95M(134M) 0.970ms
[2026-03-25T15:21:33.196+0900][528.157s][info][gc,cpu         ] GC(181) User=0.00s Sys=0.00s Real=0.00s
[2026-03-25T15:21:33.891+0900][528.852s][info][gc,heap,exit   ] Heap
[2026-03-25T15:21:33.891+0900][528.852s][info][gc,heap,exit   ]  PSYoungGen      total 24064K, used 21926K [0x00000000f0000000, 0x00000000f1b80000, 0x0000000100000000)
[2026-03-25T15:21:33.891+0900][528.852s][info][gc,heap,exit   ]   eden space 19968K, 91% used [0x00000000f0000000,0x00000000f11ce620,0x00000000f1380000)
[2026-03-25T15:21:33.891+0900][528.852s][info][gc,heap,exit   ]   from space 4096K, 90% used [0x00000000f1780000,0x00000000f1b1b230,0x00000000f1b80000)
[2026-03-25T15:21:33.891+0900][528.852s][info][gc,heap,exit   ]   to   space 4096K, 0% used [0x00000000f1380000,0x00000000f1380000,0x00000000f1780000)
[2026-03-25T15:21:33.891+0900][528.852s][info][gc,heap,exit   ]  ParOldGen       total 113152K, used 93781K [0x00000000e0000000, 0x00000000e6e80000, 0x00000000f0000000)
[2026-03-25T15:21:33.891+0900][528.852s][info][gc,heap,exit   ]   object space 113152K, 82% used [0x00000000e0000000,0x00000000e5b95408,0x00000000e6e80000)
[2026-03-25T15:21:33.891+0900][528.852s][info][gc,heap,exit   ]  Metaspace       used 175K, committed 384K, reserved 1114112K
[2026-03-25T15:21:33.891+0900][528.852s][info][gc,heap,exit   ]   class space    used 10K, committed 128K, reserved 1048576K
