[2026-03-27T14:01:51.138+0900][0.009s][info][gc,init] CardTable entry size: 512
[2026-03-27T14:01:51.138+0900][0.009s][info][gc     ] Using Parallel
[2026-03-27T14:01:51.138+0900][0.010s][info][gc,init] Version: 18.0.2.1+1-1 (release)
[2026-03-27T14:01:51.138+0900][0.010s][info][gc,init] CPUs: 8 total, 8 available
[2026-03-27T14:01:51.138+0900][0.010s][info][gc,init] Memory: 16057M
[2026-03-27T14:01:51.138+0900][0.010s][info][gc,init] Large Page Support: Disabled
[2026-03-27T14:01:51.138+0900][0.010s][info][gc,init] NUMA Support: Disabled
[2026-03-27T14:01:51.138+0900][0.010s][info][gc,init] Compressed Oops: Enabled (32-bit)
[2026-03-27T14:01:51.159+0900][0.019s][info][gc,init] Alignments: Space 512K, Generation 512K, Heap 2M
[2026-03-27T14:01:51.159+0900][0.019s][info][gc,init] Heap Min Capacity: 256M
[2026-03-27T14:01:51.159+0900][0.019s][info][gc,init] Heap Initial Capacity: 256M
[2026-03-27T14:01:51.159+0900][0.019s][info][gc,init] Heap Max Capacity: 512M
[2026-03-27T14:01:51.159+0900][0.019s][info][gc,init] Pre-touch: Disabled
[2026-03-27T14:01:51.159+0900][0.019s][info][gc,init] Parallel Workers: 8
[2026-03-27T14:01:51.159+0900][0.021s][info][gc,metaspace] CDS archive(s) mapped at: [0x0000000800000000-0x0000000800ba0000-0x0000000800ba0000), size 12189696, SharedBaseAddress: 0x0000000800000000, ArchiveRelocationMode: 0.
[2026-03-27T14:01:51.159+0900][0.021s][info][gc,metaspace] Compressed class space mapped at: 0x0000000800c00000-0x0000000840c00000, reserved size: 1073741824
[2026-03-27T14:01:51.159+0900][0.021s][info][gc,metaspace] Narrow klass base: 0x0000000800000000, Narrow klass shift: 0, Narrow klass range: 0x100000000
[2026-03-27T14:01:56.620+0900][5.480s][info][gc,start    ] GC(0) Pause Young (Allocation Failure)
[2026-03-27T14:01:56.620+0900][5.482s][info][gc,heap     ] GC(0) PSYoungGen: 65374K(76288K)->10537K(76288K) Eden: 65374K(65536K)->0K(65536K) From: 0K(10752K)->10537K(10752K)
[2026-03-27T14:01:56.620+0900][5.483s][info][gc,heap     ] GC(0) ParOldGen: 0K(175104K)->8200K(175104K)
[2026-03-27T14:01:56.620+0900][5.483s][info][gc,metaspace] GC(0) Metaspace: 165K(384K)->165K(384K) NonClass: 155K(256K)->155K(256K) Class: 9K(128K)->9K(128K)
[2026-03-27T14:01:56.620+0900][5.483s][info][gc          ] GC(0) Pause Young (Allocation Failure) 63M->18M(245M) 2.586ms
[2026-03-27T14:01:56.620+0900][5.483s][info][gc,cpu      ] GC(0) User=0.00s Sys=0.00s Real=0.00s
[2026-03-27T14:02:02.381+0900][11.241s][info][gc,start    ] GC(1) Pause Young (Allocation Failure)
[2026-03-27T14:02:02.385+0900][11.247s][info][gc,heap     ] GC(1) PSYoungGen: 75298K(76288K)->10547K(76288K) Eden: 64760K(65536K)->0K(65536K) From: 10537K(10752K)->10547K(10752K)
[2026-03-27T14:02:02.385+0900][11.247s][info][gc,heap     ] GC(1) ParOldGen: 8200K(175104K)->26632K(175104K)
[2026-03-27T14:02:02.385+0900][11.247s][info][gc,metaspace] GC(1) Metaspace: 165K(384K)->165K(384K) NonClass: 155K(256K)->155K(256K) Class: 9K(128K)->9K(128K)
[2026-03-27T14:02:02.385+0900][11.247s][info][gc          ] GC(1) Pause Young (Allocation Failure) 81M->36M(245M) 5.650ms
[2026-03-27T14:02:02.385+0900][11.247s][info][gc,cpu      ] GC(1) User=0.00s Sys=0.00s Real=0.00s
[2026-03-27T14:02:08.083+0900][16.943s][info][gc,start    ] GC(2) Pause Young (Allocation Failure)
[2026-03-27T14:02:08.087+0900][16.947s][info][gc,heap     ] GC(2) PSYoungGen: 75318K(76288K)->10489K(76288K) Eden: 64771K(65536K)->0K(65536K) From: 10547K(10752K)->10489K(10752K)
[2026-03-27T14:02:08.087+0900][16.947s][info][gc,heap     ] GC(2) ParOldGen: 26632K(175104K)->45072K(175104K)
[2026-03-27T14:02:08.087+0900][16.947s][info][gc,metaspace] GC(2) Metaspace: 165K(384K)->165K(384K) NonClass: 156K(256K)->156K(256K) Class: 9K(128K)->9K(128K)
[2026-03-27T14:02:08.087+0900][16.947s][info][gc          ] GC(2) Pause Young (Allocation Failure) 99M->54M(245M) 4.231ms
[2026-03-27T14:02:08.087+0900][16.947s][info][gc,cpu      ] GC(2) User=0.00s Sys=0.00s Real=0.00s
[2026-03-27T14:02:13.610+0900][22.470s][info][gc,start    ] GC(3) Pause Young (Allocation Failure)
[2026-03-27T14:02:13.610+0900][22.474s][info][gc,heap     ] GC(3) PSYoungGen: 75269K(76288K)->10531K(76288K) Eden: 64779K(65536K)->0K(65536K) From: 10489K(10752K)->10531K(10752K)
[2026-03-27T14:02:13.610+0900][22.475s][info][gc,heap     ] GC(3) ParOldGen: 45072K(175104K)->63504K(175104K)
[2026-03-27T14:02:13.610+0900][22.475s][info][gc,metaspace] GC(3) Metaspace: 165K(384K)->165K(384K) NonClass: 156K(256K)->156K(256K) Class: 9K(128K)->9K(128K)
[2026-03-27T14:02:13.610+0900][22.475s][info][gc          ] GC(3) Pause Young (Allocation Failure) 117M->72M(245M) 4.515ms
[2026-03-27T14:02:13.610+0900][22.475s][info][gc,cpu      ] GC(3) User=0.00s Sys=0.08s Real=0.00s
[2026-03-27T14:02:19.289+0900][28.149s][info][gc,start    ] GC(4) Pause Young (Allocation Failure)
[2026-03-27T14:02:19.294+0900][28.155s][info][gc,heap     ] GC(4) PSYoungGen: 75316K(76288K)->10489K(74752K) Eden: 64785K(65536K)->0K(64000K) From: 10531K(10752K)->10489K(10752K)
[2026-03-27T14:02:19.294+0900][28.155s][info][gc,heap     ] GC(4) ParOldGen: 63504K(175104K)->81937K(175104K)
[2026-03-27T14:02:19.294+0900][28.155s][info][gc,metaspace] GC(4) Metaspace: 165K(384K)->165K(384K) NonClass: 156K(256K)->156K(256K) Class: 9K(128K)->9K(128K)
[2026-03-27T14:02:19.294+0900][28.155s][info][gc          ] GC(4) Pause Young (Allocation Failure) 135M->90M(244M) 5.944ms
[2026-03-27T14:02:19.294+0900][28.155s][info][gc,cpu      ] GC(4) User=0.00s Sys=0.00s Real=0.00s
[2026-03-27T14:02:24.822+0900][33.682s][info][gc,start    ] GC(5) Pause Young (Allocation Failure)
[2026-03-27T14:02:24.822+0900][33.687s][info][gc,heap     ] GC(5) PSYoungGen: 74223K(74752K)->9017K(71680K) Eden: 63734K(64000K)->0K(62464K) From: 10489K(10752K)->9017K(9216K)
[2026-03-27T14:02:24.822+0900][33.687s][info][gc,heap     ] GC(5) ParOldGen: 81937K(175104K)->101393K(175104K)
[2026-03-27T14:02:24.822+0900][33.687s][info][gc,metaspace] GC(5) Metaspace: 165K(384K)->165K(384K) NonClass: 156K(256K)->156K(256K) Class: 9K(128K)->9K(128K)
[2026-03-27T14:02:24.822+0900][33.687s][info][gc          ] GC(5) Pause Young (Allocation Failure) 152M->107M(241M) 4.376ms
[2026-03-27T14:02:24.822+0900][33.687s][info][gc,cpu      ] GC(5) User=0.00s Sys=0.00s Real=0.00s
[2026-03-27T14:02:30.302+0900][39.161s][info][gc,start    ] GC(6) Pause Young (Allocation Failure)
[2026-03-27T14:02:30.302+0900][39.164s][info][gc,heap     ] GC(6) PSYoungGen: 71187K(71680K)->10912K(72704K) Eden: 62169K(62464K)->0K(61440K) From: 9017K(9216K)->10912K(11264K)
[2026-03-27T14:02:30.302+0900][39.164s][info][gc,heap     ] GC(6) ParOldGen: 101393K(175104K)->117528K(175104K)
[2026-03-27T14:02:30.302+0900][39.164s][info][gc,metaspace] GC(6) Metaspace: 165K(384K)->165K(384K) NonClass: 156K(256K)->156K(256K) Class: 9K(128K)->9K(128K)
[2026-03-27T14:02:30.302+0900][39.164s][info][gc          ] GC(6) Pause Young (Allocation Failure) 168M->125M(242M) 2.196ms
[2026-03-27T14:02:30.302+0900][39.164s][info][gc,cpu      ] GC(6) User=0.00s Sys=0.00s Real=0.00s
[2026-03-27T14:02:35.747+0900][44.608s][info][gc,start    ] GC(7) Pause Young (Allocation Failure)
[2026-03-27T14:02:35.752+0900][44.613s][info][gc,heap     ] GC(7) PSYoungGen: 72039K(72704K)->8864K(70144K) Eden: 61127K(61440K)->0K(60416K) From: 10912K(11264K)->8864K(9728K)
[2026-03-27T14:02:35.752+0900][44.613s][info][gc,heap     ] GC(7) ParOldGen: 117528K(175104K)->136993K(175104K)
[2026-03-27T14:02:35.752+0900][44.613s][info][gc,metaspace] GC(7) Metaspace: 165K(384K)->165K(384K) NonClass: 156K(256K)->156K(256K) Class: 9K(128K)->9K(128K)
[2026-03-27T14:02:35.752+0900][44.613s][info][gc          ] GC(7) Pause Young (Allocation Failure) 185M->142M(239M) 5.241ms
[2026-03-27T14:02:35.752+0900][44.613s][info][gc,cpu      ] GC(7) User=0.00s Sys=0.00s Real=0.01s
[2026-03-27T14:02:41.127+0900][49.987s][info][gc,start    ] GC(8) Pause Young (Allocation Failure)
[2026-03-27T14:02:41.130+0900][49.992s][info][gc,heap     ] GC(8) PSYoungGen: 68948K(70144K)->11424K(71168K) Eden: 60083K(60416K)->0K(59392K) From: 8864K(9728K)->11424K(11776K)
[2026-03-27T14:02:41.130+0900][49.992s][info][gc,heap     ] GC(8) ParOldGen: 136993K(175104K)->151345K(175104K)
[2026-03-27T14:02:41.130+0900][49.992s][info][gc,metaspace] GC(8) Metaspace: 165K(384K)->165K(384K) NonClass: 156K(256K)->156K(256K) Class: 9K(128K)->9K(128K)
[2026-03-27T14:02:41.130+0900][49.992s][info][gc          ] GC(8) Pause Young (Allocation Failure) 201M->158M(240M) 5.035ms
[2026-03-27T14:02:41.130+0900][49.992s][info][gc,cpu      ] GC(8) User=0.05s Sys=0.03s Real=0.00s
[2026-03-27T14:02:41.130+0900][49.993s][info][gc,start    ] GC(9) Pause Full (Ergonomics)
[2026-03-27T14:02:41.130+0900][49.993s][info][gc,phases,start] GC(9) Marking Phase
[2026-03-27T14:02:41.130+0900][49.994s][info][gc,phases      ] GC(9) Marking Phase 1.756ms
[2026-03-27T14:02:41.130+0900][49.994s][info][gc,phases,start] GC(9) Summary Phase
[2026-03-27T14:02:41.130+0900][49.994s][info][gc,phases      ] GC(9) Summary Phase 0.046ms
[2026-03-27T14:02:41.130+0900][49.995s][info][gc,phases,start] GC(9) Adjust Roots
[2026-03-27T14:02:41.130+0900][49.995s][info][gc,phases      ] GC(9) Adjust Roots 0.575ms
[2026-03-27T14:02:41.130+0900][49.995s][info][gc,phases,start] GC(9) Compaction Phase
[2026-03-27T14:02:41.130+0900][50.000s][info][gc,phases      ] GC(9) Compaction Phase 5.257ms
[2026-03-27T14:02:41.130+0900][50.001s][info][gc,phases,start] GC(9) Post Compact
[2026-03-27T14:02:41.130+0900][50.001s][info][gc,phases      ] GC(9) Post Compact 0.739ms
[2026-03-27T14:02:41.130+0900][50.002s][info][gc,heap        ] GC(9) PSYoungGen: 11424K(71168K)->0K(68096K) Eden: 0K(59392K)->0K(58368K) From: 11424K(11776K)->0K(9728K)
[2026-03-27T14:02:41.130+0900][50.002s][info][gc,heap        ] GC(9) ParOldGen: 151345K(175104K)->162492K(250368K)
[2026-03-27T14:02:41.130+0900][50.002s][info][gc,metaspace   ] GC(9) Metaspace: 165K(384K)->165K(384K) NonClass: 156K(256K)->156K(256K) Class: 9K(128K)->9K(128K)
[2026-03-27T14:02:41.130+0900][50.002s][info][gc             ] GC(9) Pause Full (Ergonomics) 158M->158M(311M) 9.095ms
[2026-03-27T14:02:41.130+0900][50.002s][info][gc,cpu         ] GC(9) User=0.00s Sys=0.00s Real=0.00s
[2026-03-27T14:02:46.316+0900][55.177s][info][gc,start       ] GC(10) Pause Young (Allocation Failure)
[2026-03-27T14:02:46.318+0900][55.180s][info][gc,heap        ] GC(10) PSYoungGen: 57995K(68096K)->10912K(68608K) Eden: 57995K(58368K)->0K(57344K) From: 0K(9728K)->10912K(11264K)
[2026-03-27T14:02:46.318+0900][55.180s][info][gc,heap        ] GC(10) ParOldGen: 162492K(250368K)->168636K(250368K)
[2026-03-27T14:02:46.318+0900][55.180s][info][gc,metaspace   ] GC(10) Metaspace: 165K(384K)->165K(384K) NonClass: 156K(256K)->156K(256K) Class: 9K(128K)->9K(128K)
[2026-03-27T14:02:46.318+0900][55.180s][info][gc             ] GC(10) Pause Young (Allocation Failure) 215M->175M(311M) 3.692ms
[2026-03-27T14:02:46.318+0900][55.180s][info][gc,cpu         ] GC(10) User=0.00s Sys=0.00s Real=0.00s
[2026-03-27T14:02:51.377+0900][60.238s][info][gc,start       ] GC(11) Pause Young (Allocation Failure)
[2026-03-27T14:02:51.380+0900][60.242s][info][gc,heap        ] GC(11) PSYoungGen: 67857K(68608K)->11424K(68096K) Eden: 56945K(57344K)->0K(56320K) From: 10912K(11264K)->11424K(11776K)
[2026-03-27T14:02:51.380+0900][60.242s][info][gc,heap        ] GC(11) ParOldGen: 168636K(250368K)->184564K(250368K)
[2026-03-27T14:02:51.380+0900][60.242s][info][gc,metaspace   ] GC(11) Metaspace: 165K(384K)->165K(384K) NonClass: 156K(256K)->156K(256K) Class: 9K(128K)->9K(128K)
[2026-03-27T14:02:51.380+0900][60.242s][info][gc             ] GC(11) Pause Young (Allocation Failure) 230M->191M(311M) 4.067ms
[2026-03-27T14:02:51.380+0900][60.242s][info][gc,cpu         ] GC(11) User=0.05s Sys=0.06s Real=0.00s
[2026-03-27T14:02:54.645+0900][63.506s][info][gc,heap,exit   ] Heap
[2026-03-27T14:02:54.645+0900][63.506s][info][gc,heap,exit   ]  PSYoungGen      total 68096K, used 48991K [0x00000000f5580000, 0x00000000fa500000, 0x0000000100000000)
[2026-03-27T14:02:54.645+0900][63.506s][info][gc,heap,exit   ]   eden space 56320K, 66% used [0x00000000f5580000,0x00000000f7a2fc70,0x00000000f8c80000)
[2026-03-27T14:02:54.645+0900][63.506s][info][gc,heap,exit   ]   from space 11776K, 97% used [0x00000000f9980000,0x00000000fa4a80b0,0x00000000fa500000)
[2026-03-27T14:02:54.645+0900][63.506s][info][gc,heap,exit   ]   to   space 12288K, 0% used [0x00000000f8d00000,0x00000000f8d00000,0x00000000f9900000)
[2026-03-27T14:02:54.645+0900][63.506s][info][gc,heap,exit   ]  ParOldGen       total 250368K, used 184564K [0x00000000e0000000, 0x00000000ef480000, 0x00000000f5580000)
[2026-03-27T14:02:54.645+0900][63.506s][info][gc,heap,exit   ]   object space 250368K, 73% used [0x00000000e0000000,0x00000000eb43d220,0x00000000ef480000)
[2026-03-27T14:02:54.645+0900][63.506s][info][gc,heap,exit   ]  Metaspace       used 166K, committed 384K, reserved 1114112K
[2026-03-27T14:02:54.645+0900][63.506s][info][gc,heap,exit   ]   class space    used 9K, committed 128K, reserved 1048576K
