[2026-03-23T16:06:41.394+0900][0.004s][info][gc,init] CardTable entry size: 512
[2026-03-23T16:06:41.394+0900][0.004s][info][gc     ] Using Parallel
[2026-03-23T16:06:41.394+0900][0.004s][info][gc,init] Version: 21.0.9+10-LTS (release)
[2026-03-23T16:06:41.394+0900][0.004s][info][gc,init] CPUs: 14 total, 14 available
[2026-03-23T16:06:41.394+0900][0.004s][info][gc,init] Memory: 49152M
[2026-03-23T16:06:41.394+0900][0.004s][info][gc,init] Large Page Support: Disabled
[2026-03-23T16:06:41.394+0900][0.004s][info][gc,init] NUMA Support: Disabled
[2026-03-23T16:06:41.394+0900][0.004s][info][gc,init] Compressed Oops: Enabled (Zero based)
[2026-03-23T16:06:41.394+0900][0.004s][info][gc,init] Alignments: Space 512K, Generation 512K, Heap 8M
[2026-03-23T16:06:41.394+0900][0.004s][info][gc,init] Heap Min Capacity: 256M
[2026-03-23T16:06:41.394+0900][0.004s][info][gc,init] Heap Initial Capacity: 256M
[2026-03-23T16:06:41.394+0900][0.004s][info][gc,init] Heap Max Capacity: 512M
[2026-03-23T16:06:41.394+0900][0.004s][info][gc,init] Pre-touch: Disabled
[2026-03-23T16:06:41.394+0900][0.004s][info][gc,init] Parallel Workers: 11
[2026-03-23T16:06:41.397+0900][0.007s][info][gc,metaspace] CDS archive(s) mapped at: [0x0000007000000000-0x0000007000c9c000-0x0000007000c9c000), size 13221888, SharedBaseAddress: 0x0000007000000000, ArchiveRelocationMode: 1.
[2026-03-23T16:06:41.397+0900][0.007s][info][gc,metaspace] Compressed class space mapped at: 0x0000007001000000-0x0000007041000000, reserved size: 1073741824
[2026-03-23T16:06:41.397+0900][0.007s][info][gc,metaspace] Narrow klass base: 0x0000007000000000, Narrow klass shift: 0, Narrow klass range: 0x100000000
[2026-03-23T16:06:41.616+0900][0.225s][info][gc,start    ] GC(0) Pause Young (Allocation Failure)
[2026-03-23T16:06:41.617+0900][0.226s][info][gc,heap     ] GC(0) PSYoungGen: 64923K(76288K)->10032K(76288K) Eden: 64923K(65536K)->0K(65536K) From: 0K(10752K)->10032K(10752K)
[2026-03-23T16:06:41.617+0900][0.226s][info][gc,heap     ] GC(0) ParOldGen: 1056K(175104K)->1064K(175104K)
[2026-03-23T16:06:41.617+0900][0.226s][info][gc,metaspace] GC(0) Metaspace: 220K(384K)->220K(384K) NonClass: 206K(256K)->206K(256K) Class: 14K(128K)->14K(128K)
[2026-03-23T16:06:41.617+0900][0.226s][info][gc          ] GC(0) Pause Young (Allocation Failure) 64M->10M(245M) 0.845ms
[2026-03-23T16:06:41.617+0900][0.226s][info][gc,cpu      ] GC(0) User=0.00s Sys=0.00s Real=0.00s
[2026-03-23T16:06:41.851+0900][0.461s][info][gc,start    ] GC(1) Pause Young (Allocation Failure)
[2026-03-23T16:06:41.853+0900][0.463s][info][gc,heap     ] GC(1) PSYoungGen: 74766K(76288K)->10544K(73216K) Eden: 64734K(65536K)->0K(62464K) From: 10032K(10752K)->10544K(10752K)
[2026-03-23T16:06:41.853+0900][0.463s][info][gc,heap     ] GC(1) ParOldGen: 1064K(175104K)->6704K(175104K)
[2026-03-23T16:06:41.853+0900][0.463s][info][gc,metaspace] GC(1) Metaspace: 222K(384K)->222K(384K) NonClass: 207K(256K)->207K(256K) Class: 14K(128K)->14K(128K)
[2026-03-23T16:06:41.853+0900][0.463s][info][gc          ] GC(1) Pause Young (Allocation Failure) 74M->16M(242M) 2.074ms
[2026-03-23T16:06:41.853+0900][0.463s][info][gc,cpu      ] GC(1) User=0.01s Sys=0.01s Real=0.00s
[2026-03-23T16:06:42.073+0900][0.683s][info][gc,start    ] GC(2) Pause Young (Allocation Failure)
[2026-03-23T16:06:42.077+0900][0.687s][info][gc,heap     ] GC(2) PSYoungGen: 72168K(73216K)->10496K(73216K) Eden: 61623K(62464K)->0K(62464K) From: 10544K(10752K)->10496K(10752K)
[2026-03-23T16:06:42.077+0900][0.687s][info][gc,heap     ] GC(2) ParOldGen: 6704K(175104K)->14392K(175104K)
[2026-03-23T16:06:42.077+0900][0.687s][info][gc,metaspace] GC(2) Metaspace: 226K(384K)->226K(384K) NonClass: 211K(256K)->211K(256K) Class: 14K(128K)->14K(128K)
[2026-03-23T16:06:42.077+0900][0.687s][info][gc          ] GC(2) Pause Young (Allocation Failure) 77M->24M(242M) 4.009ms
[2026-03-23T16:06:42.077+0900][0.687s][info][gc,cpu      ] GC(2) User=0.01s Sys=0.00s Real=0.00s
[2026-03-23T16:06:42.306+0900][0.916s][info][gc,start    ] GC(3) Pause Young (Allocation Failure)
[2026-03-23T16:06:42.308+0900][0.917s][info][gc,heap     ] GC(3) PSYoungGen: 72134K(73216K)->7440K(70144K) Eden: 61637K(62464K)->0K(62464K) From: 10496K(10752K)->7440K(7680K)
[2026-03-23T16:06:42.308+0900][0.917s][info][gc,heap     ] GC(3) ParOldGen: 14392K(175104K)->23617K(175104K)
[2026-03-23T16:06:42.308+0900][0.917s][info][gc,metaspace] GC(3) Metaspace: 230K(448K)->230K(448K) NonClass: 215K(320K)->215K(320K) Class: 14K(128K)->14K(128K)
[2026-03-23T16:06:42.308+0900][0.917s][info][gc          ] GC(3) Pause Young (Allocation Failure) 84M->30M(239M) 1.368ms
[2026-03-23T16:06:42.308+0900][0.917s][info][gc,cpu      ] GC(3) User=0.00s Sys=0.01s Real=0.00s
[2026-03-23T16:06:42.527+0900][1.136s][info][gc,start    ] GC(4) Pause Young (Allocation Failure)
[2026-03-23T16:06:42.528+0900][1.137s][info][gc,heap     ] GC(4) PSYoungGen: 69086K(70144K)->10496K(73216K) Eden: 61646K(62464K)->0K(62464K) From: 7440K(7680K)->10496K(10752K)
[2026-03-23T16:06:42.528+0900][1.138s][info][gc,heap     ] GC(4) ParOldGen: 23617K(175104K)->28233K(175104K)
[2026-03-23T16:06:42.528+0900][1.138s][info][gc,metaspace] GC(4) Metaspace: 233K(448K)->233K(448K) NonClass: 219K(320K)->219K(320K) Class: 14K(128K)->14K(128K)
[2026-03-23T16:06:42.528+0900][1.138s][info][gc          ] GC(4) Pause Young (Allocation Failure) 90M->37M(242M) 1.558ms
[2026-03-23T16:06:42.528+0900][1.138s][info][gc,cpu      ] GC(4) User=0.00s Sys=0.00s Real=0.00s
[2026-03-23T16:06:42.752+0900][1.361s][info][gc,start    ] GC(5) Pause Young (Allocation Failure)
[2026-03-23T16:06:42.753+0900][1.362s][info][gc,heap     ] GC(5) PSYoungGen: 72148K(73216K)->11520K(73216K) Eden: 61652K(62464K)->0K(61440K) From: 10496K(10752K)->11520K(11776K)
[2026-03-23T16:06:42.753+0900][1.362s][info][gc,heap     ] GC(5) ParOldGen: 28233K(175104K)->33361K(175104K)
[2026-03-23T16:06:42.753+0900][1.362s][info][gc,metaspace] GC(5) Metaspace: 233K(448K)->233K(448K) NonClass: 219K(320K)->219K(320K) Class: 14K(128K)->14K(128K)
[2026-03-23T16:06:42.753+0900][1.362s][info][gc          ] GC(5) Pause Young (Allocation Failure) 98M->43M(242M) 0.813ms
[2026-03-23T16:06:42.753+0900][1.362s][info][gc,cpu      ] GC(5) User=0.00s Sys=0.00s Real=0.00s
[2026-03-23T16:06:42.983+0900][1.593s][info][gc,start    ] GC(6) Pause Young (Allocation Failure)
[2026-03-23T16:06:42.985+0900][1.594s][info][gc,heap     ] GC(6) PSYoungGen: 72644K(73216K)->11904K(74240K) Eden: 61123K(61440K)->0K(61440K) From: 11520K(11776K)->11904K(12800K)
[2026-03-23T16:06:42.985+0900][1.595s][info][gc,heap     ] GC(6) ParOldGen: 33361K(175104K)->38665K(175104K)
[2026-03-23T16:06:42.985+0900][1.595s][info][gc,metaspace] GC(6) Metaspace: 238K(448K)->238K(448K) NonClass: 223K(320K)->223K(320K) Class: 14K(128K)->14K(128K)
[2026-03-23T16:06:42.985+0900][1.595s][info][gc          ] GC(6) Pause Young (Allocation Failure) 103M->49M(243M) 2.059ms
[2026-03-23T16:06:42.985+0900][1.595s][info][gc,cpu      ] GC(6) User=0.00s Sys=0.01s Real=0.00s
[2026-03-23T16:06:43.201+0900][1.811s][info][gc,start    ] GC(7) Pause Young (Allocation Failure)
[2026-03-23T16:06:43.205+0900][1.814s][info][gc,heap     ] GC(7) PSYoungGen: 72518K(74240K)->12928K(74240K) Eden: 60614K(61440K)->0K(60928K) From: 11904K(12800K)->12928K(13312K)
[2026-03-23T16:06:43.205+0900][1.814s][info][gc,heap     ] GC(7) ParOldGen: 38665K(175104K)->45849K(175104K)
[2026-03-23T16:06:43.205+0900][1.814s][info][gc,metaspace] GC(7) Metaspace: 241K(448K)->241K(448K) NonClass: 226K(320K)->226K(320K) Class: 14K(128K)->14K(128K)
[2026-03-23T16:06:43.205+0900][1.814s][info][gc          ] GC(7) Pause Young (Allocation Failure) 108M->57M(243M) 3.542ms
[2026-03-23T16:06:43.205+0900][1.814s][info][gc,cpu      ] GC(7) User=0.00s Sys=0.00s Real=0.00s
[2026-03-23T16:06:43.424+0900][2.033s][info][gc,start    ] GC(8) Pause Young (Allocation Failure)
[2026-03-23T16:06:43.424+0900][2.034s][info][gc,heap     ] GC(8) PSYoungGen: 73021K(74240K)->13408K(74752K) Eden: 60093K(60928K)->0K(60928K) From: 12928K(13312K)->13408K(13824K)
[2026-03-23T16:06:43.424+0900][2.034s][info][gc,heap     ] GC(8) ParOldGen: 45849K(175104K)->51514K(175104K)
[2026-03-23T16:06:43.424+0900][2.034s][info][gc,metaspace] GC(8) Metaspace: 241K(448K)->241K(448K) NonClass: 226K(320K)->226K(320K) Class: 14K(128K)->14K(128K)
[2026-03-23T16:06:43.424+0900][2.034s][info][gc          ] GC(8) Pause Young (Allocation Failure) 116M->63M(244M) 0.719ms
[2026-03-23T16:06:43.424+0900][2.034s][info][gc,cpu      ] GC(8) User=0.00s Sys=0.00s Real=0.00s
[2026-03-23T16:06:43.643+0900][2.252s][info][gc,start    ] GC(9) Pause Young (Allocation Failure)
[2026-03-23T16:06:43.645+0900][2.254s][info][gc,heap     ] GC(9) PSYoungGen: 73503K(74752K)->12928K(75264K) Eden: 60094K(60928K)->0K(60416K) From: 13408K(13824K)->12928K(14848K)
[2026-03-23T16:06:43.645+0900][2.254s][info][gc,heap     ] GC(9) ParOldGen: 51514K(175104K)->58202K(175104K)
[2026-03-23T16:06:43.645+0900][2.254s][info][gc,metaspace] GC(9) Metaspace: 241K(448K)->241K(448K) NonClass: 226K(320K)->226K(320K) Class: 14K(128K)->14K(128K)
[2026-03-23T16:06:43.645+0900][2.254s][info][gc          ] GC(9) Pause Young (Allocation Failure) 122M->69M(244M) 1.614ms
[2026-03-23T16:06:43.645+0900][2.254s][info][gc,cpu      ] GC(9) User=0.00s Sys=0.00s Real=0.00s
[2026-03-23T16:06:43.856+0900][2.465s][info][gc,start    ] GC(10) Pause Young (Allocation Failure)
[2026-03-23T16:06:43.857+0900][2.467s][info][gc,heap     ] GC(10) PSYoungGen: 73013K(75264K)->8288K(75776K) Eden: 60085K(60416K)->0K(60416K) From: 12928K(14848K)->8288K(15360K)
[2026-03-23T16:06:43.858+0900][2.467s][info][gc,heap     ] GC(10) ParOldGen: 58202K(175104K)->70530K(175104K)
[2026-03-23T16:06:43.858+0900][2.467s][info][gc,metaspace] GC(10) Metaspace: 241K(448K)->241K(448K) NonClass: 226K(320K)->226K(320K) Class: 14K(128K)->14K(128K)
[2026-03-23T16:06:43.858+0900][2.467s][info][gc          ] GC(10) Pause Young (Allocation Failure) 128M->76M(245M) 1.586ms
[2026-03-23T16:06:43.858+0900][2.467s][info][gc,cpu      ] GC(10) User=0.00s Sys=0.01s Real=0.00s
[2026-03-23T16:06:44.077+0900][2.687s][info][gc,start    ] GC(11) Pause Young (Allocation Failure)
[2026-03-23T16:06:44.078+0900][2.687s][info][gc,heap     ] GC(11) PSYoungGen: 68373K(75776K)->3744K(71680K) Eden: 60085K(60416K)->0K(57856K) From: 8288K(15360K)->3744K(13824K)
[2026-03-23T16:06:44.078+0900][2.687s][info][gc,heap     ] GC(11) ParOldGen: 70530K(175104K)->70530K(175104K)
[2026-03-23T16:06:44.078+0900][2.687s][info][gc,metaspace] GC(11) Metaspace: 241K(448K)->241K(448K) NonClass: 226K(320K)->226K(320K) Class: 14K(128K)->14K(128K)
[2026-03-23T16:06:44.078+0900][2.687s][info][gc          ] GC(11) Pause Young (Allocation Failure) 135M->72M(241M) 0.307ms
[2026-03-23T16:06:44.078+0900][2.687s][info][gc,cpu      ] GC(11) User=0.00s Sys=0.00s Real=0.00s
[2026-03-23T16:06:44.287+0900][2.896s][info][gc,start    ] GC(12) Pause Young (Allocation Failure)
[2026-03-23T16:06:44.289+0900][2.898s][info][gc,heap     ] GC(12) PSYoungGen: 60706K(71680K)->6752K(62464K) Eden: 56962K(57856K)->0K(55296K) From: 3744K(13824K)->6752K(7168K)
[2026-03-23T16:06:44.289+0900][2.898s][info][gc,heap     ] GC(12) ParOldGen: 70530K(175104K)->73634K(175104K)
[2026-03-23T16:06:44.289+0900][2.898s][info][gc,metaspace] GC(12) Metaspace: 241K(448K)->241K(448K) NonClass: 226K(320K)->226K(320K) Class: 14K(128K)->14K(128K)
[2026-03-23T16:06:44.289+0900][2.899s][info][gc          ] GC(12) Pause Young (Allocation Failure) 128M->78M(232M) 2.067ms
[2026-03-23T16:06:44.289+0900][2.899s][info][gc,cpu      ] GC(12) User=0.01s Sys=0.00s Real=0.00s
[2026-03-23T16:06:44.497+0900][3.106s][info][gc,start    ] GC(13) Pause Young (Allocation Failure)
[2026-03-23T16:06:44.499+0900][3.108s][info][gc,heap     ] GC(13) PSYoungGen: 61616K(62464K)->6208K(71168K) Eden: 54864K(55296K)->0K(55296K) From: 6752K(7168K)->6208K(15872K)
[2026-03-23T16:06:44.499+0900][3.108s][info][gc,heap     ] GC(13) ParOldGen: 73634K(175104K)->79810K(175104K)
[2026-03-23T16:06:44.499+0900][3.108s][info][gc,metaspace] GC(13) Metaspace: 241K(448K)->241K(448K) NonClass: 226K(320K)->226K(320K) Class: 14K(128K)->14K(128K)
[2026-03-23T16:06:44.499+0900][3.108s][info][gc          ] GC(13) Pause Young (Allocation Failure) 132M->84M(240M) 2.193ms
[2026-03-23T16:06:44.499+0900][3.108s][info][gc,cpu      ] GC(13) User=0.01s Sys=0.01s Real=0.00s
[2026-03-23T16:06:44.699+0900][3.308s][info][gc,start    ] GC(14) Pause Young (Allocation Failure)
[2026-03-23T16:06:44.699+0900][3.309s][info][gc,heap     ] GC(14) PSYoungGen: 60561K(71168K)->6784K(59904K) Eden: 54352K(55296K)->0K(52736K) From: 6208K(15872K)->6784K(7168K)
[2026-03-23T16:06:44.699+0900][3.309s][info][gc,heap     ] GC(14) ParOldGen: 79810K(175104K)->85987K(175104K)
[2026-03-23T16:06:44.699+0900][3.309s][info][gc,metaspace] GC(14) Metaspace: 241K(448K)->241K(448K) NonClass: 226K(320K)->226K(320K) Class: 14K(128K)->14K(128K)
[2026-03-23T16:06:44.699+0900][3.309s][info][gc          ] GC(14) Pause Young (Allocation Failure) 137M->90M(229M) 0.855ms
[2026-03-23T16:06:44.699+0900][3.309s][info][gc,cpu      ] GC(14) User=0.01s Sys=0.00s Real=0.00s
[2026-03-23T16:06:44.889+0900][3.498s][info][gc,start    ] GC(15) Pause Young (Allocation Failure)
[2026-03-23T16:06:44.892+0900][3.501s][info][gc,heap     ] GC(15) PSYoungGen: 59038K(59904K)->6720K(68608K) Eden: 52254K(52736K)->0K(52736K) From: 6784K(7168K)->6720K(15872K)
[2026-03-23T16:06:44.892+0900][3.501s][info][gc,heap     ] GC(15) ParOldGen: 85987K(175104K)->92155K(175104K)
[2026-03-23T16:06:44.892+0900][3.501s][info][gc,metaspace] GC(15) Metaspace: 241K(448K)->241K(448K) NonClass: 226K(320K)->226K(320K) Class: 14K(128K)->14K(128K)
[2026-03-23T16:06:44.892+0900][3.501s][info][gc          ] GC(15) Pause Young (Allocation Failure) 141M->96M(238M) 2.857ms
[2026-03-23T16:06:44.892+0900][3.501s][info][gc,cpu      ] GC(15) User=0.01s Sys=0.00s Real=0.01s
[2026-03-23T16:06:45.082+0900][3.691s][info][gc,start    ] GC(16) Pause Young (Allocation Failure)
[2026-03-23T16:06:45.084+0900][3.693s][info][gc,heap     ] GC(16) PSYoungGen: 58974K(68608K)->6752K(59904K) Eden: 52254K(52736K)->0K(52736K) From: 6720K(15872K)->6752K(7168K)
[2026-03-23T16:06:45.084+0900][3.693s][info][gc,heap     ] GC(16) ParOldGen: 92155K(175104K)->98323K(175104K)
[2026-03-23T16:06:45.084+0900][3.693s][info][gc,metaspace] GC(16) Metaspace: 241K(448K)->241K(448K) NonClass: 226K(320K)->226K(320K) Class: 14K(128K)->14K(128K)
[2026-03-23T16:06:45.084+0900][3.693s][info][gc          ] GC(16) Pause Young (Allocation Failure) 147M->102M(229M) 2.466ms
[2026-03-23T16:06:45.084+0900][3.693s][info][gc,cpu      ] GC(16) User=0.01s Sys=0.00s Real=0.00s
[2026-03-23T16:06:45.277+0900][3.886s][info][gc,start    ] GC(17) Pause Young (Allocation Failure)
[2026-03-23T16:06:45.279+0900][3.889s][info][gc,heap     ] GC(17) PSYoungGen: 59007K(59904K)->5184K(68096K) Eden: 52255K(52736K)->0K(52736K) From: 6752K(7168K)->5184K(15360K)
[2026-03-23T16:06:45.279+0900][3.889s][info][gc,heap     ] GC(17) ParOldGen: 98323K(175104K)->104507K(175104K)
[2026-03-23T16:06:45.279+0900][3.889s][info][gc,metaspace] GC(17) Metaspace: 241K(448K)->241K(448K) NonClass: 226K(320K)->226K(320K) Class: 14K(128K)->14K(128K)
[2026-03-23T16:06:45.279+0900][3.889s][info][gc          ] GC(17) Pause Young (Allocation Failure) 153M->107M(237M) 2.528ms
[2026-03-23T16:06:45.279+0900][3.889s][info][gc,cpu      ] GC(17) User=0.00s Sys=0.00s Real=0.00s
[2026-03-23T16:06:45.469+0900][4.079s][info][gc,start    ] GC(18) Pause Young (Allocation Failure)
[2026-03-23T16:06:45.472+0900][4.081s][info][gc,heap     ] GC(18) PSYoungGen: 57439K(68096K)->6720K(59904K) Eden: 52255K(52736K)->0K(52736K) From: 5184K(15360K)->6720K(7168K)
[2026-03-23T16:06:45.472+0900][4.081s][info][gc,heap     ] GC(18) ParOldGen: 104507K(175104K)->109139K(175104K)
[2026-03-23T16:06:45.472+0900][4.081s][info][gc,metaspace] GC(18) Metaspace: 241K(448K)->241K(448K) NonClass: 226K(320K)->226K(320K) Class: 14K(128K)->14K(128K)
[2026-03-23T16:06:45.472+0900][4.081s][info][gc          ] GC(18) Pause Young (Allocation Failure) 158M->113M(229M) 2.553ms
[2026-03-23T16:06:45.472+0900][4.081s][info][gc,cpu      ] GC(18) User=0.00s Sys=0.00s Real=0.01s
[2026-03-23T16:06:45.660+0900][4.269s][info][gc,start    ] GC(19) Pause Young (Allocation Failure)
[2026-03-23T16:06:45.660+0900][4.270s][info][gc,heap     ] GC(19) PSYoungGen: 58975K(59904K)->6720K(66560K) Eden: 52255K(52736K)->0K(52736K) From: 6720K(7168K)->6720K(13824K)
[2026-03-23T16:06:45.660+0900][4.270s][info][gc,heap     ] GC(19) ParOldGen: 109139K(175104K)->115324K(175104K)
[2026-03-23T16:06:45.660+0900][4.270s][info][gc,metaspace] GC(19) Metaspace: 241K(448K)->241K(448K) NonClass: 226K(320K)->226K(320K) Class: 14K(128K)->14K(128K)
[2026-03-23T16:06:45.660+0900][4.270s][info][gc          ] GC(19) Pause Young (Allocation Failure) 164M->119M(236M) 0.624ms
[2026-03-23T16:06:45.660+0900][4.270s][info][gc,cpu      ] GC(19) User=0.00s Sys=0.00s Real=0.00s
[2026-03-23T16:06:45.843+0900][4.452s][info][gc,start    ] GC(20) Pause Young (Allocation Failure)
[2026-03-23T16:06:45.843+0900][4.453s][info][gc,heap     ] GC(20) PSYoungGen: 58975K(66560K)->6720K(67072K) Eden: 52255K(52736K)->0K(52736K) From: 6720K(13824K)->6720K(14336K)
[2026-03-23T16:06:45.843+0900][4.453s][info][gc,heap     ] GC(20) ParOldGen: 115324K(175104K)->121508K(175104K)
[2026-03-23T16:06:45.843+0900][4.453s][info][gc,metaspace] GC(20) Metaspace: 241K(448K)->241K(448K) NonClass: 226K(320K)->226K(320K) Class: 14K(128K)->14K(128K)
[2026-03-23T16:06:45.843+0900][4.453s][info][gc          ] GC(20) Pause Young (Allocation Failure) 170M->125M(236M) 0.735ms
[2026-03-23T16:06:45.843+0900][4.453s][info][gc,cpu      ] GC(20) User=0.00s Sys=0.00s Real=0.00s
[2026-03-23T16:06:46.031+0900][4.640s][info][gc,start    ] GC(21) Pause Young (Allocation Failure)
[2026-03-23T16:06:46.032+0900][4.641s][info][gc,heap     ] GC(21) PSYoungGen: 58975K(67072K)->6720K(66048K) Eden: 52255K(52736K)->0K(52736K) From: 6720K(14336K)->6720K(13312K)
[2026-03-23T16:06:46.032+0900][4.641s][info][gc,heap     ] GC(21) ParOldGen: 121508K(175104K)->127692K(175104K)
[2026-03-23T16:06:46.032+0900][4.641s][info][gc,metaspace] GC(21) Metaspace: 242K(448K)->242K(448K) NonClass: 228K(320K)->228K(320K) Class: 14K(128K)->14K(128K)
[2026-03-23T16:06:46.032+0900][4.641s][info][gc          ] GC(21) Pause Young (Allocation Failure) 176M->131M(235M) 1.182ms
[2026-03-23T16:06:46.032+0900][4.641s][info][gc,cpu      ] GC(21) User=0.00s Sys=0.01s Real=0.00s
[2026-03-23T16:06:46.225+0900][4.835s][info][gc,start    ] GC(22) Pause Young (Allocation Failure)
[2026-03-23T16:06:46.226+0900][4.835s][info][gc,heap     ] GC(22) PSYoungGen: 58975K(66048K)->6208K(56832K) Eden: 52255K(52736K)->0K(50176K) From: 6720K(13312K)->6208K(6656K)
[2026-03-23T16:06:46.226+0900][4.835s][info][gc,heap     ] GC(22) ParOldGen: 127692K(175104K)->132852K(175104K)
[2026-03-23T16:06:46.226+0900][4.835s][info][gc,metaspace] GC(22) Metaspace: 242K(448K)->242K(448K) NonClass: 228K(320K)->228K(320K) Class: 14K(128K)->14K(128K)
[2026-03-23T16:06:46.226+0900][4.835s][info][gc          ] GC(22) Pause Young (Allocation Failure) 182M->135M(226M) 0.744ms
[2026-03-23T16:06:46.226+0900][4.836s][info][gc,cpu      ] GC(22) User=0.00s Sys=0.00s Real=0.00s
[2026-03-23T16:06:46.403+0900][5.013s][info][gc,start    ] GC(23) Pause Young (Allocation Failure)
[2026-03-23T16:06:46.405+0900][5.014s][info][gc,heap     ] GC(23) PSYoungGen: 55852K(56832K)->6720K(59392K) Eden: 49644K(50176K)->0K(48128K) From: 6208K(6656K)->6720K(11264K)
[2026-03-23T16:06:46.405+0900][5.014s][info][gc,heap     ] GC(23) ParOldGen: 132852K(175104K)->138524K(175104K)
[2026-03-23T16:06:46.405+0900][5.014s][info][gc,metaspace] GC(23) Metaspace: 242K(448K)->242K(448K) NonClass: 228K(320K)->228K(320K) Class: 14K(128K)->14K(128K)
[2026-03-23T16:06:46.405+0900][5.014s][info][gc          ] GC(23) Pause Young (Allocation Failure) 184M->141M(229M) 1.348ms
[2026-03-23T16:06:46.405+0900][5.014s][info][gc,cpu      ] GC(23) User=0.00s Sys=0.00s Real=0.00s
[2026-03-23T16:06:46.581+0900][5.191s][info][gc,start    ] GC(24) Pause Young (Allocation Failure)
[2026-03-23T16:06:46.582+0900][5.191s][info][gc,heap     ] GC(24) PSYoungGen: 54787K(59392K)->2144K(48640K) Eden: 48067K(48128K)->0K(46080K) From: 6720K(11264K)->2144K(2560K)
[2026-03-23T16:06:46.582+0900][5.191s][info][gc,heap     ] GC(24) ParOldGen: 138524K(175104K)->138524K(175104K)
[2026-03-23T16:06:46.582+0900][5.191s][info][gc,metaspace] GC(24) Metaspace: 242K(448K)->242K(448K) NonClass: 228K(320K)->228K(320K) Class: 14K(128K)->14K(128K)
[2026-03-23T16:06:46.582+0900][5.191s][info][gc          ] GC(24) Pause Young (Allocation Failure) 188M->137M(218M) 0.442ms
[2026-03-23T16:06:46.582+0900][5.191s][info][gc,cpu      ] GC(24) User=0.00s Sys=0.00s Real=0.00s
[2026-03-23T16:06:46.746+0900][5.356s][info][gc,start    ] GC(25) Pause Young (Allocation Failure)
[2026-03-23T16:06:46.747+0900][5.357s][info][gc,heap     ] GC(25) PSYoungGen: 48119K(48640K)->6240K(54272K) Eden: 45975K(46080K)->0K(44032K) From: 2144K(2560K)->6240K(10240K)
[2026-03-23T16:06:46.747+0900][5.357s][info][gc,heap     ] GC(25) ParOldGen: 138524K(175104K)->140076K(175104K)
[2026-03-23T16:06:46.747+0900][5.357s][info][gc,metaspace] GC(25) Metaspace: 242K(448K)->242K(448K) NonClass: 228K(320K)->228K(320K) Class: 14K(128K)->14K(128K)
[2026-03-23T16:06:46.747+0900][5.357s][info][gc          ] GC(25) Pause Young (Allocation Failure) 182M->142M(224M) 1.263ms
[2026-03-23T16:06:46.747+0900][5.357s][info][gc,cpu      ] GC(25) User=0.01s Sys=0.00s Real=0.00s
[2026-03-23T16:06:46.903+0900][5.513s][info][gc,start    ] GC(26) Pause Young (Allocation Failure)
[2026-03-23T16:06:46.905+0900][5.514s][info][gc,heap     ] GC(26) PSYoungGen: 50125K(54272K)->5184K(47616K) Eden: 43885K(44032K)->0K(41984K) From: 6240K(10240K)->5184K(5632K)
[2026-03-23T16:06:46.905+0900][5.514s][info][gc,heap     ] GC(26) ParOldGen: 140076K(175104K)->146260K(175104K)
[2026-03-23T16:06:46.905+0900][5.514s][info][gc,metaspace] GC(26) Metaspace: 242K(448K)->242K(448K) NonClass: 228K(320K)->228K(320K) Class: 14K(128K)->14K(128K)
[2026-03-23T16:06:46.905+0900][5.514s][info][gc          ] GC(26) Pause Young (Allocation Failure) 185M->147M(217M) 1.500ms
[2026-03-23T16:06:46.905+0900][5.514s][info][gc,cpu      ] GC(26) User=0.00s Sys=0.01s Real=0.00s
[2026-03-23T16:06:47.055+0900][5.664s][info][gc,start    ] GC(27) Pause Young (Allocation Failure)
[2026-03-23T16:06:47.056+0900][5.665s][info][gc,heap     ] GC(27) PSYoungGen: 46979K(47616K)->5184K(49664K) Eden: 41795K(41984K)->0K(39936K) From: 5184K(5632K)->5184K(9728K)
[2026-03-23T16:06:47.056+0900][5.666s][info][gc,heap     ] GC(27) ParOldGen: 146260K(175104K)->150909K(175104K)
[2026-03-23T16:06:47.056+0900][5.666s][info][gc,metaspace] GC(27) Metaspace: 242K(448K)->242K(448K) NonClass: 228K(320K)->228K(320K) Class: 14K(128K)->14K(128K)
[2026-03-23T16:06:47.056+0900][5.666s][info][gc          ] GC(27) Pause Young (Allocation Failure) 188M->152M(219M) 1.544ms
[2026-03-23T16:06:47.056+0900][5.666s][info][gc,cpu      ] GC(27) User=0.00s Sys=0.00s Real=0.00s
[2026-03-23T16:06:47.201+0900][5.811s][info][gc,start    ] GC(28) Pause Young (Allocation Failure)
[2026-03-23T16:06:47.202+0900][5.812s][info][gc,heap     ] GC(28) PSYoungGen: 44890K(49664K)->4672K(43520K) Eden: 39706K(39936K)->0K(38400K) From: 5184K(9728K)->4672K(5120K)
[2026-03-23T16:06:47.202+0900][5.812s][info][gc,heap     ] GC(28) ParOldGen: 150909K(175104K)->155557K(175104K)
[2026-03-23T16:06:47.202+0900][5.812s][info][gc,metaspace] GC(28) Metaspace: 242K(448K)->242K(448K) NonClass: 228K(320K)->228K(320K) Class: 14K(128K)->14K(128K)
[2026-03-23T16:06:47.202+0900][5.812s][info][gc          ] GC(28) Pause Young (Allocation Failure) 191M->156M(213M) 0.733ms
[2026-03-23T16:06:47.202+0900][5.812s][info][gc,cpu      ] GC(28) User=0.00s Sys=0.00s Real=0.00s
[2026-03-23T16:06:47.336+0900][5.945s][info][gc,start    ] GC(29) Pause Young (Allocation Failure)
[2026-03-23T16:06:47.337+0900][5.946s][info][gc,heap     ] GC(29) PSYoungGen: 42299K(43520K)->3648K(47616K) Eden: 37627K(38400K)->0K(36864K) From: 4672K(5120K)->3648K(10752K)
[2026-03-23T16:06:47.337+0900][5.946s][info][gc,heap     ] GC(29) ParOldGen: 155557K(175104K)->160197K(175104K)
[2026-03-23T16:06:47.337+0900][5.946s][info][gc,metaspace] GC(29) Metaspace: 242K(448K)->242K(448K) NonClass: 228K(320K)->228K(320K) Class: 14K(128K)->14K(128K)
[2026-03-23T16:06:47.337+0900][5.946s][info][gc          ] GC(29) Pause Young (Allocation Failure) 193M->160M(217M) 0.979ms
[2026-03-23T16:06:47.337+0900][5.946s][info][gc,cpu      ] GC(29) User=0.01s Sys=0.00s Real=0.00s
[2026-03-23T16:06:47.467+0900][6.077s][info][gc,start    ] GC(30) Pause Young (Allocation Failure)
[2026-03-23T16:06:47.468+0900][6.078s][info][gc,heap     ] GC(30) PSYoungGen: 40221K(47616K)->4672K(40448K) Eden: 36573K(36864K)->0K(35328K) From: 3648K(10752K)->4672K(5120K)
[2026-03-23T16:06:47.468+0900][6.078s][info][gc,heap     ] GC(30) ParOldGen: 160197K(175104K)->163301K(175104K)
[2026-03-23T16:06:47.468+0900][6.078s][info][gc,metaspace] GC(30) Metaspace: 242K(448K)->242K(448K) NonClass: 228K(320K)->228K(320K) Class: 14K(128K)->14K(128K)
[2026-03-23T16:06:47.468+0900][6.078s][info][gc          ] GC(30) Pause Young (Allocation Failure) 195M->164M(210M) 0.930ms
[2026-03-23T16:06:47.468+0900][6.078s][info][gc,cpu      ] GC(30) User=0.00s Sys=0.00s Real=0.00s
[2026-03-23T16:06:47.589+0900][6.199s][info][gc,start    ] GC(31) Pause Young (Allocation Failure)
[2026-03-23T16:06:47.590+0900][6.200s][info][gc,heap     ] GC(31) PSYoungGen: 39167K(40448K)->3648K(44032K) Eden: 34495K(35328K)->0K(33792K) From: 4672K(5120K)->3648K(10240K)
[2026-03-23T16:06:47.590+0900][6.200s][info][gc,heap     ] GC(31) ParOldGen: 163301K(175104K)->167949K(175104K)
[2026-03-23T16:06:47.590+0900][6.200s][info][gc,metaspace] GC(31) Metaspace: 242K(448K)->242K(448K) NonClass: 228K(320K)->228K(320K) Class: 14K(128K)->14K(128K)
[2026-03-23T16:06:47.590+0900][6.200s][info][gc          ] GC(31) Pause Young (Allocation Failure) 197M->167M(214M) 1.131ms
[2026-03-23T16:06:47.590+0900][6.200s][info][gc,cpu      ] GC(31) User=0.01s Sys=0.01s Real=0.01s
[2026-03-23T16:06:47.710+0900][6.320s][info][gc,start    ] GC(32) Pause Young (Allocation Failure)
[2026-03-23T16:06:47.711+0900][6.320s][info][gc,heap     ] GC(32) PSYoungGen: 37088K(44032K)->4672K(37376K) Eden: 33440K(33792K)->0K(32256K) From: 3648K(10240K)->4672K(5120K)
[2026-03-23T16:06:47.711+0900][6.320s][info][gc,heap     ] GC(32) ParOldGen: 167949K(175104K)->171053K(175104K)
[2026-03-23T16:06:47.711+0900][6.320s][info][gc,metaspace] GC(32) Metaspace: 242K(448K)->242K(448K) NonClass: 228K(320K)->228K(320K) Class: 14K(128K)->14K(128K)
[2026-03-23T16:06:47.711+0900][6.320s][info][gc          ] GC(32) Pause Young (Allocation Failure) 200M->171M(207M) 0.834ms
[2026-03-23T16:06:47.711+0900][6.320s][info][gc,cpu      ] GC(32) User=0.00s Sys=0.00s Real=0.00s
[2026-03-23T16:06:47.822+0900][6.432s][info][gc,start    ] GC(33) Pause Young (Allocation Failure)
[2026-03-23T16:06:47.823+0900][6.433s][info][gc,heap     ] GC(33) PSYoungGen: 36034K(37376K)->3648K(42496K) Eden: 31362K(32256K)->0K(31744K) From: 4672K(5120K)->3648K(10752K)
[2026-03-23T16:06:47.823+0900][6.433s][info][gc,heap     ] GC(33) ParOldGen: 171053K(175104K)->175693K(176640K)
[2026-03-23T16:06:47.823+0900][6.433s][info][gc,metaspace] GC(33) Metaspace: 242K(448K)->242K(448K) NonClass: 228K(320K)->228K(320K) Class: 14K(128K)->14K(128K)
[2026-03-23T16:06:47.823+0900][6.433s][info][gc          ] GC(33) Pause Young (Allocation Failure) 202M->175M(214M) 0.955ms
[2026-03-23T16:06:47.823+0900][6.433s][info][gc,cpu      ] GC(33) User=0.00s Sys=0.00s Real=0.00s
[2026-03-23T16:06:47.935+0900][6.544s][info][gc,start    ] GC(34) Pause Young (Allocation Failure)
[2026-03-23T16:06:47.936+0900][6.545s][info][gc,heap     ] GC(34) PSYoungGen: 34488K(42496K)->3680K(35328K) Eden: 30840K(31744K)->0K(31232K) From: 3648K(10752K)->3680K(4096K)
[2026-03-23T16:06:47.936+0900][6.545s][info][gc,heap     ] GC(34) ParOldGen: 175693K(176640K)->178797K(179712K)
[2026-03-23T16:06:47.936+0900][6.545s][info][gc,metaspace] GC(34) Metaspace: 242K(448K)->242K(448K) NonClass: 228K(320K)->228K(320K) Class: 14K(128K)->14K(128K)
[2026-03-23T16:06:47.936+0900][6.545s][info][gc          ] GC(34) Pause Young (Allocation Failure) 205M->178M(210M) 0.893ms
[2026-03-23T16:06:47.936+0900][6.545s][info][gc,cpu      ] GC(34) User=0.00s Sys=0.00s Real=0.00s
[2026-03-23T16:06:48.043+0900][6.652s][info][gc,start    ] GC(35) Pause Young (Allocation Failure)
[2026-03-23T16:06:48.044+0900][6.653s][info][gc,heap     ] GC(35) PSYoungGen: 34510K(35328K)->5184K(40960K) Eden: 30830K(31232K)->0K(31232K) From: 3680K(4096K)->5184K(9728K)
[2026-03-23T16:06:48.044+0900][6.653s][info][gc,heap     ] GC(35) ParOldGen: 178797K(179712K)->181894K(182784K)
[2026-03-23T16:06:48.044+0900][6.653s][info][gc,metaspace] GC(35) Metaspace: 242K(448K)->242K(448K) NonClass: 228K(320K)->228K(320K) Class: 14K(128K)->14K(128K)
[2026-03-23T16:06:48.044+0900][6.653s][info][gc          ] GC(35) Pause Young (Allocation Failure) 208M->182M(218M) 1.013ms
[2026-03-23T16:06:48.044+0900][6.653s][info][gc,cpu      ] GC(35) User=0.00s Sys=0.00s Real=0.00s
[2026-03-23T16:06:48.153+0900][6.763s][info][gc,start    ] GC(36) Pause Young (Allocation Failure)
[2026-03-23T16:06:48.154+0900][6.764s][info][gc,heap     ] GC(36) PSYoungGen: 36015K(40960K)->4640K(36352K) Eden: 30830K(31232K)->0K(31232K) From: 5184K(9728K)->4640K(5120K)
[2026-03-23T16:06:48.154+0900][6.764s][info][gc,heap     ] GC(36) ParOldGen: 181894K(182784K)->185518K(185856K)
[2026-03-23T16:06:48.154+0900][6.764s][info][gc,metaspace] GC(36) Metaspace: 242K(448K)->242K(448K) NonClass: 228K(320K)->228K(320K) Class: 14K(128K)->14K(128K)
[2026-03-23T16:06:48.154+0900][6.764s][info][gc          ] GC(36) Pause Young (Allocation Failure) 212M->185M(217M) 0.994ms
[2026-03-23T16:06:48.154+0900][6.764s][info][gc,cpu      ] GC(36) User=0.01s Sys=0.00s Real=0.00s
[2026-03-23T16:06:48.265+0900][6.875s][info][gc,start    ] GC(37) Pause Young (Allocation Failure)
[2026-03-23T16:06:48.266+0900][6.876s][info][gc,heap     ] GC(37) PSYoungGen: 35471K(36352K)->3648K(40960K) Eden: 30831K(31232K)->0K(31232K) From: 4640K(5120K)->3648K(9728K)
[2026-03-23T16:06:48.266+0900][6.876s][info][gc,heap     ] GC(37) ParOldGen: 185518K(185856K)->189654K(190464K)
[2026-03-23T16:06:48.266+0900][6.876s][info][gc,metaspace] GC(37) Metaspace: 242K(448K)->242K(448K) NonClass: 228K(320K)->228K(320K) Class: 14K(128K)->14K(128K)
[2026-03-23T16:06:48.266+0900][6.876s][info][gc          ] GC(37) Pause Young (Allocation Failure) 215M->188M(226M) 1.064ms
[2026-03-23T16:06:48.267+0900][6.876s][info][gc,cpu      ] GC(37) User=0.00s Sys=0.01s Real=0.00s
[2026-03-23T16:06:48.379+0900][6.988s][info][gc,start    ] GC(38) Pause Young (Allocation Failure)
[2026-03-23T16:06:48.380+0900][6.989s][info][gc,heap     ] GC(38) PSYoungGen: 34479K(40960K)->3648K(33792K) Eden: 30831K(31232K)->0K(29696K) From: 3648K(9728K)->3648K(4096K)
[2026-03-23T16:06:48.380+0900][6.989s][info][gc,heap     ] GC(38) ParOldGen: 189654K(190464K)->192742K(193536K)
[2026-03-23T16:06:48.380+0900][6.989s][info][gc,metaspace] GC(38) Metaspace: 242K(448K)->242K(448K) NonClass: 228K(320K)->228K(320K) Class: 14K(128K)->14K(128K)
[2026-03-23T16:06:48.380+0900][6.989s][info][gc          ] GC(38) Pause Young (Allocation Failure) 218M->191M(222M) 1.388ms
[2026-03-23T16:06:48.380+0900][6.989s][info][gc,cpu      ] GC(38) User=0.01s Sys=0.00s Real=0.01s
[2026-03-23T16:06:48.486+0900][7.095s][info][gc,start    ] GC(39) Pause Young (Allocation Failure)
[2026-03-23T16:06:48.487+0900][7.096s][info][gc,heap     ] GC(39) PSYoungGen: 32912K(33792K)->3648K(36352K) Eden: 29264K(29696K)->0K(28672K) From: 3648K(4096K)->3648K(7680K)
[2026-03-23T16:06:48.487+0900][7.096s][info][gc,heap     ] GC(39) ParOldGen: 192742K(193536K)->195846K(196608K)
[2026-03-23T16:06:48.487+0900][7.096s][info][gc,metaspace] GC(39) Metaspace: 242K(448K)->242K(448K) NonClass: 228K(320K)->228K(320K) Class: 14K(128K)->14K(128K)
[2026-03-23T16:06:48.487+0900][7.096s][info][gc          ] GC(39) Pause Young (Allocation Failure) 220M->194M(227M) 1.025ms
[2026-03-23T16:06:48.487+0900][7.096s][info][gc,cpu      ] GC(39) User=0.00s Sys=0.00s Real=0.00s
[2026-03-23T16:06:48.585+0900][7.195s][info][gc,start    ] GC(40) Pause Young (Allocation Failure)
[2026-03-23T16:06:48.586+0900][7.196s][info][gc,heap     ] GC(40) PSYoungGen: 31356K(36352K)->3680K(31744K) Eden: 27708K(28672K)->0K(27648K) From: 3648K(7680K)->3680K(4096K)
[2026-03-23T16:06:48.586+0900][7.196s][info][gc,heap     ] GC(40) ParOldGen: 195846K(196608K)->198942K(199680K)
[2026-03-23T16:06:48.586+0900][7.196s][info][gc,metaspace] GC(40) Metaspace: 242K(448K)->242K(448K) NonClass: 228K(320K)->228K(320K) Class: 14K(128K)->14K(128K)
[2026-03-23T16:06:48.586+0900][7.196s][info][gc          ] GC(40) Pause Young (Allocation Failure) 221M->197M(226M) 1.189ms
[2026-03-23T16:06:48.586+0900][7.196s][info][gc,cpu      ] GC(40) User=0.01s Sys=0.00s Real=0.00s
[2026-03-23T16:06:48.686+0900][7.295s][info][gc,start    ] GC(41) Pause Young (Allocation Failure)
[2026-03-23T16:06:48.687+0900][7.296s][info][gc,heap     ] GC(41) PSYoungGen: 30856K(31744K)->3136K(35840K) Eden: 27176K(27648K)->0K(27648K) From: 3680K(4096K)->3136K(8192K)
[2026-03-23T16:06:48.687+0900][7.296s][info][gc,heap     ] GC(41) ParOldGen: 198942K(199680K)->202046K(202240K)
[2026-03-23T16:06:48.687+0900][7.296s][info][gc,metaspace] GC(41) Metaspace: 242K(448K)->242K(448K) NonClass: 228K(320K)->228K(320K) Class: 14K(128K)->14K(128K)
[2026-03-23T16:06:48.687+0900][7.296s][info][gc          ] GC(41) Pause Young (Allocation Failure) 224M->200M(232M) 0.872ms
[2026-03-23T16:06:48.687+0900][7.296s][info][gc,cpu      ] GC(41) User=0.00s Sys=0.00s Real=0.00s
[2026-03-23T16:06:48.782+0900][7.391s][info][gc,start    ] GC(42) Pause Young (Allocation Failure)
[2026-03-23T16:06:48.783+0900][7.392s][info][gc,heap     ] GC(42) PSYoungGen: 29800K(35840K)->3648K(30720K) Eden: 26664K(27648K)->0K(26624K) From: 3136K(8192K)->3648K(4096K)
[2026-03-23T16:06:48.783+0900][7.392s][info][gc,heap     ] GC(42) ParOldGen: 202046K(202240K)->205134K(206336K)
[2026-03-23T16:06:48.783+0900][7.392s][info][gc,metaspace] GC(42) Metaspace: 242K(448K)->242K(448K) NonClass: 228K(320K)->228K(320K) Class: 14K(128K)->14K(128K)
[2026-03-23T16:06:48.783+0900][7.392s][info][gc          ] GC(42) Pause Young (Allocation Failure) 226M->203M(231M) 1.239ms
[2026-03-23T16:06:48.783+0900][7.392s][info][gc,cpu      ] GC(42) User=0.01s Sys=0.00s Real=0.00s
[2026-03-23T16:06:48.878+0900][7.487s][info][gc,start    ] GC(43) Pause Young (Allocation Failure)
[2026-03-23T16:06:48.879+0900][7.488s][info][gc,heap     ] GC(43) PSYoungGen: 29780K(30720K)->3680K(34304K) Eden: 26132K(26624K)->0K(26624K) From: 3648K(4096K)->3680K(7680K)
[2026-03-23T16:06:48.879+0900][7.488s][info][gc,heap     ] GC(43) ParOldGen: 205134K(206336K)->208238K(209408K)
[2026-03-23T16:06:48.879+0900][7.488s][info][gc,metaspace] GC(43) Metaspace: 242K(448K)->242K(448K) NonClass: 228K(320K)->228K(320K) Class: 14K(128K)->14K(128K)
[2026-03-23T16:06:48.879+0900][7.488s][info][gc          ] GC(43) Pause Young (Allocation Failure) 229M->206M(238M) 1.039ms
[2026-03-23T16:06:48.879+0900][7.488s][info][gc,cpu      ] GC(43) User=0.00s Sys=0.00s Real=0.00s
[2026-03-23T16:06:48.974+0900][7.583s][info][gc,start    ] GC(44) Pause Young (Allocation Failure)
[2026-03-23T16:06:48.974+0900][7.584s][info][gc,heap     ] GC(44) PSYoungGen: 29812K(34304K)->3680K(34816K) Eden: 26132K(26624K)->0K(26624K) From: 3680K(7680K)->3680K(8192K)
[2026-03-23T16:06:48.974+0900][7.584s][info][gc,heap     ] GC(44) ParOldGen: 208238K(209408K)->211342K(212480K)
[2026-03-23T16:06:48.974+0900][7.584s][info][gc,metaspace] GC(44) Metaspace: 242K(448K)->242K(448K) NonClass: 228K(320K)->228K(320K) Class: 14K(128K)->14K(128K)
[2026-03-23T16:06:48.975+0900][7.584s][info][gc          ] GC(44) Pause Young (Allocation Failure) 232M->209M(241M) 0.703ms
[2026-03-23T16:06:48.975+0900][7.584s][info][gc,cpu      ] GC(44) User=0.00s Sys=0.00s Real=0.00s
[2026-03-23T16:06:49.066+0900][7.676s][info][gc,start    ] GC(45) Pause Young (Allocation Failure)
[2026-03-23T16:06:49.067+0900][7.676s][info][gc,heap     ] GC(45) PSYoungGen: 29812K(34816K)->2144K(34816K) Eden: 26132K(26624K)->0K(26624K) From: 3680K(8192K)->2144K(8192K)
[2026-03-23T16:06:49.067+0900][7.676s][info][gc,heap     ] GC(45) ParOldGen: 211342K(212480K)->211342K(212480K)
[2026-03-23T16:06:49.067+0900][7.676s][info][gc,metaspace] GC(45) Metaspace: 242K(448K)->242K(448K) NonClass: 228K(320K)->228K(320K) Class: 14K(128K)->14K(128K)
[2026-03-23T16:06:49.067+0900][7.676s][info][gc          ] GC(45) Pause Young (Allocation Failure) 235M->208M(241M) 0.694ms
[2026-03-23T16:06:49.067+0900][7.676s][info][gc,cpu      ] GC(45) User=0.00s Sys=0.00s Real=0.00s
[2026-03-23T16:06:49.159+0900][7.768s][info][gc,start    ] GC(46) Pause Young (Allocation Failure)
[2026-03-23T16:06:49.160+0900][7.769s][info][gc,heap     ] GC(46) PSYoungGen: 28276K(34816K)->3680K(30720K) Eden: 26132K(26624K)->0K(26624K) From: 2144K(8192K)->3680K(4096K)
[2026-03-23T16:06:49.160+0900][7.770s][info][gc,heap     ] GC(46) ParOldGen: 211342K(212480K)->212894K(214016K)
[2026-03-23T16:06:49.160+0900][7.770s][info][gc,metaspace] GC(46) Metaspace: 242K(448K)->242K(448K) NonClass: 228K(320K)->228K(320K) Class: 14K(128K)->14K(128K)
[2026-03-23T16:06:49.160+0900][7.770s][info][gc          ] GC(46) Pause Young (Allocation Failure) 234M->211M(239M) 1.230ms
[2026-03-23T16:06:49.160+0900][7.770s][info][gc,cpu      ] GC(46) User=0.00s Sys=0.00s Real=0.01s
[2026-03-23T16:06:49.256+0900][7.865s][info][gc,start    ] GC(47) Pause Young (Allocation Failure)
[2026-03-23T16:06:49.256+0900][7.866s][info][gc,heap     ] GC(47) PSYoungGen: 29812K(30720K)->3648K(34304K) Eden: 26132K(26624K)->0K(26624K) From: 3680K(4096K)->3648K(7680K)
[2026-03-23T16:06:49.257+0900][7.866s][info][gc,heap     ] GC(47) ParOldGen: 212894K(214016K)->215999K(217088K)
[2026-03-23T16:06:49.257+0900][7.866s][info][gc,metaspace] GC(47) Metaspace: 242K(448K)->242K(448K) NonClass: 228K(320K)->228K(320K) Class: 14K(128K)->14K(128K)
[2026-03-23T16:06:49.257+0900][7.866s][info][gc          ] GC(47) Pause Young (Allocation Failure) 237M->214M(245M) 0.889ms
[2026-03-23T16:06:49.257+0900][7.866s][info][gc,cpu      ] GC(47) User=0.01s Sys=0.00s Real=0.00s
[2026-03-23T16:06:49.347+0900][7.957s][info][gc,start    ] GC(48) Pause Young (Allocation Failure)
[2026-03-23T16:06:49.349+0900][7.958s][info][gc,heap     ] GC(48) PSYoungGen: 29780K(34304K)->3648K(30720K) Eden: 26132K(26624K)->0K(26624K) From: 3648K(7680K)->3648K(4096K)
[2026-03-23T16:06:49.349+0900][7.958s][info][gc,heap     ] GC(48) ParOldGen: 215999K(217088K)->219103K(219648K)
[2026-03-23T16:06:49.349+0900][7.958s][info][gc,metaspace] GC(48) Metaspace: 242K(448K)->242K(448K) NonClass: 228K(320K)->228K(320K) Class: 14K(128K)->14K(128K)
[2026-03-23T16:06:49.349+0900][7.958s][info][gc          ] GC(48) Pause Young (Allocation Failure) 240M->217M(244M) 1.228ms
[2026-03-23T16:06:49.349+0900][7.958s][info][gc,cpu      ] GC(48) User=0.00s Sys=0.00s Real=0.00s
[2026-03-23T16:06:49.450+0900][8.059s][info][gc,start    ] GC(49) Pause Young (Allocation Failure)
[2026-03-23T16:06:49.451+0900][8.060s][info][gc,heap     ] GC(49) PSYoungGen: 29780K(30720K)->3136K(33792K) Eden: 26132K(26624K)->0K(26624K) From: 3648K(4096K)->3136K(7168K)
[2026-03-23T16:06:49.451+0900][8.060s][info][gc,heap     ] GC(49) ParOldGen: 219103K(219648K)->221183K(221184K)
[2026-03-23T16:06:49.451+0900][8.060s][info][gc,metaspace] GC(49) Metaspace: 242K(448K)->242K(448K) NonClass: 228K(320K)->228K(320K) Class: 14K(128K)->14K(128K)
[2026-03-23T16:06:49.451+0900][8.060s][info][gc          ] GC(49) Pause Young (Allocation Failure) 243M->219M(249M) 0.822ms
[2026-03-23T16:06:49.451+0900][8.060s][info][gc,cpu      ] GC(49) User=0.00s Sys=0.00s Real=0.00s
[2026-03-23T16:06:49.545+0900][8.155s][info][gc,start    ] GC(50) Pause Young (Allocation Failure)
[2026-03-23T16:06:49.546+0900][8.156s][info][gc,heap     ] GC(50) PSYoungGen: 29268K(33792K)->3680K(29696K) Eden: 26132K(26624K)->0K(25600K) From: 3136K(7168K)->3680K(4096K)
[2026-03-23T16:06:49.546+0900][8.156s][info][gc,heap     ] GC(50) ParOldGen: 221183K(221184K)->223767K(224256K)
[2026-03-23T16:06:49.547+0900][8.156s][info][gc,metaspace] GC(50) Metaspace: 242K(448K)->242K(448K) NonClass: 228K(320K)->228K(320K) Class: 14K(128K)->14K(128K)
[2026-03-23T16:06:49.547+0900][8.156s][info][gc          ] GC(50) Pause Young (Allocation Failure) 244M->222M(248M) 1.388ms
[2026-03-23T16:06:49.547+0900][8.156s][info][gc,cpu      ] GC(50) User=0.00s Sys=0.00s Real=0.00s
[2026-03-23T16:06:49.634+0900][8.243s][info][gc,start    ] GC(51) Pause Young (Allocation Failure)
[2026-03-23T16:06:49.634+0900][8.244s][info][gc,heap     ] GC(51) PSYoungGen: 28768K(29696K)->3648K(30208K) Eden: 25088K(25600K)->0K(24576K) From: 3680K(4096K)->3648K(5632K)
[2026-03-23T16:06:49.634+0900][8.244s][info][gc,heap     ] GC(51) ParOldGen: 223767K(224256K)->226871K(228352K)
[2026-03-23T16:06:49.634+0900][8.244s][info][gc,metaspace] GC(51) Metaspace: 242K(448K)->242K(448K) NonClass: 228K(320K)->228K(320K) Class: 14K(128K)->14K(128K)
[2026-03-23T16:06:49.634+0900][8.244s][info][gc          ] GC(51) Pause Young (Allocation Failure) 246M->225M(252M) 0.919ms
[2026-03-23T16:06:49.634+0900][8.244s][info][gc,cpu      ] GC(51) User=0.00s Sys=0.00s Real=0.00s
[2026-03-23T16:06:49.722+0900][8.332s][info][gc,start    ] GC(52) Pause Young (Allocation Failure)
[2026-03-23T16:06:49.723+0900][8.333s][info][gc,heap     ] GC(52) PSYoungGen: 28204K(30208K)->3136K(31232K) Eden: 24556K(24576K)->0K(24576K) From: 3648K(5632K)->3136K(6656K)
[2026-03-23T16:06:49.723+0900][8.333s][info][gc,heap     ] GC(52) ParOldGen: 226871K(228352K)->229975K(230912K)
[2026-03-23T16:06:49.723+0900][8.333s][info][gc,metaspace] GC(52) Metaspace: 242K(448K)->242K(448K) NonClass: 228K(320K)->228K(320K) Class: 14K(128K)->14K(128K)
[2026-03-23T16:06:49.723+0900][8.333s][info][gc          ] GC(52) Pause Young (Allocation Failure) 249M->227M(256M) 0.876ms
[2026-03-23T16:06:49.723+0900][8.333s][info][gc,cpu      ] GC(52) User=0.00s Sys=0.00s Real=0.00s
[2026-03-23T16:06:49.804+0900][8.413s][info][gc,start    ] GC(53) Pause Young (Allocation Failure)
[2026-03-23T16:06:49.805+0900][8.414s][info][gc,heap     ] GC(53) PSYoungGen: 27176K(31232K)->3648K(28160K) Eden: 24040K(24576K)->0K(23552K) From: 3136K(6656K)->3648K(4608K)
[2026-03-23T16:06:49.805+0900][8.414s][info][gc,heap     ] GC(53) ParOldGen: 229975K(230912K)->233071K(233984K)
[2026-03-23T16:06:49.805+0900][8.414s][info][gc,metaspace] GC(53) Metaspace: 242K(448K)->242K(448K) NonClass: 228K(320K)->228K(320K) Class: 14K(128K)->14K(128K)
[2026-03-23T16:06:49.805+0900][8.414s][info][gc          ] GC(53) Pause Young (Allocation Failure) 251M->231M(256M) 1.398ms
[2026-03-23T16:06:49.805+0900][8.414s][info][gc,cpu      ] GC(53) User=0.00s Sys=0.00s Real=0.00s
[2026-03-23T16:06:49.894+0900][8.503s][info][gc,start    ] GC(54) Pause Young (Allocation Failure)
[2026-03-23T16:06:49.895+0900][8.504s][info][gc,heap     ] GC(54) PSYoungGen: 27154K(28160K)->3168K(26112K) Eden: 23506K(23552K)->0K(22528K) From: 3648K(4608K)->3168K(3584K)
[2026-03-23T16:06:49.895+0900][8.504s][info][gc,heap     ] GC(54) ParOldGen: 233071K(233984K)->235143K(235520K)
[2026-03-23T16:06:49.895+0900][8.504s][info][gc,metaspace] GC(54) Metaspace: 242K(448K)->242K(448K) NonClass: 228K(320K)->228K(320K) Class: 14K(128K)->14K(128K)
[2026-03-23T16:06:49.895+0900][8.504s][info][gc          ] GC(54) Pause Young (Allocation Failure) 254M->232M(255M) 1.164ms
[2026-03-23T16:06:49.895+0900][8.504s][info][gc,cpu      ] GC(54) User=0.01s Sys=0.00s Real=0.00s
[2026-03-23T16:06:49.968+0900][8.578s][info][gc,start    ] GC(55) Pause Young (Allocation Failure)
[2026-03-23T16:06:49.969+0900][8.578s][info][gc,heap     ] GC(55) PSYoungGen: 25116K(26112K)->3712K(26624K) Eden: 21948K(22528K)->0K(21504K) From: 3168K(3584K)->3712K(5120K)
[2026-03-23T16:06:49.969+0900][8.579s][info][gc,heap     ] GC(55) ParOldGen: 235143K(235520K)->237727K(238080K)
[2026-03-23T16:06:49.969+0900][8.579s][info][gc,metaspace] GC(55) Metaspace: 242K(448K)->242K(448K) NonClass: 228K(320K)->228K(320K) Class: 14K(128K)->14K(128K)
[2026-03-23T16:06:49.969+0900][8.579s][info][gc          ] GC(55) Pause Young (Allocation Failure) 254M->235M(258M) 0.966ms
[2026-03-23T16:06:49.969+0900][8.579s][info][gc,cpu      ] GC(55) User=0.00s Sys=0.01s Real=0.00s
[2026-03-23T16:06:50.051+0900][8.660s][info][gc,start    ] GC(56) Pause Young (Allocation Failure)
[2026-03-23T16:06:50.052+0900][8.661s][info][gc,heap     ] GC(56) PSYoungGen: 25127K(26624K)->1600K(27648K) Eden: 21415K(21504K)->0K(21504K) From: 3712K(5120K)->1600K(6144K)
[2026-03-23T16:06:50.052+0900][8.661s][info][gc,heap     ] GC(56) ParOldGen: 237727K(238080K)->240831K(241664K)
[2026-03-23T16:06:50.052+0900][8.661s][info][gc,metaspace] GC(56) Metaspace: 242K(448K)->242K(448K) NonClass: 228K(320K)->228K(320K) Class: 14K(128K)->14K(128K)
[2026-03-23T16:06:50.052+0900][8.661s][info][gc          ] GC(56) Pause Young (Allocation Failure) 256M->236M(263M) 1.015ms
[2026-03-23T16:06:50.052+0900][8.661s][info][gc,cpu      ] GC(56) User=0.01s Sys=0.00s Real=0.00s
[2026-03-23T16:06:50.120+0900][8.729s][info][gc,start    ] GC(57) Pause Young (Allocation Failure)
[2026-03-23T16:06:50.121+0900][8.730s][info][gc,heap     ] GC(57) PSYoungGen: 22503K(27648K)->3712K(32256K) Eden: 20903K(21504K)->0K(26112K) From: 1600K(6144K)->3712K(6144K)
[2026-03-23T16:06:50.121+0900][8.730s][info][gc,heap     ] GC(57) ParOldGen: 240831K(241664K)->242383K(243200K)
[2026-03-23T16:06:50.121+0900][8.730s][info][gc,metaspace] GC(57) Metaspace: 242K(448K)->242K(448K) NonClass: 228K(320K)->228K(320K) Class: 14K(128K)->14K(128K)
[2026-03-23T16:06:50.121+0900][8.730s][info][gc          ] GC(57) Pause Young (Allocation Failure) 257M->240M(269M) 1.061ms
[2026-03-23T16:06:50.121+0900][8.730s][info][gc,cpu      ] GC(57) User=0.00s Sys=0.00s Real=0.00s
[2026-03-23T16:06:50.208+0900][8.817s][info][gc,start    ] GC(58) Pause Young (Allocation Failure)
[2026-03-23T16:06:50.209+0900][8.818s][info][gc,heap     ] GC(58) PSYoungGen: 28801K(32256K)->3648K(32256K) Eden: 25089K(26112K)->0K(26112K) From: 3712K(6144K)->3648K(6144K)
[2026-03-23T16:06:50.209+0900][8.818s][info][gc,heap     ] GC(58) ParOldGen: 242383K(243200K)->245487K(245760K)
[2026-03-23T16:06:50.209+0900][8.818s][info][gc,metaspace] GC(58) Metaspace: 242K(448K)->242K(448K) NonClass: 228K(320K)->228K(320K) Class: 14K(128K)->14K(128K)
[2026-03-23T16:06:50.209+0900][8.818s][info][gc          ] GC(58) Pause Young (Allocation Failure) 264M->243M(271M) 0.858ms
[2026-03-23T16:06:50.209+0900][8.818s][info][gc,cpu      ] GC(58) User=0.01s Sys=0.00s Real=0.00s
[2026-03-23T16:06:50.302+0900][8.911s][info][gc,start    ] GC(59) Pause Young (Allocation Failure)
[2026-03-23T16:06:50.303+0900][8.913s][info][gc,heap     ] GC(59) PSYoungGen: 28737K(32256K)->3168K(28672K) Eden: 25088K(26112K)->0K(25088K) From: 3648K(6144K)->3168K(3584K)
[2026-03-23T16:06:50.303+0900][8.913s][info][gc,heap     ] GC(59) ParOldGen: 245487K(245760K)->247568K(248320K)
[2026-03-23T16:06:50.303+0900][8.913s][info][gc,metaspace] GC(59) Metaspace: 242K(448K)->242K(448K) NonClass: 228K(320K)->228K(320K) Class: 14K(128K)->14K(128K)
[2026-03-23T16:06:50.303+0900][8.913s][info][gc          ] GC(59) Pause Young (Allocation Failure) 267M->244M(270M) 1.281ms
[2026-03-23T16:06:50.303+0900][8.913s][info][gc,cpu      ] GC(59) User=0.00s Sys=0.00s Real=0.00s
[2026-03-23T16:06:50.392+0900][9.001s][info][gc,start    ] GC(60) Pause Young (Allocation Failure)
[2026-03-23T16:06:50.393+0900][9.002s][info][gc,heap     ] GC(60) PSYoungGen: 28236K(28672K)->3680K(35328K) Eden: 25068K(25088K)->0K(29696K) From: 3168K(3584K)->3680K(5632K)
[2026-03-23T16:06:50.393+0900][9.002s][info][gc,heap     ] GC(60) ParOldGen: 247568K(248320K)->250152K(251392K)
[2026-03-23T16:06:50.393+0900][9.002s][info][gc,metaspace] GC(60) Metaspace: 242K(448K)->242K(448K) NonClass: 228K(320K)->228K(320K) Class: 14K(128K)->14K(128K)
[2026-03-23T16:06:50.393+0900][9.002s][info][gc          ] GC(60) Pause Young (Allocation Failure) 269M->247M(280M) 0.982ms
[2026-03-23T16:06:50.393+0900][9.002s][info][gc,cpu      ] GC(60) User=0.00s Sys=0.00s Real=0.00s
[2026-03-23T16:06:50.499+0900][9.108s][info][gc,start    ] GC(61) Pause Young (Allocation Failure)
[2026-03-23T16:06:50.500+0900][9.109s][info][gc,heap     ] GC(61) PSYoungGen: 32935K(35328K)->3680K(32768K) Eden: 29255K(29696K)->0K(28672K) From: 3680K(5632K)->3680K(4096K)
[2026-03-23T16:06:50.500+0900][9.109s][info][gc,heap     ] GC(61) ParOldGen: 250152K(251392K)->253256K(254464K)
[2026-03-23T16:06:50.500+0900][9.110s][info][gc,metaspace] GC(61) Metaspace: 242K(448K)->242K(448K) NonClass: 228K(320K)->228K(320K) Class: 14K(128K)->14K(128K)
[2026-03-23T16:06:50.500+0900][9.110s][info][gc          ] GC(61) Pause Young (Allocation Failure) 276M->250M(280M) 1.381ms
[2026-03-23T16:06:50.500+0900][9.110s][info][gc,cpu      ] GC(61) User=0.00s Sys=0.00s Real=0.01s
[2026-03-23T16:06:50.596+0900][9.205s][info][gc,start    ] GC(62) Pause Young (Allocation Failure)
[2026-03-23T16:06:50.597+0900][9.206s][info][gc,heap     ] GC(62) PSYoungGen: 31379K(32768K)->3648K(31744K) Eden: 27698K(28672K)->0K(27648K) From: 3680K(4096K)->3648K(4096K)
[2026-03-23T16:06:50.597+0900][9.206s][info][gc,heap     ] GC(62) ParOldGen: 253256K(254464K)->256360K(257536K)
[2026-03-23T16:06:50.597+0900][9.206s][info][gc,metaspace] GC(62) Metaspace: 242K(448K)->242K(448K) NonClass: 228K(320K)->228K(320K) Class: 14K(128K)->14K(128K)
[2026-03-23T16:06:50.597+0900][9.206s][info][gc          ] GC(62) Pause Young (Allocation Failure) 277M->253M(282M) 1.367ms
[2026-03-23T16:06:50.597+0900][9.206s][info][gc,cpu      ] GC(62) User=0.01s Sys=0.01s Real=0.00s
[2026-03-23T16:06:50.697+0900][9.306s][info][gc,start    ] GC(63) Pause Young (Allocation Failure)
[2026-03-23T16:06:50.698+0900][9.308s][info][gc,heap     ] GC(63) PSYoungGen: 30818K(31744K)->3168K(30720K) Eden: 27170K(27648K)->0K(26624K) From: 3648K(4096K)->3168K(4096K)
[2026-03-23T16:06:50.698+0900][9.308s][info][gc,heap     ] GC(63) ParOldGen: 256360K(257536K)->259464K(260608K)
[2026-03-23T16:06:50.698+0900][9.308s][info][gc,metaspace] GC(63) Metaspace: 242K(448K)->242K(448K) NonClass: 228K(320K)->228K(320K) Class: 14K(128K)->14K(128K)
[2026-03-23T16:06:50.698+0900][9.308s][info][gc          ] GC(63) Pause Young (Allocation Failure) 280M->256M(284M) 1.604ms
[2026-03-23T16:06:50.698+0900][9.308s][info][gc,cpu      ] GC(63) User=0.00s Sys=0.00s Real=0.00s
[2026-03-23T16:06:50.794+0900][9.404s][info][gc,start    ] GC(64) Pause Young (Allocation Failure)
[2026-03-23T16:06:50.795+0900][9.405s][info][gc,heap     ] GC(64) PSYoungGen: 29296K(30720K)->3168K(29184K) Eden: 26128K(26624K)->0K(25600K) From: 3168K(4096K)->3168K(3584K)
[2026-03-23T16:06:50.795+0900][9.405s][info][gc,heap     ] GC(64) ParOldGen: 259464K(260608K)->262568K(263680K)
[2026-03-23T16:06:50.795+0900][9.405s][info][gc,metaspace] GC(64) Metaspace: 242K(448K)->242K(448K) NonClass: 228K(320K)->228K(320K) Class: 14K(128K)->14K(128K)
[2026-03-23T16:06:50.796+0900][9.405s][info][gc          ] GC(64) Pause Young (Allocation Failure) 281M->259M(286M) 1.036ms
[2026-03-23T16:06:50.796+0900][9.405s][info][gc,cpu      ] GC(64) User=0.01s Sys=0.00s Real=0.00s
[2026-03-23T16:06:50.884+0900][9.494s][info][gc,start    ] GC(65) Pause Young (Allocation Failure)
[2026-03-23T16:06:50.885+0900][9.494s][info][gc,heap     ] GC(65) PSYoungGen: 28765K(29184K)->3648K(28672K) Eden: 25597K(25600K)->0K(24576K) From: 3168K(3584K)->3648K(4096K)
[2026-03-23T16:06:50.885+0900][9.495s][info][gc,heap     ] GC(65) ParOldGen: 262568K(263680K)->265672K(266752K)
[2026-03-23T16:06:50.885+0900][9.495s][info][gc,metaspace] GC(65) Metaspace: 242K(448K)->242K(448K) NonClass: 228K(320K)->228K(320K) Class: 14K(128K)->14K(128K)
[2026-03-23T16:06:50.885+0900][9.495s][info][gc          ] GC(65) Pause Young (Allocation Failure) 284M->263M(288M) 0.975ms
[2026-03-23T16:06:50.885+0900][9.495s][info][gc,cpu      ] GC(65) User=0.00s Sys=0.00s Real=0.00s
[2026-03-23T16:06:50.971+0900][9.580s][info][gc,start    ] GC(66) Pause Young (Allocation Failure)
[2026-03-23T16:06:50.972+0900][9.581s][info][gc,heap     ] GC(66) PSYoungGen: 28202K(28672K)->3168K(27136K) Eden: 24554K(24576K)->0K(23552K) From: 3648K(4096K)->3168K(3584K)
[2026-03-23T16:06:50.972+0900][9.582s][info][gc,heap     ] GC(66) ParOldGen: 265672K(266752K)->268768K(269824K)
[2026-03-23T16:06:50.972+0900][9.582s][info][gc,metaspace] GC(66) Metaspace: 242K(448K)->242K(448K) NonClass: 228K(320K)->228K(320K) Class: 14K(128K)->14K(128K)
[2026-03-23T16:06:50.972+0900][9.582s][info][gc          ] GC(66) Pause Young (Allocation Failure) 286M->265M(290M) 1.516ms
[2026-03-23T16:06:50.972+0900][9.582s][info][gc,cpu      ] GC(66) User=0.01s Sys=0.00s Real=0.00s
[2026-03-23T16:06:51.059+0900][9.668s][info][gc,start    ] GC(67) Pause Young (Allocation Failure)
[2026-03-23T16:06:51.060+0900][9.669s][info][gc,heap     ] GC(67) PSYoungGen: 26675K(27136K)->1600K(26624K) Eden: 23507K(23552K)->0K(22528K) From: 3168K(3584K)->1600K(4096K)
[2026-03-23T16:06:51.060+0900][9.669s][info][gc,heap     ] GC(67) ParOldGen: 268768K(269824K)->271872K(272896K)
[2026-03-23T16:06:51.060+0900][9.669s][info][gc,metaspace] GC(67) Metaspace: 242K(448K)->242K(448K) NonClass: 228K(320K)->228K(320K) Class: 14K(128K)->14K(128K)
[2026-03-23T16:06:51.060+0900][9.669s][info][gc          ] GC(67) Pause Young (Allocation Failure) 288M->267M(292M) 0.994ms
[2026-03-23T16:06:51.060+0900][9.669s][info][gc,cpu      ] GC(67) User=0.00s Sys=0.00s Real=0.01s
[2026-03-23T16:06:51.133+0900][9.743s][info][gc,start    ] GC(68) Pause Young (Allocation Failure)
[2026-03-23T16:06:51.134+0900][9.744s][info][gc,heap     ] GC(68) PSYoungGen: 24061K(26624K)->3744K(25600K) Eden: 22461K(22528K)->0K(21504K) From: 1600K(4096K)->3744K(4096K)
[2026-03-23T16:06:51.134+0900][9.744s][info][gc,heap     ] GC(68) ParOldGen: 271872K(272896K)->273424K(274432K)
[2026-03-23T16:06:51.134+0900][9.744s][info][gc,metaspace] GC(68) Metaspace: 242K(448K)->242K(448K) NonClass: 228K(320K)->228K(320K) Class: 14K(128K)->14K(128K)
[2026-03-23T16:06:51.134+0900][9.744s][info][gc          ] GC(68) Pause Young (Allocation Failure) 288M->270M(293M) 0.997ms
[2026-03-23T16:06:51.134+0900][9.744s][info][gc,cpu      ] GC(68) User=0.01s Sys=0.00s Real=0.00s
[2026-03-23T16:06:51.217+0900][9.827s][info][gc,start    ] GC(69) Pause Young (Allocation Failure)
[2026-03-23T16:06:51.218+0900][9.827s][info][gc,heap     ] GC(69) PSYoungGen: 25160K(25600K)->1632K(24576K) Eden: 21416K(21504K)->0K(20480K) From: 3744K(4096K)->1632K(4096K)
[2026-03-23T16:06:51.218+0900][9.828s][info][gc,heap     ] GC(69) ParOldGen: 273424K(274432K)->276528K(277504K)
[2026-03-23T16:06:51.218+0900][9.828s][info][gc,metaspace] GC(69) Metaspace: 242K(448K)->242K(448K) NonClass: 228K(320K)->228K(320K) Class: 14K(128K)->14K(128K)
[2026-03-23T16:06:51.218+0900][9.828s][info][gc          ] GC(69) Pause Young (Allocation Failure) 291M->271M(295M) 1.061ms
[2026-03-23T16:06:51.218+0900][9.828s][info][gc,cpu      ] GC(69) User=0.00s Sys=0.00s Real=0.00s
[2026-03-23T16:06:51.287+0900][9.896s][info][gc,start    ] GC(70) Pause Young (Allocation Failure)
[2026-03-23T16:06:51.288+0900][9.898s][info][gc,heap     ] GC(70) PSYoungGen: 22003K(24576K)->3136K(23552K) Eden: 20371K(20480K)->0K(19968K) From: 1632K(4096K)->3136K(3584K)
[2026-03-23T16:06:51.288+0900][9.898s][info][gc,heap     ] GC(70) ParOldGen: 276528K(277504K)->278080K(279040K)
[2026-03-23T16:06:51.288+0900][9.898s][info][gc,metaspace] GC(70) Metaspace: 242K(448K)->242K(448K) NonClass: 228K(320K)->228K(320K) Class: 14K(128K)->14K(128K)
[2026-03-23T16:06:51.288+0900][9.898s][info][gc          ] GC(70) Pause Young (Allocation Failure) 291M->274M(295M) 1.591ms
[2026-03-23T16:06:51.288+0900][9.898s][info][gc,cpu      ] GC(70) User=0.01s Sys=0.00s Real=0.00s
[2026-03-23T16:06:51.354+0900][9.963s][info][gc,start    ] GC(71) Pause Young (Allocation Failure)
[2026-03-23T16:06:51.355+0900][9.964s][info][gc,heap     ] GC(71) PSYoungGen: 22472K(23552K)->2144K(24064K) Eden: 19336K(19968K)->0K(19456K) From: 3136K(3584K)->2144K(4608K)
[2026-03-23T16:06:51.355+0900][9.964s][info][gc,heap     ] GC(71) ParOldGen: 278080K(279040K)->281185K(282112K)
[2026-03-23T16:06:51.355+0900][9.964s][info][gc,metaspace] GC(71) Metaspace: 242K(448K)->242K(448K) NonClass: 228K(320K)->228K(320K) Class: 14K(128K)->14K(128K)
[2026-03-23T16:06:51.355+0900][9.964s][info][gc          ] GC(71) Pause Young (Allocation Failure) 293M->276M(299M) 1.241ms
[2026-03-23T16:06:51.355+0900][9.964s][info][gc,cpu      ] GC(71) User=0.00s Sys=0.01s Real=0.00s
[2026-03-23T16:06:51.419+0900][10.028s][info][gc,start    ] GC(72) Pause Young (Allocation Failure)
[2026-03-23T16:06:51.420+0900][10.029s][info][gc,heap     ] GC(72) PSYoungGen: 20958K(24064K)->3712K(23040K) Eden: 18814K(19456K)->0K(18944K) From: 2144K(4608K)->3712K(4096K)
[2026-03-23T16:06:51.420+0900][10.029s][info][gc,heap     ] GC(72) ParOldGen: 281185K(282112K)->282737K(283648K)
[2026-03-23T16:06:51.420+0900][10.029s][info][gc,metaspace] GC(72) Metaspace: 242K(448K)->242K(448K) NonClass: 228K(320K)->228K(320K) Class: 14K(128K)->14K(128K)
[2026-03-23T16:06:51.420+0900][10.029s][info][gc          ] GC(72) Pause Young (Allocation Failure) 295M->279M(299M) 1.091ms
[2026-03-23T16:06:51.420+0900][10.029s][info][gc,cpu      ] GC(72) User=0.01s Sys=0.00s Real=0.01s
[2026-03-23T16:06:51.487+0900][10.096s][info][gc,start    ] GC(73) Pause Young (Allocation Failure)
[2026-03-23T16:06:51.489+0900][10.098s][info][gc,heap     ] GC(73) PSYoungGen: 22516K(23040K)->3168K(23040K) Eden: 18804K(18944K)->0K(18432K) From: 3712K(4096K)->3168K(4608K)
[2026-03-23T16:06:51.489+0900][10.098s][info][gc,heap     ] GC(73) ParOldGen: 282737K(283648K)->284809K(285184K)
[2026-03-23T16:06:51.489+0900][10.098s][info][gc,metaspace] GC(73) Metaspace: 242K(448K)->242K(448K) NonClass: 228K(320K)->228K(320K) Class: 14K(128K)->14K(128K)
[2026-03-23T16:06:51.489+0900][10.098s][info][gc          ] GC(73) Pause Young (Allocation Failure) 298M->281M(301M) 1.799ms
[2026-03-23T16:06:51.489+0900][10.098s][info][gc,cpu      ] GC(73) User=0.00s Sys=0.00s Real=0.00s
[2026-03-23T16:06:51.556+0900][10.165s][info][gc,start    ] GC(74) Pause Young (Allocation Failure)
[2026-03-23T16:06:51.557+0900][10.166s][info][gc,heap     ] GC(74) PSYoungGen: 21450K(23040K)->32K(18432K) Eden: 18282K(18432K)->0K(17920K) From: 3168K(4608K)->32K(512K)
[2026-03-23T16:06:51.557+0900][10.166s][info][gc,heap     ] GC(74) ParOldGen: 284809K(285184K)->285841K(286720K)
[2026-03-23T16:06:51.557+0900][10.166s][info][gc,metaspace] GC(74) Metaspace: 242K(448K)->242K(448K) NonClass: 228K(320K)->228K(320K) Class: 14K(128K)->14K(128K)
[2026-03-23T16:06:51.557+0900][10.166s][info][gc          ] GC(74) Pause Young (Allocation Failure) 299M->279M(298M) 0.912ms
[2026-03-23T16:06:51.557+0900][10.166s][info][gc,cpu      ] GC(74) User=0.01s Sys=0.00s Real=0.00s
[2026-03-23T16:06:51.620+0900][10.229s][info][gc,start    ] GC(75) Pause Young (Allocation Failure)
[2026-03-23T16:06:51.621+0900][10.230s][info][gc,heap     ] GC(75) PSYoungGen: 17791K(18432K)->2144K(22016K) Eden: 17759K(17920K)->0K(17408K) From: 32K(512K)->2144K(4608K)
[2026-03-23T16:06:51.621+0900][10.230s][info][gc,heap     ] GC(75) ParOldGen: 285841K(286720K)->285841K(286720K)
[2026-03-23T16:06:51.621+0900][10.230s][info][gc,metaspace] GC(75) Metaspace: 242K(448K)->242K(448K) NonClass: 228K(320K)->228K(320K) Class: 14K(128K)->14K(128K)
[2026-03-23T16:06:51.621+0900][10.230s][info][gc          ] GC(75) Pause Young (Allocation Failure) 296M->281M(301M) 0.812ms
[2026-03-23T16:06:51.621+0900][10.230s][info][gc,cpu      ] GC(75) User=0.00s Sys=0.00s Real=0.00s
[2026-03-23T16:06:51.678+0900][10.287s][info][gc,start    ] GC(76) Pause Young (Allocation Failure)
[2026-03-23T16:06:51.679+0900][10.288s][info][gc,heap     ] GC(76) PSYoungGen: 19381K(22016K)->3712K(22016K) Eden: 17237K(17408K)->0K(16896K) From: 2144K(4608K)->3712K(5120K)
[2026-03-23T16:06:51.679+0900][10.288s][info][gc,heap     ] GC(76) ParOldGen: 285841K(286720K)->287393K(288256K)
[2026-03-23T16:06:51.679+0900][10.288s][info][gc,metaspace] GC(76) Metaspace: 242K(448K)->242K(448K) NonClass: 228K(320K)->228K(320K) Class: 14K(128K)->14K(128K)
[2026-03-23T16:06:51.679+0900][10.288s][info][gc          ] GC(76) Pause Young (Allocation Failure) 298M->284M(303M) 0.925ms
[2026-03-23T16:06:51.679+0900][10.288s][info][gc,cpu      ] GC(76) User=0.01s Sys=0.00s Real=0.00s
[2026-03-23T16:06:51.741+0900][10.351s][info][gc,start    ] GC(77) Pause Young (Allocation Failure)
[2026-03-23T16:06:51.742+0900][10.352s][info][gc,heap     ] GC(77) PSYoungGen: 20427K(22016K)->1632K(20480K) Eden: 16715K(16896K)->0K(16384K) From: 3712K(5120K)->1632K(4096K)
[2026-03-23T16:06:51.742+0900][10.352s][info][gc,heap     ] GC(77) ParOldGen: 287393K(288256K)->290497K(291328K)
[2026-03-23T16:06:51.742+0900][10.352s][info][gc,metaspace] GC(77) Metaspace: 242K(448K)->242K(448K) NonClass: 228K(320K)->228K(320K) Class: 14K(128K)->14K(128K)
[2026-03-23T16:06:51.742+0900][10.352s][info][gc          ] GC(77) Pause Young (Allocation Failure) 300M->285M(304M) 0.918ms
[2026-03-23T16:06:51.742+0900][10.352s][info][gc,cpu      ] GC(77) User=0.00s Sys=0.00s Real=0.00s
[2026-03-23T16:06:51.800+0900][10.409s][info][gc,start    ] GC(78) Pause Young (Allocation Failure)
[2026-03-23T16:06:51.800+0900][10.410s][info][gc,heap     ] GC(78) PSYoungGen: 17825K(20480K)->2176K(18432K) Eden: 16193K(16384K)->0K(15872K) From: 1632K(4096K)->2176K(2560K)
[2026-03-23T16:06:51.800+0900][10.410s][info][gc,heap     ] GC(78) ParOldGen: 290497K(291328K)->292049K(292864K)
[2026-03-23T16:06:51.800+0900][10.410s][info][gc,metaspace] GC(78) Metaspace: 242K(448K)->242K(448K) NonClass: 228K(320K)->228K(320K) Class: 14K(128K)->14K(128K)
[2026-03-23T16:06:51.800+0900][10.410s][info][gc          ] GC(78) Pause Young (Allocation Failure) 301M->287M(304M) 0.941ms
[2026-03-23T16:06:51.801+0900][10.410s][info][gc,cpu      ] GC(78) User=0.01s Sys=0.00s Real=0.00s
[2026-03-23T16:06:51.856+0900][10.465s][info][gc,start    ] GC(79) Pause Young (Allocation Failure)
[2026-03-23T16:06:51.857+0900][10.466s][info][gc,heap     ] GC(79) PSYoungGen: 17847K(18432K)->2144K(19968K) Eden: 15671K(15872K)->0K(15360K) From: 2176K(2560K)->2144K(4608K)
[2026-03-23T16:06:51.857+0900][10.466s][info][gc,heap     ] GC(79) ParOldGen: 292049K(292864K)->293601K(294400K)
[2026-03-23T16:06:51.857+0900][10.466s][info][gc,metaspace] GC(79) Metaspace: 242K(448K)->242K(448K) NonClass: 228K(320K)->228K(320K) Class: 14K(128K)->14K(128K)
[2026-03-23T16:06:51.857+0900][10.466s][info][gc          ] GC(79) Pause Young (Allocation Failure) 302M->288M(307M) 1.055ms
[2026-03-23T16:06:51.857+0900][10.466s][info][gc,cpu      ] GC(79) User=0.00s Sys=0.00s Real=0.00s
[2026-03-23T16:06:51.912+0900][10.521s][info][gc,start    ] GC(80) Pause Young (Allocation Failure)
[2026-03-23T16:06:51.913+0900][10.523s][info][gc,heap     ] GC(80) PSYoungGen: 17293K(19968K)->1600K(16896K) Eden: 15149K(15360K)->0K(14848K) From: 2144K(4608K)->1600K(2048K)
[2026-03-23T16:06:51.913+0900][10.523s][info][gc,heap     ] GC(80) ParOldGen: 293601K(294400K)->295153K(295936K)
[2026-03-23T16:06:51.913+0900][10.523s][info][gc,metaspace] GC(80) Metaspace: 242K(448K)->242K(448K) NonClass: 228K(320K)->228K(320K) Class: 14K(128K)->14K(128K)
[2026-03-23T16:06:51.913+0900][10.523s][info][gc          ] GC(80) Pause Young (Allocation Failure) 303M->289M(305M) 1.548ms
[2026-03-23T16:06:51.913+0900][10.523s][info][gc,cpu      ] GC(80) User=0.01s Sys=0.00s Real=0.00s
[2026-03-23T16:06:51.964+0900][10.573s][info][gc,start    ] GC(81) Pause Young (Allocation Failure)
[2026-03-23T16:06:51.965+0900][10.574s][info][gc,heap     ] GC(81) PSYoungGen: 16227K(16896K)->2176K(17920K) Eden: 14627K(14848K)->0K(14336K) From: 1600K(2048K)->2176K(3584K)
[2026-03-23T16:06:51.965+0900][10.574s][info][gc,heap     ] GC(81) ParOldGen: 295153K(295936K)->296705K(297472K)
[2026-03-23T16:06:51.965+0900][10.574s][info][gc,metaspace] GC(81) Metaspace: 242K(448K)->242K(448K) NonClass: 228K(320K)->228K(320K) Class: 14K(128K)->14K(128K)
[2026-03-23T16:06:51.965+0900][10.574s][info][gc          ] GC(81) Pause Young (Allocation Failure) 304M->291M(308M) 1.472ms
[2026-03-23T16:06:51.965+0900][10.574s][info][gc,cpu      ] GC(81) User=0.00s Sys=0.01s Real=0.00s
[2026-03-23T16:06:52.015+0900][10.625s][info][gc,start    ] GC(82) Pause Young (Allocation Failure)
[2026-03-23T16:06:52.016+0900][10.626s][info][gc,heap     ] GC(82) PSYoungGen: 16281K(17920K)->2144K(16384K) Eden: 14105K(14336K)->0K(13824K) From: 2176K(3584K)->2144K(2560K)
[2026-03-23T16:06:52.016+0900][10.626s][info][gc,heap     ] GC(82) ParOldGen: 296705K(297472K)->298257K(299008K)
[2026-03-23T16:06:52.016+0900][10.626s][info][gc,metaspace] GC(82) Metaspace: 242K(448K)->242K(448K) NonClass: 228K(320K)->228K(320K) Class: 14K(128K)->14K(128K)
[2026-03-23T16:06:52.016+0900][10.626s][info][gc          ] GC(82) Pause Young (Allocation Failure) 305M->293M(308M) 0.955ms
[2026-03-23T16:06:52.016+0900][10.626s][info][gc,cpu      ] GC(82) User=0.01s Sys=0.00s Real=0.00s
[2026-03-23T16:06:52.066+0900][10.676s][info][gc,start    ] GC(83) Pause Young (Allocation Failure)
[2026-03-23T16:06:52.067+0900][10.677s][info][gc,heap     ] GC(83) PSYoungGen: 15727K(16384K)->1632K(17408K) Eden: 13583K(13824K)->0K(13312K) From: 2144K(2560K)->1632K(4096K)
[2026-03-23T16:06:52.067+0900][10.677s][info][gc,heap     ] GC(83) ParOldGen: 298257K(299008K)->299809K(300544K)
[2026-03-23T16:06:52.067+0900][10.677s][info][gc,metaspace] GC(83) Metaspace: 242K(448K)->242K(448K) NonClass: 228K(320K)->228K(320K) Class: 14K(128K)->14K(128K)
[2026-03-23T16:06:52.067+0900][10.677s][info][gc          ] GC(83) Pause Young (Allocation Failure) 306M->294M(310M) 1.066ms
[2026-03-23T16:06:52.067+0900][10.677s][info][gc,cpu      ] GC(83) User=0.00s Sys=0.00s Real=0.00s
[2026-03-23T16:06:52.111+0900][10.720s][info][gc,start    ] GC(84) Pause Young (Allocation Failure)
[2026-03-23T16:06:52.112+0900][10.721s][info][gc,heap     ] GC(84) PSYoungGen: 14693K(17408K)->2144K(15360K) Eden: 13061K(13312K)->0K(12800K) From: 1632K(4096K)->2144K(2560K)
[2026-03-23T16:06:52.112+0900][10.721s][info][gc,heap     ] GC(84) ParOldGen: 299809K(300544K)->301361K(302080K)
[2026-03-23T16:06:52.112+0900][10.721s][info][gc,metaspace] GC(84) Metaspace: 242K(448K)->242K(448K) NonClass: 228K(320K)->228K(320K) Class: 14K(128K)->14K(128K)
[2026-03-23T16:06:52.112+0900][10.721s][info][gc          ] GC(84) Pause Young (Allocation Failure) 307M->296M(310M) 0.864ms
[2026-03-23T16:06:52.112+0900][10.721s][info][gc,cpu      ] GC(84) User=0.00s Sys=0.00s Real=0.00s
[2026-03-23T16:06:52.154+0900][10.763s][info][gc,start    ] GC(85) Pause Young (Allocation Failure)
[2026-03-23T16:06:52.155+0900][10.765s][info][gc,heap     ] GC(85) PSYoungGen: 14683K(15360K)->2112K(15360K) Eden: 12539K(12800K)->0K(12288K) From: 2144K(2560K)->2112K(3072K)
[2026-03-23T16:06:52.155+0900][10.765s][info][gc,heap     ] GC(85) ParOldGen: 301361K(302080K)->302913K(303616K)
[2026-03-23T16:06:52.155+0900][10.765s][info][gc,metaspace] GC(85) Metaspace: 242K(448K)->242K(448K) NonClass: 228K(320K)->228K(320K) Class: 14K(128K)->14K(128K)
[2026-03-23T16:06:52.155+0900][10.765s][info][gc          ] GC(85) Pause Young (Allocation Failure) 308M->297M(311M) 1.775ms
[2026-03-23T16:06:52.155+0900][10.765s][info][gc,cpu      ] GC(85) User=0.00s Sys=0.00s Real=0.00s
[2026-03-23T16:06:52.197+0900][10.806s][info][gc,start    ] GC(86) Pause Young (Allocation Failure)
[2026-03-23T16:06:52.198+0900][10.807s][info][gc,heap     ] GC(86) PSYoungGen: 14129K(15360K)->1632K(13824K) Eden: 12017K(12288K)->0K(11776K) From: 2112K(3072K)->1632K(2048K)
[2026-03-23T16:06:52.198+0900][10.807s][info][gc,heap     ] GC(86) ParOldGen: 302913K(303616K)->304465K(305152K)
[2026-03-23T16:06:52.198+0900][10.807s][info][gc,metaspace] GC(86) Metaspace: 242K(448K)->242K(448K) NonClass: 228K(320K)->228K(320K) Class: 14K(128K)->14K(128K)
[2026-03-23T16:06:52.198+0900][10.807s][info][gc          ] GC(86) Pause Young (Allocation Failure) 309M->298M(311M) 1.188ms
[2026-03-23T16:06:52.198+0900][10.807s][info][gc,cpu      ] GC(86) User=0.00s Sys=0.00s Real=0.00s
[2026-03-23T16:06:52.235+0900][10.844s][info][gc,start    ] GC(87) Pause Young (Allocation Failure)
[2026-03-23T16:06:52.236+0900][10.845s][info][gc,heap     ] GC(87) PSYoungGen: 13127K(13824K)->2112K(14848K) Eden: 11495K(11776K)->0K(11264K) From: 1632K(2048K)->2112K(3584K)
[2026-03-23T16:06:52.236+0900][10.845s][info][gc,heap     ] GC(87) ParOldGen: 304465K(305152K)->306017K(306688K)
[2026-03-23T16:06:52.236+0900][10.845s][info][gc,metaspace] GC(87) Metaspace: 242K(448K)->242K(448K) NonClass: 228K(320K)->228K(320K) Class: 14K(128K)->14K(128K)
[2026-03-23T16:06:52.236+0900][10.845s][info][gc          ] GC(87) Pause Young (Allocation Failure) 310M->300M(314M) 1.294ms
[2026-03-23T16:06:52.236+0900][10.845s][info][gc,cpu      ] GC(87) User=0.01s Sys=0.00s Real=0.00s
[2026-03-23T16:06:52.277+0900][10.887s][info][gc,start    ] GC(88) Pause Young (Allocation Failure)
[2026-03-23T16:06:52.278+0900][10.888s][info][gc,heap     ] GC(88) PSYoungGen: 13085K(14848K)->544K(11776K) Eden: 10973K(11264K)->0K(10752K) From: 2112K(3584K)->544K(1024K)
[2026-03-23T16:06:52.278+0900][10.888s][info][gc,heap     ] GC(88) ParOldGen: 306017K(306688K)->307569K(308224K)
[2026-03-23T16:06:52.278+0900][10.888s][info][gc,metaspace] GC(88) Metaspace: 242K(448K)->242K(448K) NonClass: 228K(320K)->228K(320K) Class: 14K(128K)->14K(128K)
[2026-03-23T16:06:52.278+0900][10.888s][info][gc          ] GC(88) Pause Young (Allocation Failure) 311M->300M(312M) 0.993ms
[2026-03-23T16:06:52.278+0900][10.888s][info][gc,cpu      ] GC(88) User=0.00s Sys=0.00s Real=0.00s
[2026-03-23T16:06:52.315+0900][10.925s][info][gc,start    ] GC(89) Pause Young (Allocation Failure)
[2026-03-23T16:06:52.316+0900][10.926s][info][gc,heap     ] GC(89) PSYoungGen: 10995K(11776K)->1632K(13824K) Eden: 10451K(10752K)->0K(10240K) From: 544K(1024K)->1632K(3584K)
[2026-03-23T16:06:52.316+0900][10.926s][info][gc,heap     ] GC(89) ParOldGen: 307569K(308224K)->307569K(308224K)
[2026-03-23T16:06:52.316+0900][10.926s][info][gc,metaspace] GC(89) Metaspace: 242K(448K)->242K(448K) NonClass: 228K(320K)->228K(320K) Class: 14K(128K)->14K(128K)
[2026-03-23T16:06:52.316+0900][10.926s][info][gc          ] GC(89) Pause Young (Allocation Failure) 311M->301M(314M) 0.867ms
[2026-03-23T16:06:52.316+0900][10.926s][info][gc,cpu      ] GC(89) User=0.01s Sys=0.00s Real=0.00s
[2026-03-23T16:06:52.348+0900][10.957s][info][gc,start    ] GC(90) Pause Young (Allocation Failure)
[2026-03-23T16:06:52.349+0900][10.959s][info][gc,heap     ] GC(90) PSYoungGen: 11561K(13824K)->2176K(14336K) Eden: 9929K(10240K)->0K(10240K) From: 1632K(3584K)->2176K(4096K)
[2026-03-23T16:06:52.349+0900][10.959s][info][gc,heap     ] GC(90) ParOldGen: 307569K(308224K)->309121K(309760K)
[2026-03-23T16:06:52.349+0900][10.959s][info][gc,metaspace] GC(90) Metaspace: 242K(448K)->242K(448K) NonClass: 228K(320K)->228K(320K) Class: 14K(128K)->14K(128K)
[2026-03-23T16:06:52.349+0900][10.959s][info][gc          ] GC(90) Pause Young (Allocation Failure) 311M->304M(316M) 1.627ms
[2026-03-23T16:06:52.349+0900][10.959s][info][gc,cpu      ] GC(90) User=0.00s Sys=0.00s Real=0.00s
[2026-03-23T16:06:52.381+0900][10.990s][info][gc,start    ] GC(91) Pause Young (Allocation Failure)
[2026-03-23T16:06:52.383+0900][10.992s][info][gc,heap     ] GC(91) PSYoungGen: 11593K(14336K)->2144K(14336K) Eden: 9416K(10240K)->0K(10240K) From: 2176K(4096K)->2144K(4096K)
[2026-03-23T16:06:52.383+0900][10.992s][info][gc,heap     ] GC(91) ParOldGen: 309121K(309760K)->310673K(311296K)
[2026-03-23T16:06:52.383+0900][10.992s][info][gc,metaspace] GC(91) Metaspace: 242K(448K)->242K(448K) NonClass: 228K(320K)->228K(320K) Class: 14K(128K)->14K(128K)
[2026-03-23T16:06:52.383+0900][10.992s][info][gc          ] GC(91) Pause Young (Allocation Failure) 313M->305M(318M) 1.865ms
[2026-03-23T16:06:52.383+0900][10.992s][info][gc,cpu      ] GC(91) User=0.01s Sys=0.01s Real=0.00s
[2026-03-23T16:06:52.421+0900][11.030s][info][gc,start    ] GC(92) Pause Young (Allocation Failure)
[2026-03-23T16:06:52.422+0900][11.032s][info][gc,heap     ] GC(92) PSYoungGen: 11560K(14336K)->1600K(12288K) Eden: 9416K(10240K)->0K(10240K) From: 2144K(4096K)->1600K(2048K)
[2026-03-23T16:06:52.422+0900][11.032s][info][gc,heap     ] GC(92) ParOldGen: 310673K(311296K)->311201K(311296K)
[2026-03-23T16:06:52.422+0900][11.032s][info][gc,metaspace] GC(92) Metaspace: 242K(448K)->242K(448K) NonClass: 228K(320K)->228K(320K) Class: 14K(128K)->14K(128K)
[2026-03-23T16:06:52.422+0900][11.032s][info][gc          ] GC(92) Pause Young (Allocation Failure) 314M->305M(316M) 1.599ms
[2026-03-23T16:06:52.422+0900][11.032s][info][gc,cpu      ] GC(92) User=0.00s Sys=0.00s Real=0.00s
[2026-03-23T16:06:52.454+0900][11.063s][info][gc,start    ] GC(93) Pause Young (Allocation Failure)
[2026-03-23T16:06:52.455+0900][11.064s][info][gc,heap     ] GC(93) PSYoungGen: 11016K(12288K)->2144K(13824K) Eden: 9416K(10240K)->0K(10240K) From: 1600K(2048K)->2144K(3584K)
[2026-03-23T16:06:52.455+0900][11.064s][info][gc,heap     ] GC(93) ParOldGen: 311201K(311296K)->312233K(312832K)
[2026-03-23T16:06:52.455+0900][11.064s][info][gc,metaspace] GC(93) Metaspace: 242K(448K)->242K(448K) NonClass: 228K(320K)->228K(320K) Class: 14K(128K)->14K(128K)
[2026-03-23T16:06:52.455+0900][11.064s][info][gc          ] GC(93) Pause Young (Allocation Failure) 314M->307M(319M) 1.110ms
[2026-03-23T16:06:52.455+0900][11.064s][info][gc,cpu      ] GC(93) User=0.01s Sys=0.00s Real=0.00s
[2026-03-23T16:06:52.487+0900][11.096s][info][gc,start    ] GC(94) Pause Young (Allocation Failure)
[2026-03-23T16:06:52.489+0900][11.098s][info][gc,heap     ] GC(94) PSYoungGen: 11560K(13824K)->2112K(13824K) Eden: 9416K(10240K)->0K(10240K) From: 2144K(3584K)->2112K(3584K)
[2026-03-23T16:06:52.489+0900][11.098s][info][gc,heap     ] GC(94) ParOldGen: 312233K(312832K)->313786K(314368K)
[2026-03-23T16:06:52.489+0900][11.098s][info][gc,metaspace] GC(94) Metaspace: 242K(448K)->242K(448K) NonClass: 228K(320K)->228K(320K) Class: 14K(128K)->14K(128K)
[2026-03-23T16:06:52.489+0900][11.098s][info][gc          ] GC(94) Pause Young (Allocation Failure) 316M->308M(320M) 1.753ms
[2026-03-23T16:06:52.489+0900][11.098s][info][gc,cpu      ] GC(94) User=0.00s Sys=0.00s Real=0.00s
[2026-03-23T16:06:52.525+0900][11.134s][info][gc,start    ] GC(95) Pause Young (Allocation Failure)
[2026-03-23T16:06:52.525+0900][11.135s][info][gc,heap     ] GC(95) PSYoungGen: 11528K(13824K)->1600K(13824K) Eden: 9416K(10240K)->0K(10240K) From: 2112K(3584K)->1600K(3584K)
[2026-03-23T16:06:52.525+0900][11.135s][info][gc,heap     ] GC(95) ParOldGen: 313786K(314368K)->314314K(314368K)
[2026-03-23T16:06:52.525+0900][11.135s][info][gc,metaspace] GC(95) Metaspace: 242K(448K)->242K(448K) NonClass: 228K(320K)->228K(320K) Class: 14K(128K)->14K(128K)
[2026-03-23T16:06:52.525+0900][11.135s][info][gc          ] GC(95) Pause Young (Allocation Failure) 317M->308M(320M) 0.860ms
[2026-03-23T16:06:52.525+0900][11.135s][info][gc,cpu      ] GC(95) User=0.00s Sys=0.00s Real=0.00s
[2026-03-23T16:06:52.558+0900][11.167s][info][gc,start    ] GC(96) Pause Young (Allocation Failure)
[2026-03-23T16:06:52.558+0900][11.168s][info][gc,heap     ] GC(96) PSYoungGen: 11016K(13824K)->2176K(13824K) Eden: 9416K(10240K)->0K(10240K) From: 1600K(3584K)->2176K(3584K)
[2026-03-23T16:06:52.558+0900][11.168s][info][gc,heap     ] GC(96) ParOldGen: 314314K(314368K)->315346K(315904K)
[2026-03-23T16:06:52.558+0900][11.168s][info][gc,metaspace] GC(96) Metaspace: 242K(448K)->242K(448K) NonClass: 228K(320K)->228K(320K) Class: 14K(128K)->14K(128K)
[2026-03-23T16:06:52.558+0900][11.168s][info][gc          ] GC(96) Pause Young (Allocation Failure) 317M->310M(322M) 0.788ms
[2026-03-23T16:06:52.558+0900][11.168s][info][gc,cpu      ] GC(96) User=0.00s Sys=0.00s Real=0.00s
[2026-03-23T16:06:52.588+0900][11.197s][info][gc,start    ] GC(97) Pause Young (Allocation Failure)
[2026-03-23T16:06:52.589+0900][11.198s][info][gc,heap     ] GC(97) PSYoungGen: 11592K(13824K)->2144K(13824K) Eden: 9416K(10240K)->0K(10240K) From: 2176K(3584K)->2144K(3584K)
[2026-03-23T16:06:52.589+0900][11.198s][info][gc,heap     ] GC(97) ParOldGen: 315346K(315904K)->316898K(317440K)
[2026-03-23T16:06:52.589+0900][11.198s][info][gc,metaspace] GC(97) Metaspace: 242K(448K)->242K(448K) NonClass: 228K(320K)->228K(320K) Class: 14K(128K)->14K(128K)
[2026-03-23T16:06:52.589+0900][11.198s][info][gc          ] GC(97) Pause Young (Allocation Failure) 319M->311M(323M) 0.765ms
[2026-03-23T16:06:52.589+0900][11.198s][info][gc,cpu      ] GC(97) User=0.00s Sys=0.00s Real=0.00s
[2026-03-23T16:06:52.624+0900][11.234s][info][gc,start    ] GC(98) Pause Young (Allocation Failure)
[2026-03-23T16:06:52.625+0900][11.234s][info][gc,heap     ] GC(98) PSYoungGen: 11560K(13824K)->1600K(13824K) Eden: 9416K(10240K)->0K(10240K) From: 2144K(3584K)->1600K(3584K)
[2026-03-23T16:06:52.625+0900][11.234s][info][gc,heap     ] GC(98) ParOldGen: 316898K(317440K)->317426K(317440K)
[2026-03-23T16:06:52.625+0900][11.234s][info][gc,metaspace] GC(98) Metaspace: 242K(448K)->242K(448K) NonClass: 228K(320K)->228K(320K) Class: 14K(128K)->14K(128K)
[2026-03-23T16:06:52.625+0900][11.234s][info][gc          ] GC(98) Pause Young (Allocation Failure) 320M->311M(323M) 0.619ms
[2026-03-23T16:06:52.625+0900][11.234s][info][gc,cpu      ] GC(98) User=0.00s Sys=0.00s Real=0.00s
[2026-03-23T16:06:52.657+0900][11.266s][info][gc,start    ] GC(99) Pause Young (Allocation Failure)
[2026-03-23T16:06:52.658+0900][11.267s][info][gc,heap     ] GC(99) PSYoungGen: 11016K(13824K)->2144K(12800K) Eden: 9416K(10240K)->0K(10240K) From: 1600K(3584K)->2144K(2560K)
[2026-03-23T16:06:52.658+0900][11.267s][info][gc,heap     ] GC(99) ParOldGen: 317426K(317440K)->318458K(318976K)
[2026-03-23T16:06:52.658+0900][11.267s][info][gc,metaspace] GC(99) Metaspace: 242K(448K)->242K(448K) NonClass: 228K(320K)->228K(320K) Class: 14K(128K)->14K(128K)
[2026-03-23T16:06:52.658+0900][11.267s][info][gc          ] GC(99) Pause Young (Allocation Failure) 320M->313M(324M) 0.833ms
[2026-03-23T16:06:52.658+0900][11.267s][info][gc,cpu      ] GC(99) User=0.00s Sys=0.00s Real=0.00s
[2026-03-23T16:06:52.689+0900][11.298s][info][gc,start    ] GC(100) Pause Young (Allocation Failure)
[2026-03-23T16:06:52.690+0900][11.299s][info][gc,heap     ] GC(100) PSYoungGen: 11560K(12800K)->2144K(13312K) Eden: 9416K(10240K)->0K(10240K) From: 2144K(2560K)->2144K(3072K)
[2026-03-23T16:06:52.690+0900][11.299s][info][gc,heap     ] GC(100) ParOldGen: 318458K(318976K)->320010K(320512K)
[2026-03-23T16:06:52.690+0900][11.299s][info][gc,metaspace] GC(100) Metaspace: 242K(448K)->242K(448K) NonClass: 228K(320K)->228K(320K) Class: 14K(128K)->14K(128K)
[2026-03-23T16:06:52.690+0900][11.299s][info][gc          ] GC(100) Pause Young (Allocation Failure) 322M->314M(326M) 0.538ms
[2026-03-23T16:06:52.690+0900][11.299s][info][gc,cpu      ] GC(100) User=0.00s Sys=0.00s Real=0.01s
[2026-03-23T16:06:52.727+0900][11.336s][info][gc,start    ] GC(101) Pause Young (Allocation Failure)
[2026-03-23T16:06:52.727+0900][11.337s][info][gc,heap     ] GC(101) PSYoungGen: 11560K(13312K)->1600K(15360K) Eden: 9416K(10240K)->0K(12288K) From: 2144K(3072K)->1600K(3072K)
[2026-03-23T16:06:52.727+0900][11.337s][info][gc,heap     ] GC(101) ParOldGen: 320010K(320512K)->320538K(321536K)
[2026-03-23T16:06:52.727+0900][11.337s][info][gc,metaspace] GC(101) Metaspace: 242K(448K)->242K(448K) NonClass: 228K(320K)->228K(320K) Class: 14K(128K)->14K(128K)
[2026-03-23T16:06:52.727+0900][11.337s][info][gc          ] GC(101) Pause Young (Allocation Failure) 323M->314M(329M) 0.504ms
[2026-03-23T16:06:52.727+0900][11.337s][info][gc,cpu      ] GC(101) User=0.00s Sys=0.00s Real=0.00s
[2026-03-23T16:06:52.770+0900][11.379s][info][gc,start    ] GC(102) Pause Young (Allocation Failure)
[2026-03-23T16:06:52.771+0900][11.380s][info][gc,heap     ] GC(102) PSYoungGen: 13616K(15360K)->1632K(15360K) Eden: 12016K(12288K)->0K(12288K) From: 1600K(3072K)->1632K(3072K)
[2026-03-23T16:06:52.771+0900][11.380s][info][gc,heap     ] GC(102) ParOldGen: 320538K(321536K)->321570K(323072K)
[2026-03-23T16:06:52.771+0900][11.380s][info][gc,metaspace] GC(102) Metaspace: 242K(448K)->242K(448K) NonClass: 228K(320K)->228K(320K) Class: 14K(128K)->14K(128K)
[2026-03-23T16:06:52.771+0900][11.380s][info][gc          ] GC(102) Pause Young (Allocation Failure) 326M->315M(330M) 0.690ms
[2026-03-23T16:06:52.771+0900][11.380s][info][gc,cpu      ] GC(102) User=0.01s Sys=0.00s Real=0.00s
[2026-03-23T16:06:52.808+0900][11.417s][info][gc,start    ] GC(103) Pause Young (Allocation Failure)
[2026-03-23T16:06:52.809+0900][11.418s][info][gc,heap     ] GC(103) PSYoungGen: 13137K(15360K)->2144K(17920K) Eden: 11505K(12288K)->0K(14848K) From: 1632K(3072K)->2144K(3072K)
[2026-03-23T16:06:52.809+0900][11.418s][info][gc,heap     ] GC(103) ParOldGen: 321570K(323072K)->323122K(324608K)
[2026-03-23T16:06:52.809+0900][11.418s][info][gc,metaspace] GC(103) Metaspace: 242K(448K)->242K(448K) NonClass: 228K(320K)->228K(320K) Class: 14K(128K)->14K(128K)
[2026-03-23T16:06:52.809+0900][11.418s][info][gc          ] GC(103) Pause Young (Allocation Failure) 326M->317M(334M) 0.824ms
[2026-03-23T16:06:52.809+0900][11.418s][info][gc,cpu      ] GC(103) User=0.00s Sys=0.00s Real=0.00s
[2026-03-23T16:06:52.855+0900][11.465s][info][gc,start    ] GC(104) Pause Young (Allocation Failure)
[2026-03-23T16:06:52.856+0900][11.466s][info][gc,heap     ] GC(104) PSYoungGen: 16259K(17920K)->2144K(17920K) Eden: 14115K(14848K)->0K(14848K) From: 2144K(3072K)->2144K(3072K)
[2026-03-23T16:06:52.856+0900][11.466s][info][gc,heap     ] GC(104) ParOldGen: 323122K(324608K)->324674K(326144K)
[2026-03-23T16:06:52.856+0900][11.466s][info][gc,metaspace] GC(104) Metaspace: 242K(448K)->242K(448K) NonClass: 228K(320K)->228K(320K) Class: 14K(128K)->14K(128K)
[2026-03-23T16:06:52.856+0900][11.466s][info][gc          ] GC(104) Pause Young (Allocation Failure) 331M->319M(336M) 0.961ms
[2026-03-23T16:06:52.856+0900][11.466s][info][gc,cpu      ] GC(104) User=0.00s Sys=0.00s Real=0.00s
[2026-03-23T16:06:52.905+0900][11.514s][info][gc,start    ] GC(105) Pause Young (Allocation Failure)
[2026-03-23T16:06:52.905+0900][11.515s][info][gc,heap     ] GC(105) PSYoungGen: 16259K(17920K)->2144K(20992K) Eden: 14115K(14848K)->0K(17920K) From: 2144K(3072K)->2144K(3072K)
[2026-03-23T16:06:52.905+0900][11.515s][info][gc,heap     ] GC(105) ParOldGen: 324674K(326144K)->326226K(327168K)
[2026-03-23T16:06:52.905+0900][11.515s][info][gc,metaspace] GC(105) Metaspace: 242K(448K)->242K(448K) NonClass: 228K(320K)->228K(320K) Class: 14K(128K)->14K(128K)
[2026-03-23T16:06:52.905+0900][11.515s][info][gc          ] GC(105) Pause Young (Allocation Failure) 332M->320M(340M) 0.559ms
[2026-03-23T16:06:52.905+0900][11.515s][info][gc,cpu      ] GC(105) User=0.01s Sys=0.01s Real=0.00s
[2026-03-23T16:06:52.965+0900][11.574s][info][gc,start    ] GC(106) Pause Young (Allocation Failure)
[2026-03-23T16:06:52.966+0900][11.575s][info][gc,heap     ] GC(106) PSYoungGen: 19391K(20992K)->2144K(20992K) Eden: 17247K(17920K)->0K(17920K) From: 2144K(3072K)->2144K(3072K)
[2026-03-23T16:06:52.966+0900][11.575s][info][gc,heap     ] GC(106) ParOldGen: 326226K(327168K)->327778K(328704K)
[2026-03-23T16:06:52.966+0900][11.575s][info][gc,metaspace] GC(106) Metaspace: 242K(448K)->242K(448K) NonClass: 228K(320K)->228K(320K) Class: 14K(128K)->14K(128K)
[2026-03-23T16:06:52.966+0900][11.575s][info][gc          ] GC(106) Pause Young (Allocation Failure) 337M->322M(341M) 0.821ms
[2026-03-23T16:06:52.966+0900][11.575s][info][gc,cpu      ] GC(106) User=0.00s Sys=0.00s Real=0.00s
[2026-03-23T16:06:53.027+0900][11.637s][info][gc,start    ] GC(107) Pause Young (Allocation Failure)
[2026-03-23T16:06:53.028+0900][11.637s][info][gc,heap     ] GC(107) PSYoungGen: 19391K(20992K)->2144K(24576K) Eden: 17247K(17920K)->0K(21504K) From: 2144K(3072K)->2144K(3072K)
[2026-03-23T16:06:53.028+0900][11.637s][info][gc,heap     ] GC(107) ParOldGen: 327778K(328704K)->329330K(330240K)
[2026-03-23T16:06:53.028+0900][11.637s][info][gc,metaspace] GC(107) Metaspace: 242K(448K)->242K(448K) NonClass: 228K(320K)->228K(320K) Class: 14K(128K)->14K(128K)
[2026-03-23T16:06:53.028+0900][11.638s][info][gc          ] GC(107) Pause Young (Allocation Failure) 339M->323M(346M) 0.695ms
[2026-03-23T16:06:53.028+0900][11.638s][info][gc,cpu      ] GC(107) User=0.00s Sys=0.00s Real=0.00s
[2026-03-23T16:06:53.103+0900][11.712s][info][gc,start    ] GC(108) Pause Young (Allocation Failure)
[2026-03-23T16:06:53.104+0900][11.713s][info][gc,heap     ] GC(108) PSYoungGen: 23558K(24576K)->2144K(24576K) Eden: 21413K(21504K)->0K(21504K) From: 2144K(3072K)->2144K(3072K)
[2026-03-23T16:06:53.104+0900][11.713s][info][gc,heap     ] GC(108) ParOldGen: 329330K(330240K)->331906K(333312K)
[2026-03-23T16:06:53.104+0900][11.713s][info][gc,metaspace] GC(108) Metaspace: 242K(448K)->242K(448K) NonClass: 228K(320K)->228K(320K) Class: 14K(128K)->14K(128K)
[2026-03-23T16:06:53.104+0900][11.713s][info][gc          ] GC(108) Pause Young (Allocation Failure) 344M->326M(349M) 0.799ms
[2026-03-23T16:06:53.104+0900][11.713s][info][gc,cpu      ] GC(108) User=0.01s Sys=0.00s Real=0.00s
[2026-03-23T16:06:53.175+0900][11.785s][info][gc,start    ] GC(109) Pause Young (Allocation Failure)
[2026-03-23T16:06:53.176+0900][11.786s][info][gc,heap     ] GC(109) PSYoungGen: 23046K(24576K)->2144K(29184K) Eden: 20902K(21504K)->0K(26112K) From: 2144K(3072K)->2144K(3072K)
[2026-03-23T16:06:53.176+0900][11.786s][info][gc,heap     ] GC(109) ParOldGen: 331906K(333312K)->333986K(334848K)
[2026-03-23T16:06:53.176+0900][11.786s][info][gc,metaspace] GC(109) Metaspace: 242K(448K)->242K(448K) NonClass: 228K(320K)->228K(320K) Class: 14K(128K)->14K(128K)
[2026-03-23T16:06:53.176+0900][11.786s][info][gc          ] GC(109) Pause Young (Allocation Failure) 346M->328M(355M) 1.056ms
[2026-03-23T16:06:53.176+0900][11.786s][info][gc,cpu      ] GC(109) User=0.00s Sys=0.00s Real=0.00s
[2026-03-23T16:06:53.262+0900][11.871s][info][gc,start    ] GC(110) Pause Young (Allocation Failure)
[2026-03-23T16:06:53.263+0900][11.872s][info][gc,heap     ] GC(110) PSYoungGen: 27232K(29184K)->2688K(29184K) Eden: 25088K(26112K)->0K(26112K) From: 2144K(3072K)->2688K(3072K)
[2026-03-23T16:06:53.263+0900][11.873s][info][gc,heap     ] GC(110) ParOldGen: 333986K(334848K)->336562K(337920K)
[2026-03-23T16:06:53.263+0900][11.873s][info][gc,metaspace] GC(110) Metaspace: 242K(448K)->242K(448K) NonClass: 228K(320K)->228K(320K) Class: 14K(128K)->14K(128K)
[2026-03-23T16:06:53.263+0900][11.873s][info][gc          ] GC(110) Pause Young (Allocation Failure) 352M->331M(358M) 1.069ms
[2026-03-23T16:06:53.263+0900][11.873s][info][gc,cpu      ] GC(110) User=0.01s Sys=0.00s Real=0.00s
[2026-03-23T16:06:53.350+0900][11.960s][info][gc,start    ] GC(111) Pause Young (Allocation Failure)
[2026-03-23T16:06:53.351+0900][11.961s][info][gc,heap     ] GC(111) PSYoungGen: 27776K(29184K)->2720K(34816K) Eden: 25088K(26112K)->0K(31744K) From: 2688K(3072K)->2720K(3072K)
[2026-03-23T16:06:53.351+0900][11.961s][info][gc,heap     ] GC(111) ParOldGen: 336562K(337920K)->339666K(339968K)
[2026-03-23T16:06:53.351+0900][11.961s][info][gc,metaspace] GC(111) Metaspace: 242K(448K)->242K(448K) NonClass: 228K(320K)->228K(320K) Class: 14K(128K)->14K(128K)
[2026-03-23T16:06:53.351+0900][11.961s][info][gc          ] GC(111) Pause Young (Allocation Failure) 355M->334M(366M) 0.853ms
[2026-03-23T16:06:53.351+0900][11.961s][info][gc,cpu      ] GC(111) User=0.00s Sys=0.00s Real=0.00s
[2026-03-23T16:06:53.466+0900][12.075s][info][gc,start    ] GC(112) Pause Young (Allocation Failure)
[2026-03-23T16:06:53.467+0900][12.077s][info][gc,heap     ] GC(112) PSYoungGen: 33551K(34816K)->2720K(33280K) Eden: 30830K(31744K)->0K(30208K) From: 2720K(3072K)->2720K(3072K)
[2026-03-23T16:06:53.467+0900][12.077s][info][gc,heap     ] GC(112) ParOldGen: 339666K(339968K)->343282K(344064K)
[2026-03-23T16:06:53.467+0900][12.077s][info][gc,metaspace] GC(112) Metaspace: 242K(448K)->242K(448K) NonClass: 228K(320K)->228K(320K) Class: 14K(128K)->14K(128K)
[2026-03-23T16:06:53.467+0900][12.077s][info][gc          ] GC(112) Pause Young (Allocation Failure) 364M->337M(368M) 1.570ms
[2026-03-23T16:06:53.467+0900][12.077s][info][gc,cpu      ] GC(112) User=0.01s Sys=0.00s Real=0.00s
[2026-03-23T16:06:53.574+0900][12.183s][info][gc,start    ] GC(113) Pause Young (Allocation Failure)
[2026-03-23T16:06:53.575+0900][12.184s][info][gc,heap     ] GC(113) PSYoungGen: 31984K(33280K)->2208K(31744K) Eden: 29264K(30208K)->0K(29184K) From: 2720K(3072K)->2208K(2560K)
[2026-03-23T16:06:53.575+0900][12.184s][info][gc,heap     ] GC(113) ParOldGen: 343282K(344064K)->346899K(347136K)
[2026-03-23T16:06:53.575+0900][12.184s][info][gc,metaspace] GC(113) Metaspace: 242K(448K)->242K(448K) NonClass: 228K(320K)->228K(320K) Class: 14K(128K)->14K(128K)
[2026-03-23T16:06:53.575+0900][12.184s][info][gc          ] GC(113) Pause Young (Allocation Failure) 366M->340M(370M) 1.173ms
[2026-03-23T16:06:53.575+0900][12.184s][info][gc,cpu      ] GC(113) User=0.00s Sys=0.00s Real=0.00s
[2026-03-23T16:06:53.682+0900][12.292s][info][gc,start    ] GC(114) Pause Full (Ergonomics)
[2026-03-23T16:06:53.682+0900][12.292s][info][gc,phases,start] GC(114) Marking Phase
[2026-03-23T16:06:53.684+0900][12.293s][info][gc,phases      ] GC(114) Marking Phase 1.810ms
[2026-03-23T16:06:53.684+0900][12.294s][info][gc,phases,start] GC(114) Summary Phase
[2026-03-23T16:06:53.684+0900][12.294s][info][gc,phases      ] GC(114) Summary Phase 0.023ms
[2026-03-23T16:06:53.684+0900][12.294s][info][gc,phases,start] GC(114) Adjust Roots
[2026-03-23T16:06:53.684+0900][12.294s][info][gc,phases      ] GC(114) Adjust Roots 0.210ms
[2026-03-23T16:06:53.684+0900][12.294s][info][gc,phases,start] GC(114) Compaction Phase
[2026-03-23T16:06:53.686+0900][12.295s][info][gc,phases      ] GC(114) Compaction Phase 1.543ms
[2026-03-23T16:06:53.686+0900][12.295s][info][gc,phases,start] GC(114) Post Compact
[2026-03-23T16:06:53.687+0900][12.296s][info][gc,phases      ] GC(114) Post Compact 0.868ms
[2026-03-23T16:06:53.689+0900][12.299s][info][gc,heap        ] GC(114) PSYoungGen: 30944K(31744K)->0K(29696K) Eden: 28736K(29184K)->0K(29184K) From: 2208K(2560K)->0K(512K)
[2026-03-23T16:06:53.689+0900][12.299s][info][gc,heap        ] GC(114) ParOldGen: 346899K(347136K)->67273K(175104K)
[2026-03-23T16:06:53.689+0900][12.299s][info][gc,metaspace   ] GC(114) Metaspace: 242K(448K)->242K(448K) NonClass: 228K(320K)->228K(320K) Class: 14K(128K)->14K(128K)
[2026-03-23T16:06:53.689+0900][12.299s][info][gc             ] GC(114) Pause Full (Ergonomics) 368M->65M(200M) 7.017ms
[2026-03-23T16:06:53.689+0900][12.299s][info][gc,cpu         ] GC(114) User=0.02s Sys=0.01s Real=0.00s
[2026-03-23T16:06:53.789+0900][12.399s][info][gc,start       ] GC(115) Pause Young (Allocation Failure)
[2026-03-23T16:06:53.790+0900][12.399s][info][gc,heap        ] GC(115) PSYoungGen: 28226K(29696K)->2752K(31744K) Eden: 28226K(29184K)->0K(28672K) From: 0K(512K)->2752K(3072K)
[2026-03-23T16:06:53.790+0900][12.399s][info][gc,heap        ] GC(115) ParOldGen: 67273K(175104K)->68809K(175104K)
[2026-03-23T16:06:53.790+0900][12.399s][info][gc,metaspace   ] GC(115) Metaspace: 242K(448K)->242K(448K) NonClass: 228K(320K)->228K(320K) Class: 14K(128K)->14K(128K)
[2026-03-23T16:06:53.790+0900][12.399s][info][gc             ] GC(115) Pause Young (Allocation Failure) 93M->69M(202M) 0.549ms
[2026-03-23T16:06:53.790+0900][12.399s][info][gc,cpu         ] GC(115) User=0.00s Sys=0.00s Real=0.01s
[2026-03-23T16:06:53.888+0900][12.497s][info][gc,start       ] GC(116) Pause Young (Allocation Failure)
[2026-03-23T16:06:53.889+0900][12.498s][info][gc,heap        ] GC(116) PSYoungGen: 30458K(31744K)->2656K(32256K) Eden: 27706K(28672K)->0K(28672K) From: 2752K(3072K)->2656K(3584K)
[2026-03-23T16:06:53.889+0900][12.498s][info][gc,heap        ] GC(116) ParOldGen: 68809K(175104K)->72425K(175104K)
[2026-03-23T16:06:53.889+0900][12.498s][info][gc,metaspace   ] GC(116) Metaspace: 242K(448K)->242K(448K) NonClass: 228K(320K)->228K(320K) Class: 14K(128K)->14K(128K)
[2026-03-23T16:06:53.889+0900][12.498s][info][gc             ] GC(116) Pause Young (Allocation Failure) 96M->73M(202M) 0.610ms
[2026-03-23T16:06:53.889+0900][12.498s][info][gc,cpu         ] GC(116) User=0.00s Sys=0.00s Real=0.00s
[2026-03-23T16:06:53.989+0900][12.598s][info][gc,start       ] GC(117) Pause Young (Allocation Failure)
[2026-03-23T16:06:53.989+0900][12.599s][info][gc,heap        ] GC(117) PSYoungGen: 30363K(32256K)->2656K(32256K) Eden: 27707K(28672K)->0K(28672K) From: 2656K(3584K)->2656K(3584K)
[2026-03-23T16:06:53.989+0900][12.599s][info][gc,heap        ] GC(117) ParOldGen: 72425K(175104K)->75521K(175104K)
[2026-03-23T16:06:53.989+0900][12.599s][info][gc,metaspace   ] GC(117) Metaspace: 242K(448K)->242K(448K) NonClass: 228K(320K)->228K(320K) Class: 14K(128K)->14K(128K)
[2026-03-23T16:06:53.989+0900][12.599s][info][gc             ] GC(117) Pause Young (Allocation Failure) 100M->76M(202M) 0.592ms
[2026-03-23T16:06:53.989+0900][12.599s][info][gc,cpu         ] GC(117) User=0.00s Sys=0.00s Real=0.00s
[2026-03-23T16:06:54.044+0900][12.653s][info][gc,heap,exit   ] Heap
[2026-03-23T16:06:54.044+0900][12.653s][info][gc,heap,exit   ]  PSYoungGen      total 32256K, used 18137K [0x000000034a580000, 0x000000034c880000, 0x0000000355000000)
[2026-03-23T16:06:54.044+0900][12.653s][info][gc,heap,exit   ]   eden space 28672K, 53% used [0x000000034a580000,0x000000034b49e408,0x000000034c180000)
[2026-03-23T16:06:54.044+0900][12.653s][info][gc,heap,exit   ]   from space 3584K, 74% used [0x000000034c500000,0x000000034c798060,0x000000034c880000)
[2026-03-23T16:06:54.044+0900][12.653s][info][gc,heap,exit   ]   to   space 3584K, 0% used [0x000000034c180000,0x000000034c180000,0x000000034c500000)
[2026-03-23T16:06:54.044+0900][12.653s][info][gc,heap,exit   ]  ParOldGen       total 175104K, used 75521K [0x0000000335000000, 0x000000033fb00000, 0x000000034a580000)
[2026-03-23T16:06:54.044+0900][12.653s][info][gc,heap,exit   ]   object space 175104K, 43% used [0x0000000335000000,0x00000003399c0620,0x000000033fb00000)
[2026-03-23T16:06:54.044+0900][12.653s][info][gc,heap,exit   ]  Metaspace       used 242K, committed 448K, reserved 1114112K
[2026-03-23T16:06:54.044+0900][12.653s][info][gc,heap,exit   ]   class space    used 14K, committed 128K, reserved 1048576K
