[2026-03-23T15:58:49.814+0900][0.003s][info][gc,init] CardTable entry size: 512
[2026-03-23T15:58:49.814+0900][0.003s][info][gc     ] Using Parallel
[2026-03-23T15:58:49.814+0900][0.003s][info][gc,init] Version: 21.0.9+10-LTS (release)
[2026-03-23T15:58:49.814+0900][0.003s][info][gc,init] CPUs: 14 total, 14 available
[2026-03-23T15:58:49.814+0900][0.003s][info][gc,init] Memory: 49152M
[2026-03-23T15:58:49.814+0900][0.003s][info][gc,init] Large Page Support: Disabled
[2026-03-23T15:58:49.814+0900][0.003s][info][gc,init] NUMA Support: Disabled
[2026-03-23T15:58:49.814+0900][0.003s][info][gc,init] Compressed Oops: Enabled (Zero based)
[2026-03-23T15:58:49.814+0900][0.003s][info][gc,init] Alignments: Space 512K, Generation 512K, Heap 8M
[2026-03-23T15:58:49.814+0900][0.003s][info][gc,init] Heap Min Capacity: 256M
[2026-03-23T15:58:49.814+0900][0.003s][info][gc,init] Heap Initial Capacity: 256M
[2026-03-23T15:58:49.814+0900][0.003s][info][gc,init] Heap Max Capacity: 512M
[2026-03-23T15:58:49.814+0900][0.003s][info][gc,init] Pre-touch: Disabled
[2026-03-23T15:58:49.814+0900][0.003s][info][gc,init] Parallel Workers: 11
[2026-03-23T15:58:49.817+0900][0.006s][info][gc,metaspace] CDS archive(s) mapped at: [0x0000007000000000-0x0000007000c9c000-0x0000007000c9c000), size 13221888, SharedBaseAddress: 0x0000007000000000, ArchiveRelocationMode: 1.
[2026-03-23T15:58:49.817+0900][0.006s][info][gc,metaspace] Compressed class space mapped at: 0x0000007001000000-0x0000007041000000, reserved size: 1073741824
[2026-03-23T15:58:49.817+0900][0.006s][info][gc,metaspace] Narrow klass base: 0x0000007000000000, Narrow klass shift: 0, Narrow klass range: 0x100000000
[2026-03-23T15:58:50.038+0900][0.227s][info][gc,start    ] GC(0) Pause Young (Allocation Failure)
[2026-03-23T15:58:50.040+0900][0.229s][info][gc,heap     ] GC(0) PSYoungGen: 64923K(76288K)->9984K(76288K) Eden: 64923K(65536K)->0K(65536K) From: 0K(10752K)->9984K(10752K)
[2026-03-23T15:58:50.040+0900][0.229s][info][gc,heap     ] GC(0) ParOldGen: 1056K(175104K)->1064K(175104K)
[2026-03-23T15:58:50.040+0900][0.229s][info][gc,metaspace] GC(0) Metaspace: 216K(384K)->216K(384K) NonClass: 201K(256K)->201K(256K) Class: 14K(128K)->14K(128K)
[2026-03-23T15:58:50.040+0900][0.229s][info][gc          ] GC(0) Pause Young (Allocation Failure) 64M->10M(245M) 2.066ms
[2026-03-23T15:58:50.040+0900][0.229s][info][gc,cpu      ] GC(0) User=0.00s Sys=0.00s Real=0.01s
[2026-03-23T15:58:50.281+0900][0.470s][info][gc,start    ] GC(1) Pause Young (Allocation Failure)
[2026-03-23T15:58:50.282+0900][0.471s][info][gc,heap     ] GC(1) PSYoungGen: 74718K(76288K)->10512K(76288K) Eden: 64734K(65536K)->0K(65536K) From: 9984K(10752K)->10512K(10752K)
[2026-03-23T15:58:50.282+0900][0.471s][info][gc,heap     ] GC(1) ParOldGen: 1064K(175104K)->6704K(175104K)
[2026-03-23T15:58:50.282+0900][0.471s][info][gc,metaspace] GC(1) Metaspace: 217K(384K)->217K(384K) NonClass: 202K(256K)->202K(256K) Class: 14K(128K)->14K(128K)
[2026-03-23T15:58:50.282+0900][0.471s][info][gc          ] GC(1) Pause Young (Allocation Failure) 74M->16M(245M) 1.510ms
[2026-03-23T15:58:50.282+0900][0.471s][info][gc,cpu      ] GC(1) User=0.00s Sys=0.01s Real=0.00s
[2026-03-23T15:58:50.514+0900][0.703s][info][gc,start    ] GC(2) Pause Young (Allocation Failure)
[2026-03-23T15:58:50.517+0900][0.706s][info][gc,heap     ] GC(2) PSYoungGen: 75267K(76288K)->10512K(76288K) Eden: 64755K(65536K)->0K(65536K) From: 10512K(10752K)->10512K(10752K)
[2026-03-23T15:58:50.517+0900][0.706s][info][gc,heap     ] GC(2) ParOldGen: 6704K(175104K)->14392K(175104K)
[2026-03-23T15:58:50.517+0900][0.706s][info][gc,metaspace] GC(2) Metaspace: 221K(384K)->221K(384K) NonClass: 206K(256K)->206K(256K) Class: 14K(128K)->14K(128K)
[2026-03-23T15:58:50.517+0900][0.706s][info][gc          ] GC(2) Pause Young (Allocation Failure) 80M->24M(245M) 3.241ms
[2026-03-23T15:58:50.517+0900][0.706s][info][gc,cpu      ] GC(2) User=0.01s Sys=0.00s Real=0.00s
[2026-03-23T15:58:50.755+0900][0.944s][info][gc,start    ] GC(3) Pause Young (Allocation Failure)
[2026-03-23T15:58:50.756+0900][0.945s][info][gc,heap     ] GC(3) PSYoungGen: 75281K(76288K)->10512K(76288K) Eden: 64769K(65536K)->0K(65536K) From: 10512K(10752K)->10512K(10752K)
[2026-03-23T15:58:50.756+0900][0.945s][info][gc,heap     ] GC(3) ParOldGen: 14392K(175104K)->22081K(175104K)
[2026-03-23T15:58:50.756+0900][0.945s][info][gc,metaspace] GC(3) Metaspace: 225K(384K)->225K(384K) NonClass: 210K(256K)->210K(256K) Class: 14K(128K)->14K(128K)
[2026-03-23T15:58:50.756+0900][0.945s][info][gc          ] GC(3) Pause Young (Allocation Failure) 87M->31M(245M) 0.980ms
[2026-03-23T15:58:50.756+0900][0.945s][info][gc,cpu      ] GC(3) User=0.00s Sys=0.00s Real=0.00s
[2026-03-23T15:58:50.996+0900][1.185s][info][gc,start    ] GC(4) Pause Young (Allocation Failure)
[2026-03-23T15:58:50.997+0900][1.186s][info][gc,heap     ] GC(4) PSYoungGen: 75290K(76288K)->10512K(74752K) Eden: 64778K(65536K)->0K(64000K) From: 10512K(10752K)->10512K(10752K)
[2026-03-23T15:58:50.997+0900][1.186s][info][gc,heap     ] GC(4) ParOldGen: 22081K(175104K)->28225K(175104K)
[2026-03-23T15:58:50.997+0900][1.186s][info][gc,metaspace] GC(4) Metaspace: 228K(384K)->228K(384K) NonClass: 213K(256K)->213K(256K) Class: 14K(128K)->14K(128K)
[2026-03-23T15:58:50.997+0900][1.186s][info][gc          ] GC(4) Pause Young (Allocation Failure) 95M->37M(244M) 0.927ms
[2026-03-23T15:58:50.997+0900][1.186s][info][gc,cpu      ] GC(4) User=0.00s Sys=0.00s Real=0.00s
[2026-03-23T15:58:51.223+0900][1.413s][info][gc,start    ] GC(5) Pause Young (Allocation Failure)
[2026-03-23T15:58:51.225+0900][1.414s][info][gc,heap     ] GC(5) PSYoungGen: 73730K(74752K)->10000K(72704K) Eden: 63218K(64000K)->0K(62464K) From: 10512K(10752K)->10000K(10240K)
[2026-03-23T15:58:51.225+0900][1.414s][info][gc,heap     ] GC(5) ParOldGen: 28225K(175104K)->36417K(175104K)
[2026-03-23T15:58:51.225+0900][1.414s][info][gc,metaspace] GC(5) Metaspace: 228K(384K)->228K(384K) NonClass: 213K(256K)->213K(256K) Class: 14K(128K)->14K(128K)
[2026-03-23T15:58:51.225+0900][1.414s][info][gc          ] GC(5) Pause Young (Allocation Failure) 99M->45M(242M) 1.948ms
[2026-03-23T15:58:51.225+0900][1.414s][info][gc,cpu      ] GC(5) User=0.00s Sys=0.00s Real=0.00s
[2026-03-23T15:58:51.451+0900][1.640s][info][gc,start    ] GC(6) Pause Young (Allocation Failure)
[2026-03-23T15:58:51.452+0900][1.641s][info][gc,heap     ] GC(6) PSYoungGen: 71655K(72704K)->9824K(71680K) Eden: 61655K(62464K)->0K(61440K) From: 10000K(10240K)->9824K(10240K)
[2026-03-23T15:58:51.452+0900][1.641s][info][gc,heap     ] GC(6) ParOldGen: 36417K(175104K)->42737K(175104K)
[2026-03-23T15:58:51.452+0900][1.641s][info][gc,metaspace] GC(6) Metaspace: 233K(448K)->233K(448K) NonClass: 219K(320K)->219K(320K) Class: 14K(128K)->14K(128K)
[2026-03-23T15:58:51.452+0900][1.641s][info][gc          ] GC(6) Pause Young (Allocation Failure) 105M->51M(241M) 0.935ms
[2026-03-23T15:58:51.452+0900][1.641s][info][gc,cpu      ] GC(6) User=0.00s Sys=0.00s Real=0.00s
[2026-03-23T15:58:51.676+0900][1.866s][info][gc,start    ] GC(7) Pause Young (Allocation Failure)
[2026-03-23T15:58:51.680+0900][1.869s][info][gc,heap     ] GC(7) PSYoungGen: 70950K(71680K)->9280K(70144K) Eden: 61125K(61440K)->0K(60416K) From: 9824K(10240K)->9280K(9728K)
[2026-03-23T15:58:51.680+0900][1.869s][info][gc,heap     ] GC(7) ParOldGen: 42737K(175104K)->50426K(175104K)
[2026-03-23T15:58:51.680+0900][1.869s][info][gc,metaspace] GC(7) Metaspace: 236K(448K)->236K(448K) NonClass: 221K(320K)->221K(320K) Class: 14K(128K)->14K(128K)
[2026-03-23T15:58:51.680+0900][1.869s][info][gc          ] GC(7) Pause Young (Allocation Failure) 111M->58M(239M) 3.872ms
[2026-03-23T15:58:51.680+0900][1.870s][info][gc,cpu      ] GC(7) User=0.00s Sys=0.01s Real=0.01s
[2026-03-23T15:58:51.906+0900][2.095s][info][gc,start    ] GC(8) Pause Young (Allocation Failure)
[2026-03-23T15:58:51.907+0900][2.096s][info][gc,heap     ] GC(8) PSYoungGen: 69363K(70144K)->10912K(70656K) Eden: 60083K(60416K)->0K(59392K) From: 9280K(9728K)->10912K(11264K)
[2026-03-23T15:58:51.907+0900][2.096s][info][gc,heap     ] GC(8) ParOldGen: 50426K(175104K)->55074K(175104K)
[2026-03-23T15:58:51.907+0900][2.096s][info][gc,metaspace] GC(8) Metaspace: 236K(448K)->236K(448K) NonClass: 221K(320K)->221K(320K) Class: 14K(128K)->14K(128K)
[2026-03-23T15:58:51.907+0900][2.096s][info][gc          ] GC(8) Pause Young (Allocation Failure) 116M->64M(240M) 0.582ms
[2026-03-23T15:58:51.907+0900][2.096s][info][gc,cpu      ] GC(8) User=0.00s Sys=0.00s Real=0.00s
[2026-03-23T15:58:52.117+0900][2.306s][info][gc,start    ] GC(9) Pause Young (Allocation Failure)
[2026-03-23T15:58:52.118+0900][2.307s][info][gc,heap     ] GC(9) PSYoungGen: 69952K(70656K)->8832K(67584K) Eden: 59039K(59392K)->0K(58368K) From: 10912K(11264K)->8832K(9216K)
[2026-03-23T15:58:52.118+0900][2.307s][info][gc,heap     ] GC(9) ParOldGen: 55074K(175104K)->63818K(175104K)
[2026-03-23T15:58:52.118+0900][2.307s][info][gc,metaspace] GC(9) Metaspace: 236K(448K)->236K(448K) NonClass: 221K(320K)->221K(320K) Class: 14K(128K)->14K(128K)
[2026-03-23T15:58:52.118+0900][2.307s][info][gc          ] GC(9) Pause Young (Allocation Failure) 122M->70M(237M) 0.965ms
[2026-03-23T15:58:52.118+0900][2.307s][info][gc,cpu      ] GC(9) User=0.00s Sys=0.00s Real=0.00s
[2026-03-23T15:58:52.330+0900][2.519s][info][gc,start    ] GC(10) Pause Young (Allocation Failure)
[2026-03-23T15:58:52.331+0900][2.520s][info][gc,heap     ] GC(10) PSYoungGen: 66828K(67584K)->6208K(64000K) Eden: 57996K(58368K)->0K(57344K) From: 8832K(9216K)->6208K(6656K)
[2026-03-23T15:58:52.331+0900][2.520s][info][gc,heap     ] GC(10) ParOldGen: 63818K(175104K)->72050K(175104K)
[2026-03-23T15:58:52.331+0900][2.520s][info][gc,metaspace] GC(10) Metaspace: 236K(448K)->236K(448K) NonClass: 221K(320K)->221K(320K) Class: 14K(128K)->14K(128K)
[2026-03-23T15:58:52.331+0900][2.520s][info][gc          ] GC(10) Pause Young (Allocation Failure) 127M->76M(233M) 1.375ms
[2026-03-23T15:58:52.331+0900][2.520s][info][gc,cpu      ] GC(10) User=0.00s Sys=0.00s Real=0.00s
[2026-03-23T15:58:52.529+0900][2.718s][info][gc,start    ] GC(11) Pause Young (Allocation Failure)
[2026-03-23T15:58:52.531+0900][2.720s][info][gc,heap     ] GC(11) PSYoungGen: 63160K(64000K)->7776K(67584K) Eden: 56952K(57344K)->0K(56320K) From: 6208K(6656K)->7776K(11264K)
[2026-03-23T15:58:52.531+0900][2.720s][info][gc,heap     ] GC(11) ParOldGen: 72050K(175104K)->78226K(175104K)
[2026-03-23T15:58:52.531+0900][2.720s][info][gc,metaspace] GC(11) Metaspace: 236K(448K)->236K(448K) NonClass: 221K(320K)->221K(320K) Class: 14K(128K)->14K(128K)
[2026-03-23T15:58:52.531+0900][2.720s][info][gc          ] GC(11) Pause Young (Allocation Failure) 132M->83M(237M) 1.718ms
[2026-03-23T15:58:52.531+0900][2.720s][info][gc,cpu      ] GC(11) User=0.00s Sys=0.00s Real=0.01s
[2026-03-23T15:58:52.729+0900][2.918s][info][gc,start    ] GC(12) Pause Young (Allocation Failure)
[2026-03-23T15:58:52.731+0900][2.921s][info][gc,heap     ] GC(12) PSYoungGen: 63685K(67584K)->8320K(64000K) Eden: 55908K(56320K)->0K(55296K) From: 7776K(11264K)->8320K(8704K)
[2026-03-23T15:58:52.731+0900][2.921s][info][gc,heap     ] GC(12) ParOldGen: 78226K(175104K)->84395K(175104K)
[2026-03-23T15:58:52.731+0900][2.921s][info][gc,metaspace] GC(12) Metaspace: 236K(448K)->236K(448K) NonClass: 221K(320K)->221K(320K) Class: 14K(128K)->14K(128K)
[2026-03-23T15:58:52.731+0900][2.921s][info][gc          ] GC(12) Pause Young (Allocation Failure) 138M->90M(233M) 2.415ms
[2026-03-23T15:58:52.731+0900][2.921s][info][gc,cpu      ] GC(12) User=0.00s Sys=0.00s Real=0.01s
[2026-03-23T15:58:52.931+0900][3.120s][info][gc,start    ] GC(13) Pause Young (Allocation Failure)
[2026-03-23T15:58:52.932+0900][3.121s][info][gc,heap     ] GC(13) PSYoungGen: 63185K(64000K)->7264K(65536K) Eden: 54864K(55296K)->0K(54272K) From: 8320K(8704K)->7264K(11264K)
[2026-03-23T15:58:52.932+0900][3.121s][info][gc,heap     ] GC(13) ParOldGen: 84395K(175104K)->91091K(175104K)
[2026-03-23T15:58:52.932+0900][3.121s][info][gc,metaspace] GC(13) Metaspace: 236K(448K)->236K(448K) NonClass: 221K(320K)->221K(320K) Class: 14K(128K)->14K(128K)
[2026-03-23T15:58:52.932+0900][3.121s][info][gc          ] GC(13) Pause Young (Allocation Failure) 144M->96M(235M) 1.214ms
[2026-03-23T15:58:52.932+0900][3.122s][info][gc,cpu      ] GC(13) User=0.00s Sys=0.00s Real=0.00s
[2026-03-23T15:58:53.129+0900][3.318s][info][gc,start    ] GC(14) Pause Young (Allocation Failure)
[2026-03-23T15:58:53.130+0900][3.320s][info][gc,heap     ] GC(14) PSYoungGen: 61084K(65536K)->6272K(59904K) Eden: 53820K(54272K)->0K(53248K) From: 7264K(11264K)->6272K(6656K)
[2026-03-23T15:58:53.130+0900][3.320s][info][gc,heap     ] GC(14) ParOldGen: 91091K(175104K)->96763K(175104K)
[2026-03-23T15:58:53.130+0900][3.320s][info][gc,metaspace] GC(14) Metaspace: 236K(448K)->236K(448K) NonClass: 221K(320K)->221K(320K) Class: 14K(128K)->14K(128K)
[2026-03-23T15:58:53.130+0900][3.320s][info][gc          ] GC(14) Pause Young (Allocation Failure) 148M->100M(229M) 1.333ms
[2026-03-23T15:58:53.130+0900][3.320s][info][gc,cpu      ] GC(14) User=0.00s Sys=0.01s Real=0.01s
[2026-03-23T15:58:53.319+0900][3.508s][info][gc,start    ] GC(15) Pause Young (Allocation Failure)
[2026-03-23T15:58:53.320+0900][3.509s][info][gc,heap     ] GC(15) PSYoungGen: 59048K(59904K)->6720K(64512K) Eden: 52776K(53248K)->0K(52224K) From: 6272K(6656K)->6720K(12288K)
[2026-03-23T15:58:53.320+0900][3.509s][info][gc,heap     ] GC(15) ParOldGen: 96763K(175104K)->102947K(175104K)
[2026-03-23T15:58:53.320+0900][3.509s][info][gc,metaspace] GC(15) Metaspace: 236K(448K)->236K(448K) NonClass: 221K(320K)->221K(320K) Class: 14K(128K)->14K(128K)
[2026-03-23T15:58:53.320+0900][3.509s][info][gc          ] GC(15) Pause Young (Allocation Failure) 152M->107M(234M) 1.447ms
[2026-03-23T15:58:53.320+0900][3.509s][info][gc,cpu      ] GC(15) User=0.01s Sys=0.00s Real=0.01s
[2026-03-23T15:58:53.509+0900][3.698s][info][gc,start    ] GC(16) Pause Young (Allocation Failure)
[2026-03-23T15:58:53.510+0900][3.699s][info][gc,heap     ] GC(16) PSYoungGen: 58490K(64512K)->6240K(57856K) Eden: 51770K(52224K)->0K(51200K) From: 6720K(12288K)->6240K(6656K)
[2026-03-23T15:58:53.510+0900][3.700s][info][gc,heap     ] GC(16) ParOldGen: 102947K(175104K)->109123K(175104K)
[2026-03-23T15:58:53.510+0900][3.700s][info][gc,metaspace] GC(16) Metaspace: 236K(448K)->236K(448K) NonClass: 221K(320K)->221K(320K) Class: 14K(128K)->14K(128K)
[2026-03-23T15:58:53.510+0900][3.700s][info][gc          ] GC(16) Pause Young (Allocation Failure) 157M->112M(227M) 1.881ms
[2026-03-23T15:58:53.510+0900][3.700s][info][gc,cpu      ] GC(16) User=0.00s Sys=0.00s Real=0.01s
[2026-03-23T15:58:53.692+0900][3.881s][info][gc,start    ] GC(17) Pause Young (Allocation Failure)
[2026-03-23T15:58:53.693+0900][3.882s][info][gc,heap     ] GC(17) PSYoungGen: 57433K(57856K)->6208K(61952K) Eden: 51193K(51200K)->0K(50176K) From: 6240K(6656K)->6208K(11776K)
[2026-03-23T15:58:53.693+0900][3.882s][info][gc,heap     ] GC(17) ParOldGen: 109123K(175104K)->115308K(175104K)
[2026-03-23T15:58:53.693+0900][3.882s][info][gc,metaspace] GC(17) Metaspace: 236K(448K)->236K(448K) NonClass: 221K(320K)->221K(320K) Class: 14K(128K)->14K(128K)
[2026-03-23T15:58:53.693+0900][3.882s][info][gc          ] GC(17) Pause Young (Allocation Failure) 162M->118M(231M) 0.805ms
[2026-03-23T15:58:53.693+0900][3.882s][info][gc,cpu      ] GC(17) User=0.00s Sys=0.00s Real=0.00s
[2026-03-23T15:58:53.874+0900][4.063s][info][gc,start    ] GC(18) Pause Young (Allocation Failure)
[2026-03-23T15:58:53.876+0900][4.065s][info][gc,heap     ] GC(18) PSYoungGen: 56359K(61952K)->5184K(54784K) Eden: 50151K(50176K)->0K(49152K) From: 6208K(11776K)->5184K(5632K)
[2026-03-23T15:58:53.876+0900][4.065s][info][gc,heap     ] GC(18) ParOldGen: 115308K(175104K)->121492K(175104K)
[2026-03-23T15:58:53.876+0900][4.065s][info][gc,metaspace] GC(18) Metaspace: 236K(448K)->236K(448K) NonClass: 221K(320K)->221K(320K) Class: 14K(128K)->14K(128K)
[2026-03-23T15:58:53.876+0900][4.065s][info][gc          ] GC(18) Pause Young (Allocation Failure) 167M->123M(224M) 2.015ms
[2026-03-23T15:58:53.876+0900][4.065s][info][gc,cpu      ] GC(18) User=0.01s Sys=0.01s Real=0.00s
[2026-03-23T15:58:54.052+0900][4.241s][info][gc,start    ] GC(19) Pause Young (Allocation Failure)
[2026-03-23T15:58:54.053+0900][4.242s][info][gc,heap     ] GC(19) PSYoungGen: 54289K(54784K)->6240K(58880K) Eden: 49105K(49152K)->0K(48128K) From: 5184K(5632K)->6240K(10752K)
[2026-03-23T15:58:54.053+0900][4.242s][info][gc,heap     ] GC(19) ParOldGen: 121492K(175104K)->126140K(175104K)
[2026-03-23T15:58:54.053+0900][4.242s][info][gc,metaspace] GC(19) Metaspace: 236K(448K)->236K(448K) NonClass: 221K(320K)->221K(320K) Class: 14K(128K)->14K(128K)
[2026-03-23T15:58:54.053+0900][4.242s][info][gc          ] GC(19) Pause Young (Allocation Failure) 171M->129M(228M) 0.609ms
[2026-03-23T15:58:54.053+0900][4.242s][info][gc,cpu      ] GC(19) User=0.00s Sys=0.00s Real=0.00s
[2026-03-23T15:58:54.230+0900][4.419s][info][gc,start    ] GC(20) Pause Young (Allocation Failure)
[2026-03-23T15:58:54.230+0900][4.419s][info][gc,heap     ] GC(20) PSYoungGen: 54300K(58880K)->4672K(59904K) Eden: 48060K(48128K)->0K(47616K) From: 6240K(10752K)->4672K(12288K)
[2026-03-23T15:58:54.230+0900][4.419s][info][gc,heap     ] GC(20) ParOldGen: 126140K(175104K)->132324K(175104K)
[2026-03-23T15:58:54.230+0900][4.419s][info][gc,metaspace] GC(20) Metaspace: 236K(448K)->236K(448K) NonClass: 221K(320K)->221K(320K) Class: 14K(128K)->14K(128K)
[2026-03-23T15:58:54.230+0900][4.419s][info][gc          ] GC(20) Pause Young (Allocation Failure) 176M->133M(229M) 0.687ms
[2026-03-23T15:58:54.230+0900][4.419s][info][gc,cpu      ] GC(20) User=0.01s Sys=0.00s Real=0.00s
[2026-03-23T15:58:54.389+0900][4.578s][info][gc,start    ] GC(21) Pause Young (Allocation Failure)
[2026-03-23T15:58:54.390+0900][4.579s][info][gc,heap     ] GC(21) PSYoungGen: 51698K(59904K)->6720K(58368K) Eden: 47025K(47616K)->0K(47104K) From: 4672K(12288K)->6720K(11264K)
[2026-03-23T15:58:54.390+0900][4.579s][info][gc,heap     ] GC(21) ParOldGen: 132324K(175104K)->136972K(175104K)
[2026-03-23T15:58:54.390+0900][4.579s][info][gc,metaspace] GC(21) Metaspace: 236K(448K)->236K(448K) NonClass: 221K(320K)->221K(320K) Class: 14K(128K)->14K(128K)
[2026-03-23T15:58:54.390+0900][4.579s][info][gc          ] GC(21) Pause Young (Allocation Failure) 179M->140M(228M) 0.671ms
[2026-03-23T15:58:54.390+0900][4.579s][info][gc,cpu      ] GC(21) User=0.00s Sys=0.00s Real=0.01s
[2026-03-23T15:58:54.557+0900][4.746s][info][gc,start    ] GC(22) Pause Young (Allocation Failure)
[2026-03-23T15:58:54.558+0900][4.747s][info][gc,heap     ] GC(22) PSYoungGen: 53223K(58368K)->6208K(53248K) Eden: 46503K(47104K)->0K(46592K) From: 6720K(11264K)->6208K(6656K)
[2026-03-23T15:58:54.558+0900][4.747s][info][gc,heap     ] GC(22) ParOldGen: 136972K(175104K)->142132K(175104K)
[2026-03-23T15:58:54.558+0900][4.747s][info][gc,metaspace] GC(22) Metaspace: 238K(448K)->238K(448K) NonClass: 223K(320K)->223K(320K) Class: 14K(128K)->14K(128K)
[2026-03-23T15:58:54.558+0900][4.747s][info][gc          ] GC(22) Pause Young (Allocation Failure) 185M->144M(223M) 1.050ms
[2026-03-23T15:58:54.558+0900][4.747s][info][gc,cpu      ] GC(22) User=0.00s Sys=0.00s Real=0.00s
[2026-03-23T15:58:54.723+0900][4.912s][info][gc,start    ] GC(23) Pause Young (Allocation Failure)
[2026-03-23T15:58:54.724+0900][4.914s][info][gc,heap     ] GC(23) PSYoungGen: 52701K(53248K)->5184K(57344K) Eden: 46493K(46592K)->0K(46080K) From: 6208K(6656K)->5184K(11264K)
[2026-03-23T15:58:54.724+0900][4.914s][info][gc,heap     ] GC(23) ParOldGen: 142132K(175104K)->147805K(175104K)
[2026-03-23T15:58:54.724+0900][4.914s][info][gc,metaspace] GC(23) Metaspace: 238K(448K)->238K(448K) NonClass: 223K(320K)->223K(320K) Class: 14K(128K)->14K(128K)
[2026-03-23T15:58:54.725+0900][4.914s][info][gc          ] GC(23) Pause Young (Allocation Failure) 190M->149M(227M) 1.203ms
[2026-03-23T15:58:54.725+0900][4.914s][info][gc,cpu      ] GC(23) User=0.00s Sys=0.01s Real=0.00s
[2026-03-23T15:58:54.888+0900][5.077s][info][gc,start    ] GC(24) Pause Young (Allocation Failure)
[2026-03-23T15:58:54.889+0900][5.078s][info][gc,heap     ] GC(24) PSYoungGen: 51155K(57344K)->6272K(52224K) Eden: 45970K(46080K)->0K(45568K) From: 5184K(11264K)->6272K(6656K)
[2026-03-23T15:58:54.889+0900][5.078s][info][gc,heap     ] GC(24) ParOldGen: 147805K(175104K)->152445K(175104K)
[2026-03-23T15:58:54.889+0900][5.078s][info][gc,metaspace] GC(24) Metaspace: 238K(448K)->238K(448K) NonClass: 223K(320K)->223K(320K) Class: 14K(128K)->14K(128K)
[2026-03-23T15:58:54.889+0900][5.078s][info][gc          ] GC(24) Pause Young (Allocation Failure) 194M->154M(222M) 0.762ms
[2026-03-23T15:58:54.889+0900][5.078s][info][gc,cpu      ] GC(24) User=0.01s Sys=0.00s Real=0.00s
[2026-03-23T15:58:55.045+0900][5.234s][info][gc,start    ] GC(25) Pause Young (Allocation Failure)
[2026-03-23T15:58:55.046+0900][5.235s][info][gc,heap     ] GC(25) PSYoungGen: 51720K(52224K)->6720K(55296K) Eden: 45448K(45568K)->0K(45056K) From: 6272K(6656K)->6720K(10240K)
[2026-03-23T15:58:55.046+0900][5.235s][info][gc,heap     ] GC(25) ParOldGen: 152445K(175104K)->157093K(175104K)
[2026-03-23T15:58:55.046+0900][5.235s][info][gc,metaspace] GC(25) Metaspace: 238K(448K)->238K(448K) NonClass: 223K(320K)->223K(320K) Class: 14K(128K)->14K(128K)
[2026-03-23T15:58:55.046+0900][5.235s][info][gc          ] GC(25) Pause Young (Allocation Failure) 199M->159M(225M) 0.782ms
[2026-03-23T15:58:55.046+0900][5.235s][info][gc,cpu      ] GC(25) User=0.00s Sys=0.00s Real=0.00s
[2026-03-23T15:58:55.207+0900][5.396s][info][gc,start    ] GC(26) Pause Young (Allocation Failure)
[2026-03-23T15:58:55.207+0900][5.397s][info][gc,heap     ] GC(26) PSYoungGen: 51646K(55296K)->5184K(50176K) Eden: 44926K(45056K)->0K(44544K) From: 6720K(10240K)->5184K(5632K)
[2026-03-23T15:58:55.207+0900][5.397s][info][gc,heap     ] GC(26) ParOldGen: 157093K(175104K)->163277K(175104K)
[2026-03-23T15:58:55.207+0900][5.397s][info][gc,metaspace] GC(26) Metaspace: 238K(448K)->238K(448K) NonClass: 223K(320K)->223K(320K) Class: 14K(128K)->14K(128K)
[2026-03-23T15:58:55.208+0900][5.397s][info][gc          ] GC(26) Pause Young (Allocation Failure) 203M->164M(220M) 0.900ms
[2026-03-23T15:58:55.208+0900][5.397s][info][gc,cpu      ] GC(26) User=0.00s Sys=0.00s Real=0.00s
[2026-03-23T15:58:55.368+0900][5.558s][info][gc,start    ] GC(27) Pause Young (Allocation Failure)
[2026-03-23T15:58:55.369+0900][5.558s][info][gc,heap     ] GC(27) PSYoungGen: 49588K(50176K)->4672K(53760K) Eden: 44404K(44544K)->0K(44032K) From: 5184K(5632K)->4672K(9728K)
[2026-03-23T15:58:55.369+0900][5.558s][info][gc,heap     ] GC(27) ParOldGen: 163277K(175104K)->167925K(175104K)
[2026-03-23T15:58:55.369+0900][5.558s][info][gc,metaspace] GC(27) Metaspace: 238K(448K)->238K(448K) NonClass: 223K(320K)->223K(320K) Class: 14K(128K)->14K(128K)
[2026-03-23T15:58:55.369+0900][5.558s][info][gc          ] GC(27) Pause Young (Allocation Failure) 207M->168M(223M) 0.700ms
[2026-03-23T15:58:55.369+0900][5.558s][info][gc,cpu      ] GC(27) User=0.00s Sys=0.00s Real=0.00s
[2026-03-23T15:58:55.522+0900][5.711s][info][gc,start    ] GC(28) Pause Young (Allocation Failure)
[2026-03-23T15:58:55.523+0900][5.712s][info][gc,heap     ] GC(28) PSYoungGen: 48554K(53760K)->5184K(49152K) Eden: 43882K(44032K)->0K(43520K) From: 4672K(9728K)->5184K(5632K)
[2026-03-23T15:58:55.523+0900][5.712s][info][gc,heap     ] GC(28) ParOldGen: 167925K(175104K)->172573K(175104K)
[2026-03-23T15:58:55.523+0900][5.712s][info][gc,metaspace] GC(28) Metaspace: 238K(448K)->238K(448K) NonClass: 223K(320K)->223K(320K) Class: 14K(128K)->14K(128K)
[2026-03-23T15:58:55.523+0900][5.712s][info][gc          ] GC(28) Pause Young (Allocation Failure) 211M->173M(219M) 0.836ms
[2026-03-23T15:58:55.523+0900][5.712s][info][gc,cpu      ] GC(28) User=0.00s Sys=0.00s Real=0.00s
[2026-03-23T15:58:55.677+0900][5.866s][info][gc,start    ] GC(29) Pause Young (Allocation Failure)
[2026-03-23T15:58:55.678+0900][5.867s][info][gc,heap     ] GC(29) PSYoungGen: 48544K(49152K)->5184K(53248K) Eden: 43360K(43520K)->0K(43008K) From: 5184K(5632K)->5184K(10240K)
[2026-03-23T15:58:55.678+0900][5.867s][info][gc,heap     ] GC(29) ParOldGen: 172573K(175104K)->177213K(178176K)
[2026-03-23T15:58:55.678+0900][5.867s][info][gc,metaspace] GC(29) Metaspace: 238K(448K)->238K(448K) NonClass: 223K(320K)->223K(320K) Class: 14K(128K)->14K(128K)
[2026-03-23T15:58:55.678+0900][5.867s][info][gc          ] GC(29) Pause Young (Allocation Failure) 215M->178M(226M) 0.867ms
[2026-03-23T15:58:55.678+0900][5.867s][info][gc,cpu      ] GC(29) User=0.00s Sys=0.00s Real=0.00s
[2026-03-23T15:58:55.826+0900][6.015s][info][gc,start    ] GC(30) Pause Young (Allocation Failure)
[2026-03-23T15:58:55.827+0900][6.016s][info][gc,heap     ] GC(30) PSYoungGen: 48022K(53248K)->6208K(49152K) Eden: 42838K(43008K)->0K(42496K) From: 5184K(10240K)->6208K(6656K)
[2026-03-23T15:58:55.827+0900][6.016s][info][gc,heap     ] GC(30) ParOldGen: 177213K(178176K)->181854K(182784K)
[2026-03-23T15:58:55.827+0900][6.016s][info][gc,metaspace] GC(30) Metaspace: 238K(448K)->238K(448K) NonClass: 223K(320K)->223K(320K) Class: 14K(128K)->14K(128K)
[2026-03-23T15:58:55.827+0900][6.016s][info][gc          ] GC(30) Pause Young (Allocation Failure) 219M->183M(226M) 0.873ms
[2026-03-23T15:58:55.827+0900][6.016s][info][gc,cpu      ] GC(30) User=0.00s Sys=0.00s Real=0.00s
[2026-03-23T15:58:55.977+0900][6.166s][info][gc,start    ] GC(31) Pause Young (Allocation Failure)
[2026-03-23T15:58:55.979+0900][6.168s][info][gc,heap     ] GC(31) PSYoungGen: 48524K(49152K)->6752K(51712K) Eden: 42316K(42496K)->0K(41984K) From: 6208K(6656K)->6752K(9728K)
[2026-03-23T15:58:55.979+0900][6.168s][info][gc,heap     ] GC(31) ParOldGen: 181854K(182784K)->186486K(187392K)
[2026-03-23T15:58:55.979+0900][6.169s][info][gc,metaspace] GC(31) Metaspace: 238K(448K)->238K(448K) NonClass: 223K(320K)->223K(320K) Class: 14K(128K)->14K(128K)
[2026-03-23T15:58:55.979+0900][6.169s][info][gc          ] GC(31) Pause Young (Allocation Failure) 224M->188M(233M) 2.724ms
[2026-03-23T15:58:55.979+0900][6.169s][info][gc,cpu      ] GC(31) User=0.01s Sys=0.00s Real=0.00s
[2026-03-23T15:58:56.132+0900][6.321s][info][gc,start    ] GC(32) Pause Young (Allocation Failure)
[2026-03-23T15:58:56.132+0900][6.321s][info][gc,heap     ] GC(32) PSYoungGen: 48546K(51712K)->6208K(48128K) Eden: 41794K(41984K)->0K(41472K) From: 6752K(9728K)->6208K(6656K)
[2026-03-23T15:58:56.132+0900][6.322s][info][gc,heap     ] GC(32) ParOldGen: 186486K(187392K)->191646K(192000K)
[2026-03-23T15:58:56.132+0900][6.322s][info][gc,metaspace] GC(32) Metaspace: 238K(448K)->238K(448K) NonClass: 223K(320K)->223K(320K) Class: 14K(128K)->14K(128K)
[2026-03-23T15:58:56.132+0900][6.322s][info][gc          ] GC(32) Pause Young (Allocation Failure) 229M->193M(234M) 0.691ms
[2026-03-23T15:58:56.132+0900][6.322s][info][gc,cpu      ] GC(32) User=0.00s Sys=0.00s Real=0.00s
[2026-03-23T15:58:56.282+0900][6.472s][info][gc,start    ] GC(33) Pause Young (Allocation Failure)
[2026-03-23T15:58:56.285+0900][6.474s][info][gc,heap     ] GC(33) PSYoungGen: 47480K(48128K)->5728K(50176K) Eden: 41272K(41472K)->0K(40960K) From: 6208K(6656K)->5728K(9216K)
[2026-03-23T15:58:56.285+0900][6.474s][info][gc,heap     ] GC(33) ParOldGen: 191646K(192000K)->196294K(196608K)
[2026-03-23T15:58:56.285+0900][6.474s][info][gc,metaspace] GC(33) Metaspace: 238K(448K)->238K(448K) NonClass: 223K(320K)->223K(320K) Class: 14K(128K)->14K(128K)
[2026-03-23T15:58:56.285+0900][6.474s][info][gc          ] GC(33) Pause Young (Allocation Failure) 233M->197M(241M) 2.350ms
[2026-03-23T15:58:56.285+0900][6.474s][info][gc,cpu      ] GC(33) User=0.00s Sys=0.00s Real=0.00s
[2026-03-23T15:58:56.436+0900][6.625s][info][gc,start    ] GC(34) Pause Young (Allocation Failure)
[2026-03-23T15:58:56.437+0900][6.627s][info][gc,heap     ] GC(34) PSYoungGen: 46478K(50176K)->5248K(46080K) Eden: 40750K(40960K)->0K(40448K) From: 5728K(9216K)->5248K(5632K)
[2026-03-23T15:58:56.437+0900][6.627s][info][gc,heap     ] GC(34) ParOldGen: 196294K(196608K)->200430K(201216K)
[2026-03-23T15:58:56.437+0900][6.627s][info][gc,metaspace] GC(34) Metaspace: 238K(448K)->238K(448K) NonClass: 223K(320K)->223K(320K) Class: 14K(128K)->14K(128K)
[2026-03-23T15:58:56.438+0900][6.627s][info][gc          ] GC(34) Pause Young (Allocation Failure) 237M->200M(241M) 1.944ms
[2026-03-23T15:58:56.438+0900][6.627s][info][gc,cpu      ] GC(34) User=0.00s Sys=0.01s Real=0.00s
[2026-03-23T15:58:56.582+0900][6.771s][info][gc,start    ] GC(35) Pause Young (Allocation Failure)
[2026-03-23T15:58:56.584+0900][6.773s][info][gc,heap     ] GC(35) PSYoungGen: 45476K(46080K)->5184K(49664K) Eden: 40228K(40448K)->0K(40448K) From: 5248K(5632K)->5184K(9216K)
[2026-03-23T15:58:56.584+0900][6.773s][info][gc,heap     ] GC(35) ParOldGen: 200430K(201216K)->205070K(205824K)
[2026-03-23T15:58:56.584+0900][6.773s][info][gc,metaspace] GC(35) Metaspace: 238K(448K)->238K(448K) NonClass: 223K(320K)->223K(320K) Class: 14K(128K)->14K(128K)
[2026-03-23T15:58:56.584+0900][6.774s][info][gc          ] GC(35) Pause Young (Allocation Failure) 240M->205M(249M) 2.493ms
[2026-03-23T15:58:56.584+0900][6.774s][info][gc,cpu      ] GC(35) User=0.00s Sys=0.00s Real=0.00s
[2026-03-23T15:58:56.734+0900][6.923s][info][gc,start    ] GC(36) Pause Young (Allocation Failure)
[2026-03-23T15:58:56.736+0900][6.926s][info][gc,heap     ] GC(36) PSYoungGen: 45412K(49664K)->5184K(49664K) Eden: 40228K(40448K)->0K(40448K) From: 5184K(9216K)->5184K(9216K)
[2026-03-23T15:58:56.737+0900][6.926s][info][gc,heap     ] GC(36) ParOldGen: 205070K(205824K)->209710K(210432K)
[2026-03-23T15:58:56.737+0900][6.926s][info][gc,metaspace] GC(36) Metaspace: 238K(448K)->238K(448K) NonClass: 223K(320K)->223K(320K) Class: 14K(128K)->14K(128K)
[2026-03-23T15:58:56.737+0900][6.926s][info][gc          ] GC(36) Pause Young (Allocation Failure) 244M->209M(254M) 2.681ms
[2026-03-23T15:58:56.737+0900][6.926s][info][gc,cpu      ] GC(36) User=0.00s Sys=0.00s Real=0.00s
[2026-03-23T15:58:56.883+0900][7.072s][info][gc,start    ] GC(37) Pause Young (Allocation Failure)
[2026-03-23T15:58:56.886+0900][7.075s][info][gc,heap     ] GC(37) PSYoungGen: 45412K(49664K)->5216K(58880K) Eden: 40228K(40448K)->0K(50688K) From: 5184K(9216K)->5216K(8192K)
[2026-03-23T15:58:56.886+0900][7.075s][info][gc,heap     ] GC(37) ParOldGen: 209710K(210432K)->214359K(215040K)
[2026-03-23T15:58:56.886+0900][7.075s][info][gc,metaspace] GC(37) Metaspace: 238K(448K)->238K(448K) NonClass: 223K(320K)->223K(320K) Class: 14K(128K)->14K(128K)
[2026-03-23T15:58:56.886+0900][7.075s][info][gc          ] GC(37) Pause Young (Allocation Failure) 249M->214M(267M) 2.972ms
[2026-03-23T15:58:56.886+0900][7.075s][info][gc,cpu      ] GC(37) User=0.00s Sys=0.01s Real=0.00s
[2026-03-23T15:58:57.069+0900][7.258s][info][gc,start    ] GC(38) Pause Young (Allocation Failure)
[2026-03-23T15:58:57.070+0900][7.259s][info][gc,heap     ] GC(38) PSYoungGen: 55888K(58880K)->6240K(59392K) Eden: 50671K(50688K)->0K(50688K) From: 5216K(8192K)->6240K(8704K)
[2026-03-23T15:58:57.070+0900][7.260s][info][gc,heap     ] GC(38) ParOldGen: 214359K(215040K)->219007K(219136K)
[2026-03-23T15:58:57.070+0900][7.260s][info][gc,metaspace] GC(38) Metaspace: 238K(448K)->238K(448K) NonClass: 223K(320K)->223K(320K) Class: 14K(128K)->14K(128K)
[2026-03-23T15:58:57.070+0900][7.260s][info][gc          ] GC(38) Pause Young (Allocation Failure) 263M->219M(272M) 1.695ms
[2026-03-23T15:58:57.070+0900][7.260s][info][gc,cpu      ] GC(38) User=0.00s Sys=0.00s Real=0.01s
[2026-03-23T15:58:57.253+0900][7.442s][info][gc,start    ] GC(39) Pause Young (Allocation Failure)
[2026-03-23T15:58:57.256+0900][7.445s][info][gc,heap     ] GC(39) PSYoungGen: 56399K(59392K)->5248K(72192K) Eden: 50159K(50688K)->0K(63488K) From: 6240K(8704K)->5248K(8704K)
[2026-03-23T15:58:57.256+0900][7.445s][info][gc,heap     ] GC(39) ParOldGen: 219007K(219136K)->225191K(226304K)
[2026-03-23T15:58:57.256+0900][7.445s][info][gc,metaspace] GC(39) Metaspace: 238K(448K)->238K(448K) NonClass: 223K(320K)->223K(320K) Class: 14K(128K)->14K(128K)
[2026-03-23T15:58:57.256+0900][7.445s][info][gc          ] GC(39) Pause Young (Allocation Failure) 268M->225M(291M) 3.001ms
[2026-03-23T15:58:57.256+0900][7.445s][info][gc,cpu      ] GC(39) User=0.00s Sys=0.01s Real=0.00s
[2026-03-23T15:58:57.486+0900][7.675s][info][gc,start    ] GC(40) Pause Young (Allocation Failure)
[2026-03-23T15:58:57.489+0900][7.678s][info][gc,heap     ] GC(40) PSYoungGen: 68460K(72192K)->8352K(72192K) Eden: 63212K(63488K)->0K(63488K) From: 5248K(8704K)->8352K(8704K)
[2026-03-23T15:58:57.489+0900][7.678s][info][gc,heap     ] GC(40) ParOldGen: 225191K(226304K)->229823K(230912K)
[2026-03-23T15:58:57.489+0900][7.678s][info][gc,metaspace] GC(40) Metaspace: 238K(448K)->238K(448K) NonClass: 223K(320K)->223K(320K) Class: 14K(128K)->14K(128K)
[2026-03-23T15:58:57.489+0900][7.679s][info][gc          ] GC(40) Pause Young (Allocation Failure) 286M->232M(296M) 3.174ms
[2026-03-23T15:58:57.489+0900][7.679s][info][gc,cpu      ] GC(40) User=0.01s Sys=0.00s Real=0.00s
[2026-03-23T15:58:57.724+0900][7.913s][info][gc,start    ] GC(41) Pause Young (Allocation Failure)
[2026-03-23T15:58:57.728+0900][7.917s][info][gc,heap     ] GC(41) PSYoungGen: 71563K(72192K)->6784K(87040K) Eden: 63211K(63488K)->0K(77824K) From: 8352K(8704K)->6784K(9216K)
[2026-03-23T15:58:57.728+0900][7.917s][info][gc,heap     ] GC(41) ParOldGen: 229823K(230912K)->237551K(238592K)
[2026-03-23T15:58:57.728+0900][7.917s][info][gc,metaspace] GC(41) Metaspace: 238K(448K)->238K(448K) NonClass: 223K(320K)->223K(320K) Class: 14K(128K)->14K(128K)
[2026-03-23T15:58:57.728+0900][7.917s][info][gc          ] GC(41) Pause Young (Allocation Failure) 294M->238M(318M) 3.709ms
[2026-03-23T15:58:57.728+0900][7.917s][info][gc,cpu      ] GC(41) User=0.00s Sys=0.01s Real=0.00s
[2026-03-23T15:58:58.006+0900][8.196s][info][gc,start    ] GC(42) Pause Young (Allocation Failure)
[2026-03-23T15:58:58.010+0900][8.199s][info][gc,heap     ] GC(42) PSYoungGen: 84608K(87040K)->8864K(87040K) Eden: 77824K(77824K)->0K(77824K) From: 6784K(9216K)->8864K(9216K)
[2026-03-23T15:58:58.010+0900][8.199s][info][gc,heap     ] GC(42) ParOldGen: 237551K(238592K)->244767K(245760K)
[2026-03-23T15:58:58.010+0900][8.199s][info][gc,metaspace] GC(42) Metaspace: 238K(448K)->238K(448K) NonClass: 223K(320K)->223K(320K) Class: 14K(128K)->14K(128K)
[2026-03-23T15:58:58.010+0900][8.199s][info][gc          ] GC(42) Pause Young (Allocation Failure) 314M->247M(325M) 3.885ms
[2026-03-23T15:58:58.010+0900][8.199s][info][gc,cpu      ] GC(42) User=0.01s Sys=0.00s Real=0.01s
[2026-03-23T15:58:58.287+0900][8.476s][info][gc,start    ] GC(43) Pause Young (Allocation Failure)
[2026-03-23T15:58:58.291+0900][8.480s][info][gc,heap     ] GC(43) PSYoungGen: 86688K(87040K)->8896K(103936K) Eden: 77824K(77824K)->0K(94208K) From: 8864K(9216K)->8896K(9728K)
[2026-03-23T15:58:58.291+0900][8.480s][info][gc,heap     ] GC(43) ParOldGen: 244767K(245760K)->254032K(254464K)
[2026-03-23T15:58:58.291+0900][8.480s][info][gc,metaspace] GC(43) Metaspace: 238K(448K)->238K(448K) NonClass: 223K(320K)->223K(320K) Class: 14K(128K)->14K(128K)
[2026-03-23T15:58:58.291+0900][8.480s][info][gc          ] GC(43) Pause Young (Allocation Failure) 323M->256M(350M) 3.795ms
[2026-03-23T15:58:58.291+0900][8.480s][info][gc,cpu      ] GC(43) User=0.01s Sys=0.00s Real=0.01s
[2026-03-23T15:58:58.640+0900][8.829s][info][gc,start    ] GC(44) Pause Young (Allocation Failure)
[2026-03-23T15:58:58.644+0900][8.834s][info][gc,heap     ] GC(44) PSYoungGen: 102925K(103936K)->9952K(104960K) Eden: 94029K(94208K)->0K(94208K) From: 8896K(9728K)->9952K(10752K)
[2026-03-23T15:58:58.644+0900][8.834s][info][gc,heap     ] GC(44) ParOldGen: 254032K(254464K)->262264K(263168K)
[2026-03-23T15:58:58.644+0900][8.834s][info][gc,metaspace] GC(44) Metaspace: 238K(448K)->238K(448K) NonClass: 223K(320K)->223K(320K) Class: 14K(128K)->14K(128K)
[2026-03-23T15:58:58.644+0900][8.834s][info][gc          ] GC(44) Pause Young (Allocation Failure) 348M->265M(359M) 4.246ms
[2026-03-23T15:58:58.644+0900][8.834s][info][gc,cpu      ] GC(44) User=0.01s Sys=0.01s Real=0.00s
[2026-03-23T15:58:58.987+0900][9.176s][info][gc,start    ] GC(45) Pause Young (Allocation Failure)
[2026-03-23T15:58:58.991+0900][9.180s][info][gc,heap     ] GC(45) PSYoungGen: 103978K(104960K)->10944K(125440K) Eden: 94026K(94208K)->0K(114176K) From: 9952K(10752K)->10944K(11264K)
[2026-03-23T15:58:58.991+0900][9.181s][info][gc,heap     ] GC(45) ParOldGen: 262264K(263168K)->272016K(272384K)
[2026-03-23T15:58:58.991+0900][9.181s][info][gc,metaspace] GC(45) Metaspace: 238K(448K)->238K(448K) NonClass: 223K(320K)->223K(320K) Class: 14K(128K)->14K(128K)
[2026-03-23T15:58:58.991+0900][9.181s][info][gc          ] GC(45) Pause Young (Allocation Failure) 357M->276M(388M) 4.746ms
[2026-03-23T15:58:58.991+0900][9.181s][info][gc,cpu      ] GC(45) User=0.01s Sys=0.01s Real=0.01s
[2026-03-23T15:58:59.414+0900][9.603s][info][gc,start    ] GC(46) Pause Young (Allocation Failure)
[2026-03-23T15:58:59.417+0900][9.607s][info][gc,heap     ] GC(46) PSYoungGen: 124828K(125440K)->11968K(126464K) Eden: 113883K(114176K)->0K(114176K) From: 10944K(11264K)->11968K(12288K)
[2026-03-23T15:58:59.418+0900][9.607s][info][gc,heap     ] GC(46) ParOldGen: 272016K(272384K)->283305K(283648K)
[2026-03-23T15:58:59.418+0900][9.607s][info][gc,metaspace] GC(46) Metaspace: 238K(448K)->238K(448K) NonClass: 223K(320K)->223K(320K) Class: 14K(128K)->14K(128K)
[2026-03-23T15:58:59.418+0900][9.607s][info][gc          ] GC(46) Pause Young (Allocation Failure) 387M->288M(400M) 4.037ms
[2026-03-23T15:58:59.418+0900][9.607s][info][gc,cpu      ] GC(46) User=0.01s Sys=0.00s Real=0.00s
[2026-03-23T15:58:59.830+0900][10.019s][info][gc,start    ] GC(47) Pause Young (Allocation Failure)
[2026-03-23T15:58:59.836+0900][10.025s][info][gc,heap     ] GC(47) PSYoungGen: 125853K(126464K)->13472K(152064K) Eden: 113885K(114176K)->0K(138240K) From: 11968K(12288K)->13472K(13824K)
[2026-03-23T15:58:59.836+0900][10.025s][info][gc,heap     ] GC(47) ParOldGen: 283305K(283648K)->295649K(296448K)
[2026-03-23T15:58:59.836+0900][10.025s][info][gc,metaspace] GC(47) Metaspace: 238K(448K)->238K(448K) NonClass: 223K(320K)->223K(320K) Class: 14K(128K)->14K(128K)
[2026-03-23T15:58:59.836+0900][10.025s][info][gc          ] GC(47) Pause Young (Allocation Failure) 399M->301M(438M) 5.562ms
[2026-03-23T15:58:59.836+0900][10.025s][info][gc,cpu      ] GC(47) User=0.01s Sys=0.00s Real=0.00s
[2026-03-23T15:59:00.340+0900][10.529s][info][gc,start    ] GC(48) Pause Young (Allocation Failure)
[2026-03-23T15:59:00.343+0900][10.532s][info][gc,heap     ] GC(48) PSYoungGen: 151393K(152064K)->15168K(153600K) Eden: 137921K(138240K)->0K(138240K) From: 13472K(13824K)->15168K(15360K)
[2026-03-23T15:59:00.343+0900][10.532s][info][gc,heap     ] GC(48) ParOldGen: 295649K(296448K)->309025K(309248K)
[2026-03-23T15:59:00.343+0900][10.532s][info][gc,metaspace] GC(48) Metaspace: 238K(448K)->238K(448K) NonClass: 223K(320K)->223K(320K) Class: 14K(128K)->14K(128K)
[2026-03-23T15:59:00.343+0900][10.532s][info][gc          ] GC(48) Pause Young (Allocation Failure) 436M->316M(452M) 3.747ms
[2026-03-23T15:59:00.343+0900][10.532s][info][gc,cpu      ] GC(48) User=0.01s Sys=0.02s Real=0.00s
[2026-03-23T15:59:00.832+0900][11.021s][info][gc,start    ] GC(49) Pause Young (Allocation Failure)
[2026-03-23T15:59:00.838+0900][11.027s][info][gc,heap     ] GC(49) PSYoungGen: 152578K(153600K)->16032K(153600K) Eden: 137409K(138240K)->0K(136704K) From: 15168K(15360K)->16032K(16896K)
[2026-03-23T15:59:00.838+0900][11.027s][info][gc,heap     ] GC(49) ParOldGen: 309025K(309248K)->322386K(323072K)
[2026-03-23T15:59:00.838+0900][11.027s][info][gc,metaspace] GC(49) Metaspace: 238K(448K)->238K(448K) NonClass: 223K(320K)->223K(320K) Class: 14K(128K)->14K(128K)
[2026-03-23T15:59:00.838+0900][11.027s][info][gc          ] GC(49) Pause Young (Allocation Failure) 450M->330M(465M) 6.027ms
[2026-03-23T15:59:00.838+0900][11.027s][info][gc,cpu      ] GC(49) User=0.01s Sys=0.00s Real=0.00s
[2026-03-23T15:59:01.332+0900][11.521s][info][gc,start    ] GC(50) Pause Young (Allocation Failure)
[2026-03-23T15:59:01.338+0900][11.527s][info][gc,heap     ] GC(50) PSYoungGen: 152391K(153600K)->15520K(152576K) Eden: 136359K(136704K)->0K(136704K) From: 16032K(16896K)->15520K(15872K)
[2026-03-23T15:59:01.338+0900][11.527s][info][gc,heap     ] GC(50) ParOldGen: 322386K(323072K)->337810K(337920K)
[2026-03-23T15:59:01.338+0900][11.527s][info][gc,metaspace] GC(50) Metaspace: 238K(448K)->238K(448K) NonClass: 223K(320K)->223K(320K) Class: 14K(128K)->14K(128K)
[2026-03-23T15:59:01.338+0900][11.527s][info][gc          ] GC(50) Pause Young (Allocation Failure) 463M->345M(479M) 6.168ms
[2026-03-23T15:59:01.338+0900][11.527s][info][gc,cpu      ] GC(50) User=0.01s Sys=0.01s Real=0.00s
[2026-03-23T15:59:01.825+0900][12.014s][info][gc,start    ] GC(51) Pause Full (Ergonomics)
[2026-03-23T15:59:01.825+0900][12.014s][info][gc,phases,start] GC(51) Marking Phase
[2026-03-23T15:59:01.829+0900][12.018s][info][gc,phases      ] GC(51) Marking Phase 3.856ms
[2026-03-23T15:59:01.829+0900][12.018s][info][gc,phases,start] GC(51) Summary Phase
[2026-03-23T15:59:01.829+0900][12.018s][info][gc,phases      ] GC(51) Summary Phase 0.035ms
[2026-03-23T15:59:01.829+0900][12.018s][info][gc,phases,start] GC(51) Adjust Roots
[2026-03-23T15:59:01.830+0900][12.019s][info][gc,phases      ] GC(51) Adjust Roots 0.362ms
[2026-03-23T15:59:01.830+0900][12.019s][info][gc,phases,start] GC(51) Compaction Phase
[2026-03-23T15:59:01.843+0900][12.033s][info][gc,phases      ] GC(51) Compaction Phase 13.850ms
[2026-03-23T15:59:01.844+0900][12.033s][info][gc,phases,start] GC(51) Post Compact
[2026-03-23T15:59:01.844+0900][12.033s][info][gc,phases      ] GC(51) Post Compact 0.542ms
[2026-03-23T15:59:01.844+0900][12.033s][info][gc,heap        ] GC(51) PSYoungGen: 151370K(152576K)->29697K(156672K) Eden: 135849K(136704K)->29697K(136704K) From: 15520K(15872K)->0K(19968K)
[2026-03-23T15:59:01.844+0900][12.033s][info][gc,heap        ] GC(51) ParOldGen: 337810K(337920K)->337625K(349696K)
[2026-03-23T15:59:01.844+0900][12.033s][info][gc,metaspace   ] GC(51) Metaspace: 238K(448K)->238K(448K) NonClass: 223K(320K)->223K(320K) Class: 14K(128K)->14K(128K)
[2026-03-23T15:59:01.844+0900][12.033s][info][gc             ] GC(51) Pause Full (Ergonomics) 477M->358M(494M) 19.087ms
[2026-03-23T15:59:01.844+0900][12.033s][info][gc,cpu         ] GC(51) User=0.08s Sys=0.03s Real=0.02s
[2026-03-23T15:59:02.225+0900][12.414s][info][gc,start       ] GC(52) Pause Full (Ergonomics)
[2026-03-23T15:59:02.225+0900][12.414s][info][gc,phases,start] GC(52) Marking Phase
[2026-03-23T15:59:02.227+0900][12.416s][info][gc,phases      ] GC(52) Marking Phase 1.941ms
[2026-03-23T15:59:02.227+0900][12.416s][info][gc,phases,start] GC(52) Summary Phase
[2026-03-23T15:59:02.227+0900][12.416s][info][gc,phases      ] GC(52) Summary Phase 0.014ms
[2026-03-23T15:59:02.227+0900][12.417s][info][gc,phases,start] GC(52) Adjust Roots
[2026-03-23T15:59:02.227+0900][12.417s][info][gc,phases      ] GC(52) Adjust Roots 0.154ms
[2026-03-23T15:59:02.228+0900][12.417s][info][gc,phases,start] GC(52) Compaction Phase
[2026-03-23T15:59:02.233+0900][12.422s][info][gc,phases      ] GC(52) Compaction Phase 5.196ms
[2026-03-23T15:59:02.233+0900][12.422s][info][gc,phases,start] GC(52) Post Compact
[2026-03-23T15:59:02.233+0900][12.422s][info][gc,phases      ] GC(52) Post Compact 0.248ms
[2026-03-23T15:59:02.233+0900][12.422s][info][gc,heap        ] GC(52) PSYoungGen: 135852K(156672K)->30722K(152576K) Eden: 135852K(136704K)->30722K(136704K) From: 0K(19968K)->0K(15872K)
[2026-03-23T15:59:02.233+0900][12.422s][info][gc,heap        ] GC(52) ParOldGen: 337625K(349696K)->348889K(349696K)
[2026-03-23T15:59:02.233+0900][12.422s][info][gc,metaspace   ] GC(52) Metaspace: 238K(448K)->238K(448K) NonClass: 223K(320K)->223K(320K) Class: 14K(128K)->14K(128K)
[2026-03-23T15:59:02.233+0900][12.422s][info][gc             ] GC(52) Pause Full (Ergonomics) 462M->370M(490M) 7.822ms
[2026-03-23T15:59:02.233+0900][12.422s][info][gc,cpu         ] GC(52) User=0.03s Sys=0.01s Real=0.01s
[2026-03-23T15:59:02.524+0900][12.714s][info][gc,heap,exit   ] Heap
[2026-03-23T15:59:02.525+0900][12.714s][info][gc,heap,exit   ]  PSYoungGen      total 152576K, used 111754K [0x00000007f5580000, 0x0000000800000000, 0x0000000800000000)
[2026-03-23T15:59:02.525+0900][12.714s][info][gc,heap,exit   ]   eden space 136704K, 81% used [0x00000007f5580000,0x00000007fc2a29f0,0x00000007fdb00000)
[2026-03-23T15:59:02.525+0900][12.714s][info][gc,heap,exit   ]   from space 15872K, 0% used [0x00000007fdb00000,0x00000007fdb00000,0x00000007fea80000)
[2026-03-23T15:59:02.525+0900][12.714s][info][gc,heap,exit   ]   to   space 19968K, 0% used [0x00000007fec80000,0x00000007fec80000,0x0000000800000000)
[2026-03-23T15:59:02.525+0900][12.714s][info][gc,heap,exit   ]  ParOldGen       total 349696K, used 348889K [0x00000007e0000000, 0x00000007f5580000, 0x00000007f5580000)
[2026-03-23T15:59:02.525+0900][12.714s][info][gc,heap,exit   ]   object space 349696K, 99% used [0x00000007e0000000,0x00000007f54b6680,0x00000007f5580000)
[2026-03-23T15:59:02.525+0900][12.714s][info][gc,heap,exit   ]  Metaspace       used 238K, committed 448K, reserved 1114112K
[2026-03-23T15:59:02.525+0900][12.714s][info][gc,heap,exit   ]   class space    used 14K, committed 128K, reserved 1048576K
