[2026-03-23T15:59:15.927+0900][0.003s][info][gc,init] CardTable entry size: 512
[2026-03-23T15:59:15.927+0900][0.003s][info][gc     ] Using Parallel
[2026-03-23T15:59:15.927+0900][0.003s][info][gc,init] Version: 21.0.9+10-LTS (release)
[2026-03-23T15:59:15.927+0900][0.003s][info][gc,init] CPUs: 14 total, 14 available
[2026-03-23T15:59:15.927+0900][0.003s][info][gc,init] Memory: 49152M
[2026-03-23T15:59:15.927+0900][0.003s][info][gc,init] Large Page Support: Disabled
[2026-03-23T15:59:15.927+0900][0.003s][info][gc,init] NUMA Support: Disabled
[2026-03-23T15:59:15.927+0900][0.003s][info][gc,init] Compressed Oops: Enabled (Zero based)
[2026-03-23T15:59:15.927+0900][0.003s][info][gc,init] Alignments: Space 512K, Generation 512K, Heap 8M
[2026-03-23T15:59:15.927+0900][0.003s][info][gc,init] Heap Min Capacity: 256M
[2026-03-23T15:59:15.927+0900][0.003s][info][gc,init] Heap Initial Capacity: 256M
[2026-03-23T15:59:15.927+0900][0.003s][info][gc,init] Heap Max Capacity: 512M
[2026-03-23T15:59:15.927+0900][0.003s][info][gc,init] Pre-touch: Disabled
[2026-03-23T15:59:15.927+0900][0.003s][info][gc,init] Parallel Workers: 11
[2026-03-23T15:59:15.930+0900][0.006s][info][gc,metaspace] CDS archive(s) mapped at: [0x0000007000000000-0x0000007000c9c000-0x0000007000c9c000), size 13221888, SharedBaseAddress: 0x0000007000000000, ArchiveRelocationMode: 1.
[2026-03-23T15:59:15.930+0900][0.006s][info][gc,metaspace] Compressed class space mapped at: 0x0000007001000000-0x0000007041000000, reserved size: 1073741824
[2026-03-23T15:59:15.930+0900][0.006s][info][gc,metaspace] Narrow klass base: 0x0000007000000000, Narrow klass shift: 0, Narrow klass range: 0x100000000
[2026-03-23T15:59:16.149+0900][0.225s][info][gc,start    ] GC(0) Pause Young (Allocation Failure)
[2026-03-23T15:59:16.150+0900][0.226s][info][gc,heap     ] GC(0) PSYoungGen: 64923K(76288K)->9952K(76288K) Eden: 64923K(65536K)->0K(65536K) From: 0K(10752K)->9952K(10752K)
[2026-03-23T15:59:16.150+0900][0.226s][info][gc,heap     ] GC(0) ParOldGen: 1056K(175104K)->1064K(175104K)
[2026-03-23T15:59:16.150+0900][0.226s][info][gc,metaspace] GC(0) Metaspace: 215K(384K)->215K(384K) NonClass: 201K(256K)->201K(256K) Class: 14K(128K)->14K(128K)
[2026-03-23T15:59:16.150+0900][0.226s][info][gc          ] GC(0) Pause Young (Allocation Failure) 64M->10M(245M) 0.904ms
[2026-03-23T15:59:16.150+0900][0.226s][info][gc,cpu      ] GC(0) User=0.00s Sys=0.00s Real=0.01s
[2026-03-23T15:59:16.391+0900][0.467s][info][gc,start    ] GC(1) Pause Young (Allocation Failure)
[2026-03-23T15:59:16.393+0900][0.469s][info][gc,heap     ] GC(1) PSYoungGen: 74686K(76288K)->10544K(76288K) Eden: 64734K(65536K)->0K(65536K) From: 9952K(10752K)->10544K(10752K)
[2026-03-23T15:59:16.393+0900][0.469s][info][gc,heap     ] GC(1) ParOldGen: 1064K(175104K)->6704K(175104K)
[2026-03-23T15:59:16.393+0900][0.469s][info][gc,metaspace] GC(1) Metaspace: 216K(384K)->216K(384K) NonClass: 201K(256K)->201K(256K) Class: 14K(128K)->14K(128K)
[2026-03-23T15:59:16.393+0900][0.469s][info][gc          ] GC(1) Pause Young (Allocation Failure) 73M->16M(245M) 1.675ms
[2026-03-23T15:59:16.393+0900][0.469s][info][gc,cpu      ] GC(1) User=0.00s Sys=0.00s Real=0.00s
[2026-03-23T15:59:16.625+0900][0.701s][info][gc,start    ] GC(2) Pause Young (Allocation Failure)
[2026-03-23T15:59:16.628+0900][0.704s][info][gc,heap     ] GC(2) PSYoungGen: 75299K(76288K)->10528K(76288K) Eden: 64755K(65536K)->0K(65536K) From: 10544K(10752K)->10528K(10752K)
[2026-03-23T15:59:16.628+0900][0.704s][info][gc,heap     ] GC(2) ParOldGen: 6704K(175104K)->14392K(175104K)
[2026-03-23T15:59:16.628+0900][0.704s][info][gc,metaspace] GC(2) Metaspace: 220K(384K)->220K(384K) NonClass: 206K(256K)->206K(256K) Class: 14K(128K)->14K(128K)
[2026-03-23T15:59:16.628+0900][0.704s][info][gc          ] GC(2) Pause Young (Allocation Failure) 80M->24M(245M) 2.983ms
[2026-03-23T15:59:16.628+0900][0.704s][info][gc,cpu      ] GC(2) User=0.01s Sys=0.01s Real=0.00s
[2026-03-23T15:59:16.859+0900][0.935s][info][gc,start    ] GC(3) Pause Young (Allocation Failure)
[2026-03-23T15:59:16.864+0900][0.940s][info][gc,heap     ] GC(3) PSYoungGen: 75297K(76288K)->10496K(76288K) Eden: 64769K(65536K)->0K(65536K) From: 10528K(10752K)->10496K(10752K)
[2026-03-23T15:59:16.864+0900][0.940s][info][gc,heap     ] GC(3) ParOldGen: 14392K(175104K)->22073K(175104K)
[2026-03-23T15:59:16.864+0900][0.940s][info][gc,metaspace] GC(3) Metaspace: 223K(384K)->223K(384K) NonClass: 209K(256K)->209K(256K) Class: 14K(128K)->14K(128K)
[2026-03-23T15:59:16.864+0900][0.940s][info][gc          ] GC(3) Pause Young (Allocation Failure) 87M->31M(245M) 4.444ms
[2026-03-23T15:59:16.864+0900][0.940s][info][gc,cpu      ] GC(3) User=0.00s Sys=0.00s Real=0.01s
[2026-03-23T15:59:17.104+0900][1.180s][info][gc,start    ] GC(4) Pause Young (Allocation Failure)
[2026-03-23T15:59:17.105+0900][1.181s][info][gc,heap     ] GC(4) PSYoungGen: 75274K(76288K)->10496K(74752K) Eden: 64778K(65536K)->0K(64000K) From: 10496K(10752K)->10496K(10752K)
[2026-03-23T15:59:17.105+0900][1.181s][info][gc,heap     ] GC(4) ParOldGen: 22073K(175104K)->28225K(175104K)
[2026-03-23T15:59:17.105+0900][1.181s][info][gc,metaspace] GC(4) Metaspace: 227K(384K)->227K(384K) NonClass: 212K(256K)->212K(256K) Class: 14K(128K)->14K(128K)
[2026-03-23T15:59:17.105+0900][1.181s][info][gc          ] GC(4) Pause Young (Allocation Failure) 95M->37M(244M) 0.902ms
[2026-03-23T15:59:17.105+0900][1.181s][info][gc,cpu      ] GC(4) User=0.00s Sys=0.00s Real=0.00s
[2026-03-23T15:59:17.328+0900][1.404s][info][gc,start    ] GC(5) Pause Young (Allocation Failure)
[2026-03-23T15:59:17.329+0900][1.405s][info][gc,heap     ] GC(5) PSYoungGen: 73714K(74752K)->10016K(72704K) Eden: 63218K(64000K)->0K(62464K) From: 10496K(10752K)->10016K(10240K)
[2026-03-23T15:59:17.329+0900][1.405s][info][gc,heap     ] GC(5) ParOldGen: 28225K(175104K)->36417K(175104K)
[2026-03-23T15:59:17.329+0900][1.405s][info][gc,metaspace] GC(5) Metaspace: 227K(384K)->227K(384K) NonClass: 212K(256K)->212K(256K) Class: 14K(128K)->14K(128K)
[2026-03-23T15:59:17.329+0900][1.405s][info][gc          ] GC(5) Pause Young (Allocation Failure) 99M->45M(242M) 1.211ms
[2026-03-23T15:59:17.329+0900][1.405s][info][gc,cpu      ] GC(5) User=0.01s Sys=0.01s Real=0.00s
[2026-03-23T15:59:17.553+0900][1.629s][info][gc,start    ] GC(6) Pause Young (Allocation Failure)
[2026-03-23T15:59:17.554+0900][1.630s][info][gc,heap     ] GC(6) PSYoungGen: 71671K(72704K)->10880K(72704K) Eden: 61655K(62464K)->0K(61440K) From: 10016K(10240K)->10880K(11264K)
[2026-03-23T15:59:17.554+0900][1.630s][info][gc,heap     ] GC(6) ParOldGen: 36417K(175104K)->41737K(175104K)
[2026-03-23T15:59:17.554+0900][1.630s][info][gc,metaspace] GC(6) Metaspace: 233K(448K)->233K(448K) NonClass: 218K(320K)->218K(320K) Class: 14K(128K)->14K(128K)
[2026-03-23T15:59:17.554+0900][1.630s][info][gc          ] GC(6) Pause Young (Allocation Failure) 105M->51M(242M) 1.079ms
[2026-03-23T15:59:17.554+0900][1.630s][info][gc,cpu      ] GC(6) User=0.01s Sys=0.00s Real=0.00s
[2026-03-23T15:59:17.772+0900][1.848s][info][gc,start    ] GC(7) Pause Young (Allocation Failure)
[2026-03-23T15:59:17.772+0900][1.848s][info][gc,heap     ] GC(7) PSYoungGen: 72006K(72704K)->8352K(69120K) Eden: 61125K(61440K)->0K(60416K) From: 10880K(11264K)->8352K(8704K)
[2026-03-23T15:59:17.772+0900][1.848s][info][gc,heap     ] GC(7) ParOldGen: 41737K(175104K)->51490K(175104K)
[2026-03-23T15:59:17.772+0900][1.848s][info][gc,metaspace] GC(7) Metaspace: 235K(448K)->235K(448K) NonClass: 221K(320K)->221K(320K) Class: 14K(128K)->14K(128K)
[2026-03-23T15:59:17.772+0900][1.848s][info][gc          ] GC(7) Pause Young (Allocation Failure) 111M->58M(238M) 0.825ms
[2026-03-23T15:59:17.772+0900][1.848s][info][gc,cpu      ] GC(7) User=0.00s Sys=0.00s Real=0.00s
[2026-03-23T15:59:17.995+0900][2.071s][info][gc,start    ] GC(8) Pause Young (Allocation Failure)
[2026-03-23T15:59:17.998+0900][2.074s][info][gc,heap     ] GC(8) PSYoungGen: 68435K(69120K)->11424K(71168K) Eden: 60083K(60416K)->0K(59392K) From: 8352K(8704K)->11424K(11776K)
[2026-03-23T15:59:17.998+0900][2.074s][info][gc,heap     ] GC(8) ParOldGen: 51490K(175104K)->54586K(175104K)
[2026-03-23T15:59:17.998+0900][2.074s][info][gc,metaspace] GC(8) Metaspace: 235K(448K)->235K(448K) NonClass: 221K(320K)->221K(320K) Class: 14K(128K)->14K(128K)
[2026-03-23T15:59:17.998+0900][2.074s][info][gc          ] GC(8) Pause Young (Allocation Failure) 117M->64M(240M) 2.516ms
[2026-03-23T15:59:17.998+0900][2.074s][info][gc,cpu      ] GC(8) User=0.00s Sys=0.00s Real=0.00s
[2026-03-23T15:59:18.214+0900][2.290s][info][gc,start    ] GC(9) Pause Young (Allocation Failure)
[2026-03-23T15:59:18.216+0900][2.292s][info][gc,heap     ] GC(9) PSYoungGen: 70464K(71168K)->10336K(69120K) Eden: 59039K(59392K)->0K(58368K) From: 11424K(11776K)->10336K(10752K)
[2026-03-23T15:59:18.216+0900][2.292s][info][gc,heap     ] GC(9) ParOldGen: 54586K(175104K)->62298K(175104K)
[2026-03-23T15:59:18.216+0900][2.292s][info][gc,metaspace] GC(9) Metaspace: 235K(448K)->235K(448K) NonClass: 221K(320K)->221K(320K) Class: 14K(128K)->14K(128K)
[2026-03-23T15:59:18.216+0900][2.292s][info][gc          ] GC(9) Pause Young (Allocation Failure) 122M->70M(238M) 2.191ms
[2026-03-23T15:59:18.216+0900][2.292s][info][gc,cpu      ] GC(9) User=0.00s Sys=0.00s Real=0.00s
[2026-03-23T15:59:18.430+0900][2.506s][info][gc,start    ] GC(10) Pause Young (Allocation Failure)
[2026-03-23T15:59:18.432+0900][2.508s][info][gc,heap     ] GC(10) PSYoungGen: 68332K(69120K)->6208K(64000K) Eden: 57996K(58368K)->0K(57344K) From: 10336K(10752K)->6208K(6656K)
[2026-03-23T15:59:18.432+0900][2.508s][info][gc,heap     ] GC(10) ParOldGen: 62298K(175104K)->72066K(175104K)
[2026-03-23T15:59:18.432+0900][2.508s][info][gc,metaspace] GC(10) Metaspace: 235K(448K)->235K(448K) NonClass: 221K(320K)->221K(320K) Class: 14K(128K)->14K(128K)
[2026-03-23T15:59:18.432+0900][2.508s][info][gc          ] GC(10) Pause Young (Allocation Failure) 127M->76M(233M) 2.658ms
[2026-03-23T15:59:18.432+0900][2.508s][info][gc,cpu      ] GC(10) User=0.00s Sys=0.00s Real=0.00s
[2026-03-23T15:59:18.637+0900][2.713s][info][gc,start    ] GC(11) Pause Young (Allocation Failure)
[2026-03-23T15:59:18.639+0900][2.715s][info][gc,heap     ] GC(11) PSYoungGen: 63160K(64000K)->7744K(68608K) Eden: 56952K(57344K)->0K(56320K) From: 6208K(6656K)->7744K(12288K)
[2026-03-23T15:59:18.639+0900][2.715s][info][gc,heap     ] GC(11) ParOldGen: 72066K(175104K)->78250K(175104K)
[2026-03-23T15:59:18.640+0900][2.716s][info][gc,metaspace] GC(11) Metaspace: 235K(448K)->235K(448K) NonClass: 221K(320K)->221K(320K) Class: 14K(128K)->14K(128K)
[2026-03-23T15:59:18.640+0900][2.716s][info][gc          ] GC(11) Pause Young (Allocation Failure) 132M->83M(238M) 2.800ms
[2026-03-23T15:59:18.640+0900][2.716s][info][gc,cpu      ] GC(11) User=0.00s Sys=0.01s Real=0.01s
[2026-03-23T15:59:18.847+0900][2.923s][info][gc,start    ] GC(12) Pause Young (Allocation Failure)
[2026-03-23T15:59:18.851+0900][2.927s][info][gc,heap     ] GC(12) PSYoungGen: 63653K(68608K)->8288K(64000K) Eden: 55908K(56320K)->0K(55296K) From: 7744K(12288K)->8288K(8704K)
[2026-03-23T15:59:18.852+0900][2.927s][info][gc,heap     ] GC(12) ParOldGen: 78250K(175104K)->84427K(175104K)
[2026-03-23T15:59:18.852+0900][2.927s][info][gc,metaspace] GC(12) Metaspace: 235K(448K)->235K(448K) NonClass: 221K(320K)->221K(320K) Class: 14K(128K)->14K(128K)
[2026-03-23T15:59:18.852+0900][2.928s][info][gc          ] GC(12) Pause Young (Allocation Failure) 138M->90M(233M) 4.521ms
[2026-03-23T15:59:18.852+0900][2.928s][info][gc,cpu      ] GC(12) User=0.01s Sys=0.00s Real=0.01s
[2026-03-23T15:59:19.053+0900][3.129s][info][gc,start    ] GC(13) Pause Young (Allocation Failure)
[2026-03-23T15:59:19.054+0900][3.130s][info][gc,heap     ] GC(13) PSYoungGen: 63153K(64000K)->7232K(66048K) Eden: 54864K(55296K)->0K(54272K) From: 8288K(8704K)->7232K(11776K)
[2026-03-23T15:59:19.055+0900][3.130s][info][gc,heap     ] GC(13) ParOldGen: 84427K(175104K)->91123K(175104K)
[2026-03-23T15:59:19.055+0900][3.130s][info][gc,metaspace] GC(13) Metaspace: 235K(448K)->235K(448K) NonClass: 221K(320K)->221K(320K) Class: 14K(128K)->14K(128K)
[2026-03-23T15:59:19.055+0900][3.131s][info][gc          ] GC(13) Pause Young (Allocation Failure) 144M->96M(235M) 1.529ms
[2026-03-23T15:59:19.055+0900][3.131s][info][gc,cpu      ] GC(13) User=0.00s Sys=0.00s Real=0.00s
[2026-03-23T15:59:19.255+0900][3.331s][info][gc,start    ] GC(14) Pause Young (Allocation Failure)
[2026-03-23T15:59:19.258+0900][3.334s][info][gc,heap     ] GC(14) PSYoungGen: 61052K(66048K)->6272K(59904K) Eden: 53820K(54272K)->0K(53248K) From: 7232K(11776K)->6272K(6656K)
[2026-03-23T15:59:19.258+0900][3.334s][info][gc,heap     ] GC(14) ParOldGen: 91123K(175104K)->96795K(175104K)
[2026-03-23T15:59:19.258+0900][3.334s][info][gc,metaspace] GC(14) Metaspace: 235K(448K)->235K(448K) NonClass: 221K(320K)->221K(320K) Class: 14K(128K)->14K(128K)
[2026-03-23T15:59:19.258+0900][3.334s][info][gc          ] GC(14) Pause Young (Allocation Failure) 148M->100M(229M) 2.769ms
[2026-03-23T15:59:19.258+0900][3.334s][info][gc,cpu      ] GC(14) User=0.01s Sys=0.01s Real=0.00s
[2026-03-23T15:59:19.446+0900][3.522s][info][gc,start    ] GC(15) Pause Young (Allocation Failure)
[2026-03-23T15:59:19.449+0900][3.525s][info][gc,heap     ] GC(15) PSYoungGen: 59048K(59904K)->6752K(64000K) Eden: 52776K(53248K)->0K(52224K) From: 6272K(6656K)->6752K(11776K)
[2026-03-23T15:59:19.449+0900][3.525s][info][gc,heap     ] GC(15) ParOldGen: 96795K(175104K)->102971K(175104K)
[2026-03-23T15:59:19.449+0900][3.525s][info][gc,metaspace] GC(15) Metaspace: 235K(448K)->235K(448K) NonClass: 221K(320K)->221K(320K) Class: 14K(128K)->14K(128K)
[2026-03-23T15:59:19.449+0900][3.525s][info][gc          ] GC(15) Pause Young (Allocation Failure) 152M->107M(233M) 2.889ms
[2026-03-23T15:59:19.449+0900][3.525s][info][gc,cpu      ] GC(15) User=0.01s Sys=0.00s Real=0.00s
[2026-03-23T15:59:19.643+0900][3.719s][info][gc,start    ] GC(16) Pause Young (Allocation Failure)
[2026-03-23T15:59:19.646+0900][3.722s][info][gc,heap     ] GC(16) PSYoungGen: 58522K(64000K)->6208K(57856K) Eden: 51770K(52224K)->0K(51200K) From: 6752K(11776K)->6208K(6656K)
[2026-03-23T15:59:19.646+0900][3.722s][info][gc,heap     ] GC(16) ParOldGen: 102971K(175104K)->109139K(175104K)
[2026-03-23T15:59:19.646+0900][3.722s][info][gc,metaspace] GC(16) Metaspace: 235K(448K)->235K(448K) NonClass: 221K(320K)->221K(320K) Class: 14K(128K)->14K(128K)
[2026-03-23T15:59:19.646+0900][3.722s][info][gc          ] GC(16) Pause Young (Allocation Failure) 157M->112M(227M) 3.099ms
[2026-03-23T15:59:19.646+0900][3.722s][info][gc,cpu      ] GC(16) User=0.01s Sys=0.01s Real=0.00s
[2026-03-23T15:59:19.832+0900][3.908s][info][gc,start    ] GC(17) Pause Young (Allocation Failure)
[2026-03-23T15:59:19.835+0900][3.911s][info][gc,heap     ] GC(17) PSYoungGen: 57401K(57856K)->6208K(61952K) Eden: 51193K(51200K)->0K(50176K) From: 6208K(6656K)->6208K(11776K)
[2026-03-23T15:59:19.835+0900][3.911s][info][gc,heap     ] GC(17) ParOldGen: 109139K(175104K)->115316K(175104K)
[2026-03-23T15:59:19.835+0900][3.911s][info][gc,metaspace] GC(17) Metaspace: 235K(448K)->235K(448K) NonClass: 221K(320K)->221K(320K) Class: 14K(128K)->14K(128K)
[2026-03-23T15:59:19.835+0900][3.911s][info][gc          ] GC(17) Pause Young (Allocation Failure) 162M->118M(231M) 2.460ms
[2026-03-23T15:59:19.835+0900][3.911s][info][gc,cpu      ] GC(17) User=0.00s Sys=0.00s Real=0.00s
[2026-03-23T15:59:20.018+0900][4.094s][info][gc,start    ] GC(18) Pause Young (Allocation Failure)
[2026-03-23T15:59:20.020+0900][4.096s][info][gc,heap     ] GC(18) PSYoungGen: 56359K(61952K)->5184K(54784K) Eden: 50151K(50176K)->0K(49152K) From: 6208K(11776K)->5184K(5632K)
[2026-03-23T15:59:20.020+0900][4.096s][info][gc,heap     ] GC(18) ParOldGen: 115316K(175104K)->121492K(175104K)
[2026-03-23T15:59:20.020+0900][4.096s][info][gc,metaspace] GC(18) Metaspace: 235K(448K)->235K(448K) NonClass: 221K(320K)->221K(320K) Class: 14K(128K)->14K(128K)
[2026-03-23T15:59:20.020+0900][4.096s][info][gc          ] GC(18) Pause Young (Allocation Failure) 167M->123M(224M) 2.363ms
[2026-03-23T15:59:20.020+0900][4.096s][info][gc,cpu      ] GC(18) User=0.00s Sys=0.00s Real=0.01s
[2026-03-23T15:59:20.196+0900][4.272s][info][gc,start    ] GC(19) Pause Young (Allocation Failure)
[2026-03-23T15:59:20.198+0900][4.274s][info][gc,heap     ] GC(19) PSYoungGen: 54289K(54784K)->6240K(59904K) Eden: 49105K(49152K)->0K(48128K) From: 5184K(5632K)->6240K(11776K)
[2026-03-23T15:59:20.198+0900][4.274s][info][gc,heap     ] GC(19) ParOldGen: 121492K(175104K)->126132K(175104K)
[2026-03-23T15:59:20.198+0900][4.274s][info][gc,metaspace] GC(19) Metaspace: 235K(448K)->235K(448K) NonClass: 221K(320K)->221K(320K) Class: 14K(128K)->14K(128K)
[2026-03-23T15:59:20.198+0900][4.274s][info][gc          ] GC(19) Pause Young (Allocation Failure) 171M->129M(229M) 2.588ms
[2026-03-23T15:59:20.198+0900][4.274s][info][gc,cpu      ] GC(19) User=0.00s Sys=0.00s Real=0.00s
[2026-03-23T15:59:20.377+0900][4.453s][info][gc,start    ] GC(20) Pause Young (Allocation Failure)
[2026-03-23T15:59:20.380+0900][4.456s][info][gc,heap     ] GC(20) PSYoungGen: 54300K(59904K)->4672K(52736K) Eden: 48060K(48128K)->0K(47616K) From: 6240K(11776K)->4672K(5120K)
[2026-03-23T15:59:20.380+0900][4.456s][info][gc,heap     ] GC(20) ParOldGen: 126132K(175104K)->132316K(175104K)
[2026-03-23T15:59:20.380+0900][4.456s][info][gc,metaspace] GC(20) Metaspace: 235K(448K)->235K(448K) NonClass: 221K(320K)->221K(320K) Class: 14K(128K)->14K(128K)
[2026-03-23T15:59:20.380+0900][4.456s][info][gc          ] GC(20) Pause Young (Allocation Failure) 176M->133M(222M) 2.879ms
[2026-03-23T15:59:20.380+0900][4.456s][info][gc,cpu      ] GC(20) User=0.00s Sys=0.00s Real=0.01s
[2026-03-23T15:59:20.547+0900][4.623s][info][gc,start    ] GC(21) Pause Young (Allocation Failure)
[2026-03-23T15:59:20.550+0900][4.625s][info][gc,heap     ] GC(21) PSYoungGen: 51698K(52736K)->6816K(58368K) Eden: 47025K(47616K)->0K(47104K) From: 4672K(5120K)->6816K(11264K)
[2026-03-23T15:59:20.550+0900][4.626s][info][gc,heap     ] GC(21) ParOldGen: 132316K(175104K)->136948K(175104K)
[2026-03-23T15:59:20.550+0900][4.626s][info][gc,metaspace] GC(21) Metaspace: 235K(448K)->235K(448K) NonClass: 221K(320K)->221K(320K) Class: 14K(128K)->14K(128K)
[2026-03-23T15:59:20.550+0900][4.626s][info][gc          ] GC(21) Pause Young (Allocation Failure) 179M->140M(228M) 2.683ms
[2026-03-23T15:59:20.550+0900][4.626s][info][gc,cpu      ] GC(21) User=0.00s Sys=0.01s Real=0.01s
[2026-03-23T15:59:20.722+0900][4.798s][info][gc,start    ] GC(22) Pause Young (Allocation Failure)
[2026-03-23T15:59:20.724+0900][4.800s][info][gc,heap     ] GC(22) PSYoungGen: 53319K(58368K)->6208K(53248K) Eden: 46503K(47104K)->0K(46592K) From: 6816K(11264K)->6208K(6656K)
[2026-03-23T15:59:20.724+0900][4.800s][info][gc,heap     ] GC(22) ParOldGen: 136948K(175104K)->142092K(175104K)
[2026-03-23T15:59:20.725+0900][4.800s][info][gc,metaspace] GC(22) Metaspace: 237K(448K)->237K(448K) NonClass: 222K(320K)->222K(320K) Class: 14K(128K)->14K(128K)
[2026-03-23T15:59:20.725+0900][4.800s][info][gc          ] GC(22) Pause Young (Allocation Failure) 185M->144M(223M) 2.489ms
[2026-03-23T15:59:20.725+0900][4.801s][info][gc,cpu      ] GC(22) User=0.00s Sys=0.00s Real=0.00s
[2026-03-23T15:59:20.893+0900][4.969s][info][gc,start    ] GC(23) Pause Young (Allocation Failure)
[2026-03-23T15:59:20.895+0900][4.971s][info][gc,heap     ] GC(23) PSYoungGen: 52701K(53248K)->5152K(57856K) Eden: 46493K(46592K)->0K(46080K) From: 6208K(6656K)->5152K(11776K)
[2026-03-23T15:59:20.895+0900][4.971s][info][gc,heap     ] GC(23) ParOldGen: 142092K(175104K)->147765K(175104K)
[2026-03-23T15:59:20.895+0900][4.971s][info][gc,metaspace] GC(23) Metaspace: 237K(448K)->237K(448K) NonClass: 222K(320K)->222K(320K) Class: 14K(128K)->14K(128K)
[2026-03-23T15:59:20.895+0900][4.971s][info][gc          ] GC(23) Pause Young (Allocation Failure) 190M->149M(227M) 2.745ms
[2026-03-23T15:59:20.895+0900][4.971s][info][gc,cpu      ] GC(23) User=0.00s Sys=0.00s Real=0.00s
[2026-03-23T15:59:21.059+0900][5.135s][info][gc,start    ] GC(24) Pause Young (Allocation Failure)
[2026-03-23T15:59:21.061+0900][5.137s][info][gc,heap     ] GC(24) PSYoungGen: 51123K(57856K)->6208K(52224K) Eden: 45970K(46080K)->0K(45568K) From: 5152K(11776K)->6208K(6656K)
[2026-03-23T15:59:21.061+0900][5.137s][info][gc,heap     ] GC(24) ParOldGen: 147765K(175104K)->152397K(175104K)
[2026-03-23T15:59:21.061+0900][5.137s][info][gc,metaspace] GC(24) Metaspace: 237K(448K)->237K(448K) NonClass: 222K(320K)->222K(320K) Class: 14K(128K)->14K(128K)
[2026-03-23T15:59:21.061+0900][5.137s][info][gc          ] GC(24) Pause Young (Allocation Failure) 194M->154M(222M) 1.351ms
[2026-03-23T15:59:21.061+0900][5.137s][info][gc,cpu      ] GC(24) User=0.00s Sys=0.01s Real=0.01s
[2026-03-23T15:59:21.223+0900][5.298s][info][gc,start    ] GC(25) Pause Young (Allocation Failure)
[2026-03-23T15:59:21.225+0900][5.301s][info][gc,heap     ] GC(25) PSYoungGen: 51656K(52224K)->6752K(55296K) Eden: 45448K(45568K)->0K(45056K) From: 6208K(6656K)->6752K(10240K)
[2026-03-23T15:59:21.225+0900][5.301s][info][gc,heap     ] GC(25) ParOldGen: 152397K(175104K)->157037K(175104K)
[2026-03-23T15:59:21.225+0900][5.301s][info][gc,metaspace] GC(25) Metaspace: 237K(448K)->237K(448K) NonClass: 222K(320K)->222K(320K) Class: 14K(128K)->14K(128K)
[2026-03-23T15:59:21.225+0900][5.301s][info][gc          ] GC(25) Pause Young (Allocation Failure) 199M->159M(225M) 2.408ms
[2026-03-23T15:59:21.225+0900][5.301s][info][gc,cpu      ] GC(25) User=0.00s Sys=0.00s Real=0.00s
[2026-03-23T15:59:21.388+0900][5.464s][info][gc,start    ] GC(26) Pause Young (Allocation Failure)
[2026-03-23T15:59:21.390+0900][5.466s][info][gc,heap     ] GC(26) PSYoungGen: 51678K(55296K)->5184K(50176K) Eden: 44926K(45056K)->0K(44544K) From: 6752K(10240K)->5184K(5632K)
[2026-03-23T15:59:21.390+0900][5.466s][info][gc,heap     ] GC(26) ParOldGen: 157037K(175104K)->163213K(175104K)
[2026-03-23T15:59:21.390+0900][5.466s][info][gc,metaspace] GC(26) Metaspace: 237K(448K)->237K(448K) NonClass: 222K(320K)->222K(320K) Class: 14K(128K)->14K(128K)
[2026-03-23T15:59:21.390+0900][5.466s][info][gc          ] GC(26) Pause Young (Allocation Failure) 203M->164M(220M) 2.383ms
[2026-03-23T15:59:21.390+0900][5.466s][info][gc,cpu      ] GC(26) User=0.00s Sys=0.00s Real=0.01s
[2026-03-23T15:59:21.551+0900][5.627s][info][gc,start    ] GC(27) Pause Young (Allocation Failure)
[2026-03-23T15:59:21.552+0900][5.628s][info][gc,heap     ] GC(27) PSYoungGen: 49588K(50176K)->4704K(54784K) Eden: 44404K(44544K)->0K(44032K) From: 5184K(5632K)->4704K(10752K)
[2026-03-23T15:59:21.552+0900][5.628s][info][gc,heap     ] GC(27) ParOldGen: 163213K(175104K)->167853K(175104K)
[2026-03-23T15:59:21.552+0900][5.628s][info][gc,metaspace] GC(27) Metaspace: 237K(448K)->237K(448K) NonClass: 222K(320K)->222K(320K) Class: 14K(128K)->14K(128K)
[2026-03-23T15:59:21.552+0900][5.628s][info][gc          ] GC(27) Pause Young (Allocation Failure) 207M->168M(224M) 1.544ms
[2026-03-23T15:59:21.552+0900][5.628s][info][gc,cpu      ] GC(27) User=0.00s Sys=0.01s Real=0.00s
[2026-03-23T15:59:21.709+0900][5.785s][info][gc,start    ] GC(28) Pause Young (Allocation Failure)
[2026-03-23T15:59:21.710+0900][5.785s][info][gc,heap     ] GC(28) PSYoungGen: 48586K(54784K)->5184K(49152K) Eden: 43882K(44032K)->0K(43520K) From: 4704K(10752K)->5184K(5632K)
[2026-03-23T15:59:21.710+0900][5.785s][info][gc,heap     ] GC(28) ParOldGen: 167853K(175104K)->172501K(175104K)
[2026-03-23T15:59:21.710+0900][5.785s][info][gc,metaspace] GC(28) Metaspace: 237K(448K)->237K(448K) NonClass: 222K(320K)->222K(320K) Class: 14K(128K)->14K(128K)
[2026-03-23T15:59:21.710+0900][5.785s][info][gc          ] GC(28) Pause Young (Allocation Failure) 211M->173M(219M) 0.720ms
[2026-03-23T15:59:21.710+0900][5.785s][info][gc,cpu      ] GC(28) User=0.01s Sys=0.00s Real=0.01s
[2026-03-23T15:59:21.862+0900][5.938s][info][gc,start    ] GC(29) Pause Young (Allocation Failure)
[2026-03-23T15:59:21.864+0900][5.940s][info][gc,heap     ] GC(29) PSYoungGen: 48544K(49152K)->5216K(52736K) Eden: 43360K(43520K)->0K(43008K) From: 5184K(5632K)->5216K(9728K)
[2026-03-23T15:59:21.864+0900][5.940s][info][gc,heap     ] GC(29) ParOldGen: 172501K(175104K)->177133K(178176K)
[2026-03-23T15:59:21.864+0900][5.940s][info][gc,metaspace] GC(29) Metaspace: 237K(448K)->237K(448K) NonClass: 222K(320K)->222K(320K) Class: 14K(128K)->14K(128K)
[2026-03-23T15:59:21.864+0900][5.940s][info][gc          ] GC(29) Pause Young (Allocation Failure) 215M->178M(225M) 1.514ms
[2026-03-23T15:59:21.864+0900][5.940s][info][gc,cpu      ] GC(29) User=0.00s Sys=0.00s Real=0.00s
[2026-03-23T15:59:22.015+0900][6.091s][info][gc,start    ] GC(30) Pause Young (Allocation Failure)
[2026-03-23T15:59:22.018+0900][6.094s][info][gc,heap     ] GC(30) PSYoungGen: 48054K(52736K)->6272K(49152K) Eden: 42838K(43008K)->0K(42496K) From: 5216K(9728K)->6272K(6656K)
[2026-03-23T15:59:22.018+0900][6.094s][info][gc,heap     ] GC(30) ParOldGen: 177133K(178176K)->181766K(182784K)
[2026-03-23T15:59:22.018+0900][6.094s][info][gc,metaspace] GC(30) Metaspace: 237K(448K)->237K(448K) NonClass: 222K(320K)->222K(320K) Class: 14K(128K)->14K(128K)
[2026-03-23T15:59:22.018+0900][6.094s][info][gc          ] GC(30) Pause Young (Allocation Failure) 219M->183M(226M) 2.608ms
[2026-03-23T15:59:22.018+0900][6.094s][info][gc,cpu      ] GC(30) User=0.00s Sys=0.00s Real=0.00s
[2026-03-23T15:59:22.169+0900][6.245s][info][gc,start    ] GC(31) Pause Young (Allocation Failure)
[2026-03-23T15:59:22.171+0900][6.247s][info][gc,heap     ] GC(31) PSYoungGen: 48588K(49152K)->6720K(51712K) Eden: 42316K(42496K)->0K(41984K) From: 6272K(6656K)->6720K(9728K)
[2026-03-23T15:59:22.171+0900][6.247s][info][gc,heap     ] GC(31) ParOldGen: 181766K(182784K)->186398K(187392K)
[2026-03-23T15:59:22.171+0900][6.247s][info][gc,metaspace] GC(31) Metaspace: 237K(448K)->237K(448K) NonClass: 222K(320K)->222K(320K) Class: 14K(128K)->14K(128K)
[2026-03-23T15:59:22.171+0900][6.247s][info][gc          ] GC(31) Pause Young (Allocation Failure) 224M->188M(233M) 2.054ms
[2026-03-23T15:59:22.171+0900][6.247s][info][gc,cpu      ] GC(31) User=0.00s Sys=0.00s Real=0.01s
[2026-03-23T15:59:22.324+0900][6.400s][info][gc,start    ] GC(32) Pause Young (Allocation Failure)
[2026-03-23T15:59:22.327+0900][6.403s][info][gc,heap     ] GC(32) PSYoungGen: 48514K(51712K)->6208K(48128K) Eden: 41794K(41984K)->0K(41472K) From: 6720K(9728K)->6208K(6656K)
[2026-03-23T15:59:22.327+0900][6.403s][info][gc,heap     ] GC(32) ParOldGen: 186398K(187392K)->191550K(193024K)
[2026-03-23T15:59:22.327+0900][6.403s][info][gc,metaspace] GC(32) Metaspace: 237K(448K)->237K(448K) NonClass: 222K(320K)->222K(320K) Class: 14K(128K)->14K(128K)
[2026-03-23T15:59:22.327+0900][6.403s][info][gc          ] GC(32) Pause Young (Allocation Failure) 229M->193M(235M) 3.257ms
[2026-03-23T15:59:22.327+0900][6.403s][info][gc,cpu      ] GC(32) User=0.00s Sys=0.01s Real=0.00s
[2026-03-23T15:59:22.478+0900][6.554s][info][gc,start    ] GC(33) Pause Young (Allocation Failure)
[2026-03-23T15:59:22.480+0900][6.556s][info][gc,heap     ] GC(33) PSYoungGen: 47480K(48128K)->5696K(50176K) Eden: 41272K(41472K)->0K(40960K) From: 6208K(6656K)->5696K(9216K)
[2026-03-23T15:59:22.480+0900][6.556s][info][gc,heap     ] GC(33) ParOldGen: 191550K(193024K)->196198K(197120K)
[2026-03-23T15:59:22.480+0900][6.556s][info][gc,metaspace] GC(33) Metaspace: 237K(448K)->237K(448K) NonClass: 222K(320K)->222K(320K) Class: 14K(128K)->14K(128K)
[2026-03-23T15:59:22.480+0900][6.556s][info][gc          ] GC(33) Pause Young (Allocation Failure) 233M->197M(241M) 2.247ms
[2026-03-23T15:59:22.480+0900][6.556s][info][gc,cpu      ] GC(33) User=0.00s Sys=0.00s Real=0.01s
[2026-03-23T15:59:22.628+0900][6.704s][info][gc,start    ] GC(34) Pause Young (Allocation Failure)
[2026-03-23T15:59:22.631+0900][6.707s][info][gc,heap     ] GC(34) PSYoungGen: 46446K(50176K)->5216K(46080K) Eden: 40750K(40960K)->0K(40448K) From: 5696K(9216K)->5216K(5632K)
[2026-03-23T15:59:22.631+0900][6.707s][info][gc,heap     ] GC(34) ParOldGen: 196198K(197120K)->200334K(201728K)
[2026-03-23T15:59:22.631+0900][6.707s][info][gc,metaspace] GC(34) Metaspace: 237K(448K)->237K(448K) NonClass: 222K(320K)->222K(320K) Class: 14K(128K)->14K(128K)
[2026-03-23T15:59:22.631+0900][6.707s][info][gc          ] GC(34) Pause Young (Allocation Failure) 236M->200M(242M) 2.402ms
[2026-03-23T15:59:22.631+0900][6.707s][info][gc,cpu      ] GC(34) User=0.00s Sys=0.00s Real=0.01s
[2026-03-23T15:59:22.775+0900][6.851s][info][gc,start    ] GC(35) Pause Young (Allocation Failure)
[2026-03-23T15:59:22.779+0900][6.855s][info][gc,heap     ] GC(35) PSYoungGen: 45444K(46080K)->5184K(48128K) Eden: 40228K(40448K)->0K(39936K) From: 5216K(5632K)->5184K(8192K)
[2026-03-23T15:59:22.779+0900][6.855s][info][gc,heap     ] GC(35) ParOldGen: 200334K(201728K)->204974K(205824K)
[2026-03-23T15:59:22.779+0900][6.855s][info][gc,metaspace] GC(35) Metaspace: 237K(448K)->237K(448K) NonClass: 222K(320K)->222K(320K) Class: 14K(128K)->14K(128K)
[2026-03-23T15:59:22.779+0900][6.855s][info][gc          ] GC(35) Pause Young (Allocation Failure) 240M->205M(248M) 4.040ms
[2026-03-23T15:59:22.779+0900][6.855s][info][gc,cpu      ] GC(35) User=0.00s Sys=0.01s Real=0.00s
[2026-03-23T15:59:22.926+0900][7.002s][info][gc,start    ] GC(36) Pause Young (Allocation Failure)
[2026-03-23T15:59:22.929+0900][7.005s][info][gc,heap     ] GC(36) PSYoungGen: 44890K(48128K)->4672K(44544K) Eden: 39705K(39936K)->0K(39424K) From: 5184K(8192K)->4672K(5120K)
[2026-03-23T15:59:22.929+0900][7.005s][info][gc,heap     ] GC(36) ParOldGen: 204974K(205824K)->209614K(209920K)
[2026-03-23T15:59:22.929+0900][7.005s][info][gc,metaspace] GC(36) Metaspace: 237K(448K)->237K(448K) NonClass: 222K(320K)->222K(320K) Class: 14K(128K)->14K(128K)
[2026-03-23T15:59:22.929+0900][7.005s][info][gc          ] GC(36) Pause Young (Allocation Failure) 244M->209M(248M) 3.190ms
[2026-03-23T15:59:22.929+0900][7.005s][info][gc,cpu      ] GC(36) User=0.00s Sys=0.00s Real=0.00s
[2026-03-23T15:59:23.067+0900][7.143s][info][gc,start    ] GC(37) Pause Young (Allocation Failure)
[2026-03-23T15:59:23.069+0900][7.145s][info][gc,heap     ] GC(37) PSYoungGen: 43856K(44544K)->5184K(47616K) Eden: 39183K(39424K)->0K(38912K) From: 4672K(5120K)->5184K(8704K)
[2026-03-23T15:59:23.070+0900][7.145s][info][gc,heap     ] GC(37) ParOldGen: 209614K(209920K)->214255K(215552K)
[2026-03-23T15:59:23.070+0900][7.145s][info][gc,metaspace] GC(37) Metaspace: 237K(448K)->237K(448K) NonClass: 222K(320K)->222K(320K) Class: 14K(128K)->14K(128K)
[2026-03-23T15:59:23.070+0900][7.145s][info][gc          ] GC(37) Pause Young (Allocation Failure) 247M->214M(257M) 2.554ms
[2026-03-23T15:59:23.070+0900][7.145s][info][gc,cpu      ] GC(37) User=0.00s Sys=0.00s Real=0.01s
[2026-03-23T15:59:23.208+0900][7.284s][info][gc,start    ] GC(38) Pause Young (Allocation Failure)
[2026-03-23T15:59:23.212+0900][7.288s][info][gc,heap     ] GC(38) PSYoungGen: 43846K(47616K)->5184K(44032K) Eden: 38661K(38912K)->0K(38400K) From: 5184K(8704K)->5184K(5632K)
[2026-03-23T15:59:23.212+0900][7.288s][info][gc,heap     ] GC(38) ParOldGen: 214255K(215552K)->218895K(220160K)
[2026-03-23T15:59:23.212+0900][7.288s][info][gc,metaspace] GC(38) Metaspace: 237K(448K)->237K(448K) NonClass: 222K(320K)->222K(320K) Class: 14K(128K)->14K(128K)
[2026-03-23T15:59:23.212+0900][7.288s][info][gc          ] GC(38) Pause Young (Allocation Failure) 252M->218M(258M) 3.508ms
[2026-03-23T15:59:23.212+0900][7.288s][info][gc,cpu      ] GC(38) User=0.00s Sys=0.01s Real=0.01s
[2026-03-23T15:59:23.352+0900][7.428s][info][gc,start    ] GC(39) Pause Young (Allocation Failure)
[2026-03-23T15:59:23.355+0900][7.431s][info][gc,heap     ] GC(39) PSYoungGen: 43323K(44032K)->4736K(46080K) Eden: 38139K(38400K)->0K(37888K) From: 5184K(5632K)->4736K(8192K)
[2026-03-23T15:59:23.355+0900][7.431s][info][gc,heap     ] GC(39) ParOldGen: 218895K(220160K)->223535K(224768K)
[2026-03-23T15:59:23.355+0900][7.431s][info][gc,metaspace] GC(39) Metaspace: 237K(448K)->237K(448K) NonClass: 222K(320K)->222K(320K) Class: 14K(128K)->14K(128K)
[2026-03-23T15:59:23.355+0900][7.431s][info][gc          ] GC(39) Pause Young (Allocation Failure) 256M->222M(264M) 2.812ms
[2026-03-23T15:59:23.355+0900][7.431s][info][gc,cpu      ] GC(39) User=0.00s Sys=0.00s Real=0.00s
[2026-03-23T15:59:23.494+0900][7.570s][info][gc,start    ] GC(40) Pause Young (Allocation Failure)
[2026-03-23T15:59:23.497+0900][7.573s][info][gc,heap     ] GC(40) PSYoungGen: 42353K(46080K)->5248K(43008K) Eden: 37617K(37888K)->0K(37376K) From: 4736K(8192K)->5248K(5632K)
[2026-03-23T15:59:23.497+0900][7.573s][info][gc,heap     ] GC(40) ParOldGen: 223535K(224768K)->226639K(227840K)
[2026-03-23T15:59:23.497+0900][7.573s][info][gc,metaspace] GC(40) Metaspace: 237K(448K)->237K(448K) NonClass: 222K(320K)->222K(320K) Class: 14K(128K)->14K(128K)
[2026-03-23T15:59:23.497+0900][7.573s][info][gc          ] GC(40) Pause Young (Allocation Failure) 259M->226M(264M) 2.470ms
[2026-03-23T15:59:23.497+0900][7.573s][info][gc,cpu      ] GC(40) User=0.00s Sys=0.00s Real=0.00s
[2026-03-23T15:59:23.629+0900][7.705s][info][gc,start    ] GC(41) Pause Young (Allocation Failure)
[2026-03-23T15:59:23.631+0900][7.707s][info][gc,heap     ] GC(41) PSYoungGen: 42343K(43008K)->5216K(44032K) Eden: 37095K(37376K)->0K(36864K) From: 5248K(5632K)->5216K(7168K)
[2026-03-23T15:59:23.631+0900][7.707s][info][gc,heap     ] GC(41) ParOldGen: 226639K(227840K)->231279K(231936K)
[2026-03-23T15:59:23.631+0900][7.707s][info][gc,metaspace] GC(41) Metaspace: 237K(448K)->237K(448K) NonClass: 222K(320K)->222K(320K) Class: 14K(128K)->14K(128K)
[2026-03-23T15:59:23.632+0900][7.707s][info][gc          ] GC(41) Pause Young (Allocation Failure) 262M->230M(269M) 2.597ms
[2026-03-23T15:59:23.632+0900][7.707s][info][gc,cpu      ] GC(41) User=0.00s Sys=0.01s Real=0.01s
[2026-03-23T15:59:23.764+0900][7.840s][info][gc,start    ] GC(42) Pause Young (Allocation Failure)
[2026-03-23T15:59:23.767+0900][7.843s][info][gc,heap     ] GC(42) PSYoungGen: 41789K(44032K)->4704K(41472K) Eden: 36573K(36864K)->0K(36352K) From: 5216K(7168K)->4704K(5120K)
[2026-03-23T15:59:23.767+0900][7.843s][info][gc,heap     ] GC(42) ParOldGen: 231279K(231936K)->235911K(237056K)
[2026-03-23T15:59:23.767+0900][7.843s][info][gc,metaspace] GC(42) Metaspace: 237K(448K)->237K(448K) NonClass: 222K(320K)->222K(320K) Class: 14K(128K)->14K(128K)
[2026-03-23T15:59:23.767+0900][7.843s][info][gc          ] GC(42) Pause Young (Allocation Failure) 266M->234M(272M) 2.491ms
[2026-03-23T15:59:23.767+0900][7.843s][info][gc,cpu      ] GC(42) User=0.00s Sys=0.00s Real=0.00s
[2026-03-23T15:59:23.900+0900][7.976s][info][gc,start    ] GC(43) Pause Young (Allocation Failure)
[2026-03-23T15:59:23.902+0900][7.978s][info][gc,heap     ] GC(43) PSYoungGen: 40755K(41472K)->5216K(43520K) Eden: 36051K(36352K)->0K(35840K) From: 4704K(5120K)->5216K(7680K)
[2026-03-23T15:59:23.902+0900][7.978s][info][gc,heap     ] GC(43) ParOldGen: 235911K(237056K)->239015K(239616K)
[2026-03-23T15:59:23.902+0900][7.978s][info][gc,metaspace] GC(43) Metaspace: 237K(448K)->237K(448K) NonClass: 222K(320K)->222K(320K) Class: 14K(128K)->14K(128K)
[2026-03-23T15:59:23.902+0900][7.978s][info][gc          ] GC(43) Pause Young (Allocation Failure) 270M->238M(276M) 2.216ms
[2026-03-23T15:59:23.902+0900][7.978s][info][gc,cpu      ] GC(43) User=0.00s Sys=0.00s Real=0.00s
[2026-03-23T15:59:24.034+0900][8.110s][info][gc,start    ] GC(44) Pause Young (Allocation Failure)
[2026-03-23T15:59:24.036+0900][8.112s][info][gc,heap     ] GC(44) PSYoungGen: 40745K(43520K)->5248K(40960K) Eden: 35529K(35840K)->0K(35328K) From: 5216K(7680K)->5248K(5632K)
[2026-03-23T15:59:24.036+0900][8.112s][info][gc,heap     ] GC(44) ParOldGen: 239015K(239616K)->243655K(244224K)
[2026-03-23T15:59:24.036+0900][8.112s][info][gc,metaspace] GC(44) Metaspace: 237K(448K)->237K(448K) NonClass: 222K(320K)->222K(320K) Class: 14K(128K)->14K(128K)
[2026-03-23T15:59:24.036+0900][8.112s][info][gc          ] GC(44) Pause Young (Allocation Failure) 273M->243M(278M) 1.979ms
[2026-03-23T15:59:24.036+0900][8.112s][info][gc,cpu      ] GC(44) User=0.00s Sys=0.00s Real=0.00s
[2026-03-23T15:59:24.168+0900][8.244s][info][gc,start    ] GC(45) Pause Young (Allocation Failure)
[2026-03-23T15:59:24.171+0900][8.247s][info][gc,heap     ] GC(45) PSYoungGen: 40255K(40960K)->3136K(42496K) Eden: 35007K(35328K)->0K(34816K) From: 5248K(5632K)->3136K(7680K)
[2026-03-23T15:59:24.171+0900][8.247s][info][gc,heap     ] GC(45) ParOldGen: 243655K(244224K)->248296K(248832K)
[2026-03-23T15:59:24.171+0900][8.247s][info][gc,metaspace] GC(45) Metaspace: 237K(448K)->237K(448K) NonClass: 222K(320K)->222K(320K) Class: 14K(128K)->14K(128K)
[2026-03-23T15:59:24.171+0900][8.247s][info][gc          ] GC(45) Pause Young (Allocation Failure) 277M->245M(284M) 3.143ms
[2026-03-23T15:59:24.171+0900][8.247s][info][gc,cpu      ] GC(45) User=0.00s Sys=0.01s Real=0.01s
[2026-03-23T15:59:24.296+0900][8.372s][info][gc,start    ] GC(46) Pause Young (Allocation Failure)
[2026-03-23T15:59:24.298+0900][8.374s][info][gc,heap     ] GC(46) PSYoungGen: 37621K(42496K)->5248K(39936K) Eden: 34485K(34816K)->0K(34304K) From: 3136K(7680K)->5248K(5632K)
[2026-03-23T15:59:24.298+0900][8.374s][info][gc,heap     ] GC(46) ParOldGen: 248296K(248832K)->251400K(252928K)
[2026-03-23T15:59:24.298+0900][8.374s][info][gc,metaspace] GC(46) Metaspace: 237K(448K)->237K(448K) NonClass: 222K(320K)->222K(320K) Class: 14K(128K)->14K(128K)
[2026-03-23T15:59:24.298+0900][8.374s][info][gc          ] GC(46) Pause Young (Allocation Failure) 279M->250M(286M) 2.478ms
[2026-03-23T15:59:24.298+0900][8.374s][info][gc,cpu      ] GC(46) User=0.00s Sys=0.00s Real=0.00s
[2026-03-23T15:59:24.425+0900][8.501s][info][gc,start    ] GC(47) Pause Young (Allocation Failure)
[2026-03-23T15:59:24.429+0900][8.505s][info][gc,heap     ] GC(47) PSYoungGen: 39211K(39936K)->3680K(40960K) Eden: 33963K(34304K)->0K(33792K) From: 5248K(5632K)->3680K(7168K)
[2026-03-23T15:59:24.429+0900][8.505s][info][gc,heap     ] GC(47) ParOldGen: 251400K(252928K)->256048K(257536K)
[2026-03-23T15:59:24.429+0900][8.505s][info][gc,metaspace] GC(47) Metaspace: 237K(448K)->237K(448K) NonClass: 222K(320K)->222K(320K) Class: 14K(128K)->14K(128K)
[2026-03-23T15:59:24.429+0900][8.505s][info][gc          ] GC(47) Pause Young (Allocation Failure) 283M->253M(291M) 3.999ms
[2026-03-23T15:59:24.429+0900][8.505s][info][gc,cpu      ] GC(47) User=0.00s Sys=0.00s Real=0.00s
[2026-03-23T15:59:24.547+0900][8.623s][info][gc,start    ] GC(48) Pause Young (Allocation Failure)
[2026-03-23T15:59:24.550+0900][8.626s][info][gc,heap     ] GC(48) PSYoungGen: 37121K(40960K)->4704K(38400K) Eden: 33441K(33792K)->0K(33280K) From: 3680K(7168K)->4704K(5120K)
[2026-03-23T15:59:24.550+0900][8.626s][info][gc,heap     ] GC(48) ParOldGen: 256048K(257536K)->259144K(260608K)
[2026-03-23T15:59:24.551+0900][8.626s][info][gc,metaspace] GC(48) Metaspace: 237K(448K)->237K(448K) NonClass: 222K(320K)->222K(320K) Class: 14K(128K)->14K(128K)
[2026-03-23T15:59:24.551+0900][8.626s][info][gc          ] GC(48) Pause Young (Allocation Failure) 286M->257M(292M) 3.085ms
[2026-03-23T15:59:24.551+0900][8.626s][info][gc,cpu      ] GC(48) User=0.00s Sys=0.01s Real=0.01s
[2026-03-23T15:59:24.666+0900][8.742s][info][gc,start    ] GC(49) Pause Young (Allocation Failure)
[2026-03-23T15:59:24.671+0900][8.747s][info][gc,heap     ] GC(49) PSYoungGen: 37623K(38400K)->5216K(39936K) Eden: 32919K(33280K)->0K(32768K) From: 4704K(5120K)->5216K(7168K)
[2026-03-23T15:59:24.671+0900][8.747s][info][gc,heap     ] GC(49) ParOldGen: 259144K(260608K)->262240K(263680K)
[2026-03-23T15:59:24.671+0900][8.747s][info][gc,metaspace] GC(49) Metaspace: 237K(448K)->237K(448K) NonClass: 222K(320K)->222K(320K) Class: 14K(128K)->14K(128K)
[2026-03-23T15:59:24.671+0900][8.747s][info][gc          ] GC(49) Pause Young (Allocation Failure) 289M->261M(296M) 5.514ms
[2026-03-23T15:59:24.671+0900][8.747s][info][gc,cpu      ] GC(49) User=0.01s Sys=0.00s Real=0.01s
[2026-03-23T15:59:24.789+0900][8.865s][info][gc,start    ] GC(50) Pause Young (Allocation Failure)
[2026-03-23T15:59:24.791+0900][8.867s][info][gc,heap     ] GC(50) PSYoungGen: 37613K(39936K)->3648K(36352K) Eden: 32397K(32768K)->0K(32256K) From: 5216K(7168K)->3648K(4096K)
[2026-03-23T15:59:24.792+0900][8.867s][info][gc,heap     ] GC(50) ParOldGen: 262240K(263680K)->266872K(267776K)
[2026-03-23T15:59:24.792+0900][8.867s][info][gc,metaspace] GC(50) Metaspace: 237K(448K)->237K(448K) NonClass: 222K(320K)->222K(320K) Class: 14K(128K)->14K(128K)
[2026-03-23T15:59:24.792+0900][8.868s][info][gc          ] GC(50) Pause Young (Allocation Failure) 292M->264M(297M) 2.460ms
[2026-03-23T15:59:24.792+0900][8.868s][info][gc,cpu      ] GC(50) User=0.01s Sys=0.00s Real=0.01s
[2026-03-23T15:59:24.906+0900][8.982s][info][gc,start    ] GC(51) Pause Young (Allocation Failure)
[2026-03-23T15:59:24.908+0900][8.984s][info][gc,heap     ] GC(51) PSYoungGen: 35523K(36352K)->4672K(37888K) Eden: 31875K(32256K)->0K(31744K) From: 3648K(4096K)->4672K(6144K)
[2026-03-23T15:59:24.908+0900][8.984s][info][gc,heap     ] GC(51) ParOldGen: 266872K(267776K)->269968K(270848K)
[2026-03-23T15:59:24.908+0900][8.984s][info][gc,metaspace] GC(51) Metaspace: 237K(448K)->237K(448K) NonClass: 222K(320K)->222K(320K) Class: 14K(128K)->14K(128K)
[2026-03-23T15:59:24.908+0900][8.984s][info][gc          ] GC(51) Pause Young (Allocation Failure) 295M->268M(301M) 2.829ms
[2026-03-23T15:59:24.908+0900][8.984s][info][gc,cpu      ] GC(51) User=0.01s Sys=0.00s Real=0.00s
[2026-03-23T15:59:25.020+0900][9.096s][info][gc,start    ] GC(52) Pause Young (Allocation Failure)
[2026-03-23T15:59:25.023+0900][9.099s][info][gc,heap     ] GC(52) PSYoungGen: 36025K(37888K)->5248K(36864K) Eden: 31353K(31744K)->0K(31232K) From: 4672K(6144K)->5248K(5632K)
[2026-03-23T15:59:25.023+0900][9.099s][info][gc,heap     ] GC(52) ParOldGen: 269968K(270848K)->273080K(273920K)
[2026-03-23T15:59:25.023+0900][9.099s][info][gc,metaspace] GC(52) Metaspace: 237K(448K)->237K(448K) NonClass: 222K(320K)->222K(320K) Class: 14K(128K)->14K(128K)
[2026-03-23T15:59:25.023+0900][9.099s][info][gc          ] GC(52) Pause Young (Allocation Failure) 298M->271M(303M) 2.634ms
[2026-03-23T15:59:25.023+0900][9.099s][info][gc,cpu      ] GC(52) User=0.01s Sys=0.00s Real=0.00s
[2026-03-23T15:59:25.137+0900][9.213s][info][gc,start    ] GC(53) Pause Young (Allocation Failure)
[2026-03-23T15:59:25.139+0900][9.215s][info][gc,heap     ] GC(53) PSYoungGen: 36079K(36864K)->3680K(38400K) Eden: 30830K(31232K)->0K(31232K) From: 5248K(5632K)->3680K(7168K)
[2026-03-23T15:59:25.140+0900][9.215s][info][gc,heap     ] GC(53) ParOldGen: 273080K(273920K)->277736K(278016K)
[2026-03-23T15:59:25.140+0900][9.216s][info][gc,metaspace] GC(53) Metaspace: 237K(448K)->237K(448K) NonClass: 222K(320K)->222K(320K) Class: 14K(128K)->14K(128K)
[2026-03-23T15:59:25.140+0900][9.216s][info][gc          ] GC(53) Pause Young (Allocation Failure) 301M->274M(309M) 2.662ms
[2026-03-23T15:59:25.140+0900][9.216s][info][gc,cpu      ] GC(53) User=0.01s Sys=0.01s Real=0.01s
[2026-03-23T15:59:25.250+0900][9.326s][info][gc,start    ] GC(54) Pause Young (Allocation Failure)
[2026-03-23T15:59:25.253+0900][9.329s][info][gc,heap     ] GC(54) PSYoungGen: 34511K(38400K)->3680K(38400K) Eden: 30831K(31232K)->0K(31232K) From: 3680K(7168K)->3680K(7168K)
[2026-03-23T15:59:25.253+0900][9.329s][info][gc,heap     ] GC(54) ParOldGen: 277736K(278016K)->280841K(282112K)
[2026-03-23T15:59:25.253+0900][9.329s][info][gc,metaspace] GC(54) Metaspace: 237K(448K)->237K(448K) NonClass: 222K(320K)->222K(320K) Class: 14K(128K)->14K(128K)
[2026-03-23T15:59:25.253+0900][9.329s][info][gc          ] GC(54) Pause Young (Allocation Failure) 304M->277M(313M) 2.843ms
[2026-03-23T15:59:25.253+0900][9.329s][info][gc,cpu      ] GC(54) User=0.01s Sys=0.00s Real=0.00s
[2026-03-23T15:59:25.366+0900][9.442s][info][gc,start    ] GC(55) Pause Young (Allocation Failure)
[2026-03-23T15:59:25.368+0900][9.444s][info][gc,heap     ] GC(55) PSYoungGen: 34511K(38400K)->3680K(38400K) Eden: 30831K(31232K)->0K(31232K) From: 3680K(7168K)->3680K(7168K)
[2026-03-23T15:59:25.368+0900][9.444s][info][gc,heap     ] GC(55) ParOldGen: 280841K(282112K)->283945K(285184K)
[2026-03-23T15:59:25.368+0900][9.444s][info][gc,metaspace] GC(55) Metaspace: 237K(448K)->237K(448K) NonClass: 222K(320K)->222K(320K) Class: 14K(128K)->14K(128K)
[2026-03-23T15:59:25.368+0900][9.444s][info][gc          ] GC(55) Pause Young (Allocation Failure) 307M->280M(316M) 2.532ms
[2026-03-23T15:59:25.368+0900][9.444s][info][gc,cpu      ] GC(55) User=0.01s Sys=0.00s Real=0.00s
[2026-03-23T15:59:25.477+0900][9.553s][info][gc,start    ] GC(56) Pause Young (Allocation Failure)
[2026-03-23T15:59:25.481+0900][9.557s][info][gc,heap     ] GC(56) PSYoungGen: 34511K(38400K)->5184K(38400K) Eden: 30831K(31232K)->0K(31232K) From: 3680K(7168K)->5184K(7168K)
[2026-03-23T15:59:25.481+0900][9.557s][info][gc,heap     ] GC(56) ParOldGen: 283945K(285184K)->287041K(288256K)
[2026-03-23T15:59:25.481+0900][9.557s][info][gc,metaspace] GC(56) Metaspace: 237K(448K)->237K(448K) NonClass: 222K(320K)->222K(320K) Class: 14K(128K)->14K(128K)
[2026-03-23T15:59:25.481+0900][9.557s][info][gc          ] GC(56) Pause Young (Allocation Failure) 310M->285M(319M) 4.575ms
[2026-03-23T15:59:25.481+0900][9.557s][info][gc,cpu      ] GC(56) User=0.01s Sys=0.00s Real=0.01s
[2026-03-23T15:59:25.594+0900][9.670s][info][gc,start    ] GC(57) Pause Young (Allocation Failure)
[2026-03-23T15:59:25.596+0900][9.672s][info][gc,heap     ] GC(57) PSYoungGen: 36015K(38400K)->3648K(38400K) Eden: 30831K(31232K)->0K(31232K) From: 5184K(7168K)->3648K(7168K)
[2026-03-23T15:59:25.596+0900][9.672s][info][gc,heap     ] GC(57) ParOldGen: 287041K(288256K)->291681K(292864K)
[2026-03-23T15:59:25.596+0900][9.672s][info][gc,metaspace] GC(57) Metaspace: 237K(448K)->237K(448K) NonClass: 222K(320K)->222K(320K) Class: 14K(128K)->14K(128K)
[2026-03-23T15:59:25.596+0900][9.672s][info][gc          ] GC(57) Pause Young (Allocation Failure) 315M->288M(323M) 1.866ms
[2026-03-23T15:59:25.596+0900][9.672s][info][gc,cpu      ] GC(57) User=0.01s Sys=0.00s Real=0.00s
[2026-03-23T15:59:25.710+0900][9.786s][info][gc,start    ] GC(58) Pause Young (Allocation Failure)
[2026-03-23T15:59:25.713+0900][9.789s][info][gc,heap     ] GC(58) PSYoungGen: 34479K(38400K)->3680K(38400K) Eden: 30831K(31232K)->0K(31232K) From: 3648K(7168K)->3680K(7168K)
[2026-03-23T15:59:25.713+0900][9.789s][info][gc,heap     ] GC(58) ParOldGen: 291681K(292864K)->294777K(295936K)
[2026-03-23T15:59:25.713+0900][9.789s][info][gc,metaspace] GC(58) Metaspace: 237K(448K)->237K(448K) NonClass: 222K(320K)->222K(320K) Class: 14K(128K)->14K(128K)
[2026-03-23T15:59:25.713+0900][9.789s][info][gc          ] GC(58) Pause Young (Allocation Failure) 318M->291M(326M) 2.919ms
[2026-03-23T15:59:25.713+0900][9.789s][info][gc,cpu      ] GC(58) User=0.01s Sys=0.00s Real=0.00s
[2026-03-23T15:59:25.828+0900][9.903s][info][gc,start    ] GC(59) Pause Young (Allocation Failure)
[2026-03-23T15:59:25.830+0900][9.906s][info][gc,heap     ] GC(59) PSYoungGen: 34511K(38400K)->3648K(38400K) Eden: 30831K(31232K)->0K(31232K) From: 3680K(7168K)->3648K(7168K)
[2026-03-23T15:59:25.830+0900][9.906s][info][gc,heap     ] GC(59) ParOldGen: 294777K(295936K)->297873K(299008K)
[2026-03-23T15:59:25.830+0900][9.906s][info][gc,metaspace] GC(59) Metaspace: 237K(448K)->237K(448K) NonClass: 222K(320K)->222K(320K) Class: 14K(128K)->14K(128K)
[2026-03-23T15:59:25.830+0900][9.906s][info][gc          ] GC(59) Pause Young (Allocation Failure) 321M->294M(329M) 2.823ms
[2026-03-23T15:59:25.830+0900][9.906s][info][gc,cpu      ] GC(59) User=0.01s Sys=0.00s Real=0.01s
[2026-03-23T15:59:25.934+0900][10.010s][info][gc,start    ] GC(60) Pause Young (Allocation Failure)
[2026-03-23T15:59:25.936+0900][10.012s][info][gc,heap     ] GC(60) PSYoungGen: 34479K(38400K)->5216K(38400K) Eden: 30831K(31232K)->0K(31232K) From: 3648K(7168K)->5216K(7168K)
[2026-03-23T15:59:25.936+0900][10.012s][info][gc,heap     ] GC(60) ParOldGen: 297873K(299008K)->300961K(302080K)
[2026-03-23T15:59:25.936+0900][10.012s][info][gc,metaspace] GC(60) Metaspace: 237K(448K)->237K(448K) NonClass: 222K(320K)->222K(320K) Class: 14K(128K)->14K(128K)
[2026-03-23T15:59:25.936+0900][10.012s][info][gc          ] GC(60) Pause Young (Allocation Failure) 324M->299M(332M) 1.982ms
[2026-03-23T15:59:25.936+0900][10.012s][info][gc,cpu      ] GC(60) User=0.01s Sys=0.00s Real=0.00s
[2026-03-23T15:59:26.047+0900][10.123s][info][gc,start    ] GC(61) Pause Young (Allocation Failure)
[2026-03-23T15:59:26.048+0900][10.124s][info][gc,heap     ] GC(61) PSYoungGen: 36047K(38400K)->4672K(37376K) Eden: 30831K(31232K)->0K(31232K) From: 5216K(7168K)->4672K(6144K)
[2026-03-23T15:59:26.048+0900][10.124s][info][gc,heap     ] GC(61) ParOldGen: 300961K(302080K)->304593K(305152K)
[2026-03-23T15:59:26.048+0900][10.124s][info][gc,metaspace] GC(61) Metaspace: 237K(448K)->237K(448K) NonClass: 222K(320K)->222K(320K) Class: 14K(128K)->14K(128K)
[2026-03-23T15:59:26.048+0900][10.124s][info][gc          ] GC(61) Pause Young (Allocation Failure) 329M->302M(334M) 0.993ms
[2026-03-23T15:59:26.048+0900][10.124s][info][gc,cpu      ] GC(61) User=0.01s Sys=0.00s Real=0.00s
[2026-03-23T15:59:26.162+0900][10.238s][info][gc,start    ] GC(62) Pause Young (Allocation Failure)
[2026-03-23T15:59:26.167+0900][10.243s][info][gc,heap     ] GC(62) PSYoungGen: 35503K(37376K)->3648K(37888K) Eden: 30831K(31232K)->0K(31232K) From: 4672K(6144K)->3648K(6656K)
[2026-03-23T15:59:26.167+0900][10.243s][info][gc,heap     ] GC(62) ParOldGen: 304593K(305152K)->308729K(309760K)
[2026-03-23T15:59:26.167+0900][10.243s][info][gc,metaspace] GC(62) Metaspace: 237K(448K)->237K(448K) NonClass: 222K(320K)->222K(320K) Class: 14K(128K)->14K(128K)
[2026-03-23T15:59:26.167+0900][10.243s][info][gc          ] GC(62) Pause Young (Allocation Failure) 332M->305M(339M) 4.696ms
[2026-03-23T15:59:26.167+0900][10.243s][info][gc,cpu      ] GC(62) User=0.01s Sys=0.00s Real=0.00s
[2026-03-23T15:59:26.282+0900][10.358s][info][gc,start    ] GC(63) Pause Young (Allocation Failure)
[2026-03-23T15:59:26.286+0900][10.362s][info][gc,heap     ] GC(63) PSYoungGen: 34479K(37888K)->3680K(37888K) Eden: 30831K(31232K)->0K(31232K) From: 3648K(6656K)->3680K(6656K)
[2026-03-23T15:59:26.286+0900][10.362s][info][gc,heap     ] GC(63) ParOldGen: 308729K(309760K)->311825K(312320K)
[2026-03-23T15:59:26.286+0900][10.362s][info][gc,metaspace] GC(63) Metaspace: 237K(448K)->237K(448K) NonClass: 222K(320K)->222K(320K) Class: 14K(128K)->14K(128K)
[2026-03-23T15:59:26.286+0900][10.362s][info][gc          ] GC(63) Pause Young (Allocation Failure) 335M->308M(342M) 3.323ms
[2026-03-23T15:59:26.286+0900][10.362s][info][gc,cpu      ] GC(63) User=0.01s Sys=0.00s Real=0.00s
[2026-03-23T15:59:26.400+0900][10.476s][info][gc,start    ] GC(64) Pause Young (Allocation Failure)
[2026-03-23T15:59:26.403+0900][10.479s][info][gc,heap     ] GC(64) PSYoungGen: 34511K(37888K)->3616K(37888K) Eden: 30831K(31232K)->0K(31232K) From: 3680K(6656K)->3616K(6656K)
[2026-03-23T15:59:26.403+0900][10.479s][info][gc,heap     ] GC(64) ParOldGen: 311825K(312320K)->314922K(316416K)
[2026-03-23T15:59:26.403+0900][10.479s][info][gc,metaspace] GC(64) Metaspace: 237K(448K)->237K(448K) NonClass: 222K(320K)->222K(320K) Class: 14K(128K)->14K(128K)
[2026-03-23T15:59:26.403+0900][10.479s][info][gc          ] GC(64) Pause Young (Allocation Failure) 338M->311M(346M) 3.362ms
[2026-03-23T15:59:26.403+0900][10.479s][info][gc,cpu      ] GC(64) User=0.01s Sys=0.00s Real=0.00s
[2026-03-23T15:59:26.513+0900][10.589s][info][gc,start    ] GC(65) Pause Young (Allocation Failure)
[2026-03-23T15:59:26.517+0900][10.593s][info][gc,heap     ] GC(65) PSYoungGen: 34447K(37888K)->5312K(37888K) Eden: 30831K(31232K)->0K(31232K) From: 3616K(6656K)->5312K(6656K)
[2026-03-23T15:59:26.517+0900][10.593s][info][gc,heap     ] GC(65) ParOldGen: 314922K(316416K)->318026K(319488K)
[2026-03-23T15:59:26.517+0900][10.593s][info][gc,metaspace] GC(65) Metaspace: 237K(448K)->237K(448K) NonClass: 222K(320K)->222K(320K) Class: 14K(128K)->14K(128K)
[2026-03-23T15:59:26.517+0900][10.593s][info][gc          ] GC(65) Pause Young (Allocation Failure) 341M->315M(349M) 3.542ms
[2026-03-23T15:59:26.517+0900][10.593s][info][gc,cpu      ] GC(65) User=0.00s Sys=0.00s Real=0.00s
[2026-03-23T15:59:26.630+0900][10.706s][info][gc,start    ] GC(66) Pause Young (Allocation Failure)
[2026-03-23T15:59:26.634+0900][10.709s][info][gc,heap     ] GC(66) PSYoungGen: 36143K(37888K)->3648K(37888K) Eden: 30831K(31232K)->0K(31232K) From: 5312K(6656K)->3648K(6656K)
[2026-03-23T15:59:26.634+0900][10.709s][info][gc,heap     ] GC(66) ParOldGen: 318026K(319488K)->322658K(323584K)
[2026-03-23T15:59:26.634+0900][10.710s][info][gc,metaspace] GC(66) Metaspace: 237K(448K)->237K(448K) NonClass: 222K(320K)->222K(320K) Class: 14K(128K)->14K(128K)
[2026-03-23T15:59:26.634+0900][10.710s][info][gc          ] GC(66) Pause Young (Allocation Failure) 345M->318M(353M) 3.522ms
[2026-03-23T15:59:26.634+0900][10.710s][info][gc,cpu      ] GC(66) User=0.01s Sys=0.00s Real=0.00s
[2026-03-23T15:59:26.751+0900][10.827s][info][gc,start    ] GC(67) Pause Young (Allocation Failure)
[2026-03-23T15:59:26.755+0900][10.831s][info][gc,heap     ] GC(67) PSYoungGen: 34479K(37888K)->3680K(37888K) Eden: 30831K(31232K)->0K(31232K) From: 3648K(6656K)->3680K(6656K)
[2026-03-23T15:59:26.755+0900][10.831s][info][gc,heap     ] GC(67) ParOldGen: 322658K(323584K)->325762K(326656K)
[2026-03-23T15:59:26.755+0900][10.831s][info][gc,metaspace] GC(67) Metaspace: 237K(448K)->237K(448K) NonClass: 222K(320K)->222K(320K) Class: 14K(128K)->14K(128K)
[2026-03-23T15:59:26.755+0900][10.831s][info][gc          ] GC(67) Pause Young (Allocation Failure) 348M->321M(356M) 3.299ms
[2026-03-23T15:59:26.755+0900][10.831s][info][gc,cpu      ] GC(67) User=0.01s Sys=0.00s Real=0.00s
[2026-03-23T15:59:26.869+0900][10.945s][info][gc,start    ] GC(68) Pause Young (Allocation Failure)
[2026-03-23T15:59:26.872+0900][10.948s][info][gc,heap     ] GC(68) PSYoungGen: 34511K(37888K)->3648K(37888K) Eden: 30831K(31232K)->0K(31232K) From: 3680K(6656K)->3648K(6656K)
[2026-03-23T15:59:26.872+0900][10.948s][info][gc,heap     ] GC(68) ParOldGen: 325762K(326656K)->328858K(329728K)
[2026-03-23T15:59:26.872+0900][10.948s][info][gc,metaspace] GC(68) Metaspace: 237K(448K)->237K(448K) NonClass: 222K(320K)->222K(320K) Class: 14K(128K)->14K(128K)
[2026-03-23T15:59:26.872+0900][10.948s][info][gc          ] GC(68) Pause Young (Allocation Failure) 351M->324M(359M) 3.214ms
[2026-03-23T15:59:26.872+0900][10.948s][info][gc,cpu      ] GC(68) User=0.01s Sys=0.00s Real=0.01s
[2026-03-23T15:59:26.981+0900][11.057s][info][gc,start    ] GC(69) Pause Young (Allocation Failure)
[2026-03-23T15:59:26.987+0900][11.063s][info][gc,heap     ] GC(69) PSYoungGen: 34479K(37888K)->5248K(37888K) Eden: 30831K(31232K)->0K(31232K) From: 3648K(6656K)->5248K(6656K)
[2026-03-23T15:59:26.987+0900][11.063s][info][gc,heap     ] GC(69) ParOldGen: 328858K(329728K)->331954K(332800K)
[2026-03-23T15:59:26.987+0900][11.063s][info][gc,metaspace] GC(69) Metaspace: 237K(448K)->237K(448K) NonClass: 222K(320K)->222K(320K) Class: 14K(128K)->14K(128K)
[2026-03-23T15:59:26.987+0900][11.063s][info][gc          ] GC(69) Pause Young (Allocation Failure) 354M->329M(362M) 6.685ms
[2026-03-23T15:59:26.987+0900][11.063s][info][gc,cpu      ] GC(69) User=0.01s Sys=0.00s Real=0.00s
[2026-03-23T15:59:27.099+0900][11.175s][info][gc,start    ] GC(70) Pause Young (Allocation Failure)
[2026-03-23T15:59:27.103+0900][11.179s][info][gc,heap     ] GC(70) PSYoungGen: 36079K(37888K)->4704K(37888K) Eden: 30831K(31232K)->0K(31232K) From: 5248K(6656K)->4704K(6656K)
[2026-03-23T15:59:27.103+0900][11.179s][info][gc,heap     ] GC(70) ParOldGen: 331954K(332800K)->335586K(335872K)
[2026-03-23T15:59:27.103+0900][11.179s][info][gc,metaspace] GC(70) Metaspace: 237K(448K)->237K(448K) NonClass: 222K(320K)->222K(320K) Class: 14K(128K)->14K(128K)
[2026-03-23T15:59:27.103+0900][11.179s][info][gc          ] GC(70) Pause Young (Allocation Failure) 359M->332M(365M) 3.538ms
[2026-03-23T15:59:27.103+0900][11.179s][info][gc,cpu      ] GC(70) User=0.01s Sys=0.01s Real=0.01s
[2026-03-23T15:59:27.216+0900][11.292s][info][gc,start    ] GC(71) Pause Young (Allocation Failure)
[2026-03-23T15:59:27.219+0900][11.295s][info][gc,heap     ] GC(71) PSYoungGen: 35535K(37888K)->3648K(37888K) Eden: 30831K(31232K)->0K(31232K) From: 4704K(6656K)->3648K(6656K)
[2026-03-23T15:59:27.219+0900][11.295s][info][gc,heap     ] GC(71) ParOldGen: 335586K(335872K)->339714K(340480K)
[2026-03-23T15:59:27.219+0900][11.295s][info][gc,metaspace] GC(71) Metaspace: 237K(448K)->237K(448K) NonClass: 222K(320K)->222K(320K) Class: 14K(128K)->14K(128K)
[2026-03-23T15:59:27.219+0900][11.295s][info][gc          ] GC(71) Pause Young (Allocation Failure) 362M->335M(369M) 3.112ms
[2026-03-23T15:59:27.219+0900][11.295s][info][gc,cpu      ] GC(71) User=0.01s Sys=0.00s Real=0.00s
[2026-03-23T15:59:27.334+0900][11.410s][info][gc,start    ] GC(72) Pause Young (Allocation Failure)
[2026-03-23T15:59:27.337+0900][11.413s][info][gc,heap     ] GC(72) PSYoungGen: 34479K(37888K)->3648K(37888K) Eden: 30831K(31232K)->0K(31232K) From: 3648K(6656K)->3648K(6656K)
[2026-03-23T15:59:27.337+0900][11.413s][info][gc,heap     ] GC(72) ParOldGen: 339714K(340480K)->342818K(343552K)
[2026-03-23T15:59:27.337+0900][11.413s][info][gc,metaspace] GC(72) Metaspace: 237K(448K)->237K(448K) NonClass: 222K(320K)->222K(320K) Class: 14K(128K)->14K(128K)
[2026-03-23T15:59:27.337+0900][11.413s][info][gc          ] GC(72) Pause Young (Allocation Failure) 365M->338M(372M) 3.373ms
[2026-03-23T15:59:27.337+0900][11.413s][info][gc,cpu      ] GC(72) User=0.01s Sys=0.00s Real=0.00s
[2026-03-23T15:59:27.451+0900][11.527s][info][gc,start    ] GC(73) Pause Young (Allocation Failure)
[2026-03-23T15:59:27.454+0900][11.530s][info][gc,heap     ] GC(73) PSYoungGen: 34479K(37888K)->3712K(36864K) Eden: 30831K(31232K)->0K(31232K) From: 3648K(6656K)->3712K(5632K)
[2026-03-23T15:59:27.455+0900][11.530s][info][gc,heap     ] GC(73) ParOldGen: 342818K(343552K)->345923K(346624K)
[2026-03-23T15:59:27.455+0900][11.530s][info][gc,metaspace] GC(73) Metaspace: 237K(448K)->237K(448K) NonClass: 222K(320K)->222K(320K) Class: 14K(128K)->14K(128K)
[2026-03-23T15:59:27.455+0900][11.531s][info][gc          ] GC(73) Pause Young (Allocation Failure) 368M->341M(374M) 3.765ms
[2026-03-23T15:59:27.455+0900][11.531s][info][gc,cpu      ] GC(73) User=0.01s Sys=0.01s Real=0.00s
[2026-03-23T15:59:27.562+0900][11.638s][info][gc,start    ] GC(74) Pause Full (Ergonomics)
[2026-03-23T15:59:27.562+0900][11.638s][info][gc,phases,start] GC(74) Marking Phase
[2026-03-23T15:59:27.565+0900][11.641s][info][gc,phases      ] GC(74) Marking Phase 3.557ms
[2026-03-23T15:59:27.565+0900][11.641s][info][gc,phases,start] GC(74) Summary Phase
[2026-03-23T15:59:27.565+0900][11.641s][info][gc,phases      ] GC(74) Summary Phase 0.019ms
[2026-03-23T15:59:27.565+0900][11.641s][info][gc,phases,start] GC(74) Adjust Roots
[2026-03-23T15:59:27.566+0900][11.642s][info][gc,phases      ] GC(74) Adjust Roots 0.306ms
[2026-03-23T15:59:27.566+0900][11.642s][info][gc,phases,start] GC(74) Compaction Phase
[2026-03-23T15:59:27.578+0900][11.654s][info][gc,phases      ] GC(74) Compaction Phase 11.951ms
[2026-03-23T15:59:27.578+0900][11.654s][info][gc,phases,start] GC(74) Post Compact
[2026-03-23T15:59:27.578+0900][11.654s][info][gc,phases      ] GC(74) Post Compact 0.255ms
[2026-03-23T15:59:27.578+0900][11.654s][info][gc,heap        ] GC(74) PSYoungGen: 34543K(36864K)->6144K(37376K) Eden: 30831K(31232K)->6144K(31232K) From: 3712K(5632K)->0K(6144K)
[2026-03-23T15:59:27.578+0900][11.654s][info][gc,heap        ] GC(74) ParOldGen: 345923K(346624K)->345817K(349696K)
[2026-03-23T15:59:27.578+0900][11.654s][info][gc,metaspace   ] GC(74) Metaspace: 237K(448K)->237K(448K) NonClass: 222K(320K)->222K(320K) Class: 14K(128K)->14K(128K)
[2026-03-23T15:59:27.578+0900][11.654s][info][gc             ] GC(74) Pause Full (Ergonomics) 371M->343M(378M) 16.438ms
[2026-03-23T15:59:27.578+0900][11.654s][info][gc,cpu         ] GC(74) User=0.06s Sys=0.02s Real=0.01s
[2026-03-23T15:59:27.674+0900][11.750s][info][gc,start       ] GC(75) Pause Full (Ergonomics)
[2026-03-23T15:59:27.674+0900][11.750s][info][gc,phases,start] GC(75) Marking Phase
[2026-03-23T15:59:27.677+0900][11.753s][info][gc,phases      ] GC(75) Marking Phase 2.568ms
[2026-03-23T15:59:27.677+0900][11.753s][info][gc,phases,start] GC(75) Summary Phase
[2026-03-23T15:59:27.677+0900][11.753s][info][gc,phases      ] GC(75) Summary Phase 0.021ms
[2026-03-23T15:59:27.677+0900][11.753s][info][gc,phases,start] GC(75) Adjust Roots
[2026-03-23T15:59:27.677+0900][11.753s][info][gc,phases      ] GC(75) Adjust Roots 0.215ms
[2026-03-23T15:59:27.678+0900][11.754s][info][gc,phases,start] GC(75) Compaction Phase
[2026-03-23T15:59:27.687+0900][11.763s][info][gc,phases      ] GC(75) Compaction Phase 8.618ms
[2026-03-23T15:59:27.687+0900][11.763s][info][gc,phases,start] GC(75) Post Compact
[2026-03-23T15:59:27.687+0900][11.763s][info][gc,phases      ] GC(75) Post Compact 0.153ms
[2026-03-23T15:59:27.687+0900][11.763s][info][gc,heap        ] GC(75) PSYoungGen: 30831K(37376K)->4096K(36352K) Eden: 30831K(31232K)->4096K(31232K) From: 0K(6144K)->0K(5120K)
[2026-03-23T15:59:27.687+0900][11.763s][info][gc,heap        ] GC(75) ParOldGen: 345817K(349696K)->349401K(349696K)
[2026-03-23T15:59:27.687+0900][11.763s][info][gc,metaspace   ] GC(75) Metaspace: 237K(448K)->237K(448K) NonClass: 222K(320K)->222K(320K) Class: 14K(128K)->14K(128K)
[2026-03-23T15:59:27.687+0900][11.763s][info][gc             ] GC(75) Pause Full (Ergonomics) 367M->345M(377M) 12.810ms
[2026-03-23T15:59:27.687+0900][11.763s][info][gc,cpu         ] GC(75) User=0.05s Sys=0.01s Real=0.01s
[2026-03-23T15:59:27.782+0900][11.858s][info][gc,start       ] GC(76) Pause Full (Ergonomics)
[2026-03-23T15:59:27.782+0900][11.858s][info][gc,phases,start] GC(76) Marking Phase
[2026-03-23T15:59:27.784+0900][11.860s][info][gc,phases      ] GC(76) Marking Phase 2.166ms
[2026-03-23T15:59:27.784+0900][11.860s][info][gc,phases,start] GC(76) Summary Phase
[2026-03-23T15:59:27.784+0900][11.860s][info][gc,phases      ] GC(76) Summary Phase 0.035ms
[2026-03-23T15:59:27.784+0900][11.860s][info][gc,phases,start] GC(76) Adjust Roots
[2026-03-23T15:59:27.784+0900][11.860s][info][gc,phases      ] GC(76) Adjust Roots 0.260ms
[2026-03-23T15:59:27.784+0900][11.860s][info][gc,phases,start] GC(76) Compaction Phase
[2026-03-23T15:59:27.785+0900][11.861s][info][gc,phases      ] GC(76) Compaction Phase 0.993ms
[2026-03-23T15:59:27.785+0900][11.861s][info][gc,phases,start] GC(76) Post Compact
[2026-03-23T15:59:27.786+0900][11.862s][info][gc,phases      ] GC(76) Post Compact 0.164ms
[2026-03-23T15:59:27.786+0900][11.862s][info][gc,heap        ] GC(76) PSYoungGen: 30276K(36352K)->7168K(37376K) Eden: 30276K(31232K)->7168K(31232K) From: 0K(5120K)->0K(6144K)
[2026-03-23T15:59:27.786+0900][11.862s][info][gc,heap        ] GC(76) ParOldGen: 349401K(349696K)->349401K(349696K)
[2026-03-23T15:59:27.786+0900][11.862s][info][gc,metaspace   ] GC(76) Metaspace: 237K(448K)->237K(448K) NonClass: 222K(320K)->222K(320K) Class: 14K(128K)->14K(128K)
[2026-03-23T15:59:27.786+0900][11.862s][info][gc             ] GC(76) Pause Full (Ergonomics) 370M->348M(378M) 4.012ms
[2026-03-23T15:59:27.786+0900][11.862s][info][gc,cpu         ] GC(76) User=0.01s Sys=0.00s Real=0.00s
[2026-03-23T15:59:27.868+0900][11.944s][info][gc,start       ] GC(77) Pause Full (Ergonomics)
[2026-03-23T15:59:27.868+0900][11.944s][info][gc,phases,start] GC(77) Marking Phase
[2026-03-23T15:59:27.870+0900][11.946s][info][gc,phases      ] GC(77) Marking Phase 1.696ms
[2026-03-23T15:59:27.870+0900][11.946s][info][gc,phases,start] GC(77) Summary Phase
[2026-03-23T15:59:27.870+0900][11.946s][info][gc,phases      ] GC(77) Summary Phase 0.009ms
[2026-03-23T15:59:27.870+0900][11.946s][info][gc,phases,start] GC(77) Adjust Roots
[2026-03-23T15:59:27.870+0900][11.946s][info][gc,phases      ] GC(77) Adjust Roots 0.147ms
[2026-03-23T15:59:27.870+0900][11.946s][info][gc,phases,start] GC(77) Compaction Phase
[2026-03-23T15:59:27.870+0900][11.946s][info][gc,phases      ] GC(77) Compaction Phase 0.457ms
[2026-03-23T15:59:27.870+0900][11.946s][info][gc,phases,start] GC(77) Post Compact
[2026-03-23T15:59:27.870+0900][11.946s][info][gc,phases      ] GC(77) Post Compact 0.108ms
[2026-03-23T15:59:27.870+0900][11.946s][info][gc,heap        ] GC(77) PSYoungGen: 30262K(37376K)->10240K(36352K) Eden: 30262K(31232K)->10240K(31232K) From: 0K(6144K)->0K(5120K)
[2026-03-23T15:59:27.871+0900][11.946s][info][gc,heap        ] GC(77) ParOldGen: 349401K(349696K)->349401K(349696K)
[2026-03-23T15:59:27.871+0900][11.946s][info][gc,metaspace   ] GC(77) Metaspace: 237K(448K)->237K(448K) NonClass: 222K(320K)->222K(320K) Class: 14K(128K)->14K(128K)
[2026-03-23T15:59:27.871+0900][11.946s][info][gc             ] GC(77) Pause Full (Ergonomics) 370M->351M(377M) 2.591ms
[2026-03-23T15:59:27.871+0900][11.946s][info][gc,cpu         ] GC(77) User=0.01s Sys=0.00s Real=0.01s
[2026-03-23T15:59:27.942+0900][12.018s][info][gc,start       ] GC(78) Pause Full (Ergonomics)
[2026-03-23T15:59:27.942+0900][12.018s][info][gc,phases,start] GC(78) Marking Phase
[2026-03-23T15:59:27.944+0900][12.020s][info][gc,phases      ] GC(78) Marking Phase 1.340ms
[2026-03-23T15:59:27.944+0900][12.020s][info][gc,phases,start] GC(78) Summary Phase
[2026-03-23T15:59:27.944+0900][12.020s][info][gc,phases      ] GC(78) Summary Phase 0.010ms
[2026-03-23T15:59:27.944+0900][12.020s][info][gc,phases,start] GC(78) Adjust Roots
[2026-03-23T15:59:27.944+0900][12.020s][info][gc,phases      ] GC(78) Adjust Roots 0.144ms
[2026-03-23T15:59:27.944+0900][12.020s][info][gc,phases,start] GC(78) Compaction Phase
[2026-03-23T15:59:27.944+0900][12.020s][info][gc,phases      ] GC(78) Compaction Phase 0.578ms
[2026-03-23T15:59:27.944+0900][12.020s][info][gc,phases,start] GC(78) Post Compact
[2026-03-23T15:59:27.945+0900][12.020s][info][gc,phases      ] GC(78) Post Compact 0.139ms
[2026-03-23T15:59:27.945+0900][12.020s][info][gc,heap        ] GC(78) PSYoungGen: 30231K(36352K)->11776K(37376K) Eden: 30231K(31232K)->11776K(31232K) From: 0K(5120K)->0K(6144K)
[2026-03-23T15:59:27.945+0900][12.020s][info][gc,heap        ] GC(78) ParOldGen: 349401K(349696K)->349401K(349696K)
[2026-03-23T15:59:27.945+0900][12.020s][info][gc,metaspace   ] GC(78) Metaspace: 237K(448K)->237K(448K) NonClass: 222K(320K)->222K(320K) Class: 14K(128K)->14K(128K)
[2026-03-23T15:59:27.945+0900][12.021s][info][gc             ] GC(78) Pause Full (Ergonomics) 370M->352M(378M) 2.361ms
[2026-03-23T15:59:27.945+0900][12.021s][info][gc,cpu         ] GC(78) User=0.01s Sys=0.00s Real=0.00s
[2026-03-23T15:59:28.007+0900][12.083s][info][gc,start       ] GC(79) Pause Full (Ergonomics)
[2026-03-23T15:59:28.007+0900][12.083s][info][gc,phases,start] GC(79) Marking Phase
[2026-03-23T15:59:28.008+0900][12.084s][info][gc,phases      ] GC(79) Marking Phase 1.301ms
[2026-03-23T15:59:28.008+0900][12.084s][info][gc,phases,start] GC(79) Summary Phase
[2026-03-23T15:59:28.008+0900][12.084s][info][gc,phases      ] GC(79) Summary Phase 0.008ms
[2026-03-23T15:59:28.008+0900][12.084s][info][gc,phases,start] GC(79) Adjust Roots
[2026-03-23T15:59:28.009+0900][12.084s][info][gc,phases      ] GC(79) Adjust Roots 0.092ms
[2026-03-23T15:59:28.009+0900][12.084s][info][gc,phases,start] GC(79) Compaction Phase
[2026-03-23T15:59:28.009+0900][12.085s][info][gc,phases      ] GC(79) Compaction Phase 0.281ms
[2026-03-23T15:59:28.009+0900][12.085s][info][gc,phases,start] GC(79) Post Compact
[2026-03-23T15:59:28.009+0900][12.085s][info][gc,phases      ] GC(79) Post Compact 0.074ms
[2026-03-23T15:59:28.009+0900][12.085s][info][gc,heap        ] GC(79) PSYoungGen: 30700K(37376K)->14849K(36352K) Eden: 30700K(31232K)->14849K(31232K) From: 0K(6144K)->0K(5120K)
[2026-03-23T15:59:28.009+0900][12.085s][info][gc,heap        ] GC(79) ParOldGen: 349401K(349696K)->349401K(349696K)
[2026-03-23T15:59:28.009+0900][12.085s][info][gc,metaspace   ] GC(79) Metaspace: 237K(448K)->237K(448K) NonClass: 222K(320K)->222K(320K) Class: 14K(128K)->14K(128K)
[2026-03-23T15:59:28.009+0900][12.085s][info][gc             ] GC(79) Pause Full (Ergonomics) 371M->355M(377M) 1.887ms
[2026-03-23T15:59:28.009+0900][12.085s][info][gc,cpu         ] GC(79) User=0.01s Sys=0.00s Real=0.00s
[2026-03-23T15:59:28.064+0900][12.140s][info][gc,start       ] GC(80) Pause Full (Ergonomics)
[2026-03-23T15:59:28.064+0900][12.140s][info][gc,phases,start] GC(80) Marking Phase
[2026-03-23T15:59:28.065+0900][12.141s][info][gc,phases      ] GC(80) Marking Phase 1.265ms
[2026-03-23T15:59:28.065+0900][12.141s][info][gc,phases,start] GC(80) Summary Phase
[2026-03-23T15:59:28.065+0900][12.141s][info][gc,phases      ] GC(80) Summary Phase 0.009ms
[2026-03-23T15:59:28.065+0900][12.141s][info][gc,phases,start] GC(80) Adjust Roots
[2026-03-23T15:59:28.066+0900][12.141s][info][gc,phases      ] GC(80) Adjust Roots 0.093ms
[2026-03-23T15:59:28.066+0900][12.142s][info][gc,phases,start] GC(80) Compaction Phase
[2026-03-23T15:59:28.066+0900][12.142s][info][gc,phases      ] GC(80) Compaction Phase 0.349ms
[2026-03-23T15:59:28.066+0900][12.142s][info][gc,phases,start] GC(80) Post Compact
[2026-03-23T15:59:28.066+0900][12.142s][info][gc,phases      ] GC(80) Post Compact 0.080ms
[2026-03-23T15:59:28.066+0900][12.142s][info][gc,heap        ] GC(80) PSYoungGen: 30663K(36352K)->16385K(37376K) Eden: 30663K(31232K)->16385K(31232K) From: 0K(5120K)->0K(6144K)
[2026-03-23T15:59:28.066+0900][12.142s][info][gc,heap        ] GC(80) ParOldGen: 349401K(349696K)->349401K(349696K)
[2026-03-23T15:59:28.066+0900][12.142s][info][gc,metaspace   ] GC(80) Metaspace: 237K(448K)->237K(448K) NonClass: 222K(320K)->222K(320K) Class: 14K(128K)->14K(128K)
[2026-03-23T15:59:28.066+0900][12.142s][info][gc             ] GC(80) Pause Full (Ergonomics) 371M->357M(378M) 1.954ms
[2026-03-23T15:59:28.066+0900][12.142s][info][gc,cpu         ] GC(80) User=0.02s Sys=0.00s Real=0.00s
[2026-03-23T15:59:28.117+0900][12.193s][info][gc,start       ] GC(81) Pause Full (Ergonomics)
[2026-03-23T15:59:28.117+0900][12.193s][info][gc,phases,start] GC(81) Marking Phase
[2026-03-23T15:59:28.118+0900][12.194s][info][gc,phases      ] GC(81) Marking Phase 1.278ms
[2026-03-23T15:59:28.118+0900][12.194s][info][gc,phases,start] GC(81) Summary Phase
[2026-03-23T15:59:28.118+0900][12.194s][info][gc,phases      ] GC(81) Summary Phase 0.010ms
[2026-03-23T15:59:28.118+0900][12.194s][info][gc,phases,start] GC(81) Adjust Roots
[2026-03-23T15:59:28.118+0900][12.194s][info][gc,phases      ] GC(81) Adjust Roots 0.081ms
[2026-03-23T15:59:28.118+0900][12.194s][info][gc,phases,start] GC(81) Compaction Phase
[2026-03-23T15:59:28.118+0900][12.194s][info][gc,phases      ] GC(81) Compaction Phase 0.320ms
[2026-03-23T15:59:28.118+0900][12.194s][info][gc,phases,start] GC(81) Post Compact
[2026-03-23T15:59:28.118+0900][12.194s][info][gc,phases      ] GC(81) Post Compact 0.080ms
[2026-03-23T15:59:28.118+0900][12.194s][info][gc,heap        ] GC(81) PSYoungGen: 30614K(37376K)->17921K(36352K) Eden: 30614K(31232K)->17921K(31232K) From: 0K(6144K)->0K(5120K)
[2026-03-23T15:59:28.118+0900][12.194s][info][gc,heap        ] GC(81) ParOldGen: 349401K(349696K)->349401K(349696K)
[2026-03-23T15:59:28.118+0900][12.194s][info][gc,metaspace   ] GC(81) Metaspace: 237K(448K)->237K(448K) NonClass: 222K(320K)->222K(320K) Class: 14K(128K)->14K(128K)
[2026-03-23T15:59:28.118+0900][12.194s][info][gc             ] GC(81) Pause Full (Ergonomics) 371M->358M(377M) 1.909ms
[2026-03-23T15:59:28.118+0900][12.194s][info][gc,cpu         ] GC(81) User=0.01s Sys=0.00s Real=0.00s
[2026-03-23T15:59:28.161+0900][12.237s][info][gc,start       ] GC(82) Pause Full (Ergonomics)
[2026-03-23T15:59:28.161+0900][12.237s][info][gc,phases,start] GC(82) Marking Phase
[2026-03-23T15:59:28.162+0900][12.238s][info][gc,phases      ] GC(82) Marking Phase 1.396ms
[2026-03-23T15:59:28.162+0900][12.238s][info][gc,phases,start] GC(82) Summary Phase
[2026-03-23T15:59:28.162+0900][12.238s][info][gc,phases      ] GC(82) Summary Phase 0.009ms
[2026-03-23T15:59:28.162+0900][12.238s][info][gc,phases,start] GC(82) Adjust Roots
[2026-03-23T15:59:28.162+0900][12.238s][info][gc,phases      ] GC(82) Adjust Roots 0.089ms
[2026-03-23T15:59:28.162+0900][12.238s][info][gc,phases,start] GC(82) Compaction Phase
[2026-03-23T15:59:28.163+0900][12.239s][info][gc,phases      ] GC(82) Compaction Phase 0.348ms
[2026-03-23T15:59:28.163+0900][12.239s][info][gc,phases,start] GC(82) Post Compact
[2026-03-23T15:59:28.163+0900][12.239s][info][gc,phases      ] GC(82) Post Compact 0.088ms
[2026-03-23T15:59:28.163+0900][12.239s][info][gc,heap        ] GC(82) PSYoungGen: 30571K(36352K)->19457K(37376K) Eden: 30571K(31232K)->19457K(31232K) From: 0K(5120K)->0K(6144K)
[2026-03-23T15:59:28.163+0900][12.239s][info][gc,heap        ] GC(82) ParOldGen: 349401K(349696K)->349401K(349696K)
[2026-03-23T15:59:28.163+0900][12.239s][info][gc,metaspace   ] GC(82) Metaspace: 237K(448K)->237K(448K) NonClass: 222K(320K)->222K(320K) Class: 14K(128K)->14K(128K)
[2026-03-23T15:59:28.163+0900][12.239s][info][gc             ] GC(82) Pause Full (Ergonomics) 371M->360M(378M) 2.049ms
[2026-03-23T15:59:28.163+0900][12.239s][info][gc,cpu         ] GC(82) User=0.01s Sys=0.00s Real=0.00s
[2026-03-23T15:59:28.201+0900][12.276s][info][gc,start       ] GC(83) Pause Full (Ergonomics)
[2026-03-23T15:59:28.201+0900][12.276s][info][gc,phases,start] GC(83) Marking Phase
[2026-03-23T15:59:28.202+0900][12.278s][info][gc,phases      ] GC(83) Marking Phase 1.562ms
[2026-03-23T15:59:28.202+0900][12.278s][info][gc,phases,start] GC(83) Summary Phase
[2026-03-23T15:59:28.202+0900][12.278s][info][gc,phases      ] GC(83) Summary Phase 0.009ms
[2026-03-23T15:59:28.202+0900][12.278s][info][gc,phases,start] GC(83) Adjust Roots
[2026-03-23T15:59:28.202+0900][12.278s][info][gc,phases      ] GC(83) Adjust Roots 0.086ms
[2026-03-23T15:59:28.202+0900][12.278s][info][gc,phases,start] GC(83) Compaction Phase
[2026-03-23T15:59:28.203+0900][12.279s][info][gc,phases      ] GC(83) Compaction Phase 0.404ms
[2026-03-23T15:59:28.203+0900][12.279s][info][gc,phases,start] GC(83) Post Compact
[2026-03-23T15:59:28.203+0900][12.279s][info][gc,phases      ] GC(83) Post Compact 0.105ms
[2026-03-23T15:59:28.203+0900][12.279s][info][gc,heap        ] GC(83) PSYoungGen: 30533K(37376K)->20993K(36352K) Eden: 30533K(31232K)->20993K(31232K) From: 0K(6144K)->0K(5120K)
[2026-03-23T15:59:28.203+0900][12.279s][info][gc,heap        ] GC(83) ParOldGen: 349401K(349696K)->349401K(349696K)
[2026-03-23T15:59:28.203+0900][12.279s][info][gc,metaspace   ] GC(83) Metaspace: 237K(448K)->237K(448K) NonClass: 222K(320K)->222K(320K) Class: 14K(128K)->14K(128K)
[2026-03-23T15:59:28.203+0900][12.279s][info][gc             ] GC(83) Pause Full (Ergonomics) 371M->361M(377M) 2.317ms
[2026-03-23T15:59:28.203+0900][12.279s][info][gc,cpu         ] GC(83) User=0.01s Sys=0.00s Real=0.00s
[2026-03-23T15:59:28.240+0900][12.316s][info][gc,start       ] GC(84) Pause Full (Ergonomics)
[2026-03-23T15:59:28.240+0900][12.316s][info][gc,phases,start] GC(84) Marking Phase
[2026-03-23T15:59:28.242+0900][12.318s][info][gc,phases      ] GC(84) Marking Phase 1.734ms
[2026-03-23T15:59:28.242+0900][12.318s][info][gc,phases,start] GC(84) Summary Phase
[2026-03-23T15:59:28.242+0900][12.318s][info][gc,phases      ] GC(84) Summary Phase 0.012ms
[2026-03-23T15:59:28.242+0900][12.318s][info][gc,phases,start] GC(84) Adjust Roots
[2026-03-23T15:59:28.242+0900][12.318s][info][gc,phases      ] GC(84) Adjust Roots 0.117ms
[2026-03-23T15:59:28.242+0900][12.318s][info][gc,phases,start] GC(84) Compaction Phase
[2026-03-23T15:59:28.243+0900][12.319s][info][gc,phases      ] GC(84) Compaction Phase 0.430ms
[2026-03-23T15:59:28.243+0900][12.319s][info][gc,phases,start] GC(84) Post Compact
[2026-03-23T15:59:28.243+0900][12.319s][info][gc,phases      ] GC(84) Post Compact 0.119ms
[2026-03-23T15:59:28.243+0900][12.319s][info][gc,heap        ] GC(84) PSYoungGen: 30497K(36352K)->20993K(37376K) Eden: 30497K(31232K)->20993K(31232K) From: 0K(5120K)->0K(6144K)
[2026-03-23T15:59:28.243+0900][12.319s][info][gc,heap        ] GC(84) ParOldGen: 349401K(349696K)->349401K(349696K)
[2026-03-23T15:59:28.243+0900][12.319s][info][gc,metaspace   ] GC(84) Metaspace: 237K(448K)->237K(448K) NonClass: 222K(320K)->222K(320K) Class: 14K(128K)->14K(128K)
[2026-03-23T15:59:28.243+0900][12.319s][info][gc             ] GC(84) Pause Full (Ergonomics) 370M->361M(378M) 2.565ms
[2026-03-23T15:59:28.243+0900][12.319s][info][gc,cpu         ] GC(84) User=0.02s Sys=0.00s Real=0.00s
[2026-03-23T15:59:28.275+0900][12.351s][info][gc,start       ] GC(85) Pause Full (Ergonomics)
[2026-03-23T15:59:28.275+0900][12.351s][info][gc,phases,start] GC(85) Marking Phase
[2026-03-23T15:59:28.276+0900][12.352s][info][gc,phases      ] GC(85) Marking Phase 1.270ms
[2026-03-23T15:59:28.276+0900][12.352s][info][gc,phases,start] GC(85) Summary Phase
[2026-03-23T15:59:28.276+0900][12.352s][info][gc,phases      ] GC(85) Summary Phase 0.006ms
[2026-03-23T15:59:28.276+0900][12.352s][info][gc,phases,start] GC(85) Adjust Roots
[2026-03-23T15:59:28.276+0900][12.352s][info][gc,phases      ] GC(85) Adjust Roots 0.125ms
[2026-03-23T15:59:28.276+0900][12.352s][info][gc,phases,start] GC(85) Compaction Phase
[2026-03-23T15:59:28.276+0900][12.352s][info][gc,phases      ] GC(85) Compaction Phase 0.375ms
[2026-03-23T15:59:28.276+0900][12.352s][info][gc,phases,start] GC(85) Post Compact
[2026-03-23T15:59:28.277+0900][12.352s][info][gc,phases      ] GC(85) Post Compact 0.078ms
[2026-03-23T15:59:28.277+0900][12.353s][info][gc,heap        ] GC(85) PSYoungGen: 30462K(37376K)->22529K(36352K) Eden: 30462K(31232K)->22529K(31232K) From: 0K(6144K)->0K(5120K)
[2026-03-23T15:59:28.277+0900][12.353s][info][gc,heap        ] GC(85) ParOldGen: 349401K(349696K)->349401K(349696K)
[2026-03-23T15:59:28.277+0900][12.353s][info][gc,metaspace   ] GC(85) Metaspace: 237K(448K)->237K(448K) NonClass: 222K(320K)->222K(320K) Class: 14K(128K)->14K(128K)
[2026-03-23T15:59:28.277+0900][12.353s][info][gc             ] GC(85) Pause Full (Ergonomics) 370M->363M(377M) 1.967ms
[2026-03-23T15:59:28.277+0900][12.353s][info][gc,cpu         ] GC(85) User=0.01s Sys=0.00s Real=0.00s
[2026-03-23T15:59:28.308+0900][12.384s][info][gc,start       ] GC(86) Pause Full (Ergonomics)
[2026-03-23T15:59:28.308+0900][12.384s][info][gc,phases,start] GC(86) Marking Phase
[2026-03-23T15:59:28.310+0900][12.386s][info][gc,phases      ] GC(86) Marking Phase 1.824ms
[2026-03-23T15:59:28.310+0900][12.386s][info][gc,phases,start] GC(86) Summary Phase
[2026-03-23T15:59:28.310+0900][12.386s][info][gc,phases      ] GC(86) Summary Phase 0.008ms
[2026-03-23T15:59:28.310+0900][12.386s][info][gc,phases,start] GC(86) Adjust Roots
[2026-03-23T15:59:28.311+0900][12.387s][info][gc,phases      ] GC(86) Adjust Roots 0.433ms
[2026-03-23T15:59:28.311+0900][12.387s][info][gc,phases,start] GC(86) Compaction Phase
[2026-03-23T15:59:28.312+0900][12.388s][info][gc,phases      ] GC(86) Compaction Phase 0.910ms
[2026-03-23T15:59:28.312+0900][12.388s][info][gc,phases,start] GC(86) Post Compact
[2026-03-23T15:59:28.312+0900][12.388s][info][gc,phases      ] GC(86) Post Compact 0.127ms
[2026-03-23T15:59:28.312+0900][12.388s][info][gc,heap        ] GC(86) PSYoungGen: 30440K(36352K)->22529K(37376K) Eden: 30440K(31232K)->22529K(31232K) From: 0K(5120K)->0K(6144K)
[2026-03-23T15:59:28.312+0900][12.388s][info][gc,heap        ] GC(86) ParOldGen: 349401K(349696K)->349401K(349696K)
[2026-03-23T15:59:28.312+0900][12.388s][info][gc,metaspace   ] GC(86) Metaspace: 237K(448K)->237K(448K) NonClass: 222K(320K)->222K(320K) Class: 14K(128K)->14K(128K)
[2026-03-23T15:59:28.312+0900][12.388s][info][gc             ] GC(86) Pause Full (Ergonomics) 370M->363M(378M) 3.475ms
[2026-03-23T15:59:28.312+0900][12.388s][info][gc,cpu         ] GC(86) User=0.01s Sys=0.00s Real=0.01s
[2026-03-23T15:59:28.337+0900][12.413s][info][gc,start       ] GC(87) Pause Full (Ergonomics)
[2026-03-23T15:59:28.337+0900][12.413s][info][gc,phases,start] GC(87) Marking Phase
[2026-03-23T15:59:28.338+0900][12.414s][info][gc,phases      ] GC(87) Marking Phase 1.215ms
[2026-03-23T15:59:28.338+0900][12.414s][info][gc,phases,start] GC(87) Summary Phase
[2026-03-23T15:59:28.338+0900][12.414s][info][gc,phases      ] GC(87) Summary Phase 0.005ms
[2026-03-23T15:59:28.338+0900][12.414s][info][gc,phases,start] GC(87) Adjust Roots
[2026-03-23T15:59:28.338+0900][12.414s][info][gc,phases      ] GC(87) Adjust Roots 0.113ms
[2026-03-23T15:59:28.338+0900][12.414s][info][gc,phases,start] GC(87) Compaction Phase
[2026-03-23T15:59:28.339+0900][12.415s][info][gc,phases      ] GC(87) Compaction Phase 0.264ms
[2026-03-23T15:59:28.339+0900][12.415s][info][gc,phases,start] GC(87) Post Compact
[2026-03-23T15:59:28.339+0900][12.415s][info][gc,phases      ] GC(87) Post Compact 0.060ms
[2026-03-23T15:59:28.339+0900][12.415s][info][gc,heap        ] GC(87) PSYoungGen: 30414K(37376K)->24065K(36352K) Eden: 30414K(31232K)->24065K(31232K) From: 0K(6144K)->0K(5120K)
[2026-03-23T15:59:28.339+0900][12.415s][info][gc,heap        ] GC(87) ParOldGen: 349401K(349696K)->349401K(349696K)
[2026-03-23T15:59:28.339+0900][12.415s][info][gc,metaspace   ] GC(87) Metaspace: 237K(448K)->237K(448K) NonClass: 222K(320K)->222K(320K) Class: 14K(128K)->14K(128K)
[2026-03-23T15:59:28.339+0900][12.415s][info][gc             ] GC(87) Pause Full (Ergonomics) 370M->364M(377M) 1.760ms
[2026-03-23T15:59:28.339+0900][12.415s][info][gc,cpu         ] GC(87) User=0.01s Sys=0.00s Real=0.00s
[2026-03-23T15:59:28.364+0900][12.440s][info][gc,start       ] GC(88) Pause Full (Ergonomics)
[2026-03-23T15:59:28.364+0900][12.440s][info][gc,phases,start] GC(88) Marking Phase
[2026-03-23T15:59:28.365+0900][12.441s][info][gc,phases      ] GC(88) Marking Phase 1.197ms
[2026-03-23T15:59:28.365+0900][12.441s][info][gc,phases,start] GC(88) Summary Phase
[2026-03-23T15:59:28.365+0900][12.441s][info][gc,phases      ] GC(88) Summary Phase 0.006ms
[2026-03-23T15:59:28.365+0900][12.441s][info][gc,phases,start] GC(88) Adjust Roots
[2026-03-23T15:59:28.365+0900][12.441s][info][gc,phases      ] GC(88) Adjust Roots 0.078ms
[2026-03-23T15:59:28.365+0900][12.441s][info][gc,phases,start] GC(88) Compaction Phase
[2026-03-23T15:59:28.365+0900][12.441s][info][gc,phases      ] GC(88) Compaction Phase 0.265ms
[2026-03-23T15:59:28.365+0900][12.441s][info][gc,phases,start] GC(88) Post Compact
[2026-03-23T15:59:28.365+0900][12.441s][info][gc,phases      ] GC(88) Post Compact 0.069ms
[2026-03-23T15:59:28.365+0900][12.441s][info][gc,heap        ] GC(88) PSYoungGen: 30398K(36352K)->24065K(37376K) Eden: 30398K(31232K)->24065K(31232K) From: 0K(5120K)->0K(6144K)
[2026-03-23T15:59:28.365+0900][12.441s][info][gc,heap        ] GC(88) ParOldGen: 349401K(349696K)->349401K(349696K)
[2026-03-23T15:59:28.365+0900][12.441s][info][gc,metaspace   ] GC(88) Metaspace: 237K(448K)->237K(448K) NonClass: 222K(320K)->222K(320K) Class: 14K(128K)->14K(128K)
[2026-03-23T15:59:28.365+0900][12.441s][info][gc             ] GC(88) Pause Full (Ergonomics) 370M->364M(378M) 1.712ms
[2026-03-23T15:59:28.365+0900][12.441s][info][gc,cpu         ] GC(88) User=0.01s Sys=0.00s Real=0.00s
[2026-03-23T15:59:28.384+0900][12.460s][info][gc,start       ] GC(89) Pause Full (Ergonomics)
[2026-03-23T15:59:28.384+0900][12.460s][info][gc,phases,start] GC(89) Marking Phase
[2026-03-23T15:59:28.386+0900][12.461s][info][gc,phases      ] GC(89) Marking Phase 1.338ms
[2026-03-23T15:59:28.386+0900][12.462s][info][gc,phases,start] GC(89) Summary Phase
[2026-03-23T15:59:28.386+0900][12.462s][info][gc,phases      ] GC(89) Summary Phase 0.006ms
[2026-03-23T15:59:28.386+0900][12.462s][info][gc,phases,start] GC(89) Adjust Roots
[2026-03-23T15:59:28.386+0900][12.462s][info][gc,phases      ] GC(89) Adjust Roots 0.078ms
[2026-03-23T15:59:28.386+0900][12.462s][info][gc,phases,start] GC(89) Compaction Phase
[2026-03-23T15:59:28.386+0900][12.462s][info][gc,phases      ] GC(89) Compaction Phase 0.302ms
[2026-03-23T15:59:28.386+0900][12.462s][info][gc,phases,start] GC(89) Post Compact
[2026-03-23T15:59:28.386+0900][12.462s][info][gc,phases      ] GC(89) Post Compact 0.071ms
[2026-03-23T15:59:28.386+0900][12.462s][info][gc,heap        ] GC(89) PSYoungGen: 30376K(37376K)->25602K(36352K) Eden: 30376K(31232K)->25602K(31232K) From: 0K(6144K)->0K(5120K)
[2026-03-23T15:59:28.386+0900][12.462s][info][gc,heap        ] GC(89) ParOldGen: 349401K(349696K)->349401K(349696K)
[2026-03-23T15:59:28.386+0900][12.462s][info][gc,metaspace   ] GC(89) Metaspace: 237K(448K)->237K(448K) NonClass: 222K(320K)->222K(320K) Class: 14K(128K)->14K(128K)
[2026-03-23T15:59:28.386+0900][12.462s][info][gc             ] GC(89) Pause Full (Ergonomics) 370M->366M(377M) 1.886ms
[2026-03-23T15:59:28.386+0900][12.462s][info][gc,cpu         ] GC(89) User=0.01s Sys=0.00s Real=0.00s
[2026-03-23T15:59:28.405+0900][12.481s][info][gc,start       ] GC(90) Pause Full (Ergonomics)
[2026-03-23T15:59:28.405+0900][12.481s][info][gc,phases,start] GC(90) Marking Phase
[2026-03-23T15:59:28.406+0900][12.482s][info][gc,phases      ] GC(90) Marking Phase 1.382ms
[2026-03-23T15:59:28.406+0900][12.482s][info][gc,phases,start] GC(90) Summary Phase
[2026-03-23T15:59:28.406+0900][12.482s][info][gc,phases      ] GC(90) Summary Phase 0.006ms
[2026-03-23T15:59:28.406+0900][12.482s][info][gc,phases,start] GC(90) Adjust Roots
[2026-03-23T15:59:28.406+0900][12.482s][info][gc,phases      ] GC(90) Adjust Roots 0.093ms
[2026-03-23T15:59:28.406+0900][12.482s][info][gc,phases,start] GC(90) Compaction Phase
[2026-03-23T15:59:28.407+0900][12.483s][info][gc,phases      ] GC(90) Compaction Phase 0.341ms
[2026-03-23T15:59:28.407+0900][12.483s][info][gc,phases,start] GC(90) Post Compact
[2026-03-23T15:59:28.407+0900][12.483s][info][gc,phases      ] GC(90) Post Compact 0.070ms
[2026-03-23T15:59:28.407+0900][12.483s][info][gc,heap        ] GC(90) PSYoungGen: 30362K(36352K)->25602K(37376K) Eden: 30362K(31232K)->25602K(31232K) From: 0K(5120K)->0K(6144K)
[2026-03-23T15:59:28.407+0900][12.483s][info][gc,heap        ] GC(90) ParOldGen: 349401K(349696K)->349401K(349696K)
[2026-03-23T15:59:28.407+0900][12.483s][info][gc,metaspace   ] GC(90) Metaspace: 237K(448K)->237K(448K) NonClass: 222K(320K)->222K(320K) Class: 14K(128K)->14K(128K)
[2026-03-23T15:59:28.407+0900][12.483s][info][gc             ] GC(90) Pause Full (Ergonomics) 370M->366M(378M) 1.998ms
[2026-03-23T15:59:28.407+0900][12.483s][info][gc,cpu         ] GC(90) User=0.01s Sys=0.01s Real=0.00s
[2026-03-23T15:59:28.420+0900][12.496s][info][gc,start       ] GC(91) Pause Full (Ergonomics)
[2026-03-23T15:59:28.420+0900][12.496s][info][gc,phases,start] GC(91) Marking Phase
[2026-03-23T15:59:28.421+0900][12.497s][info][gc,phases      ] GC(91) Marking Phase 1.413ms
[2026-03-23T15:59:28.421+0900][12.497s][info][gc,phases,start] GC(91) Summary Phase
[2026-03-23T15:59:28.421+0900][12.497s][info][gc,phases      ] GC(91) Summary Phase 0.008ms
[2026-03-23T15:59:28.421+0900][12.497s][info][gc,phases,start] GC(91) Adjust Roots
[2026-03-23T15:59:28.421+0900][12.497s][info][gc,phases      ] GC(91) Adjust Roots 0.098ms
[2026-03-23T15:59:28.421+0900][12.497s][info][gc,phases,start] GC(91) Compaction Phase
[2026-03-23T15:59:28.422+0900][12.498s][info][gc,phases      ] GC(91) Compaction Phase 0.370ms
[2026-03-23T15:59:28.422+0900][12.498s][info][gc,phases,start] GC(91) Post Compact
[2026-03-23T15:59:28.422+0900][12.498s][info][gc,phases      ] GC(91) Post Compact 0.086ms
[2026-03-23T15:59:28.422+0900][12.498s][info][gc,heap        ] GC(91) PSYoungGen: 30342K(37376K)->27138K(36352K) Eden: 30342K(31232K)->27138K(31232K) From: 0K(6144K)->0K(5120K)
[2026-03-23T15:59:28.422+0900][12.498s][info][gc,heap        ] GC(91) ParOldGen: 349401K(349696K)->349401K(349696K)
[2026-03-23T15:59:28.422+0900][12.498s][info][gc,metaspace   ] GC(91) Metaspace: 237K(448K)->237K(448K) NonClass: 222K(320K)->222K(320K) Class: 14K(128K)->14K(128K)
[2026-03-23T15:59:28.422+0900][12.498s][info][gc             ] GC(91) Pause Full (Ergonomics) 370M->367M(377M) 2.061ms
[2026-03-23T15:59:28.422+0900][12.498s][info][gc,cpu         ] GC(91) User=0.01s Sys=0.00s Real=0.00s
[2026-03-23T15:59:28.434+0900][12.510s][info][gc,start       ] GC(92) Pause Full (Ergonomics)
[2026-03-23T15:59:28.434+0900][12.510s][info][gc,phases,start] GC(92) Marking Phase
[2026-03-23T15:59:28.436+0900][12.511s][info][gc,phases      ] GC(92) Marking Phase 1.365ms
[2026-03-23T15:59:28.436+0900][12.511s][info][gc,phases,start] GC(92) Summary Phase
[2026-03-23T15:59:28.436+0900][12.511s][info][gc,phases      ] GC(92) Summary Phase 0.006ms
[2026-03-23T15:59:28.436+0900][12.511s][info][gc,phases,start] GC(92) Adjust Roots
[2026-03-23T15:59:28.436+0900][12.512s][info][gc,phases      ] GC(92) Adjust Roots 0.079ms
[2026-03-23T15:59:28.436+0900][12.512s][info][gc,phases,start] GC(92) Compaction Phase
[2026-03-23T15:59:28.436+0900][12.512s][info][gc,phases      ] GC(92) Compaction Phase 0.359ms
[2026-03-23T15:59:28.436+0900][12.512s][info][gc,phases,start] GC(92) Post Compact
[2026-03-23T15:59:28.436+0900][12.512s][info][gc,phases      ] GC(92) Post Compact 0.100ms
[2026-03-23T15:59:28.436+0900][12.512s][info][gc,heap        ] GC(92) PSYoungGen: 30329K(36352K)->27138K(37376K) Eden: 30329K(31232K)->27138K(31232K) From: 0K(5120K)->0K(6144K)
[2026-03-23T15:59:28.436+0900][12.512s][info][gc,heap        ] GC(92) ParOldGen: 349401K(349696K)->349401K(349696K)
[2026-03-23T15:59:28.436+0900][12.512s][info][gc,metaspace   ] GC(92) Metaspace: 237K(448K)->237K(448K) NonClass: 222K(320K)->222K(320K) Class: 14K(128K)->14K(128K)
[2026-03-23T15:59:28.436+0900][12.512s][info][gc             ] GC(92) Pause Full (Ergonomics) 370M->367M(378M) 1.993ms
[2026-03-23T15:59:28.436+0900][12.512s][info][gc,cpu         ] GC(92) User=0.01s Sys=0.00s Real=0.00s
[2026-03-23T15:59:28.449+0900][12.525s][info][gc,start       ] GC(93) Pause Full (Ergonomics)
[2026-03-23T15:59:28.449+0900][12.525s][info][gc,phases,start] GC(93) Marking Phase
[2026-03-23T15:59:28.450+0900][12.526s][info][gc,phases      ] GC(93) Marking Phase 1.285ms
[2026-03-23T15:59:28.450+0900][12.526s][info][gc,phases,start] GC(93) Summary Phase
[2026-03-23T15:59:28.450+0900][12.526s][info][gc,phases      ] GC(93) Summary Phase 0.007ms
[2026-03-23T15:59:28.450+0900][12.526s][info][gc,phases,start] GC(93) Adjust Roots
[2026-03-23T15:59:28.450+0900][12.526s][info][gc,phases      ] GC(93) Adjust Roots 0.091ms
[2026-03-23T15:59:28.450+0900][12.526s][info][gc,phases,start] GC(93) Compaction Phase
[2026-03-23T15:59:28.451+0900][12.526s][info][gc,phases      ] GC(93) Compaction Phase 0.331ms
[2026-03-23T15:59:28.451+0900][12.526s][info][gc,phases,start] GC(93) Post Compact
[2026-03-23T15:59:28.451+0900][12.527s][info][gc,phases      ] GC(93) Post Compact 0.093ms
[2026-03-23T15:59:28.451+0900][12.527s][info][gc,heap        ] GC(93) PSYoungGen: 30309K(37376K)->27138K(36352K) Eden: 30309K(31232K)->27138K(31232K) From: 0K(6144K)->0K(5120K)
[2026-03-23T15:59:28.451+0900][12.527s][info][gc,heap        ] GC(93) ParOldGen: 349401K(349696K)->349401K(349696K)
[2026-03-23T15:59:28.451+0900][12.527s][info][gc,metaspace   ] GC(93) Metaspace: 237K(448K)->237K(448K) NonClass: 222K(320K)->222K(320K) Class: 14K(128K)->14K(128K)
[2026-03-23T15:59:28.451+0900][12.527s][info][gc             ] GC(93) Pause Full (Ergonomics) 370M->367M(377M) 1.889ms
[2026-03-23T15:59:28.451+0900][12.527s][info][gc,cpu         ] GC(93) User=0.01s Sys=0.00s Real=0.01s
[2026-03-23T15:59:28.463+0900][12.539s][info][gc,start       ] GC(94) Pause Full (Ergonomics)
[2026-03-23T15:59:28.463+0900][12.539s][info][gc,phases,start] GC(94) Marking Phase
[2026-03-23T15:59:28.465+0900][12.541s][info][gc,phases      ] GC(94) Marking Phase 1.412ms
[2026-03-23T15:59:28.465+0900][12.541s][info][gc,phases,start] GC(94) Summary Phase
[2026-03-23T15:59:28.465+0900][12.541s][info][gc,phases      ] GC(94) Summary Phase 0.008ms
[2026-03-23T15:59:28.465+0900][12.541s][info][gc,phases,start] GC(94) Adjust Roots
[2026-03-23T15:59:28.465+0900][12.541s][info][gc,phases      ] GC(94) Adjust Roots 0.067ms
[2026-03-23T15:59:28.465+0900][12.541s][info][gc,phases,start] GC(94) Compaction Phase
[2026-03-23T15:59:28.465+0900][12.541s][info][gc,phases      ] GC(94) Compaction Phase 0.298ms
[2026-03-23T15:59:28.465+0900][12.541s][info][gc,phases,start] GC(94) Post Compact
[2026-03-23T15:59:28.465+0900][12.541s][info][gc,phases      ] GC(94) Post Compact 0.077ms
[2026-03-23T15:59:28.465+0900][12.541s][info][gc,heap        ] GC(94) PSYoungGen: 30297K(36352K)->27138K(37376K) Eden: 30297K(31232K)->27138K(31232K) From: 0K(5120K)->0K(6144K)
[2026-03-23T15:59:28.465+0900][12.541s][info][gc,heap        ] GC(94) ParOldGen: 349401K(349696K)->349401K(349696K)
[2026-03-23T15:59:28.465+0900][12.541s][info][gc,metaspace   ] GC(94) Metaspace: 237K(448K)->237K(448K) NonClass: 222K(320K)->222K(320K) Class: 14K(128K)->14K(128K)
[2026-03-23T15:59:28.465+0900][12.541s][info][gc             ] GC(94) Pause Full (Ergonomics) 370M->367M(378M) 1.949ms
[2026-03-23T15:59:28.465+0900][12.541s][info][gc,cpu         ] GC(94) User=0.01s Sys=0.00s Real=0.00s
[2026-03-23T15:59:28.478+0900][12.554s][info][gc,start       ] GC(95) Pause Full (Ergonomics)
[2026-03-23T15:59:28.478+0900][12.554s][info][gc,phases,start] GC(95) Marking Phase
[2026-03-23T15:59:28.479+0900][12.555s][info][gc,phases      ] GC(95) Marking Phase 1.424ms
[2026-03-23T15:59:28.479+0900][12.555s][info][gc,phases,start] GC(95) Summary Phase
[2026-03-23T15:59:28.480+0900][12.555s][info][gc,phases      ] GC(95) Summary Phase 0.007ms
[2026-03-23T15:59:28.480+0900][12.555s][info][gc,phases,start] GC(95) Adjust Roots
[2026-03-23T15:59:28.480+0900][12.556s][info][gc,phases      ] GC(95) Adjust Roots 0.114ms
[2026-03-23T15:59:28.480+0900][12.556s][info][gc,phases,start] GC(95) Compaction Phase
[2026-03-23T15:59:28.480+0900][12.556s][info][gc,phases      ] GC(95) Compaction Phase 0.324ms
[2026-03-23T15:59:28.480+0900][12.556s][info][gc,phases,start] GC(95) Post Compact
[2026-03-23T15:59:28.480+0900][12.556s][info][gc,phases      ] GC(95) Post Compact 0.090ms
[2026-03-23T15:59:28.480+0900][12.556s][info][gc,heap        ] GC(95) PSYoungGen: 30289K(37376K)->27138K(36352K) Eden: 30289K(31232K)->27138K(31232K) From: 0K(6144K)->0K(5120K)
[2026-03-23T15:59:28.480+0900][12.556s][info][gc,heap        ] GC(95) ParOldGen: 349401K(349696K)->349401K(349696K)
[2026-03-23T15:59:28.480+0900][12.556s][info][gc,metaspace   ] GC(95) Metaspace: 237K(448K)->237K(448K) NonClass: 222K(320K)->222K(320K) Class: 14K(128K)->14K(128K)
[2026-03-23T15:59:28.480+0900][12.556s][info][gc             ] GC(95) Pause Full (Ergonomics) 370M->367M(377M) 2.065ms
[2026-03-23T15:59:28.480+0900][12.556s][info][gc,cpu         ] GC(95) User=0.01s Sys=0.00s Real=0.01s
[2026-03-23T15:59:28.486+0900][12.562s][info][gc,start       ] GC(96) Pause Full (Ergonomics)
[2026-03-23T15:59:28.486+0900][12.562s][info][gc,phases,start] GC(96) Marking Phase
[2026-03-23T15:59:28.487+0900][12.563s][info][gc,phases      ] GC(96) Marking Phase 1.341ms
[2026-03-23T15:59:28.487+0900][12.563s][info][gc,phases,start] GC(96) Summary Phase
[2026-03-23T15:59:28.487+0900][12.563s][info][gc,phases      ] GC(96) Summary Phase 0.006ms
[2026-03-23T15:59:28.487+0900][12.563s][info][gc,phases,start] GC(96) Adjust Roots
[2026-03-23T15:59:28.487+0900][12.563s][info][gc,phases      ] GC(96) Adjust Roots 0.105ms
[2026-03-23T15:59:28.487+0900][12.563s][info][gc,phases,start] GC(96) Compaction Phase
[2026-03-23T15:59:28.488+0900][12.564s][info][gc,phases      ] GC(96) Compaction Phase 0.296ms
[2026-03-23T15:59:28.488+0900][12.564s][info][gc,phases,start] GC(96) Post Compact
[2026-03-23T15:59:28.488+0900][12.564s][info][gc,phases      ] GC(96) Post Compact 0.072ms
[2026-03-23T15:59:28.488+0900][12.564s][info][gc,heap        ] GC(96) PSYoungGen: 30283K(36352K)->28674K(37376K) Eden: 30283K(31232K)->28674K(31232K) From: 0K(5120K)->0K(6144K)
[2026-03-23T15:59:28.488+0900][12.564s][info][gc,heap        ] GC(96) ParOldGen: 349401K(349696K)->349401K(349696K)
[2026-03-23T15:59:28.488+0900][12.564s][info][gc,metaspace   ] GC(96) Metaspace: 237K(448K)->237K(448K) NonClass: 222K(320K)->222K(320K) Class: 14K(128K)->14K(128K)
[2026-03-23T15:59:28.488+0900][12.564s][info][gc             ] GC(96) Pause Full (Ergonomics) 370M->369M(378M) 1.921ms
[2026-03-23T15:59:28.488+0900][12.564s][info][gc,cpu         ] GC(96) User=0.01s Sys=0.00s Real=0.00s
[2026-03-23T15:59:28.494+0900][12.570s][info][gc,start       ] GC(97) Pause Full (Ergonomics)
[2026-03-23T15:59:28.494+0900][12.570s][info][gc,phases,start] GC(97) Marking Phase
[2026-03-23T15:59:28.496+0900][12.572s][info][gc,phases      ] GC(97) Marking Phase 1.602ms
[2026-03-23T15:59:28.496+0900][12.572s][info][gc,phases,start] GC(97) Summary Phase
[2026-03-23T15:59:28.496+0900][12.572s][info][gc,phases      ] GC(97) Summary Phase 0.008ms
[2026-03-23T15:59:28.496+0900][12.572s][info][gc,phases,start] GC(97) Adjust Roots
[2026-03-23T15:59:28.496+0900][12.572s][info][gc,phases      ] GC(97) Adjust Roots 0.101ms
[2026-03-23T15:59:28.496+0900][12.572s][info][gc,phases,start] GC(97) Compaction Phase
[2026-03-23T15:59:28.496+0900][12.572s][info][gc,phases      ] GC(97) Compaction Phase 0.374ms
[2026-03-23T15:59:28.496+0900][12.572s][info][gc,phases,start] GC(97) Post Compact
[2026-03-23T15:59:28.496+0900][12.572s][info][gc,phases      ] GC(97) Post Compact 0.083ms
[2026-03-23T15:59:28.496+0900][12.572s][info][gc,heap        ] GC(97) PSYoungGen: 30280K(37376K)->28674K(36352K) Eden: 30280K(31232K)->28674K(31232K) From: 0K(6144K)->0K(5120K)
[2026-03-23T15:59:28.496+0900][12.572s][info][gc,heap        ] GC(97) ParOldGen: 349401K(349696K)->349401K(349696K)
[2026-03-23T15:59:28.496+0900][12.572s][info][gc,metaspace   ] GC(97) Metaspace: 237K(448K)->237K(448K) NonClass: 222K(320K)->222K(320K) Class: 14K(128K)->14K(128K)
[2026-03-23T15:59:28.496+0900][12.572s][info][gc             ] GC(97) Pause Full (Ergonomics) 370M->369M(377M) 2.264ms
[2026-03-23T15:59:28.496+0900][12.572s][info][gc,cpu         ] GC(97) User=0.02s Sys=0.00s Real=0.00s
[2026-03-23T15:59:28.502+0900][12.578s][info][gc,start       ] GC(98) Pause Full (Ergonomics)
[2026-03-23T15:59:28.503+0900][12.578s][info][gc,phases,start] GC(98) Marking Phase
[2026-03-23T15:59:28.504+0900][12.580s][info][gc,phases      ] GC(98) Marking Phase 1.310ms
[2026-03-23T15:59:28.504+0900][12.580s][info][gc,phases,start] GC(98) Summary Phase
[2026-03-23T15:59:28.504+0900][12.580s][info][gc,phases      ] GC(98) Summary Phase 0.007ms
[2026-03-23T15:59:28.504+0900][12.580s][info][gc,phases,start] GC(98) Adjust Roots
[2026-03-23T15:59:28.504+0900][12.580s][info][gc,phases      ] GC(98) Adjust Roots 0.076ms
[2026-03-23T15:59:28.504+0900][12.580s][info][gc,phases,start] GC(98) Compaction Phase
[2026-03-23T15:59:28.504+0900][12.580s][info][gc,phases      ] GC(98) Compaction Phase 0.301ms
[2026-03-23T15:59:28.504+0900][12.580s][info][gc,phases,start] GC(98) Post Compact
[2026-03-23T15:59:28.504+0900][12.580s][info][gc,phases      ] GC(98) Post Compact 0.077ms
[2026-03-23T15:59:28.504+0900][12.580s][info][gc,heap        ] GC(98) PSYoungGen: 30266K(36352K)->28674K(37376K) Eden: 30266K(31232K)->28674K(31232K) From: 0K(5120K)->0K(6144K)
[2026-03-23T15:59:28.504+0900][12.580s][info][gc,heap        ] GC(98) ParOldGen: 349401K(349696K)->349401K(349696K)
[2026-03-23T15:59:28.504+0900][12.580s][info][gc,metaspace   ] GC(98) Metaspace: 237K(448K)->237K(448K) NonClass: 222K(320K)->222K(320K) Class: 14K(128K)->14K(128K)
[2026-03-23T15:59:28.504+0900][12.580s][info][gc             ] GC(98) Pause Full (Ergonomics) 370M->369M(378M) 1.865ms
[2026-03-23T15:59:28.504+0900][12.580s][info][gc,cpu         ] GC(98) User=0.01s Sys=0.01s Real=0.00s
[2026-03-23T15:59:28.511+0900][12.587s][info][gc,start       ] GC(99) Pause Full (Ergonomics)
[2026-03-23T15:59:28.511+0900][12.587s][info][gc,phases,start] GC(99) Marking Phase
[2026-03-23T15:59:28.512+0900][12.588s][info][gc,phases      ] GC(99) Marking Phase 1.334ms
[2026-03-23T15:59:28.512+0900][12.588s][info][gc,phases,start] GC(99) Summary Phase
[2026-03-23T15:59:28.512+0900][12.588s][info][gc,phases      ] GC(99) Summary Phase 0.006ms
[2026-03-23T15:59:28.512+0900][12.588s][info][gc,phases,start] GC(99) Adjust Roots
[2026-03-23T15:59:28.512+0900][12.588s][info][gc,phases      ] GC(99) Adjust Roots 0.077ms
[2026-03-23T15:59:28.512+0900][12.588s][info][gc,phases,start] GC(99) Compaction Phase
[2026-03-23T15:59:28.512+0900][12.588s][info][gc,phases      ] GC(99) Compaction Phase 0.320ms
[2026-03-23T15:59:28.513+0900][12.588s][info][gc,phases,start] GC(99) Post Compact
[2026-03-23T15:59:28.513+0900][12.589s][info][gc,phases      ] GC(99) Post Compact 0.078ms
[2026-03-23T15:59:28.513+0900][12.589s][info][gc,heap        ] GC(99) PSYoungGen: 30258K(37376K)->28674K(36352K) Eden: 30258K(31232K)->28674K(31232K) From: 0K(6144K)->0K(5120K)
[2026-03-23T15:59:28.513+0900][12.589s][info][gc,heap        ] GC(99) ParOldGen: 349401K(349696K)->349401K(349696K)
[2026-03-23T15:59:28.513+0900][12.589s][info][gc,metaspace   ] GC(99) Metaspace: 237K(448K)->237K(448K) NonClass: 222K(320K)->222K(320K) Class: 14K(128K)->14K(128K)
[2026-03-23T15:59:28.513+0900][12.589s][info][gc             ] GC(99) Pause Full (Ergonomics) 370M->369M(377M) 1.893ms
[2026-03-23T15:59:28.513+0900][12.589s][info][gc,cpu         ] GC(99) User=0.01s Sys=0.00s Real=0.00s
[2026-03-23T15:59:28.518+0900][12.594s][info][gc,start       ] GC(100) Pause Full (Ergonomics)
[2026-03-23T15:59:28.518+0900][12.594s][info][gc,phases,start] GC(100) Marking Phase
[2026-03-23T15:59:28.519+0900][12.595s][info][gc,phases      ] GC(100) Marking Phase 1.229ms
[2026-03-23T15:59:28.519+0900][12.595s][info][gc,phases,start] GC(100) Summary Phase
[2026-03-23T15:59:28.519+0900][12.595s][info][gc,phases      ] GC(100) Summary Phase 0.005ms
[2026-03-23T15:59:28.519+0900][12.595s][info][gc,phases,start] GC(100) Adjust Roots
[2026-03-23T15:59:28.520+0900][12.596s][info][gc,phases      ] GC(100) Adjust Roots 0.095ms
[2026-03-23T15:59:28.520+0900][12.596s][info][gc,phases,start] GC(100) Compaction Phase
[2026-03-23T15:59:28.520+0900][12.596s][info][gc,phases      ] GC(100) Compaction Phase 0.280ms
[2026-03-23T15:59:28.520+0900][12.596s][info][gc,phases,start] GC(100) Post Compact
[2026-03-23T15:59:28.520+0900][12.596s][info][gc,phases      ] GC(100) Post Compact 0.077ms
[2026-03-23T15:59:28.520+0900][12.596s][info][gc,heap        ] GC(100) PSYoungGen: 30252K(36352K)->28674K(37376K) Eden: 30252K(31232K)->28674K(31232K) From: 0K(5120K)->0K(6144K)
[2026-03-23T15:59:28.520+0900][12.596s][info][gc,heap        ] GC(100) ParOldGen: 349401K(349696K)->349401K(349696K)
[2026-03-23T15:59:28.520+0900][12.596s][info][gc,metaspace   ] GC(100) Metaspace: 237K(448K)->237K(448K) NonClass: 222K(320K)->222K(320K) Class: 14K(128K)->14K(128K)
[2026-03-23T15:59:28.520+0900][12.596s][info][gc             ] GC(100) Pause Full (Ergonomics) 370M->369M(378M) 1.748ms
[2026-03-23T15:59:28.520+0900][12.596s][info][gc,cpu         ] GC(100) User=0.01s Sys=0.00s Real=0.01s
[2026-03-23T15:59:28.526+0900][12.602s][info][gc,start       ] GC(101) Pause Full (Ergonomics)
[2026-03-23T15:59:28.526+0900][12.602s][info][gc,phases,start] GC(101) Marking Phase
[2026-03-23T15:59:28.528+0900][12.604s][info][gc,phases      ] GC(101) Marking Phase 1.284ms
[2026-03-23T15:59:28.528+0900][12.604s][info][gc,phases,start] GC(101) Summary Phase
[2026-03-23T15:59:28.528+0900][12.604s][info][gc,phases      ] GC(101) Summary Phase 0.006ms
[2026-03-23T15:59:28.528+0900][12.604s][info][gc,phases,start] GC(101) Adjust Roots
[2026-03-23T15:59:28.528+0900][12.604s][info][gc,phases      ] GC(101) Adjust Roots 0.068ms
[2026-03-23T15:59:28.528+0900][12.604s][info][gc,phases,start] GC(101) Compaction Phase
[2026-03-23T15:59:28.528+0900][12.604s][info][gc,phases      ] GC(101) Compaction Phase 0.319ms
[2026-03-23T15:59:28.528+0900][12.604s][info][gc,phases,start] GC(101) Post Compact
[2026-03-23T15:59:28.528+0900][12.604s][info][gc,phases      ] GC(101) Post Compact 0.078ms
[2026-03-23T15:59:28.528+0900][12.604s][info][gc,heap        ] GC(101) PSYoungGen: 30248K(37376K)->28674K(36352K) Eden: 30248K(31232K)->28674K(31232K) From: 0K(6144K)->0K(5120K)
[2026-03-23T15:59:28.528+0900][12.604s][info][gc,heap        ] GC(101) ParOldGen: 349401K(349696K)->349401K(349696K)
[2026-03-23T15:59:28.528+0900][12.604s][info][gc,metaspace   ] GC(101) Metaspace: 237K(448K)->237K(448K) NonClass: 222K(320K)->222K(320K) Class: 14K(128K)->14K(128K)
[2026-03-23T15:59:28.528+0900][12.604s][info][gc             ] GC(101) Pause Full (Ergonomics) 370M->369M(377M) 1.823ms
[2026-03-23T15:59:28.528+0900][12.604s][info][gc,cpu         ] GC(101) User=0.01s Sys=0.00s Real=0.00s
[2026-03-23T15:59:28.535+0900][12.611s][info][gc,start       ] GC(102) Pause Full (Ergonomics)
[2026-03-23T15:59:28.535+0900][12.611s][info][gc,phases,start] GC(102) Marking Phase
[2026-03-23T15:59:28.536+0900][12.612s][info][gc,phases      ] GC(102) Marking Phase 1.289ms
[2026-03-23T15:59:28.536+0900][12.612s][info][gc,phases,start] GC(102) Summary Phase
[2026-03-23T15:59:28.536+0900][12.612s][info][gc,phases      ] GC(102) Summary Phase 0.007ms
[2026-03-23T15:59:28.536+0900][12.612s][info][gc,phases,start] GC(102) Adjust Roots
[2026-03-23T15:59:28.536+0900][12.612s][info][gc,phases      ] GC(102) Adjust Roots 0.091ms
[2026-03-23T15:59:28.536+0900][12.612s][info][gc,phases,start] GC(102) Compaction Phase
[2026-03-23T15:59:28.536+0900][12.612s][info][gc,phases      ] GC(102) Compaction Phase 0.300ms
[2026-03-23T15:59:28.536+0900][12.612s][info][gc,phases,start] GC(102) Post Compact
[2026-03-23T15:59:28.536+0900][12.612s][info][gc,phases      ] GC(102) Post Compact 0.072ms
[2026-03-23T15:59:28.536+0900][12.612s][info][gc,heap        ] GC(102) PSYoungGen: 30246K(36352K)->28674K(37376K) Eden: 30246K(31232K)->28674K(31232K) From: 0K(5120K)->0K(6144K)
[2026-03-23T15:59:28.536+0900][12.612s][info][gc,heap        ] GC(102) ParOldGen: 349401K(349696K)->349401K(349696K)
[2026-03-23T15:59:28.536+0900][12.612s][info][gc,metaspace   ] GC(102) Metaspace: 237K(448K)->237K(448K) NonClass: 222K(320K)->222K(320K) Class: 14K(128K)->14K(128K)
[2026-03-23T15:59:28.536+0900][12.612s][info][gc             ] GC(102) Pause Full (Ergonomics) 370M->369M(378M) 1.853ms
[2026-03-23T15:59:28.536+0900][12.612s][info][gc,cpu         ] GC(102) User=0.01s Sys=0.00s Real=0.00s
[2026-03-23T15:59:28.543+0900][12.619s][info][gc,start       ] GC(103) Pause Full (Ergonomics)
[2026-03-23T15:59:28.543+0900][12.619s][info][gc,phases,start] GC(103) Marking Phase
[2026-03-23T15:59:28.544+0900][12.620s][info][gc,phases      ] GC(103) Marking Phase 1.338ms
[2026-03-23T15:59:28.544+0900][12.620s][info][gc,phases,start] GC(103) Summary Phase
[2026-03-23T15:59:28.544+0900][12.620s][info][gc,phases      ] GC(103) Summary Phase 0.005ms
[2026-03-23T15:59:28.544+0900][12.620s][info][gc,phases,start] GC(103) Adjust Roots
[2026-03-23T15:59:28.544+0900][12.620s][info][gc,phases      ] GC(103) Adjust Roots 0.108ms
[2026-03-23T15:59:28.544+0900][12.620s][info][gc,phases,start] GC(103) Compaction Phase
[2026-03-23T15:59:28.545+0900][12.621s][info][gc,phases      ] GC(103) Compaction Phase 0.308ms
[2026-03-23T15:59:28.545+0900][12.621s][info][gc,phases,start] GC(103) Post Compact
[2026-03-23T15:59:28.545+0900][12.621s][info][gc,phases      ] GC(103) Post Compact 0.076ms
[2026-03-23T15:59:28.545+0900][12.621s][info][gc,heap        ] GC(103) PSYoungGen: 30245K(37376K)->28674K(36352K) Eden: 30245K(31232K)->28674K(31232K) From: 0K(6144K)->0K(5120K)
[2026-03-23T15:59:28.545+0900][12.621s][info][gc,heap        ] GC(103) ParOldGen: 349401K(349696K)->349401K(349696K)
[2026-03-23T15:59:28.545+0900][12.621s][info][gc,metaspace   ] GC(103) Metaspace: 237K(448K)->237K(448K) NonClass: 222K(320K)->222K(320K) Class: 14K(128K)->14K(128K)
[2026-03-23T15:59:28.545+0900][12.621s][info][gc             ] GC(103) Pause Full (Ergonomics) 370M->369M(377M) 1.917ms
[2026-03-23T15:59:28.545+0900][12.621s][info][gc,cpu         ] GC(103) User=0.01s Sys=0.00s Real=0.00s
[2026-03-23T15:59:28.545+0900][12.621s][info][gc,start       ] GC(104) Pause Full (Ergonomics)
[2026-03-23T15:59:28.545+0900][12.621s][info][gc,phases,start] GC(104) Marking Phase
[2026-03-23T15:59:28.546+0900][12.622s][info][gc,phases      ] GC(104) Marking Phase 1.328ms
[2026-03-23T15:59:28.546+0900][12.622s][info][gc,phases,start] GC(104) Summary Phase
[2026-03-23T15:59:28.546+0900][12.622s][info][gc,phases      ] GC(104) Summary Phase 0.006ms
[2026-03-23T15:59:28.546+0900][12.622s][info][gc,phases,start] GC(104) Adjust Roots
[2026-03-23T15:59:28.546+0900][12.622s][info][gc,phases      ] GC(104) Adjust Roots 0.073ms
[2026-03-23T15:59:28.546+0900][12.622s][info][gc,phases,start] GC(104) Compaction Phase
[2026-03-23T15:59:28.547+0900][12.623s][info][gc,phases      ] GC(104) Compaction Phase 0.348ms
[2026-03-23T15:59:28.547+0900][12.623s][info][gc,phases,start] GC(104) Post Compact
[2026-03-23T15:59:28.547+0900][12.623s][info][gc,phases      ] GC(104) Post Compact 0.079ms
[2026-03-23T15:59:28.547+0900][12.623s][info][gc,heap        ] GC(104) PSYoungGen: 30244K(36352K)->30210K(37376K) Eden: 30244K(31232K)->30210K(31232K) From: 0K(5120K)->0K(6144K)
[2026-03-23T15:59:28.547+0900][12.623s][info][gc,heap        ] GC(104) ParOldGen: 349401K(349696K)->349401K(349696K)
[2026-03-23T15:59:28.547+0900][12.623s][info][gc,metaspace   ] GC(104) Metaspace: 237K(448K)->237K(448K) NonClass: 222K(320K)->222K(320K) Class: 14K(128K)->14K(128K)
[2026-03-23T15:59:28.547+0900][12.623s][info][gc             ] GC(104) Pause Full (Ergonomics) 370M->370M(378M) 1.892ms
[2026-03-23T15:59:28.547+0900][12.623s][info][gc,cpu         ] GC(104) User=0.01s Sys=0.00s Real=0.00s
[2026-03-23T15:59:28.547+0900][12.623s][info][gc,start       ] GC(105) Pause Full (Allocation Failure)
[2026-03-23T15:59:28.547+0900][12.623s][info][gc,phases,start] GC(105) Marking Phase
[2026-03-23T15:59:28.548+0900][12.624s][info][gc,phases      ] GC(105) Marking Phase 1.438ms
[2026-03-23T15:59:28.548+0900][12.624s][info][gc,phases,start] GC(105) Summary Phase
[2026-03-23T15:59:28.548+0900][12.624s][info][gc,phases      ] GC(105) Summary Phase 0.006ms
[2026-03-23T15:59:28.548+0900][12.624s][info][gc,phases,start] GC(105) Adjust Roots
[2026-03-23T15:59:28.548+0900][12.624s][info][gc,phases      ] GC(105) Adjust Roots 0.078ms
[2026-03-23T15:59:28.548+0900][12.624s][info][gc,phases,start] GC(105) Compaction Phase
[2026-03-23T15:59:28.552+0900][12.628s][info][gc,phases      ] GC(105) Compaction Phase 3.247ms
[2026-03-23T15:59:28.552+0900][12.628s][info][gc,phases,start] GC(105) Post Compact
[2026-03-23T15:59:28.552+0900][12.628s][info][gc,phases      ] GC(105) Post Compact 0.080ms
[2026-03-23T15:59:28.552+0900][12.628s][info][gc,heap        ] GC(105) PSYoungGen: 30210K(37376K)->30210K(36352K) Eden: 30210K(31232K)->30210K(31232K) From: 0K(6144K)->0K(5120K)
[2026-03-23T15:59:28.552+0900][12.628s][info][gc,heap        ] GC(105) ParOldGen: 349401K(349696K)->349395K(349696K)
[2026-03-23T15:59:28.552+0900][12.628s][info][gc,metaspace   ] GC(105) Metaspace: 237K(448K)->226K(448K) NonClass: 222K(320K)->215K(320K) Class: 14K(128K)->11K(128K)
[2026-03-23T15:59:28.552+0900][12.628s][info][gc             ] GC(105) Pause Full (Allocation Failure) 370M->370M(377M) 4.946ms
[2026-03-23T15:59:28.552+0900][12.628s][info][gc,cpu         ] GC(105) User=0.04s Sys=0.00s Real=0.01s
[2026-03-23T15:59:28.553+0900][12.628s][info][gc,heap,exit   ] Heap
[2026-03-23T15:59:28.553+0900][12.628s][info][gc,heap,exit   ]  PSYoungGen      total 36352K, used 30868K [0x000000034a580000, 0x000000034d080000, 0x0000000355000000)
[2026-03-23T15:59:28.553+0900][12.628s][info][gc,heap,exit   ]   eden space 31232K, 98% used [0x000000034a580000,0x000000034c3a50b8,0x000000034c400000)
[2026-03-23T15:59:28.553+0900][12.628s][info][gc,heap,exit   ]   from space 5120K, 0% used [0x000000034ca80000,0x000000034ca80000,0x000000034cf80000)
[2026-03-23T15:59:28.553+0900][12.628s][info][gc,heap,exit   ]   to   space 6144K, 0% used [0x000000034c400000,0x000000034c400000,0x000000034ca00000)
[2026-03-23T15:59:28.553+0900][12.628s][info][gc,heap,exit   ]  ParOldGen       total 349696K, used 349395K [0x0000000335000000, 0x000000034a580000, 0x000000034a580000)
[2026-03-23T15:59:28.553+0900][12.628s][info][gc,heap,exit   ]   object space 349696K, 99% used [0x0000000335000000,0x000000034a534eb8,0x000000034a580000)
[2026-03-23T15:59:28.553+0900][12.628s][info][gc,heap,exit   ]  Metaspace       used 240K, committed 448K, reserved 1114112K
[2026-03-23T15:59:28.553+0900][12.628s][info][gc,heap,exit   ]   class space    used 12K, committed 128K, reserved 1048576K
