[2026-03-23T15:59:28.814+0900][0.003s][info][gc,init] CardTable entry size: 512
[2026-03-23T15:59:28.814+0900][0.003s][info][gc     ] Using Parallel
[2026-03-23T15:59:28.814+0900][0.003s][info][gc,init] Version: 21.0.9+10-LTS (release)
[2026-03-23T15:59:28.814+0900][0.003s][info][gc,init] CPUs: 14 total, 14 available
[2026-03-23T15:59:28.814+0900][0.003s][info][gc,init] Memory: 49152M
[2026-03-23T15:59:28.814+0900][0.003s][info][gc,init] Large Page Support: Disabled
[2026-03-23T15:59:28.814+0900][0.003s][info][gc,init] NUMA Support: Disabled
[2026-03-23T15:59:28.814+0900][0.003s][info][gc,init] Compressed Oops: Enabled (Zero based)
[2026-03-23T15:59:28.814+0900][0.003s][info][gc,init] Alignments: Space 512K, Generation 512K, Heap 8M
[2026-03-23T15:59:28.814+0900][0.003s][info][gc,init] Heap Min Capacity: 256M
[2026-03-23T15:59:28.814+0900][0.003s][info][gc,init] Heap Initial Capacity: 256M
[2026-03-23T15:59:28.814+0900][0.003s][info][gc,init] Heap Max Capacity: 512M
[2026-03-23T15:59:28.814+0900][0.003s][info][gc,init] Pre-touch: Disabled
[2026-03-23T15:59:28.814+0900][0.003s][info][gc,init] Parallel Workers: 11
[2026-03-23T15:59:28.817+0900][0.006s][info][gc,metaspace] CDS archive(s) mapped at: [0x0000000400000000-0x0000000400c9c000-0x0000000400c9c000), size 13221888, SharedBaseAddress: 0x0000000400000000, ArchiveRelocationMode: 1.
[2026-03-23T15:59:28.817+0900][0.006s][info][gc,metaspace] Compressed class space mapped at: 0x0000000401000000-0x0000000441000000, reserved size: 1073741824
[2026-03-23T15:59:28.817+0900][0.006s][info][gc,metaspace] Narrow klass base: 0x0000000400000000, Narrow klass shift: 0, Narrow klass range: 0x100000000
[2026-03-23T15:59:29.031+0900][0.220s][info][gc,start    ] GC(0) Pause Young (Allocation Failure)
[2026-03-23T15:59:29.031+0900][0.221s][info][gc,heap     ] GC(0) PSYoungGen: 64923K(76288K)->9984K(76288K) Eden: 64923K(65536K)->0K(65536K) From: 0K(10752K)->9984K(10752K)
[2026-03-23T15:59:29.031+0900][0.221s][info][gc,heap     ] GC(0) ParOldGen: 1056K(175104K)->1064K(175104K)
[2026-03-23T15:59:29.031+0900][0.221s][info][gc,metaspace] GC(0) Metaspace: 215K(384K)->215K(384K) NonClass: 201K(256K)->201K(256K) Class: 14K(128K)->14K(128K)
[2026-03-23T15:59:29.031+0900][0.221s][info][gc          ] GC(0) Pause Young (Allocation Failure) 64M->10M(245M) 0.917ms
[2026-03-23T15:59:29.031+0900][0.221s][info][gc,cpu      ] GC(0) User=0.00s Sys=0.00s Real=0.00s
[2026-03-23T15:59:29.268+0900][0.458s][info][gc,start    ] GC(1) Pause Young (Allocation Failure)
[2026-03-23T15:59:29.272+0900][0.461s][info][gc,heap     ] GC(1) PSYoungGen: 74718K(76288K)->10512K(73216K) Eden: 64734K(65536K)->0K(62464K) From: 9984K(10752K)->10512K(10752K)
[2026-03-23T15:59:29.272+0900][0.462s][info][gc,heap     ] GC(1) ParOldGen: 1064K(175104K)->6704K(175104K)
[2026-03-23T15:59:29.272+0900][0.462s][info][gc,metaspace] GC(1) Metaspace: 216K(384K)->216K(384K) NonClass: 201K(256K)->201K(256K) Class: 14K(128K)->14K(128K)
[2026-03-23T15:59:29.272+0900][0.462s][info][gc          ] GC(1) Pause Young (Allocation Failure) 74M->16M(242M) 3.845ms
[2026-03-23T15:59:29.272+0900][0.462s][info][gc,cpu      ] GC(1) User=0.01s Sys=0.01s Real=0.01s
[2026-03-23T15:59:29.505+0900][0.694s][info][gc,start    ] GC(2) Pause Young (Allocation Failure)
[2026-03-23T15:59:29.507+0900][0.696s][info][gc,heap     ] GC(2) PSYoungGen: 72136K(73216K)->10512K(70144K) Eden: 61623K(62464K)->0K(59392K) From: 10512K(10752K)->10512K(10752K)
[2026-03-23T15:59:29.507+0900][0.696s][info][gc,heap     ] GC(2) ParOldGen: 6704K(175104K)->14392K(175104K)
[2026-03-23T15:59:29.507+0900][0.696s][info][gc,metaspace] GC(2) Metaspace: 220K(384K)->220K(384K) NonClass: 205K(256K)->205K(256K) Class: 14K(128K)->14K(128K)
[2026-03-23T15:59:29.507+0900][0.696s][info][gc          ] GC(2) Pause Young (Allocation Failure) 76M->24M(239M) 2.088ms
[2026-03-23T15:59:29.507+0900][0.696s][info][gc,cpu      ] GC(2) User=0.00s Sys=0.00s Real=0.00s
[2026-03-23T15:59:29.718+0900][0.908s][info][gc,start    ] GC(3) Pause Young (Allocation Failure)
[2026-03-23T15:59:29.721+0900][0.911s][info][gc,heap     ] GC(3) PSYoungGen: 69017K(70144K)->4368K(64000K) Eden: 58505K(59392K)->0K(59392K) From: 10512K(10752K)->4368K(4608K)
[2026-03-23T15:59:29.721+0900][0.911s][info][gc,heap     ] GC(3) ParOldGen: 14392K(175104K)->26681K(175104K)
[2026-03-23T15:59:29.721+0900][0.911s][info][gc,metaspace] GC(3) Metaspace: 224K(384K)->224K(384K) NonClass: 209K(256K)->209K(256K) Class: 14K(128K)->14K(128K)
[2026-03-23T15:59:29.721+0900][0.911s][info][gc          ] GC(3) Pause Young (Allocation Failure) 81M->30M(233M) 2.775ms
[2026-03-23T15:59:29.721+0900][0.911s][info][gc,cpu      ] GC(3) User=0.00s Sys=0.00s Real=0.01s
[2026-03-23T15:59:29.937+0900][1.127s][info][gc,start    ] GC(4) Pause Young (Allocation Failure)
[2026-03-23T15:59:29.939+0900][1.128s][info][gc,heap     ] GC(4) PSYoungGen: 62882K(64000K)->10512K(67584K) Eden: 58514K(59392K)->0K(56832K) From: 4368K(4608K)->10512K(10752K)
[2026-03-23T15:59:29.939+0900][1.128s][info][gc,heap     ] GC(4) ParOldGen: 26681K(175104K)->26681K(175104K)
[2026-03-23T15:59:29.939+0900][1.128s][info][gc,metaspace] GC(4) Metaspace: 228K(384K)->228K(384K) NonClass: 213K(256K)->213K(256K) Class: 14K(128K)->14K(128K)
[2026-03-23T15:59:29.939+0900][1.128s][info][gc          ] GC(4) Pause Young (Allocation Failure) 87M->36M(237M) 1.570ms
[2026-03-23T15:59:29.939+0900][1.128s][info][gc,cpu      ] GC(4) User=0.01s Sys=0.00s Real=0.00s
[2026-03-23T15:59:30.151+0900][1.341s][info][gc,start    ] GC(5) Pause Young (Allocation Failure)
[2026-03-23T15:59:30.154+0900][1.343s][info][gc,heap     ] GC(5) PSYoungGen: 66933K(67584K)->13088K(67584K) Eden: 56421K(56832K)->0K(54272K) From: 10512K(10752K)->13088K(13312K)
[2026-03-23T15:59:30.154+0900][1.343s][info][gc,heap     ] GC(5) ParOldGen: 26681K(175104K)->29753K(175104K)
[2026-03-23T15:59:30.154+0900][1.343s][info][gc,metaspace] GC(5) Metaspace: 228K(384K)->228K(384K) NonClass: 213K(256K)->213K(256K) Class: 14K(128K)->14K(128K)
[2026-03-23T15:59:30.154+0900][1.343s][info][gc          ] GC(5) Pause Young (Allocation Failure) 91M->41M(237M) 2.529ms
[2026-03-23T15:59:30.154+0900][1.343s][info][gc,cpu      ] GC(5) User=0.01s Sys=0.00s Real=0.00s
[2026-03-23T15:59:30.352+0900][1.541s][info][gc,start    ] GC(6) Pause Young (Allocation Failure)
[2026-03-23T15:59:30.355+0900][1.544s][info][gc,heap     ] GC(6) PSYoungGen: 66902K(67584K)->14464K(69120K) Eden: 53814K(54272K)->0K(54272K) From: 13088K(13312K)->14464K(14848K)
[2026-03-23T15:59:30.355+0900][1.544s][info][gc,heap     ] GC(6) ParOldGen: 29753K(175104K)->34549K(175104K)
[2026-03-23T15:59:30.355+0900][1.544s][info][gc,metaspace] GC(6) Metaspace: 233K(448K)->233K(448K) NonClass: 218K(320K)->218K(320K) Class: 14K(128K)->14K(128K)
[2026-03-23T15:59:30.355+0900][1.544s][info][gc          ] GC(6) Pause Young (Allocation Failure) 94M->47M(238M) 2.674ms
[2026-03-23T15:59:30.355+0900][1.544s][info][gc,cpu      ] GC(6) User=0.00s Sys=0.00s Real=0.00s
[2026-03-23T15:59:30.553+0900][1.742s][info][gc,start    ] GC(7) Pause Young (Allocation Failure)
[2026-03-23T15:59:30.556+0900][1.745s][info][gc,heap     ] GC(7) PSYoungGen: 68281K(69120K)->16032K(68608K) Eden: 53817K(54272K)->0K(52224K) From: 14464K(14848K)->16032K(16384K)
[2026-03-23T15:59:30.556+0900][1.745s][info][gc,heap     ] GC(7) ParOldGen: 34549K(175104K)->39173K(175104K)
[2026-03-23T15:59:30.556+0900][1.745s][info][gc,metaspace] GC(7) Metaspace: 235K(448K)->235K(448K) NonClass: 221K(320K)->221K(320K) Class: 14K(128K)->14K(128K)
[2026-03-23T15:59:30.556+0900][1.745s][info][gc          ] GC(7) Pause Young (Allocation Failure) 100M->53M(238M) 3.081ms
[2026-03-23T15:59:30.556+0900][1.745s][info][gc,cpu      ] GC(7) User=0.01s Sys=0.01s Real=0.00s
[2026-03-23T15:59:30.745+0900][1.934s][info][gc,start    ] GC(8) Pause Young (Allocation Failure)
[2026-03-23T15:59:30.747+0900][1.936s][info][gc,heap     ] GC(8) PSYoungGen: 68256K(68608K)->16000K(70656K) Eden: 52224K(52224K)->0K(52224K) From: 16032K(16384K)->16000K(18432K)
[2026-03-23T15:59:30.747+0900][1.936s][info][gc,heap     ] GC(8) ParOldGen: 39173K(175104K)->45861K(175104K)
[2026-03-23T15:59:30.747+0900][1.936s][info][gc,metaspace] GC(8) Metaspace: 235K(448K)->235K(448K) NonClass: 221K(320K)->221K(320K) Class: 14K(128K)->14K(128K)
[2026-03-23T15:59:30.747+0900][1.936s][info][gc          ] GC(8) Pause Young (Allocation Failure) 104M->60M(240M) 2.333ms
[2026-03-23T15:59:30.747+0900][1.936s][info][gc,cpu      ] GC(8) User=0.01s Sys=0.00s Real=0.00s
[2026-03-23T15:59:30.934+0900][2.123s][info][gc,start    ] GC(9) Pause Young (Allocation Failure)
[2026-03-23T15:59:30.937+0900][2.126s][info][gc,heap     ] GC(9) PSYoungGen: 67444K(70656K)->11392K(70656K) Eden: 51443K(52224K)->0K(52224K) From: 16000K(18432K)->11392K(18432K)
[2026-03-23T15:59:30.937+0900][2.126s][info][gc,heap     ] GC(9) ParOldGen: 45861K(175104K)->55110K(175104K)
[2026-03-23T15:59:30.937+0900][2.126s][info][gc,metaspace] GC(9) Metaspace: 235K(448K)->235K(448K) NonClass: 221K(320K)->221K(320K) Class: 14K(128K)->14K(128K)
[2026-03-23T15:59:30.937+0900][2.126s][info][gc          ] GC(9) Pause Young (Allocation Failure) 110M->64M(240M) 2.911ms
[2026-03-23T15:59:30.937+0900][2.126s][info][gc,cpu      ] GC(9) User=0.00s Sys=0.00s Real=0.00s
[2026-03-23T15:59:31.119+0900][2.308s][info][gc,start    ] GC(10) Pause Young (Allocation Failure)
[2026-03-23T15:59:31.121+0900][2.311s][info][gc,heap     ] GC(10) PSYoungGen: 62658K(70656K)->6720K(71168K) Eden: 51266K(52224K)->0K(52224K) From: 11392K(18432K)->6720K(18944K)
[2026-03-23T15:59:31.121+0900][2.311s][info][gc,heap     ] GC(10) ParOldGen: 55110K(175104K)->65902K(175104K)
[2026-03-23T15:59:31.121+0900][2.311s][info][gc,metaspace] GC(10) Metaspace: 235K(448K)->235K(448K) NonClass: 221K(320K)->221K(320K) Class: 14K(128K)->14K(128K)
[2026-03-23T15:59:31.121+0900][2.311s][info][gc          ] GC(10) Pause Young (Allocation Failure) 115M->70M(240M) 2.158ms
[2026-03-23T15:59:31.121+0900][2.311s][info][gc,cpu      ] GC(10) User=0.00s Sys=0.00s Real=0.01s
[2026-03-23T15:59:31.306+0900][2.495s][info][gc,start    ] GC(11) Pause Young (Allocation Failure)
[2026-03-23T15:59:31.308+0900][2.497s][info][gc,heap     ] GC(11) PSYoungGen: 58015K(71168K)->6720K(71168K) Eden: 51295K(52224K)->0K(52224K) From: 6720K(18944K)->6720K(18944K)
[2026-03-23T15:59:31.308+0900][2.497s][info][gc,heap     ] GC(11) ParOldGen: 65902K(175104K)->72086K(175104K)
[2026-03-23T15:59:31.308+0900][2.497s][info][gc,metaspace] GC(11) Metaspace: 235K(448K)->235K(448K) NonClass: 221K(320K)->221K(320K) Class: 14K(128K)->14K(128K)
[2026-03-23T15:59:31.308+0900][2.497s][info][gc          ] GC(11) Pause Young (Allocation Failure) 121M->76M(240M) 2.454ms
[2026-03-23T15:59:31.308+0900][2.497s][info][gc,cpu      ] GC(11) User=0.00s Sys=0.00s Real=0.00s
[2026-03-23T15:59:31.498+0900][2.688s][info][gc,start    ] GC(12) Pause Young (Allocation Failure)
[2026-03-23T15:59:31.500+0900][2.690s][info][gc,heap     ] GC(12) PSYoungGen: 58031K(71168K)->5184K(71168K) Eden: 51311K(52224K)->0K(52224K) From: 6720K(18944K)->5184K(18944K)
[2026-03-23T15:59:31.500+0900][2.690s][info][gc,heap     ] GC(12) ParOldGen: 72086K(175104K)->78262K(175104K)
[2026-03-23T15:59:31.500+0900][2.690s][info][gc,metaspace] GC(12) Metaspace: 235K(448K)->235K(448K) NonClass: 221K(320K)->221K(320K) Class: 14K(128K)->14K(128K)
[2026-03-23T15:59:31.500+0900][2.690s][info][gc          ] GC(12) Pause Young (Allocation Failure) 127M->81M(240M) 2.266ms
[2026-03-23T15:59:31.501+0900][2.690s][info][gc,cpu      ] GC(12) User=0.00s Sys=0.01s Real=0.01s
[2026-03-23T15:59:31.684+0900][2.873s][info][gc,start    ] GC(13) Pause Young (Allocation Failure)
[2026-03-23T15:59:31.685+0900][2.875s][info][gc,heap     ] GC(13) PSYoungGen: 56503K(71168K)->6720K(71168K) Eden: 51319K(52224K)->0K(52224K) From: 5184K(18944K)->6720K(18944K)
[2026-03-23T15:59:31.685+0900][2.875s][info][gc,heap     ] GC(13) ParOldGen: 78262K(175104K)->82903K(175104K)
[2026-03-23T15:59:31.685+0900][2.875s][info][gc,metaspace] GC(13) Metaspace: 235K(448K)->235K(448K) NonClass: 221K(320K)->221K(320K) Class: 14K(128K)->14K(128K)
[2026-03-23T15:59:31.685+0900][2.875s][info][gc          ] GC(13) Pause Young (Allocation Failure) 131M->87M(240M) 1.624ms
[2026-03-23T15:59:31.685+0900][2.875s][info][gc,cpu      ] GC(13) User=0.00s Sys=0.00s Real=0.00s
[2026-03-23T15:59:31.872+0900][3.061s][info][gc,start    ] GC(14) Pause Young (Allocation Failure)
[2026-03-23T15:59:31.873+0900][3.063s][info][gc,heap     ] GC(14) PSYoungGen: 58043K(71168K)->6752K(56832K) Eden: 51323K(52224K)->0K(49664K) From: 6720K(18944K)->6752K(7168K)
[2026-03-23T15:59:31.873+0900][3.063s][info][gc,heap     ] GC(14) ParOldGen: 82903K(175104K)->89079K(175104K)
[2026-03-23T15:59:31.874+0900][3.063s][info][gc,metaspace] GC(14) Metaspace: 235K(448K)->235K(448K) NonClass: 221K(320K)->221K(320K) Class: 14K(128K)->14K(128K)
[2026-03-23T15:59:31.874+0900][3.063s][info][gc          ] GC(14) Pause Young (Allocation Failure) 137M->93M(226M) 1.935ms
[2026-03-23T15:59:31.874+0900][3.063s][info][gc,cpu      ] GC(14) User=0.01s Sys=0.00s Real=0.00s
[2026-03-23T15:59:32.054+0900][3.243s][info][gc,start    ] GC(15) Pause Young (Allocation Failure)
[2026-03-23T15:59:32.056+0900][3.246s][info][gc,heap     ] GC(15) PSYoungGen: 56374K(56832K)->5184K(64000K) Eden: 49622K(49664K)->0K(47616K) From: 6752K(7168K)->5184K(16384K)
[2026-03-23T15:59:32.056+0900][3.246s][info][gc,heap     ] GC(15) ParOldGen: 89079K(175104K)->95263K(175104K)
[2026-03-23T15:59:32.056+0900][3.246s][info][gc,metaspace] GC(15) Metaspace: 235K(448K)->235K(448K) NonClass: 221K(320K)->221K(320K) Class: 14K(128K)->14K(128K)
[2026-03-23T15:59:32.056+0900][3.246s][info][gc          ] GC(15) Pause Young (Allocation Failure) 142M->98M(233M) 2.229ms
[2026-03-23T15:59:32.056+0900][3.246s][info][gc,cpu      ] GC(15) User=0.00s Sys=0.00s Real=0.00s
[2026-03-23T15:59:32.228+0900][3.417s][info][gc,start    ] GC(16) Pause Young (Allocation Failure)
[2026-03-23T15:59:32.229+0900][3.419s][info][gc,heap     ] GC(16) PSYoungGen: 52722K(64000K)->6240K(52224K) Eden: 47537K(47616K)->0K(45568K) From: 5184K(16384K)->6240K(6656K)
[2026-03-23T15:59:32.229+0900][3.419s][info][gc,heap     ] GC(16) ParOldGen: 95263K(175104K)->99903K(175104K)
[2026-03-23T15:59:32.229+0900][3.419s][info][gc,metaspace] GC(16) Metaspace: 235K(448K)->235K(448K) NonClass: 221K(320K)->221K(320K) Class: 14K(128K)->14K(128K)
[2026-03-23T15:59:32.229+0900][3.419s][info][gc          ] GC(16) Pause Young (Allocation Failure) 144M->103M(222M) 1.704ms
[2026-03-23T15:59:32.229+0900][3.419s][info][gc,cpu      ] GC(16) User=0.01s Sys=0.01s Real=0.00s
[2026-03-23T15:59:32.400+0900][3.589s][info][gc,start    ] GC(17) Pause Young (Allocation Failure)
[2026-03-23T15:59:32.402+0900][3.592s][info][gc,heap     ] GC(17) PSYoungGen: 51689K(52224K)->5184K(58368K) Eden: 45449K(45568K)->0K(43520K) From: 6240K(6656K)->5184K(14848K)
[2026-03-23T15:59:32.402+0900][3.592s][info][gc,heap     ] GC(17) ParOldGen: 99903K(175104K)->106087K(175104K)
[2026-03-23T15:59:32.402+0900][3.592s][info][gc,metaspace] GC(17) Metaspace: 235K(448K)->235K(448K) NonClass: 221K(320K)->221K(320K) Class: 14K(128K)->14K(128K)
[2026-03-23T15:59:32.402+0900][3.592s][info][gc          ] GC(17) Pause Young (Allocation Failure) 148M->108M(228M) 2.433ms
[2026-03-23T15:59:32.402+0900][3.592s][info][gc,cpu      ] GC(17) User=0.01s Sys=0.00s Real=0.00s
[2026-03-23T15:59:32.559+0900][3.748s][info][gc,start    ] GC(18) Pause Young (Allocation Failure)
[2026-03-23T15:59:32.562+0900][3.751s][info][gc,heap     ] GC(18) PSYoungGen: 48544K(58368K)->5184K(47104K) Eden: 43360K(43520K)->0K(41472K) From: 5184K(14848K)->5184K(5632K)
[2026-03-23T15:59:32.562+0900][3.751s][info][gc,heap     ] GC(18) ParOldGen: 106087K(175104K)->110711K(175104K)
[2026-03-23T15:59:32.562+0900][3.751s][info][gc,metaspace] GC(18) Metaspace: 235K(448K)->235K(448K) NonClass: 221K(320K)->221K(320K) Class: 14K(128K)->14K(128K)
[2026-03-23T15:59:32.562+0900][3.751s][info][gc          ] GC(18) Pause Young (Allocation Failure) 151M->113M(217M) 2.891ms
[2026-03-23T15:59:32.562+0900][3.751s][info][gc,cpu      ] GC(18) User=0.01s Sys=0.00s Real=0.01s
[2026-03-23T15:59:32.712+0900][3.902s][info][gc,start    ] GC(19) Pause Young (Allocation Failure)
[2026-03-23T15:59:32.714+0900][3.903s][info][gc,heap     ] GC(19) PSYoungGen: 46455K(47104K)->4704K(53760K) Eden: 41271K(41472K)->0K(39424K) From: 5184K(5632K)->4704K(14336K)
[2026-03-23T15:59:32.714+0900][3.903s][info][gc,heap     ] GC(19) ParOldGen: 110711K(175104K)->115352K(175104K)
[2026-03-23T15:59:32.714+0900][3.903s][info][gc,metaspace] GC(19) Metaspace: 235K(448K)->235K(448K) NonClass: 221K(320K)->221K(320K) Class: 14K(128K)->14K(128K)
[2026-03-23T15:59:32.714+0900][3.903s][info][gc          ] GC(19) Pause Young (Allocation Failure) 153M->117M(223M) 1.608ms
[2026-03-23T15:59:32.714+0900][3.903s][info][gc,cpu      ] GC(19) User=0.00s Sys=0.01s Real=0.00s
[2026-03-23T15:59:32.852+0900][4.042s][info][gc,start    ] GC(20) Pause Young (Allocation Failure)
[2026-03-23T15:59:32.855+0900][4.044s][info][gc,heap     ] GC(20) PSYoungGen: 43887K(53760K)->5184K(43520K) Eden: 39183K(39424K)->0K(37888K) From: 4704K(14336K)->5184K(5632K)
[2026-03-23T15:59:32.855+0900][4.044s][info][gc,heap     ] GC(20) ParOldGen: 115352K(175104K)->119992K(175104K)
[2026-03-23T15:59:32.855+0900][4.044s][info][gc,metaspace] GC(20) Metaspace: 235K(448K)->235K(448K) NonClass: 221K(320K)->221K(320K) Class: 14K(128K)->14K(128K)
[2026-03-23T15:59:32.855+0900][4.044s][info][gc          ] GC(20) Pause Young (Allocation Failure) 155M->122M(213M) 2.285ms
[2026-03-23T15:59:32.855+0900][4.044s][info][gc,cpu      ] GC(20) User=0.00s Sys=0.00s Real=0.00s
[2026-03-23T15:59:32.995+0900][4.185s][info][gc,start    ] GC(21) Pause Young (Allocation Failure)
[2026-03-23T15:59:32.997+0900][4.187s][info][gc,heap     ] GC(21) PSYoungGen: 42289K(43520K)->3648K(51200K) Eden: 37105K(37888K)->0K(36352K) From: 5184K(5632K)->3648K(14848K)
[2026-03-23T15:59:32.997+0900][4.187s][info][gc,heap     ] GC(21) ParOldGen: 119992K(175104K)->124624K(175104K)
[2026-03-23T15:59:32.997+0900][4.187s][info][gc,metaspace] GC(21) Metaspace: 235K(448K)->235K(448K) NonClass: 221K(320K)->221K(320K) Class: 14K(128K)->14K(128K)
[2026-03-23T15:59:32.997+0900][4.187s][info][gc          ] GC(21) Pause Young (Allocation Failure) 158M->125M(221M) 2.182ms
[2026-03-23T15:59:32.997+0900][4.187s][info][gc,cpu      ] GC(21) User=0.00s Sys=0.00s Real=0.00s
[2026-03-23T15:59:33.126+0900][4.315s][info][gc,start    ] GC(22) Pause Young (Allocation Failure)
[2026-03-23T15:59:33.127+0900][4.317s][info][gc,heap     ] GC(22) PSYoungGen: 39187K(51200K)->5216K(40448K) Eden: 35538K(36352K)->0K(34816K) From: 3648K(14848K)->5216K(5632K)
[2026-03-23T15:59:33.127+0900][4.317s][info][gc,heap     ] GC(22) ParOldGen: 124624K(175104K)->127720K(175104K)
[2026-03-23T15:59:33.127+0900][4.317s][info][gc,metaspace] GC(22) Metaspace: 235K(448K)->235K(448K) NonClass: 221K(320K)->221K(320K) Class: 14K(128K)->14K(128K)
[2026-03-23T15:59:33.128+0900][4.317s][info][gc          ] GC(22) Pause Young (Allocation Failure) 159M->129M(210M) 1.814ms
[2026-03-23T15:59:33.128+0900][4.317s][info][gc,cpu      ] GC(22) User=0.00s Sys=0.00s Real=0.00s
[2026-03-23T15:59:33.254+0900][4.443s][info][gc,start    ] GC(23) Pause Young (Allocation Failure)
[2026-03-23T15:59:33.256+0900][4.445s][info][gc,heap     ] GC(23) PSYoungGen: 39188K(40448K)->3680K(46592K) Eden: 33972K(34816K)->0K(33280K) From: 5216K(5632K)->3680K(13312K)
[2026-03-23T15:59:33.256+0900][4.445s][info][gc,heap     ] GC(23) ParOldGen: 127720K(175104K)->132368K(175104K)
[2026-03-23T15:59:33.256+0900][4.445s][info][gc,metaspace] GC(23) Metaspace: 235K(448K)->235K(448K) NonClass: 221K(320K)->221K(320K) Class: 14K(128K)->14K(128K)
[2026-03-23T15:59:33.256+0900][4.445s][info][gc          ] GC(23) Pause Young (Allocation Failure) 162M->132M(216M) 1.801ms
[2026-03-23T15:59:33.256+0900][4.445s][info][gc,cpu      ] GC(23) User=0.00s Sys=0.01s Real=0.00s
[2026-03-23T15:59:33.368+0900][4.558s][info][gc,start    ] GC(24) Pause Young (Allocation Failure)
[2026-03-23T15:59:33.370+0900][4.559s][info][gc,heap     ] GC(24) PSYoungGen: 36086K(46592K)->5216K(37376K) Eden: 32406K(33280K)->0K(31744K) From: 3680K(13312K)->5216K(5632K)
[2026-03-23T15:59:33.370+0900][4.559s][info][gc,heap     ] GC(24) ParOldGen: 132368K(175104K)->135464K(175104K)
[2026-03-23T15:59:33.370+0900][4.559s][info][gc,metaspace] GC(24) Metaspace: 235K(448K)->235K(448K) NonClass: 221K(320K)->221K(320K) Class: 14K(128K)->14K(128K)
[2026-03-23T15:59:33.370+0900][4.559s][info][gc          ] GC(24) Pause Young (Allocation Failure) 164M->137M(207M) 1.523ms
[2026-03-23T15:59:33.370+0900][4.559s][info][gc,cpu      ] GC(24) User=0.00s Sys=0.00s Real=0.01s
[2026-03-23T15:59:33.484+0900][4.674s][info][gc,start    ] GC(25) Pause Young (Allocation Failure)
[2026-03-23T15:59:33.486+0900][4.675s][info][gc,heap     ] GC(25) PSYoungGen: 36056K(37376K)->3648K(42496K) Eden: 30840K(31744K)->0K(30208K) From: 5216K(5632K)->3648K(12288K)
[2026-03-23T15:59:33.486+0900][4.675s][info][gc,heap     ] GC(25) ParOldGen: 135464K(175104K)->140096K(175104K)
[2026-03-23T15:59:33.486+0900][4.675s][info][gc,metaspace] GC(25) Metaspace: 237K(448K)->237K(448K) NonClass: 222K(320K)->222K(320K) Class: 14K(128K)->14K(128K)
[2026-03-23T15:59:33.486+0900][4.675s][info][gc          ] GC(25) Pause Young (Allocation Failure) 167M->140M(212M) 1.424ms
[2026-03-23T15:59:33.486+0900][4.675s][info][gc,cpu      ] GC(25) User=0.00s Sys=0.00s Real=0.00s
[2026-03-23T15:59:33.594+0900][4.783s][info][gc,start    ] GC(26) Pause Young (Allocation Failure)
[2026-03-23T15:59:33.595+0900][4.785s][info][gc,heap     ] GC(26) PSYoungGen: 32922K(42496K)->3648K(33280K) Eden: 29274K(30208K)->0K(29184K) From: 3648K(12288K)->3648K(4096K)
[2026-03-23T15:59:33.595+0900][4.785s][info][gc,heap     ] GC(26) ParOldGen: 140096K(175104K)->143200K(175104K)
[2026-03-23T15:59:33.595+0900][4.785s][info][gc,metaspace] GC(26) Metaspace: 237K(448K)->237K(448K) NonClass: 222K(320K)->222K(320K) Class: 14K(128K)->14K(128K)
[2026-03-23T15:59:33.596+0900][4.785s][info][gc          ] GC(26) Pause Young (Allocation Failure) 168M->143M(203M) 1.558ms
[2026-03-23T15:59:33.596+0900][4.785s][info][gc,cpu      ] GC(26) User=0.01s Sys=0.00s Real=0.00s
[2026-03-23T15:59:33.704+0900][4.893s][info][gc,start    ] GC(27) Pause Young (Allocation Failure)
[2026-03-23T15:59:33.705+0900][4.894s][info][gc,heap     ] GC(27) PSYoungGen: 32390K(33280K)->3104K(40448K) Eden: 28742K(29184K)->0K(28160K) From: 3648K(4096K)->3104K(12288K)
[2026-03-23T15:59:33.705+0900][4.894s][info][gc,heap     ] GC(27) ParOldGen: 143200K(175104K)->146288K(175104K)
[2026-03-23T15:59:33.705+0900][4.894s][info][gc,metaspace] GC(27) Metaspace: 237K(448K)->237K(448K) NonClass: 222K(320K)->222K(320K) Class: 14K(128K)->14K(128K)
[2026-03-23T15:59:33.705+0900][4.894s][info][gc          ] GC(27) Pause Young (Allocation Failure) 171M->145M(210M) 0.932ms
[2026-03-23T15:59:33.705+0900][4.894s][info][gc,cpu      ] GC(27) User=0.00s Sys=0.00s Real=0.00s
[2026-03-23T15:59:33.806+0900][4.995s][info][gc,start    ] GC(28) Pause Young (Allocation Failure)
[2026-03-23T15:59:33.807+0900][4.997s][info][gc,heap     ] GC(28) PSYoungGen: 30802K(40448K)->3168K(30720K) Eden: 27698K(28160K)->0K(27136K) From: 3104K(12288K)->3168K(3584K)
[2026-03-23T15:59:33.807+0900][4.997s][info][gc,heap     ] GC(28) ParOldGen: 146288K(175104K)->149393K(175104K)
[2026-03-23T15:59:33.807+0900][4.997s][info][gc,metaspace] GC(28) Metaspace: 237K(448K)->237K(448K) NonClass: 222K(320K)->222K(320K) Class: 14K(128K)->14K(128K)
[2026-03-23T15:59:33.807+0900][4.997s][info][gc          ] GC(28) Pause Young (Allocation Failure) 172M->148M(201M) 1.516ms
[2026-03-23T15:59:33.807+0900][4.997s][info][gc,cpu      ] GC(28) User=0.01s Sys=0.01s Real=0.00s
[2026-03-23T15:59:33.903+0900][5.092s][info][gc,start    ] GC(29) Pause Young (Allocation Failure)
[2026-03-23T15:59:33.904+0900][5.093s][info][gc,heap     ] GC(29) PSYoungGen: 29822K(30720K)->3648K(37376K) Eden: 26653K(27136K)->0K(26112K) From: 3168K(3584K)->3648K(11264K)
[2026-03-23T15:59:33.904+0900][5.093s][info][gc,heap     ] GC(29) ParOldGen: 149393K(175104K)->152489K(175104K)
[2026-03-23T15:59:33.904+0900][5.093s][info][gc,metaspace] GC(29) Metaspace: 237K(448K)->237K(448K) NonClass: 222K(320K)->222K(320K) Class: 14K(128K)->14K(128K)
[2026-03-23T15:59:33.904+0900][5.093s][info][gc          ] GC(29) Pause Young (Allocation Failure) 175M->152M(207M) 0.973ms
[2026-03-23T15:59:33.904+0900][5.093s][info][gc,cpu      ] GC(29) User=0.00s Sys=0.00s Real=0.00s
[2026-03-23T15:59:34.000+0900][5.189s][info][gc,start    ] GC(30) Pause Young (Allocation Failure)
[2026-03-23T15:59:34.001+0900][5.190s][info][gc,heap     ] GC(30) PSYoungGen: 29760K(37376K)->3136K(28672K) Eden: 26112K(26112K)->0K(25088K) From: 3648K(11264K)->3136K(3584K)
[2026-03-23T15:59:34.001+0900][5.191s][info][gc,heap     ] GC(30) ParOldGen: 152489K(175104K)->155585K(175104K)
[2026-03-23T15:59:34.001+0900][5.191s][info][gc,metaspace] GC(30) Metaspace: 237K(448K)->237K(448K) NonClass: 222K(320K)->222K(320K) Class: 14K(128K)->14K(128K)
[2026-03-23T15:59:34.001+0900][5.191s][info][gc          ] GC(30) Pause Young (Allocation Failure) 177M->155M(199M) 1.573ms
[2026-03-23T15:59:34.001+0900][5.191s][info][gc,cpu      ] GC(30) User=0.00s Sys=0.00s Real=0.00s
[2026-03-23T15:59:34.092+0900][5.281s][info][gc,start    ] GC(31) Pause Young (Allocation Failure)
[2026-03-23T15:59:34.093+0900][5.283s][info][gc,heap     ] GC(31) PSYoungGen: 28207K(28672K)->3104K(35328K) Eden: 25070K(25088K)->0K(24064K) From: 3136K(3584K)->3104K(11264K)
[2026-03-23T15:59:34.094+0900][5.283s][info][gc,heap     ] GC(31) ParOldGen: 155585K(175104K)->158673K(175104K)
[2026-03-23T15:59:34.094+0900][5.283s][info][gc,metaspace] GC(31) Metaspace: 237K(448K)->237K(448K) NonClass: 222K(320K)->222K(320K) Class: 14K(128K)->14K(128K)
[2026-03-23T15:59:34.094+0900][5.283s][info][gc          ] GC(31) Pause Young (Allocation Failure) 179M->157M(205M) 1.786ms
[2026-03-23T15:59:34.094+0900][5.283s][info][gc,cpu      ] GC(31) User=0.00s Sys=0.00s Real=0.00s
[2026-03-23T15:59:34.181+0900][5.370s][info][gc,start    ] GC(32) Pause Young (Allocation Failure)
[2026-03-23T15:59:34.182+0900][5.372s][info][gc,heap     ] GC(32) PSYoungGen: 27133K(35328K)->2080K(25600K) Eden: 24029K(24064K)->0K(23040K) From: 3104K(11264K)->2080K(2560K)
[2026-03-23T15:59:34.182+0900][5.372s][info][gc,heap     ] GC(32) ParOldGen: 158673K(175104K)->161769K(175104K)
[2026-03-23T15:59:34.182+0900][5.372s][info][gc,metaspace] GC(32) Metaspace: 237K(448K)->237K(448K) NonClass: 222K(320K)->222K(320K) Class: 14K(128K)->14K(128K)
[2026-03-23T15:59:34.182+0900][5.372s][info][gc          ] GC(32) Pause Young (Allocation Failure) 181M->160M(196M) 1.674ms
[2026-03-23T15:59:34.182+0900][5.372s][info][gc,cpu      ] GC(32) User=0.00s Sys=0.00s Real=0.00s
[2026-03-23T15:59:34.263+0900][5.453s][info][gc,start    ] GC(33) Pause Young (Allocation Failure)
[2026-03-23T15:59:34.265+0900][5.454s][info][gc,heap     ] GC(33) PSYoungGen: 25063K(25600K)->3136K(31744K) Eden: 22983K(23040K)->0K(22016K) From: 2080K(2560K)->3136K(9728K)
[2026-03-23T15:59:34.265+0900][5.454s][info][gc,heap     ] GC(33) ParOldGen: 161769K(175104K)->163321K(175104K)
[2026-03-23T15:59:34.265+0900][5.454s][info][gc,metaspace] GC(33) Metaspace: 237K(448K)->237K(448K) NonClass: 222K(320K)->222K(320K) Class: 14K(128K)->14K(128K)
[2026-03-23T15:59:34.265+0900][5.454s][info][gc          ] GC(33) Pause Young (Allocation Failure) 182M->162M(202M) 1.431ms
[2026-03-23T15:59:34.265+0900][5.454s][info][gc,cpu      ] GC(33) User=0.00s Sys=0.00s Real=0.00s
[2026-03-23T15:59:34.341+0900][5.530s][info][gc,start    ] GC(34) Pause Young (Allocation Failure)
[2026-03-23T15:59:34.342+0900][5.531s][info][gc,heap     ] GC(34) PSYoungGen: 25074K(31744K)->3136K(24576K) Eden: 21938K(22016K)->0K(20992K) From: 3136K(9728K)->3136K(3584K)
[2026-03-23T15:59:34.342+0900][5.531s][info][gc,heap     ] GC(34) ParOldGen: 163321K(175104K)->166417K(175104K)
[2026-03-23T15:59:34.342+0900][5.531s][info][gc,metaspace] GC(34) Metaspace: 237K(448K)->237K(448K) NonClass: 222K(320K)->222K(320K) Class: 14K(128K)->14K(128K)
[2026-03-23T15:59:34.342+0900][5.531s][info][gc          ] GC(34) Pause Young (Allocation Failure) 183M->165M(195M) 1.099ms
[2026-03-23T15:59:34.342+0900][5.531s][info][gc,cpu      ] GC(34) User=0.00s Sys=0.00s Real=0.00s
[2026-03-23T15:59:34.418+0900][5.608s][info][gc,start    ] GC(35) Pause Young (Allocation Failure)
[2026-03-23T15:59:34.420+0900][5.609s][info][gc,heap     ] GC(35) PSYoungGen: 24029K(24576K)->2112K(29696K) Eden: 20893K(20992K)->0K(19968K) From: 3136K(3584K)->2112K(9728K)
[2026-03-23T15:59:34.420+0900][5.609s][info][gc,heap     ] GC(35) ParOldGen: 166417K(175104K)->169513K(175104K)
[2026-03-23T15:59:34.420+0900][5.609s][info][gc,metaspace] GC(35) Metaspace: 237K(448K)->237K(448K) NonClass: 222K(320K)->222K(320K) Class: 14K(128K)->14K(128K)
[2026-03-23T15:59:34.420+0900][5.609s][info][gc          ] GC(35) Pause Young (Allocation Failure) 185M->167M(200M) 1.550ms
[2026-03-23T15:59:34.420+0900][5.609s][info][gc,cpu      ] GC(35) User=0.00s Sys=0.01s Real=0.01s
[2026-03-23T15:59:34.487+0900][5.676s][info][gc,start    ] GC(36) Pause Young (Allocation Failure)
[2026-03-23T15:59:34.487+0900][5.677s][info][gc,heap     ] GC(36) PSYoungGen: 21960K(29696K)->3136K(23040K) Eden: 19848K(19968K)->0K(19456K) From: 2112K(9728K)->3136K(3584K)
[2026-03-23T15:59:34.487+0900][5.677s][info][gc,heap     ] GC(36) ParOldGen: 169513K(175104K)->171065K(175104K)
[2026-03-23T15:59:34.487+0900][5.677s][info][gc,metaspace] GC(36) Metaspace: 237K(448K)->237K(448K) NonClass: 222K(320K)->222K(320K) Class: 14K(128K)->14K(128K)
[2026-03-23T15:59:34.487+0900][5.677s][info][gc          ] GC(36) Pause Young (Allocation Failure) 186M->170M(193M) 0.477ms
[2026-03-23T15:59:34.487+0900][5.677s][info][gc,cpu      ] GC(36) User=0.00s Sys=0.00s Real=0.00s
[2026-03-23T15:59:34.555+0900][5.745s][info][gc,start    ] GC(37) Pause Young (Allocation Failure)
[2026-03-23T15:59:34.557+0900][5.746s][info][gc,heap     ] GC(37) PSYoungGen: 22462K(23040K)->3648K(27648K) Eden: 19326K(19456K)->0K(18944K) From: 3136K(3584K)->3648K(8704K)
[2026-03-23T15:59:34.557+0900][5.746s][info][gc,heap     ] GC(37) ParOldGen: 171065K(175104K)->172617K(175104K)
[2026-03-23T15:59:34.557+0900][5.746s][info][gc,metaspace] GC(37) Metaspace: 237K(448K)->237K(448K) NonClass: 222K(320K)->222K(320K) Class: 14K(128K)->14K(128K)
[2026-03-23T15:59:34.557+0900][5.746s][info][gc          ] GC(37) Pause Young (Allocation Failure) 188M->172M(198M) 1.418ms
[2026-03-23T15:59:34.557+0900][5.746s][info][gc,cpu      ] GC(37) User=0.00s Sys=0.00s Real=0.00s
[2026-03-23T15:59:34.625+0900][5.814s][info][gc,start    ] GC(38) Pause Young (Allocation Failure)
[2026-03-23T15:59:34.625+0900][5.815s][info][gc,heap     ] GC(38) PSYoungGen: 22452K(27648K)->2112K(20992K) Eden: 18804K(18944K)->0K(18432K) From: 3648K(8704K)->2112K(2560K)
[2026-03-23T15:59:34.625+0900][5.815s][info][gc,heap     ] GC(38) ParOldGen: 172617K(175104K)->175721K(176640K)
[2026-03-23T15:59:34.625+0900][5.815s][info][gc,metaspace] GC(38) Metaspace: 237K(448K)->237K(448K) NonClass: 222K(320K)->222K(320K) Class: 14K(128K)->14K(128K)
[2026-03-23T15:59:34.625+0900][5.815s][info][gc          ] GC(38) Pause Young (Allocation Failure) 190M->173M(193M) 0.595ms
[2026-03-23T15:59:34.625+0900][5.815s][info][gc,cpu      ] GC(38) User=0.00s Sys=0.00s Real=0.00s
[2026-03-23T15:59:34.687+0900][5.876s][info][gc,start    ] GC(39) Pause Young (Allocation Failure)
[2026-03-23T15:59:34.687+0900][5.877s][info][gc,heap     ] GC(39) PSYoungGen: 20394K(20992K)->3136K(26624K) Eden: 18282K(18432K)->0K(17920K) From: 2112K(2560K)->3136K(8704K)
[2026-03-23T15:59:34.687+0900][5.877s][info][gc,heap     ] GC(39) ParOldGen: 175721K(176640K)->177273K(178176K)
[2026-03-23T15:59:34.687+0900][5.877s][info][gc,metaspace] GC(39) Metaspace: 237K(448K)->237K(448K) NonClass: 222K(320K)->222K(320K) Class: 14K(128K)->14K(128K)
[2026-03-23T15:59:34.687+0900][5.877s][info][gc          ] GC(39) Pause Young (Allocation Failure) 191M->176M(200M) 0.410ms
[2026-03-23T15:59:34.687+0900][5.877s][info][gc,cpu      ] GC(39) User=0.00s Sys=0.00s Real=0.00s
[2026-03-23T15:59:34.750+0900][5.940s][info][gc,start    ] GC(40) Pause Young (Allocation Failure)
[2026-03-23T15:59:34.751+0900][5.941s][info][gc,heap     ] GC(40) PSYoungGen: 20896K(26624K)->3648K(21504K) Eden: 17760K(17920K)->0K(17408K) From: 3136K(8704K)->3648K(4096K)
[2026-03-23T15:59:34.752+0900][5.941s][info][gc,heap     ] GC(40) ParOldGen: 177273K(178176K)->178833K(179712K)
[2026-03-23T15:59:34.752+0900][5.941s][info][gc,metaspace] GC(40) Metaspace: 237K(448K)->237K(448K) NonClass: 222K(320K)->222K(320K) Class: 14K(128K)->14K(128K)
[2026-03-23T15:59:34.752+0900][5.941s][info][gc          ] GC(40) Pause Young (Allocation Failure) 193M->178M(196M) 1.359ms
[2026-03-23T15:59:34.752+0900][5.941s][info][gc,cpu      ] GC(40) User=0.00s Sys=0.00s Real=0.00s
[2026-03-23T15:59:34.815+0900][6.004s][info][gc,start    ] GC(41) Pause Young (Allocation Failure)
[2026-03-23T15:59:34.816+0900][6.006s][info][gc,heap     ] GC(41) PSYoungGen: 20886K(21504K)->2112K(24064K) Eden: 17237K(17408K)->0K(16896K) From: 3648K(4096K)->2112K(7168K)
[2026-03-23T15:59:34.816+0900][6.006s][info][gc,heap     ] GC(41) ParOldGen: 178833K(179712K)->181938K(182784K)
[2026-03-23T15:59:34.816+0900][6.006s][info][gc,metaspace] GC(41) Metaspace: 237K(448K)->237K(448K) NonClass: 222K(320K)->222K(320K) Class: 14K(128K)->14K(128K)
[2026-03-23T15:59:34.817+0900][6.006s][info][gc          ] GC(41) Pause Young (Allocation Failure) 195M->179M(202M) 1.786ms
[2026-03-23T15:59:34.817+0900][6.006s][info][gc,cpu      ] GC(41) User=0.00s Sys=0.00s Real=0.00s
[2026-03-23T15:59:34.879+0900][6.069s][info][gc,start    ] GC(42) Pause Young (Allocation Failure)
[2026-03-23T15:59:34.880+0900][6.069s][info][gc,heap     ] GC(42) PSYoungGen: 18827K(24064K)->1600K(18432K) Eden: 16715K(16896K)->0K(16384K) From: 2112K(7168K)->1600K(2048K)
[2026-03-23T15:59:34.880+0900][6.070s][info][gc,heap     ] GC(42) ParOldGen: 181938K(182784K)->183490K(184320K)
[2026-03-23T15:59:34.880+0900][6.070s][info][gc,metaspace] GC(42) Metaspace: 237K(448K)->237K(448K) NonClass: 222K(320K)->222K(320K) Class: 14K(128K)->14K(128K)
[2026-03-23T15:59:34.880+0900][6.070s][info][gc          ] GC(42) Pause Young (Allocation Failure) 196M->180M(198M) 1.102ms
[2026-03-23T15:59:34.880+0900][6.070s][info][gc,cpu      ] GC(42) User=0.00s Sys=0.00s Real=0.01s
[2026-03-23T15:59:34.934+0900][6.123s][info][gc,start    ] GC(43) Pause Young (Allocation Failure)
[2026-03-23T15:59:34.935+0900][6.125s][info][gc,heap     ] GC(43) PSYoungGen: 17793K(18432K)->2112K(23552K) Eden: 16193K(16384K)->0K(15872K) From: 1600K(2048K)->2112K(7680K)
[2026-03-23T15:59:34.936+0900][6.125s][info][gc,heap     ] GC(43) ParOldGen: 183490K(184320K)->185042K(185856K)
[2026-03-23T15:59:34.936+0900][6.125s][info][gc,metaspace] GC(43) Metaspace: 237K(448K)->237K(448K) NonClass: 222K(320K)->222K(320K) Class: 14K(128K)->14K(128K)
[2026-03-23T15:59:34.936+0900][6.125s][info][gc          ] GC(43) Pause Young (Allocation Failure) 196M->182M(204M) 1.517ms
[2026-03-23T15:59:34.936+0900][6.125s][info][gc,cpu      ] GC(43) User=0.00s Sys=0.00s Real=0.00s
[2026-03-23T15:59:34.993+0900][6.182s][info][gc,start    ] GC(44) Pause Young (Allocation Failure)
[2026-03-23T15:59:34.994+0900][6.184s][info][gc,heap     ] GC(44) PSYoungGen: 17783K(23552K)->2112K(17920K) Eden: 15671K(15872K)->0K(15360K) From: 2112K(7680K)->2112K(2560K)
[2026-03-23T15:59:34.995+0900][6.184s][info][gc,heap     ] GC(44) ParOldGen: 185042K(185856K)->186594K(187392K)
[2026-03-23T15:59:34.995+0900][6.184s][info][gc,metaspace] GC(44) Metaspace: 237K(448K)->237K(448K) NonClass: 222K(320K)->222K(320K) Class: 14K(128K)->14K(128K)
[2026-03-23T15:59:34.995+0900][6.184s][info][gc          ] GC(44) Pause Young (Allocation Failure) 198M->184M(200M) 1.785ms
[2026-03-23T15:59:34.995+0900][6.184s][info][gc,cpu      ] GC(44) User=0.00s Sys=0.01s Real=0.00s
[2026-03-23T15:59:35.047+0900][6.236s][info][gc,start    ] GC(45) Pause Young (Allocation Failure)
[2026-03-23T15:59:35.048+0900][6.238s][info][gc,heap     ] GC(45) PSYoungGen: 17261K(17920K)->3168K(20992K) Eden: 15149K(15360K)->0K(14848K) From: 2112K(2560K)->3168K(6144K)
[2026-03-23T15:59:35.048+0900][6.238s][info][gc,heap     ] GC(45) ParOldGen: 186594K(187392K)->188146K(188928K)
[2026-03-23T15:59:35.048+0900][6.238s][info][gc,metaspace] GC(45) Metaspace: 237K(448K)->237K(448K) NonClass: 222K(320K)->222K(320K) Class: 14K(128K)->14K(128K)
[2026-03-23T15:59:35.048+0900][6.238s][info][gc          ] GC(45) Pause Young (Allocation Failure) 199M->186M(205M) 1.544ms
[2026-03-23T15:59:35.049+0900][6.238s][info][gc,cpu      ] GC(45) User=0.00s Sys=0.00s Real=0.00s
[2026-03-23T15:59:35.102+0900][6.291s][info][gc,start    ] GC(46) Pause Young (Allocation Failure)
[2026-03-23T15:59:35.104+0900][6.293s][info][gc,heap     ] GC(46) PSYoungGen: 17795K(20992K)->3616K(18432K) Eden: 14627K(14848K)->0K(14336K) From: 3168K(6144K)->3616K(4096K)
[2026-03-23T15:59:35.104+0900][6.293s][info][gc,heap     ] GC(46) ParOldGen: 188146K(188928K)->189706K(190464K)
[2026-03-23T15:59:35.104+0900][6.293s][info][gc,metaspace] GC(46) Metaspace: 237K(448K)->237K(448K) NonClass: 222K(320K)->222K(320K) Class: 14K(128K)->14K(128K)
[2026-03-23T15:59:35.104+0900][6.293s][info][gc          ] GC(46) Pause Young (Allocation Failure) 201M->188M(204M) 2.056ms
[2026-03-23T15:59:35.104+0900][6.293s][info][gc,cpu      ] GC(46) User=0.00s Sys=0.00s Real=0.00s
[2026-03-23T15:59:35.154+0900][6.344s][info][gc,start    ] GC(47) Pause Young (Allocation Failure)
[2026-03-23T15:59:35.155+0900][6.345s][info][gc,heap     ] GC(47) PSYoungGen: 17721K(18432K)->3168K(19456K) Eden: 14105K(14336K)->0K(13824K) From: 3616K(4096K)->3168K(5632K)
[2026-03-23T15:59:35.155+0900][6.345s][info][gc,heap     ] GC(47) ParOldGen: 189706K(190464K)->191770K(192000K)
[2026-03-23T15:59:35.155+0900][6.345s][info][gc,metaspace] GC(47) Metaspace: 237K(448K)->237K(448K) NonClass: 222K(320K)->222K(320K) Class: 14K(128K)->14K(128K)
[2026-03-23T15:59:35.155+0900][6.345s][info][gc          ] GC(47) Pause Young (Allocation Failure) 202M->190M(206M) 1.100ms
[2026-03-23T15:59:35.155+0900][6.345s][info][gc,cpu      ] GC(47) User=0.00s Sys=0.00s Real=0.00s
[2026-03-23T15:59:35.207+0900][6.396s][info][gc,start    ] GC(48) Pause Young (Allocation Failure)
[2026-03-23T15:59:35.208+0900][6.398s][info][gc,heap     ] GC(48) PSYoungGen: 16751K(19456K)->2656K(16384K) Eden: 13583K(13824K)->0K(13312K) From: 3168K(5632K)->2656K(3072K)
[2026-03-23T15:59:35.208+0900][6.398s][info][gc,heap     ] GC(48) ParOldGen: 191770K(192000K)->193330K(193536K)
[2026-03-23T15:59:35.208+0900][6.398s][info][gc,metaspace] GC(48) Metaspace: 237K(448K)->237K(448K) NonClass: 222K(320K)->222K(320K) Class: 14K(128K)->14K(128K)
[2026-03-23T15:59:35.208+0900][6.398s][info][gc          ] GC(48) Pause Young (Allocation Failure) 203M->191M(205M) 1.402ms
[2026-03-23T15:59:35.208+0900][6.398s][info][gc,cpu      ] GC(48) User=0.01s Sys=0.00s Real=0.00s
[2026-03-23T15:59:35.258+0900][6.448s][info][gc,start    ] GC(49) Pause Young (Allocation Failure)
[2026-03-23T15:59:35.260+0900][6.449s][info][gc,heap     ] GC(49) PSYoungGen: 15717K(16384K)->2144K(17920K) Eden: 13061K(13312K)->0K(12800K) From: 2656K(3072K)->2144K(5120K)
[2026-03-23T15:59:35.260+0900][6.449s][info][gc,heap     ] GC(49) ParOldGen: 193330K(193536K)->194370K(195072K)
[2026-03-23T15:59:35.260+0900][6.449s][info][gc,metaspace] GC(49) Metaspace: 237K(448K)->237K(448K) NonClass: 222K(320K)->222K(320K) Class: 14K(128K)->14K(128K)
[2026-03-23T15:59:35.260+0900][6.449s][info][gc          ] GC(49) Pause Young (Allocation Failure) 204M->191M(208M) 1.578ms
[2026-03-23T15:59:35.260+0900][6.449s][info][gc,cpu      ] GC(49) User=0.00s Sys=0.00s Real=0.01s
[2026-03-23T15:59:35.304+0900][6.494s][info][gc,start    ] GC(50) Pause Young (Allocation Failure)
[2026-03-23T15:59:35.306+0900][6.496s][info][gc,heap     ] GC(50) PSYoungGen: 14683K(17920K)->2144K(14848K) Eden: 12539K(12800K)->0K(12288K) From: 2144K(5120K)->2144K(2560K)
[2026-03-23T15:59:35.306+0900][6.496s][info][gc,heap     ] GC(50) ParOldGen: 194370K(195072K)->195922K(196608K)
[2026-03-23T15:59:35.306+0900][6.496s][info][gc,metaspace] GC(50) Metaspace: 237K(448K)->237K(448K) NonClass: 222K(320K)->222K(320K) Class: 14K(128K)->14K(128K)
[2026-03-23T15:59:35.306+0900][6.496s][info][gc          ] GC(50) Pause Young (Allocation Failure) 204M->193M(206M) 1.882ms
[2026-03-23T15:59:35.306+0900][6.496s][info][gc,cpu      ] GC(50) User=0.01s Sys=0.00s Real=0.00s
[2026-03-23T15:59:35.350+0900][6.539s][info][gc,start    ] GC(51) Pause Young (Allocation Failure)
[2026-03-23T15:59:35.351+0900][6.541s][info][gc,heap     ] GC(51) PSYoungGen: 14161K(14848K)->1600K(17408K) Eden: 12017K(12288K)->0K(11776K) From: 2144K(2560K)->1600K(5632K)
[2026-03-23T15:59:35.351+0900][6.541s][info][gc,heap     ] GC(51) ParOldGen: 195922K(196608K)->197474K(198144K)
[2026-03-23T15:59:35.351+0900][6.541s][info][gc,metaspace] GC(51) Metaspace: 237K(448K)->237K(448K) NonClass: 222K(320K)->222K(320K) Class: 14K(128K)->14K(128K)
[2026-03-23T15:59:35.351+0900][6.541s][info][gc          ] GC(51) Pause Young (Allocation Failure) 205M->194M(210M) 1.724ms
[2026-03-23T15:59:35.351+0900][6.541s][info][gc,cpu      ] GC(51) User=0.00s Sys=0.00s Real=0.00s
[2026-03-23T15:59:35.389+0900][6.578s][info][gc,start    ] GC(52) Pause Young (Allocation Failure)
[2026-03-23T15:59:35.390+0900][6.580s][info][gc,heap     ] GC(52) PSYoungGen: 13095K(17408K)->2112K(13824K) Eden: 11495K(11776K)->0K(11264K) From: 1600K(5632K)->2112K(2560K)
[2026-03-23T15:59:35.390+0900][6.580s][info][gc,heap     ] GC(52) ParOldGen: 197474K(198144K)->199026K(199680K)
[2026-03-23T15:59:35.390+0900][6.580s][info][gc,metaspace] GC(52) Metaspace: 237K(448K)->237K(448K) NonClass: 222K(320K)->222K(320K) Class: 14K(128K)->14K(128K)
[2026-03-23T15:59:35.390+0900][6.580s][info][gc          ] GC(52) Pause Young (Allocation Failure) 205M->196M(208M) 1.495ms
[2026-03-23T15:59:35.390+0900][6.580s][info][gc,cpu      ] GC(52) User=0.01s Sys=0.00s Real=0.01s
[2026-03-23T15:59:35.426+0900][6.616s][info][gc,start    ] GC(53) Pause Young (Allocation Failure)
[2026-03-23T15:59:35.428+0900][6.618s][info][gc,heap     ] GC(53) PSYoungGen: 13085K(13824K)->2144K(15360K) Eden: 10973K(11264K)->0K(10752K) From: 2112K(2560K)->2144K(4608K)
[2026-03-23T15:59:35.429+0900][6.618s][info][gc,heap     ] GC(53) ParOldGen: 199026K(199680K)->200578K(201216K)
[2026-03-23T15:59:35.429+0900][6.618s][info][gc,metaspace] GC(53) Metaspace: 237K(448K)->237K(448K) NonClass: 222K(320K)->222K(320K) Class: 14K(128K)->14K(128K)
[2026-03-23T15:59:35.429+0900][6.618s][info][gc          ] GC(53) Pause Young (Allocation Failure) 207M->197M(211M) 2.415ms
[2026-03-23T15:59:35.429+0900][6.618s][info][gc,cpu      ] GC(53) User=0.00s Sys=0.01s Real=0.00s
[2026-03-23T15:59:35.464+0900][6.654s][info][gc,start    ] GC(54) Pause Young (Allocation Failure)
[2026-03-23T15:59:35.466+0900][6.656s][info][gc,heap     ] GC(54) PSYoungGen: 12595K(15360K)->1600K(12288K) Eden: 10451K(10752K)->0K(10240K) From: 2144K(4608K)->1600K(2048K)
[2026-03-23T15:59:35.467+0900][6.656s][info][gc,heap     ] GC(54) ParOldGen: 200578K(201216K)->202130K(202752K)
[2026-03-23T15:59:35.467+0900][6.656s][info][gc,metaspace] GC(54) Metaspace: 237K(448K)->237K(448K) NonClass: 222K(320K)->222K(320K) Class: 14K(128K)->14K(128K)
[2026-03-23T15:59:35.467+0900][6.656s][info][gc          ] GC(54) Pause Young (Allocation Failure) 208M->198M(210M) 2.188ms
[2026-03-23T15:59:35.467+0900][6.656s][info][gc,cpu      ] GC(54) User=0.01s Sys=0.00s Real=0.00s
[2026-03-23T15:59:35.505+0900][6.694s][info][gc,start    ] GC(55) Pause Young (Allocation Failure)
[2026-03-23T15:59:35.506+0900][6.696s][info][gc,heap     ] GC(55) PSYoungGen: 11529K(12288K)->2176K(15872K) Eden: 9929K(10240K)->0K(10240K) From: 1600K(2048K)->2176K(5632K)
[2026-03-23T15:59:35.506+0900][6.696s][info][gc,heap     ] GC(55) ParOldGen: 202130K(202752K)->202138K(202752K)
[2026-03-23T15:59:35.506+0900][6.696s][info][gc,metaspace] GC(55) Metaspace: 237K(448K)->237K(448K) NonClass: 222K(320K)->222K(320K) Class: 14K(128K)->14K(128K)
[2026-03-23T15:59:35.506+0900][6.696s][info][gc          ] GC(55) Pause Young (Allocation Failure) 208M->199M(213M) 1.515ms
[2026-03-23T15:59:35.506+0900][6.696s][info][gc,cpu      ] GC(55) User=0.00s Sys=0.00s Real=0.00s
[2026-03-23T15:59:35.538+0900][6.727s][info][gc,start    ] GC(56) Pause Young (Allocation Failure)
[2026-03-23T15:59:35.539+0900][6.729s][info][gc,heap     ] GC(56) PSYoungGen: 11593K(15872K)->2112K(12800K) Eden: 9416K(10240K)->0K(10240K) From: 2176K(5632K)->2112K(2560K)
[2026-03-23T15:59:35.539+0900][6.729s][info][gc,heap     ] GC(56) ParOldGen: 202138K(202752K)->203690K(204288K)
[2026-03-23T15:59:35.539+0900][6.729s][info][gc,metaspace] GC(56) Metaspace: 237K(448K)->237K(448K) NonClass: 222K(320K)->222K(320K) Class: 14K(128K)->14K(128K)
[2026-03-23T15:59:35.539+0900][6.729s][info][gc          ] GC(56) Pause Young (Allocation Failure) 208M->200M(212M) 1.734ms
[2026-03-23T15:59:35.539+0900][6.729s][info][gc,cpu      ] GC(56) User=0.00s Sys=0.00s Real=0.00s
[2026-03-23T15:59:35.571+0900][6.760s][info][gc,start    ] GC(57) Pause Young (Allocation Failure)
[2026-03-23T15:59:35.572+0900][6.761s][info][gc,heap     ] GC(57) PSYoungGen: 11528K(12800K)->2080K(15360K) Eden: 9416K(10240K)->0K(10240K) From: 2112K(2560K)->2080K(5120K)
[2026-03-23T15:59:35.572+0900][6.761s][info][gc,heap     ] GC(57) ParOldGen: 203690K(204288K)->205242K(205824K)
[2026-03-23T15:59:35.572+0900][6.761s][info][gc,metaspace] GC(57) Metaspace: 237K(448K)->237K(448K) NonClass: 222K(320K)->222K(320K) Class: 14K(128K)->14K(128K)
[2026-03-23T15:59:35.572+0900][6.761s][info][gc          ] GC(57) Pause Young (Allocation Failure) 210M->202M(216M) 1.497ms
[2026-03-23T15:59:35.572+0900][6.761s][info][gc,cpu      ] GC(57) User=0.00s Sys=0.00s Real=0.00s
[2026-03-23T15:59:35.609+0900][6.798s][info][gc,start    ] GC(58) Pause Young (Allocation Failure)
[2026-03-23T15:59:35.610+0900][6.799s][info][gc,heap     ] GC(58) PSYoungGen: 11496K(15360K)->1600K(15360K) Eden: 9416K(10240K)->0K(10240K) From: 2080K(5120K)->1600K(5120K)
[2026-03-23T15:59:35.610+0900][6.799s][info][gc,heap     ] GC(58) ParOldGen: 205242K(205824K)->205770K(205824K)
[2026-03-23T15:59:35.610+0900][6.799s][info][gc,metaspace] GC(58) Metaspace: 237K(448K)->237K(448K) NonClass: 222K(320K)->222K(320K) Class: 14K(128K)->14K(128K)
[2026-03-23T15:59:35.610+0900][6.799s][info][gc          ] GC(58) Pause Young (Allocation Failure) 211M->202M(216M) 1.391ms
[2026-03-23T15:59:35.610+0900][6.799s][info][gc,cpu      ] GC(58) User=0.00s Sys=0.00s Real=0.01s
[2026-03-23T15:59:35.642+0900][6.831s][info][gc,start    ] GC(59) Pause Young (Allocation Failure)
[2026-03-23T15:59:35.643+0900][6.832s][info][gc,heap     ] GC(59) PSYoungGen: 11016K(15360K)->2144K(14336K) Eden: 9416K(10240K)->0K(10240K) From: 1600K(5120K)->2144K(4096K)
[2026-03-23T15:59:35.643+0900][6.833s][info][gc,heap     ] GC(59) ParOldGen: 205770K(205824K)->206802K(207360K)
[2026-03-23T15:59:35.643+0900][6.833s][info][gc,metaspace] GC(59) Metaspace: 237K(448K)->237K(448K) NonClass: 222K(320K)->222K(320K) Class: 14K(128K)->14K(128K)
[2026-03-23T15:59:35.643+0900][6.833s][info][gc          ] GC(59) Pause Young (Allocation Failure) 211M->204M(216M) 1.213ms
[2026-03-23T15:59:35.643+0900][6.833s][info][gc,cpu      ] GC(59) User=0.01s Sys=0.00s Real=0.00s
[2026-03-23T15:59:35.678+0900][6.868s][info][gc,start    ] GC(60) Pause Young (Allocation Failure)
[2026-03-23T15:59:35.680+0900][6.870s][info][gc,heap     ] GC(60) PSYoungGen: 11560K(14336K)->2080K(14848K) Eden: 9416K(10240K)->0K(10240K) From: 2144K(4096K)->2080K(4608K)
[2026-03-23T15:59:35.680+0900][6.870s][info][gc,heap     ] GC(60) ParOldGen: 206802K(207360K)->208354K(208896K)
[2026-03-23T15:59:35.680+0900][6.870s][info][gc,metaspace] GC(60) Metaspace: 237K(448K)->237K(448K) NonClass: 222K(320K)->222K(320K) Class: 14K(128K)->14K(128K)
[2026-03-23T15:59:35.680+0900][6.870s][info][gc          ] GC(60) Pause Young (Allocation Failure) 213M->205M(218M) 2.079ms
[2026-03-23T15:59:35.680+0900][6.870s][info][gc,cpu      ] GC(60) User=0.00s Sys=0.00s Real=0.01s
[2026-03-23T15:59:35.717+0900][6.906s][info][gc,start    ] GC(61) Pause Young (Allocation Failure)
[2026-03-23T15:59:35.718+0900][6.907s][info][gc,heap     ] GC(61) PSYoungGen: 11496K(14848K)->1600K(14848K) Eden: 9416K(10240K)->0K(10240K) From: 2080K(4608K)->1600K(4608K)
[2026-03-23T15:59:35.718+0900][6.907s][info][gc,heap     ] GC(61) ParOldGen: 208354K(208896K)->208882K(208896K)
[2026-03-23T15:59:35.718+0900][6.907s][info][gc,metaspace] GC(61) Metaspace: 237K(448K)->237K(448K) NonClass: 222K(320K)->222K(320K) Class: 14K(128K)->14K(128K)
[2026-03-23T15:59:35.718+0900][6.907s][info][gc          ] GC(61) Pause Young (Allocation Failure) 214M->205M(218M) 1.201ms
[2026-03-23T15:59:35.718+0900][6.907s][info][gc,cpu      ] GC(61) User=0.00s Sys=0.01s Real=0.00s
[2026-03-23T15:59:35.751+0900][6.941s][info][gc,start    ] GC(62) Pause Young (Allocation Failure)
[2026-03-23T15:59:35.753+0900][6.942s][info][gc,heap     ] GC(62) PSYoungGen: 11016K(14848K)->2144K(12800K) Eden: 9416K(10240K)->0K(10240K) From: 1600K(4608K)->2144K(2560K)
[2026-03-23T15:59:35.753+0900][6.942s][info][gc,heap     ] GC(62) ParOldGen: 208882K(208896K)->209914K(210432K)
[2026-03-23T15:59:35.753+0900][6.942s][info][gc,metaspace] GC(62) Metaspace: 237K(448K)->237K(448K) NonClass: 222K(320K)->222K(320K) Class: 14K(128K)->14K(128K)
[2026-03-23T15:59:35.753+0900][6.943s][info][gc          ] GC(62) Pause Young (Allocation Failure) 214M->207M(218M) 1.611ms
[2026-03-23T15:59:35.753+0900][6.943s][info][gc,cpu      ] GC(62) User=0.01s Sys=0.00s Real=0.00s
[2026-03-23T15:59:35.786+0900][6.976s][info][gc,start    ] GC(63) Pause Young (Allocation Failure)
[2026-03-23T15:59:35.788+0900][6.977s][info][gc,heap     ] GC(63) PSYoungGen: 11560K(12800K)->2112K(14336K) Eden: 9416K(10240K)->0K(10240K) From: 2144K(2560K)->2112K(4096K)
[2026-03-23T15:59:35.788+0900][6.977s][info][gc,heap     ] GC(63) ParOldGen: 209914K(210432K)->211466K(211968K)
[2026-03-23T15:59:35.788+0900][6.977s][info][gc,metaspace] GC(63) Metaspace: 237K(448K)->237K(448K) NonClass: 222K(320K)->222K(320K) Class: 14K(128K)->14K(128K)
[2026-03-23T15:59:35.788+0900][6.977s][info][gc          ] GC(63) Pause Young (Allocation Failure) 216M->208M(221M) 1.398ms
[2026-03-23T15:59:35.788+0900][6.977s][info][gc,cpu      ] GC(63) User=0.00s Sys=0.00s Real=0.00s
[2026-03-23T15:59:35.825+0900][7.014s][info][gc,start    ] GC(64) Pause Young (Allocation Failure)
[2026-03-23T15:59:35.826+0900][7.016s][info][gc,heap     ] GC(64) PSYoungGen: 11528K(14336K)->1632K(14336K) Eden: 9416K(10240K)->0K(10240K) From: 2112K(4096K)->1632K(4096K)
[2026-03-23T15:59:35.827+0900][7.016s][info][gc,heap     ] GC(64) ParOldGen: 211466K(211968K)->211994K(212992K)
[2026-03-23T15:59:35.827+0900][7.016s][info][gc,metaspace] GC(64) Metaspace: 237K(448K)->237K(448K) NonClass: 222K(320K)->222K(320K) Class: 14K(128K)->14K(128K)
[2026-03-23T15:59:35.827+0900][7.016s][info][gc          ] GC(64) Pause Young (Allocation Failure) 217M->208M(222M) 1.489ms
[2026-03-23T15:59:35.827+0900][7.016s][info][gc,cpu      ] GC(64) User=0.00s Sys=0.00s Real=0.00s
[2026-03-23T15:59:35.858+0900][7.047s][info][gc,start    ] GC(65) Pause Young (Allocation Failure)
[2026-03-23T15:59:35.860+0900][7.049s][info][gc,heap     ] GC(65) PSYoungGen: 11048K(14336K)->2144K(14336K) Eden: 9416K(10240K)->0K(10240K) From: 1632K(4096K)->2144K(4096K)
[2026-03-23T15:59:35.860+0900][7.049s][info][gc,heap     ] GC(65) ParOldGen: 211994K(212992K)->213027K(214528K)
[2026-03-23T15:59:35.860+0900][7.049s][info][gc,metaspace] GC(65) Metaspace: 237K(448K)->237K(448K) NonClass: 222K(320K)->222K(320K) Class: 14K(128K)->14K(128K)
[2026-03-23T15:59:35.860+0900][7.049s][info][gc          ] GC(65) Pause Young (Allocation Failure) 217M->210M(223M) 1.628ms
[2026-03-23T15:59:35.860+0900][7.049s][info][gc,cpu      ] GC(65) User=0.00s Sys=0.00s Real=0.01s
[2026-03-23T15:59:35.891+0900][7.080s][info][gc,start    ] GC(66) Pause Young (Allocation Failure)
[2026-03-23T15:59:35.892+0900][7.082s][info][gc,heap     ] GC(66) PSYoungGen: 11560K(14336K)->2112K(12800K) Eden: 9416K(10240K)->0K(10240K) From: 2144K(4096K)->2112K(2560K)
[2026-03-23T15:59:35.892+0900][7.082s][info][gc,heap     ] GC(66) ParOldGen: 213027K(214528K)->214579K(216064K)
[2026-03-23T15:59:35.892+0900][7.082s][info][gc,metaspace] GC(66) Metaspace: 237K(448K)->237K(448K) NonClass: 222K(320K)->222K(320K) Class: 14K(128K)->14K(128K)
[2026-03-23T15:59:35.892+0900][7.082s][info][gc          ] GC(66) Pause Young (Allocation Failure) 219M->211M(223M) 1.578ms
[2026-03-23T15:59:35.892+0900][7.082s][info][gc,cpu      ] GC(66) User=0.00s Sys=0.00s Real=0.00s
[2026-03-23T15:59:35.931+0900][7.120s][info][gc,start    ] GC(67) Pause Young (Allocation Failure)
[2026-03-23T15:59:35.933+0900][7.122s][info][gc,heap     ] GC(67) PSYoungGen: 11528K(12800K)->1600K(13824K) Eden: 9416K(10240K)->0K(10240K) From: 2112K(2560K)->1600K(3584K)
[2026-03-23T15:59:35.933+0900][7.122s][info][gc,heap     ] GC(67) ParOldGen: 214579K(216064K)->215107K(216064K)
[2026-03-23T15:59:35.933+0900][7.122s][info][gc,metaspace] GC(67) Metaspace: 237K(448K)->237K(448K) NonClass: 222K(320K)->222K(320K) Class: 14K(128K)->14K(128K)
[2026-03-23T15:59:35.933+0900][7.122s][info][gc          ] GC(67) Pause Young (Allocation Failure) 220M->211M(224M) 2.026ms
[2026-03-23T15:59:35.933+0900][7.122s][info][gc,cpu      ] GC(67) User=0.01s Sys=0.00s Real=0.00s
[2026-03-23T15:59:35.966+0900][7.156s][info][gc,start    ] GC(68) Pause Young (Allocation Failure)
[2026-03-23T15:59:35.969+0900][7.158s][info][gc,heap     ] GC(68) PSYoungGen: 11016K(13824K)->2112K(13824K) Eden: 9416K(10240K)->0K(10240K) From: 1600K(3584K)->2112K(3584K)
[2026-03-23T15:59:35.969+0900][7.158s][info][gc,heap     ] GC(68) ParOldGen: 215107K(216064K)->216139K(217600K)
[2026-03-23T15:59:35.969+0900][7.158s][info][gc,metaspace] GC(68) Metaspace: 237K(448K)->237K(448K) NonClass: 222K(320K)->222K(320K) Class: 14K(128K)->14K(128K)
[2026-03-23T15:59:35.969+0900][7.158s][info][gc          ] GC(68) Pause Young (Allocation Failure) 220M->213M(226M) 2.598ms
[2026-03-23T15:59:35.969+0900][7.158s][info][gc,cpu      ] GC(68) User=0.00s Sys=0.00s Real=0.00s
[2026-03-23T15:59:35.999+0900][7.188s][info][gc,start    ] GC(69) Pause Young (Allocation Failure)
[2026-03-23T15:59:36.000+0900][7.190s][info][gc,heap     ] GC(69) PSYoungGen: 11528K(13824K)->2144K(13824K) Eden: 9416K(10240K)->0K(10240K) From: 2112K(3584K)->2144K(3584K)
[2026-03-23T15:59:36.000+0900][7.190s][info][gc,heap     ] GC(69) ParOldGen: 216139K(217600K)->217691K(219136K)
[2026-03-23T15:59:36.000+0900][7.190s][info][gc,metaspace] GC(69) Metaspace: 237K(448K)->237K(448K) NonClass: 222K(320K)->222K(320K) Class: 14K(128K)->14K(128K)
[2026-03-23T15:59:36.000+0900][7.190s][info][gc          ] GC(69) Pause Young (Allocation Failure) 222M->214M(227M) 1.264ms
[2026-03-23T15:59:36.000+0900][7.190s][info][gc,cpu      ] GC(69) User=0.00s Sys=0.01s Real=0.01s
[2026-03-23T15:59:36.038+0900][7.228s][info][gc,start    ] GC(70) Pause Young (Allocation Failure)
[2026-03-23T15:59:36.039+0900][7.228s][info][gc,heap     ] GC(70) PSYoungGen: 11560K(13824K)->1600K(13824K) Eden: 9416K(10240K)->0K(10240K) From: 2144K(3584K)->1600K(3584K)
[2026-03-23T15:59:36.039+0900][7.228s][info][gc,heap     ] GC(70) ParOldGen: 217691K(219136K)->218219K(219136K)
[2026-03-23T15:59:36.039+0900][7.228s][info][gc,metaspace] GC(70) Metaspace: 237K(448K)->237K(448K) NonClass: 222K(320K)->222K(320K) Class: 14K(128K)->14K(128K)
[2026-03-23T15:59:36.039+0900][7.229s][info][gc          ] GC(70) Pause Young (Allocation Failure) 223M->214M(227M) 0.844ms
[2026-03-23T15:59:36.039+0900][7.229s][info][gc,cpu      ] GC(70) User=0.00s Sys=0.00s Real=0.00s
[2026-03-23T15:59:36.072+0900][7.261s][info][gc,start    ] GC(71) Pause Young (Allocation Failure)
[2026-03-23T15:59:36.073+0900][7.262s][info][gc,heap     ] GC(71) PSYoungGen: 11016K(13824K)->2144K(13824K) Eden: 9416K(10240K)->0K(10240K) From: 1600K(3584K)->2144K(3584K)
[2026-03-23T15:59:36.073+0900][7.262s][info][gc,heap     ] GC(71) ParOldGen: 218219K(219136K)->219251K(220672K)
[2026-03-23T15:59:36.073+0900][7.262s][info][gc,metaspace] GC(71) Metaspace: 237K(448K)->237K(448K) NonClass: 222K(320K)->222K(320K) Class: 14K(128K)->14K(128K)
[2026-03-23T15:59:36.073+0900][7.262s][info][gc          ] GC(71) Pause Young (Allocation Failure) 223M->216M(229M) 1.244ms
[2026-03-23T15:59:36.073+0900][7.262s][info][gc,cpu      ] GC(71) User=0.00s Sys=0.00s Real=0.00s
[2026-03-23T15:59:36.105+0900][7.294s][info][gc,start    ] GC(72) Pause Young (Allocation Failure)
[2026-03-23T15:59:36.106+0900][7.295s][info][gc,heap     ] GC(72) PSYoungGen: 11560K(13824K)->2144K(12800K) Eden: 9416K(10240K)->0K(10240K) From: 2144K(3584K)->2144K(2560K)
[2026-03-23T15:59:36.106+0900][7.295s][info][gc,heap     ] GC(72) ParOldGen: 219251K(220672K)->220803K(221696K)
[2026-03-23T15:59:36.106+0900][7.295s][info][gc,metaspace] GC(72) Metaspace: 237K(448K)->237K(448K) NonClass: 222K(320K)->222K(320K) Class: 14K(128K)->14K(128K)
[2026-03-23T15:59:36.106+0900][7.296s][info][gc          ] GC(72) Pause Young (Allocation Failure) 225M->217M(229M) 1.241ms
[2026-03-23T15:59:36.106+0900][7.296s][info][gc,cpu      ] GC(72) User=0.01s Sys=0.00s Real=0.00s
[2026-03-23T15:59:36.145+0900][7.334s][info][gc,start    ] GC(73) Pause Young (Allocation Failure)
[2026-03-23T15:59:36.147+0900][7.336s][info][gc,heap     ] GC(73) PSYoungGen: 11560K(12800K)->1600K(13312K) Eden: 9416K(10240K)->0K(10240K) From: 2144K(2560K)->1600K(3072K)
[2026-03-23T15:59:36.147+0900][7.337s][info][gc,heap     ] GC(73) ParOldGen: 220803K(221696K)->221331K(221696K)
[2026-03-23T15:59:36.147+0900][7.337s][info][gc,metaspace] GC(73) Metaspace: 237K(448K)->237K(448K) NonClass: 222K(320K)->222K(320K) Class: 14K(128K)->14K(128K)
[2026-03-23T15:59:36.147+0900][7.337s][info][gc          ] GC(73) Pause Young (Allocation Failure) 226M->217M(229M) 2.528ms
[2026-03-23T15:59:36.147+0900][7.337s][info][gc,cpu      ] GC(73) User=0.00s Sys=0.00s Real=0.00s
[2026-03-23T15:59:36.180+0900][7.369s][info][gc,start    ] GC(74) Pause Young (Allocation Failure)
[2026-03-23T15:59:36.181+0900][7.371s][info][gc,heap     ] GC(74) PSYoungGen: 11016K(13312K)->2112K(13312K) Eden: 9416K(10240K)->0K(10240K) From: 1600K(3072K)->2112K(3072K)
[2026-03-23T15:59:36.182+0900][7.371s][info][gc,heap     ] GC(74) ParOldGen: 221331K(221696K)->222363K(223232K)
[2026-03-23T15:59:36.182+0900][7.371s][info][gc,metaspace] GC(74) Metaspace: 237K(448K)->237K(448K) NonClass: 222K(320K)->222K(320K) Class: 14K(128K)->14K(128K)
[2026-03-23T15:59:36.182+0900][7.371s][info][gc          ] GC(74) Pause Young (Allocation Failure) 226M->219M(231M) 2.030ms
[2026-03-23T15:59:36.182+0900][7.371s][info][gc,cpu      ] GC(74) User=0.00s Sys=0.00s Real=0.00s
[2026-03-23T15:59:36.213+0900][7.403s][info][gc,start    ] GC(75) Pause Young (Allocation Failure)
[2026-03-23T15:59:36.215+0900][7.404s][info][gc,heap     ] GC(75) PSYoungGen: 11528K(13312K)->2144K(13312K) Eden: 9416K(10240K)->0K(10240K) From: 2112K(3072K)->2144K(3072K)
[2026-03-23T15:59:36.215+0900][7.404s][info][gc,heap     ] GC(75) ParOldGen: 222363K(223232K)->223915K(224768K)
[2026-03-23T15:59:36.215+0900][7.404s][info][gc,metaspace] GC(75) Metaspace: 237K(448K)->237K(448K) NonClass: 222K(320K)->222K(320K) Class: 14K(128K)->14K(128K)
[2026-03-23T15:59:36.215+0900][7.404s][info][gc          ] GC(75) Pause Young (Allocation Failure) 228M->220M(232M) 1.852ms
[2026-03-23T15:59:36.215+0900][7.404s][info][gc,cpu      ] GC(75) User=0.00s Sys=0.00s Real=0.00s
[2026-03-23T15:59:36.253+0900][7.442s][info][gc,start    ] GC(76) Pause Young (Allocation Failure)
[2026-03-23T15:59:36.254+0900][7.443s][info][gc,heap     ] GC(76) PSYoungGen: 11560K(13312K)->1600K(13312K) Eden: 9416K(10240K)->0K(10240K) From: 2144K(3072K)->1600K(3072K)
[2026-03-23T15:59:36.254+0900][7.443s][info][gc,heap     ] GC(76) ParOldGen: 223915K(224768K)->224443K(224768K)
[2026-03-23T15:59:36.254+0900][7.443s][info][gc,metaspace] GC(76) Metaspace: 237K(448K)->237K(448K) NonClass: 222K(320K)->222K(320K) Class: 14K(128K)->14K(128K)
[2026-03-23T15:59:36.254+0900][7.443s][info][gc          ] GC(76) Pause Young (Allocation Failure) 229M->220M(232M) 0.931ms
[2026-03-23T15:59:36.254+0900][7.443s][info][gc,cpu      ] GC(76) User=0.00s Sys=0.00s Real=0.00s
[2026-03-23T15:59:36.285+0900][7.474s][info][gc,start    ] GC(77) Pause Young (Allocation Failure)
[2026-03-23T15:59:36.287+0900][7.476s][info][gc,heap     ] GC(77) PSYoungGen: 11016K(13312K)->2112K(13312K) Eden: 9416K(10240K)->0K(10240K) From: 1600K(3072K)->2112K(3072K)
[2026-03-23T15:59:36.287+0900][7.476s][info][gc,heap     ] GC(77) ParOldGen: 224443K(224768K)->225475K(226304K)
[2026-03-23T15:59:36.287+0900][7.476s][info][gc,metaspace] GC(77) Metaspace: 237K(448K)->237K(448K) NonClass: 222K(320K)->222K(320K) Class: 14K(128K)->14K(128K)
[2026-03-23T15:59:36.287+0900][7.476s][info][gc          ] GC(77) Pause Young (Allocation Failure) 229M->222M(234M) 1.824ms
[2026-03-23T15:59:36.287+0900][7.476s][info][gc,cpu      ] GC(77) User=0.01s Sys=0.00s Real=0.00s
[2026-03-23T15:59:36.316+0900][7.506s][info][gc,start    ] GC(78) Pause Young (Allocation Failure)
[2026-03-23T15:59:36.318+0900][7.507s][info][gc,heap     ] GC(78) PSYoungGen: 11528K(13312K)->2112K(13312K) Eden: 9416K(10240K)->0K(10240K) From: 2112K(3072K)->2112K(3072K)
[2026-03-23T15:59:36.318+0900][7.507s][info][gc,heap     ] GC(78) ParOldGen: 225475K(226304K)->227027K(227840K)
[2026-03-23T15:59:36.318+0900][7.507s][info][gc,metaspace] GC(78) Metaspace: 237K(448K)->237K(448K) NonClass: 222K(320K)->222K(320K) Class: 14K(128K)->14K(128K)
[2026-03-23T15:59:36.318+0900][7.507s][info][gc          ] GC(78) Pause Young (Allocation Failure) 231M->223M(235M) 1.785ms
[2026-03-23T15:59:36.318+0900][7.507s][info][gc,cpu      ] GC(78) User=0.00s Sys=0.01s Real=0.00s
[2026-03-23T15:59:36.358+0900][7.547s][info][gc,start    ] GC(79) Pause Young (Allocation Failure)
[2026-03-23T15:59:36.359+0900][7.549s][info][gc,heap     ] GC(79) PSYoungGen: 11528K(13312K)->1600K(13312K) Eden: 9416K(10240K)->0K(10240K) From: 2112K(3072K)->1600K(3072K)
[2026-03-23T15:59:36.359+0900][7.549s][info][gc,heap     ] GC(79) ParOldGen: 227027K(227840K)->227555K(227840K)
[2026-03-23T15:59:36.359+0900][7.549s][info][gc,metaspace] GC(79) Metaspace: 237K(448K)->237K(448K) NonClass: 222K(320K)->222K(320K) Class: 14K(128K)->14K(128K)
[2026-03-23T15:59:36.359+0900][7.549s][info][gc          ] GC(79) Pause Young (Allocation Failure) 232M->223M(235M) 1.795ms
[2026-03-23T15:59:36.359+0900][7.549s][info][gc,cpu      ] GC(79) User=0.01s Sys=0.00s Real=0.00s
[2026-03-23T15:59:36.391+0900][7.580s][info][gc,start    ] GC(80) Pause Young (Allocation Failure)
[2026-03-23T15:59:36.392+0900][7.582s][info][gc,heap     ] GC(80) PSYoungGen: 11016K(13312K)->2144K(13312K) Eden: 9416K(10240K)->0K(10240K) From: 1600K(3072K)->2144K(3072K)
[2026-03-23T15:59:36.392+0900][7.582s][info][gc,heap     ] GC(80) ParOldGen: 227555K(227840K)->228587K(229376K)
[2026-03-23T15:59:36.392+0900][7.582s][info][gc,metaspace] GC(80) Metaspace: 237K(448K)->237K(448K) NonClass: 222K(320K)->222K(320K) Class: 14K(128K)->14K(128K)
[2026-03-23T15:59:36.392+0900][7.582s][info][gc          ] GC(80) Pause Young (Allocation Failure) 232M->225M(237M) 1.814ms
[2026-03-23T15:59:36.392+0900][7.582s][info][gc,cpu      ] GC(80) User=0.00s Sys=0.00s Real=0.00s
[2026-03-23T15:59:36.423+0900][7.612s][info][gc,start    ] GC(81) Pause Young (Allocation Failure)
[2026-03-23T15:59:36.424+0900][7.613s][info][gc,heap     ] GC(81) PSYoungGen: 11560K(13312K)->2144K(13312K) Eden: 9416K(10240K)->0K(10240K) From: 2144K(3072K)->2144K(3072K)
[2026-03-23T15:59:36.424+0900][7.613s][info][gc,heap     ] GC(81) ParOldGen: 228587K(229376K)->230139K(230912K)
[2026-03-23T15:59:36.424+0900][7.614s][info][gc,metaspace] GC(81) Metaspace: 237K(448K)->237K(448K) NonClass: 222K(320K)->222K(320K) Class: 14K(128K)->14K(128K)
[2026-03-23T15:59:36.424+0900][7.614s][info][gc          ] GC(81) Pause Young (Allocation Failure) 234M->226M(238M) 1.298ms
[2026-03-23T15:59:36.424+0900][7.614s][info][gc,cpu      ] GC(81) User=0.01s Sys=0.00s Real=0.00s
[2026-03-23T15:59:36.461+0900][7.651s][info][gc,start    ] GC(82) Pause Young (Allocation Failure)
[2026-03-23T15:59:36.462+0900][7.651s][info][gc,heap     ] GC(82) PSYoungGen: 11560K(13312K)->1632K(13312K) Eden: 9416K(10240K)->0K(10240K) From: 2144K(3072K)->1632K(3072K)
[2026-03-23T15:59:36.462+0900][7.652s][info][gc,heap     ] GC(82) ParOldGen: 230139K(230912K)->230667K(230912K)
[2026-03-23T15:59:36.462+0900][7.652s][info][gc,metaspace] GC(82) Metaspace: 237K(448K)->237K(448K) NonClass: 222K(320K)->222K(320K) Class: 14K(128K)->14K(128K)
[2026-03-23T15:59:36.462+0900][7.652s][info][gc          ] GC(82) Pause Young (Allocation Failure) 236M->226M(238M) 1.078ms
[2026-03-23T15:59:36.462+0900][7.652s][info][gc,cpu      ] GC(82) User=0.00s Sys=0.00s Real=0.00s
[2026-03-23T15:59:36.494+0900][7.684s][info][gc,start    ] GC(83) Pause Young (Allocation Failure)
[2026-03-23T15:59:36.497+0900][7.686s][info][gc,heap     ] GC(83) PSYoungGen: 11048K(13312K)->2144K(13312K) Eden: 9416K(10240K)->0K(10240K) From: 1632K(3072K)->2144K(3072K)
[2026-03-23T15:59:36.497+0900][7.686s][info][gc,heap     ] GC(83) ParOldGen: 230667K(230912K)->231699K(232448K)
[2026-03-23T15:59:36.497+0900][7.686s][info][gc,metaspace] GC(83) Metaspace: 237K(448K)->237K(448K) NonClass: 222K(320K)->222K(320K) Class: 14K(128K)->14K(128K)
[2026-03-23T15:59:36.497+0900][7.686s][info][gc          ] GC(83) Pause Young (Allocation Failure) 236M->228M(240M) 2.408ms
[2026-03-23T15:59:36.497+0900][7.686s][info][gc,cpu      ] GC(83) User=0.01s Sys=0.00s Real=0.00s
[2026-03-23T15:59:36.529+0900][7.719s][info][gc,start    ] GC(84) Pause Young (Allocation Failure)
[2026-03-23T15:59:36.531+0900][7.720s][info][gc,heap     ] GC(84) PSYoungGen: 11560K(13312K)->2112K(13312K) Eden: 9416K(10240K)->0K(10240K) From: 2144K(3072K)->2112K(3072K)
[2026-03-23T15:59:36.531+0900][7.720s][info][gc,heap     ] GC(84) ParOldGen: 231699K(232448K)->233251K(233984K)
[2026-03-23T15:59:36.531+0900][7.721s][info][gc,metaspace] GC(84) Metaspace: 237K(448K)->237K(448K) NonClass: 222K(320K)->222K(320K) Class: 14K(128K)->14K(128K)
[2026-03-23T15:59:36.531+0900][7.721s][info][gc          ] GC(84) Pause Young (Allocation Failure) 237M->229M(241M) 1.953ms
[2026-03-23T15:59:36.531+0900][7.721s][info][gc,cpu      ] GC(84) User=0.00s Sys=0.00s Real=0.01s
[2026-03-23T15:59:36.571+0900][7.760s][info][gc,start    ] GC(85) Pause Young (Allocation Failure)
[2026-03-23T15:59:36.572+0900][7.762s][info][gc,heap     ] GC(85) PSYoungGen: 11528K(13312K)->1600K(13312K) Eden: 9416K(10240K)->0K(10240K) From: 2112K(3072K)->1600K(3072K)
[2026-03-23T15:59:36.572+0900][7.762s][info][gc,heap     ] GC(85) ParOldGen: 233251K(233984K)->233779K(233984K)
[2026-03-23T15:59:36.572+0900][7.762s][info][gc,metaspace] GC(85) Metaspace: 237K(448K)->237K(448K) NonClass: 222K(320K)->222K(320K) Class: 14K(128K)->14K(128K)
[2026-03-23T15:59:36.573+0900][7.762s][info][gc          ] GC(85) Pause Young (Allocation Failure) 239M->229M(241M) 1.819ms
[2026-03-23T15:59:36.573+0900][7.762s][info][gc,cpu      ] GC(85) User=0.01s Sys=0.00s Real=0.00s
[2026-03-23T15:59:36.607+0900][7.796s][info][gc,start    ] GC(86) Pause Young (Allocation Failure)
[2026-03-23T15:59:36.608+0900][7.797s][info][gc,heap     ] GC(86) PSYoungGen: 11016K(13312K)->2144K(13312K) Eden: 9416K(10240K)->0K(10240K) From: 1600K(3072K)->2144K(3072K)
[2026-03-23T15:59:36.608+0900][7.797s][info][gc,heap     ] GC(86) ParOldGen: 233779K(233984K)->234811K(235520K)
[2026-03-23T15:59:36.608+0900][7.797s][info][gc,metaspace] GC(86) Metaspace: 237K(448K)->237K(448K) NonClass: 222K(320K)->222K(320K) Class: 14K(128K)->14K(128K)
[2026-03-23T15:59:36.608+0900][7.797s][info][gc          ] GC(86) Pause Young (Allocation Failure) 239M->231M(243M) 1.277ms
[2026-03-23T15:59:36.608+0900][7.797s][info][gc,cpu      ] GC(86) User=0.00s Sys=0.00s Real=0.00s
[2026-03-23T15:59:36.640+0900][7.829s][info][gc,start    ] GC(87) Pause Young (Allocation Failure)
[2026-03-23T15:59:36.642+0900][7.831s][info][gc,heap     ] GC(87) PSYoungGen: 11560K(13312K)->2112K(13312K) Eden: 9416K(10240K)->0K(10240K) From: 2144K(3072K)->2112K(3072K)
[2026-03-23T15:59:36.642+0900][7.831s][info][gc,heap     ] GC(87) ParOldGen: 234811K(235520K)->236363K(237056K)
[2026-03-23T15:59:36.642+0900][7.831s][info][gc,metaspace] GC(87) Metaspace: 237K(448K)->237K(448K) NonClass: 222K(320K)->222K(320K) Class: 14K(128K)->14K(128K)
[2026-03-23T15:59:36.642+0900][7.831s][info][gc          ] GC(87) Pause Young (Allocation Failure) 240M->232M(244M) 1.954ms
[2026-03-23T15:59:36.642+0900][7.831s][info][gc,cpu      ] GC(87) User=0.00s Sys=0.00s Real=0.00s
[2026-03-23T15:59:36.681+0900][7.871s][info][gc,start    ] GC(88) Pause Young (Allocation Failure)
[2026-03-23T15:59:36.683+0900][7.872s][info][gc,heap     ] GC(88) PSYoungGen: 11528K(13312K)->1600K(13312K) Eden: 9416K(10240K)->0K(10240K) From: 2112K(3072K)->1600K(3072K)
[2026-03-23T15:59:36.683+0900][7.872s][info][gc,heap     ] GC(88) ParOldGen: 236363K(237056K)->236891K(237056K)
[2026-03-23T15:59:36.683+0900][7.872s][info][gc,metaspace] GC(88) Metaspace: 237K(448K)->237K(448K) NonClass: 222K(320K)->222K(320K) Class: 14K(128K)->14K(128K)
[2026-03-23T15:59:36.683+0900][7.872s][info][gc          ] GC(88) Pause Young (Allocation Failure) 242M->232M(244M) 1.413ms
[2026-03-23T15:59:36.683+0900][7.872s][info][gc,cpu      ] GC(88) User=0.00s Sys=0.00s Real=0.00s
[2026-03-23T15:59:36.715+0900][7.904s][info][gc,start    ] GC(89) Pause Young (Allocation Failure)
[2026-03-23T15:59:36.717+0900][7.906s][info][gc,heap     ] GC(89) PSYoungGen: 11016K(13312K)->2112K(13312K) Eden: 9416K(10240K)->0K(10240K) From: 1600K(3072K)->2112K(3072K)
[2026-03-23T15:59:36.717+0900][7.906s][info][gc,heap     ] GC(89) ParOldGen: 236891K(237056K)->237923K(238592K)
[2026-03-23T15:59:36.717+0900][7.906s][info][gc,metaspace] GC(89) Metaspace: 237K(448K)->237K(448K) NonClass: 222K(320K)->222K(320K) Class: 14K(128K)->14K(128K)
[2026-03-23T15:59:36.717+0900][7.906s][info][gc          ] GC(89) Pause Young (Allocation Failure) 242M->234M(246M) 2.394ms
[2026-03-23T15:59:36.717+0900][7.906s][info][gc,cpu      ] GC(89) User=0.00s Sys=0.00s Real=0.00s
[2026-03-23T15:59:36.748+0900][7.938s][info][gc,start    ] GC(90) Pause Young (Allocation Failure)
[2026-03-23T15:59:36.750+0900][7.940s][info][gc,heap     ] GC(90) PSYoungGen: 11528K(13312K)->2112K(13312K) Eden: 9416K(10240K)->0K(10240K) From: 2112K(3072K)->2112K(3072K)
[2026-03-23T15:59:36.750+0900][7.940s][info][gc,heap     ] GC(90) ParOldGen: 237923K(238592K)->239475K(240128K)
[2026-03-23T15:59:36.750+0900][7.940s][info][gc,metaspace] GC(90) Metaspace: 237K(448K)->237K(448K) NonClass: 222K(320K)->222K(320K) Class: 14K(128K)->14K(128K)
[2026-03-23T15:59:36.751+0900][7.940s][info][gc          ] GC(90) Pause Young (Allocation Failure) 243M->235M(247M) 2.070ms
[2026-03-23T15:59:36.751+0900][7.940s][info][gc,cpu      ] GC(90) User=0.01s Sys=0.00s Real=0.01s
[2026-03-23T15:59:36.790+0900][7.979s][info][gc,start    ] GC(91) Pause Young (Allocation Failure)
[2026-03-23T15:59:36.791+0900][7.980s][info][gc,heap     ] GC(91) PSYoungGen: 11528K(13312K)->1632K(13312K) Eden: 9416K(10240K)->0K(10240K) From: 2112K(3072K)->1632K(3072K)
[2026-03-23T15:59:36.791+0900][7.980s][info][gc,heap     ] GC(91) ParOldGen: 239475K(240128K)->240003K(240128K)
[2026-03-23T15:59:36.791+0900][7.980s][info][gc,metaspace] GC(91) Metaspace: 237K(448K)->237K(448K) NonClass: 222K(320K)->222K(320K) Class: 14K(128K)->14K(128K)
[2026-03-23T15:59:36.791+0900][7.980s][info][gc          ] GC(91) Pause Young (Allocation Failure) 245M->235M(247M) 1.402ms
[2026-03-23T15:59:36.791+0900][7.980s][info][gc,cpu      ] GC(91) User=0.00s Sys=0.00s Real=0.00s
[2026-03-23T15:59:36.823+0900][8.012s][info][gc,start    ] GC(92) Pause Young (Allocation Failure)
[2026-03-23T15:59:36.825+0900][8.014s][info][gc,heap     ] GC(92) PSYoungGen: 11048K(13312K)->2144K(13312K) Eden: 9416K(10240K)->0K(10240K) From: 1632K(3072K)->2144K(3072K)
[2026-03-23T15:59:36.825+0900][8.015s][info][gc,heap     ] GC(92) ParOldGen: 240003K(240128K)->241035K(241664K)
[2026-03-23T15:59:36.825+0900][8.015s][info][gc,metaspace] GC(92) Metaspace: 237K(448K)->237K(448K) NonClass: 222K(320K)->222K(320K) Class: 14K(128K)->14K(128K)
[2026-03-23T15:59:36.825+0900][8.015s][info][gc          ] GC(92) Pause Young (Allocation Failure) 245M->237M(249M) 2.209ms
[2026-03-23T15:59:36.825+0900][8.015s][info][gc,cpu      ] GC(92) User=0.01s Sys=0.00s Real=0.00s
[2026-03-23T15:59:36.856+0900][8.045s][info][gc,start    ] GC(93) Pause Young (Allocation Failure)
[2026-03-23T15:59:36.857+0900][8.047s][info][gc,heap     ] GC(93) PSYoungGen: 11560K(13312K)->2144K(13312K) Eden: 9416K(10240K)->0K(10240K) From: 2144K(3072K)->2144K(3072K)
[2026-03-23T15:59:36.857+0900][8.047s][info][gc,heap     ] GC(93) ParOldGen: 241035K(241664K)->242587K(243200K)
[2026-03-23T15:59:36.857+0900][8.047s][info][gc,metaspace] GC(93) Metaspace: 237K(448K)->237K(448K) NonClass: 222K(320K)->222K(320K) Class: 14K(128K)->14K(128K)
[2026-03-23T15:59:36.857+0900][8.047s][info][gc          ] GC(93) Pause Young (Allocation Failure) 246M->238M(250M) 1.775ms
[2026-03-23T15:59:36.857+0900][8.047s][info][gc,cpu      ] GC(93) User=0.00s Sys=0.01s Real=0.00s
[2026-03-23T15:59:36.898+0900][8.087s][info][gc,start    ] GC(94) Pause Young (Allocation Failure)
[2026-03-23T15:59:36.900+0900][8.089s][info][gc,heap     ] GC(94) PSYoungGen: 11560K(13312K)->1600K(13312K) Eden: 9416K(10240K)->0K(10240K) From: 2144K(3072K)->1600K(3072K)
[2026-03-23T15:59:36.900+0900][8.089s][info][gc,heap     ] GC(94) ParOldGen: 242587K(243200K)->243115K(243200K)
[2026-03-23T15:59:36.900+0900][8.089s][info][gc,metaspace] GC(94) Metaspace: 237K(448K)->237K(448K) NonClass: 222K(320K)->222K(320K) Class: 14K(128K)->14K(128K)
[2026-03-23T15:59:36.900+0900][8.089s][info][gc          ] GC(94) Pause Young (Allocation Failure) 248M->238M(250M) 2.177ms
[2026-03-23T15:59:36.900+0900][8.090s][info][gc,cpu      ] GC(94) User=0.01s Sys=0.00s Real=0.01s
[2026-03-23T15:59:36.931+0900][8.121s][info][gc,start    ] GC(95) Pause Young (Allocation Failure)
[2026-03-23T15:59:36.933+0900][8.123s][info][gc,heap     ] GC(95) PSYoungGen: 11016K(13312K)->2176K(13312K) Eden: 9416K(10240K)->0K(10240K) From: 1600K(3072K)->2176K(3072K)
[2026-03-23T15:59:36.933+0900][8.123s][info][gc,heap     ] GC(95) ParOldGen: 243115K(243200K)->244147K(244736K)
[2026-03-23T15:59:36.933+0900][8.123s][info][gc,metaspace] GC(95) Metaspace: 237K(448K)->237K(448K) NonClass: 222K(320K)->222K(320K) Class: 14K(128K)->14K(128K)
[2026-03-23T15:59:36.933+0900][8.123s][info][gc          ] GC(95) Pause Young (Allocation Failure) 248M->240M(252M) 2.106ms
[2026-03-23T15:59:36.934+0900][8.123s][info][gc,cpu      ] GC(95) User=0.00s Sys=0.00s Real=0.00s
[2026-03-23T15:59:36.965+0900][8.154s][info][gc,start    ] GC(96) Pause Young (Allocation Failure)
[2026-03-23T15:59:36.967+0900][8.156s][info][gc,heap     ] GC(96) PSYoungGen: 11592K(13312K)->2144K(13312K) Eden: 9416K(10240K)->0K(10240K) From: 2176K(3072K)->2144K(3072K)
[2026-03-23T15:59:36.967+0900][8.156s][info][gc,heap     ] GC(96) ParOldGen: 244147K(244736K)->245699K(246272K)
[2026-03-23T15:59:36.967+0900][8.156s][info][gc,metaspace] GC(96) Metaspace: 237K(448K)->237K(448K) NonClass: 222K(320K)->222K(320K) Class: 14K(128K)->14K(128K)
[2026-03-23T15:59:36.967+0900][8.156s][info][gc          ] GC(96) Pause Young (Allocation Failure) 249M->242M(253M) 2.063ms
[2026-03-23T15:59:36.967+0900][8.156s][info][gc,cpu      ] GC(96) User=0.01s Sys=0.00s Real=0.00s
[2026-03-23T15:59:37.006+0900][8.195s][info][gc,start    ] GC(97) Pause Young (Allocation Failure)
[2026-03-23T15:59:37.007+0900][8.196s][info][gc,heap     ] GC(97) PSYoungGen: 11560K(13312K)->1600K(13312K) Eden: 9416K(10240K)->0K(10240K) From: 2144K(3072K)->1600K(3072K)
[2026-03-23T15:59:37.007+0900][8.196s][info][gc,heap     ] GC(97) ParOldGen: 245699K(246272K)->246228K(246272K)
[2026-03-23T15:59:37.007+0900][8.196s][info][gc,metaspace] GC(97) Metaspace: 237K(448K)->237K(448K) NonClass: 222K(320K)->222K(320K) Class: 14K(128K)->14K(128K)
[2026-03-23T15:59:37.007+0900][8.196s][info][gc          ] GC(97) Pause Young (Allocation Failure) 251M->242M(253M) 1.418ms
[2026-03-23T15:59:37.007+0900][8.197s][info][gc,cpu      ] GC(97) User=0.00s Sys=0.00s Real=0.00s
[2026-03-23T15:59:37.040+0900][8.229s][info][gc,start    ] GC(98) Pause Young (Allocation Failure)
[2026-03-23T15:59:37.041+0900][8.231s][info][gc,heap     ] GC(98) PSYoungGen: 11016K(13312K)->2144K(13312K) Eden: 9416K(10240K)->0K(10240K) From: 1600K(3072K)->2144K(3072K)
[2026-03-23T15:59:37.041+0900][8.231s][info][gc,heap     ] GC(98) ParOldGen: 246228K(246272K)->247260K(247808K)
[2026-03-23T15:59:37.041+0900][8.231s][info][gc,metaspace] GC(98) Metaspace: 237K(448K)->237K(448K) NonClass: 222K(320K)->222K(320K) Class: 14K(128K)->14K(128K)
[2026-03-23T15:59:37.041+0900][8.231s][info][gc          ] GC(98) Pause Young (Allocation Failure) 251M->243M(255M) 1.890ms
[2026-03-23T15:59:37.041+0900][8.231s][info][gc,cpu      ] GC(98) User=0.01s Sys=0.00s Real=0.00s
[2026-03-23T15:59:37.073+0900][8.262s][info][gc,start    ] GC(99) Pause Young (Allocation Failure)
[2026-03-23T15:59:37.075+0900][8.264s][info][gc,heap     ] GC(99) PSYoungGen: 11560K(13312K)->2144K(13312K) Eden: 9416K(10240K)->0K(10240K) From: 2144K(3072K)->2144K(3072K)
[2026-03-23T15:59:37.075+0900][8.264s][info][gc,heap     ] GC(99) ParOldGen: 247260K(247808K)->248812K(249344K)
[2026-03-23T15:59:37.075+0900][8.265s][info][gc,metaspace] GC(99) Metaspace: 237K(448K)->237K(448K) NonClass: 222K(320K)->222K(320K) Class: 14K(128K)->14K(128K)
[2026-03-23T15:59:37.075+0900][8.265s][info][gc          ] GC(99) Pause Young (Allocation Failure) 252M->245M(256M) 2.077ms
[2026-03-23T15:59:37.075+0900][8.265s][info][gc,cpu      ] GC(99) User=0.00s Sys=0.00s Real=0.00s
[2026-03-23T15:59:37.114+0900][8.303s][info][gc,start    ] GC(100) Pause Young (Allocation Failure)
[2026-03-23T15:59:37.117+0900][8.306s][info][gc,heap     ] GC(100) PSYoungGen: 11560K(13312K)->1600K(13312K) Eden: 9416K(10240K)->0K(10240K) From: 2144K(3072K)->1600K(3072K)
[2026-03-23T15:59:37.117+0900][8.306s][info][gc,heap     ] GC(100) ParOldGen: 248812K(249344K)->249340K(249344K)
[2026-03-23T15:59:37.117+0900][8.306s][info][gc,metaspace] GC(100) Metaspace: 237K(448K)->237K(448K) NonClass: 222K(320K)->222K(320K) Class: 14K(128K)->14K(128K)
[2026-03-23T15:59:37.117+0900][8.306s][info][gc          ] GC(100) Pause Young (Allocation Failure) 254M->245M(256M) 3.046ms
[2026-03-23T15:59:37.117+0900][8.306s][info][gc,cpu      ] GC(100) User=0.01s Sys=0.01s Real=0.00s
[2026-03-23T15:59:37.148+0900][8.337s][info][gc,start    ] GC(101) Pause Young (Allocation Failure)
[2026-03-23T15:59:37.151+0900][8.340s][info][gc,heap     ] GC(101) PSYoungGen: 11016K(13312K)->2144K(13312K) Eden: 9416K(10240K)->0K(10240K) From: 1600K(3072K)->2144K(3072K)
[2026-03-23T15:59:37.151+0900][8.340s][info][gc,heap     ] GC(101) ParOldGen: 249340K(249344K)->250372K(251392K)
[2026-03-23T15:59:37.151+0900][8.341s][info][gc,metaspace] GC(101) Metaspace: 237K(448K)->237K(448K) NonClass: 222K(320K)->222K(320K) Class: 14K(128K)->14K(128K)
[2026-03-23T15:59:37.151+0900][8.341s][info][gc          ] GC(101) Pause Young (Allocation Failure) 254M->246M(258M) 3.057ms
[2026-03-23T15:59:37.151+0900][8.341s][info][gc,cpu      ] GC(101) User=0.00s Sys=0.00s Real=0.01s
[2026-03-23T15:59:37.183+0900][8.373s][info][gc,start    ] GC(102) Pause Young (Allocation Failure)
[2026-03-23T15:59:37.186+0900][8.375s][info][gc,heap     ] GC(102) PSYoungGen: 11560K(13312K)->2144K(13312K) Eden: 9416K(10240K)->0K(10240K) From: 2144K(3072K)->2144K(3072K)
[2026-03-23T15:59:37.186+0900][8.375s][info][gc,heap     ] GC(102) ParOldGen: 250372K(251392K)->251924K(252928K)
[2026-03-23T15:59:37.186+0900][8.375s][info][gc,metaspace] GC(102) Metaspace: 237K(448K)->237K(448K) NonClass: 222K(320K)->222K(320K) Class: 14K(128K)->14K(128K)
[2026-03-23T15:59:37.186+0900][8.375s][info][gc          ] GC(102) Pause Young (Allocation Failure) 255M->248M(260M) 2.261ms
[2026-03-23T15:59:37.186+0900][8.375s][info][gc,cpu      ] GC(102) User=0.01s Sys=0.00s Real=0.00s
[2026-03-23T15:59:37.224+0900][8.413s][info][gc,start    ] GC(103) Pause Young (Allocation Failure)
[2026-03-23T15:59:37.226+0900][8.415s][info][gc,heap     ] GC(103) PSYoungGen: 11560K(13312K)->1600K(13312K) Eden: 9416K(10240K)->0K(10240K) From: 2144K(3072K)->1600K(3072K)
[2026-03-23T15:59:37.226+0900][8.415s][info][gc,heap     ] GC(103) ParOldGen: 251924K(252928K)->252452K(252928K)
[2026-03-23T15:59:37.226+0900][8.415s][info][gc,metaspace] GC(103) Metaspace: 237K(448K)->237K(448K) NonClass: 222K(320K)->222K(320K) Class: 14K(128K)->14K(128K)
[2026-03-23T15:59:37.226+0900][8.415s][info][gc          ] GC(103) Pause Young (Allocation Failure) 257M->248M(260M) 1.948ms
[2026-03-23T15:59:37.226+0900][8.415s][info][gc,cpu      ] GC(103) User=0.00s Sys=0.00s Real=0.00s
[2026-03-23T15:59:37.257+0900][8.447s][info][gc,start    ] GC(104) Pause Young (Allocation Failure)
[2026-03-23T15:59:37.259+0900][8.449s][info][gc,heap     ] GC(104) PSYoungGen: 11016K(13312K)->2144K(13312K) Eden: 9416K(10240K)->0K(10240K) From: 1600K(3072K)->2144K(3072K)
[2026-03-23T15:59:37.259+0900][8.449s][info][gc,heap     ] GC(104) ParOldGen: 252452K(252928K)->253484K(254464K)
[2026-03-23T15:59:37.259+0900][8.449s][info][gc,metaspace] GC(104) Metaspace: 237K(448K)->237K(448K) NonClass: 222K(320K)->222K(320K) Class: 14K(128K)->14K(128K)
[2026-03-23T15:59:37.259+0900][8.449s][info][gc          ] GC(104) Pause Young (Allocation Failure) 257M->249M(261M) 1.815ms
[2026-03-23T15:59:37.259+0900][8.449s][info][gc,cpu      ] GC(104) User=0.00s Sys=0.00s Real=0.00s
[2026-03-23T15:59:37.291+0900][8.481s][info][gc,start    ] GC(105) Pause Young (Allocation Failure)
[2026-03-23T15:59:37.293+0900][8.483s][info][gc,heap     ] GC(105) PSYoungGen: 11560K(13312K)->2112K(13312K) Eden: 9416K(10240K)->0K(10240K) From: 2144K(3072K)->2112K(3072K)
[2026-03-23T15:59:37.293+0900][8.483s][info][gc,heap     ] GC(105) ParOldGen: 253484K(254464K)->255036K(256000K)
[2026-03-23T15:59:37.293+0900][8.483s][info][gc,metaspace] GC(105) Metaspace: 237K(448K)->237K(448K) NonClass: 222K(320K)->222K(320K) Class: 14K(128K)->14K(128K)
[2026-03-23T15:59:37.293+0900][8.483s][info][gc          ] GC(105) Pause Young (Allocation Failure) 258M->251M(263M) 1.978ms
[2026-03-23T15:59:37.293+0900][8.483s][info][gc,cpu      ] GC(105) User=0.01s Sys=0.00s Real=0.00s
[2026-03-23T15:59:37.329+0900][8.518s][info][gc,start    ] GC(106) Pause Young (Allocation Failure)
[2026-03-23T15:59:37.330+0900][8.520s][info][gc,heap     ] GC(106) PSYoungGen: 11528K(13312K)->1600K(13312K) Eden: 9416K(10240K)->0K(10240K) From: 2112K(3072K)->1600K(3072K)
[2026-03-23T15:59:37.330+0900][8.520s][info][gc,heap     ] GC(106) ParOldGen: 255036K(256000K)->255564K(256000K)
[2026-03-23T15:59:37.330+0900][8.520s][info][gc,metaspace] GC(106) Metaspace: 237K(448K)->237K(448K) NonClass: 222K(320K)->222K(320K) Class: 14K(128K)->14K(128K)
[2026-03-23T15:59:37.330+0900][8.520s][info][gc          ] GC(106) Pause Young (Allocation Failure) 260M->251M(263M) 1.817ms
[2026-03-23T15:59:37.330+0900][8.520s][info][gc,cpu      ] GC(106) User=0.00s Sys=0.00s Real=0.01s
[2026-03-23T15:59:37.361+0900][8.550s][info][gc,start    ] GC(107) Pause Young (Allocation Failure)
[2026-03-23T15:59:37.363+0900][8.552s][info][gc,heap     ] GC(107) PSYoungGen: 11016K(13312K)->2176K(13312K) Eden: 9416K(10240K)->0K(10240K) From: 1600K(3072K)->2176K(3072K)
[2026-03-23T15:59:37.363+0900][8.552s][info][gc,heap     ] GC(107) ParOldGen: 255564K(256000K)->256596K(257536K)
[2026-03-23T15:59:37.363+0900][8.552s][info][gc,metaspace] GC(107) Metaspace: 237K(448K)->237K(448K) NonClass: 222K(320K)->222K(320K) Class: 14K(128K)->14K(128K)
[2026-03-23T15:59:37.363+0900][8.552s][info][gc          ] GC(107) Pause Young (Allocation Failure) 260M->252M(264M) 2.071ms
[2026-03-23T15:59:37.363+0900][8.552s][info][gc,cpu      ] GC(107) User=0.01s Sys=0.01s Real=0.00s
[2026-03-23T15:59:37.395+0900][8.584s][info][gc,start    ] GC(108) Pause Young (Allocation Failure)
[2026-03-23T15:59:37.396+0900][8.585s][info][gc,heap     ] GC(108) PSYoungGen: 11592K(13312K)->2112K(13312K) Eden: 9416K(10240K)->0K(10240K) From: 2176K(3072K)->2112K(3072K)
[2026-03-23T15:59:37.396+0900][8.585s][info][gc,heap     ] GC(108) ParOldGen: 256596K(257536K)->258148K(259072K)
[2026-03-23T15:59:37.396+0900][8.585s][info][gc,metaspace] GC(108) Metaspace: 237K(448K)->237K(448K) NonClass: 222K(320K)->222K(320K) Class: 14K(128K)->14K(128K)
[2026-03-23T15:59:37.396+0900][8.585s][info][gc          ] GC(108) Pause Young (Allocation Failure) 261M->254M(266M) 1.273ms
[2026-03-23T15:59:37.396+0900][8.585s][info][gc,cpu      ] GC(108) User=0.00s Sys=0.00s Real=0.00s
[2026-03-23T15:59:37.434+0900][8.624s][info][gc,start    ] GC(109) Pause Young (Allocation Failure)
[2026-03-23T15:59:37.436+0900][8.626s][info][gc,heap     ] GC(109) PSYoungGen: 11528K(13312K)->1600K(13312K) Eden: 9416K(10240K)->0K(10240K) From: 2112K(3072K)->1600K(3072K)
[2026-03-23T15:59:37.436+0900][8.626s][info][gc,heap     ] GC(109) ParOldGen: 258148K(259072K)->258676K(259072K)
[2026-03-23T15:59:37.436+0900][8.626s][info][gc,metaspace] GC(109) Metaspace: 237K(448K)->237K(448K) NonClass: 222K(320K)->222K(320K) Class: 14K(128K)->14K(128K)
[2026-03-23T15:59:37.436+0900][8.626s][info][gc          ] GC(109) Pause Young (Allocation Failure) 263M->254M(266M) 2.067ms
[2026-03-23T15:59:37.436+0900][8.626s][info][gc,cpu      ] GC(109) User=0.01s Sys=0.00s Real=0.00s
[2026-03-23T15:59:37.469+0900][8.658s][info][gc,start    ] GC(110) Pause Young (Allocation Failure)
[2026-03-23T15:59:37.470+0900][8.660s][info][gc,heap     ] GC(110) PSYoungGen: 11016K(13312K)->2144K(13312K) Eden: 9416K(10240K)->0K(10240K) From: 1600K(3072K)->2144K(3072K)
[2026-03-23T15:59:37.471+0900][8.660s][info][gc,heap     ] GC(110) ParOldGen: 258676K(259072K)->259708K(260608K)
[2026-03-23T15:59:37.471+0900][8.660s][info][gc,metaspace] GC(110) Metaspace: 237K(448K)->237K(448K) NonClass: 222K(320K)->222K(320K) Class: 14K(128K)->14K(128K)
[2026-03-23T15:59:37.471+0900][8.660s][info][gc          ] GC(110) Pause Young (Allocation Failure) 263M->255M(267M) 1.616ms
[2026-03-23T15:59:37.471+0900][8.660s][info][gc,cpu      ] GC(110) User=0.00s Sys=0.00s Real=0.01s
[2026-03-23T15:59:37.502+0900][8.692s][info][gc,start    ] GC(111) Pause Young (Allocation Failure)
[2026-03-23T15:59:37.504+0900][8.694s][info][gc,heap     ] GC(111) PSYoungGen: 11560K(13312K)->2112K(13312K) Eden: 9416K(10240K)->0K(10240K) From: 2144K(3072K)->2112K(3072K)
[2026-03-23T15:59:37.504+0900][8.694s][info][gc,heap     ] GC(111) ParOldGen: 259708K(260608K)->261260K(262144K)
[2026-03-23T15:59:37.504+0900][8.694s][info][gc,metaspace] GC(111) Metaspace: 237K(448K)->237K(448K) NonClass: 222K(320K)->222K(320K) Class: 14K(128K)->14K(128K)
[2026-03-23T15:59:37.504+0900][8.694s][info][gc          ] GC(111) Pause Young (Allocation Failure) 264M->257M(269M) 2.060ms
[2026-03-23T15:59:37.504+0900][8.694s][info][gc,cpu      ] GC(111) User=0.01s Sys=0.00s Real=0.00s
[2026-03-23T15:59:37.542+0900][8.732s][info][gc,start    ] GC(112) Pause Young (Allocation Failure)
[2026-03-23T15:59:37.544+0900][8.733s][info][gc,heap     ] GC(112) PSYoungGen: 11528K(13312K)->1600K(13312K) Eden: 9416K(10240K)->0K(10240K) From: 2112K(3072K)->1600K(3072K)
[2026-03-23T15:59:37.544+0900][8.733s][info][gc,heap     ] GC(112) ParOldGen: 261260K(262144K)->261788K(262144K)
[2026-03-23T15:59:37.544+0900][8.733s][info][gc,metaspace] GC(112) Metaspace: 237K(448K)->237K(448K) NonClass: 222K(320K)->222K(320K) Class: 14K(128K)->14K(128K)
[2026-03-23T15:59:37.544+0900][8.733s][info][gc          ] GC(112) Pause Young (Allocation Failure) 266M->257M(269M) 1.393ms
[2026-03-23T15:59:37.544+0900][8.733s][info][gc,cpu      ] GC(112) User=0.00s Sys=0.00s Real=0.00s
[2026-03-23T15:59:37.576+0900][8.765s][info][gc,start    ] GC(113) Pause Young (Allocation Failure)
[2026-03-23T15:59:37.579+0900][8.768s][info][gc,heap     ] GC(113) PSYoungGen: 11016K(13312K)->2176K(13312K) Eden: 9416K(10240K)->0K(10240K) From: 1600K(3072K)->2176K(3072K)
[2026-03-23T15:59:37.579+0900][8.768s][info][gc,heap     ] GC(113) ParOldGen: 261788K(262144K)->262820K(263680K)
[2026-03-23T15:59:37.579+0900][8.768s][info][gc,metaspace] GC(113) Metaspace: 237K(448K)->237K(448K) NonClass: 222K(320K)->222K(320K) Class: 14K(128K)->14K(128K)
[2026-03-23T15:59:37.579+0900][8.768s][info][gc          ] GC(113) Pause Young (Allocation Failure) 266M->258M(270M) 3.120ms
[2026-03-23T15:59:37.579+0900][8.768s][info][gc,cpu      ] GC(113) User=0.00s Sys=0.00s Real=0.00s
[2026-03-23T15:59:37.610+0900][8.799s][info][gc,start    ] GC(114) Pause Young (Allocation Failure)
[2026-03-23T15:59:37.612+0900][8.801s][info][gc,heap     ] GC(114) PSYoungGen: 11592K(13312K)->2080K(13312K) Eden: 9416K(10240K)->0K(10240K) From: 2176K(3072K)->2080K(3072K)
[2026-03-23T15:59:37.612+0900][8.801s][info][gc,heap     ] GC(114) ParOldGen: 262820K(263680K)->264372K(265216K)
[2026-03-23T15:59:37.612+0900][8.801s][info][gc,metaspace] GC(114) Metaspace: 237K(448K)->237K(448K) NonClass: 222K(320K)->222K(320K) Class: 14K(128K)->14K(128K)
[2026-03-23T15:59:37.612+0900][8.801s][info][gc          ] GC(114) Pause Young (Allocation Failure) 267M->260M(272M) 1.963ms
[2026-03-23T15:59:37.612+0900][8.801s][info][gc,cpu      ] GC(114) User=0.00s Sys=0.01s Real=0.00s
[2026-03-23T15:59:37.651+0900][8.840s][info][gc,start    ] GC(115) Pause Young (Allocation Failure)
[2026-03-23T15:59:37.651+0900][8.841s][info][gc,heap     ] GC(115) PSYoungGen: 11496K(13312K)->1600K(13312K) Eden: 9416K(10240K)->0K(10240K) From: 2080K(3072K)->1600K(3072K)
[2026-03-23T15:59:37.651+0900][8.841s][info][gc,heap     ] GC(115) ParOldGen: 264372K(265216K)->264900K(265216K)
[2026-03-23T15:59:37.651+0900][8.841s][info][gc,metaspace] GC(115) Metaspace: 237K(448K)->237K(448K) NonClass: 222K(320K)->222K(320K) Class: 14K(128K)->14K(128K)
[2026-03-23T15:59:37.651+0900][8.841s][info][gc          ] GC(115) Pause Young (Allocation Failure) 269M->260M(272M) 0.416ms
[2026-03-23T15:59:37.651+0900][8.841s][info][gc,cpu      ] GC(115) User=0.00s Sys=0.00s Real=0.00s
[2026-03-23T15:59:37.683+0900][8.872s][info][gc,start    ] GC(116) Pause Young (Allocation Failure)
[2026-03-23T15:59:37.683+0900][8.873s][info][gc,heap     ] GC(116) PSYoungGen: 11016K(13312K)->2144K(13312K) Eden: 9416K(10240K)->0K(10240K) From: 1600K(3072K)->2144K(3072K)
[2026-03-23T15:59:37.683+0900][8.873s][info][gc,heap     ] GC(116) ParOldGen: 264900K(265216K)->265932K(266752K)
[2026-03-23T15:59:37.683+0900][8.873s][info][gc,metaspace] GC(116) Metaspace: 237K(448K)->237K(448K) NonClass: 222K(320K)->222K(320K) Class: 14K(128K)->14K(128K)
[2026-03-23T15:59:37.683+0900][8.873s][info][gc          ] GC(116) Pause Young (Allocation Failure) 269M->261M(273M) 0.491ms
[2026-03-23T15:59:37.683+0900][8.873s][info][gc,cpu      ] GC(116) User=0.00s Sys=0.00s Real=0.00s
[2026-03-23T15:59:37.715+0900][8.904s][info][gc,start    ] GC(117) Pause Young (Allocation Failure)
[2026-03-23T15:59:37.716+0900][8.905s][info][gc,heap     ] GC(117) PSYoungGen: 11560K(13312K)->2112K(13312K) Eden: 9416K(10240K)->0K(10240K) From: 2144K(3072K)->2112K(3072K)
[2026-03-23T15:59:37.716+0900][8.905s][info][gc,heap     ] GC(117) ParOldGen: 265932K(266752K)->267484K(268288K)
[2026-03-23T15:59:37.716+0900][8.905s][info][gc,metaspace] GC(117) Metaspace: 237K(448K)->237K(448K) NonClass: 222K(320K)->222K(320K) Class: 14K(128K)->14K(128K)
[2026-03-23T15:59:37.716+0900][8.905s][info][gc          ] GC(117) Pause Young (Allocation Failure) 270M->263M(275M) 0.551ms
[2026-03-23T15:59:37.716+0900][8.905s][info][gc,cpu      ] GC(117) User=0.00s Sys=0.00s Real=0.00s
[2026-03-23T15:59:37.754+0900][8.943s][info][gc,start    ] GC(118) Pause Young (Allocation Failure)
[2026-03-23T15:59:37.755+0900][8.944s][info][gc,heap     ] GC(118) PSYoungGen: 11528K(13312K)->1600K(13312K) Eden: 9416K(10240K)->0K(10240K) From: 2112K(3072K)->1600K(3072K)
[2026-03-23T15:59:37.755+0900][8.944s][info][gc,heap     ] GC(118) ParOldGen: 267484K(268288K)->268012K(268288K)
[2026-03-23T15:59:37.755+0900][8.944s][info][gc,metaspace] GC(118) Metaspace: 237K(448K)->237K(448K) NonClass: 222K(320K)->222K(320K) Class: 14K(128K)->14K(128K)
[2026-03-23T15:59:37.755+0900][8.945s][info][gc          ] GC(118) Pause Young (Allocation Failure) 272M->263M(275M) 1.504ms
[2026-03-23T15:59:37.755+0900][8.945s][info][gc,cpu      ] GC(118) User=0.01s Sys=0.00s Real=0.00s
[2026-03-23T15:59:37.786+0900][8.975s][info][gc,start    ] GC(119) Pause Young (Allocation Failure)
[2026-03-23T15:59:37.788+0900][8.977s][info][gc,heap     ] GC(119) PSYoungGen: 11016K(13312K)->2112K(13312K) Eden: 9416K(10240K)->0K(10240K) From: 1600K(3072K)->2112K(3072K)
[2026-03-23T15:59:37.788+0900][8.977s][info][gc,heap     ] GC(119) ParOldGen: 268012K(268288K)->269044K(269824K)
[2026-03-23T15:59:37.788+0900][8.977s][info][gc,metaspace] GC(119) Metaspace: 237K(448K)->237K(448K) NonClass: 222K(320K)->222K(320K) Class: 14K(128K)->14K(128K)
[2026-03-23T15:59:37.788+0900][8.977s][info][gc          ] GC(119) Pause Young (Allocation Failure) 272M->264M(276M) 1.675ms
[2026-03-23T15:59:37.788+0900][8.977s][info][gc,cpu      ] GC(119) User=0.00s Sys=0.00s Real=0.00s
[2026-03-23T15:59:37.821+0900][9.010s][info][gc,start    ] GC(120) Pause Young (Allocation Failure)
[2026-03-23T15:59:37.823+0900][9.012s][info][gc,heap     ] GC(120) PSYoungGen: 11528K(13312K)->2112K(13312K) Eden: 9416K(10240K)->0K(10240K) From: 2112K(3072K)->2112K(3072K)
[2026-03-23T15:59:37.823+0900][9.012s][info][gc,heap     ] GC(120) ParOldGen: 269044K(269824K)->270596K(271360K)
[2026-03-23T15:59:37.823+0900][9.012s][info][gc,metaspace] GC(120) Metaspace: 237K(448K)->237K(448K) NonClass: 222K(320K)->222K(320K) Class: 14K(128K)->14K(128K)
[2026-03-23T15:59:37.823+0900][9.012s][info][gc          ] GC(120) Pause Young (Allocation Failure) 273M->266M(278M) 2.065ms
[2026-03-23T15:59:37.823+0900][9.012s][info][gc,cpu      ] GC(120) User=0.01s Sys=0.00s Real=0.00s
[2026-03-23T15:59:37.860+0900][9.049s][info][gc,start    ] GC(121) Pause Young (Allocation Failure)
[2026-03-23T15:59:37.862+0900][9.052s][info][gc,heap     ] GC(121) PSYoungGen: 11528K(13312K)->1600K(13312K) Eden: 9416K(10240K)->0K(10240K) From: 2112K(3072K)->1600K(3072K)
[2026-03-23T15:59:37.862+0900][9.052s][info][gc,heap     ] GC(121) ParOldGen: 270596K(271360K)->271124K(271360K)
[2026-03-23T15:59:37.862+0900][9.052s][info][gc,metaspace] GC(121) Metaspace: 237K(448K)->237K(448K) NonClass: 222K(320K)->222K(320K) Class: 14K(128K)->14K(128K)
[2026-03-23T15:59:37.862+0900][9.052s][info][gc          ] GC(121) Pause Young (Allocation Failure) 275M->266M(278M) 2.387ms
[2026-03-23T15:59:37.862+0900][9.052s][info][gc,cpu      ] GC(121) User=0.00s Sys=0.00s Real=0.00s
[2026-03-23T15:59:37.893+0900][9.083s][info][gc,start    ] GC(122) Pause Young (Allocation Failure)
[2026-03-23T15:59:37.896+0900][9.086s][info][gc,heap     ] GC(122) PSYoungGen: 11016K(13312K)->2112K(13312K) Eden: 9416K(10240K)->0K(10240K) From: 1600K(3072K)->2112K(3072K)
[2026-03-23T15:59:37.896+0900][9.086s][info][gc,heap     ] GC(122) ParOldGen: 271124K(271360K)->272156K(272896K)
[2026-03-23T15:59:37.896+0900][9.086s][info][gc,metaspace] GC(122) Metaspace: 237K(448K)->237K(448K) NonClass: 222K(320K)->222K(320K) Class: 14K(128K)->14K(128K)
[2026-03-23T15:59:37.896+0900][9.086s][info][gc          ] GC(122) Pause Young (Allocation Failure) 275M->267M(279M) 2.869ms
[2026-03-23T15:59:37.896+0900][9.086s][info][gc,cpu      ] GC(122) User=0.01s Sys=0.00s Real=0.00s
[2026-03-23T15:59:37.926+0900][9.116s][info][gc,start    ] GC(123) Pause Young (Allocation Failure)
[2026-03-23T15:59:37.929+0900][9.118s][info][gc,heap     ] GC(123) PSYoungGen: 11528K(13312K)->2144K(13312K) Eden: 9416K(10240K)->0K(10240K) From: 2112K(3072K)->2144K(3072K)
[2026-03-23T15:59:37.929+0900][9.118s][info][gc,heap     ] GC(123) ParOldGen: 272156K(272896K)->273708K(274432K)
[2026-03-23T15:59:37.929+0900][9.118s][info][gc,metaspace] GC(123) Metaspace: 237K(448K)->237K(448K) NonClass: 222K(320K)->222K(320K) Class: 14K(128K)->14K(128K)
[2026-03-23T15:59:37.929+0900][9.118s][info][gc          ] GC(123) Pause Young (Allocation Failure) 277M->269M(281M) 2.561ms
[2026-03-23T15:59:37.929+0900][9.118s][info][gc,cpu      ] GC(123) User=0.00s Sys=0.00s Real=0.00s
[2026-03-23T15:59:37.968+0900][9.157s][info][gc,start    ] GC(124) Pause Young (Allocation Failure)
[2026-03-23T15:59:37.969+0900][9.158s][info][gc,heap     ] GC(124) PSYoungGen: 11560K(13312K)->1632K(13312K) Eden: 9416K(10240K)->0K(10240K) From: 2144K(3072K)->1632K(3072K)
[2026-03-23T15:59:37.969+0900][9.158s][info][gc,heap     ] GC(124) ParOldGen: 273708K(274432K)->274236K(274432K)
[2026-03-23T15:59:37.969+0900][9.158s][info][gc,metaspace] GC(124) Metaspace: 237K(448K)->237K(448K) NonClass: 222K(320K)->222K(320K) Class: 14K(128K)->14K(128K)
[2026-03-23T15:59:37.969+0900][9.158s][info][gc          ] GC(124) Pause Young (Allocation Failure) 278M->269M(281M) 1.404ms
[2026-03-23T15:59:37.969+0900][9.158s][info][gc,cpu      ] GC(124) User=0.01s Sys=0.00s Real=0.00s
[2026-03-23T15:59:38.002+0900][9.191s][info][gc,start    ] GC(125) Pause Young (Allocation Failure)
[2026-03-23T15:59:38.005+0900][9.194s][info][gc,heap     ] GC(125) PSYoungGen: 11048K(13312K)->2144K(13312K) Eden: 9416K(10240K)->0K(10240K) From: 1632K(3072K)->2144K(3072K)
[2026-03-23T15:59:38.005+0900][9.194s][info][gc,heap     ] GC(125) ParOldGen: 274236K(274432K)->275268K(275968K)
[2026-03-23T15:59:38.005+0900][9.194s][info][gc,metaspace] GC(125) Metaspace: 237K(448K)->237K(448K) NonClass: 222K(320K)->222K(320K) Class: 14K(128K)->14K(128K)
[2026-03-23T15:59:38.005+0900][9.194s][info][gc          ] GC(125) Pause Young (Allocation Failure) 278M->270M(282M) 3.288ms
[2026-03-23T15:59:38.005+0900][9.194s][info][gc,cpu      ] GC(125) User=0.00s Sys=0.00s Real=0.00s
[2026-03-23T15:59:38.039+0900][9.229s][info][gc,start    ] GC(126) Pause Young (Allocation Failure)
[2026-03-23T15:59:38.041+0900][9.231s][info][gc,heap     ] GC(126) PSYoungGen: 11560K(13312K)->2144K(13312K) Eden: 9416K(10240K)->0K(10240K) From: 2144K(3072K)->2144K(3072K)
[2026-03-23T15:59:38.042+0900][9.231s][info][gc,heap     ] GC(126) ParOldGen: 275268K(275968K)->276820K(277504K)
[2026-03-23T15:59:38.042+0900][9.231s][info][gc,metaspace] GC(126) Metaspace: 237K(448K)->237K(448K) NonClass: 222K(320K)->222K(320K) Class: 14K(128K)->14K(128K)
[2026-03-23T15:59:38.042+0900][9.231s][info][gc          ] GC(126) Pause Young (Allocation Failure) 280M->272M(284M) 2.187ms
[2026-03-23T15:59:38.042+0900][9.231s][info][gc,cpu      ] GC(126) User=0.00s Sys=0.01s Real=0.01s
[2026-03-23T15:59:38.079+0900][9.268s][info][gc,start    ] GC(127) Pause Young (Allocation Failure)
[2026-03-23T15:59:38.082+0900][9.272s][info][gc,heap     ] GC(127) PSYoungGen: 11560K(13312K)->1600K(13312K) Eden: 9416K(10240K)->0K(10240K) From: 2144K(3072K)->1600K(3072K)
[2026-03-23T15:59:38.082+0900][9.272s][info][gc,heap     ] GC(127) ParOldGen: 276820K(277504K)->277340K(277504K)
[2026-03-23T15:59:38.082+0900][9.272s][info][gc,metaspace] GC(127) Metaspace: 237K(448K)->237K(448K) NonClass: 222K(320K)->222K(320K) Class: 14K(128K)->14K(128K)
[2026-03-23T15:59:38.082+0900][9.272s][info][gc          ] GC(127) Pause Young (Allocation Failure) 281M->272M(284M) 3.798ms
[2026-03-23T15:59:38.082+0900][9.272s][info][gc,cpu      ] GC(127) User=0.00s Sys=0.00s Real=0.01s
[2026-03-23T15:59:38.115+0900][9.304s][info][gc,start    ] GC(128) Pause Young (Allocation Failure)
[2026-03-23T15:59:38.116+0900][9.306s][info][gc,heap     ] GC(128) PSYoungGen: 11016K(13312K)->2112K(13312K) Eden: 9416K(10240K)->0K(10240K) From: 1600K(3072K)->2112K(3072K)
[2026-03-23T15:59:38.116+0900][9.306s][info][gc,heap     ] GC(128) ParOldGen: 277340K(277504K)->278372K(279040K)
[2026-03-23T15:59:38.116+0900][9.306s][info][gc,metaspace] GC(128) Metaspace: 237K(448K)->237K(448K) NonClass: 222K(320K)->222K(320K) Class: 14K(128K)->14K(128K)
[2026-03-23T15:59:38.116+0900][9.306s][info][gc          ] GC(128) Pause Young (Allocation Failure) 281M->273M(285M) 1.501ms
[2026-03-23T15:59:38.116+0900][9.306s][info][gc,cpu      ] GC(128) User=0.01s Sys=0.00s Real=0.00s
[2026-03-23T15:59:38.153+0900][9.342s][info][gc,start    ] GC(129) Pause Young (Allocation Failure)
[2026-03-23T15:59:38.154+0900][9.343s][info][gc,heap     ] GC(129) PSYoungGen: 11528K(13312K)->2112K(13312K) Eden: 9416K(10240K)->0K(10240K) From: 2112K(3072K)->2112K(3072K)
[2026-03-23T15:59:38.154+0900][9.343s][info][gc,heap     ] GC(129) ParOldGen: 278372K(279040K)->279925K(280576K)
[2026-03-23T15:59:38.154+0900][9.343s][info][gc,metaspace] GC(129) Metaspace: 237K(448K)->237K(448K) NonClass: 222K(320K)->222K(320K) Class: 14K(128K)->14K(128K)
[2026-03-23T15:59:38.154+0900][9.343s][info][gc          ] GC(129) Pause Young (Allocation Failure) 283M->275M(287M) 0.673ms
[2026-03-23T15:59:38.154+0900][9.343s][info][gc,cpu      ] GC(129) User=0.00s Sys=0.00s Real=0.00s
[2026-03-23T15:59:38.192+0900][9.381s][info][gc,start    ] GC(130) Pause Young (Allocation Failure)
[2026-03-23T15:59:38.193+0900][9.382s][info][gc,heap     ] GC(130) PSYoungGen: 11528K(13312K)->1600K(13312K) Eden: 9416K(10240K)->0K(10240K) From: 2112K(3072K)->1600K(3072K)
[2026-03-23T15:59:38.193+0900][9.382s][info][gc,heap     ] GC(130) ParOldGen: 279925K(280576K)->280453K(280576K)
[2026-03-23T15:59:38.193+0900][9.382s][info][gc,metaspace] GC(130) Metaspace: 237K(448K)->237K(448K) NonClass: 222K(320K)->222K(320K) Class: 14K(128K)->14K(128K)
[2026-03-23T15:59:38.193+0900][9.382s][info][gc          ] GC(130) Pause Young (Allocation Failure) 284M->275M(287M) 0.845ms
[2026-03-23T15:59:38.193+0900][9.382s][info][gc,cpu      ] GC(130) User=0.00s Sys=0.00s Real=0.00s
[2026-03-23T15:59:38.224+0900][9.413s][info][gc,start    ] GC(131) Pause Young (Allocation Failure)
[2026-03-23T15:59:38.225+0900][9.415s][info][gc,heap     ] GC(131) PSYoungGen: 11016K(13312K)->2112K(13312K) Eden: 9416K(10240K)->0K(10240K) From: 1600K(3072K)->2112K(3072K)
[2026-03-23T15:59:38.226+0900][9.415s][info][gc,heap     ] GC(131) ParOldGen: 280453K(280576K)->281485K(282112K)
[2026-03-23T15:59:38.226+0900][9.415s][info][gc,metaspace] GC(131) Metaspace: 237K(448K)->237K(448K) NonClass: 222K(320K)->222K(320K) Class: 14K(128K)->14K(128K)
[2026-03-23T15:59:38.226+0900][9.415s][info][gc          ] GC(131) Pause Young (Allocation Failure) 284M->276M(288M) 1.599ms
[2026-03-23T15:59:38.226+0900][9.415s][info][gc,cpu      ] GC(131) User=0.01s Sys=0.00s Real=0.00s
[2026-03-23T15:59:38.257+0900][9.447s][info][gc,start    ] GC(132) Pause Young (Allocation Failure)
[2026-03-23T15:59:38.259+0900][9.448s][info][gc,heap     ] GC(132) PSYoungGen: 11528K(13312K)->2112K(13312K) Eden: 9416K(10240K)->0K(10240K) From: 2112K(3072K)->2112K(3072K)
[2026-03-23T15:59:38.259+0900][9.448s][info][gc,heap     ] GC(132) ParOldGen: 281485K(282112K)->283037K(283648K)
[2026-03-23T15:59:38.259+0900][9.448s][info][gc,metaspace] GC(132) Metaspace: 237K(448K)->237K(448K) NonClass: 222K(320K)->222K(320K) Class: 14K(128K)->14K(128K)
[2026-03-23T15:59:38.259+0900][9.448s][info][gc          ] GC(132) Pause Young (Allocation Failure) 286M->278M(290M) 1.695ms
[2026-03-23T15:59:38.259+0900][9.448s][info][gc,cpu      ] GC(132) User=0.00s Sys=0.00s Real=0.00s
[2026-03-23T15:59:38.297+0900][9.486s][info][gc,start    ] GC(133) Pause Young (Allocation Failure)
[2026-03-23T15:59:38.301+0900][9.490s][info][gc,heap     ] GC(133) PSYoungGen: 11528K(13312K)->1600K(13312K) Eden: 9416K(10240K)->0K(10240K) From: 2112K(3072K)->1600K(3072K)
[2026-03-23T15:59:38.301+0900][9.490s][info][gc,heap     ] GC(133) ParOldGen: 283037K(283648K)->283565K(283648K)
[2026-03-23T15:59:38.301+0900][9.490s][info][gc,metaspace] GC(133) Metaspace: 237K(448K)->237K(448K) NonClass: 222K(320K)->222K(320K) Class: 14K(128K)->14K(128K)
[2026-03-23T15:59:38.301+0900][9.490s][info][gc          ] GC(133) Pause Young (Allocation Failure) 287M->278M(290M) 3.664ms
[2026-03-23T15:59:38.301+0900][9.490s][info][gc,cpu      ] GC(133) User=0.00s Sys=0.00s Real=0.01s
[2026-03-23T15:59:38.332+0900][9.522s][info][gc,start    ] GC(134) Pause Young (Allocation Failure)
[2026-03-23T15:59:38.334+0900][9.523s][info][gc,heap     ] GC(134) PSYoungGen: 11016K(13312K)->2176K(13312K) Eden: 9416K(10240K)->0K(10240K) From: 1600K(3072K)->2176K(3072K)
[2026-03-23T15:59:38.334+0900][9.523s][info][gc,heap     ] GC(134) ParOldGen: 283565K(283648K)->284597K(285184K)
[2026-03-23T15:59:38.334+0900][9.523s][info][gc,metaspace] GC(134) Metaspace: 237K(448K)->237K(448K) NonClass: 222K(320K)->222K(320K) Class: 14K(128K)->14K(128K)
[2026-03-23T15:59:38.334+0900][9.523s][info][gc          ] GC(134) Pause Young (Allocation Failure) 287M->280M(291M) 1.356ms
[2026-03-23T15:59:38.334+0900][9.523s][info][gc,cpu      ] GC(134) User=0.00s Sys=0.00s Real=0.00s
[2026-03-23T15:59:38.363+0900][9.553s][info][gc,start    ] GC(135) Pause Young (Allocation Failure)
[2026-03-23T15:59:38.365+0900][9.555s][info][gc,heap     ] GC(135) PSYoungGen: 11592K(13312K)->2112K(13312K) Eden: 9416K(10240K)->0K(10240K) From: 2176K(3072K)->2112K(3072K)
[2026-03-23T15:59:38.366+0900][9.555s][info][gc,heap     ] GC(135) ParOldGen: 284597K(285184K)->286149K(286720K)
[2026-03-23T15:59:38.366+0900][9.555s][info][gc,metaspace] GC(135) Metaspace: 237K(448K)->237K(448K) NonClass: 222K(320K)->222K(320K) Class: 14K(128K)->14K(128K)
[2026-03-23T15:59:38.366+0900][9.555s][info][gc          ] GC(135) Pause Young (Allocation Failure) 289M->281M(293M) 2.142ms
[2026-03-23T15:59:38.366+0900][9.555s][info][gc,cpu      ] GC(135) User=0.00s Sys=0.00s Real=0.00s
[2026-03-23T15:59:38.402+0900][9.592s][info][gc,start    ] GC(136) Pause Young (Allocation Failure)
[2026-03-23T15:59:38.405+0900][9.594s][info][gc,heap     ] GC(136) PSYoungGen: 11528K(13312K)->1600K(13312K) Eden: 9416K(10240K)->0K(10240K) From: 2112K(3072K)->1600K(3072K)
[2026-03-23T15:59:38.405+0900][9.594s][info][gc,heap     ] GC(136) ParOldGen: 286149K(286720K)->286677K(286720K)
[2026-03-23T15:59:38.405+0900][9.594s][info][gc,metaspace] GC(136) Metaspace: 237K(448K)->237K(448K) NonClass: 222K(320K)->222K(320K) Class: 14K(128K)->14K(128K)
[2026-03-23T15:59:38.405+0900][9.594s][info][gc          ] GC(136) Pause Young (Allocation Failure) 290M->281M(293M) 2.460ms
[2026-03-23T15:59:38.405+0900][9.594s][info][gc,cpu      ] GC(136) User=0.00s Sys=0.00s Real=0.00s
[2026-03-23T15:59:38.437+0900][9.627s][info][gc,start    ] GC(137) Pause Young (Allocation Failure)
[2026-03-23T15:59:38.440+0900][9.629s][info][gc,heap     ] GC(137) PSYoungGen: 11016K(13312K)->2144K(13312K) Eden: 9416K(10240K)->0K(10240K) From: 1600K(3072K)->2144K(3072K)
[2026-03-23T15:59:38.440+0900][9.629s][info][gc,heap     ] GC(137) ParOldGen: 286677K(286720K)->287717K(288256K)
[2026-03-23T15:59:38.440+0900][9.629s][info][gc,metaspace] GC(137) Metaspace: 237K(448K)->237K(448K) NonClass: 222K(320K)->222K(320K) Class: 14K(128K)->14K(128K)
[2026-03-23T15:59:38.440+0900][9.629s][info][gc          ] GC(137) Pause Young (Allocation Failure) 290M->283M(294M) 2.409ms
[2026-03-23T15:59:38.440+0900][9.629s][info][gc,cpu      ] GC(137) User=0.01s Sys=0.01s Real=0.01s
[2026-03-23T15:59:38.472+0900][9.661s][info][gc,start    ] GC(138) Pause Young (Allocation Failure)
[2026-03-23T15:59:38.474+0900][9.664s][info][gc,heap     ] GC(138) PSYoungGen: 11560K(13312K)->2080K(13312K) Eden: 9416K(10240K)->0K(10240K) From: 2144K(3072K)->2080K(3072K)
[2026-03-23T15:59:38.474+0900][9.664s][info][gc,heap     ] GC(138) ParOldGen: 287717K(288256K)->289261K(289792K)
[2026-03-23T15:59:38.474+0900][9.664s][info][gc,metaspace] GC(138) Metaspace: 237K(448K)->237K(448K) NonClass: 222K(320K)->222K(320K) Class: 14K(128K)->14K(128K)
[2026-03-23T15:59:38.474+0900][9.664s][info][gc          ] GC(138) Pause Young (Allocation Failure) 292M->284M(296M) 2.189ms
[2026-03-23T15:59:38.474+0900][9.664s][info][gc,cpu      ] GC(138) User=0.00s Sys=0.00s Real=0.00s
[2026-03-23T15:59:38.511+0900][9.701s][info][gc,start    ] GC(139) Pause Young (Allocation Failure)
[2026-03-23T15:59:38.513+0900][9.703s][info][gc,heap     ] GC(139) PSYoungGen: 11496K(13312K)->1600K(13312K) Eden: 9416K(10240K)->0K(10240K) From: 2080K(3072K)->1600K(3072K)
[2026-03-23T15:59:38.514+0900][9.703s][info][gc,heap     ] GC(139) ParOldGen: 289261K(289792K)->289789K(289792K)
[2026-03-23T15:59:38.514+0900][9.703s][info][gc,metaspace] GC(139) Metaspace: 237K(448K)->237K(448K) NonClass: 222K(320K)->222K(320K) Class: 14K(128K)->14K(128K)
[2026-03-23T15:59:38.514+0900][9.703s][info][gc          ] GC(139) Pause Young (Allocation Failure) 293M->284M(296M) 2.074ms
[2026-03-23T15:59:38.514+0900][9.703s][info][gc,cpu      ] GC(139) User=0.01s Sys=0.00s Real=0.00s
[2026-03-23T15:59:38.545+0900][9.735s][info][gc,start    ] GC(140) Pause Young (Allocation Failure)
[2026-03-23T15:59:38.548+0900][9.737s][info][gc,heap     ] GC(140) PSYoungGen: 11016K(13312K)->2144K(13312K) Eden: 9416K(10240K)->0K(10240K) From: 1600K(3072K)->2144K(3072K)
[2026-03-23T15:59:38.548+0900][9.737s][info][gc,heap     ] GC(140) ParOldGen: 289789K(289792K)->290821K(291840K)
[2026-03-23T15:59:38.548+0900][9.737s][info][gc,metaspace] GC(140) Metaspace: 237K(448K)->237K(448K) NonClass: 222K(320K)->222K(320K) Class: 14K(128K)->14K(128K)
[2026-03-23T15:59:38.548+0900][9.737s][info][gc          ] GC(140) Pause Young (Allocation Failure) 293M->286M(298M) 2.469ms
[2026-03-23T15:59:38.548+0900][9.737s][info][gc,cpu      ] GC(140) User=0.00s Sys=0.00s Real=0.00s
[2026-03-23T15:59:38.579+0900][9.769s][info][gc,start    ] GC(141) Pause Young (Allocation Failure)
[2026-03-23T15:59:38.581+0900][9.771s][info][gc,heap     ] GC(141) PSYoungGen: 11560K(13312K)->2112K(13312K) Eden: 9416K(10240K)->0K(10240K) From: 2144K(3072K)->2112K(3072K)
[2026-03-23T15:59:38.581+0900][9.771s][info][gc,heap     ] GC(141) ParOldGen: 290821K(291840K)->292373K(293376K)
[2026-03-23T15:59:38.581+0900][9.771s][info][gc,metaspace] GC(141) Metaspace: 237K(448K)->237K(448K) NonClass: 222K(320K)->222K(320K) Class: 14K(128K)->14K(128K)
[2026-03-23T15:59:38.581+0900][9.771s][info][gc          ] GC(141) Pause Young (Allocation Failure) 295M->287M(299M) 2.093ms
[2026-03-23T15:59:38.581+0900][9.771s][info][gc,cpu      ] GC(141) User=0.00s Sys=0.00s Real=0.01s
[2026-03-23T15:59:38.622+0900][9.811s][info][gc,start    ] GC(142) Pause Young (Allocation Failure)
[2026-03-23T15:59:38.624+0900][9.813s][info][gc,heap     ] GC(142) PSYoungGen: 11528K(13312K)->1568K(13312K) Eden: 9416K(10240K)->0K(10240K) From: 2112K(3072K)->1568K(3072K)
[2026-03-23T15:59:38.624+0900][9.813s][info][gc,heap     ] GC(142) ParOldGen: 292373K(293376K)->292901K(293376K)
[2026-03-23T15:59:38.624+0900][9.814s][info][gc,metaspace] GC(142) Metaspace: 237K(448K)->237K(448K) NonClass: 222K(320K)->222K(320K) Class: 14K(128K)->14K(128K)
[2026-03-23T15:59:38.624+0900][9.814s][info][gc          ] GC(142) Pause Young (Allocation Failure) 296M->287M(299M) 2.616ms
[2026-03-23T15:59:38.624+0900][9.814s][info][gc,cpu      ] GC(142) User=0.01s Sys=0.00s Real=0.00s
[2026-03-23T15:59:38.656+0900][9.845s][info][gc,start    ] GC(143) Pause Young (Allocation Failure)
[2026-03-23T15:59:38.658+0900][9.847s][info][gc,heap     ] GC(143) PSYoungGen: 10984K(13312K)->2144K(13312K) Eden: 9416K(10240K)->0K(10240K) From: 1568K(3072K)->2144K(3072K)
[2026-03-23T15:59:38.658+0900][9.847s][info][gc,heap     ] GC(143) ParOldGen: 292901K(293376K)->293933K(294912K)
[2026-03-23T15:59:38.658+0900][9.847s][info][gc,metaspace] GC(143) Metaspace: 237K(448K)->237K(448K) NonClass: 222K(320K)->222K(320K) Class: 14K(128K)->14K(128K)
[2026-03-23T15:59:38.658+0900][9.847s][info][gc          ] GC(143) Pause Young (Allocation Failure) 296M->289M(301M) 1.661ms
[2026-03-23T15:59:38.658+0900][9.847s][info][gc,cpu      ] GC(143) User=0.00s Sys=0.00s Real=0.00s
[2026-03-23T15:59:38.689+0900][9.879s][info][gc,start    ] GC(144) Pause Young (Allocation Failure)
[2026-03-23T15:59:38.691+0900][9.881s][info][gc,heap     ] GC(144) PSYoungGen: 11560K(13312K)->2112K(13312K) Eden: 9416K(10240K)->0K(10240K) From: 2144K(3072K)->2112K(3072K)
[2026-03-23T15:59:38.691+0900][9.881s][info][gc,heap     ] GC(144) ParOldGen: 293933K(294912K)->295485K(296448K)
[2026-03-23T15:59:38.691+0900][9.881s][info][gc,metaspace] GC(144) Metaspace: 237K(448K)->237K(448K) NonClass: 222K(320K)->222K(320K) Class: 14K(128K)->14K(128K)
[2026-03-23T15:59:38.691+0900][9.881s][info][gc          ] GC(144) Pause Young (Allocation Failure) 298M->290M(302M) 2.018ms
[2026-03-23T15:59:38.691+0900][9.881s][info][gc,cpu      ] GC(144) User=0.01s Sys=0.00s Real=0.01s
[2026-03-23T15:59:38.727+0900][9.917s][info][gc,start    ] GC(145) Pause Young (Allocation Failure)
[2026-03-23T15:59:38.729+0900][9.919s][info][gc,heap     ] GC(145) PSYoungGen: 11528K(13312K)->1632K(13312K) Eden: 9416K(10240K)->0K(10240K) From: 2112K(3072K)->1632K(3072K)
[2026-03-23T15:59:38.729+0900][9.919s][info][gc,heap     ] GC(145) ParOldGen: 295485K(296448K)->296013K(296448K)
[2026-03-23T15:59:38.729+0900][9.919s][info][gc,metaspace] GC(145) Metaspace: 237K(448K)->237K(448K) NonClass: 222K(320K)->222K(320K) Class: 14K(128K)->14K(128K)
[2026-03-23T15:59:38.729+0900][9.919s][info][gc          ] GC(145) Pause Young (Allocation Failure) 299M->290M(302M) 1.969ms
[2026-03-23T15:59:38.729+0900][9.919s][info][gc,cpu      ] GC(145) User=0.00s Sys=0.00s Real=0.00s
[2026-03-23T15:59:38.761+0900][9.951s][info][gc,start    ] GC(146) Pause Young (Allocation Failure)
[2026-03-23T15:59:38.763+0900][9.952s][info][gc,heap     ] GC(146) PSYoungGen: 11048K(13312K)->2144K(13312K) Eden: 9416K(10240K)->0K(10240K) From: 1632K(3072K)->2144K(3072K)
[2026-03-23T15:59:38.763+0900][9.952s][info][gc,heap     ] GC(146) ParOldGen: 296013K(296448K)->297045K(297984K)
[2026-03-23T15:59:38.763+0900][9.952s][info][gc,metaspace] GC(146) Metaspace: 237K(448K)->237K(448K) NonClass: 222K(320K)->222K(320K) Class: 14K(128K)->14K(128K)
[2026-03-23T15:59:38.763+0900][9.952s][info][gc          ] GC(146) Pause Young (Allocation Failure) 299M->292M(304M) 1.613ms
[2026-03-23T15:59:38.763+0900][9.952s][info][gc,cpu      ] GC(146) User=0.01s Sys=0.01s Real=0.00s
[2026-03-23T15:59:38.796+0900][9.985s][info][gc,start    ] GC(147) Pause Young (Allocation Failure)
[2026-03-23T15:59:38.798+0900][9.987s][info][gc,heap     ] GC(147) PSYoungGen: 11560K(13312K)->2112K(13312K) Eden: 9416K(10240K)->0K(10240K) From: 2144K(3072K)->2112K(3072K)
[2026-03-23T15:59:38.798+0900][9.987s][info][gc,heap     ] GC(147) ParOldGen: 297045K(297984K)->298597K(299520K)
[2026-03-23T15:59:38.798+0900][9.987s][info][gc,metaspace] GC(147) Metaspace: 237K(448K)->237K(448K) NonClass: 222K(320K)->222K(320K) Class: 14K(128K)->14K(128K)
[2026-03-23T15:59:38.798+0900][9.987s][info][gc          ] GC(147) Pause Young (Allocation Failure) 301M->293M(305M) 1.897ms
[2026-03-23T15:59:38.798+0900][9.987s][info][gc,cpu      ] GC(147) User=0.00s Sys=0.00s Real=0.00s
[2026-03-23T15:59:38.835+0900][10.025s][info][gc,start    ] GC(148) Pause Young (Allocation Failure)
[2026-03-23T15:59:38.837+0900][10.027s][info][gc,heap     ] GC(148) PSYoungGen: 11528K(13312K)->1600K(13312K) Eden: 9416K(10240K)->0K(10240K) From: 2112K(3072K)->1600K(3072K)
[2026-03-23T15:59:38.837+0900][10.027s][info][gc,heap     ] GC(148) ParOldGen: 298597K(299520K)->299125K(299520K)
[2026-03-23T15:59:38.837+0900][10.027s][info][gc,metaspace] GC(148) Metaspace: 237K(448K)->237K(448K) NonClass: 222K(320K)->222K(320K) Class: 14K(128K)->14K(128K)
[2026-03-23T15:59:38.837+0900][10.027s][info][gc          ] GC(148) Pause Young (Allocation Failure) 302M->293M(305M) 2.023ms
[2026-03-23T15:59:38.837+0900][10.027s][info][gc,cpu      ] GC(148) User=0.01s Sys=0.00s Real=0.00s
[2026-03-23T15:59:38.868+0900][10.058s][info][gc,start    ] GC(149) Pause Young (Allocation Failure)
[2026-03-23T15:59:38.870+0900][10.059s][info][gc,heap     ] GC(149) PSYoungGen: 11016K(13312K)->2144K(13312K) Eden: 9416K(10240K)->0K(10240K) From: 1600K(3072K)->2144K(3072K)
[2026-03-23T15:59:38.870+0900][10.059s][info][gc,heap     ] GC(149) ParOldGen: 299125K(299520K)->300157K(301056K)
[2026-03-23T15:59:38.870+0900][10.059s][info][gc,metaspace] GC(149) Metaspace: 237K(448K)->237K(448K) NonClass: 222K(320K)->222K(320K) Class: 14K(128K)->14K(128K)
[2026-03-23T15:59:38.870+0900][10.059s][info][gc          ] GC(149) Pause Young (Allocation Failure) 302M->295M(307M) 1.549ms
[2026-03-23T15:59:38.870+0900][10.059s][info][gc,cpu      ] GC(149) User=0.00s Sys=0.00s Real=0.01s
[2026-03-23T15:59:38.902+0900][10.091s][info][gc,start    ] GC(150) Pause Young (Allocation Failure)
[2026-03-23T15:59:38.903+0900][10.093s][info][gc,heap     ] GC(150) PSYoungGen: 11560K(13312K)->2112K(13312K) Eden: 9416K(10240K)->0K(10240K) From: 2144K(3072K)->2112K(3072K)
[2026-03-23T15:59:38.903+0900][10.093s][info][gc,heap     ] GC(150) ParOldGen: 300157K(301056K)->301709K(302592K)
[2026-03-23T15:59:38.904+0900][10.093s][info][gc,metaspace] GC(150) Metaspace: 237K(448K)->237K(448K) NonClass: 222K(320K)->222K(320K) Class: 14K(128K)->14K(128K)
[2026-03-23T15:59:38.904+0900][10.093s][info][gc          ] GC(150) Pause Young (Allocation Failure) 304M->296M(308M) 1.839ms
[2026-03-23T15:59:38.904+0900][10.093s][info][gc,cpu      ] GC(150) User=0.01s Sys=0.00s Real=0.00s
[2026-03-23T15:59:38.943+0900][10.133s][info][gc,start    ] GC(151) Pause Young (Allocation Failure)
[2026-03-23T15:59:38.946+0900][10.136s][info][gc,heap     ] GC(151) PSYoungGen: 11528K(13312K)->1600K(13312K) Eden: 9416K(10240K)->0K(10240K) From: 2112K(3072K)->1600K(3072K)
[2026-03-23T15:59:38.947+0900][10.136s][info][gc,heap     ] GC(151) ParOldGen: 301709K(302592K)->302237K(302592K)
[2026-03-23T15:59:38.947+0900][10.136s][info][gc,metaspace] GC(151) Metaspace: 237K(448K)->237K(448K) NonClass: 222K(320K)->222K(320K) Class: 14K(128K)->14K(128K)
[2026-03-23T15:59:38.947+0900][10.136s][info][gc          ] GC(151) Pause Young (Allocation Failure) 305M->296M(308M) 3.246ms
[2026-03-23T15:59:38.947+0900][10.136s][info][gc,cpu      ] GC(151) User=0.00s Sys=0.00s Real=0.00s
[2026-03-23T15:59:38.978+0900][10.168s][info][gc,start    ] GC(152) Pause Young (Allocation Failure)
[2026-03-23T15:59:38.982+0900][10.171s][info][gc,heap     ] GC(152) PSYoungGen: 11016K(13312K)->2144K(13312K) Eden: 9416K(10240K)->0K(10240K) From: 1600K(3072K)->2144K(3072K)
[2026-03-23T15:59:38.982+0900][10.171s][info][gc,heap     ] GC(152) ParOldGen: 302237K(302592K)->303269K(304128K)
[2026-03-23T15:59:38.982+0900][10.171s][info][gc,metaspace] GC(152) Metaspace: 237K(448K)->237K(448K) NonClass: 222K(320K)->222K(320K) Class: 14K(128K)->14K(128K)
[2026-03-23T15:59:38.982+0900][10.171s][info][gc          ] GC(152) Pause Young (Allocation Failure) 305M->298M(310M) 3.467ms
[2026-03-23T15:59:38.982+0900][10.171s][info][gc,cpu      ] GC(152) User=0.01s Sys=0.00s Real=0.01s
[2026-03-23T15:59:39.013+0900][10.203s][info][gc,start    ] GC(153) Pause Young (Allocation Failure)
[2026-03-23T15:59:39.016+0900][10.205s][info][gc,heap     ] GC(153) PSYoungGen: 11560K(13312K)->2144K(13312K) Eden: 9416K(10240K)->0K(10240K) From: 2144K(3072K)->2144K(3072K)
[2026-03-23T15:59:39.016+0900][10.205s][info][gc,heap     ] GC(153) ParOldGen: 303269K(304128K)->304821K(305664K)
[2026-03-23T15:59:39.016+0900][10.205s][info][gc,metaspace] GC(153) Metaspace: 237K(448K)->237K(448K) NonClass: 222K(320K)->222K(320K) Class: 14K(128K)->14K(128K)
[2026-03-23T15:59:39.016+0900][10.205s][info][gc          ] GC(153) Pause Young (Allocation Failure) 307M->299M(311M) 2.243ms
[2026-03-23T15:59:39.016+0900][10.205s][info][gc,cpu      ] GC(153) User=0.01s Sys=0.00s Real=0.00s
[2026-03-23T15:59:39.051+0900][10.240s][info][gc,start    ] GC(154) Pause Young (Allocation Failure)
[2026-03-23T15:59:39.052+0900][10.241s][info][gc,heap     ] GC(154) PSYoungGen: 11560K(13312K)->1600K(13312K) Eden: 9416K(10240K)->0K(10240K) From: 2144K(3072K)->1600K(3072K)
[2026-03-23T15:59:39.052+0900][10.241s][info][gc,heap     ] GC(154) ParOldGen: 304821K(305664K)->305349K(305664K)
[2026-03-23T15:59:39.052+0900][10.241s][info][gc,metaspace] GC(154) Metaspace: 237K(448K)->237K(448K) NonClass: 222K(320K)->222K(320K) Class: 14K(128K)->14K(128K)
[2026-03-23T15:59:39.052+0900][10.241s][info][gc          ] GC(154) Pause Young (Allocation Failure) 308M->299M(311M) 1.162ms
[2026-03-23T15:59:39.052+0900][10.241s][info][gc,cpu      ] GC(154) User=0.00s Sys=0.00s Real=0.00s
[2026-03-23T15:59:39.083+0900][10.272s][info][gc,start    ] GC(155) Pause Young (Allocation Failure)
[2026-03-23T15:59:39.084+0900][10.274s][info][gc,heap     ] GC(155) PSYoungGen: 11016K(13312K)->2144K(13312K) Eden: 9416K(10240K)->0K(10240K) From: 1600K(3072K)->2144K(3072K)
[2026-03-23T15:59:39.084+0900][10.274s][info][gc,heap     ] GC(155) ParOldGen: 305349K(305664K)->306381K(307200K)
[2026-03-23T15:59:39.084+0900][10.274s][info][gc,metaspace] GC(155) Metaspace: 237K(448K)->237K(448K) NonClass: 222K(320K)->222K(320K) Class: 14K(128K)->14K(128K)
[2026-03-23T15:59:39.084+0900][10.274s][info][gc          ] GC(155) Pause Young (Allocation Failure) 308M->301M(313M) 1.531ms
[2026-03-23T15:59:39.084+0900][10.274s][info][gc,cpu      ] GC(155) User=0.00s Sys=0.01s Real=0.00s
[2026-03-23T15:59:39.116+0900][10.306s][info][gc,start    ] GC(156) Pause Young (Allocation Failure)
[2026-03-23T15:59:39.117+0900][10.307s][info][gc,heap     ] GC(156) PSYoungGen: 11560K(13312K)->2112K(13312K) Eden: 9416K(10240K)->0K(10240K) From: 2144K(3072K)->2112K(3072K)
[2026-03-23T15:59:39.117+0900][10.307s][info][gc,heap     ] GC(156) ParOldGen: 306381K(307200K)->307933K(308736K)
[2026-03-23T15:59:39.117+0900][10.307s][info][gc,metaspace] GC(156) Metaspace: 237K(448K)->237K(448K) NonClass: 222K(320K)->222K(320K) Class: 14K(128K)->14K(128K)
[2026-03-23T15:59:39.117+0900][10.307s][info][gc          ] GC(156) Pause Young (Allocation Failure) 310M->302M(314M) 1.085ms
[2026-03-23T15:59:39.117+0900][10.307s][info][gc,cpu      ] GC(156) User=0.00s Sys=0.00s Real=0.00s
[2026-03-23T15:59:39.153+0900][10.343s][info][gc,start    ] GC(157) Pause Young (Allocation Failure)
[2026-03-23T15:59:39.155+0900][10.345s][info][gc,heap     ] GC(157) PSYoungGen: 11528K(13312K)->1600K(13312K) Eden: 9416K(10240K)->0K(10240K) From: 2112K(3072K)->1600K(3072K)
[2026-03-23T15:59:39.155+0900][10.345s][info][gc,heap     ] GC(157) ParOldGen: 307933K(308736K)->308461K(308736K)
[2026-03-23T15:59:39.155+0900][10.345s][info][gc,metaspace] GC(157) Metaspace: 237K(448K)->237K(448K) NonClass: 222K(320K)->222K(320K) Class: 14K(128K)->14K(128K)
[2026-03-23T15:59:39.155+0900][10.345s][info][gc          ] GC(157) Pause Young (Allocation Failure) 311M->302M(314M) 2.178ms
[2026-03-23T15:59:39.155+0900][10.345s][info][gc,cpu      ] GC(157) User=0.01s Sys=0.00s Real=0.00s
[2026-03-23T15:59:39.187+0900][10.376s][info][gc,start    ] GC(158) Pause Young (Allocation Failure)
[2026-03-23T15:59:39.189+0900][10.378s][info][gc,heap     ] GC(158) PSYoungGen: 11016K(13312K)->2144K(13312K) Eden: 9416K(10240K)->0K(10240K) From: 1600K(3072K)->2144K(3072K)
[2026-03-23T15:59:39.189+0900][10.378s][info][gc,heap     ] GC(158) ParOldGen: 308461K(308736K)->309493K(310272K)
[2026-03-23T15:59:39.189+0900][10.378s][info][gc,metaspace] GC(158) Metaspace: 237K(448K)->237K(448K) NonClass: 222K(320K)->222K(320K) Class: 14K(128K)->14K(128K)
[2026-03-23T15:59:39.189+0900][10.379s][info][gc          ] GC(158) Pause Young (Allocation Failure) 311M->304M(316M) 2.318ms
[2026-03-23T15:59:39.189+0900][10.379s][info][gc,cpu      ] GC(158) User=0.00s Sys=0.00s Real=0.00s
[2026-03-23T15:59:39.222+0900][10.412s][info][gc,start    ] GC(159) Pause Young (Allocation Failure)
[2026-03-23T15:59:39.226+0900][10.415s][info][gc,heap     ] GC(159) PSYoungGen: 11560K(13312K)->2112K(13312K) Eden: 9416K(10240K)->0K(10240K) From: 2144K(3072K)->2112K(3072K)
[2026-03-23T15:59:39.226+0900][10.415s][info][gc,heap     ] GC(159) ParOldGen: 309493K(310272K)->311045K(311808K)
[2026-03-23T15:59:39.226+0900][10.415s][info][gc,metaspace] GC(159) Metaspace: 237K(448K)->237K(448K) NonClass: 222K(320K)->222K(320K) Class: 14K(128K)->14K(128K)
[2026-03-23T15:59:39.226+0900][10.415s][info][gc          ] GC(159) Pause Young (Allocation Failure) 313M->305M(317M) 3.638ms
[2026-03-23T15:59:39.226+0900][10.415s][info][gc,cpu      ] GC(159) User=0.01s Sys=0.00s Real=0.00s
[2026-03-23T15:59:39.263+0900][10.452s][info][gc,start    ] GC(160) Pause Young (Allocation Failure)
[2026-03-23T15:59:39.265+0900][10.455s][info][gc,heap     ] GC(160) PSYoungGen: 11528K(13312K)->1600K(13312K) Eden: 9416K(10240K)->0K(10240K) From: 2112K(3072K)->1600K(3072K)
[2026-03-23T15:59:39.265+0900][10.455s][info][gc,heap     ] GC(160) ParOldGen: 311045K(311808K)->311573K(311808K)
[2026-03-23T15:59:39.265+0900][10.455s][info][gc,metaspace] GC(160) Metaspace: 237K(448K)->237K(448K) NonClass: 222K(320K)->222K(320K) Class: 14K(128K)->14K(128K)
[2026-03-23T15:59:39.265+0900][10.455s][info][gc          ] GC(160) Pause Young (Allocation Failure) 315M->305M(317M) 2.124ms
[2026-03-23T15:59:39.265+0900][10.455s][info][gc,cpu      ] GC(160) User=0.00s Sys=0.00s Real=0.00s
[2026-03-23T15:59:39.297+0900][10.487s][info][gc,start    ] GC(161) Pause Young (Allocation Failure)
[2026-03-23T15:59:39.300+0900][10.489s][info][gc,heap     ] GC(161) PSYoungGen: 11016K(13312K)->2144K(13312K) Eden: 9416K(10240K)->0K(10240K) From: 1600K(3072K)->2144K(3072K)
[2026-03-23T15:59:39.300+0900][10.489s][info][gc,heap     ] GC(161) ParOldGen: 311573K(311808K)->312606K(313344K)
[2026-03-23T15:59:39.300+0900][10.489s][info][gc,metaspace] GC(161) Metaspace: 237K(448K)->237K(448K) NonClass: 222K(320K)->222K(320K) Class: 14K(128K)->14K(128K)
[2026-03-23T15:59:39.300+0900][10.489s][info][gc          ] GC(161) Pause Young (Allocation Failure) 315M->307M(319M) 2.298ms
[2026-03-23T15:59:39.300+0900][10.489s][info][gc,cpu      ] GC(161) User=0.00s Sys=0.00s Real=0.01s
[2026-03-23T15:59:39.330+0900][10.519s][info][gc,start    ] GC(162) Pause Young (Allocation Failure)
[2026-03-23T15:59:39.333+0900][10.523s][info][gc,heap     ] GC(162) PSYoungGen: 11560K(13312K)->2112K(13312K) Eden: 9416K(10240K)->0K(10240K) From: 2144K(3072K)->2112K(3072K)
[2026-03-23T15:59:39.333+0900][10.523s][info][gc,heap     ] GC(162) ParOldGen: 312606K(313344K)->314158K(314880K)
[2026-03-23T15:59:39.333+0900][10.523s][info][gc,metaspace] GC(162) Metaspace: 237K(448K)->237K(448K) NonClass: 222K(320K)->222K(320K) Class: 14K(128K)->14K(128K)
[2026-03-23T15:59:39.333+0900][10.523s][info][gc          ] GC(162) Pause Young (Allocation Failure) 316M->308M(320M) 3.408ms
[2026-03-23T15:59:39.333+0900][10.523s][info][gc,cpu      ] GC(162) User=0.01s Sys=0.00s Real=0.00s
[2026-03-23T15:59:39.371+0900][10.560s][info][gc,start    ] GC(163) Pause Young (Allocation Failure)
[2026-03-23T15:59:39.373+0900][10.562s][info][gc,heap     ] GC(163) PSYoungGen: 11528K(13312K)->1632K(13312K) Eden: 9416K(10240K)->0K(10240K) From: 2112K(3072K)->1632K(3072K)
[2026-03-23T15:59:39.373+0900][10.562s][info][gc,heap     ] GC(163) ParOldGen: 314158K(314880K)->314686K(314880K)
[2026-03-23T15:59:39.373+0900][10.563s][info][gc,metaspace] GC(163) Metaspace: 237K(448K)->237K(448K) NonClass: 222K(320K)->222K(320K) Class: 14K(128K)->14K(128K)
[2026-03-23T15:59:39.373+0900][10.563s][info][gc          ] GC(163) Pause Young (Allocation Failure) 318M->308M(320M) 2.215ms
[2026-03-23T15:59:39.373+0900][10.563s][info][gc,cpu      ] GC(163) User=0.01s Sys=0.00s Real=0.00s
[2026-03-23T15:59:39.405+0900][10.595s][info][gc,start    ] GC(164) Pause Young (Allocation Failure)
[2026-03-23T15:59:39.408+0900][10.597s][info][gc,heap     ] GC(164) PSYoungGen: 11048K(13312K)->2144K(13312K) Eden: 9416K(10240K)->0K(10240K) From: 1632K(3072K)->2144K(3072K)
[2026-03-23T15:59:39.408+0900][10.598s][info][gc,heap     ] GC(164) ParOldGen: 314686K(314880K)->315718K(316416K)
[2026-03-23T15:59:39.408+0900][10.598s][info][gc,metaspace] GC(164) Metaspace: 237K(448K)->237K(448K) NonClass: 222K(320K)->222K(320K) Class: 14K(128K)->14K(128K)
[2026-03-23T15:59:39.408+0900][10.598s][info][gc          ] GC(164) Pause Young (Allocation Failure) 318M->310M(322M) 2.821ms
[2026-03-23T15:59:39.408+0900][10.598s][info][gc,cpu      ] GC(164) User=0.00s Sys=0.01s Real=0.00s
[2026-03-23T15:59:39.441+0900][10.631s][info][gc,start    ] GC(165) Pause Young (Allocation Failure)
[2026-03-23T15:59:39.443+0900][10.633s][info][gc,heap     ] GC(165) PSYoungGen: 11560K(13312K)->2112K(13312K) Eden: 9416K(10240K)->0K(10240K) From: 2144K(3072K)->2112K(3072K)
[2026-03-23T15:59:39.443+0900][10.633s][info][gc,heap     ] GC(165) ParOldGen: 315718K(316416K)->317270K(317952K)
[2026-03-23T15:59:39.443+0900][10.633s][info][gc,metaspace] GC(165) Metaspace: 237K(448K)->237K(448K) NonClass: 222K(320K)->222K(320K) Class: 14K(128K)->14K(128K)
[2026-03-23T15:59:39.443+0900][10.633s][info][gc          ] GC(165) Pause Young (Allocation Failure) 319M->311M(323M) 2.274ms
[2026-03-23T15:59:39.443+0900][10.633s][info][gc,cpu      ] GC(165) User=0.01s Sys=0.00s Real=0.00s
[2026-03-23T15:59:39.481+0900][10.671s][info][gc,start    ] GC(166) Pause Young (Allocation Failure)
[2026-03-23T15:59:39.483+0900][10.673s][info][gc,heap     ] GC(166) PSYoungGen: 11528K(13312K)->1600K(13312K) Eden: 9416K(10240K)->0K(10240K) From: 2112K(3072K)->1600K(3072K)
[2026-03-23T15:59:39.483+0900][10.673s][info][gc,heap     ] GC(166) ParOldGen: 317270K(317952K)->317798K(317952K)
[2026-03-23T15:59:39.483+0900][10.673s][info][gc,metaspace] GC(166) Metaspace: 237K(448K)->237K(448K) NonClass: 222K(320K)->222K(320K) Class: 14K(128K)->14K(128K)
[2026-03-23T15:59:39.483+0900][10.673s][info][gc          ] GC(166) Pause Young (Allocation Failure) 321M->311M(323M) 1.997ms
[2026-03-23T15:59:39.483+0900][10.673s][info][gc,cpu      ] GC(166) User=0.01s Sys=0.00s Real=0.00s
[2026-03-23T15:59:39.516+0900][10.705s][info][gc,start    ] GC(167) Pause Young (Allocation Failure)
[2026-03-23T15:59:39.519+0900][10.708s][info][gc,heap     ] GC(167) PSYoungGen: 11016K(13312K)->2112K(13312K) Eden: 9416K(10240K)->0K(10240K) From: 1600K(3072K)->2112K(3072K)
[2026-03-23T15:59:39.519+0900][10.708s][info][gc,heap     ] GC(167) ParOldGen: 317798K(317952K)->318830K(319488K)
[2026-03-23T15:59:39.519+0900][10.708s][info][gc,metaspace] GC(167) Metaspace: 237K(448K)->237K(448K) NonClass: 222K(320K)->222K(320K) Class: 14K(128K)->14K(128K)
[2026-03-23T15:59:39.519+0900][10.708s][info][gc          ] GC(167) Pause Young (Allocation Failure) 321M->313M(325M) 2.685ms
[2026-03-23T15:59:39.519+0900][10.708s][info][gc,cpu      ] GC(167) User=0.00s Sys=0.00s Real=0.00s
[2026-03-23T15:59:39.549+0900][10.738s][info][gc,start    ] GC(168) Pause Young (Allocation Failure)
[2026-03-23T15:59:39.551+0900][10.741s][info][gc,heap     ] GC(168) PSYoungGen: 11528K(13312K)->2112K(13312K) Eden: 9416K(10240K)->0K(10240K) From: 2112K(3072K)->2112K(3072K)
[2026-03-23T15:59:39.552+0900][10.741s][info][gc,heap     ] GC(168) ParOldGen: 318830K(319488K)->320382K(321024K)
[2026-03-23T15:59:39.552+0900][10.741s][info][gc,metaspace] GC(168) Metaspace: 237K(448K)->237K(448K) NonClass: 222K(320K)->222K(320K) Class: 14K(128K)->14K(128K)
[2026-03-23T15:59:39.552+0900][10.741s][info][gc          ] GC(168) Pause Young (Allocation Failure) 322M->314M(326M) 2.620ms
[2026-03-23T15:59:39.552+0900][10.741s][info][gc,cpu      ] GC(168) User=0.01s Sys=0.00s Real=0.01s
[2026-03-23T15:59:39.591+0900][10.780s][info][gc,start    ] GC(169) Pause Young (Allocation Failure)
[2026-03-23T15:59:39.593+0900][10.783s][info][gc,heap     ] GC(169) PSYoungGen: 11528K(13312K)->1600K(13312K) Eden: 9416K(10240K)->0K(10240K) From: 2112K(3072K)->1600K(3072K)
[2026-03-23T15:59:39.593+0900][10.783s][info][gc,heap     ] GC(169) ParOldGen: 320382K(321024K)->320910K(321024K)
[2026-03-23T15:59:39.593+0900][10.783s][info][gc,metaspace] GC(169) Metaspace: 237K(448K)->237K(448K) NonClass: 222K(320K)->222K(320K) Class: 14K(128K)->14K(128K)
[2026-03-23T15:59:39.593+0900][10.783s][info][gc          ] GC(169) Pause Young (Allocation Failure) 324M->314M(326M) 2.536ms
[2026-03-23T15:59:39.593+0900][10.783s][info][gc,cpu      ] GC(169) User=0.01s Sys=0.00s Real=0.00s
[2026-03-23T15:59:39.623+0900][10.812s][info][gc,start    ] GC(170) Pause Young (Allocation Failure)
[2026-03-23T15:59:39.625+0900][10.815s][info][gc,heap     ] GC(170) PSYoungGen: 11016K(13312K)->2144K(13312K) Eden: 9416K(10240K)->0K(10240K) From: 1600K(3072K)->2144K(3072K)
[2026-03-23T15:59:39.625+0900][10.815s][info][gc,heap     ] GC(170) ParOldGen: 320910K(321024K)->321942K(322560K)
[2026-03-23T15:59:39.625+0900][10.815s][info][gc,metaspace] GC(170) Metaspace: 237K(448K)->237K(448K) NonClass: 222K(320K)->222K(320K) Class: 14K(128K)->14K(128K)
[2026-03-23T15:59:39.625+0900][10.815s][info][gc          ] GC(170) Pause Young (Allocation Failure) 324M->316M(328M) 2.646ms
[2026-03-23T15:59:39.625+0900][10.815s][info][gc,cpu      ] GC(170) User=0.00s Sys=0.00s Real=0.00s
[2026-03-23T15:59:39.657+0900][10.847s][info][gc,start    ] GC(171) Pause Young (Allocation Failure)
[2026-03-23T15:59:39.659+0900][10.849s][info][gc,heap     ] GC(171) PSYoungGen: 11560K(13312K)->2112K(13312K) Eden: 9416K(10240K)->0K(10240K) From: 2144K(3072K)->2112K(3072K)
[2026-03-23T15:59:39.660+0900][10.849s][info][gc,heap     ] GC(171) ParOldGen: 321942K(322560K)->323494K(324096K)
[2026-03-23T15:59:39.660+0900][10.849s][info][gc,metaspace] GC(171) Metaspace: 237K(448K)->237K(448K) NonClass: 222K(320K)->222K(320K) Class: 14K(128K)->14K(128K)
[2026-03-23T15:59:39.660+0900][10.849s][info][gc          ] GC(171) Pause Young (Allocation Failure) 325M->317M(329M) 2.328ms
[2026-03-23T15:59:39.660+0900][10.849s][info][gc,cpu      ] GC(171) User=0.00s Sys=0.00s Real=0.01s
[2026-03-23T15:59:39.696+0900][10.886s][info][gc,start    ] GC(172) Pause Young (Allocation Failure)
[2026-03-23T15:59:39.698+0900][10.888s][info][gc,heap     ] GC(172) PSYoungGen: 11528K(13312K)->1600K(13312K) Eden: 9416K(10240K)->0K(10240K) From: 2112K(3072K)->1600K(3072K)
[2026-03-23T15:59:39.699+0900][10.888s][info][gc,heap     ] GC(172) ParOldGen: 323494K(324096K)->324022K(324096K)
[2026-03-23T15:59:39.699+0900][10.888s][info][gc,metaspace] GC(172) Metaspace: 237K(448K)->237K(448K) NonClass: 222K(320K)->222K(320K) Class: 14K(128K)->14K(128K)
[2026-03-23T15:59:39.699+0900][10.888s][info][gc          ] GC(172) Pause Young (Allocation Failure) 327M->317M(329M) 2.243ms
[2026-03-23T15:59:39.699+0900][10.888s][info][gc,cpu      ] GC(172) User=0.01s Sys=0.00s Real=0.00s
[2026-03-23T15:59:39.731+0900][10.920s][info][gc,start    ] GC(173) Pause Young (Allocation Failure)
[2026-03-23T15:59:39.733+0900][10.923s][info][gc,heap     ] GC(173) PSYoungGen: 11016K(13312K)->2144K(13312K) Eden: 9416K(10240K)->0K(10240K) From: 1600K(3072K)->2144K(3072K)
[2026-03-23T15:59:39.733+0900][10.923s][info][gc,heap     ] GC(173) ParOldGen: 324022K(324096K)->325054K(325632K)
[2026-03-23T15:59:39.733+0900][10.923s][info][gc,metaspace] GC(173) Metaspace: 237K(448K)->237K(448K) NonClass: 222K(320K)->222K(320K) Class: 14K(128K)->14K(128K)
[2026-03-23T15:59:39.733+0900][10.923s][info][gc          ] GC(173) Pause Young (Allocation Failure) 327M->319M(331M) 2.434ms
[2026-03-23T15:59:39.733+0900][10.923s][info][gc,cpu      ] GC(173) User=0.01s Sys=0.00s Real=0.00s
[2026-03-23T15:59:39.765+0900][10.954s][info][gc,start    ] GC(174) Pause Young (Allocation Failure)
[2026-03-23T15:59:39.767+0900][10.957s][info][gc,heap     ] GC(174) PSYoungGen: 11560K(13312K)->2112K(13312K) Eden: 9416K(10240K)->0K(10240K) From: 2144K(3072K)->2112K(3072K)
[2026-03-23T15:59:39.767+0900][10.957s][info][gc,heap     ] GC(174) ParOldGen: 325054K(325632K)->326606K(327168K)
[2026-03-23T15:59:39.767+0900][10.957s][info][gc,metaspace] GC(174) Metaspace: 237K(448K)->237K(448K) NonClass: 222K(320K)->222K(320K) Class: 14K(128K)->14K(128K)
[2026-03-23T15:59:39.767+0900][10.957s][info][gc          ] GC(174) Pause Young (Allocation Failure) 328M->321M(332M) 2.513ms
[2026-03-23T15:59:39.767+0900][10.957s][info][gc,cpu      ] GC(174) User=0.01s Sys=0.00s Real=0.00s
[2026-03-23T15:59:39.805+0900][10.994s][info][gc,start    ] GC(175) Pause Young (Allocation Failure)
[2026-03-23T15:59:39.807+0900][10.996s][info][gc,heap     ] GC(175) PSYoungGen: 11528K(13312K)->1600K(13312K) Eden: 9416K(10240K)->0K(10240K) From: 2112K(3072K)->1600K(3072K)
[2026-03-23T15:59:39.807+0900][10.996s][info][gc,heap     ] GC(175) ParOldGen: 326606K(327168K)->327134K(327168K)
[2026-03-23T15:59:39.807+0900][10.996s][info][gc,metaspace] GC(175) Metaspace: 237K(448K)->237K(448K) NonClass: 222K(320K)->222K(320K) Class: 14K(128K)->14K(128K)
[2026-03-23T15:59:39.807+0900][10.996s][info][gc          ] GC(175) Pause Young (Allocation Failure) 330M->321M(332M) 2.258ms
[2026-03-23T15:59:39.807+0900][10.996s][info][gc,cpu      ] GC(175) User=0.00s Sys=0.00s Real=0.00s
[2026-03-23T15:59:39.838+0900][11.028s][info][gc,start    ] GC(176) Pause Young (Allocation Failure)
[2026-03-23T15:59:39.842+0900][11.031s][info][gc,heap     ] GC(176) PSYoungGen: 11016K(13312K)->2144K(13312K) Eden: 9416K(10240K)->0K(10240K) From: 1600K(3072K)->2144K(3072K)
[2026-03-23T15:59:39.842+0900][11.031s][info][gc,heap     ] GC(176) ParOldGen: 327134K(327168K)->328166K(328704K)
[2026-03-23T15:59:39.842+0900][11.031s][info][gc,metaspace] GC(176) Metaspace: 237K(448K)->237K(448K) NonClass: 222K(320K)->222K(320K) Class: 14K(128K)->14K(128K)
[2026-03-23T15:59:39.842+0900][11.031s][info][gc          ] GC(176) Pause Young (Allocation Failure) 330M->322M(334M) 3.504ms
[2026-03-23T15:59:39.842+0900][11.031s][info][gc,cpu      ] GC(176) User=0.01s Sys=0.00s Real=0.01s
[2026-03-23T15:59:39.874+0900][11.063s][info][gc,start    ] GC(177) Pause Young (Allocation Failure)
[2026-03-23T15:59:39.877+0900][11.066s][info][gc,heap     ] GC(177) PSYoungGen: 11560K(13312K)->2112K(13312K) Eden: 9416K(10240K)->0K(10240K) From: 2144K(3072K)->2112K(3072K)
[2026-03-23T15:59:39.877+0900][11.066s][info][gc,heap     ] GC(177) ParOldGen: 328166K(328704K)->329718K(330240K)
[2026-03-23T15:59:39.877+0900][11.066s][info][gc,metaspace] GC(177) Metaspace: 237K(448K)->237K(448K) NonClass: 222K(320K)->222K(320K) Class: 14K(128K)->14K(128K)
[2026-03-23T15:59:39.877+0900][11.066s][info][gc          ] GC(177) Pause Young (Allocation Failure) 331M->324M(335M) 2.946ms
[2026-03-23T15:59:39.877+0900][11.066s][info][gc,cpu      ] GC(177) User=0.01s Sys=0.00s Real=0.00s
[2026-03-23T15:59:39.930+0900][11.120s][info][gc,start    ] GC(178) Pause Young (Allocation Failure)
[2026-03-23T15:59:39.931+0900][11.120s][info][gc,heap     ] GC(178) PSYoungGen: 11528K(13312K)->1632K(13312K) Eden: 9416K(10240K)->0K(10240K) From: 2112K(3072K)->1632K(3072K)
[2026-03-23T15:59:39.931+0900][11.120s][info][gc,heap     ] GC(178) ParOldGen: 329718K(330240K)->330246K(330752K)
[2026-03-23T15:59:39.931+0900][11.120s][info][gc,metaspace] GC(178) Metaspace: 237K(448K)->237K(448K) NonClass: 222K(320K)->222K(320K) Class: 14K(128K)->14K(128K)
[2026-03-23T15:59:39.931+0900][11.121s][info][gc          ] GC(178) Pause Young (Allocation Failure) 333M->324M(336M) 0.864ms
[2026-03-23T15:59:39.931+0900][11.121s][info][gc,cpu      ] GC(178) User=0.01s Sys=0.00s Real=0.00s
[2026-03-23T15:59:39.962+0900][11.151s][info][gc,start    ] GC(179) Pause Young (Allocation Failure)
[2026-03-23T15:59:39.962+0900][11.152s][info][gc,heap     ] GC(179) PSYoungGen: 11048K(13312K)->2112K(13312K) Eden: 9416K(10240K)->0K(10240K) From: 1632K(3072K)->2112K(3072K)
[2026-03-23T15:59:39.962+0900][11.152s][info][gc,heap     ] GC(179) ParOldGen: 330246K(330752K)->331278K(332288K)
[2026-03-23T15:59:39.962+0900][11.152s][info][gc,metaspace] GC(179) Metaspace: 237K(448K)->237K(448K) NonClass: 222K(320K)->222K(320K) Class: 14K(128K)->14K(128K)
[2026-03-23T15:59:39.962+0900][11.152s][info][gc          ] GC(179) Pause Young (Allocation Failure) 333M->325M(337M) 0.797ms
[2026-03-23T15:59:39.962+0900][11.152s][info][gc,cpu      ] GC(179) User=0.00s Sys=0.00s Real=0.00s
[2026-03-23T15:59:39.995+0900][11.185s][info][gc,start    ] GC(180) Pause Young (Allocation Failure)
[2026-03-23T15:59:39.997+0900][11.187s][info][gc,heap     ] GC(180) PSYoungGen: 11528K(13312K)->2112K(13312K) Eden: 9416K(10240K)->0K(10240K) From: 2112K(3072K)->2112K(3072K)
[2026-03-23T15:59:39.997+0900][11.187s][info][gc,heap     ] GC(180) ParOldGen: 331278K(332288K)->332830K(333824K)
[2026-03-23T15:59:39.997+0900][11.187s][info][gc,metaspace] GC(180) Metaspace: 237K(448K)->237K(448K) NonClass: 222K(320K)->222K(320K) Class: 14K(128K)->14K(128K)
[2026-03-23T15:59:39.997+0900][11.187s][info][gc          ] GC(180) Pause Young (Allocation Failure) 334M->327M(339M) 2.210ms
[2026-03-23T15:59:39.997+0900][11.187s][info][gc,cpu      ] GC(180) User=0.01s Sys=0.00s Real=0.00s
[2026-03-23T15:59:40.034+0900][11.224s][info][gc,start    ] GC(181) Pause Young (Allocation Failure)
[2026-03-23T15:59:40.037+0900][11.226s][info][gc,heap     ] GC(181) PSYoungGen: 11528K(13312K)->1600K(13312K) Eden: 9416K(10240K)->0K(10240K) From: 2112K(3072K)->1600K(3072K)
[2026-03-23T15:59:40.037+0900][11.226s][info][gc,heap     ] GC(181) ParOldGen: 332830K(333824K)->333358K(333824K)
[2026-03-23T15:59:40.037+0900][11.226s][info][gc,metaspace] GC(181) Metaspace: 237K(448K)->237K(448K) NonClass: 222K(320K)->222K(320K) Class: 14K(128K)->14K(128K)
[2026-03-23T15:59:40.037+0900][11.226s][info][gc          ] GC(181) Pause Young (Allocation Failure) 336M->327M(339M) 2.740ms
[2026-03-23T15:59:40.037+0900][11.226s][info][gc,cpu      ] GC(181) User=0.00s Sys=0.00s Real=0.00s
[2026-03-23T15:59:40.067+0900][11.257s][info][gc,start    ] GC(182) Pause Young (Allocation Failure)
[2026-03-23T15:59:40.070+0900][11.260s][info][gc,heap     ] GC(182) PSYoungGen: 11016K(13312K)->2144K(13312K) Eden: 9416K(10240K)->0K(10240K) From: 1600K(3072K)->2144K(3072K)
[2026-03-23T15:59:40.070+0900][11.260s][info][gc,heap     ] GC(182) ParOldGen: 333358K(333824K)->334390K(335360K)
[2026-03-23T15:59:40.070+0900][11.260s][info][gc,metaspace] GC(182) Metaspace: 237K(448K)->237K(448K) NonClass: 222K(320K)->222K(320K) Class: 14K(128K)->14K(128K)
[2026-03-23T15:59:40.070+0900][11.260s][info][gc          ] GC(182) Pause Young (Allocation Failure) 336M->328M(340M) 3.029ms
[2026-03-23T15:59:40.070+0900][11.260s][info][gc,cpu      ] GC(182) User=0.00s Sys=0.00s Real=0.01s
[2026-03-23T15:59:40.101+0900][11.291s][info][gc,start    ] GC(183) Pause Young (Allocation Failure)
[2026-03-23T15:59:40.104+0900][11.293s][info][gc,heap     ] GC(183) PSYoungGen: 11560K(13312K)->2112K(13312K) Eden: 9416K(10240K)->0K(10240K) From: 2144K(3072K)->2112K(3072K)
[2026-03-23T15:59:40.104+0900][11.293s][info][gc,heap     ] GC(183) ParOldGen: 334390K(335360K)->335942K(336896K)
[2026-03-23T15:59:40.104+0900][11.293s][info][gc,metaspace] GC(183) Metaspace: 237K(448K)->237K(448K) NonClass: 222K(320K)->222K(320K) Class: 14K(128K)->14K(128K)
[2026-03-23T15:59:40.104+0900][11.293s][info][gc          ] GC(183) Pause Young (Allocation Failure) 337M->330M(342M) 2.609ms
[2026-03-23T15:59:40.104+0900][11.294s][info][gc,cpu      ] GC(183) User=0.01s Sys=0.00s Real=0.00s
[2026-03-23T15:59:40.143+0900][11.333s][info][gc,start    ] GC(184) Pause Young (Allocation Failure)
[2026-03-23T15:59:40.146+0900][11.336s][info][gc,heap     ] GC(184) PSYoungGen: 11528K(13312K)->1600K(13312K) Eden: 9416K(10240K)->0K(10240K) From: 2112K(3072K)->1600K(3072K)
[2026-03-23T15:59:40.147+0900][11.336s][info][gc,heap     ] GC(184) ParOldGen: 335942K(336896K)->336470K(336896K)
[2026-03-23T15:59:40.147+0900][11.336s][info][gc,metaspace] GC(184) Metaspace: 237K(448K)->237K(448K) NonClass: 222K(320K)->222K(320K) Class: 14K(128K)->14K(128K)
[2026-03-23T15:59:40.147+0900][11.336s][info][gc          ] GC(184) Pause Young (Allocation Failure) 339M->330M(342M) 3.494ms
[2026-03-23T15:59:40.147+0900][11.336s][info][gc,cpu      ] GC(184) User=0.01s Sys=0.00s Real=0.00s
[2026-03-23T15:59:40.176+0900][11.366s][info][gc,start    ] GC(185) Pause Young (Allocation Failure)
[2026-03-23T15:59:40.179+0900][11.369s][info][gc,heap     ] GC(185) PSYoungGen: 11016K(13312K)->2112K(13312K) Eden: 9416K(10240K)->0K(10240K) From: 1600K(3072K)->2112K(3072K)
[2026-03-23T15:59:40.179+0900][11.369s][info][gc,heap     ] GC(185) ParOldGen: 336470K(336896K)->337502K(338432K)
[2026-03-23T15:59:40.179+0900][11.369s][info][gc,metaspace] GC(185) Metaspace: 237K(448K)->237K(448K) NonClass: 222K(320K)->222K(320K) Class: 14K(128K)->14K(128K)
[2026-03-23T15:59:40.179+0900][11.369s][info][gc          ] GC(185) Pause Young (Allocation Failure) 339M->331M(343M) 2.912ms
[2026-03-23T15:59:40.179+0900][11.369s][info][gc,cpu      ] GC(185) User=0.00s Sys=0.00s Real=0.00s
[2026-03-23T15:59:40.212+0900][11.402s][info][gc,start    ] GC(186) Pause Young (Allocation Failure)
[2026-03-23T15:59:40.216+0900][11.406s][info][gc,heap     ] GC(186) PSYoungGen: 11528K(13312K)->2112K(13312K) Eden: 9416K(10240K)->0K(10240K) From: 2112K(3072K)->2112K(3072K)
[2026-03-23T15:59:40.216+0900][11.406s][info][gc,heap     ] GC(186) ParOldGen: 337502K(338432K)->339054K(339968K)
[2026-03-23T15:59:40.217+0900][11.406s][info][gc,metaspace] GC(186) Metaspace: 237K(448K)->237K(448K) NonClass: 222K(320K)->222K(320K) Class: 14K(128K)->14K(128K)
[2026-03-23T15:59:40.217+0900][11.406s][info][gc          ] GC(186) Pause Young (Allocation Failure) 340M->333M(345M) 4.309ms
[2026-03-23T15:59:40.217+0900][11.406s][info][gc,cpu      ] GC(186) User=0.00s Sys=0.01s Real=0.00s
[2026-03-23T15:59:40.255+0900][11.445s][info][gc,start    ] GC(187) Pause Young (Allocation Failure)
[2026-03-23T15:59:40.259+0900][11.448s][info][gc,heap     ] GC(187) PSYoungGen: 11528K(13312K)->1568K(13312K) Eden: 9416K(10240K)->0K(10240K) From: 2112K(3072K)->1568K(3072K)
[2026-03-23T15:59:40.259+0900][11.448s][info][gc,heap     ] GC(187) ParOldGen: 339054K(339968K)->339574K(339968K)
[2026-03-23T15:59:40.259+0900][11.449s][info][gc,metaspace] GC(187) Metaspace: 237K(448K)->237K(448K) NonClass: 222K(320K)->222K(320K) Class: 14K(128K)->14K(128K)
[2026-03-23T15:59:40.259+0900][11.449s][info][gc          ] GC(187) Pause Young (Allocation Failure) 342M->333M(345M) 3.987ms
[2026-03-23T15:59:40.259+0900][11.449s][info][gc,cpu      ] GC(187) User=0.00s Sys=0.00s Real=0.00s
[2026-03-23T15:59:40.292+0900][11.481s][info][gc,start    ] GC(188) Pause Young (Allocation Failure)
[2026-03-23T15:59:40.295+0900][11.484s][info][gc,heap     ] GC(188) PSYoungGen: 10984K(13312K)->2144K(13312K) Eden: 9416K(10240K)->0K(10240K) From: 1568K(3072K)->2144K(3072K)
[2026-03-23T15:59:40.295+0900][11.484s][info][gc,heap     ] GC(188) ParOldGen: 339574K(339968K)->340606K(341504K)
[2026-03-23T15:59:40.295+0900][11.484s][info][gc,metaspace] GC(188) Metaspace: 237K(448K)->237K(448K) NonClass: 222K(320K)->222K(320K) Class: 14K(128K)->14K(128K)
[2026-03-23T15:59:40.295+0900][11.484s][info][gc          ] GC(188) Pause Young (Allocation Failure) 342M->334M(346M) 3.276ms
[2026-03-23T15:59:40.295+0900][11.484s][info][gc,cpu      ] GC(188) User=0.01s Sys=0.00s Real=0.00s
[2026-03-23T15:59:40.328+0900][11.517s][info][gc,start    ] GC(189) Pause Young (Allocation Failure)
[2026-03-23T15:59:40.331+0900][11.520s][info][gc,heap     ] GC(189) PSYoungGen: 11560K(13312K)->2112K(13312K) Eden: 9416K(10240K)->0K(10240K) From: 2144K(3072K)->2112K(3072K)
[2026-03-23T15:59:40.331+0900][11.520s][info][gc,heap     ] GC(189) ParOldGen: 340606K(341504K)->342158K(343040K)
[2026-03-23T15:59:40.331+0900][11.520s][info][gc,metaspace] GC(189) Metaspace: 237K(448K)->237K(448K) NonClass: 222K(320K)->222K(320K) Class: 14K(128K)->14K(128K)
[2026-03-23T15:59:40.331+0900][11.520s][info][gc          ] GC(189) Pause Young (Allocation Failure) 343M->336M(348M) 2.845ms
[2026-03-23T15:59:40.331+0900][11.520s][info][gc,cpu      ] GC(189) User=0.01s Sys=0.00s Real=0.01s
[2026-03-23T15:59:40.368+0900][11.557s][info][gc,start    ] GC(190) Pause Young (Allocation Failure)
[2026-03-23T15:59:40.371+0900][11.560s][info][gc,heap     ] GC(190) PSYoungGen: 11528K(13312K)->1600K(13312K) Eden: 9416K(10240K)->0K(10240K) From: 2112K(3072K)->1600K(3072K)
[2026-03-23T15:59:40.371+0900][11.560s][info][gc,heap     ] GC(190) ParOldGen: 342158K(343040K)->342686K(343040K)
[2026-03-23T15:59:40.371+0900][11.560s][info][gc,metaspace] GC(190) Metaspace: 237K(448K)->237K(448K) NonClass: 222K(320K)->222K(320K) Class: 14K(128K)->14K(128K)
[2026-03-23T15:59:40.371+0900][11.560s][info][gc          ] GC(190) Pause Young (Allocation Failure) 345M->336M(348M) 3.033ms
[2026-03-23T15:59:40.371+0900][11.560s][info][gc,cpu      ] GC(190) User=0.00s Sys=0.00s Real=0.01s
[2026-03-23T15:59:40.403+0900][11.592s][info][gc,start    ] GC(191) Pause Young (Allocation Failure)
[2026-03-23T15:59:40.406+0900][11.595s][info][gc,heap     ] GC(191) PSYoungGen: 11016K(13312K)->2112K(13312K) Eden: 9416K(10240K)->0K(10240K) From: 1600K(3072K)->2112K(3072K)
[2026-03-23T15:59:40.406+0900][11.596s][info][gc,heap     ] GC(191) ParOldGen: 342686K(343040K)->343718K(344576K)
[2026-03-23T15:59:40.406+0900][11.596s][info][gc,metaspace] GC(191) Metaspace: 237K(448K)->237K(448K) NonClass: 222K(320K)->222K(320K) Class: 14K(128K)->14K(128K)
[2026-03-23T15:59:40.406+0900][11.596s][info][gc          ] GC(191) Pause Young (Allocation Failure) 345M->337M(349M) 3.642ms
[2026-03-23T15:59:40.406+0900][11.596s][info][gc,cpu      ] GC(191) User=0.00s Sys=0.00s Real=0.00s
[2026-03-23T15:59:40.439+0900][11.628s][info][gc,start    ] GC(192) Pause Young (Allocation Failure)
[2026-03-23T15:59:40.441+0900][11.631s][info][gc,heap     ] GC(192) PSYoungGen: 11528K(13312K)->2112K(13312K) Eden: 9416K(10240K)->0K(10240K) From: 2112K(3072K)->2112K(3072K)
[2026-03-23T15:59:40.442+0900][11.631s][info][gc,heap     ] GC(192) ParOldGen: 343718K(344576K)->345270K(346112K)
[2026-03-23T15:59:40.442+0900][11.631s][info][gc,metaspace] GC(192) Metaspace: 237K(448K)->237K(448K) NonClass: 222K(320K)->222K(320K) Class: 14K(128K)->14K(128K)
[2026-03-23T15:59:40.442+0900][11.631s][info][gc          ] GC(192) Pause Young (Allocation Failure) 346M->339M(351M) 2.760ms
[2026-03-23T15:59:40.442+0900][11.631s][info][gc,cpu      ] GC(192) User=0.01s Sys=0.01s Real=0.01s
[2026-03-23T15:59:40.479+0900][11.669s][info][gc,start    ] GC(193) Pause Young (Allocation Failure)
[2026-03-23T15:59:40.482+0900][11.671s][info][gc,heap     ] GC(193) PSYoungGen: 11528K(13312K)->1600K(13312K) Eden: 9416K(10240K)->0K(10240K) From: 2112K(3072K)->1600K(3072K)
[2026-03-23T15:59:40.482+0900][11.672s][info][gc,heap     ] GC(193) ParOldGen: 345270K(346112K)->345799K(346112K)
[2026-03-23T15:59:40.482+0900][11.672s][info][gc,metaspace] GC(193) Metaspace: 237K(448K)->237K(448K) NonClass: 222K(320K)->222K(320K) Class: 14K(128K)->14K(128K)
[2026-03-23T15:59:40.482+0900][11.672s][info][gc          ] GC(193) Pause Young (Allocation Failure) 348M->339M(351M) 2.795ms
[2026-03-23T15:59:40.482+0900][11.672s][info][gc,cpu      ] GC(193) User=0.01s Sys=0.00s Real=0.01s
[2026-03-23T15:59:40.514+0900][11.704s][info][gc,start    ] GC(194) Pause Young (Allocation Failure)
[2026-03-23T15:59:40.517+0900][11.706s][info][gc,heap     ] GC(194) PSYoungGen: 11016K(13312K)->2144K(13312K) Eden: 9416K(10240K)->0K(10240K) From: 1600K(3072K)->2144K(3072K)
[2026-03-23T15:59:40.517+0900][11.706s][info][gc,heap     ] GC(194) ParOldGen: 345799K(346112K)->346831K(347648K)
[2026-03-23T15:59:40.517+0900][11.706s][info][gc,metaspace] GC(194) Metaspace: 237K(448K)->237K(448K) NonClass: 222K(320K)->222K(320K) Class: 14K(128K)->14K(128K)
[2026-03-23T15:59:40.517+0900][11.706s][info][gc          ] GC(194) Pause Young (Allocation Failure) 348M->340M(352M) 2.901ms
[2026-03-23T15:59:40.517+0900][11.706s][info][gc,cpu      ] GC(194) User=0.01s Sys=0.00s Real=0.00s
[2026-03-23T15:59:40.550+0900][11.739s][info][gc,start    ] GC(195) Pause Young (Allocation Failure)
[2026-03-23T15:59:40.551+0900][11.741s][info][gc,heap     ] GC(195) PSYoungGen: 11560K(13312K)->2112K(13312K) Eden: 9416K(10240K)->0K(10240K) From: 2144K(3072K)->2112K(3072K)
[2026-03-23T15:59:40.552+0900][11.741s][info][gc,heap     ] GC(195) ParOldGen: 346831K(347648K)->348383K(349184K)
[2026-03-23T15:59:40.552+0900][11.741s][info][gc,metaspace] GC(195) Metaspace: 237K(448K)->237K(448K) NonClass: 222K(320K)->222K(320K) Class: 14K(128K)->14K(128K)
[2026-03-23T15:59:40.552+0900][11.741s][info][gc          ] GC(195) Pause Young (Allocation Failure) 349M->342M(354M) 1.778ms
[2026-03-23T15:59:40.552+0900][11.741s][info][gc,cpu      ] GC(195) User=0.01s Sys=0.00s Real=0.00s
[2026-03-23T15:59:40.591+0900][11.780s][info][gc,start    ] GC(196) Pause Full (Ergonomics)
[2026-03-23T15:59:40.591+0900][11.781s][info][gc,phases,start] GC(196) Marking Phase
[2026-03-23T15:59:40.593+0900][11.782s][info][gc,phases      ] GC(196) Marking Phase 1.659ms
[2026-03-23T15:59:40.593+0900][11.782s][info][gc,phases,start] GC(196) Summary Phase
[2026-03-23T15:59:40.593+0900][11.782s][info][gc,phases      ] GC(196) Summary Phase 0.031ms
[2026-03-23T15:59:40.593+0900][11.782s][info][gc,phases,start] GC(196) Adjust Roots
[2026-03-23T15:59:40.593+0900][11.782s][info][gc,phases      ] GC(196) Adjust Roots 0.160ms
[2026-03-23T15:59:40.593+0900][11.782s][info][gc,phases,start] GC(196) Compaction Phase
[2026-03-23T15:59:40.606+0900][11.795s][info][gc,phases      ] GC(196) Compaction Phase 12.529ms
[2026-03-23T15:59:40.606+0900][11.795s][info][gc,phases,start] GC(196) Post Compact
[2026-03-23T15:59:40.606+0900][11.795s][info][gc,phases      ] GC(196) Post Compact 0.178ms
[2026-03-23T15:59:40.606+0900][11.795s][info][gc,heap        ] GC(196) PSYoungGen: 11528K(13312K)->0K(13312K) Eden: 9416K(10240K)->0K(10240K) From: 2112K(3072K)->0K(3072K)
[2026-03-23T15:59:40.606+0900][11.795s][info][gc,heap        ] GC(196) ParOldGen: 348383K(349184K)->347385K(349696K)
[2026-03-23T15:59:40.606+0900][11.795s][info][gc,metaspace   ] GC(196) Metaspace: 237K(448K)->237K(448K) NonClass: 222K(320K)->222K(320K) Class: 14K(128K)->14K(128K)
[2026-03-23T15:59:40.606+0900][11.795s][info][gc             ] GC(196) Pause Full (Ergonomics) 351M->339M(354M) 14.842ms
[2026-03-23T15:59:40.606+0900][11.795s][info][gc,cpu         ] GC(196) User=0.05s Sys=0.02s Real=0.01s
[2026-03-23T15:59:40.636+0900][11.826s][info][gc,start       ] GC(197) Pause Young (Allocation Failure)
[2026-03-23T15:59:40.638+0900][11.827s][info][gc,heap        ] GC(197) PSYoungGen: 9416K(13312K)->2176K(13312K) Eden: 9416K(10240K)->0K(10240K) From: 0K(3072K)->2176K(3072K)
[2026-03-23T15:59:40.638+0900][11.827s][info][gc,heap        ] GC(197) ParOldGen: 347385K(349696K)->348409K(349696K)
[2026-03-23T15:59:40.638+0900][11.827s][info][gc,metaspace   ] GC(197) Metaspace: 237K(448K)->237K(448K) NonClass: 222K(320K)->222K(320K) Class: 14K(128K)->14K(128K)
[2026-03-23T15:59:40.638+0900][11.827s][info][gc             ] GC(197) Pause Young (Allocation Failure) 348M->342M(354M) 1.474ms
[2026-03-23T15:59:40.638+0900][11.827s][info][gc,cpu         ] GC(197) User=0.00s Sys=0.00s Real=0.00s
[2026-03-23T15:59:40.670+0900][11.860s][info][gc,start       ] GC(198) Pause Full (Ergonomics)
[2026-03-23T15:59:40.670+0900][11.860s][info][gc,phases,start] GC(198) Marking Phase
[2026-03-23T15:59:40.673+0900][11.862s][info][gc,phases      ] GC(198) Marking Phase 2.153ms
[2026-03-23T15:59:40.673+0900][11.862s][info][gc,phases,start] GC(198) Summary Phase
[2026-03-23T15:59:40.673+0900][11.862s][info][gc,phases      ] GC(198) Summary Phase 0.177ms
[2026-03-23T15:59:40.673+0900][11.862s][info][gc,phases,start] GC(198) Adjust Roots
[2026-03-23T15:59:40.673+0900][11.863s][info][gc,phases      ] GC(198) Adjust Roots 0.552ms
[2026-03-23T15:59:40.673+0900][11.863s][info][gc,phases,start] GC(198) Compaction Phase
[2026-03-23T15:59:40.682+0900][11.872s][info][gc,phases      ] GC(198) Compaction Phase 8.991ms
[2026-03-23T15:59:40.683+0900][11.872s][info][gc,phases,start] GC(198) Post Compact
[2026-03-23T15:59:40.683+0900][11.872s][info][gc,phases      ] GC(198) Post Compact 0.075ms
[2026-03-23T15:59:40.683+0900][11.872s][info][gc,heap        ] GC(198) PSYoungGen: 11592K(13312K)->1024K(13312K) Eden: 9416K(10240K)->1024K(10240K) From: 2176K(3072K)->0K(3072K)
[2026-03-23T15:59:40.683+0900][11.872s][info][gc,heap        ] GC(198) ParOldGen: 348409K(349696K)->349401K(349696K)
[2026-03-23T15:59:40.683+0900][11.872s][info][gc,metaspace   ] GC(198) Metaspace: 237K(448K)->237K(448K) NonClass: 222K(320K)->222K(320K) Class: 14K(128K)->14K(128K)
[2026-03-23T15:59:40.683+0900][11.872s][info][gc             ] GC(198) Pause Full (Ergonomics) 351M->342M(354M) 12.268ms
[2026-03-23T15:59:40.683+0900][11.872s][info][gc,cpu         ] GC(198) User=0.03s Sys=0.01s Real=0.01s
[2026-03-23T15:59:40.723+0900][11.913s][info][gc,start       ] GC(199) Pause Full (Ergonomics)
[2026-03-23T15:59:40.723+0900][11.913s][info][gc,phases,start] GC(199) Marking Phase
[2026-03-23T15:59:40.725+0900][11.914s][info][gc,phases      ] GC(199) Marking Phase 1.493ms
[2026-03-23T15:59:40.725+0900][11.914s][info][gc,phases,start] GC(199) Summary Phase
[2026-03-23T15:59:40.725+0900][11.914s][info][gc,phases      ] GC(199) Summary Phase 0.020ms
[2026-03-23T15:59:40.725+0900][11.914s][info][gc,phases,start] GC(199) Adjust Roots
[2026-03-23T15:59:40.725+0900][11.915s][info][gc,phases      ] GC(199) Adjust Roots 0.145ms
[2026-03-23T15:59:40.725+0900][11.915s][info][gc,phases,start] GC(199) Compaction Phase
[2026-03-23T15:59:40.726+0900][11.915s][info][gc,phases      ] GC(199) Compaction Phase 0.757ms
[2026-03-23T15:59:40.726+0900][11.915s][info][gc,phases,start] GC(199) Post Compact
[2026-03-23T15:59:40.726+0900][11.916s][info][gc,phases      ] GC(199) Post Compact 0.193ms
[2026-03-23T15:59:40.726+0900][11.916s][info][gc,heap        ] GC(199) PSYoungGen: 9928K(13312K)->1024K(13312K) Eden: 9928K(10240K)->1024K(10240K) From: 0K(3072K)->0K(3072K)
[2026-03-23T15:59:40.726+0900][11.916s][info][gc,heap        ] GC(199) ParOldGen: 349401K(349696K)->348889K(349696K)
[2026-03-23T15:59:40.726+0900][11.916s][info][gc,metaspace   ] GC(199) Metaspace: 237K(448K)->237K(448K) NonClass: 222K(320K)->222K(320K) Class: 14K(128K)->14K(128K)
[2026-03-23T15:59:40.726+0900][11.916s][info][gc             ] GC(199) Pause Full (Ergonomics) 350M->341M(354M) 2.924ms
[2026-03-23T15:59:40.726+0900][11.916s][info][gc,cpu         ] GC(199) User=0.01s Sys=0.00s Real=0.00s
[2026-03-23T15:59:40.752+0900][11.941s][info][gc,start       ] GC(200) Pause Full (Ergonomics)
[2026-03-23T15:59:40.752+0900][11.941s][info][gc,phases,start] GC(200) Marking Phase
[2026-03-23T15:59:40.754+0900][11.943s][info][gc,phases      ] GC(200) Marking Phase 1.636ms
[2026-03-23T15:59:40.754+0900][11.943s][info][gc,phases,start] GC(200) Summary Phase
[2026-03-23T15:59:40.754+0900][11.943s][info][gc,phases      ] GC(200) Summary Phase 0.023ms
[2026-03-23T15:59:40.754+0900][11.943s][info][gc,phases,start] GC(200) Adjust Roots
[2026-03-23T15:59:40.754+0900][11.943s][info][gc,phases      ] GC(200) Adjust Roots 0.153ms
[2026-03-23T15:59:40.754+0900][11.943s][info][gc,phases,start] GC(200) Compaction Phase
[2026-03-23T15:59:40.755+0900][11.944s][info][gc,phases      ] GC(200) Compaction Phase 0.817ms
[2026-03-23T15:59:40.755+0900][11.944s][info][gc,phases,start] GC(200) Post Compact
[2026-03-23T15:59:40.755+0900][11.944s][info][gc,phases      ] GC(200) Post Compact 0.145ms
[2026-03-23T15:59:40.755+0900][11.944s][info][gc,heap        ] GC(200) PSYoungGen: 9409K(13312K)->3072K(13312K) Eden: 9409K(10240K)->3072K(10240K) From: 0K(3072K)->0K(3072K)
[2026-03-23T15:59:40.755+0900][11.944s][info][gc,heap        ] GC(200) ParOldGen: 348889K(349696K)->348889K(349696K)
[2026-03-23T15:59:40.755+0900][11.944s][info][gc,metaspace   ] GC(200) Metaspace: 237K(448K)->237K(448K) NonClass: 222K(320K)->222K(320K) Class: 14K(128K)->14K(128K)
[2026-03-23T15:59:40.755+0900][11.944s][info][gc             ] GC(200) Pause Full (Ergonomics) 349M->343M(354M) 3.069ms
[2026-03-23T15:59:40.755+0900][11.944s][info][gc,cpu         ] GC(200) User=0.01s Sys=0.00s Real=0.00s
[2026-03-23T15:59:40.779+0900][11.968s][info][gc,start       ] GC(201) Pause Full (Ergonomics)
[2026-03-23T15:59:40.779+0900][11.968s][info][gc,phases,start] GC(201) Marking Phase
[2026-03-23T15:59:40.780+0900][11.970s][info][gc,phases      ] GC(201) Marking Phase 1.303ms
[2026-03-23T15:59:40.780+0900][11.970s][info][gc,phases,start] GC(201) Summary Phase
[2026-03-23T15:59:40.780+0900][11.970s][info][gc,phases      ] GC(201) Summary Phase 0.020ms
[2026-03-23T15:59:40.780+0900][11.970s][info][gc,phases,start] GC(201) Adjust Roots
[2026-03-23T15:59:40.780+0900][11.970s][info][gc,phases      ] GC(201) Adjust Roots 0.142ms
[2026-03-23T15:59:40.780+0900][11.970s][info][gc,phases,start] GC(201) Compaction Phase
[2026-03-23T15:59:40.781+0900][11.971s][info][gc,phases      ] GC(201) Compaction Phase 0.855ms
[2026-03-23T15:59:40.781+0900][11.971s][info][gc,phases,start] GC(201) Post Compact
[2026-03-23T15:59:40.782+0900][11.971s][info][gc,phases      ] GC(201) Post Compact 0.149ms
[2026-03-23T15:59:40.782+0900][11.971s][info][gc,heap        ] GC(201) PSYoungGen: 9404K(13312K)->3072K(13312K) Eden: 9404K(10240K)->3072K(10240K) From: 0K(3072K)->0K(3072K)
[2026-03-23T15:59:40.782+0900][11.971s][info][gc,heap        ] GC(201) ParOldGen: 348889K(349696K)->348889K(349696K)
[2026-03-23T15:59:40.782+0900][11.971s][info][gc,metaspace   ] GC(201) Metaspace: 237K(448K)->237K(448K) NonClass: 222K(320K)->222K(320K) Class: 14K(128K)->14K(128K)
[2026-03-23T15:59:40.782+0900][11.971s][info][gc             ] GC(201) Pause Full (Ergonomics) 349M->343M(354M) 2.753ms
[2026-03-23T15:59:40.782+0900][11.971s][info][gc,cpu         ] GC(201) User=0.00s Sys=0.00s Real=0.01s
[2026-03-23T15:59:40.800+0900][11.990s][info][gc,start       ] GC(202) Pause Full (Ergonomics)
[2026-03-23T15:59:40.801+0900][11.990s][info][gc,phases,start] GC(202) Marking Phase
[2026-03-23T15:59:40.802+0900][11.992s][info][gc,phases      ] GC(202) Marking Phase 1.919ms
[2026-03-23T15:59:40.803+0900][11.992s][info][gc,phases,start] GC(202) Summary Phase
[2026-03-23T15:59:40.803+0900][11.992s][info][gc,phases      ] GC(202) Summary Phase 0.054ms
[2026-03-23T15:59:40.803+0900][11.992s][info][gc,phases,start] GC(202) Adjust Roots
[2026-03-23T15:59:40.803+0900][11.992s][info][gc,phases      ] GC(202) Adjust Roots 0.169ms
[2026-03-23T15:59:40.803+0900][11.992s][info][gc,phases,start] GC(202) Compaction Phase
[2026-03-23T15:59:40.804+0900][11.993s][info][gc,phases      ] GC(202) Compaction Phase 0.901ms
[2026-03-23T15:59:40.804+0900][11.993s][info][gc,phases,start] GC(202) Post Compact
[2026-03-23T15:59:40.804+0900][11.993s][info][gc,phases      ] GC(202) Post Compact 0.151ms
[2026-03-23T15:59:40.804+0900][11.993s][info][gc,heap        ] GC(202) PSYoungGen: 9385K(13312K)->4608K(13312K) Eden: 9385K(10240K)->4608K(10240K) From: 0K(3072K)->0K(3072K)
[2026-03-23T15:59:40.804+0900][11.993s][info][gc,heap        ] GC(202) ParOldGen: 348889K(349696K)->348889K(349696K)
[2026-03-23T15:59:40.804+0900][11.993s][info][gc,metaspace   ] GC(202) Metaspace: 237K(448K)->237K(448K) NonClass: 222K(320K)->222K(320K) Class: 14K(128K)->14K(128K)
[2026-03-23T15:59:40.804+0900][11.993s][info][gc             ] GC(202) Pause Full (Ergonomics) 349M->345M(354M) 3.588ms
[2026-03-23T15:59:40.804+0900][11.993s][info][gc,cpu         ] GC(202) User=0.01s Sys=0.00s Real=0.00s
[2026-03-23T15:59:40.824+0900][12.013s][info][gc,start       ] GC(203) Pause Full (Ergonomics)
[2026-03-23T15:59:40.824+0900][12.014s][info][gc,phases,start] GC(203) Marking Phase
[2026-03-23T15:59:40.826+0900][12.016s][info][gc,phases      ] GC(203) Marking Phase 1.973ms
[2026-03-23T15:59:40.826+0900][12.016s][info][gc,phases,start] GC(203) Summary Phase
[2026-03-23T15:59:40.826+0900][12.016s][info][gc,phases      ] GC(203) Summary Phase 0.026ms
[2026-03-23T15:59:40.826+0900][12.016s][info][gc,phases,start] GC(203) Adjust Roots
[2026-03-23T15:59:40.826+0900][12.016s][info][gc,phases      ] GC(203) Adjust Roots 0.185ms
[2026-03-23T15:59:40.826+0900][12.016s][info][gc,phases,start] GC(203) Compaction Phase
[2026-03-23T15:59:40.827+0900][12.017s][info][gc,phases      ] GC(203) Compaction Phase 0.975ms
[2026-03-23T15:59:40.828+0900][12.017s][info][gc,phases,start] GC(203) Post Compact
[2026-03-23T15:59:40.828+0900][12.017s][info][gc,phases      ] GC(203) Post Compact 0.146ms
[2026-03-23T15:59:40.828+0900][12.017s][info][gc,heap        ] GC(203) PSYoungGen: 9373K(13312K)->4608K(13312K) Eden: 9373K(10240K)->4608K(10240K) From: 0K(3072K)->0K(3072K)
[2026-03-23T15:59:40.828+0900][12.017s][info][gc,heap        ] GC(203) ParOldGen: 348889K(349696K)->348889K(349696K)
[2026-03-23T15:59:40.828+0900][12.017s][info][gc,metaspace   ] GC(203) Metaspace: 237K(448K)->237K(448K) NonClass: 222K(320K)->222K(320K) Class: 14K(128K)->14K(128K)
[2026-03-23T15:59:40.828+0900][12.017s][info][gc             ] GC(203) Pause Full (Ergonomics) 349M->345M(354M) 3.632ms
[2026-03-23T15:59:40.828+0900][12.017s][info][gc,cpu         ] GC(203) User=0.01s Sys=0.00s Real=0.00s
[2026-03-23T15:59:40.847+0900][12.037s][info][gc,start       ] GC(204) Pause Full (Ergonomics)
[2026-03-23T15:59:40.847+0900][12.037s][info][gc,phases,start] GC(204) Marking Phase
[2026-03-23T15:59:40.849+0900][12.038s][info][gc,phases      ] GC(204) Marking Phase 1.247ms
[2026-03-23T15:59:40.849+0900][12.038s][info][gc,phases,start] GC(204) Summary Phase
[2026-03-23T15:59:40.849+0900][12.038s][info][gc,phases      ] GC(204) Summary Phase 0.007ms
[2026-03-23T15:59:40.849+0900][12.038s][info][gc,phases,start] GC(204) Adjust Roots
[2026-03-23T15:59:40.849+0900][12.038s][info][gc,phases      ] GC(204) Adjust Roots 0.104ms
[2026-03-23T15:59:40.849+0900][12.038s][info][gc,phases,start] GC(204) Compaction Phase
[2026-03-23T15:59:40.849+0900][12.039s][info][gc,phases      ] GC(204) Compaction Phase 0.286ms
[2026-03-23T15:59:40.849+0900][12.039s][info][gc,phases,start] GC(204) Post Compact
[2026-03-23T15:59:40.849+0900][12.039s][info][gc,phases      ] GC(204) Post Compact 0.069ms
[2026-03-23T15:59:40.849+0900][12.039s][info][gc,heap        ] GC(204) PSYoungGen: 9353K(13312K)->4608K(13312K) Eden: 9353K(10240K)->4608K(10240K) From: 0K(3072K)->0K(3072K)
[2026-03-23T15:59:40.849+0900][12.039s][info][gc,heap        ] GC(204) ParOldGen: 348889K(349696K)->348889K(349696K)
[2026-03-23T15:59:40.849+0900][12.039s][info][gc,metaspace   ] GC(204) Metaspace: 237K(448K)->237K(448K) NonClass: 222K(320K)->222K(320K) Class: 14K(128K)->14K(128K)
[2026-03-23T15:59:40.849+0900][12.039s][info][gc             ] GC(204) Pause Full (Ergonomics) 349M->345M(354M) 1.870ms
[2026-03-23T15:59:40.849+0900][12.039s][info][gc,cpu         ] GC(204) User=0.00s Sys=0.00s Real=0.00s
[2026-03-23T15:59:40.862+0900][12.051s][info][gc,start       ] GC(205) Pause Full (Ergonomics)
[2026-03-23T15:59:40.862+0900][12.051s][info][gc,phases,start] GC(205) Marking Phase
[2026-03-23T15:59:40.863+0900][12.053s][info][gc,phases      ] GC(205) Marking Phase 1.171ms
[2026-03-23T15:59:40.863+0900][12.053s][info][gc,phases,start] GC(205) Summary Phase
[2026-03-23T15:59:40.863+0900][12.053s][info][gc,phases      ] GC(205) Summary Phase 0.006ms
[2026-03-23T15:59:40.863+0900][12.053s][info][gc,phases,start] GC(205) Adjust Roots
[2026-03-23T15:59:40.863+0900][12.053s][info][gc,phases      ] GC(205) Adjust Roots 0.108ms
[2026-03-23T15:59:40.863+0900][12.053s][info][gc,phases,start] GC(205) Compaction Phase
[2026-03-23T15:59:40.864+0900][12.053s][info][gc,phases      ] GC(205) Compaction Phase 0.306ms
[2026-03-23T15:59:40.864+0900][12.053s][info][gc,phases,start] GC(205) Post Compact
[2026-03-23T15:59:40.864+0900][12.053s][info][gc,phases      ] GC(205) Post Compact 0.073ms
[2026-03-23T15:59:40.864+0900][12.053s][info][gc,heap        ] GC(205) PSYoungGen: 9341K(13312K)->6144K(13312K) Eden: 9341K(10240K)->6144K(10240K) From: 0K(3072K)->0K(3072K)
[2026-03-23T15:59:40.864+0900][12.053s][info][gc,heap        ] GC(205) ParOldGen: 348889K(349696K)->348889K(349696K)
[2026-03-23T15:59:40.864+0900][12.053s][info][gc,metaspace   ] GC(205) Metaspace: 237K(448K)->237K(448K) NonClass: 222K(320K)->222K(320K) Class: 14K(128K)->14K(128K)
[2026-03-23T15:59:40.864+0900][12.053s][info][gc             ] GC(205) Pause Full (Ergonomics) 349M->346M(354M) 1.810ms
[2026-03-23T15:59:40.864+0900][12.053s][info][gc,cpu         ] GC(205) User=0.01s Sys=0.00s Real=0.00s
[2026-03-23T15:59:40.877+0900][12.066s][info][gc,start       ] GC(206) Pause Full (Ergonomics)
[2026-03-23T15:59:40.877+0900][12.066s][info][gc,phases,start] GC(206) Marking Phase
[2026-03-23T15:59:40.878+0900][12.067s][info][gc,phases      ] GC(206) Marking Phase 1.149ms
[2026-03-23T15:59:40.878+0900][12.067s][info][gc,phases,start] GC(206) Summary Phase
[2026-03-23T15:59:40.878+0900][12.067s][info][gc,phases      ] GC(206) Summary Phase 0.005ms
[2026-03-23T15:59:40.878+0900][12.067s][info][gc,phases,start] GC(206) Adjust Roots
[2026-03-23T15:59:40.878+0900][12.067s][info][gc,phases      ] GC(206) Adjust Roots 0.099ms
[2026-03-23T15:59:40.878+0900][12.067s][info][gc,phases,start] GC(206) Compaction Phase
[2026-03-23T15:59:40.878+0900][12.068s][info][gc,phases      ] GC(206) Compaction Phase 0.265ms
[2026-03-23T15:59:40.878+0900][12.068s][info][gc,phases,start] GC(206) Post Compact
[2026-03-23T15:59:40.878+0900][12.068s][info][gc,phases      ] GC(206) Post Compact 0.059ms
[2026-03-23T15:59:40.878+0900][12.068s][info][gc,heap        ] GC(206) PSYoungGen: 9332K(13312K)->6144K(13312K) Eden: 9332K(10240K)->6144K(10240K) From: 0K(3072K)->0K(3072K)
[2026-03-23T15:59:40.878+0900][12.068s][info][gc,heap        ] GC(206) ParOldGen: 348889K(349696K)->348889K(349696K)
[2026-03-23T15:59:40.878+0900][12.068s][info][gc,metaspace   ] GC(206) Metaspace: 237K(448K)->237K(448K) NonClass: 222K(320K)->222K(320K) Class: 14K(128K)->14K(128K)
[2026-03-23T15:59:40.878+0900][12.068s][info][gc             ] GC(206) Pause Full (Ergonomics) 349M->346M(354M) 1.718ms
[2026-03-23T15:59:40.878+0900][12.068s][info][gc,cpu         ] GC(206) User=0.01s Sys=0.00s Real=0.00s
[2026-03-23T15:59:40.890+0900][12.080s][info][gc,start       ] GC(207) Pause Full (Ergonomics)
[2026-03-23T15:59:40.890+0900][12.080s][info][gc,phases,start] GC(207) Marking Phase
[2026-03-23T15:59:40.891+0900][12.081s][info][gc,phases      ] GC(207) Marking Phase 1.034ms
[2026-03-23T15:59:40.891+0900][12.081s][info][gc,phases,start] GC(207) Summary Phase
[2026-03-23T15:59:40.891+0900][12.081s][info][gc,phases      ] GC(207) Summary Phase 0.004ms
[2026-03-23T15:59:40.891+0900][12.081s][info][gc,phases,start] GC(207) Adjust Roots
[2026-03-23T15:59:40.891+0900][12.081s][info][gc,phases      ] GC(207) Adjust Roots 0.091ms
[2026-03-23T15:59:40.892+0900][12.081s][info][gc,phases,start] GC(207) Compaction Phase
[2026-03-23T15:59:40.892+0900][12.081s][info][gc,phases      ] GC(207) Compaction Phase 0.292ms
[2026-03-23T15:59:40.892+0900][12.081s][info][gc,phases,start] GC(207) Post Compact
[2026-03-23T15:59:40.892+0900][12.081s][info][gc,phases      ] GC(207) Post Compact 0.068ms
[2026-03-23T15:59:40.892+0900][12.081s][info][gc,heap        ] GC(207) PSYoungGen: 9315K(13312K)->6144K(13312K) Eden: 9315K(10240K)->6144K(10240K) From: 0K(3072K)->0K(3072K)
[2026-03-23T15:59:40.892+0900][12.081s][info][gc,heap        ] GC(207) ParOldGen: 348889K(349696K)->348889K(349696K)
[2026-03-23T15:59:40.892+0900][12.081s][info][gc,metaspace   ] GC(207) Metaspace: 237K(448K)->237K(448K) NonClass: 222K(320K)->222K(320K) Class: 14K(128K)->14K(128K)
[2026-03-23T15:59:40.892+0900][12.081s][info][gc             ] GC(207) Pause Full (Ergonomics) 349M->346M(354M) 1.577ms
[2026-03-23T15:59:40.892+0900][12.081s][info][gc,cpu         ] GC(207) User=0.00s Sys=0.01s Real=0.00s
[2026-03-23T15:59:40.904+0900][12.093s][info][gc,start       ] GC(208) Pause Full (Ergonomics)
[2026-03-23T15:59:40.904+0900][12.093s][info][gc,phases,start] GC(208) Marking Phase
[2026-03-23T15:59:40.905+0900][12.094s][info][gc,phases      ] GC(208) Marking Phase 1.006ms
[2026-03-23T15:59:40.905+0900][12.095s][info][gc,phases,start] GC(208) Summary Phase
[2026-03-23T15:59:40.905+0900][12.095s][info][gc,phases      ] GC(208) Summary Phase 0.005ms
[2026-03-23T15:59:40.905+0900][12.095s][info][gc,phases,start] GC(208) Adjust Roots
[2026-03-23T15:59:40.905+0900][12.095s][info][gc,phases      ] GC(208) Adjust Roots 0.121ms
[2026-03-23T15:59:40.905+0900][12.095s][info][gc,phases,start] GC(208) Compaction Phase
[2026-03-23T15:59:40.906+0900][12.095s][info][gc,phases      ] GC(208) Compaction Phase 0.269ms
[2026-03-23T15:59:40.906+0900][12.095s][info][gc,phases,start] GC(208) Post Compact
[2026-03-23T15:59:40.906+0900][12.095s][info][gc,phases      ] GC(208) Post Compact 0.063ms
[2026-03-23T15:59:40.906+0900][12.095s][info][gc,heap        ] GC(208) PSYoungGen: 9304K(13312K)->6144K(13312K) Eden: 9304K(10240K)->6144K(10240K) From: 0K(3072K)->0K(3072K)
[2026-03-23T15:59:40.906+0900][12.095s][info][gc,heap        ] GC(208) ParOldGen: 348889K(349696K)->348889K(349696K)
[2026-03-23T15:59:40.906+0900][12.095s][info][gc,metaspace   ] GC(208) Metaspace: 237K(448K)->237K(448K) NonClass: 222K(320K)->222K(320K) Class: 14K(128K)->14K(128K)
[2026-03-23T15:59:40.906+0900][12.095s][info][gc             ] GC(208) Pause Full (Ergonomics) 349M->346M(354M) 1.541ms
[2026-03-23T15:59:40.906+0900][12.095s][info][gc,cpu         ] GC(208) User=0.01s Sys=0.00s Real=0.00s
[2026-03-23T15:59:40.911+0900][12.100s][info][gc,start       ] GC(209) Pause Full (Ergonomics)
[2026-03-23T15:59:40.911+0900][12.100s][info][gc,phases,start] GC(209) Marking Phase
[2026-03-23T15:59:40.912+0900][12.101s][info][gc,phases      ] GC(209) Marking Phase 1.116ms
[2026-03-23T15:59:40.912+0900][12.101s][info][gc,phases,start] GC(209) Summary Phase
[2026-03-23T15:59:40.912+0900][12.101s][info][gc,phases      ] GC(209) Summary Phase 0.006ms
[2026-03-23T15:59:40.912+0900][12.101s][info][gc,phases,start] GC(209) Adjust Roots
[2026-03-23T15:59:40.912+0900][12.102s][info][gc,phases      ] GC(209) Adjust Roots 0.080ms
[2026-03-23T15:59:40.912+0900][12.102s][info][gc,phases,start] GC(209) Compaction Phase
[2026-03-23T15:59:40.912+0900][12.102s][info][gc,phases      ] GC(209) Compaction Phase 0.260ms
[2026-03-23T15:59:40.912+0900][12.102s][info][gc,phases,start] GC(209) Post Compact
[2026-03-23T15:59:40.913+0900][12.102s][info][gc,phases      ] GC(209) Post Compact 0.062ms
[2026-03-23T15:59:40.913+0900][12.102s][info][gc,heap        ] GC(209) PSYoungGen: 9297K(13312K)->7680K(13312K) Eden: 9297K(10240K)->7680K(10240K) From: 0K(3072K)->0K(3072K)
[2026-03-23T15:59:40.913+0900][12.102s][info][gc,heap        ] GC(209) ParOldGen: 348889K(349696K)->348889K(349696K)
[2026-03-23T15:59:40.913+0900][12.102s][info][gc,metaspace   ] GC(209) Metaspace: 237K(448K)->237K(448K) NonClass: 222K(320K)->222K(320K) Class: 14K(128K)->14K(128K)
[2026-03-23T15:59:40.913+0900][12.102s][info][gc             ] GC(209) Pause Full (Ergonomics) 349M->348M(354M) 1.597ms
[2026-03-23T15:59:40.913+0900][12.102s][info][gc,cpu         ] GC(209) User=0.01s Sys=0.00s Real=0.00s
[2026-03-23T15:59:40.918+0900][12.108s][info][gc,start       ] GC(210) Pause Full (Ergonomics)
[2026-03-23T15:59:40.918+0900][12.108s][info][gc,phases,start] GC(210) Marking Phase
[2026-03-23T15:59:40.919+0900][12.109s][info][gc,phases      ] GC(210) Marking Phase 1.249ms
[2026-03-23T15:59:40.919+0900][12.109s][info][gc,phases,start] GC(210) Summary Phase
[2026-03-23T15:59:40.919+0900][12.109s][info][gc,phases      ] GC(210) Summary Phase 0.007ms
[2026-03-23T15:59:40.919+0900][12.109s][info][gc,phases,start] GC(210) Adjust Roots
[2026-03-23T15:59:40.920+0900][12.109s][info][gc,phases      ] GC(210) Adjust Roots 0.099ms
[2026-03-23T15:59:40.920+0900][12.109s][info][gc,phases,start] GC(210) Compaction Phase
[2026-03-23T15:59:40.920+0900][12.109s][info][gc,phases      ] GC(210) Compaction Phase 0.279ms
[2026-03-23T15:59:40.920+0900][12.109s][info][gc,phases,start] GC(210) Post Compact
[2026-03-23T15:59:40.920+0900][12.109s][info][gc,phases      ] GC(210) Post Compact 0.060ms
[2026-03-23T15:59:40.920+0900][12.109s][info][gc,heap        ] GC(210) PSYoungGen: 9293K(13312K)->7680K(13312K) Eden: 9293K(10240K)->7680K(10240K) From: 0K(3072K)->0K(3072K)
[2026-03-23T15:59:40.920+0900][12.109s][info][gc,heap        ] GC(210) ParOldGen: 348889K(349696K)->348889K(349696K)
[2026-03-23T15:59:40.920+0900][12.109s][info][gc,metaspace   ] GC(210) Metaspace: 237K(448K)->237K(448K) NonClass: 222K(320K)->222K(320K) Class: 14K(128K)->14K(128K)
[2026-03-23T15:59:40.920+0900][12.109s][info][gc             ] GC(210) Pause Full (Ergonomics) 349M->348M(354M) 1.815ms
[2026-03-23T15:59:40.920+0900][12.109s][info][gc,cpu         ] GC(210) User=0.01s Sys=0.00s Real=0.01s
[2026-03-23T15:59:40.926+0900][12.116s][info][gc,start       ] GC(211) Pause Full (Ergonomics)
[2026-03-23T15:59:40.926+0900][12.116s][info][gc,phases,start] GC(211) Marking Phase
[2026-03-23T15:59:40.928+0900][12.117s][info][gc,phases      ] GC(211) Marking Phase 1.115ms
[2026-03-23T15:59:40.928+0900][12.117s][info][gc,phases,start] GC(211) Summary Phase
[2026-03-23T15:59:40.928+0900][12.117s][info][gc,phases      ] GC(211) Summary Phase 0.005ms
[2026-03-23T15:59:40.928+0900][12.117s][info][gc,phases,start] GC(211) Adjust Roots
[2026-03-23T15:59:40.928+0900][12.117s][info][gc,phases      ] GC(211) Adjust Roots 0.095ms
[2026-03-23T15:59:40.928+0900][12.117s][info][gc,phases,start] GC(211) Compaction Phase
[2026-03-23T15:59:40.928+0900][12.117s][info][gc,phases      ] GC(211) Compaction Phase 0.246ms
[2026-03-23T15:59:40.928+0900][12.117s][info][gc,phases,start] GC(211) Post Compact
[2026-03-23T15:59:40.928+0900][12.117s][info][gc,phases      ] GC(211) Post Compact 0.061ms
[2026-03-23T15:59:40.928+0900][12.117s][info][gc,heap        ] GC(211) PSYoungGen: 9278K(13312K)->7680K(13312K) Eden: 9278K(10240K)->7680K(10240K) From: 0K(3072K)->0K(3072K)
[2026-03-23T15:59:40.928+0900][12.117s][info][gc,heap        ] GC(211) ParOldGen: 348889K(349696K)->348889K(349696K)
[2026-03-23T15:59:40.928+0900][12.117s][info][gc,metaspace   ] GC(211) Metaspace: 237K(448K)->237K(448K) NonClass: 222K(320K)->222K(320K) Class: 14K(128K)->14K(128K)
[2026-03-23T15:59:40.928+0900][12.117s][info][gc             ] GC(211) Pause Full (Ergonomics) 349M->348M(354M) 1.647ms
[2026-03-23T15:59:40.928+0900][12.117s][info][gc,cpu         ] GC(211) User=0.01s Sys=0.00s Real=0.00s
[2026-03-23T15:59:40.934+0900][12.124s][info][gc,start       ] GC(212) Pause Full (Ergonomics)
[2026-03-23T15:59:40.934+0900][12.124s][info][gc,phases,start] GC(212) Marking Phase
[2026-03-23T15:59:40.935+0900][12.125s][info][gc,phases      ] GC(212) Marking Phase 1.000ms
[2026-03-23T15:59:40.935+0900][12.125s][info][gc,phases,start] GC(212) Summary Phase
[2026-03-23T15:59:40.935+0900][12.125s][info][gc,phases      ] GC(212) Summary Phase 0.004ms
[2026-03-23T15:59:40.935+0900][12.125s][info][gc,phases,start] GC(212) Adjust Roots
[2026-03-23T15:59:40.935+0900][12.125s][info][gc,phases      ] GC(212) Adjust Roots 0.090ms
[2026-03-23T15:59:40.935+0900][12.125s][info][gc,phases,start] GC(212) Compaction Phase
[2026-03-23T15:59:40.935+0900][12.125s][info][gc,phases      ] GC(212) Compaction Phase 0.257ms
[2026-03-23T15:59:40.935+0900][12.125s][info][gc,phases,start] GC(212) Post Compact
[2026-03-23T15:59:40.936+0900][12.125s][info][gc,phases      ] GC(212) Post Compact 0.064ms
[2026-03-23T15:59:40.936+0900][12.125s][info][gc,heap        ] GC(212) PSYoungGen: 9268K(13312K)->7680K(13312K) Eden: 9268K(10240K)->7680K(10240K) From: 0K(3072K)->0K(3072K)
[2026-03-23T15:59:40.936+0900][12.125s][info][gc,heap        ] GC(212) ParOldGen: 348889K(349696K)->348889K(349696K)
[2026-03-23T15:59:40.936+0900][12.125s][info][gc,metaspace   ] GC(212) Metaspace: 237K(448K)->237K(448K) NonClass: 222K(320K)->222K(320K) Class: 14K(128K)->14K(128K)
[2026-03-23T15:59:40.936+0900][12.125s][info][gc             ] GC(212) Pause Full (Ergonomics) 349M->348M(354M) 1.469ms
[2026-03-23T15:59:40.936+0900][12.125s][info][gc,cpu         ] GC(212) User=0.00s Sys=0.00s Real=0.00s
[2026-03-23T15:59:40.942+0900][12.131s][info][gc,start       ] GC(213) Pause Full (Ergonomics)
[2026-03-23T15:59:40.942+0900][12.131s][info][gc,phases,start] GC(213) Marking Phase
[2026-03-23T15:59:40.943+0900][12.133s][info][gc,phases      ] GC(213) Marking Phase 1.234ms
[2026-03-23T15:59:40.943+0900][12.133s][info][gc,phases,start] GC(213) Summary Phase
[2026-03-23T15:59:40.943+0900][12.133s][info][gc,phases      ] GC(213) Summary Phase 0.008ms
[2026-03-23T15:59:40.943+0900][12.133s][info][gc,phases,start] GC(213) Adjust Roots
[2026-03-23T15:59:40.943+0900][12.133s][info][gc,phases      ] GC(213) Adjust Roots 0.089ms
[2026-03-23T15:59:40.943+0900][12.133s][info][gc,phases,start] GC(213) Compaction Phase
[2026-03-23T15:59:40.944+0900][12.133s][info][gc,phases      ] GC(213) Compaction Phase 0.262ms
[2026-03-23T15:59:40.944+0900][12.133s][info][gc,phases,start] GC(213) Post Compact
[2026-03-23T15:59:40.944+0900][12.133s][info][gc,phases      ] GC(213) Post Compact 0.063ms
[2026-03-23T15:59:40.944+0900][12.133s][info][gc,heap        ] GC(213) PSYoungGen: 9262K(13312K)->7680K(13312K) Eden: 9262K(10240K)->7680K(10240K) From: 0K(3072K)->0K(3072K)
[2026-03-23T15:59:40.944+0900][12.133s][info][gc,heap        ] GC(213) ParOldGen: 348889K(349696K)->348889K(349696K)
[2026-03-23T15:59:40.944+0900][12.133s][info][gc,metaspace   ] GC(213) Metaspace: 237K(448K)->237K(448K) NonClass: 222K(320K)->222K(320K) Class: 14K(128K)->14K(128K)
[2026-03-23T15:59:40.944+0900][12.133s][info][gc             ] GC(213) Pause Full (Ergonomics) 349M->348M(354M) 1.750ms
[2026-03-23T15:59:40.944+0900][12.133s][info][gc,cpu         ] GC(213) User=0.01s Sys=0.00s Real=0.00s
[2026-03-23T15:59:40.950+0900][12.139s][info][gc,start       ] GC(214) Pause Full (Ergonomics)
[2026-03-23T15:59:40.950+0900][12.140s][info][gc,phases,start] GC(214) Marking Phase
[2026-03-23T15:59:40.951+0900][12.141s][info][gc,phases      ] GC(214) Marking Phase 1.140ms
[2026-03-23T15:59:40.951+0900][12.141s][info][gc,phases,start] GC(214) Summary Phase
[2026-03-23T15:59:40.951+0900][12.141s][info][gc,phases      ] GC(214) Summary Phase 0.005ms
[2026-03-23T15:59:40.951+0900][12.141s][info][gc,phases,start] GC(214) Adjust Roots
[2026-03-23T15:59:40.951+0900][12.141s][info][gc,phases      ] GC(214) Adjust Roots 0.086ms
[2026-03-23T15:59:40.951+0900][12.141s][info][gc,phases,start] GC(214) Compaction Phase
[2026-03-23T15:59:40.952+0900][12.141s][info][gc,phases      ] GC(214) Compaction Phase 0.285ms
[2026-03-23T15:59:40.952+0900][12.141s][info][gc,phases,start] GC(214) Post Compact
[2026-03-23T15:59:40.952+0900][12.141s][info][gc,phases      ] GC(214) Post Compact 0.108ms
[2026-03-23T15:59:40.952+0900][12.141s][info][gc,heap        ] GC(214) PSYoungGen: 9258K(13312K)->7680K(13312K) Eden: 9258K(10240K)->7680K(10240K) From: 0K(3072K)->0K(3072K)
[2026-03-23T15:59:40.952+0900][12.141s][info][gc,heap        ] GC(214) ParOldGen: 348889K(349696K)->348889K(349696K)
[2026-03-23T15:59:40.952+0900][12.141s][info][gc,metaspace   ] GC(214) Metaspace: 237K(448K)->237K(448K) NonClass: 222K(320K)->222K(320K) Class: 14K(128K)->14K(128K)
[2026-03-23T15:59:40.952+0900][12.141s][info][gc             ] GC(214) Pause Full (Ergonomics) 349M->348M(354M) 1.707ms
[2026-03-23T15:59:40.952+0900][12.141s][info][gc,cpu         ] GC(214) User=0.01s Sys=0.00s Real=0.00s
[2026-03-23T15:59:40.958+0900][12.148s][info][gc,start       ] GC(215) Pause Full (Ergonomics)
[2026-03-23T15:59:40.958+0900][12.148s][info][gc,phases,start] GC(215) Marking Phase
[2026-03-23T15:59:40.959+0900][12.149s][info][gc,phases      ] GC(215) Marking Phase 1.063ms
[2026-03-23T15:59:40.959+0900][12.149s][info][gc,phases,start] GC(215) Summary Phase
[2026-03-23T15:59:40.959+0900][12.149s][info][gc,phases      ] GC(215) Summary Phase 0.005ms
[2026-03-23T15:59:40.959+0900][12.149s][info][gc,phases,start] GC(215) Adjust Roots
[2026-03-23T15:59:40.959+0900][12.149s][info][gc,phases      ] GC(215) Adjust Roots 0.099ms
[2026-03-23T15:59:40.959+0900][12.149s][info][gc,phases,start] GC(215) Compaction Phase
[2026-03-23T15:59:40.960+0900][12.149s][info][gc,phases      ] GC(215) Compaction Phase 0.276ms
[2026-03-23T15:59:40.960+0900][12.149s][info][gc,phases,start] GC(215) Post Compact
[2026-03-23T15:59:40.960+0900][12.149s][info][gc,phases      ] GC(215) Post Compact 0.060ms
[2026-03-23T15:59:40.960+0900][12.149s][info][gc,heap        ] GC(215) PSYoungGen: 9255K(13312K)->7680K(13312K) Eden: 9255K(10240K)->7680K(10240K) From: 0K(3072K)->0K(3072K)
[2026-03-23T15:59:40.960+0900][12.149s][info][gc,heap        ] GC(215) ParOldGen: 348889K(349696K)->348889K(349696K)
[2026-03-23T15:59:40.960+0900][12.149s][info][gc,metaspace   ] GC(215) Metaspace: 237K(448K)->237K(448K) NonClass: 222K(320K)->222K(320K) Class: 14K(128K)->14K(128K)
[2026-03-23T15:59:40.960+0900][12.149s][info][gc             ] GC(215) Pause Full (Ergonomics) 349M->348M(354M) 1.578ms
[2026-03-23T15:59:40.960+0900][12.149s][info][gc,cpu         ] GC(215) User=0.01s Sys=0.00s Real=0.01s
[2026-03-23T15:59:40.966+0900][12.156s][info][gc,start       ] GC(216) Pause Full (Ergonomics)
[2026-03-23T15:59:40.966+0900][12.156s][info][gc,phases,start] GC(216) Marking Phase
[2026-03-23T15:59:40.967+0900][12.157s][info][gc,phases      ] GC(216) Marking Phase 1.130ms
[2026-03-23T15:59:40.967+0900][12.157s][info][gc,phases,start] GC(216) Summary Phase
[2026-03-23T15:59:40.967+0900][12.157s][info][gc,phases      ] GC(216) Summary Phase 0.004ms
[2026-03-23T15:59:40.967+0900][12.157s][info][gc,phases,start] GC(216) Adjust Roots
[2026-03-23T15:59:40.967+0900][12.157s][info][gc,phases      ] GC(216) Adjust Roots 0.062ms
[2026-03-23T15:59:40.967+0900][12.157s][info][gc,phases,start] GC(216) Compaction Phase
[2026-03-23T15:59:40.968+0900][12.157s][info][gc,phases      ] GC(216) Compaction Phase 0.256ms
[2026-03-23T15:59:40.968+0900][12.157s][info][gc,phases,start] GC(216) Post Compact
[2026-03-23T15:59:40.968+0900][12.157s][info][gc,phases      ] GC(216) Post Compact 0.064ms
[2026-03-23T15:59:40.968+0900][12.157s][info][gc,heap        ] GC(216) PSYoungGen: 9253K(13312K)->7680K(13312K) Eden: 9253K(10240K)->7680K(10240K) From: 0K(3072K)->0K(3072K)
[2026-03-23T15:59:40.968+0900][12.157s][info][gc,heap        ] GC(216) ParOldGen: 348889K(349696K)->348889K(349696K)
[2026-03-23T15:59:40.968+0900][12.157s][info][gc,metaspace   ] GC(216) Metaspace: 237K(448K)->237K(448K) NonClass: 222K(320K)->222K(320K) Class: 14K(128K)->14K(128K)
[2026-03-23T15:59:40.968+0900][12.157s][info][gc             ] GC(216) Pause Full (Ergonomics) 349M->348M(354M) 1.574ms
[2026-03-23T15:59:40.968+0900][12.157s][info][gc,cpu         ] GC(216) User=0.01s Sys=0.00s Real=0.00s
[2026-03-23T15:59:40.974+0900][12.163s][info][gc,start       ] GC(217) Pause Full (Ergonomics)
[2026-03-23T15:59:40.974+0900][12.163s][info][gc,phases,start] GC(217) Marking Phase
[2026-03-23T15:59:40.975+0900][12.165s][info][gc,phases      ] GC(217) Marking Phase 1.112ms
[2026-03-23T15:59:40.975+0900][12.165s][info][gc,phases,start] GC(217) Summary Phase
[2026-03-23T15:59:40.975+0900][12.165s][info][gc,phases      ] GC(217) Summary Phase 0.004ms
[2026-03-23T15:59:40.975+0900][12.165s][info][gc,phases,start] GC(217) Adjust Roots
[2026-03-23T15:59:40.975+0900][12.165s][info][gc,phases      ] GC(217) Adjust Roots 0.062ms
[2026-03-23T15:59:40.975+0900][12.165s][info][gc,phases,start] GC(217) Compaction Phase
[2026-03-23T15:59:40.976+0900][12.165s][info][gc,phases      ] GC(217) Compaction Phase 0.254ms
[2026-03-23T15:59:40.976+0900][12.165s][info][gc,phases,start] GC(217) Post Compact
[2026-03-23T15:59:40.976+0900][12.165s][info][gc,phases      ] GC(217) Post Compact 0.061ms
[2026-03-23T15:59:40.976+0900][12.165s][info][gc,heap        ] GC(217) PSYoungGen: 9252K(13312K)->7680K(13312K) Eden: 9252K(10240K)->7680K(10240K) From: 0K(3072K)->0K(3072K)
[2026-03-23T15:59:40.976+0900][12.165s][info][gc,heap        ] GC(217) ParOldGen: 348889K(349696K)->348889K(349696K)
[2026-03-23T15:59:40.976+0900][12.165s][info][gc,metaspace   ] GC(217) Metaspace: 237K(448K)->237K(448K) NonClass: 222K(320K)->222K(320K) Class: 14K(128K)->14K(128K)
[2026-03-23T15:59:40.976+0900][12.165s][info][gc             ] GC(217) Pause Full (Ergonomics) 349M->348M(354M) 1.568ms
[2026-03-23T15:59:40.976+0900][12.165s][info][gc,cpu         ] GC(217) User=0.01s Sys=0.00s Real=0.00s
[2026-03-23T15:59:40.976+0900][12.165s][info][gc,start       ] GC(218) Pause Full (Ergonomics)
[2026-03-23T15:59:40.976+0900][12.165s][info][gc,phases,start] GC(218) Marking Phase
[2026-03-23T15:59:40.977+0900][12.166s][info][gc,phases      ] GC(218) Marking Phase 1.140ms
[2026-03-23T15:59:40.977+0900][12.166s][info][gc,phases,start] GC(218) Summary Phase
[2026-03-23T15:59:40.977+0900][12.166s][info][gc,phases      ] GC(218) Summary Phase 0.005ms
[2026-03-23T15:59:40.977+0900][12.166s][info][gc,phases,start] GC(218) Adjust Roots
[2026-03-23T15:59:40.977+0900][12.166s][info][gc,phases      ] GC(218) Adjust Roots 0.066ms
[2026-03-23T15:59:40.977+0900][12.166s][info][gc,phases,start] GC(218) Compaction Phase
[2026-03-23T15:59:40.977+0900][12.167s][info][gc,phases      ] GC(218) Compaction Phase 0.264ms
[2026-03-23T15:59:40.977+0900][12.167s][info][gc,phases,start] GC(218) Post Compact
[2026-03-23T15:59:40.977+0900][12.167s][info][gc,phases      ] GC(218) Post Compact 0.065ms
[2026-03-23T15:59:40.977+0900][12.167s][info][gc,heap        ] GC(218) PSYoungGen: 9252K(13312K)->9216K(13312K) Eden: 9252K(10240K)->9216K(10240K) From: 0K(3072K)->0K(3072K)
[2026-03-23T15:59:40.977+0900][12.167s][info][gc,heap        ] GC(218) ParOldGen: 348889K(349696K)->348889K(349696K)
[2026-03-23T15:59:40.977+0900][12.167s][info][gc,metaspace   ] GC(218) Metaspace: 237K(448K)->237K(448K) NonClass: 222K(320K)->222K(320K) Class: 14K(128K)->14K(128K)
[2026-03-23T15:59:40.977+0900][12.167s][info][gc             ] GC(218) Pause Full (Ergonomics) 349M->349M(354M) 1.591ms
[2026-03-23T15:59:40.977+0900][12.167s][info][gc,cpu         ] GC(218) User=0.01s Sys=0.00s Real=0.00s
[2026-03-23T15:59:40.977+0900][12.167s][info][gc,start       ] GC(219) Pause Full (Allocation Failure)
[2026-03-23T15:59:40.977+0900][12.167s][info][gc,phases,start] GC(219) Marking Phase
[2026-03-23T15:59:40.979+0900][12.168s][info][gc,phases      ] GC(219) Marking Phase 1.268ms
[2026-03-23T15:59:40.979+0900][12.168s][info][gc,phases,start] GC(219) Summary Phase
[2026-03-23T15:59:40.979+0900][12.168s][info][gc,phases      ] GC(219) Summary Phase 0.007ms
[2026-03-23T15:59:40.979+0900][12.168s][info][gc,phases,start] GC(219) Adjust Roots
[2026-03-23T15:59:40.979+0900][12.168s][info][gc,phases      ] GC(219) Adjust Roots 0.073ms
[2026-03-23T15:59:40.979+0900][12.168s][info][gc,phases,start] GC(219) Compaction Phase
[2026-03-23T15:59:40.982+0900][12.171s][info][gc,phases      ] GC(219) Compaction Phase 3.264ms
[2026-03-23T15:59:40.982+0900][12.171s][info][gc,phases,start] GC(219) Post Compact
[2026-03-23T15:59:40.982+0900][12.171s][info][gc,phases      ] GC(219) Post Compact 0.082ms
[2026-03-23T15:59:40.982+0900][12.171s][info][gc,heap        ] GC(219) PSYoungGen: 9216K(13312K)->9216K(13312K) Eden: 9216K(10240K)->9216K(10240K) From: 0K(3072K)->0K(3072K)
[2026-03-23T15:59:40.982+0900][12.171s][info][gc,heap        ] GC(219) ParOldGen: 348889K(349696K)->348883K(349696K)
[2026-03-23T15:59:40.982+0900][12.171s][info][gc,metaspace   ] GC(219) Metaspace: 237K(448K)->226K(448K) NonClass: 222K(320K)->215K(320K) Class: 14K(128K)->11K(128K)
[2026-03-23T15:59:40.982+0900][12.172s][info][gc             ] GC(219) Pause Full (Allocation Failure) 349M->349M(354M) 4.799ms
[2026-03-23T15:59:40.982+0900][12.172s][info][gc,cpu         ] GC(219) User=0.03s Sys=0.00s Real=0.01s
[2026-03-23T15:59:40.983+0900][12.172s][info][gc,heap,exit   ] Heap
[2026-03-23T15:59:40.983+0900][12.172s][info][gc,heap,exit   ]  PSYoungGen      total 13312K, used 9456K [0x000000034a580000, 0x000000034b580000, 0x0000000355000000)
[2026-03-23T15:59:40.983+0900][12.172s][info][gc,heap,exit   ]   eden space 10240K, 92% used [0x000000034a580000,0x000000034aebc260,0x000000034af80000)
[2026-03-23T15:59:40.983+0900][12.172s][info][gc,heap,exit   ]   from space 3072K, 0% used [0x000000034b280000,0x000000034b280000,0x000000034b580000)
[2026-03-23T15:59:40.983+0900][12.172s][info][gc,heap,exit   ]   to   space 3072K, 0% used [0x000000034af80000,0x000000034af80000,0x000000034b280000)
[2026-03-23T15:59:40.983+0900][12.172s][info][gc,heap,exit   ]  ParOldGen       total 349696K, used 348883K [0x0000000335000000, 0x000000034a580000, 0x000000034a580000)
[2026-03-23T15:59:40.983+0900][12.172s][info][gc,heap,exit   ]   object space 349696K, 99% used [0x0000000335000000,0x000000034a4b4e78,0x000000034a580000)
[2026-03-23T15:59:40.983+0900][12.172s][info][gc,heap,exit   ]  Metaspace       used 240K, committed 448K, reserved 1114112K
[2026-03-23T15:59:40.983+0900][12.172s][info][gc,heap,exit   ]   class space    used 12K, committed 128K, reserved 1048576K
