[2026-03-23T15:49:23.954+0900][0.003s][info][gc,init] CardTable entry size: 512
[2026-03-23T15:49:23.954+0900][0.003s][info][gc     ] Using Parallel
[2026-03-23T15:49:23.954+0900][0.003s][info][gc,init] Version: 21.0.9+10-LTS (release)
[2026-03-23T15:49:23.954+0900][0.003s][info][gc,init] CPUs: 14 total, 14 available
[2026-03-23T15:49:23.954+0900][0.003s][info][gc,init] Memory: 49152M
[2026-03-23T15:49:23.954+0900][0.003s][info][gc,init] Large Page Support: Disabled
[2026-03-23T15:49:23.954+0900][0.003s][info][gc,init] NUMA Support: Disabled
[2026-03-23T15:49:23.954+0900][0.003s][info][gc,init] Compressed Oops: Enabled (Zero based)
[2026-03-23T15:49:23.954+0900][0.003s][info][gc,init] Alignments: Space 512K, Generation 512K, Heap 8M
[2026-03-23T15:49:23.954+0900][0.003s][info][gc,init] Heap Min Capacity: 256M
[2026-03-23T15:49:23.954+0900][0.003s][info][gc,init] Heap Initial Capacity: 256M
[2026-03-23T15:49:23.954+0900][0.003s][info][gc,init] Heap Max Capacity: 512M
[2026-03-23T15:49:23.954+0900][0.003s][info][gc,init] Pre-touch: Disabled
[2026-03-23T15:49:23.954+0900][0.003s][info][gc,init] Parallel Workers: 11
[2026-03-23T15:49:23.957+0900][0.006s][info][gc,metaspace] CDS archive(s) mapped at: [0x000000a800000000-0x000000a800c9c000-0x000000a800c9c000), size 13221888, SharedBaseAddress: 0x000000a800000000, ArchiveRelocationMode: 1.
[2026-03-23T15:49:23.957+0900][0.006s][info][gc,metaspace] Compressed class space mapped at: 0x000000a801000000-0x000000a841000000, reserved size: 1073741824
[2026-03-23T15:49:23.957+0900][0.006s][info][gc,metaspace] Narrow klass base: 0x000000a800000000, Narrow klass shift: 0, Narrow klass range: 0x100000000
[2026-03-23T15:49:24.160+0900][0.209s][info][gc,start    ] GC(0) Pause Young (Allocation Failure)
[2026-03-23T15:49:24.161+0900][0.211s][info][gc,heap     ] GC(0) PSYoungGen: 64923K(76288K)->10496K(76288K) Eden: 64923K(65536K)->0K(65536K) From: 0K(10752K)->10496K(10752K)
[2026-03-23T15:49:24.161+0900][0.211s][info][gc,heap     ] GC(0) ParOldGen: 1056K(175104K)->3624K(175104K)
[2026-03-23T15:49:24.161+0900][0.211s][info][gc,metaspace] GC(0) Metaspace: 215K(384K)->215K(384K) NonClass: 200K(256K)->200K(256K) Class: 14K(128K)->14K(128K)
[2026-03-23T15:49:24.161+0900][0.211s][info][gc          ] GC(0) Pause Young (Allocation Failure) 64M->13M(245M) 1.437ms
[2026-03-23T15:49:24.161+0900][0.211s][info][gc,cpu      ] GC(0) User=0.00s Sys=0.00s Real=0.00s
[2026-03-23T15:49:24.385+0900][0.434s][info][gc,start    ] GC(1) Pause Young (Allocation Failure)
[2026-03-23T15:49:24.386+0900][0.436s][info][gc,heap     ] GC(1) PSYoungGen: 75230K(76288K)->10496K(76288K) Eden: 64734K(65536K)->0K(65536K) From: 10496K(10752K)->10496K(10752K)
[2026-03-23T15:49:24.386+0900][0.436s][info][gc,heap     ] GC(1) ParOldGen: 3624K(175104K)->14384K(175104K)
[2026-03-23T15:49:24.386+0900][0.436s][info][gc,metaspace] GC(1) Metaspace: 216K(384K)->216K(384K) NonClass: 201K(256K)->201K(256K) Class: 14K(128K)->14K(128K)
[2026-03-23T15:49:24.386+0900][0.436s][info][gc          ] GC(1) Pause Young (Allocation Failure) 77M->24M(245M) 1.697ms
[2026-03-23T15:49:24.386+0900][0.436s][info][gc,cpu      ] GC(1) User=0.00s Sys=0.01s Real=0.00s
[2026-03-23T15:49:24.610+0900][0.660s][info][gc,start    ] GC(2) Pause Young (Allocation Failure)
[2026-03-23T15:49:24.613+0900][0.663s][info][gc,heap     ] GC(2) PSYoungGen: 75251K(76288K)->10512K(76288K) Eden: 64755K(65536K)->0K(65536K) From: 10496K(10752K)->10512K(10752K)
[2026-03-23T15:49:24.613+0900][0.663s][info][gc,heap     ] GC(2) ParOldGen: 14384K(175104K)->25145K(175104K)
[2026-03-23T15:49:24.613+0900][0.663s][info][gc,metaspace] GC(2) Metaspace: 219K(384K)->219K(384K) NonClass: 205K(256K)->205K(256K) Class: 14K(128K)->14K(128K)
[2026-03-23T15:49:24.613+0900][0.663s][info][gc          ] GC(2) Pause Young (Allocation Failure) 87M->34M(245M) 3.067ms
[2026-03-23T15:49:24.613+0900][0.663s][info][gc,cpu      ] GC(2) User=0.01s Sys=0.00s Real=0.00s
[2026-03-23T15:49:24.830+0900][0.880s][info][gc,start    ] GC(3) Pause Young (Allocation Failure)
[2026-03-23T15:49:24.831+0900][0.881s][info][gc,heap     ] GC(3) PSYoungGen: 75281K(76288K)->10512K(76288K) Eden: 64769K(65536K)->0K(65536K) From: 10512K(10752K)->10512K(10752K)
[2026-03-23T15:49:24.832+0900][0.881s][info][gc,heap     ] GC(3) ParOldGen: 25145K(175104K)->35897K(175104K)
[2026-03-23T15:49:24.832+0900][0.881s][info][gc,metaspace] GC(3) Metaspace: 222K(384K)->222K(384K) NonClass: 208K(256K)->208K(256K) Class: 14K(128K)->14K(128K)
[2026-03-23T15:49:24.832+0900][0.881s][info][gc          ] GC(3) Pause Young (Allocation Failure) 98M->45M(245M) 1.319ms
[2026-03-23T15:49:24.832+0900][0.881s][info][gc,cpu      ] GC(3) User=0.01s Sys=0.01s Real=0.00s
[2026-03-23T15:49:25.050+0900][1.099s][info][gc,start    ] GC(4) Pause Young (Allocation Failure)
[2026-03-23T15:49:25.053+0900][1.102s][info][gc,heap     ] GC(4) PSYoungGen: 75290K(76288K)->10528K(74752K) Eden: 64778K(65536K)->0K(64000K) From: 10512K(10752K)->10528K(10752K)
[2026-03-23T15:49:25.053+0900][1.102s][info][gc,heap     ] GC(4) ParOldGen: 35897K(175104K)->46649K(175104K)
[2026-03-23T15:49:25.053+0900][1.102s][info][gc,metaspace] GC(4) Metaspace: 226K(384K)->226K(384K) NonClass: 212K(256K)->212K(256K) Class: 14K(128K)->14K(128K)
[2026-03-23T15:49:25.053+0900][1.102s][info][gc          ] GC(4) Pause Young (Allocation Failure) 108M->55M(244M) 3.178ms
[2026-03-23T15:49:25.053+0900][1.102s][info][gc,cpu      ] GC(4) User=0.00s Sys=0.00s Real=0.00s
[2026-03-23T15:49:25.270+0900][1.319s][info][gc,start    ] GC(5) Pause Young (Allocation Failure)
[2026-03-23T15:49:25.273+0900][1.323s][info][gc,heap     ] GC(5) PSYoungGen: 73746K(74752K)->9008K(74240K) Eden: 63218K(64000K)->0K(65024K) From: 10528K(10752K)->9008K(9216K)
[2026-03-23T15:49:25.273+0900][1.323s][info][gc,heap     ] GC(5) ParOldGen: 46649K(175104K)->57410K(175104K)
[2026-03-23T15:49:25.273+0900][1.323s][info][gc,metaspace] GC(5) Metaspace: 226K(384K)->226K(384K) NonClass: 212K(256K)->212K(256K) Class: 14K(128K)->14K(128K)
[2026-03-23T15:49:25.273+0900][1.323s][info][gc          ] GC(5) Pause Young (Allocation Failure) 117M->64M(243M) 3.587ms
[2026-03-23T15:49:25.274+0900][1.323s][info][gc,cpu      ] GC(5) User=0.01s Sys=0.01s Real=0.00s
[2026-03-23T15:49:25.497+0900][1.546s][info][gc,start    ] GC(6) Pause Young (Allocation Failure)
[2026-03-23T15:49:25.499+0900][1.549s][info][gc,heap     ] GC(6) PSYoungGen: 73786K(74240K)->10912K(76288K) Eden: 64778K(65024K)->0K(65024K) From: 9008K(9216K)->10912K(11264K)
[2026-03-23T15:49:25.500+0900][1.549s][info][gc,heap     ] GC(6) ParOldGen: 57410K(175104K)->66294K(175104K)
[2026-03-23T15:49:25.500+0900][1.549s][info][gc,metaspace] GC(6) Metaspace: 232K(448K)->232K(448K) NonClass: 218K(320K)->218K(320K) Class: 14K(128K)->14K(128K)
[2026-03-23T15:49:25.500+0900][1.549s][info][gc          ] GC(6) Pause Young (Allocation Failure) 128M->75M(245M) 2.897ms
[2026-03-23T15:49:25.500+0900][1.549s][info][gc,cpu      ] GC(6) User=0.00s Sys=0.00s Real=0.01s
[2026-03-23T15:49:25.720+0900][1.770s][info][gc,start    ] GC(7) Pause Young (Allocation Failure)
[2026-03-23T15:49:25.722+0900][1.771s][info][gc,heap     ] GC(7) PSYoungGen: 75693K(76288K)->10912K(74752K) Eden: 64780K(65024K)->0K(63488K) From: 10912K(11264K)->10912K(11264K)
[2026-03-23T15:49:25.722+0900][1.771s][info][gc,heap     ] GC(7) ParOldGen: 66294K(175104K)->77062K(175104K)
[2026-03-23T15:49:25.722+0900][1.771s][info][gc,metaspace] GC(7) Metaspace: 235K(448K)->235K(448K) NonClass: 220K(320K)->220K(320K) Class: 14K(128K)->14K(128K)
[2026-03-23T15:49:25.722+0900][1.771s][info][gc          ] GC(7) Pause Young (Allocation Failure) 138M->85M(244M) 1.403ms
[2026-03-23T15:49:25.722+0900][1.771s][info][gc,cpu      ] GC(7) User=0.00s Sys=0.00s Real=0.00s
[2026-03-23T15:49:25.934+0900][1.983s][info][gc,start    ] GC(8) Pause Young (Allocation Failure)
[2026-03-23T15:49:25.935+0900][1.985s][info][gc,heap     ] GC(8) PSYoungGen: 74128K(74752K)->11424K(73728K) Eden: 63215K(63488K)->0K(61952K) From: 10912K(11264K)->11424K(11776K)
[2026-03-23T15:49:25.935+0900][1.985s][info][gc,heap     ] GC(8) ParOldGen: 77062K(175104K)->87327K(175104K)
[2026-03-23T15:49:25.935+0900][1.985s][info][gc,metaspace] GC(8) Metaspace: 235K(448K)->235K(448K) NonClass: 220K(320K)->220K(320K) Class: 14K(128K)->14K(128K)
[2026-03-23T15:49:25.935+0900][1.985s][info][gc          ] GC(8) Pause Young (Allocation Failure) 147M->96M(243M) 1.420ms
[2026-03-23T15:49:25.935+0900][1.985s][info][gc,cpu      ] GC(8) User=0.00s Sys=0.00s Real=0.00s
[2026-03-23T15:49:26.137+0900][2.186s][info][gc,start    ] GC(9) Pause Young (Allocation Failure)
[2026-03-23T15:49:26.139+0900][2.188s][info][gc,heap     ] GC(9) PSYoungGen: 73074K(73728K)->672K(61952K) Eden: 61650K(61952K)->0K(60928K) From: 11424K(11776K)->672K(1024K)
[2026-03-23T15:49:26.139+0900][2.188s][info][gc,heap     ] GC(9) ParOldGen: 87327K(175104K)->108863K(175104K)
[2026-03-23T15:49:26.139+0900][2.188s][info][gc,metaspace] GC(9) Metaspace: 235K(448K)->235K(448K) NonClass: 220K(320K)->220K(320K) Class: 14K(128K)->14K(128K)
[2026-03-23T15:49:26.139+0900][2.188s][info][gc          ] GC(9) Pause Young (Allocation Failure) 156M->106M(231M) 2.408ms
[2026-03-23T15:49:26.139+0900][2.188s][info][gc,cpu      ] GC(9) User=0.01s Sys=0.01s Real=0.00s
[2026-03-23T15:49:26.343+0900][2.392s][info][gc,start    ] GC(10) Pause Young (Allocation Failure)
[2026-03-23T15:49:26.344+0900][2.393s][info][gc,heap     ] GC(10) PSYoungGen: 60766K(61952K)->9888K(70144K) Eden: 60094K(60928K)->0K(59904K) From: 672K(1024K)->9888K(10240K)
[2026-03-23T15:49:26.344+0900][2.393s][info][gc,heap     ] GC(10) ParOldGen: 108863K(175104K)->109399K(175104K)
[2026-03-23T15:49:26.344+0900][2.393s][info][gc,metaspace] GC(10) Metaspace: 235K(448K)->235K(448K) NonClass: 220K(320K)->220K(320K) Class: 14K(128K)->14K(128K)
[2026-03-23T15:49:26.344+0900][2.393s][info][gc          ] GC(10) Pause Young (Allocation Failure) 165M->116M(239M) 1.035ms
[2026-03-23T15:49:26.344+0900][2.393s][info][gc,cpu      ] GC(10) User=0.00s Sys=0.00s Real=0.00s
[2026-03-23T15:49:26.545+0900][2.594s][info][gc,start    ] GC(11) Pause Young (Allocation Failure)
[2026-03-23T15:49:26.546+0900][2.595s][info][gc,heap     ] GC(11) PSYoungGen: 69451K(70144K)->10848K(70144K) Eden: 59562K(59904K)->0K(58880K) From: 9888K(10240K)->10848K(11264K)
[2026-03-23T15:49:26.546+0900][2.596s][info][gc,heap     ] GC(11) ParOldGen: 109399K(175104K)->118656K(175104K)
[2026-03-23T15:49:26.546+0900][2.596s][info][gc,metaspace] GC(11) Metaspace: 235K(448K)->235K(448K) NonClass: 220K(320K)->220K(320K) Class: 14K(128K)->14K(128K)
[2026-03-23T15:49:26.546+0900][2.596s][info][gc          ] GC(11) Pause Young (Allocation Failure) 174M->126M(239M) 1.478ms
[2026-03-23T15:49:26.546+0900][2.596s][info][gc,cpu      ] GC(11) User=0.01s Sys=0.01s Real=0.00s
[2026-03-23T15:49:26.745+0900][2.795s][info][gc,start    ] GC(12) Pause Young (Allocation Failure)
[2026-03-23T15:49:26.746+0900][2.796s][info][gc,heap     ] GC(12) PSYoungGen: 69367K(70144K)->9280K(67584K) Eden: 58519K(58880K)->0K(57856K) From: 10848K(11264K)->9280K(9728K)
[2026-03-23T15:49:26.746+0900][2.796s][info][gc,heap     ] GC(12) ParOldGen: 118656K(175104K)->129448K(175104K)
[2026-03-23T15:49:26.746+0900][2.796s][info][gc,metaspace] GC(12) Metaspace: 235K(448K)->235K(448K) NonClass: 220K(320K)->220K(320K) Class: 14K(128K)->14K(128K)
[2026-03-23T15:49:26.746+0900][2.796s][info][gc          ] GC(12) Pause Young (Allocation Failure) 183M->135M(237M) 1.034ms
[2026-03-23T15:49:26.746+0900][2.796s][info][gc,cpu      ] GC(12) User=0.00s Sys=0.00s Real=0.00s
[2026-03-23T15:49:26.939+0900][2.989s][info][gc,start    ] GC(13) Pause Young (Allocation Failure)
[2026-03-23T15:49:26.942+0900][2.991s][info][gc,heap     ] GC(13) PSYoungGen: 66755K(67584K)->5760K(62976K) Eden: 57475K(57856K)->0K(56832K) From: 9280K(9728K)->5760K(6144K)
[2026-03-23T15:49:26.942+0900][2.991s][info][gc,heap     ] GC(13) ParOldGen: 129448K(175104K)->142792K(175104K)
[2026-03-23T15:49:26.942+0900][2.991s][info][gc,metaspace] GC(13) Metaspace: 237K(448K)->237K(448K) NonClass: 222K(320K)->222K(320K) Class: 14K(128K)->14K(128K)
[2026-03-23T15:49:26.942+0900][2.991s][info][gc          ] GC(13) Pause Young (Allocation Failure) 191M->145M(232M) 2.293ms
[2026-03-23T15:49:26.942+0900][2.991s][info][gc,cpu      ] GC(13) User=0.01s Sys=0.01s Real=0.01s
[2026-03-23T15:49:27.128+0900][3.177s][info][gc,start    ] GC(14) Pause Young (Allocation Failure)
[2026-03-23T15:49:27.130+0900][3.179s][info][gc,heap     ] GC(14) PSYoungGen: 62191K(62976K)->10912K(67072K) Eden: 56431K(56832K)->0K(55808K) From: 5760K(6144K)->10912K(11264K)
[2026-03-23T15:49:27.130+0900][3.179s][info][gc,heap     ] GC(14) ParOldGen: 142792K(175104K)->147937K(175104K)
[2026-03-23T15:49:27.130+0900][3.179s][info][gc,metaspace] GC(14) Metaspace: 237K(448K)->237K(448K) NonClass: 222K(320K)->222K(320K) Class: 14K(128K)->14K(128K)
[2026-03-23T15:49:27.130+0900][3.179s][info][gc          ] GC(14) Pause Young (Allocation Failure) 200M->155M(236M) 1.884ms
[2026-03-23T15:49:27.130+0900][3.179s][info][gc,cpu      ] GC(14) User=0.01s Sys=0.00s Real=0.01s
[2026-03-23T15:49:27.316+0900][3.365s][info][gc,start    ] GC(15) Pause Young (Allocation Failure)
[2026-03-23T15:49:27.317+0900][3.367s][info][gc,heap     ] GC(15) PSYoungGen: 66299K(67072K)->9312K(64512K) Eden: 55387K(55808K)->0K(54784K) From: 10912K(11264K)->9312K(9728K)
[2026-03-23T15:49:27.317+0900][3.367s][info][gc,heap     ] GC(15) ParOldGen: 147937K(175104K)->158721K(175104K)
[2026-03-23T15:49:27.317+0900][3.367s][info][gc,metaspace] GC(15) Metaspace: 237K(448K)->237K(448K) NonClass: 222K(320K)->222K(320K) Class: 14K(128K)->14K(128K)
[2026-03-23T15:49:27.317+0900][3.367s][info][gc          ] GC(15) Pause Young (Allocation Failure) 209M->164M(234M) 1.269ms
[2026-03-23T15:49:27.317+0900][3.367s][info][gc,cpu      ] GC(15) User=0.00s Sys=0.00s Real=0.00s
[2026-03-23T15:49:27.503+0900][3.552s][info][gc,start    ] GC(16) Pause Young (Allocation Failure)
[2026-03-23T15:49:27.504+0900][3.554s][info][gc,heap     ] GC(16) PSYoungGen: 63655K(64512K)->9856K(64000K) Eden: 54342K(54784K)->0K(53760K) From: 9312K(9728K)->9856K(10240K)
[2026-03-23T15:49:27.504+0900][3.554s][info][gc,heap     ] GC(16) ParOldGen: 158721K(175104K)->166433K(175104K)
[2026-03-23T15:49:27.504+0900][3.554s][info][gc,metaspace] GC(16) Metaspace: 237K(448K)->237K(448K) NonClass: 222K(320K)->222K(320K) Class: 14K(128K)->14K(128K)
[2026-03-23T15:49:27.504+0900][3.554s][info][gc          ] GC(16) Pause Young (Allocation Failure) 217M->172M(233M) 1.424ms
[2026-03-23T15:49:27.504+0900][3.554s][info][gc,cpu      ] GC(16) User=0.01s Sys=0.01s Real=0.00s
[2026-03-23T15:49:27.685+0900][3.734s][info][gc,start    ] GC(17) Pause Young (Allocation Failure)
[2026-03-23T15:49:27.688+0900][3.737s][info][gc,heap     ] GC(17) PSYoungGen: 63155K(64000K)->6784K(59904K) Eden: 53298K(53760K)->0K(52736K) From: 9856K(10240K)->6784K(7168K)
[2026-03-23T15:49:27.688+0900][3.737s][info][gc,heap     ] GC(17) ParOldGen: 166433K(175104K)->178241K(179200K)
[2026-03-23T15:49:27.688+0900][3.737s][info][gc,metaspace] GC(17) Metaspace: 237K(448K)->237K(448K) NonClass: 222K(320K)->222K(320K) Class: 14K(128K)->14K(128K)
[2026-03-23T15:49:27.688+0900][3.737s][info][gc          ] GC(17) Pause Young (Allocation Failure) 224M->180M(233M) 2.930ms
[2026-03-23T15:49:27.688+0900][3.737s][info][gc,cpu      ] GC(17) User=0.01s Sys=0.00s Real=0.00s
[2026-03-23T15:49:27.863+0900][3.913s][info][gc,start    ] GC(18) Pause Young (Allocation Failure)
[2026-03-23T15:49:27.867+0900][3.917s][info][gc,heap     ] GC(18) PSYoungGen: 59038K(59904K)->9376K(83968K) Eden: 52254K(52736K)->0K(74240K) From: 6784K(7168K)->9376K(9728K)
[2026-03-23T15:49:27.867+0900][3.917s][info][gc,heap     ] GC(18) ParOldGen: 178241K(179200K)->184914K(186368K)
[2026-03-23T15:49:27.867+0900][3.917s][info][gc,metaspace] GC(18) Metaspace: 237K(448K)->237K(448K) NonClass: 222K(320K)->222K(320K) Class: 14K(128K)->14K(128K)
[2026-03-23T15:49:27.867+0900][3.917s][info][gc          ] GC(18) Pause Young (Allocation Failure) 231M->189M(264M) 3.923ms
[2026-03-23T15:49:27.867+0900][3.917s][info][gc,cpu      ] GC(18) User=0.01s Sys=0.01s Real=0.00s
[2026-03-23T15:49:28.118+0900][4.167s][info][gc,start    ] GC(19) Pause Young (Allocation Failure)
[2026-03-23T15:49:28.119+0900][4.169s][info][gc,heap     ] GC(19) PSYoungGen: 83565K(83968K)->9856K(94208K) Eden: 74189K(74240K)->0K(83968K) From: 9376K(9728K)->9856K(10240K)
[2026-03-23T15:49:28.119+0900][4.169s][info][gc,heap     ] GC(19) ParOldGen: 184914K(186368K)->196738K(197120K)
[2026-03-23T15:49:28.119+0900][4.169s][info][gc,metaspace] GC(19) Metaspace: 237K(448K)->237K(448K) NonClass: 222K(320K)->222K(320K) Class: 14K(128K)->14K(128K)
[2026-03-23T15:49:28.119+0900][4.169s][info][gc          ] GC(19) Pause Young (Allocation Failure) 262M->201M(284M) 1.662ms
[2026-03-23T15:49:28.119+0900][4.169s][info][gc,cpu      ] GC(19) User=0.01s Sys=0.00s Real=0.00s
[2026-03-23T15:49:28.402+0900][4.451s][info][gc,start    ] GC(20) Pause Young (Allocation Failure)
[2026-03-23T15:49:28.404+0900][4.453s][info][gc,heap     ] GC(20) PSYoungGen: 93453K(94208K)->12480K(94720K) Eden: 83597K(83968K)->0K(81920K) From: 9856K(10240K)->12480K(12800K)
[2026-03-23T15:49:28.404+0900][4.453s][info][gc,heap     ] GC(20) ParOldGen: 196738K(197120K)->208554K(209408K)
[2026-03-23T15:49:28.404+0900][4.453s][info][gc,metaspace] GC(20) Metaspace: 237K(448K)->237K(448K) NonClass: 222K(320K)->222K(320K) Class: 14K(128K)->14K(128K)
[2026-03-23T15:49:28.404+0900][4.453s][info][gc          ] GC(20) Pause Young (Allocation Failure) 283M->215M(297M) 1.535ms
[2026-03-23T15:49:28.404+0900][4.453s][info][gc,cpu      ] GC(20) User=0.00s Sys=0.01s Real=0.00s
[2026-03-23T15:49:28.678+0900][4.727s][info][gc,start    ] GC(21) Pause Young (Allocation Failure)
[2026-03-23T15:49:28.680+0900][4.729s][info][gc,heap     ] GC(21) PSYoungGen: 93985K(94720K)->12480K(92672K) Eden: 81505K(81920K)->0K(79872K) From: 12480K(12800K)->12480K(12800K)
[2026-03-23T15:49:28.680+0900][4.729s][info][gc,heap     ] GC(21) ParOldGen: 208554K(209408K)->222427K(223232K)
[2026-03-23T15:49:28.680+0900][4.729s][info][gc,metaspace] GC(21) Metaspace: 237K(448K)->237K(448K) NonClass: 222K(320K)->222K(320K) Class: 14K(128K)->14K(128K)
[2026-03-23T15:49:28.680+0900][4.729s][info][gc          ] GC(21) Pause Young (Allocation Failure) 295M->229M(308M) 1.807ms
[2026-03-23T15:49:28.680+0900][4.729s][info][gc,cpu      ] GC(21) User=0.00s Sys=0.00s Real=0.01s
[2026-03-23T15:49:28.952+0900][5.001s][info][gc,start    ] GC(22) Pause Young (Allocation Failure)
[2026-03-23T15:49:28.955+0900][5.004s][info][gc,heap     ] GC(22) PSYoungGen: 91898K(92672K)->12352K(90624K) Eden: 79418K(79872K)->0K(77824K) From: 12480K(12800K)->12352K(12800K)
[2026-03-23T15:49:28.955+0900][5.004s][info][gc,heap     ] GC(22) ParOldGen: 222427K(223232K)->234259K(235008K)
[2026-03-23T15:49:28.955+0900][5.004s][info][gc,metaspace] GC(22) Metaspace: 237K(448K)->237K(448K) NonClass: 222K(320K)->222K(320K) Class: 14K(128K)->14K(128K)
[2026-03-23T15:49:28.955+0900][5.004s][info][gc          ] GC(22) Pause Young (Allocation Failure) 306M->240M(318M) 3.097ms
[2026-03-23T15:49:28.955+0900][5.004s][info][gc,cpu      ] GC(22) User=0.00s Sys=0.01s Real=0.00s
[2026-03-23T15:49:29.215+0900][5.265s][info][gc,start    ] GC(23) Pause Young (Allocation Failure)
[2026-03-23T15:49:29.217+0900][5.266s][info][gc,heap     ] GC(23) PSYoungGen: 90176K(90624K)->13440K(89600K) Eden: 77824K(77824K)->0K(75776K) From: 12352K(12800K)->13440K(13824K)
[2026-03-23T15:49:29.217+0900][5.266s][info][gc,heap     ] GC(23) ParOldGen: 234259K(235008K)->247108K(247296K)
[2026-03-23T15:49:29.217+0900][5.266s][info][gc,metaspace] GC(23) Metaspace: 237K(448K)->237K(448K) NonClass: 222K(320K)->222K(320K) Class: 14K(128K)->14K(128K)
[2026-03-23T15:49:29.217+0900][5.266s][info][gc          ] GC(23) Pause Young (Allocation Failure) 316M->254M(329M) 1.542ms
[2026-03-23T15:49:29.217+0900][5.266s][info][gc,cpu      ] GC(23) User=0.00s Sys=0.00s Real=0.00s
[2026-03-23T15:49:29.474+0900][5.523s][info][gc,start    ] GC(24) Pause Young (Allocation Failure)
[2026-03-23T15:49:29.475+0900][5.525s][info][gc,heap     ] GC(24) PSYoungGen: 89192K(89600K)->12352K(87040K) Eden: 75752K(75776K)->0K(74240K) From: 13440K(13824K)->12352K(12800K)
[2026-03-23T15:49:29.475+0900][5.525s][info][gc,heap     ] GC(24) ParOldGen: 247108K(247296K)->260476K(261120K)
[2026-03-23T15:49:29.475+0900][5.525s][info][gc,metaspace] GC(24) Metaspace: 237K(448K)->237K(448K) NonClass: 222K(320K)->222K(320K) Class: 14K(128K)->14K(128K)
[2026-03-23T15:49:29.476+0900][5.525s][info][gc          ] GC(24) Pause Young (Allocation Failure) 328M->266M(340M) 1.504ms
[2026-03-23T15:49:29.476+0900][5.525s][info][gc,cpu      ] GC(24) User=0.00s Sys=0.00s Real=0.00s
[2026-03-23T15:49:29.726+0900][5.776s][info][gc,start    ] GC(25) Pause Young (Allocation Failure)
[2026-03-23T15:49:29.728+0900][5.777s][info][gc,heap     ] GC(25) PSYoungGen: 86536K(87040K)->12448K(87040K) Eden: 74184K(74240K)->0K(72704K) From: 12352K(12800K)->12448K(14336K)
[2026-03-23T15:49:29.728+0900][5.777s][info][gc,heap     ] GC(25) ParOldGen: 260476K(261120K)->272820K(273920K)
[2026-03-23T15:49:29.728+0900][5.777s][info][gc,metaspace] GC(25) Metaspace: 237K(448K)->237K(448K) NonClass: 222K(320K)->222K(320K) Class: 14K(128K)->14K(128K)
[2026-03-23T15:49:29.728+0900][5.778s][info][gc          ] GC(25) Pause Young (Allocation Failure) 338M->278M(352M) 1.757ms
[2026-03-23T15:49:29.728+0900][5.778s][info][gc,cpu      ] GC(25) User=0.00s Sys=0.01s Real=0.00s
[2026-03-23T15:49:29.973+0900][6.023s][info][gc,start    ] GC(26) Pause Young (Allocation Failure)
[2026-03-23T15:49:29.974+0900][6.024s][info][gc,heap     ] GC(26) PSYoungGen: 85065K(87040K)->12352K(83968K) Eden: 72616K(72704K)->0K(71168K) From: 12448K(14336K)->12352K(12800K)
[2026-03-23T15:49:29.974+0900][6.024s][info][gc,heap     ] GC(26) ParOldGen: 272820K(273920K)->285173K(285696K)
[2026-03-23T15:49:29.974+0900][6.024s][info][gc,metaspace] GC(26) Metaspace: 237K(448K)->237K(448K) NonClass: 222K(320K)->222K(320K) Class: 14K(128K)->14K(128K)
[2026-03-23T15:49:29.974+0900][6.024s][info][gc          ] GC(26) Pause Young (Allocation Failure) 349M->290M(361M) 0.995ms
[2026-03-23T15:49:29.974+0900][6.024s][info][gc,cpu      ] GC(26) User=0.01s Sys=0.00s Real=0.00s
[2026-03-23T15:49:30.214+0900][6.263s][info][gc,start    ] GC(27) Pause Young (Allocation Failure)
[2026-03-23T15:49:30.216+0900][6.266s][info][gc,heap     ] GC(27) PSYoungGen: 83402K(83968K)->10880K(82944K) Eden: 71049K(71168K)->0K(69632K) From: 12352K(12800K)->10880K(13312K)
[2026-03-23T15:49:30.216+0900][6.266s][info][gc,heap     ] GC(27) ParOldGen: 285173K(285696K)->297517K(298496K)
[2026-03-23T15:49:30.216+0900][6.266s][info][gc,metaspace] GC(27) Metaspace: 237K(448K)->237K(448K) NonClass: 222K(320K)->222K(320K) Class: 14K(128K)->14K(128K)
[2026-03-23T15:49:30.216+0900][6.266s][info][gc          ] GC(27) Pause Young (Allocation Failure) 359M->301M(372M) 2.598ms
[2026-03-23T15:49:30.217+0900][6.266s][info][gc,cpu      ] GC(27) User=0.01s Sys=0.00s Real=0.00s
[2026-03-23T15:49:30.449+0900][6.499s][info][gc,start    ] GC(28) Pause Young (Allocation Failure)
[2026-03-23T15:49:30.454+0900][6.503s][info][gc,heap     ] GC(28) PSYoungGen: 80363K(82944K)->12416K(80896K) Eden: 69483K(69632K)->0K(68096K) From: 10880K(13312K)->12416K(12800K)
[2026-03-23T15:49:30.454+0900][6.503s][info][gc,heap     ] GC(28) ParOldGen: 297517K(298496K)->308309K(309248K)
[2026-03-23T15:49:30.454+0900][6.503s][info][gc,metaspace] GC(28) Metaspace: 237K(448K)->237K(448K) NonClass: 222K(320K)->222K(320K) Class: 14K(128K)->14K(128K)
[2026-03-23T15:49:30.454+0900][6.503s][info][gc          ] GC(28) Pause Young (Allocation Failure) 369M->313M(381M) 4.499ms
[2026-03-23T15:49:30.454+0900][6.503s][info][gc,cpu      ] GC(28) User=0.01s Sys=0.01s Real=0.01s
[2026-03-23T15:49:30.685+0900][6.734s][info][gc,start    ] GC(29) Pause Young (Allocation Failure)
[2026-03-23T15:49:30.686+0900][6.735s][info][gc,heap     ] GC(29) PSYoungGen: 80333K(80896K)->10816K(79872K) Eden: 67916K(68096K)->0K(66560K) From: 12416K(12800K)->10816K(13312K)
[2026-03-23T15:49:30.686+0900][6.736s][info][gc,heap     ] GC(29) ParOldGen: 308309K(309248K)->320670K(322048K)
[2026-03-23T15:49:30.686+0900][6.736s][info][gc,metaspace] GC(29) Metaspace: 237K(448K)->237K(448K) NonClass: 222K(320K)->222K(320K) Class: 14K(128K)->14K(128K)
[2026-03-23T15:49:30.686+0900][6.736s][info][gc          ] GC(29) Pause Young (Allocation Failure) 379M->323M(392M) 1.465ms
[2026-03-23T15:49:30.686+0900][6.736s][info][gc,cpu      ] GC(29) User=0.01s Sys=0.00s Real=0.00s
[2026-03-23T15:49:30.915+0900][6.964s][info][gc,start    ] GC(30) Pause Young (Allocation Failure)
[2026-03-23T15:49:30.920+0900][6.969s][info][gc,heap     ] GC(30) PSYoungGen: 77166K(79872K)->10848K(81920K) Eden: 66350K(66560K)->0K(66560K) From: 10816K(13312K)->10848K(15360K)
[2026-03-23T15:49:30.920+0900][6.969s][info][gc,heap     ] GC(30) ParOldGen: 320670K(322048K)->331486K(332800K)
[2026-03-23T15:49:30.920+0900][6.969s][info][gc,metaspace] GC(30) Metaspace: 237K(448K)->237K(448K) NonClass: 222K(320K)->222K(320K) Class: 14K(128K)->14K(128K)
[2026-03-23T15:49:30.920+0900][6.969s][info][gc          ] GC(30) Pause Young (Allocation Failure) 388M->334M(405M) 4.909ms
[2026-03-23T15:49:30.920+0900][6.969s][info][gc,cpu      ] GC(30) User=0.01s Sys=0.01s Real=0.01s
[2026-03-23T15:49:31.140+0900][7.189s][info][gc,start    ] GC(31) Pause Young (Allocation Failure)
[2026-03-23T15:49:31.145+0900][7.194s][info][gc,heap     ] GC(31) PSYoungGen: 77199K(81920K)->12480K(100864K) Eden: 66350K(66560K)->0K(86016K) From: 10848K(15360K)->12480K(14848K)
[2026-03-23T15:49:31.145+0900][7.195s][info][gc,heap     ] GC(31) ParOldGen: 331486K(332800K)->342278K(343552K)
[2026-03-23T15:49:31.145+0900][7.195s][info][gc,metaspace] GC(31) Metaspace: 237K(448K)->237K(448K) NonClass: 222K(320K)->222K(320K) Class: 14K(128K)->14K(128K)
[2026-03-23T15:49:31.145+0900][7.195s][info][gc          ] GC(31) Pause Young (Allocation Failure) 399M->346M(434M) 5.454ms
[2026-03-23T15:49:31.145+0900][7.195s][info][gc,cpu      ] GC(31) User=0.01s Sys=0.00s Real=0.00s
[2026-03-23T15:49:31.432+0900][7.481s][info][gc,start    ] GC(32) Pause Full (Ergonomics)
[2026-03-23T15:49:31.432+0900][7.481s][info][gc,phases,start] GC(32) Marking Phase
[2026-03-23T15:49:31.437+0900][7.486s][info][gc,phases      ] GC(32) Marking Phase 4.798ms
[2026-03-23T15:49:31.437+0900][7.486s][info][gc,phases,start] GC(32) Summary Phase
[2026-03-23T15:49:31.437+0900][7.486s][info][gc,phases      ] GC(32) Summary Phase 0.041ms
[2026-03-23T15:49:31.437+0900][7.486s][info][gc,phases,start] GC(32) Adjust Roots
[2026-03-23T15:49:31.437+0900][7.487s][info][gc,phases      ] GC(32) Adjust Roots 0.379ms
[2026-03-23T15:49:31.437+0900][7.487s][info][gc,phases,start] GC(32) Compaction Phase
[2026-03-23T15:49:31.451+0900][7.500s][info][gc,phases      ] GC(32) Compaction Phase 13.190ms
[2026-03-23T15:49:31.451+0900][7.500s][info][gc,phases,start] GC(32) Post Compact
[2026-03-23T15:49:31.451+0900][7.500s][info][gc,phases      ] GC(32) Post Compact 0.391ms
[2026-03-23T15:49:31.451+0900][7.501s][info][gc,heap        ] GC(32) PSYoungGen: 97651K(100864K)->24577K(101376K) Eden: 85170K(86016K)->24577K(86016K) From: 12480K(14848K)->0K(15360K)
[2026-03-23T15:49:31.451+0900][7.501s][info][gc,heap        ] GC(32) ParOldGen: 342278K(343552K)->342745K(349696K)
[2026-03-23T15:49:31.451+0900][7.501s][info][gc,metaspace   ] GC(32) Metaspace: 237K(448K)->237K(448K) NonClass: 222K(320K)->222K(320K) Class: 14K(128K)->14K(128K)
[2026-03-23T15:49:31.451+0900][7.501s][info][gc             ] GC(32) Pause Full (Ergonomics) 429M->358M(440M) 19.343ms
[2026-03-23T15:49:31.451+0900][7.501s][info][gc,cpu         ] GC(32) User=0.08s Sys=0.04s Real=0.02s
[2026-03-23T15:49:31.668+0900][7.717s][info][gc,start       ] GC(33) Pause Full (Ergonomics)
[2026-03-23T15:49:31.669+0900][7.718s][info][gc,phases,start] GC(33) Marking Phase
[2026-03-23T15:49:31.671+0900][7.720s][info][gc,phases      ] GC(33) Marking Phase 2.206ms
[2026-03-23T15:49:31.671+0900][7.720s][info][gc,phases,start] GC(33) Summary Phase
[2026-03-23T15:49:31.671+0900][7.720s][info][gc,phases      ] GC(33) Summary Phase 0.027ms
[2026-03-23T15:49:31.671+0900][7.720s][info][gc,phases,start] GC(33) Adjust Roots
[2026-03-23T15:49:31.671+0900][7.721s][info][gc,phases      ] GC(33) Adjust Roots 0.222ms
[2026-03-23T15:49:31.671+0900][7.721s][info][gc,phases,start] GC(33) Compaction Phase
[2026-03-23T15:49:31.680+0900][7.730s][info][gc,phases      ] GC(33) Compaction Phase 9.238ms
[2026-03-23T15:49:31.681+0900][7.730s][info][gc,phases,start] GC(33) Post Compact
[2026-03-23T15:49:31.681+0900][7.730s][info][gc,phases      ] GC(33) Post Compact 0.254ms
[2026-03-23T15:49:31.681+0900][7.730s][info][gc,heap        ] GC(33) PSYoungGen: 85681K(101376K)->27137K(100864K) Eden: 85681K(86016K)->27137K(86016K) From: 0K(15360K)->0K(14848K)
[2026-03-23T15:49:31.681+0900][7.730s][info][gc,heap        ] GC(33) ParOldGen: 342745K(349696K)->348889K(349696K)
[2026-03-23T15:49:31.681+0900][7.730s][info][gc,metaspace   ] GC(33) Metaspace: 237K(448K)->237K(448K) NonClass: 222K(320K)->222K(320K) Class: 14K(128K)->14K(128K)
[2026-03-23T15:49:31.681+0900][7.730s][info][gc             ] GC(33) Pause Full (Ergonomics) 418M->367M(440M) 13.390ms
[2026-03-23T15:49:31.681+0900][7.730s][info][gc,cpu         ] GC(33) User=0.05s Sys=0.00s Real=0.02s
[2026-03-23T15:49:31.880+0900][7.929s][info][gc,start       ] GC(34) Pause Full (Ergonomics)
[2026-03-23T15:49:31.880+0900][7.929s][info][gc,phases,start] GC(34) Marking Phase
[2026-03-23T15:49:31.882+0900][7.931s][info][gc,phases      ] GC(34) Marking Phase 2.219ms
[2026-03-23T15:49:31.882+0900][7.931s][info][gc,phases,start] GC(34) Summary Phase
[2026-03-23T15:49:31.882+0900][7.931s][info][gc,phases      ] GC(34) Summary Phase 0.035ms
[2026-03-23T15:49:31.882+0900][7.931s][info][gc,phases,start] GC(34) Adjust Roots
[2026-03-23T15:49:31.882+0900][7.932s][info][gc,phases      ] GC(34) Adjust Roots 0.164ms
[2026-03-23T15:49:31.882+0900][7.932s][info][gc,phases,start] GC(34) Compaction Phase
[2026-03-23T15:49:31.884+0900][7.933s][info][gc,phases      ] GC(34) Compaction Phase 1.623ms
[2026-03-23T15:49:31.884+0900][7.933s][info][gc,phases,start] GC(34) Post Compact
[2026-03-23T15:49:31.884+0900][7.933s][info][gc,phases      ] GC(34) Post Compact 0.189ms
[2026-03-23T15:49:31.884+0900][7.934s][info][gc,heap        ] GC(34) PSYoungGen: 86016K(100864K)->37890K(101376K) Eden: 86016K(86016K)->37890K(86016K) From: 0K(14848K)->0K(15360K)
[2026-03-23T15:49:31.884+0900][7.934s][info][gc,heap        ] GC(34) ParOldGen: 348889K(349696K)->348889K(349696K)
[2026-03-23T15:49:31.884+0900][7.934s][info][gc,metaspace   ] GC(34) Metaspace: 237K(448K)->237K(448K) NonClass: 222K(320K)->222K(320K) Class: 14K(128K)->14K(128K)
[2026-03-23T15:49:31.884+0900][7.934s][info][gc             ] GC(34) Pause Full (Ergonomics) 424M->377M(440M) 4.617ms
[2026-03-23T15:49:31.884+0900][7.934s][info][gc,cpu         ] GC(34) User=0.01s Sys=0.01s Real=0.00s
[2026-03-23T15:49:32.052+0900][8.101s][info][gc,start       ] GC(35) Pause Full (Ergonomics)
[2026-03-23T15:49:32.052+0900][8.101s][info][gc,phases,start] GC(35) Marking Phase
[2026-03-23T15:49:32.054+0900][8.103s][info][gc,phases      ] GC(35) Marking Phase 2.207ms
[2026-03-23T15:49:32.054+0900][8.104s][info][gc,phases,start] GC(35) Summary Phase
[2026-03-23T15:49:32.054+0900][8.104s][info][gc,phases      ] GC(35) Summary Phase 0.030ms
[2026-03-23T15:49:32.054+0900][8.104s][info][gc,phases,start] GC(35) Adjust Roots
[2026-03-23T15:49:32.054+0900][8.104s][info][gc,phases      ] GC(35) Adjust Roots 0.226ms
[2026-03-23T15:49:32.054+0900][8.104s][info][gc,phases,start] GC(35) Compaction Phase
[2026-03-23T15:49:32.056+0900][8.105s][info][gc,phases      ] GC(35) Compaction Phase 1.172ms
[2026-03-23T15:49:32.056+0900][8.105s][info][gc,phases,start] GC(35) Post Compact
[2026-03-23T15:49:32.056+0900][8.105s][info][gc,phases      ] GC(35) Post Compact 0.164ms
[2026-03-23T15:49:32.056+0900][8.105s][info][gc,heap        ] GC(35) PSYoungGen: 85897K(101376K)->45571K(100864K) Eden: 85897K(86016K)->45571K(86016K) From: 0K(15360K)->0K(14848K)
[2026-03-23T15:49:32.056+0900][8.105s][info][gc,heap        ] GC(35) ParOldGen: 348889K(349696K)->348889K(349696K)
[2026-03-23T15:49:32.056+0900][8.105s][info][gc,metaspace   ] GC(35) Metaspace: 237K(448K)->237K(448K) NonClass: 222K(320K)->222K(320K) Class: 14K(128K)->14K(128K)
[2026-03-23T15:49:32.056+0900][8.105s][info][gc             ] GC(35) Pause Full (Ergonomics) 424M->385M(440M) 4.234ms
[2026-03-23T15:49:32.056+0900][8.105s][info][gc,cpu         ] GC(35) User=0.01s Sys=0.00s Real=0.00s
[2026-03-23T15:49:32.194+0900][8.243s][info][gc,start       ] GC(36) Pause Full (Ergonomics)
[2026-03-23T15:49:32.194+0900][8.243s][info][gc,phases,start] GC(36) Marking Phase
[2026-03-23T15:49:32.196+0900][8.246s][info][gc,phases      ] GC(36) Marking Phase 2.160ms
[2026-03-23T15:49:32.196+0900][8.246s][info][gc,phases,start] GC(36) Summary Phase
[2026-03-23T15:49:32.196+0900][8.246s][info][gc,phases      ] GC(36) Summary Phase 0.112ms
[2026-03-23T15:49:32.197+0900][8.246s][info][gc,phases,start] GC(36) Adjust Roots
[2026-03-23T15:49:32.197+0900][8.246s][info][gc,phases      ] GC(36) Adjust Roots 0.288ms
[2026-03-23T15:49:32.197+0900][8.246s][info][gc,phases,start] GC(36) Compaction Phase
[2026-03-23T15:49:32.198+0900][8.248s][info][gc,phases      ] GC(36) Compaction Phase 1.489ms
[2026-03-23T15:49:32.198+0900][8.248s][info][gc,phases,start] GC(36) Post Compact
[2026-03-23T15:49:32.199+0900][8.248s][info][gc,phases      ] GC(36) Post Compact 0.195ms
[2026-03-23T15:49:32.199+0900][8.248s][info][gc,heap        ] GC(36) PSYoungGen: 85736K(100864K)->51715K(101376K) Eden: 85736K(86016K)->51715K(86016K) From: 0K(14848K)->0K(15360K)
[2026-03-23T15:49:32.199+0900][8.248s][info][gc,heap        ] GC(36) ParOldGen: 348889K(349696K)->348889K(349696K)
[2026-03-23T15:49:32.199+0900][8.248s][info][gc,metaspace   ] GC(36) Metaspace: 237K(448K)->237K(448K) NonClass: 222K(320K)->222K(320K) Class: 14K(128K)->14K(128K)
[2026-03-23T15:49:32.199+0900][8.248s][info][gc             ] GC(36) Pause Full (Ergonomics) 424M->391M(440M) 4.711ms
[2026-03-23T15:49:32.199+0900][8.248s][info][gc,cpu         ] GC(36) User=0.01s Sys=0.00s Real=0.00s
[2026-03-23T15:49:32.313+0900][8.362s][info][gc,start       ] GC(37) Pause Full (Ergonomics)
[2026-03-23T15:49:32.313+0900][8.362s][info][gc,phases,start] GC(37) Marking Phase
[2026-03-23T15:49:32.316+0900][8.365s][info][gc,phases      ] GC(37) Marking Phase 2.604ms
[2026-03-23T15:49:32.316+0900][8.365s][info][gc,phases,start] GC(37) Summary Phase
[2026-03-23T15:49:32.316+0900][8.365s][info][gc,phases      ] GC(37) Summary Phase 0.036ms
[2026-03-23T15:49:32.316+0900][8.365s][info][gc,phases,start] GC(37) Adjust Roots
[2026-03-23T15:49:32.316+0900][8.365s][info][gc,phases      ] GC(37) Adjust Roots 0.220ms
[2026-03-23T15:49:32.316+0900][8.365s][info][gc,phases,start] GC(37) Compaction Phase
[2026-03-23T15:49:32.317+0900][8.367s][info][gc,phases      ] GC(37) Compaction Phase 1.384ms
[2026-03-23T15:49:32.317+0900][8.367s][info][gc,phases,start] GC(37) Post Compact
[2026-03-23T15:49:32.318+0900][8.367s][info][gc,phases      ] GC(37) Post Compact 0.174ms
[2026-03-23T15:49:32.318+0900][8.367s][info][gc,heap        ] GC(37) PSYoungGen: 85579K(101376K)->57860K(100864K) Eden: 85579K(86016K)->57860K(86016K) From: 0K(15360K)->0K(14848K)
[2026-03-23T15:49:32.318+0900][8.367s][info][gc,heap        ] GC(37) ParOldGen: 348889K(349696K)->348889K(349696K)
[2026-03-23T15:49:32.318+0900][8.367s][info][gc,metaspace   ] GC(37) Metaspace: 237K(448K)->237K(448K) NonClass: 222K(320K)->222K(320K) Class: 14K(128K)->14K(128K)
[2026-03-23T15:49:32.318+0900][8.367s][info][gc             ] GC(37) Pause Full (Ergonomics) 424M->397M(440M) 4.814ms
[2026-03-23T15:49:32.318+0900][8.367s][info][gc,cpu         ] GC(37) User=0.01s Sys=0.00s Real=0.00s
[2026-03-23T15:49:32.415+0900][8.464s][info][gc,start       ] GC(38) Pause Full (Ergonomics)
[2026-03-23T15:49:32.415+0900][8.464s][info][gc,phases,start] GC(38) Marking Phase
[2026-03-23T15:49:32.417+0900][8.467s][info][gc,phases      ] GC(38) Marking Phase 2.425ms
[2026-03-23T15:49:32.417+0900][8.467s][info][gc,phases,start] GC(38) Summary Phase
[2026-03-23T15:49:32.417+0900][8.467s][info][gc,phases      ] GC(38) Summary Phase 0.041ms
[2026-03-23T15:49:32.417+0900][8.467s][info][gc,phases,start] GC(38) Adjust Roots
[2026-03-23T15:49:32.418+0900][8.467s][info][gc,phases      ] GC(38) Adjust Roots 0.237ms
[2026-03-23T15:49:32.418+0900][8.467s][info][gc,phases,start] GC(38) Compaction Phase
[2026-03-23T15:49:32.419+0900][8.469s][info][gc,phases      ] GC(38) Compaction Phase 1.697ms
[2026-03-23T15:49:32.419+0900][8.469s][info][gc,phases,start] GC(38) Post Compact
[2026-03-23T15:49:32.420+0900][8.469s][info][gc,phases      ] GC(38) Post Compact 0.213ms
[2026-03-23T15:49:32.420+0900][8.469s][info][gc,heap        ] GC(38) PSYoungGen: 85946K(100864K)->62468K(101376K) Eden: 85946K(86016K)->62468K(86016K) From: 0K(14848K)->0K(15360K)
[2026-03-23T15:49:32.420+0900][8.469s][info][gc,heap        ] GC(38) ParOldGen: 348889K(349696K)->348889K(349696K)
[2026-03-23T15:49:32.420+0900][8.469s][info][gc,metaspace   ] GC(38) Metaspace: 237K(448K)->237K(448K) NonClass: 222K(320K)->222K(320K) Class: 14K(128K)->14K(128K)
[2026-03-23T15:49:32.420+0900][8.469s][info][gc             ] GC(38) Pause Full (Ergonomics) 424M->401M(440M) 5.090ms
[2026-03-23T15:49:32.420+0900][8.469s][info][gc,cpu         ] GC(38) User=0.01s Sys=0.00s Real=0.01s
[2026-03-23T15:49:32.502+0900][8.551s][info][gc,start       ] GC(39) Pause Full (Ergonomics)
[2026-03-23T15:49:32.502+0900][8.551s][info][gc,phases,start] GC(39) Marking Phase
[2026-03-23T15:49:32.503+0900][8.553s][info][gc,phases      ] GC(39) Marking Phase 1.260ms
[2026-03-23T15:49:32.503+0900][8.553s][info][gc,phases,start] GC(39) Summary Phase
[2026-03-23T15:49:32.503+0900][8.553s][info][gc,phases      ] GC(39) Summary Phase 0.009ms
[2026-03-23T15:49:32.503+0900][8.553s][info][gc,phases,start] GC(39) Adjust Roots
[2026-03-23T15:49:32.503+0900][8.553s][info][gc,phases      ] GC(39) Adjust Roots 0.112ms
[2026-03-23T15:49:32.503+0900][8.553s][info][gc,phases,start] GC(39) Compaction Phase
[2026-03-23T15:49:32.504+0900][8.553s][info][gc,phases      ] GC(39) Compaction Phase 0.309ms
[2026-03-23T15:49:32.504+0900][8.553s][info][gc,phases,start] GC(39) Post Compact
[2026-03-23T15:49:32.504+0900][8.553s][info][gc,phases      ] GC(39) Post Compact 0.083ms
[2026-03-23T15:49:32.504+0900][8.553s][info][gc,heap        ] GC(39) PSYoungGen: 85811K(101376K)->65540K(100864K) Eden: 85811K(86016K)->65540K(86016K) From: 0K(15360K)->0K(14848K)
[2026-03-23T15:49:32.504+0900][8.553s][info][gc,heap        ] GC(39) ParOldGen: 348889K(349696K)->348889K(349696K)
[2026-03-23T15:49:32.504+0900][8.553s][info][gc,metaspace   ] GC(39) Metaspace: 237K(448K)->237K(448K) NonClass: 222K(320K)->222K(320K) Class: 14K(128K)->14K(128K)
[2026-03-23T15:49:32.504+0900][8.553s][info][gc             ] GC(39) Pause Full (Ergonomics) 424M->404M(440M) 1.907ms
[2026-03-23T15:49:32.504+0900][8.553s][info][gc,cpu         ] GC(39) User=0.01s Sys=0.01s Real=0.00s
[2026-03-23T15:49:32.566+0900][8.615s][info][gc,start       ] GC(40) Pause Full (Ergonomics)
[2026-03-23T15:49:32.566+0900][8.616s][info][gc,phases,start] GC(40) Marking Phase
[2026-03-23T15:49:32.568+0900][8.617s][info][gc,phases      ] GC(40) Marking Phase 1.800ms
[2026-03-23T15:49:32.568+0900][8.617s][info][gc,phases,start] GC(40) Summary Phase
[2026-03-23T15:49:32.568+0900][8.617s][info][gc,phases      ] GC(40) Summary Phase 0.014ms
[2026-03-23T15:49:32.568+0900][8.617s][info][gc,phases,start] GC(40) Adjust Roots
[2026-03-23T15:49:32.568+0900][8.618s][info][gc,phases      ] GC(40) Adjust Roots 0.136ms
[2026-03-23T15:49:32.568+0900][8.618s][info][gc,phases,start] GC(40) Compaction Phase
[2026-03-23T15:49:32.569+0900][8.618s][info][gc,phases      ] GC(40) Compaction Phase 0.469ms
[2026-03-23T15:49:32.569+0900][8.618s][info][gc,phases,start] GC(40) Post Compact
[2026-03-23T15:49:32.569+0900][8.618s][info][gc,phases      ] GC(40) Post Compact 0.124ms
[2026-03-23T15:49:32.569+0900][8.618s][info][gc,heap        ] GC(40) PSYoungGen: 85688K(100864K)->70149K(101376K) Eden: 85688K(86016K)->70149K(86016K) From: 0K(14848K)->0K(15360K)
[2026-03-23T15:49:32.569+0900][8.618s][info][gc,heap        ] GC(40) ParOldGen: 348889K(349696K)->348889K(349696K)
[2026-03-23T15:49:32.569+0900][8.618s][info][gc,metaspace   ] GC(40) Metaspace: 237K(448K)->237K(448K) NonClass: 222K(320K)->222K(320K) Class: 14K(128K)->14K(128K)
[2026-03-23T15:49:32.569+0900][8.618s][info][gc             ] GC(40) Pause Full (Ergonomics) 424M->409M(440M) 2.734ms
[2026-03-23T15:49:32.569+0900][8.618s][info][gc,cpu         ] GC(40) User=0.02s Sys=0.00s Real=0.00s
[2026-03-23T15:49:32.625+0900][8.674s][info][gc,start       ] GC(41) Pause Full (Ergonomics)
[2026-03-23T15:49:32.625+0900][8.674s][info][gc,phases,start] GC(41) Marking Phase
[2026-03-23T15:49:32.627+0900][8.677s][info][gc,phases      ] GC(41) Marking Phase 2.343ms
[2026-03-23T15:49:32.627+0900][8.677s][info][gc,phases,start] GC(41) Summary Phase
[2026-03-23T15:49:32.627+0900][8.677s][info][gc,phases      ] GC(41) Summary Phase 0.018ms
[2026-03-23T15:49:32.627+0900][8.677s][info][gc,phases,start] GC(41) Adjust Roots
[2026-03-23T15:49:32.627+0900][8.677s][info][gc,phases      ] GC(41) Adjust Roots 0.158ms
[2026-03-23T15:49:32.627+0900][8.677s][info][gc,phases,start] GC(41) Compaction Phase
[2026-03-23T15:49:32.628+0900][8.677s][info][gc,phases      ] GC(41) Compaction Phase 0.577ms
[2026-03-23T15:49:32.628+0900][8.677s][info][gc,phases,start] GC(41) Post Compact
[2026-03-23T15:49:32.628+0900][8.678s][info][gc,phases      ] GC(41) Post Compact 0.158ms
[2026-03-23T15:49:32.628+0900][8.678s][info][gc,heap        ] GC(41) PSYoungGen: 85587K(101376K)->71685K(100864K) Eden: 85587K(86016K)->71685K(86016K) From: 0K(15360K)->0K(14848K)
[2026-03-23T15:49:32.628+0900][8.678s][info][gc,heap        ] GC(41) ParOldGen: 348889K(349696K)->348889K(349696K)
[2026-03-23T15:49:32.628+0900][8.678s][info][gc,metaspace   ] GC(41) Metaspace: 237K(448K)->237K(448K) NonClass: 222K(320K)->222K(320K) Class: 14K(128K)->14K(128K)
[2026-03-23T15:49:32.628+0900][8.678s][info][gc             ] GC(41) Pause Full (Ergonomics) 424M->410M(440M) 3.438ms
[2026-03-23T15:49:32.628+0900][8.678s][info][gc,cpu         ] GC(41) User=0.02s Sys=0.00s Real=0.00s
[2026-03-23T15:49:32.673+0900][8.722s][info][gc,start       ] GC(42) Pause Full (Ergonomics)
[2026-03-23T15:49:32.673+0900][8.722s][info][gc,phases,start] GC(42) Marking Phase
[2026-03-23T15:49:32.676+0900][8.725s][info][gc,phases      ] GC(42) Marking Phase 2.960ms
[2026-03-23T15:49:32.676+0900][8.725s][info][gc,phases,start] GC(42) Summary Phase
[2026-03-23T15:49:32.676+0900][8.726s][info][gc,phases      ] GC(42) Summary Phase 0.018ms
[2026-03-23T15:49:32.676+0900][8.726s][info][gc,phases,start] GC(42) Adjust Roots
[2026-03-23T15:49:32.676+0900][8.726s][info][gc,phases      ] GC(42) Adjust Roots 0.201ms
[2026-03-23T15:49:32.676+0900][8.726s][info][gc,phases,start] GC(42) Compaction Phase
[2026-03-23T15:49:32.677+0900][8.726s][info][gc,phases      ] GC(42) Compaction Phase 0.741ms
[2026-03-23T15:49:32.677+0900][8.727s][info][gc,phases,start] GC(42) Post Compact
[2026-03-23T15:49:32.677+0900][8.727s][info][gc,phases      ] GC(42) Post Compact 0.186ms
[2026-03-23T15:49:32.677+0900][8.727s][info][gc,heap        ] GC(42) PSYoungGen: 86001K(100864K)->74757K(101376K) Eden: 86001K(86016K)->74757K(86016K) From: 0K(14848K)->0K(15360K)
[2026-03-23T15:49:32.677+0900][8.727s][info][gc,heap        ] GC(42) ParOldGen: 348889K(349696K)->348889K(349696K)
[2026-03-23T15:49:32.677+0900][8.727s][info][gc,metaspace   ] GC(42) Metaspace: 237K(448K)->237K(448K) NonClass: 222K(320K)->222K(320K) Class: 14K(128K)->14K(128K)
[2026-03-23T15:49:32.677+0900][8.727s][info][gc             ] GC(42) Pause Full (Ergonomics) 424M->413M(440M) 4.343ms
[2026-03-23T15:49:32.677+0900][8.727s][info][gc,cpu         ] GC(42) User=0.02s Sys=0.00s Real=0.00s
[2026-03-23T15:49:32.715+0900][8.765s][info][gc,start       ] GC(43) Pause Full (Ergonomics)
[2026-03-23T15:49:32.716+0900][8.765s][info][gc,phases,start] GC(43) Marking Phase
[2026-03-23T15:49:32.718+0900][8.767s][info][gc,phases      ] GC(43) Marking Phase 2.308ms
[2026-03-23T15:49:32.718+0900][8.767s][info][gc,phases,start] GC(43) Summary Phase
[2026-03-23T15:49:32.718+0900][8.767s][info][gc,phases      ] GC(43) Summary Phase 0.035ms
[2026-03-23T15:49:32.718+0900][8.767s][info][gc,phases,start] GC(43) Adjust Roots
[2026-03-23T15:49:32.718+0900][8.768s][info][gc,phases      ] GC(43) Adjust Roots 0.283ms
[2026-03-23T15:49:32.718+0900][8.768s][info][gc,phases,start] GC(43) Compaction Phase
[2026-03-23T15:49:32.723+0900][8.772s][info][gc,phases      ] GC(43) Compaction Phase 4.405ms
[2026-03-23T15:49:32.723+0900][8.772s][info][gc,phases,start] GC(43) Post Compact
[2026-03-23T15:49:32.723+0900][8.772s][info][gc,phases      ] GC(43) Post Compact 0.165ms
[2026-03-23T15:49:32.723+0900][8.772s][info][gc,heap        ] GC(43) PSYoungGen: 85929K(101376K)->76297K(100864K) Eden: 85929K(86016K)->76297K(86016K) From: 0K(15360K)->0K(14848K)
[2026-03-23T15:49:32.723+0900][8.772s][info][gc,heap        ] GC(43) ParOldGen: 348889K(349696K)->348887K(349696K)
[2026-03-23T15:49:32.723+0900][8.772s][info][gc,metaspace   ] GC(43) Metaspace: 237K(448K)->237K(448K) NonClass: 222K(320K)->222K(320K) Class: 14K(128K)->14K(128K)
[2026-03-23T15:49:32.723+0900][8.772s][info][gc             ] GC(43) Pause Full (Ergonomics) 424M->415M(440M) 7.598ms
[2026-03-23T15:49:32.723+0900][8.772s][info][gc,cpu         ] GC(43) User=0.03s Sys=0.01s Real=0.01s
[2026-03-23T15:49:32.754+0900][8.803s][info][gc,start       ] GC(44) Pause Full (Ergonomics)
[2026-03-23T15:49:32.754+0900][8.803s][info][gc,phases,start] GC(44) Marking Phase
[2026-03-23T15:49:32.756+0900][8.806s][info][gc,phases      ] GC(44) Marking Phase 2.438ms
[2026-03-23T15:49:32.756+0900][8.806s][info][gc,phases,start] GC(44) Summary Phase
[2026-03-23T15:49:32.756+0900][8.806s][info][gc,phases      ] GC(44) Summary Phase 0.039ms
[2026-03-23T15:49:32.756+0900][8.806s][info][gc,phases,start] GC(44) Adjust Roots
[2026-03-23T15:49:32.757+0900][8.806s][info][gc,phases      ] GC(44) Adjust Roots 0.256ms
[2026-03-23T15:49:32.757+0900][8.806s][info][gc,phases,start] GC(44) Compaction Phase
[2026-03-23T15:49:32.757+0900][8.807s][info][gc,phases      ] GC(44) Compaction Phase 0.717ms
[2026-03-23T15:49:32.757+0900][8.807s][info][gc,phases,start] GC(44) Post Compact
[2026-03-23T15:49:32.758+0900][8.807s][info][gc,phases      ] GC(44) Post Compact 0.162ms
[2026-03-23T15:49:32.758+0900][8.807s][info][gc,heap        ] GC(44) PSYoungGen: 85861K(100864K)->77833K(101376K) Eden: 85861K(86016K)->77833K(86016K) From: 0K(14848K)->0K(15360K)
[2026-03-23T15:49:32.758+0900][8.807s][info][gc,heap        ] GC(44) ParOldGen: 348887K(349696K)->348887K(349696K)
[2026-03-23T15:49:32.758+0900][8.807s][info][gc,metaspace   ] GC(44) Metaspace: 237K(448K)->237K(448K) NonClass: 222K(320K)->222K(320K) Class: 14K(128K)->14K(128K)
[2026-03-23T15:49:32.758+0900][8.807s][info][gc             ] GC(44) Pause Full (Ergonomics) 424M->416M(440M) 3.976ms
[2026-03-23T15:49:32.758+0900][8.807s][info][gc,cpu         ] GC(44) User=0.01s Sys=0.00s Real=0.00s
[2026-03-23T15:49:32.783+0900][8.832s][info][gc,start       ] GC(45) Pause Full (Ergonomics)
[2026-03-23T15:49:32.783+0900][8.832s][info][gc,phases,start] GC(45) Marking Phase
[2026-03-23T15:49:32.786+0900][8.835s][info][gc,phases      ] GC(45) Marking Phase 2.930ms
[2026-03-23T15:49:32.786+0900][8.835s][info][gc,phases,start] GC(45) Summary Phase
[2026-03-23T15:49:32.786+0900][8.835s][info][gc,phases      ] GC(45) Summary Phase 0.044ms
[2026-03-23T15:49:32.786+0900][8.835s][info][gc,phases,start] GC(45) Adjust Roots
[2026-03-23T15:49:32.786+0900][8.836s][info][gc,phases      ] GC(45) Adjust Roots 0.201ms
[2026-03-23T15:49:32.786+0900][8.836s][info][gc,phases,start] GC(45) Compaction Phase
[2026-03-23T15:49:32.787+0900][8.837s][info][gc,phases      ] GC(45) Compaction Phase 0.927ms
[2026-03-23T15:49:32.787+0900][8.837s][info][gc,phases,start] GC(45) Post Compact
[2026-03-23T15:49:32.787+0900][8.837s][info][gc,phases      ] GC(45) Post Compact 0.188ms
[2026-03-23T15:49:32.787+0900][8.837s][info][gc,heap        ] GC(45) PSYoungGen: 85804K(101376K)->79369K(100864K) Eden: 85804K(86016K)->79369K(86016K) From: 0K(15360K)->0K(14848K)
[2026-03-23T15:49:32.787+0900][8.837s][info][gc,heap        ] GC(45) ParOldGen: 348887K(349696K)->348887K(349696K)
[2026-03-23T15:49:32.787+0900][8.837s][info][gc,metaspace   ] GC(45) Metaspace: 237K(448K)->237K(448K) NonClass: 222K(320K)->222K(320K) Class: 14K(128K)->14K(128K)
[2026-03-23T15:49:32.788+0900][8.837s][info][gc             ] GC(45) Pause Full (Ergonomics) 424M->418M(440M) 4.707ms
[2026-03-23T15:49:32.788+0900][8.837s][info][gc,cpu         ] GC(45) User=0.01s Sys=0.00s Real=0.00s
[2026-03-23T15:49:32.813+0900][8.862s][info][gc,start       ] GC(46) Pause Full (Ergonomics)
[2026-03-23T15:49:32.813+0900][8.862s][info][gc,phases,start] GC(46) Marking Phase
[2026-03-23T15:49:32.815+0900][8.865s][info][gc,phases      ] GC(46) Marking Phase 2.149ms
[2026-03-23T15:49:32.815+0900][8.865s][info][gc,phases,start] GC(46) Summary Phase
[2026-03-23T15:49:32.815+0900][8.865s][info][gc,phases      ] GC(46) Summary Phase 0.020ms
[2026-03-23T15:49:32.815+0900][8.865s][info][gc,phases,start] GC(46) Adjust Roots
[2026-03-23T15:49:32.815+0900][8.865s][info][gc,phases      ] GC(46) Adjust Roots 0.148ms
[2026-03-23T15:49:32.815+0900][8.865s][info][gc,phases,start] GC(46) Compaction Phase
[2026-03-23T15:49:32.816+0900][8.866s][info][gc,phases      ] GC(46) Compaction Phase 0.824ms
[2026-03-23T15:49:32.816+0900][8.866s][info][gc,phases,start] GC(46) Post Compact
[2026-03-23T15:49:32.817+0900][8.866s][info][gc,phases      ] GC(46) Post Compact 0.166ms
[2026-03-23T15:49:32.817+0900][8.866s][info][gc,heap        ] GC(46) PSYoungGen: 85756K(100864K)->79369K(101376K) Eden: 85756K(86016K)->79369K(86016K) From: 0K(14848K)->0K(15360K)
[2026-03-23T15:49:32.817+0900][8.866s][info][gc,heap        ] GC(46) ParOldGen: 348887K(349696K)->348887K(349696K)
[2026-03-23T15:49:32.817+0900][8.866s][info][gc,metaspace   ] GC(46) Metaspace: 237K(448K)->237K(448K) NonClass: 222K(320K)->222K(320K) Class: 14K(128K)->14K(128K)
[2026-03-23T15:49:32.817+0900][8.866s][info][gc             ] GC(46) Pause Full (Ergonomics) 424M->418M(440M) 3.629ms
[2026-03-23T15:49:32.817+0900][8.866s][info][gc,cpu         ] GC(46) User=0.01s Sys=0.00s Real=0.00s
[2026-03-23T15:49:32.835+0900][8.884s][info][gc,start       ] GC(47) Pause Full (Ergonomics)
[2026-03-23T15:49:32.835+0900][8.884s][info][gc,phases,start] GC(47) Marking Phase
[2026-03-23T15:49:32.837+0900][8.886s][info][gc,phases      ] GC(47) Marking Phase 2.259ms
[2026-03-23T15:49:32.837+0900][8.887s][info][gc,phases,start] GC(47) Summary Phase
[2026-03-23T15:49:32.837+0900][8.887s][info][gc,phases      ] GC(47) Summary Phase 0.026ms
[2026-03-23T15:49:32.837+0900][8.887s][info][gc,phases,start] GC(47) Adjust Roots
[2026-03-23T15:49:32.837+0900][8.887s][info][gc,phases      ] GC(47) Adjust Roots 0.158ms
[2026-03-23T15:49:32.837+0900][8.887s][info][gc,phases,start] GC(47) Compaction Phase
[2026-03-23T15:49:32.838+0900][8.887s][info][gc,phases      ] GC(47) Compaction Phase 0.723ms
[2026-03-23T15:49:32.838+0900][8.888s][info][gc,phases,start] GC(47) Post Compact
[2026-03-23T15:49:32.838+0900][8.888s][info][gc,phases      ] GC(47) Post Compact 0.162ms
[2026-03-23T15:49:32.838+0900][8.888s][info][gc,heap        ] GC(47) PSYoungGen: 85714K(101376K)->80905K(100864K) Eden: 85714K(86016K)->80905K(86016K) From: 0K(15360K)->0K(14848K)
[2026-03-23T15:49:32.838+0900][8.888s][info][gc,heap        ] GC(47) ParOldGen: 348887K(349696K)->348887K(349696K)
[2026-03-23T15:49:32.838+0900][8.888s][info][gc,metaspace   ] GC(47) Metaspace: 237K(448K)->237K(448K) NonClass: 222K(320K)->222K(320K) Class: 14K(128K)->14K(128K)
[2026-03-23T15:49:32.838+0900][8.888s][info][gc             ] GC(47) Pause Full (Ergonomics) 424M->419M(440M) 3.663ms
[2026-03-23T15:49:32.838+0900][8.888s][info][gc,cpu         ] GC(47) User=0.00s Sys=0.00s Real=0.00s
[2026-03-23T15:49:32.852+0900][8.901s][info][gc,start       ] GC(48) Pause Full (Ergonomics)
[2026-03-23T15:49:32.852+0900][8.901s][info][gc,phases,start] GC(48) Marking Phase
[2026-03-23T15:49:32.853+0900][8.903s][info][gc,phases      ] GC(48) Marking Phase 1.526ms
[2026-03-23T15:49:32.853+0900][8.903s][info][gc,phases,start] GC(48) Summary Phase
[2026-03-23T15:49:32.853+0900][8.903s][info][gc,phases      ] GC(48) Summary Phase 0.035ms
[2026-03-23T15:49:32.853+0900][8.903s][info][gc,phases,start] GC(48) Adjust Roots
[2026-03-23T15:49:32.853+0900][8.903s][info][gc,phases      ] GC(48) Adjust Roots 0.188ms
[2026-03-23T15:49:32.854+0900][8.903s][info][gc,phases,start] GC(48) Compaction Phase
[2026-03-23T15:49:32.854+0900][8.904s][info][gc,phases      ] GC(48) Compaction Phase 0.958ms
[2026-03-23T15:49:32.855+0900][8.904s][info][gc,phases,start] GC(48) Post Compact
[2026-03-23T15:49:32.855+0900][8.904s][info][gc,phases      ] GC(48) Post Compact 0.205ms
[2026-03-23T15:49:32.855+0900][8.904s][info][gc,heap        ] GC(48) PSYoungGen: 85687K(100864K)->82441K(101376K) Eden: 85687K(86016K)->82441K(86016K) From: 0K(14848K)->0K(15360K)
[2026-03-23T15:49:32.855+0900][8.904s][info][gc,heap        ] GC(48) ParOldGen: 348887K(349696K)->348887K(349696K)
[2026-03-23T15:49:32.855+0900][8.904s][info][gc,metaspace   ] GC(48) Metaspace: 237K(448K)->237K(448K) NonClass: 222K(320K)->222K(320K) Class: 14K(128K)->14K(128K)
[2026-03-23T15:49:32.855+0900][8.904s][info][gc             ] GC(48) Pause Full (Ergonomics) 424M->421M(440M) 3.274ms
[2026-03-23T15:49:32.855+0900][8.904s][info][gc,cpu         ] GC(48) User=0.01s Sys=0.00s Real=0.00s
[2026-03-23T15:49:32.867+0900][8.917s][info][gc,start       ] GC(49) Pause Full (Ergonomics)
[2026-03-23T15:49:32.867+0900][8.917s][info][gc,phases,start] GC(49) Marking Phase
[2026-03-23T15:49:32.869+0900][8.919s][info][gc,phases      ] GC(49) Marking Phase 1.946ms
[2026-03-23T15:49:32.869+0900][8.919s][info][gc,phases,start] GC(49) Summary Phase
[2026-03-23T15:49:32.870+0900][8.919s][info][gc,phases      ] GC(49) Summary Phase 0.042ms
[2026-03-23T15:49:32.870+0900][8.919s][info][gc,phases,start] GC(49) Adjust Roots
[2026-03-23T15:49:32.870+0900][8.919s][info][gc,phases      ] GC(49) Adjust Roots 0.244ms
[2026-03-23T15:49:32.870+0900][8.919s][info][gc,phases,start] GC(49) Compaction Phase
[2026-03-23T15:49:32.871+0900][8.920s][info][gc,phases      ] GC(49) Compaction Phase 0.850ms
[2026-03-23T15:49:32.871+0900][8.920s][info][gc,phases,start] GC(49) Post Compact
[2026-03-23T15:49:32.871+0900][8.920s][info][gc,phases      ] GC(49) Post Compact 0.169ms
[2026-03-23T15:49:32.871+0900][8.920s][info][gc,heap        ] GC(49) PSYoungGen: 85659K(101376K)->82441K(100864K) Eden: 85659K(86016K)->82441K(86016K) From: 0K(15360K)->0K(14848K)
[2026-03-23T15:49:32.871+0900][8.920s][info][gc,heap        ] GC(49) ParOldGen: 348887K(349696K)->348887K(349696K)
[2026-03-23T15:49:32.871+0900][8.920s][info][gc,metaspace   ] GC(49) Metaspace: 237K(448K)->237K(448K) NonClass: 222K(320K)->222K(320K) Class: 14K(128K)->14K(128K)
[2026-03-23T15:49:32.871+0900][8.920s][info][gc             ] GC(49) Pause Full (Ergonomics) 424M->421M(440M) 3.573ms
[2026-03-23T15:49:32.871+0900][8.920s][info][gc,cpu         ] GC(49) User=0.01s Sys=0.00s Real=0.01s
[2026-03-23T15:49:32.884+0900][8.933s][info][gc,start       ] GC(50) Pause Full (Ergonomics)
[2026-03-23T15:49:32.884+0900][8.933s][info][gc,phases,start] GC(50) Marking Phase
[2026-03-23T15:49:32.886+0900][8.936s][info][gc,phases      ] GC(50) Marking Phase 2.197ms
[2026-03-23T15:49:32.886+0900][8.936s][info][gc,phases,start] GC(50) Summary Phase
[2026-03-23T15:49:32.886+0900][8.936s][info][gc,phases      ] GC(50) Summary Phase 0.038ms
[2026-03-23T15:49:32.886+0900][8.936s][info][gc,phases,start] GC(50) Adjust Roots
[2026-03-23T15:49:32.887+0900][8.936s][info][gc,phases      ] GC(50) Adjust Roots 0.163ms
[2026-03-23T15:49:32.887+0900][8.936s][info][gc,phases,start] GC(50) Compaction Phase
[2026-03-23T15:49:32.887+0900][8.937s][info][gc,phases      ] GC(50) Compaction Phase 0.821ms
[2026-03-23T15:49:32.887+0900][8.937s][info][gc,phases,start] GC(50) Post Compact
[2026-03-23T15:49:32.888+0900][8.937s][info][gc,phases      ] GC(50) Post Compact 0.166ms
[2026-03-23T15:49:32.888+0900][8.937s][info][gc,heap        ] GC(50) PSYoungGen: 85629K(100864K)->82441K(101376K) Eden: 85629K(86016K)->82441K(86016K) From: 0K(14848K)->0K(15360K)
[2026-03-23T15:49:32.888+0900][8.937s][info][gc,heap        ] GC(50) ParOldGen: 348887K(349696K)->348887K(349696K)
[2026-03-23T15:49:32.888+0900][8.937s][info][gc,metaspace   ] GC(50) Metaspace: 237K(448K)->237K(448K) NonClass: 222K(320K)->222K(320K) Class: 14K(128K)->14K(128K)
[2026-03-23T15:49:32.888+0900][8.937s][info][gc             ] GC(50) Pause Full (Ergonomics) 424M->421M(440M) 3.720ms
[2026-03-23T15:49:32.888+0900][8.937s][info][gc,cpu         ] GC(50) User=0.01s Sys=0.01s Real=0.00s
[2026-03-23T15:49:32.893+0900][8.943s][info][gc,start       ] GC(51) Pause Full (Ergonomics)
[2026-03-23T15:49:32.893+0900][8.943s][info][gc,phases,start] GC(51) Marking Phase
[2026-03-23T15:49:32.894+0900][8.944s][info][gc,phases      ] GC(51) Marking Phase 0.992ms
[2026-03-23T15:49:32.894+0900][8.944s][info][gc,phases,start] GC(51) Summary Phase
[2026-03-23T15:49:32.894+0900][8.944s][info][gc,phases      ] GC(51) Summary Phase 0.030ms
[2026-03-23T15:49:32.894+0900][8.944s][info][gc,phases,start] GC(51) Adjust Roots
[2026-03-23T15:49:32.895+0900][8.944s][info][gc,phases      ] GC(51) Adjust Roots 0.140ms
[2026-03-23T15:49:32.895+0900][8.944s][info][gc,phases,start] GC(51) Compaction Phase
[2026-03-23T15:49:32.895+0900][8.945s][info][gc,phases      ] GC(51) Compaction Phase 0.702ms
[2026-03-23T15:49:32.895+0900][8.945s][info][gc,phases,start] GC(51) Post Compact
[2026-03-23T15:49:32.896+0900][8.945s][info][gc,phases      ] GC(51) Post Compact 0.161ms
[2026-03-23T15:49:32.896+0900][8.945s][info][gc,heap        ] GC(51) PSYoungGen: 85610K(101376K)->83977K(100864K) Eden: 85610K(86016K)->83977K(86016K) From: 0K(15360K)->0K(14848K)
[2026-03-23T15:49:32.896+0900][8.945s][info][gc,heap        ] GC(51) ParOldGen: 348887K(349696K)->348887K(349696K)
[2026-03-23T15:49:32.896+0900][8.945s][info][gc,metaspace   ] GC(51) Metaspace: 237K(448K)->237K(448K) NonClass: 222K(320K)->222K(320K) Class: 14K(128K)->14K(128K)
[2026-03-23T15:49:32.896+0900][8.945s][info][gc             ] GC(51) Pause Full (Ergonomics) 424M->422M(440M) 2.329ms
[2026-03-23T15:49:32.896+0900][8.945s][info][gc,cpu         ] GC(51) User=0.00s Sys=0.00s Real=0.00s
[2026-03-23T15:49:32.902+0900][8.952s][info][gc,start       ] GC(52) Pause Full (Ergonomics)
[2026-03-23T15:49:32.902+0900][8.952s][info][gc,phases,start] GC(52) Marking Phase
[2026-03-23T15:49:32.903+0900][8.953s][info][gc,phases      ] GC(52) Marking Phase 1.025ms
[2026-03-23T15:49:32.903+0900][8.953s][info][gc,phases,start] GC(52) Summary Phase
[2026-03-23T15:49:32.903+0900][8.953s][info][gc,phases      ] GC(52) Summary Phase 0.026ms
[2026-03-23T15:49:32.903+0900][8.953s][info][gc,phases,start] GC(52) Adjust Roots
[2026-03-23T15:49:32.904+0900][8.953s][info][gc,phases      ] GC(52) Adjust Roots 0.172ms
[2026-03-23T15:49:32.904+0900][8.953s][info][gc,phases,start] GC(52) Compaction Phase
[2026-03-23T15:49:32.904+0900][8.954s][info][gc,phases      ] GC(52) Compaction Phase 0.725ms
[2026-03-23T15:49:32.904+0900][8.954s][info][gc,phases,start] GC(52) Post Compact
[2026-03-23T15:49:32.905+0900][8.954s][info][gc,phases      ] GC(52) Post Compact 0.223ms
[2026-03-23T15:49:32.905+0900][8.954s][info][gc,heap        ] GC(52) PSYoungGen: 85598K(100864K)->83977K(101376K) Eden: 85598K(86016K)->83977K(86016K) From: 0K(14848K)->0K(15360K)
[2026-03-23T15:49:32.905+0900][8.954s][info][gc,heap        ] GC(52) ParOldGen: 348887K(349696K)->348887K(349696K)
[2026-03-23T15:49:32.905+0900][8.954s][info][gc,metaspace   ] GC(52) Metaspace: 237K(448K)->237K(448K) NonClass: 222K(320K)->222K(320K) Class: 14K(128K)->14K(128K)
[2026-03-23T15:49:32.905+0900][8.954s][info][gc             ] GC(52) Pause Full (Ergonomics) 424M->422M(440M) 2.526ms
[2026-03-23T15:49:32.905+0900][8.954s][info][gc,cpu         ] GC(52) User=0.01s Sys=0.00s Real=0.00s
[2026-03-23T15:49:32.911+0900][8.961s][info][gc,start       ] GC(53) Pause Full (Ergonomics)
[2026-03-23T15:49:32.911+0900][8.961s][info][gc,phases,start] GC(53) Marking Phase
[2026-03-23T15:49:32.913+0900][8.963s][info][gc,phases      ] GC(53) Marking Phase 1.821ms
[2026-03-23T15:49:32.913+0900][8.963s][info][gc,phases,start] GC(53) Summary Phase
[2026-03-23T15:49:32.913+0900][8.963s][info][gc,phases      ] GC(53) Summary Phase 0.041ms
[2026-03-23T15:49:32.913+0900][8.963s][info][gc,phases,start] GC(53) Adjust Roots
[2026-03-23T15:49:32.914+0900][8.963s][info][gc,phases      ] GC(53) Adjust Roots 0.491ms
[2026-03-23T15:49:32.914+0900][8.963s][info][gc,phases,start] GC(53) Compaction Phase
[2026-03-23T15:49:32.915+0900][8.964s][info][gc,phases      ] GC(53) Compaction Phase 0.803ms
[2026-03-23T15:49:32.915+0900][8.964s][info][gc,phases,start] GC(53) Post Compact
[2026-03-23T15:49:32.915+0900][8.964s][info][gc,phases      ] GC(53) Post Compact 0.194ms
[2026-03-23T15:49:32.915+0900][8.964s][info][gc,heap        ] GC(53) PSYoungGen: 85579K(101376K)->83977K(100864K) Eden: 85579K(86016K)->83977K(86016K) From: 0K(15360K)->0K(14848K)
[2026-03-23T15:49:32.915+0900][8.964s][info][gc,heap        ] GC(53) ParOldGen: 348887K(349696K)->348887K(349696K)
[2026-03-23T15:49:32.915+0900][8.964s][info][gc,metaspace   ] GC(53) Metaspace: 237K(448K)->237K(448K) NonClass: 222K(320K)->222K(320K) Class: 14K(128K)->14K(128K)
[2026-03-23T15:49:32.915+0900][8.964s][info][gc             ] GC(53) Pause Full (Ergonomics) 424M->422M(440M) 3.722ms
[2026-03-23T15:49:32.915+0900][8.964s][info][gc,cpu         ] GC(53) User=0.01s Sys=0.00s Real=0.00s
[2026-03-23T15:49:32.922+0900][8.971s][info][gc,start       ] GC(54) Pause Full (Ergonomics)
[2026-03-23T15:49:32.922+0900][8.971s][info][gc,phases,start] GC(54) Marking Phase
[2026-03-23T15:49:32.923+0900][8.973s][info][gc,phases      ] GC(54) Marking Phase 1.465ms
[2026-03-23T15:49:32.923+0900][8.973s][info][gc,phases,start] GC(54) Summary Phase
[2026-03-23T15:49:32.923+0900][8.973s][info][gc,phases      ] GC(54) Summary Phase 0.027ms
[2026-03-23T15:49:32.923+0900][8.973s][info][gc,phases,start] GC(54) Adjust Roots
[2026-03-23T15:49:32.923+0900][8.973s][info][gc,phases      ] GC(54) Adjust Roots 0.141ms
[2026-03-23T15:49:32.923+0900][8.973s][info][gc,phases,start] GC(54) Compaction Phase
[2026-03-23T15:49:32.924+0900][8.974s][info][gc,phases      ] GC(54) Compaction Phase 0.724ms
[2026-03-23T15:49:32.924+0900][8.974s][info][gc,phases,start] GC(54) Post Compact
[2026-03-23T15:49:32.924+0900][8.974s][info][gc,phases      ] GC(54) Post Compact 0.153ms
[2026-03-23T15:49:32.924+0900][8.974s][info][gc,heap        ] GC(54) PSYoungGen: 85567K(100864K)->83977K(101376K) Eden: 85567K(86016K)->83977K(86016K) From: 0K(14848K)->0K(15360K)
[2026-03-23T15:49:32.924+0900][8.974s][info][gc,heap        ] GC(54) ParOldGen: 348887K(349696K)->348887K(349696K)
[2026-03-23T15:49:32.924+0900][8.974s][info][gc,metaspace   ] GC(54) Metaspace: 237K(448K)->237K(448K) NonClass: 222K(320K)->222K(320K) Class: 14K(128K)->14K(128K)
[2026-03-23T15:49:32.924+0900][8.974s][info][gc             ] GC(54) Pause Full (Ergonomics) 424M->422M(440M) 2.810ms
[2026-03-23T15:49:32.924+0900][8.974s][info][gc,cpu         ] GC(54) User=0.00s Sys=0.00s Real=0.00s
[2026-03-23T15:49:32.931+0900][8.980s][info][gc,start       ] GC(55) Pause Full (Ergonomics)
[2026-03-23T15:49:32.931+0900][8.980s][info][gc,phases,start] GC(55) Marking Phase
[2026-03-23T15:49:32.933+0900][8.982s][info][gc,phases      ] GC(55) Marking Phase 1.868ms
[2026-03-23T15:49:32.933+0900][8.982s][info][gc,phases,start] GC(55) Summary Phase
[2026-03-23T15:49:32.933+0900][8.982s][info][gc,phases      ] GC(55) Summary Phase 0.038ms
[2026-03-23T15:49:32.933+0900][8.982s][info][gc,phases,start] GC(55) Adjust Roots
[2026-03-23T15:49:32.933+0900][8.983s][info][gc,phases      ] GC(55) Adjust Roots 0.154ms
[2026-03-23T15:49:32.933+0900][8.983s][info][gc,phases,start] GC(55) Compaction Phase
[2026-03-23T15:49:32.934+0900][8.983s][info][gc,phases      ] GC(55) Compaction Phase 0.718ms
[2026-03-23T15:49:32.934+0900][8.983s][info][gc,phases,start] GC(55) Post Compact
[2026-03-23T15:49:32.934+0900][8.984s][info][gc,phases      ] GC(55) Post Compact 0.232ms
[2026-03-23T15:49:32.934+0900][8.984s][info][gc,heap        ] GC(55) PSYoungGen: 85559K(101376K)->83977K(100864K) Eden: 85559K(86016K)->83977K(86016K) From: 0K(15360K)->0K(14848K)
[2026-03-23T15:49:32.934+0900][8.984s][info][gc,heap        ] GC(55) ParOldGen: 348887K(349696K)->348887K(349696K)
[2026-03-23T15:49:32.934+0900][8.984s][info][gc,metaspace   ] GC(55) Metaspace: 237K(448K)->237K(448K) NonClass: 222K(320K)->222K(320K) Class: 14K(128K)->14K(128K)
[2026-03-23T15:49:32.934+0900][8.984s][info][gc             ] GC(55) Pause Full (Ergonomics) 424M->422M(440M) 3.450ms
[2026-03-23T15:49:32.935+0900][8.984s][info][gc,cpu         ] GC(55) User=0.01s Sys=0.00s Real=0.00s
[2026-03-23T15:49:32.941+0900][8.991s][info][gc,start       ] GC(56) Pause Full (Ergonomics)
[2026-03-23T15:49:32.941+0900][8.991s][info][gc,phases,start] GC(56) Marking Phase
[2026-03-23T15:49:32.942+0900][8.992s][info][gc,phases      ] GC(56) Marking Phase 1.107ms
[2026-03-23T15:49:32.942+0900][8.992s][info][gc,phases,start] GC(56) Summary Phase
[2026-03-23T15:49:32.942+0900][8.992s][info][gc,phases      ] GC(56) Summary Phase 0.027ms
[2026-03-23T15:49:32.942+0900][8.992s][info][gc,phases,start] GC(56) Adjust Roots
[2026-03-23T15:49:32.943+0900][8.992s][info][gc,phases      ] GC(56) Adjust Roots 0.147ms
[2026-03-23T15:49:32.943+0900][8.992s][info][gc,phases,start] GC(56) Compaction Phase
[2026-03-23T15:49:32.943+0900][8.993s][info][gc,phases      ] GC(56) Compaction Phase 0.838ms
[2026-03-23T15:49:32.944+0900][8.993s][info][gc,phases,start] GC(56) Post Compact
[2026-03-23T15:49:32.944+0900][8.993s][info][gc,phases      ] GC(56) Post Compact 0.158ms
[2026-03-23T15:49:32.944+0900][8.993s][info][gc,heap        ] GC(56) PSYoungGen: 85554K(100864K)->83977K(101376K) Eden: 85554K(86016K)->83977K(86016K) From: 0K(14848K)->0K(15360K)
[2026-03-23T15:49:32.944+0900][8.993s][info][gc,heap        ] GC(56) ParOldGen: 348887K(349696K)->348887K(349696K)
[2026-03-23T15:49:32.944+0900][8.993s][info][gc,metaspace   ] GC(56) Metaspace: 237K(448K)->237K(448K) NonClass: 222K(320K)->222K(320K) Class: 14K(128K)->14K(128K)
[2026-03-23T15:49:32.944+0900][8.993s][info][gc             ] GC(56) Pause Full (Ergonomics) 424M->422M(440M) 2.566ms
[2026-03-23T15:49:32.944+0900][8.993s][info][gc,cpu         ] GC(56) User=0.00s Sys=0.00s Real=0.00s
[2026-03-23T15:49:32.944+0900][8.993s][info][gc,start       ] GC(57) Pause Full (Ergonomics)
[2026-03-23T15:49:32.944+0900][8.993s][info][gc,phases,start] GC(57) Marking Phase
[2026-03-23T15:49:32.945+0900][8.994s][info][gc,phases      ] GC(57) Marking Phase 1.033ms
[2026-03-23T15:49:32.945+0900][8.994s][info][gc,phases,start] GC(57) Summary Phase
[2026-03-23T15:49:32.945+0900][8.995s][info][gc,phases      ] GC(57) Summary Phase 0.028ms
[2026-03-23T15:49:32.945+0900][8.995s][info][gc,phases,start] GC(57) Adjust Roots
[2026-03-23T15:49:32.945+0900][8.995s][info][gc,phases      ] GC(57) Adjust Roots 0.123ms
[2026-03-23T15:49:32.945+0900][8.995s][info][gc,phases,start] GC(57) Compaction Phase
[2026-03-23T15:49:32.946+0900][8.995s][info][gc,phases      ] GC(57) Compaction Phase 0.650ms
[2026-03-23T15:49:32.946+0900][8.995s][info][gc,phases,start] GC(57) Post Compact
[2026-03-23T15:49:32.946+0900][8.996s][info][gc,phases      ] GC(57) Post Compact 0.229ms
[2026-03-23T15:49:32.946+0900][8.996s][info][gc,heap        ] GC(57) PSYoungGen: 85550K(101376K)->85513K(100864K) Eden: 85550K(86016K)->85513K(86016K) From: 0K(15360K)->0K(14848K)
[2026-03-23T15:49:32.946+0900][8.996s][info][gc,heap        ] GC(57) ParOldGen: 348887K(349696K)->348887K(349696K)
[2026-03-23T15:49:32.946+0900][8.996s][info][gc,metaspace   ] GC(57) Metaspace: 237K(448K)->237K(448K) NonClass: 222K(320K)->222K(320K) Class: 14K(128K)->14K(128K)
[2026-03-23T15:49:32.946+0900][8.996s][info][gc             ] GC(57) Pause Full (Ergonomics) 424M->424M(440M) 2.399ms
[2026-03-23T15:49:32.946+0900][8.996s][info][gc,cpu         ] GC(57) User=0.01s Sys=0.00s Real=0.00s
[2026-03-23T15:49:32.947+0900][8.996s][info][gc,start       ] GC(58) Pause Full (Ergonomics)
[2026-03-23T15:49:32.947+0900][8.997s][info][gc,phases,start] GC(58) Marking Phase
[2026-03-23T15:49:32.950+0900][9.000s][info][gc,phases      ] GC(58) Marking Phase 2.997ms
[2026-03-23T15:49:32.950+0900][9.000s][info][gc,phases,start] GC(58) Summary Phase
[2026-03-23T15:49:32.950+0900][9.000s][info][gc,phases      ] GC(58) Summary Phase 0.016ms
[2026-03-23T15:49:32.950+0900][9.000s][info][gc,phases,start] GC(58) Adjust Roots
[2026-03-23T15:49:32.950+0900][9.000s][info][gc,phases      ] GC(58) Adjust Roots 0.200ms
[2026-03-23T15:49:32.950+0900][9.000s][info][gc,phases,start] GC(58) Compaction Phase
[2026-03-23T15:49:32.951+0900][9.001s][info][gc,phases      ] GC(58) Compaction Phase 0.702ms
[2026-03-23T15:49:32.951+0900][9.001s][info][gc,phases,start] GC(58) Post Compact
[2026-03-23T15:49:32.951+0900][9.001s][info][gc,phases      ] GC(58) Post Compact 0.155ms
[2026-03-23T15:49:32.951+0900][9.001s][info][gc,heap        ] GC(58) PSYoungGen: 85548K(100864K)->85513K(101376K) Eden: 85548K(86016K)->85513K(86016K) From: 0K(14848K)->0K(15360K)
[2026-03-23T15:49:32.951+0900][9.001s][info][gc,heap        ] GC(58) ParOldGen: 349399K(349696K)->349399K(349696K)
[2026-03-23T15:49:32.951+0900][9.001s][info][gc,metaspace   ] GC(58) Metaspace: 237K(448K)->237K(448K) NonClass: 222K(320K)->222K(320K) Class: 14K(128K)->14K(128K)
[2026-03-23T15:49:32.951+0900][9.001s][info][gc             ] GC(58) Pause Full (Ergonomics) 424M->424M(440M) 4.315ms
[2026-03-23T15:49:32.951+0900][9.001s][info][gc,cpu         ] GC(58) User=0.02s Sys=0.01s Real=0.01s
[2026-03-23T15:49:32.951+0900][9.001s][info][gc,start       ] GC(59) Pause Full (Allocation Failure)
[2026-03-23T15:49:32.951+0900][9.001s][info][gc,phases,start] GC(59) Marking Phase
[2026-03-23T15:49:32.954+0900][9.003s][info][gc,phases      ] GC(59) Marking Phase 2.618ms
[2026-03-23T15:49:32.954+0900][9.003s][info][gc,phases,start] GC(59) Summary Phase
[2026-03-23T15:49:32.954+0900][9.003s][info][gc,phases      ] GC(59) Summary Phase 0.013ms
[2026-03-23T15:49:32.954+0900][9.003s][info][gc,phases,start] GC(59) Adjust Roots
[2026-03-23T15:49:32.954+0900][9.004s][info][gc,phases      ] GC(59) Adjust Roots 0.167ms
[2026-03-23T15:49:32.954+0900][9.004s][info][gc,phases,start] GC(59) Compaction Phase
[2026-03-23T15:49:32.959+0900][9.008s][info][gc,phases      ] GC(59) Compaction Phase 4.314ms
[2026-03-23T15:49:32.959+0900][9.008s][info][gc,phases,start] GC(59) Post Compact
[2026-03-23T15:49:32.959+0900][9.008s][info][gc,phases      ] GC(59) Post Compact 0.153ms
[2026-03-23T15:49:32.959+0900][9.008s][info][gc,heap        ] GC(59) PSYoungGen: 85513K(101376K)->85513K(100864K) Eden: 85513K(86016K)->85513K(86016K) From: 0K(15360K)->0K(14848K)
[2026-03-23T15:49:32.959+0900][9.008s][info][gc,heap        ] GC(59) ParOldGen: 349399K(349696K)->349393K(349696K)
[2026-03-23T15:49:32.959+0900][9.008s][info][gc,metaspace   ] GC(59) Metaspace: 237K(448K)->226K(448K) NonClass: 222K(320K)->214K(320K) Class: 14K(128K)->11K(128K)
[2026-03-23T15:49:32.959+0900][9.008s][info][gc             ] GC(59) Pause Full (Allocation Failure) 424M->424M(440M) 7.434ms
[2026-03-23T15:49:32.959+0900][9.008s][info][gc,cpu         ] GC(59) User=0.06s Sys=0.00s Real=0.00s
[2026-03-23T15:49:32.961+0900][9.010s][info][gc,heap,exit   ] Heap
[2026-03-23T15:49:32.961+0900][9.010s][info][gc,heap,exit   ]  PSYoungGen      total 100864K, used 86016K [0x000000034a580000, 0x0000000351800000, 0x0000000355000000)
[2026-03-23T15:49:32.961+0900][9.010s][info][gc,heap,exit   ]   eden space 86016K, 100% used [0x000000034a580000,0x000000034f980000,0x000000034f980000)
[2026-03-23T15:49:32.961+0900][9.010s][info][gc,heap,exit   ]   from space 14848K, 0% used [0x0000000350880000,0x0000000350880000,0x0000000351700000)
[2026-03-23T15:49:32.961+0900][9.010s][info][gc,heap,exit   ]   to   space 15360K, 0% used [0x000000034f980000,0x000000034f980000,0x0000000350880000)
[2026-03-23T15:49:32.961+0900][9.010s][info][gc,heap,exit   ]  ParOldGen       total 349696K, used 349393K [0x0000000335000000, 0x000000034a580000, 0x000000034a580000)
[2026-03-23T15:49:32.961+0900][9.010s][info][gc,heap,exit   ]   object space 349696K, 99% used [0x0000000335000000,0x000000034a534758,0x000000034a580000)
[2026-03-23T15:49:32.961+0900][9.010s][info][gc,heap,exit   ]  Metaspace       used 240K, committed 448K, reserved 1114112K
[2026-03-23T15:49:32.961+0900][9.010s][info][gc,heap,exit   ]   class space    used 12K, committed 128K, reserved 1048576K
